05-03 16:16:46.706683   774   774 I notification_cancel: [10022,1081,com.android.systemui,2131755032,low_battery,-1,0,64,8,NULL]
05-03 16:16:56.737285   774   774 I notification_cancel: [10022,1081,com.android.systemui,2131755032,low_battery,-1,0,64,8,NULL]
05-03 16:17:00.128372   774   808 I am_pss  : [774,1000,system,76251136,71671808]
05-03 16:17:00.176136   774   808 I am_pss  : [1081,10022,com.android.systemui,44517376,40370176]
05-03 16:17:00.207960   774   808 I am_pss  : [1602,1000,com.mediatek.nlpservice,2199552,1720320]
05-03 16:17:00.240338   774   808 I am_pss  : [1588,1001,com.mediatek.ims,2552832,2060288]
05-03 16:17:00.271713   774   808 I am_pss  : [1580,1001,com.mediatek.gba,1914880,1458176]
05-03 16:17:00.312479   774   808 I am_pss  : [1569,1001,com.android.phone,11498496,10194944]
05-03 16:17:06.736523   774   774 I notification_cancel: [10022,1081,com.android.systemui,2131755032,low_battery,-1,0,64,8,NULL]
05-03 16:17:16.715529   774   774 I notification_cancel: [10022,1081,com.android.systemui,2131755032,low_battery,-1,0,64,8,NULL]
05-03 16:17:26.732246   774   774 I notification_cancel: [10022,1081,com.android.systemui,2131755032,low_battery,-1,0,64,8,NULL]
05-03 16:17:36.722210   774   774 I notification_cancel: [10022,1081,com.android.systemui,2131755032,low_battery,-1,0,64,8,NULL]
05-03 16:17:46.732285   774   774 I notification_cancel: [10022,1081,com.android.systemui,2131755032,low_battery,-1,0,64,8,NULL]
05-03 16:17:56.725498   774   774 I notification_cancel: [10022,1081,com.android.systemui,2131755032,low_battery,-1,0,64,8,NULL]
05-03 16:18:06.732476   774   774 I notification_cancel: [10022,1081,com.android.systemui,2131755032,low_battery,-1,0,64,8,NULL]
05-03 16:18:16.722155   774   774 I notification_cancel: [10022,1081,com.android.systemui,2131755032,low_battery,-1,0,64,8,NULL]
05-03 16:18:36.737096   774   774 I notification_cancel: [10022,1081,com.android.systemui,2131755032,low_battery,-1,0,64,8,NULL]
05-03 16:18:56.736118   774   774 I notification_cancel: [10022,1081,com.android.systemui,2131755032,low_battery,-1,0,64,8,NULL]
05-03 16:19:26.732067   774   774 I notification_cancel: [10022,1081,com.android.systemui,2131755032,low_battery,-1,0,64,8,NULL]
05-03 16:19:56.741981   774   774 I notification_cancel: [10022,1081,com.android.systemui,2131755032,low_battery,-1,0,64,8,NULL]
05-03 16:20:26.725600   774   774 I notification_cancel: [10022,1081,com.android.systemui,2131755032,low_battery,-1,0,64,8,NULL]
05-03 16:21:06.735505   774   774 I notification_cancel: [10022,1081,com.android.systemui,2131755032,low_battery,-1,0,64,8,NULL]
05-03 16:21:19.096524   774   810 I am_proc_start: [0,16451,10052,com.mediatek.mtklogger,broadcast,com.mediatek.mtklogger/.framework.LogReceiver]
05-03 16:21:19.195731   774  7928 I am_proc_bound: [0,16451,com.mediatek.mtklogger]
05-03 16:21:19.687010   774  1663 I battery_status: [2,2,1,0,Li-ion]
05-03 16:21:19.691746   774 13786 I battery_status: [4,2,1,0,Li-ion]
05-03 16:21:19.708052   774   774 I notification_cancel: [10022,1081,com.android.systemui,2131755032,low_battery,-1,0,64,8,NULL]
05-03 16:21:19.718139   774   774 I power_screen_state: [1,0,0,0]
05-03 16:21:19.718270   774   774 I screen_toggled: 1
05-03 16:21:19.718822   774   774 I power_screen_broadcast_send: 1
05-03 16:21:19.721854  1081  1081 I sysui_histogram: [note_load,3]
05-03 16:21:19.722662   774  1171 I notification_panel_revealed: 3
05-03 16:21:19.724880   774   805 I notification_visibility: [0|com.mediatek.security|1200|null|1000,1,455390231,455390231,0,0]
05-03 16:21:19.725032   774   805 I notification_visibility: [-1|android|17040353|null|1000,1,576726,576726,0,1]
05-03 16:21:19.730546   774   774 I notification_cancel: [10022,1081,com.android.systemui,2131755032,low_battery,-1,0,64,8,NULL]
05-03 16:21:20.000000  1036  1036 I auditd  : type=1400 audit(0.0:2636): avc: denied { open } for comm="PhotonicModulat" path="/sys/devices/platform/leds-mt65xx/leds/lcd-backlight/brightness" dev="sysfs" ino=11474 scontext=u:r:system_server:s0 tcontext=u:object_r:sys_lcd_brightness_file:s0 tclass=file permissive=1
05-03 16:21:20.019218   230   230 I sf_frame_dur: [ColorFade,13,8,0,1,0,0,0]
05-03 16:21:20.032651   774   805 I am_proc_start: [0,16473,1000,com.fw.upgrade.sysoper,broadcast,com.fw.upgrade.sysoper/com.adups.fota.sysoper.TaskReceiver]
05-03 16:21:20.222919   774   805 I am_proc_died: [0,15954,com.android.settings]
05-03 16:21:20.236305   774   793 I am_proc_bound: [0,16473,com.fw.upgrade.sysoper]
05-03 16:21:20.337202   774   774 I power_screen_broadcast_done: [1,618,1]
05-03 16:21:20.462823   774   805 I am_proc_died: [0,16473,com.fw.upgrade.sysoper]
05-03 16:21:20.677699   774   774 I notification_cancel: [1000,774,android,17040348,NULL,-1,0,0,8,NULL]
05-03 16:21:20.678849   774   774 I notification_canceled: [-1|android|17040348|null|1000,8,556485,556485,0]
05-03 16:21:20.679229   774   774 I notification_cancel: [1000,774,android,17040353,NULL,-1,0,0,8,NULL]
05-03 16:21:20.679927   774   774 I notification_canceled: [-1|android|17040353|null|1000,8,577680,577680,954]
05-03 16:21:21.078968   774   808 I am_meminfo: [106786816,41418752,41963520,310018048,54612992]
05-03 16:21:21.117308   774   808 I am_pss  : [6003,10076,com.qihoo.appstore,55611392,47910912]
05-03 16:21:21.151034   774   808 I am_pss  : [6024,10076,com.qihoo.daemon,15946752,9781248]
05-03 16:21:21.195538   774   808 I am_pss  : [1615,10014,com.android.launcher3,47793152,42870784]
05-03 16:21:21.226439   774   808 I am_pss  : [13828,10007,android.process.media,7917568,5599232]
05-03 16:21:21.251847   774   808 I am_pss  : [15924,10078,com.tencent.android.qqdownloader:connect,10585088,4730880]
05-03 16:21:21.278846   774   808 I am_pss  : [16451,10052,com.mediatek.mtklogger,3757056,2392064]
05-03 16:21:21.309475   774   808 I am_pss  : [1684,10010,com.google.process.gapps,9425920,7835648]
05-03 16:21:21.358762   774   808 I am_pss  : [14907,10078,com.tencent.android.qqdownloader,29489152,20996096]
05-03 16:21:21.386984   774   808 I am_pss  : [13234,10016,com.android.mms,6358016,4415488]
05-03 16:21:21.411075   774   808 I am_pss  : [14999,10078,com.tencent.android.qqdownloader:getapkinfo,8361984,3506176]
05-03 16:21:21.441492   774   808 I am_pss  : [16302,10010,com.google.android.gms,16610304,11309056]
05-03 16:21:21.474552   774   808 I am_pss  : [1560,10010,com.google.android.gms.persistent,12877824,10715136]
05-03 16:21:21.501076   774   808 I am_pss  : [16360,10034,com.android.deskclock,5006336,3579904]
05-03 16:21:21.529144   774   808 I am_pss  : [16325,10010,com.google.android.gms.wearable,8005632,3915776]
05-03 16:21:21.555831   774   808 I am_pss  : [15903,10005,com.android.defcontainer,3737600,2072576]
05-03 16:21:21.584447   774   808 I am_pss  : [15826,10003,android.process.acore,11384832,8736768]
05-03 16:21:21.612487   774   808 I am_pss  : [1544,10048,com.android.inputmethod.latin,4709376,3567616]
05-03 16:21:21.638262   774   808 I am_pss  : [2636,10070,org.simalliance.openmobileapi.eseterminal,2078720,1581056]
05-03 16:21:21.665483   774   808 I am_pss  : [2630,10068,org.simalliance.openmobileapi.uicc2terminal,2071552,1564672]
05-03 16:21:21.692575   774   808 I am_pss  : [2625,10067,org.simalliance.openmobileapi.uicc1terminal,2121728,1617920]
05-03 16:21:21.719590   774   808 I am_pss  : [13101,10065,org.simalliance.openmobileapi.service:remote,3146752,1683456]
05-03 16:21:21.746624   774   808 I am_pss  : [1602,1000,com.mediatek.nlpservice,2210816,1728512]
05-03 16:21:21.773834   774   808 I am_pss  : [1588,1001,com.mediatek.ims,2643968,2142208]
05-03 16:21:21.799459   774   808 I am_pss  : [1580,1001,com.mediatek.gba,1916928,1458176]
05-03 16:21:21.834290   774   808 I am_pss  : [1569,1001,com.android.phone,11883520,10551296]
05-03 16:21:21.874773   774   808 I am_pss  : [1081,10022,com.android.systemui,50013184,45365248]
05-03 16:21:21.956838   774   808 I am_pss  : [774,1000,system,63237120,58865664]
05-03 16:21:26.437934   774  1010 I netstats_mobile_sample: [0,0,0,0,0,0,0,0,0,0,0,0,-1]
05-03 16:21:26.438058   774  1010 I netstats_wifi_sample: [0,0,0,0,0,0,0,0,0,0,0,0,-1]
05-03 16:21:29.306404  1081  1081 I sysui_lockscreen_gesture: [1,99,2129]
05-03 16:21:29.333971   774  1631 I am_proc_died: [0,16451,com.mediatek.mtklogger]
05-03 16:21:29.537741   774 13787 I notification_visibility: [0|com.mediatek.security|1200|null|1000,0,455400044,455400044,0,0]
05-03 16:21:29.538345   774   793 I notification_panel_hidden: []
05-03 16:21:29.543095  1081  1081 I screen_toggled: 2
05-03 16:21:29.547641  1081  1081 I screen_toggled: 2
05-03 16:21:29.558601   774  1631 I am_resume_activity: [0,76686946,48,com.qihoo.appstore/.home.MainActivity]
05-03 16:21:29.653197   774  1613 I notification_expansion: [0|com.mediatek.security|1200|null|1000,0,1,455400160,455400160,9929]
05-03 16:21:29.659862  1081  1081 I sysui_status_bar_state: [0,0,0,0,0,1]
05-03 16:21:29.717897  6003  6003 I am_on_resume_called: [0,com.qihoo.appstore.home.MainActivity]
05-03 16:21:29.820220   774   774 I notification_cancel: [10022,1081,com.android.systemui,2131755032,low_battery,-1,0,64,8,NULL]
05-03 16:21:38.625286   774   824 I am_focused_activity: [0,com.qihoo.appstore/.home.MainActivity]
05-03 16:21:39.746328   774   774 I notification_cancel: [10022,1081,com.android.systemui,2131755032,low_battery,-1,0,64,8,NULL]
05-03 16:21:41.962517   774   984 I am_home_stack_moved: [0,1,0,0,bringingFoundTaskToFront setFocusedActivity]
05-03 16:21:41.962668   774   984 I wm_task_moved: [16,1,1]
05-03 16:21:41.986134   774   984 I am_focused_activity: [0,com.android.launcher3/.Launcher]
05-03 16:21:42.024373   774   984 I am_pause_activity: [0,76686946,com.qihoo.appstore/.home.MainActivity]
05-03 16:21:42.087970   774   984 I configuration_changed: 1152
05-03 16:21:42.119776   774   984 I am_relaunch_resume_activity: [0,64363096,16,com.android.launcher3/.Launcher]
05-03 16:21:42.154108   774   984 I am_task_to_front: [0,16]
05-03 16:21:42.154436   774   984 I am_new_intent: [0,191734614,16,com.android.launcher3/.Launcher,android.intent.action.MAIN,NULL,NULL,274726912]
05-03 16:21:42.171750   774  7928 I battery_status: [2,2,1,2,Li-ion]
05-03 16:21:42.222400  6003  6003 I am_on_paused_called: [0,com.qihoo.appstore.home.MainActivity]
05-03 16:21:42.358913   230   230 I sf_frame_dur: [com.android.launcher3/com.android.launcher3.Launcher,32,7,3,1,0,0,3]
05-03 16:21:42.360592   774   808 I am_pss  : [1615,10014,com.android.launcher3,48761856,43489280]
05-03 16:21:42.443440   774   808 I am_pss  : [13234,10016,com.android.mms,6470656,4435968]
05-03 16:21:42.454243   230   230 I sf_frame_dur: [com.qihoo.appstore/com.qihoo.appstore.home.MainActivity,79,84,704,8,7,0,2]
05-03 16:21:42.521037   774   808 I am_pss  : [1560,10010,com.google.android.gms.persistent,12967936,10756096]
05-03 16:21:42.561277   774   808 I am_pss  : [1684,10010,com.google.process.gapps,9470976,7839744]
05-03 16:21:42.594469   774   808 I am_pss  : [15924,10078,com.tencent.android.qqdownloader:connect,10621952,4759552]
05-03 16:21:42.650390   774   810 I am_proc_start: [0,16523,10056,com.android.quicksearchbox,broadcast,com.android.quicksearchbox/.SearchWidgetProvider]
05-03 16:21:42.679923   774   774 I notification_enqueue: [1000,774,android,17040347,NULL,-1,Notification(pri=-2 contentView=null vibrate=null sound=null tick defaults=0x0 flags=0x2 color=0xff607d8b vis=PUBLIC),0]
05-03 16:21:42.683141   774   774 I notification_enqueue: [1000,774,android,17040353,NULL,-1,Notification(pri=-1 contentView=null vibrate=null sound=null tick defaults=0x0 flags=0x2 color=0xff607d8b vis=PUBLIC),0]
05-03 16:21:42.739036   774   810 I am_proc_start: [0,16530,10052,com.mediatek.mtklogger,broadcast,com.mediatek.mtklogger/.framework.LogReceiver]
05-03 16:21:42.743941   774   808 I am_pss  : [14907,10078,com.tencent.android.qqdownloader,29362176,20910080]
05-03 16:21:42.782974   774   808 I am_pss  : [14999,10078,com.tencent.android.qqdownloader:getapkinfo,8373248,3538944]
05-03 16:21:42.804108   774  7928 I am_proc_died: [0,15826,android.process.acore]
05-03 16:21:42.805409   774   774 I notification_cancel: [10022,1081,com.android.systemui,2131755032,low_battery,-1,0,64,8,NULL]
05-03 16:21:42.826363   774  1171 I am_proc_bound: [0,16523,com.android.quicksearchbox]
05-03 16:21:42.834342  1615  1615 I am_on_resume_called: [0,com.android.launcher3.Launcher]
05-03 16:21:42.870592   774  1663 I am_proc_start: [0,16544,10003,android.process.acore,content provider,com.android.providers.contacts/.ContactsProvider2]
05-03 16:21:42.871781   774   808 I am_pss  : [1544,10048,com.android.inputmethod.latin,4772864,3571712]
05-03 16:21:42.907199   774   808 I am_pss  : [2636,10070,org.simalliance.openmobileapi.eseterminal,2087936,1593344]
05-03 16:21:42.954802   774  1664 I am_proc_bound: [0,16530,com.mediatek.mtklogger]
05-03 16:21:42.983598   774   808 I am_pss  : [2630,10068,org.simalliance.openmobileapi.uicc2terminal,2075648,1572864]
05-03 16:21:43.002140   774   805 I am_proc_bound: [0,16544,android.process.acore]
05-03 16:21:43.064764   774   808 I am_pss  : [2625,10067,org.simalliance.openmobileapi.uicc1terminal,2116608,1626112]
05-03 16:21:43.138177   774   808 I am_pss  : [13101,10065,org.simalliance.openmobileapi.service:remote,3140608,1691648]
05-03 16:21:43.196788   774  1070 I am_proc_died: [0,16325,com.google.android.gms.wearable]
05-03 16:21:44.449940   774   774 I notification_cancel: [10022,1081,com.android.systemui,2131755032,low_battery,-1,0,64,8,NULL]
05-03 16:21:46.556366   774   811 I configuration_changed: 1152
05-03 16:21:46.597614   774   811 I am_relaunch_resume_activity: [0,64363096,16,com.android.launcher3/.Launcher]
05-03 16:21:46.599355  1615  1615 I am_on_paused_called: [0,com.android.launcher3.Launcher]
05-03 16:21:46.665623   230   230 I sf_frame_dur: [com.android.launcher3/com.android.launcher3.Launcher,4,2,1,0,0,0,0]
05-03 16:21:46.841896  1615  1615 I am_on_resume_called: [0,com.android.launcher3.Launcher]
05-03 16:21:46.940376   774   810 I am_home_stack_moved: [0,0,1,1,startingNewTask]
05-03 16:21:46.944099   774   810 I wm_task_moved: [48,1,1]
05-03 16:21:46.947922   774   810 I am_create_task: [0,49]
05-03 16:21:46.948043   774   810 I am_create_activity: [0,61268343,49,com.tencent.android.qqdownloader/com.qq.AppService.StartApp,NULL,NULL,NULL,276824064]
05-03 16:21:46.948277   774   810 I wm_task_created: [49,1]
05-03 16:21:46.948360   774   810 I wm_task_moved: [49,1,2]
05-03 16:21:46.948592   774   810 I am_pause_activity: [0,64363096,com.android.launcher3/.Launcher]
05-03 16:21:46.950318   774   810 I am_home_stack_moved: [0,0,1,1,startedActivity setFocusedActivity]
05-03 16:21:46.950403   774   810 I wm_task_moved: [49,1,2]
05-03 16:21:46.973730   774   810 I am_focused_activity: [0,com.tencent.android.qqdownloader/com.qq.AppService.StartApp]
05-03 16:21:46.981077  1615  1615 I am_on_paused_called: [0,com.android.launcher3.Launcher]
05-03 16:21:46.987576   774  1663 I am_restart_activity: [0,61268343,49,com.tencent.android.qqdownloader/com.qq.AppService.StartApp]
05-03 16:21:47.003912   774  7928 I am_proc_died: [0,15903,com.android.defcontainer]
05-03 16:21:47.026481   774  1613 I am_finish_activity: [0,61268343,49,com.tencent.android.qqdownloader/com.qq.AppService.StartApp,app-request]
05-03 16:21:47.027210   774  1613 I am_home_stack_moved: [0,1,0,0,finishActivity adjustFocus setFocusedActivity]
05-03 16:21:47.027329   774  1613 I wm_task_moved: [16,1,1]
05-03 16:21:47.032316   774  1613 I am_focused_activity: [0,com.android.launcher3/.Launcher]
05-03 16:21:47.032497   774  1613 I am_pause_activity: [0,61268343,com.tencent.android.qqdownloader/com.qq.AppService.StartApp]
05-03 16:21:47.070498   230   230 I sf_frame_dur: [com.android.launcher3/com.android.launcher3.Launcher,0,1,1,0,0,0,0]
05-03 16:21:47.282333   774  1070 I am_resume_activity: [0,64363096,16,com.android.launcher3/.Launcher]
05-03 16:21:47.351378  1615  1615 I am_on_resume_called: [0,com.android.launcher3.Launcher]
05-03 16:21:47.396598   774  1171 I am_destroy_activity: [0,61268343,49,com.tencent.android.qqdownloader/com.qq.AppService.StartApp,finish-idle]
05-03 16:21:47.406348   774  1171 I wm_task_removed: [49,removeAppToken: last token]
05-03 16:21:47.406588   774  1171 I wm_task_removed: [49,removeTask]
05-03 16:21:49.406332  1081  1081 I sysui_panelholder_touch: [0,232,0]
05-03 16:21:49.407448  1081  1081 I sysui_count: [panel_open,1]
05-03 16:21:49.416386  1081  1081 I sysui_histogram: [note_load,3]
05-03 16:21:49.417276   774  1734 I notification_panel_revealed: 3
05-03 16:21:49.420553   774   794 I notification_visibility: [0|com.mediatek.security|1200|null|1000,1,455419927,455419927,0,0]
05-03 16:21:49.920668   774   793 I notification_visibility: [-1|android|17040353|null|1000,1,7237,7237,0,1]
05-03 16:21:49.920795   774   793 I notification_visibility: [-1|android|17040347|null|1000,1,7241,7241,0,2]
05-03 16:21:50.525822   774  1664 I notification_visibility: [0|com.mediatek.security|1200|null|1000,0,455421032,455421032,0,0]
05-03 16:21:50.526020   774  1664 I notification_visibility: [-1|android|17040353|null|1000,0,7842,7842,0,1]
05-03 16:21:50.526129   774  1664 I notification_visibility: [-1|android|17040347|null|1000,0,7847,7847,0,2]
05-03 16:21:50.528006   774  1171 I notification_panel_hidden: []
05-03 16:21:50.537853   774   793 I am_home_stack_moved: [0,0,1,1,startingNewTask]
05-03 16:21:50.539923   774   793 I wm_task_moved: [48,1,1]
05-03 16:21:50.545650   774   793 I am_create_task: [0,50]
05-03 16:21:50.545750   774   793 I am_create_activity: [0,197002716,50,com.android.settings/.deviceinfo.UsbModeChooserActivity,android.intent.action.MAIN,NULL,NULL,276856832]
05-03 16:21:50.546086   774   793 I wm_task_created: [50,1]
05-03 16:21:50.546326   774   793 I wm_task_moved: [50,1,2]
05-03 16:21:50.546666   774   793 I am_pause_activity: [0,64363096,com.android.launcher3/.Launcher]
05-03 16:21:50.551147   774   793 I am_home_stack_moved: [0,0,1,1,startedActivity setFocusedActivity]
05-03 16:21:50.551316   774   793 I wm_task_moved: [50,1,2]
05-03 16:21:50.556969  1615  1615 I am_on_paused_called: [0,com.android.launcher3.Launcher]
05-03 16:21:50.559301   774   793 I am_focused_activity: [0,com.android.settings/.deviceinfo.UsbModeChooserActivity]
05-03 16:21:50.563989   774 13787 I notification_clicked: [-1|android|17040347|null|1000,7884,7884,643]
05-03 16:21:50.564487   774   774 I notification_cancel: [10022,1081,android,17040347,NULL,-1,16,64,1,NULL]
05-03 16:21:50.564663   774   774 I sysui_histogram: [note_click_longevity,0]
05-03 16:21:50.598419   774  1663 I am_proc_start: [0,16617,1000,com.android.settings,activity,com.android.settings/.deviceinfo.UsbModeChooserActivity]
05-03 16:21:50.730361   774   805 I am_proc_bound: [0,16617,com.android.settings]
05-03 16:21:50.735045   774   805 I am_restart_activity: [0,197002716,50,com.android.settings/.deviceinfo.UsbModeChooserActivity]
05-03 16:21:50.954971 16617 16617 I am_on_resume_called: [0,com.android.settings.deviceinfo.UsbModeChooserActivity]
05-03 16:21:51.160661   774   824 I am_activity_launch_time: [0,197002716,com.android.settings/.deviceinfo.UsbModeChooserActivity,600,4178]
05-03 16:21:51.206368   774   808 I am_pss  : [16360,10034,com.android.deskclock,4722688,2920448]
05-03 16:21:51.210000  1803  1803 I auditd  : type=1400 audit(0.0:2637): avc: denied { read } for comm="GpuAppSpectator" name="cmdline" dev="proc" ino=98442 scontext=u:r:gas_srv:s0 tcontext=u:r:system_app:s0 tclass=file permissive=1
05-03 16:21:51.210000  1803  1803 I auditd  : type=1400 audit(0.0:2638): avc: denied { open } for comm="GpuAppSpectator" path="/proc/16617/cmdline" dev="proc" ino=98442 scontext=u:r:gas_srv:s0 tcontext=u:r:system_app:s0 tclass=file permissive=1
05-03 16:21:51.210000  1803  1803 I auditd  : type=1400 audit(0.0:2639): avc: denied { getattr } for comm="GpuAppSpectator" path="/proc/16617/cmdline" dev="proc" ino=98442 scontext=u:r:gas_srv:s0 tcontext=u:r:system_app:s0 tclass=file permissive=1
05-03 16:21:52.917146   774   824 I am_focused_activity: [0,com.android.settings/.deviceinfo.UsbModeChooserActivity]
05-03 16:21:52.953233   774 13787 I am_finish_activity: [0,197002716,50,com.android.settings/.deviceinfo.UsbModeChooserActivity,app-request]
05-03 16:21:52.953845   774 13787 I am_home_stack_moved: [0,1,0,0,finishActivity adjustFocus setFocusedActivity]
05-03 16:21:52.954027   774 13787 I wm_task_moved: [16,1,1]
05-03 16:21:52.958398   774 13787 I am_focused_activity: [0,com.android.launcher3/.Launcher]
05-03 16:21:53.000601   774 13787 I am_pause_activity: [0,197002716,com.android.settings/.deviceinfo.UsbModeChooserActivity]
05-03 16:21:53.013328 16617 16617 I am_on_paused_called: [0,com.android.settings.deviceinfo.UsbModeChooserActivity]
05-03 16:21:53.018229   774  7928 I am_resume_activity: [0,64363096,16,com.android.launcher3/.Launcher]
05-03 16:21:53.021082  1615  1615 I am_on_resume_called: [0,com.android.launcher3.Launcher]
05-03 16:21:53.050266   774   794 I am_destroy_activity: [0,197002716,50,com.android.settings/.deviceinfo.UsbModeChooserActivity,finish-imm]
05-03 16:21:53.102681   774 13787 I am_proc_died: [0,16530,com.mediatek.mtklogger]
05-03 16:21:53.151415   230   230 I sf_frame_dur: [com.android.settings/com.android.settings.deviceinfo.UsbModeChooserActivity,14,2,0,1,0,0,1]
05-03 16:21:53.251339   774   824 I wm_task_removed: [50,removeAppToken: last token]
05-03 16:21:53.251444   774   824 I wm_task_removed: [50,removeTask]
05-03 16:21:53.612791   774   774 I notification_cancel: [1000,774,android,17040347,NULL,-1,0,0,8,NULL]
05-03 16:21:53.613300   774   774 I notification_canceled: [-1|android|17040347|null|1000,8,10934,10934,3693]
05-03 16:21:53.614733   774   774 I notification_enqueue: [1000,774,android,17040348,NULL,-1,Notification(pri=-2 contentView=null vibrate=null sound=null tick defaults=0x0 flags=0x2 color=0xff607d8b vis=PUBLIC),0]
05-03 16:21:53.646646   774   810 I am_proc_start: [0,16659,10052,com.mediatek.mtklogger,broadcast,com.mediatek.mtklogger/.framework.LogReceiver]
05-03 16:21:53.663236   774   774 I notification_cancel: [10078,15924,com.tencent.android.qqdownloader,12345,NULL,0,0,64,8,NULL]
05-03 16:21:53.763155   774 13786 I am_proc_bound: [0,16659,com.mediatek.mtklogger]
05-03 16:21:54.198844   774   774 I notification_cancel: [10022,1081,com.android.systemui,2131755032,low_battery,-1,0,64,8,NULL]
05-03 16:21:55.354903   774   774 I notification_cancel: [10022,1081,com.android.systemui,2131755032,low_battery,-1,0,64,8,NULL]
05-03 16:21:59.208463  1081  1081 I sysui_panelholder_touch: [0,184,0]
05-03 16:21:59.209388  1081  1081 I sysui_count: [panel_open,1]
05-03 16:21:59.212274  1081  1081 I sysui_histogram: [note_load,3]
05-03 16:21:59.212796   774  1663 I notification_panel_revealed: 3
05-03 16:21:59.214823   774 13787 I notification_visibility: [0|com.mediatek.security|1200|null|1000,1,455429721,455429721,0,0]
05-03 16:21:59.838819   774   793 I notification_visibility: [-1|android|17040348|null|1000,1,6224,6224,0,2]
05-03 16:21:59.839015   774   793 I notification_visibility: [-1|android|17040353|null|1000,1,17155,17155,0,1]
05-03 16:22:00.588093   774 13786 I notification_visibility: [0|com.mediatek.security|1200|null|1000,0,455431095,455431095,0,0]
05-03 16:22:00.588242   774 13786 I notification_visibility: [-1|android|17040348|null|1000,0,6974,6974,0,2]
05-03 16:22:00.588460   774 13786 I notification_visibility: [-1|android|17040353|null|1000,0,17905,17905,0,1]
05-03 16:22:00.588836   774  1734 I am_home_stack_moved: [0,0,1,1,startingNewTask]
05-03 16:22:00.588949   774  1734 I wm_task_moved: [48,1,1]
05-03 16:22:00.589862   774  1613 I notification_panel_hidden: []
05-03 16:22:00.591843   774  1734 I am_create_task: [0,51]
05-03 16:22:00.591957   774  1734 I am_create_activity: [0,564426,51,com.android.settings/.deviceinfo.UsbModeChooserActivity,android.intent.action.MAIN,NULL,NULL,276856832]
05-03 16:22:00.592222   774  1734 I wm_task_created: [51,1]
05-03 16:22:00.592319   774  1734 I wm_task_moved: [51,1,2]
05-03 16:22:00.592585   774  1734 I am_pause_activity: [0,64363096,com.android.launcher3/.Launcher]
05-03 16:22:00.593527  1615  1615 I am_on_paused_called: [0,com.android.launcher3.Launcher]
05-03 16:22:00.594615   774  1734 I am_home_stack_moved: [0,0,1,1,startedActivity setFocusedActivity]
05-03 16:22:00.594709   774  1734 I wm_task_moved: [51,1,2]
05-03 16:22:00.599418   774  1734 I am_focused_activity: [0,com.android.settings/.deviceinfo.UsbModeChooserActivity]
05-03 16:22:00.602166   774   805 I notification_clicked: [-1|android|17040348|null|1000,6988,6988,764]
05-03 16:22:00.602682   774   774 I notification_cancel: [10022,1081,android,17040348,NULL,-1,16,64,1,NULL]
05-03 16:22:00.602791   774   774 I sysui_histogram: [note_click_longevity,0]
05-03 16:22:00.610361   774  1664 I am_restart_activity: [0,564426,51,com.android.settings/.deviceinfo.UsbModeChooserActivity]
05-03 16:22:00.689557 16617 16617 I am_on_resume_called: [0,com.android.settings.deviceinfo.UsbModeChooserActivity]
05-03 16:22:00.865215   774   824 I am_activity_launch_time: [0,564426,com.android.settings/.deviceinfo.UsbModeChooserActivity,261,261]
05-03 16:22:01.220000  1803  1803 I auditd  : type=1400 audit(0.0:2640): avc: denied { read } for comm="GpuAppSpectator" name="cmdline" dev="proc" ino=98442 scontext=u:r:gas_srv:s0 tcontext=u:r:system_app:s0 tclass=file permissive=1
05-03 16:22:01.230000  1803  1803 I auditd  : type=1400 audit(0.0:2641): avc: denied { open } for comm="GpuAppSpectator" path="/proc/16617/cmdline" dev="proc" ino=98442 scontext=u:r:gas_srv:s0 tcontext=u:r:system_app:s0 tclass=file permissive=1
05-03 16:22:01.230000  1803  1803 I auditd  : type=1400 audit(0.0:2642): avc: denied { getattr } for comm="GpuAppSpectator" path="/proc/16617/cmdline" dev="proc" ino=98442 scontext=u:r:gas_srv:s0 tcontext=u:r:system_app:s0 tclass=file permissive=1
05-03 16:22:03.877664   774   805 I am_proc_died: [0,16659,com.mediatek.mtklogger]
05-03 16:22:03.929638   774   808 I am_pss  : [6003,10076,com.qihoo.appstore,37762048,30162944]
05-03 16:22:03.962272   774   808 I am_pss  : [6024,10076,com.qihoo.daemon,14701568,8642560]
05-03 16:22:05.359087   774   774 I notification_cancel: [10022,1081,com.android.systemui,2131755032,low_battery,-1,0,64,8,NULL]
05-03 16:22:14.168540   774   824 I am_focused_activity: [0,com.android.settings/.deviceinfo.UsbModeChooserActivity]
05-03 16:22:14.218420   774  1631 I am_finish_activity: [0,564426,51,com.android.settings/.deviceinfo.UsbModeChooserActivity,app-request]
05-03 16:22:14.220454   774  1631 I am_home_stack_moved: [0,1,0,0,finishActivity adjustFocus setFocusedActivity]
05-03 16:22:14.220607   774  1631 I wm_task_moved: [16,1,1]
05-03 16:22:14.229925   774  1631 I am_focused_activity: [0,com.android.launcher3/.Launcher]
05-03 16:22:14.262908   774  1631 I am_pause_activity: [0,564426,com.android.settings/.deviceinfo.UsbModeChooserActivity]
05-03 16:22:14.273845 16617 16617 I am_on_paused_called: [0,com.android.settings.deviceinfo.UsbModeChooserActivity]
05-03 16:22:14.281450   774   805 I am_resume_activity: [0,64363096,16,com.android.launcher3/.Launcher]
05-03 16:22:14.283626  1615  1615 I am_on_resume_called: [0,com.android.launcher3.Launcher]
05-03 16:22:14.314853   774  1613 I am_destroy_activity: [0,564426,51,com.android.settings/.deviceinfo.UsbModeChooserActivity,finish-imm]
05-03 16:22:14.404801   774   808 I am_pss  : [14907,10078,com.tencent.android.qqdownloader,28494848,20045824]
05-03 16:22:14.433181   774   808 I am_pss  : [15924,10078,com.tencent.android.qqdownloader:connect,14897152,7815168]
05-03 16:22:14.433876   230   230 I sf_frame_dur: [com.android.settings/com.android.settings.deviceinfo.UsbModeChooserActivity,13,0,1,0,0,2,0]
05-03 16:22:14.463375   774   808 I am_pss  : [13828,10007,android.process.media,7971840,5578752]
05-03 16:22:14.488610   774   808 I am_pss  : [14999,10078,com.tencent.android.qqdownloader:getapkinfo,8388608,3579904]
05-03 16:22:14.516483   774   808 I am_pss  : [16523,10056,com.android.quicksearchbox,4212736,2674688]
05-03 16:22:14.517650   774   824 I wm_task_removed: [51,removeAppToken: last token]
05-03 16:22:14.517750   774   824 I wm_task_removed: [51,removeTask]
05-03 16:22:14.863105   774   774 I notification_cancel: [1000,774,android,17040348,NULL,-1,0,0,8,NULL]
05-03 16:22:14.863577   774   774 I notification_canceled: [-1|android|17040348|null|1000,8,21249,21249,15025]
05-03 16:22:14.864841   774   774 I notification_enqueue: [1000,774,android,17040349,NULL,-1,Notification(pri=-2 contentView=null vibrate=null sound=null tick defaults=0x0 flags=0x2 color=0xff607d8b vis=PUBLIC),0]
05-03 16:22:14.893279   774   810 I am_proc_start: [0,16981,10052,com.mediatek.mtklogger,broadcast,com.mediatek.mtklogger/.framework.LogReceiver]
05-03 16:22:15.023460   774   793 I am_proc_bound: [0,16981,com.mediatek.mtklogger]
05-03 16:22:15.351362   774   774 I notification_cancel: [10022,1081,com.android.systemui,2131755032,low_battery,-1,0,64,8,NULL]
05-03 16:22:15.722591   774  1631 I am_proc_died: [0,16360,com.android.deskclock]
05-03 16:22:16.502396   774   774 I notification_cancel: [10022,1081,com.android.systemui,2131755032,low_battery,-1,0,64,8,NULL]
05-03 16:22:17.668514   774   774 I notification_cancel: [10022,1081,com.android.systemui,2131755032,low_battery,-1,0,64,8,NULL]
05-03 16:22:19.061167   774   808 I am_pss  : [16302,10010,com.google.android.gms,19247104,14917632]
05-03 16:22:19.090008   774   808 I am_pss  : [16544,10003,android.process.acore,11299840,8556544]
05-03 16:22:19.661433   774   774 I notification_cancel: [10022,1081,com.android.systemui,2131755032,low_battery,-1,0,64,8,NULL]
05-03 16:22:20.792800   774   774 I notification_cancel: [10022,1081,com.android.systemui,2131755032,low_battery,-1,0,64,8,NULL]
05-03 16:22:25.167642   774   794 I am_proc_died: [0,16981,com.mediatek.mtklogger]
05-03 16:22:30.800446   774   774 I notification_cancel: [10022,1081,com.android.systemui,2131755032,low_battery,-1,0,64,8,NULL]
05-03 16:22:37.648734   774   774 I notification_enqueue: [1000,774,android,17303106,NULL,0,Notification(pri=0 contentView=null vibrate=null sound=content://media/internal/audio/media/88 tick defaults=0x0 flags=0x10 color=0xff607d8b vis=PRIVATE),0]
05-03 16:22:37.661455   774   774 I notification_alert: [0|android|17303106|null|1000,0,1,0]
05-03 16:22:37.724019   774  7928 I notification_expansion: [0|android|17303106|null|1000,0,1,75,75,0]
05-03 16:22:37.726636   774 13786 I notification_expansion: [0|com.mediatek.security|1200|null|1000,0,0,455468233,455468233,38512]
05-03 16:22:37.993076   774  7249 I am_proc_died: [0,16544,android.process.acore]
05-03 16:22:40.794694   774   774 I notification_cancel: [10022,1081,com.android.systemui,2131755032,low_battery,-1,0,64,8,NULL]
05-03 16:22:50.791139   774   774 I notification_cancel: [10022,1081,com.android.systemui,2131755032,low_battery,-1,0,64,8,NULL]
05-03 16:22:52.283295  1081  1081 I sysui_panelholder_touch: [0,146,0]
05-03 16:22:52.284215  1081  1081 I sysui_count: [panel_open,1]
05-03 16:22:52.292412  1081  1081 I sysui_histogram: [note_load,4]
05-03 16:22:52.293013   774 13786 I notification_panel_revealed: 4
05-03 16:22:52.299862   774  1734 I notification_visibility: [0|android|17303106|null|1000,1,14651,14651,0,0]
05-03 16:22:52.798849   774  1663 I notification_visibility: [0|com.mediatek.security|1200|null|1000,1,455483305,455483305,0,1]
05-03 16:22:52.799006   774  1663 I notification_visibility: [-1|android|17040353|null|1000,1,70115,70115,0,2]
05-03 16:22:52.799103   774  1663 I notification_visibility: [-1|android|17040349|null|1000,1,37935,37935,0,3]
05-03 16:22:53.004444  1081  1081 I sysui_view_visibility: [111,100]
05-03 16:22:53.004566  1081  1081 I sysui_view_visibility: [126,100]
05-03 16:22:53.004633  1081  1081 I sysui_view_visibility: [113,100]
05-03 16:22:53.004698  1081  1081 I sysui_view_visibility: [118,100]
05-03 16:22:53.004760  1081  1081 I sysui_view_visibility: [115,100]
05-03 16:22:53.004823  1081  1081 I sysui_view_visibility: [112,100]
05-03 16:22:53.004885  1081  1081 I sysui_view_visibility: [123,100]
05-03 16:22:53.004949  1081  1081 I sysui_view_visibility: [119,100]
05-03 16:22:53.005011  1081  1081 I sysui_view_visibility: [122,100]
05-03 16:22:53.005100  1081  1081 I sysui_view_visibility: [114,100]
05-03 16:22:53.005167  1081  1081 I sysui_view_visibility: [111,100]
05-03 16:22:53.182070  1081  1081 I sysui_lockscreen_gesture: [9,551,2427]
05-03 16:22:55.136426   774  1664 I notification_visibility: [0|com.mediatek.security|1200|null|1000,0,455485643,455485643,0,1]
05-03 16:22:55.136617   774  1664 I notification_visibility: [-1|android|17040353|null|1000,0,72453,72453,0,2]
05-03 16:22:55.136756   774  1664 I notification_visibility: [0|android|17303106|null|1000,0,17488,17488,0,0]
05-03 16:22:55.136851   774  1664 I notification_visibility: [-1|android|17040349|null|1000,0,40272,40272,0,3]
05-03 16:22:55.137820   774  7928 I notification_panel_hidden: []
05-03 16:22:55.139083   774  7928 I am_home_stack_moved: [0,0,1,1,startingNewTask]
05-03 16:22:55.139219   774  7928 I wm_task_moved: [48,1,1]
05-03 16:22:55.144138   774  7928 I am_create_task: [0,52]
05-03 16:22:55.144339   774  7928 I am_create_activity: [0,206151793,52,com.android.settings/.deviceinfo.UsbModeChooserActivity,android.intent.action.MAIN,NULL,NULL,276856832]
05-03 16:22:55.145113   774  7928 I wm_task_created: [52,1]
05-03 16:22:55.146243   774  7928 I wm_task_moved: [52,1,2]
05-03 16:22:55.148196   774  7928 I am_pause_activity: [0,64363096,com.android.launcher3/.Launcher]
05-03 16:22:55.148821  1615  1615 I am_on_paused_called: [0,com.android.launcher3.Launcher]
05-03 16:22:55.152697   774  7928 I am_home_stack_moved: [0,0,1,1,startedActivity setFocusedActivity]
05-03 16:22:55.152797   774  7928 I wm_task_moved: [52,1,2]
05-03 16:22:55.160928   774  7928 I am_focused_activity: [0,com.android.settings/.deviceinfo.UsbModeChooserActivity]
05-03 16:22:55.164960   774 13787 I notification_clicked: [-1|android|17040349|null|1000,40300,40300,2365]
05-03 16:22:55.165336   774  1070 I am_restart_activity: [0,206151793,52,com.android.settings/.deviceinfo.UsbModeChooserActivity]
05-03 16:22:55.165381   774   774 I notification_cancel: [10022,1081,android,17040349,NULL,-1,16,64,1,NULL]
05-03 16:22:55.165452   774   774 I sysui_histogram: [note_click_longevity,0]
05-03 16:22:55.231019 16617 16617 I am_on_resume_called: [0,com.android.settings.deviceinfo.UsbModeChooserActivity]
05-03 16:22:55.374659   774   824 I am_activity_launch_time: [0,206151793,com.android.settings/.deviceinfo.UsbModeChooserActivity,213,213]
05-03 16:22:55.450000  1803  1803 I auditd  : type=1400 audit(0.0:2643): avc: denied { read } for comm="GpuAppSpectator" name="cmdline" dev="proc" ino=98442 scontext=u:r:gas_srv:s0 tcontext=u:r:system_app:s0 tclass=file permissive=1
05-03 16:22:55.450000  1803  1803 I auditd  : type=1400 audit(0.0:2644): avc: denied { open } for comm="GpuAppSpectator" path="/proc/16617/cmdline" dev="proc" ino=98442 scontext=u:r:gas_srv:s0 tcontext=u:r:system_app:s0 tclass=file permissive=1
05-03 16:22:55.450000  1803  1803 I auditd  : type=1400 audit(0.0:2645): avc: denied { getattr } for comm="GpuAppSpectator" path="/proc/16617/cmdline" dev="proc" ino=98442 scontext=u:r:gas_srv:s0 tcontext=u:r:system_app:s0 tclass=file permissive=1
05-03 16:22:55.622117  1081  1081 I sysui_view_visibility: [111,0]
05-03 16:23:00.060165   774   808 I am_pss  : [13828,10007,android.process.media,8537088,5697536]
05-03 16:23:00.802736   774   774 I notification_cancel: [10022,1081,com.android.systemui,2131755032,low_battery,-1,0,64,8,NULL]
05-03 16:23:01.144577   774   824 I am_focused_activity: [0,com.android.settings/.deviceinfo.UsbModeChooserActivity]
05-03 16:23:01.183451   774 13787 I am_finish_activity: [0,206151793,52,com.android.settings/.deviceinfo.UsbModeChooserActivity,app-request]
05-03 16:23:01.184017   774 13787 I am_home_stack_moved: [0,1,0,0,finishActivity adjustFocus setFocusedActivity]
05-03 16:23:01.184117   774 13787 I wm_task_moved: [16,1,1]
05-03 16:23:01.192487   774 13787 I am_focused_activity: [0,com.android.launcher3/.Launcher]
05-03 16:23:01.238498   774 13787 I am_pause_activity: [0,206151793,com.android.settings/.deviceinfo.UsbModeChooserActivity]
05-03 16:23:01.261757 16617 16617 I am_on_paused_called: [0,com.android.settings.deviceinfo.UsbModeChooserActivity]
05-03 16:23:01.373455   774  1734 I am_resume_activity: [0,64363096,16,com.android.launcher3/.Launcher]
05-03 16:23:01.377028  1615  1615 I am_on_resume_called: [0,com.android.launcher3.Launcher]
05-03 16:23:01.405172   230   230 I sf_frame_dur: [com.android.settings/com.android.settings.deviceinfo.UsbModeChooserActivity,12,2,0,0,0,1,0]
05-03 16:23:01.427481   774   805 I am_destroy_activity: [0,206151793,52,com.android.settings/.deviceinfo.UsbModeChooserActivity,finish-imm]
05-03 16:23:01.634616   774   824 I wm_task_removed: [52,removeAppToken: last token]
05-03 16:23:01.634720   774   824 I wm_task_removed: [52,removeTask]
05-03 16:23:02.488141   774   774 I notification_cancel: [10022,1081,com.android.systemui,2131755032,low_battery,-1,0,64,8,NULL]
05-03 16:23:04.615667   774   774 I notification_cancel: [1000,774,android,17040349,NULL,-1,0,0,8,NULL]
05-03 16:23:04.617127   774   774 I notification_canceled: [-1|android|17040349|null|1000,8,49753,49753,11818]
05-03 16:23:04.642491   774   774 I notification_enqueue: [1000,774,android,17040348,NULL,-1,Notification(pri=-2 contentView=null vibrate=null sound=null tick defaults=0x0 flags=0x2 color=0xff607d8b vis=PUBLIC),0]
05-03 16:23:04.710089   774   810 I am_proc_start: [0,17039,10052,com.mediatek.mtklogger,broadcast,com.mediatek.mtklogger/.framework.LogReceiver]
05-03 16:23:04.808804   774  1070 I am_proc_bound: [0,17039,com.mediatek.mtklogger]
05-03 16:23:05.522235   774   774 I notification_cancel: [10022,1081,com.android.systemui,2131755032,low_battery,-1,0,64,8,NULL]
05-03 16:23:06.661047   774   774 I notification_cancel: [10022,1081,com.android.systemui,2131755032,low_battery,-1,0,64,8,NULL]
05-03 16:23:07.621647   774   774 I notification_cancel: [1000,774,android,17303106,NULL,-1,0,0,8,NULL]
05-03 16:23:07.622096   774   774 I notification_canceled: [0|android|17303106|null|1000,8,29974,29974,15323]
05-03 16:23:07.626275   774  1070 I notification_expansion: [0|com.mediatek.security|1200|null|1000,0,1,455498133,455498133,14828]
05-03 16:23:14.917529   774  1613 I am_proc_died: [0,17039,com.mediatek.mtklogger]
05-03 16:23:16.684352   774   774 I notification_cancel: [10022,1081,com.android.systemui,2131755032,low_battery,-1,0,64,8,NULL]
05-03 16:23:20.046080  1081  1081 I sysui_panelholder_touch: [0,183,7]
05-03 16:23:20.048184  1081  1081 I sysui_count: [panel_open,1]
05-03 16:23:20.060732  1081  1081 I sysui_histogram: [note_load,3]
05-03 16:23:20.061560   774  1171 I notification_panel_revealed: 3
05-03 16:23:20.064225   774 13787 I notification_visibility: [0|com.mediatek.security|1200|null|1000,1,455510571,455510571,0,0]
05-03 16:23:20.577534   774  1664 I notification_visibility: [-1|android|17040348|null|1000,1,15935,15935,0,2]
05-03 16:23:20.577707   774  1664 I notification_visibility: [-1|android|17040353|null|1000,1,97894,97894,0,1]
05-03 16:23:20.918714  1081  1081 I sysui_view_visibility: [111,100]
05-03 16:23:20.918840  1081  1081 I sysui_view_visibility: [126,100]
05-03 16:23:20.918894  1081  1081 I sysui_view_visibility: [113,100]
05-03 16:23:20.918944  1081  1081 I sysui_view_visibility: [118,100]
05-03 16:23:20.918995  1081  1081 I sysui_view_visibility: [115,100]
05-03 16:23:20.919045  1081  1081 I sysui_view_visibility: [112,100]
05-03 16:23:20.919094  1081  1081 I sysui_view_visibility: [123,100]
05-03 16:23:20.919143  1081  1081 I sysui_view_visibility: [119,100]
05-03 16:23:20.919195  1081  1081 I sysui_view_visibility: [122,100]
05-03 16:23:20.919259  1081  1081 I sysui_view_visibility: [114,100]
05-03 16:23:20.919311  1081  1081 I sysui_view_visibility: [111,100]
05-03 16:23:21.855394   774  1664 I notification_visibility: [0|com.mediatek.security|1200|null|1000,0,455512362,455512362,0,0]
05-03 16:23:21.855544   774  1664 I notification_visibility: [-1|android|17040348|null|1000,0,17213,17213,0,2]
05-03 16:23:21.855616   774  1664 I notification_visibility: [-1|android|17040353|null|1000,0,99172,99172,0,1]
05-03 16:23:21.856323   774  1613 I am_home_stack_moved: [0,0,1,1,startingNewTask]
05-03 16:23:21.856430   774  1613 I wm_task_moved: [48,1,1]
05-03 16:23:21.857417   774   805 I notification_panel_hidden: []
05-03 16:23:21.861831   774  1613 I am_create_task: [0,53]
05-03 16:23:21.861958   774  1613 I am_create_activity: [0,102180506,53,com.android.settings/.deviceinfo.UsbModeChooserActivity,android.intent.action.MAIN,NULL,NULL,276856832]
05-03 16:23:21.865073   774  1613 I wm_task_created: [53,1]
05-03 16:23:21.865182   774  1613 I wm_task_moved: [53,1,2]
05-03 16:23:21.865903   774  1613 I am_pause_activity: [0,64363096,com.android.launcher3/.Launcher]
05-03 16:23:21.868159   774  1613 I am_home_stack_moved: [0,0,1,1,startedActivity setFocusedActivity]
05-03 16:23:21.868320   774  1613 I wm_task_moved: [53,1,2]
05-03 16:23:21.880158  1615  1615 I am_on_paused_called: [0,com.android.launcher3.Launcher]
05-03 16:23:21.887410   774  1613 I am_focused_activity: [0,com.android.settings/.deviceinfo.UsbModeChooserActivity]
05-03 16:23:21.897600   774  7249 I am_restart_activity: [0,102180506,53,com.android.settings/.deviceinfo.UsbModeChooserActivity]
05-03 16:23:21.901563   774   793 I notification_clicked: [-1|android|17040348|null|1000,17259,17259,1324]
05-03 16:23:21.901960   774   774 I notification_cancel: [10022,1081,android,17040348,NULL,-1,16,64,1,NULL]
05-03 16:23:21.902072   774   774 I sysui_histogram: [note_click_longevity,0]
05-03 16:23:21.944506   774   808 I am_pss  : [1602,1000,com.mediatek.nlpservice,2285568,1736704]
05-03 16:23:21.979579 16617 16617 I am_on_resume_called: [0,com.android.settings.deviceinfo.UsbModeChooserActivity]
05-03 16:23:22.016170   774   808 I am_pss  : [1588,1001,com.mediatek.ims,2711552,2142208]
05-03 16:23:22.045209   774   808 I am_pss  : [1580,1001,com.mediatek.gba,1985536,1462272]
05-03 16:23:22.089241   774   808 I am_pss  : [1569,1001,com.android.phone,11928576,10432512]
05-03 16:23:22.140521   774   808 I am_pss  : [1081,10022,com.android.systemui,50932736,46182400]
05-03 16:23:22.270729   774   824 I am_activity_launch_time: [0,102180506,com.android.settings/.deviceinfo.UsbModeChooserActivity,382,382]
05-03 16:23:22.294783   774   808 I am_pss  : [774,1000,system,59801600,54849536]
05-03 16:23:22.344927  1081  1081 I sysui_view_visibility: [111,0]
05-03 16:23:22.550000  1803  1803 I auditd  : type=1400 audit(0.0:2646): avc: denied { read } for comm="GpuAppSpectator" name="cmdline" dev="proc" ino=98442 scontext=u:r:gas_srv:s0 tcontext=u:r:system_app:s0 tclass=file permissive=1
05-03 16:23:22.550000  1803  1803 I auditd  : type=1400 audit(0.0:2647): avc: denied { open } for comm="GpuAppSpectator" path="/proc/16617/cmdline" dev="proc" ino=98442 scontext=u:r:gas_srv:s0 tcontext=u:r:system_app:s0 tclass=file permissive=1
05-03 16:23:22.550000  1803  1803 I auditd  : type=1400 audit(0.0:2648): avc: denied { getattr } for comm="GpuAppSpectator" path="/proc/16617/cmdline" dev="proc" ino=98442 scontext=u:r:gas_srv:s0 tcontext=u:r:system_app:s0 tclass=file permissive=1
05-03 16:23:23.550000  1803  1803 I auditd  : type=1400 audit(0.0:2649): avc: denied { read } for comm="GpuAppSpectator" name="cmdline" dev="proc" ino=98442 scontext=u:r:gas_srv:s0 tcontext=u:r:system_app:s0 tclass=file permissive=1
05-03 16:23:23.550000  1803  1803 I auditd  : type=1400 audit(0.0:2650): avc: denied { open } for comm="GpuAppSpectator" path="/proc/16617/cmdline" dev="proc" ino=98442 scontext=u:r:gas_srv:s0 tcontext=u:r:system_app:s0 tclass=file permissive=1
05-03 16:23:23.550000  1803  1803 I auditd  : type=1400 audit(0.0:2651): avc: denied { getattr } for comm="GpuAppSpectator" path="/proc/16617/cmdline" dev="proc" ino=98442 scontext=u:r:gas_srv:s0 tcontext=u:r:system_app:s0 tclass=file permissive=1
05-03 16:23:25.252147   774   824 I am_focused_activity: [0,com.android.settings/.deviceinfo.UsbModeChooserActivity]
05-03 16:23:25.280781   774  1171 I am_finish_activity: [0,102180506,53,com.android.settings/.deviceinfo.UsbModeChooserActivity,app-request]
05-03 16:23:25.281603   774  1171 I am_home_stack_moved: [0,1,0,0,finishActivity adjustFocus setFocusedActivity]
05-03 16:23:25.281694   774  1171 I wm_task_moved: [16,1,1]
05-03 16:23:25.288276   774  1171 I am_focused_activity: [0,com.android.launcher3/.Launcher]
05-03 16:23:25.314358   774  1171 I am_pause_activity: [0,102180506,com.android.settings/.deviceinfo.UsbModeChooserActivity]
05-03 16:23:25.320622 16617 16617 I am_on_paused_called: [0,com.android.settings.deviceinfo.UsbModeChooserActivity]
05-03 16:23:25.324123   774   805 I am_resume_activity: [0,64363096,16,com.android.launcher3/.Launcher]
05-03 16:23:25.326743  1615  1615 I am_on_resume_called: [0,com.android.launcher3.Launcher]
05-03 16:23:25.348419   774   793 I am_destroy_activity: [0,102180506,53,com.android.settings/.deviceinfo.UsbModeChooserActivity,finish-imm]
05-03 16:23:25.377576   774   808 I am_pss  : [13828,10007,android.process.media,8722432,5881856]
05-03 16:23:25.500490   230   230 I sf_frame_dur: [com.android.settings/com.android.settings.deviceinfo.UsbModeChooserActivity,15,1,0,0,0,1,1]
05-03 16:23:25.535285   774   824 I wm_task_removed: [53,removeAppToken: last token]
05-03 16:23:25.535406   774   824 I wm_task_removed: [53,removeTask]
05-03 16:23:26.003213   774   774 I notification_cancel: [1000,774,android,17040348,NULL,-1,0,0,8,NULL]
05-03 16:23:26.003630   774   774 I notification_canceled: [-1|android|17040348|null|1000,8,21361,21361,5426]
05-03 16:23:26.004759   774   774 I notification_enqueue: [1000,774,android,17040349,NULL,-1,Notification(pri=-2 contentView=null vibrate=null sound=null tick defaults=0x0 flags=0x2 color=0xff607d8b vis=PUBLIC),0]
05-03 16:23:26.035035   774   810 I am_proc_start: [0,17228,10052,com.mediatek.mtklogger,broadcast,com.mediatek.mtklogger/.framework.LogReceiver]
05-03 16:23:26.153719   774  1663 I am_proc_bound: [0,17228,com.mediatek.mtklogger]
05-03 16:23:26.503314   774   808 I am_meminfo: [124678144,18219008,41807872,305688576,42600448]
05-03 16:23:26.538085   774   808 I am_pss  : [1615,10014,com.android.launcher3,50428928,45408256]
05-03 16:23:26.581040   774   774 I notification_cancel: [10022,1081,com.android.systemui,2131755032,low_battery,-1,0,64,8,NULL]
05-03 16:23:26.586987   774   808 I am_pss  : [14907,10078,com.tencent.android.qqdownloader,28640256,20193280]
05-03 16:23:26.623775   774   808 I am_pss  : [6003,10076,com.qihoo.appstore,38873088,31313920]
05-03 16:23:26.655015   774   808 I am_pss  : [6024,10076,com.qihoo.daemon,14731264,8675328]
05-03 16:23:26.683388   774   808 I am_pss  : [13828,10007,android.process.media,8883200,6172672]
05-03 16:23:26.709554   774   808 I am_pss  : [15924,10078,com.tencent.android.qqdownloader:connect,14543872,7745536]
05-03 16:23:26.739722   774   808 I am_pss  : [16617,1000,com.android.settings,18878464,13598720]
05-03 16:23:26.767560   774   808 I am_pss  : [13234,10016,com.android.mms,6018048,3780608]
05-03 16:23:26.797027   774   808 I am_pss  : [16302,10010,com.google.android.gms,19564544,14991360]
05-03 16:23:26.821377   774   808 I am_pss  : [14999,10078,com.tencent.android.qqdownloader:getapkinfo,8395776,3584000]
05-03 16:23:26.847924   774   808 I am_pss  : [16523,10056,com.android.quicksearchbox,4371456,2674688]
05-03 16:23:26.878036   774   808 I am_pss  : [1684,10010,com.google.process.gapps,9602048,7835648]
05-03 16:23:26.910529   774   808 I am_pss  : [1560,10010,com.google.android.gms.persistent,13507584,10854400]
05-03 16:23:26.937422   774   808 I am_pss  : [1544,10048,com.android.inputmethod.latin,4816896,3592192]
05-03 16:23:26.963232   774   808 I am_pss  : [2636,10070,org.simalliance.openmobileapi.eseterminal,2141184,1597440]
05-03 16:23:26.988830   774   808 I am_pss  : [2630,10068,org.simalliance.openmobileapi.uicc2terminal,2134016,1581056]
05-03 16:23:27.014775   774   808 I am_pss  : [2625,10067,org.simalliance.openmobileapi.uicc1terminal,2176000,1626112]
05-03 16:23:27.041501   774   808 I am_pss  : [13101,10065,org.simalliance.openmobileapi.service:remote,3459072,1761280]
05-03 16:23:27.067341   774   808 I am_pss  : [1602,1000,com.mediatek.nlpservice,2260992,1736704]
05-03 16:23:27.093875   774   808 I am_pss  : [1588,1001,com.mediatek.ims,2684928,2142208]
05-03 16:23:27.119311   774   808 I am_pss  : [1580,1001,com.mediatek.gba,1958912,1462272]
05-03 16:23:27.153203   774   808 I am_pss  : [1569,1001,com.android.phone,11958272,10514432]
05-03 16:23:27.193437   774   808 I am_pss  : [1081,10022,com.android.systemui,40434688,35753984]
05-03 16:23:27.272913   774   808 I am_pss  : [774,1000,system,60883968,56037376]
05-03 16:23:27.724154   774   774 I notification_cancel: [10022,1081,com.android.systemui,2131755032,low_battery,-1,0,64,8,NULL]
05-03 16:23:36.267606   774   794 I am_proc_died: [0,17228,com.mediatek.mtklogger]
05-03 16:23:36.320674   774   808 I am_pss  : [1615,10014,com.android.launcher3,50528256,45412352]
05-03 16:23:37.740913   774   774 I notification_cancel: [10022,1081,com.android.systemui,2131755032,low_battery,-1,0,64,8,NULL]
05-03 16:23:47.749009   774   774 I notification_cancel: [10022,1081,com.android.systemui,2131755032,low_battery,-1,0,64,8,NULL]
05-03 16:23:50.017306   774   808 I am_pss  : [6003,10076,com.qihoo.appstore,38903808,31342592]
05-03 16:23:50.050225   774   808 I am_pss  : [6024,10076,com.qihoo.daemon,14768128,8712192]
