05-03 16:23:50.098749   774   808 I am_pss  : [14907,10078,com.tencent.android.qqdownloader,28822528,20373504]
05-03 16:23:50.128016   774   808 I am_pss  : [15924,10078,com.tencent.android.qqdownloader:connect,14545920,7745536]
05-03 16:23:50.152119   774   808 I am_pss  : [14999,10078,com.tencent.android.qqdownloader:getapkinfo,8397824,3584000]
05-03 16:23:50.180515   774   808 I am_pss  : [13828,10007,android.process.media,9146368,6303744]
05-03 16:23:50.208849   774   808 I am_pss  : [13234,10016,com.android.mms,6142976,3780608]
05-03 16:23:50.239365   774   808 I am_pss  : [1684,10010,com.google.process.gapps,9659392,7835648]
05-03 16:23:50.272830   774   808 I am_pss  : [1560,10010,com.google.android.gms.persistent,13568000,10854400]
05-03 16:23:50.299687   774   808 I am_pss  : [1544,10048,com.android.inputmethod.latin,4860928,3592192]
05-03 16:23:50.326672   774   808 I am_pss  : [2636,10070,org.simalliance.openmobileapi.eseterminal,2166784,1597440]
05-03 16:23:50.352652   774   808 I am_pss  : [2630,10068,org.simalliance.openmobileapi.uicc2terminal,2162688,1581056]
05-03 16:23:50.379177   774   808 I am_pss  : [2625,10067,org.simalliance.openmobileapi.uicc1terminal,2204672,1626112]
05-03 16:23:50.406716   774   808 I am_pss  : [13101,10065,org.simalliance.openmobileapi.service:remote,3578880,1765376]
05-03 16:23:57.740476   774   774 I notification_cancel: [10022,1081,com.android.systemui,2131755032,low_battery,-1,0,64,8,NULL]
05-03 16:24:00.082827   774   808 I am_pss  : [16617,1000,com.android.settings,18511872,13131776]
05-03 16:24:00.114252   774   808 I am_pss  : [16302,10010,com.google.android.gms,19731456,15011840]
05-03 16:24:00.143779   774   808 I am_pss  : [16523,10056,com.android.quicksearchbox,4494336,2678784]
05-03 16:24:07.755532   774   774 I notification_cancel: [10022,1081,com.android.systemui,2131755032,low_battery,-1,0,64,8,NULL]
05-03 16:24:17.732105   774   774 I notification_cancel: [10022,1081,com.android.systemui,2131755032,low_battery,-1,0,64,8,NULL]
05-03 16:24:18.120000  1036  1036 I auditd  : type=1400 audit(0.0:2652): avc: denied { open } for comm="PhotonicModulat" path="/sys/devices/platform/leds-mt65xx/leds/lcd-backlight/brightness" dev="sysfs" ino=11474 scontext=u:r:system_server:s0 tcontext=u:object_r:sys_lcd_brightness_file:s0 tclass=file permissive=1
05-03 16:24:25.120346   774   836 I power_sleep_requested: 0
05-03 16:24:25.124775   774   774 I am_pause_activity: [0,64363096,com.android.launcher3/.Launcher]
05-03 16:24:25.133450  1615  1615 I am_on_paused_called: [0,com.android.launcher3.Launcher]
05-03 16:24:25.281811   774   810 I am_focused_activity: [0,com.android.launcher3/.Launcher]
05-03 16:24:25.829057   774   774 I power_screen_state: [0,3,0,0]
05-03 16:24:25.829119   774   774 I screen_toggled: 0
05-03 16:24:25.829193   774   774 I sysui_histogram: [screen_timeout,60]
05-03 16:24:25.829466   774   774 I power_screen_broadcast_send: 1
05-03 16:24:25.934775   774   774 I power_screen_broadcast_done: [0,105,1]
05-03 16:24:30.185052   774  1070 I notification_expansion: [0|com.mediatek.security|1200|null|1000,0,0,455580692,455580692,70121]
05-03 16:24:30.227625  1081  1081 I sysui_status_bar_state: [1,1,0,0,0,1]
05-03 16:24:30.302092   230   230 I sf_frame_dur: [NavigationBar,84,9,4,0,0,0,1]
05-03 16:24:37.709976   774   774 I notification_cancel: [10022,1081,com.android.systemui,2131755032,low_battery,-1,0,64,8,NULL]
05-03 16:24:47.708318   774  1171 I battery_level: [78,3875,310]
05-03 16:24:47.722121   774   774 I notification_cancel: [10022,1081,com.android.systemui,2131755032,low_battery,-1,0,64,8,NULL]
05-03 16:24:57.726267   774   774 I notification_cancel: [10022,1081,com.android.systemui,2131755032,low_battery,-1,0,64,8,NULL]
05-03 16:25:07.726303   774   774 I notification_cancel: [10022,1081,com.android.systemui,2131755032,low_battery,-1,0,64,8,NULL]
05-03 16:25:11.363874   774   808 I am_pss  : [6024,10076,com.qihoo.daemon,14860288,8802304]
05-03 16:25:17.726986   774   774 I notification_cancel: [10022,1081,com.android.systemui,2131755032,low_battery,-1,0,64,8,NULL]
05-03 16:25:27.716272   774   774 I notification_cancel: [10022,1081,com.android.systemui,2131755032,low_battery,-1,0,64,8,NULL]
05-03 16:25:33.095560   774   794 I battery_status: [4,2,1,0,Li-ion]
05-03 16:25:33.156033   774   774 I power_screen_state: [1,0,0,0]
05-03 16:25:33.156225   774   774 I screen_toggled: 1
05-03 16:25:33.156532   774   774 I power_screen_broadcast_send: 1
05-03 16:25:33.157392   774   774 I notification_cancel: [10022,1081,com.android.systemui,2131755032,low_battery,-1,0,64,8,NULL]
05-03 16:25:33.285922  1081  1081 I sysui_histogram: [note_load,3]
05-03 16:25:33.288836   774  1171 I notification_panel_revealed: 3
05-03 16:25:33.292990   774 13786 I notification_visibility: [0|com.mediatek.security|1200|null|1000,1,455643799,455643799,0,0]
05-03 16:25:33.293113   774 13786 I notification_visibility: [-1|android|17040353|null|1000,1,230610,230610,0,1]
05-03 16:25:33.350993   774   808 I am_pss  : [1602,1000,com.mediatek.nlpservice,2310144,1761280]
05-03 16:25:33.423837   774  7249 I am_proc_start: [0,17794,1000,com.fw.upgrade.sysoper,broadcast,com.fw.upgrade.sysoper/com.adups.fota.sysoper.TaskReceiver]
05-03 16:25:33.427063   774   774 I notification_cancel: [10022,1081,com.android.systemui,2131755032,low_battery,-1,0,64,8,NULL]
05-03 16:25:33.428620   774   808 I am_pss  : [1588,1001,com.mediatek.ims,2711552,2142208]
05-03 16:25:33.480000  1036  1036 I auditd  : type=1400 audit(0.0:2653): avc: denied { open } for comm="PhotonicModulat" path="/sys/devices/platform/leds-mt65xx/leds/lcd-backlight/brightness" dev="sysfs" ino=11474 scontext=u:r:system_server:s0 tcontext=u:object_r:sys_lcd_brightness_file:s0 tclass=file permissive=1
05-03 16:25:33.494475   774   808 I am_pss  : [1580,1001,com.mediatek.gba,1996800,1462272]
05-03 16:25:33.494625   230   230 I sf_frame_dur: [ColorFade,13,7,3,0,0,0,0]
05-03 16:25:33.498238   774  1613 I am_proc_died: [0,16523,com.android.quicksearchbox]
05-03 16:25:33.568281   774   808 I am_pss  : [1569,1001,com.android.phone,11930624,10391552]
05-03 16:25:33.592549   774 13786 I am_proc_bound: [0,17794,com.fw.upgrade.sysoper]
05-03 16:25:33.650784   774   808 I am_pss  : [1081,10022,com.android.systemui,50594816,45789184]
05-03 16:25:33.741632   774   808 I am_pss  : [774,1000,system,60863488,55869440]
05-03 16:25:33.742736   774  7249 I am_proc_died: [0,17794,com.fw.upgrade.sysoper]
05-03 16:25:33.854597   774   774 I power_screen_broadcast_done: [1,698,1]
05-03 16:25:34.087904   774   774 I notification_cancel: [1000,774,android,17040349,NULL,-1,0,0,8,NULL]
05-03 16:25:34.088971   774   774 I notification_canceled: [-1|android|17040349|null|1000,8,128084,128084,0]
05-03 16:25:34.089308   774   774 I notification_cancel: [1000,774,android,17040353,NULL,-1,0,0,8,NULL]
05-03 16:25:34.090035   774   774 I notification_canceled: [-1|android|17040353|null|1000,8,231406,231406,796]
05-03 16:25:34.186673   774   810 I am_proc_start: [0,17820,10052,com.mediatek.mtklogger,broadcast,com.mediatek.mtklogger/.framework.LogReceiver]
05-03 16:25:34.319704   774  1734 I am_proc_bound: [0,17820,com.mediatek.mtklogger]
05-03 16:25:34.715710   774   793 I battery_status: [2,2,1,2,Li-ion]
05-03 16:25:34.730364   774   774 I notification_cancel: [10022,1081,com.android.systemui,2131755032,low_battery,-1,0,64,8,NULL]
05-03 16:25:34.764608   774  1664 I am_home_stack_moved: [0,0,1,1,startingNewTask]
05-03 16:25:34.764869   774  1664 I wm_task_moved: [48,1,1]
05-03 16:25:34.770186   774  1664 I am_create_task: [0,54]
05-03 16:25:34.770297   774  1664 I am_create_activity: [0,177041161,54,com.tencent.android.qqdownloader/com.qq.AppService.StartApp,NULL,NULL,NULL,276824064]
05-03 16:25:34.770535   774  1664 I wm_task_created: [54,1]
05-03 16:25:34.770637   774  1664 I wm_task_moved: [54,1,2]
05-03 16:25:34.776803   774  1664 I am_restart_activity: [0,177041161,54,com.tencent.android.qqdownloader/com.qq.AppService.StartApp]
05-03 16:25:35.102886   774  1664 I am_pause_activity: [0,177041161,com.tencent.android.qqdownloader/com.qq.AppService.StartApp]
05-03 16:25:35.103254   774  1664 I am_home_stack_moved: [0,0,1,1,startedActivity setFocusedActivity]
05-03 16:25:35.103357   774  1664 I wm_task_moved: [54,1,2]
05-03 16:25:35.109937   774  1664 I am_focused_activity: [0,com.tencent.android.qqdownloader/com.qq.AppService.StartApp]
05-03 16:25:35.118005   774 13786 I am_finish_activity: [0,177041161,54,com.tencent.android.qqdownloader/com.qq.AppService.StartApp,app-request]
05-03 16:25:35.118615   774 13786 I am_home_stack_moved: [0,1,0,0,finishActivity adjustFocus setFocusedActivity]
05-03 16:25:35.118732   774 13786 I wm_task_moved: [16,1,1]
05-03 16:25:35.120763   230   230 I sf_frame_dur: [com.android.launcher3/com.android.launcher3.Launcher,1,0,2,1,0,0,4]
05-03 16:25:35.125776   774 13786 I am_focused_activity: [0,com.android.launcher3/.Launcher]
05-03 16:25:35.292738   774   774 I notification_cancel: [10078,15924,com.tencent.android.qqdownloader,12345,NULL,0,0,64,8,NULL]
05-03 16:25:35.349180  1560  1560 I force_gc: Binder
05-03 16:25:36.238227  1081  1081 I sysui_lockscreen_gesture: [1,293,3232]
05-03 16:25:36.352639   774  1171 I notification_visibility: [0|com.mediatek.security|1200|null|1000,0,455646859,455646859,0,0]
05-03 16:25:36.353240   774  1663 I notification_panel_hidden: []
05-03 16:25:36.356355  1081  1081 I screen_toggled: 2
05-03 16:25:36.359264  1081  1081 I screen_toggled: 2
05-03 16:25:36.369104   774  1664 I am_resume_activity: [0,64363096,16,com.android.launcher3/.Launcher]
05-03 16:25:36.379876  1615  1615 I am_on_resume_called: [0,com.android.launcher3.Launcher]
05-03 16:25:36.409459   774   793 I notification_expansion: [0|com.mediatek.security|1200|null|1000,0,1,455646916,455646916,3117]
05-03 16:25:36.411382   774  7249 I am_destroy_activity: [0,177041161,54,com.tencent.android.qqdownloader/com.qq.AppService.StartApp,finish-idle]
05-03 16:25:36.421687  1081  1081 I sysui_status_bar_state: [0,0,0,0,0,1]
05-03 16:25:36.823911   774   824 I wm_task_removed: [54,removeAppToken: last token]
05-03 16:25:36.824066   774   824 I wm_task_removed: [54,removeTask]
05-03 16:25:37.761304  1081  1081 I sysui_panelholder_touch: [0,281,0]
05-03 16:25:37.762453  1081  1081 I sysui_count: [panel_open,1]
05-03 16:25:37.764118  1081  1081 I sysui_histogram: [note_load,1]
05-03 16:25:37.764463   774  7928 I notification_panel_revealed: 1
05-03 16:25:37.766318   774  1613 I notification_visibility: [0|com.mediatek.security|1200|null|1000,1,455648273,455648273,0,0]
05-03 16:25:38.522886  1081  1081 I sysui_view_visibility: [111,100]
05-03 16:25:38.522943  1081  1081 I sysui_view_visibility: [126,100]
05-03 16:25:38.522987  1081  1081 I sysui_view_visibility: [113,100]
05-03 16:25:38.523032  1081  1081 I sysui_view_visibility: [118,100]
05-03 16:25:38.523073  1081  1081 I sysui_view_visibility: [115,100]
05-03 16:25:38.523114  1081  1081 I sysui_view_visibility: [112,100]
05-03 16:25:38.523157  1081  1081 I sysui_view_visibility: [123,100]
05-03 16:25:38.523224  1081  1081 I sysui_view_visibility: [119,100]
05-03 16:25:38.523266  1081  1081 I sysui_view_visibility: [122,100]
05-03 16:25:38.523308  1081  1081 I sysui_view_visibility: [114,100]
05-03 16:25:38.523353  1081  1081 I sysui_view_visibility: [111,100]
05-03 16:25:38.589940  1081  1081 I sysui_lockscreen_gesture: [9,201,3507]
05-03 16:25:40.734404  1081  1081 I sysui_view_visibility: [111,0]
05-03 16:25:40.789092   774   808 I am_meminfo: [125489152,19898368,41758720,304242688,48661504]
05-03 16:25:40.825866   774  1663 I notification_visibility: [0|com.mediatek.security|1200|null|1000,0,455651332,455651332,0,0]
05-03 16:25:40.826388   774  7249 I notification_panel_hidden: []
05-03 16:25:40.837766   774   808 I am_pss  : [1615,10014,com.android.launcher3,47978496,42917888]
05-03 16:25:40.850207   774   774 I notification_enqueue: [1000,774,android,17040347,NULL,-1,Notification(pri=-2 contentView=null vibrate=null sound=null tick defaults=0x0 flags=0x2 color=0xff607d8b vis=PUBLIC),0]
05-03 16:25:40.854454   774   774 I notification_enqueue: [1000,774,android,17040353,NULL,-1,Notification(pri=-1 contentView=null vibrate=null sound=null tick defaults=0x0 flags=0x2 color=0xff607d8b vis=PUBLIC),0]
05-03 16:25:40.936409   774   808 I am_pss  : [14907,10078,com.tencent.android.qqdownloader,29149184,20819968]
05-03 16:25:40.971992   774   808 I am_pss  : [6024,10076,com.qihoo.daemon,15144960,9105408]
05-03 16:25:41.009700   774   808 I am_pss  : [6003,10076,com.qihoo.appstore,38872064,31244288]
05-03 16:25:41.040271   774   808 I am_pss  : [16302,10010,com.google.android.gms,20486144,15781888]
05-03 16:25:41.068701   774   808 I am_pss  : [13234,10016,com.android.mms,6190080,3837952]
05-03 16:25:41.110741   774   808 I am_pss  : [1560,10010,com.google.android.gms.persistent,13370368,10649600]
05-03 16:25:41.157996   774   808 I am_pss  : [1684,10010,com.google.process.gapps,9693184,7892992]
05-03 16:25:41.189786   774   808 I am_pss  : [15924,10078,com.tencent.android.qqdownloader:connect,15336448,8372224]
05-03 16:25:41.214964   774   808 I am_pss  : [14999,10078,com.tencent.android.qqdownloader:getapkinfo,8370176,3588096]
05-03 16:25:41.243980   774   808 I am_pss  : [17820,10052,com.mediatek.mtklogger,4392960,2478080]
05-03 16:25:41.276417   774   808 I am_pss  : [16617,1000,com.android.settings,18531328,13123584]
05-03 16:25:41.303591   774   808 I am_pss  : [1544,10048,com.android.inputmethod.latin,4855808,3592192]
05-03 16:25:41.329301   774   808 I am_pss  : [2636,10070,org.simalliance.openmobileapi.eseterminal,2167808,1597440]
05-03 16:25:41.354948   774   808 I am_pss  : [2630,10068,org.simalliance.openmobileapi.uicc2terminal,2161664,1581056]
05-03 16:25:41.380942   774   808 I am_pss  : [2625,10067,org.simalliance.openmobileapi.uicc1terminal,2203648,1626112]
05-03 16:25:41.407668   774   808 I am_pss  : [13101,10065,org.simalliance.openmobileapi.service:remote,3568640,1761280]
05-03 16:25:41.433612   774   808 I am_pss  : [1602,1000,com.mediatek.nlpservice,2324480,1773568]
05-03 16:25:41.461005   774   808 I am_pss  : [1588,1001,com.mediatek.ims,2711552,2142208]
05-03 16:25:41.487224   774   808 I am_pss  : [1580,1001,com.mediatek.gba,1987584,1462272]
05-03 16:25:41.522103   774   808 I am_pss  : [1569,1001,com.android.phone,11811840,10297344]
05-03 16:25:41.565958   774   808 I am_pss  : [1081,10022,com.android.systemui,45656064,40894464]
05-03 16:25:41.647680   774   808 I am_pss  : [774,1000,system,62282752,57204736]
05-03 16:25:41.739913   774   774 I notification_cancel: [10022,1081,com.android.systemui,2131755032,low_battery,-1,0,64,8,NULL]
05-03 16:25:42.449310  1081  1081 I sysui_panelholder_touch: [0,239,0]
05-03 16:25:42.451451  1081  1081 I sysui_count: [panel_open,1]
05-03 16:25:42.454611  1081  1081 I sysui_histogram: [note_load,3]
05-03 16:25:42.455319   774   805 I notification_panel_revealed: 3
05-03 16:25:42.457766   774   794 I notification_visibility: [0|com.mediatek.security|1200|null|1000,1,455652964,455652964,0,0]
05-03 16:25:42.874663   774   774 I notification_cancel: [10022,1081,com.android.systemui,2131755032,low_battery,-1,0,64,8,NULL]
05-03 16:25:42.959802   774  1631 I notification_visibility: [-1|android|17040353|null|1000,1,2105,2105,0,1]
05-03 16:25:42.959932   774  1631 I notification_visibility: [-1|android|17040347|null|1000,1,2109,2109,0,2]
05-03 16:25:43.406246   774 13786 I notification_visibility: [0|com.mediatek.security|1200|null|1000,0,455653913,455653913,0,0]
05-03 16:25:43.406377   774 13786 I notification_visibility: [-1|android|17040353|null|1000,0,2552,2552,0,1]
05-03 16:25:43.406441   774 13786 I notification_visibility: [-1|android|17040347|null|1000,0,2556,2556,0,2]
05-03 16:25:43.407215   774  7928 I notification_panel_hidden: []
05-03 16:25:43.409370   774  1171 I am_home_stack_moved: [0,0,1,1,startingNewTask]
05-03 16:25:43.409481   774  1171 I wm_task_moved: [48,1,1]
05-03 16:25:43.415691   774  1171 I am_create_task: [0,55]
05-03 16:25:43.415805   774  1171 I am_create_activity: [0,101702061,55,com.android.settings/.deviceinfo.UsbModeChooserActivity,android.intent.action.MAIN,NULL,NULL,276856832]
05-03 16:25:43.416132   774  1171 I wm_task_created: [55,1]
05-03 16:25:43.416448   774  1171 I wm_task_moved: [55,1,2]
05-03 16:25:43.416724   774  1171 I am_pause_activity: [0,64363096,com.android.launcher3/.Launcher]
05-03 16:25:43.418810  1615  1615 I am_on_paused_called: [0,com.android.launcher3.Launcher]
05-03 16:25:43.422222   774  1171 I am_home_stack_moved: [0,0,1,1,startedActivity setFocusedActivity]
05-03 16:25:43.422365   774  1171 I wm_task_moved: [55,1,2]
05-03 16:25:43.433078   774  1171 I am_focused_activity: [0,com.android.settings/.deviceinfo.UsbModeChooserActivity]
05-03 16:25:43.440230   774   805 I am_restart_activity: [0,101702061,55,com.android.settings/.deviceinfo.UsbModeChooserActivity]
05-03 16:25:43.443065   774   794 I notification_clicked: [-1|android|17040347|null|1000,2593,2593,484]
05-03 16:25:43.443471   774   774 I notification_cancel: [10022,1081,android,17040347,NULL,-1,16,64,1,NULL]
05-03 16:25:43.443588   774   774 I sysui_histogram: [note_click_longevity,0]
05-03 16:25:43.520753 16617 16617 I am_on_resume_called: [0,com.android.settings.deviceinfo.UsbModeChooserActivity]
05-03 16:25:43.691613   774   824 I am_activity_launch_time: [0,101702061,com.android.settings/.deviceinfo.UsbModeChooserActivity,255,8920]
05-03 16:25:43.900000  1803  1803 I auditd  : type=1400 audit(0.0:2654): avc: denied { read } for comm="GpuAppSpectator" name="cmdline" dev="proc" ino=98442 scontext=u:r:gas_srv:s0 tcontext=u:r:system_app:s0 tclass=file permissive=1
05-03 16:25:43.900000  1803  1803 I auditd  : type=1400 audit(0.0:2655): avc: denied { open } for comm="GpuAppSpectator" path="/proc/16617/cmdline" dev="proc" ino=98442 scontext=u:r:gas_srv:s0 tcontext=u:r:system_app:s0 tclass=file permissive=1
05-03 16:25:43.900000  1803  1803 I auditd  : type=1400 audit(0.0:2656): avc: denied { getattr } for comm="GpuAppSpectator" path="/proc/16617/cmdline" dev="proc" ino=98442 scontext=u:r:gas_srv:s0 tcontext=u:r:system_app:s0 tclass=file permissive=1
05-03 16:25:44.432725   774  7249 I am_proc_died: [0,17820,com.mediatek.mtklogger]
05-03 16:25:44.814939   774   824 I am_focused_activity: [0,com.android.settings/.deviceinfo.UsbModeChooserActivity]
05-03 16:25:44.873644   774 13786 I am_finish_activity: [0,101702061,55,com.android.settings/.deviceinfo.UsbModeChooserActivity,app-request]
05-03 16:25:44.881156   774 13786 I am_home_stack_moved: [0,1,0,0,finishActivity adjustFocus setFocusedActivity]
05-03 16:25:44.881914   774 13786 I wm_task_moved: [16,1,1]
05-03 16:25:44.887471   774 13786 I am_focused_activity: [0,com.android.launcher3/.Launcher]
05-03 16:25:44.910000  1803  1803 I auditd  : type=1400 audit(0.0:2657): avc: denied { read } for comm="GpuAppSpectator" name="cmdline" dev="proc" ino=98442 scontext=u:r:gas_srv:s0 tcontext=u:r:system_app:s0 tclass=file permissive=1
05-03 16:25:44.910000  1803  1803 I auditd  : type=1400 audit(0.0:2658): avc: denied { open } for comm="GpuAppSpectator" path="/proc/16617/cmdline" dev="proc" ino=98442 scontext=u:r:gas_srv:s0 tcontext=u:r:system_app:s0 tclass=file permissive=1
05-03 16:25:44.910000  1803  1803 I auditd  : type=1400 audit(0.0:2659): avc: denied { getattr } for comm="GpuAppSpectator" path="/proc/16617/cmdline" dev="proc" ino=98442 scontext=u:r:gas_srv:s0 tcontext=u:r:system_app:s0 tclass=file permissive=1
05-03 16:25:44.936107   774 13786 I am_pause_activity: [0,101702061,com.android.settings/.deviceinfo.UsbModeChooserActivity]
05-03 16:25:44.946982 16617 16617 I am_on_paused_called: [0,com.android.settings.deviceinfo.UsbModeChooserActivity]
05-03 16:25:45.023345   774   794 I am_resume_activity: [0,64363096,16,com.android.launcher3/.Launcher]
05-03 16:25:45.026082  1615  1615 I am_on_resume_called: [0,com.android.launcher3.Launcher]
05-03 16:25:45.096138   774  7928 I am_destroy_activity: [0,101702061,55,com.android.settings/.deviceinfo.UsbModeChooserActivity,finish-imm]
05-03 16:25:45.103869   230   230 I sf_frame_dur: [com.android.settings/com.android.settings.deviceinfo.UsbModeChooserActivity,0,0,0,0,0,1,0]
05-03 16:25:45.300592   774   824 I wm_task_removed: [55,removeAppToken: last token]
05-03 16:25:45.300697   774   824 I wm_task_removed: [55,removeTask]
05-03 16:25:45.551630   774   774 I notification_cancel: [1000,774,android,17040347,NULL,-1,0,0,8,NULL]
05-03 16:25:45.552464   774   774 I notification_canceled: [-1|android|17040347|null|1000,8,4702,4702,2593]
05-03 16:25:45.553110   774   774 I notification_enqueue: [1000,774,android,17040348,NULL,-1,Notification(pri=-2 contentView=null vibrate=null sound=null tick defaults=0x0 flags=0x2 color=0xff607d8b vis=PUBLIC),0]
05-03 16:25:45.585858   774   810 I am_proc_start: [0,17921,10052,com.mediatek.mtklogger,broadcast,com.mediatek.mtklogger/.framework.LogReceiver]
05-03 16:25:45.703539   774   794 I am_proc_bound: [0,17921,com.mediatek.mtklogger]
05-03 16:25:47.228170   774   774 I notification_cancel: [10022,1081,com.android.systemui,2131755032,low_battery,-1,0,64,8,NULL]
05-03 16:25:55.838284   774   793 I am_proc_died: [0,17921,com.mediatek.mtklogger]
05-03 16:25:55.884097   774   808 I am_pss  : [1615,10014,com.android.launcher3,48117760,42905600]
05-03 16:25:57.201924   774   774 I notification_cancel: [10022,1081,com.android.systemui,2131755032,low_battery,-1,0,64,8,NULL]
05-03 16:26:03.885925  1081  1081 I sysui_panelholder_touch: [0,135,0]
05-03 16:26:03.886693  1081  1081 I sysui_count: [panel_open,1]
05-03 16:26:03.892993  1081  1081 I sysui_histogram: [note_load,3]
05-03 16:26:03.893564   774  1664 I notification_panel_revealed: 3
05-03 16:26:03.895493   774  1631 I notification_visibility: [0|com.mediatek.security|1200|null|1000,1,455674402,455674402,0,0]
05-03 16:26:04.396614   774   805 I notification_visibility: [-1|android|17040348|null|1000,1,18844,18844,0,2]
05-03 16:26:04.396789   774   805 I notification_visibility: [-1|android|17040353|null|1000,1,23542,23542,0,1]
05-03 16:26:05.012121   774 13786 I notification_visibility: [0|com.mediatek.security|1200|null|1000,0,455675519,455675519,0,0]
05-03 16:26:05.012286   774 13786 I notification_visibility: [-1|android|17040348|null|1000,0,19460,19460,0,2]
05-03 16:26:05.012383   774 13786 I notification_visibility: [-1|android|17040353|null|1000,0,24158,24158,0,1]
05-03 16:26:05.013261   774  7249 I notification_panel_hidden: []
05-03 16:26:05.013805   774 13786 I am_home_stack_moved: [0,0,1,1,startingNewTask]
05-03 16:26:05.013942   774 13786 I wm_task_moved: [48,1,1]
05-03 16:26:05.016576   774 13786 I am_create_task: [0,56]
05-03 16:26:05.016729   774 13786 I am_create_activity: [0,209406119,56,com.android.settings/.deviceinfo.UsbModeChooserActivity,android.intent.action.MAIN,NULL,NULL,276856832]
05-03 16:26:05.017052   774 13786 I wm_task_created: [56,1]
05-03 16:26:05.017186   774 13786 I wm_task_moved: [56,1,2]
05-03 16:26:05.017486   774 13786 I am_pause_activity: [0,64363096,com.android.launcher3/.Launcher]
05-03 16:26:05.018216  1615  1615 I am_on_paused_called: [0,com.android.launcher3.Launcher]
05-03 16:26:05.021914   774 13786 I am_home_stack_moved: [0,0,1,1,startedActivity setFocusedActivity]
05-03 16:26:05.025024   774 13786 I wm_task_moved: [56,1,2]
05-03 16:26:05.030509   774 13786 I am_focused_activity: [0,com.android.settings/.deviceinfo.UsbModeChooserActivity]
05-03 16:26:05.035425   774  1734 I notification_clicked: [-1|android|17040348|null|1000,19483,19483,639]
05-03 16:26:05.035587   774 13787 I am_restart_activity: [0,209406119,56,com.android.settings/.deviceinfo.UsbModeChooserActivity]
05-03 16:26:05.035658   774   774 I notification_cancel: [10022,1081,android,17040348,NULL,-1,16,64,1,NULL]
05-03 16:26:05.035752   774   774 I sysui_histogram: [note_click_longevity,0]
05-03 16:26:05.106802 16617 16617 I am_on_resume_called: [0,com.android.settings.deviceinfo.UsbModeChooserActivity]
05-03 16:26:05.110315   774   808 I am_pss  : [14907,10078,com.tencent.android.qqdownloader,29244416,20918272]
05-03 16:26:05.148309   774   808 I am_pss  : [6024,10076,com.qihoo.daemon,15159296,9113600]
05-03 16:26:05.197069   774   808 I am_pss  : [6003,10076,com.qihoo.appstore,38753280,31162368]
05-03 16:26:05.236647   774   808 I am_pss  : [15924,10078,com.tencent.android.qqdownloader:connect,15169536,8204288]
05-03 16:26:05.262648   774   824 I am_activity_launch_time: [0,209406119,com.android.settings/.deviceinfo.UsbModeChooserActivity,231,231]
05-03 16:26:05.276600   774   808 I am_pss  : [13234,10016,com.android.mms,6370304,3825664]
05-03 16:26:05.322731   774   808 I am_pss  : [1560,10010,com.google.android.gms.persistent,13474816,10690560]
05-03 16:26:05.358781   774   808 I am_pss  : [1684,10010,com.google.process.gapps,9741312,7876608]
05-03 16:26:05.392082   774   808 I am_pss  : [14999,10078,com.tencent.android.qqdownloader:getapkinfo,8371200,3588096]
05-03 16:26:05.422069   774   808 I am_pss  : [1544,10048,com.android.inputmethod.latin,4939776,3592192]
05-03 16:26:05.455692   774   808 I am_pss  : [2636,10070,org.simalliance.openmobileapi.eseterminal,2201600,1597440]
05-03 16:26:05.487728   774   808 I am_pss  : [2630,10068,org.simalliance.openmobileapi.uicc2terminal,2195456,1581056]
05-03 16:26:05.517291   774   808 I am_pss  : [2625,10067,org.simalliance.openmobileapi.uicc1terminal,2238464,1626112]
05-03 16:26:05.548012   774   808 I am_pss  : [13101,10065,org.simalliance.openmobileapi.service:remote,3756032,1773568]
05-03 16:26:05.960000  1803  1803 I auditd  : type=1400 audit(0.0:2660): avc: denied { read } for comm="GpuAppSpectator" name="cmdline" dev="proc" ino=98442 scontext=u:r:gas_srv:s0 tcontext=u:r:system_app:s0 tclass=file permissive=1
05-03 16:26:05.960000  1803  1803 I auditd  : type=1400 audit(0.0:2661): avc: denied { open } for comm="GpuAppSpectator" path="/proc/16617/cmdline" dev="proc" ino=98442 scontext=u:r:gas_srv:s0 tcontext=u:r:system_app:s0 tclass=file permissive=1
05-03 16:26:05.960000  1803  1803 I auditd  : type=1400 audit(0.0:2662): avc: denied { getattr } for comm="GpuAppSpectator" path="/proc/16617/cmdline" dev="proc" ino=98442 scontext=u:r:gas_srv:s0 tcontext=u:r:system_app:s0 tclass=file permissive=1
05-03 16:26:06.273356   774   824 I am_focused_activity: [0,com.android.settings/.deviceinfo.UsbModeChooserActivity]
05-03 16:26:06.324817   774   805 I am_finish_activity: [0,209406119,56,com.android.settings/.deviceinfo.UsbModeChooserActivity,app-request]
05-03 16:26:06.325389   774   805 I am_home_stack_moved: [0,1,0,0,finishActivity adjustFocus setFocusedActivity]
05-03 16:26:06.325485   774   805 I wm_task_moved: [16,1,1]
05-03 16:26:06.331456   774   805 I am_focused_activity: [0,com.android.launcher3/.Launcher]
05-03 16:26:06.353052   774   805 I am_pause_activity: [0,209406119,com.android.settings/.deviceinfo.UsbModeChooserActivity]
05-03 16:26:06.360329 16617 16617 I am_on_paused_called: [0,com.android.settings.deviceinfo.UsbModeChooserActivity]
05-03 16:26:06.364251   774  1613 I am_resume_activity: [0,64363096,16,com.android.launcher3/.Launcher]
05-03 16:26:06.369065  1615  1615 I am_on_resume_called: [0,com.android.launcher3.Launcher]
05-03 16:26:06.395562   774  1663 I am_destroy_activity: [0,209406119,56,com.android.settings/.deviceinfo.UsbModeChooserActivity,finish-imm]
05-03 16:26:06.431023   774   808 I am_pss  : [13828,10007,android.process.media,9094144,6062080]
05-03 16:26:06.533088   230   230 I sf_frame_dur: [com.android.settings/com.android.settings.deviceinfo.UsbModeChooserActivity,0,1,0,0,0,1,0]
05-03 16:26:06.568082   774   824 I wm_task_removed: [56,removeAppToken: last token]
05-03 16:26:06.568194   774   824 I wm_task_removed: [56,removeTask]
05-03 16:26:07.003804   774   774 I notification_cancel: [1000,774,android,17040348,NULL,-1,0,0,8,NULL]
05-03 16:26:07.004177   774   774 I notification_canceled: [-1|android|17040348|null|1000,8,21452,21452,2608]
05-03 16:26:07.005999   774   774 I notification_enqueue: [1000,774,android,17040349,NULL,-1,Notification(pri=-2 contentView=null vibrate=null sound=null tick defaults=0x0 flags=0x2 color=0xff607d8b vis=PUBLIC),0]
05-03 16:26:07.035330   774   810 I am_proc_start: [0,18241,10052,com.mediatek.mtklogger,broadcast,com.mediatek.mtklogger/.framework.LogReceiver]
05-03 16:26:07.133524   774   805 I am_proc_bound: [0,18241,com.mediatek.mtklogger]
05-03 16:26:07.208159   774   774 I notification_cancel: [10022,1081,com.android.systemui,2131755032,low_battery,-1,0,64,8,NULL]
05-03 16:26:08.327958   774   774 I notification_cancel: [10022,1081,com.android.systemui,2131755032,low_battery,-1,0,64,8,NULL]
05-03 16:26:09.473239   774   774 I notification_cancel: [10022,1081,com.android.systemui,2131755032,low_battery,-1,0,64,8,NULL]
05-03 16:26:17.248026   774  1171 I am_proc_died: [0,18241,com.mediatek.mtklogger]
05-03 16:26:17.306612   774   808 I am_pss  : [16302,10010,com.google.android.gms,20012032,15097856]
05-03 16:26:19.469486   774   774 I notification_cancel: [10022,1081,com.android.systemui,2131755032,low_battery,-1,0,64,8,NULL]
05-03 16:26:29.482233   774   774 I notification_cancel: [10022,1081,com.android.systemui,2131755032,low_battery,-1,0,64,8,NULL]
05-03 16:26:39.482490   774   774 I notification_cancel: [10022,1081,com.android.systemui,2131755032,low_battery,-1,0,64,8,NULL]
05-03 16:26:48.208466   774  1171 I battery_status: [4,2,1,0,Li-ion]
05-03 16:26:48.234095   774   774 I notification_cancel: [10022,1081,com.android.systemui,2131755032,low_battery,-1,0,64,8,NULL]
05-03 16:26:48.306368   774  1734 I battery_level: [77,3897,310]
05-03 16:26:48.357846   774   774 I notification_cancel: [10022,1081,com.android.systemui,2131755032,low_battery,-1,0,64,8,NULL]
05-03 16:26:48.405269   774  1631 I am_proc_start: [0,18598,1000,com.fw.upgrade.sysoper,broadcast,com.fw.upgrade.sysoper/com.adups.fota.sysoper.TaskReceiver]
05-03 16:26:48.409101   774   808 I am_pss  : [13828,10007,android.process.media,9393152,6356992]
05-03 16:26:48.443701   774   808 I am_pss  : [16617,1000,com.android.settings,19069952,13430784]
05-03 16:26:48.550291   774  1663 I am_proc_bound: [0,18598,com.fw.upgrade.sysoper]
05-03 16:26:48.652563   774  1070 I am_proc_died: [0,18598,com.fw.upgrade.sysoper]
05-03 16:26:49.196452   774   774 I notification_cancel: [1000,774,android,17040349,NULL,-1,0,0,8,NULL]
05-03 16:26:49.197564   774   774 I notification_canceled: [-1|android|17040349|null|1000,8,42192,42192,0]
05-03 16:26:49.198077   774   774 I notification_cancel: [1000,774,android,17040353,NULL,-1,0,0,8,NULL]
05-03 16:26:49.198799   774   774 I notification_canceled: [-1|android|17040353|null|1000,8,68344,68344,44802]
05-03 16:26:49.285448   774   810 I am_proc_start: [0,18618,10052,com.mediatek.mtklogger,broadcast,com.mediatek.mtklogger/.framework.LogReceiver]
05-03 16:26:49.384930   774 13786 I am_proc_bound: [0,18618,com.mediatek.mtklogger]
05-03 16:26:58.334493   774   774 I notification_cancel: [10022,1081,com.android.systemui,2131755032,low_battery,-1,0,64,8,NULL]
05-03 16:26:59.507573   774  1664 I am_proc_died: [0,18618,com.mediatek.mtklogger]
05-03 16:27:07.987075   774   811 I configuration_changed: 1152
05-03 16:27:08.012833   774   811 I am_relaunch_resume_activity: [0,64363096,16,com.android.launcher3/.Launcher]
05-03 16:27:08.019140  1615  1615 I am_on_paused_called: [0,com.android.launcher3.Launcher]
05-03 16:27:08.088618   230   230 I sf_frame_dur: [com.android.launcher3/com.android.launcher3.Launcher,0,0,3,2,1,0,3]
05-03 16:27:08.275457   774   810 I am_proc_start: [0,18641,10056,com.android.quicksearchbox,broadcast,com.android.quicksearchbox/.SearchWidgetProvider]
05-03 16:27:08.333760   774  1070 I am_proc_start: [0,18646,10003,android.process.acore,content provider,com.android.providers.contacts/.ContactsProvider2]
05-03 16:27:08.338799  1615  1615 I am_on_resume_called: [0,com.android.launcher3.Launcher]
05-03 16:27:08.417266   774  1631 I am_proc_bound: [0,18641,com.android.quicksearchbox]
05-03 16:27:08.455786   774   794 I am_proc_bound: [0,18646,android.process.acore]
05-03 16:27:08.706172   774  1631 I am_proc_died: [0,16617,com.android.settings]
05-03 16:27:10.362928   774   811 I configuration_changed: 1152
05-03 16:27:10.374462   774   811 I am_relaunch_resume_activity: [0,64363096,16,com.android.launcher3/.Launcher]
05-03 16:27:10.391487  1615  1615 I am_on_paused_called: [0,com.android.launcher3.Launcher]
05-03 16:27:10.462046   230   230 I sf_frame_dur: [com.android.launcher3/com.android.launcher3.Launcher,6,1,0,0,0,0,0]
05-03 16:27:10.667221  1615  1615 I am_on_resume_called: [0,com.android.launcher3.Launcher]
05-03 16:27:10.950078   774 13786 I am_proc_died: [0,13828,android.process.media]
05-03 16:27:18.313291   774   774 I notification_cancel: [10022,1081,com.android.systemui,2131755032,low_battery,-1,0,64,8,NULL]
05-03 16:27:21.960241   774  1664 I am_home_stack_moved: [0,1,0,0,bringingFoundTaskToFront setFocusedActivity]
05-03 16:27:21.960433   774  1664 I wm_task_moved: [23,1,1]
05-03 16:27:21.969708   774  1664 I am_focused_activity: [0,com.android.systemui/.recents.RecentsActivity]
05-03 16:27:21.970147   774  1664 I am_pause_activity: [0,64363096,com.android.launcher3/.Launcher]
05-03 16:27:21.971236  1615  1615 I am_on_paused_called: [0,com.android.launcher3.Launcher]
05-03 16:27:21.979970   774  1664 I am_relaunch_resume_activity: [0,145098940,23,com.android.systemui/.recents.RecentsActivity]
05-03 16:27:21.982402   774  1664 I am_task_to_front: [0,23]
05-03 16:27:21.982607   774  1664 I am_new_intent: [0,143946069,23,com.android.systemui/.recents.RecentsActivity,com.android.systemui.recents.SHOW_RECENTS,NULL,NULL,281034752]
05-03 16:27:22.029238  1081  1081 I sysui_view_visibility: [224,100]
05-03 16:27:22.108326  1081  1081 I sysui_count: [overview_trigger_nav_btn,1]
05-03 16:27:22.108482  1081  1081 I sysui_count: [overview_source_home,1]
05-03 16:27:22.108599  1081  1081 I sysui_histogram: [overview_task_count,8]
05-03 16:27:22.109139  1081  1081 I am_on_resume_called: [0,com.android.systemui.recents.RecentsActivity]
05-03 16:27:22.493237   230   230 I sf_frame_dur: [com.android.launcher3/com.android.launcher3.Launcher,9,1,0,0,0,0,0]
05-03 16:27:22.820528  1081  1081 I sysui_count: [overview_affiliated_task_next,1]
05-03 16:27:23.102793   774  1734 I am_home_stack_moved: [0,1,0,0,bringingFoundTaskToFront setFocusedActivity]
05-03 16:27:23.102934   774  1734 I wm_task_moved: [16,1,1]
05-03 16:27:23.107016   774  1734 I am_focused_activity: [0,com.android.launcher3/.Launcher]
05-03 16:27:23.107427   774  1734 I am_pause_activity: [0,145098940,com.android.systemui/.recents.RecentsActivity]
05-03 16:27:23.114006   774  1734 I am_resume_activity: [0,64363096,16,com.android.launcher3/.Launcher]
05-03 16:27:23.116356   774  1734 I am_task_to_front: [0,16]
05-03 16:27:23.116695   774  1734 I am_new_intent: [0,218655307,16,com.android.launcher3/.Launcher,android.intent.action.MAIN,NULL,NULL,274726912]
05-03 16:27:23.121043  1081  1081 I am_on_paused_called: [0,com.android.systemui.recents.RecentsActivity]
05-03 16:27:23.121894  1081  1081 I sysui_view_visibility: [224,0]
05-03 16:27:23.135246  1615  1615 I am_on_resume_called: [0,com.android.launcher3.Launcher]
05-03 16:27:23.419696   230   230 I sf_frame_dur: [com.android.systemui/com.android.systemui.recents.RecentsActivity,37,0,1,1,0,0,0]
05-03 16:27:23.609404   774 13787 I battery_discharge: [35401,78,77]
05-03 16:27:23.609496   774 13787 I battery_status: [2,2,1,2,Li-ion]
05-03 16:27:23.623411   774   774 I notification_cancel: [10022,1081,com.android.systemui,2131755032,low_battery,-1,0,64,8,NULL]
05-03 16:27:23.742306   774  7249 I am_proc_start: [0,18691,10007,android.process.media,content provider,com.android.providers.media/.MediaProvider]
05-03 16:27:23.805466   774   774 I notification_enqueue: [1000,774,android,17040347,NULL,-1,Notification(pri=-2 contentView=null vibrate=null sound=null tick defaults=0x0 flags=0x2 color=0xff607d8b vis=PUBLIC),0]
05-03 16:27:23.807928   774   774 I notification_enqueue: [1000,774,android,17040353,NULL,-1,Notification(pri=-1 contentView=null vibrate=null sound=null tick defaults=0x0 flags=0x2 color=0xff607d8b vis=PUBLIC),0]
05-03 16:27:23.840135   774   810 I am_proc_start: [0,18696,10052,com.mediatek.mtklogger,broadcast,com.mediatek.mtklogger/.framework.LogReceiver]
05-03 16:27:23.880026   774 13786 I am_proc_bound: [0,18691,android.process.media]
05-03 16:27:23.961635   774  1663 I am_proc_bound: [0,18696,com.mediatek.mtklogger]
05-03 16:27:24.124367   774 13787 I notification_cancel_all: [10007,18691,com.android.providers.downloads,0,0,64,9,NULL]
05-03 16:27:25.906174   774   774 I notification_cancel: [10022,1081,com.android.systemui,2131755032,low_battery,-1,0,64,8,NULL]
05-03 16:27:27.568123   774 13786 I am_proc_died: [0,18646,android.process.acore]
05-03 16:27:27.811097   774   810 I am_home_stack_moved: [0,0,1,1,startingNewTask]
05-03 16:27:27.811242   774   810 I wm_task_moved: [48,1,1]
05-03 16:27:27.813997   774   810 I am_create_task: [0,57]
05-03 16:27:27.814107   774   810 I am_create_activity: [0,89441225,57,com.tencent.android.qqdownloader/com.qq.AppService.StartApp,NULL,NULL,NULL,276824064]
05-03 16:27:27.814694   774   810 I wm_task_created: [57,1]
05-03 16:27:27.814782   774   810 I wm_task_moved: [57,1,2]
05-03 16:27:27.821039   774   810 I am_pause_activity: [0,64363096,com.android.launcher3/.Launcher]
05-03 16:27:27.822131  1615  1615 I am_on_paused_called: [0,com.android.launcher3.Launcher]
05-03 16:27:27.823661   774   810 I am_home_stack_moved: [0,0,1,1,startedActivity setFocusedActivity]
05-03 16:27:27.823774   774   810 I wm_task_moved: [57,1,2]
05-03 16:27:27.829041   774   810 I am_focused_activity: [0,com.tencent.android.qqdownloader/com.qq.AppService.StartApp]
05-03 16:27:27.836813   774  1171 I am_restart_activity: [0,89441225,57,com.tencent.android.qqdownloader/com.qq.AppService.StartApp]
05-03 16:27:27.850679   774  1070 I am_finish_activity: [0,89441225,57,com.tencent.android.qqdownloader/com.qq.AppService.StartApp,app-request]
05-03 16:27:27.851374   774  1070 I am_home_stack_moved: [0,1,0,0,finishActivity adjustFocus setFocusedActivity]
05-03 16:27:27.851488   774  1070 I wm_task_moved: [16,1,1]
05-03 16:27:27.855154   774  1070 I am_focused_activity: [0,com.android.launcher3/.Launcher]
05-03 16:27:28.156922   774  1070 I am_pause_activity: [0,89441225,com.tencent.android.qqdownloader/com.qq.AppService.StartApp]
05-03 16:27:28.192929   774  1631 I am_resume_activity: [0,64363096,16,com.android.launcher3/.Launcher]
05-03 16:27:28.195779  1615  1615 I am_on_resume_called: [0,com.android.launcher3.Launcher]
05-03 16:27:28.266109   774  1734 I am_destroy_activity: [0,89441225,57,com.tencent.android.qqdownloader/com.qq.AppService.StartApp,finish-idle]
05-03 16:27:28.271115   774  1663 I wm_task_removed: [57,removeAppToken: last token]
05-03 16:27:28.271256   774  1663 I wm_task_removed: [57,removeTask]
05-03 16:27:28.432119  1081  1081 I sysui_panelholder_touch: [0,260,4]
05-03 16:27:28.433021  1081  1081 I sysui_count: [panel_open,1]
05-03 16:27:28.435285  1081  1081 I sysui_histogram: [note_load,3]
05-03 16:27:28.435677   774  1663 I notification_panel_revealed: 3
05-03 16:27:28.437649   774  1070 I notification_visibility: [0|com.mediatek.security|1200|null|1000,1,455758944,455758944,0,0]
05-03 16:27:28.939012   774  7928 I notification_visibility: [-1|android|17040353|null|1000,1,5131,5131,0,1]
05-03 16:27:28.939133   774  7928 I notification_visibility: [-1|android|17040347|null|1000,1,5134,5134,0,2]
05-03 16:27:29.572781   774  1171 I notification_visibility: [0|com.mediatek.security|1200|null|1000,0,455760079,455760079,0,0]
05-03 16:27:29.572927   774  1171 I notification_visibility: [-1|android|17040353|null|1000,0,5765,5765,0,1]
05-03 16:27:29.572994   774  1171 I notification_visibility: [-1|android|17040347|null|1000,0,5767,5767,0,2]
05-03 16:27:29.573807   774 13787 I notification_panel_hidden: []
05-03 16:27:29.579076   774  1664 I am_home_stack_moved: [0,0,1,1,startingNewTask]
05-03 16:27:29.579220   774  1664 I wm_task_moved: [48,1,1]
05-03 16:27:29.584551   774  1664 I am_create_task: [0,58]
05-03 16:27:29.584680   774  1664 I am_create_activity: [0,151957254,58,com.android.settings/.deviceinfo.UsbModeChooserActivity,android.intent.action.MAIN,NULL,NULL,276856832]
05-03 16:27:29.587705   774  1664 I wm_task_created: [58,1]
05-03 16:27:29.587801   774  1664 I wm_task_moved: [58,1,2]
05-03 16:27:29.588088   774  1664 I am_pause_activity: [0,64363096,com.android.launcher3/.Launcher]
05-03 16:27:29.591181   774  1664 I am_home_stack_moved: [0,0,1,1,startedActivity setFocusedActivity]
05-03 16:27:29.591330   774  1664 I wm_task_moved: [58,1,2]
05-03 16:27:29.602176  1615  1615 I am_on_paused_called: [0,com.android.launcher3.Launcher]
05-03 16:27:29.603283   774  1664 I am_focused_activity: [0,com.android.settings/.deviceinfo.UsbModeChooserActivity]
05-03 16:27:29.610531   774  1070 I notification_clicked: [-1|android|17040347|null|1000,5805,5805,671]
05-03 16:27:29.610972   774   774 I notification_cancel: [10022,1081,android,17040347,NULL,-1,16,64,1,NULL]
05-03 16:27:29.611082   774   774 I sysui_histogram: [note_click_longevity,0]
05-03 16:27:29.642586   774  1663 I am_proc_start: [0,18811,1000,com.android.settings,activity,com.android.settings/.deviceinfo.UsbModeChooserActivity]
05-03 16:27:29.765731   774   805 I am_proc_bound: [0,18811,com.android.settings]
05-03 16:27:29.772093   774   805 I am_restart_activity: [0,151957254,58,com.android.settings/.deviceinfo.UsbModeChooserActivity]
05-03 16:27:29.998396 18811 18811 I am_on_resume_called: [0,com.android.settings.deviceinfo.UsbModeChooserActivity]
05-03 16:27:30.217983   774  1734 I am_proc_died: [0,18641,com.android.quicksearchbox]
05-03 16:27:30.230000  1803  1803 I auditd  : type=1400 audit(0.0:2663): avc: denied { read } for comm="GpuAppSpectator" name="cmdline" dev="proc" ino=100073 scontext=u:r:gas_srv:s0 tcontext=u:r:system_app:s0 tclass=file permissive=1
05-03 16:27:30.230000  1803  1803 I auditd  : type=1400 audit(0.0:2664): avc: denied { open } for comm="GpuAppSpectator" path="/proc/18811/cmdline" dev="proc" ino=100073 scontext=u:r:gas_srv:s0 tcontext=u:r:system_app:s0 tclass=file permissive=1
05-03 16:27:30.230000  1803  1803 I auditd  : type=1400 audit(0.0:2665): avc: denied { getattr } for comm="GpuAppSpectator" path="/proc/18811/cmdline" dev="proc" ino=100073 scontext=u:r:gas_srv:s0 tcontext=u:r:system_app:s0 tclass=file permissive=1
05-03 16:27:30.244935   774   824 I am_activity_launch_time: [0,151957254,com.android.settings/.deviceinfo.UsbModeChooserActivity,641,2411]
05-03 16:27:30.353534   774  1631 I am_proc_died: [0,18696,com.mediatek.mtklogger]
05-03 16:27:32.263207   774   824 I am_focused_activity: [0,com.android.settings/.deviceinfo.UsbModeChooserActivity]
05-03 16:27:32.322605   774  1664 I am_finish_activity: [0,151957254,58,com.android.settings/.deviceinfo.UsbModeChooserActivity,app-request]
05-03 16:27:32.323204   774  1664 I am_home_stack_moved: [0,1,0,0,finishActivity adjustFocus setFocusedActivity]
05-03 16:27:32.323301   774  1664 I wm_task_moved: [16,1,1]
05-03 16:27:32.330132   774  1664 I am_focused_activity: [0,com.android.launcher3/.Launcher]
05-03 16:27:32.363481   774  1664 I am_pause_activity: [0,151957254,com.android.settings/.deviceinfo.UsbModeChooserActivity]
05-03 16:27:32.372789 18811 18811 I am_on_paused_called: [0,com.android.settings.deviceinfo.UsbModeChooserActivity]
05-03 16:27:32.379405   774  7928 I am_resume_activity: [0,64363096,16,com.android.launcher3/.Launcher]
05-03 16:27:32.383622  1615  1615 I am_on_resume_called: [0,com.android.launcher3.Launcher]
05-03 16:27:32.407348   774  1631 I am_destroy_activity: [0,151957254,58,com.android.settings/.deviceinfo.UsbModeChooserActivity,finish-imm]
05-03 16:27:32.410000 18869 18869 I auditd  : type=1400 audit(0.0:2666): avc: denied { getattr } for comm="Thread-244" path="/proc/1" dev="proc" ino=7257 scontext=u:r:untrusted_app:s0:c512,c768 tcontext=u:r:init:s0 tclass=dir permissive=1
05-03 16:27:32.410000 18869 18869 I auditd  : type=1400 audit(0.0:2667): avc: denied { search } for comm="Thread-244" name="1" dev="proc" ino=7257 scontext=u:r:untrusted_app:s0:c512,c768 tcontext=u:r:init:s0 tclass=dir permissive=1
05-03 16:27:32.410000 18869 18869 I auditd  : type=1400 audit(0.0:2668): avc: denied { read } for comm="Thread-244" name="status" dev="proc" ino=82926 scontext=u:r:untrusted_app:s0:c512,c768 tcontext=u:r:init:s0 tclass=file permissive=1
05-03 16:27:32.410000 18869 18869 I auditd  : type=1400 audit(0.0:2669): avc: denied { open } for comm="Thread-244" path="/proc/1/status" dev="proc" ino=82926 scontext=u:r:untrusted_app:s0:c512,c768 tcontext=u:r:init:s0 tclass=file permissive=1
05-03 16:27:32.410000 18869 18869 I auditd  : type=1400 audit(0.0:2670): avc: denied { getattr } for comm="Thread-244" path="/proc/1/status" dev="proc" ino=82926 scontext=u:r:untrusted_app:s0:c512,c768 tcontext=u:r:init:s0 tclass=file permissive=1
05-03 16:27:32.420000 18869 18869 I auditd  : type=1400 audit(0.0:2671): avc: denied { getattr } for comm="Thread-244" path="/proc/2" dev="proc" ino=10512 scontext=u:r:untrusted_app:s0:c512,c768 tcontext=u:r:kernel:s0 tclass=dir permissive=1
05-03 16:27:32.420000 18869 18869 I auditd  : type=1400 audit(0.0:2672): avc: denied { search } for comm="Thread-244" name="2" dev="proc" ino=10512 scontext=u:r:untrusted_app:s0:c512,c768 tcontext=u:r:kernel:s0 tclass=dir permissive=1
05-03 16:27:32.420000 18869 18869 I auditd  : type=1400 audit(0.0:2673): avc: denied { read } for comm="Thread-244" name="status" dev="proc" ino=63181 scontext=u:r:untrusted_app:s0:c512,c768 tcontext=u:r:kernel:s0 tclass=file permissive=1
05-03 16:27:32.420000 18869 18869 I auditd  : type=1400 audit(0.0:2674): avc: denied { open } for comm="Thread-244" path="/proc/2/status" dev="proc" ino=63181 scontext=u:r:untrusted_app:s0:c512,c768 tcontext=u:r:kernel:s0 tclass=file permissive=1
05-03 16:27:32.420000 18869 18869 I auditd  : type=1400 audit(0.0:2675): avc: denied { getattr } for comm="Thread-244" path="/proc/2/status" dev="proc" ino=63181 scontext=u:r:untrusted_app:s0:c512,c768 tcontext=u:r:kernel:s0 tclass=file permissive=1
05-03 16:27:32.542251   230   230 I sf_frame_dur: [com.android.settings/com.android.settings.deviceinfo.UsbModeChooserActivity,12,2,0,1,0,0,1]
05-03 16:27:32.592946   774   824 I wm_task_removed: [58,removeAppToken: last token]
05-03 16:27:32.593069   774   824 I wm_task_removed: [58,removeTask]
05-03 16:27:32.639940   774   774 I notification_cancel: [1000,774,android,17040347,NULL,-1,0,0,8,NULL]
05-03 16:27:32.640487   774   774 I notification_canceled: [-1|android|17040347|null|1000,8,8835,8835,3701]
05-03 16:27:32.642361   774   774 I notification_enqueue: [1000,774,android,17040348,NULL,-1,Notification(pri=-2 contentView=null vibrate=null sound=null tick defaults=0x0 flags=0x2 color=0xff607d8b vis=PUBLIC),0]
05-03 16:27:32.686915   774   810 I am_proc_start: [0,18884,10052,com.mediatek.mtklogger,broadcast,com.mediatek.mtklogger/.framework.LogReceiver]
05-03 16:27:32.707673   774   774 I notification_cancel: [10078,15924,com.tencent.android.qqdownloader,12345,NULL,0,0,64,8,NULL]
05-03 16:27:32.807879   774  1631 I am_proc_bound: [0,18884,com.mediatek.mtklogger]
05-03 16:27:32.860000 18869 18869 I auditd  : type=1400 audit(0.0:2676): avc: denied { getattr } for comm="Thread-244" path="/proc/182" dev="proc" ino=43 scontext=u:r:untrusted_app:s0:c512,c768 tcontext=u:r:ueventd:s0 tclass=dir permissive=1
05-03 16:27:32.860000 18869 18869 I auditd  : type=1400 audit(0.0:2677): avc: denied { search } for comm="Thread-244" name="182" dev="proc" ino=43 scontext=u:r:untrusted_app:s0:c512,c768 tcontext=u:r:ueventd:s0 tclass=dir permissive=1
05-03 16:27:32.860000 18869 18869 I auditd  : type=1400 audit(0.0:2678): avc: denied { read } for comm="Thread-244" name="status" dev="proc" ino=91179 scontext=u:r:untrusted_app:s0:c512,c768 tcontext=u:r:ueventd:s0 tclass=file permissive=1
05-03 16:27:32.860000 18869 18869 I auditd  : type=1400 audit(0.0:2679): avc: denied { open } for comm="Thread-244" path="/proc/182/status" dev="proc" ino=91179 scontext=u:r:untrusted_app:s0:c512,c768 tcontext=u:r:ueventd:s0 tclass=file permissive=1
05-03 16:27:32.860000 18869 18869 I auditd  : type=1400 audit(0.0:2680): avc: denied { getattr } for comm="Thread-244" path="/proc/182/status" dev="proc" ino=91179 scontext=u:r:untrusted_app:s0:c512,c768 tcontext=u:r:ueventd:s0 tclass=file permissive=1
05-03 16:27:32.890000 18869 18869 I auditd  : type=1400 audit(0.0:2681): avc: denied { getattr } for comm="Thread-244" path="/proc/215" dev="proc" ino=337 scontext=u:r:untrusted_app:s0:c512,c768 tcontext=u:r:logd:s0 tclass=dir permissive=1
05-03 16:27:32.890000 18869 18869 I auditd  : type=1400 audit(0.0:2682): avc: denied { search } for comm="Thread-244" name="215" dev="proc" ino=337 scontext=u:r:untrusted_app:s0:c512,c768 tcontext=u:r:logd:s0 tclass=dir permissive=1
05-03 16:27:32.890000 18869 18869 I auditd  : type=1400 audit(0.0:2683): avc: denied { read } for comm="Thread-244" name="status" dev="proc" ino=90087 scontext=u:r:untrusted_app:s0:c512,c768 tcontext=u:r:logd:s0 tclass=file permissive=1
05-03 16:27:32.890000 18869 18869 I auditd  : type=1400 audit(0.0:2684): avc: denied { open } for comm="Thread-244" path="/proc/215/status" dev="proc" ino=90087 scontext=u:r:untrusted_app:s0:c512,c768 tcontext=u:r:logd:s0 tclass=file permissive=1
