----- timezone:GMT
05-03 16:11:59.150000 15865 15865 I auditd  : type=1400 audit(0.0:2200): avc: denied { read } for comm="pool-24-thread-" name="ppl_agent" dev="mmcblk0p21" ino=575 scontext=u:r:untrusted_app:s0:c512,c768 tcontext=u:object_r:ppl_agent_exec:s0 tclass=file permissive=1
05-03 16:11:59.160000 15865 15865 I auditd  : type=1400 audit(0.0:2201): avc: denied { read } for comm="pool-24-thread-" name="pppd" dev="mmcblk0p21" ino=576 scontext=u:r:untrusted_app:s0:c512,c768 tcontext=u:object_r:ppp_exec:s0 tclass=file permissive=1
05-03 16:11:59.170000 15865 15865 I auditd  : type=1400 audit(0.0:2202): avc: denied { read } for comm="pool-24-thread-" name="pppd_dt" dev="mmcblk0p21" ino=577 scontext=u:r:untrusted_app:s0:c512,c768 tcontext=u:object_r:pppd_dt_exec:s0 tclass=file permissive=1
05-03 16:11:59.180000 15865 15865 I auditd  : type=1400 audit(0.0:2203): avc: denied { read } for comm="pool-24-thread-" name="pq" dev="mmcblk0p21" ino=578 scontext=u:r:untrusted_app:s0:c512,c768 tcontext=u:object_r:pq_exec:s0 tclass=file permissive=1
05-03 16:11:59.214650   774  1171 I am_finish_activity: [0,229705976,22,com.qihoo.appstore/.home.MainActivity,app-request]
05-03 16:11:59.215813   774  1171 I am_home_stack_moved: [0,1,0,0,finishActivity adjustFocus setFocusedActivity]
05-03 16:11:59.216065   774  1171 I wm_task_moved: [16,1,1]
05-03 16:11:59.230532   774  1171 I am_focused_activity: [0,com.android.launcher3/.Launcher]
05-03 16:11:59.240000 15865 15865 I auditd  : type=1400 audit(0.0:2204): avc: denied { read } for comm="pool-24-thread-" name="program_binary_service" dev="mmcblk0p21" ino=582 scontext=u:r:untrusted_app:s0:c512,c768 tcontext=u:object_r:program_binary_exec:s0 tclass=file permissive=1
05-03 16:11:59.250000 15865 15865 I auditd  : type=1400 audit(0.0:2205): avc: denied { read } for comm="pool-24-thread-" name="racoon" dev="mmcblk0p21" ino=585 scontext=u:r:untrusted_app:s0:c512,c768 tcontext=u:object_r:racoon_exec:s0 tclass=file permissive=1
05-03 16:11:59.320000 15865 15865 I auditd  : type=1400 audit(0.0:2206): avc: denied { read } for comm="pool-24-thread-" name="resize2fs" dev="mmcblk0p21" ino=592 scontext=u:r:untrusted_app:s0:c512,c768 tcontext=u:object_r:resize_exec:s0 tclass=file permissive=1
05-03 16:11:59.380000 15865 15865 I auditd  : type=1400 audit(0.0:2207): avc: denied { read } for comm="pool-24-thread-" name="s62xd" dev="mmcblk0p21" ino=603 scontext=u:r:untrusted_app:s0:c512,c768 tcontext=u:object_r:s62xd_exec:s0 tclass=file permissive=1
05-03 16:11:59.407790   774  1171 I am_pause_activity: [0,229705976,com.qihoo.appstore/.home.MainActivity]
05-03 16:11:59.410000 15865 15865 I auditd  : type=1400 audit(0.0:2208): avc: denied { read } for comm="pool-24-thread-" name="sdcard" dev="mmcblk0p21" ino=607 scontext=u:r:untrusted_app:s0:c512,c768 tcontext=u:object_r:sdcardd_exec:s0 tclass=file permissive=1
05-03 16:11:59.430000 15865 15865 I auditd  : type=1400 audit(0.0:2209): avc: denied { read } for comm="pool-24-thread-" name="servicemanager" dev="mmcblk0p21" ino=613 scontext=u:r:untrusted_app:s0:c512,c768 tcontext=u:object_r:servicemanager_exec:s0 tclass=file permissive=1
05-03 16:11:59.450000 15865 15865 I auditd  : type=1400 audit(0.0:2210): avc: denied { read } for comm="pool-24-thread-" name="sgdisk" dev="mmcblk0p21" ino=618 scontext=u:r:untrusted_app:s0:c512,c768 tcontext=u:object_r:sgdisk_exec:s0 tclass=file permissive=1
05-03 16:11:59.460000 15865 15865 I auditd  : type=1400 audit(0.0:2211): avc: denied { read } for comm="pool-24-thread-" name="slpd" dev="mmcblk0p21" ino=623 scontext=u:r:untrusted_app:s0:c512,c768 tcontext=u:object_r:slpd_exec:s0 tclass=file permissive=1
05-03 16:11:59.470000 15865 15865 I auditd  : type=1400 audit(0.0:2212): avc: denied { read } for comm="pool-24-thread-" name="sn" dev="mmcblk0p21" ino=625 scontext=u:r:untrusted_app:s0:c512,c768 tcontext=u:object_r:sn_exec:s0 tclass=file permissive=1
05-03 16:11:59.473338   774   810 I am_proc_start: [0,15924,10078,com.tencent.android.qqdownloader:connect,service,com.tencent.android.qqdownloader/com.qq.AppService.IPCService]
05-03 16:11:59.480000 15865 15865 I auditd  : type=1400 audit(0.0:2213): avc: denied { read } for comm="pool-24-thread-" name="spm_loader" dev="mmcblk0p21" ino=630 scontext=u:r:untrusted_app:s0:c512,c768 tcontext=u:object_r:spm_loader_exec:s0 tclass=file permissive=1
05-03 16:11:59.490000 15865 15865 I auditd  : type=1400 audit(0.0:2214): avc: denied { read } for comm="pool-24-thread-" name="stp_dump3" dev="mmcblk0p21" ino=634 scontext=u:r:untrusted_app:s0:c512,c768 tcontext=u:object_r:stp_dump3_exec:s0 tclass=file permissive=1
05-03 16:11:59.500000 15865 15865 I auditd  : type=1400 audit(0.0:2215): avc: denied { read } for comm="pool-24-thread-" name="surfaceflinger" dev="mmcblk0p21" ino=637 scontext=u:r:untrusted_app:s0:c512,c768 tcontext=u:object_r:surfaceflinger_exec:s0 tclass=file permissive=1
05-03 16:11:59.551990  6003  6003 I am_on_paused_called: [0,com.qihoo.appstore.home.MainActivity]
05-03 16:11:59.560000 15865 15865 I auditd  : type=1400 audit(0.0:2216): avc: denied { read } for comm="pool-24-thread-" name="terservice" dev="mmcblk0p21" ino=650 scontext=u:r:untrusted_app:s0:c512,c768 tcontext=u:object_r:terservice_exec:s0 tclass=file permissive=1
05-03 16:11:59.560000 15865 15865 I auditd  : type=1400 audit(0.0:2217): avc: denied { read } for comm="pool-24-thread-" name="thermal" dev="mmcblk0p21" ino=652 scontext=u:r:untrusted_app:s0:c512,c768 tcontext=u:object_r:thermal_exec:s0 tclass=file permissive=1
05-03 16:11:59.570000 15865 15865 I auditd  : type=1400 audit(0.0:2218): avc: denied { read } for comm="pool-24-thread-" name="thermal_manager" dev="mmcblk0p21" ino=653 scontext=u:r:untrusted_app:s0:c512,c768 tcontext=u:object_r:thermal_manager_exec:s0 tclass=file permissive=1
05-03 16:11:59.591839   774  1664 I am_resume_activity: [0,64363096,16,com.android.launcher3/.Launcher]
05-03 16:11:59.612582  1615  1615 I am_on_resume_called: [0,com.android.launcher3.Launcher]
05-03 16:11:59.850159   774 13786 I am_proc_bound: [0,15924,com.tencent.android.qqdownloader:connect]
05-03 16:12:00.066244   230   230 I sf_frame_dur: [com.qihoo.appstore/com.qihoo.appstore.home.MainActivity,3,7,22,2,1,2,0]
05-03 16:12:00.392028   774  7928 I am_destroy_activity: [0,229705976,22,com.qihoo.appstore/.home.MainActivity,finish-imm]
05-03 16:12:00.420311   774   774 I notification_cancel: [10076,6003,com.qihoo.appstore,10015,NULL,0,0,64,8,NULL]
05-03 16:12:00.511309   774 13786 I wm_task_removed: [22,removeAppToken: last token]
05-03 16:12:00.511485   774 13786 I wm_task_removed: [22,removeTask]
05-03 16:12:00.725140  1081  1081 I sysui_panelholder_touch: [0,196,10]
05-03 16:12:00.726414  1081  1081 I sysui_count: [panel_open,1]
05-03 16:12:00.729239  1081  1081 I sysui_histogram: [note_load,3]
05-03 16:12:00.729685   774  1663 I notification_panel_revealed: 3
05-03 16:12:00.732720   774  1070 I notification_visibility: [0|com.mediatek.security|1200|null|1000,1,454831239,454831239,0,0]
05-03 16:12:01.238916   774   805 I notification_visibility: [-1|android|17040353|null|1000,1,18239,18239,0,1]
05-03 16:12:01.239050   774   805 I notification_visibility: [-1|android|17040347|null|1000,1,18249,18249,0,2]
05-03 16:12:01.604888   774  1070 I notification_visibility: [0|com.mediatek.security|1200|null|1000,0,454832111,454832111,0,0]
05-03 16:12:01.605058   774  1070 I notification_visibility: [-1|android|17040353|null|1000,0,18606,18606,0,1]
05-03 16:12:01.605155   774  1070 I notification_visibility: [-1|android|17040347|null|1000,0,18615,18615,0,2]
05-03 16:12:01.606989   774  7249 I notification_panel_hidden: []
05-03 16:12:01.619293   774  1171 I am_home_stack_moved: [0,0,1,1,startingNewTask]
05-03 16:12:01.619426   774  1171 I wm_task_moved: [24,1,0]
05-03 16:12:01.623477   774  1171 I am_create_task: [0,47]
05-03 16:12:01.623660   774  1171 I am_create_activity: [0,30123630,47,com.android.settings/.deviceinfo.UsbModeChooserActivity,android.intent.action.MAIN,NULL,NULL,276856832]
05-03 16:12:01.623972   774  1171 I wm_task_created: [47,1]
05-03 16:12:01.624102   774  1171 I wm_task_moved: [47,1,1]
05-03 16:12:01.624467   774  1171 I am_pause_activity: [0,64363096,com.android.launcher3/.Launcher]
05-03 16:12:01.631691   774  1171 I am_home_stack_moved: [0,0,1,1,startedActivity setFocusedActivity]
05-03 16:12:01.631920   774  1171 I wm_task_moved: [47,1,1]
05-03 16:12:01.636827  1615  1615 I am_on_paused_called: [0,com.android.launcher3.Launcher]
05-03 16:12:01.645819   774  1171 I am_focused_activity: [0,com.android.settings/.deviceinfo.UsbModeChooserActivity]
05-03 16:12:01.649454   774  1613 I notification_clicked: [-1|android|17040347|null|1000,18659,18659,410]
05-03 16:12:01.649737   774   774 I notification_cancel: [10022,1081,android,17040347,NULL,-1,16,64,1,NULL]
05-03 16:12:01.649883   774   774 I sysui_histogram: [note_click_longevity,0]
05-03 16:12:01.685514   774   793 I am_proc_start: [0,15954,1000,com.android.settings,activity,com.android.settings/.deviceinfo.UsbModeChooserActivity]
05-03 16:12:01.753012   774  7249 I am_proc_died: [0,15183,com.google.android.gms]
05-03 16:12:01.865942   774 13787 I am_proc_bound: [0,15954,com.android.settings]
05-03 16:12:01.872708   774 13787 I am_restart_activity: [0,30123630,47,com.android.settings/.deviceinfo.UsbModeChooserActivity]
05-03 16:12:02.179809 15954 15954 I am_on_resume_called: [0,com.android.settings.deviceinfo.UsbModeChooserActivity]
05-03 16:12:02.240000  1803  1803 I auditd  : type=1400 audit(0.0:2234): avc: denied { read } for comm="GpuAppSpectator" name="cmdline" dev="proc" ino=91434 scontext=u:r:gas_srv:s0 tcontext=u:r:system_app:s0 tclass=file permissive=1
05-03 16:12:02.240000  1803  1803 I auditd  : type=1400 audit(0.0:2235): avc: denied { open } for comm="GpuAppSpectator" path="/proc/15954/cmdline" dev="proc" ino=91434 scontext=u:r:gas_srv:s0 tcontext=u:r:system_app:s0 tclass=file permissive=1
05-03 16:12:02.240000  1803  1803 I auditd  : type=1400 audit(0.0:2236): avc: denied { getattr } for comm="GpuAppSpectator" path="/proc/15954/cmdline" dev="proc" ino=91434 scontext=u:r:gas_srv:s0 tcontext=u:r:system_app:s0 tclass=file permissive=1
05-03 16:12:02.439587   774   824 I am_activity_launch_time: [0,30123630,com.android.settings/.deviceinfo.UsbModeChooserActivity,791,19826]
05-03 16:12:03.644450   774   824 I am_focused_activity: [0,com.android.settings/.deviceinfo.UsbModeChooserActivity]
05-03 16:12:03.702529   774   793 I am_finish_activity: [0,30123630,47,com.android.settings/.deviceinfo.UsbModeChooserActivity,app-request]
05-03 16:12:03.703275   774   793 I am_home_stack_moved: [0,1,0,0,finishActivity adjustFocus setFocusedActivity]
05-03 16:12:03.703434   774   793 I wm_task_moved: [16,1,1]
05-03 16:12:03.717493   774   793 I am_focused_activity: [0,com.android.launcher3/.Launcher]
05-03 16:12:03.780282   774   793 I am_pause_activity: [0,30123630,com.android.settings/.deviceinfo.UsbModeChooserActivity]
05-03 16:12:03.795633 15954 15954 I am_on_paused_called: [0,com.android.settings.deviceinfo.UsbModeChooserActivity]
05-03 16:12:03.800248   774  1631 I am_resume_activity: [0,64363096,16,com.android.launcher3/.Launcher]
05-03 16:12:03.803936  1615  1615 I am_on_resume_called: [0,com.android.launcher3.Launcher]
05-03 16:12:03.841164   774 13787 I am_destroy_activity: [0,30123630,47,com.android.settings/.deviceinfo.UsbModeChooserActivity,finish-imm]
05-03 16:12:03.903209   230   230 I sf_frame_dur: [com.android.settings/com.android.settings.deviceinfo.UsbModeChooserActivity,0,1,0,1,0,0,0]
05-03 16:12:04.036080   774   824 I wm_task_removed: [47,removeAppToken: last token]
05-03 16:12:04.036186   774   824 I wm_task_removed: [47,removeTask]
05-03 16:12:04.192145   774   774 I notification_cancel: [1000,774,android,17040347,NULL,-1,0,0,8,NULL]
05-03 16:12:04.192563   774   774 I notification_canceled: [-1|android|17040347|null|1000,8,21202,21202,2953]
05-03 16:12:04.194058   774   774 I notification_enqueue: [1000,774,android,17040348,NULL,-1,Notification(pri=-2 contentView=null vibrate=null sound=null tick defaults=0x0 flags=0x2 color=0xff607d8b vis=PUBLIC),0]
05-03 16:12:04.265817   774   810 I am_proc_start: [0,15990,10052,com.mediatek.mtklogger,broadcast,com.mediatek.mtklogger/.framework.LogReceiver]
05-03 16:12:04.434024   774  1631 I am_proc_bound: [0,15990,com.mediatek.mtklogger]
05-03 16:12:04.774197   774   774 I notification_cancel: [10022,1081,com.android.systemui,2131755032,low_battery,-1,0,64,8,NULL]
05-03 16:12:04.801431   774   808 I am_meminfo: [131657728,18857984,42614784,308674560,42220544]
05-03 16:12:04.837078   774   808 I am_pss  : [1615,10014,com.android.launcher3,50912256,42631168]
05-03 16:12:04.872769   774   808 I am_pss  : [6024,10076,com.qihoo.daemon,18221056,12480512]
05-03 16:12:04.901025   774   808 I am_pss  : [13828,10007,android.process.media,8822784,6180864]
05-03 16:12:04.926116   774   808 I am_pss  : [15924,10078,com.tencent.android.qqdownloader:connect,10527744,4481024]
05-03 16:12:04.956136   774   808 I am_pss  : [15954,1000,com.android.settings,16231424,11530240]
05-03 16:12:04.984846   774   808 I am_pss  : [13234,10016,com.android.mms,6407168,3846144]
05-03 16:12:05.011582   774   808 I am_pss  : [1544,10048,com.android.inputmethod.latin,3269632,2441216]
05-03 16:12:05.046435   774   808 I am_pss  : [6003,10076,com.qihoo.appstore,36202496,29257728]
05-03 16:12:05.076953   774   808 I am_pss  : [15826,10003,android.process.acore,20911104,14278656]
05-03 16:12:05.103505   774   808 I am_pss  : [15903,10005,com.android.defcontainer,3945472,2473984]
05-03 16:12:05.149685   774   808 I am_pss  : [14907,10078,com.tencent.android.qqdownloader,30966784,22036480]
05-03 16:12:05.173471   774   808 I am_pss  : [14999,10078,com.tencent.android.qqdownloader:getapkinfo,8305664,3354624]
05-03 16:12:05.199997   774   808 I am_pss  : [15809,10056,com.android.quicksearchbox,4463616,2736128]
05-03 16:12:05.230029   774   808 I am_pss  : [1684,10010,com.google.process.gapps,9919488,8245248]
05-03 16:12:05.262350   774   808 I am_pss  : [1560,10010,com.google.android.gms.persistent,14815232,13250560]
05-03 16:12:05.287971   774   808 I am_pss  : [2636,10070,org.simalliance.openmobileapi.eseterminal,1327104,798720]
05-03 16:12:05.313720   774   808 I am_pss  : [2630,10068,org.simalliance.openmobileapi.uicc2terminal,1381376,843776]
05-03 16:12:05.339559   774   808 I am_pss  : [2625,10067,org.simalliance.openmobileapi.uicc1terminal,1454080,917504]
05-03 16:12:05.366448   774   808 I am_pss  : [13101,10065,org.simalliance.openmobileapi.service:remote,3863552,2134016]
05-03 16:12:05.392474   774   808 I am_pss  : [1602,1000,com.mediatek.nlpservice,1418240,917504]
05-03 16:12:05.420370   774   808 I am_pss  : [1588,1001,com.mediatek.ims,1506304,995328]
05-03 16:12:05.449126   774   808 I am_pss  : [1580,1001,com.mediatek.gba,1185792,704512]
05-03 16:12:05.484958   774   808 I am_pss  : [1569,1001,com.android.phone,11912192,10510336]
05-03 16:12:05.528711   774   808 I am_pss  : [1081,10022,com.android.systemui,46791680,42561536]
05-03 16:12:05.610538   774   808 I am_pss  : [774,1000,system,65172480,60338176]
05-03 16:12:05.901565   774   774 I notification_cancel: [10022,1081,com.android.systemui,2131755032,low_battery,-1,0,64,8,NULL]
05-03 16:12:09.194032   774   774 I notification_cancel: [10076,6024,com.qihoo.appstore,428410902,NULL,0,0,64,8,NULL]
05-03 16:12:09.194146   774   774 I notification_cancel: [10076,6024,com.qihoo.appstore,428410902,NULL,0,0,64,8,NULL]
05-03 16:12:09.194261   774   774 I notification_cancel: [10076,6024,com.qihoo.appstore,428410902,NULL,0,0,64,8,NULL]
05-03 16:12:09.198001   774   774 I notification_cancel: [10076,6024,com.qihoo.appstore,428410902,NULL,0,0,64,8,NULL]
05-03 16:12:11.700000 16105 16105 I auditd  : type=1400 audit(0.0:2237): avc: denied { getattr } for comm="Thread-190" path="/proc/1" dev="proc" ino=7257 scontext=u:r:untrusted_app:s0:c512,c768 tcontext=u:r:init:s0 tclass=dir permissive=1
05-03 16:12:11.700000 16105 16105 I auditd  : type=1400 audit(0.0:2238): avc: denied { search } for comm="Thread-190" name="1" dev="proc" ino=7257 scontext=u:r:untrusted_app:s0:c512,c768 tcontext=u:r:init:s0 tclass=dir permissive=1
05-03 16:12:11.700000 16105 16105 I auditd  : type=1400 audit(0.0:2239): avc: denied { read } for comm="Thread-190" name="status" dev="proc" ino=82926 scontext=u:r:untrusted_app:s0:c512,c768 tcontext=u:r:init:s0 tclass=file permissive=1
05-03 16:12:11.700000 16105 16105 I auditd  : type=1400 audit(0.0:2240): avc: denied { open } for comm="Thread-190" path="/proc/1/status" dev="proc" ino=82926 scontext=u:r:untrusted_app:s0:c512,c768 tcontext=u:r:init:s0 tclass=file permissive=1
05-03 16:12:11.700000 16105 16105 I auditd  : type=1400 audit(0.0:2241): avc: denied { getattr } for comm="Thread-190" path="/proc/1/status" dev="proc" ino=82926 scontext=u:r:untrusted_app:s0:c512,c768 tcontext=u:r:init:s0 tclass=file permissive=1
05-03 16:12:11.700000 16105 16105 I auditd  : type=1400 audit(0.0:2242): avc: denied { getattr } for comm="Thread-190" path="/proc/2" dev="proc" ino=10512 scontext=u:r:untrusted_app:s0:c512,c768 tcontext=u:r:kernel:s0 tclass=dir permissive=1
05-03 16:12:11.710000 16105 16105 I auditd  : type=1400 audit(0.0:2243): avc: denied { search } for comm="Thread-190" name="2" dev="proc" ino=10512 scontext=u:r:untrusted_app:s0:c512,c768 tcontext=u:r:kernel:s0 tclass=dir permissive=1
05-03 16:12:11.710000 16105 16105 I auditd  : type=1400 audit(0.0:2244): avc: denied { read } for comm="Thread-190" name="status" dev="proc" ino=63181 scontext=u:r:untrusted_app:s0:c512,c768 tcontext=u:r:kernel:s0 tclass=file permissive=1
05-03 16:12:11.710000 16105 16105 I auditd  : type=1400 audit(0.0:2245): avc: denied { open } for comm="Thread-190" path="/proc/2/status" dev="proc" ino=63181 scontext=u:r:untrusted_app:s0:c512,c768 tcontext=u:r:kernel:s0 tclass=file permissive=1
05-03 16:12:11.710000 16105 16105 I auditd  : type=1400 audit(0.0:2246): avc: denied { getattr } for comm="Thread-190" path="/proc/2/status" dev="proc" ino=63181 scontext=u:r:untrusted_app:s0:c512,c768 tcontext=u:r:kernel:s0 tclass=file permissive=1
05-03 16:12:11.970000 16105 16105 I auditd  : type=1400 audit(0.0:2247): avc: denied { getattr } for comm="Thread-190" path="/proc/182" dev="proc" ino=43 scontext=u:r:untrusted_app:s0:c512,c768 tcontext=u:r:ueventd:s0 tclass=dir permissive=1
05-03 16:12:11.970000 16105 16105 I auditd  : type=1400 audit(0.0:2248): avc: denied { search } for comm="Thread-190" name="182" dev="proc" ino=43 scontext=u:r:untrusted_app:s0:c512,c768 tcontext=u:r:ueventd:s0 tclass=dir permissive=1
05-03 16:12:11.970000 16105 16105 I auditd  : type=1400 audit(0.0:2249): avc: denied { read } for comm="Thread-190" name="status" dev="proc" ino=91179 scontext=u:r:untrusted_app:s0:c512,c768 tcontext=u:r:ueventd:s0 tclass=file permissive=1
05-03 16:12:11.970000 16105 16105 I auditd  : type=1400 audit(0.0:2250): avc: denied { open } for comm="Thread-190" path="/proc/182/status" dev="proc" ino=91179 scontext=u:r:untrusted_app:s0:c512,c768 tcontext=u:r:ueventd:s0 tclass=file permissive=1
05-03 16:12:11.970000 16105 16105 I auditd  : type=1400 audit(0.0:2251): avc: denied { getattr } for comm="Thread-190" path="/proc/182/status" dev="proc" ino=91179 scontext=u:r:untrusted_app:s0:c512,c768 tcontext=u:r:ueventd:s0 tclass=file permissive=1
05-03 16:12:12.000000 16105 16105 I auditd  : type=1400 audit(0.0:2252): avc: denied { getattr } for comm="Thread-190" path="/proc/215" dev="proc" ino=337 scontext=u:r:untrusted_app:s0:c512,c768 tcontext=u:r:logd:s0 tclass=dir permissive=1
05-03 16:12:12.000000 16105 16105 I auditd  : type=1400 audit(0.0:2253): avc: denied { search } for comm="Thread-190" name="215" dev="proc" ino=337 scontext=u:r:untrusted_app:s0:c512,c768 tcontext=u:r:logd:s0 tclass=dir permissive=1
05-03 16:12:12.000000 16105 16105 I auditd  : type=1400 audit(0.0:2254): avc: denied { read } for comm="Thread-190" name="status" dev="proc" ino=90087 scontext=u:r:untrusted_app:s0:c512,c768 tcontext=u:r:logd:s0 tclass=file permissive=1
05-03 16:12:12.000000 16105 16105 I auditd  : type=1400 audit(0.0:2255): avc: denied { open } for comm="Thread-190" path="/proc/215/status" dev="proc" ino=90087 scontext=u:r:untrusted_app:s0:c512,c768 tcontext=u:r:logd:s0 tclass=file permissive=1
05-03 16:12:12.000000 16105 16105 I auditd  : type=1400 audit(0.0:2256): avc: denied { getattr } for comm="Thread-190" path="/proc/215/status" dev="proc" ino=90087 scontext=u:r:untrusted_app:s0:c512,c768 tcontext=u:r:logd:s0 tclass=file permissive=1
05-03 16:12:12.000000 16105 16105 I auditd  : type=1400 audit(0.0:2257): avc: denied { getattr } for comm="Thread-190" path="/proc/216" dev="proc" ino=355 scontext=u:r:untrusted_app:s0:c512,c768 tcontext=u:r:vold:s0 tclass=dir permissive=1
05-03 16:12:12.000000 16105 16105 I auditd  : type=1400 audit(0.0:2258): avc: denied { search } for comm="Thread-190" name="216" dev="proc" ino=355 scontext=u:r:untrusted_app:s0:c512,c768 tcontext=u:r:vold:s0 tclass=dir permissive=1
05-03 16:12:12.000000 16105 16105 I auditd  : type=1400 audit(0.0:2259): avc: denied { read } for comm="Thread-190" name="status" dev="proc" ino=87898 scontext=u:r:untrusted_app:s0:c512,c768 tcontext=u:r:vold:s0 tclass=file permissive=1
05-03 16:12:12.000000 16105 16105 I auditd  : type=1400 audit(0.0:2260): avc: denied { open } for comm="Thread-190" path="/proc/216/status" dev="proc" ino=87898 scontext=u:r:untrusted_app:s0:c512,c768 tcontext=u:r:vold:s0 tclass=file permissive=1
05-03 16:12:12.000000 16105 16105 I auditd  : type=1400 audit(0.0:2261): avc: denied { getattr } for comm="Thread-190" path="/proc/216/status" dev="proc" ino=87898 scontext=u:r:untrusted_app:s0:c512,c768 tcontext=u:r:vold:s0 tclass=file permissive=1
05-03 16:12:12.010000 16105 16105 I auditd  : type=1400 audit(0.0:2262): avc: denied { getattr } for comm="Thread-190" path="/proc/227" dev="proc" ino=3290 scontext=u:r:untrusted_app:s0:c512,c768 tcontext=u:r:healthd:s0 tclass=dir permissive=1
05-03 16:12:12.010000 16105 16105 I auditd  : type=1400 audit(0.0:2263): avc: denied { search } for comm="Thread-190" name="227" dev="proc" ino=3290 scontext=u:r:untrusted_app:s0:c512,c768 tcontext=u:r:healthd:s0 tclass=dir permissive=1
05-03 16:12:12.010000 16105 16105 I auditd  : type=1400 audit(0.0:2264): avc: denied { read } for comm="Thread-190" name="status" dev="proc" ino=87901 scontext=u:r:untrusted_app:s0:c512,c768 tcontext=u:r:healthd:s0 tclass=file permissive=1
05-03 16:12:12.010000 16105 16105 I auditd  : type=1400 audit(0.0:2265): avc: denied { open } for comm="Thread-190" path="/proc/227/status" dev="proc" ino=87901 scontext=u:r:untrusted_app:s0:c512,c768 tcontext=u:r:healthd:s0 tclass=file permissive=1
05-03 16:12:12.010000 16105 16105 I auditd  : type=1400 audit(0.0:2266): avc: denied { getattr } for comm="Thread-190" path="/proc/227/status" dev="proc" ino=87901 scontext=u:r:untrusted_app:s0:c512,c768 tcontext=u:r:healthd:s0 tclass=file permissive=1
05-03 16:12:12.010000 16105 16105 I auditd  : type=1400 audit(0.0:2267): avc: denied { getattr } for comm="Thread-190" path="/proc/228" dev="proc" ino=416 scontext=u:r:untrusted_app:s0:c512,c768 tcontext=u:r:lmkd:s0 tclass=dir permissive=1
05-03 16:12:12.010000 16105 16105 I auditd  : type=1400 audit(0.0:2268): avc: denied { search } for comm="Thread-190" name="228" dev="proc" ino=416 scontext=u:r:untrusted_app:s0:c512,c768 tcontext=u:r:lmkd:s0 tclass=dir permissive=1
05-03 16:12:12.010000 16105 16105 I auditd  : type=1400 audit(0.0:2269): avc: denied { read } for comm="Thread-190" name="status" dev="proc" ino=87903 scontext=u:r:untrusted_app:s0:c512,c768 tcontext=u:r:lmkd:s0 tclass=file permissive=1
05-03 16:12:12.010000 16105 16105 I auditd  : type=1400 audit(0.0:2270): avc: denied { open } for comm="Thread-190" path="/proc/228/status" dev="proc" ino=87903 scontext=u:r:untrusted_app:s0:c512,c768 tcontext=u:r:lmkd:s0 tclass=file permissive=1
05-03 16:12:12.010000 16105 16105 I auditd  : type=1400 audit(0.0:2271): avc: denied { getattr } for comm="Thread-190" path="/proc/228/status" dev="proc" ino=87903 scontext=u:r:untrusted_app:s0:c512,c768 tcontext=u:r:lmkd:s0 tclass=file permissive=1
05-03 16:12:12.010000 16105 16105 I auditd  : type=1400 audit(0.0:2272): avc: denied { getattr } for comm="Thread-190" path="/proc/229" dev="proc" ino=7459 scontext=u:r:untrusted_app:s0:c512,c768 tcontext=u:r:servicemanager:s0 tclass=dir permissive=1
05-03 16:12:12.010000 16105 16105 I auditd  : type=1400 audit(0.0:2273): avc: denied { search } for comm="Thread-190" name="229" dev="proc" ino=7459 scontext=u:r:untrusted_app:s0:c512,c768 tcontext=u:r:servicemanager:s0 tclass=dir permissive=1
05-03 16:12:12.288886   774   774 I notification_cancel: [10076,6024,com.qihoo.appstore,428410902,NULL,0,0,64,8,NULL]
05-03 16:12:14.557631   774 13786 I am_proc_died: [0,15990,com.mediatek.mtklogger]
05-03 16:12:14.594792   774   808 I am_pss  : [1615,10014,com.android.launcher3,53794816,48599040]
05-03 16:12:14.696061   774 13787 I am_home_stack_moved: [0,0,1,1,startingNewTask]
05-03 16:12:14.696159   774 13787 I wm_task_moved: [24,1,0]
05-03 16:12:14.697746   774 13787 I am_create_task: [0,48]
05-03 16:12:14.697847   774 13787 I am_create_activity: [0,76686946,48,com.qihoo.appstore/.home.MainActivity,com.qihoo360.daemon.pcdaemon.ACTION_START_UI2,NULL,NULL,268435456]
05-03 16:12:14.698120   774 13787 I wm_task_created: [48,1]
05-03 16:12:14.698216   774 13787 I wm_task_moved: [48,1,1]
05-03 16:12:14.698442   774 13787 I am_pause_activity: [0,64363096,com.android.launcher3/.Launcher]
05-03 16:12:14.699045  1615  1615 I am_on_paused_called: [0,com.android.launcher3.Launcher]
05-03 16:12:14.700329   774 13787 I am_home_stack_moved: [0,0,1,1,startedActivity setFocusedActivity]
05-03 16:12:14.700419   774 13787 I wm_task_moved: [48,1,1]
05-03 16:12:14.704714   774 13787 I am_focused_activity: [0,com.qihoo.appstore/.home.MainActivity]
05-03 16:12:14.710187   774  1171 I am_restart_activity: [0,76686946,48,com.qihoo.appstore/.home.MainActivity]
05-03 16:12:14.826733   774  7249 I am_home_stack_moved: [0,0,1,1,intentActivityFound]
05-03 16:12:14.826846   774  7249 I wm_task_moved: [48,1,1]
05-03 16:12:14.828700   774  7249 I am_home_stack_moved: [0,0,1,1,sourceStackToFront]
05-03 16:12:14.828853   774  7249 I wm_task_moved: [48,1,1]
05-03 16:12:14.830793   774  7249 I am_create_activity: [0,73614121,48,com.qihoo.appstore/com.qihoo360.mobilesafe.pcdaemon.display.StartFromPcGuideActivity,NULL,NULL,NULL,268435456]
05-03 16:12:14.831369   774  7249 I am_pause_activity: [0,76686946,com.qihoo.appstore/.home.MainActivity]
05-03 16:12:14.832911   774  7249 I am_home_stack_moved: [0,0,1,1,startedActivity setFocusedActivity]
05-03 16:12:14.832999   774  7249 I wm_task_moved: [48,1,1]
05-03 16:12:14.835388   774  7249 I am_focused_activity: [0,com.qihoo.appstore/com.qihoo360.mobilesafe.pcdaemon.display.StartFromPcGuideActivity]
05-03 16:12:14.882413  6003  6003 I am_on_resume_called: [0,com.qihoo.appstore.home.MainActivity]
05-03 16:12:14.891345  6003  6003 I am_on_paused_called: [0,com.qihoo.appstore.home.MainActivity]
05-03 16:12:14.893282   774  1070 I am_restart_activity: [0,73614121,48,com.qihoo.appstore/com.qihoo360.mobilesafe.pcdaemon.display.StartFromPcGuideActivity]
05-03 16:12:15.082088  6003  6003 I am_on_resume_called: [0,com.qihoo360.mobilesafe.pcdaemon.display.StartFromPcGuideActivity]
05-03 16:12:15.238139   774   805 I am_proc_died: [0,15809,com.android.quicksearchbox]
05-03 16:12:15.371791   774   824 I am_activity_launch_time: [0,73614121,com.qihoo.appstore/com.qihoo360.mobilesafe.pcdaemon.display.StartFromPcGuideActivity,479,666]
05-03 16:12:18.220000 16238 16238 I auditd  : type=1400 audit(0.0:2531): avc: denied { read } for comm="pool-34-thread-" name="6620_launcher" dev="mmcblk0p21" ino=353 scontext=u:r:untrusted_app:s0:c512,c768 tcontext=u:object_r:mtk_6620_launcher_exec:s0 tclass=file permissive=1
05-03 16:12:18.230000 16238 16238 I auditd  : type=1400 audit(0.0:2532): avc: denied { read } for comm="pool-34-thread-" name="GoogleOtaBinder" dev="mmcblk0p21" ino=357 scontext=u:r:untrusted_app:s0:c512,c768 tcontext=u:object_r:GoogleOtaBinder_exec:s0 tclass=file permissive=1
05-03 16:12:18.260000 16238 16238 I auditd  : type=1400 audit(0.0:2533): avc: denied { read } for comm="pool-34-thread-" name="MtkCodecService" dev="mmcblk0p21" ino=359 scontext=u:r:untrusted_app:s0:c512,c768 tcontext=u:object_r:MtkCodecService_exec:s0 tclass=file permissive=1
05-03 16:12:18.260000 16238 16238 I auditd  : type=1400 audit(0.0:2534): avc: denied { read } for comm="pool-34-thread-" name="aee_core_forwarder" dev="mmcblk0p21" ino=363 scontext=u:r:untrusted_app:s0:c512,c768 tcontext=u:object_r:aee_core_forwarder_exec:s0 tclass=file permissive=1
05-03 16:12:18.270000 16238 16238 I auditd  : type=1400 audit(0.0:2535): avc: denied { read } for comm="pool-34-thread-" name="akmd09911" dev="mmcblk0p21" ino=365 scontext=u:r:untrusted_app:s0:c512,c768 tcontext=u:object_r:akmd09911_exec:s0 tclass=file permissive=1
05-03 16:12:18.270000 16238 16238 I auditd  : type=1400 audit(0.0:2536): avc: denied { read } for comm="pool-34-thread-" name="akmd8963" dev="mmcblk0p21" ino=366 scontext=u:r:untrusted_app:s0:c512,c768 tcontext=u:object_r:akmd8963_exec:s0 tclass=file permissive=1
05-03 16:12:18.270000 16238 16238 I auditd  : type=1400 audit(0.0:2537): avc: denied { read } for comm="pool-34-thread-" name="akmd8975" dev="mmcblk0p21" ino=367 scontext=u:r:untrusted_app:s0:c512,c768 tcontext=u:object_r:akmd8975_exec:s0 tclass=file permissive=1
05-03 16:12:18.270000 16238 16238 I auditd  : type=1400 audit(0.0:2538): avc: denied { read } for comm="pool-34-thread-" name="ami304d" dev="mmcblk0p21" ino=369 scontext=u:r:untrusted_app:s0:c512,c768 tcontext=u:object_r:ami304d_exec:s0 tclass=file permissive=1
05-03 16:12:18.290000 16238 16238 I auditd  : type=1400 audit(0.0:2539): avc: denied { read } for comm="pool-34-thread-" name="atci_service" dev="mmcblk0p21" ino=377 scontext=u:r:untrusted_app:s0:c512,c768 tcontext=u:object_r:atci_service_exec:s0 tclass=file permissive=1
05-03 16:12:18.290000 16238 16238 I auditd  : type=1400 audit(0.0:2540): avc: denied { read } for comm="pool-34-thread-" name="atcid" dev="mmcblk0p21" ino=378 scontext=u:r:untrusted_app:s0:c512,c768 tcontext=u:object_r:atcid_exec:s0 tclass=file permissive=1
05-03 16:12:18.290000 16238 16238 I auditd  : type=1400 audit(0.0:2541): avc: denied { read } for comm="pool-34-thread-" name="audiocmdservice_atci" dev="mmcblk0p21" ino=380 scontext=u:r:untrusted_app:s0:c512,c768 tcontext=u:object_r:audiocmdservice_atci_exec:s0 tclass=file permissive=1
05-03 16:12:18.300000 16238 16238 I auditd  : type=1400 audit(0.0:2542): avc: denied { read } for comm="pool-34-thread-" name="autokd" dev="mmcblk0p21" ino=382 scontext=u:r:untrusted_app:s0:c512,c768 tcontext=u:object_r:autokd_exec:s0 tclass=file permissive=1
05-03 16:12:18.300000 16238 16238 I auditd  : type=1400 audit(0.0:2543): avc: denied { read } for comm="pool-34-thread-" name="batterywarning" dev="mmcblk0p21" ino=385 scontext=u:r:untrusted_app:s0:c512,c768 tcontext=u:object_r:batterywarning_exec:s0 tclass=file permissive=1
05-03 16:12:18.310000 16238 16238 I auditd  : type=1400 audit(0.0:2544): avc: denied { read } for comm="pool-34-thread-" name="blkid" dev="mmcblk0p21" ino=387 scontext=u:r:untrusted_app:s0:c512,c768 tcontext=u:object_r:blkid_exec:s0 tclass=file permissive=1
05-03 16:12:18.310000 16238 16238 I auditd  : type=1400 audit(0.0:2545): avc: denied { read } for comm="pool-34-thread-" name="bmm050d" dev="mmcblk0p21" ino=390 scontext=u:r:untrusted_app:s0:c512,c768 tcontext=u:object_r:bmm050d_exec:s0 tclass=file permissive=1
05-03 16:12:18.310000 16238 16238 I auditd  : type=1400 audit(0.0:2546): avc: denied { read } for comm="pool-34-thread-" name="boot_logo_updater" dev="mmcblk0p21" ino=391 scontext=u:r:untrusted_app:s0:c512,c768 tcontext=u:object_r:boot_logo_updater_exec:s0 tclass=file permissive=1
05-03 16:12:18.320000 16238 16238 I auditd  : type=1400 audit(0.0:2547): avc: denied { read } for comm="pool-34-thread-" name="bootanimation" dev="mmcblk0p21" ino=392 scontext=u:r:untrusted_app:s0:c512,c768 tcontext=u:object_r:bootanim_exec:s0 tclass=file permissive=1
05-03 16:12:18.320000 16238 16238 I auditd  : type=1400 audit(0.0:2548): avc: denied { read } for comm="pool-34-thread-" name="ccci_fsd" dev="mmcblk0p21" ino=398 scontext=u:r:untrusted_app:s0:c512,c768 tcontext=u:object_r:ccci_fsd_exec:s0 tclass=file permissive=1
05-03 16:12:18.320000 16238 16238 I auditd  : type=1400 audit(0.0:2549): avc: denied { read } for comm="pool-34-thread-" name="ccci_mdinit" dev="mmcblk0p21" ino=399 scontext=u:r:untrusted_app:s0:c512,c768 tcontext=u:object_r:ccci_mdinit_exec:s0 tclass=file permissive=1
05-03 16:12:18.330000 16238 16238 I auditd  : type=1400 audit(0.0:2550): avc: denied { read } for comm="pool-34-thread-" name="clatd" dev="mmcblk0p21" ino=406 scontext=u:r:untrusted_app:s0:c512,c768 tcontext=u:object_r:clatd_exec:s0 tclass=file permissive=1
05-03 16:12:22.973098   774   774 I notification_cancel: [10076,6024,com.qihoo.appstore,428410902,NULL,0,0,64,8,NULL]
05-03 16:12:23.038349   774  1171 I am_finish_activity: [0,73614121,48,com.qihoo.appstore/com.qihoo360.mobilesafe.pcdaemon.display.StartFromPcGuideActivity,app-request]
05-03 16:12:23.040790   774  1171 I am_home_stack_moved: [0,0,1,1,finishActivity adjustFocus setFocusedActivity]
05-03 16:12:23.041022   774  1171 I wm_task_moved: [48,1,1]
05-03 16:12:23.047441   774  1171 I am_focused_activity: [0,com.qihoo.appstore/.home.MainActivity]
05-03 16:12:23.048374   774  1171 I am_pause_activity: [0,73614121,com.qihoo.appstore/com.qihoo360.mobilesafe.pcdaemon.display.StartFromPcGuideActivity]
05-03 16:12:23.096762  6003  6003 I am_on_paused_called: [0,com.qihoo360.mobilesafe.pcdaemon.display.StartFromPcGuideActivity]
05-03 16:12:23.098675   774   774 I notification_cancel: [10076,6024,com.qihoo.appstore,428410902,NULL,0,0,64,8,NULL]
05-03 16:12:23.100274   774  1663 I am_resume_activity: [0,76686946,48,com.qihoo.appstore/.home.MainActivity]
05-03 16:12:23.103666   774   774 I notification_cancel: [10076,6024,com.qihoo.appstore,428410902,NULL,0,0,64,8,NULL]
05-03 16:12:23.132548  6003  6003 I am_on_resume_called: [0,com.qihoo.appstore.home.MainActivity]
05-03 16:12:23.138498   774   774 I notification_cancel: [10076,6024,com.qihoo.appstore,428410902,NULL,0,0,64,8,NULL]
05-03 16:12:23.155074   774   774 I notification_cancel: [10076,6024,com.qihoo.appstore,428410902,NULL,0,0,64,8,NULL]
05-03 16:12:23.192181   774   774 I notification_cancel: [10076,6024,com.qihoo.appstore,428410902,NULL,0,0,64,8,NULL]
05-03 16:12:23.400369   774  1631 I am_destroy_activity: [0,73614121,48,com.qihoo.appstore/com.qihoo360.mobilesafe.pcdaemon.display.StartFromPcGuideActivity,finish-imm]
05-03 16:12:27.004176   774   774 I notification_cancel: [10076,6024,com.qihoo.appstore,428410902,NULL,0,0,64,8,NULL]
05-03 16:12:27.048949   774   774 I notification_cancel: [10022,1081,com.android.systemui,2131755032,low_battery,-1,0,64,8,NULL]
05-03 16:12:27.110021   774   808 I am_pss  : [6003,10076,com.qihoo.appstore,58115072,50561024]
05-03 16:12:27.158627   774   808 I am_pss  : [1544,10048,com.android.inputmethod.latin,4902912,3584000]
05-03 16:12:27.184323   774   808 I am_pss  : [15924,10078,com.tencent.android.qqdownloader:connect,10383360,4481024]
05-03 16:12:27.212411   774   808 I am_pss  : [13234,10016,com.android.mms,6521856,3842048]
05-03 16:12:27.261681   774   808 I am_pss  : [14907,10078,com.tencent.android.qqdownloader,30630912,21729280]
05-03 16:12:27.285685   774   808 I am_pss  : [14999,10078,com.tencent.android.qqdownloader:getapkinfo,8181760,3362816]
05-03 16:12:27.317388   774   808 I am_pss  : [1684,10010,com.google.process.gapps,9976832,8228864]
05-03 16:12:27.350113   774   808 I am_pss  : [1560,10010,com.google.android.gms.persistent,14880768,13230080]
05-03 16:12:27.376467   774   808 I am_pss  : [2636,10070,org.simalliance.openmobileapi.eseterminal,1377280,798720]
05-03 16:12:27.402772   774   808 I am_pss  : [2630,10068,org.simalliance.openmobileapi.uicc2terminal,1431552,843776]
05-03 16:12:27.428784   774   808 I am_pss  : [2625,10067,org.simalliance.openmobileapi.uicc1terminal,1503232,917504]
05-03 16:12:27.456148   774   808 I am_pss  : [13101,10065,org.simalliance.openmobileapi.service:remote,3979264,2138112]
05-03 16:12:34.415589   774   774 I force_gc: mem
05-03 16:12:37.114152   774   774 I notification_cancel: [10022,1081,com.android.systemui,2131755032,low_battery,-1,0,64,8,NULL]
05-03 16:12:42.104661  1081  1081 I sqlite_mem_released: 0
05-03 16:12:42.146825  1081  1081 I force_gc: mem
05-03 16:12:49.437379  1569  1569 I sqlite_mem_released: 30720
05-03 16:12:49.438104  1569  1569 I force_gc: mem
05-03 16:12:54.443646  1580  1580 I sqlite_mem_released: 0
05-03 16:12:54.444264  1580  1580 I force_gc: mem
05-03 16:12:56.600000  1036  1036 I auditd  : type=1400 audit(0.0:2635): avc: denied { open } for comm="PhotonicModulat" path="/sys/devices/platform/leds-mt65xx/leds/lcd-backlight/brightness" dev="sysfs" ino=11474 scontext=u:r:system_server:s0 tcontext=u:object_r:sys_lcd_brightness_file:s0 tclass=file permissive=1
05-03 16:12:57.075294   774   774 I notification_cancel: [10022,1081,com.android.systemui,2131755032,low_battery,-1,0,64,8,NULL]
05-03 16:13:00.159189   774   808 I am_pss  : [15826,10003,android.process.acore,11881472,8790016]
05-03 16:13:00.187789   774   808 I am_pss  : [13828,10007,android.process.media,8423424,5697536]
05-03 16:13:00.221173   774   808 I am_pss  : [6024,10076,com.qihoo.daemon,17698816,11534336]
05-03 16:13:00.251419   774   808 I am_pss  : [15954,1000,com.android.settings,16285696,10919936]
05-03 16:13:03.612679   774   836 I power_sleep_requested: 0
05-03 16:13:03.697279   774   774 I am_pause_activity: [0,76686946,com.qihoo.appstore/.home.MainActivity]
05-03 16:13:03.840319  6003  6003 I am_on_paused_called: [0,com.qihoo.appstore.home.MainActivity]
05-03 16:13:03.843601   774   810 I am_focused_activity: [0,com.qihoo.appstore/.home.MainActivity]
05-03 16:13:03.861361   774   808 I am_pss  : [15903,10005,com.android.defcontainer,4097024,2101248]
05-03 16:13:04.461174   774   774 I power_screen_state: [0,3,0,0]
05-03 16:13:04.461242   774   774 I screen_toggled: 0
05-03 16:13:04.461316   774   774 I sysui_histogram: [screen_timeout,60]
05-03 16:13:04.461676   774   774 I power_screen_broadcast_send: 1
05-03 16:13:04.810905   774   774 I power_screen_broadcast_done: [0,349,1]
05-03 16:13:07.048121   774   774 I notification_cancel: [10022,1081,com.android.systemui,2131755032,low_battery,-1,0,64,8,NULL]
05-03 16:13:08.855808   774 13786 I notification_expansion: [0|com.mediatek.security|1200|null|1000,0,0,454899362,454899362,68123]
05-03 16:13:08.907574  1081  1081 I sysui_status_bar_state: [1,1,0,0,0,1]
05-03 16:13:08.997035   230   230 I sf_frame_dur: [NavigationBar,82,25,2,1,2,1,1]
05-03 16:13:14.423118  1588  1588 I sqlite_mem_released: 0
05-03 16:13:14.423712  1588  1588 I force_gc: mem
05-03 16:13:17.051545   774   774 I notification_cancel: [10022,1081,com.android.systemui,2131755032,low_battery,-1,0,64,8,NULL]
05-03 16:13:22.049130  1602  1602 I force_gc: mem
05-03 16:13:27.047838   774  1070 I battery_level: [77,3864,310]
05-03 16:13:27.069841   774   774 I notification_cancel: [10022,1081,com.android.systemui,2131755032,low_battery,-1,0,64,8,NULL]
05-03 16:13:27.274351   774   808 I am_pss  : [6024,10076,com.qihoo.daemon,17766400,11591680]
05-03 16:13:32.060179  1544  1544 I sqlite_mem_released: 0
05-03 16:13:32.060526  1544  1544 I force_gc: mem
05-03 16:13:37.040764   774   774 I notification_cancel: [10022,1081,com.android.systemui,2131755032,low_battery,-1,0,64,8,NULL]
05-03 16:13:42.038937  1560  1560 I sqlite_mem_released: 0
05-03 16:13:42.039383  1560  1560 I force_gc: mem
05-03 16:13:46.714755   774   774 I notification_cancel: [10022,1081,com.android.systemui,2131755032,low_battery,-1,0,64,8,NULL]
05-03 16:13:51.712002  1684  1684 I sqlite_mem_released: 81920
05-03 16:13:51.712519  1684  1684 I force_gc: mem
05-03 16:13:56.713676  1615  1615 I sqlite_mem_released: 163840
05-03 16:13:56.725694  1615  1615 I force_gc: mem
05-03 16:13:56.737165   774   774 I notification_cancel: [10022,1081,com.android.systemui,2131755032,low_battery,-1,0,64,8,NULL]
05-03 16:14:01.520668   774   810 I am_proc_start: [0,16302,10010,com.google.android.gms,broadcast,com.google.android.gms/.checkin.EventLogService$Receiver]
05-03 16:14:01.613175   774 13787 I am_proc_bound: [0,16302,com.google.android.gms]
05-03 16:14:01.868277   774   774 I notification_cancel: [10010,16302,com.google.android.gms,10436,NOT_LMP,0,0,64,8,NULL]
05-03 16:14:01.868779   774   774 I notification_cancel: [10010,16302,com.google.android.gms,39789,NOT_LMP,0,0,64,8,NULL]
05-03 16:14:02.173348   774   774 I notification_cancel: [10010,16302,com.google.android.gms,10436,NULL,0,0,64,8,NULL]
05-03 16:14:02.214916   774  7249 I am_proc_start: [0,16325,10010,com.google.android.gms.wearable,service,com.google.android.gms/.wearable.service.WearableService]
05-03 16:14:02.245534 16302 16320 I aggregation: 1462263242245
05-03 16:14:02.339720   774  1664 I am_proc_bound: [0,16325,com.google.android.gms.wearable]
05-03 16:14:02.425324   774   774 I notification_cancel: [10010,16325,com.google.android.gms,10436,NOT_LMP,0,0,64,8,NULL]
05-03 16:14:02.426036   774   774 I notification_cancel: [10010,16325,com.google.android.gms,39789,NOT_LMP,0,0,64,8,NULL]
05-03 16:14:06.725475   774   774 I notification_cancel: [10022,1081,com.android.systemui,2131755032,low_battery,-1,0,64,8,NULL]
05-03 16:14:07.909945   774   808 I am_meminfo: [123809792,19935232,42311680,308248576,64947200]
05-03 16:14:07.953053   774   808 I am_pss  : [6003,10076,com.qihoo.appstore,54006784,46415872]
05-03 16:14:07.991171   774   808 I am_pss  : [6024,10076,com.qihoo.daemon,17725440,11554816]
05-03 16:14:08.033298   774   808 I am_pss  : [1615,10014,com.android.launcher3,46603264,41984000]
05-03 16:14:08.066451   774   808 I am_pss  : [16325,10010,com.google.android.gms.wearable,7954432,3989504]
05-03 16:14:08.103406   774   808 I am_pss  : [1684,10010,com.google.process.gapps,9484288,7872512]
05-03 16:14:08.142723   774   808 I am_pss  : [1560,10010,com.google.android.gms.persistent,12846080,10670080]
05-03 16:14:08.196910   774   808 I am_pss  : [14907,10078,com.tencent.android.qqdownloader,30865408,21987328]
05-03 16:14:08.229198   774   808 I am_pss  : [15903,10005,com.android.defcontainer,3833856,2076672]
05-03 16:14:08.258452   774   808 I am_pss  : [14999,10078,com.tencent.android.qqdownloader:getapkinfo,8165376,3362816]
05-03 16:14:08.288787   774   808 I am_pss  : [15924,10078,com.tencent.android.qqdownloader:connect,10365952,4481024]
05-03 16:14:08.323603   774   808 I am_pss  : [15826,10003,android.process.acore,11424768,8704000]
05-03 16:14:08.357618   774   808 I am_pss  : [13828,10007,android.process.media,7763968,5373952]
05-03 16:14:08.390645   774   808 I am_pss  : [1544,10048,com.android.inputmethod.latin,4760576,3575808]
05-03 16:14:08.427186   774   808 I am_pss  : [15954,1000,com.android.settings,15906816,10870784]
05-03 16:14:08.461016   774   808 I am_pss  : [13234,10016,com.android.mms,6695936,4648960]
05-03 16:14:08.492613   774   808 I am_pss  : [2636,10070,org.simalliance.openmobileapi.eseterminal,1320960,798720]
05-03 16:14:08.524154   774   808 I am_pss  : [2630,10068,org.simalliance.openmobileapi.uicc2terminal,1375232,843776]
05-03 16:14:08.555789   774   808 I am_pss  : [2625,10067,org.simalliance.openmobileapi.uicc1terminal,1443840,913408]
05-03 16:14:08.588457   774   808 I am_pss  : [13101,10065,org.simalliance.openmobileapi.service:remote,3502080,1933312]
05-03 16:14:08.620471   774   808 I am_pss  : [1602,1000,com.mediatek.nlpservice,2252800,1748992]
05-03 16:14:08.653067   774   808 I am_pss  : [1588,1001,com.mediatek.ims,2597888,2080768]
05-03 16:14:08.684800   774   808 I am_pss  : [1580,1001,com.mediatek.gba,1970176,1490944]
05-03 16:14:08.725495   774   808 I am_pss  : [1569,1001,com.android.phone,11547648,10203136]
05-03 16:14:08.773195   774   808 I am_pss  : [1081,10022,com.android.systemui,44593152,40341504]
05-03 16:14:08.865033   774   808 I am_pss  : [774,1000,system,76696576,72003584]
05-03 16:14:11.719208  2625  2625 I sqlite_mem_released: 0
05-03 16:14:11.719692  2625  2625 I force_gc: mem
05-03 16:14:16.722069   774   774 I notification_cancel: [10022,1081,com.android.systemui,2131755032,low_battery,-1,0,64,8,NULL]
05-03 16:14:21.730986  2630  2630 I sqlite_mem_released: 0
05-03 16:14:21.731432  2630  2630 I force_gc: mem
05-03 16:14:26.722480   774   774 I notification_cancel: [10022,1081,com.android.systemui,2131755032,low_battery,-1,0,64,8,NULL]
05-03 16:14:31.721688  2636  2636 I sqlite_mem_released: 0
05-03 16:14:31.722227  2636  2636 I force_gc: mem
05-03 16:14:36.726931   774   774 I notification_cancel: [10022,1081,com.android.systemui,2131755032,low_battery,-1,0,64,8,NULL]
05-03 16:14:41.721331  6003  6003 I sqlite_mem_released: 92160
05-03 16:14:41.726686  6003  6003 I force_gc: mem
05-03 16:14:46.712731   774   774 I notification_cancel: [10022,1081,com.android.systemui,2131755032,low_battery,-1,0,64,8,NULL]
05-03 16:14:50.008521   774   808 I am_pss  : [6003,10076,com.qihoo.appstore,52133888,44539904]
05-03 16:14:50.047812   774   808 I am_pss  : [6024,10076,com.qihoo.daemon,17725440,11554816]
05-03 16:14:50.091512   774   808 I am_pss  : [1615,10014,com.android.launcher3,46558208,41984000]
05-03 16:14:50.145619   774   808 I am_pss  : [14907,10078,com.tencent.android.qqdownloader,30982144,22102016]
05-03 16:14:50.180307   774   808 I am_pss  : [16302,10010,com.google.android.gms,16142336,10838016]
05-03 16:14:50.209316   774   808 I am_pss  : [14999,10078,com.tencent.android.qqdownloader:getapkinfo,8165376,3362816]
05-03 16:14:50.239729   774   808 I am_pss  : [15924,10078,com.tencent.android.qqdownloader:connect,10365952,4481024]
05-03 16:14:50.273178   774   808 I am_pss  : [16325,10010,com.google.android.gms.wearable,8068096,3891200]
05-03 16:14:50.311831   774   808 I am_pss  : [1684,10010,com.google.process.gapps,9482240,7872512]
05-03 16:14:50.351572   774   808 I am_pss  : [1560,10010,com.google.android.gms.persistent,12845056,10670080]
05-03 16:14:50.383922   774   808 I am_pss  : [15903,10005,com.android.defcontainer,3788800,2076672]
05-03 16:14:50.418677   774   808 I am_pss  : [15826,10003,android.process.acore,11379712,8704000]
05-03 16:14:50.452859   774   808 I am_pss  : [13828,10007,android.process.media,7721984,5378048]
05-03 16:14:50.486217   774   808 I am_pss  : [1544,10048,com.android.inputmethod.latin,4716544,3575808]
05-03 16:14:50.523079   774   808 I am_pss  : [15954,1000,com.android.settings,15861760,10870784]
05-03 16:14:50.556538   774   808 I am_pss  : [13234,10016,com.android.mms,6650880,4648960]
05-03 16:14:50.588175   774   808 I am_pss  : [2636,10070,org.simalliance.openmobileapi.eseterminal,2119680,1597440]
05-03 16:14:50.619670   774   808 I am_pss  : [2630,10068,org.simalliance.openmobileapi.uicc2terminal,2128896,1597440]
05-03 16:14:50.651503   774   808 I am_pss  : [2625,10067,org.simalliance.openmobileapi.uicc1terminal,2197504,1667072]
05-03 16:14:50.684198   774   808 I am_pss  : [13101,10065,org.simalliance.openmobileapi.service:remote,3454976,1933312]
05-03 16:14:54.961741  6024  6024 I sqlite_mem_released: 0
05-03 16:14:54.962037  6024  6024 I force_gc: mem
05-03 16:14:56.722489   774   774 I notification_cancel: [10022,1081,com.android.systemui,2131755032,low_battery,-1,0,64,8,NULL]
05-03 16:15:01.037083   774   810 I am_proc_start: [0,16360,10034,com.android.deskclock,broadcast,com.android.deskclock/com.android.alarmclock.DigitalAppWidgetProvider]
05-03 16:15:01.153093   774   805 I am_proc_bound: [0,16360,com.android.deskclock]
05-03 16:15:06.257775 13101 13101 I sqlite_mem_released: 0
05-03 16:15:06.259207 13101 13101 I force_gc: mem
05-03 16:15:06.712411   774   774 I notification_cancel: [10022,1081,com.android.systemui,2131755032,low_battery,-1,0,64,8,NULL]
05-03 16:15:11.721092 13234 13234 I sqlite_mem_released: 0
05-03 16:15:11.721995 13234 13234 I force_gc: mem
05-03 16:15:16.723270   774   774 I notification_cancel: [10022,1081,com.android.systemui,2131755032,low_battery,-1,0,64,8,NULL]
05-03 16:15:21.721934 13828 13828 I sqlite_mem_released: 230400
05-03 16:15:21.722768 13828 13828 I force_gc: mem
05-03 16:15:26.708304   774   774 I notification_cancel: [10022,1081,com.android.systemui,2131755032,low_battery,-1,0,64,8,NULL]
05-03 16:15:31.717669 14907 14907 I sqlite_mem_released: 419840
05-03 16:15:31.718821 14907 14907 I force_gc: mem
05-03 16:15:36.711778   774   774 I notification_cancel: [10022,1081,com.android.systemui,2131755032,low_battery,-1,0,64,8,NULL]
05-03 16:15:41.711768 14999 14999 I sqlite_mem_released: 25600
05-03 16:15:41.712630 14999 14999 I force_gc: mem
05-03 16:15:46.725529   774   774 I notification_cancel: [10022,1081,com.android.systemui,2131755032,low_battery,-1,0,64,8,NULL]
05-03 16:15:56.724865   774   774 I notification_cancel: [10022,1081,com.android.systemui,2131755032,low_battery,-1,0,64,8,NULL]
05-03 16:16:00.053879   774   808 I am_pss  : [16360,10034,com.android.deskclock,4976640,3567616]
05-03 16:16:06.712284   774   774 I notification_cancel: [10022,1081,com.android.systemui,2131755032,low_battery,-1,0,64,8,NULL]
05-03 16:16:16.725769   774   774 I notification_cancel: [10022,1081,com.android.systemui,2131755032,low_battery,-1,0,64,8,NULL]
05-03 16:16:26.725968   774   774 I notification_cancel: [10022,1081,com.android.systemui,2131755032,low_battery,-1,0,64,8,NULL]
05-03 16:16:36.718109   774   774 I notification_cancel: [10022,1081,com.android.systemui,2131755032,low_battery,-1,0,64,8,NULL]
