05-04 15:07:37.089000   774 13787 I am_home_stack_moved: [0,0,1,1,bringingFoundTaskToFront setFocusedActivity]
05-04 15:07:37.089189   774 13787 I wm_task_moved: [64,1,7]
05-04 15:07:37.095756   774 13787 I am_focused_activity: [0,com.android.quicksearchbox/.SearchActivity]
05-04 15:07:37.096080   774 13787 I am_pause_activity: [0,64363096,com.android.launcher3/.Launcher]
05-04 15:07:37.097963   774 13787 I am_task_to_front: [0,64]
05-04 15:07:37.098111   774 13787 I am_new_intent: [0,224266136,64,com.android.quicksearchbox/.SearchActivity,android.search.action.GLOBAL_SEARCH,NULL,NULL,272629760]
05-04 15:07:37.100883  1615  1615 I am_on_paused_called: [0,com.android.launcher3.Launcher]
05-04 15:07:37.105305   774   794 I am_restart_activity: [0,238653180,64,com.android.quicksearchbox/.SearchActivity]
05-04 15:07:37.310422 25908 25908 I am_on_resume_called: [0,com.android.quicksearchbox.SearchActivity]
05-04 15:07:37.540787   230   230 I sf_frame_dur: [com.android.launcher3/com.android.launcher3.Launcher,2,2,1,0,0,0,0]
05-04 15:07:37.612501   774   824 I am_activity_launch_time: [0,238653180,com.android.quicksearchbox/.SearchActivity,510,510]
05-04 15:07:37.622399 25908 25908 I qsb_start: [com.android.quicksearchbox,23,NULL,307,NULL,apps,137]
05-04 15:07:37.645317 25908 25908 I qsb_latency: [apps,25,0]
05-04 15:07:38.870721   774   984 I am_home_stack_moved: [0,1,0,0,bringingFoundTaskToFront setFocusedActivity]
05-04 15:07:38.870905   774   984 I wm_task_moved: [16,1,1]
05-04 15:07:38.879426   774   984 I am_focused_activity: [0,com.android.launcher3/.Launcher]
05-04 15:07:38.907750   774   984 I am_pause_activity: [0,238653180,com.android.quicksearchbox/.SearchActivity]
05-04 15:07:38.908554 25908 25908 I am_on_paused_called: [0,com.android.quicksearchbox.SearchActivity]
05-04 15:07:38.915315   774   984 I am_resume_activity: [0,64363096,16,com.android.launcher3/.Launcher]
05-04 15:07:38.917563   774   984 I am_task_to_front: [0,16]
05-04 15:07:38.917765   774   984 I am_new_intent: [0,178077453,16,com.android.launcher3/.Launcher,android.intent.action.MAIN,NULL,NULL,274726912]
05-04 15:07:38.921759 25908 25908 I qsb_exit: [,0]
05-04 15:07:38.932127  1615  1615 I am_on_resume_called: [0,com.android.launcher3.Launcher]
05-04 15:07:39.492194   230   230 I sf_frame_dur: [com.android.quicksearchbox/com.android.quicksearchbox.SearchActivity,0,2,1,1,0,1,0]
05-04 15:07:39.517448   774   983 I am_proc_start: [0,25954,10010,com.google.android.gms,service,com.google.android.gms/com.google.android.libraries.social.mediamonitor.MediaMonitorIntentService]
05-04 15:07:39.571347  1081  1081 I sysui_panelholder_touch: [0,840,7]
05-04 15:07:39.572897  1081  1081 I sysui_count: [panel_open,1]
05-04 15:07:39.575193  1081  1081 I sysui_histogram: [note_load,2]
05-04 15:07:39.575582   774  1631 I notification_panel_revealed: 2
05-04 15:07:39.577809   774  1171 I notification_visibility: [0|com.mediatek.mtklogger|2130837539|null|10052,1,6440,6440,0,0]
05-04 15:07:39.613856   774  1070 I am_proc_bound: [0,25954,com.google.android.gms]
05-04 15:07:39.814034   774   774 I notification_cancel: [10022,1081,com.android.systemui,1397773634,public:8,1,-1,0,64,8,NULL]
05-04 15:07:39.814208   774   774 I notification_cancel: [10022,1081,com.android.systemui,1396986699,disk:8,0,-1,0,64,8,NULL]
05-04 15:07:39.828112   774   774 I notification_enqueue: [10022,1081,com.android.systemui,1397773634,public:8,1,-1,Notification(pri=-1 contentView=null vibrate=null sound=null defaults=0x0 flags=0x102 color=0xff607d8b category=progress vis=PUBLIC),0]
05-04 15:07:39.902911   774   774 I notification_cancel: [10010,25954,com.google.android.gms,10436,NOT_LMP,0,0,64,8,NULL]
05-04 15:07:39.903611   774   774 I notification_cancel: [10010,25954,com.google.android.gms,39789,NOT_LMP,0,0,64,8,NULL]
05-04 15:07:40.054285   774 13787 I am_proc_start: [0,25977,10007,android.process.media,content provider,com.android.providers.media/.MediaProvider]
05-04 15:07:40.080946   774  1613 I notification_visibility: [0|com.mediatek.security|1200|null|1000,1,537370587,537370587,0,1]
05-04 15:07:40.081102   774  1613 I notification_visibility: [-1|com.android.systemui|1397773634|public:8,1|10022,1,254,254,0,2]
05-04 15:07:40.141900   774  7249 I am_proc_start: [0,25982,10008,com.android.externalstorage,content provider,com.android.externalstorage/.ExternalStorageProvider]
05-04 15:07:40.166075   774  1664 I am_proc_bound: [0,25977,android.process.media]
05-04 15:07:40.247343   774   808 I am_pss  : [1544,10048,com.android.inputmethod.latin,19670016,16976896]
05-04 15:07:40.269226   774  1171 I am_proc_bound: [0,25982,com.android.externalstorage]
05-04 15:07:40.286165   774   808 I am_pss  : [24587,10016,com.android.mms,17719296,13904896]
05-04 15:07:40.321579   774  1171 I notification_cancel_all: [10007,25977,com.android.providers.downloads,0,0,64,9,NULL]
05-04 15:07:40.329038   774   774 I notification_enqueue: [10022,1081,com.android.systemui,1397773634,public:8,1,-1,Notification(pri=-1 contentView=null vibrate=null sound=null defaults=0x0 flags=0x100 color=0xff607d8b category=sys actions=2 vis=PUBLIC),1]
05-04 15:07:40.329089   774   808 I am_pss  : [1684,10010,com.google.process.gapps,10633216,8593408]
05-04 15:07:40.407470   774   808 I am_pss  : [22948,10080,com.wandoujia.phoenix2,15707136,11669504]
05-04 15:07:40.441978   774   808 I am_pss  : [23016,10079,com.wandoujia.phoenix2.usbproxy,6688768,3338240]
05-04 15:07:40.469702   774   808 I am_pss  : [22332,10080,com.wandoujia.phoenix2:update_service,6991872,3072000]
05-04 15:07:40.522218   774   808 I am_pss  : [1560,10010,com.google.android.gms.persistent,14521344,11997184]
05-04 15:07:40.533197  1684  1747 I force_gc: Binder
05-04 15:07:40.638431   774  1070 I am_proc_start: [0,26013,10010,com.google.android.gms.wearable,service,com.google.android.gms/.wearable.service.WearableService]
05-04 15:07:40.639960   774   808 I am_pss  : [24760,10070,org.simalliance.openmobileapi.eseterminal,3172352,2105344]
05-04 15:07:40.702774   774   808 I am_pss  : [24755,10068,org.simalliance.openmobileapi.uicc2terminal,3174400,2113536]
05-04 15:07:40.752571   774   808 I am_pss  : [24750,10067,org.simalliance.openmobileapi.uicc1terminal,3105792,2048000]
05-04 15:07:40.795248   774   805 I am_proc_bound: [0,26013,com.google.android.gms.wearable]
05-04 15:07:40.806064  1081  1081 I sysui_view_visibility: [111,100]
05-04 15:07:40.806185  1081  1081 I sysui_view_visibility: [126,100]
05-04 15:07:40.806232  1081  1081 I sysui_view_visibility: [113,100]
05-04 15:07:40.806278  1081  1081 I sysui_view_visibility: [118,100]
05-04 15:07:40.806349  1081  1081 I sysui_view_visibility: [115,100]
05-04 15:07:40.806392  1081  1081 I sysui_view_visibility: [112,100]
05-04 15:07:40.806437  1081  1081 I sysui_view_visibility: [123,100]
05-04 15:07:40.806484  1081  1081 I sysui_view_visibility: [119,100]
05-04 15:07:40.806526  1081  1081 I sysui_view_visibility: [122,100]
05-04 15:07:40.807233   774   774 I notification_cancel: [10010,25954,com.google.android.gms,10436,NULL,0,0,64,8,NULL]
05-04 15:07:40.815446  1081  1081 I sysui_view_visibility: [114,100]
05-04 15:07:40.817178  1081  1081 I sysui_view_visibility: [111,100]
05-04 15:07:40.818221   774   808 I am_pss  : [25712,10065,org.simalliance.openmobileapi.service:remote,3221504,2125824]
05-04 15:07:40.924275   774  1664 I am_proc_died: [0,25977,android.process.media]
05-04 15:07:40.954626   774   774 I notification_cancel: [10010,26013,com.google.android.gms,10436,NOT_LMP,0,0,64,8,NULL]
05-04 15:07:40.958176   774   774 I notification_cancel: [10010,26013,com.google.android.gms,39789,NOT_LMP,0,0,64,8,NULL]
05-04 15:07:41.169034   774   774 I notification_cancel: [10022,1081,com.android.systemui,2131755032,low_battery,-1,0,64,8,NULL]
05-04 15:07:41.734462   774  1663 I notification_visibility: [0|com.mediatek.security|1200|null|1000,0,537372241,537372241,0,1]
05-04 15:07:41.734607   774  1663 I notification_visibility: [-1|com.android.systemui|1397773634|public:8,1|10022,0,1907,1406,0,2]
05-04 15:07:42.243492   774   805 I notification_visibility: [0|com.mediatek.security|1200|null|1000,1,537372750,537372750,0,1]
05-04 15:07:42.243654   774   805 I notification_visibility: [-1|com.android.systemui|1397773634|public:8,1|10022,1,2416,1915,0,2]
05-04 15:07:42.325551  1081  1081 I sysui_view_visibility: [111,0]
05-04 15:07:42.783361   774  1171 I notification_visibility: [0|com.mediatek.security|1200|null|1000,0,537373290,537373290,0,1]
05-04 15:07:42.783570   774  1171 I notification_visibility: [-1|com.android.systemui|1397773634|public:8,1|10022,0,2956,2455,0,2]
05-04 15:07:42.783666   774  1171 I notification_visibility: [0|com.mediatek.mtklogger|2130837539|null|10052,0,9646,9646,0,0]
05-04 15:07:42.784630   774   794 I notification_panel_hidden: []
05-04 15:07:42.802435   774  7249 I am_home_stack_moved: [0,0,1,1,startingNewTask]
05-04 15:07:42.802568   774  7249 I wm_task_moved: [64,1,7]
05-04 15:07:42.818605   774  7249 I am_create_task: [0,89]
05-04 15:07:42.818762   774  7249 I am_create_activity: [0,137731073,89,com.android.documentsui/.DocumentsActivity,android.provider.action.BROWSE_DOCUMENT_ROOT,NULL,content://com.android.externalstorage.documents/root/3B23-A78E,268435456]
05-04 15:07:42.825203   774  7249 I wm_task_created: [89,1]
05-04 15:07:42.825360   774  7249 I wm_task_moved: [89,1,8]
05-04 15:07:42.834198   774  7249 I am_pause_activity: [0,64363096,com.android.launcher3/.Launcher]
05-04 15:07:42.836709  1615  1615 I am_on_paused_called: [0,com.android.launcher3.Launcher]
05-04 15:07:42.860720   774  7249 I am_home_stack_moved: [0,0,1,1,startedActivity setFocusedActivity]
05-04 15:07:42.860878   774  7249 I wm_task_moved: [89,1,8]
05-04 15:07:42.868659   774  7249 I am_focused_activity: [0,com.android.documentsui/.DocumentsActivity]
05-04 15:07:42.870937   774 13787 I notification_clicked: [-1|com.android.systemui|1397773634|public:8,1|10022,3043,2542,627]
05-04 15:07:42.871611   774   774 I notification_cancel: [10022,1081,com.android.systemui,1397773634,public:8,1,-1,16,64,1,NULL]
05-04 15:07:42.871740   774   774 I sysui_histogram: [note_click_longevity,0]
05-04 15:07:42.905332   774  1663 I am_proc_start: [0,26036,10035,com.android.documentsui,activity,com.android.documentsui/.DocumentsActivity]
05-04 15:07:43.031197   774   805 I am_proc_bound: [0,26036,com.android.documentsui]
05-04 15:07:43.035638   774   805 I am_restart_activity: [0,137731073,89,com.android.documentsui/.DocumentsActivity]
05-04 15:07:43.164897   774  1631 I am_proc_start: [0,26053,10007,android.process.media,content provider,com.android.providers.downloads/.DownloadStorageProvider]
05-04 15:07:43.290140   774 13786 I am_proc_bound: [0,26053,android.process.media]
05-04 15:07:43.294278   774   793 I am_proc_died: [0,25982,com.android.externalstorage]
05-04 15:07:43.468473   774  1664 I notification_cancel_all: [10007,26053,com.android.providers.downloads,0,0,64,9,NULL]
05-04 15:07:43.493003   230   230 I sf_frame_dur: [com.android.launcher3/com.android.launcher3.Launcher,0,0,0,0,0,0,1]
05-04 15:07:43.517094   774 23363 I am_proc_start: [0,26072,10008,com.android.externalstorage,content provider,com.android.externalstorage/.ExternalStorageProvider]
05-04 15:07:43.636643   774  1631 I am_proc_bound: [0,26072,com.android.externalstorage]
05-04 15:07:43.766573   774  1171 I am_proc_died: [0,25412,com.android.shell]
05-04 15:07:43.775523 26036 26036 I am_on_resume_called: [0,com.android.documentsui.DocumentsActivity]
05-04 15:07:43.809313   774  1734 I am_finish_activity: [0,137731073,89,com.android.documentsui/.DocumentsActivity,app-request]
05-04 15:07:43.809966   774  1734 I am_home_stack_moved: [0,1,0,0,finishActivity adjustFocus setFocusedActivity]
05-04 15:07:43.810052   774  1734 I wm_task_moved: [16,1,1]
05-04 15:07:43.813204   774  1734 I am_focused_activity: [0,com.android.launcher3/.Launcher]
05-04 15:07:44.115327   774  1734 I am_pause_activity: [0,137731073,com.android.documentsui/.DocumentsActivity]
05-04 15:07:44.182460   774  1070 I am_proc_start: [0,26088,2000,com.android.shell,content provider,com.android.shell/.BugreportStorageProvider]
05-04 15:07:44.209540 26036 26036 I am_on_paused_called: [0,com.android.documentsui.DocumentsActivity]
05-04 15:07:44.214409   774   805 I am_resume_activity: [0,64363096,16,com.android.launcher3/.Launcher]
05-04 15:07:44.264412  1615  1615 I am_on_resume_called: [0,com.android.launcher3.Launcher]
05-04 15:07:44.308886   774   805 I am_proc_bound: [0,26088,com.android.shell]
05-04 15:07:44.330729   774   793 I am_destroy_activity: [0,137731073,89,com.android.documentsui/.DocumentsActivity,finish-idle]
05-04 15:07:44.383918   774 13786 I am_proc_died: [0,26053,android.process.media]
05-04 15:07:44.773318   774   824 I wm_task_removed: [89,removeAppToken: last token]
05-04 15:07:44.773533   774   824 I wm_task_removed: [89,removeTask]
05-04 15:07:45.683570  1081  1081 I sysui_panelholder_touch: [0,958,5]
05-04 15:07:45.684884  1081  1081 I sysui_count: [panel_open,1]
05-04 15:07:45.688409  1081  1081 I sysui_histogram: [note_load,3]
05-04 15:07:45.688923   774   794 I notification_panel_revealed: 3
05-04 15:07:45.692593   774  1664 I notification_visibility: [0|com.mediatek.mtklogger|2130837539|null|10052,1,12555,12555,0,0]
05-04 15:07:46.192524   774  1663 I notification_visibility: [0|com.mediatek.security|1200|null|1000,1,537376699,537376699,0,1]
05-04 15:07:46.192658   774  1663 I notification_visibility: [-1|com.android.systemui|1397773634|public:8,1|10022,1,6365,5864,0,2]
05-04 15:07:46.735703   774  1613 I notification_visibility: [0|com.mediatek.security|1200|null|1000,0,537377242,537377242,0,1]
05-04 15:07:46.735840   774  1613 I notification_visibility: [-1|com.android.systemui|1397773634|public:8,1|10022,0,6908,6407,0,2]
05-04 15:07:46.735917   774  1613 I notification_visibility: [0|com.mediatek.mtklogger|2130837539|null|10052,0,13598,13598,0,0]
05-04 15:07:46.736454   774  7928 I notification_panel_hidden: []
05-04 15:07:46.736812   774  1664 I am_home_stack_moved: [0,0,1,1,startingNewTask]
05-04 15:07:46.736909   774  1664 I wm_task_moved: [64,1,7]
05-04 15:07:46.739890   774  1664 I am_create_task: [0,90]
05-04 15:07:46.740126   774  1664 I am_create_activity: [0,45009773,90,com.android.documentsui/.DocumentsActivity,android.provider.action.BROWSE_DOCUMENT_ROOT,NULL,content://com.android.externalstorage.documents/root/3B23-A78E,268435456]
05-04 15:07:46.744173   774  1664 I wm_task_created: [90,1]
05-04 15:07:46.744271   774  1664 I wm_task_moved: [90,1,8]
05-04 15:07:46.744604   774  1664 I am_pause_activity: [0,64363096,com.android.launcher3/.Launcher]
05-04 15:07:46.750418   774  1664 I am_home_stack_moved: [0,0,1,1,startedActivity setFocusedActivity]
05-04 15:07:46.750517   774  1664 I wm_task_moved: [90,1,8]
05-04 15:07:46.764361   774  1664 I am_focused_activity: [0,com.android.documentsui/.DocumentsActivity]
05-04 15:07:46.765748  1615  1615 I am_on_paused_called: [0,com.android.launcher3.Launcher]
05-04 15:07:46.772412   774 13787 I notification_clicked: [-1|com.android.systemui|1397773634|public:8,1|10022,6945,6444,580]
05-04 15:07:46.772851   774   774 I notification_cancel: [10022,1081,com.android.systemui,1397773634,public:8,1,-1,16,64,1,NULL]
05-04 15:07:46.772990   774   774 I sysui_histogram: [note_click_longevity,0]
05-04 15:07:46.778483   774  1070 I am_restart_activity: [0,45009773,90,com.android.documentsui/.DocumentsActivity]
05-04 15:07:46.834973 26036 26036 I am_on_resume_called: [0,com.android.documentsui.DocumentsActivity]
05-04 15:07:46.939382   774  1734 I force_gc: Binder
05-04 15:07:47.017392   774   824 I am_activity_launch_time: [0,45009773,com.android.documentsui/.DocumentsActivity,249,4148]
05-04 15:07:47.265001   230   230 I sf_frame_dur: [com.android.launcher3/com.android.launcher3.Launcher,0,0,0,0,0,0,1]
05-04 15:07:48.907671   774   984 I am_home_stack_moved: [0,1,0,0,bringingFoundTaskToFront setFocusedActivity]
05-04 15:07:48.907799   774   984 I wm_task_moved: [16,1,1]
05-04 15:07:48.916511   774   984 I am_focused_activity: [0,com.android.launcher3/.Launcher]
05-04 15:07:48.946304   774   984 I am_pause_activity: [0,45009773,com.android.documentsui/.DocumentsActivity]
05-04 15:07:48.949793 26036 26036 I am_on_paused_called: [0,com.android.documentsui.DocumentsActivity]
05-04 15:07:48.960109   774   984 I am_resume_activity: [0,64363096,16,com.android.launcher3/.Launcher]
05-04 15:07:48.963185   774   984 I am_task_to_front: [0,16]
05-04 15:07:48.963357   774   984 I am_new_intent: [0,155811190,16,com.android.launcher3/.Launcher,android.intent.action.MAIN,NULL,NULL,274726912]
05-04 15:07:48.976064  1615  1615 I am_on_resume_called: [0,com.android.launcher3.Launcher]
05-04 15:07:49.005505   774  7249 I am_proc_died: [0,26088,com.android.shell]
05-04 15:07:49.507129   230   230 I sf_frame_dur: [com.android.documentsui/com.android.documentsui.DocumentsActivity,14,2,2,1,0,1,0]
05-04 15:07:50.184802   774  1663 I am_proc_died: [0,26013,com.google.android.gms.wearable]
05-04 15:07:50.355535   774 13787 I am_proc_died: [0,25113,com.android.dialer]
05-04 15:07:50.396665   774   808 I am_pss  : [25203,1001,com.mediatek.engineermode,13670400,10480640]
05-04 15:07:51.160516   774   774 I notification_cancel: [10022,1081,com.android.systemui,2131755032,low_battery,-1,0,64,8,NULL]
05-04 15:07:51.768471   774  1631 I am_home_stack_moved: [0,0,1,1,bringingFoundTaskToFront setFocusedActivity]
05-04 15:07:51.768664   774  1631 I wm_task_moved: [80,1,8]
05-04 15:07:51.777644   774  1631 I am_focused_activity: [0,com.mediatek.filemanager/.FileManagerOperationActivity]
05-04 15:07:51.779032   774  1631 I am_pause_activity: [0,64363096,com.android.launcher3/.Launcher]
05-04 15:07:51.782178   774  1631 I am_task_to_front: [0,80]
05-04 15:07:51.782505   774  1631 I am_new_intent: [0,95155823,80,com.mediatek.filemanager/.FileManagerOperationActivity,android.intent.action.MAIN,NULL,NULL,274726912]
05-04 15:07:51.786321  1615  1615 I am_on_paused_called: [0,com.android.launcher3.Launcher]
05-04 15:07:51.816537   774 13786 I am_proc_start: [0,26128,10040,com.mediatek.filemanager,activity,com.mediatek.filemanager/.FileManagerOperationActivity]
05-04 15:07:51.935422   774 13787 I am_proc_bound: [0,26128,com.mediatek.filemanager]
05-04 15:07:51.938947   774 13787 I am_restart_activity: [0,127678587,80,com.mediatek.filemanager/.FileManagerOperationActivity]
05-04 15:07:52.168519 26128 26128 I am_on_resume_called: [0,com.mediatek.filemanager.FileManagerOperationActivity]
05-04 15:07:52.352189   230   230 I sf_frame_dur: [com.android.launcher3/com.android.launcher3.Launcher,30,0,2,1,1,2,0]
05-04 15:07:52.360000 26158 26158 I auditd  : type=1400 audit(0.0:3772): avc: denied { getattr } for comm=4173796E635461736B202331 path="/storage/3B23-A78E" dev="tmpfs" ino=148087 scontext=u:r:platform_app:s0:c512,c768 tcontext=u:object_r:storage_stub_file:s0 tclass=dir permissive=1
05-04 15:07:52.426467   774   824 I am_activity_launch_time: [0,127678587,com.mediatek.filemanager/.FileManagerOperationActivity,639,639]
05-04 15:07:52.494180   774  7928 I am_proc_died: [0,25131,android.process.acore]
05-04 15:07:56.050501   774   808 I am_pss  : [25233,10052,com.mediatek.mtklogger,23545856,19870720]
05-04 15:07:57.414201   774   984 I am_home_stack_moved: [0,1,0,0,bringingFoundTaskToFront setFocusedActivity]
05-04 15:07:57.414325   774   984 I wm_task_moved: [16,1,1]
05-04 15:07:57.425032   774   984 I am_focused_activity: [0,com.android.launcher3/.Launcher]
05-04 15:07:57.453802   774   984 I am_pause_activity: [0,127678587,com.mediatek.filemanager/.FileManagerOperationActivity]
05-04 15:07:57.466230   774   984 I am_resume_activity: [0,64363096,16,com.android.launcher3/.Launcher]
05-04 15:07:57.468835   774   984 I am_task_to_front: [0,16]
05-04 15:07:57.469052   774   984 I am_new_intent: [0,63224198,16,com.android.launcher3/.Launcher,android.intent.action.MAIN,NULL,NULL,274726912]
05-04 15:07:57.472608 26128 26128 I am_on_paused_called: [0,com.mediatek.filemanager.FileManagerOperationActivity]
05-04 15:07:57.488135  1615  1615 I am_on_resume_called: [0,com.android.launcher3.Launcher]
05-04 15:07:58.026958   230   230 I sf_frame_dur: [com.mediatek.filemanager/com.mediatek.filemanager.FileManagerOperationActivity,193,1,0,1,1,0,1]
05-04 15:07:58.972509  1081  1081 I sysui_panelholder_touch: [0,864,6]
05-04 15:07:58.973681  1081  1081 I sysui_count: [panel_open,1]
05-04 15:07:58.977088  1081  1081 I sysui_histogram: [note_load,3]
05-04 15:07:58.977605   774   805 I notification_panel_revealed: 3
05-04 15:07:58.980485   774  1070 I notification_visibility: [0|com.mediatek.mtklogger|2130837539|null|10052,1,25843,25843,0,0]
05-04 15:07:59.481086   774  7928 I notification_visibility: [0|com.mediatek.security|1200|null|1000,1,537389988,537389988,0,1]
05-04 15:07:59.481295   774  7928 I notification_visibility: [-1|com.android.systemui|1397773634|public:8,1|10022,1,19654,19153,0,2]
05-04 15:08:00.131446   774   793 I notification_visibility: [0|com.mediatek.security|1200|null|1000,0,537390638,537390638,0,1]
05-04 15:08:00.131603   774   793 I notification_visibility: [-1|com.android.systemui|1397773634|public:8,1|10022,0,20304,19803,0,2]
05-04 15:08:00.131708   774   793 I notification_visibility: [0|com.mediatek.mtklogger|2130837539|null|10052,0,26994,26994,0,0]
05-04 15:08:00.132999   774 13787 I notification_panel_hidden: []
05-04 15:08:00.133632   774  1631 I am_home_stack_moved: [0,0,1,1,bringingFoundTaskToFront setFocusedActivity]
05-04 15:08:00.133767   774  1631 I wm_task_moved: [90,1,8]
05-04 15:08:00.138424   774  1631 I am_focused_activity: [0,com.android.documentsui/.DocumentsActivity]
05-04 15:08:00.144708   774  1631 I am_pause_activity: [0,64363096,com.android.launcher3/.Launcher]
05-04 15:08:00.146366  1615  1615 I am_on_paused_called: [0,com.android.launcher3.Launcher]
05-04 15:08:00.148813   774  1631 I am_task_to_front: [0,90]
05-04 15:08:00.153885   774  7249 I notification_clicked: [-1|com.android.systemui|1397773634|public:8,1|10022,20326,19825,672]
05-04 15:08:00.154131   774   774 I notification_cancel: [10022,1081,com.android.systemui,1397773634,public:8,1,-1,16,64,1,NULL]
05-04 15:08:00.154219   774   774 I sysui_histogram: [note_click_longevity,0]
05-04 15:08:00.155030   774 13786 I am_resume_activity: [0,45009773,90,com.android.documentsui/.DocumentsActivity]
05-04 15:08:00.172932 26036 26036 I am_on_resume_called: [0,com.android.documentsui.DocumentsActivity]
05-04 15:08:00.324970   774  1171 I am_proc_died: [0,25954,com.google.android.gms]
05-04 15:08:00.742767   230   230 I sf_frame_dur: [com.android.launcher3/com.android.launcher3.Launcher,11,1,0,1,0,0,0]
05-04 15:08:01.157168   774   774 I notification_cancel: [10022,1081,com.android.systemui,2131755032,low_battery,-1,0,64,8,NULL]
05-04 15:08:01.290616   774   984 I am_home_stack_moved: [0,1,0,0,bringingFoundTaskToFront setFocusedActivity]
05-04 15:08:01.290702   774   984 I wm_task_moved: [16,1,1]
05-04 15:08:01.296539   774   984 I am_focused_activity: [0,com.android.launcher3/.Launcher]
05-04 15:08:01.323915   774   984 I am_pause_activity: [0,45009773,com.android.documentsui/.DocumentsActivity]
05-04 15:08:01.324805 26036 26036 I am_on_paused_called: [0,com.android.documentsui.DocumentsActivity]
05-04 15:08:01.330825   774   984 I am_resume_activity: [0,64363096,16,com.android.launcher3/.Launcher]
05-04 15:08:01.339742   774   984 I am_task_to_front: [0,16]
05-04 15:08:01.339925   774   984 I am_new_intent: [0,155225653,16,com.android.launcher3/.Launcher,android.intent.action.MAIN,NULL,NULL,274726912]
05-04 15:08:01.355237   774  7249 I am_proc_died: [0,25203,com.mediatek.engineermode]
05-04 15:08:01.358069  1615  1615 I am_on_resume_called: [0,com.android.launcher3.Launcher]
05-04 15:08:01.733390  1081  1081 I sysui_panelholder_touch: [0,950,8]
05-04 15:08:01.734773  1081  1081 I sysui_count: [panel_open,1]
05-04 15:08:01.739991  1081  1081 I sysui_histogram: [note_load,3]
05-04 15:08:01.741037   774  1664 I notification_panel_revealed: 3
05-04 15:08:01.745007   774  1734 I notification_visibility: [0|com.mediatek.mtklogger|2130837539|null|10052,1,28607,28607,0,0]
05-04 15:08:01.880450   230   230 I sf_frame_dur: [com.android.documentsui/com.android.documentsui.DocumentsActivity,1,0,0,0,0,0,0]
05-04 15:08:02.244972   774   794 I notification_visibility: [0|com.mediatek.security|1200|null|1000,1,537392751,537392751,0,1]
05-04 15:08:02.245073   774   794 I notification_visibility: [-1|com.android.systemui|1397773634|public:8,1|10022,1,22418,21917,0,2]
05-04 15:08:02.798500   774  1631 I notification_visibility: [0|com.mediatek.security|1200|null|1000,0,537393305,537393305,0,1]
05-04 15:08:02.798712   774  1631 I notification_visibility: [-1|com.android.systemui|1397773634|public:8,1|10022,0,22971,22470,0,2]
05-04 15:08:02.798817   774  1631 I notification_visibility: [0|com.mediatek.mtklogger|2130837539|null|10052,0,29661,29661,0,0]
05-04 15:08:02.801641   774  7928 I notification_panel_hidden: []
05-04 15:08:02.804440   774  7249 I am_home_stack_moved: [0,0,1,1,bringingFoundTaskToFront setFocusedActivity]
05-04 15:08:02.804597   774  7249 I wm_task_moved: [87,1,8]
05-04 15:08:02.809881   774  7249 I am_focused_activity: [0,com.mediatek.mtklogger/.MainActivity]
05-04 15:08:02.810203   774  7249 I am_pause_activity: [0,64363096,com.android.launcher3/.Launcher]
05-04 15:08:02.811942  1615  1615 I am_on_paused_called: [0,com.android.launcher3.Launcher]
05-04 15:08:02.816657   774  7249 I am_task_to_front: [0,87]
05-04 15:08:02.816847   774  7249 I am_new_intent: [0,167677576,87,com.mediatek.mtklogger/.MainActivity,NULL,NULL,NULL,272629760]
05-04 15:08:02.822209   774  1663 I notification_clicked: [0|com.mediatek.mtklogger|2130837539|null|10052,29685,29685,1078]
05-04 15:08:02.824128   774   774 I notification_cancel: [10022,1081,com.mediatek.mtklogger,2130837539,NULL,0,16,64,1,NULL]
05-04 15:08:02.824294   774   774 I sysui_histogram: [note_click_longevity,0]
05-04 15:08:02.867086   774 23363 I configuration_changed: 1152
05-04 15:08:02.945376   774 23363 I am_resume_activity: [0,164927566,87,com.mediatek.mtklogger/.MainActivity]
05-04 15:08:02.980756 25233 25233 I am_on_resume_called: [0,com.mediatek.mtklogger.MainActivity]
05-04 15:08:03.372987   774  1171 I am_proc_start: [0,26178,10003,android.process.acore,content provider,com.android.providers.contacts/.ContactsProvider2]
05-04 15:08:03.387165   774   794 I am_proc_died: [0,24587,com.android.mms]
05-04 15:08:03.387587   774   794 I am_schedule_service_restart: [0,com.android.mms/.transaction.NoneService,1000]
05-04 15:08:03.576646   774   793 I am_proc_bound: [0,26178,android.process.acore]
05-04 15:08:04.422525   774   810 I am_proc_start: [0,26197,10016,com.android.mms,service,com.android.mms/.transaction.NoneService]
05-04 15:08:04.524556   774  1664 I am_proc_bound: [0,26197,com.android.mms]
05-04 15:08:04.706083   774   793 I am_proc_died: [0,26178,android.process.acore]
05-04 15:08:24.070000 26340 26340 I auditd  : type=1400 audit(0.0:3774): avc: denied { ioctl } for comm="debuggerd" path="/proc/lk_env" dev="proc" ino=4026533706 ioctlcmd=6501 scontext=u:r:debuggerd:s0 tcontext=u:object_r:proc_lk_env:s0 tclass=file permissive=1
05-04 15:08:24.479841   230   230 I sf_frame_dur: [,48,2,0,0,1,0,0]
05-04 15:08:24.925548   774   808 I am_pss  : [26197,10016,com.android.mms,7435264,5271552]
05-04 15:08:25.189327   774   774 I notification_enqueue: [10052,25233,com.mediatek.mtklogger,2130837539,NULL,0,Notification(pri=0 contentView=com.mediatek.mtklogger/0x1090085 vibrate=null sound=null tick defaults=0x0 flags=0x60 color=0x00000000 vis=PRIVATE),0]
05-04 15:08:25.249419   774   805 I notification_expansion: [0|com.mediatek.mtklogger|2130837539|null|10052,0,1,60,60,0]
05-04 15:08:25.250307   774  1734 I notification_expansion: [0|com.mediatek.security|1200|null|1000,0,0,537415757,537415757,11917]
05-04 15:08:25.685977   774   984 I am_home_stack_moved: [0,1,0,0,bringingFoundTaskToFront setFocusedActivity]
05-04 15:08:25.686093   774   984 I wm_task_moved: [16,1,1]
05-04 15:08:25.693945   774   984 I am_focused_activity: [0,com.android.launcher3/.Launcher]
05-04 15:08:25.719022   774   984 I am_pause_activity: [0,164927566,com.mediatek.mtklogger/.MainActivity]
05-04 15:08:25.726378   774   984 I am_relaunch_resume_activity: [0,64363096,16,com.android.launcher3/.Launcher]
05-04 15:08:25.728226   774   984 I am_task_to_front: [0,16]
05-04 15:08:25.728413   774   984 I am_new_intent: [0,85067214,16,com.android.launcher3/.Launcher,android.intent.action.MAIN,NULL,NULL,274726912]
05-04 15:08:25.733005 25233 25233 I am_on_paused_called: [0,com.mediatek.mtklogger.MainActivity]
05-04 15:08:25.919689  1615  1615 I am_on_resume_called: [0,com.android.launcher3.Launcher]
05-04 15:08:26.479411   230   230 I sf_frame_dur: [com.mediatek.mtklogger/com.mediatek.mtklogger.MainActivity,1,1,1,0,0,0,2]
05-04 15:08:31.634847   774   774 I notification_cancel: [10022,1081,com.android.systemui,2131755032,low_battery,-1,0,64,8,NULL]
05-04 15:08:31.797353  1081  1081 I sysui_panelholder_touch: [0,349,0]
05-04 15:08:31.798439  1081  1081 I sysui_count: [panel_open,1]
05-04 15:08:31.810371  1081  1081 I sysui_histogram: [note_load,2]
05-04 15:08:31.810936   774  1171 I notification_panel_revealed: 2
05-04 15:08:31.814279   774  1613 I notification_visibility: [0|com.mediatek.mtklogger|2130837539|null|10052,1,6625,6625,0,0]
05-04 15:08:32.050600   774   774 I notification_cancel: [10022,1081,com.android.systemui,1397773634,public:8,1,-1,0,64,8,NULL]
05-04 15:08:32.051391   774   774 I notification_cancel: [10022,1081,com.android.systemui,1396986699,disk:8,0,-1,0,64,8,NULL]
05-04 15:08:32.063940   774   774 I notification_enqueue: [10022,1081,com.android.systemui,1397773634,public:8,1,-1,Notification(pri=-1 contentView=null vibrate=null sound=null defaults=0x0 flags=0x102 color=0xff607d8b category=progress vis=PUBLIC),0]
05-04 15:08:32.339901   774   774 I notification_enqueue: [10022,1081,com.android.systemui,1397773634,public:8,1,-1,Notification(pri=-1 contentView=null vibrate=null sound=null defaults=0x0 flags=0x100 color=0xff607d8b category=sys actions=2 vis=PUBLIC),1]
05-04 15:08:32.342242   774  7249 I notification_visibility: [0|com.mediatek.security|1200|null|1000,1,537422849,537422849,0,1]
05-04 15:08:32.342380   774  7249 I notification_visibility: [-1|com.android.systemui|1397773634|public:8,1|10022,1,279,3,0,2]
05-04 15:08:32.367471   774   808 I am_pss  : [26036,10035,com.android.documentsui,17107968,12918784]
05-04 15:08:33.510767   774  1631 I notification_visibility: [0|com.mediatek.security|1200|null|1000,0,537424017,537424017,0,1]
05-04 15:08:33.510924   774  1631 I notification_visibility: [-1|com.android.systemui|1397773634|public:8,1|10022,0,1447,1171,0,2]
05-04 15:08:33.511028   774  1631 I notification_visibility: [0|com.mediatek.mtklogger|2130837539|null|10052,0,8321,8321,0,0]
05-04 15:08:33.511634   774  1663 I notification_panel_hidden: []
05-04 15:08:33.516367   774   793 I am_home_stack_moved: [0,0,1,1,bringingFoundTaskToFront setFocusedActivity]
05-04 15:08:33.521265   774   793 I wm_task_moved: [90,1,8]
05-04 15:08:33.539675   774   793 I am_focused_activity: [0,com.android.documentsui/.DocumentsActivity]
05-04 15:08:33.545371   774   793 I am_pause_activity: [0,64363096,com.android.launcher3/.Launcher]
05-04 15:08:33.548385  1615  1615 I am_on_paused_called: [0,com.android.launcher3.Launcher]
05-04 15:08:33.550741   774   793 I am_task_to_front: [0,90]
05-04 15:08:33.561439   774   805 I am_relaunch_resume_activity: [0,45009773,90,com.android.documentsui/.DocumentsActivity]
05-04 15:08:33.579791   774 23363 I notification_clicked: [-1|com.android.systemui|1397773634|public:8,1|10022,1516,1240,1237]
05-04 15:08:33.580681   774   774 I notification_cancel: [10022,1081,com.android.systemui,1397773634,public:8,1,-1,16,64,1,NULL]
05-04 15:08:33.580814   774   774 I sysui_histogram: [note_click_longevity,0]
05-04 15:08:33.658398 26036 26036 I am_on_resume_called: [0,com.android.documentsui.DocumentsActivity]
05-04 15:08:33.904396   774  1663 I am_proc_died: [0,26128,com.mediatek.filemanager]
05-04 15:08:33.904804   774  1663 I am_schedule_service_restart: [0,com.mediatek.filemanager/.service.FileManagerService,1000]
05-04 15:08:34.267710   230   230 I sf_frame_dur: [com.android.launcher3/com.android.launcher3.Launcher,0,0,1,1,0,0,0]
05-04 15:08:36.071083   774   984 I am_home_stack_moved: [0,1,0,0,bringingFoundTaskToFront setFocusedActivity]
05-04 15:08:36.071160   774   984 I wm_task_moved: [16,1,1]
05-04 15:08:36.078611   774   984 I am_focused_activity: [0,com.android.launcher3/.Launcher]
05-04 15:08:36.117571   774   984 I am_pause_activity: [0,45009773,com.android.documentsui/.DocumentsActivity]
05-04 15:08:36.120328 26036 26036 I am_on_paused_called: [0,com.android.documentsui.DocumentsActivity]
05-04 15:08:36.124413   774   984 I am_resume_activity: [0,64363096,16,com.android.launcher3/.Launcher]
05-04 15:08:36.127220   774   984 I am_task_to_front: [0,16]
05-04 15:08:36.127498   774   984 I am_new_intent: [0,97226484,16,com.android.launcher3/.Launcher,android.intent.action.MAIN,NULL,NULL,274726912]
05-04 15:08:36.152666  1615  1615 I am_on_resume_called: [0,com.android.launcher3.Launcher]
05-04 15:08:36.509615   774   774 I free_storage_changed: 12451643392
05-04 15:08:36.706620   230   230 I sf_frame_dur: [com.android.documentsui/com.android.documentsui.DocumentsActivity,16,1,0,0,0,2,0]
05-04 15:08:38.346573   774 13786 I am_home_stack_moved: [0,0,1,1,bringingFoundTaskToFront setFocusedActivity]
05-04 15:08:38.346741   774 13786 I wm_task_moved: [80,1,8]
05-04 15:08:38.354160   774 13786 I am_focused_activity: [0,com.mediatek.filemanager/.FileManagerOperationActivity]
05-04 15:08:38.354932   774 13786 I am_pause_activity: [0,64363096,com.android.launcher3/.Launcher]
05-04 15:08:38.356739   774 13786 I am_task_to_front: [0,80]
05-04 15:08:38.357370   774 13786 I am_new_intent: [0,140645342,80,com.mediatek.filemanager/.FileManagerOperationActivity,android.intent.action.MAIN,NULL,NULL,274726912]
05-04 15:08:38.361137  1615  1615 I am_on_paused_called: [0,com.android.launcher3.Launcher]
05-04 15:08:38.393888   774   793 I am_proc_start: [0,26372,10040,com.mediatek.filemanager,activity,com.mediatek.filemanager/.FileManagerOperationActivity]
05-04 15:08:38.504303   774 23363 I am_proc_bound: [0,26372,com.mediatek.filemanager]
05-04 15:08:38.507051   774 23363 I am_restart_activity: [0,127678587,80,com.mediatek.filemanager/.FileManagerOperationActivity]
05-04 15:08:38.684866 26372 26372 I am_on_resume_called: [0,com.mediatek.filemanager.FileManagerOperationActivity]
05-04 15:08:38.917856   230   230 I sf_frame_dur: [com.android.launcher3/com.android.launcher3.Launcher,29,2,1,1,1,1,0]
05-04 15:08:38.927053   774   824 I am_activity_launch_time: [0,127678587,com.mediatek.filemanager/.FileManagerOperationActivity,565,565]
05-04 15:08:40.680000 26405 26405 I auditd  : type=1400 audit(0.0:3775): avc: denied { getattr } for comm=4173796E635461736B202332 path="/storage/3B23-A78E" dev="tmpfs" ino=147253 scontext=u:r:platform_app:s0:c512,c768 tcontext=u:object_r:storage_stub_file:s0 tclass=dir permissive=1
05-04 15:08:41.601187   774   774 I notification_cancel: [10022,1081,com.android.systemui,2131755032,low_battery,-1,0,64,8,NULL]
05-04 15:08:42.308154   774   984 I am_home_stack_moved: [0,1,0,0,bringingFoundTaskToFront setFocusedActivity]
05-04 15:08:42.308272   774   984 I wm_task_moved: [16,1,1]
05-04 15:08:42.316001   774   984 I am_focused_activity: [0,com.android.launcher3/.Launcher]
05-04 15:08:42.343469   774   984 I am_pause_activity: [0,127678587,com.mediatek.filemanager/.FileManagerOperationActivity]
05-04 15:08:42.350092   774   984 I am_resume_activity: [0,64363096,16,com.android.launcher3/.Launcher]
05-04 15:08:42.352734   774   984 I am_task_to_front: [0,16]
05-04 15:08:42.352931   774   984 I am_new_intent: [0,174619884,16,com.android.launcher3/.Launcher,android.intent.action.MAIN,NULL,NULL,274726912]
05-04 15:08:42.356568 26372 26372 I am_on_paused_called: [0,com.mediatek.filemanager.FileManagerOperationActivity]
05-04 15:08:42.374350  1615  1615 I am_on_resume_called: [0,com.android.launcher3.Launcher]
05-04 15:08:42.901577   230   230 I sf_frame_dur: [com.mediatek.filemanager/com.mediatek.filemanager.FileManagerOperationActivity,114,2,1,0,0,0,0]
05-04 15:08:44.546236  1081  1081 I sysui_panelholder_touch: [0,451,4]
05-04 15:08:44.547218  1081  1081 I sysui_count: [panel_open,1]
05-04 15:08:44.560353  1081  1081 I sysui_histogram: [note_load,3]
05-04 15:08:44.560830   774  1664 I notification_panel_revealed: 3
05-04 15:08:44.563916   774  1070 I notification_visibility: [0|com.mediatek.mtklogger|2130837539|null|10052,1,19374,19374,0,0]
05-04 15:08:45.070345   774  1734 I notification_visibility: [0|com.mediatek.security|1200|null|1000,1,537435577,537435577,0,1]
05-04 15:08:45.070499   774  1734 I notification_visibility: [-1|com.android.systemui|1397773634|public:8,1|10022,1,13007,12731,0,2]
05-04 15:08:46.104889   774   808 I am_pss  : [25233,10052,com.mediatek.mtklogger,25048064,20742144]
05-04 15:08:46.145319   774  7249 I notification_visibility: [0|com.mediatek.security|1200|null|1000,0,537436652,537436652,0,1]
05-04 15:08:46.145455   774  7249 I notification_visibility: [-1|com.android.systemui|1397773634|public:8,1|10022,0,14082,13806,0,2]
05-04 15:08:46.145516   774  7249 I notification_visibility: [0|com.mediatek.mtklogger|2130837539|null|10052,0,20956,20956,0,0]
05-04 15:08:46.145654   774  1664 I am_home_stack_moved: [0,0,1,1,bringingFoundTaskToFront setFocusedActivity]
05-04 15:08:46.145734   774  1664 I wm_task_moved: [87,1,8]
05-04 15:08:46.146246   774  1070 I notification_panel_hidden: []
05-04 15:08:46.148891   774  1664 I am_focused_activity: [0,com.mediatek.mtklogger/.MainActivity]
05-04 15:08:46.149146   774  1664 I am_pause_activity: [0,64363096,com.android.launcher3/.Launcher]
05-04 15:08:46.149824  1615  1615 I am_on_paused_called: [0,com.android.launcher3.Launcher]
05-04 15:08:46.153523   774  1664 I am_task_to_front: [0,87]
05-04 15:08:46.153860   774  1664 I am_new_intent: [0,239897352,87,com.mediatek.mtklogger/.MainActivity,NULL,NULL,NULL,272629760]
05-04 15:08:46.156642   774  1631 I notification_clicked: [0|com.mediatek.mtklogger|2130837539|null|10052,20967,20967,1593]
05-04 15:08:46.157367   774   774 I notification_cancel: [10022,1081,com.mediatek.mtklogger,2130837539,NULL,0,16,64,1,NULL]
05-04 15:08:46.157446   774   774 I sysui_histogram: [note_click_longevity,0]
05-04 15:08:46.162419   774   794 I am_resume_activity: [0,164927566,87,com.mediatek.mtklogger/.MainActivity]
05-04 15:08:46.181281 25233 25233 I am_on_resume_called: [0,com.mediatek.mtklogger.MainActivity]
05-04 15:08:46.443143   774  1631 I am_proc_died: [0,25908,com.android.quicksearchbox]
05-04 15:08:46.738742   230   230 I sf_frame_dur: [com.android.launcher3/com.android.launcher3.Launcher,13,1,0,1,0,0,0]
05-04 15:49:36.020000 26962 26962 I auditd  : type=1400 audit(0.0:3780): avc: denied { ioctl } for comm="debuggerd" path="/proc/lk_env" dev="proc" ino=4026533706 ioctlcmd=6501 scontext=u:r:debuggerd:s0 tcontext=u:object_r:proc_lk_env:s0 tclass=file permissive=1
05-04 15:49:36.207697   774   774 I notification_cancel: [10022,1081,com.android.systemui,2131755032,low_battery,-1,0,64,8,NULL]
05-04 15:49:36.567101   230   230 I sf_frame_dur: [,49,2,1,0,1,0,0]
05-04 15:49:36.970060   774  7928 I force_gc: Binder
05-04 15:49:37.269561   774   774 I notification_enqueue: [10052,25233,com.mediatek.mtklogger,2130837539,NULL,0,Notification(pri=0 contentView=com.mediatek.mtklogger/0x1090085 vibrate=null sound=null tick defaults=0x0 flags=0x60 color=0x00000000 vis=PRIVATE),0]
05-04 15:49:37.314274   774  7928 I notification_expansion: [0|com.mediatek.mtklogger|2130837539|null|10052,0,1,45,45,0]
05-04 15:49:37.314942   774 13786 I notification_expansion: [0|com.mediatek.security|1200|null|1000,0,0,539887821,539887821,21124]
05-04 15:49:38.212869   774   984 I am_home_stack_moved: [0,1,0,0,bringingFoundTaskToFront setFocusedActivity]
05-04 15:49:38.213580   774   984 I wm_task_moved: [16,1,1]
05-04 15:49:38.219072   774   984 I am_focused_activity: [0,com.android.launcher3/.Launcher]
05-04 15:49:38.241631   774   984 I am_pause_activity: [0,164927566,com.mediatek.mtklogger/.MainActivity]
05-04 15:49:38.251010   774   984 I am_relaunch_resume_activity: [0,64363096,16,com.android.launcher3/.Launcher]
05-04 15:49:38.253002   774   984 I am_task_to_front: [0,16]
05-04 15:49:38.253209   774   984 I am_new_intent: [0,245718900,16,com.android.launcher3/.Launcher,android.intent.action.MAIN,NULL,NULL,274726912]
05-04 15:49:38.262363 25233 25233 I am_on_paused_called: [0,com.mediatek.mtklogger.MainActivity]
05-04 15:49:38.415076   774   810 I am_proc_start: [0,26989,10056,com.android.quicksearchbox,broadcast,com.android.quicksearchbox/.SearchWidgetProvider]
05-04 15:49:38.451374  1615  1615 I am_on_resume_called: [0,com.android.launcher3.Launcher]
05-04 15:49:38.559843   774 13786 I am_proc_bound: [0,26989,com.android.quicksearchbox]
05-04 15:49:38.989512   230   230 I sf_frame_dur: [com.mediatek.mtklogger/com.mediatek.mtklogger.MainActivity,0,3,0,0,0,1,1]
05-04 15:49:40.522146   774   811 I configuration_changed: 1152
05-04 15:49:40.553227   774   811 I am_relaunch_resume_activity: [0,64363096,16,com.android.launcher3/.Launcher]
05-04 15:49:40.556550  1615  1615 I am_on_paused_called: [0,com.android.launcher3.Launcher]
05-04 15:49:40.835952  1615  1615 I am_on_resume_called: [0,com.android.launcher3.Launcher]
05-04 15:49:46.225408   774   774 I notification_cancel: [10022,1081,com.android.systemui,2131755032,low_battery,-1,0,64,8,NULL]
05-04 15:49:46.877254   774   774 I notification_cancel: [10022,1081,com.android.systemui,1397773634,public:8,1,-1,0,64,8,NULL]
05-04 15:49:46.877937   774   774 I notification_cancel: [10022,1081,com.android.systemui,1396986699,disk:8,0,-1,0,64,8,NULL]
05-04 15:49:46.885359   774   774 I notification_enqueue: [10022,1081,com.android.systemui,1397773634,public:8,1,-1,Notification(pri=-1 contentView=null vibrate=null sound=null defaults=0x0 flags=0x102 color=0xff607d8b category=progress vis=PUBLIC),0]
05-04 15:49:47.155968   774   774 I notification_enqueue: [10022,1081,com.android.systemui,1397773634,public:8,1,-1,Notification(pri=-1 contentView=null vibrate=null sound=null defaults=0x0 flags=0x100 color=0xff607d8b category=sys actions=2 vis=PUBLIC),1]
05-04 15:49:47.372277  1081  1081 I sysui_panelholder_touch: [0,748,3]
05-04 15:49:47.373363  1081  1081 I sysui_count: [panel_open,1]
05-04 15:49:47.376068  1081  1081 I sysui_histogram: [note_load,3]
05-04 15:49:47.376559   774 13787 I notification_panel_revealed: 3
05-04 15:49:47.379394   774  7928 I notification_visibility: [0|com.mediatek.mtklogger|2130837539|null|10052,1,10110,10110,0,0]
05-04 15:49:47.885982   774  1734 I notification_visibility: [0|com.mediatek.security|1200|null|1000,1,539898392,539898392,0,1]
05-04 15:49:47.886112   774  1734 I notification_visibility: [-1|com.android.systemui|1397773634|public:8,1|10022,1,1001,731,0,2]
05-04 15:49:48.024392   774   808 I am_pss  : [26876,10016,com.android.mms,6995968,5165056]
05-04 15:49:49.037839   774  1613 I notification_visibility: [0|com.mediatek.security|1200|null|1000,0,539899544,539899544,0,1]
05-04 15:49:49.038003   774  1613 I notification_visibility: [-1|com.android.systemui|1397773634|public:8,1|10022,0,2152,1882,0,2]
05-04 15:49:49.038100   774  1613 I notification_visibility: [0|com.mediatek.mtklogger|2130837539|null|10052,0,11769,11769,0,0]
05-04 15:49:49.038896   774  1171 I notification_panel_hidden: []
05-04 15:49:49.042619   774  7249 I am_home_stack_moved: [0,0,1,1,startingNewTask]
05-04 15:49:49.047588   774  7249 I wm_task_moved: [87,1,0]
05-04 15:49:49.051884   774  7249 I am_create_task: [0,91]
05-04 15:49:49.052018   774  7249 I am_create_activity: [0,198054866,91,com.android.documentsui/.DocumentsActivity,android.provider.action.BROWSE_DOCUMENT_ROOT,NULL,content://com.android.externalstorage.documents/root/3B23-A78E,268435456]
05-04 15:49:49.052317   774  7249 I wm_task_created: [91,1]
05-04 15:49:49.052413   774  7249 I wm_task_moved: [91,1,1]
05-04 15:49:49.057291   774  7249 I am_pause_activity: [0,64363096,com.android.launcher3/.Launcher]
05-04 15:49:49.059469   774  7249 I am_home_stack_moved: [0,0,1,1,startedActivity setFocusedActivity]
05-04 15:49:49.059635   774  7249 I wm_task_moved: [91,1,1]
05-04 15:49:49.067026  1615  1615 I am_on_paused_called: [0,com.android.launcher3.Launcher]
05-04 15:49:49.069283   774  7249 I am_focused_activity: [0,com.android.documentsui/.DocumentsActivity]
05-04 15:49:49.072144   774  1734 I notification_clicked: [-1|com.android.systemui|1397773634|public:8,1|10022,2187,1917,1186]
05-04 15:49:49.072420   774   774 I notification_cancel: [10022,1081,com.android.systemui,1397773634,public:8,1,-1,16,64,1,NULL]
05-04 15:49:49.072573   774   774 I sysui_histogram: [note_click_longevity,0]
05-04 15:49:49.131736   774 13786 I am_proc_start: [0,27014,10035,com.android.documentsui,activity,com.android.documentsui/.DocumentsActivity]
05-04 15:49:49.133634   774   808 I am_pss  : [1615,10014,com.android.launcher3,47199232,42757120]
05-04 15:49:49.250515   774  1613 I am_proc_bound: [0,27014,com.android.documentsui]
05-04 15:49:49.254570   774  1613 I am_restart_activity: [0,198054866,91,com.android.documentsui/.DocumentsActivity]
05-04 15:49:49.474162   774   805 I am_proc_start: [0,27033,2000,com.android.shell,content provider,com.android.shell/.BugreportStorageProvider]
05-04 15:49:49.621182   774  1734 I am_proc_bound: [0,27033,com.android.shell]
05-04 15:49:49.669740 27014 27014 I am_on_resume_called: [0,com.android.documentsui.DocumentsActivity]
05-04 15:49:49.705846   230   230 I sf_frame_dur: [com.android.launcher3/com.android.launcher3.Launcher,4,3,0,0,0,0,0]
05-04 15:49:49.908912   774   824 I am_activity_launch_time: [0,198054866,com.android.documentsui/.DocumentsActivity,820,820]
05-04 15:49:49.944916   774 13786 I am_proc_died: [0,26728,com.google.android.gms.wearable]
05-04 15:49:53.270701   774   984 I am_home_stack_moved: [0,1,0,0,bringingFoundTaskToFront setFocusedActivity]
05-04 15:49:53.270886   774   984 I wm_task_moved: [16,1,1]
05-04 15:49:53.278310   774   984 I am_focused_activity: [0,com.android.launcher3/.Launcher]
05-04 15:49:53.308134   774   984 I am_pause_activity: [0,198054866,com.android.documentsui/.DocumentsActivity]
05-04 15:49:53.308836 27014 27014 I am_on_paused_called: [0,com.android.documentsui.DocumentsActivity]
05-04 15:49:53.314857   774   984 I am_resume_activity: [0,64363096,16,com.android.launcher3/.Launcher]
05-04 15:49:53.321722   774   984 I am_task_to_front: [0,16]
05-04 15:49:53.322247   774   984 I am_new_intent: [0,197304662,16,com.android.launcher3/.Launcher,android.intent.action.MAIN,NULL,NULL,274726912]
05-04 15:49:53.335706  1615  1615 I am_on_resume_called: [0,com.android.launcher3.Launcher]
05-04 15:49:53.866196   230   230 I sf_frame_dur: [com.android.documentsui/com.android.documentsui.DocumentsActivity,51,2,1,1,0,0,1]
05-04 15:49:55.646894   774  1631 I am_home_stack_moved: [0,0,1,1,startingNewTask]
05-04 15:49:55.647012   774  1631 I wm_task_moved: [91,1,1]
05-04 15:49:55.650093   774  1631 I am_create_task: [0,92]
05-04 15:49:55.650196   774  1631 I am_create_activity: [0,254427952,92,com.mediatek.filemanager/.FileManagerOperationActivity,android.intent.action.MAIN,NULL,NULL,270532608]
05-04 15:49:55.650512   774  1631 I wm_task_created: [92,1]
05-04 15:49:55.650638   774  1631 I wm_task_moved: [92,1,2]
05-04 15:49:55.651981   774  1631 I am_pause_activity: [0,64363096,com.android.launcher3/.Launcher]
05-04 15:49:55.655783   774  1631 I am_home_stack_moved: [0,0,1,1,startedActivity setFocusedActivity]
05-04 15:49:55.656037   774  1631 I wm_task_moved: [92,1,2]
05-04 15:49:55.663575   774  1631 I am_focused_activity: [0,com.mediatek.filemanager/.FileManagerOperationActivity]
05-04 15:49:55.665109  1615  1615 I am_on_paused_called: [0,com.android.launcher3.Launcher]
05-04 15:49:55.695926   774  1171 I am_proc_start: [0,27069,10040,com.mediatek.filemanager,activity,com.mediatek.filemanager/.FileManagerOperationActivity]
05-04 15:49:55.810335   774 13787 I am_proc_bound: [0,27069,com.mediatek.filemanager]
05-04 15:49:55.813427   774 13787 I am_restart_activity: [0,254427952,92,com.mediatek.filemanager/.FileManagerOperationActivity]
05-04 15:49:55.976209 27069 27069 I am_on_resume_called: [0,com.mediatek.filemanager.FileManagerOperationActivity]
05-04 15:49:56.110000 27098 27098 I auditd  : type=1400 audit(0.0:3781): avc: denied { getattr } for comm=4173796E635461736B202331 path="/storage/3B23-A78E" dev="tmpfs" ino=153772 scontext=u:r:platform_app:s0:c512,c768 tcontext=u:object_r:storage_stub_file:s0 tclass=dir permissive=1
05-04 15:49:56.191576   230   230 I sf_frame_dur: [com.android.launcher3/com.android.launcher3.Launcher,26,2,1,1,1,1,0]
05-04 15:49:56.196471   774   774 I notification_cancel: [10022,1081,com.android.systemui,2131755032,low_battery,-1,0,64,8,NULL]
05-04 15:49:56.216010   774   824 I am_activity_launch_time: [0,254427952,com.mediatek.filemanager/.FileManagerOperationActivity,550,550]
05-04 15:49:56.315969   774  1070 I am_proc_died: [0,26767,com.android.deskclock]
05-04 15:49:59.099193   774   984 I am_home_stack_moved: [0,1,0,0,bringingFoundTaskToFront setFocusedActivity]
05-04 15:49:59.099301   774   984 I wm_task_moved: [16,1,1]
05-04 15:49:59.110238   774   984 I am_focused_activity: [0,com.android.launcher3/.Launcher]
05-04 15:49:59.135634   774   984 I am_pause_activity: [0,254427952,com.mediatek.filemanager/.FileManagerOperationActivity]
