05-04 15:08:42.505414   230   297 I [MALI][Gralloc]: [+]hnd(0x7f9e14a0e0), client(27), share_fd(70), hnd->flags:4
05-04 15:08:42.505545   230   297 D GraphicBuffer: alloc, handle(0x7f9e14a0e0) (w:1366 h:768 s:1376 f:0x1 u:0x000b00) err(0)
05-04 15:08:42.507927  1615  1757 I [MALI][Gralloc]: [+]r_hnd(0x7f73eed840), client(35), share_fd(65)
05-04 15:08:42.508026  1615  1757 D GraphicBuffer: register, handle(0x7f73eed840) (w:1366 h:768 s:1376 f:0x1 u:0x000b00)
05-04 15:08:42.642934   230   230 I SurfaceFlinger: [Built-in Screen (type:0)] fps:24.736401,dur:1010.66,max:617.39,min:10.55
05-04 15:08:42.690604   774  1027 I libPerfService: 1: set: 3
05-04 15:08:42.690949   774  1027 I libPerfService: 1: set freq: 819000
05-04 15:08:42.691037   774  1027 I libPerfService: 1: set vcore level: 0
05-04 15:08:42.766088  1798  1803 I PerfService: PerfServiceNative_getPackName
05-04 15:08:42.766578   774  1664 I libPerfService: perfGetLastBoostPid 1615
05-04 15:08:42.766713   774  1664 D PerfServiceManager: [PerfService] getLastBoostPid 1615 
05-04 15:08:42.766789   774  1664 I libPerfService: perfGetLastBoostPid 1615
05-04 15:08:42.767267  1798  1803 D GasService: FG app changed: from com.mediatek.filemanager to com.android.launcher3
05-04 15:08:42.873624   559 25311 I EMDLOGGER1: MDL rate:27 KB/s, full count:0
05-04 15:08:42.900900   230   230 I BufferQueueConsumer: [com.mediatek.filemanager/com.mediatek.filemanager.FileManagerOperationActivity](this:0x7f999e1c00,id:557,api:1,p:-1,c:-1) disconnect(C)
05-04 15:08:42.901698   230   230 D GraphicBuffer: free, handle(0x7f9e149320) (w:1366 h:768 s:1376 f:0x1 u:0x000b00)
05-04 15:08:42.902355   230   230 I [MALI][Gralloc]: [-]hnd(0x7f9e149320), client(27), share_fd(46)
05-04 15:08:42.902742   230   230 I BufferQueue: [com.mediatek.filemanager/com.mediatek.filemanager.FileManagerOperationActivity](this:0x7f999e1c00,id:557,api:1,p:-1,c:-1) ~BufferQueueCore
05-04 15:08:42.905258   230   230 D GraphicBuffer: free, handle(0x7f9e61e220) (w:1366 h:768 s:1376 f:0x1 u:0x000b00)
05-04 15:08:42.905559   230   230 I [MALI][Gralloc]: [-]hnd(0x7f9e61e220), client(27), share_fd(41)
05-04 15:08:42.933430  1615  1757 D OpenGLRenderer: CacheTexture 18 upload: x, y, width height = 0, 131, 20, 56
05-04 15:08:42.941541  1615  1757 W OpenGLRenderer: Incorrectly called buildLayer on View: ShortcutAndWidgetContainer @d629019, destroying layer...
05-04 15:08:42.941682  1615  1757 W OpenGLRenderer: Incorrectly called buildLayer on View: ShortcutAndWidgetContainer @bbb658c, destroying layer...
05-04 15:08:42.974412   234   535 D MAL-Daemon: URC = (+ECSQ: 30,99,-324,1,1,1,1,0,32767
05-04 15:08:42.974412   234   535 D MAL-Daemon: )[void* rilproxy_urc_thread(void*), 961]: 
05-04 15:08:42.974680   234   535 I MAL-Daemon: mdfx_event_do_statistic(): [STATISTIC] TID = 535 has used 0 + 516 bytes!!
05-04 15:08:42.974680   234   535 I MAL-Daemon: [mdfx_event_do_statistic, 150]: 
05-04 15:08:42.974935   234   535 W MAL-Daemon: event_get_last_addr(): No data available!!
05-04 15:08:42.974935   234   535 W MAL-Daemon: [event_get_last_addr, 472]: 
05-04 15:08:42.975037   234   535 I MAL-Daemon: mdfx_event_do_statistic(): [STATISTIC] TID = 535 has used 516  -516 bytes!!
05-04 15:08:42.975037   234   535 I MAL-Daemon: [mdfx_event_do_statistic, 150]: 
05-04 15:08:42.975541   234   532 I MAL-Daemon: mdfx_event_do_statistic(): [STATISTIC] TID = 532 has used 0 + 516 bytes!!
05-04 15:08:42.975541   234   532 I MAL-Daemon: [mdfx_event_do_statistic, 150]: 
05-04 15:08:42.975744   234   532 I MAL-Daemon: [RDS-I][RU][rds_ru_task] RCV Event: 104 
05-04 15:08:42.975744   234   532 I MAL-Daemon: [rds_ru_task, 413]: 
05-04 15:08:42.975833   234   532 I MAL-Daemon: [RDS-I][RDS][rds_ru_urc_hdlr] get URC: +ECSQ: 30,99,-324,1,1,1,1,0,32767
05-04 15:08:42.975833   234   532 I MAL-Daemon: 
05-04 15:08:42.975833   234   532 I MAL-Daemon: [rds_ru_urc_hdlr, 1148]: 
05-04 15:08:42.975935   234   532 I MAL-Daemon: [RDS-I][RDS][ru_parse_3gppsigval] 3gppsigval #args act<0>
05-04 15:08:42.975935   234   532 I MAL-Daemon: [ru_parse_3gppsigval, 906]: 
05-04 15:08:42.976124   234   532 I MAL-Daemon: [RDS-I][RDS][RU][rds_ru_urc_hdlr] Update 3GPP STATUS rsrp<0> regstat<6> 
05-04 15:08:42.976124   234   532 I MAL-Daemon: [rds_ru_urc_hdlr, 1258]: 
05-04 15:08:42.975157   234   535 I MAL-Daemon: mdfx_event_do_statistic(): [STATISTIC] TID = 535 has used 0 + 516 bytes!!
05-04 15:08:42.975157   234   535 I MAL-Daemon: [mdfx_event_do_statistic, 150]: 
05-04 15:08:42.976229   234   532 I MAL-Daemon: mdfx_event_do_statistic(): [STATISTIC] TID = 532 has used 516 + 4104 bytes!!
05-04 15:08:42.976229   234   532 I MAL-Daemon: [mdfx_event_do_statistic, 150]: 
05-04 15:08:42.976250   234   535 W MAL-Daemon: event_get_last_addr(): No data available!!
05-04 15:08:42.976250   234   535 W MAL-Daemon: [event_get_last_addr, 472]: 
05-04 15:08:42.976323   234   532 I MAL-Daemon: [RDS-I][RDS][RU][rds_ru_urc_hdlr] ru_check_ctx_ptr<0xf6217a88, 0xf6217a88>
05-04 15:08:42.976323   234   532 I MAL-Daemon: [rds_ru_urc_hdlr, 1263]: 
05-04 15:08:42.976346   234   535 I MAL-Daemon: mdfx_event_do_statistic(): [STATISTIC] TID = 535 has used 516  -516 bytes!!
05-04 15:08:42.976346   234   535 I MAL-Daemon: [mdfx_event_do_statistic, 150]: 
05-04 15:08:42.976423   234   532 I MAL-Daemon: mdfx_event_do_statistic(): [STATISTIC] TID = 532 has used 4620  -4104 bytes!!
05-04 15:08:42.976423   234   532 I MAL-Daemon: [mdfx_event_do_statistic, 150]: 
05-04 15:08:42.977022   234   514 D MAL-Daemon: ati_entity_ati_task_hdl(): AT Cmd Rsp. = "+ECSQ: 30,99,-324,1,1,1,1,0,32767
05-04 15:08:42.977022   234   514 D MAL-Daemon: "
05-04 15:08:42.977022   234   514 D MAL-Daemon: [ati_entity_atc_task_hdl, 390]: 
05-04 15:08:42.977124   234   514 D MAL-Daemon: ati_entity_ati_task_hdl(): receiving a URC, "+ECSQ: 30,99,-324,1,1,1,1,0,32767
05-04 15:08:42.977124   234   514 D MAL-Daemon: "!!
05-04 15:08:42.977124   234   514 D MAL-Daemon: [ati_entity_atc_task_hdl, 395]: 
05-04 15:08:42.977294   234   514 I MAL-Daemon: ati_entity_ati_task_hdl(): sening out a ATC or URC "
05-04 15:08:42.977294   234   514 I MAL-Daemon: +ECSQ: 30,99,-324,1,1,1,1,0,32767
05-04 15:08:42.977294   234   514 I MAL-Daemon: 
05-04 15:08:42.977294   234   514 I MAL-Daemon: " to FD = 10!!
05-04 15:08:42.977294   234   514 I MAL-Daemon: [ati_entity_atc_task_hdl, 499]: 
05-04 15:08:42.977416   234   514 I MAL-Daemon: mdfx_event_do_statistic(): [STATISTIC] TID = 514 has used -2783080  -516 bytes!!
05-04 15:08:42.977416   234   514 I MAL-Daemon: [mdfx_event_do_statistic, 150]: 
05-04 15:08:42.976760   234   532 I MAL-Daemon: mdfx_event_do_statistic(): [STATISTIC] TID = 532 has used 516  -516 bytes!!
05-04 15:08:42.976760   234   532 I MAL-Daemon: [mdfx_event_do_statistic, 150]: 
05-04 15:08:42.977640   234   532 I MAL-Daemon: mdfx_event_do_statistic(): [STATISTIC] TID = 532 has used 0 + 4104 bytes!!
05-04 15:08:42.977640   234   532 I MAL-Daemon: [mdfx_event_do_statistic, 150]: 
05-04 15:08:42.977722   234   532 I MAL-Daemon: [RDS-I][RU][rds_ru_task] RCV Event: 605 
05-04 15:08:42.977722   234   532 I MAL-Daemon: [rds_ru_task, 413]: 
05-04 15:08:42.977808   234   532 I MAL-Daemon: [RDS-I][RU][EVENT_RU_DM_3GPP_STATUS_IND] i4ltersrp:0 u43gpp_status:0x6
05-04 15:08:42.977808   234   532 I MAL-Daemon: [rds_ru_3gpp_status_ind, 823]: 
05-04 15:08:42.977891   234   532 E MAL-Daemon: [RDS-E][RU][EVENT_RU_DM_3GPP_STATUS_IND] Invalid u43gpp_status:0x6
05-04 15:08:42.977891   234   532 E MAL-Daemon: [rds_ru_3gpp_status_ind, 851]: 
05-04 15:08:42.978010   234   532 I MAL-Daemon: [RDS-I][RDS][OP][rds_op_check_feature] operator id(0) check feature<0>, curr_opmsk is <1>, sys_opmsk is <0x0001, 1>
05-04 15:08:42.978010   234   532 I MAL-Daemon: [rds_op_check_feature, 173]: 
05-04 15:08:42.978106   234   532 I MAL-Daemon: [RDS-I][RU][rds_ru_ims_vops_update][RDS IMS] IMS VOPS IE is Disabled, update IMS RPL from Ori:(255, 255) New:(255,255)
05-04 15:08:42.978106   234   532 I MAL-Daemon: [rds_ru_ims_vops_update, 2303]: 
05-04 15:08:42.978239   234   532 I MAL-Daemon: [RDS-I][RU][rds_ru_rpl_gen][RDS] Current policy: fgimsolte_en<0>, fgwfc_en<0>, erdspolicy<3>, i4wifirssih<-75>, i4wifirssil<-85>, i4ltersrph<-106>, i4ltersrpl<-116>
05-04 15:08:42.978239   234   532 I MAL-Daemon: [rds_ru_rpl_gen, 2436]: 
05-04 15:08:42.978346   234   532 I MAL-Daemon: [RDS-I][RU][rds_ru_rpl_gen][RDS] current rds ru status: i4wifirssi<-127>, i4ltersrp<-81>, u4active_ran<0> 
05-04 15:08:42.978346   234   532 I MAL-Daemon: [rds_ru_rpl_gen, 2439]: 
05-04 15:08:42.978436   234   532 I MAL-Daemon: [RDS-I][RU][RDS IMS/MMS][rds_ru_rpl_gen] Ori:(255,255)/(255,255) New:(255,255)/(255,255)
05-04 15:08:42.978436   234   532 I MAL-Daemon: [rds_ru_rpl_gen, 2445]: 
05-04 15:08:42.978536   234   532 I MAL-Daemon: mdfx_event_do_statistic(): [STATISTIC] TID = 532 has used 4104  -4104 bytes!!
05-04 15:08:42.978536   234   532 I MAL-Daemon: [mdfx_event_do_statistic, 150]: 
05-04 15:08:43.338128   774  1027 D PerfServiceManager: [PerfService] MESSAGE_TIMEOUT:105 
05-04 15:08:43.338636   774  1027 I libPerfService: 5: set: 1
05-04 15:08:43.338999   774  1027 I libPerfService: 5: set freq: 0
05-04 15:08:43.339125   774  1027 I libPerfService: 5: set vcore level: 0
05-04 15:08:43.339951   774  1027 D PerfServiceManager: [PerfService] set utilization:0.8 
05-04 15:08:43.767645  1798  1803 I PerfService: PerfServiceNative_getPackName
05-04 15:08:43.768738   774  7249 I libPerfService: perfGetLastBoostPid 1615
05-04 15:08:43.769240   774  7249 D PerfServiceManager: [PerfService] getLastBoostPid 1615 
05-04 15:08:43.769440   774  7249 I libPerfService: perfGetLastBoostPid 1615
05-04 15:08:44.322304   357   357 I thermal_repeater: select timeout
05-04 15:08:44.540083   774   985 D InputReader: AP_PROF:AppLaunch_dispatchPtr:Down:12011557, ID:0, Index:1923485632
05-04 15:08:44.540726   774   985 I PerfService: PerfServiceNative_boostEnableAsync:3
05-04 15:08:44.545307   774  1027 I libPerfService: 3: set freq: 819000
05-04 15:08:44.546645  1081  1081 D PhoneStatusBar: panel: ACTION_DOWN at (451.412231, 4.996342) mDisabled1=0x00000000 mDisabled2=0x00000000
05-04 15:08:44.547086  1081  1081 D PhoneStatusBar: panel: ACTION_DOWN at (451.412231, 4.996342) mDisabled1=0x00000000 mDisabled2=0x00000000
05-04 15:08:44.557831   774  1027 I libPerfService: 3: set: 3
05-04 15:08:44.559561  1081  1081 D DefaultStatusBarPlmnPlugin: into supportCustomizeCarrierLabel: false
05-04 15:08:44.562577  1081  1081 D PhoneStatusBar: disable1: 0x00000000 -> 0x00120000 (diff1: 0x00120000)
05-04 15:08:44.562748  1081  1081 D PhoneStatusBar: disable2: 0x00000000 -> 0x00000000 (diff2: 0x00000000)
05-04 15:08:44.562857  1081  1081 D PhoneStatusBar: disable: < expand ICONS* alerts SYSTEM_INFO* back home recent clock search quick_settings >
05-04 15:08:44.563005  1081  1081 D DefaultStatusBarPlmnPlugin: setPlmnVisibility
05-04 15:08:44.572404   230   230 I BufferQueueConsumer: [StatusBar](this:0x7f9abcdc00,id:7,api:1,p:1081,c:230) setDefaultBufferSize: width=768 height=1366
05-04 15:08:44.578829  1081  1473 D Surface : Surface::disconnect(this=0x7f84f90200,api=1)
05-04 15:08:44.579264   230   260 I BufferQueueProducer: [StatusBar](this:0x7f9abcdc00,id:7,api:1,p:-1,c:230) disconnect(P): api 1
05-04 15:08:44.579979   230   260 I BufferQueueConsumer: [StatusBar](this:0x7f9abcdc00,id:7,api:1,p:-1,c:230) getReleasedBuffers: returning mask 0xffffffffffffffff
05-04 15:08:44.580261   230   260 D GraphicBuffer: free, handle(0x7f9e61f3a0) (w:30 h:768 s:32 f:0x1 u:0x000b00)
05-04 15:08:44.580394   230   260 I [MALI][Gralloc]: [-]hnd(0x7f9e61f3a0), client(27), share_fd(28)
05-04 15:08:44.580666   230   260 D GraphicBuffer: free, handle(0x7f9e61dfa0) (w:30 h:768 s:32 f:0x1 u:0x000b00)
05-04 15:08:44.580775   230   260 I [MALI][Gralloc]: [-]hnd(0x7f9e61dfa0), client(27), share_fd(57)
05-04 15:08:44.582053  1081  1473 D GraphicBuffer: unregister, handle(0x7f70c8d700) (w:30 h:768 s:32 f:0x1 u:0x000b00)
05-04 15:08:44.582397   230   230 I SurfaceFlinger: [Built-in Screen (type:0)] fps:10.312093,dur:1939.47,max:1632.38,min:10.12
05-04 15:08:44.583855  1081  1473 I [MALI][Gralloc]: [-]r_hnd(0x7f70c8d700), client(49), share_fd(82)
05-04 15:08:44.584275  1081  1473 D GraphicBuffer: unregister, handle(0x7f70c8b9a0) (w:30 h:768 s:32 f:0x1 u:0x000b00)
05-04 15:08:44.585611  1081  1473 I [MALI][Gralloc]: [-]r_hnd(0x7f70c8b9a0), client(49), share_fd(79)
05-04 15:08:44.585978  1081  1473 D GraphicBuffer: unregister, handle(0x7f70c8d160) (w:30 h:768 s:32 f:0x1 u:0x000b00)
05-04 15:08:44.587215  1081  1473 I [MALI][Gralloc]: [-]r_hnd(0x7f70c8d160), client(49), share_fd(80)
05-04 15:08:44.587363  1081  1473 D Surface : Surface::disconnect(this=0x7f84f90200,api=1)
05-04 15:08:44.587782   230   297 I BufferQueueProducer: [StatusBar](this:0x7f9abcdc00,id:7,api:1,p:-1,c:230) disconnect(P): api 1
05-04 15:08:44.588149  1081  1473 D Surface : Surface::connect(this=0x7f84f90200,api=1)
05-04 15:08:44.588749   230   258 I BufferQueueProducer: [StatusBar](this:0x7f9abcdc00,id:7,api:1,p:1081,c:230) connect(P): api=1 producer=(1081:com.android.systemui) producerControlledByApp=true
05-04 15:08:44.589634  1081  1473 W libEGL  : [ANDROID_RECORDABLE] format: 1
05-04 15:08:44.591041  1081  1473 D mali_winsys: new_window_surface returns 0x3000
05-04 15:08:44.601063   230   258 I BufferQueueProducer: [StatusBar](this:0x7f9abcdc00,id:7,api:1,p:1081,c:230) new GraphicBuffer needed
05-04 15:08:44.609104   230   258 I [MALI][Gralloc]: [+]hnd(0x7f9e149640), client(27), share_fd(46), hnd->flags:4
05-04 15:08:44.609230   230   258 D GraphicBuffer: alloc, handle(0x7f9e149640) (w:1366 h:768 s:1376 f:0x1 u:0x000b00) err(0)
05-04 15:08:44.612055  1081  1473 I [MALI][Gralloc]: [+]r_hnd(0x7f70c8aa00), client(49), share_fd(79)
05-04 15:08:44.612180  1081  1473 D GraphicBuffer: register, handle(0x7f70c8aa00) (w:1366 h:768 s:1376 f:0x1 u:0x000b00)
05-04 15:08:44.618248   230  1530 I BufferQueueProducer: [StatusBar](this:0x7f9abcdc00,id:7,api:1,p:1081,c:230) queueBuffer: fps=0.67 dur=2997.05 max=2250.82 min=746.23
05-04 15:08:44.628072   230  1530 I BufferQueueProducer: [StatusBar](this:0x7f9abcdc00,id:7,api:1,p:1081,c:230) new GraphicBuffer needed
05-04 15:08:44.636215   230  1530 I [MALI][Gralloc]: [+]hnd(0x7f9e61e860), client(27), share_fd(30), hnd->flags:4
05-04 15:08:44.636347   230  1530 D GraphicBuffer: alloc, handle(0x7f9e61e860) (w:1366 h:768 s:1376 f:0x1 u:0x000b00) err(0)
05-04 15:08:44.640346  1081  1473 I [MALI][Gralloc]: [+]r_hnd(0x7f70c8d160), client(49), share_fd(80)
05-04 15:08:44.640468  1081  1473 D GraphicBuffer: register, handle(0x7f70c8d160) (w:1366 h:768 s:1376 f:0x1 u:0x000b00)
05-04 15:08:44.657788  1081  1081 D PhoneStatusBar: hiding the MENU button
05-04 15:08:44.667564   230   297 I BufferQueueProducer: [StatusBar](this:0x7f9abcdc00,id:7,api:1,p:1081,c:230) new GraphicBuffer needed
05-04 15:08:44.676143   230   297 I [MALI][Gralloc]: [+]hnd(0x7f9e149b40), client(27), share_fd(48), hnd->flags:4
05-04 15:08:44.676276   230   297 D GraphicBuffer: alloc, handle(0x7f9e149b40) (w:1366 h:768 s:1376 f:0x1 u:0x000b00) err(0)
05-04 15:08:44.679494  1081  1473 I [MALI][Gralloc]: [+]r_hnd(0x7f70c8adc0), client(49), share_fd(82)
05-04 15:08:44.679616  1081  1473 D GraphicBuffer: register, handle(0x7f70c8adc0) (w:1366 h:768 s:1376 f:0x1 u:0x000b00)
05-04 15:08:44.770809  1798  1803 I PerfService: PerfServiceNative_getPackName
05-04 15:08:44.771275   774  7249 I libPerfService: perfGetLastBoostPid 1615
05-04 15:08:44.771419   774  7249 D PerfServiceManager: [PerfService] getLastBoostPid 1615 
05-04 15:08:44.771480   774  7249 I libPerfService: perfGetLastBoostPid 1615
05-04 15:08:44.774519   774   985 D InputReader: AP_PROF:AppLaunch_dispatchPtr:Up:12011792, ID:0, Index:1923489024
05-04 15:08:44.774693   774   985 I PerfService: PerfServiceNative_boostEnableTimeoutMsAsync:3, 100
05-04 15:08:44.776426  1081  1081 D PhoneStatusBar: panel: ACTION_UP at (442.120331, 207.365448) mDisabled1=0x00120000 mDisabled2=0x00000000
05-04 15:08:44.875735   774  1027 D PerfServiceManager: [PerfService] MESSAGE_TIMEOUT:103 
05-04 15:08:44.876601   774  1027 I libPerfService: 3: set: 3
05-04 15:08:44.876985   774  1027 I libPerfService: 3: set freq: 819000
05-04 15:08:44.877086   774  1027 I libPerfService: 3: set vcore level: 0
05-04 15:08:45.014864  1081  1081 D StatusBarHeaderView: updateVisibilities: false, false, false, false
05-04 15:08:45.019854  1081  1081 D QSTile.AirplaneModeTile: isAirplaneModeAvailable = true
05-04 15:08:45.024792  1081  1081 V KeyguardUpdateMonitor: *** register callback for com.android.systemui.statusbar.policy.KeyguardMonitor@2f6cd6d
05-04 15:08:45.025089  1081  1081 V KeyguardUpdateMonitor: *** unregister callback for null
05-04 15:08:45.027373  1081  1081 D QSTile.CastTile: setListening true
05-04 15:08:45.027504  1081  1081 D QSTile.CastTile: onCastDevicesChanged
05-04 15:08:45.027716  1081  1081 D CastController: addCallback
05-04 15:08:45.027772  1081  1461 D CastController: getCastDevices: false
05-04 15:08:45.027884  1081  1461 D QSTile.CastTile: update items: 0
05-04 15:08:45.029929  1081  1081 D QSTile.CastTile: onWfdStatusChanged: 0
05-04 15:08:45.031102  1081  1081 D CastController: needAddWfdSink: true
05-04 15:08:45.031218  1081  1081 D CastController: updateWfdFloatMenu: false
05-04 15:08:45.032339  1081  1081 D QSTile.CastTile: onWifiP2pDeviceChanged
05-04 15:08:45.033492  1081  1461 D CastController: getCastDevices: false
05-04 15:08:45.033657  1081  1461 D QSTile.CastTile: update items: 0
05-04 15:08:45.035674  1081  1461 D SettingsInterface:  from settings cache , name = accessibility_display_inversion_enabled , value = null
05-04 15:08:45.035996  1081  1461 D SettingsInterface:  from settings cache , name = zen_mode , value = null
05-04 15:08:45.038390  1569  1786 D SettingsInterface:  from settings cache , name = multi_sim_voice_call , value = null
05-04 15:08:45.039796  1081  1461 D SettingsInterface:  from settings cache , name = airplane_mode_on , value = 0
05-04 15:08:45.040025  1081  1461 D QSTile.AirplaneModeTile: handleAnimationState() mSwitching= false, mCount= 0
05-04 15:08:45.045993  1081  1461 D SettingsInterface:  from settings cache , name = location_providers_allowed , value = 
05-04 15:08:45.046163  1081  1461 D SettingsInterface:  from settings cache , name = location_providers_allowed , value = 
05-04 15:08:45.046464  1081  1461 D CastController: getCastDevices: false
05-04 15:08:45.046957  1081  1461 D QSTile.CastTile: update items: 0
05-04 15:08:45.049260   774 23363 D SettingsInterface:  from settings cache , name = tether_supported , value = null
05-04 15:08:45.049631   774 23363 D Tethering: isGeminiSupport: true
05-04 15:08:45.051964  1569  1785 D SettingsInterface:  from settings cache , name = multi_sim_data_call , value = -1
05-04 15:08:45.052584   774 23363 E Tethering: updateConfiguration: wrong MCCMNC =null
05-04 15:08:45.052715   774 23363 I Tethering: ifaceTypes = null, use default
05-04 15:08:45.052834   774 23363 I Tethering: upstreamIfaceTypes.add:0
05-04 15:08:45.052916   774 23363 I Tethering: upstreamIfaceTypes.add:1
05-04 15:08:45.053022   774 23363 I Tethering: upstreamIfaceTypes.add:5
05-04 15:08:45.053887   774 23363 I Tethering: upstreamIfaceTypes.add:7
05-04 15:08:45.053979   774 23363 I Tethering: upstreamIfaceTypes.add:9
05-04 15:08:45.054051   774 23363 I Tethering: upstreamIfaceTypes.add:49
05-04 15:08:45.056993  1569  1605 D SettingsInterface:  from settings cache , name = tether_dun_required , value = null
05-04 15:08:45.057328  1569  1605 D SettingsInterface:  from settings cache , name = tether_dun_apn , value = null
05-04 15:08:45.059635   774 23363 I Tethering: checkDunRequired:2
05-04 15:08:45.059935   774 23363 D Tethering: mPreferredUpstreamMobileApn = 5
05-04 15:08:45.060278   774 23363 D Tethering: isTetheringIpv6Support: true
05-04 15:08:45.060426   774 23363 D SettingsInterface:  from settings cache , name = tether_ipv6_feature , value = 0
05-04 15:08:45.060519   774 23363 D Tethering: getIpv6FeatureEnable:0
05-04 15:08:45.060791  1081  1081 D CellularTile: setNoSims, noSim = true
05-04 15:08:45.062701  1081  1461 D SettingsInterface:  from settings cache , name = airplane_mode_on , value = 0
05-04 15:08:45.065032  1081  1081 D SettingsInterface:  from settings cache , name = location_providers_allowed , value = 
05-04 15:08:45.065188  1081  1081 D SettingsInterface:  from settings cache , name = location_providers_allowed , value = 
05-04 15:08:45.067585  1569  1957 D SettingsInterface:  from settings cache , name = multi_sim_voice_call , value = null
05-04 15:08:45.070724  1569  1956 D SettingsInterface:  from settings cache , name = multi_sim_voice_call , value = null
05-04 15:08:45.074172  1569  1599 D SettingsInterface:  from settings cache , name = multi_sim_voice_call , value = null
05-04 15:08:45.076592  1081  1461 D SettingsInterface:  from settings cache , name = location_providers_allowed , value = 
05-04 15:08:45.076707  1081  1461 D SettingsInterface:  from settings cache , name = location_providers_allowed , value = 
05-04 15:08:45.548332   774  1027 D PerfServiceManager: [PerfService] MESSAGE_TIMEOUT:105 
05-04 15:08:45.548804   774  1027 I libPerfService: 5: set: 1
05-04 15:08:45.549047   774  1027 I libPerfService: 5: set freq: 0
05-04 15:08:45.549109   774  1027 I libPerfService: 5: set vcore level: 0
05-04 15:08:45.549711   774  1027 D PerfServiceManager: [PerfService] set utilization:0.8 
05-04 15:08:45.773347  1798  1803 I PerfService: PerfServiceNative_getPackName
05-04 15:08:45.774452   774  7249 I libPerfService: perfGetLastBoostPid 1615
05-04 15:08:45.774743   774  7249 D PerfServiceManager: [PerfService] getLastBoostPid 1615 
05-04 15:08:45.774938   774  7249 I libPerfService: perfGetLastBoostPid 1615
05-04 15:08:46.021000   774   985 D InputReader: AP_PROF:AppLaunch_dispatchPtr:Down:12013038, ID:0, Index:1923485632
05-04 15:08:46.021359   774   985 I PerfService: PerfServiceNative_boostEnableAsync:3
05-04 15:08:46.024676   774  1027 I libPerfService: 3: set freq: 819000
05-04 15:08:46.025032   774  1027 I libPerfService: 3: set: 3
05-04 15:08:46.066563   774   808 I memtrack_graphic: graphic_memtrack_get_memory match 4:      ion_mm_heap 25233  6815744   8 ffffffc01e0258c0 ffffffc029b7c840.
05-04 15:08:46.066563   774   808 I memtrack_graphic:  : 25233 25233 6815744 8 851968
05-04 15:08:46.136634   774   985 D InputReader: AP_PROF:AppLaunch_dispatchPtr:Up:12013154, ID:0, Index:1923489024
05-04 15:08:46.136890   774   985 I PerfService: PerfServiceNative_boostEnableTimeoutMsAsync:3, 100
05-04 15:08:46.139052  1081  1081 D SettingsInterface:  from settings cache , name = sound_effects_enabled , value = 0
05-04 15:08:46.139612  1081  1081 D StatusBar: Clicked on content of 0|com.mediatek.mtklogger|2130837539|null|10052
05-04 15:08:46.144135   230   297 I BufferQueueProducer: [StatusBar](this:0x7f9abcdc00,id:7,api:1,p:1081,c:230) queueBuffer: fps=28.83 dur=1525.94 max=796.17 min=7.64
05-04 15:08:46.149522   774  1027 I libPerfService: 1: set freq: 1300000
05-04 15:08:46.149815   774  1027 I libPerfService: 1: set: 4
05-04 15:08:46.155931   774   794 I libPerfService: perfSetFavorPid - pid:25233, 6291
05-04 15:08:46.159251   230   230 I SurfaceFlinger: [Built-in Screen (type:0)] fps:28.537739,dur:1576.86,max:803.09,min:15.25
05-04 15:08:46.161407   774   794 D InputReader: InputReader:: getSwitchState lock 
05-04 15:08:46.161499   774   794 D InputReader: InputReader::getStateLocked:: return 
05-04 15:08:46.174204  1081  1081 D PhoneStatusBar: hiding the MENU button
05-04 15:08:46.177129 25233 25233 D MTKLogger/MainActivity: -->onResume
05-04 15:08:46.180684 25233 25280 I MTKLogger/Utils: -->getInternalSdPath()
05-04 15:08:46.186746 25233 25233 V PhoneWindow: DecorView setVisiblity: visibility = 0 ,Parent =ViewRoot{4a70137 com.mediatek.mtklogger/com.mediatek.mtklogger.MainActivity,ident = 5}, this =com.android.internal.policy.PhoneWindow$DecorView{67d6b20 V.E...... R.....ID 0,0-768,1306}
05-04 15:08:46.189801   774   805 D AppOps  : noteOperation: allowing code 59 uid 10052 package com.mediatek.mtklogger
05-04 15:08:46.190018   774   805 D AppOps  : noteOperation: allowing code 60 uid 10052 package com.mediatek.mtklogger
05-04 15:08:46.190597   774   805 D SettingsInterface:  from settings cache , name = sys_storage_threshold_percentage , value = null
05-04 15:08:46.190663   230   230 I BufferQueue: [unnamed-230-559](this:0x7f999e1c00,id:559,api:0,p:-1,c:-1) BufferQueue core=(230:/system/bin/surfaceflinger)
05-04 15:08:46.190861   230   230 D BufferQueueDump: [unnamed-230-559] this:0x7f9e629180, value:0x7fce22b29c, iLen:6
05-04 15:08:46.191209   230   230 I BufferQueueConsumer: [unnamed-230-559](this:0x7f999e1c00,id:559,api:0,p:-1,c:230) connect(C): consumer=(230:/system/bin/surfaceflinger) controlledByApp=false
05-04 15:08:46.191296   230   230 D BufferQueueDump: [unnamed-230-559] this:0x7f9e629180, value:0x7fce22b2bc, iLen:6
05-04 15:08:46.191361   230   230 I BufferQueueConsumer: [unnamed-230-559](this:0x7f999e1c00,id:559,api:0,p:-1,c:230) setConsumerName: unnamed-230-559
05-04 15:08:46.191426   230   230 D BufferQueueDump: [com.mediatek.mtklogger/com.mediatek.mtklogger.MainActivity] this:0x7f9e629180, value:0x7fce22b32c, iLen:6
05-04 15:08:46.191480   230   230 I BufferQueueConsumer: [com.mediatek.mtklogger/com.mediatek.mtklogger.MainActivity](this:0x7f999e1c00,id:559,api:0,p:-1,c:230) setConsumerName: com.mediatek.mtklogger/com.mediatek.mtklogger.MainActivity
05-04 15:08:46.191548   230   230 I BufferQueueConsumer: [com.mediatek.mtklogger/com.mediatek.mtklogger.MainActivity](this:0x7f999e1c00,id:559,api:0,p:-1,c:230) setDefaultBufferSize: width=768 height=1306
05-04 15:08:46.193425   774   805 D SettingsInterface:  from settings cache , name = sys_storage_threshold_max_bytes , value = null
05-04 15:08:46.194612 25233 25280 I MTKLogger/Utils: /storage/emulated/0 is mounted!
05-04 15:08:46.196586 25233 25280 I MTKLogger/Utils: Is emulated and volumeInfo.getId() : emulated
05-04 15:08:46.196750 25233 25280 I MTKLogger/Utils: <--getInternalSdPath() : internalPath = /storage/emulated/0
05-04 15:08:46.196792  1081  1081 D PhoneStatusBar: setSystemUiVisibility vis=8000 mask=ffffffff oldVal=8600 newVal=8000 diff=600
05-04 15:08:46.197019  1081  1081 D PhoneStatusBar: hiding the MENU button
05-04 15:08:46.197074 25233 25280 V MTKLogger: <--getLogPath(), type=internal_sd, string=/storage/emulated/0
05-04 15:08:46.197714 25233 25280 D MTKLogger/MainActivity:  mSDCardPathStr=/storage/emulated/0
05-04 15:08:46.198858 25233 25233 D Surface : Surface::allocateBuffers(this=0x7f8a05f000)
05-04 15:08:46.199194 25233 25251 D OpenGLRenderer: CanvasContext() 0x7f84ee7800 initialize window=0x7f8a05f010, title=com.mediatek.mtklogger/com.mediatek.mtklogger.MainActivity
05-04 15:08:46.199300 25233 25251 D Surface : Surface::connect(this=0x7f8a05f000,api=1)
05-04 15:08:46.200178   230  1530 I BufferQueueProducer: [com.mediatek.mtklogger/com.mediatek.mtklogger.MainActivity](this:0x7f999e1c00,id:559,api:1,p:25233,c:230) connect(P): api=1 producer=(25233:com.mediatek.mtklogger) producerControlledByApp=true
05-04 15:08:46.201118   230  1026 D BufferQueueProducer: [com.mediatek.mtklogger/com.mediatek.mtklogger.MainActivity](this:0x7f999e1c00,id:559,api:1,p:25233,c:230) allocateBuffers: allocating from 0 buffers up to 4 buffers
05-04 15:08:46.201724 25233 25251 W libEGL  : [ANDROID_RECORDABLE] format: 1
05-04 15:08:46.203512 25233 25251 D mali_winsys: new_window_surface returns 0x3000
05-04 15:08:46.206590   230  1026 I [MALI][Gralloc]: [+]hnd(0x7f9e61e2c0), client(27), share_fd(52), hnd->flags:4
05-04 15:08:46.206720   230  1026 D GraphicBuffer: alloc, handle(0x7f9e61e2c0) (w:768 h:1306 s:768 f:0x1 u:0x000900) err(0)
05-04 15:08:46.212605   230  1026 I [MALI][Gralloc]: [+]hnd(0x7f9e61e4a0), client(27), share_fd(62), hnd->flags:4
05-04 15:08:46.212719   230  1026 D GraphicBuffer: alloc, handle(0x7f9e61e4a0) (w:768 h:1306 s:768 f:0x1 u:0x000900) err(0)
05-04 15:08:46.217732   230  1026 I [MALI][Gralloc]: [+]hnd(0x7f9e61f120), client(27), share_fd(55), hnd->flags:4
05-04 15:08:46.217849   230  1026 D GraphicBuffer: alloc, handle(0x7f9e61f120) (w:768 h:1306 s:768 f:0x1 u:0x000900) err(0)
05-04 15:08:46.223104   230  1026 I [MALI][Gralloc]: [+]hnd(0x7f9e14a2c0), client(27), share_fd(60), hnd->flags:4
05-04 15:08:46.223215   230  1026 D GraphicBuffer: alloc, handle(0x7f9e14a2c0) (w:768 h:1306 s:768 f:0x1 u:0x000900) err(0)
05-04 15:08:46.223399   230  1026 D BufferQueueProducer: [com.mediatek.mtklogger/com.mediatek.mtklogger.MainActivity](this:0x7f999e1c00,id:559,api:1,p:25233,c:230) allocateBuffers: allocating from 4 buffers up to 4 buffers
05-04 15:08:46.225107 25233 25233 D MTKLogger/MainActivity: mMessageHandler->handleMessage() msg.what == MSG_MONITOR_SDCARD_BAR
05-04 15:08:46.225283 25233 25233 D MTKLogger/MainActivity: -->refreshSdcardBar()
05-04 15:08:46.225603 25233 25233 D MTKLogger/MainActivity: -->updateUI(), Update UI Start
05-04 15:08:46.226249 25233 25233 I MTKLogger/MainActivity: isAutoTest()-> Monkey running flag is false
05-04 15:08:46.227576 25233 25233 I MTKLogger/MainActivity: isAutoTest()-> isUserAMonkey=false
05-04 15:08:46.228186 25233 25233 V MTKLogger/MainActivity: -->changeWaitingDialog()
05-04 15:08:46.228453 25233 25233 D MTKLogger/MainActivity: -->needStartLogAtBootTime(), needStart=true
05-04 15:08:46.228619 25233 25233 V MTKLogger/MainActivity: isBootComplete(), isComplete = true, isMTKLoggerServiceInited = true, isBootCompletedDone = true, isShutdownNormal = false, isNeedStartLogAtBootTime = true
05-04 15:08:46.228856 25233 25233 D MTKLogger/MTKLoggerService: <--getGlobalRunningStage(), current stage=0
05-04 15:08:46.229008   774 13786 D AppOps  : noteOperation: allowing code 59 uid 10052 package com.mediatek.mtklogger
05-04 15:08:46.229005 25233 25233 D MTKLogger/MainActivity: changeWaitingDialog() -> currentRunningStage is 0
05-04 15:08:46.229188   774 13786 D AppOps  : noteOperation: allowing code 60 uid 10052 package com.mediatek.mtklogger
05-04 15:08:46.229584   774 13786 D SettingsInterface:  from settings cache , name = sys_storage_threshold_percentage , value = null
05-04 15:08:46.229748 25233 25233 V MTKLogger/MTKLoggerService: -->isLogRunning(), logType = 16
05-04 15:08:46.229913 25233 25233 D MTKLogger/GPSLog: Is GPS log running ? true
05-04 15:08:46.230033 25233 25233 V MTKLogger/MTKLoggerService: <--isLogRunning()? true
05-04 15:08:46.230173   774 13786 D SettingsInterface:  from settings cache , name = sys_storage_threshold_max_bytes , value = null
05-04 15:08:46.230794 25233 25233 V MTKLogger/MTKLoggerService: -->isLogRunning(), logType = 4
05-04 15:08:46.231100 25233 25233 I MTKLogger/LogInstance:  Native log(4) running status=true
05-04 15:08:46.231172 25233 25279 D MTKLogger/MainActivity: -->checkPath(), path=/storage/emulated/0, exist?true, volumeState=mounted
05-04 15:08:46.231232 25233 25233 V MTKLogger/MTKLoggerService: <--isLogRunning()? true
05-04 15:08:46.231749 25233 25233 V MTKLogger/MTKLoggerService: -->isLogRunning(), logType = 1
05-04 15:08:46.232261 25233 25233 I MTKLogger/LogInstance:  Native log(1) running status=true
05-04 15:08:46.232445 25233 25233 V MTKLogger/MTKLoggerService: <--isLogRunning()? true
05-04 15:08:46.232547 25233 25279 D MTKLogger/MainActivity:  mSDCardPathStr=/storage/emulated/0, free size=12159520KB, used size=288904KB
05-04 15:08:46.234855 25233 25233 V MTKLogger/MTKLoggerService: -->isLogRunning(), logType = 2
05-04 15:08:46.235108 25233 25233 I MTKLogger/LogInstance:  Native log(2) running status=true
05-04 15:08:46.235288 25233 25233 D MTKLogger/MultiModemLog/ModemManager: isAnyModemLogConnect ? true
05-04 15:08:46.235435 25233 25233 D MTKLogger/MultiModemLog: Is modm log running ? true
05-04 15:08:46.235588 25233 25233 V MTKLogger/MTKLoggerService: <--isLogRunning()? true
05-04 15:08:46.237343   774  1027 D PerfServiceManager: [PerfService] MESSAGE_TIMEOUT:103 
05-04 15:08:46.237948   774  1027 I libPerfService: 3: set freq: 1300000
05-04 15:08:46.238050   774  1027 I libPerfService: 3: set vcore level: 0
05-04 15:08:46.238163 25233 25233 E MTKLogger/MainActivity: timeString : 0:00:22
05-04 15:08:46.241538 25233 25233 D MTKLogger/MainActivity: Build type is not eng
05-04 15:08:46.243671 25233 25233 V InputMethodManager: onWindowFocus: null softInputMode=288 first=true flags=#1810100
05-04 15:08:46.243928 25233 26414 D MTKLogger/MainActivity: Start a new thread to check whether existing any log now.
05-04 15:08:46.243998 25233 25233 V InputMethodManager: START INPUT: com.android.internal.policy.PhoneWindow$DecorView{67d6b20 V.E...... R.....ID 0,0-768,1306} ic=null tba=android.view.inputmethod.EditorInfo@aad48e5 controlFlags=#104
05-04 15:08:46.246866 25233 26414 V MTKLogger/MainActivity: Check whether existing any log finish, result=true
05-04 15:08:46.259667   230  1530 I BufferQueueProducer: [com.mediatek.mtklogger/com.mediatek.mtklogger.MainActivity](this:0x7f999e1c00,id:559,api:1,p:25233,c:230) new GraphicBuffer needed
05-04 15:08:46.259801   230  1530 D GraphicBuffer: free, handle(0x7f9e14a2c0) (w:768 h:1306 s:768 f:0x1 u:0x000900)
05-04 15:08:46.259983   230  1530 I [MALI][Gralloc]: [-]hnd(0x7f9e14a2c0), client(27), share_fd(60)
05-04 15:08:46.267938   230  1530 I [MALI][Gralloc]: [+]hnd(0x7f9e14a2c0), client(27), share_fd(94), hnd->flags:4
05-04 15:08:46.268069   230  1530 D GraphicBuffer: alloc, handle(0x7f9e14a2c0) (w:1306 h:768 s:1312 f:0x1 u:0x000b00) err(0)
05-04 15:08:46.269657 25233 25279 V MTKLogger: Loop folder [/storage/emulated/0/mtklog/mdlog1_config] get a null/empty list
05-04 15:08:46.271118 25233 25251 I [MALI][Gralloc]: [+]r_hnd(0x7f84efb5c0), client(27), share_fd(34)
05-04 15:08:46.271286 25233 25251 D GraphicBuffer: register, handle(0x7f84efb5c0) (w:1306 h:768 s:1312 f:0x1 u:0x000b00)
05-04 15:08:46.279452 25233 25233 I MTKLogger/MainActivity: Receive check existing log folder done message, result=true
05-04 15:08:46.279749 25233 25233 V MTKLogger/MainActivity: isLogExists=true
05-04 15:08:46.280758 25233 25233 V MTKLogger/MainActivity:  -->RefreshStorageAsyncTask.refreshStatusBar()
05-04 15:08:46.286673   230   297 I BufferQueueProducer: [com.mediatek.mtklogger/com.mediatek.mtklogger.MainActivity](this:0x7f999e1c00,id:559,api:1,p:25233,c:230) new GraphicBuffer needed
05-04 15:08:46.286774   230   297 D GraphicBuffer: free, handle(0x7f9e61f120) (w:768 h:1306 s:768 f:0x1 u:0x000900)
05-04 15:08:46.286945   230   297 I [MALI][Gralloc]: [-]hnd(0x7f9e61f120), client(27), share_fd(55)
05-04 15:08:46.299863  1615  1757 D Surface : Surface::disconnect(this=0x7f8a05f000,api=1)
05-04 15:08:46.299985   774  1539 D AES     : AEEIOCTL_GET/SET_SF_STATE IOCTL,cmd= 1074294797, lParam=0. 
05-04 15:08:46.300871   774  1539 D AES     : AEEIOCTL_RT_MON_Kick IOCTL,cmd= -2147192822, lParam=300. 
05-04 15:08:46.301264   230   260 I BufferQueueProducer: [com.android.launcher3/com.android.launcher3.Launcher](this:0x7f99953000,id:558,api:1,p:-1,c:230) disconnect(P): api 1
05-04 15:08:46.302161   230   260 I BufferQueueConsumer: [com.android.launcher3/com.android.launcher3.Launcher](this:0x7f99953000,id:558,api:1,p:-1,c:230) getReleasedBuffers: returning mask 0xffffffffffffffff
05-04 15:08:46.302451   230   260 D GraphicBuffer: free, handle(0x7f9e14a0e0) (w:1366 h:768 s:1376 f:0x1 u:0x000b00)
05-04 15:08:46.302587   230   260 I [MALI][Gralloc]: [-]hnd(0x7f9e14a0e0), client(27), share_fd(70)
05-04 15:08:46.302847   230   260 D GraphicBuffer: free, handle(0x7f9e1490a0) (w:1366 h:768 s:1376 f:0x1 u:0x000b00)
05-04 15:08:46.302990   230   260 I [MALI][Gralloc]: [-]hnd(0x7f9e1490a0), client(27), share_fd(31)
05-04 15:08:46.303193   230   260 D GraphicBuffer: free, handle(0x7f9e1493c0) (w:1366 h:768 s:1376 f:0x1 u:0x000b00)
05-04 15:08:46.303330   230   260 I [MALI][Gralloc]: [-]hnd(0x7f9e1493c0), client(27), share_fd(73)
05-04 15:08:46.305469   230   297 I [MALI][Gralloc]: [+]hnd(0x7f9e61f120), client(27), share_fd(55), hnd->flags:4
05-04 15:08:46.305552   230   297 D GraphicBuffer: alloc, handle(0x7f9e61f120) (w:1306 h:768 s:1312 f:0x1 u:0x000b00) err(0)
05-04 15:08:46.307833 25233 25251 I [MALI][Gralloc]: [+]r_hnd(0x7f8085bf80), client(27), share_fd(52)
05-04 15:08:46.307964 25233 25251 D GraphicBuffer: register, handle(0x7f8085bf80) (w:1306 h:768 s:1312 f:0x1 u:0x000b00)
05-04 15:08:46.308657  1615  1757 D GraphicBuffer: unregister, handle(0x7f73eed840) (w:1366 h:768 s:1376 f:0x1 u:0x000b00)
05-04 15:08:46.309898  1615  1757 I [MALI][Gralloc]: [-]r_hnd(0x7f73eed840), client(35), share_fd(65)
05-04 15:08:46.310344  1615  1757 D GraphicBuffer: unregister, handle(0x7f73eed520) (w:1366 h:768 s:1376 f:0x1 u:0x000b00)
05-04 15:08:46.312600  1615  1757 I [MALI][Gralloc]: [-]r_hnd(0x7f73eed520), client(35), share_fd(56)
05-04 15:08:46.314960  1615  1757 D GraphicBuffer: unregister, handle(0x7f73eed700) (w:1366 h:768 s:1376 f:0x1 u:0x000b00)
05-04 15:08:46.316781  1615  1757 I [MALI][Gralloc]: [-]r_hnd(0x7f73eed700), client(35), share_fd(57)
05-04 15:08:46.317394  1615  1757 D GraphicBuffer: unregister, handle(0x7f73eed660) (w:1366 h:768 s:1376 f:0x1 u:0x000b00)
05-04 15:08:46.318991  1615  1757 I [MALI][Gralloc]: [-]r_hnd(0x7f73eed660), client(35), share_fd(64)
05-04 15:08:46.319200  1615  1757 D Surface : Surface::disconnect(this=0x7f8a05f000,api=1)
05-04 15:08:46.320134   230  1026 I BufferQueueProducer: [com.android.launcher3/com.android.launcher3.Launcher](this:0x7f99953000,id:558,api:1,p:-1,c:230) disconnect(P): api 1
05-04 15:08:46.328564   774   812 D InputReader: InputReader::monitor: lock
05-04 15:08:46.328902   774   812 D InputReader: InputReader::monitor: wait 
05-04 15:08:46.329290   774   812 D InputReader: InputReader::monitor: unlock
05-04 15:08:46.329398   774   812 D InputReader: InputReader::monitor: done
05-04 15:08:46.335239  1081  1081 D PhoneStatusBar: setSystemUiVisibility vis=0 mask=ffffffff oldVal=8000 newVal=0 diff=8000
05-04 15:08:46.337996  1081  1081 D PhoneStatusBar: hiding the MENU button
05-04 15:08:46.346988   230   258 I BufferQueueProducer: [NavigationBar](this:0x7f999f4400,id:506,api:1,p:1081,c:230) queueBuffer: fps=8.29 dur=4103.51 max=3571.41 min=10.42
05-04 15:08:46.434052   230   297 I SurfaceFlinger: EventThread Client Pid (25908) disconnected by (230)
05-04 15:08:46.434272   230   297 I SurfaceFlinger: EventThread Client Pid (25908) disconnected by (230)
05-04 15:08:46.434365   774  7928 D GraphicsStats: Buffer count: 6
05-04 15:08:46.435228   362   362 D GuiExt  : [GuiExtS] binder of dump tunnel(RB-0x7f84282c40) died
05-04 15:08:46.438837   230  1530 I SurfaceFlinger: [SF client] DEL(0x7f99933f40) for (774:system_server)
05-04 15:08:46.514996  1081  1081 D QSTile.AirplaneModeTile: stopAnimation()
05-04 15:08:46.515869  1081  1081 D QSTile.CastTile: setListening false
05-04 15:08:46.516033  1081  1081 D CastController: removeCallback
05-04 15:08:46.516663  1081  1081 V KeyguardUpdateMonitor: *** unregister callback for com.android.systemui.statusbar.policy.KeyguardMonitor@2f6cd6d
05-04 15:08:46.521689  1081  1081 D PhoneStatusBar: disable1: 0x00120000 -> 0x00000000 (diff1: 0x00120000)
05-04 15:08:46.521976  1081  1081 D PhoneStatusBar: disable2: 0x00000000 -> 0x00000000 (diff2: 0x00000000)
05-04 15:08:46.522104  1081  1081 D PhoneStatusBar: disable: < expand icons* alerts system_info* back home recent clock search quick_settings >
05-04 15:08:46.522439  1081  1081 D DefaultStatusBarPlmnPlugin: setPlmnVisibility
05-04 15:08:46.541000   230   230 I BufferQueueConsumer: [StatusBar](this:0x7f9abcdc00,id:7,api:1,p:1081,c:230) setDefaultBufferSize: width=768 height=30
05-04 15:08:46.546245  1081  1473 D Surface : Surface::disconnect(this=0x7f84f90200,api=1)
05-04 15:08:46.546506   230   258 I BufferQueueProducer: [StatusBar](this:0x7f9abcdc00,id:7,api:1,p:-1,c:230) disconnect(P): api 1
05-04 15:08:46.546986   230   258 I BufferQueueConsumer: [StatusBar](this:0x7f9abcdc00,id:7,api:1,p:-1,c:230) getReleasedBuffers: returning mask 0xffffffffffffffff
05-04 15:08:46.547202   230   258 D GraphicBuffer: free, handle(0x7f9e149640) (w:1366 h:768 s:1376 f:0x1 u:0x000b00)
05-04 15:08:46.547351   230   258 I [MALI][Gralloc]: [-]hnd(0x7f9e149640), client(27), share_fd(46)
05-04 15:08:46.547539   230   258 D GraphicBuffer: free, handle(0x7f9e61e860) (w:1366 h:768 s:1376 f:0x1 u:0x000b00)
05-04 15:08:46.547656   230   258 I [MALI][Gralloc]: [-]hnd(0x7f9e61e860), client(27), share_fd(30)
05-04 15:08:46.548369  1081  1473 D GraphicBuffer: unregister, handle(0x7f70c8d160) (w:1366 h:768 s:1376 f:0x1 u:0x000b00)
05-04 15:08:46.549654  1081  1473 I [MALI][Gralloc]: [-]r_hnd(0x7f70c8d160), client(49), share_fd(80)
05-04 15:08:46.550147  1081  1473 D GraphicBuffer: unregister, handle(0x7f70c8aa00) (w:1366 h:768 s:1376 f:0x1 u:0x000b00)
05-04 15:08:46.552001  1081  1473 I [MALI][Gralloc]: [-]r_hnd(0x7f70c8aa00), client(49), share_fd(79)
05-04 15:08:46.552391  1081  1473 D GraphicBuffer: unregister, handle(0x7f70c8adc0) (w:1366 h:768 s:1376 f:0x1 u:0x000b00)
05-04 15:08:46.554232  1081  1473 I [MALI][Gralloc]: [-]r_hnd(0x7f70c8adc0), client(49), share_fd(82)
05-04 15:08:46.554410  1081  1473 D Surface : Surface::disconnect(this=0x7f84f90200,api=1)
05-04 15:08:46.554766   230  1530 I BufferQueueProducer: [StatusBar](this:0x7f9abcdc00,id:7,api:1,p:-1,c:230) disconnect(P): api 1
05-04 15:08:46.555031  1081  1473 D Surface : Surface::connect(this=0x7f84f90200,api=1)
05-04 15:08:46.555466   230  1026 I BufferQueueProducer: [StatusBar](this:0x7f9abcdc00,id:7,api:1,p:1081,c:230) connect(P): api=1 producer=(1081:com.android.systemui) producerControlledByApp=true
05-04 15:08:46.555717  1081  1473 W libEGL  : [ANDROID_RECORDABLE] format: 1
05-04 15:08:46.556671  1081  1473 D mali_winsys: new_window_surface returns 0x3000
05-04 15:08:46.561488   230   297 I BufferQueueProducer: [StatusBar](this:0x7f9abcdc00,id:7,api:1,p:1081,c:230) new GraphicBuffer needed
05-04 15:08:46.561977   230   297 I [MALI][Gralloc]: [+]hnd(0x7f9e61f800), client(27), share_fd(30), hnd->flags:4
05-04 15:08:46.562064   230   297 D GraphicBuffer: alloc, handle(0x7f9e61f800) (w:30 h:768 s:32 f:0x1 u:0x000b00) err(0)
05-04 15:08:46.563581  1081  1473 I [MALI][Gralloc]: [+]r_hnd(0x7f70c8adc0), client(49), share_fd(79)
05-04 15:08:46.563669  1081  1473 D GraphicBuffer: register, handle(0x7f70c8adc0) (w:30 h:768 s:32 f:0x1 u:0x000b00)
05-04 15:08:46.573196   230   297 I BufferQueueProducer: [StatusBar](this:0x7f9abcdc00,id:7,api:1,p:1081,c:230) new GraphicBuffer needed
05-04 15:08:46.573656   230   297 I [MALI][Gralloc]: [+]hnd(0x7f9e149e60), client(27), share_fd(28), hnd->flags:4
05-04 15:08:46.573778   230   297 D GraphicBuffer: alloc, handle(0x7f9e149e60) (w:30 h:768 s:32 f:0x1 u:0x000b00) err(0)
05-04 15:08:46.574181   230   230 D GraphicBuffer: free, handle(0x7f9e149b40) (w:1366 h:768 s:1376 f:0x1 u:0x000b00)
05-04 15:08:46.574345   230   230 I [MALI][Gralloc]: [-]hnd(0x7f9e149b40), client(27), share_fd(48)
05-04 15:08:46.576601  1081  1473 I [MALI][Gralloc]: [+]r_hnd(0x7f70c8aa00), client(49), share_fd(80)
05-04 15:08:46.576709  1081  1473 D GraphicBuffer: register, handle(0x7f70c8aa00) (w:30 h:768 s:32 f:0x1 u:0x000b00)
05-04 15:08:46.579763   230   258 I BufferQueueProducer: [StatusBar](this:0x7f9abcdc00,id:7,api:1,p:1081,c:230) new GraphicBuffer needed
05-04 15:08:46.580156   230   258 I [MALI][Gralloc]: [+]hnd(0x7f9e61e860), client(27), share_fd(57), hnd->flags:4
05-04 15:08:46.580237   230   258 D GraphicBuffer: alloc, handle(0x7f9e61e860) (w:30 h:768 s:32 f:0x1 u:0x000b00) err(0)
05-04 15:08:46.581706  1081  1473 I [MALI][Gralloc]: [+]r_hnd(0x7f70c8d160), client(49), share_fd(82)
05-04 15:08:46.581940  1081  1473 D GraphicBuffer: register, handle(0x7f70c8d160) (w:30 h:768 s:32 f:0x1 u:0x000b00)
05-04 15:08:46.609231   230   230 D GraphicBuffer: free, handle(0x7f9e14a040) (w:30 h:768 s:32 f:0x1 u:0x000b00)
05-04 15:08:46.609390   230   230 I [MALI][Gralloc]: [-]hnd(0x7f9e14a040), client(27), share_fd(29)
05-04 15:08:46.612695   230   230 I BufferQueueProducer: [FrameBufferSurface_0](this:0x7f9e119000,id:0,api:1,p:230,c:230) queueBuffer: fps=3.15 dur=4127.62 max=3937.12 min=12.32
05-04 15:08:46.736829   230   230 I BufferQueueConsumer: [com.android.launcher3/com.android.launcher3.Launcher](this:0x7f99953000,id:558,api:1,p:-1,c:-1) disconnect(C)
05-04 15:08:46.738882   230   230 D GraphicBuffer: free, handle(0x7f9e14a360) (w:1366 h:768 s:1376 f:0x1 u:0x000b00)
05-04 15:08:46.739028   230   230 I [MALI][Gralloc]: [-]hnd(0x7f9e14a360), client(27), share_fd(87)
05-04 15:08:46.739262   230   230 I BufferQueue: [com.android.launcher3/com.android.launcher3.Launcher](this:0x7f99953000,id:558,api:1,p:-1,c:-1) ~BufferQueueCore
05-04 15:08:46.776164  1798  1803 I PerfService: PerfServiceNative_getPackName
05-04 15:08:46.776847   774  1631 I libPerfService: perfGetLastBoostPid 25233
05-04 15:08:46.777023   774  1631 D PerfServiceManager: [PerfService] getLastBoostPid 25233 
05-04 15:08:46.777078   774  1631 I libPerfService: perfGetLastBoostPid 25233
05-04 15:08:46.777667  1798  1803 D GasService: FG app changed: from com.android.launcher3 to com.mediatek.mtklogger
05-04 15:08:47.030865   774  1027 I libPerfService: 1: set: 3
05-04 15:08:47.031155   774  1027 I libPerfService: 1: set freq: 819000
05-04 15:08:47.031229   774  1027 I libPerfService: 1: set vcore level: 0
05-04 15:08:47.033577  1081  1081 V WallpaperService: Visibility change in com.android.systemui.ImageWallpaper$DrawableEngine@35becd8: 0
05-04 15:08:47.034414  1081  1081 V WallpaperService: onVisibilityChanged(false): com.android.systemui.ImageWallpaper$DrawableEngine@35becd8
05-04 15:08:47.034685  1081  1081 D ImageWallpaper: onVisibilityChanged: mVisible, visible=true, false
05-04 15:08:47.034803  1081  1081 D ImageWallpaper: Visibility changed to visible=false
05-04 15:08:47.035665  1081  1081 D ImageWallpaper: Suppressed drawFrame since redraw is not needed and offsets have not changed.
05-04 15:08:47.037809  1615  1615 V PhoneWindow: DecorView setVisiblity: visibility = 4 ,Parent =ViewRoot{a9ab189 com.android.launcher3/com.android.launcher3.Launcher,ident = 33}, this =com.android.internal.policy.PhoneWindow$DecorView{c037d1f I.ED..... R......D 0,0-768,1366}
05-04 15:08:47.049493  1615  1757 D OpenGLRenderer: Destroyed EGL context (0x7f7423f100)
05-04 15:08:47.051689  1615  1757 D OpenGLRenderer: Terminated EGL display (0x1)
05-04 15:08:47.258795   230  1530 I BufferQueueProducer: [com.mediatek.mtklogger/com.mediatek.mtklogger.MainActivity](this:0x7f999e1c00,id:559,api:1,p:25233,c:230) new GraphicBuffer needed
05-04 15:08:47.258929   230  1530 D GraphicBuffer: free, handle(0x7f9e61e4a0) (w:768 h:1306 s:768 f:0x1 u:0x000900)
05-04 15:08:47.259181   230  1530 I [MALI][Gralloc]: [-]hnd(0x7f9e61e4a0), client(27), share_fd(62)
05-04 15:08:47.269120   230  1530 I [MALI][Gralloc]: [+]hnd(0x7f9e61e4a0), client(27), share_fd(29), hnd->flags:4
05-04 15:08:47.269254   230  1530 D GraphicBuffer: alloc, handle(0x7f9e61e4a0) (w:1306 h:768 s:1312 f:0x1 u:0x000b00) err(0)
05-04 15:08:47.272026 25233 25251 I [MALI][Gralloc]: [+]r_hnd(0x7f84efb520), client(27), share_fd(54)
05-04 15:08:47.272149 25233 25251 D GraphicBuffer: register, handle(0x7f84efb520) (w:1306 h:768 s:1312 f:0x1 u:0x000b00)
05-04 15:08:47.290642   230   230 I SurfaceFlinger: [Built-in Screen (type:0)] fps:46.845371,dur:1131.38,max:244.40,min:12.44
05-04 15:08:47.758649   774  1027 D PerfServiceManager: [PerfService] MESSAGE_TIMEOUT:105 
05-04 15:08:47.759218   774  1027 I libPerfService: 5: set: 1
05-04 15:08:47.759581   774  1027 I libPerfService: 5: set freq: 0
05-04 15:08:47.759669   774  1027 I libPerfService: 5: set vcore level: 0
05-04 15:08:47.760474   774  1027 D PerfServiceManager: [PerfService] set utilization:0.8 
05-04 15:08:47.777907  1798  1803 I PerfService: PerfServiceNative_getPackName
05-04 15:08:47.778400   774   793 I libPerfService: perfGetLastBoostPid 25233
05-04 15:08:47.778547   774   793 D PerfServiceManager: [PerfService] getLastBoostPid 25233 
05-04 15:08:47.778623   774   793 I libPerfService: perfGetLastBoostPid 25233
05-04 15:08:47.895412   774   985 D InputReader: AP_PROF:AppLaunch_dispatchPtr:Down:12014913, ID:0, Index:1923485632
05-04 15:08:47.895654   774   985 I PerfService: PerfServiceNative_boostEnableAsync:3
05-04 15:08:47.896808   774  1027 I libPerfService: 3: set freq: 819000
05-04 15:08:47.897180   774  1027 I libPerfService: 3: set: 3
05-04 15:08:47.908339   230   258 I BufferQueueProducer: [com.mediatek.mtklogger/com.mediatek.mtklogger.MainActivity](this:0x7f999e1c00,id:559,api:1,p:25233,c:230) new GraphicBuffer needed
05-04 15:08:47.908469   230   258 D GraphicBuffer: free, handle(0x7f9e61e2c0) (w:768 h:1306 s:768 f:0x1 u:0x000900)
05-04 15:08:47.908716   230   258 I [MALI][Gralloc]: [-]hnd(0x7f9e61e2c0), client(27), share_fd(52)
05-04 15:08:47.918657   230   258 I [MALI][Gralloc]: [+]hnd(0x7f9e61e2c0), client(27), share_fd(41), hnd->flags:4
05-04 15:08:47.918783   230   258 D GraphicBuffer: alloc, handle(0x7f9e61e2c0) (w:1306 h:768 s:1312 f:0x1 u:0x000b00) err(0)
05-04 15:08:47.921561 25233 25251 I [MALI][Gralloc]: [+]r_hnd(0x7f84efb3e0), client(27), share_fd(55)
05-04 15:08:47.921683 25233 25251 D GraphicBuffer: register, handle(0x7f84efb3e0) (w:1306 h:768 s:1312 f:0x1 u:0x000b00)
05-04 15:08:47.926745   230  1530 I BufferQueueProducer: [com.mediatek.mtklogger/com.mediatek.mtklogger.MainActivity](this:0x7f999e1c00,id:559,api:1,p:25233,c:230) queueBuffer: fps=1.82 dur=1648.63 max=956.58 min=42.35
05-04 15:08:47.972977   774   985 D InputReader: AP_PROF:AppLaunch_dispatchPtr:Up:12014990, ID:0, Index:1923489024
05-04 15:08:47.973134   774   985 I PerfService: PerfServiceNative_boostEnableTimeoutMsAsync:3, 100
