05-04 15:08:47.974902 25233 25233 D SettingsInterface:  from settings cache , name = sound_effects_enabled , value = 0
05-04 15:08:47.975124 25233 25233 D MTKLogger/MainActivity: StartStopToggleButton button is clicked!
05-04 15:08:47.975333 25233 25233 D MTKLogger/MainActivity: StartStopToggleButton button is checked ? false
05-04 15:08:47.975594 25233 25233 V MTKLogger/MTKLoggerService: -->isLogRunning(), logType = 16
05-04 15:08:47.975795 25233 25233 D MTKLogger/GPSLog: Is GPS log running ? true
05-04 15:08:47.975987 25233 25233 V MTKLogger/MTKLoggerService: <--isLogRunning()? true
05-04 15:08:47.976195 25233 25233 V MTKLogger/MTKLoggerService: -->isLogRunning(), logType = 4
05-04 15:08:47.976404 25233 25233 I MTKLogger/LogInstance:  Native log(4) running status=true
05-04 15:08:47.976594 25233 25233 V MTKLogger/MTKLoggerService: <--isLogRunning()? true
05-04 15:08:47.976771 25233 25233 V MTKLogger/MTKLoggerService: -->isLogRunning(), logType = 1
05-04 15:08:47.976985 25233 25233 I MTKLogger/LogInstance:  Native log(1) running status=true
05-04 15:08:47.977145 25233 25233 V MTKLogger/MTKLoggerService: <--isLogRunning()? true
05-04 15:08:47.977378 25233 25233 V MTKLogger/MTKLoggerService: -->isLogRunning(), logType = 2
05-04 15:08:47.977571 25233 25233 I MTKLogger/LogInstance:  Native log(2) running status=true
05-04 15:08:47.977774 25233 25233 D MTKLogger/MultiModemLog/ModemManager: isAnyModemLogConnect ? true
05-04 15:08:47.977952 25233 25233 D MTKLogger/MultiModemLog: Is modm log running ? true
05-04 15:08:47.978111 25233 25233 V MTKLogger/MTKLoggerService: <--isLogRunning()? true
05-04 15:08:47.978328 25233 25233 D MTKLogger/MTKLoggerService: -->stopRecording(), logTypeCluster=23, reason=from_ui
05-04 15:08:47.978771 25233 25266 I MTKLogger/GPSLog: Handle receive message, what=3
05-04 15:08:47.978970 25233 25266 I MTKLogger/GPSLog: gps log stop reason = from_ui
05-04 15:08:47.979140 25233 25266 W MTKLogger/GPSLog: Stop command come from UI, change log auto start to false at the same time
05-04 15:08:47.979343 25233 25266 I MTKLogger/LogConnection: -->send cmd: [deep_stop] to [gpslogd]
05-04 15:08:47.979505 25233 25266 D MTKLogger/LogConnection: Command builder success
05-04 15:08:47.979944 25233 25268 I MTKLogger/NetworkLog: Handle receive message, what=3
05-04 15:08:47.980042   352   352 D MNLD    : process: epoll_wait() received 1 events
05-04 15:08:47.980288   352   352 D MNLD    : mtklogger2mnl_handler: recv deep_stop from 14
05-04 15:08:47.980315 25233 25268 I MTKLogger/NetworkLog: NetworkLog ping at stop time flag = false
05-04 15:08:47.980378   352   352 D MNLD    : notify_client: write deep_stop,1 to client fd 14 
05-04 15:08:47.980472   352   352 D MNLD    : mtklogger2mnl_handler: notify_client,ans = deep_stop,1
05-04 15:08:47.980499 25233 25268 I MTKLogger/NetworkLog: Network log stop reason = from_ui
05-04 15:08:47.980538   352   352 D MNLD    : mtklogger2mnl_handler: gps_debuglog_state:0
05-04 15:08:47.980603   352   352 D MNLD    : process: mtklogger2mnl_handler: ret = 0
05-04 15:08:47.980656 25233 25268 W MTKLogger/NetworkLog: Unsupported stop reason, ignore it.
05-04 15:08:47.980832 25233 25268 I MTKLogger/LogConnection: -->send cmd: [tcpdump_sdcard_stop_noping] to [netdiag]
05-04 15:08:47.981037 25233 25268 D MTKLogger/LogConnection: Command builder success
05-04 15:08:47.981447 25233 25267 V MTKLogger/LogConnection: Response from native byte size=11
05-04 15:08:47.981566   344   371 E Netdiag : select out for fd=6,i=0  
05-04 15:08:47.981673 25233 25267 I MTKLogger/GPSLog: -->dealWithResponse(), resp=deep_stop,1
05-04 15:08:47.981718   344   371 E Netdiag : commandlistening handle_message
05-04 15:08:47.982242 25233 25233 V MTKLogger/MainActivity: -->changeWaitingDialog()
05-04 15:08:47.982354 25233 25272 I MTKLogger/MultiModemLog: Handle receive message, what=3, msg.arg1=[0]
05-04 15:08:47.982486 25233 25233 D MTKLogger/MainActivity: -->needStartLogAtBootTime(), needStart=true
05-04 15:08:47.982554 25233 25272 D MTKLogger/MultiModemLog: Receive stop command, stop reason=from_ui
05-04 15:08:47.982674 25233 25233 V MTKLogger/MainActivity: isBootComplete(), isComplete = true, isMTKLoggerServiceInited = true, isBootCompletedDone = true, isShutdownNormal = false, isNeedStartLogAtBootTime = true
05-04 15:08:47.982670 25233 25270 I MTKLogger/MobileLog: Handle receive message, what=3
05-04 15:08:47.982720 25233 25272 W MTKLogger/MultiModemLog: Stop command come from UI, change log auto start to false at the same time
05-04 15:08:47.982919 25233 25233 D MTKLogger/MTKLoggerService: <--getGlobalRunningStage(), current stage=2
05-04 15:08:47.982956 25233 25270 I MTKLogger/MobileLog: Mobile log stop reason = from_ui
05-04 15:08:47.983019 25233 25272 I MTKLogger/LogConnection: -->send cmd: [deep_pause] to [com.mediatek.mdlogger.socket1]
05-04 15:08:47.983086 25233 25233 D MTKLogger/MainActivity: changeWaitingDialog() -> currentRunningStage is 2
05-04 15:08:47.983112 25233 25270 W MTKLogger/MobileLog: Stop command come from UI, change log auto start to false at the same time
05-04 15:08:47.983180 25233 25272 D MTKLogger/LogConnection: Command builder success
05-04 15:08:47.983284 25233 25270 I MTKLogger/LogConnection: -->send cmd: [deep_stop] to [mobilelogd]
05-04 15:08:47.983307 25233 25233 V MTKLogger/MainActivity: Before show dialog, isFinishingFlag=false
05-04 15:08:47.983437 25233 25270 D MTKLogger/LogConnection: Command builder success
05-04 15:08:47.983462   559   574 D EMDLOGGER1: mdlogger select done
05-04 15:08:47.983544   559   574 D EMDLOGGER1: mdlogger begin handle Socket command
05-04 15:08:47.983708   559   574 I EMDLOGGER1: mdlogger receive command deep_pause
05-04 15:08:47.983754   344   371 E Netdiag : commandlistening buffer tcpdump_sdcard_stop_noping
05-04 15:08:47.983829   344   371 E Netdiag : COMMAND = tcpdump
05-04 15:08:47.983813   559   574 D EMDLOGGER1: executeCommand Handle request: deep Pause logging
05-04 15:08:47.983919   344   371 E Netdiag : location = sdcard
05-04 15:08:47.983982   344   371 E Netdiag : action = stop
05-04 15:08:47.984044   344   371 E Netdiag : log size= noping
05-04 15:08:47.984120   344   371 D Netdiag : Ignore SIGPIPE to avoid possible NE
05-04 15:08:47.984188   344   371 E Netdiag : Tcpdump ENDING
05-04 15:08:47.986416   344   371 D Netdiag : checkdir stop NTLog_name:/storage/emulated/0/mtklog/netlog/NTLog_2016_0504_150823 commandlistening full_test
05-04 15:08:47.988632   343   400 I MobileLogD: recv deep_stop from 7
05-04 15:08:47.990348 25233 25266 I MTKLogger/LogConnection: <--send cmd done : [deep_stop] to [gpslogd]
05-04 15:08:47.990661 25233 25266 I MTKLogger/GPSLog: Handle receive message, what=25
05-04 15:08:47.990883 25233 25266 D MTKLogger/GPSLog: Got an update event, new state = 0, reason=null, oldState=1
05-04 15:08:47.991160 25233 25266 I MTKLogger/GPSLog: -->notifyServiceStatus(), status=0,  reason=[]
05-04 15:08:47.991580 25233 25268 I MTKLogger/LogConnection: <--send cmd done : [tcpdump_sdcard_stop_noping] to [netdiag]
05-04 15:08:47.993828 25233 25272 I MTKLogger/LogConnection: <--send cmd done : [deep_pause] to [com.mediatek.mdlogger.socket1]
05-04 15:08:47.994068 25233 25272 D MTKLogger/MultiModemLog/ModemManager: <--sendCmd(), cmd=deep_pause, result=true
05-04 15:08:47.994307 25233 25272 D MTKLogger/MultiModemLog: StartStopC2KLoggerService isStart ? false
05-04 15:08:47.994072 25233 25270 I MTKLogger/LogConnection: <--send cmd done : [deep_stop] to [mobilelogd]
05-04 15:08:47.994487 25233 25272 D MTKLogger/MultiModemLog: The md3 is not support, so it is not support C2KModem!
05-04 15:08:47.997267   343 26415 I MobileLogD: thread 26415 handle msg
05-04 15:08:47.998452   343 26415 I MobileLogD/config: thread 26415 comes
05-04 15:08:48.000425   343 26415 I MobileLogD/config: thread 26415 ends
05-04 15:08:48.002304 26416 26416 D Netdiag :  full_test in sub-process begin.
05-04 15:08:48.002421 26416 26416 D Netdiag :  At stop time, parameter address=noping
05-04 15:08:48.002485 26416 26416 D Netdiag : -->full_test, log folder=/storage/emulated/0/mtklog/netlog/NTLog_2016_0504_150823, ping_flag=noping
05-04 15:08:48.002541 26416 26416 D Netdiag : No need to ping DNS at stop time
05-04 15:08:48.002718 26416 26416 D Netdiag : folder /storage/emulated/0/mtklog/netlog/NTLog_2016_0504_150823 exists
05-04 15:08:48.002895   559   574 D EMDLOGGER1: Set auto start mode: 0
05-04 15:08:48.002959   559   574 I EMDLOGGER1: MDL: PAUSE Logging
05-04 15:08:48.003013   559   574 D EMDLOGGER1: MDEngine pause logging: start.
05-04 15:08:48.003067   559   574 D EMDLOGGER1: MDEngine pause logging: USB mode stop handler first
05-04 15:08:48.003158   559   574 D EMDLOGGER1: Thread thread -2121526208 is alive.
05-04 15:08:48.003212   559   574 D EMDLOGGER1: LogWriter: log recycle thread is alive
05-04 15:08:48.003328   559 26328 I EMDLOGGER1: Logging Recycle Thread exit
05-04 15:08:48.006400 26416 26416 D Netdiag : open dump_stop.txt 7,temp_fd:8 
05-04 15:08:48.006488 26416 26416 D Netdiag : after dup2 dump_stop.txt 7,temp_fd:8,temp_fd2:1
05-04 15:08:48.007290   343 26337 I MobileLogD/new: flush mobilelog buffer before stopped...
05-04 15:08:48.011215   343 26336 E MobileLogD/new: stop logging...
05-04 15:08:48.015466   343 26336 I MobileLogD/bootmode: deinit debug
05-04 15:08:48.023046 25233 25244 W art     : Suspending all threads took: 6.271ms
05-04 15:08:48.025184 25233 25266 D MTKLogger/LogInstance: -->updateStatusBar(), logType=16, titleRes=2131296261, enable=false
05-04 15:08:48.025785 25233 25244 I art     : Background sticky concurrent mark sweep GC freed 4859(471KB) AllocSpace objects, 11(220KB) LOS objects, 35% free, 1708KB/2MB, paused 7.520ms total 29.952ms
05-04 15:08:48.026362 25233 25242 I System  : FinalizerDaemon: finalize objects = 454
05-04 15:08:48.030498 25233 25233 D WindowClient: Add to mViews: com.android.internal.policy.PhoneWindow$DecorView{11b0e74 V.E...... R.....I. 0,0-0,0}, this = android.view.WindowManagerGlobal@3b663bb
05-04 15:08:48.032529 25233 25251 D OpenGLRenderer: CanvasContext() 0x7f84ee0800
05-04 15:08:48.033733   774   985 D InputReader: AP_PROF:AppLaunch_dispatchPtr:Down:12015051, ID:0, Index:1923485632
05-04 15:08:48.033852   774   985 I PerfService: PerfServiceNative_boostEnableAsync:3
05-04 15:08:48.038127 25233 25233 D ViewRootImpl: hardware acceleration is enabled, this = ViewRoot{f551dc5 停止录制,ident = 17}
05-04 15:08:48.044985 25233 25233 D MTKLogger/MainActivity: Log(16) new auto start value= false, startStopCmdResp=true
05-04 15:08:48.055857   343 26337 I MobileLogD/new: mobile_log_d.wr exit!
05-04 15:08:48.063039 25233 25233 D MTKLogger/MainActivity: Log(4) new auto start value= false, startStopCmdResp=true
05-04 15:08:48.073006 25233 25233 D MTKLogger/MainActivity: Log(1) new auto start value= false, startStopCmdResp=true
05-04 15:08:48.083082 25233 25233 D MTKLogger/MainActivity: Log(2) new auto start value= false, startStopCmdResp=true
05-04 15:08:48.096193 26418 26418 D AEE/AEE_CL: aee mode is switched to 4 by process: mobile_log_d pid: 343
05-04 15:08:48.096386 26418 26418 D AEE/RTT_LIB: Rtt command(type:0, file_path:4 arg0:343)
05-04 15:08:48.096797 26340 26340 D AEE/AED : $===AEE===AEE===AEE===$
05-04 15:08:48.096905 26340 26340 D AEE/AED : p 0 poll events 1 revents 1
05-04 15:08:48.097216 26340 26340 D AEE/AED : requesting from: pid=26418 cmd=0
05-04 15:08:48.097269 26340 26340 D AEE/AED : Got RTT_AEE_CHANGEMODE, mode(4), arg0(343)
05-04 15:08:48.099262 26418 26418 D AEE/RTT_LIB: Rtt waiting daemon finish the job...
05-04 15:08:48.103432   559   574 D EMDLOGGER1: The thread -2121526208 didnot exists or already exit.
05-04 15:08:48.103530   559   574 D EMDLOGGER1: LogWriter: wait for log recycle thread quit. retry:49
05-04 15:08:48.103640   559   574 I EMDLOGGER1: MDEngine pause logging: signal reader then begin wait
05-04 15:08:48.103720   559   574 I EMDLOGGER1: MDEngine pause logging: wait pause done
05-04 15:08:48.103824   559 25309 I EMDLOGGER1: eemcs_read: poll error, err=4
05-04 15:08:48.103868   559 25309 E EMDLOGGER1: MD reader: read error
05-04 15:08:48.105031   559 26327 I EMDLOGGER1: Detect filter thread terminated!
05-04 15:08:48.106411   230   230 I BufferQueue: [unnamed-230-560](this:0x7f99953000,id:560,api:0,p:-1,c:-1) BufferQueue core=(230:/system/bin/surfaceflinger)
05-04 15:08:48.106664   230   230 D BufferQueueDump: [unnamed-230-560] this:0x7f9e628b40, value:0x7fce22b29c, iLen:6
05-04 15:08:48.106876   230   230 I BufferQueueConsumer: [unnamed-230-560](this:0x7f99953000,id:560,api:0,p:-1,c:230) connect(C): consumer=(230:/system/bin/surfaceflinger) controlledByApp=false
05-04 15:08:48.107012   230   230 D BufferQueueDump: [unnamed-230-560] this:0x7f9e628b40, value:0x7fce22b2bc, iLen:6
05-04 15:08:48.107071   230   230 I BufferQueueConsumer: [unnamed-230-560](this:0x7f99953000,id:560,api:0,p:-1,c:230) setConsumerName: unnamed-230-560
05-04 15:08:48.107177   230   230 D BufferQueueDump: [停止录制] this:0x7f9e628b40, value:0x7fce22b32c, iLen:6
05-04 15:08:48.107233   230   230 I BufferQueueConsumer: [停止录制](this:0x7f99953000,id:560,api:0,p:-1,c:230) setConsumerName: 停止录制
05-04 15:08:48.107345   230   230 I BufferQueueConsumer: [停止录制](this:0x7f99953000,id:560,api:0,p:-1,c:230) setDefaultBufferSize: width=1 height=1
05-04 15:08:48.110910   774   985 D InputReader: AP_PROF:AppLaunch_dispatchPtr:Up:12015128, ID:0, Index:1923489024
05-04 15:08:48.111041   774   985 I PerfService: PerfServiceNative_boostEnableTimeoutMsAsync:3, 100
05-04 15:08:48.118809   230   230 I BufferQueueConsumer: [停止录制](this:0x7f99953000,id:560,api:0,p:-1,c:230) setDefaultBufferSize: width=729 height=203
05-04 15:08:48.124992 25233 25233 D Surface : Surface::allocateBuffers(this=0x7f8a060c00)
05-04 15:08:48.125320 25233 25251 D OpenGLRenderer: CanvasContext() 0x7f84ee0800 initialize window=0x7f8a060c10, title=停止录制
05-04 15:08:48.125364   230  1026 D BufferQueueProducer: [](this:0x7f99953000,id:560,api:0,p:-1,c:230) allocateBuffers: allocating from 0 buffers up to 4 buffers
05-04 15:08:48.125392 25233 25251 D Surface : Surface::connect(this=0x7f8a060c00,api=1)
05-04 15:08:48.125839   230  1530 I BufferQueueProducer: [停止录制](this:0x7f99953000,id:560,api:1,p:25233,c:230) connect(P): api=1 producer=(25233:com.mediatek.mtklogger) producerControlledByApp=true
05-04 15:08:48.126529   230  1026 I [MALI][Gralloc]: [+]hnd(0x7f9e61e220), client(27), share_fd(31), hnd->flags:4
05-04 15:08:48.126616   230  1026 D GraphicBuffer: alloc, handle(0x7f9e61e220) (w:729 h:203 s:736 f:0x1 u:0x000900) err(0)
05-04 15:08:48.126666 25233 25251 W libEGL  : [ANDROID_RECORDABLE] format: 1
05-04 15:08:48.127541   230  1026 I [MALI][Gralloc]: [+]hnd(0x7f9e61e540), client(27), share_fd(36), hnd->flags:4
05-04 15:08:48.127619   230  1026 D GraphicBuffer: alloc, handle(0x7f9e61e540) (w:729 h:203 s:736 f:0x1 u:0x000900) err(0)
05-04 15:08:48.128529   230  1026 I [MALI][Gralloc]: [+]hnd(0x7f9e61e680), client(27), share_fd(50), hnd->flags:4
05-04 15:08:48.128610   230  1026 D GraphicBuffer: alloc, handle(0x7f9e61e680) (w:729 h:203 s:736 f:0x1 u:0x000900) err(0)
05-04 15:08:48.128625 25233 25251 D mali_winsys: new_window_surface returns 0x3000
05-04 15:08:48.129892   230  1026 I [MALI][Gralloc]: [+]hnd(0x7f9e61e900), client(27), share_fd(52), hnd->flags:4
05-04 15:08:48.130000   230  1026 D GraphicBuffer: alloc, handle(0x7f9e61e900) (w:729 h:203 s:736 f:0x1 u:0x000900) err(0)
05-04 15:08:48.130172   230  1026 D BufferQueueProducer: [停止录制](this:0x7f99953000,id:560,api:1,p:25233,c:230) allocateBuffers: allocating from 4 buffers up to 4 buffers
05-04 15:08:48.138286 26418 26418 D AEE/RTT_LIB: Rtt send req done
05-04 15:08:48.138274 26340 26340 D AEE/AED : p 1 poll events 1 revents 0
05-04 15:08:48.138429 26340 26340 D AEE/AED : not know revents:0
05-04 15:08:48.138475 26340 26340 D AEE/AED : p 2 poll events 1 revents 0
05-04 15:08:48.138517 26340 26340 D AEE/AED : not know revents:0
05-04 15:08:48.138560 26340 26340 D AEE/AED : p 3 poll events 1 revents 0
05-04 15:08:48.138600 26340 26340 D AEE/AED : not know revents:0
05-04 15:08:48.138644 26340 26340 D AEE/AED : p 4 poll events 1 revents 0
05-04 15:08:48.138685 26340 26340 D AEE/AED : not know revents:0
05-04 15:08:48.138733 26340 26340 D AEE/AED : p 5 poll events 0 revents 0
05-04 15:08:48.138776 26341 26341 D AEE/AED : $===AEE===AEE===AEE===$
05-04 15:08:48.138776 26340 26340 D AEE/AED : not know revents:0
05-04 15:08:48.138858 26341 26341 D AEE/AED : p 0 poll events 1 revents 1
05-04 15:08:48.138874 26340 26340 V AEE/AED : No exception handling or backtrace dumping now, aed quit 
05-04 15:08:48.139097 26341 26341 D AEE/AED : requesting from: pid=26418 cmd=0
05-04 15:08:48.139144 26341 26341 D AEE/AED : Got RTT_AEE_CHANGEMODE, mode(4), arg0(343)
05-04 15:08:48.139566 26418 26418 D AEE/RTT_LIB: Rtt waiting 64_daemon finish the job...
05-04 15:08:48.146913 25233 26422 D MTKLogger/MTKLoggerService:  mNativeStateHandler receive message, what=1, arg1=16, arg2=0
05-04 15:08:48.147135 25233 26422 D MTKLogger/MTKLoggerService: -->handleLogStateChangeMsg(), mCachedStartStopCmd = 23
05-04 15:08:48.147269 25233 26422 D MTKLogger/MTKLoggerService:  MSG_LOG_STATE_CHANGED, logType=16, result=0, reason=[]
05-04 15:08:48.147378 25233 26422 D MTKLogger/MTKLoggerService: Still waiting start/stop command response, mark it as finished.
05-04 15:08:48.210800 26424 26424 E AEE/RTT_LIB: Rtt command connect 64_socket fail: Connection refused
05-04 15:08:48.210930 26424 26424 E AEE/RTT_LIB: aee_exception_running_64: command failed
05-04 15:08:48.210979 26424 26424 E AEE/AED : init_aed_setting: Error: Can't get running exception 
05-04 15:08:48.213526 26424 26424 E AEE/LIBAEE: Can't remove file /sdcard/mtklog/aee_exp/temp: No such file or directory
05-04 15:08:48.213678 26424 26424 E AEE/LIBAEE: Can't remove file /data/aee_exp/temp: No such file or directory
05-04 15:08:48.213784 26424 26424 E AEE/LIBAEE: Can't remove file /storage/ext_sd/mtklog/aee_exp/temp: No such file or directory
05-04 15:08:48.253521 26428 26428 E         : mrdump_status_get: Signature mismatched
05-04 15:08:48.578615   234   534 E MAL-Daemon: rilproxy_cmd_resp_thread(): an unknown urc (1002)[void* rilproxy_cmd_resp_thread(void*), 800]: 
05-04 15:08:48.579251   234   534 E MAL-Daemon: rilproxy_cmd_resp_thread(): an unknown urc (3015)[void* rilproxy_cmd_resp_thread(void*), 800]: 
05-04 15:08:48.579911   234   536 E MAL-Daemon: rilproxy_task_hdl(), receive event = 803[void* rilproxy_task_hdl(task_ptr_t, event_ptr_t, void*), 439]: 
05-04 15:08:48.582213   234   534 E MAL-Daemon: rilproxy_cmd_resp_thread(): an unknown urc (3015)[void* rilproxy_cmd_resp_thread(void*), 800]: 
05-04 15:08:48.961075   774  1510 E WifiMonitor: handleEvent unknown: 14  CTRL-EVENT-SCAN-STARTED 
05-04 15:08:51.226057   774  1013 E WifiConfigStore: updateSavedNetworkHistory(): try "chunqiu"WPA_PSK SSID="chunqiu" chunqiu [WPA2-PSK-CCMP+TKIP][ESS] ajst=128
05-04 15:08:51.226525   774  1013 E WifiConfigStore:         got known scan result b0:c5:54:de:74:a4 key : "chunqiu"WPA_PSK num: 1 rssi=-57 freq=2417
05-04 15:08:51.229967   774  1013 E WifiConfigStore:  writeKnownNetworkHistory() num networks:1 needWrite=false
05-04 15:08:51.230077   774  1013 E WifiStateMachine: mIsFullScanOngoing: true, mSendScanResultsBroadcast: false
05-04 15:08:51.230135   774  1013 E WifiStateMachine: mWifiOnScanCount: 264
05-04 15:08:52.164035   344   371 E Netdiag :  At stop time, stop reason=.
05-04 15:08:52.164201   344   371 E Netdiag : [CommandListening] child 26416 terminated. Receive signal in commandlistening. Sub thread stop_reason=
05-04 15:08:52.164254   344   371 E Netdiag : kill tcpdump pid = 26330
05-04 15:08:52.166405   344   371 E Netdiag :  At stop time, stop reason=.
05-04 15:08:52.166496   344   371 E Netdiag : [CommandListening] child 26330 terminated. Receive signal in commandlistening. Sub thread stop_reason=
05-04 15:08:53.055818   234   532 E MAL-Daemon: [RDS-E][RU][EVENT_RU_DM_3GPP_STATUS_IND] Invalid u43gpp_status:0x6
05-04 15:08:53.055818   234   532 E MAL-Daemon: [rds_ru_3gpp_status_ind, 851]: 
05-04 15:08:53.201434   344   371 E Netdiag : tcpdump,26334
05-04 15:08:53.204004   344   371 E Netdiag : FD_CLR fd=6,index i:0
05-04 15:08:53.204164   344   371 E Netdiag : commandlistening unlock exit
05-04 15:08:53.655467 26446 26462 E MediaScanner: scanSingleFile: Not exist path=/storage/emulated/0/mtklog/netlog/NTLog_2016_0504_150823/tcpdump_NTLog_2016_0504_150823_start.cap.tmp
05-04 15:08:53.710428 26446 26462 E MediaScanner: scanSingleFile: Not exist path=/storage/emulated/0/mtklog/mdlog1/MDLog1_2016_0504_150823/BPLGUInfoCustomAppSrcP_MT6735_S00_MOLY_LR9_W1444_MD_LWTG_MP_V79_P9_1_lwg_n.tmp
05-04 15:08:53.744576 26446 26462 E MediaScanner: scanSingleFile: Not exist path=/storage/emulated/0/mtklog/mdlog1/MDLog1_2016_0504_150823/MDLog1_2016_0504_150823.muxz.tmp
05-04 15:09:02.265270   234   532 E MAL-Daemon: [RDS-E][RU][EVENT_RU_DM_3GPP_STATUS_IND] Invalid u43gpp_status:0x6
05-04 15:09:02.265270   234   532 E MAL-Daemon: [rds_ru_3gpp_status_ind, 851]: 
05-04 15:09:03.993388   774  1510 E WifiMonitor: handleEvent unknown: 14  CTRL-EVENT-SCAN-STARTED 
05-04 15:09:06.173410   774  1013 E WifiConfigStore: updateSavedNetworkHistory(): try "chunqiu"WPA_PSK SSID="chunqiu" chunqiu [WPA2-PSK-CCMP+TKIP][ESS] ajst=128
05-04 15:09:06.173833   774  1013 E WifiConfigStore:         got known scan result b0:c5:54:de:74:a4 key : "chunqiu"WPA_PSK num: 1 rssi=-53 freq=2417
05-04 15:09:06.177123   774  1013 E WifiConfigStore:  writeKnownNetworkHistory() num networks:1 needWrite=false
05-04 15:09:06.177322   774  1013 E WifiStateMachine: mIsFullScanOngoing: true, mSendScanResultsBroadcast: false
05-04 15:09:06.177413   774  1013 E WifiStateMachine: mWifiOnScanCount: 265
05-04 15:09:08.837015   774   812 E WifiStateMachine: syncGetLinkLayerStats called, stack: [Ljava.lang.StackTraceElement;@13a2a7b
05-04 15:09:08.860940  1684  1684 E NetworkScheduler.SchedulerReceiver: Invalid parameter app
05-04 15:09:08.861063  1684  1684 E NetworkScheduler.SchedulerReceiver: Invalid package name : Perhaps you didn't include a PendingIntent in the extras?
05-04 15:09:09.381087  1684  1684 E AuthorizationBluetoothService: Proximity feature is not enabled.
05-04 15:09:09.724174  1684  1684 E AuthorizationBluetoothService: Proximity feature is not enabled.
05-04 15:09:09.756157  1560  2778 E MDM     : [103] b.run: Couldn't connect to Google API client: ConnectionResult{statusCode=API_UNAVAILABLE, resolution=null}
05-04 15:09:09.766861  1560  2778 E MDM     : [103] b.run: Couldn't connect to Google API client: ConnectionResult{statusCode=API_UNAVAILABLE, resolution=null}
05-04 15:09:11.680620   234   532 E MAL-Daemon: [RDS-E][RU][EVENT_RU_DM_3GPP_STATUS_IND] Invalid u43gpp_status:0x6
05-04 15:09:11.680620   234   532 E MAL-Daemon: [rds_ru_3gpp_status_ind, 851]: 
05-04 15:09:13.014666   234   534 E MAL-Daemon: rilproxy_cmd_resp_thread(): an unknown urc (1002)[void* rilproxy_cmd_resp_thread(void*), 800]: 
05-04 15:09:13.015154   234   534 E MAL-Daemon: rilproxy_cmd_resp_thread(): an unknown urc (3015)[void* rilproxy_cmd_resp_thread(void*), 800]: 
05-04 15:09:13.018654   234   536 E MAL-Daemon: rilproxy_task_hdl(), receive event = 803[void* rilproxy_task_hdl(task_ptr_t, event_ptr_t, void*), 439]: 
05-04 15:09:13.025659   234   534 E MAL-Daemon: rilproxy_cmd_resp_thread(): an unknown urc (3015)[void* rilproxy_cmd_resp_thread(void*), 800]: 
05-04 15:09:19.003902   774  1510 E WifiMonitor: handleEvent unknown: 14  CTRL-EVENT-SCAN-STARTED 
05-04 15:09:21.207843   774  1013 E WifiConfigStore: updateSavedNetworkHistory(): try "chunqiu"WPA_PSK SSID="chunqiu" chunqiu [WPA2-PSK-CCMP+TKIP][ESS] ajst=128
05-04 15:09:21.209120   774  1013 E WifiConfigStore:         got known scan result b0:c5:54:de:74:a4 key : "chunqiu"WPA_PSK num: 1 rssi=-53 freq=2417
05-04 15:09:21.212898   774  1013 E WifiConfigStore:  writeKnownNetworkHistory() num networks:1 needWrite=false
05-04 15:09:21.213003   774  1013 E WifiStateMachine: mIsFullScanOngoing: true, mSendScanResultsBroadcast: false
05-04 15:09:21.213055   774  1013 E WifiStateMachine: mWifiOnScanCount: 266
05-04 15:09:22.690380   234   532 E MAL-Daemon: [RDS-E][RU][EVENT_RU_DM_3GPP_STATUS_IND] Invalid u43gpp_status:0x6
05-04 15:09:22.690380   234   532 E MAL-Daemon: [rds_ru_3gpp_status_ind, 851]: 
05-04 15:09:32.112753   234   532 E MAL-Daemon: [RDS-E][RU][EVENT_RU_DM_3GPP_STATUS_IND] Invalid u43gpp_status:0x6
05-04 15:09:32.112753   234   532 E MAL-Daemon: [rds_ru_3gpp_status_ind, 851]: 
05-04 15:09:34.009711   774  1510 E WifiMonitor: handleEvent unknown: 14  CTRL-EVENT-SCAN-STARTED 
05-04 15:09:36.197122   774  1013 E WifiConfigStore:  writeKnownNetworkHistory() num networks:1 needWrite=false
05-04 15:09:36.197237   774  1013 E WifiStateMachine: mIsFullScanOngoing: true, mSendScanResultsBroadcast: false
05-04 15:09:36.197289   774  1013 E WifiStateMachine: mWifiOnScanCount: 267
05-04 15:09:41.054257   234   532 E MAL-Daemon: [RDS-E][RU][EVENT_RU_DM_3GPP_STATUS_IND] Invalid u43gpp_status:0x6
05-04 15:09:41.054257   234   532 E MAL-Daemon: [rds_ru_3gpp_status_ind, 851]: 
05-04 15:09:49.014322   774  1510 E WifiMonitor: handleEvent unknown: 14  CTRL-EVENT-SCAN-STARTED 
05-04 15:09:50.468932   234   532 E MAL-Daemon: [RDS-E][RU][EVENT_RU_DM_3GPP_STATUS_IND] Invalid u43gpp_status:0x6
05-04 15:09:50.468932   234   532 E MAL-Daemon: [rds_ru_3gpp_status_ind, 851]: 
05-04 15:09:51.213732   774  1013 E WifiConfigStore: updateSavedNetworkHistory(): try "chunqiu"WPA_PSK SSID="chunqiu" chunqiu [WPA2-PSK-CCMP+TKIP][ESS] ajst=128
05-04 15:09:51.214032   774  1013 E WifiConfigStore:         got known scan result b0:c5:54:de:74:a4 key : "chunqiu"WPA_PSK num: 1 rssi=-59 freq=2417
05-04 15:09:51.218083   774  1013 E WifiConfigStore:  rewrite network history for "chunqiu"WPA_PSK
05-04 15:09:51.218183   774  1013 E WifiConfigStore:  writeKnownNetworkHistory() num networks:1 needWrite=true
05-04 15:09:51.219844   774  1013 E WifiStateMachine: mIsFullScanOngoing: true, mSendScanResultsBroadcast: false
05-04 15:09:51.219926   774  1013 E WifiStateMachine: mWifiOnScanCount: 268
05-04 15:09:51.227795   774 26515 E WifiConfigStore: saving network history: "chunqiu"WPA_PSK gw: b0:c5:54:de:74:a4 autojoin-status: 0 ephemeral=false choices:0 link:0 status:2 nid:0
05-04 15:09:51.227918   774 26515 E WifiConfigStore: writeKnownNetworkHistory write config "chunqiu"WPA_PSK
05-04 15:09:58.944706   234   532 E MAL-Daemon: [RDS-E][RU][EVENT_RU_DM_3GPP_STATUS_IND] Invalid u43gpp_status:0x6
05-04 15:09:58.944706   234   532 E MAL-Daemon: [rds_ru_3gpp_status_ind, 851]: 
05-04 15:10:04.026569   774  1510 E WifiMonitor: handleEvent unknown: 14  CTRL-EVENT-SCAN-STARTED 
05-04 15:10:06.287174   774  1013 E WifiConfigStore: updateSavedNetworkHistory(): try "chunqiu"WPA_PSK SSID="chunqiu" chunqiu [WPA2-PSK-CCMP+TKIP][ESS] ajst=0
05-04 15:10:06.287487   774  1013 E WifiConfigStore:         got known scan result b0:c5:54:de:74:a4 key : "chunqiu"WPA_PSK num: 1 rssi=-59 freq=2417
05-04 15:10:06.289393   774  1013 E WifiConfigStore:  writeKnownNetworkHistory() num networks:1 needWrite=false
05-04 15:10:06.289499   774  1013 E WifiStateMachine: mIsFullScanOngoing: true, mSendScanResultsBroadcast: false
05-04 15:10:06.289549   774  1013 E WifiStateMachine: mWifiOnScanCount: 269
05-04 15:10:06.304331   774  1013 E WifiConfigStore: saveWifiConfigBSSID Setting BSSID for "chunqiu"WPA_PSK to any
05-04 15:10:06.317570   774  1013 E WifiConfigStore: WifiConfigStore saveNetwork, size=1 SSID="chunqiu" Uid=1000/1000
05-04 15:10:06.317732   774  1013 E WifiConfigStore: addOrUpdateNetworkNative chunqiu
05-04 15:10:06.339599   774  1013 E WifiConfigStore: writeIpAndProxyConfigurationsOnChange: "chunqiu" -> "chunqiu" path: /data/misc/wifi/ipconfig.txt
05-04 15:10:06.339776   774  1013 E WifiConfigStore:  writeKnownNetworkHistory() num networks:1 needWrite=false
05-04 15:10:06.340018   774  1013 E WifiConfigStore: WifiConfigStore: saveNetwork got config back netId=0 uid=1000
05-04 15:10:06.358472   774  1013 E WifiConfigStore:  writeKnownNetworkHistory() num networks:1 needWrite=false
05-04 15:10:06.384218   774  1013 E WifiConfigStore: setLastSelectedConfiguration -1
05-04 15:10:06.387215   774  1013 E WifiConfigStore: Ignoring SSID re-enabled from supplicant:  "chunqiu"WPA_PSK had autoJoinStatus=0 self added false ephemeral false
05-04 15:10:06.401473   774   774 E WifiTrafficPoller: ENABLE_TRAFFIC_STATS_POLL false Token 153
05-04 15:10:06.401584   774   774 E WifiTrafficPoller: ENABLE_TRAFFIC_STATS_POLL false Token 154
05-04 15:10:06.455890   774   774 E WifiTrafficPoller: ENABLE_TRAFFIC_STATS_POLL false Token 155
05-04 15:10:06.477482   774  1510 E WifiMonitor: WifiMonitor notify network disconnect: null reason=0
05-04 15:10:06.480444   774   774 E WifiTrafficPoller: ENABLE_TRAFFIC_STATS_POLL false Token 156
05-04 15:10:06.484693   774  1013 E WifiStateMachine: Error! unhandled message{ when=-7ms what=147496 arg1=-1 obj=14 target=com.android.internal.util.StateMachine$SmHandler obj=14 }
05-04 15:10:06.486507   774  1013 E WifiConfigStore: SSID temp disabled for  "chunqiu"WPA_PSK had autoJoinStatus=0 self added false ephemeral false
05-04 15:10:06.486578   774  1013 E WifiConfigStore:  message=id=0 ssid="chunqiu" auth_failures=1 duration=10 reason=WRONG_KEY
05-04 15:10:06.494212   774   774 E WifiTrafficPoller: ENABLE_TRAFFIC_STATS_POLL false Token 157
05-04 15:10:07.416884   234   532 E MAL-Daemon: [RDS-E][RU][EVENT_RU_DM_3GPP_STATUS_IND] Invalid u43gpp_status:0x6
05-04 15:10:07.416884   234   532 E MAL-Daemon: [rds_ru_3gpp_status_ind, 851]: 
05-04 15:10:09.446761   774   836 E Sensors : handleToDriver handle(0)
05-04 15:10:09.572966   774   774 E WifiTrafficPoller: ENABLE_TRAFFIC_STATS_POLL false Token 158
05-04 15:10:09.580239   774  1013 E native  : do suspend true
05-04 15:10:13.961987   774  7249 E Tethering: updateConfiguration: wrong MCCMNC =null
05-04 15:10:41.166743   774   812 E WifiStateMachine: syncGetLinkLayerStats called, stack: [Ljava.lang.StackTraceElement;@3d2f185
05-04 15:17:41.146902   774   812 E WifiStateMachine: syncGetLinkLayerStats called, stack: [Ljava.lang.StackTraceElement;@23475fa
05-04 15:18:33.104348   774   812 E WifiStateMachine: syncGetLinkLayerStats called, stack: [Ljava.lang.StackTraceElement;@fde36f
05-04 15:22:09.597364   774  1013 E WifiConfigStore: setLastSelectedConfiguration -1
05-04 15:23:16.941750   774   812 E WifiStateMachine: syncGetLinkLayerStats called, stack: [Ljava.lang.StackTraceElement;@f40613c
05-04 15:23:17.014456   234   534 E MAL-Daemon: rilproxy_cmd_resp_thread(): an unknown urc (1002)[void* rilproxy_cmd_resp_thread(void*), 800]: 
05-04 15:23:17.038269   234   534 E MAL-Daemon: rilproxy_cmd_resp_thread(): an unknown urc (3033)[void* rilproxy_cmd_resp_thread(void*), 800]: 
05-04 15:23:17.038412   234   534 E MAL-Daemon: rilproxy_cmd_resp_thread(): an unknown urc (1037)[void* rilproxy_cmd_resp_thread(void*), 800]: 
05-04 15:23:17.063236   774   774 E WifiTrafficPoller: ENABLE_TRAFFIC_STATS_POLL false Token 159
05-04 15:23:17.085089   774  1013 E native  : do suspend false
05-04 15:23:17.111378   774  1013 E WifiStateMachine: DisconnectedState
05-04 15:23:17.253145   774   811 E Sensors : handleToDriver handle(0)
05-04 15:23:17.255328   774   811 E Sensors : handleToDriver handle(0)
05-04 15:23:17.255535   774   811 E Sensors : new setDelay handle(0),ns(66667000)m, error(-1), index(2)
05-04 15:23:17.255596   774   811 E Sensors : new setDelay handle(0),ns(66667000) err! go to hwmsen
05-04 15:23:17.617298   774  1510 E WifiMonitor: handleEvent unknown: 14  CTRL-EVENT-SCAN-STARTED 
05-04 15:23:17.618310   774   774 E WifiTrafficPoller: ENABLE_TRAFFIC_STATS_POLL false Token 160
05-04 15:23:19.964747   774  1013 E WifiConfigStore: updateSavedNetworkHistory(): try "chunqiu"WPA_PSK SSID="chunqiu" chunqiu [WPA2-PSK-CCMP+TKIP][ESS] ajst=0
05-04 15:23:19.965242   774  1013 E WifiConfigStore:         got known scan result b0:c5:54:de:74:a4 key : "chunqiu"WPA_PSK num: 1 rssi=-61 freq=2417
05-04 15:23:19.974418   774  1013 E WifiConfigStore:  writeKnownNetworkHistory() num networks:1 needWrite=false
05-04 15:23:19.974571   774  1013 E WifiStateMachine: mIsFullScanOngoing: true, mSendScanResultsBroadcast: false
05-04 15:23:19.974648   774  1013 E WifiStateMachine: mWifiOnScanCount: 270
05-04 15:23:19.983726   774  1013 E WifiConfigStore: saveWifiConfigBSSID Setting BSSID for "chunqiu"WPA_PSK to any
05-04 15:23:19.999341   774  1013 E WifiConfigStore: WifiConfigStore saveNetwork, size=1 SSID="chunqiu" Uid=1000/1000
05-04 15:23:19.999577   774  1013 E WifiConfigStore: addOrUpdateNetworkNative chunqiu
05-04 15:23:20.026085   774  1013 E WifiConfigStore: writeIpAndProxyConfigurationsOnChange: "chunqiu" -> "chunqiu" path: /data/misc/wifi/ipconfig.txt
05-04 15:23:20.026329   774  1013 E WifiConfigStore:  writeKnownNetworkHistory() num networks:1 needWrite=false
05-04 15:23:20.026615   774  1013 E WifiConfigStore: WifiConfigStore: saveNetwork got config back netId=0 uid=1000
05-04 15:23:20.043194   774  1013 E WifiConfigStore:  writeKnownNetworkHistory() num networks:1 needWrite=false
05-04 15:23:20.064193   774  1013 E WifiConfigStore: setLastSelectedConfiguration -1
05-04 15:23:20.067434   774  1013 E WifiConfigStore: Ignoring SSID re-enabled from supplicant:  "chunqiu"WPA_PSK had autoJoinStatus=0 self added false ephemeral false
05-04 15:23:20.076492   774   774 E WifiTrafficPoller: ENABLE_TRAFFIC_STATS_POLL false Token 161
05-04 15:23:20.076644   774   774 E WifiTrafficPoller: ENABLE_TRAFFIC_STATS_POLL false Token 162
05-04 15:23:20.131330   774   774 E WifiTrafficPoller: ENABLE_TRAFFIC_STATS_POLL false Token 163
05-04 15:23:20.138104   774   774 E WifiTrafficPoller: ENABLE_TRAFFIC_STATS_POLL false Token 164
05-04 15:23:20.143457   774  1510 E WifiMonitor: WifiMonitor notify network disconnect: null reason=0
05-04 15:23:20.147710   774  1013 E WifiStateMachine: Error! unhandled message{ when=-4ms what=147496 arg1=-1 obj=14 target=com.android.internal.util.StateMachine$SmHandler obj=14 }
05-04 15:23:20.149802   774  1013 E WifiConfigStore: SSID temp disabled for  "chunqiu"WPA_PSK had autoJoinStatus=0 self added false ephemeral false
05-04 15:23:20.149940   774  1013 E WifiConfigStore:  message=id=0 ssid="chunqiu" auth_failures=1 duration=10 reason=WRONG_KEY
05-04 15:23:20.153333   774   774 E WifiTrafficPoller: ENABLE_TRAFFIC_STATS_POLL false Token 165
05-04 15:23:20.156086   774  1013 E WifiConfigStore: disableNetwork netId=0 SSID="chunqiu" disabled=false reason=3
05-04 15:23:20.156168   774  1013 E WifiConfigStore: disableNetwork by DISABLED_AUTH_FAILURE set autojoin status
05-04 15:23:20.160886   774  1013 E WifiStateMachine: DisconnectedState
05-04 15:23:22.706342 25233 25233 E MultiWindowProxy: getServiceInstance failed!
05-04 15:23:22.744870   774 13787 E Tethering: updateConfiguration: wrong MCCMNC =null
05-04 15:23:23.014707   234   532 E MAL-Daemon: [RDS-E][RU][EVENT_RU_DM_3GPP_STATUS_IND] Invalid u43gpp_status:0x6
05-04 15:23:23.014707   234   532 E MAL-Daemon: [rds_ru_3gpp_status_ind, 851]: 
05-04 15:23:23.152392 26607 26607 E MPlugin : Unsupported class: com.mediatek.common.telephony.IOnlyOwnerSimSupport
05-04 15:23:24.068850   340   831 E AudioALSAPlaybackHandlerBase: openPcmDriver(), pcm_start(0xead18a40) fail due to cannot start channel: Broken pipe
05-04 15:23:24.088339   774 13787 E Tethering: updateConfiguration: wrong MCCMNC =null
05-04 15:23:24.197264 25233 25233 E MultiWindowProxy: getServiceInstance failed!
05-04 15:23:24.304853   340   831 E AudioFlinger: getNextBuffer, get null buffer
05-04 15:23:25.894685  1615  1615 E MultiWindowProxy: getServiceInstance failed!
05-04 15:23:26.813818   774 23363 E Tethering: updateConfiguration: wrong MCCMNC =null
05-04 15:23:27.622632 26036 26036 E MultiWindowProxy: getServiceInstance failed!
05-04 15:23:31.077616   774  1510 E WifiMonitor: handleEvent unknown: 14  CTRL-EVENT-SCAN-STARTED 
05-04 15:23:31.078975   774   774 E WifiTrafficPoller: ENABLE_TRAFFIC_STATS_POLL false Token 166
05-04 15:23:32.429949   234   532 E MAL-Daemon: [RDS-E][RU][EVENT_RU_DM_3GPP_STATUS_IND] Invalid u43gpp_status:0x6
05-04 15:23:32.429949   234   532 E MAL-Daemon: [rds_ru_3gpp_status_ind, 851]: 
05-04 15:23:33.415343   774  1013 E WifiConfigStore: updateSavedNetworkHistory(): try "chunqiu"WPA_PSK SSID="chunqiu" chunqiu [WPA2-PSK-CCMP+TKIP][ESS] ajst=128
05-04 15:23:33.415691   774  1013 E WifiConfigStore:         got known scan result b0:c5:54:de:74:a4 key : "chunqiu"WPA_PSK num: 1 rssi=-57 freq=2417
05-04 15:23:33.422741   774  1013 E WifiConfigStore:  rewrite network history for "chunqiu"WPA_PSK
05-04 15:23:33.422838   774  1013 E WifiConfigStore:  writeKnownNetworkHistory() num networks:1 needWrite=true
05-04 15:23:33.424651   774  1013 E WifiStateMachine: mIsFullScanOngoing: true, mSendScanResultsBroadcast: false
05-04 15:23:33.424739   774  1013 E WifiStateMachine: mWifiOnScanCount: 271
05-04 15:23:33.432645   774 26681 E WifiConfigStore: saving network history: "chunqiu"WPA_PSK gw: b0:c5:54:de:74:a4 autojoin-status: 128 ephemeral=false choices:0 link:0 status:1 nid:0
05-04 15:23:33.432771   774 26681 E WifiConfigStore: writeKnownNetworkHistory write config "chunqiu"WPA_PSK
05-04 15:23:35.508643   774   812 E WifiStateMachine: syncGetLinkLayerStats called, stack: [Ljava.lang.StackTraceElement;@433d411
05-04 15:23:35.546049  1684  1684 E NetworkScheduler.SchedulerReceiver: Invalid parameter app
05-04 15:23:35.546145  1684  1684 E NetworkScheduler.SchedulerReceiver: Invalid package name : Perhaps you didn't include a PendingIntent in the extras?
05-04 15:23:36.050459  1684  1684 E AuthorizationBluetoothService: Proximity feature is not enabled.
05-04 15:23:36.469290  1684  1684 E AuthorizationBluetoothService: Proximity feature is not enabled.
05-04 15:23:36.501305  1560  2861 E MDM     : [106] b.run: Couldn't connect to Google API client: ConnectionResult{statusCode=API_UNAVAILABLE, resolution=null}
05-04 15:23:36.513983  1560  2861 E MDM     : [106] b.run: Couldn't connect to Google API client: ConnectionResult{statusCode=API_UNAVAILABLE, resolution=null}
05-04 15:23:39.978340   234   532 E MAL-Daemon: [RDS-E][RU][EVENT_RU_DM_3GPP_STATUS_IND] Invalid u43gpp_status:0x6
05-04 15:23:39.978340   234   532 E MAL-Daemon: [rds_ru_3gpp_status_ind, 851]: 
05-04 15:23:46.103523   774  1510 E WifiMonitor: handleEvent unknown: 14  CTRL-EVENT-SCAN-STARTED 
05-04 15:23:48.386292   774  1013 E WifiConfigStore: updateSavedNetworkHistory(): try "chunqiu"WPA_PSK SSID="chunqiu" chunqiu [WPA2-PSK-CCMP+TKIP][ESS] ajst=128
05-04 15:23:48.386622   774  1013 E WifiConfigStore:         got known scan result b0:c5:54:de:74:a4 key : "chunqiu"WPA_PSK num: 1 rssi=-57 freq=2417
05-04 15:23:48.392672   774  1013 E WifiConfigStore:  writeKnownNetworkHistory() num networks:1 needWrite=false
05-04 15:23:48.392790   774  1013 E WifiStateMachine: mIsFullScanOngoing: true, mSendScanResultsBroadcast: false
05-04 15:23:48.392843   774  1013 E WifiStateMachine: mWifiOnScanCount: 272
05-04 15:23:48.448499   234   532 E MAL-Daemon: [RDS-E][RU][EVENT_RU_DM_3GPP_STATUS_IND] Invalid u43gpp_status:0x6
05-04 15:23:48.448499   234   532 E MAL-Daemon: [rds_ru_3gpp_status_ind, 851]: 
05-04 15:23:56.918507   234   532 E MAL-Daemon: [RDS-E][RU][EVENT_RU_DM_3GPP_STATUS_IND] Invalid u43gpp_status:0x6
05-04 15:23:56.918507   234   532 E MAL-Daemon: [rds_ru_3gpp_status_ind, 851]: 
05-04 15:24:01.111126   774  1510 E WifiMonitor: handleEvent unknown: 14  CTRL-EVENT-SCAN-STARTED 
05-04 15:24:03.360193   774  1013 E WifiConfigStore: updateSavedNetworkHistory(): try "chunqiu"WPA_PSK SSID="chunqiu" chunqiu [WPA2-PSK-CCMP+TKIP][ESS] ajst=128
05-04 15:24:03.360793   774  1013 E WifiConfigStore:         got known scan result b0:c5:54:de:74:a4 key : "chunqiu"WPA_PSK num: 1 rssi=-58 freq=2417
05-04 15:24:03.363281   774  1013 E WifiConfigStore:  writeKnownNetworkHistory() num networks:1 needWrite=false
05-04 15:24:03.363421   774  1013 E WifiStateMachine: mIsFullScanOngoing: true, mSendScanResultsBroadcast: false
05-04 15:24:03.363477   774  1013 E WifiStateMachine: mWifiOnScanCount: 273
05-04 15:24:12.925488   234   532 E MAL-Daemon: [RDS-E][RU][EVENT_RU_DM_3GPP_STATUS_IND] Invalid u43gpp_status:0x6
05-04 15:24:12.925488   234   532 E MAL-Daemon: [rds_ru_3gpp_status_ind, 851]: 
05-04 15:24:16.113641   774  1510 E WifiMonitor: handleEvent unknown: 14  CTRL-EVENT-SCAN-STARTED 
05-04 15:24:18.340238   774  1013 E WifiConfigStore: updateSavedNetworkHistory(): try "chunqiu"WPA_PSK SSID="chunqiu" chunqiu [WPA2-PSK-CCMP+TKIP][ESS] ajst=128
05-04 15:24:18.340522   774  1013 E WifiConfigStore:         got known scan result b0:c5:54:de:74:a4 key : "chunqiu"WPA_PSK num: 1 rssi=-57 freq=2417
05-04 15:24:18.343100   774  1013 E WifiConfigStore:  writeKnownNetworkHistory() num networks:1 needWrite=false
05-04 15:24:18.343185   774  1013 E WifiStateMachine: mIsFullScanOngoing: true, mSendScanResultsBroadcast: false
05-04 15:24:18.343236   774  1013 E WifiStateMachine: mWifiOnScanCount: 274
05-04 15:24:21.398570   234   532 E MAL-Daemon: [RDS-E][RU][EVENT_RU_DM_3GPP_STATUS_IND] Invalid u43gpp_status:0x6
05-04 15:24:21.398570   234   532 E MAL-Daemon: [rds_ru_3gpp_status_ind, 851]: 
05-04 15:24:31.124485   774  1510 E WifiMonitor: handleEvent unknown: 14  CTRL-EVENT-SCAN-STARTED 
05-04 15:24:33.363191   774  1013 E WifiConfigStore: updateSavedNetworkHistory(): try "chunqiu"WPA_PSK SSID="chunqiu" chunqiu [WPA2-PSK-CCMP+TKIP][ESS] ajst=128
05-04 15:24:33.363504   774  1013 E WifiConfigStore:         got known scan result b0:c5:54:de:74:a4 key : "chunqiu"WPA_PSK num: 1 rssi=-57 freq=2417
05-04 15:24:33.365995   774  1013 E WifiConfigStore:  writeKnownNetworkHistory() num networks:1 needWrite=false
05-04 15:24:33.366147   774  1013 E WifiStateMachine: mIsFullScanOngoing: true, mSendScanResultsBroadcast: false
05-04 15:24:33.366201   774  1013 E WifiStateMachine: mWifiOnScanCount: 275
05-04 15:24:36.090437   774   836 E Sensors : handleToDriver handle(0)
05-04 15:24:36.222579   774   774 E WifiTrafficPoller: ENABLE_TRAFFIC_STATS_POLL false Token 167
05-04 15:24:36.229540   774  1013 E native  : do suspend true
05-04 15:24:40.679198   774  1613 E Tethering: updateConfiguration: wrong MCCMNC =null
05-04 15:24:47.839178   774   812 E WifiStateMachine: syncGetLinkLayerStats called, stack: [Ljava.lang.StackTraceElement;@1e3b2ff
05-04 15:31:47.826979   774   812 E WifiStateMachine: syncGetLinkLayerStats called, stack: [Ljava.lang.StackTraceElement;@e23bdb5
05-04 15:36:36.248305   774  1013 E WifiConfigStore: setLastSelectedConfiguration -1
05-04 15:36:36.256878   774   774 E WifiTrafficPoller: ENABLE_TRAFFIC_STATS_POLL false Token 168
05-04 15:36:36.261668   774   774 E WifiTrafficPoller: ENABLE_TRAFFIC_STATS_POLL false Token 169
05-04 15:37:47.847248   774   812 E WifiStateMachine: syncGetLinkLayerStats called, stack: [Ljava.lang.StackTraceElement;@e7357e5
05-04 15:43:47.837076   774   812 E WifiStateMachine: syncGetLinkLayerStats called, stack: [Ljava.lang.StackTraceElement;@5bf8e15
05-04 15:44:37.409669   774   812 E WifiStateMachine: syncGetLinkLayerStats called, stack: [Ljava.lang.StackTraceElement;@429e6c9
05-04 15:44:37.494861   774   774 E WifiTrafficPoller: ENABLE_TRAFFIC_STATS_POLL false Token 170
05-04 15:44:37.500192   234   534 E MAL-Daemon: rilproxy_cmd_resp_thread(): an unknown urc (1002)[void* rilproxy_cmd_resp_thread(void*), 800]: 
05-04 15:44:37.514160   234   534 E MAL-Daemon: rilproxy_cmd_resp_thread(): an unknown urc (3033)[void* rilproxy_cmd_resp_thread(void*), 800]: 
05-04 15:44:37.514810   234   534 E MAL-Daemon: rilproxy_cmd_resp_thread(): an unknown urc (1037)[void* rilproxy_cmd_resp_thread(void*), 800]: 
05-04 15:44:37.577648   774  1013 E native  : do suspend false
05-04 15:44:37.600346   774  1013 E WifiStateMachine: DisconnectedState
05-04 15:44:37.603883   774  1013 E WifiConfigStore: Ignoring SSID re-enabled from supplicant:  "chunqiu"WPA_PSK had autoJoinStatus=0 self added false ephemeral false
05-04 15:44:37.652621   774   811 E Sensors : handleToDriver handle(0)
05-04 15:44:37.659873   774   811 E Sensors : handleToDriver handle(0)
05-04 15:44:37.660185   774   811 E Sensors : new setDelay handle(0),ns(66667000)m, error(-1), index(2)
05-04 15:44:37.661608   774   811 E Sensors : new setDelay handle(0),ns(66667000) err! go to hwmsen
05-04 15:44:37.863138   234   532 E MAL-Daemon: [RDS-E][RU][EVENT_RU_DM_3GPP_STATUS_IND] Invalid u43gpp_status:0x6
05-04 15:44:37.863138   234   532 E MAL-Daemon: [rds_ru_3gpp_status_ind, 851]: 
05-04 15:44:38.118395   774   774 E WifiTrafficPoller: ENABLE_TRAFFIC_STATS_POLL false Token 171
05-04 15:44:38.122857   774  1510 E WifiMonitor: handleEvent unknown: 14  CTRL-EVENT-SCAN-STARTED 
05-04 15:44:38.820708   234   534 E MAL-Daemon: rilproxy_cmd_resp_thread(): an unknown urc (1002)[void* rilproxy_cmd_resp_thread(void*), 800]: 
05-04 15:44:38.822510   234   534 E MAL-Daemon: rilproxy_cmd_resp_thread(): an unknown urc (3015)[void* rilproxy_cmd_resp_thread(void*), 800]: 
05-04 15:44:38.824085   234   536 E MAL-Daemon: rilproxy_task_hdl(), receive event = 803[void* rilproxy_task_hdl(task_ptr_t, event_ptr_t, void*), 439]: 
05-04 15:44:38.830227   234   534 E MAL-Daemon: rilproxy_cmd_resp_thread(): an unknown urc (3015)[void* rilproxy_cmd_resp_thread(void*), 800]: 
05-04 15:44:40.330366   774  1013 E WifiConfigStore:  rewrite network history for "chunqiu"WPA_PSK
05-04 15:44:40.330494   774  1013 E WifiConfigStore:  writeKnownNetworkHistory() num networks:1 needWrite=true
05-04 15:44:40.332568   774  1013 E WifiStateMachine: mIsFullScanOngoing: true, mSendScanResultsBroadcast: false
05-04 15:44:40.332727   774  1013 E WifiStateMachine: mWifiOnScanCount: 276
05-04 15:44:40.333260   774 26837 E WifiConfigStore: saving network history: "chunqiu"WPA_PSK gw: b0:c5:54:de:74:a4 autojoin-status: 0 ephemeral=false choices:0 link:0 status:2 nid:0
05-04 15:44:40.333374   774 26837 E WifiConfigStore: writeKnownNetworkHistory write config "chunqiu"WPA_PSK
05-04 15:44:48.971722   234   532 E MAL-Daemon: [RDS-E][RU][EVENT_RU_DM_3GPP_STATUS_IND] Invalid u43gpp_status:0x6
05-04 15:44:48.971722   234   532 E MAL-Daemon: [rds_ru_3gpp_status_ind, 851]: 
05-04 15:44:53.133202   774  1510 E WifiMonitor: handleEvent unknown: 14  CTRL-EVENT-SCAN-STARTED 
05-04 15:44:55.189193   774  1013 E WifiConfigStore:  writeKnownNetworkHistory() num networks:1 needWrite=false
05-04 15:44:55.189321   774  1013 E WifiStateMachine: mIsFullScanOngoing: true, mSendScanResultsBroadcast: false
05-04 15:44:55.189380   774  1013 E WifiStateMachine: mWifiOnScanCount: 277
05-04 15:44:58.388611   234   532 E MAL-Daemon: [RDS-E][RU][EVENT_RU_DM_3GPP_STATUS_IND] Invalid u43gpp_status:0x6
05-04 15:44:58.388611   234   532 E MAL-Daemon: [rds_ru_3gpp_status_ind, 851]: 
05-04 15:44:58.689762   774   836 E Sensors : handleToDriver handle(0)
05-04 15:44:58.811903  1081  1427 E KeyguardViewMediator: resetStateLocked
05-04 15:44:58.818033   774   774 E WifiTrafficPoller: ENABLE_TRAFFIC_STATS_POLL false Token 172
05-04 15:44:58.829567   774  1013 E native  : do suspend true
05-04 15:45:23.014022   235   235 E ccci_fsd(1): Failed to read from FS device (-1) !! errno = 4
05-04 15:45:23.039941  1675  1776 E VoLTE IMCB: RECEIVE error code: EINTR, Need to retry
05-04 15:45:48.012533  1675  1776 E VoLTE IMCB: RECEIVE error code: EINTR, Need to retry
05-04 15:45:48.012850   235   235 E ccci_fsd(1): Failed to read from FS device (-1) !! errno = 4
05-04 15:46:07.010632   235   235 E ccci_fsd(1): Failed to read from FS device (-1) !! errno = 4
05-04 15:46:07.017270  1675  1776 E VoLTE IMCB: RECEIVE error code: EINTR, Need to retry
05-04 15:46:32.013343   235   235 E ccci_fsd(1): Failed to read from FS device (-1) !! errno = 4
05-04 15:46:32.016359  1675  1776 E VoLTE IMCB: RECEIVE error code: EINTR, Need to retry
05-04 15:47:09.013299   235   235 E ccci_fsd(1): Failed to read from FS device (-1) !! errno = 4
05-04 15:47:09.015424  1675  1776 E VoLTE IMCB: RECEIVE error code: EINTR, Need to retry
05-04 15:47:30.012323   235   235 E ccci_fsd(1): Failed to read from FS device (-1) !! errno = 4
05-04 15:47:30.013898  1675  1776 E VoLTE IMCB: RECEIVE error code: EINTR, Need to retry
05-04 15:47:49.015293   235   235 E ccci_fsd(1): Failed to read from FS device (-1) !! errno = 4
05-04 15:47:49.018577  1675  1776 E VoLTE IMCB: RECEIVE error code: EINTR, Need to retry
05-04 15:48:03.010361   235   235 E ccci_fsd(1): Failed to read from FS device (-1) !! errno = 4
05-04 15:48:03.014362  1675  1776 E VoLTE IMCB: RECEIVE error code: EINTR, Need to retry
05-04 15:48:55.010282   235   235 E ccci_fsd(1): Failed to read from FS device (-1) !! errno = 4
05-04 15:48:55.012860  1675  1776 E VoLTE IMCB: RECEIVE error code: EINTR, Need to retry
05-04 15:48:55.420637   774   812 E WifiStateMachine: syncGetLinkLayerStats called, stack: [Ljava.lang.StackTraceElement;@7cb32a7
05-04 15:48:55.438299  1684  1684 E NetworkScheduler.SchedulerReceiver: Invalid parameter app
05-04 15:48:55.438420  1684  1684 E NetworkScheduler.SchedulerReceiver: Invalid package name : Perhaps you didn't include a PendingIntent in the extras?
05-04 15:48:55.460797   774   774 E WifiTrafficPoller: ENABLE_TRAFFIC_STATS_POLL false Token 173
05-04 15:48:55.485507   774  1013 E native  : do suspend false
05-04 15:48:55.537071   234   534 E MAL-Daemon: rilproxy_cmd_resp_thread(): an unknown urc (1002)[void* rilproxy_cmd_resp_thread(void*), 800]: 
05-04 15:48:55.539762   234   534 E MAL-Daemon: rilproxy_cmd_resp_thread(): an unknown urc (3033)[void* rilproxy_cmd_resp_thread(void*), 800]: 
05-04 15:48:55.540423   234   534 E MAL-Daemon: rilproxy_cmd_resp_thread(): an unknown urc (1037)[void* rilproxy_cmd_resp_thread(void*), 800]: 
05-04 15:48:55.625934   774   811 E Sensors : handleToDriver handle(0)
