05-04 15:08:39.007654 26372 26372 D FileManager: FileInfo, getShowPath...
05-04 15:08:39.007785 26372 26372 D FileManager: MountPointManager, getDescriptionPath ,path =/storage/emulated/0/360Download
05-04 15:08:39.007983 26372 26372 D FileManager: FileInfo, getShowName, name = 360Download
05-04 15:08:39.008260 26372 26372 D FileManager: MountPointManager, isMountPoint ,path =/storage/emulated/0/360Download
05-04 15:08:39.008404 26372 26372 D FileManager: MountPointManager, isMountPoint ,ret =false
05-04 15:08:39.008571 26372 26372 D FileManager: MountPointManager, getRealMountPointPath ,path =/storage/emulated/0/360Download
05-04 15:08:39.008719 26372 26372 D FileManager: MountPointManager, getRealMountPointPath = /storage/emulated/0
05-04 15:08:39.008841 26372 26372 D FileManager: MountPointManager, isExternalMountPath ,path =/storage/emulated/0
05-04 15:08:39.008969 26372 26372 D FileManager: MountPointManager, isExternalFile,ret = false
05-04 15:08:39.009087 26372 26372 D FileManager: IconManager, getIcon,isExternal =false
05-04 15:08:39.009213 26372 26372 D FileManager: MountPointManager, isInternalMountPath ,path =/storage/emulated/0/360Download
05-04 15:08:39.009341 26372 26372 D FileManager: MountPointManager, isExternalMountPath ,path =/storage/emulated/0/360Download
05-04 15:08:39.012371 26372 26372 D FileManager: FileInfoAdapter, getView, pos = 2,mMode = 0
05-04 15:08:39.015714 26372 26372 D FileManager: FileInfo, getShowName...
05-04 15:08:39.015910 26372 26372 D FileManager: FileInfo, getShowPath...
05-04 15:08:39.016064 26372 26372 D FileManager: MountPointManager, getDescriptionPath ,path =/storage/emulated/0/360Log
05-04 15:08:39.016317 26372 26372 D FileManager: FileInfo, getShowName, name = 360Log
05-04 15:08:39.016739 26372 26372 D FileManager: MountPointManager, isMountPoint ,path =/storage/emulated/0/360Log
05-04 15:08:39.016930 26372 26372 D FileManager: MountPointManager, isMountPoint ,ret =false
05-04 15:08:39.017133 26372 26372 D FileManager: MountPointManager, getRealMountPointPath ,path =/storage/emulated/0/360Log
05-04 15:08:39.017309 26372 26372 D FileManager: MountPointManager, getRealMountPointPath = /storage/emulated/0
05-04 15:08:39.017441 26372 26372 D FileManager: MountPointManager, isExternalMountPath ,path =/storage/emulated/0
05-04 15:08:39.017580 26372 26372 D FileManager: MountPointManager, isExternalFile,ret = false
05-04 15:08:39.017698 26372 26372 D FileManager: IconManager, getIcon,isExternal =false
05-04 15:08:39.017824 26372 26372 D FileManager: MountPointManager, isInternalMountPath ,path =/storage/emulated/0/360Log
05-04 15:08:39.017955 26372 26372 D FileManager: MountPointManager, isExternalMountPath ,path =/storage/emulated/0/360Log
05-04 15:08:39.020161 26372 26372 D FileManager: FileInfoAdapter, getView, pos = 3,mMode = 0
05-04 15:08:39.023627 26372 26372 D FileManager: FileInfo, getShowName...
05-04 15:08:39.023822 26372 26372 D FileManager: FileInfo, getShowPath...
05-04 15:08:39.023954 26372 26372 D FileManager: MountPointManager, getDescriptionPath ,path =/storage/emulated/0/Alarms
05-04 15:08:39.024166 26372 26372 D FileManager: FileInfo, getShowName, name = Alarms
05-04 15:08:39.024484 26372 26372 D FileManager: MountPointManager, isMountPoint ,path =/storage/emulated/0/Alarms
05-04 15:08:39.024632 26372 26372 D FileManager: MountPointManager, isMountPoint ,ret =false
05-04 15:08:39.024809 26372 26372 D FileManager: MountPointManager, getRealMountPointPath ,path =/storage/emulated/0/Alarms
05-04 15:08:39.024956 26372 26372 D FileManager: MountPointManager, getRealMountPointPath = /storage/emulated/0
05-04 15:08:39.025085 26372 26372 D FileManager: MountPointManager, isExternalMountPath ,path =/storage/emulated/0
05-04 15:08:39.025213 26372 26372 D FileManager: MountPointManager, isExternalFile,ret = false
05-04 15:08:39.025333 26372 26372 D FileManager: IconManager, getIcon,isExternal =false
05-04 15:08:39.025474 26372 26372 D FileManager: MountPointManager, isInternalMountPath ,path =/storage/emulated/0/Alarms
05-04 15:08:39.025613 26372 26372 D FileManager: MountPointManager, isExternalMountPath ,path =/storage/emulated/0/Alarms
05-04 15:08:39.027942 26372 26372 D FileManager: FileInfoAdapter, getView, pos = 4,mMode = 0
05-04 15:08:39.031085 26372 26372 D FileManager: FileInfo, getShowName...
05-04 15:08:39.031282 26372 26372 D FileManager: FileInfo, getShowPath...
05-04 15:08:39.031432 26372 26372 D FileManager: MountPointManager, getDescriptionPath ,path =/storage/emulated/0/Android
05-04 15:08:39.031620 26372 26372 D FileManager: FileInfo, getShowName, name = Android
05-04 15:08:39.032329 26372 26372 D FileManager: MountPointManager, isMountPoint ,path =/storage/emulated/0/Android
05-04 15:08:39.032552 26372 26372 D FileManager: MountPointManager, isMountPoint ,ret =false
05-04 15:08:39.032884 26372 26372 D FileManager: MountPointManager, getRealMountPointPath ,path =/storage/emulated/0/Android
05-04 15:08:39.033083 26372 26372 D FileManager: MountPointManager, getRealMountPointPath = /storage/emulated/0
05-04 15:08:39.033287 26372 26372 D FileManager: MountPointManager, isExternalMountPath ,path =/storage/emulated/0
05-04 15:08:39.033306   774   824 D Surface : Surface::disconnect(this=0x7f7020e800,api=2)
05-04 15:08:39.033441 26372 26372 D FileManager: MountPointManager, isExternalFile,ret = false
05-04 15:08:39.033543   230   258 I BufferQueueProducer: [Starting com.mediatek.filemanager](this:0x7f99954400,id:556,api:2,p:-1,c:230) disconnect(P): api 2
05-04 15:08:39.033595 26372 26372 D FileManager: IconManager, getIcon,isExternal =false
05-04 15:08:39.033779 26372 26372 D FileManager: MountPointManager, isInternalMountPath ,path =/storage/emulated/0/Android
05-04 15:08:39.033915 26372 26372 D FileManager: MountPointManager, isExternalMountPath ,path =/storage/emulated/0/Android
05-04 15:08:39.033935   230   258 I BufferQueueConsumer: [Starting com.mediatek.filemanager](this:0x7f99954400,id:556,api:2,p:-1,c:230) getReleasedBuffers: returning mask 0xffffffffffffffff
05-04 15:08:39.034190   774   824 D GraphicBuffer: unregister, handle(0x7f6c00c7a0) (w:768 h:1366 s:768 f:0x1 u:0x000933)
05-04 15:08:39.035389   774   824 I [MALI][Gralloc]: [-]r_hnd(0x7f6c00c7a0), client(96), share_fd(218)
05-04 15:08:39.036274 26372 26372 D FileManager: FileInfoAdapter, getView, pos = 5,mMode = 0
05-04 15:08:39.039854 26372 26372 D FileManager: FileInfo, getShowName...
05-04 15:08:39.040021 26372 26372 D FileManager: FileInfo, getShowPath...
05-04 15:08:39.040146 26372 26372 D FileManager: MountPointManager, getDescriptionPath ,path =/storage/emulated/0/DCIM
05-04 15:08:39.040316 26372 26372 D FileManager: FileInfo, getShowName, name = DCIM
05-04 15:08:39.040556 26372 26372 D FileManager: MountPointManager, isMountPoint ,path =/storage/emulated/0/DCIM
05-04 15:08:39.040693 26372 26372 D FileManager: MountPointManager, isMountPoint ,ret =false
05-04 15:08:39.040846 26372 26372 D FileManager: MountPointManager, getRealMountPointPath ,path =/storage/emulated/0/DCIM
05-04 15:08:39.040992 26372 26372 D FileManager: MountPointManager, getRealMountPointPath = /storage/emulated/0
05-04 15:08:39.041117 26372 26372 D FileManager: MountPointManager, isExternalMountPath ,path =/storage/emulated/0
05-04 15:08:39.041241 26372 26372 D FileManager: MountPointManager, isExternalFile,ret = false
05-04 15:08:39.041363 26372 26372 D FileManager: IconManager, getIcon,isExternal =false
05-04 15:08:39.041488 26372 26372 D FileManager: MountPointManager, isInternalMountPath ,path =/storage/emulated/0/DCIM
05-04 15:08:39.041616 26372 26372 D FileManager: MountPointManager, isExternalMountPath ,path =/storage/emulated/0/DCIM
05-04 15:08:39.043488 26372 26372 D FileManager: FileInfoAdapter, getView, pos = 6,mMode = 0
05-04 15:08:39.046113 26372 26372 D FileManager: FileInfo, getShowName...
05-04 15:08:39.046278 26372 26372 D FileManager: FileInfo, getShowPath...
05-04 15:08:39.046441 26372 26372 D FileManager: MountPointManager, getDescriptionPath ,path =/storage/emulated/0/ddr3_freq
05-04 15:08:39.046607 26372 26372 D FileManager: FileInfo, getShowName, name = ddr3_freq
05-04 15:08:39.046943 26372 26372 D FileManager: MountPointManager, isMountPoint ,path =/storage/emulated/0/ddr3_freq
05-04 15:08:39.047096   230   230 I BufferQueueConsumer: [Starting com.mediatek.filemanager](this:0x7f99954400,id:556,api:2,p:-1,c:-1) disconnect(C)
05-04 15:08:39.047165 26372 26372 D FileManager: MountPointManager, isMountPoint ,ret =false
05-04 15:08:39.047351 26372 26372 D FileManager: MountPointManager, getRealMountPointPath ,path =/storage/emulated/0/ddr3_freq
05-04 15:08:39.047507 26372 26372 D FileManager: MountPointManager, getRealMountPointPath = /storage/emulated/0
05-04 15:08:39.047628 26372 26372 D FileManager: MountPointManager, isExternalMountPath ,path =/storage/emulated/0
05-04 15:08:39.047759 26372 26372 D FileManager: MountPointManager, isExternalFile,ret = false
05-04 15:08:39.047880 26372 26372 D FileManager: IconManager, getIcon,isExternal =false
05-04 15:08:39.047906   230   230 I BufferQueue: [Starting com.mediatek.filemanager](this:0x7f99954400,id:556,api:2,p:-1,c:-1) ~BufferQueueCore
05-04 15:08:39.048008 26372 26372 D FileManager: MountPointManager, isInternalMountPath ,path =/storage/emulated/0/ddr3_freq
05-04 15:08:39.048149 26372 26372 D FileManager: MountPointManager, isExternalMountPath ,path =/storage/emulated/0/ddr3_freq
05-04 15:08:39.048258   230   230 D GraphicBuffer: free, handle(0x7f9e1490a0) (w:768 h:1366 s:768 f:0x1 u:0x000933)
05-04 15:08:39.048416   230   230 I [MALI][Gralloc]: [-]hnd(0x7f9e1490a0), client(27), share_fd(59)
05-04 15:08:39.051676 26372 26372 D FileManager: FileInfoAdapter, getView, pos = 7,mMode = 0
05-04 15:08:39.055732 26372 26372 D FileManager: FileInfo, getShowName...
05-04 15:08:39.055892 26372 26372 D FileManager: FileInfo, getShowPath...
05-04 15:08:39.056013 26372 26372 D FileManager: MountPointManager, getDescriptionPath ,path =/storage/emulated/0/Download
05-04 15:08:39.056184 26372 26372 D FileManager: FileInfo, getShowName, name = Download
05-04 15:08:39.056440 26372 26372 D FileManager: MountPointManager, isMountPoint ,path =/storage/emulated/0/Download
05-04 15:08:39.056585 26372 26372 D FileManager: MountPointManager, isMountPoint ,ret =false
05-04 15:08:39.056744 26372 26372 D FileManager: MountPointManager, getRealMountPointPath ,path =/storage/emulated/0/Download
05-04 15:08:39.056887 26372 26372 D FileManager: MountPointManager, getRealMountPointPath = /storage/emulated/0
05-04 15:08:39.057011 26372 26372 D FileManager: MountPointManager, isExternalMountPath ,path =/storage/emulated/0
05-04 15:08:39.057140 26372 26372 D FileManager: MountPointManager, isExternalFile,ret = false
05-04 15:08:39.057259 26372 26372 D FileManager: IconManager, getIcon,isExternal =false
05-04 15:08:39.057371 26372 26372 D FileManager: MountPointManager, isInternalMountPath ,path =/storage/emulated/0/Download
05-04 15:08:39.057507 26372 26372 D FileManager: MountPointManager, isExternalMountPath ,path =/storage/emulated/0/Download
05-04 15:08:39.059289 26372 26372 D FileManager: FileInfoAdapter, getView, pos = 8,mMode = 0
05-04 15:08:39.063621 26372 26372 D FileManager: FileInfo, getShowName...
05-04 15:08:39.063795 26372 26372 D FileManager: FileInfo, getShowPath...
05-04 15:08:39.063934 26372 26372 D FileManager: MountPointManager, getDescriptionPath ,path =/storage/emulated/0/Movies
05-04 15:08:39.064108 26372 26372 D FileManager: FileInfo, getShowName, name = Movies
05-04 15:08:39.064371 26372 26372 D FileManager: MountPointManager, isMountPoint ,path =/storage/emulated/0/Movies
05-04 15:08:39.064506 26372 26372 D FileManager: MountPointManager, isMountPoint ,ret =false
05-04 15:08:39.064660 26372 26372 D FileManager: MountPointManager, getRealMountPointPath ,path =/storage/emulated/0/Movies
05-04 15:08:39.064808 26372 26372 D FileManager: MountPointManager, getRealMountPointPath = /storage/emulated/0
05-04 15:08:39.064930 26372 26372 D FileManager: MountPointManager, isExternalMountPath ,path =/storage/emulated/0
05-04 15:08:39.065053 26372 26372 D FileManager: MountPointManager, isExternalFile,ret = false
05-04 15:08:39.065172 26372 26372 D FileManager: IconManager, getIcon,isExternal =false
05-04 15:08:39.065295 26372 26372 D FileManager: MountPointManager, isInternalMountPath ,path =/storage/emulated/0/Movies
05-04 15:08:39.065422 26372 26372 D FileManager: MountPointManager, isExternalMountPath ,path =/storage/emulated/0/Movies
05-04 15:08:39.067169 26372 26372 D FileManager: FileInfoAdapter, getView, pos = 9,mMode = 0
05-04 15:08:39.069724 26372 26372 D FileManager: FileInfo, getShowName...
05-04 15:08:39.070028 26372 26372 D FileManager: FileInfo, getShowPath...
05-04 15:08:39.070181 26372 26372 D FileManager: MountPointManager, getDescriptionPath ,path =/storage/emulated/0/mtklog
05-04 15:08:39.070359 26372 26372 D FileManager: FileInfo, getShowName, name = mtklog
05-04 15:08:39.070619 26372 26372 D FileManager: MountPointManager, isMountPoint ,path =/storage/emulated/0/mtklog
05-04 15:08:39.070765 26372 26372 D FileManager: MountPointManager, isMountPoint ,ret =false
05-04 15:08:39.070920 26372 26372 D FileManager: MountPointManager, getRealMountPointPath ,path =/storage/emulated/0/mtklog
05-04 15:08:39.071067 26372 26372 D FileManager: MountPointManager, getRealMountPointPath = /storage/emulated/0
05-04 15:08:39.071192 26372 26372 D FileManager: MountPointManager, isExternalMountPath ,path =/storage/emulated/0
05-04 15:08:39.071321 26372 26372 D FileManager: MountPointManager, isExternalFile,ret = false
05-04 15:08:39.071437 26372 26372 D FileManager: IconManager, getIcon,isExternal =false
05-04 15:08:39.071584 26372 26372 D FileManager: MountPointManager, isInternalMountPath ,path =/storage/emulated/0/mtklog
05-04 15:08:39.071716 26372 26372 D FileManager: MountPointManager, isExternalMountPath ,path =/storage/emulated/0/mtklog
05-04 15:08:39.073846 26372 26372 D FileManager: FileInfoAdapter, getView, pos = 10,mMode = 0
05-04 15:08:39.076462 26372 26372 D FileManager: FileInfo, getShowName...
05-04 15:08:39.076630 26372 26372 D FileManager: FileInfo, getShowPath...
05-04 15:08:39.076750 26372 26372 D FileManager: MountPointManager, getDescriptionPath ,path =/storage/emulated/0/Music
05-04 15:08:39.076929 26372 26372 D FileManager: FileInfo, getShowName, name = Music
05-04 15:08:39.077157 26372 26372 D FileManager: MountPointManager, isMountPoint ,path =/storage/emulated/0/Music
05-04 15:08:39.077285 26372 26372 D FileManager: MountPointManager, isMountPoint ,ret =false
05-04 15:08:39.077432 26372 26372 D FileManager: MountPointManager, getRealMountPointPath ,path =/storage/emulated/0/Music
05-04 15:08:39.077568 26372 26372 D FileManager: MountPointManager, getRealMountPointPath = /storage/emulated/0
05-04 15:08:39.077688 26372 26372 D FileManager: MountPointManager, isExternalMountPath ,path =/storage/emulated/0
05-04 15:08:39.077818 26372 26372 D FileManager: MountPointManager, isExternalFile,ret = false
05-04 15:08:39.077936 26372 26372 D FileManager: IconManager, getIcon,isExternal =false
05-04 15:08:39.078059 26372 26372 D FileManager: MountPointManager, isInternalMountPath ,path =/storage/emulated/0/Music
05-04 15:08:39.078186 26372 26372 D FileManager: MountPointManager, isExternalMountPath ,path =/storage/emulated/0/Music
05-04 15:08:39.080342 26372 26372 D FileManager: FileInfoAdapter, getView, pos = 11,mMode = 0
05-04 15:08:39.083155 26372 26372 D FileManager: FileInfo, getShowName...
05-04 15:08:39.083322 26372 26372 D FileManager: FileInfo, getShowPath...
05-04 15:08:39.083444 26372 26372 D FileManager: MountPointManager, getDescriptionPath ,path =/storage/emulated/0/Notifications
05-04 15:08:39.083627 26372 26372 D FileManager: FileInfo, getShowName, name = Notifications
05-04 15:08:39.083867 26372 26372 D FileManager: MountPointManager, isMountPoint ,path =/storage/emulated/0/Notifications
05-04 15:08:39.084002 26372 26372 D FileManager: MountPointManager, isMountPoint ,ret =false
05-04 15:08:39.084155 26372 26372 D FileManager: MountPointManager, getRealMountPointPath ,path =/storage/emulated/0/Notifications
05-04 15:08:39.084291 26372 26372 D FileManager: MountPointManager, getRealMountPointPath = /storage/emulated/0
05-04 15:08:39.084412 26372 26372 D FileManager: MountPointManager, isExternalMountPath ,path =/storage/emulated/0
05-04 15:08:39.084540 26372 26372 D FileManager: MountPointManager, isExternalFile,ret = false
05-04 15:08:39.084655 26372 26372 D FileManager: IconManager, getIcon,isExternal =false
05-04 15:08:39.084779 26372 26372 D FileManager: MountPointManager, isInternalMountPath ,path =/storage/emulated/0/Notifications
05-04 15:08:39.084905 26372 26372 D FileManager: MountPointManager, isExternalMountPath ,path =/storage/emulated/0/Notifications
05-04 15:08:39.087052 26372 26372 D FileManager: FileInfoAdapter, getView, pos = 12,mMode = 0
05-04 15:08:39.089657 26372 26372 D FileManager: FileInfo, getShowName...
05-04 15:08:39.089827 26372 26372 D FileManager: FileInfo, getShowPath...
05-04 15:08:39.089953 26372 26372 D FileManager: MountPointManager, getDescriptionPath ,path =/storage/emulated/0/Pictures
05-04 15:08:39.090128 26372 26372 D FileManager: FileInfo, getShowName, name = Pictures
05-04 15:08:39.090359 26372 26372 D FileManager: MountPointManager, isMountPoint ,path =/storage/emulated/0/Pictures
05-04 15:08:39.090497 26372 26372 D FileManager: MountPointManager, isMountPoint ,ret =false
05-04 15:08:39.090648 26372 26372 D FileManager: MountPointManager, getRealMountPointPath ,path =/storage/emulated/0/Pictures
05-04 15:08:39.090786 26372 26372 D FileManager: MountPointManager, getRealMountPointPath = /storage/emulated/0
05-04 15:08:39.090910 26372 26372 D FileManager: MountPointManager, isExternalMountPath ,path =/storage/emulated/0
05-04 15:08:39.091035 26372 26372 D FileManager: MountPointManager, isExternalFile,ret = false
05-04 15:08:39.091150 26372 26372 D FileManager: IconManager, getIcon,isExternal =false
05-04 15:08:39.091274 26372 26372 D FileManager: MountPointManager, isInternalMountPath ,path =/storage/emulated/0/Pictures
05-04 15:08:39.091399 26372 26372 D FileManager: MountPointManager, isExternalMountPath ,path =/storage/emulated/0/Pictures
05-04 15:08:39.106224 26372 26389 D OpenGLRenderer: CacheTexture 10 upload: x, y, width height = 0, 0, 89, 359
05-04 15:08:39.106674   230   297 I BufferQueueProducer: [com.mediatek.filemanager/com.mediatek.filemanager.FileManagerOperationActivity](this:0x7f999e1c00,id:557,api:1,p:26372,c:230) new GraphicBuffer needed
05-04 15:08:39.106765   230   297 D GraphicBuffer: free, handle(0x7f9e61e220) (w:768 h:1366 s:768 f:0x1 u:0x000900)
05-04 15:08:39.106922   230   297 I [MALI][Gralloc]: [-]hnd(0x7f9e61e220), client(27), share_fd(41)
05-04 15:08:39.113860   230   297 I [MALI][Gralloc]: [+]hnd(0x7f9e61e220), client(27), share_fd(41), hnd->flags:4
05-04 15:08:39.113957   230   297 D GraphicBuffer: alloc, handle(0x7f9e61e220) (w:1366 h:768 s:1376 f:0x1 u:0x000b00) err(0)
05-04 15:08:39.115927 26372 26389 I [MALI][Gralloc]: [+]r_hnd(0x7f80859a00), client(31), share_fd(42)
05-04 15:08:39.116007 26372 26389 D GraphicBuffer: register, handle(0x7f80859a00) (w:1366 h:768 s:1376 f:0x1 u:0x000b00)
05-04 15:08:39.124604   230  1530 I BufferQueueProducer: [com.mediatek.filemanager/com.mediatek.filemanager.FileManagerOperationActivity](this:0x7f999e1c00,id:557,api:1,p:26372,c:230) new GraphicBuffer needed
05-04 15:08:39.124730   230  1530 D GraphicBuffer: free, handle(0x7f9e149320) (w:768 h:1366 s:768 f:0x1 u:0x000900)
05-04 15:08:39.124911   230  1530 I [MALI][Gralloc]: [-]hnd(0x7f9e149320), client(27), share_fd(30)
05-04 15:08:39.133042   230  1530 I [MALI][Gralloc]: [+]hnd(0x7f9e149320), client(27), share_fd(46), hnd->flags:4
05-04 15:08:39.133145   230  1530 D GraphicBuffer: alloc, handle(0x7f9e149320) (w:1366 h:768 s:1376 f:0x1 u:0x000b00) err(0)
05-04 15:08:39.135006 26372 26389 I [MALI][Gralloc]: [+]r_hnd(0x7f80859be0), client(31), share_fd(43)
05-04 15:08:39.135095 26372 26389 D GraphicBuffer: register, handle(0x7f80859be0) (w:1366 h:768 s:1376 f:0x1 u:0x000b00)
05-04 15:08:39.296835   357   357 I thermal_repeater: oh, queryMdThermalInfo (0)No such file or directory
05-04 15:08:39.317272   357   357 I thermal_repeater: [recvMdThermalInfo] ret=26, strLen=127,  1, 32767,,, -1, 32767, 18
05-04 15:08:39.357634   230   230 I SurfaceFlinger: [Built-in Screen (type:0)] fps:56.455479,dur:1009.65,max:79.25,min:14.05
05-04 15:08:39.760034  1798  1803 I PerfService: PerfServiceNative_getPackName
05-04 15:08:39.760684   774  1171 I libPerfService: perfGetLastBoostPid 26372
05-04 15:08:39.761010   774  1171 D PerfServiceManager: [PerfService] getLastBoostPid 26372 
05-04 15:08:39.761119   774  1171 I libPerfService: perfGetLastBoostPid 26372
05-04 15:08:39.935589   230  1026 I BufferQueueProducer: [com.mediatek.filemanager/com.mediatek.filemanager.FileManagerOperationActivity](this:0x7f999e1c00,id:557,api:1,p:26372,c:230) queueBuffer: fps=52.22 dur=1014.95 max=168.66 min=5.59
05-04 15:08:40.365709   230   230 I SurfaceFlinger: [Built-in Screen (type:0)] fps:61.503201,dur:1008.08,max:17.69,min:14.55
05-04 15:08:40.551741   774   985 D InputReader: AP_PROF:AppLaunch_dispatchPtr:Down:12007569, ID:0, Index:1923485632
05-04 15:08:40.552235   774   985 I PerfService: PerfServiceNative_boostEnableAsync:3
05-04 15:08:40.554184   774  1027 I libPerfService: 3: set freq: 819000
05-04 15:08:40.555445   774  1027 I libPerfService: 3: set: 3
05-04 15:08:40.667723   774   985 D InputReader: AP_PROF:AppLaunch_dispatchPtr:Up:12007685, ID:0, Index:1923489024
05-04 15:08:40.667853   774   985 I PerfService: PerfServiceNative_boostEnableTimeoutMsAsync:3, 100
05-04 15:08:40.675608 26372 26372 V SettingsInterface: invalidate [system]: current 1 != cached 0
05-04 15:08:40.679099 26372 26372 D FileManager: BaseAsyncTask, isTaskBusy,task status = FINISHED
05-04 15:08:40.679255 26372 26372 D FileManager: BaseAsyncTask, isTaskBusy,retuen false.
05-04 15:08:40.679444 26372 26372 D FileManager: FileManagerOperationActivity, onClick,id: 0
05-04 15:08:40.679679 26372 26372 D FileManager: MountPointManager, isRootPathMount,  path = /storage/emulated/0
05-04 15:08:40.679803 26372 26372 D FileManager: MountPointManager, getRealMountPointPath ,path =/storage/emulated/0
05-04 15:08:40.679969 26372 26372 D FileManager: MountPointManager, getRealMountPointPath = /storage/emulated/0
05-04 15:08:40.680082 26372 26372 D FileManager: MountPointManager, isMounted, mountPoint = /storage/emulated/0
05-04 15:08:40.681643   774  1613 D AppOps  : noteOperation: allowing code 59 uid 10040 package com.mediatek.filemanager
05-04 15:08:40.681902   774  1613 D AppOps  : noteOperation: allowing code 60 uid 10040 package com.mediatek.filemanager
05-04 15:08:40.682391   774  1613 D SettingsInterface:  from settings cache , name = sys_storage_threshold_percentage , value = null
05-04 15:08:40.682852   774  1613 D SettingsInterface:  from settings cache , name = sys_storage_threshold_max_bytes , value = null
05-04 15:08:40.684142 26372 26372 D FileManager: MountPointManager, state = mounted
05-04 15:08:40.684340 26372 26372 D FileManager: MountPointManager, isRootPathMount,  ret = true
05-04 15:08:40.684506 26372 26372 D FileManager: BaseAsyncTask, isTaskBusy,task status = FINISHED
05-04 15:08:40.684627 26372 26372 D FileManager: BaseAsyncTask, isTaskBusy,retuen false.
05-04 15:08:40.684774 26372 26372 D FileManager: AbsBaseActivity, onClick() id=0
05-04 15:08:40.684911 26372 26372 D FileManager: AbsBaseActivity, updateNavigationBar,id = 0
05-04 15:08:40.685351 26372 26372 D FileManager: AbsBaseActivity, updateNavigationBar, pos: 0 top: 0
05-04 15:08:40.685708 26372 26372 D FileManager: AbsBaseActivity, showDirectoryContent,path = /storage
05-04 15:08:40.685876 26372 26372 D FileManager: FileManagerService, listFiles,activityName = com.mediatek.filemanager.FileManagerOperationActivity,path = /storage
05-04 15:08:40.686023 26372 26372 D FileManager: BaseAsyncTask, isTaskBusy,task status = FINISHED
05-04 15:08:40.686144 26372 26372 D FileManager: BaseAsyncTask, isTaskBusy,retuen false.
05-04 15:08:40.686357 26372 26372 D FileManager: FileManagerService, listFiles,do list.
05-04 15:08:40.686565 26372 26372 D FileManager: FileManagerService, listFiles fiterType = 0
05-04 15:08:40.686750 26372 26372 D FileManager: BaseAsyncTask, onPreExecute
05-04 15:08:40.689121 26372 26405 D FileManager: ListFileTask, doInBackground path = /storage
05-04 15:08:40.689536 26372 26405 D FileManager: MountPointManager, updateMountPointSpaceInfo...
05-04 15:08:40.691143 26372 26405 D FileManager: ListFileTask, doInBackground, total = 4
05-04 15:08:40.680000 26405 26405 I com.mediatek.filemanager: type=1400 audit(0.0:3775): avc: denied { getattr } for comm=4173796E635461736B202332 path="/storage/3B23-A78E" dev="tmpfs" ino=147253 scontext=u:r:platform_app:s0:c512,c768 tcontext=u:object_r:storage_stub_file:s0 tclass=dir permissive=1
05-04 15:08:40.692669 26372 26405 D FileManager: ListFileTask, doInBackground ERROR_CODE_SUCCESS
05-04 15:08:40.701460 26372 26372 D FileManager: BaseAsyncTask, onPostExecute
05-04 15:08:40.701694 26372 26372 I FileManager: AbsBaseActivity, ListListener,TaskResult result = 0
05-04 15:08:40.701935 26372 26372 D FileManager: FileInfoManager, loadFileInfoList,path = /storage,sortType = 0
05-04 15:08:40.702350 26372 26372 D FileManager: com.mediatek.filemanager.FileInfoManager, mountFileList size = 1
05-04 15:08:40.702985 26372 26372 D FileManager: com.mediatek.filemanager.FileInfoManager, fileInfoList size = 1
05-04 15:08:40.703198 26372 26372 V FileManager: FileInfoManager, addItemList
05-04 15:08:40.703350 26372 26372 D FileManager: FileInfoManager,  mAddFilesInfoList size :1
05-04 15:08:40.703508 26372 26372 D FileManager: FileInfoManager, fileinfo is :com.mediatek.filemanager.FileInfo@52d13df5
05-04 15:08:40.703645 26372 26372 D FileManager: MountPointManager, isMountPoint ,path =/storage/emulated/0
05-04 15:08:40.703767 26372 26372 D FileManager: MountPointManager, isMountPoint ,ret =true
05-04 15:08:40.703886 26372 26372 D FileManager: FileInfoManager, mShowFilesInfoLis add fileinfo 0
05-04 15:08:40.704008 26372 26372 D FileManager: FileInfoManager, sort,sortType = 0
05-04 15:08:40.704203 26372 26372 D FileManager: AbsBaseActivity, ListListener dismissDialogFragment
05-04 15:08:40.704328 26372 26372 D FileManager: AbsBaseActivity, dismissDialogFragment listDialogFragment == null on dismiss....
05-04 15:08:40.704495 26372 26372 D FileManager: AbsBaseActivity, onPathChanged
05-04 15:08:40.704612 26372 26372 D FileManager: AbsBaseActivity, refreshTab,initFileInfo = /storage
05-04 15:08:40.707395 26372 26372 D FileManager: FileManagerOperationActivity, onCreateOptionsMenu...
05-04 15:08:40.707937 26372 26372 D FileManager: FileManagerOperationActivity, onPrepareOptionsMenu...
05-04 15:08:40.716762 26372 26372 D FileManager: FileInfoAdapter, getView, pos = 0,mMode = 0
05-04 15:08:40.716963 26372 26372 D FileManager: FileInfo, getShowName...
05-04 15:08:40.717076 26372 26372 D FileManager: FileInfo, getShowPath...
05-04 15:08:40.717206 26372 26372 D FileManager: MountPointManager, getDescriptionPath ,path =/storage/emulated/0
05-04 15:08:40.717361 26372 26372 D FileManager: FileInfo, getShowName, name = 内部存储设备
05-04 15:08:40.719074 26372 26372 D FileManager: MountPointManager, isMountPoint ,path =/storage/emulated/0
05-04 15:08:40.719277 26372 26372 D FileManager: MountPointManager, isMountPoint ,ret =true
05-04 15:08:40.719425 26372 26372 D FileManager: MountPointManager, getMountPointFreeSpace /storage/emulated/0
05-04 15:08:40.719627 26372 26372 D FileManager: FileUtils, sizeToString(): 11.6GB
05-04 15:08:40.719821 26372 26372 D FileManager: MountPointManager, getMountPointTotalSpace /storage/emulated/0
05-04 15:08:40.719978 26372 26372 D FileManager: FileUtils, sizeToString(): 11.87GB
05-04 15:08:40.720157 26372 26372 D FileManager: FileInfoAdapter, setSizeText, file name = 0,file path = /storage/emulated/0
05-04 15:08:40.720333 26372 26372 D FileManager: MountPointManager, getMountPointFreeSpace /storage/emulated/0
05-04 15:08:40.720478 26372 26372 D FileManager: MountPointManager, getMountPointTotalSpace /storage/emulated/0
05-04 15:08:40.720614 26372 26372 D FileManager: FileInfoAdapter, setSizeText, freeSpace = 12451340288,totalSpace = 12747186176
05-04 15:08:40.720990 26372 26372 D FileManager: MountPointManager, getRealMountPointPath ,path =/storage/emulated/0
05-04 15:08:40.721147 26372 26372 D FileManager: MountPointManager, getRealMountPointPath = /storage/emulated/0
05-04 15:08:40.721563 26372 26372 D FileManager: MountPointManager, isExternalFile,return false .mountPath = /storage/emulated/0
05-04 15:08:40.721734 26372 26372 D FileManager: MountPointManager, isExternalMountPath ,path =/storage/emulated/0
05-04 15:08:40.721979 26372 26372 D FileManager: MountPointManager, isExternalFile,ret = false
05-04 15:08:40.722096 26372 26372 D FileManager: IconManager, getIcon,isExternal =false
05-04 15:08:40.722242 26372 26372 D FileManager: MountPointManager, isInternalMountPath ,path =/storage/emulated/0
05-04 15:08:40.737215 26372 26389 D OpenGLRenderer: CacheTexture 10 upload: x, y, width height = 0, 0, 113, 432
05-04 15:08:40.763352  1798  1803 I PerfService: PerfServiceNative_getPackName
05-04 15:08:40.763810   774  7249 I libPerfService: perfGetLastBoostPid 26372
05-04 15:08:40.763915   774  7249 D PerfServiceManager: [PerfService] getLastBoostPid 26372 
05-04 15:08:40.763963   774  7249 I libPerfService: perfGetLastBoostPid 26372
05-04 15:08:40.768560   774  1027 D PerfServiceManager: [PerfService] MESSAGE_TIMEOUT:103 
05-04 15:08:40.769059   774  1027 I libPerfService: 3: set: 1
05-04 15:08:40.769289   774  1027 I libPerfService: 3: set freq: 0
05-04 15:08:40.769346   774  1027 I libPerfService: 3: set vcore level: 0
05-04 15:08:40.901413   774  1027 I libPerfService: 5: set freq: 819000
05-04 15:08:40.901718   774  1027 I libPerfService: 5: set: 3
05-04 15:08:40.938933   230   258 I BufferQueueProducer: [com.mediatek.filemanager/com.mediatek.filemanager.FileManagerOperationActivity](this:0x7f999e1c00,id:557,api:1,p:26372,c:230) queueBuffer: fps=60.80 dur=1003.36 max=30.66 min=3.85
05-04 15:08:41.006317  1615  1615 V PhoneWindow: DecorView setVisiblity: visibility = 4 ,Parent =ViewRoot{a9ab189 com.android.launcher3/com.android.launcher3.Launcher,ident = 33}, this =com.android.internal.policy.PhoneWindow$DecorView{c037d1f I.ED..... R......D 0,0-768,1366}
05-04 15:08:41.019140  1615  1757 D OpenGLRenderer: Destroyed EGL context (0x7f7423ff80)
05-04 15:08:41.021490  1615  1757 D OpenGLRenderer: Terminated EGL display (0x1)
05-04 15:08:41.157662 26072 26080 I System  : FinalizerDaemon: finalize objects = 1
05-04 15:08:41.403134   774  1027 D PerfServiceManager: [PerfService] MESSAGE_TIMEOUT:105 
05-04 15:08:41.403606   774  1027 I libPerfService: 5: set: 1
05-04 15:08:41.403970   774  1027 I libPerfService: 5: set freq: 0
05-04 15:08:41.404062   774  1027 I libPerfService: 5: set vcore level: 0
05-04 15:08:41.404869   774  1027 D PerfServiceManager: [PerfService] set utilization:0.8 
05-04 15:08:41.593479   774 13786 D BatteryService: mBatteryVoltage=3925, batteryLevel=50
05-04 15:08:41.596394  1081  1081 D KeyguardUpdateMonitor: received broadcast android.intent.action.BATTERY_CHANGED
05-04 15:08:41.601274  1081  1081 D KeyguardUpdateMonitor: handleBatteryUpdate
05-04 15:08:41.621207   230   258 I BufferQueueProducer: [StatusBar](this:0x7f9abcdc00,id:7,api:1,p:1081,c:230) queueBuffer: fps=0.18 dur=5470.28 max=5470.28 min=5470.28
05-04 15:08:41.632272   230   230 I SurfaceFlinger: [Built-in Screen (type:0)] fps:32.370815,dur:1266.57,max:600.99,min:14.84
05-04 15:08:41.764552  1798  1803 I PerfService: PerfServiceNative_getPackName
05-04 15:08:41.765079   774 23363 I libPerfService: perfGetLastBoostPid 26372
05-04 15:08:41.765210   774 23363 D PerfServiceManager: [PerfService] getLastBoostPid 26372 
05-04 15:08:41.765285   774 23363 I libPerfService: perfGetLastBoostPid 26372
05-04 15:08:41.795863   559   573 D EMDLOGGER1: CTRL_reader: incoming SPLM req, msgid=6, token=0, result=0
05-04 15:08:41.796105   559   573 I EMDLOGGER1: [MDLOG] [stats][buf] L1 : data:0x14484 last:0x6682c79; (1, 0x2958, 0x6682c79)(3, 0x1df, 0x6682a89)PS : data:0x2b37 last:0x6682c79; L2 : data:0x5754 last:0x6682c79; 
05-04 15:08:41.796355   559   573 D EMDLOGGER1: CTRL_reader: incoming SPLM req, msgid=6, token=0, result=0
05-04 15:08:41.796518   559   573 I EMDLOGGER1: [MDLOG] [stats][mux] MCU : data:0x2142c last:0x6682b8e; DSP : data:0x0 last:0x6602141; 
05-04 15:08:42.210881   774   985 D InputReader: AP_PROF:AppLaunch_dispatchPtr:Down:12009228, ID:0, Index:1923485632
05-04 15:08:42.211514   774   985 I PerfService: PerfServiceNative_boostEnableAsync:3
05-04 15:08:42.220603   774  1027 I libPerfService: 3: set freq: 819000
05-04 15:08:42.226111   774  1663 D AppOps  : startOperation: allowing code 3 uid 1000 package android
05-04 15:08:42.230400   774  1027 I libPerfService: 3: set: 3
05-04 15:08:42.243489   230   258 I BufferQueueProducer: [NavigationBar](this:0x7f999f4400,id:506,api:1,p:1081,c:230) queueBuffer: fps=5.73 dur=6279.86 max=5708.66 min=8.60
05-04 15:08:42.286837   774   985 D InputReader: AP_PROF:AppLaunch_dispatchPtr:Up:12009304, ID:0, Index:1923489024
05-04 15:08:42.287035   774   985 I PerfService: PerfServiceNative_boostEnableTimeoutMsAsync:3, 100
05-04 15:08:42.294398  1081  1081 D SettingsInterface:  from settings cache , name = sound_effects_enabled , value = 0
05-04 15:08:42.296273   774   984 D SettingsInterface:  from settings cache , name = dialer_default_application , value = null
05-04 15:08:42.304918  1081  1081 V PhoneStatusBar: onReceive: Intent { act=android.intent.action.CLOSE_SYSTEM_DIALOGS flg=0x50000010 (has extras) }
05-04 15:08:42.305173  1615  1615 D Launcher3: Launcher, Close system dialogs: reason = homekey
05-04 15:08:42.308062  1081  1081 D SettingsInterface:  from settings cache , name = device_provisioned , value = 1
05-04 15:08:42.317059   774  1027 I libPerfService: 1: set freq: 1300000
05-04 15:08:42.317539   774  1027 I libPerfService: 1: set: 4
05-04 15:08:42.319375   774   984 I BufferQueue: [unnamed-774-120](this:0x7f6d3c2000,id:120,api:0,p:-1,c:-1) BufferQueue core=(774:system_server)
05-04 15:08:42.319636   774   984 D BufferQueueDump: [unnamed-774-120] this:0x7f6de9c180, value:0x7f72dc55bc, iLen:6
05-04 15:08:42.320020   774   984 I BufferQueueConsumer: [unnamed-774-120](this:0x7f6d3c2000,id:120,api:0,p:-1,c:774) connect(C): consumer=(774:system_server) controlledByApp=false
05-04 15:08:42.320210   774   984 D BufferQueueDump: [unnamed-774-120] this:0x7f6de9c180, value:0x7f72dc55ec, iLen:6
05-04 15:08:42.320276   774   984 I BufferQueueConsumer: [unnamed-774-120](this:0x7f6d3c2000,id:120,api:0,p:-1,c:774) setConsumerName: unnamed-774-120
05-04 15:08:42.320338   774   984 D BufferQueueDump: [ScreenshotClient] this:0x7f6de9c180, value:0x7f72dc564c, iLen:6
05-04 15:08:42.320394   774   984 I BufferQueueConsumer: [ScreenshotClient](this:0x7f6d3c2000,id:120,api:0,p:-1,c:774) setConsumerName: ScreenshotClient
05-04 15:08:42.321525   230   230 D Surface : Surface::connect(this=0x7f9bf12c00,api=1)
05-04 15:08:42.322559   774   984 I BufferQueueProducer: [ScreenshotClient](this:0x7f6d3c2000,id:120,api:1,p:230,c:774) connect(P): api=1 producer=(230:/system/bin/surfaceflinger) producerControlledByApp=false
05-04 15:08:42.323146   774   984 I BufferQueueProducer: [ScreenshotClient](this:0x7f6d3c2000,id:120,api:1,p:230,c:774) new GraphicBuffer needed
05-04 15:08:42.324408   230   258 I [MALI][Gralloc]: [+]hnd(0x7f9e14a2c0), client(27), share_fd(59), hnd->flags:4
05-04 15:08:42.324488   230   258 D GraphicBuffer: alloc, handle(0x7f9e14a2c0) (w:450 h:450 s:464 f:0x1 u:0x000333) err(0)
05-04 15:08:42.326018   774   984 I [MALI][Gralloc]: [+]r_hnd(0x7f6c00c660), client(96), share_fd(214)
05-04 15:08:42.326165   774   984 D GraphicBuffer: register, handle(0x7f6c00c660) (w:450 h:450 s:464 f:0x1 u:0x000333)
05-04 15:08:42.326622   230  1026 D GraphicBuffer: free, handle(0x7f9e14a2c0) (w:450 h:450 s:464 f:0x1 u:0x000333)
05-04 15:08:42.326744   230  1026 I [MALI][Gralloc]: [-]hnd(0x7f9e14a2c0), client(27), share_fd(59)
05-04 15:08:42.327545   230   230 I [MALI][Gralloc]: [+]r_hnd(0x7f9e61e680), client(27), share_fd(59)
05-04 15:08:42.327619   230   230 D GraphicBuffer: register, handle(0x7f9e61e680) (w:450 h:450 s:464 f:0x1 u:0x000333)
05-04 15:08:42.331044   230   230 D Surface : Surface::disconnect(this=0x7f9bf12c00,api=1)
05-04 15:08:42.331415   774   984 I BufferQueueProducer: [ScreenshotClient](this:0x7f6d3c2000,id:120,api:1,p:-1,c:774) disconnect(P): api 1
05-04 15:08:42.332390   230   268 D GraphicBuffer: unregister, handle(0x7f9e61e680) (w:450 h:450 s:464 f:0x1 u:0x000333)
05-04 15:08:42.333189   230   268 I [MALI][Gralloc]: [-]r_hnd(0x7f9e61e680), client(27), share_fd(59)
05-04 15:08:42.332554   774   984 I BufferQueueConsumer: [ScreenshotClient](this:0x7f6d3c2000,id:120,api:1,p:-1,c:774) getReleasedBuffers: returning mask 0xffffffffffffffff
05-04 15:08:42.337161   230  1026 I BufferQueueProducer: [com.mediatek.filemanager/com.mediatek.filemanager.FileManagerOperationActivity](this:0x7f999e1c00,id:557,api:1,p:26372,c:230) queueBuffer: fps=3.58 dur=1398.24 max=1331.42 min=15.87
05-04 15:08:42.341239   774   984 I BufferQueueConsumer: [ScreenshotClient](this:0x7f6d3c2000,id:120,api:1,p:-1,c:-1) disconnect(C)
05-04 15:08:42.341703   774   984 D GraphicBuffer: unregister, handle(0x7f6c00c660) (w:450 h:450 s:464 f:0x1 u:0x000333)
05-04 15:08:42.342860   774   984 I [MALI][Gralloc]: [-]r_hnd(0x7f6c00c660), client(96), share_fd(214)
05-04 15:08:42.343147   774   984 I BufferQueue: [ScreenshotClient](this:0x7f6d3c2000,id:120,api:1,p:-1,c:-1) ~BufferQueueCore
05-04 15:08:42.344262 26372 26372 D FileManager: AbsBaseActivity, onPause
05-04 15:08:42.348882   774   984 I libPerfService: perfSetFavorPid - pid:1615, 64f
05-04 15:08:42.349746   774   984 D InputReader: InputReader:: getSwitchState lock 
05-04 15:08:42.349836   774   984 D InputReader: InputReader::getStateLocked:: return 
05-04 15:08:42.359922 26372 26372 V PhoneWindow: DecorView setVisiblity: visibility = 4 ,Parent =ViewRoot{83a9c9f com.mediatek.filemanager/com.mediatek.filemanager.FileManagerOperationActivity,ident = 0}, this =com.android.internal.policy.PhoneWindow$DecorView{ce4afd0 I.E...... R......D 0,0-768,1366}
05-04 15:08:42.365138 26372 26389 D Surface : Surface::disconnect(this=0x7f807ce000,api=1)
05-04 15:08:42.366416   230  1026 I BufferQueueProducer: [com.mediatek.filemanager/com.mediatek.filemanager.FileManagerOperationActivity](this:0x7f999e1c00,id:557,api:1,p:-1,c:230) disconnect(P): api 1
05-04 15:08:42.367281   230  1026 I BufferQueueConsumer: [com.mediatek.filemanager/com.mediatek.filemanager.FileManagerOperationActivity](this:0x7f999e1c00,id:557,api:1,p:-1,c:230) getReleasedBuffers: returning mask 0xffffffffffffffff
05-04 15:08:42.367601   230  1026 D GraphicBuffer: free, handle(0x7f9e61f120) (w:1366 h:768 s:1376 f:0x1 u:0x000b00)
05-04 15:08:42.367763   230  1026 I [MALI][Gralloc]: [-]hnd(0x7f9e61f120), client(27), share_fd(36)
05-04 15:08:42.367980   230  1026 D GraphicBuffer: free, handle(0x7f9e61e4a0) (w:1366 h:768 s:1376 f:0x1 u:0x000b00)
05-04 15:08:42.368123   230  1026 I [MALI][Gralloc]: [-]hnd(0x7f9e61e4a0), client(27), share_fd(56)
05-04 15:08:42.369384 26372 26389 D GraphicBuffer: unregister, handle(0x7f84ef9220) (w:1366 h:768 s:1376 f:0x1 u:0x000b00)
05-04 15:08:42.372339 26372 26389 I [MALI][Gralloc]: [-]r_hnd(0x7f84ef9220), client(31), share_fd(39)
05-04 15:08:42.373311 26372 26389 D GraphicBuffer: unregister, handle(0x7f80859b40) (w:1366 h:768 s:1376 f:0x1 u:0x000b00)
05-04 15:08:42.375167 26372 26389 I [MALI][Gralloc]: [-]r_hnd(0x7f80859b40), client(31), share_fd(41)
05-04 15:08:42.375676 26372 26389 D GraphicBuffer: unregister, handle(0x7f80859a00) (w:1366 h:768 s:1376 f:0x1 u:0x000b00)
05-04 15:08:42.376093  1615  1615 V PhoneWindow: DecorView setVisiblity: visibility = 0 ,Parent =ViewRoot{a9ab189 com.android.launcher3/com.android.launcher3.Launcher,ident = 33}, this =com.android.internal.policy.PhoneWindow$DecorView{c037d1f V.ED..... R.....ID 0,0-768,1366}
05-04 15:08:42.377534 26372 26389 I [MALI][Gralloc]: [-]r_hnd(0x7f80859a00), client(31), share_fd(42)
05-04 15:08:42.377764 26372 26389 D GraphicBuffer: unregister, handle(0x7f80859be0) (w:1366 h:768 s:1376 f:0x1 u:0x000b00)
05-04 15:08:42.378874 26372 26389 I [MALI][Gralloc]: [-]r_hnd(0x7f80859be0), client(31), share_fd(43)
05-04 15:08:42.379041 26372 26389 D Surface : Surface::disconnect(this=0x7f807ce000,api=1)
05-04 15:08:42.379373   230   297 I BufferQueueProducer: [com.mediatek.filemanager/com.mediatek.filemanager.FileManagerOperationActivity](this:0x7f999e1c00,id:557,api:1,p:-1,c:230) disconnect(P): api 1
05-04 15:08:42.387498   774  1027 D PerfServiceManager: [PerfService] MESSAGE_TIMEOUT:103 
05-04 15:08:42.387553   230   230 I BufferQueue: [unnamed-230-558](this:0x7f99953000,id:558,api:0,p:-1,c:-1) BufferQueue core=(230:/system/bin/surfaceflinger)
05-04 15:08:42.387757   230   230 D BufferQueueDump: [unnamed-230-558] this:0x7f9e628b40, value:0x7fce22b29c, iLen:6
05-04 15:08:42.387973   230   230 I BufferQueueConsumer: [unnamed-230-558](this:0x7f99953000,id:558,api:0,p:-1,c:230) connect(C): consumer=(230:/system/bin/surfaceflinger) controlledByApp=false
05-04 15:08:42.388006   774  1027 I libPerfService: 3: set freq: 1300000
05-04 15:08:42.388038   230   230 D BufferQueueDump: [unnamed-230-558] this:0x7f9e628b40, value:0x7fce22b2bc, iLen:6
05-04 15:08:42.388065   774  1027 I libPerfService: 3: set vcore level: 0
05-04 15:08:42.388094   230   230 I BufferQueueConsumer: [unnamed-230-558](this:0x7f99953000,id:558,api:0,p:-1,c:230) setConsumerName: unnamed-230-558
05-04 15:08:42.388156   230   230 D BufferQueueDump: [com.android.launcher3/com.android.launcher3.Launcher] this:0x7f9e628b40, value:0x7fce22b32c, iLen:6
05-04 15:08:42.388212   230   230 I BufferQueueConsumer: [com.android.launcher3/com.android.launcher3.Launcher](this:0x7f99953000,id:558,api:0,p:-1,c:230) setConsumerName: com.android.launcher3/com.android.launcher3.Launcher
05-04 15:08:42.388284   230   230 I BufferQueueConsumer: [com.android.launcher3/com.android.launcher3.Launcher](this:0x7f99953000,id:558,api:0,p:-1,c:230) setDefaultBufferSize: width=768 height=1366
05-04 15:08:42.391048  1081  1081 D PhoneStatusBar: hiding the MENU button
05-04 15:08:42.393200  1615  1615 D Surface : Surface::allocateBuffers(this=0x7f8a05f000)
05-04 15:08:42.393294  1615  1757 D OpenGLRenderer: CanvasContext() 0x7f732f7000 initialize window=0x7f8a05f010, title=com.android.launcher3/com.android.launcher3.Launcher
05-04 15:08:42.393485   230   258 D BufferQueueProducer: [](this:0x7f99953000,id:558,api:0,p:-1,c:230) allocateBuffers: allocating from 0 buffers up to 4 buffers
05-04 15:08:42.394689  1615  1757 I OpenGLRenderer: Initialized EGL, version 1.4
05-04 15:08:42.396510  1615  1757 D OpenGLRenderer: Created EGL context (0x7f7423f100)
05-04 15:08:42.398458  1615  1757 D OpenGLRenderer: Initializing program cache from 0x7f8daffbb8, size = 3
05-04 15:08:42.399759   230   258 I [MALI][Gralloc]: [+]hnd(0x7f9e14a0e0), client(27), share_fd(72), hnd->flags:4
05-04 15:08:42.399875   230   258 D GraphicBuffer: alloc, handle(0x7f9e14a0e0) (w:768 h:1366 s:768 f:0x1 u:0x000900) err(0)
05-04 15:08:42.400450  1615  1757 D OpenGLRenderer: -- init (key = 0x0000000000000001)
05-04 15:08:42.401884  1615  1757 D OpenGLRenderer: -- init (key = 0x0000000800000000)
05-04 15:08:42.403743  1615  1757 D OpenGLRenderer: -- init (key = 0x0000000800000003)
05-04 15:08:42.404602  1615  1757 D Surface : Surface::connect(this=0x7f8a05f000,api=1)
05-04 15:08:42.405215   230   297 I BufferQueueProducer: [com.android.launcher3/com.android.launcher3.Launcher](this:0x7f99953000,id:558,api:1,p:1615,c:230) connect(P): api=1 producer=(1615:com.android.launcher3) producerControlledByApp=true
05-04 15:08:42.405639  1615  1757 W libEGL  : [ANDROID_RECORDABLE] format: 1
05-04 15:08:42.406403   230   258 I [MALI][Gralloc]: [+]hnd(0x7f9e14a360), client(27), share_fd(36), hnd->flags:4
05-04 15:08:42.406489   230   258 D GraphicBuffer: alloc, handle(0x7f9e14a360) (w:768 h:1366 s:768 f:0x1 u:0x000900) err(0)
05-04 15:08:42.406915  1615  1757 D mali_winsys: new_window_surface returns 0x3000
05-04 15:08:42.411560   230   258 I [MALI][Gralloc]: [+]hnd(0x7f9e1490a0), client(27), share_fd(42), hnd->flags:4
05-04 15:08:42.411655   230   258 D GraphicBuffer: alloc, handle(0x7f9e1490a0) (w:768 h:1366 s:768 f:0x1 u:0x000900) err(0)
05-04 15:08:42.416964   230   258 I [MALI][Gralloc]: [+]hnd(0x7f9e1493c0), client(27), share_fd(31), hnd->flags:4
05-04 15:08:42.417077   230   258 D GraphicBuffer: alloc, handle(0x7f9e1493c0) (w:768 h:1366 s:768 f:0x1 u:0x000900) err(0)
05-04 15:08:42.417250   230   258 D BufferQueueProducer: [com.android.launcher3/com.android.launcher3.Launcher](this:0x7f99953000,id:558,api:1,p:1615,c:230) allocateBuffers: allocating from 4 buffers up to 4 buffers
05-04 15:08:42.419484  1615  1615 V InputMethodManager: onWindowFocus: null softInputMode=288 first=true flags=#81910100
05-04 15:08:42.419880  1615  1615 V InputMethodManager: START INPUT: com.android.internal.policy.PhoneWindow$DecorView{c037d1f V.ED..... R.....ID 0,0-768,1366} ic=null tba=android.view.inputmethod.EditorInfo@986cd74 controlFlags=#104
05-04 15:08:42.434378  1615  1757 D OpenGLRenderer: CacheTexture 18 upload: x, y, width height = 0, 0, 45, 132
05-04 15:08:42.439865   230  1026 I BufferQueueProducer: [com.android.launcher3/com.android.launcher3.Launcher](this:0x7f99953000,id:558,api:1,p:1615,c:230) new GraphicBuffer needed
05-04 15:08:42.440062   230  1026 D GraphicBuffer: free, handle(0x7f9e1493c0) (w:768 h:1366 s:768 f:0x1 u:0x000900)
05-04 15:08:42.440270   230  1026 I [MALI][Gralloc]: [-]hnd(0x7f9e1493c0), client(27), share_fd(31)
05-04 15:08:42.448066   230  1026 I [MALI][Gralloc]: [+]hnd(0x7f9e1493c0), client(27), share_fd(73), hnd->flags:4
05-04 15:08:42.448179   230  1026 D GraphicBuffer: alloc, handle(0x7f9e1493c0) (w:1366 h:768 s:1376 f:0x1 u:0x000b00) err(0)
05-04 15:08:42.450346  1615  1757 I [MALI][Gralloc]: [+]r_hnd(0x7f73eed520), client(35), share_fd(56)
05-04 15:08:42.450624  1615  1757 D GraphicBuffer: register, handle(0x7f73eed520) (w:1366 h:768 s:1376 f:0x1 u:0x000b00)
05-04 15:08:42.457022  1081  1081 V WallpaperService: Visibility change in com.android.systemui.ImageWallpaper$DrawableEngine@35becd8: 1
05-04 15:08:42.459077   230   297 I BufferQueueProducer: [com.android.launcher3/com.android.launcher3.Launcher](this:0x7f99953000,id:558,api:1,p:1615,c:230) new GraphicBuffer needed
05-04 15:08:42.459186   230   297 D GraphicBuffer: free, handle(0x7f9e1490a0) (w:768 h:1366 s:768 f:0x1 u:0x000900)
05-04 15:08:42.459316   230   297 I [MALI][Gralloc]: [-]hnd(0x7f9e1490a0), client(27), share_fd(42)
05-04 15:08:42.462129  1081  1081 V WallpaperService: onVisibilityChanged(true): com.android.systemui.ImageWallpaper$DrawableEngine@35becd8
05-04 15:08:42.462431  1081  1081 V WallpaperService: Offsets change in com.android.systemui.ImageWallpaper$DrawableEngine@35becd8: 0.0,0.0
05-04 15:08:42.462525  1081  1081 D ImageWallpaper: onOffsetsChanged: xOffset=0.0, yOffset=0.0, xOffsetStep=0.0, yOffsetStep=0.0, xPixels=0, yPixels=0
05-04 15:08:42.466116  1081  1081 D ImageWallpaper: Suppressed drawFrame since redraw is not needed and offsets have not changed.
05-04 15:08:42.466244  1081  1081 D ImageWallpaper: onVisibilityChanged: mVisible, visible=false, true
05-04 15:08:42.466300  1081  1081 D ImageWallpaper: Visibility changed to visible=true
05-04 15:08:42.467170  1081  1081 D ImageWallpaper: Suppressed drawFrame since redraw is not needed and offsets have not changed.
05-04 15:08:42.469163   230   297 I [MALI][Gralloc]: [+]hnd(0x7f9e1490a0), client(27), share_fd(31), hnd->flags:4
05-04 15:08:42.469277   230   297 D GraphicBuffer: alloc, handle(0x7f9e1490a0) (w:1366 h:768 s:1376 f:0x1 u:0x000b00) err(0)
05-04 15:08:42.471629  1615  1757 I [MALI][Gralloc]: [+]r_hnd(0x7f73eed700), client(35), share_fd(57)
05-04 15:08:42.471736  1615  1757 D GraphicBuffer: register, handle(0x7f73eed700) (w:1366 h:768 s:1376 f:0x1 u:0x000b00)
05-04 15:08:42.476073   230  1530 I BufferQueueProducer: [com.android.launcher3/com.android.launcher3.Launcher](this:0x7f99953000,id:558,api:1,p:1615,c:230) new GraphicBuffer needed
05-04 15:08:42.476203   230  1530 D GraphicBuffer: free, handle(0x7f9e14a360) (w:768 h:1366 s:768 f:0x1 u:0x000900)
05-04 15:08:42.476388   230  1530 I [MALI][Gralloc]: [-]hnd(0x7f9e14a360), client(27), share_fd(36)
05-04 15:08:42.485066   230   230 I BufferQueueProducer: [FrameBufferSurface_0](this:0x7f9e119000,id:0,api:1,p:230,c:230) queueBuffer: fps=7.39 dur=3921.77 max=3468.07 min=14.04
05-04 15:08:42.486347   230  1530 I [MALI][Gralloc]: [+]hnd(0x7f9e14a360), client(27), share_fd(87), hnd->flags:4
05-04 15:08:42.486483   230  1530 D GraphicBuffer: alloc, handle(0x7f9e14a360) (w:1366 h:768 s:1376 f:0x1 u:0x000b00) err(0)
05-04 15:08:42.489703  1615  1757 I [MALI][Gralloc]: [+]r_hnd(0x7f73eed660), client(35), share_fd(64)
05-04 15:08:42.489798  1615  1757 D GraphicBuffer: register, handle(0x7f73eed660) (w:1366 h:768 s:1376 f:0x1 u:0x000b00)
05-04 15:08:42.495479   230   297 I BufferQueueProducer: [com.android.launcher3/com.android.launcher3.Launcher](this:0x7f99953000,id:558,api:1,p:1615,c:230) new GraphicBuffer needed
05-04 15:08:42.495745   230   297 D GraphicBuffer: free, handle(0x7f9e14a0e0) (w:768 h:1366 s:768 f:0x1 u:0x000900)
05-04 15:08:42.495906   230   297 I [MALI][Gralloc]: [-]hnd(0x7f9e14a0e0), client(27), share_fd(72)
