----- timezone:GMT
05-04 15:08:32.180493   216   251 I fsck_msdos: The fsck_msdos options input by caller :
05-04 15:08:32.181683   216   251 I fsck_msdos:  -p
05-04 15:08:32.181776   216   251 I fsck_msdos:  -f
05-04 15:08:32.182037   216   251 I fsck_msdos: ** /dev/block/vold/public:8,1
05-04 15:08:32.183304  1081  1461 D SettingsInterface:  from settings cache , name = accessibility_display_inversion_enabled , value = null
05-04 15:08:32.183537  1081  1461 D SettingsInterface:  from settings cache , name = zen_mode , value = null
05-04 15:08:32.184460 26361 26361 I FSCK    :  - fill other info to struct bootblock
05-04 15:08:32.184748 26361 26361 I FSCK    : readfat()
05-04 15:08:32.184856 26361 26361 I FSCK    :  - readFATsec = 242
05-04 15:08:32.185099  1569  1605 D SettingsInterface:  from settings cache , name = multi_sim_voice_call , value = null
05-04 15:08:32.185754   216   251 I fsck_msdos:  OEM name and version : ')o-H]IHC' 
05-04 15:08:32.185849   216   251 I fsck_msdos:  MTK_VFAT_MAX_FILE_SIZE:4294967295, fat_entry_max_len:262144, bytes per cluster:16384
05-04 15:08:32.185959   216   251 I fsck_msdos: ** Phase 1 - Read and Compare FATs
05-04 15:08:32.186145   216   251 I fsck_msdos: Attempting to allocate 121 KB for FAT 
05-04 15:08:32.186175 26361 26361 I FSCK    :  - Try to allocate buffer/fat.
05-04 15:08:32.186264   216   251 I fsck_msdos: Allocate for fatEntry (61801 x 16) = 965 KB 
05-04 15:08:32.187139   216   251 I fsck_msdos: System MemFree: 18208 kB, Cached: 226272 kB 
05-04 15:08:32.188820  1081  1461 D SettingsInterface:  from settings cache , name = airplane_mode_on , value = 0
05-04 15:08:32.189041  1081  1461 D QSTile.AirplaneModeTile: handleAnimationState() mSwitching= false, mCount= 0
05-04 15:08:32.195560  1081  1461 D SettingsInterface:  from settings cache , name = location_providers_allowed , value = 
05-04 15:08:32.195999  1081  1461 D SettingsInterface:  from settings cache , name = location_providers_allowed , value = 
05-04 15:08:32.196297  1081  1461 D CastController: getCastDevices: false
05-04 15:08:32.196392  1081  1461 D QSTile.CastTile: update items: 0
05-04 15:08:32.198340   774  1171 D SettingsInterface:  from settings cache , name = tether_supported , value = null
05-04 15:08:32.198628  1081  1081 D CellularTile: setNoSims, noSim = true
05-04 15:08:32.198628   774  1171 D Tethering: isGeminiSupport: true
05-04 15:08:32.200281  1081  1081 D SettingsInterface:  from settings cache , name = location_providers_allowed , value = 
05-04 15:08:32.200415  1081  1081 D SettingsInterface:  from settings cache , name = location_providers_allowed , value = 
05-04 15:08:32.201385  1569  1957 D SettingsInterface:  from settings cache , name = multi_sim_data_call , value = -1
05-04 15:08:32.203294   774  1171 E Tethering: updateConfiguration: wrong MCCMNC =null
05-04 15:08:32.203403   774  1171 I Tethering: ifaceTypes = null, use default
05-04 15:08:32.203515   774  1171 I Tethering: upstreamIfaceTypes.add:0
05-04 15:08:32.203630   774  1171 I Tethering: upstreamIfaceTypes.add:1
05-04 15:08:32.203673 26361 26361 I FSCK    : 1st FAT, check media-type and dirty-bits
05-04 15:08:32.203866 26361 26361 I FSCK    :  - Read next-value to fatEntry[] 2 ~ f169
05-04 15:08:32.203684   774  1171 I Tethering: upstreamIfaceTypes.add:5
05-04 15:08:32.205334   774  1171 I Tethering: upstreamIfaceTypes.add:7
05-04 15:08:32.205470   774  1171 I Tethering: upstreamIfaceTypes.add:9
05-04 15:08:32.205526   774  1171 I Tethering: upstreamIfaceTypes.add:49
05-04 15:08:32.207781 26361 26361 I FSCK    : readfat()
05-04 15:08:32.207935 26361 26361 I FSCK    :  - readFATsec = 242
05-04 15:08:32.209101 26361 26361 I FSCK    :  - Try to allocate buffer/fat.
05-04 15:08:32.209300   216   251 I fsck_msdos: Attempting to allocate 121 KB for FAT 
05-04 15:08:32.210748   216   251 I fsck_msdos: Allocate for fatEntry (61801 x 16) = 965 KB 
05-04 15:08:32.210981   216   251 I fsck_msdos: System MemFree: 16736 kB, Cached: 226320 kB 
05-04 15:08:32.211324  1569  1599 D SettingsInterface:  from settings cache , name = tether_dun_required , value = null
05-04 15:08:32.211698  1569  1599 D SettingsInterface:  from settings cache , name = tether_dun_apn , value = null
05-04 15:08:32.212698   774  1171 I Tethering: checkDunRequired:2
05-04 15:08:32.212794   774  1171 D Tethering: mPreferredUpstreamMobileApn = 5
05-04 15:08:32.212859   774  1171 D Tethering: isTetheringIpv6Support: true
05-04 15:08:32.212966   774  1171 D SettingsInterface:  from settings cache , name = tether_ipv6_feature , value = 0
05-04 15:08:32.213034   774  1171 D Tethering: getIpv6FeatureEnable:0
05-04 15:08:32.213616  1081  1461 D SettingsInterface:  from settings cache , name = airplane_mode_on , value = 0
05-04 15:08:32.215628 26361 26361 I FSCK    : 1st FAT, check media-type and dirty-bits
05-04 15:08:32.215782 26361 26361 I FSCK    :  - Read next-value to fatEntry[] 2 ~ f169
05-04 15:08:32.216079  1569  1921 D SettingsInterface:  from settings cache , name = multi_sim_voice_call , value = null
05-04 15:08:32.220495   774  1027 D PerfServiceManager: [PerfService] MESSAGE_TIMEOUT:103 
05-04 15:08:32.221326   774  1027 I libPerfService: 3: set: 3
05-04 15:08:32.221606   774  1027 I libPerfService: 3: set freq: 819000
05-04 15:08:32.221678   774  1027 I libPerfService: 3: set vcore level: 0
05-04 15:08:32.221779   216   251 I fsck_msdos: Phase#1 took 36765 usecs
05-04 15:08:32.222309 26361 26361 I FSCK    : checkfat()
05-04 15:08:32.222407   216   251 I fsck_msdos: ** Phase 2 - Check Cluster Chains
05-04 15:08:32.222432 26361 26361 I FSCK    :  - Figure out the cluster chains.
05-04 15:08:32.224035 26361 26361 I FSCK    :  - Check for crosslinked chains
05-04 15:08:32.225798   216   251 I fsck_msdos: Phase#2 took 3821 usecs
05-04 15:08:32.225816 26361 26361 I FSCK    : resetDosDirSection()
05-04 15:08:32.225943   216   251 I fsck_msdos: ** Phase 3 - Checking Directories
05-04 15:08:32.225982 26361 26361 I FSCK    : readDosDirSection()
05-04 15:08:32.226082 26361 26361 I FSCK    :  - Check non-FAT32 ROOT
05-04 15:08:32.226235 26361 26361 I FSCK    :  - chain start from cl#3 is used!
05-04 15:08:32.226339 26361 26361 I FSCK    :  - gather more info for dir(/LOST.DIR)
05-04 15:08:32.226476 26361 26361 I FSCK    : check_dot_dot().. Directory must have (.) and (..).
05-04 15:08:32.226682 26361 26361 I FSCK    :  - chain start from cl#4 is used!
05-04 15:08:32.226786 26361 26361 I FSCK    :  - gather more info for dir(/.android_secure)
05-04 15:08:32.226918 26361 26361 I FSCK    : check_dot_dot().. Directory must have (.) and (..).
05-04 15:08:32.227080 26361 26361 I FSCK    :  - chain start from cl#5 is used!
05-04 15:08:32.227186 26361 26361 I FSCK    :  - gather more info for dir(/??Chceklist)
05-04 15:08:32.227316 26361 26361 I FSCK    : check_dot_dot().. Directory must have (.) and (..).
05-04 15:08:32.227482 26361 26361 I FSCK    :  - chain start from cl#1902 is used!
05-04 15:08:32.227587 26361 26361 I FSCK    :  - gather more info for dir(/2015?11?????)
05-04 15:08:32.227720 26361 26361 I FSCK    : check_dot_dot().. Directory must have (.) and (..).
05-04 15:08:32.230730  1569  1786 D SettingsInterface:  from settings cache , name = multi_sim_voice_call , value = null
05-04 15:08:32.231607 26361 26361 I FSCK    : readDosDirSection()
05-04 15:08:32.231971 26361 26361 I FSCK    :  - chain start from cl#1902 is used!
05-04 15:08:32.232110 26361 26361 I FSCK    :  - gather more info for dir(/2015?11?????/.)
05-04 15:08:32.232221 26361 26361 I FSCK    :  - gather more info for dir(/2015?11?????/..)
05-04 15:08:32.232324 26361 26361 I FSCK    :  - chain start from cl#1903 is used!
05-04 15:08:32.232424 26361 26361 I FSCK    :  - chain start from cl#1a23 is used!
05-04 15:08:32.232518 26361 26361 I FSCK    :  - chain start from cl#1c10 is used!
05-04 15:08:32.232874 26361 26361 I FSCK    :  - chain start from cl#1c2f is used!
05-04 15:08:32.232978 26361 26361 I FSCK    :  - chain start from cl#1f67 is used!
05-04 15:08:32.233077 26361 26361 I FSCK    :  - chain start from cl#1fcc is used!
05-04 15:08:32.233174 26361 26361 I FSCK    :  - chain start from cl#21cd is used!
05-04 15:08:32.233270 26361 26361 I FSCK    :  - chain start from cl#2324 is used!
05-04 15:08:32.233419 26361 26361 I FSCK    :  - chain start from cl#23a8 is used!
05-04 15:08:32.233523 26361 26361 I FSCK    :  - chain start from cl#2941 is used!
05-04 15:08:32.233623 26361 26361 I FSCK    :  - chain start from cl#2bd5 is used!
05-04 15:08:32.233719 26361 26361 I FSCK    :  - chain start from cl#308b is used!
05-04 15:08:32.233814 26361 26361 I FSCK    :  - chain start from cl#3140 is used!
05-04 15:08:32.233910 26361 26361 I FSCK    :  - chain start from cl#32e1 is used!
05-04 15:08:32.234006 26361 26361 I FSCK    :  - chain start from cl#33fb is used!
05-04 15:08:32.234098 26361 26361 I FSCK    :  - chain start from cl#350c is used!
05-04 15:08:32.234192 26361 26361 I FSCK    :  - chain start from cl#358d is used!
05-04 15:08:32.234481  1569  1785 D SettingsInterface:  from settings cache , name = multi_sim_voice_call , value = null
05-04 15:08:32.234656 26361 26361 I FSCK    :  - chain start from cl#376b is used!
05-04 15:08:32.234773 26361 26361 I FSCK    :  - chain start from cl#37ec is used!
05-04 15:08:32.234873 26361 26361 I FSCK    :  - chain start from cl#3882 is used!
05-04 15:08:32.234966 26361 26361 I FSCK    :  - chain start from cl#396f is used!
05-04 15:08:32.235061 26361 26361 I FSCK    :  - chain start from cl#3a4c is used!
05-04 15:08:32.235155 26361 26361 I FSCK    :  - chain start from cl#3a85 is used!
05-04 15:08:32.235254 26361 26361 I FSCK    :  - chain start from cl#3cd9 is used!
05-04 15:08:32.235346 26361 26361 I FSCK    :  - chain start from cl#441b is used!
05-04 15:08:32.235441 26361 26361 I FSCK    :  - chain start from cl#4c44 is used!
05-04 15:08:32.235532 26361 26361 I FSCK    :  - chain start from cl#4e32 is used!
05-04 15:08:32.235626 26361 26361 I FSCK    :  - chain start from cl#5093 is used!
05-04 15:08:32.235717 26361 26361 I FSCK    :  - chain start from cl#553c is used!
05-04 15:08:32.235808 26361 26361 I FSCK    :  - chain start from cl#5831 is used!
05-04 15:08:32.235899 26361 26361 I FSCK    :  - chain start from cl#5e60 is used!
05-04 15:08:32.235991 26361 26361 I FSCK    :  - chain start from cl#648a is used!
05-04 15:08:32.236124 26361 26361 I FSCK    :  - chain start from cl#65c2 is used!
05-04 15:08:32.236218 26361 26361 I FSCK    :  - chain start from cl#6876 is used!
05-04 15:08:32.236314 26361 26361 I FSCK    :  - chain start from cl#6a94 is used!
05-04 15:08:32.236407 26361 26361 I FSCK    :  - chain start from cl#6acf is used!
05-04 15:08:32.236503 26361 26361 I FSCK    :  - chain start from cl#6b8f is used!
05-04 15:08:32.236602 26361 26361 I FSCK    :  - chain start from cl#6c8b is used!
05-04 15:08:32.236826 26361 26361 I FSCK    :  - chain start from cl#6d33 is used!
05-04 15:08:32.236925 26361 26361 I FSCK    :  - chain start from cl#6ddb is used!
05-04 15:08:32.237029 26361 26361 I FSCK    :  - chain start from cl#70d5 is used!
05-04 15:08:32.237124 26361 26361 I FSCK    :  - chain start from cl#784d is used!
05-04 15:08:32.237217 26361 26361 I FSCK    :  - chain start from cl#79ac is used!
05-04 15:08:32.237311 26361 26361 I FSCK    :  - chain start from cl#8348 is used!
05-04 15:08:32.237402 26361 26361 I FSCK    :  - chain start from cl#83fa is used!
05-04 15:08:32.237495 26361 26361 I FSCK    :  - chain start from cl#8909 is used!
05-04 15:08:32.237589 26361 26361 I FSCK    :  - chain start from cl#8a06 is used!
05-04 15:08:32.237862 26361 26361 I FSCK    :  - chain start from cl#8eb1 is used!
05-04 15:08:32.237964 26361 26361 I FSCK    :  - chain start from cl#90fc is used!
05-04 15:08:32.238064 26361 26361 I FSCK    :  - chain start from cl#9189 is used!
05-04 15:08:32.238159 26361 26361 I FSCK    :  - chain start from cl#9336 is used!
05-04 15:08:32.238257 26361 26361 I FSCK    :  - chain start from cl#941d is used!
05-04 15:08:32.238354 26361 26361 I FSCK    :  - chain start from cl#9441 is used!
05-04 15:08:32.238447 26361 26361 I FSCK    :  - chain start from cl#94eb is used!
05-04 15:08:32.238539 26361 26361 I FSCK    :  - chain start from cl#9558 is used!
05-04 15:08:32.238633 26361 26361 I FSCK    :  - chain start from cl#9a4e is used!
05-04 15:08:32.238731 26361 26361 I FSCK    :  - chain start from cl#a0e5 is used!
05-04 15:08:32.238827 26361 26361 I FSCK    :  - chain start from cl#a135 is used!
05-04 15:08:32.238937 26361 26361 I FSCK    :  - chain start from cl#a1a0 is used!
05-04 15:08:32.239040 26361 26361 I FSCK    :  - chain start from cl#a27c is used!
05-04 15:08:32.239140 26361 26361 I FSCK    :  - chain start from cl#a361 is used!
05-04 15:08:32.239242 26361 26361 I FSCK    :  - chain start from cl#a3ef is used!
05-04 15:08:32.239488 26361 26361 I FSCK    :  - chain start from cl#a5a9 is used!
05-04 15:08:32.239694 26361 26361 I FSCK    :  - chain start from cl#a73c is used!
05-04 15:08:32.241229  1081  1461 D SettingsInterface:  from settings cache , name = location_providers_allowed , value = 
05-04 15:08:32.241508  1081  1461 D SettingsInterface:  from settings cache , name = location_providers_allowed , value = 
05-04 15:08:32.239854 26361 26361 I FSCK    :  - chain start from cl#a97f is used!
05-04 15:08:32.242857 26361 26361 I FSCK    :  - chain start from cl#abb4 is used!
05-04 15:08:32.242990 26361 26361 I FSCK    :  - chain start from cl#ac52 is used!
05-04 15:08:32.243106 26361 26361 I FSCK    :  - chain start from cl#ac98 is used!
05-04 15:08:32.243207 26361 26361 I FSCK    :  - chain start from cl#b054 is used!
05-04 15:08:32.243313 26361 26361 I FSCK    :  - chain start from cl#b59e is used!
05-04 15:08:32.243513 26361 26361 I FSCK    :  - chain start from cl#b650 is used!
05-04 15:08:32.243631 26361 26361 I FSCK    :  - chain start from cl#b893 is used!
05-04 15:08:32.243755 26361 26361 I FSCK    : readDosDirSection()
05-04 15:08:32.243899 26361 26361 I FSCK    :  - chain start from cl#5 is used!
05-04 15:08:32.244018 26361 26361 I FSCK    :  - gather more info for dir(/??Chceklist/.)
05-04 15:08:32.244130 26361 26361 I FSCK    :  - gather more info for dir(/??Chceklist/..)
05-04 15:08:32.244247 26361 26361 I FSCK    :  - chain start from cl#6 is used!
05-04 15:08:32.244365 26361 26361 I FSCK    :  - chain start from cl#175 is used!
05-04 15:08:32.244483 26361 26361 I FSCK    :  - chain start from cl#2c0 is used!
05-04 15:08:32.244586 26361 26361 I FSCK    :  - chain start from cl#4d6 is used!
05-04 15:08:32.244692 26361 26361 I FSCK    :  - chain start from cl#5e3 is used!
05-04 15:08:32.244809 26361 26361 I FSCK    :  - chain start from cl#5ea is used!
05-04 15:08:32.244926 26361 26361 I FSCK    :  - chain start from cl#5ef is used!
05-04 15:08:32.245043 26361 26361 I FSCK    :  - chain start from cl#679 is used!
05-04 15:08:32.245165 26361 26361 I FSCK    :  - chain start from cl#780 is used!
05-04 15:08:32.245282 26361 26361 I FSCK    :  - chain start from cl#899 is used!
05-04 15:08:32.245397 26361 26361 I FSCK    :  - chain start from cl#a5a is used!
05-04 15:08:32.245511 26361 26361 I FSCK    :  - chain start from cl#b2c is used!
05-04 15:08:32.245612 26361 26361 I FSCK    :  - chain start from cl#be0 is used!
05-04 15:08:32.245720 26361 26361 I FSCK    :  - chain start from cl#d98 is used!
05-04 15:08:32.245829 26361 26361 I FSCK    :  - chain start from cl#e4d is used!
05-04 15:08:32.245939 26361 26361 I FSCK    :  - chain start from cl#f1b is used!
05-04 15:08:32.246035 26361 26361 I FSCK    :  - chain start from cl#102c is used!
05-04 15:08:32.246142 26361 26361 I FSCK    :  - chain start from cl#1067 is used!
05-04 15:08:32.246244 26361 26361 I FSCK    :  - chain start from cl#1068 is used!
05-04 15:08:32.246342 26361 26361 I FSCK    :  - chain start from cl#11e6 is used!
05-04 15:08:32.246438 26361 26361 I FSCK    :  - chain start from cl#12ee is used!
05-04 15:08:32.246534 26361 26361 I FSCK    :  - chain start from cl#12f6 is used!
05-04 15:08:32.246723 26361 26361 I FSCK    :  - chain start from cl#1426 is used!
05-04 15:08:32.246825 26361 26361 I FSCK    :  - chain start from cl#15db is used!
05-04 15:08:32.246926 26361 26361 I FSCK    :  - chain start from cl#172a is used!
05-04 15:08:32.247075 26361 26361 I FSCK    : readDosDirSection()
05-04 15:08:32.247215 26361 26361 I FSCK    :  - chain start from cl#4 is used!
05-04 15:08:32.247312 26361 26361 I FSCK    :  - gather more info for dir(/.android_secure/.)
05-04 15:08:32.247426 26361 26361 I FSCK    :  - gather more info for dir(/.android_secure/..)
05-04 15:08:32.247574 26361 26361 I FSCK    : readDosDirSection()
05-04 15:08:32.247722 26361 26361 I FSCK    :  - chain start from cl#3 is used!
05-04 15:08:32.247823 26361 26361 I FSCK    :  - gather more info for dir(/LOST.DIR/.)
05-04 15:08:32.247927 26361 26361 I FSCK    :  - gather more info for dir(/LOST.DIR/..)
05-04 15:08:32.248254   216   251 I fsck_msdos: Phase#3 took 22307 usecs
05-04 15:08:32.248365 26361 26361 I FSCK    : checklost()
05-04 15:08:32.248424   216   251 I fsck_msdos: ** Phase 4 - Checking for Lost Files
05-04 15:08:32.249557 26361 26361 I FSCK    :  - check boot->FSInfo
05-04 15:08:32.250285   216   251 I fsck_msdos: Phase#4 took 1536 usecs
05-04 15:08:32.250507   216   251 I fsck_msdos: 102 files, 195712 free (12232 clusters)
05-04 15:08:32.253159   216   251 I fsck_msdos: Total fsck time took 72336 usecs
05-04 15:08:32.253393   216   251 I fsck_msdos: === FSCK Time Usage ===
05-04 15:08:32.253483   216   251 I fsck_msdos: Phase#1 tooks 36765 usecs.
05-04 15:08:32.253584   216   251 I fsck_msdos: Phase#2 tooks 3821 usecs.
05-04 15:08:32.253679   216   251 I fsck_msdos: Phase#3 tooks 22307 usecs.
05-04 15:08:32.253791   216   251 I fsck_msdos: Phase#4 tooks 1536 usecs.
05-04 15:08:32.253884   216   251 I fsck_msdos: Total fsck tooks 72336 usecs.
05-04 15:08:32.309486   774   812 I StorageManagerEx: get path from system property, path=/storage/emulated/0
05-04 15:08:32.311323  1081  1081 D StorageNotification: Notifying about public volume: VolumeInfo{public:8,1}:
05-04 15:08:32.311323  1081  1081 D StorageNotification:     type=PUBLIC diskId=disk:8,0 partGuid=null mountFlags=0 mountUserId=0 
05-04 15:08:32.311323  1081  1081 D StorageNotification:     state=MOUNTED 
05-04 15:08:32.311323  1081  1081 D StorageNotification:     fsType=vfat fsUuid=3B23-A78E fsLabel= 
05-04 15:08:32.311323  1081  1081 D StorageNotification:     path=/mnt/media_rw/3B23-A78E internalPath=/mnt/media_rw/3B23-A78E 
05-04 15:08:32.319394   774   808 I memtrack_graphic: graphic_memtrack_get_memory match 4:      ion_mm_heap 26036  6815744   8 ffffffc00736c3c0 ffffffc029b7c840.
05-04 15:08:32.319394   774   808 I memtrack_graphic:  : 26036 26036 6815744 8 851968
05-04 15:08:32.320058 26072 26072 D ExternalStorage: After updating volumes, found 2 active roots
05-04 15:08:32.320984   774 13786 V ContentService: Notified android.database.IContentObserver$Stub$Proxy@e40028c of update at content://com.android.externalstorage.documents
05-04 15:08:32.321222   774 13786 V ContentService: Notified android.database.IContentObserver$Stub$Proxy@fb8832e of update at content://com.android.externalstorage.documents
05-04 15:08:32.327594 26072 26072 D ExternalStorage: After updating volumes, found 2 active roots
05-04 15:08:32.328175   774 13786 V ContentService: Notifying update of content://com.android.externalstorage.documents for user 0 from observer null, syncToNetwork false
05-04 15:08:32.328644   774 13786 V ContentService: Notified android.database.IContentObserver$Stub$Proxy@e40028c of update at content://com.android.externalstorage.documents
05-04 15:08:32.329395   774 13786 V ContentService: Notified android.database.IContentObserver$Stub$Proxy@fb8832e of update at content://com.android.externalstorage.documents
05-04 15:08:32.334420  1081  1081 D StorageNotification: updateUsbMassStorageNotification - canSharedNum=0,sharedNum=0,mIsUmsConnect=false,mNotifcationState=0
05-04 15:08:32.334531  1081  1081 D StorageNotification: updateUsbMassStorageNotification - What?
05-04 15:08:32.340374   774   774 D AppOps  : noteOperation: allowing code 11 uid 10022 package com.android.systemui
05-04 15:08:32.353021  1081  1081 D StatusBar: mDeviceProvisioned is true
05-04 15:08:32.353203  1081  1081 D StatusBar: interrupt: false
05-04 15:08:32.355362 26072 26270 I CursorWindowStats: Created a new Cursor. # Open Cursors=2 (# cursors opened by pid 26036=2)
05-04 15:08:32.358362 26072 26084 I CursorWindowStats: Created a new Cursor. # Open Cursors=3 (# cursors opened by pid 26036=3)
05-04 15:08:32.368808 26036 26119 D Documents: Loading roots for com.android.externalstorage.documents with [Root{authority=com.android.externalstorage.documents, rootId=primary, title=内部存储空间}, Root{authority=com.android.externalstorage.documents, rootId=3B23-A78E, title=U 盘}]
05-04 15:08:32.369225 26036 26119 D Documents: Update found 8 roots in 38ms
05-04 15:08:32.369906 26036 26118 D Documents: Loading roots for com.android.externalstorage.documents with [Root{authority=com.android.externalstorage.documents, rootId=primary, title=内部存储空间}, Root{authority=com.android.externalstorage.documents, rootId=3B23-A78E, title=U 盘}]
05-04 15:08:32.370008   774  1663 V ContentService: Notifying update of content://com.android.documentsui.roots/ for user 0 from observer null, syncToNetwork false
05-04 15:08:32.370301 26036 26118 D Documents: Update found 8 roots in 47ms
05-04 15:08:32.370479 26036 26036 W Documents: RootsCallback root: Root{authority=com.android.externalstorage.documents, rootId=3B23-A78E, title=U 盘}, newRoot: Root{authority=com.android.externalstorage.documents, rootId=3B23-A78E, title=U 盘}
05-04 15:08:32.370955   774  7928 V ContentService: Notifying update of content://com.android.documentsui.roots/ for user 0 from observer null, syncToNetwork false
05-04 15:08:32.371244 26036 26036 W Documents: RootsCallback root: Root{authority=com.android.externalstorage.documents, rootId=3B23-A78E, title=U 盘}, newRoot: Root{authority=com.android.externalstorage.documents, rootId=3B23-A78E, title=U 盘}
05-04 15:08:32.375595  1081  1081 D SettingsInterface:  from settings cache , name = time_12_24 , value = null
05-04 15:08:32.389858  1081  1081 D SettingsInterface:  from settings cache , name = time_12_24 , value = null
05-04 15:08:32.409765  1081  1081 D SettingsInterface:  from settings cache , name = time_12_24 , value = null
05-04 15:08:32.421066  1081  1081 D SettingsInterface:  from settings cache , name = time_12_24 , value = null
05-04 15:08:32.422983  1081  1081 D StatusBar: mDeviceProvisioned is true
05-04 15:08:32.423090  1081  1081 D StatusBar: mDeviceProvisioned is true
05-04 15:08:32.423135  1081  1081 D StatusBar: mDeviceProvisioned is true
05-04 15:08:32.423269  1081  1081 D StatusBar: mDeviceProvisioned is true
05-04 15:08:32.423339  1081  1081 D StatusBar: mDeviceProvisioned is true
05-04 15:08:32.423382  1081  1081 D StatusBar: mDeviceProvisioned is true
05-04 15:08:32.423552  1081  1081 D StatusBar: mDeviceProvisioned is true
05-04 15:08:32.424425  1081  1081 D DefaultStatusBarPlmnPlugin: into supportCustomizeCarrierLabel: false
05-04 15:08:32.665930   230   260 I BufferQueueProducer: [StatusBar](this:0x7f9abcdc00,id:7,api:1,p:1081,c:230) queueBuffer: fps=39.42 dur=1014.80 max=217.08 min=7.04
05-04 15:08:32.674221   230   230 I SurfaceFlinger: [Built-in Screen (type:0)] fps:39.945442,dur:1001.37,max:149.62,min:14.83
05-04 15:08:32.745737  1798  1803 I PerfService: PerfServiceNative_getPackName
05-04 15:08:32.746243   774   793 I libPerfService: perfGetLastBoostPid 1615
05-04 15:08:32.746559   774   793 D PerfServiceManager: [PerfService] getLastBoostPid 1615 
05-04 15:08:32.746749   774   793 I libPerfService: perfGetLastBoostPid 1615
05-04 15:08:32.871059   559 25311 I EMDLOGGER1: MDL rate:31 KB/s, full count:0
05-04 15:08:33.354621   774  1027 D PerfServiceManager: [PerfService] MESSAGE_TIMEOUT:105 
05-04 15:08:33.355012   774  1027 I libPerfService: 5: set: 1
05-04 15:08:33.355255   774  1027 I libPerfService: 5: set freq: 0
05-04 15:08:33.355315   774  1027 I libPerfService: 5: set vcore level: 0
05-04 15:08:33.355848   774  1027 D PerfServiceManager: [PerfService] set utilization:0.8 
05-04 15:08:33.365661   774   985 D InputReader: AP_PROF:AppLaunch_dispatchPtr:Down:12000383, ID:0, Index:1923485632
05-04 15:08:33.366226   774   985 I PerfService: PerfServiceNative_boostEnableAsync:3
05-04 15:08:33.368976   774  1027 I libPerfService: 3: set freq: 819000
05-04 15:08:33.369386   774  1027 I libPerfService: 3: set: 3
05-04 15:08:33.481342   774   985 D InputReader: AP_PROF:AppLaunch_dispatchPtr:Up:12000499, ID:0, Index:1923489024
05-04 15:08:33.481509   774   985 I PerfService: PerfServiceNative_boostEnableTimeoutMsAsync:3, 100
05-04 15:08:33.487551  1081  1081 D SettingsInterface:  from settings cache , name = sound_effects_enabled , value = 0
05-04 15:08:33.487722  1081  1081 D StatusBar: Clicked on content of -1|com.android.systemui|1397773634|public:8,1|10022
05-04 15:08:33.523102  1615  1615 V InputMethodManager: onWindowFocus: null softInputMode=32 first=false flags=#81910100
05-04 15:08:33.525570  1081  1081 D PhoneStatusBar: hiding the MENU button
05-04 15:08:33.544726   774  1027 I libPerfService: 1: set freq: 1300000
05-04 15:08:33.544685   230  1530 I BufferQueueProducer: [com.android.launcher3/com.android.launcher3.Launcher](this:0x7f99953000,id:553,api:1,p:1615,c:230) new GraphicBuffer needed
05-04 15:08:33.544829   230  1530 D GraphicBuffer: free, handle(0x7f9e61f080) (w:768 h:1366 s:768 f:0x1 u:0x000900)
05-04 15:08:33.544994   230  1530 I [MALI][Gralloc]: [-]hnd(0x7f9e61f080), client(27), share_fd(34)
05-04 15:08:33.545103   774  1027 I libPerfService: 1: set: 4
05-04 15:08:33.551920   230  1530 I [MALI][Gralloc]: [+]hnd(0x7f9e61f080), client(27), share_fd(34), hnd->flags:4
05-04 15:08:33.552059   230  1530 D GraphicBuffer: alloc, handle(0x7f9e61f080) (w:1366 h:768 s:1376 f:0x1 u:0x000b00) err(0)
05-04 15:08:33.554913  1615  1757 I [MALI][Gralloc]: [+]r_hnd(0x7f74b30020), client(35), share_fd(58)
05-04 15:08:33.555031  1615  1757 D GraphicBuffer: register, handle(0x7f74b30020) (w:1366 h:768 s:1376 f:0x1 u:0x000b00)
05-04 15:08:33.557892   774   805 I libPerfService: perfSetFavorPid - pid:26036, 65b4
05-04 15:08:33.561054   774   805 D InputReader: InputReader:: getSwitchState lock 
05-04 15:08:33.561144   774   805 D InputReader: InputReader::getStateLocked:: return 
05-04 15:08:33.562629   234   535 D MAL-Daemon: URC = (+ECSQ: 31,99,-318,1,1,1,1,0,32767
05-04 15:08:33.562629   234   535 D MAL-Daemon: )[void* rilproxy_urc_thread(void*), 961]: 
05-04 15:08:33.562934   234   535 I MAL-Daemon: mdfx_event_do_statistic(): [STATISTIC] TID = 535 has used 0 + 516 bytes!!
05-04 15:08:33.562934   234   535 I MAL-Daemon: [mdfx_event_do_statistic, 150]: 
05-04 15:08:33.563053   234   535 W MAL-Daemon: event_get_last_addr(): No data available!!
05-04 15:08:33.563053   234   535 W MAL-Daemon: [event_get_last_addr, 472]: 
05-04 15:08:33.563143   234   535 I MAL-Daemon: mdfx_event_do_statistic(): [STATISTIC] TID = 535 has used 516  -516 bytes!!
05-04 15:08:33.563143   234   535 I MAL-Daemon: [mdfx_event_do_statistic, 150]: 
05-04 15:08:33.563295   234   535 I MAL-Daemon: mdfx_event_do_statistic(): [STATISTIC] TID = 535 has used 0 + 516 bytes!!
05-04 15:08:33.563295   234   535 I MAL-Daemon: [mdfx_event_do_statistic, 150]: 
05-04 15:08:33.563375   234   535 W MAL-Daemon: event_get_last_addr(): No data available!!
05-04 15:08:33.563375   234   535 W MAL-Daemon: [event_get_last_addr, 472]: 
05-04 15:08:33.563445   234   535 I MAL-Daemon: mdfx_event_do_statistic(): [STATISTIC] TID = 535 has used 516  -516 bytes!!
05-04 15:08:33.563445   234   535 I MAL-Daemon: [mdfx_event_do_statistic, 150]: 
05-04 15:08:33.563880   234   514 D MAL-Daemon: ati_entity_ati_task_hdl(): AT Cmd Rsp. = "+ECSQ: 31,99,-318,1,1,1,1,0,32767
05-04 15:08:33.563880   234   514 D MAL-Daemon: "
05-04 15:08:33.563880   234   514 D MAL-Daemon: [ati_entity_atc_task_hdl, 390]: 
05-04 15:08:33.563945   234   514 D MAL-Daemon: ati_entity_ati_task_hdl(): receiving a URC, "+ECSQ: 31,99,-318,1,1,1,1,0,32767
05-04 15:08:33.563945   234   514 D MAL-Daemon: "!!
05-04 15:08:33.563945   234   514 D MAL-Daemon: [ati_entity_atc_task_hdl, 395]: 
05-04 15:08:33.564059   234   514 I MAL-Daemon: ati_entity_ati_task_hdl(): sening out a ATC or URC "
05-04 15:08:33.564059   234   514 I MAL-Daemon: +ECSQ: 31,99,-318,1,1,1,1,0,32767
05-04 15:08:33.564059   234   514 I MAL-Daemon: 
05-04 15:08:33.564059   234   514 I MAL-Daemon: " to FD = 10!!
05-04 15:08:33.564059   234   514 I MAL-Daemon: [ati_entity_atc_task_hdl, 499]: 
05-04 15:08:33.564214   234   514 I MAL-Daemon: mdfx_event_do_statistic(): [STATISTIC] TID = 514 has used -2782564  -516 bytes!!
05-04 15:08:33.564214   234   514 I MAL-Daemon: [mdfx_event_do_statistic, 150]: 
05-04 15:08:33.564609   234   532 I MAL-Daemon: mdfx_event_do_statistic(): [STATISTIC] TID = 532 has used 0 + 516 bytes!!
05-04 15:08:33.564609   234   532 I MAL-Daemon: [mdfx_event_do_statistic, 150]: 
05-04 15:08:33.564674   234   532 I MAL-Daemon: [RDS-I][RU][rds_ru_task] RCV Event: 104 
05-04 15:08:33.564674   234   532 I MAL-Daemon: [rds_ru_task, 413]: 
05-04 15:08:33.564780   234   532 I MAL-Daemon: [RDS-I][RDS][rds_ru_urc_hdlr] get URC: +ECSQ: 31,99,-318,1,1,1,1,0,32767
05-04 15:08:33.564780   234   532 I MAL-Daemon: 
05-04 15:08:33.564780   234   532 I MAL-Daemon: [rds_ru_urc_hdlr, 1148]: 
05-04 15:08:33.564838   234   532 I MAL-Daemon: [RDS-I][RDS][ru_parse_3gppsigval] 3gppsigval #args act<0>
05-04 15:08:33.564838   234   532 I MAL-Daemon: [ru_parse_3gppsigval, 906]: 
05-04 15:08:33.564992   234   532 I MAL-Daemon: [RDS-I][RDS][RU][rds_ru_urc_hdlr] Update 3GPP STATUS rsrp<0> regstat<6> 
05-04 15:08:33.564992   234   532 I MAL-Daemon: [rds_ru_urc_hdlr, 1258]: 
05-04 15:08:33.565046   230   258 I BufferQueueProducer: [com.android.launcher3/com.android.launcher3.Launcher](this:0x7f99953000,id:553,api:1,p:1615,c:230) queueBuffer: fps=0.40 dur=7530.71 max=7262.28 min=53.78
05-04 15:08:33.565061   234   532 I MAL-Daemon: mdfx_event_do_statistic(): [STATISTIC] TID = 532 has used 516 + 516 bytes!!
05-04 15:08:33.565061   234   532 I MAL-Daemon: [mdfx_event_do_statistic, 150]: 
05-04 15:08:33.565675   234   532 I MAL-Daemon: [RDS-I][RDS][RU][rds_ru_urc_hdlr] ru_check_ctx_ptr<0xf6217a88, 0xf6217a88>
05-04 15:08:33.565675   234   532 I MAL-Daemon: [rds_ru_urc_hdlr, 1263]: 
05-04 15:08:33.565813   234   532 I MAL-Daemon: mdfx_event_do_statistic(): [STATISTIC] TID = 532 has used 1032  -516 bytes!!
05-04 15:08:33.565813   234   532 I MAL-Daemon: [mdfx_event_do_statistic, 150]: 
05-04 15:08:33.565894   234   532 I MAL-Daemon: mdfx_event_do_statistic(): [STATISTIC] TID = 532 has used 516  -516 bytes!!
05-04 15:08:33.565894   234   532 I MAL-Daemon: [mdfx_event_do_statistic, 150]: 
05-04 15:08:33.565967   234   532 I MAL-Daemon: mdfx_event_do_statistic(): [STATISTIC] TID = 532 has used 0 + 516 bytes!!
05-04 15:08:33.565967   234   532 I MAL-Daemon: [mdfx_event_do_statistic, 150]: 
05-04 15:08:33.566041   234   532 I MAL-Daemon: [RDS-I][RU][rds_ru_task] RCV Event: 605 
05-04 15:08:33.566041   234   532 I MAL-Daemon: [rds_ru_task, 413]: 
05-04 15:08:33.566206   234   532 I MAL-Daemon: [RDS-I][RU][EVENT_RU_DM_3GPP_STATUS_IND] i4ltersrp:0 u43gpp_status:0x6
05-04 15:08:33.566206   234   532 I MAL-Daemon: [rds_ru_3gpp_status_ind, 823]: 
05-04 15:08:33.566261   234   532 E MAL-Daemon: [RDS-E][RU][EVENT_RU_DM_3GPP_STATUS_IND] Invalid u43gpp_status:0x6
05-04 15:08:33.566261   234   532 E MAL-Daemon: [rds_ru_3gpp_status_ind, 851]: 
05-04 15:08:33.566345   234   532 I MAL-Daemon: [RDS-I][RDS][OP][rds_op_check_feature] operator id(0) check feature<0>, curr_opmsk is <1>, sys_opmsk is <0x0001, 1>
05-04 15:08:33.566345   234   532 I MAL-Daemon: [rds_op_check_feature, 173]: 
05-04 15:08:33.566408   234   532 I MAL-Daemon: [RDS-I][RU][rds_ru_ims_vops_update][RDS IMS] IMS VOPS IE is Disabled, update IMS RPL from Ori:(255, 255) New:(255,255)
05-04 15:08:33.566408   234   532 I MAL-Daemon: [rds_ru_ims_vops_update, 2303]: 
05-04 15:08:33.566543   234   532 I MAL-Daemon: [RDS-I][RU][rds_ru_rpl_gen][RDS] Current policy: fgimsolte_en<0>, fgwfc_en<0>, erdspolicy<3>, i4wifirssih<-75>, i4wifirssil<-85>, i4ltersrph<-106>, i4ltersrpl<-116>
05-04 15:08:33.566543   234   532 I MAL-Daemon: [rds_ru_rpl_gen, 2436]: 
05-04 15:08:33.566605   234   532 I MAL-Daemon: [RDS-I][RU][rds_ru_rpl_gen][RDS] current rds ru status: i4wifirssi<-127>, i4ltersrp<-81>, u4active_ran<0> 
05-04 15:08:33.566605   234   532 I MAL-Daemon: [rds_ru_rpl_gen, 2439]: 
05-04 15:08:33.566666   234   532 I MAL-Daemon: [RDS-I][RU][RDS IMS/MMS][rds_ru_rpl_gen] Ori:(255,255)/(255,255) New:(255,255)/(255,255)
05-04 15:08:33.566666   234   532 I MAL-Daemon: [rds_ru_rpl_gen, 2445]: 
05-04 15:08:33.566753   234   532 I MAL-Daemon: mdfx_event_do_statistic(): [STATISTIC] TID = 532 has used 516  -516 bytes!!
05-04 15:08:33.566753   234   532 I MAL-Daemon: [mdfx_event_do_statistic, 150]: 
05-04 15:08:33.574258  1569  1569 D SettingsInterface:  from settings cache , name = multi_sim_voice_call , value = null
05-04 15:08:33.581729  1569  1569 D SettingsInterface:  from settings cache , name = multi_sim_voice_call , value = null
05-04 15:08:33.583024   774  1027 D PerfServiceManager: [PerfService] MESSAGE_TIMEOUT:103 
05-04 15:08:33.583701   774  1027 I libPerfService: 3: set freq: 1300000
05-04 15:08:33.583799   774  1027 I libPerfService: 3: set vcore level: 0
05-04 15:08:33.586058  1569  1569 D SettingsInterface:  from settings cache , name = multi_sim_voice_call , value = null
05-04 15:08:33.590308  1569  1569 D SettingsInterface:  from settings cache , name = multi_sim_voice_call , value = null
05-04 15:08:33.595448  1569  1569 D SettingsInterface:  from settings cache , name = multi_sim_voice_call , value = null
05-04 15:08:33.597418 26036 26036 D WindowClient: Remove from mViews: com.android.internal.policy.PhoneWindow$DecorView{5ef8f33 I.E...... R.....ID 0,0-1366,768}, this = android.view.WindowManagerGlobal@6ba43f4
05-04 15:08:33.598881  1569  1569 D SettingsInterface:  from settings cache , name = multi_sim_voice_call , value = null
05-04 15:08:33.612329   774   836 D lights  : write_int open fd=-1
05-04 15:08:33.613871 26036 26036 E MultiWindowProxy: getServiceInstance failed!
05-04 15:08:33.626960 26036 26036 D Documents: onCreate: intent = Intent { act=android.provider.action.BROWSE_DOCUMENT_ROOT cat=[android.intent.category.DEFAULT] dat=content://com.android.externalstorage.documents/root/3B23-A78E flg=0x10000000 cmp=com.android.documentsui/.DocumentsActivity }, extra = null
05-04 15:08:33.644472 26036 26045 I System  : FinalizerDaemon: finalize objects = 19
05-04 15:08:33.656701 26036 26036 D Documents: onStartLoading contentChanged: false, mIsLoading: false, mResult: null
05-04 15:08:33.657539 26036 26121 D Documents: Loading directory for content://com.android.externalstorage.documents/document/3B23-A78E%3A/children with: userMode=0, userSortOrder=0 --> mode=0, sortOrder=1, drmLevel=-1
05-04 15:08:33.658257 26036 26036 V Documents: DirectoryFragment resume from background invalidate to refresh UI
05-04 15:08:33.658706 26036 26036 V PhoneWindow: DecorView setVisiblity: visibility = 4 ,Parent =null, this =com.android.internal.policy.PhoneWindow$DecorView{882d524 I.E...... R.....ID 0,0-0,0}
05-04 15:08:33.659375 26036 26036 D WindowClient: Add to mViews: com.android.internal.policy.PhoneWindow$DecorView{882d524 I.E...... R.....ID 0,0-0,0}, this = android.view.WindowManagerGlobal@6ba43f4
05-04 15:08:33.661049 26036 26085 D OpenGLRenderer: CanvasContext() 0x7f84f02000
05-04 15:08:33.662432 26036 26036 D ViewRootImpl: hardware acceleration is enabled, this = ViewRoot{c112fa com.android.documentsui/com.android.documentsui.DocumentsActivity,ident = 2}
05-04 15:08:33.663819 26072 26084 D ExternalStorage: includeFile docId: 3B23-A78E:LOST.DIR
05-04 15:08:33.664252 26072 26084 D ExternalStorage: includeFile docId: 3B23-A78E:.android_secure
05-04 15:08:33.668148 26036 26036 V PhoneWindow: DecorView setVisiblity: visibility = 0 ,Parent =ViewRoot{c112fa com.android.documentsui/com.android.documentsui.DocumentsActivity,ident = 2}, this =com.android.internal.policy.PhoneWindow$DecorView{882d524 V.E...... R.....ID 0,0-0,0}
05-04 15:08:33.670590 26072 26084 D ExternalStorage: includeFile docId: 3B23-A78E:音频Chceklist
05-04 15:08:33.676243   230   230 I BufferQueue: [unnamed-230-554](this:0x7f99954400,id:554,api:0,p:-1,c:-1) BufferQueue core=(230:/system/bin/surfaceflinger)
05-04 15:08:33.676485   230   230 D BufferQueueDump: [unnamed-230-554] this:0x7f9e628c80, value:0x7fce22b29c, iLen:6
05-04 15:08:33.676815   230   230 I BufferQueueConsumer: [unnamed-230-554](this:0x7f99954400,id:554,api:0,p:-1,c:230) connect(C): consumer=(230:/system/bin/surfaceflinger) controlledByApp=false
05-04 15:08:33.676905   230   230 D BufferQueueDump: [unnamed-230-554] this:0x7f9e628c80, value:0x7fce22b2bc, iLen:6
05-04 15:08:33.676980   230   230 I BufferQueueConsumer: [unnamed-230-554](this:0x7f99954400,id:554,api:0,p:-1,c:230) setConsumerName: unnamed-230-554
05-04 15:08:33.677118   230   230 D BufferQueueDump: [com.android.documentsui/com.android.documentsui.DocumentsActivity] this:0x7f9e628c80, value:0x7fce22b32c, iLen:6
05-04 15:08:33.677175   230   230 I BufferQueueConsumer: [com.android.documentsui/com.android.documentsui.DocumentsActivity](this:0x7f99954400,id:554,api:0,p:-1,c:230) setConsumerName: com.android.documentsui/com.android.documentsui.DocumentsActivity
05-04 15:08:33.677253   230   230 I BufferQueueConsumer: [com.android.documentsui/com.android.documentsui.DocumentsActivity](this:0x7f99954400,id:554,api:0,p:-1,c:230) setDefaultBufferSize: width=768 height=1306
05-04 15:08:33.679055 26072 26084 D ExternalStorage: includeFile docId: 3B23-A78E:2015年11月学习系统
05-04 15:08:33.679237   230   297 I BufferQueueProducer: [StatusBar](this:0x7f9abcdc00,id:7,api:1,p:1081,c:230) queueBuffer: fps=35.53 dur=1013.32 max=424.10 min=9.97
05-04 15:08:33.683496   230   230 I SurfaceFlinger: [Built-in Screen (type:0)] fps:36.659588,dur:1009.29,max:406.87,min:9.10
05-04 15:08:33.684939  1081  1081 D PhoneStatusBar: hiding the MENU button
05-04 15:08:33.688802 26072 26362 I CursorWindowStats: Created a new Cursor. # Open Cursors=1 (# cursors opened by pid 26036=1)
05-04 15:08:33.690557 26036 26121 V Documents: SortingCursorWrapper init 4(4) with needShowDrmMethod = 15
05-04 15:08:33.692551 26036 26121 V SQLiteCursor: Cursor open object=159212742
05-04 15:08:33.692551 26036 26121 V SQLiteCursor: java.lang.Throwable: stacktrace
05-04 15:08:33.692551 26036 26121 V SQLiteCursor: 	at android.database.sqlite.SQLiteCursor.<init>(SQLiteCursor.java:117)
05-04 15:08:33.692551 26036 26121 V SQLiteCursor: 	at android.database.sqlite.SQLiteDirectCursorDriver.query(SQLiteDirectCursorDriver.java:50)
05-04 15:08:33.692551 26036 26121 V SQLiteCursor: 	at android.database.sqlite.SQLiteDatabase.rawQueryWithFactory(SQLiteDatabase.java:1346)
05-04 15:08:33.692551 26036 26121 V SQLiteCursor: 	at android.database.sqlite.SQLiteDatabase.queryWithFactory(SQLiteDatabase.java:1193)
05-04 15:08:33.692551 26036 26121 V SQLiteCursor: 	at android.database.sqlite.SQLiteDatabase.query(SQLiteDatabase.java:1064)
05-04 15:08:33.692551 26036 26121 V SQLiteCursor: 	at android.database.sqlite.SQLiteDatabase.query(SQLiteDatabase.java:1232)
05-04 15:08:33.692551 26036 26121 V SQLiteCursor: 	at com.android.documentsui.RecentsProvider.query(RecentsProvider.java:190)
05-04 15:08:33.692551 26036 26121 V SQLiteCursor: 	at android.content.ContentProvider.query(ContentProvider.java:1070)
05-04 15:08:33.692551 26036 26121 V SQLiteCursor: 	at android.content.ContentProvider$Transport.query(ContentProvider.java:249)
05-04 15:08:33.692551 26036 26121 V SQLiteCursor: 	at android.content.ContentResolver.query(ContentResolver.java:498)
05-04 15:08:33.692551 26036 26121 V SQLiteCursor: 	at android.content.ContentResolver.query(ContentResolver.java:441)
05-04 15:08:33.692551 26036 26121 V SQLiteCursor: 	at com.android.documentsui.DirectoryLoader.loadInBackground(DirectoryLoader.java:227)
05-04 15:08:33.692551 26036 26121 V SQLiteCursor: 	at com.android.documentsui.DirectoryLoader.loadInBackground(DirectoryLoader.java:111)
05-04 15:08:33.692551 26036 26121 V SQLiteCursor: 	at android.content.AsyncTaskLoader.onLoadInBackground(AsyncTaskLoader.java:312)
05-04 15:08:33.692551 26036 26121 V SQLiteCursor: 	at android.content.AsyncTaskLoader$LoadTask.doInBackground(AsyncTaskLoader.java:69)
05-04 15:08:33.692551 26036 26121 V SQLiteCursor: 	at android.content.AsyncTaskLoader$LoadTask.doInBackground(AsyncTaskLoader.java:66)
05-04 15:08:33.692551 26036 26121 V SQLiteCursor: 	at android.os.AsyncTask$2.call(AsyncTask.java:295)
05-04 15:08:33.692551 26036 26121 V SQLiteCursor: 	at java.util.concurrent.FutureTask.run(FutureTask.java:237)
05-04 15:08:33.692551 26036 26121 V SQLiteCursor: 	at com.android.documentsui.ProviderExecutor.run(ProviderExecutor.java:107)
05-04 15:08:33.693234 26036 26121 I CursorWindowStats: Created a new Cursor. # Open Cursors=1 (# cursors opened by this proc=1)
05-04 15:08:33.694360 26036 26121 D SQLiteCursor: received count(*) from native_fill_window: 0
05-04 15:08:33.694525 26036 26121 V SQLiteCursor: Cursor close object=159212742
05-04 15:08:33.694842 26036 26121 D Documents: Loading directory finish for content://com.android.externalstorage.documents/document/3B23-A78E%3A/children with: userMode=0
05-04 15:08:33.697614   230   230 I BufferQueueConsumer: [com.android.documentsui/com.android.documentsui.DocumentsActivity](this:0x7f99954400,id:554,api:0,p:-1,c:230) setDefaultBufferSize: width=768 height=1366
05-04 15:08:33.703804 26036 26085 D OpenGLRenderer: CanvasContext() 0x7f84f02000 initialize window=0x7f8a060c10, title=com.android.documentsui/com.android.documentsui.DocumentsActivity
05-04 15:08:33.703806 26036 26036 D Surface : Surface::allocateBuffers(this=0x7f8a060c00)
05-04 15:08:33.705755   230   258 D BufferQueueProducer: [](this:0x7f99954400,id:554,api:0,p:-1,c:230) allocateBuffers: allocating from 0 buffers up to 4 buffers
05-04 15:08:33.705848 26036 26085 I OpenGLRenderer: Initialized EGL, version 1.4
05-04 15:08:33.707808 26036 26085 D OpenGLRenderer: Created EGL context (0x7f751bf100)
05-04 15:08:33.710001 26036 26085 D OpenGLRenderer: Initializing program cache from 0x7f8daffbb8, size = 4
05-04 15:08:33.711947 26036 26085 D OpenGLRenderer: -- init (key = 0x0000000000000000)
05-04 15:08:33.712371   230   258 I [MALI][Gralloc]: [+]hnd(0x7f9e149aa0), client(27), share_fd(42), hnd->flags:4
05-04 15:08:33.712468   230   258 D GraphicBuffer: alloc, handle(0x7f9e149aa0) (w:768 h:1366 s:768 f:0x1 u:0x000900) err(0)
05-04 15:08:33.713505 26036 26085 D OpenGLRenderer: -- init (key = 0x0000000000500041)
05-04 15:08:33.717259 26036 26085 D OpenGLRenderer: -- init (key = 0x0000000800000003)
05-04 15:08:33.718863 26036 26085 D OpenGLRenderer: -- init (key = 0x0000003800000000)
05-04 15:08:33.719137   230   258 I [MALI][Gralloc]: [+]hnd(0x7f9e149b40), client(27), share_fd(76), hnd->flags:4
05-04 15:08:33.719256   230   258 D GraphicBuffer: alloc, handle(0x7f9e149b40) (w:768 h:1366 s:768 f:0x1 u:0x000900) err(0)
05-04 15:08:33.719906 26036 26085 D Surface : Surface::connect(this=0x7f8a060c00,api=1)
05-04 15:08:33.720627   230   297 I BufferQueueProducer: [com.android.documentsui/com.android.documentsui.DocumentsActivity](this:0x7f99954400,id:554,api:1,p:26036,c:230) connect(P): api=1 producer=(26036:com.android.documentsui) producerControlledByApp=true
05-04 15:08:33.721092 26036 26085 W libEGL  : [ANDROID_RECORDABLE] format: 1
05-04 15:08:33.722977 26036 26085 D mali_winsys: new_window_surface returns 0x3000
05-04 15:08:33.728506   230   258 I [MALI][Gralloc]: [+]hnd(0x7f9e149be0), client(27), share_fd(59), hnd->flags:4
05-04 15:08:33.728609   230   258 D GraphicBuffer: alloc, handle(0x7f9e149be0) (w:768 h:1366 s:768 f:0x1 u:0x000900) err(0)
05-04 15:08:33.737448   230   258 I [MALI][Gralloc]: [+]hnd(0x7f9e149f00), client(27), share_fd(70), hnd->flags:4
05-04 15:08:33.737568   230   258 D GraphicBuffer: alloc, handle(0x7f9e149f00) (w:768 h:1366 s:768 f:0x1 u:0x000900) err(0)
05-04 15:08:33.739101   230   258 D BufferQueueProducer: [com.android.documentsui/com.android.documentsui.DocumentsActivity](this:0x7f99954400,id:554,api:1,p:26036,c:230) allocateBuffers: allocating from 4 buffers up to 4 buffers
05-04 15:08:33.748154  1798  1803 I PerfService: PerfServiceNative_getPackName
05-04 15:08:33.749277   774  7928 I libPerfService: perfGetLastBoostPid 26036
05-04 15:08:33.749438   774  7928 D PerfServiceManager: [PerfService] getLastBoostPid 26036 
05-04 15:08:33.749495   774  7928 I libPerfService: perfGetLastBoostPid 26036
05-04 15:08:33.750386  1798  1803 D GasService: FG app changed: from com.android.launcher3 to com.android.documentsui
05-04 15:08:33.792648 26036 26085 D OpenGLRenderer: ~CanvasContext() 0x7f84f05800
05-04 15:08:33.800493 26036 26085 D OpenGLRenderer: CacheTexture 6 upload: x, y, width height = 0, 0, 60, 74
05-04 15:08:33.801289   230  1026 I BufferQueueProducer: [com.android.documentsui/com.android.documentsui.DocumentsActivity](this:0x7f99954400,id:554,api:1,p:26036,c:230) new GraphicBuffer needed
05-04 15:08:33.801376   230  1026 D GraphicBuffer: free, handle(0x7f9e149f00) (w:768 h:1366 s:768 f:0x1 u:0x000900)
05-04 15:08:33.801531   230  1026 I [MALI][Gralloc]: [-]hnd(0x7f9e149f00), client(27), share_fd(70)
05-04 15:08:33.813485   230  1026 I [MALI][Gralloc]: [+]hnd(0x7f9e149f00), client(27), share_fd(70), hnd->flags:4
05-04 15:08:33.813601   230  1026 D GraphicBuffer: alloc, handle(0x7f9e149f00) (w:1366 h:768 s:1376 f:0x1 u:0x000b00) err(0)
05-04 15:08:33.816388 26036 26085 I [MALI][Gralloc]: [+]r_hnd(0x7f84ef90e0), client(32), share_fd(42)
05-04 15:08:33.816578 26036 26085 D GraphicBuffer: register, handle(0x7f84ef90e0) (w:1366 h:768 s:1376 f:0x1 u:0x000b00)
05-04 15:08:33.824305 26036 26036 D Documents: Start load finished
05-04 15:08:33.827234 26036 26036 V InputMethodManager: onWindowFocus: android.widget.ListView{95e311c VFED.VCL. .F....ID 0,0-768,1196 #7f0c000a app:id/list} softInputMode=272 first=true flags=#81810100
05-04 15:08:33.827448 26036 26036 V InputMethodManager: START INPUT: android.widget.ListView{95e311c VFED.VCL. .F....ID 0,0-768,1196 #7f0c000a app:id/list} ic=null tba=android.view.inputmethod.EditorInfo@c1e0a75 controlFlags=#105
05-04 15:08:33.846888  1615  1757 D Surface : Surface::disconnect(this=0x7f8a05f000,api=1)
05-04 15:08:33.848139   230  1530 I BufferQueueProducer: [com.android.launcher3/com.android.launcher3.Launcher](this:0x7f99953000,id:553,api:1,p:-1,c:230) disconnect(P): api 1
05-04 15:08:33.848750   230  1530 I BufferQueueConsumer: [com.android.launcher3/com.android.launcher3.Launcher](this:0x7f99953000,id:553,api:1,p:-1,c:230) getReleasedBuffers: returning mask 0xffffffffffffffff
05-04 15:08:33.849097   230  1530 D GraphicBuffer: free, handle(0x7f9e1493c0) (w:1366 h:768 s:1376 f:0x1 u:0x000b00)
05-04 15:08:33.849277   230  1530 I [MALI][Gralloc]: [-]hnd(0x7f9e1493c0), client(27), share_fd(29)
05-04 15:08:33.849494   230  1530 D GraphicBuffer: free, handle(0x7f9e61f800) (w:1366 h:768 s:1376 f:0x1 u:0x000b00)
05-04 15:08:33.849623   230  1530 I [MALI][Gralloc]: [-]hnd(0x7f9e61f800), client(27), share_fd(30)
05-04 15:08:33.849813   230  1530 D GraphicBuffer: free, handle(0x7f9e149500) (w:1366 h:768 s:1376 f:0x1 u:0x000b00)
05-04 15:08:33.849953   230  1530 I [MALI][Gralloc]: [-]hnd(0x7f9e149500), client(27), share_fd(46)
05-04 15:08:33.850940  1615  1757 D GraphicBuffer: unregister, handle(0x7f74b2f580) (w:1366 h:768 s:1376 f:0x1 u:0x000b00)
05-04 15:08:33.854188  1615  1757 I [MALI][Gralloc]: [-]r_hnd(0x7f74b2f580), client(35), share_fd(53)
05-04 15:08:33.854984  1615  1757 D GraphicBuffer: unregister, handle(0x7f73eeeec0) (w:1366 h:768 s:1376 f:0x1 u:0x000b00)
05-04 15:08:33.857508  1615  1757 I [MALI][Gralloc]: [-]r_hnd(0x7f73eeeec0), client(35), share_fd(55)
05-04 15:08:33.858017  1615  1757 D GraphicBuffer: unregister, handle(0x7f74b2f760) (w:1366 h:768 s:1376 f:0x1 u:0x000b00)
05-04 15:08:33.859457  1615  1757 I [MALI][Gralloc]: [-]r_hnd(0x7f74b2f760), client(35), share_fd(57)
05-04 15:08:33.860574  1615  1757 D GraphicBuffer: unregister, handle(0x7f74b30020) (w:1366 h:768 s:1376 f:0x1 u:0x000b00)
05-04 15:08:33.863535  1615  1757 I [MALI][Gralloc]: [-]r_hnd(0x7f74b30020), client(35), share_fd(58)
05-04 15:08:33.863833  1615  1757 D Surface : Surface::disconnect(this=0x7f8a05f000,api=1)
05-04 15:08:33.864203   230  1530 I BufferQueueProducer: [com.android.launcher3/com.android.launcher3.Launcher](this:0x7f99953000,id:553,api:1,p:-1,c:230) disconnect(P): api 1
05-04 15:08:33.865717  1081  1081 D QSTile.AirplaneModeTile: stopAnimation()
05-04 15:08:33.868211  1081  1081 D QSTile.CastTile: setListening false
05-04 15:08:33.868403  1081  1081 D CastController: removeCallback
05-04 15:08:33.868627  1081  1081 V KeyguardUpdateMonitor: *** unregister callback for com.android.systemui.statusbar.policy.KeyguardMonitor@2f6cd6d
05-04 15:08:33.876619  1081  1081 D PhoneStatusBar: disable1: 0x00120000 -> 0x00000000 (diff1: 0x00120000)
05-04 15:08:33.877417  1081  1081 D PhoneStatusBar: disable2: 0x00000000 -> 0x00000000 (diff2: 0x00000000)
05-04 15:08:33.877563  1081  1081 D PhoneStatusBar: disable: < expand icons* alerts system_info* back home recent clock search quick_settings >
05-04 15:08:33.878396  1081  1081 D DefaultStatusBarPlmnPlugin: setPlmnVisibility
05-04 15:08:33.883735   362 11795 D GuiExt  : [GuiExtS] binder of dump tunnel(RB-0x7f84282cb0) died
