05-04 15:49:47.012277   722   728 D RILC-MTK: RIL_REQUEST_MAL_PS_RGEGISTRATION_STATE pRI=0x7fb0f8c420 p=0x7fb0f970a0 execute on RIL_CMD_PROXY_3 using channel 1
05-04 15:49:47.012336   722   728 D RILC    : callOnRequest for new vendor ril
05-04 15:49:47.012387   722   728 D RIL     : onRequest: RIL_REQUEST_MAL_PS_RGEGISTRATION_STATE, datalen = 8
05-04 15:49:47.012433   722   728 D RIL     : radioState:10
05-04 15:49:47.012489   722   728 D RIL     : onMalPsStateChanged: URC is +CGREG: 0,"262E","00000FB7",0,"00",0,0
05-04 15:49:47.012587   722   732 I RILC-MTK: RIL_ATCI_PROXY sleep
05-04 15:49:47.012858   722   736 I RILC-MTK: RIL_CMD2_PROXY_1 wakeup
05-04 15:49:47.012905   722   736 I RILC-MTK: RIL_CMD2_PROXY_1 sleep
05-04 15:49:47.012989   722   729 I RILC-MTK: RIL_CMD_PROXY_2 wakeup
05-04 15:49:47.013034   722   729 I RILC-MTK: RIL_CMD_PROXY_2 sleep
05-04 15:49:47.013101   722   737 I RILC-MTK: RIL_CMD2_PROXY_4 wakeup
05-04 15:49:47.013146   722   737 I RILC-MTK: RIL_CMD2_PROXY_4 sleep
05-04 15:49:47.012545   722   728 D RIL     : convertRegState() uiRegState=0 , uiRet=0 
05-04 15:49:47.011195   722   727 I RILC-MTK: RIL_URC_PROXY wakeup
05-04 15:49:47.013721   722   727 I RILC-MTK: RIL_URC_PROXY sleep
05-04 15:49:47.013713   722   728 D RIL     : onMalPsStateChanged: stat=0
05-04 15:49:47.013936   722   728 I RILC    : RIL_SOCKET_1 UNSOLICITED: UNSOL_RESPONSE_PS_NETWORK_STATE_CHANGED length:16
05-04 15:49:47.013982   722   728 E RILC    : Send Response to rild-mal
05-04 15:49:47.014104   722   728 E RILC    : Send Response to RIL_SOCKET_1
05-04 15:49:47.014201   722   728 D RILC    : s_last_wake_timeout_info: 0x7faf0c34e0, cancel
05-04 15:49:47.014250   722   728 D RILC    : internalRequestTimedCallback malloc p_info: 0x7faf0c3060
05-04 15:49:47.014298   722   728 D RILC    : internalRequestTimedCallback malloc p_info->event: 0x7faf0c3070
05-04 15:49:47.014383  1569  1724 D RILJ    : responseInts numInts=1 [SUB0]
05-04 15:49:47.014421   722   728 D RILC    : RequestComplete, RIL_SOCKET_1
05-04 15:49:47.014447  1569  1724 D RILJ    : responseInts response[0]=0 [SUB0]
05-04 15:49:47.014471   722   728 E RILC    : Send Response to rild-mal
05-04 15:49:47.014525  1569  1724 D RILJ    : [UNSL]< UNSOL_RESPONSE_PS_NETWORK_STATE_CHANGED [SUB0]
05-04 15:49:47.014567   722   728 D RILC-MTK: proxyLoop free  pRI=0x7fb0f8c420 p=0x7fb0f970a0 
05-04 15:49:47.014614   722   728 D RILC-MTK: proxyLoop free  pRequest=0x7fb0f92480
05-04 15:49:47.014654   722   728 I RILC-MTK: RIL_CMD_PROXY_3 sleep
05-04 15:49:47.016343  1569  1569 D RILJ    : [5162]> DATA_REGISTRATION_STATE [SUB0]
05-04 15:49:47.016989   722   739 D RILC    : SOCKET RIL_SOCKET_1 REQUEST: OPERATOR length:8
05-04 15:49:47.017056   722   739 I RILC-MTK: create request 22: pRequest=0x7fb0f92580, pRI=0x7fb0f8c450, p=0x7fb0f97110, pUCI=0x0
05-04 15:49:47.017105   722   739 D RILC-MTK: OPERATOR pRI=0x7fb0f8c450 p=0x7fb0f97110 dispatched to RIL_CMD_PROXY_3
05-04 15:49:47.017339   722   727 I RILC-MTK: RIL_URC_PROXY wakeup
05-04 15:49:47.017388   722   727 I RILC-MTK: RIL_URC_PROXY sleep
05-04 15:49:47.017463   722   733 I RILC-MTK: RIL_URC2_PROXY wakeup
05-04 15:49:47.017504   722   733 I RILC-MTK: RIL_URC2_PROXY sleep
05-04 15:49:47.017597   722   731 I RILC-MTK: RIL_CMD_PROXY_4 wakeup
05-04 15:49:47.017614   722   730 I RILC-MTK: RIL_CMD_PROXY_1 wakeup
05-04 15:49:47.017645   722   731 I RILC-MTK: RIL_CMD_PROXY_4 sleep
05-04 15:49:47.017489   722   738 I RILC-MTK: RIL_ATCI2_PROXY wakeup
05-04 15:49:47.017754   722   738 I RILC-MTK: RIL_ATCI2_PROXY sleep
05-04 15:49:47.017762   722   729 I RILC-MTK: RIL_CMD_PROXY_2 wakeup
05-04 15:49:47.017848   722   729 I RILC-MTK: RIL_CMD_PROXY_2 sleep
05-04 15:49:47.017863   722   737 I RILC-MTK: RIL_CMD2_PROXY_4 wakeup
05-04 15:49:47.017916   722   737 I RILC-MTK: RIL_CMD2_PROXY_4 sleep
05-04 15:49:47.018011   722   736 I RILC-MTK: RIL_CMD2_PROXY_1 wakeup
05-04 15:49:47.018043   722   730 I RILC-MTK: RIL_CMD_PROXY_1 sleep
05-04 15:49:47.018125   722   735 I RILC-MTK: RIL_CMD2_PROXY_2 wakeup
05-04 15:49:47.018205   722   735 I RILC-MTK: RIL_CMD2_PROXY_2 sleep
05-04 15:49:47.018272   722   728 I RILC-MTK: RIL_CMD_PROXY_3 wakeup
05-04 15:49:47.018119   722   734 I RILC-MTK: RIL_CMD2_PROXY_3 wakeup
05-04 15:49:47.018322   722   728 D RILC-MTK: proxy id:1, proxyName: RIL_CMD_PROXY_3
05-04 15:49:47.018370   722   734 I RILC-MTK: RIL_CMD2_PROXY_3 sleep
05-04 15:49:47.018377   722   728 D RILC-MTK: OPERATOR pRI=0x7fb0f8c450 p=0x7fb0f97110 execute on RIL_CMD_PROXY_3 using channel 1
05-04 15:49:47.018467   722   728 D RILC    : callOnRequest for new vendor ril
05-04 15:49:47.018515   722   728 D RIL     : onRequest: OPERATOR, datalen = 0
05-04 15:49:47.018559   722   728 D RIL     : radioState:10
05-04 15:49:47.018612   722   728 D AT      : AT send on RIL_CMD_READER_1, tid:548425417792
05-04 15:49:47.018654   722   728 D AT      : AT> AT+COPS?
05-04 15:49:47.018695   722   728 I AT      : AT write start
05-04 15:49:47.018892   561   711 D RILMUXD : [gsm0710muxd] 3614:poll_thread(): poll_thread select found
05-04 15:49:47.018956   561   711 D RILMUXD : [gsm0710muxd] 1045:pseudo_device_read(): Enter, LackofAtciChannel=0
05-04 15:49:47.019018   561   711 D RILMUXD : [gsm0710muxd] 657:write_frame(): Sending frame to channel 3
05-04 15:49:47.019121   561   711 D RILMUXD : [gsm0710muxd] 766:write_frame(): Write a frame on channel 3 with length 9
05-04 15:49:47.019212   722   732 I RILC-MTK: RIL_ATCI_PROXY wakeup
05-04 15:49:47.019256   722   732 I RILC-MTK: RIL_ATCI_PROXY sleep
05-04 15:49:47.019313   722   736 I RILC-MTK: RIL_CMD2_PROXY_1 sleep
05-04 15:49:47.019621  1569  1569 D RILJ    : [5163]> VOICE_REGISTRATION_STATE [SUB0]
05-04 15:49:47.020425   722   739 D RILC    : SOCKET RIL_SOCKET_1 REQUEST: DATA_REGISTRATION_STATE length:8
05-04 15:49:47.020526   722   739 I RILC-MTK: create request 21: pRequest=0x7fb0f925e0, pRI=0x7fb0f8c5a0, p=0x7fb0f96310, pUCI=0x0
05-04 15:49:47.020701   722   739 D RILC-MTK: DATA_REGISTRATION_STATE pRI=0x7fb0f8c5a0 p=0x7fb0f96310 dispatched to RIL_CMD_PROXY_3
05-04 15:49:47.020908   722   730 I RILC-MTK: RIL_CMD_PROXY_1 wakeup
05-04 15:49:47.020985   722   730 I RILC-MTK: RIL_CMD_PROXY_1 sleep
05-04 15:49:47.021068   722   727 I RILC-MTK: RIL_URC_PROXY wakeup
05-04 15:49:47.021099   722   738 I RILC-MTK: RIL_ATCI2_PROXY wakeup
05-04 15:49:47.021114   722   727 I RILC-MTK: RIL_URC_PROXY sleep
05-04 15:49:47.021217   722   737 I RILC-MTK: RIL_CMD2_PROXY_4 wakeup
05-04 15:49:47.021245   722   729 I RILC-MTK: RIL_CMD_PROXY_2 wakeup
05-04 15:49:47.021265   722   735 I RILC-MTK: RIL_CMD2_PROXY_2 wakeup
05-04 15:49:47.021306   561   707 D RILMUXD : [gsm0710muxd] 1643:gsm0710_base_buffer_get_frame(): Get a complete frame. ch:3, ctrl:239, len:12
05-04 15:49:47.021275   722   737 I RILC-MTK: RIL_CMD2_PROXY_4 sleep
05-04 15:49:47.021383   561   707 D RILMUXD : [gsm0710muxd] 2383:extract_frames(): Writing 12 byte frame received on channel 3 to /dev/pts/8
05-04 15:49:47.021430   722   729 I RILC-MTK: RIL_CMD_PROXY_2 sleep
05-04 15:49:47.021480   561   707 D RILMUXD : [gsm0710muxd] 2403:extract_frames(): write() returned. Written 12/12 bytes of frame to /dev/pts/8
05-04 15:49:47.021541   561   707 D RILMUXD : [gsm0710muxd] 2408:extract_frames(): fsync() failed (-1, 22 - Invalid argument)
05-04 15:49:47.021606   561   707 D RILMUXD : [gsm0710muxd] 1643:gsm0710_base_buffer_get_frame(): Get a complete frame. ch:3, ctrl:239, len:6
05-04 15:49:47.021666   561   707 D RILMUXD : [gsm0710muxd] 2383:extract_frames(): Writing 6 byte frame received on channel 3 to /dev/pts/8
05-04 15:49:47.021710  1569  1569 D RILJ    : [5164]> QUERY_NETWORK_SELECTION_MODE [SUB0]
05-04 15:49:47.021736   561   707 D RILMUXD : [gsm0710muxd] 2403:extract_frames(): write() returned. Written 6/6 bytes of frame to /dev/pts/8
05-04 15:49:47.021793   561   707 D RILMUXD : [gsm0710muxd] 2408:extract_frames(): fsync() failed (-1, 22 - Invalid argument)
05-04 15:49:47.021902   722   734 I RILC-MTK: RIL_CMD2_PROXY_3 wakeup
05-04 15:49:47.021980   722   734 I RILC-MTK: RIL_CMD2_PROXY_3 sleep
05-04 15:49:47.021420   722   732 I RILC-MTK: RIL_ATCI_PROXY wakeup
05-04 15:49:47.022051   722   732 I RILC-MTK: RIL_ATCI_PROXY sleep
05-04 15:49:47.022146   722   736 I RILC-MTK: RIL_CMD2_PROXY_1 wakeup
05-04 15:49:47.022167   722   743 I AT      : AT read end: 18
05-04 15:49:47.022190   722   736 I RILC-MTK: RIL_CMD2_PROXY_1 sleep
05-04 15:49:47.022216   722   743 D AT      : AT< +COPS: 0
05-04 15:49:47.022281   722   743 D AT      : RIL_CMD_READER_1 Enter processLine:+COPS: 0
05-04 15:49:47.022341   722   743 D AT      : AT< OK
05-04 15:49:47.022387   722   743 D AT      : RIL_CMD_READER_1 Enter processLine:OK
05-04 15:49:47.022468   722   743 I AT      : AT read start
05-04 15:49:47.022580   722   733 I RILC-MTK: RIL_URC2_PROXY wakeup
05-04 15:49:47.022762   722   733 I RILC-MTK: RIL_URC2_PROXY sleep
05-04 15:49:47.022837   722   738 I RILC-MTK: RIL_ATCI2_PROXY sleep
05-04 15:49:47.022940   722   731 I RILC-MTK: RIL_CMD_PROXY_4 wakeup
05-04 15:49:47.022976   722   735 I RILC-MTK: RIL_CMD2_PROXY_2 sleep
05-04 15:49:47.022634   722   728 D AT      : response received on RIL_CMD_READER_1, tid:548425417792
05-04 15:49:47.023217   722   728 D AT      : AT send on RIL_CMD_READER_1, tid:548425417792
05-04 15:49:47.023270   722   728 D AT      : AT> AT+EOPS?
05-04 15:49:47.023115   722   731 I RILC-MTK: RIL_CMD_PROXY_4 sleep
05-04 15:49:47.023883   722   739 D RILC    : SOCKET RIL_SOCKET_1 REQUEST: VOICE_REGISTRATION_STATE length:8
05-04 15:49:47.023950   722   739 I RILC-MTK: create request 20: pRequest=0x7fb0f92680, pRI=0x7fb0f8c6c0, p=0x7fb0f96540, pUCI=0x0
05-04 15:49:47.024005   722   739 D RILC-MTK: 1:DATA_REGISTRATION_STATE pRI=0x7fb0f8c5a0 p=0x7fb0f96310 is queued in RIL_CMD_PROXY_3
05-04 15:49:47.024059   722   739 D RILC-MTK: **** the last executed cmd for RIL_CMD_PROXY_3 is OPERATOR ****
05-04 15:49:47.024113   722   739 D RILC-MTK: Request pRI=0x7fb0f8c6c0 to RIL_CMD_PROXY_3 is busy. total:2 requests pending
05-04 15:49:47.023354   722   728 I AT      : AT write start
05-04 15:49:47.024566   561   711 D RILMUXD : [gsm0710muxd] 3614:poll_thread(): poll_thread select found
05-04 15:49:47.024656   561   711 D RILMUXD : [gsm0710muxd] 1045:pseudo_device_read(): Enter, LackofAtciChannel=0
05-04 15:49:47.024752  1569  1569 D GsmSST  : [GsmSST0] handleMessage msg done
05-04 15:49:47.024777   561   711 D RILMUXD : [gsm0710muxd] 657:write_frame(): Sending frame to channel 3
05-04 15:49:47.024910  1569  1569 D GsmSST  : [GsmSST0] handle EVENT_PS_NETWORK_STATE_CHANGED
05-04 15:49:47.024940   561   711 D RILMUXD : [gsm0710muxd] 766:write_frame(): Write a frame on channel 3 with length 9
05-04 15:49:47.024996  1569  1569 D GsmSST  : [GsmSST0] mPsRegState:1,new:1,result:0
05-04 15:49:47.025784   722   739 D RILC    : SOCKET RIL_SOCKET_1 REQUEST: QUERY_NETWORK_SELECTION_MODE length:8
05-04 15:49:47.025858   722   739 I RILC-MTK: create request 45: pRequest=0x7fb0f927e0, pRI=0x7fb0f8c750, p=0x7fb0f965b0, pUCI=0x0
05-04 15:49:47.025909   722   739 D RILC-MTK: 1:DATA_REGISTRATION_STATE pRI=0x7fb0f8c5a0 p=0x7fb0f96310 is queued in RIL_CMD_PROXY_3
05-04 15:49:47.025955   722   739 D RILC-MTK: 2:VOICE_REGISTRATION_STATE pRI=0x7fb0f8c6c0 p=0x7fb0f96540 is queued in RIL_CMD_PROXY_3
05-04 15:49:47.025999   722   739 D RILC-MTK: **** the last executed cmd for RIL_CMD_PROXY_3 is OPERATOR ****
05-04 15:49:47.026407   722   739 D RILC-MTK: Request pRI=0x7fb0f8c750 to RIL_CMD_PROXY_3 is busy. total:3 requests pending
05-04 15:49:47.026920   561   707 D RILMUXD : [gsm0710muxd] 1643:gsm0710_base_buffer_get_frame(): Get a complete frame. ch:3, ctrl:239, len:24
05-04 15:49:47.027002   561   707 D RILMUXD : [gsm0710muxd] 2383:extract_frames(): Writing 24 byte frame received on channel 3 to /dev/pts/8
05-04 15:49:47.027101  1569  1569 D SubscriptionController: [getSubId]- sSlotIdxToSubId.size == 0, return DummySubIds slotIdx=0
05-04 15:49:47.027111   561   707 D RILMUXD : [gsm0710muxd] 2403:extract_frames(): write() returned. Written 24/24 bytes of frame to /dev/pts/8
05-04 15:49:47.027232  1569  1569 D SubscriptionController: getDummySubIds: slotIdx=0 return 2 DummySubIds with each subId=-2
05-04 15:49:47.027263   561   707 D RILMUXD : [gsm0710muxd] 2408:extract_frames(): fsync() failed (-1, 22 - Invalid argument)
05-04 15:49:47.027318  1569  1569 D GsmSST  : [GsmSST0] Invalid subId, return invalid networkType
05-04 15:49:47.027340   561   707 D RILMUXD : [gsm0710muxd] 1643:gsm0710_base_buffer_get_frame(): Get a complete frame. ch:3, ctrl:239, len:6
05-04 15:49:47.027396   561   707 D RILMUXD : [gsm0710muxd] 2383:extract_frames(): Writing 6 byte frame received on channel 3 to /dev/pts/8
05-04 15:49:47.027387  1569  1569 D GsmSST  : [GsmSST0] pollState RadioState is RADIO_ON, currentNetworkMode= -1
05-04 15:49:47.027493   561   707 D RILMUXD : [gsm0710muxd] 2403:extract_frames(): write() returned. Written 6/6 bytes of frame to /dev/pts/8
05-04 15:49:47.027554  1569  1569 D RILJ    : [5165]> OPERATOR [SUB0]
05-04 15:49:47.027554   561   707 D RILMUXD : [gsm0710muxd] 2408:extract_frames(): fsync() failed (-1, 22 - Invalid argument)
05-04 15:49:47.027750   722   743 I AT      : AT read end: 30
05-04 15:49:47.027953   722   743 D AT      : AT< +EOPS: 0,2,"46000",0
05-04 15:49:47.028007   722   743 D AT      : RIL_CMD_READER_1 Enter processLine:+EOPS: 0,2,"46000",0
05-04 15:49:47.028062   722   743 D AT      : AT< OK
05-04 15:49:47.028143   722   743 D AT      : RIL_CMD_READER_1 Enter processLine:OK
05-04 15:49:47.028218   722   743 I AT      : AT read start
05-04 15:49:47.028732   722   728 D AT      : response received on RIL_CMD_READER_1, tid:548425417792
05-04 15:49:47.028943   722   728 D RIL     : EOPS Get operator code 46000
05-04 15:49:47.028997   722   728 D RILC    : RequestComplete, RIL_SOCKET_1
05-04 15:49:47.029067   722   728 E RILC    : Send Response to RIL_SOCKET_1
05-04 15:49:47.029391   722   728 D RILC-MTK: proxyLoop free  pRI=0x7fb0f8c450 p=0x7fb0f97110 
05-04 15:49:47.029458   722   728 D RILC-MTK: proxyLoop free  pRequest=0x7fb0f92580
05-04 15:49:47.029508  1569  1724 D RILJ    : [5161]< OPERATOR {46000} [SUB0]
05-04 15:49:47.029508   722   728 D RILC-MTK: proxy id:1, proxyName: RIL_CMD_PROXY_3
05-04 15:49:47.029991   722   728 D RILC-MTK: DATA_REGISTRATION_STATE pRI=0x7fb0f8c5a0 p=0x7fb0f96310 execute on RIL_CMD_PROXY_3 using channel 1
05-04 15:49:47.030037   722   728 D RILC    : callOnRequest for new vendor ril
05-04 15:49:47.030080   722   728 D RIL     : onRequest: DATA_REGISTRATION_STATE, datalen = 0
05-04 15:49:47.030121   722   728 D RIL     : radioState:10
05-04 15:49:47.030182   722   728 D AT      : AT send on RIL_CMD_READER_1, tid:548425417792
05-04 15:49:47.030224   722   728 D AT      : AT> AT+CGREG?
05-04 15:49:47.030262   722   728 I AT      : AT write start
05-04 15:49:47.030427   561   711 D RILMUXD : [gsm0710muxd] 3614:poll_thread(): poll_thread select found
05-04 15:49:47.030494   561   711 D RILMUXD : [gsm0710muxd] 1045:pseudo_device_read(): Enter, LackofAtciChannel=0
05-04 15:49:47.030569   561   711 D RILMUXD : [gsm0710muxd] 657:write_frame(): Sending frame to channel 3
05-04 15:49:47.030672   561   711 D RILMUXD : [gsm0710muxd] 766:write_frame(): Write a frame on channel 3 with length 9
05-04 15:49:47.031056   561   711 D RILMUXD : [gsm0710muxd] 3614:poll_thread(): poll_thread select found
05-04 15:49:47.031108   561   711 D RILMUXD : [gsm0710muxd] 1045:pseudo_device_read(): Enter, LackofAtciChannel=0
05-04 15:49:47.031169   561   711 D RILMUXD : [gsm0710muxd] 657:write_frame(): Sending frame to channel 3
05-04 15:49:47.031265   561   711 D RILMUXD : [gsm0710muxd] 766:write_frame(): Write a frame on channel 3 with length 1
05-04 15:49:47.032011   722   739 D RILC    : SOCKET RIL_SOCKET_1 REQUEST: OPERATOR length:8
05-04 15:49:47.032084   722   739 I RILC-MTK: create request 22: pRequest=0x7fb0f92800, pRI=0x7fb0f8c780, p=0x7fb0f96850, pUCI=0x0
05-04 15:49:47.032132   722   739 D RILC-MTK: 1:VOICE_REGISTRATION_STATE pRI=0x7fb0f8c6c0 p=0x7fb0f96540 is queued in RIL_CMD_PROXY_3
05-04 15:49:47.032178   722   739 D RILC-MTK: 2:QUERY_NETWORK_SELECTION_MODE pRI=0x7fb0f8c750 p=0x7fb0f965b0 is queued in RIL_CMD_PROXY_3
05-04 15:49:47.032221   722   739 D RILC-MTK: **** the last executed cmd for RIL_CMD_PROXY_3 is DATA_REGISTRATION_STATE ****
05-04 15:49:47.032298   722   739 D RILC-MTK: Request pRI=0x7fb0f8c780 to RIL_CMD_PROXY_3 is busy. total:3 requests pending
05-04 15:49:47.032530  1569  1569 D RILJ    : [5166]> DATA_REGISTRATION_STATE [SUB0]
05-04 15:49:47.033090   561   707 D RILMUXD : [gsm0710muxd] 1643:gsm0710_base_buffer_get_frame(): Get a complete frame. ch:3, ctrl:239, len:44
05-04 15:49:47.033215   561   707 D RILMUXD : [gsm0710muxd] 2383:extract_frames(): Writing 44 byte frame received on channel 3 to /dev/pts/8
05-04 15:49:47.033310   561   707 D RILMUXD : [gsm0710muxd] 2403:extract_frames(): write() returned. Written 44/44 bytes of frame to /dev/pts/8
05-04 15:49:47.033368   561   707 D RILMUXD : [gsm0710muxd] 2408:extract_frames(): fsync() failed (-1, 22 - Invalid argument)
05-04 15:49:47.033435   561   707 D RILMUXD : [gsm0710muxd] 1643:gsm0710_base_buffer_get_frame(): Get a complete frame. ch:3, ctrl:239, len:6
05-04 15:49:47.033619   561   707 D RILMUXD : [gsm0710muxd] 2383:extract_frames(): Writing 6 byte frame received on channel 3 to /dev/pts/8
05-04 15:49:47.033581   722   743 I AT      : AT read end: 44
05-04 15:49:47.033686   722   743 D AT      : AT< +CGREG: 3,0,"262E","00000FB7",0,"00",0,0
05-04 15:49:47.033705   561   707 D RILMUXD : [gsm0710muxd] 2403:extract_frames(): write() returned. Written 6/6 bytes of frame to /dev/pts/8
05-04 15:49:47.033731   722   743 D AT      : RIL_CMD_READER_1 Enter processLine:+CGREG: 3,0,"262E","00000FB7",0,"00",0,0
05-04 15:49:47.033757   561   707 D RILMUXD : [gsm0710muxd] 2408:extract_frames(): fsync() failed (-1, 22 - Invalid argument)
05-04 15:49:47.033891   722   743 I AT      : AT read start
05-04 15:49:47.033948   722   743 I AT      : AT read end: 6
05-04 15:49:47.033987   722   743 D AT      : AT< OK
05-04 15:49:47.034105   722   743 D AT      : RIL_CMD_READER_1 Enter processLine:OK
05-04 15:49:47.034166   722   743 I AT      : AT read start
05-04 15:49:47.034334   722   728 D AT      : response received on RIL_CMD_READER_1, tid:548425417792
05-04 15:49:47.034397   722   728 D RIL     : convertRegState() uiRegState=0 , uiRet=0 
05-04 15:49:47.034439   722   728 D RIL     : dontChangeCgregFormat=0
05-04 15:49:47.034483   722   728 E RIL     : it is short CREG CGREG
05-04 15:49:47.034542   722   728 E RIL     : rid: 0
05-04 15:49:47.034609   722   728 D RIL     : RestrictedStateChanged: 22
05-04 15:49:47.034657   722   728 D RIL     : isSimInserted(): rid: 0, sim_inserted_status: 0
05-04 15:49:47.034687  1569  1569 D RILJ    : [5167]> VOICE_REGISTRATION_STATE [SUB0]
05-04 15:49:47.034703   722   728 D RIL     : isSimInserted(): pivotSim = 1 ,0
05-04 15:49:47.034754   722   728 D RIL     : isSimInserted(): simInserted = 0
05-04 15:49:47.034807   722   728 D RILC    : RequestComplete, RIL_SOCKET_1
05-04 15:49:47.034865   722   728 E RILC    : Send Response to RIL_SOCKET_1
05-04 15:49:47.035007   722   728 D RILC-MTK: proxyLoop free  pRI=0x7fb0f8c5a0 p=0x7fb0f96310 
05-04 15:49:47.035057   722   728 D RILC-MTK: proxyLoop free  pRequest=0x7fb0f925e0
05-04 15:49:47.035102   722   728 D RILC-MTK: proxy id:1, proxyName: RIL_CMD_PROXY_3
05-04 15:49:47.035170   722   728 D RILC-MTK: VOICE_REGISTRATION_STATE pRI=0x7fb0f8c6c0 p=0x7fb0f96540 execute on RIL_CMD_PROXY_3 using channel 1
05-04 15:49:47.035217   722   728 D RILC    : callOnRequest for new vendor ril
05-04 15:49:47.035269   722   728 D RIL     : onRequest: VOICE_REGISTRATION_STATE, datalen = 0
05-04 15:49:47.035315   722   728 D RIL     : radioState:10
05-04 15:49:47.035379   722   739 D RILC    : SOCKET RIL_SOCKET_1 REQUEST: DATA_REGISTRATION_STATE length:8
05-04 15:49:47.035445   722   739 I RILC-MTK: create request 21: pRequest=0x7fb0f92840, pRI=0x7fb0f8c9c0, p=0x7fb0f968c0, pUCI=0x0
05-04 15:49:47.035500   722   739 D RILC-MTK: 1:QUERY_NETWORK_SELECTION_MODE pRI=0x7fb0f8c750 p=0x7fb0f965b0 is queued in RIL_CMD_PROXY_3
05-04 15:49:47.035550   722   739 D RILC-MTK: 2:OPERATOR pRI=0x7fb0f8c780 p=0x7fb0f96850 is queued in RIL_CMD_PROXY_3
05-04 15:49:47.035603   722   739 D RILC-MTK: **** the last executed cmd for RIL_CMD_PROXY_3 is VOICE_REGISTRATION_STATE ****
05-04 15:49:47.035657   722   739 D RILC-MTK: Request pRI=0x7fb0f8c9c0 to RIL_CMD_PROXY_3 is busy. total:3 requests pending
05-04 15:49:47.035375   722   728 D AT      : AT send on RIL_CMD_READER_1, tid:548425417792
05-04 15:49:47.035444  1569  1724 D RILJ    : [5162]< DATA_REGISTRATION_STATE {0, -1, -1, 0} [SUB0]
05-04 15:49:47.035740   722   728 D AT      : AT> AT+CREG?
05-04 15:49:47.035913   722   728 I AT      : AT write start
05-04 15:49:47.036911   561   711 D RILMUXD : [gsm0710muxd] 3614:poll_thread(): poll_thread select found
05-04 15:49:47.036980  1569  1569 D RILJ    : [5168]> QUERY_NETWORK_SELECTION_MODE [SUB0]
05-04 15:49:47.036990   561   711 D RILMUXD : [gsm0710muxd] 1045:pseudo_device_read(): Enter, LackofAtciChannel=0
05-04 15:49:47.037319   561   711 D RILMUXD : [gsm0710muxd] 657:write_frame(): Sending frame to channel 3
05-04 15:49:47.037554   561   711 D RILMUXD : [gsm0710muxd] 766:write_frame(): Write a frame on channel 3 with length 9
05-04 15:49:47.038592   722   739 D RILC    : SOCKET RIL_SOCKET_1 REQUEST: VOICE_REGISTRATION_STATE length:8
05-04 15:49:47.038679   722   739 I RILC-MTK: create request 20: pRequest=0x7fb0f922c0, pRI=0x7fb0f8c390, p=0x7fb0f96a10, pUCI=0x0
05-04 15:49:47.038754   722   739 D RILC-MTK: 1:QUERY_NETWORK_SELECTION_MODE pRI=0x7fb0f8c750 p=0x7fb0f965b0 is queued in RIL_CMD_PROXY_3
05-04 15:49:47.038776  1569  1569 D GsmSST  : [GsmSST0] handleMessage msg done
05-04 15:49:47.038804   722   739 D RILC-MTK: 2:OPERATOR pRI=0x7fb0f8c780 p=0x7fb0f96850 is queued in RIL_CMD_PROXY_3
05-04 15:49:47.038860  1569  1569 D GsmSST  : [GsmSST0] handle EVENT_PS_NETWORK_STATE_CHANGED
05-04 15:49:47.038925  1569  1569 D GsmSST  : [GsmSST0] mPsRegState:1,new:1,result:0
05-04 15:49:47.039226   561   707 D RILMUXD : [gsm0710muxd] 1643:gsm0710_base_buffer_get_frame(): Get a complete frame. ch:3, ctrl:239, len:38
05-04 15:49:47.039300   561   707 D RILMUXD : [gsm0710muxd] 2383:extract_frames(): Writing 38 byte frame received on channel 3 to /dev/pts/8
05-04 15:49:47.039524   722   743 I AT      : AT read end: 38
05-04 15:49:47.039575   722   743 D AT      : AT< +CREG: 3,0,"262E","00000FB7",0,0,0
05-04 15:49:47.039398   561   707 D RILMUXD : [gsm0710muxd] 2403:extract_frames(): write() returned. Written 38/38 bytes of frame to /dev/pts/8
05-04 15:49:47.038851   722   739 D RILC-MTK: 3:DATA_REGISTRATION_STATE pRI=0x7fb0f8c9c0 p=0x7fb0f968c0 is queued in RIL_CMD_PROXY_3
05-04 15:49:47.039623   722   743 D AT      : RIL_CMD_READER_1 Enter processLine:+CREG: 3,0,"262E","00000FB7",0,0,0
05-04 15:49:47.040064   722   739 D RILC-MTK: **** the last executed cmd for RIL_CMD_PROXY_3 is VOICE_REGISTRATION_STATE ****
05-04 15:49:47.040101   722   743 I AT      : AT read start
05-04 15:49:47.040118   722   739 D RILC-MTK: Request pRI=0x7fb0f8c390 to RIL_CMD_PROXY_3 is busy. total:4 requests pending
05-04 15:49:47.040229   722   739 D RILC    : SOCKET RIL_SOCKET_1 REQUEST: QUERY_NETWORK_SELECTION_MODE length:8
05-04 15:49:47.039687   561   707 D RILMUXD : [gsm0710muxd] 2408:extract_frames(): fsync() failed (-1, 22 - Invalid argument)
05-04 15:49:47.040311  1569  1569 D SubscriptionController: [getSubId]- sSlotIdxToSubId.size == 0, return DummySubIds slotIdx=0
05-04 15:49:47.040393   561   707 D RILMUXD : [gsm0710muxd] 1643:gsm0710_base_buffer_get_frame(): Get a complete frame. ch:3, ctrl:239, len:6
05-04 15:49:47.040419  1569  1569 D SubscriptionController: getDummySubIds: slotIdx=0 return 2 DummySubIds with each subId=-2
05-04 15:49:47.040453   561   707 D RILMUXD : [gsm0710muxd] 2383:extract_frames(): Writing 6 byte frame received on channel 3 to /dev/pts/8
05-04 15:49:47.040492  1569  1569 D GsmSST  : [GsmSST0] Invalid subId, return invalid networkType
05-04 15:49:47.040560  1569  1569 D GsmSST  : [GsmSST0] pollState RadioState is RADIO_ON, currentNetworkMode= -1
05-04 15:49:47.040657   722   743 I AT      : AT read end: 6
05-04 15:49:47.040705   722   743 D AT      : AT< OK
05-04 15:49:47.040752   722   743 D AT      : RIL_CMD_READER_1 Enter processLine:OK
05-04 15:49:47.040814   722   743 I AT      : AT read start
05-04 15:49:47.040942  1569  1569 D RILJ    : [5169]> OPERATOR [SUB0]
05-04 15:49:47.040965   722   728 D AT      : response received on RIL_CMD_READER_1, tid:548425417792
05-04 15:49:47.041025   722   728 D RIL     : convertRegState() uiRegState=0 , uiRet=0 
05-04 15:49:47.041070   722   728 D RIL     : dontChangeFormat=0
05-04 15:49:47.041114   722   728 E RIL     : it is short CREG CGREG
05-04 15:49:47.041166   722   728 E RIL     : rid: 0
05-04 15:49:47.040291   722   739 I RILC-MTK: create request 45: pRequest=0x7fb0f92500, pRI=0x7fb0f8c5d0, p=0x7fb0f96a80, pUCI=0x0
05-04 15:49:47.040550   561   707 D RILMUXD : [gsm0710muxd] 2403:extract_frames(): write() returned. Written 6/6 bytes of frame to /dev/pts/8
05-04 15:49:47.041236   722   728 D RIL     : RestrictedStateChanged: 22
05-04 15:49:47.041704   561   707 D RILMUXD : [gsm0710muxd] 2408:extract_frames(): fsync() failed (-1, 22 - Invalid argument)
05-04 15:49:47.041781   722   728 D RIL     : isSimInserted(): rid: 0, sim_inserted_status: 0
05-04 15:49:47.041827   722   728 D RIL     : isSimInserted(): pivotSim = 1 ,0
05-04 15:49:47.041607   722   739 D RILC-MTK: 1:QUERY_NETWORK_SELECTION_MODE pRI=0x7fb0f8c750 p=0x7fb0f965b0 is queued in RIL_CMD_PROXY_3
05-04 15:49:47.041954   722   739 D RILC-MTK: 2:OPERATOR pRI=0x7fb0f8c780 p=0x7fb0f96850 is queued in RIL_CMD_PROXY_3
05-04 15:49:47.042002   722   739 D RILC-MTK: 3:DATA_REGISTRATION_STATE pRI=0x7fb0f8c9c0 p=0x7fb0f968c0 is queued in RIL_CMD_PROXY_3
05-04 15:49:47.042049   722   739 D RILC-MTK: 4:VOICE_REGISTRATION_STATE pRI=0x7fb0f8c390 p=0x7fb0f96a10 is queued in RIL_CMD_PROXY_3
05-04 15:49:47.042097   722   739 D RILC-MTK: **** the last executed cmd for RIL_CMD_PROXY_3 is VOICE_REGISTRATION_STATE ****
05-04 15:49:47.042146   722   739 D RILC-MTK: Request pRI=0x7fb0f8c5d0 to RIL_CMD_PROXY_3 is busy. total:5 requests pending
05-04 15:49:47.041872   722   728 D RIL     : isSimInserted(): simInserted = 0
05-04 15:49:47.042334   722   728 D RIL     : convertToRilRegState() uiRegState=0 , uiRet=10 
05-04 15:49:47.042386   722   728 D RILC    : RequestComplete, RIL_SOCKET_1
05-04 15:49:47.042448   722   728 E RILC    : Send Response to RIL_SOCKET_1
05-04 15:49:47.042550   722   728 D RILC-MTK: proxyLoop free  pRI=0x7fb0f8c6c0 p=0x7fb0f96540 
05-04 15:49:47.042602   722   728 D RILC-MTK: proxyLoop free  pRequest=0x7fb0f92680
05-04 15:49:47.042815  1569  1724 D RILJ    : [5163]< VOICE_REGISTRATION_STATE {10, -1, -1, 0} [SUB0]
05-04 15:49:47.042646   722   728 D RILC-MTK: proxy id:1, proxyName: RIL_CMD_PROXY_3
05-04 15:49:47.042978   722   728 D RILC-MTK: QUERY_NETWORK_SELECTION_MODE pRI=0x7fb0f8c750 p=0x7fb0f965b0 execute on RIL_CMD_PROXY_3 using channel 1
05-04 15:49:47.043138  1569  1569 D RILJ    : [5170]> DATA_REGISTRATION_STATE [SUB0]
05-04 15:49:47.044775   722   739 D RILC    : SOCKET RIL_SOCKET_1 REQUEST: OPERATOR length:8
05-04 15:49:47.044839   722   739 I RILC-MTK: create request 22: pRequest=0x7fb0f92700, pRI=0x7fb0f8c9f0, p=0x7fb0f97180, pUCI=0x0
05-04 15:49:47.044908   722   739 D RILC-MTK: 1:OPERATOR pRI=0x7fb0f8c780 p=0x7fb0f96850 is queued in RIL_CMD_PROXY_3
05-04 15:49:47.045073  1569  1569 D RILJ    : [5171]> VOICE_REGISTRATION_STATE [SUB0]
05-04 15:49:47.044955   722   739 D RILC-MTK: 2:DATA_REGISTRATION_STATE pRI=0x7fb0f8c9c0 p=0x7fb0f968c0 is queued in RIL_CMD_PROXY_3
05-04 15:49:47.045249   722   739 D RILC-MTK: 3:VOICE_REGISTRATION_STATE pRI=0x7fb0f8c390 p=0x7fb0f96a10 is queued in RIL_CMD_PROXY_3
05-04 15:49:47.046508  1569  1569 D RILJ    : [5172]> QUERY_NETWORK_SELECTION_MODE [SUB0]
05-04 15:49:47.046396   722   739 D RILC-MTK: 4:QUERY_NETWORK_SELECTION_MODE pRI=0x7fb0f8c5d0 p=0x7fb0f96a80 is queued in RIL_CMD_PROXY_3
05-04 15:49:47.046671   722   739 D RILC-MTK: **** the last executed cmd for RIL_CMD_PROXY_3 is QUERY_NETWORK_SELECTION_MODE ****
05-04 15:49:47.047947  1569  1569 D GsmSST  : [GsmSST0] handleMessage msg done
05-04 15:49:47.048037  1569  1569 D GsmSST  : [GsmSST0] handle EVENT_POLL_STATE_OPERATOR
05-04 15:49:47.048094  1569  1569 E GsmSST  : [GsmSST0] handlePollStateResult return due to (ar.userObj != mPollingContext)
05-04 15:49:47.048165   722   728 D RILC    : callOnRequest for new vendor ril
05-04 15:49:47.048246   722   728 D RIL     : onRequest: QUERY_NETWORK_SELECTION_MODE, datalen = 0
05-04 15:49:47.048292   722   728 D RIL     : radioState:10
05-04 15:49:47.048348   722   728 D AT      : AT send on RIL_CMD_READER_1, tid:548425417792
05-04 15:49:47.048395   722   728 D AT      : AT> AT+COPS?
05-04 15:49:47.048436   722   728 I AT      : AT write start
05-04 15:49:47.048128   722   739 D RILC-MTK: Request pRI=0x7fb0f8c9f0 to RIL_CMD_PROXY_3 is busy. total:5 requests pending
05-04 15:49:47.048142  1569  1569 D GsmSST  : [GsmSST0] handleMessage msg done
05-04 15:49:47.048621   561   711 D RILMUXD : [gsm0710muxd] 3614:poll_thread(): poll_thread select found
05-04 15:49:47.048694  1569  1569 D GsmSST  : [GsmSST0] handle EVENT_POLL_STATE_GPRS
05-04 15:49:47.048720   722   739 D RILC    : SOCKET RIL_SOCKET_1 REQUEST: DATA_REGISTRATION_STATE length:8
05-04 15:49:47.048750  1569  1569 E GsmSST  : [GsmSST0] handlePollStateResult return due to (ar.userObj != mPollingContext)
05-04 15:49:47.048711   561   711 D RILMUXD : [gsm0710muxd] 1045:pseudo_device_read(): Enter, LackofAtciChannel=0
05-04 15:49:47.048810  1569  1569 D GsmSST  : [GsmSST0] handleMessage msg done
05-04 15:49:47.048821   722   739 I RILC-MTK: create request 21: pRequest=0x7fb0f92860, pRI=0x7fb0f8ca50, p=0x7fb0f97500, pUCI=0x0
05-04 15:49:47.048877   561   711 D RILMUXD : [gsm0710muxd] 657:write_frame(): Sending frame to channel 3
05-04 15:49:47.048876   722   739 D RILC-MTK: 1:OPERATOR pRI=0x7fb0f8c780 p=0x7fb0f96850 is queued in RIL_CMD_PROXY_3
05-04 15:49:47.048880  1569  1569 D GsmSST  : [GsmSST0] handle EVENT_POLL_STATE_REGISTRATION
05-04 15:49:47.049024   722   739 D RILC-MTK: 2:DATA_REGISTRATION_STATE pRI=0x7fb0f8c9c0 p=0x7fb0f968c0 is queued in RIL_CMD_PROXY_3
05-04 15:49:47.049051  1569  1569 E GsmSST  : [GsmSST0] handlePollStateResult return due to (ar.userObj != mPollingContext)
05-04 15:49:47.049088   722   739 D RILC-MTK: 3:VOICE_REGISTRATION_STATE pRI=0x7fb0f8c390 p=0x7fb0f96a10 is queued in RIL_CMD_PROXY_3
05-04 15:49:47.049103  1569  1569 D GsmSST  : [GsmSST0] handleMessage msg done
05-04 15:49:47.049137   722   739 D RILC-MTK: 4:QUERY_NETWORK_SELECTION_MODE pRI=0x7fb0f8c5d0 p=0x7fb0f96a80 is queued in RIL_CMD_PROXY_3
05-04 15:49:47.049185   722   739 D RILC-MTK: 5:OPERATOR pRI=0x7fb0f8c9f0 p=0x7fb0f97180 is queued in RIL_CMD_PROXY_3
05-04 15:49:47.049035   561   711 D RILMUXD : [gsm0710muxd] 766:write_frame(): Write a frame on channel 3 with length 8
05-04 15:49:47.049236   722   739 D RILC-MTK: **** the last executed cmd for RIL_CMD_PROXY_3 is QUERY_NETWORK_SELECTION_MODE ****
05-04 15:49:47.049328   561   711 D RILMUXD : [gsm0710muxd] 3614:poll_thread(): poll_thread select found
05-04 15:49:47.049353   722   739 D RILC-MTK: Request pRI=0x7fb0f8ca50 to RIL_CMD_PROXY_3 is busy. total:6 requests pending
05-04 15:49:47.049377   561   711 D RILMUXD : [gsm0710muxd] 1045:pseudo_device_read(): Enter, LackofAtciChannel=0
05-04 15:49:47.049450   722   739 D RILC    : SOCKET RIL_SOCKET_1 REQUEST: VOICE_REGISTRATION_STATE length:8
05-04 15:49:47.049458   561   711 D RILMUXD : [gsm0710muxd] 657:write_frame(): Sending frame to channel 3
05-04 15:49:47.049535   722   739 I RILC-MTK: create request 20: pRequest=0x7fb0f92880, pRI=0x7fb0f8ca80, p=0x7fb0f97570, pUCI=0x0
05-04 15:49:47.049781   561   711 D RILMUXD : [gsm0710muxd] 766:write_frame(): Write a frame on channel 3 with length 1
05-04 15:49:47.049835   722   739 D RILC-MTK: 1:OPERATOR pRI=0x7fb0f8c780 p=0x7fb0f96850 is queued in RIL_CMD_PROXY_3
05-04 15:49:47.049879   722   739 D RILC-MTK: 2:DATA_REGISTRATION_STATE pRI=0x7fb0f8c9c0 p=0x7fb0f968c0 is queued in RIL_CMD_PROXY_3
05-04 15:49:47.049927   722   739 D RILC-MTK: 3:VOICE_REGISTRATION_STATE pRI=0x7fb0f8c390 p=0x7fb0f96a10 is queued in RIL_CMD_PROXY_3
05-04 15:49:47.049970   722   739 D RILC-MTK: 4:QUERY_NETWORK_SELECTION_MODE pRI=0x7fb0f8c5d0 p=0x7fb0f96a80 is queued in RIL_CMD_PROXY_3
05-04 15:49:47.050013   722   739 D RILC-MTK: 5:OPERATOR pRI=0x7fb0f8c9f0 p=0x7fb0f97180 is queued in RIL_CMD_PROXY_3
05-04 15:49:47.050055   722   739 D RILC-MTK: 6:DATA_REGISTRATION_STATE pRI=0x7fb0f8ca50 p=0x7fb0f97500 is queued in RIL_CMD_PROXY_3
05-04 15:49:47.050100   722   739 D RILC-MTK: **** the last executed cmd for RIL_CMD_PROXY_3 is QUERY_NETWORK_SELECTION_MODE ****
05-04 15:49:47.050144   722   739 D RILC-MTK: Request pRI=0x7fb0f8ca80 to RIL_CMD_PROXY_3 is busy. total:7 requests pending
05-04 15:49:47.050193   722   739 D RILC    : SOCKET RIL_SOCKET_1 REQUEST: QUERY_NETWORK_SELECTION_MODE length:8
05-04 15:49:47.050242   722   739 I RILC-MTK: create request 45: pRequest=0x7fb0f928a0, pRI=0x7fb0f8cab0, p=0x7fb0f975e0, pUCI=0x0
05-04 15:49:47.050284   722   739 D RILC-MTK: 1:OPERATOR pRI=0x7fb0f8c780 p=0x7fb0f96850 is queued in RIL_CMD_PROXY_3
05-04 15:49:47.050325   722   739 D RILC-MTK: 2:DATA_REGISTRATION_STATE pRI=0x7fb0f8c9c0 p=0x7fb0f968c0 is queued in RIL_CMD_PROXY_3
05-04 15:49:47.050368   722   739 D RILC-MTK: 3:VOICE_REGISTRATION_STATE pRI=0x7fb0f8c390 p=0x7fb0f96a10 is queued in RIL_CMD_PROXY_3
05-04 15:49:47.050409   722   739 D RILC-MTK: 4:QUERY_NETWORK_SELECTION_MODE pRI=0x7fb0f8c5d0 p=0x7fb0f96a80 is queued in RIL_CMD_PROXY_3
05-04 15:49:47.050451   722   739 D RILC-MTK: 5:OPERATOR pRI=0x7fb0f8c9f0 p=0x7fb0f97180 is queued in RIL_CMD_PROXY_3
05-04 15:49:47.050533   722   739 D RILC-MTK: 6:DATA_REGISTRATION_STATE pRI=0x7fb0f8ca50 p=0x7fb0f97500 is queued in RIL_CMD_PROXY_3
05-04 15:49:47.051134   722   739 D RILC-MTK: 7:VOICE_REGISTRATION_STATE pRI=0x7fb0f8ca80 p=0x7fb0f97570 is queued in RIL_CMD_PROXY_3
05-04 15:49:47.051127   561   707 D RILMUXD : [gsm0710muxd] 1643:gsm0710_base_buffer_get_frame(): Get a complete frame. ch:3, ctrl:239, len:12
05-04 15:49:47.051180   722   739 D RILC-MTK: **** the last executed cmd for RIL_CMD_PROXY_3 is QUERY_NETWORK_SELECTION_MODE ****
05-04 15:49:47.051194   561   707 D RILMUXD : [gsm0710muxd] 2383:extract_frames(): Writing 12 byte frame received on channel 3 to /dev/pts/8
05-04 15:49:47.051519   561   707 D RILMUXD : [gsm0710muxd] 2403:extract_frames(): write() returned. Written 12/12 bytes of frame to /dev/pts/8
05-04 15:49:47.051225   722   739 D RILC-MTK: Request pRI=0x7fb0f8cab0 to RIL_CMD_PROXY_3 is busy. total:8 requests pending
05-04 15:49:47.051580   561   707 D RILMUXD : [gsm0710muxd] 2408:extract_frames(): fsync() failed (-1, 22 - Invalid argument)
05-04 15:49:47.051641   561   707 D RILMUXD : [gsm0710muxd] 1643:gsm0710_base_buffer_get_frame(): Get a complete frame. ch:3, ctrl:239, len:6
05-04 15:49:47.051692   561   707 D RILMUXD : [gsm0710muxd] 2383:extract_frames(): Writing 6 byte frame received on channel 3 to /dev/pts/8
05-04 15:49:47.051751   561   707 D RILMUXD : [gsm0710muxd] 2403:extract_frames(): write() returned. Written 6/6 bytes of frame to /dev/pts/8
05-04 15:49:47.051849   722   743 I AT      : AT read end: 18
05-04 15:49:47.051882   561   707 D RILMUXD : [gsm0710muxd] 2408:extract_frames(): fsync() failed (-1, 22 - Invalid argument)
05-04 15:49:47.051894   722   743 D AT      : AT< +COPS: 0
05-04 15:49:47.051985   722   743 D AT      : RIL_CMD_READER_1 Enter processLine:+COPS: 0
05-04 15:49:47.052032   722   743 D AT      : AT< OK
05-04 15:49:47.052073   722   743 D AT      : RIL_CMD_READER_1 Enter processLine:OK
05-04 15:49:47.052130   722   743 I AT      : AT read start
05-04 15:49:47.052256   722   728 D AT      : response received on RIL_CMD_READER_1, tid:548425417792
05-04 15:49:47.052310   722   728 D RILC    : RequestComplete, RIL_SOCKET_1
05-04 15:49:47.052368   722   728 E RILC    : Send Response to RIL_SOCKET_1
05-04 15:49:47.052474   722   728 D RILC-MTK: proxyLoop free  pRI=0x7fb0f8c750 p=0x7fb0f965b0 
05-04 15:49:47.052663  1569  1724 D RILJ    : responseInts numInts=1 [SUB0]
05-04 15:49:47.053129   722   728 D RILC-MTK: proxyLoop free  pRequest=0x7fb0f927e0
05-04 15:49:47.053172  1569  1724 D RILJ    : responseInts response[0]=0 [SUB0]
05-04 15:49:47.053183   722   728 D RILC-MTK: proxy id:1, proxyName: RIL_CMD_PROXY_3
05-04 15:49:47.053234   722   728 D RILC-MTK: OPERATOR pRI=0x7fb0f8c780 p=0x7fb0f96850 execute on RIL_CMD_PROXY_3 using channel 1
05-04 15:49:47.053278   722   728 D RILC    : callOnRequest for new vendor ril
05-04 15:49:47.053335   722   728 D RIL     : onRequest: OPERATOR, datalen = 0
05-04 15:49:47.053382   722   728 D RIL     : radioState:10
05-04 15:49:47.053439   722   728 D AT      : AT send on RIL_CMD_READER_1, tid:548425417792
05-04 15:49:47.053270  1569  1724 D RILJ    : [5164]< QUERY_NETWORK_SELECTION_MODE {0} [SUB0]
05-04 15:49:47.053510   722   728 D AT      : AT> AT+COPS?
05-04 15:49:47.053558   722   728 I AT      : AT write start
05-04 15:49:47.053690  1569  1569 D GsmSST  : [GsmSST0] handle EVENT_POLL_STATE_NETWORK_SELECTION_MODE
05-04 15:49:47.053838  1569  1569 E GsmSST  : [GsmSST0] handlePollStateResult return due to (ar.userObj != mPollingContext)
05-04 15:49:47.053884  1569  1569 D GsmSST  : [GsmSST0] handleMessage msg done
05-04 15:49:47.053929   561   711 D RILMUXD : [gsm0710muxd] 3614:poll_thread(): poll_thread select found
05-04 15:49:47.053991   561   711 D RILMUXD : [gsm0710muxd] 1045:pseudo_device_read(): Enter, LackofAtciChannel=0
05-04 15:49:47.054055   561   711 D RILMUXD : [gsm0710muxd] 657:write_frame(): Sending frame to channel 3
05-04 15:49:47.054156   561   711 D RILMUXD : [gsm0710muxd] 766:write_frame(): Write a frame on channel 3 with length 9
05-04 15:49:47.055235   561   707 D RILMUXD : [gsm0710muxd] 1643:gsm0710_base_buffer_get_frame(): Get a complete frame. ch:3, ctrl:239, len:12
05-04 15:49:47.055477   561   707 D RILMUXD : [gsm0710muxd] 2383:extract_frames(): Writing 12 byte frame received on channel 3 to /dev/pts/8
05-04 15:49:47.055587   561   707 D RILMUXD : [gsm0710muxd] 2403:extract_frames(): write() returned. Written 12/12 bytes of frame to /dev/pts/8
05-04 15:49:47.055642   561   707 D RILMUXD : [gsm0710muxd] 2408:extract_frames(): fsync() failed (-1, 22 - Invalid argument)
05-04 15:49:47.055729   561   707 D RILMUXD : [gsm0710muxd] 1643:gsm0710_base_buffer_get_frame(): Get a complete frame. ch:3, ctrl:239, len:6
05-04 15:49:47.055781   561   707 D RILMUXD : [gsm0710muxd] 2383:extract_frames(): Writing 6 byte frame received on channel 3 to /dev/pts/8
05-04 15:49:47.055843   561   707 D RILMUXD : [gsm0710muxd] 2403:extract_frames(): write() returned. Written 6/6 bytes of frame to /dev/pts/8
05-04 15:49:47.055961   561   707 D RILMUXD : [gsm0710muxd] 2408:extract_frames(): fsync() failed (-1, 22 - Invalid argument)
05-04 15:49:47.055953   722   743 I AT      : AT read end: 18
05-04 15:49:47.056046   722   743 D AT      : AT< +COPS: 0
05-04 15:49:47.056090   722   743 D AT      : RIL_CMD_READER_1 Enter processLine:+COPS: 0
05-04 15:49:47.056140   722   743 D AT      : AT< OK
05-04 15:49:47.056181   722   743 D AT      : RIL_CMD_READER_1 Enter processLine:OK
05-04 15:49:47.056238   722   743 I AT      : AT read start
05-04 15:49:47.057124   722   728 D AT      : response received on RIL_CMD_READER_1, tid:548425417792
05-04 15:49:47.057187   722   728 D AT      : AT send on RIL_CMD_READER_1, tid:548425417792
05-04 15:49:47.057230   722   728 D AT      : AT> AT+EOPS?
05-04 15:49:47.057270   722   728 I AT      : AT write start
05-04 15:49:47.057428   561   711 D RILMUXD : [gsm0710muxd] 3614:poll_thread(): poll_thread select found
05-04 15:49:47.057488   561   711 D RILMUXD : [gsm0710muxd] 1045:pseudo_device_read(): Enter, LackofAtciChannel=0
05-04 15:49:47.057550   561   711 D RILMUXD : [gsm0710muxd] 657:write_frame(): Sending frame to channel 3
05-04 15:49:47.057650   561   711 D RILMUXD : [gsm0710muxd] 766:write_frame(): Write a frame on channel 3 with length 9
05-04 15:49:47.058916   561   707 D RILMUXD : [gsm0710muxd] 1643:gsm0710_base_buffer_get_frame(): Get a complete frame. ch:3, ctrl:239, len:24
05-04 15:49:47.059022   561   707 D RILMUXD : [gsm0710muxd] 2383:extract_frames(): Writing 24 byte frame received on channel 3 to /dev/pts/8
05-04 15:49:47.059112   561   707 D RILMUXD : [gsm0710muxd] 2403:extract_frames(): write() returned. Written 24/24 bytes of frame to /dev/pts/8
05-04 15:49:47.059166   561   707 D RILMUXD : [gsm0710muxd] 2408:extract_frames(): fsync() failed (-1, 22 - Invalid argument)
05-04 15:49:47.059227   561   707 D RILMUXD : [gsm0710muxd] 1643:gsm0710_base_buffer_get_frame(): Get a complete frame. ch:3, ctrl:239, len:6
05-04 15:49:47.059279   561   707 D RILMUXD : [gsm0710muxd] 2383:extract_frames(): Writing 6 byte frame received on channel 3 to /dev/pts/8
05-04 15:49:47.059338   561   707 D RILMUXD : [gsm0710muxd] 2403:extract_frames(): write() returned. Written 6/6 bytes of frame to /dev/pts/8
05-04 15:49:47.059388   561   707 D RILMUXD : [gsm0710muxd] 2408:extract_frames(): fsync() failed (-1, 22 - Invalid argument)
05-04 15:49:47.059510   722   743 I AT      : AT read end: 30
05-04 15:49:47.059559   722   743 D AT      : AT< +EOPS: 0,2,"46000",0
05-04 15:49:47.059606   722   743 D AT      : RIL_CMD_READER_1 Enter processLine:+EOPS: 0,2,"46000",0
05-04 15:49:47.059652   722   743 D AT      : AT< OK
05-04 15:49:47.059693   722   743 D AT      : RIL_CMD_READER_1 Enter processLine:OK
05-04 15:49:47.059755   722   743 I AT      : AT read start
05-04 15:49:47.059837   722   728 D AT      : response received on RIL_CMD_READER_1, tid:548425417792
05-04 15:49:47.059889   722   728 D RIL     : EOPS Get operator code 46000
05-04 15:49:47.059934   722   728 D RILC    : RequestComplete, RIL_SOCKET_1
05-04 15:49:47.059998   722   728 E RILC    : Send Response to RIL_SOCKET_1
05-04 15:49:47.060107   722   728 D RILC-MTK: proxyLoop free  pRI=0x7fb0f8c780 p=0x7fb0f96850 
05-04 15:49:47.060155   722   728 D RILC-MTK: proxyLoop free  pRequest=0x7fb0f92800
05-04 15:49:47.060371   722   728 D RILC-MTK: proxy id:1, proxyName: RIL_CMD_PROXY_3
05-04 15:49:47.060419   722   728 D RILC-MTK: DATA_REGISTRATION_STATE pRI=0x7fb0f8c9c0 p=0x7fb0f968c0 execute on RIL_CMD_PROXY_3 using channel 1
05-04 15:49:47.060431  1569  1724 D RILJ    : [5165]< OPERATOR {46000} [SUB0]
05-04 15:49:47.060461   722   728 D RILC    : callOnRequest for new vendor ril
05-04 15:49:47.060626  1569  1569 D GsmSST  : [GsmSST0] handle EVENT_POLL_STATE_OPERATOR
05-04 15:49:47.060755  1569  1569 E GsmSST  : [GsmSST0] handlePollStateResult return due to (ar.userObj != mPollingContext)
05-04 15:49:47.060804  1569  1569 D GsmSST  : [GsmSST0] handleMessage msg done
05-04 15:49:47.060504   722   728 D RIL     : onRequest: DATA_REGISTRATION_STATE, datalen = 0
05-04 15:49:47.061175   722   728 D RIL     : radioState:10
05-04 15:49:47.061240   722   728 D AT      : AT send on RIL_CMD_READER_1, tid:548425417792
05-04 15:49:47.061281   722   728 D AT      : AT> AT+CGREG?
05-04 15:49:47.061323   722   728 I AT      : AT write start
05-04 15:49:47.061491   561   711 D RILMUXD : [gsm0710muxd] 3614:poll_thread(): poll_thread select found
05-04 15:49:47.061553   561   711 D RILMUXD : [gsm0710muxd] 1045:pseudo_device_read(): Enter, LackofAtciChannel=0
05-04 15:49:47.061615   561   711 D RILMUXD : [gsm0710muxd] 657:write_frame(): Sending frame to channel 3
05-04 15:49:47.061719   561   711 D RILMUXD : [gsm0710muxd] 766:write_frame(): Write a frame on channel 3 with length 10
05-04 15:49:47.062975   561   707 D RILMUXD : [gsm0710muxd] 1643:gsm0710_base_buffer_get_frame(): Get a complete frame. ch:3, ctrl:239, len:44
05-04 15:49:47.063045   561   707 D RILMUXD : [gsm0710muxd] 2383:extract_frames(): Writing 44 byte frame received on channel 3 to /dev/pts/8
05-04 15:49:47.063121   561   707 D RILMUXD : [gsm0710muxd] 2403:extract_frames(): write() returned. Written 44/44 bytes of frame to /dev/pts/8
05-04 15:49:47.063222   561   707 D RILMUXD : [gsm0710muxd] 2408:extract_frames(): fsync() failed (-1, 22 - Invalid argument)
05-04 15:49:47.063283   561   707 D RILMUXD : [gsm0710muxd] 1643:gsm0710_base_buffer_get_frame(): Get a complete frame. ch:3, ctrl:239, len:6
05-04 15:49:47.063338   561   707 D RILMUXD : [gsm0710muxd] 2383:extract_frames(): Writing 6 byte frame received on channel 3 to /dev/pts/8
05-04 15:49:47.063409   561   707 D RILMUXD : [gsm0710muxd] 2403:extract_frames(): write() returned. Written 6/6 bytes of frame to /dev/pts/8
05-04 15:49:47.063460   561   707 D RILMUXD : [gsm0710muxd] 2408:extract_frames(): fsync() failed (-1, 22 - Invalid argument)
05-04 15:49:47.063523   722   743 I AT      : AT read end: 44
05-04 15:49:47.063570   722   743 D AT      : AT< +CGREG: 3,0,"262E","00000FB7",0,"00",0,0
05-04 15:49:47.063633   722   743 D AT      : RIL_CMD_READER_1 Enter processLine:+CGREG: 3,0,"262E","00000FB7",0,"00",0,0
05-04 15:49:47.063680   722   743 I AT      : AT read start
05-04 15:49:47.063731   722   743 I AT      : AT read end: 6
05-04 15:49:47.063770   722   743 D AT      : AT< OK
05-04 15:49:47.063811   722   743 D AT      : RIL_CMD_READER_1 Enter processLine:OK
05-04 15:49:47.063873   722   743 I AT      : AT read start
05-04 15:49:47.064437   722   728 D AT      : response received on RIL_CMD_READER_1, tid:548425417792
05-04 15:49:47.064519   722   728 D RIL     : convertRegState() uiRegState=0 , uiRet=0 
05-04 15:49:47.064564   722   728 D RIL     : dontChangeCgregFormat=0
05-04 15:49:47.064606   722   728 E RIL     : it is short CREG CGREG
05-04 15:49:47.064660   722   728 E RIL     : rid: 0
05-04 15:49:47.064702   722   728 D RIL     : RestrictedStateChanged: 22
05-04 15:49:47.064748   722   728 D RIL     : isSimInserted(): rid: 0, sim_inserted_status: 0
05-04 15:49:47.064792   722   728 D RIL     : isSimInserted(): pivotSim = 1 ,0
05-04 15:49:47.064837   722   728 D RIL     : isSimInserted(): simInserted = 0
05-04 15:49:47.064882   722   728 D RILC    : RequestComplete, RIL_SOCKET_1
05-04 15:49:47.064946   722   728 E RILC    : Send Response to RIL_SOCKET_1
05-04 15:49:47.065065   722   728 D RILC-MTK: proxyLoop free  pRI=0x7fb0f8c9c0 p=0x7fb0f968c0 
05-04 15:49:47.065114   722   728 D RILC-MTK: proxyLoop free  pRequest=0x7fb0f92840
05-04 15:49:47.065162   722   728 D RILC-MTK: proxy id:1, proxyName: RIL_CMD_PROXY_3
05-04 15:49:47.065209   722   728 D RILC-MTK: VOICE_REGISTRATION_STATE pRI=0x7fb0f8c390 p=0x7fb0f96a10 execute on RIL_CMD_PROXY_3 using channel 1
05-04 15:49:47.065257   722   728 D RILC    : callOnRequest for new vendor ril
05-04 15:49:47.065283  1569  1724 D RILJ    : [5166]< DATA_REGISTRATION_STATE {0, -1, -1, 0} [SUB0]
05-04 15:49:47.065302   722   728 D RIL     : onRequest: VOICE_REGISTRATION_STATE, datalen = 0
05-04 15:49:47.065356   722   728 D RIL     : radioState:10
05-04 15:49:47.065408   722   728 D AT      : AT send on RIL_CMD_READER_1, tid:548425417792
05-04 15:49:47.065450   722   728 D AT      : AT> AT+CREG?
05-04 15:49:47.065490   722   728 I AT      : AT write start
05-04 15:49:47.065662   561   711 D RILMUXD : [gsm0710muxd] 3614:poll_thread(): poll_thread select found
05-04 15:49:47.065725   561   711 D RILMUXD : [gsm0710muxd] 1045:pseudo_device_read(): Enter, LackofAtciChannel=0
05-04 15:49:47.065791   561   711 D RILMUXD : [gsm0710muxd] 657:write_frame(): Sending frame to channel 3
05-04 15:49:47.065911   561   711 D RILMUXD : [gsm0710muxd] 766:write_frame(): Write a frame on channel 3 with length 9
05-04 15:49:47.065977  1569  1569 D GsmSST  : [GsmSST0] handle EVENT_POLL_STATE_GPRS
05-04 15:49:47.066045  1569  1569 E GsmSST  : [GsmSST0] handlePollStateResult return due to (ar.userObj != mPollingContext)
05-04 15:49:47.066098  1569  1569 D GsmSST  : [GsmSST0] handleMessage msg done
05-04 15:49:47.067520   561   707 D RILMUXD : [gsm0710muxd] 1643:gsm0710_base_buffer_get_frame(): Get a complete frame. ch:3, ctrl:239, len:38
05-04 15:49:47.067599   561   707 D RILMUXD : [gsm0710muxd] 2383:extract_frames(): Writing 38 byte frame received on channel 3 to /dev/pts/8
05-04 15:49:47.067690   561   707 D RILMUXD : [gsm0710muxd] 2403:extract_frames(): write() returned. Written 38/38 bytes of frame to /dev/pts/8
05-04 15:49:47.067744   561   707 D RILMUXD : [gsm0710muxd] 2408:extract_frames(): fsync() failed (-1, 22 - Invalid argument)
05-04 15:49:47.067806   561   707 D RILMUXD : [gsm0710muxd] 1643:gsm0710_base_buffer_get_frame(): Get a complete frame. ch:3, ctrl:239, len:6
05-04 15:49:47.067862   561   707 D RILMUXD : [gsm0710muxd] 2383:extract_frames(): Writing 6 byte frame received on channel 3 to /dev/pts/8
05-04 15:49:47.067967   561   707 D RILMUXD : [gsm0710muxd] 2403:extract_frames(): write() returned. Written 6/6 bytes of frame to /dev/pts/8
05-04 15:49:47.068019   561   707 D RILMUXD : [gsm0710muxd] 2408:extract_frames(): fsync() failed (-1, 22 - Invalid argument)
05-04 15:49:47.068236   722   743 I AT      : AT read end: 44
05-04 15:49:47.068296   722   743 D AT      : AT< +CREG: 3,0,"262E","00000FB7",0,0,0
05-04 15:49:47.068342   722   743 D AT      : RIL_CMD_READER_1 Enter processLine:+CREG: 3,0,"262E","00000FB7",0,0,0
05-04 15:49:47.068393   722   743 D AT      : AT< OK
05-04 15:49:47.068495   722   743 D AT      : RIL_CMD_READER_1 Enter processLine:OK
05-04 15:49:47.068554   722   743 I AT      : AT read start
05-04 15:49:47.068680   722   728 D AT      : response received on RIL_CMD_READER_1, tid:548425417792
