05-04 14:24:28.850122   561   711 D RILMUXD : [gsm0710muxd] 657:write_frame(): Sending frame to channel 3
05-04 14:24:28.850212   561   711 D RILMUXD : [gsm0710muxd] 766:write_frame(): Write a frame on channel 3 with length 1
05-04 14:24:28.854701   561   707 D RILMUXD : [gsm0710muxd] 1643:gsm0710_base_buffer_get_frame(): Get a complete frame. ch:3, ctrl:239, len:24
05-04 14:24:28.854791   561   707 D RILMUXD : [gsm0710muxd] 2383:extract_frames(): Writing 24 byte frame received on channel 3 to /dev/pts/8
05-04 14:24:28.854882   561   707 D RILMUXD : [gsm0710muxd] 2403:extract_frames(): write() returned. Written 24/24 bytes of frame to /dev/pts/8
05-04 14:24:28.854934   561   707 D RILMUXD : [gsm0710muxd] 2408:extract_frames(): fsync() failed (-1, 22 - Invalid argument)
05-04 14:24:28.854999   561   707 D RILMUXD : [gsm0710muxd] 1643:gsm0710_base_buffer_get_frame(): Get a complete frame. ch:3, ctrl:239, len:6
05-04 14:24:28.855049   561   707 D RILMUXD : [gsm0710muxd] 2383:extract_frames(): Writing 6 byte frame received on channel 3 to /dev/pts/8
05-04 14:24:28.855105   561   707 D RILMUXD : [gsm0710muxd] 2403:extract_frames(): write() returned. Written 6/6 bytes of frame to /dev/pts/8
05-04 14:24:28.855155   561   707 D RILMUXD : [gsm0710muxd] 2408:extract_frames(): fsync() failed (-1, 22 - Invalid argument)
05-04 14:24:28.855340   722   743 I AT      : AT read end: 30
05-04 14:24:28.855390   722   743 D AT      : AT< +EOPS: 0,2,"46000",0
05-04 14:24:28.855434   722   743 D AT      : RIL_CMD_READER_1 Enter processLine:+EOPS: 0,2,"46000",0
05-04 14:24:28.855483   722   743 D AT      : AT< OK
05-04 14:24:28.855524   722   743 D AT      : RIL_CMD_READER_1 Enter processLine:OK
05-04 14:24:28.855585   722   743 I AT      : AT read start
05-04 14:24:28.855669   722   728 D AT      : response received on RIL_CMD_READER_1, tid:548425417792
05-04 14:24:28.855724   722   728 D RIL     : EOPS Get operator code 46000
05-04 14:24:28.855768   722   728 D RILC    : RequestComplete, RIL_SOCKET_1
05-04 14:24:28.855831   722   728 E RILC    : Send Response to RIL_SOCKET_1
05-04 14:24:28.856216  1569  1724 D RILJ    : [4943]< OPERATOR {46000} [SUB0]
05-04 14:24:28.856400  1569  1569 D GsmSST  : [GsmSST0] handle EVENT_POLL_STATE_OPERATOR
05-04 14:24:28.856468  1569  1569 D GsmSST  : [GsmSST0] opNames:46000 len=5
05-04 14:24:28.856534  1569  1569 D GsmSST  : [GsmSST0] updateLocatedPlmn(),previous plmn= 46000 ,update to: 46000
05-04 14:24:28.856591  1569  1569 D GsmSST  : [GsmSST0] handleMessage msg done
05-04 14:24:28.857712   722   728 D RILC-MTK: proxyLoop free  pRI=0x7fb0f8c810 p=0x7fb0f96850 
05-04 14:24:28.857764   722   728 D RILC-MTK: proxyLoop free  pRequest=0x7fb0f92700
05-04 14:24:28.857820   722   728 D RILC-MTK: proxy id:1, proxyName: RIL_CMD_PROXY_3
05-04 14:24:28.857865   722   728 D RILC-MTK: DATA_REGISTRATION_STATE pRI=0x7fb0f8c300 p=0x7fb0f96a10 execute on RIL_CMD_PROXY_3 using channel 1
05-04 14:24:28.857913   722   728 D RILC    : callOnRequest for new vendor ril
05-04 14:24:28.857958   722   728 D RIL     : onRequest: DATA_REGISTRATION_STATE, datalen = 0
05-04 14:24:28.858003   722   728 D RIL     : radioState:10
05-04 14:24:28.858061   722   728 D AT      : AT send on RIL_CMD_READER_1, tid:548425417792
05-04 14:24:28.858105   722   728 D AT      : AT> AT+CGREG?
05-04 14:24:28.858144   722   728 I AT      : AT write start
05-04 14:24:28.858382   561   711 D RILMUXD : [gsm0710muxd] 3614:poll_thread(): poll_thread select found
05-04 14:24:28.858450   561   711 D RILMUXD : [gsm0710muxd] 1045:pseudo_device_read(): Enter, LackofAtciChannel=0
05-04 14:24:28.858512   561   711 D RILMUXD : [gsm0710muxd] 657:write_frame(): Sending frame to channel 3
05-04 14:24:28.858615   561   711 D RILMUXD : [gsm0710muxd] 766:write_frame(): Write a frame on channel 3 with length 10
05-04 14:24:28.859901   561   707 D RILMUXD : [gsm0710muxd] 1643:gsm0710_base_buffer_get_frame(): Get a complete frame. ch:3, ctrl:239, len:44
05-04 14:24:28.859978   561   707 D RILMUXD : [gsm0710muxd] 2383:extract_frames(): Writing 44 byte frame received on channel 3 to /dev/pts/8
05-04 14:24:28.860090   561   707 D RILMUXD : [gsm0710muxd] 2403:extract_frames(): write() returned. Written 44/44 bytes of frame to /dev/pts/8
05-04 14:24:28.860181   561   707 D RILMUXD : [gsm0710muxd] 2408:extract_frames(): fsync() failed (-1, 22 - Invalid argument)
05-04 14:24:28.860241   561   707 D RILMUXD : [gsm0710muxd] 1643:gsm0710_base_buffer_get_frame(): Get a complete frame. ch:3, ctrl:239, len:6
05-04 14:24:28.860294   561   707 D RILMUXD : [gsm0710muxd] 2383:extract_frames(): Writing 6 byte frame received on channel 3 to /dev/pts/8
05-04 14:24:28.860352   561   707 D RILMUXD : [gsm0710muxd] 2403:extract_frames(): write() returned. Written 6/6 bytes of frame to /dev/pts/8
05-04 14:24:28.860404   561   707 D RILMUXD : [gsm0710muxd] 2408:extract_frames(): fsync() failed (-1, 22 - Invalid argument)
05-04 14:24:28.860595   722   743 I AT      : AT read end: 50
05-04 14:24:28.860645   722   743 D AT      : AT< +CGREG: 3,0,"262E","00000FB7",0,"00",0,0
05-04 14:24:28.860694   722   743 D AT      : RIL_CMD_READER_1 Enter processLine:+CGREG: 3,0,"262E","00000FB7",0,"00",0,0
05-04 14:24:28.860747   722   743 D AT      : AT< OK
05-04 14:24:28.860793   722   743 D AT      : RIL_CMD_READER_1 Enter processLine:OK
05-04 14:24:28.860857   722   743 I AT      : AT read start
05-04 14:24:28.860956   722   728 D AT      : response received on RIL_CMD_READER_1, tid:548425417792
05-04 14:24:28.861010   722   728 D RIL     : convertRegState() uiRegState=0 , uiRet=0 
05-04 14:24:28.861051   722   728 D RIL     : dontChangeCgregFormat=0
05-04 14:24:28.861095   722   728 E RIL     : it is short CREG CGREG
05-04 14:24:28.861145   722   728 E RIL     : rid: 0
05-04 14:24:28.861187   722   728 D RIL     : RestrictedStateChanged: 22
05-04 14:24:28.861236   722   728 D RIL     : isSimInserted(): rid: 0, sim_inserted_status: 0
05-04 14:24:28.861279   722   728 D RIL     : isSimInserted(): pivotSim = 1 ,0
05-04 14:24:28.861324   722   728 D RIL     : isSimInserted(): simInserted = 0
05-04 14:24:28.861369   722   728 D RILC    : RequestComplete, RIL_SOCKET_1
05-04 14:24:28.861431   722   728 E RILC    : Send Response to RIL_SOCKET_1
05-04 14:24:28.861981  1569  1724 D RILJ    : [4944]< DATA_REGISTRATION_STATE {0, -1, -1, 0} [SUB0]
05-04 14:24:28.862148  1569  1569 D GsmSST  : [GsmSST0] handle EVENT_POLL_STATE_GPRS
05-04 14:24:28.862151   722   728 D RILC-MTK: proxyLoop free  pRI=0x7fb0f8c300 p=0x7fb0f96a10 
05-04 14:24:28.862209   722   728 D RILC-MTK: proxyLoop free  pRequest=0x7fb0f92480
05-04 14:24:28.862219  1569  1569 D GsmSST  : [GsmSST0] set Lac to previous value
05-04 14:24:28.862263   722   728 D RILC-MTK: proxy id:1, proxyName: RIL_CMD_PROXY_3
05-04 14:24:28.862279  1569  1569 D GsmSST  : [GsmSST0] set Cid to previous value
05-04 14:24:28.862310   722   728 D RILC-MTK: VOICE_REGISTRATION_STATE pRI=0x7fb0f8c4e0 p=0x7fb0f96f50 execute on RIL_CMD_PROXY_3 using channel 1
05-04 14:24:28.862354   722   728 D RILC    : callOnRequest for new vendor ril
05-04 14:24:28.862397   722   728 D RIL     : onRequest: VOICE_REGISTRATION_STATE, datalen = 0
05-04 14:24:28.862433  1569  1569 D PHONE   : [ServiceState] setDataRegState=1
05-04 14:24:28.862436   722   728 D RIL     : radioState:10
05-04 14:24:28.862487   722   728 D AT      : AT send on RIL_CMD_READER_1, tid:548425417792
05-04 14:24:28.862505  1569  1569 D PHONE   : [ServiceState] setProprietaryDataRadioTechnology=0
05-04 14:24:28.862529   722   728 D AT      : AT> AT+CREG?
05-04 14:24:28.862553  1569  1569 D PHONE   : [ServiceState] setDataRadioTechnology=0
05-04 14:24:28.862572   722   728 I AT      : AT write start
05-04 14:24:28.862614  1569  1569 D GsmSST  : [GsmSST0] handlPollStateResultMessage: GsmSST setDataRegState=1 regState=0 dataRadioTechnology=0
05-04 14:24:28.862662  1569  1569 D GsmSST  : [GsmSST0] handleMessage msg done
05-04 14:24:28.862832   561   711 D RILMUXD : [gsm0710muxd] 3614:poll_thread(): poll_thread select found
05-04 14:24:28.862894   561   711 D RILMUXD : [gsm0710muxd] 1045:pseudo_device_read(): Enter, LackofAtciChannel=0
05-04 14:24:28.862955   561   711 D RILMUXD : [gsm0710muxd] 657:write_frame(): Sending frame to channel 3
05-04 14:24:28.863056   561   711 D RILMUXD : [gsm0710muxd] 766:write_frame(): Write a frame on channel 3 with length 9
05-04 14:24:28.865009   561   707 D RILMUXD : [gsm0710muxd] 1643:gsm0710_base_buffer_get_frame(): Get a complete frame. ch:3, ctrl:239, len:38
05-04 14:24:28.865091   561   707 D RILMUXD : [gsm0710muxd] 2383:extract_frames(): Writing 38 byte frame received on channel 3 to /dev/pts/8
05-04 14:24:28.865179   561   707 D RILMUXD : [gsm0710muxd] 2403:extract_frames(): write() returned. Written 38/38 bytes of frame to /dev/pts/8
05-04 14:24:28.865231   561   707 D RILMUXD : [gsm0710muxd] 2408:extract_frames(): fsync() failed (-1, 22 - Invalid argument)
05-04 14:24:28.865287   561   707 D RILMUXD : [gsm0710muxd] 1643:gsm0710_base_buffer_get_frame(): Get a complete frame. ch:3, ctrl:239, len:6
05-04 14:24:28.865341   561   707 D RILMUXD : [gsm0710muxd] 2383:extract_frames(): Writing 6 byte frame received on channel 3 to /dev/pts/8
05-04 14:24:28.865399   561   707 D RILMUXD : [gsm0710muxd] 2403:extract_frames(): write() returned. Written 6/6 bytes of frame to /dev/pts/8
05-04 14:24:28.865453   561   707 D RILMUXD : [gsm0710muxd] 2408:extract_frames(): fsync() failed (-1, 22 - Invalid argument)
05-04 14:24:28.865593   722   743 I AT      : AT read end: 44
05-04 14:24:28.865644   722   743 D AT      : AT< +CREG: 3,0,"262E","00000FB7",0,0,0
05-04 14:24:28.865687   722   743 D AT      : RIL_CMD_READER_1 Enter processLine:+CREG: 3,0,"262E","00000FB7",0,0,0
05-04 14:24:28.865733   722   743 D AT      : AT< OK
05-04 14:24:28.865772   722   743 D AT      : RIL_CMD_READER_1 Enter processLine:OK
05-04 14:24:28.865875   722   743 I AT      : AT read start
05-04 14:24:28.867401   722   728 D AT      : response received on RIL_CMD_READER_1, tid:548425417792
05-04 14:24:28.867589   722   728 D RIL     : convertRegState() uiRegState=0 , uiRet=0 
05-04 14:24:28.867632   722   728 D RIL     : dontChangeFormat=0
05-04 14:24:28.867673   722   728 E RIL     : it is short CREG CGREG
05-04 14:24:28.867726   722   728 E RIL     : rid: 0
05-04 14:24:28.867768   722   728 D RIL     : RestrictedStateChanged: 22
05-04 14:24:28.867812   722   728 D RIL     : isSimInserted(): rid: 0, sim_inserted_status: 0
05-04 14:24:28.867853   722   728 D RIL     : isSimInserted(): pivotSim = 1 ,0
05-04 14:24:28.867893   722   728 D RIL     : isSimInserted(): simInserted = 0
05-04 14:24:28.867936   722   728 D RIL     : convertToRilRegState() uiRegState=0 , uiRet=10 
05-04 14:24:28.867985   722   728 D RILC    : RequestComplete, RIL_SOCKET_1
05-04 14:24:28.868047   722   728 E RILC    : Send Response to RIL_SOCKET_1
05-04 14:24:28.869787  1569  1724 D RILJ    : [4945]< VOICE_REGISTRATION_STATE {10, -1, -1, 0} [SUB0]
05-04 14:24:28.869959   722   728 D RILC-MTK: proxyLoop free  pRI=0x7fb0f8c4e0 p=0x7fb0f96f50 
05-04 14:24:28.869965  1569  1569 D GsmSST  : [GsmSST0] handle EVENT_POLL_STATE_REGISTRATION
05-04 14:24:28.870052   722   728 D RILC-MTK: proxyLoop free  pRequest=0x7fb0f925e0
05-04 14:24:28.870084  1569  1569 D GsmSST  : [GsmSST0] set Lac to previous value
05-04 14:24:28.870098   722   728 D RILC-MTK: proxy id:1, proxyName: RIL_CMD_PROXY_3
05-04 14:24:28.870143   722   728 D RILC-MTK: QUERY_NETWORK_SELECTION_MODE pRI=0x7fb0f8c570 p=0x7fb0f97110 execute on RIL_CMD_PROXY_3 using channel 1
05-04 14:24:28.870132  1569  1569 D GsmSST  : [GsmSST0] set Cid to previous value
05-04 14:24:28.870208   722   728 D RILC    : callOnRequest for new vendor ril
05-04 14:24:28.870253   722   728 D RIL     : onRequest: QUERY_NETWORK_SELECTION_MODE, datalen = 0
05-04 14:24:28.870268  1569  1569 D GsmSST  : [GsmSST0] EVENT_POLL_STATE_REGISTRATION mSS getRilVoiceRadioTechnology:0, regState:10, NewSS RilVoiceRadioTechnology:0, lac:9771, cid:3863
05-04 14:24:28.870294   722   728 D RIL     : radioState:10
05-04 14:24:28.870343  1569  1569 D PHONE   : [ServiceState] setVoiceRegState=1
05-04 14:24:28.870421  1569  1569 E PHONE   : [ServiceState] setState deprecated use setVoiceRegState()
05-04 14:24:28.870554  1569  1569 D GsmSST  : [GsmSST0] regState = 10isVoiceCapable = truemEmergencyOnly = true
05-04 14:24:28.870606  1569  1569 D GsmSST  : [GsmSST0] states.length > 3
05-04 14:24:28.870657  1569  1569 D GsmSST  : [GsmSST0] handleMessage msg done
05-04 14:24:28.870340   722   728 D AT      : AT send on RIL_CMD_READER_1, tid:548425417792
05-04 14:24:28.870905   722   728 D AT      : AT> AT+COPS?
05-04 14:24:28.870945   722   728 I AT      : AT write start
05-04 14:24:28.871146   561   711 D RILMUXD : [gsm0710muxd] 3614:poll_thread(): poll_thread select found
05-04 14:24:28.871209   561   711 D RILMUXD : [gsm0710muxd] 1045:pseudo_device_read(): Enter, LackofAtciChannel=0
05-04 14:24:28.871272   561   711 D RILMUXD : [gsm0710muxd] 657:write_frame(): Sending frame to channel 3
05-04 14:24:28.871372   561   711 D RILMUXD : [gsm0710muxd] 766:write_frame(): Write a frame on channel 3 with length 9
05-04 14:24:28.872695   561   707 D RILMUXD : [gsm0710muxd] 1643:gsm0710_base_buffer_get_frame(): Get a complete frame. ch:3, ctrl:239, len:12
05-04 14:24:28.872762   561   707 D RILMUXD : [gsm0710muxd] 2383:extract_frames(): Writing 12 byte frame received on channel 3 to /dev/pts/8
05-04 14:24:28.872844   561   707 D RILMUXD : [gsm0710muxd] 2403:extract_frames(): write() returned. Written 12/12 bytes of frame to /dev/pts/8
05-04 14:24:28.872898   561   707 D RILMUXD : [gsm0710muxd] 2408:extract_frames(): fsync() failed (-1, 22 - Invalid argument)
05-04 14:24:28.873067   722   743 I AT      : AT read end: 12
05-04 14:24:28.873114   722   743 D AT      : AT< +COPS: 0
05-04 14:24:28.873158   722   743 D AT      : RIL_CMD_READER_1 Enter processLine:+COPS: 0
05-04 14:24:28.873207   722   743 I AT      : AT read start
05-04 14:24:28.873289   561   707 D RILMUXD : [gsm0710muxd] 1643:gsm0710_base_buffer_get_frame(): Get a complete frame. ch:3, ctrl:239, len:6
05-04 14:24:28.873342   561   707 D RILMUXD : [gsm0710muxd] 2383:extract_frames(): Writing 6 byte frame received on channel 3 to /dev/pts/8
05-04 14:24:28.873413   561   707 D RILMUXD : [gsm0710muxd] 2403:extract_frames(): write() returned. Written 6/6 bytes of frame to /dev/pts/8
05-04 14:24:28.873465   561   707 D RILMUXD : [gsm0710muxd] 2408:extract_frames(): fsync() failed (-1, 22 - Invalid argument)
05-04 14:24:28.873554   722   743 I AT      : AT read end: 6
05-04 14:24:28.873594   722   743 D AT      : AT< OK
05-04 14:24:28.873654   722   743 D AT      : RIL_CMD_READER_1 Enter processLine:OK
05-04 14:24:28.873721   722   743 I AT      : AT read start
05-04 14:24:28.874431   722   728 D AT      : response received on RIL_CMD_READER_1, tid:548425417792
05-04 14:24:28.874489   722   728 D RILC    : RequestComplete, RIL_SOCKET_1
05-04 14:24:28.874548   722   728 E RILC    : Send Response to RIL_SOCKET_1
05-04 14:24:28.874662   722   728 D RILC-MTK: proxyLoop free  pRI=0x7fb0f8c570 p=0x7fb0f97110 
05-04 14:24:28.874708   722   728 D RILC-MTK: proxyLoop free  pRequest=0x7fb0f92640
05-04 14:24:28.874749   722   728 I RILC-MTK: RIL_CMD_PROXY_3 sleep
05-04 14:24:28.874961  1569  1724 D RILJ    : responseInts numInts=1 [SUB0]
05-04 14:24:28.875022  1569  1724 D RILJ    : responseInts response[0]=0 [SUB0]
05-04 14:24:28.875139  1569  1724 D RILJ    : [4946]< QUERY_NETWORK_SELECTION_MODE {0} [SUB0]
05-04 14:24:28.875753  1569  1569 D GsmSST  : [GsmSST0] handle EVENT_POLL_STATE_NETWORK_SELECTION_MODE
05-04 14:24:28.875841  1569  1569 D GsmSST  : [GsmSST0] set raoming=false,mGsmRoaming= false,mDataRoaming= false
05-04 14:24:28.876482  1569  1569 D SubscriptionController: [getSubId]- sSlotIdxToSubId.size == 0, return DummySubIds slotIdx=0
05-04 14:24:28.876549  1569  1569 D SubscriptionController: getDummySubIds: slotIdx=0 return 2 DummySubIds with each subId=-2
05-04 14:24:28.908460  1569  1569 D SubscriptionManager: [getPhoneId]- return dummy value, subId = -2
05-04 14:24:28.908691  1569  1569 D GsmSST  : [GsmSST0] mLastCsNetworkType=0, mLastPsNetworkType= 0, mNewSS VoiceRadioTechnology= 0, mSS VoiceRadioTechnology= 0, mNewSS DataRadioTechnology= 0, mSS DataRadioTechnology= 0
05-04 14:24:28.908752  1569  1569 D GsmSST  : [GsmSST0] pollStateDone(): don't change network type and wait for new event
05-04 14:24:28.908803  1569  1569 D PHONE   : [ServiceState] setDataRadioTechnology=0
05-04 14:24:28.908962  1569  1569 D GsmSST  : [GsmSST0] Poll ServiceState done:  oldSS=[1 1 voice home data home null null null null null null  Unknown Unknown CSS not supported -1 -1 RoamInd=-1 DefRoamInd=-1 EmergOnly=true Ril Voice Regist state: 10 Ril Data Regist state: 0 mProprietaryDataRadioTechnology: 0 VoiceRejectCause: -1 DataRejectCause: -1 mCdmaNetWorkMode: 0 IsDataRoamingFromRegistration=false] newSS=[1 1 voice home data home null null null null null null  Unknown Unknown CSS not supported 0 0 RoamInd=-1 DefRoamInd=-1 EmergOnly=true Ril Voice Regist state: 10 Ril Data Regist state: 0 mProprietaryDataRadioTechnology: 0 VoiceRejectCause: -1 DataRejectCause: -1 mCdmaNetWorkMode: 0 IsDataRoamingFromRegistration=false] oldMaxDataCalls=1 mNewMaxDataCalls=1 oldReasonDataDenied=-1 mNewReasonDataDenied=-1
05-04 14:24:28.909094  1569  1569 D GsmSST  : [GsmSST0] pollStateDone,hasRegistered:false,hasDeregistered:false,hasGprsAttached:false,hasRilVoiceRadioTechnologyChanged:false,hasRilDataRadioTechnologyChanged:false,hasVoiceRegStateChanged:false,hasDataRegStateChanged:false,hasChanged:true,hasVoiceRoamingOn:false,hasVoiceRoamingOff:false,hasDataRoamingOn:false,hasDataRoamingOff:false,hasLocationChanged:true,hasLacChanged:true,sReceiveNitz:false
05-04 14:24:28.909174  1569  1569 D GsmSST  : [GsmSST0] No matched EONS and No CPHS ONS
05-04 14:24:28.909343  1569  1569 D GsmSST  : [GsmSST0] updateSpnDisplay mVoiceCapable=true mEmergencyOnly=true mCi.getRadioState().isOn()=true getVoiceRegState()=1 getDataRegState()1
05-04 14:24:28.909393  1569  1569 D GsmSST  : [GsmSST0] updateSpnDisplay show mEmergencyOnly
05-04 14:24:28.910079  1569  1569 D SubscriptionController: [getSubId]- sSlotIdxToSubId.size == 0, return DummySubIds slotIdx=0
05-04 14:24:28.910154  1569  1569 D SubscriptionController: getDummySubIds: slotIdx=0 return 2 DummySubIds with each subId=-2
05-04 14:24:28.910216  1569  1569 D GsmSST  : [GsmSST0] updateAllOpertorInfo with realPlmn:null
05-04 14:24:28.913665  1569  1569 D TelephonyManager: getTelephonyProperty prop value= 
05-04 14:24:28.913793  1569  1569 D TelephonyManager: setTelephonyProperty: success phoneId=0 property=gsm.operator.numeric value:  propVal=
05-04 14:24:28.914548  1569  1569 D GsmSST  : [GsmSST0] operatorNumeric is null
05-04 14:24:28.914649  1569  1569 D TelephonyManager: setTelephonyProperty: success phoneId=0 property=gsm.operator.iso-country value:  propVal=
05-04 14:24:28.916212  1569  1569 D TelephonyManager: setTelephonyProperty: success phoneId=0 property=gsm.operator.isroaming value: false propVal=false,false
05-04 14:24:28.920375  1569  1569 D GsmSST  : [GsmSST0] Broadcasting ServiceState : 1 1 voice home data home null null null null null null  Unknown Unknown CSS not supported 0 0 RoamInd=-1 DefRoamInd=-1 EmergOnly=true Ril Voice Regist state: 10 Ril Data Regist state: 0 mProprietaryDataRadioTechnology: 0 VoiceRejectCause: -1 DataRejectCause: -1 mCdmaNetWorkMode: 0 IsDataRoamingFromRegistration=false
05-04 14:24:28.920664  1569  1569 D GSMPhone: [GSMPhone] getServiceState : getState() : 1 getDataRegState() : 1
05-04 14:24:28.920821  1569  1569 D PhoneBase: networkType=UNKNOWN
05-04 14:24:28.920928  1569  1569 D PhoneBase: isVideoEnabled: false
05-04 14:24:28.921002  1569  1569 D GSMPhone: [GSMPhone] getServiceState : getState() : 1 getDataRegState() : 1
05-04 14:24:28.921088  1569  1569 D SubscriptionController: [getSubId]- sSlotIdxToSubId.size == 0, return DummySubIds slotIdx=0
05-04 14:24:28.921161  1569  1569 D SubscriptionController: getDummySubIds: slotIdx=0 return 2 DummySubIds with each subId=-2
05-04 14:24:28.921384  1569  1569 D DefaultPhoneNotifier: nofityServiceState: mRegistry=com.android.internal.telephony.ITelephonyRegistry$Stub$Proxy@b2e9b1b ss=1 1 voice home data home null null null null null null  Unknown Unknown CSS not supported 0 0 RoamInd=-1 DefRoamInd=-1 EmergOnly=true Ril Voice Regist state: 10 Ril Data Regist state: 0 mProprietaryDataRadioTechnology: 0 VoiceRejectCause: -1 DataRejectCause: -1 mCdmaNetWorkMode: 0 IsDataRoamingFromRegistration=false sender=Handler (com.android.internal.telephony.gsm.GSMPhone) {4923706} phondId=0 subId=-2
05-04 14:24:28.922260   774  1070 D TelephonyRegistry: notifyServiceStateForSubscriber: subId=-2 phoneId=0 state=1 1 voice home data home null null null null null null  Unknown Unknown CSS not supported 0 0 RoamInd=-1 DefRoamInd=-1 EmergOnly=true Ril Voice Regist state: 10 Ril Data Regist state: 0 mProprietaryDataRadioTechnology: 0 VoiceRejectCause: -1 DataRejectCause: -1 mCdmaNetWorkMode: 0 IsDataRoamingFromRegistration=false
05-04 14:24:28.922397   774  1070 D TelephonyRegistry: validatePhoneId: true
05-04 14:24:28.922566   774  1070 D TelephonyRegistry: notifyServiceStateForSubscriber: logSSC.length=5 next=1
05-04 14:24:28.922874   774  1070 D TelephonyRegistry: notifyServiceStateForSubscriber Time 20160504T140800Asia/Shanghai(3,124,28800,0,1462342080) mSubId -2 mPhoneId 0  mState 1 1 voice home data home null null null null null null  Unknown Unknown CSS not supported 0 0 RoamInd=-1 DefRoamInd=-1 EmergOnly=true Ril Voice Regist state: 10 Ril Data Regist state: 0 mProprietaryDataRadioTechnology: 0 VoiceRejectCause: -1 DataRejectCause: -1 mCdmaNetWorkMode: 0 IsDataRoamingFromRegistration=false
05-04 14:24:28.923151   774  1070 D TelephonyRegistry: notifyServiceStateForSubscriber Time 20160504T140814Asia/Shanghai(3,124,28800,0,1462342094) mSubId -2 mPhoneId 0  mState 1 1 voice home data home null null null null null null  Unknown Unknown CSS not supported -1 -1 RoamInd=-1 DefRoamInd=-1 EmergOnly=true Ril Voice Regist state: 10 Ril Data Regist state: 0 mProprietaryDataRadioTechnology: 0 VoiceRejectCause: -1 DataRejectCause: -1 mCdmaNetWorkMode: 0 IsDataRoamingFromRegistration=false
05-04 14:24:28.923390   774  1070 D TelephonyRegistry: notifyServiceStateForSubscriber Time 20160504T140829Asia/Shanghai(3,124,28800,0,1462342109) mSubId -2 mPhoneId 0  mState 1 1 voice home data home null null null null null null  Unknown Unknown CSS not supported 0 0 RoamInd=-1 DefRoamInd=-1 EmergOnly=true Ril Voice Regist state: 10 Ril Data Regist state: 0 mProprietaryDataRadioTechnology: 0 VoiceRejectCause: -1 DataRejectCause: -1 mCdmaNetWorkMode: 0 IsDataRoamingFromRegistration=false
05-04 14:24:28.923621   774  1070 D TelephonyRegistry: notifyServiceStateForSubscriber Time 20160504T142341Asia/Shanghai(3,124,28800,0,1462343021) mSubId -2 mPhoneId 0  mState 1 1 voice home data home null null null null null null  Unknown Unknown CSS not supported -1 -1 RoamInd=-1 DefRoamInd=-1 EmergOnly=true Ril Voice Regist state: 10 Ril Data Regist state: 0 mProprietaryDataRadioTechnology: 0 VoiceRejectCause: -1 DataRejectCause: -1 mCdmaNetWorkMode: 0 IsDataRoamingFromRegistration=false
05-04 14:24:28.923824   774  1070 D TelephonyRegistry: notifyServiceStateForSubscriber Time 20160504T142428Asia/Shanghai(3,124,28800,0,1462343068) mSubId -2 mPhoneId 0  mState 1 1 voice home data home null null null null null null  Unknown Unknown CSS not supported 0 0 RoamInd=-1 DefRoamInd=-1 EmergOnly=true Ril Voice Regist state: 10 Ril Data Regist state: 0 mProprietaryDataRadioTechnology: 0 VoiceRejectCause: -1 DataRejectCause: -1 mCdmaNetWorkMode: 0 IsDataRoamingFromRegistration=false
05-04 14:24:28.923897   774  1070 D TelephonyRegistry: notifyServiceStateForSubscriber: ----------------
05-04 14:24:28.967291  1569  1569 D SubscriptionController: [getPhoneId] asked for default subId=-1
05-04 14:24:28.967670  1569  1569 D SubscriptionController: [getPhoneId]- invalid subId = -1 return = -1
05-04 14:24:28.968327   774  1070 D SubscriptionManager: [getPhoneId]- return dummy value, subId = -2
05-04 14:24:28.968416   774  1070 D TelephonyRegistry: idMatch: rlt=false
05-04 14:24:28.969562  1569  1569 D SubscriptionController: [getPhoneId] asked for default subId=-1
05-04 14:24:28.969884  1569  1569 D SubscriptionController: [getPhoneId]- invalid subId = -1 return = -1
05-04 14:24:28.970374   774  1070 D SubscriptionManager: [getPhoneId]- return dummy value, subId = -2
05-04 14:24:28.970468   774  1070 D TelephonyRegistry: idMatch: rlt=false
05-04 14:24:28.971620  1569  1569 D SubscriptionController: [getPhoneId] asked for default subId=-1
05-04 14:24:28.972038  1569  1569 D SubscriptionController: [getPhoneId]- invalid subId = -1 return = -1
05-04 14:24:28.973314   774  1070 D SubscriptionManager: [getPhoneId]- return dummy value, subId = -2
05-04 14:24:28.973420   774  1070 D TelephonyRegistry: idMatch: rlt=false
05-04 14:24:28.974559  1569  1569 D SubscriptionController: [getPhoneId] asked for default subId=-1
05-04 14:24:28.976036  1569  1569 D SubscriptionController: [getPhoneId]- invalid subId = -1 return = -1
05-04 14:24:28.977045   774  1070 D SubscriptionManager: [getPhoneId]- return dummy value, subId = -2
05-04 14:24:28.977152   774  1070 D TelephonyRegistry: idMatch: rlt=false
05-04 14:24:28.978333  1569  1569 D SubscriptionController: [getPhoneId] asked for default subId=-1
05-04 14:24:28.978681  1569  1569 D SubscriptionController: [getPhoneId]- invalid subId = -1 return = -1
05-04 14:24:28.979238   774  1070 D SubscriptionManager: [getPhoneId]- return dummy value, subId = -2
05-04 14:24:28.979329   774  1070 D TelephonyRegistry: idMatch: rlt=false
05-04 14:24:28.980259  1569  1569 D SubscriptionController: [getPhoneId] asked for default subId=-1
05-04 14:24:28.980514  1569  1569 D SubscriptionController: [getPhoneId]- invalid subId = -1 return = -1
05-04 14:24:28.980956   774  1070 D SubscriptionManager: [getPhoneId]- return dummy value, subId = -2
05-04 14:24:28.981036   774  1070 D TelephonyRegistry: idMatch: rlt=false
05-04 14:24:28.982154  1569  1569 D SubscriptionController: [getPhoneId] asked for default subId=-1
05-04 14:24:28.982425  1569  1569 D SubscriptionController: [getPhoneId]- invalid subId = -1 return = -1
05-04 14:24:28.982940   774  1070 D SubscriptionManager: [getPhoneId]- return dummy value, subId = -2
05-04 14:24:28.983032   774  1070 D TelephonyRegistry: idMatch: rlt=false
05-04 14:24:28.983091   774  1070 D TelephonyRegistry: handleRemoveListLocked: mRemoveList.size()=0
05-04 14:24:28.984791   774  1070 D SubscriptionManager: [getSlotId]- fail, subId = -1
05-04 14:24:28.986427  1569  1569 D SubscriptionController: [getSlotId]- subId invalid
05-04 14:24:28.992113  1569  1569 D SubscriptionController: getSimStateForSlotIdx:  simState=ABSENT ordinal=1
05-04 14:24:28.992647   774  1070 D SubscriptionManager: getSimStateForSubscriber: simState=1 slotIdx=0
05-04 14:24:28.993557  1569  1569 D SubscriptionController: getSimStateForSlotIdx:  simState=ABSENT ordinal=1
05-04 14:24:28.993824   774  1070 D SubscriptionManager: getSimStateForSubscriber: simState=1 slotIdx=1
05-04 14:24:28.994009   774  1070 D TelephonyManager: getSimState: default sim:-1, all SIMs absent, return state as absent
05-04 14:24:28.994231   774  1070 D SubscriptionManager: [getPhoneId]- return dummy value, subId = -2
05-04 14:24:28.994990  1569  1569 D SubscriptionController: [getSubId]- sSlotIdxToSubId.size == 0, return DummySubIds slotIdx=0
05-04 14:24:28.995081  1569  1569 D SubscriptionController: getDummySubIds: slotIdx=0 return 2 DummySubIds with each subId=-2
05-04 14:24:28.996501  1569  1569 D GsmSST  : [GsmSST0] old:1 ,mPsRegState:1,new:1
05-04 14:24:28.996644  1569  1569 D SubscriptionController: [getSubId]- sSlotIdxToSubId.size == 0, return DummySubIds slotIdx=0
05-04 14:24:28.996710  1569  1569 D SubscriptionController: getDummySubIds: slotIdx=0 return 2 DummySubIds with each subId=-2
05-04 14:24:28.996801  1569  1569 D GsmSST  : [GsmSST0] getCellLocation(): X good mCellLoc=[9774,4023,-1]
05-04 14:24:28.997381   774  1664 D TelephonyRegistry: notifyCellLocationForSubscriber: subId=-2 cellLocation=Bundle[mParcelledData.dataSize=88]
05-04 14:24:28.997531   774  1664 D TelephonyRegistry: notifyCellLocationForSubscriber: subId=-2 cellLocation=Bundle[mParcelledData.dataSize=88]
05-04 14:24:28.997643   774  1664 D SubscriptionManager: [getPhoneId]- return dummy value, subId = -2
05-04 14:24:28.997714   774  1664 D TelephonyRegistry: validatePhoneId: true
05-04 14:24:29.000801   774  1664 D TelephonyRegistry: validateEventsAndUserLocked: valid=false r.callerUserId=0 foregroundUser=0 r.events=8192 events=16
05-04 14:24:29.000929   774  1664 D TelephonyRegistry: validateEventsAndUserLocked: valid=false r.callerUserId=0 foregroundUser=0 r.events=449 events=16
05-04 14:24:29.001004   774  1664 D TelephonyRegistry: validateEventsAndUserLocked: valid=false r.callerUserId=0 foregroundUser=0 r.events=32 events=16
05-04 14:24:29.001066   774  1664 D TelephonyRegistry: validateEventsAndUserLocked: valid=false r.callerUserId=0 foregroundUser=0 r.events=32 events=16
05-04 14:24:29.001128   774  1664 D TelephonyRegistry: validateEventsAndUserLocked: valid=false r.callerUserId=0 foregroundUser=0 r.events=0 events=16
05-04 14:24:29.001189   774  1664 D TelephonyRegistry: validateEventsAndUserLocked: valid=false r.callerUserId=0 foregroundUser=0 r.events=0 events=16
05-04 14:24:29.001267   774  1664 D TelephonyRegistry: validateEventsAndUserLocked: valid=false r.callerUserId=0 foregroundUser=0 r.events=0 events=16
05-04 14:24:29.001328   774  1664 D TelephonyRegistry: validateEventsAndUserLocked: valid=false r.callerUserId=0 foregroundUser=0 r.events=32 events=16
05-04 14:24:29.001393   774  1664 D TelephonyRegistry: validateEventsAndUserLocked: valid=false r.callerUserId=0 foregroundUser=0 r.events=0 events=16
05-04 14:24:29.001452   774  1664 D TelephonyRegistry: validateEventsAndUserLocked: valid=false r.callerUserId=0 foregroundUser=0 r.events=0 events=16
05-04 14:24:29.001516   774  1664 D TelephonyRegistry: validateEventsAndUserLocked: valid=false r.callerUserId=0 foregroundUser=0 r.events=65536 events=16
05-04 14:24:29.001576   774  1664 D TelephonyRegistry: validateEventsAndUserLocked: valid=false r.callerUserId=0 foregroundUser=0 r.events=0 events=16
05-04 14:24:29.001636   774  1664 D TelephonyRegistry: validateEventsAndUserLocked: valid=false r.callerUserId=0 foregroundUser=0 r.events=0 events=16
05-04 14:24:29.001697   774  1664 D TelephonyRegistry: validateEventsAndUserLocked: valid=false r.callerUserId=0 foregroundUser=0 r.events=65536 events=16
05-04 14:24:29.001757   774  1664 D TelephonyRegistry: validateEventsAndUserLocked: valid=false r.callerUserId=0 foregroundUser=0 r.events=0 events=16
05-04 14:24:29.002048   774  1664 D TelephonyRegistry: validateEventsAndUserLocked: valid=false r.callerUserId=0 foregroundUser=0 r.events=0 events=16
05-04 14:24:29.002115   774  1664 D TelephonyRegistry: validateEventsAndUserLocked: valid=false r.callerUserId=0 foregroundUser=0 r.events=0 events=16
05-04 14:24:29.002183   774  1664 D TelephonyRegistry: validateEventsAndUserLocked: valid=true r.callerUserId=0 foregroundUser=0 r.events=1104 events=16
05-04 14:24:29.002246   774  1664 D TelephonyRegistry: validateEventsAndUserLocked: valid=false r.callerUserId=0 foregroundUser=0 r.events=512 events=16
05-04 14:24:29.002306   774  1664 D TelephonyRegistry: validateEventsAndUserLocked: valid=false r.callerUserId=0 foregroundUser=0 r.events=257 events=16
05-04 14:24:29.002367   774  1664 D TelephonyRegistry: validateEventsAndUserLocked: valid=false r.callerUserId=0 foregroundUser=0 r.events=64 events=16
05-04 14:24:29.002458   774  1664 D TelephonyRegistry: validateEventsAndUserLocked: valid=false r.callerUserId=0 foregroundUser=0 r.events=257 events=16
05-04 14:24:29.002521   774  1664 D TelephonyRegistry: validateEventsAndUserLocked: valid=false r.callerUserId=0 foregroundUser=0 r.events=64 events=16
05-04 14:24:29.002586   774  1664 D TelephonyRegistry: validateEventsAndUserLocked: valid=false r.callerUserId=0 foregroundUser=0 r.events=257 events=16
05-04 14:24:29.002648   774  1664 D TelephonyRegistry: validateEventsAndUserLocked: valid=false r.callerUserId=0 foregroundUser=0 r.events=257 events=16
05-04 14:24:29.002713   774  1664 D TelephonyRegistry: validateEventsAndUserLocked: valid=false r.callerUserId=0 foregroundUser=0 r.events=257 events=16
05-04 14:24:29.002779   774  1664 D TelephonyRegistry: validateEventsAndUserLocked: valid=false r.callerUserId=0 foregroundUser=0 r.events=1 events=16
05-04 14:24:29.002831   774  1664 D TelephonyRegistry: handleRemoveListLocked: mRemoveList.size()=0
05-04 14:24:29.003829  1569  1569 D GsmSST  : [GsmSST0] handleMessage msg done
05-04 14:24:29.003945  1569  1599 D SubscriptionController: [getActiveSubInfoList]+
05-04 14:24:29.004060  1569  1569 D CallManager:  handleMessage (EVENT_SERVICE_STATE_CHANGED)
05-04 14:24:29.004224  1569  1569 D PHONE   : [WPOM][Receiver]+
05-04 14:24:29.004280  1569  1569 D PHONE   : [WPOM]Action: android.intent.action.SERVICE_STATE
05-04 14:24:29.004591  1569  1569 D PHONE   : [WPOM]slotId: 0, Icc Card Type Unknown
05-04 14:24:29.004658  1569  1569 D PHONE   : [WPOM]sMajorSim: 0
05-04 14:24:29.004737  1569  1569 D PHONE   : [WPOM]FDD CSFB
05-04 14:24:29.004792  1569  1569 D PHONE   : [WPOM]sPlmnSs: null
05-04 14:24:29.004851  1569  1569 D PHONE   : [WPOM]sVoiceRegState: STATE_OUT_OF_SERVICE
05-04 14:24:29.004908  1569  1569 D PHONE   : [WPOM]sRilVoiceRegState: REGISTRATION_STATE_NOT_REGISTERED_AND_NOT_SEARCHING_EMERGENCY_CALL_ENABLED
05-04 14:24:29.004963  1569  1569 D PHONE   : [WPOM]sRilVoiceRadioTech: Unknown
05-04 14:24:29.005012  1569  1569 D PHONE   : [WPOM]sDataRegState: STATE_OUT_OF_SERVICE
05-04 14:24:29.005064  1569  1569 D PHONE   : [WPOM]sRilDataRegState: REGISTRATION_STATE_NOT_REGISTERED_AND_NOT_SEARCHING
05-04 14:24:29.005113  1569  1569 D PHONE   : [WPOM]sRilDataRadioTech: Unknown
05-04 14:24:29.005162  1569  1569 D PHONE   : [WPOM]sIsAutoSelectEnable: true
05-04 14:24:29.005210  1569  1569 D PHONE   : [WPOM]sRadioTechModeForWp: 0
05-04 14:24:29.005323  1569  1599 D SubscriptionController: [getActiveSubInfoList] Sub Controller not ready
05-04 14:24:29.005356  1569  1569 D PHONE   : [WPOM]noService: true
05-04 14:24:29.005411  1569  1569 D PHONE   : [WPOM][handleNoService]+ Can not find service
05-04 14:24:29.005463  1569  1569 D PHONE   : [WPOM]Type0 user
05-04 14:24:29.005509  1569  1569 D PHONE   : [WPOM]REGION_DOMESTIC
05-04 14:24:29.005583  1569  1569 D PHONE   : [WPOM]FDD CSFB
05-04 14:24:29.008403  1569  1569 D PHONE   : [WPOM]IccState not ready
05-04 14:24:29.008482  1569  1569 D PHONE   : [WPOM][handleNoService]-
05-04 14:24:29.008529  1569  1569 D PHONE   : [WPOM][Receiver]-
05-04 14:24:29.009120  1569  1786 D SubscriptionController: [getActiveSubInfoList]+
05-04 14:24:29.009796  1569  1786 D SubscriptionController: [getActiveSubInfoList] Sub Controller not ready
05-04 14:24:29.651107   561   561 D RILMUXD : [gsm0710muxd] 3897:main(): Frames received/dropped: 7820/0
05-04 14:24:29.747654   722   739 D RILC    : s_last_wake_timeout_info: 0x7faf0c34e0 
05-04 14:24:29.747770   722   739 D RILC    : userTimerCallback free  p_info: 0x7faf0c3120
05-04 14:24:29.747822   722   739 D RILC    : userTimerCallback free  p_info->event: 0x7faf0c3130
05-04 14:24:29.752316   722   739 D RILC    : s_last_wake_timeout_info: 0x7faf0c34e0 
05-04 14:24:29.752413   722   739 D RILC    : userTimerCallback free  p_info: 0x7faf0c33c0
05-04 14:24:29.752461   722   739 D RILC    : userTimerCallback free  p_info->event: 0x7faf0c33d0
05-04 14:24:29.752664   722   739 D RILC    : s_last_wake_timeout_info: 0x7faf0c34e0 
05-04 14:24:29.752739   722   739 D RILC    : userTimerCallback free  p_info: 0x7faf0c3360
05-04 14:24:29.752786   722   739 D RILC    : userTimerCallback free  p_info->event: 0x7faf0c3370
05-04 14:24:29.754484   722   739 D RILC    : s_last_wake_timeout_info: 0x7faf0c34e0 
05-04 14:24:29.754570   722   739 D RILC    : userTimerCallback free  p_info: 0x7faf0c3420
05-04 14:24:29.754620   722   739 D RILC    : userTimerCallback free  p_info->event: 0x7faf0c3430
05-04 14:24:29.754821   722   739 D RILC    : s_last_wake_timeout_info: 0x7faf0c34e0 
05-04 14:24:29.754880   722   739 D RILC    : userTimerCallback free  p_info: 0x7faf0c3540
05-04 14:24:29.754925   722   739 D RILC    : userTimerCallback free  p_info->event: 0x7faf0c3550
05-04 14:24:29.772697   722   739 D RILC    : s_last_wake_timeout_info: 0x7faf0c34e0 reset to NULL
05-04 14:24:29.772786   722   739 D RILC    : userTimerCallback free  p_info: 0x7faf0c34e0
05-04 14:24:29.772832   722   739 D RILC    : userTimerCallback free  p_info->event: 0x7faf0c34f0
05-04 14:24:32.472753  1569  1569 D RILJ    : onDisplayChanged: displayId = 0 [SUB0]
05-04 14:24:32.480515  1569  1569 D RILJ    : onDisplayChanged: displayId = 0 [SUB1]
05-04 14:24:32.556247  1569  1569 D GsmSST  : [GsmSST0] No matched EONS and No CPHS ONS
05-04 14:24:32.556473  1569  1569 D GsmSST  : [GsmSST0] updateSpnDisplay mVoiceCapable=true mEmergencyOnly=true mCi.getRadioState().isOn()=true getVoiceRegState()=1 getDataRegState()1
05-04 14:24:32.556540  1569  1569 D GsmSST  : [GsmSST0] updateSpnDisplay show mEmergencyOnly
05-04 14:24:32.563209  1569  1569 D SubscriptionController: [getSubId]- sSlotIdxToSubId.size == 0, return DummySubIds slotIdx=0
05-04 14:24:32.563337  1569  1569 D SubscriptionController: getDummySubIds: slotIdx=0 return 2 DummySubIds with each subId=-2
05-04 14:24:32.563405  1569  1569 D GsmSST  : [GsmSST0] updateAllOpertorInfo with realPlmn:null
05-04 14:24:32.572348  1569  1569 D GsmSST  : [GsmSST1] No matched EONS and No CPHS ONS
05-04 14:24:32.572777  1569  1569 D GsmSST  : [GsmSST1] updateSpnDisplay mVoiceCapable=true mEmergencyOnly=false mCi.getRadioState().isOn()=false getVoiceRegState()=3 getDataRegState()3
05-04 14:24:32.581049  1569  1569 D SubscriptionController: [getSubId]- sSlotIdxToSubId.size == 0, return DummySubIds slotIdx=1
05-04 14:24:32.581181  1569  1569 D SubscriptionController: getDummySubIds: slotIdx=1 return 2 DummySubIds with each subId=-3
05-04 14:24:32.581248  1569  1569 D GsmSST  : [GsmSST1] updateAllOpertorInfo with realPlmn:null
05-04 14:24:32.614574  1569  1569 D FdManager: [GDCT][phoneId0]onReceive: action=android.intent.action.BATTERY_CHANGED
05-04 14:24:32.614897  1569  1569 D FdManager: [GDCT][phoneId1]onReceive: action=android.intent.action.BATTERY_CHANGED
05-04 14:24:32.734731  1569  1921 D SubscriptionController: [getSubId]- sSlotIdxToSubId.size == 0, return DummySubIds slotIdx=0
05-04 14:24:32.734858  1569  1921 D SubscriptionController: getDummySubIds: slotIdx=0 return 2 DummySubIds with each subId=-2
05-04 14:24:32.736251  1569  1599 D SubscriptionManager: [getPhoneId]- return dummy value, subId = -2
05-04 14:24:32.736456  1569  1599 D GSMPhone: [GSMPhone] getServiceState : getState() : 1 getDataRegState() : 1
05-04 14:24:32.738489  1569  1786 D SubscriptionController: [getSubId]- sSlotIdxToSubId.size == 0, return DummySubIds slotIdx=1
05-04 14:24:32.738641  1569  1786 D SubscriptionController: getDummySubIds: slotIdx=1 return 2 DummySubIds with each subId=-3
05-04 14:24:32.739853  1569  1957 D SubscriptionManager: [getPhoneId]- return dummy value, subId = -3
05-04 14:24:32.740031  1569  1957 D GSMPhone: [GSMPhone] getServiceState : getState() : 3 getDataRegState() : 3
05-04 14:24:34.651575   561   561 D RILMUXD : [gsm0710muxd] 3897:main(): Frames received/dropped: 7820/0
05-04 14:24:35.232232   722   739 I RILC    : NUMBER:1
05-04 14:24:35.232299   722   739 I RILC    : arg len:14
05-04 14:24:35.232356   722   739 I RILC    : ARGS[0]:THERMAL,0,-1
05-04 14:24:35.232498   722   739 D RILC    : C[locl]> QUERY_MODEM_THERMAL
05-04 14:24:35.232568   722   739 D RILC-MTK: QUERY_MODEM_THERMAL pRI=0x7fb0f8c6c0 p=0x7fb0f967e0 dispatched to RIL_CMD_PROXY_1
05-04 14:24:35.234501   722   730 I RILC-MTK: RIL_CMD_PROXY_1 wakeup
05-04 14:24:35.234570   722   730 D RILC-MTK: proxy id:3, proxyName: RIL_CMD_PROXY_1
05-04 14:24:35.234619   722   730 D RILC-MTK: QUERY_MODEM_THERMAL pRI=0x7fb0f8c6c0 p=0x7fb0f967e0 execute on RIL_CMD_PROXY_1 using channel 3
05-04 14:24:35.234669   722   730 D RILC    : callOnRequest for new vendor ril
05-04 14:24:35.234715   722   730 D RIL     : onRequest: QUERY_MODEM_THERMAL, datalen = 8
05-04 14:24:35.234756   722   730 D RIL     : radioState:10
05-04 14:24:35.234807   722   730 D RIL     : requestQueryThermal Enter,-1
05-04 14:24:35.234858   722   730 D AT      : getRILChannelCtx subsystem:1, rid:0 channelOffset:0
05-04 14:24:35.234903   722   730 D AT      : AT send on RIL_CMD_READER_3, tid:548423337024
05-04 14:24:35.234945   722   730 D AT      : AT> AT+ETHERMAL
05-04 14:24:35.234986   722   730 I AT      : AT write start
05-04 14:24:35.235116   722   738 I RILC-MTK: RIL_ATCI2_PROXY wakeup
05-04 14:24:35.235158   722   738 I RILC-MTK: RIL_ATCI2_PROXY sleep
05-04 14:24:35.235229   722   733 I RILC-MTK: RIL_URC2_PROXY wakeup
05-04 14:24:35.235272   722   733 I RILC-MTK: RIL_URC2_PROXY sleep
05-04 14:24:35.235343   722   736 I RILC-MTK: RIL_CMD2_PROXY_1 wakeup
05-04 14:24:35.235385   722   736 I RILC-MTK: RIL_CMD2_PROXY_1 sleep
05-04 14:24:35.235455   722   731 I RILC-MTK: RIL_CMD_PROXY_4 wakeup
05-04 14:24:35.235498   722   731 I RILC-MTK: RIL_CMD_PROXY_4 sleep
05-04 14:24:35.235568   722   734 I RILC-MTK: RIL_CMD2_PROXY_3 wakeup
05-04 14:24:35.235610   722   734 I RILC-MTK: RIL_CMD2_PROXY_3 sleep
05-04 14:24:35.235683   722   732 I RILC-MTK: RIL_ATCI_PROXY wakeup
05-04 14:24:35.235724   722   732 I RILC-MTK: RIL_ATCI_PROXY sleep
05-04 14:24:35.235797   722   735 I RILC-MTK: RIL_CMD2_PROXY_2 wakeup
05-04 14:24:35.235838   722   735 I RILC-MTK: RIL_CMD2_PROXY_2 sleep
05-04 14:24:35.235914   722   737 I RILC-MTK: RIL_CMD2_PROXY_4 wakeup
05-04 14:24:35.235957   722   737 I RILC-MTK: RIL_CMD2_PROXY_4 sleep
05-04 14:24:35.236032   722   727 I RILC-MTK: RIL_URC_PROXY wakeup
05-04 14:24:35.236075   722   727 I RILC-MTK: RIL_URC_PROXY sleep
05-04 14:24:35.236145   722   729 I RILC-MTK: RIL_CMD_PROXY_2 wakeup
05-04 14:24:35.236186   722   729 I RILC-MTK: RIL_CMD_PROXY_2 sleep
05-04 14:24:35.236245   722   728 I RILC-MTK: RIL_CMD_PROXY_3 wakeup
05-04 14:24:35.236286   722   728 I RILC-MTK: RIL_CMD_PROXY_3 sleep
05-04 14:24:35.236471   561   714 D RILMUXD : [gsm0710muxd] 3614:poll_thread(): poll_thread select found
05-04 14:24:35.236537   561   714 D RILMUXD : [gsm0710muxd] 1045:pseudo_device_read(): Enter, LackofAtciChannel=0
05-04 14:24:35.236605   561   714 D RILMUXD : [gsm0710muxd] 657:write_frame(): Sending frame to channel 5
05-04 14:24:35.236752   561   714 D RILMUXD : [gsm0710muxd] 766:write_frame(): Write a frame on channel 5 with length 12
05-04 14:24:35.244465   561   707 D RILMUXD : [gsm0710muxd] 1643:gsm0710_base_buffer_get_frame(): Get a complete frame. ch:5, ctrl:239, len:40
05-04 14:24:35.244572   561   707 D RILMUXD : [gsm0710muxd] 2383:extract_frames(): Writing 40 byte frame received on channel 5 to /dev/pts/10
05-04 14:24:35.244661   561   707 D RILMUXD : [gsm0710muxd] 2403:extract_frames(): write() returned. Written 40/40 bytes of frame to /dev/pts/10
05-04 14:24:35.244719   561   707 D RILMUXD : [gsm0710muxd] 2408:extract_frames(): fsync() failed (-1, 22 - Invalid argument)
05-04 14:24:35.244851   722   745 I AT      : AT read end: 40
05-04 14:24:35.244902   722   745 D AT      : AT< +ETHERMAL: 1, 32767,,, -1, 32767, 18
05-04 14:24:35.244948   722   745 D AT      : RIL_CMD_READER_3 Enter processLine:+ETHERMAL: 1, 32767,,, -1, 32767, 18
05-04 14:24:35.244995   722   745 I AT      : AT read start
05-04 14:24:35.247805   561   707 D RILMUXD : [gsm0710muxd] 1643:gsm0710_base_buffer_get_frame(): Get a complete frame. ch:5, ctrl:239, len:6
05-04 14:24:35.247873   561   707 D RILMUXD : [gsm0710muxd] 2383:extract_frames(): Writing 6 byte frame received on channel 5 to /dev/pts/10
05-04 14:24:35.247956   561   707 D RILMUXD : [gsm0710muxd] 2403:extract_frames(): write() returned. Written 6/6 bytes of frame to /dev/pts/10
05-04 14:24:35.248011   561   707 D RILMUXD : [gsm0710muxd] 2408:extract_frames(): fsync() failed (-1, 22 - Invalid argument)
05-04 14:24:35.248128   722   745 I AT      : AT read end: 6
05-04 14:24:35.248174   722   745 D AT      : AT< OK
05-04 14:24:35.248219   722   745 D AT      : RIL_CMD_READER_3 Enter processLine:OK
05-04 14:24:35.248287   722   745 I AT      : AT read start
05-04 14:24:35.248376   722   730 D AT      : response received on RIL_CMD_READER_3, tid:548423337024
05-04 14:24:35.248421   722   730 D RIL     : requestQueryThermal success
05-04 14:24:35.248470   722   730 D RILC    : RequestComplete, RIL_SOCKET_1
05-04 14:24:35.248516   722   730 D RILC    : [THERMAL] local request for THERMAL returned 
05-04 14:24:35.248569   722   730 D RILC    : [THERMAL] s_THERMAL_fd is valid strResult is  1, 32767,,, -1, 32767, 18
05-04 14:24:35.248661   722   730 D RILC-MTK: proxyLoop free  pRI=0x7fb0f8c6c0 p=0x7fb0f967e0 
05-04 14:24:35.248714   722   730 D RILC-MTK: proxyLoop free  pRequest=0x7fb0f92840
05-04 14:24:35.248756   722   730 I RILC-MTK: RIL_CMD_PROXY_1 sleep
05-04 14:24:38.423223   561   707 D RILMUXD : [gsm0710muxd] 1643:gsm0710_base_buffer_get_frame(): Get a complete frame. ch:2, ctrl:239, len:37
05-04 14:24:38.423476   561   707 D RILMUXD : [gsm0710muxd] 2383:extract_frames(): Writing 37 byte frame received on channel 2 to /dev/pts/7
05-04 14:24:38.423625   561   707 D RILMUXD : [gsm0710muxd] 2403:extract_frames(): write() returned. Written 37/37 bytes of frame to /dev/pts/7
05-04 14:24:38.423716   561   707 D RILMUXD : [gsm0710muxd] 2408:extract_frames(): fsync() failed (-1, 22 - Invalid argument)
05-04 14:24:38.424331   722   742 I AT      : AT read end: 37
05-04 14:24:38.424477   722   742 D AT      : AT< +ECSQ: 20,99,-364,1,1,1,1,0,32767
05-04 14:24:38.424556   722   742 D AT      : RIL_URC_READER Enter processLine:+ECSQ: 20,99,-364,1,1,1,1,0,32767
05-04 14:24:38.424715   722   742 D RILC    : [MAL_AT] data sent to rild-mal-at is '+ECSQ: 20,99,-364,1,1,1,1,0,32767'
05-04 14:24:38.424923   722   742 D RILC    : internalRequestTimedCallback malloc p_info: 0x7faf0c35a0
05-04 14:24:38.425015   722   742 D RILC    : internalRequestTimedCallback malloc p_info->event: 0x7faf0c35b0
05-04 14:24:38.425194   722   742 D RIL     : Nw URC:+ECSQ: 20,99,-364,1,1,1,1,0,32767
05-04 14:24:38.425311   722   742 D RILC    : callForRilVersion new vendor RIL, version: 10
05-04 14:24:38.425699   722   742 I RILC    : RIL_SOCKET_1 UNSOLICITED: UNSOL_SIGNAL_STRENGTH length:72
05-04 14:24:38.426136   722   742 E RILC    : Send Response to rild-mal
05-04 14:24:38.427029   722   742 E RILC    : Send Response to RIL_SOCKET_1
05-04 14:24:38.428851   722   742 I AT      : AT read start
05-04 14:24:38.429117  1569  1569 D GsmSST  : [GsmSST0] handle EVENT_SIGNAL_STRENGTH_UPDATE
05-04 14:24:38.429367  1569  1569 D GsmSST  : [GsmSST0] onSignalStrengthResult():  LastSignalStrength=SignalStrength: 6 99 -120 -160 -120 0 -1 99 2147483647 0 2147483647 2147483647 2147483647 gsm|lte -401 1 1
05-04 14:24:38.429603  1569  1569 D GsmSST  : [GsmSST0] onSignalStrengthResult():new mSignalStrength=SignalStrength: 11 99 -120 -160 -120 0 -1 99 2147483647 0 2147483647 2147483647 2147483647 gsm|lte -364 1 1
05-04 14:24:38.430049  1569  1569 W SignalStrength: SignalStrength get plugin
05-04 14:24:38.431697  1569  1569 I use-Rlog/RLOG-GSM: getLTELevel - rsrp:2147483647 snr:2147483647 rsrpIconLevel:-1 snrIconLevel:-1
05-04 14:24:38.431920  1569  1569 I use-Rlog/RLOG-GSM: getLTELevel - rssi:99 rssiIconLevel:0
05-04 14:24:38.432023  1569  1569 W SignalStrength: SignalStrength get plugin
05-04 14:24:38.432109  1569  1569 I use-Rlog/RLOG-GSM:  asu: 11 gsmRscp: 1 out level: 3
05-04 14:24:38.432205  1569  1569 D GsmSST  : [GsmSST0] notifySignalStrength: mSignalStrength.getLevel=3
05-04 14:24:38.432335  1569  1569 D SubscriptionController: [getSubId]- sSlotIdxToSubId.size == 0, return DummySubIds slotIdx=0
05-04 14:24:38.432417  1569  1569 D SubscriptionController: getDummySubIds: slotIdx=0 return 2 DummySubIds with each subId=-2
05-04 14:24:38.432698  1569  1569 D DefaultPhoneNotifier: notifySignalStrength: mRegistry=com.android.internal.telephony.ITelephonyRegistry$Stub$Proxy@b2e9b1b ss=SignalStrength: 11 99 -120 -160 -120 0 -1 99 2147483647 0 2147483647 2147483647 2147483647 gsm|lte -364 1 1 sender=Handler (com.android.internal.telephony.gsm.GSMPhone) {4923706}
05-04 14:24:38.433484   774  1663 D TelephonyRegistry: notifySignalStrengthForSubscriber: subId=-2 signalStrength=SignalStrength: 11 99 -120 -160 -120 0 -1 99 2147483647 0 2147483647 2147483647 2147483647 gsm|lte -364 1 1
05-04 14:24:38.433612   774  1663 D TelephonyRegistry: notifySignalStrengthForSubscriber: logSSC.length=5 next=1
05-04 14:24:38.434039   774  1663 D TelephonyRegistry: notifyServiceStateForSubscriber Time 20160504T140800Asia/Shanghai(3,124,28800,0,1462342080) mSubId -2 mPhoneId 0  mState 1 1 voice home data home null null null null null null  Unknown Unknown CSS not supported 0 0 RoamInd=-1 DefRoamInd=-1 EmergOnly=true Ril Voice Regist state: 10 Ril Data Regist state: 0 mProprietaryDataRadioTechnology: 0 VoiceRejectCause: -1 DataRejectCause: -1 mCdmaNetWorkMode: 0 IsDataRoamingFromRegistration=false
