----- timezone:GMT
05-04 13:58:36.616361  1569  1569 E GsmSST  : [GsmSST0] handlePollStateResult return due to (ar.userObj != mPollingContext)
05-04 13:58:36.617791   722   728 E RILC    : Send Response to RIL_SOCKET_1
05-04 13:58:36.618585  1569  1569 E GsmSST  : [GsmSST0] handlePollStateResult return due to (ar.userObj != mPollingContext)
05-04 13:58:36.621757   722   728 E RILC    : Send Response to RIL_SOCKET_1
05-04 13:58:36.624102   722   728 E RIL     : it is short CREG CGREG
05-04 13:58:36.624201   722   728 E RIL     : rid: 0
05-04 13:58:36.624277   722   728 E RILC    : Send Response to RIL_SOCKET_1
05-04 13:58:36.626740   722   728 E RIL     : it is short CREG CGREG
05-04 13:58:36.628219   722   728 E RIL     : rid: 0
05-04 13:58:36.628299   722   728 E RILC    : Send Response to RIL_SOCKET_1
05-04 13:58:36.629919  1569  1569 E PHONE   : [ServiceState] setState deprecated use setVoiceRegState()
05-04 13:58:36.630155   722   728 E RILC    : Send Response to RIL_SOCKET_1
05-04 13:58:46.261724   722   742 E RILC    : Send Response to rild-mal
05-04 13:58:46.262043   722   742 E RILC    : Send Response to RIL_SOCKET_1
05-04 13:58:55.677379   722   742 E RILC    : Send Response to rild-mal
05-04 13:58:55.677597   722   742 E RILC    : Send Response to RIL_SOCKET_1
05-04 13:58:56.795526   722   742 E RILC    : Send Response to rild-mal
05-04 13:58:56.795998   722   742 E RILC    : Send Response to RIL_SOCKET_1
05-04 13:58:56.815475   722   728 E RILC    : Send Response to rild-mal
05-04 13:58:56.816014   722   728 E RILC    : Send Response to RIL_SOCKET_1
05-04 13:58:56.816512   722   728 E RILC    : Send Response to rild-mal
05-04 13:58:56.819872   722   742 E RILC    : Send Response to rild-mal
05-04 13:58:56.827804   722   728 E RILC    : Send Response to RIL_SOCKET_1
05-04 13:58:56.829913   722   728 E RIL     : it is short CREG CGREG
05-04 13:58:56.830012   722   728 E RIL     : rid: 0
05-04 13:58:56.830080   722   728 E RILC    : Send Response to RIL_SOCKET_1
05-04 13:58:56.833868   722   728 E RIL     : it is short CREG CGREG
05-04 13:58:56.833968   722   728 E RIL     : rid: 0
05-04 13:58:56.834039   722   728 E RILC    : Send Response to RIL_SOCKET_1
05-04 13:58:56.836915   722   742 E RILC    : Send Response to RIL_SOCKET_1
05-04 13:58:56.838362   722   728 E RILC    : Send Response to RIL_SOCKET_1
05-04 13:58:56.846173   722   728 E RILC    : Send Response to RIL_SOCKET_1
05-04 13:58:56.849037   722   728 E RIL     : it is short CREG CGREG
05-04 13:58:56.849144   722   728 E RIL     : rid: 0
05-04 13:58:56.849212   722   728 E RILC    : Send Response to RIL_SOCKET_1
05-04 13:58:56.853003   722   728 E RIL     : it is short CREG CGREG
05-04 13:58:56.853105   722   728 E RIL     : rid: 0
05-04 13:58:56.853176   722   728 E RILC    : Send Response to RIL_SOCKET_1
05-04 13:58:56.855369  1569  1569 E GsmSST  : [GsmSST0] handlePollStateResult return due to (ar.userObj != mPollingContext)
05-04 13:58:56.855487  1569  1569 E GsmSST  : [GsmSST0] handlePollStateResult return due to (ar.userObj != mPollingContext)
05-04 13:58:56.855566  1569  1569 E GsmSST  : [GsmSST0] handlePollStateResult return due to (ar.userObj != mPollingContext)
05-04 13:58:56.857052   722   728 E RILC    : Send Response to RIL_SOCKET_1
05-04 13:58:56.866167   722   728 E RILC    : Send Response to RIL_SOCKET_1
05-04 13:58:56.869731   722   728 E RIL     : it is short CREG CGREG
05-04 13:58:56.869824   722   728 E RIL     : rid: 0
05-04 13:58:56.869891   722   728 E RILC    : Send Response to RIL_SOCKET_1
05-04 13:58:56.874011   722   728 E RIL     : it is short CREG CGREG
05-04 13:58:56.874108   722   728 E RIL     : rid: 0
05-04 13:58:56.874180   722   728 E RILC    : Send Response to RIL_SOCKET_1
05-04 13:58:56.875300  1569  1569 E GsmSST  : [GsmSST0] handlePollStateResult return due to (ar.userObj != mPollingContext)
05-04 13:58:56.875409  1569  1569 E GsmSST  : [GsmSST0] handlePollStateResult return due to (ar.userObj != mPollingContext)
05-04 13:58:56.875514  1569  1569 E GsmSST  : [GsmSST0] handlePollStateResult return due to (ar.userObj != mPollingContext)
05-04 13:58:56.875583  1569  1569 E GsmSST  : [GsmSST0] handlePollStateResult return due to (ar.userObj != mPollingContext)
05-04 13:58:56.875651  1569  1569 E GsmSST  : [GsmSST0] handlePollStateResult return due to (ar.userObj != mPollingContext)
05-04 13:58:56.876096  1569  1569 E PHONE   : [ServiceState] setState deprecated use setVoiceRegState()
05-04 13:58:56.877058   722   728 E RILC    : Send Response to RIL_SOCKET_1
05-04 13:59:06.473945   722   742 E RILC    : Send Response to rild-mal
05-04 13:59:06.474076   722   742 E RILC    : Send Response to RIL_SOCKET_1
05-04 13:59:15.890451   722   742 E RILC    : Send Response to rild-mal
05-04 13:59:15.891005   722   742 E RILC    : Send Response to RIL_SOCKET_1
05-04 13:59:16.629659   722   742 E RILC    : Send Response to rild-mal
05-04 13:59:16.629834   722   742 E RILC    : Send Response to RIL_SOCKET_1
05-04 13:59:16.635054   722   742 E RILC    : Send Response to rild-mal
05-04 13:59:16.635602   722   742 E RILC    : Send Response to RIL_SOCKET_1
05-04 13:59:16.643686   722   728 E RILC    : Send Response to rild-mal
05-04 13:59:16.644091   722   728 E RILC    : Send Response to RIL_SOCKET_1
05-04 13:59:16.644527   722   728 E RILC    : Send Response to rild-mal
05-04 13:59:16.662747   722   728 E RILC    : Send Response to RIL_SOCKET_1
05-04 13:59:16.665062   722   728 E RIL     : it is short CREG CGREG
05-04 13:59:16.665156   722   728 E RIL     : rid: 0
05-04 13:59:16.665225   722   728 E RILC    : Send Response to RIL_SOCKET_1
05-04 13:59:16.667673   722   728 E RIL     : it is short CREG CGREG
05-04 13:59:16.667776   722   728 E RIL     : rid: 0
05-04 13:59:16.667850   722   728 E RILC    : Send Response to RIL_SOCKET_1
05-04 13:59:16.669792   722   728 E RILC    : Send Response to RIL_SOCKET_1
05-04 13:59:16.673698   722   728 E RILC    : Send Response to RIL_SOCKET_1
05-04 13:59:16.676407   722   728 E RIL     : it is short CREG CGREG
05-04 13:59:16.676509   722   728 E RIL     : rid: 0
05-04 13:59:16.676577   722   728 E RILC    : Send Response to RIL_SOCKET_1
05-04 13:59:16.678876   722   728 E RIL     : it is short CREG CGREG
05-04 13:59:16.678965   722   728 E RIL     : rid: 0
05-04 13:59:16.679033   722   728 E RILC    : Send Response to RIL_SOCKET_1
05-04 13:59:16.684560   722   728 E RILC    : Send Response to RIL_SOCKET_1
05-04 13:59:16.686115  1569  1569 E GsmSST  : [GsmSST0] handlePollStateResult return due to (ar.userObj != mPollingContext)
05-04 13:59:16.686247  1569  1569 E GsmSST  : [GsmSST0] handlePollStateResult return due to (ar.userObj != mPollingContext)
05-04 13:59:16.686316  1569  1569 E GsmSST  : [GsmSST0] handlePollStateResult return due to (ar.userObj != mPollingContext)
05-04 13:59:16.686383  1569  1569 E GsmSST  : [GsmSST0] handlePollStateResult return due to (ar.userObj != mPollingContext)
05-04 13:59:16.686450  1569  1569 E GsmSST  : [GsmSST0] handlePollStateResult return due to (ar.userObj != mPollingContext)
05-04 13:59:16.687650  1569  1569 E GsmSST  : [GsmSST0] handlePollStateResult return due to (ar.userObj != mPollingContext)
05-04 13:59:16.687722  1569  1569 E GsmSST  : [GsmSST0] handlePollStateResult return due to (ar.userObj != mPollingContext)
05-04 13:59:16.687790  1569  1569 E GsmSST  : [GsmSST0] handlePollStateResult return due to (ar.userObj != mPollingContext)
05-04 13:59:16.694017   722   728 E RILC    : Send Response to RIL_SOCKET_1
05-04 13:59:16.697034   722   728 E RIL     : it is short CREG CGREG
05-04 13:59:16.697129   722   728 E RIL     : rid: 0
05-04 13:59:16.697197   722   728 E RILC    : Send Response to RIL_SOCKET_1
05-04 13:59:16.698998   722   728 E RIL     : it is short CREG CGREG
05-04 13:59:16.699087   722   728 E RIL     : rid: 0
05-04 13:59:16.699156   722   728 E RILC    : Send Response to RIL_SOCKET_1
05-04 13:59:16.700046  1569  1569 E PHONE   : [ServiceState] setState deprecated use setVoiceRegState()
05-04 13:59:16.703132   722   728 E RILC    : Send Response to RIL_SOCKET_1
05-04 13:59:25.106544   722   742 E RILC    : Send Response to rild-mal
05-04 13:59:25.107005   722   742 E RILC    : Send Response to RIL_SOCKET_1
05-04 13:59:34.322777   722   742 E RILC    : Send Response to rild-mal
05-04 13:59:34.322953   722   742 E RILC    : Send Response to RIL_SOCKET_1
05-04 13:59:44.791608   722   742 E RILC    : Send Response to rild-mal
05-04 13:59:44.792236   722   742 E RILC    : Send Response to RIL_SOCKET_1
05-04 13:59:54.322688   722   742 E RILC    : Send Response to rild-mal
05-04 13:59:54.323203   722   742 E RILC    : Send Response to RIL_SOCKET_1
05-04 14:00:02.569816   722   742 E RILC    : Send Response to rild-mal
05-04 14:00:02.570398   722   742 E RILC    : Send Response to RIL_SOCKET_1
05-04 14:00:13.035548   722   742 E RILC    : Send Response to rild-mal
05-04 14:00:13.035681   722   742 E RILC    : Send Response to RIL_SOCKET_1
05-04 14:00:22.568297   722   742 E RILC    : Send Response to rild-mal
05-04 14:00:22.568761   722   742 E RILC    : Send Response to RIL_SOCKET_1
05-04 14:00:31.982780   722   742 E RILC    : Send Response to rild-mal
05-04 14:00:31.982913   722   742 E RILC    : Send Response to RIL_SOCKET_1
05-04 14:00:41.285678   722   742 E RILC    : Send Response to rild-mal
05-04 14:00:41.285813   722   742 E RILC    : Send Response to RIL_SOCKET_1
05-04 14:00:50.814314   722   742 E RILC    : Send Response to rild-mal
05-04 14:00:50.814776   722   742 E RILC    : Send Response to RIL_SOCKET_1
05-04 14:00:52.580412   722   728 E RILC    : Send Response to RIL_SOCKET_1
05-04 14:00:52.592318   722   734 E RILC    : Send Response to RIL_SOCKET_2
05-04 14:00:52.667011   722   728 E RILC    : Send Response to RIL_SOCKET_1
05-04 14:08:00.140916   722   728 E RILC    : Send Response to RIL_SOCKET_1
05-04 14:08:00.248115   722   742 E RILC    : Send Response to rild-mal
05-04 14:08:00.248285   722   742 E RILC    : Send Response to RIL_SOCKET_1
05-04 14:08:00.249081   722   748 E RILC    : Send Response to RIL_SOCKET_2
05-04 14:08:00.252515   722   742 E RILC    : Send Response to rild-mal
05-04 14:08:00.252609   722   748 E RILC    : Send Response to RIL_SOCKET_2
05-04 14:08:00.252690   722   742 E RILC    : Send Response to RIL_SOCKET_1
05-04 14:08:00.252815   722   748 E         : Send Response to rild-ims
05-04 14:08:00.252851   722   742 E         : Send Response to rild-ims
05-04 14:08:00.252990   722   748 E RILC    : Send Response to RIL_SOCKET_2
05-04 14:08:00.253697   722   742 E RILC    : Send Response to rild-mal
05-04 14:08:00.253813   722   742 E RILC    : Send Response to RIL_SOCKET_1
05-04 14:08:00.256118  1569  1605 E PHONE   : [ServiceState] setState deprecated use setVoiceRegState()
05-04 14:08:00.270465   722   728 E RILC    : Send Response to rild-mal
05-04 14:08:00.270683   722   728 E RILC    : Send Response to RIL_SOCKET_1
05-04 14:08:00.272644   722   734 E RIL     : Recevice an invalid value from modem for <rxlevel>
05-04 14:08:00.272761   722   734 E RIL     : updateSignalStrength ERROR: -1
05-04 14:08:00.277286   722   728 E RILC    : Send Response to RIL_SOCKET_1
05-04 14:08:00.280136   722   734 E RILC    : Send Response to RIL_SOCKET_2
05-04 14:08:00.292710   722   734 E RILC    : Send Response to RIL_SOCKET_2
05-04 14:08:00.292711   722   728 E RILC    : Send Response to RIL_SOCKET_1
05-04 14:08:00.293410   722   734 E RILC    : Send Response to RIL_SOCKET_2
05-04 14:08:00.295703   722   734 E RILC    : Send Response to RIL_SOCKET_2
05-04 14:08:00.295843   722   728 E RIL     : it is short CREG CGREG
05-04 14:08:00.295922   722   728 E RIL     : rid: 0
05-04 14:08:00.296008   722   728 E RILC    : Send Response to RIL_SOCKET_1
05-04 14:08:00.298767   722   728 E RIL     : it is short CREG CGREG
05-04 14:08:00.298887   722   728 E RIL     : rid: 0
05-04 14:08:00.298973   722   728 E RILC    : Send Response to RIL_SOCKET_1
05-04 14:08:00.301050   722   734 E RILC    : Send Response to RIL_SOCKET_2
05-04 14:08:00.303000   722   728 E RILC    : Send Response to RIL_SOCKET_1
05-04 14:08:00.313826   722   728 E RILC    : Send Response to RIL_SOCKET_1
05-04 14:08:00.315552   722   734 E RILC    : Send Response to RIL_SOCKET_2
05-04 14:08:00.315771   722   734 E RILC    : Send Response to RIL_SOCKET_2
05-04 14:08:00.323838   722   728 E RILC    : Send Response to RIL_SOCKET_1
05-04 14:08:00.391022  1569  1569 E GsmSST  : [GsmSST1] handlePollStateResult cancelPollState due to RADIO_NOT_AVAILABLE
05-04 14:08:00.391241  1569  1569 E GsmSST  : [GsmSST1] handlePollStateResult return due to (ar.userObj != mPollingContext)
05-04 14:08:00.391603  1569  1569 E GsmSST  : [GsmSST1] handlePollStateResult return due to (ar.userObj != mPollingContext)
05-04 14:08:00.391930  1569  1569 E PHONE   : [ServiceState] setState deprecated use setVoiceRegState()
05-04 14:08:00.392920  1569  1569 E GsmSST  : [GsmSST1] handlePollStateResult return due to (ar.userObj != mPollingContext)
05-04 14:08:00.466585  1569  1569 E RIL_ImsSms: IMS State query failed with exp com.android.internal.telephony.CommandException: RADIO_NOT_AVAILABLE
05-04 14:08:00.491495   722   728 E RILC    : Send Response to RIL_SOCKET_1
05-04 14:08:07.453563   722   742 E RILC    : Send Response to rild-mal
05-04 14:08:07.453711   722   742 E RILC    : Send Response to RIL_SOCKET_1
05-04 14:08:14.002676   722   742 E RILC    : Send Response to rild-mal
05-04 14:08:14.005925   722   742 E RILC    : Send Response to RIL_SOCKET_1
05-04 14:08:14.023174   722   728 E RILC    : Send Response to rild-mal
05-04 14:08:14.023498   722   728 E RILC    : Send Response to RIL_SOCKET_1
05-04 14:08:14.029715   722   728 E RILC    : Send Response to rild-mal
05-04 14:08:14.033922   722   742 E RILC    : Send Response to rild-mal
05-04 14:08:14.034074   722   742 E RILC    : Send Response to RIL_SOCKET_1
05-04 14:08:14.036510   722   728 E RILC    : Send Response to RIL_SOCKET_1
05-04 14:08:14.041133   722   728 E RIL     : it is short CREG CGREG
05-04 14:08:14.041237   722   728 E RIL     : rid: 0
05-04 14:08:14.041308   722   728 E RILC    : Send Response to RIL_SOCKET_1
05-04 14:08:14.046270   722   728 E RIL     : it is short CREG CGREG
05-04 14:08:14.046380   722   728 E RIL     : rid: 0
05-04 14:08:14.046453   722   728 E RILC    : Send Response to RIL_SOCKET_1
05-04 14:08:14.051189   722   728 E RILC    : Send Response to RIL_SOCKET_1
05-04 14:08:14.057374   722   728 E RILC    : Send Response to RIL_SOCKET_1
05-04 14:08:14.060286   722   728 E RIL     : it is short CREG CGREG
05-04 14:08:14.060394   722   728 E RIL     : rid: 0
05-04 14:08:14.060466   722   728 E RILC    : Send Response to RIL_SOCKET_1
05-04 14:08:14.065427   722   728 E RIL     : it is short CREG CGREG
05-04 14:08:14.065540   722   728 E RIL     : rid: 0
05-04 14:08:14.065618   722   728 E RILC    : Send Response to RIL_SOCKET_1
05-04 14:08:14.069235   722   728 E RILC    : Send Response to RIL_SOCKET_1
05-04 14:08:14.077624   722   728 E RILC    : Send Response to RIL_SOCKET_1
05-04 14:08:14.079852   722   728 E RIL     : it is short CREG CGREG
05-04 14:08:14.079964   722   728 E RIL     : rid: 0
05-04 14:08:14.080035   722   728 E RILC    : Send Response to RIL_SOCKET_1
05-04 14:08:14.083875   722   728 E RIL     : it is short CREG CGREG
05-04 14:08:14.083987   722   728 E RIL     : rid: 0
05-04 14:08:14.084065   722   728 E RILC    : Send Response to RIL_SOCKET_1
05-04 14:08:14.086160  1569  1569 E GsmSST  : [GsmSST0] handlePollStateResult return due to (ar.userObj != mPollingContext)
05-04 14:08:14.086384  1569  1569 E GsmSST  : [GsmSST0] handlePollStateResult return due to (ar.userObj != mPollingContext)
05-04 14:08:14.086455  1569  1569 E GsmSST  : [GsmSST0] handlePollStateResult return due to (ar.userObj != mPollingContext)
05-04 14:08:14.086525  1569  1569 E GsmSST  : [GsmSST0] handlePollStateResult return due to (ar.userObj != mPollingContext)
05-04 14:08:14.086600  1569  1569 E GsmSST  : [GsmSST0] handlePollStateResult return due to (ar.userObj != mPollingContext)
05-04 14:08:14.086726  1569  1569 E GsmSST  : [GsmSST0] handlePollStateResult return due to (ar.userObj != mPollingContext)
05-04 14:08:14.086794  1569  1569 E GsmSST  : [GsmSST0] handlePollStateResult return due to (ar.userObj != mPollingContext)
05-04 14:08:14.086860  1569  1569 E GsmSST  : [GsmSST0] handlePollStateResult return due to (ar.userObj != mPollingContext)
05-04 14:08:14.088221   722   728 E RILC    : Send Response to RIL_SOCKET_1
05-04 14:08:14.090029  1569  1569 E PHONE   : [ServiceState] setState deprecated use setVoiceRegState()
05-04 14:08:18.708746   722   742 E RILC    : Send Response to rild-mal
05-04 14:08:18.708923   722   742 E RILC    : Send Response to RIL_SOCKET_1
05-04 14:08:27.917883   722   742 E RILC    : Send Response to rild-mal
05-04 14:08:27.918533   722   742 E RILC    : Send Response to RIL_SOCKET_1
05-04 14:08:29.248958   722   742 E RILC    : Send Response to rild-mal
05-04 14:08:29.249396   722   742 E RILC    : Send Response to RIL_SOCKET_1
05-04 14:08:29.249828   722   742 E RILC    : Send Response to rild-mal
05-04 14:08:29.249950   722   742 E RILC    : Send Response to RIL_SOCKET_1
05-04 14:08:29.253353   722   728 E RILC    : Send Response to rild-mal
05-04 14:08:29.253567   722   728 E RILC    : Send Response to RIL_SOCKET_1
05-04 14:08:29.254286   722   728 E RILC    : Send Response to rild-mal
05-04 14:08:29.261270   722   728 E RILC    : Send Response to RIL_SOCKET_1
05-04 14:08:29.264291   722   728 E RIL     : it is short CREG CGREG
05-04 14:08:29.264437   722   728 E RIL     : rid: 0
05-04 14:08:29.264532   722   728 E RILC    : Send Response to RIL_SOCKET_1
05-04 14:08:29.268152   722   728 E RIL     : it is short CREG CGREG
05-04 14:08:29.268278   722   728 E RIL     : rid: 0
05-04 14:08:29.268383   722   728 E RILC    : Send Response to RIL_SOCKET_1
05-04 14:08:29.271246   722   728 E RILC    : Send Response to RIL_SOCKET_1
05-04 14:08:29.274156  1569  1569 E GsmSST  : [GsmSST0] handlePollStateResult return due to (ar.userObj != mPollingContext)
05-04 14:08:29.274461  1569  1569 E GsmSST  : [GsmSST0] handlePollStateResult return due to (ar.userObj != mPollingContext)
05-04 14:08:29.274685  1569  1569 E GsmSST  : [GsmSST0] handlePollStateResult return due to (ar.userObj != mPollingContext)
05-04 14:08:29.274805  1569  1569 E GsmSST  : [GsmSST0] handlePollStateResult return due to (ar.userObj != mPollingContext)
05-04 14:08:29.277113   722   728 E RILC    : Send Response to RIL_SOCKET_1
05-04 14:08:29.277562  1569  1569 E GsmSST  : [GsmSST0] handlePollStateResult return due to (ar.userObj != mPollingContext)
05-04 14:08:29.279069   722   728 E RIL     : it is short CREG CGREG
05-04 14:08:29.279158   722   728 E RIL     : rid: 0
05-04 14:08:29.279236   722   728 E RILC    : Send Response to RIL_SOCKET_1
05-04 14:08:29.279632  1569  1569 E GsmSST  : [GsmSST0] handlePollStateResult return due to (ar.userObj != mPollingContext)
05-04 14:08:29.281046   722   728 E RIL     : it is short CREG CGREG
05-04 14:08:29.281133   722   728 E RIL     : rid: 0
05-04 14:08:29.281216   722   728 E RILC    : Send Response to RIL_SOCKET_1
05-04 14:08:29.281649  1569  1569 E GsmSST  : [GsmSST0] handlePollStateResult return due to (ar.userObj != mPollingContext)
05-04 14:08:29.284109   722   728 E RILC    : Send Response to RIL_SOCKET_1
05-04 14:08:29.284590  1569  1569 E GsmSST  : [GsmSST0] handlePollStateResult return due to (ar.userObj != mPollingContext)
05-04 14:08:29.288436   722   728 E RILC    : Send Response to RIL_SOCKET_1
05-04 14:08:29.293176   722   728 E RIL     : it is short CREG CGREG
05-04 14:08:29.293282   722   728 E RIL     : rid: 0
05-04 14:08:29.293368   722   728 E RILC    : Send Response to RIL_SOCKET_1
05-04 14:08:29.295057   722   728 E RIL     : it is short CREG CGREG
05-04 14:08:29.295154   722   728 E RIL     : rid: 0
05-04 14:08:29.295238   722   728 E RILC    : Send Response to RIL_SOCKET_1
05-04 14:08:29.295730  1569  1569 E PHONE   : [ServiceState] setState deprecated use setVoiceRegState()
05-04 14:08:29.297235   722   728 E RILC    : Send Response to RIL_SOCKET_1
05-04 14:08:38.930369   722   742 E RILC    : Send Response to rild-mal
05-04 14:08:38.930572   722   742 E RILC    : Send Response to RIL_SOCKET_1
05-04 14:08:47.874771   722   742 E RILC    : Send Response to rild-mal
05-04 14:08:47.874958   722   742 E RILC    : Send Response to RIL_SOCKET_1
05-04 14:09:04.827888   722   742 E RILC    : Send Response to rild-mal
05-04 14:09:04.828096   722   742 E RILC    : Send Response to RIL_SOCKET_1
05-04 14:09:13.301279   722   742 E RILC    : Send Response to rild-mal
05-04 14:09:13.301488   722   742 E RILC    : Send Response to RIL_SOCKET_1
05-04 14:09:22.712426   722   742 E RILC    : Send Response to rild-mal
05-04 14:09:22.712644   722   742 E RILC    : Send Response to RIL_SOCKET_1
05-04 14:09:31.185722   722   742 E RILC    : Send Response to rild-mal
05-04 14:09:31.185920   722   742 E RILC    : Send Response to RIL_SOCKET_1
05-04 14:09:59.432016   722   742 E RILC    : Send Response to rild-mal
05-04 14:09:59.432221   722   742 E RILC    : Send Response to RIL_SOCKET_1
05-04 14:10:06.022591   722   742 E RILC    : Send Response to rild-mal
05-04 14:10:06.022879   722   742 E RILC    : Send Response to RIL_SOCKET_1
05-04 14:10:24.853484   722   742 E RILC    : Send Response to rild-mal
05-04 14:10:24.853692   722   742 E RILC    : Send Response to RIL_SOCKET_1
05-04 14:10:32.399058   722   742 E RILC    : Send Response to rild-mal
05-04 14:10:32.399536   722   742 E RILC    : Send Response to RIL_SOCKET_1
05-04 14:10:50.274886   722   742 E RILC    : Send Response to rild-mal
05-04 14:10:50.275019   722   742 E RILC    : Send Response to RIL_SOCKET_1
05-04 14:10:57.820531   722   742 E RILC    : Send Response to rild-mal
05-04 14:10:57.821004   722   742 E RILC    : Send Response to RIL_SOCKET_1
05-04 14:11:22.288308   722   742 E RILC    : Send Response to rild-mal
05-04 14:11:22.288772   722   742 E RILC    : Send Response to RIL_SOCKET_1
05-04 14:11:27.253161   722   728 E RILC    : Send Response to RIL_SOCKET_1
05-04 14:11:27.254313   722   734 E RILC    : Send Response to RIL_SOCKET_2
05-04 14:11:27.326589   722   728 E RILC    : Send Response to RIL_SOCKET_1
05-04 14:23:41.822549   722   742 E RILC    : Send Response to rild-mal
05-04 14:23:41.822738   722   742 E RILC    : Send Response to RIL_SOCKET_1
05-04 14:23:41.823077   722   748 E RILC    : Send Response to RIL_SOCKET_2
05-04 14:23:41.844783   722   748 E RILC    : Send Response to RIL_SOCKET_2
05-04 14:23:41.844998   722   748 E         : Send Response to rild-ims
05-04 14:23:41.845160   722   748 E RILC    : Send Response to RIL_SOCKET_2
05-04 14:23:41.846418   722   742 E RILC    : Send Response to rild-mal
05-04 14:23:41.846543   722   742 E RILC    : Send Response to RIL_SOCKET_1
05-04 14:23:41.846697   722   742 E         : Send Response to rild-ims
05-04 14:23:41.846845   722   742 E RILC    : Send Response to rild-mal
05-04 14:23:41.846938   722   742 E RILC    : Send Response to RIL_SOCKET_1
05-04 14:23:41.849167  1569  1957 E PHONE   : [ServiceState] setState deprecated use setVoiceRegState()
05-04 14:23:41.864599   722   734 E RIL     : Recevice an invalid value from modem for <rxlevel>
05-04 14:23:41.864716   722   734 E RIL     : updateSignalStrength ERROR: -1
05-04 14:23:41.866437   722   728 E RILC    : Send Response to rild-mal
05-04 14:23:41.869171   722   734 E RILC    : Send Response to RIL_SOCKET_2
05-04 14:23:41.869192   722   728 E RILC    : Send Response to RIL_SOCKET_1
05-04 14:23:41.879527   722   728 E RILC    : Send Response to RIL_SOCKET_1
05-04 14:23:41.892088   722   728 E RILC    : Send Response to RIL_SOCKET_1
05-04 14:23:41.894427   722   734 E RILC    : Send Response to RIL_SOCKET_2
05-04 14:23:41.896090   722   734 E RILC    : Send Response to RIL_SOCKET_2
05-04 14:23:41.897935   722   734 E RILC    : Send Response to RIL_SOCKET_2
05-04 14:23:41.900951   722   728 E RIL     : it is short CREG CGREG
05-04 14:23:41.901071   722   728 E RIL     : rid: 0
05-04 14:23:41.901156   722   728 E RILC    : Send Response to RIL_SOCKET_1
05-04 14:23:41.903119   722   734 E RILC    : Send Response to RIL_SOCKET_2
05-04 14:23:41.903295   722   734 E RILC    : Send Response to RIL_SOCKET_2
05-04 14:23:41.903975   722   728 E RIL     : it is short CREG CGREG
05-04 14:23:41.904082   722   728 E RIL     : rid: 0
05-04 14:23:41.904170   722   728 E RILC    : Send Response to RIL_SOCKET_1
05-04 14:23:41.909545   722   734 E RILC    : Send Response to RIL_SOCKET_2
05-04 14:23:41.913294   722   728 E RILC    : Send Response to RIL_SOCKET_1
05-04 14:23:41.926005   722   728 E RILC    : Send Response to RIL_SOCKET_1
05-04 14:23:41.935627   722   728 E RILC    : Send Response to RIL_SOCKET_1
05-04 14:23:41.964417  1569  1569 E GsmSST  : [GsmSST1] handlePollStateResult cancelPollState due to RADIO_NOT_AVAILABLE
05-04 14:23:41.965051  1569  1569 E GsmSST  : [GsmSST1] handlePollStateResult return due to (ar.userObj != mPollingContext)
05-04 14:23:41.965193  1569  1569 E GsmSST  : [GsmSST1] handlePollStateResult return due to (ar.userObj != mPollingContext)
05-04 14:23:41.965282  1569  1569 E GsmSST  : [GsmSST1] handlePollStateResult return due to (ar.userObj != mPollingContext)
05-04 14:23:41.965483  1569  1569 E PHONE   : [ServiceState] setState deprecated use setVoiceRegState()
05-04 14:23:41.995438  1569  1569 E RIL_ImsSms: IMS State query failed with exp com.android.internal.telephony.CommandException: RADIO_NOT_AVAILABLE
05-04 14:23:42.266795   722   728 E RILC    : Send Response to RIL_SOCKET_1
05-04 14:23:50.811586   722   742 E RILC    : Send Response to rild-mal
05-04 14:23:50.811726   722   742 E RILC    : Send Response to RIL_SOCKET_1
05-04 14:24:18.633464   722   742 E RILC    : Send Response to rild-mal
05-04 14:24:18.633856   722   742 E RILC    : Send Response to RIL_SOCKET_1
05-04 14:24:27.594062   561   707 D RILMUXD : [gsm0710muxd] 1643:gsm0710_base_buffer_get_frame(): Get a complete frame. ch:2, ctrl:239, len:37
05-04 14:24:27.594293   561   707 D RILMUXD : [gsm0710muxd] 2383:extract_frames(): Writing 37 byte frame received on channel 2 to /dev/pts/7
05-04 14:24:27.594420   561   707 D RILMUXD : [gsm0710muxd] 2403:extract_frames(): write() returned. Written 37/37 bytes of frame to /dev/pts/7
05-04 14:24:27.594495   561   707 D RILMUXD : [gsm0710muxd] 2408:extract_frames(): fsync() failed (-1, 22 - Invalid argument)
05-04 14:24:27.594788   722   742 I AT      : AT read end: 37
05-04 14:24:27.595001   722   742 D AT      : AT< +ECSQ: 10,99,-401,1,1,1,1,0,32767
05-04 14:24:27.595060   722   742 D AT      : RIL_URC_READER Enter processLine:+ECSQ: 10,99,-401,1,1,1,1,0,32767
05-04 14:24:27.595235   722   742 D RILC    : [MAL_AT] data sent to rild-mal-at is '+ECSQ: 10,99,-401,1,1,1,1,0,32767'
05-04 14:24:27.595446   722   742 D RILC    : internalRequestTimedCallback malloc p_info: 0x7faf0c30c0
05-04 14:24:27.595507   722   742 D RILC    : internalRequestTimedCallback malloc p_info->event: 0x7faf0c30d0
05-04 14:24:27.595656   722   742 D RIL     : Nw URC:+ECSQ: 10,99,-401,1,1,1,1,0,32767
05-04 14:24:27.595755   722   742 D RILC    : callForRilVersion new vendor RIL, version: 10
05-04 14:24:27.595856   722   742 I RILC    : RIL_SOCKET_1 UNSOLICITED: UNSOL_SIGNAL_STRENGTH length:72
05-04 14:24:27.595966   722   742 E RILC    : Send Response to rild-mal
05-04 14:24:27.596070   722   742 E RILC    : Send Response to RIL_SOCKET_1
05-04 14:24:27.598150   722   742 I AT      : AT read start
05-04 14:24:27.598641  1569  1569 D GsmSST  : [GsmSST0] handle EVENT_SIGNAL_STRENGTH_UPDATE
05-04 14:24:27.598956  1569  1569 D GsmSST  : [GsmSST0] onSignalStrengthResult():  LastSignalStrength=SignalStrength: 12 99 -120 -160 -120 0 -1 99 2147483647 0 2147483647 2147483647 2147483647 gsm|lte -351 1 1
05-04 14:24:27.599054  1569  1569 D GsmSST  : [GsmSST0] onSignalStrengthResult():new mSignalStrength=SignalStrength: 6 99 -120 -160 -120 0 -1 99 2147483647 0 2147483647 2147483647 2147483647 gsm|lte -401 1 1
05-04 14:24:27.599174  1569  1569 W SignalStrength: SignalStrength get plugin
05-04 14:24:27.599279  1569  1569 I use-Rlog/RLOG-GSM: getLTELevel - rsrp:2147483647 snr:2147483647 rsrpIconLevel:-1 snrIconLevel:-1
05-04 14:24:27.599336  1569  1569 I use-Rlog/RLOG-GSM: getLTELevel - rssi:99 rssiIconLevel:0
05-04 14:24:27.599385  1569  1569 W SignalStrength: SignalStrength get plugin
05-04 14:24:27.599438  1569  1569 I use-Rlog/RLOG-GSM:  asu: 6 gsmRscp: 1 out level: 2
05-04 14:24:27.599489  1569  1569 D GsmSST  : [GsmSST0] notifySignalStrength: mSignalStrength.getLevel=2
05-04 14:24:27.599591  1569  1569 D SubscriptionController: [getSubId]- sSlotIdxToSubId.size == 0, return DummySubIds slotIdx=0
05-04 14:24:27.599655  1569  1569 D SubscriptionController: getDummySubIds: slotIdx=0 return 2 DummySubIds with each subId=-2
05-04 14:24:27.599778  1569  1569 D DefaultPhoneNotifier: notifySignalStrength: mRegistry=com.android.internal.telephony.ITelephonyRegistry$Stub$Proxy@b2e9b1b ss=SignalStrength: 6 99 -120 -160 -120 0 -1 99 2147483647 0 2147483647 2147483647 2147483647 gsm|lte -401 1 1 sender=Handler (com.android.internal.telephony.gsm.GSMPhone) {4923706}
05-04 14:24:27.600950   774   793 D TelephonyRegistry: notifySignalStrengthForSubscriber: subId=-2 signalStrength=SignalStrength: 6 99 -120 -160 -120 0 -1 99 2147483647 0 2147483647 2147483647 2147483647 gsm|lte -401 1 1
05-04 14:24:27.601155   774   793 D TelephonyRegistry: notifySignalStrengthForSubscriber: logSSC.length=5 next=0
05-04 14:24:27.601554   774   793 D TelephonyRegistry: notifyServiceStateForSubscriber Time 20160504T135916Asia/Shanghai(3,124,28800,0,1462341556) mSubId -2 mPhoneId 0  mState 1 1 voice home data home null null null null null null  Unknown Unknown CSS not supported -1 -1 RoamInd=-1 DefRoamInd=-1 EmergOnly=true Ril Voice Regist state: 10 Ril Data Regist state: 0 mProprietaryDataRadioTechnology: 0 VoiceRejectCause: -1 DataRejectCause: -1 mCdmaNetWorkMode: 0 IsDataRoamingFromRegistration=false
05-04 14:24:27.602129   774   793 D TelephonyRegistry: notifyServiceStateForSubscriber Time 20160504T140800Asia/Shanghai(3,124,28800,0,1462342080) mSubId -2 mPhoneId 0  mState 1 1 voice home data home null null null null null null  Unknown Unknown CSS not supported 0 0 RoamInd=-1 DefRoamInd=-1 EmergOnly=true Ril Voice Regist state: 10 Ril Data Regist state: 0 mProprietaryDataRadioTechnology: 0 VoiceRejectCause: -1 DataRejectCause: -1 mCdmaNetWorkMode: 0 IsDataRoamingFromRegistration=false
05-04 14:24:27.603959   774   793 D TelephonyRegistry: notifyServiceStateForSubscriber Time 20160504T140814Asia/Shanghai(3,124,28800,0,1462342094) mSubId -2 mPhoneId 0  mState 1 1 voice home data home null null null null null null  Unknown Unknown CSS not supported -1 -1 RoamInd=-1 DefRoamInd=-1 EmergOnly=true Ril Voice Regist state: 10 Ril Data Regist state: 0 mProprietaryDataRadioTechnology: 0 VoiceRejectCause: -1 DataRejectCause: -1 mCdmaNetWorkMode: 0 IsDataRoamingFromRegistration=false
05-04 14:24:27.605146   774   793 D TelephonyRegistry: notifyServiceStateForSubscriber Time 20160504T140829Asia/Shanghai(3,124,28800,0,1462342109) mSubId -2 mPhoneId 0  mState 1 1 voice home data home null null null null null null  Unknown Unknown CSS not supported 0 0 RoamInd=-1 DefRoamInd=-1 EmergOnly=true Ril Voice Regist state: 10 Ril Data Regist state: 0 mProprietaryDataRadioTechnology: 0 VoiceRejectCause: -1 DataRejectCause: -1 mCdmaNetWorkMode: 0 IsDataRoamingFromRegistration=false
05-04 14:24:27.605454   774   793 D TelephonyRegistry: notifyServiceStateForSubscriber Time 20160504T142341Asia/Shanghai(3,124,28800,0,1462343021) mSubId -2 mPhoneId 0  mState 1 1 voice home data home null null null null null null  Unknown Unknown CSS not supported -1 -1 RoamInd=-1 DefRoamInd=-1 EmergOnly=true Ril Voice Regist state: 10 Ril Data Regist state: 0 mProprietaryDataRadioTechnology: 0 VoiceRejectCause: -1 DataRejectCause: -1 mCdmaNetWorkMode: 0 IsDataRoamingFromRegistration=false
05-04 14:24:27.605529   774   793 D TelephonyRegistry: notifySignalStrengthForSubscriber: ----------------
05-04 14:24:27.605732   774   793 D SubscriptionManager: [getPhoneId]- return dummy value, subId = -2
05-04 14:24:27.605810   774   793 D TelephonyRegistry: validatePhoneId: true
05-04 14:24:27.605866   774   793 D TelephonyRegistry: notifySignalStrengthForSubscriber: valid phoneId=0
05-04 14:24:27.615461  1569  1569 D SubscriptionController: [getPhoneId] asked for default subId=-1
05-04 14:24:27.615785  1569  1569 D SubscriptionController: [getPhoneId]- invalid subId = -1 return = -1
05-04 14:24:27.620654   774   793 D SubscriptionManager: [getPhoneId]- return dummy value, subId = -2
05-04 14:24:27.620729   774   793 D TelephonyRegistry: idMatch: rlt=false
05-04 14:24:27.626585  1569  1569 D SubscriptionController: [getPhoneId] asked for default subId=-1
05-04 14:24:27.627052  1569  1569 D SubscriptionController: [getPhoneId]- invalid subId = -1 return = -1
05-04 14:24:27.627731   774   793 D SubscriptionManager: [getPhoneId]- return dummy value, subId = -2
05-04 14:24:27.627814   774   793 D TelephonyRegistry: idMatch: rlt=false
05-04 14:24:27.629699  1569  1569 D SubscriptionController: [getPhoneId] asked for default subId=-1
05-04 14:24:27.629980  1569  1569 D SubscriptionController: [getPhoneId]- invalid subId = -1 return = -1
05-04 14:24:27.630627   774   793 D SubscriptionManager: [getPhoneId]- return dummy value, subId = -2
05-04 14:24:27.630715   774   793 D TelephonyRegistry: idMatch: rlt=false
05-04 14:24:27.631931  1569  1569 D SubscriptionController: [getPhoneId] asked for default subId=-1
05-04 14:24:27.632237  1569  1569 D SubscriptionController: [getPhoneId]- invalid subId = -1 return = -1
05-04 14:24:27.634494   774   793 D SubscriptionManager: [getPhoneId]- return dummy value, subId = -2
05-04 14:24:27.634578   774   793 D TelephonyRegistry: idMatch: rlt=false
05-04 14:24:27.637143  1569  1569 D SubscriptionController: [getPhoneId] asked for default subId=-1
05-04 14:24:27.637444  1569  1569 D SubscriptionController: [getPhoneId]- invalid subId = -1 return = -1
05-04 14:24:27.638710   774   793 D SubscriptionManager: [getPhoneId]- return dummy value, subId = -2
05-04 14:24:27.638779   774   793 D TelephonyRegistry: idMatch: rlt=false
05-04 14:24:27.639779  1569  1569 D SubscriptionController: [getPhoneId] asked for default subId=-1
05-04 14:24:27.640115  1569  1569 D SubscriptionController: [getPhoneId]- invalid subId = -1 return = -1
05-04 14:24:27.640545   774   793 D SubscriptionManager: [getPhoneId]- return dummy value, subId = -2
05-04 14:24:27.640608   774   793 D TelephonyRegistry: idMatch: rlt=false
05-04 14:24:27.640666   774   793 D TelephonyRegistry: handleRemoveListLocked: mRemoveList.size()=0
05-04 14:24:27.640889   774   793 W SignalStrength: SignalStrength get plugin
05-04 14:24:27.641711   774   793 I use-Rlog/RLOG-GSM: getLTELevel - rsrp:2147483647 snr:2147483647 rsrpIconLevel:-1 snrIconLevel:-1
05-04 14:24:27.641774   774   793 I use-Rlog/RLOG-GSM: getLTELevel - rssi:99 rssiIconLevel:0
05-04 14:24:27.642160   774   793 W SignalStrength: SignalStrength get plugin
05-04 14:24:27.642240   774   793 I use-Rlog/RLOG-GSM:  asu: 6 gsmRscp: 1 out level: 2
05-04 14:24:27.642492   774   793 D SubscriptionManager: [getPhoneId]- return dummy value, subId = -2
05-04 14:24:27.643772  1569  1569 D SubscriptionController: [getSubId]- sSlotIdxToSubId.size == 0, return DummySubIds slotIdx=0
05-04 14:24:27.643889  1569  1569 D SubscriptionController: getDummySubIds: slotIdx=0 return 2 DummySubIds with each subId=-2
05-04 14:24:27.645290  1569  1569 D GsmSST  : [GsmSST0] handleMessage msg done
05-04 14:24:28.597544   722   739 D RILC    : s_last_wake_timeout_info: 0x7faf0c30c0 reset to NULL
05-04 14:24:28.597663   722   739 D RILC    : userTimerCallback free  p_info: 0x7faf0c30c0
05-04 14:24:28.597756   722   739 D RILC    : userTimerCallback free  p_info->event: 0x7faf0c30d0
05-04 14:24:28.743455   561   707 D RILMUXD : [gsm0710muxd] 1643:gsm0710_base_buffer_get_frame(): Get a complete frame. ch:2, ctrl:239, len:36
05-04 14:24:28.743567   561   707 D RILMUXD : [gsm0710muxd] 2383:extract_frames(): Writing 36 byte frame received on channel 2 to /dev/pts/7
05-04 14:24:28.743655   561   707 D RILMUXD : [gsm0710muxd] 2403:extract_frames(): write() returned. Written 36/36 bytes of frame to /dev/pts/7
05-04 14:24:28.743711   561   707 D RILMUXD : [gsm0710muxd] 2408:extract_frames(): fsync() failed (-1, 22 - Invalid argument)
05-04 14:24:28.744508   561   707 D RILMUXD : [gsm0710muxd] 1643:gsm0710_base_buffer_get_frame(): Get a complete frame. ch:2, ctrl:239, len:42
05-04 14:24:28.744583   561   707 D RILMUXD : [gsm0710muxd] 2383:extract_frames(): Writing 42 byte frame received on channel 2 to /dev/pts/7
05-04 14:24:28.744653   561   707 D RILMUXD : [gsm0710muxd] 2403:extract_frames(): write() returned. Written 42/42 bytes of frame to /dev/pts/7
05-04 14:24:28.744707   561   707 D RILMUXD : [gsm0710muxd] 2408:extract_frames(): fsync() failed (-1, 22 - Invalid argument)
05-04 14:24:28.744768   561   707 D RILMUXD : [gsm0710muxd] 1643:gsm0710_base_buffer_get_frame(): Get a complete frame. ch:2, ctrl:239, len:23
05-04 14:24:28.744822   561   707 D RILMUXD : [gsm0710muxd] 2383:extract_frames(): Writing 23 byte frame received on channel 2 to /dev/pts/7
05-04 14:24:28.744882   561   707 D RILMUXD : [gsm0710muxd] 2403:extract_frames(): write() returned. Written 23/23 bytes of frame to /dev/pts/7
05-04 14:24:28.744933   561   707 D RILMUXD : [gsm0710muxd] 2408:extract_frames(): fsync() failed (-1, 22 - Invalid argument)
05-04 14:24:28.746004   722   742 I AT      : AT read end: 101
05-04 14:24:28.746079   722   742 D AT      : AT< +CREG: 0,"262E","00000FB7",0,0,0
05-04 14:24:28.746125   722   742 D AT      : RIL_URC_READER Enter processLine:+CREG: 0,"262E","00000FB7",0,0,0
05-04 14:24:28.746237   722   742 D RILC    : [MAL_AT] data sent to rild-mal-at is '+CREG: 0,"262E","00000FB7",0,0,0'
05-04 14:24:28.746340   722   742 D RILC    : internalRequestTimedCallback malloc p_info: 0x7faf0c3120
05-04 14:24:28.746389   722   742 D RILC    : internalRequestTimedCallback malloc p_info->event: 0x7faf0c3130
05-04 14:24:28.746471   722   742 D RIL     : Nw URC:+CREG: 0,"262E","00000FB7",0,0,0
05-04 14:24:28.746532   722   742 D RIL     : The URC is "262E","00000FB7",0,0,0
05-04 14:24:28.746580   722   742 D RIL     : convertRegState() uiRegState=0 , uiRet=0 
05-04 14:24:28.746636   722   742 D RIL     : onNetworkStateChanged() , stat=0 , is_cs=1
05-04 14:24:28.746706   722   742 D RIL     : +creg urc <ci>: 4023
05-04 14:24:28.746753   722   742 D RIL     : bCREGType3Support=1
05-04 14:24:28.746796   722   742 D RIL     : now +creg urc <cause_type>: 0
05-04 14:24:28.746838   722   742 D RIL     : now +creg urc <cause>: 0
05-04 14:24:28.746934   722   742 I RILC    : RIL_SOCKET_1 UNSOLICITED: UNSOL_RESPONSE_VOICE_NETWORK_STATE_CHANGED length:64
05-04 14:24:28.746982   722   742 E RILC    : Send Response to rild-mal
05-04 14:24:28.747080   722   742 E RILC    : Send Response to RIL_SOCKET_1
05-04 14:24:28.747581  1569  1724 V RILJ    : [UNSL]< UNSOL_RESPONSE_VOICE_NETWORK_STATE_CHANGED {0, 262e, fb7, 0, 0} [SUB0]
05-04 14:24:28.748282  1569  1569 D GsmSST  : [GsmSST0] handle EVENT_NETWORK_STATE_CHANGED
05-04 14:24:28.748396  1569  1569 D GsmSST  : [GsmSST0] onNetworkStateChangeResult state:0 lac:9774 cid:4023 Act:0 cause:0
05-04 14:24:28.748484  1569  1569 I use-Rlog/RLOG-GSM: clear dontUpdateNetworkStateFlag
05-04 14:24:28.748551  1569  1569 D GsmSST  : [GsmSST0] mNewCellLoc Updated, lac:9774 and cid:4023
05-04 14:24:28.751080  1569  1569 D SubscriptionController: [getSubId]- sSlotIdxToSubId.size == 0, return DummySubIds slotIdx=0
05-04 14:24:28.751219  1569  1569 D SubscriptionController: getDummySubIds: slotIdx=0 return 2 DummySubIds with each subId=-2
05-04 14:24:28.751298  1569  1569 D GsmSST  : [GsmSST0] Invalid subId, return invalid networkType
05-04 14:24:28.751402  1569  1569 D GsmSST  : [GsmSST0] pollState RadioState is RADIO_ON, currentNetworkMode= -1
05-04 14:24:28.751516  1569  1569 D RILJ    : [4935]> OPERATOR [SUB0]
05-04 14:24:28.747189   722   742 D RILC    : s_last_wake_timeout_info: 0x7faf0c3120, cancel
05-04 14:24:28.752048   722   742 D RILC    : internalRequestTimedCallback malloc p_info: 0x7faf0c33c0
05-04 14:24:28.752099   722   742 D RILC    : internalRequestTimedCallback malloc p_info->event: 0x7faf0c33d0
05-04 14:24:28.752188   722   742 D AT      : AT< +CGREG: 0,"262E","00000FB7",0,"00",0,0
05-04 14:24:28.752236   722   742 D AT      : RIL_URC_READER Enter processLine:+CGREG: 0,"262E","00000FB7",0,"00",0,0
05-04 14:24:28.752321   722   742 D RILC    : [MAL_AT] data sent to rild-mal-at is '+CGREG: 0,"262E","00000FB7",0,"00",0,0'
05-04 14:24:28.752413   722   742 D RILC    : s_last_wake_timeout_info: 0x7faf0c33c0, cancel
05-04 14:24:28.752460   722   742 D RILC    : internalRequestTimedCallback malloc p_info: 0x7faf0c3360
05-04 14:24:28.752506   722   742 D RILC    : internalRequestTimedCallback malloc p_info->event: 0x7faf0c3370
05-04 14:24:28.752563   722   742 D RIL     : Nw URC:+CGREG: 0,"262E","00000FB7",0,"00",0,0
05-04 14:24:28.753753   722   742 D RIL     : The URC is "262E","00000FB7",0,"00",0,0
05-04 14:24:28.753804   722   742 D RIL     : convertRegState() uiRegState=0 , uiRet=0 
05-04 14:24:28.753848   722   742 D RIL     : onNetworkStateChanged() , stat=0 , is_cs=0
05-04 14:24:28.753935   722   742 I RILC    : RIL_SOCKET_1 UNSOLICITED: UNSOL_RESPONSE_PS_NETWORK_STATE_CHANGED length:16
05-04 14:24:28.753979   722   742 E RILC    : Send Response to rild-mal
05-04 14:24:28.754070   722   742 E RILC    : Send Response to RIL_SOCKET_1
05-04 14:24:28.754173   722   742 D RILC    : s_last_wake_timeout_info: 0x7faf0c3360, cancel
05-04 14:24:28.754229   722   742 D RILC    : internalRequestTimedCallback malloc p_info: 0x7faf0c3420
05-04 14:24:28.754279   722   742 D RILC    : internalRequestTimedCallback malloc p_info->event: 0x7faf0c3430
05-04 14:24:28.754352   722   742 D AT      : AT< +ESMCI: "46000",1,1
05-04 14:24:28.754400   722   742 D AT      : RIL_URC_READER Enter processLine:+ESMCI: "46000",1,1
05-04 14:24:28.754472   722   742 D RILC    : [MAL_AT] data sent to rild-mal-at is '+ESMCI: "46000",1,1'
05-04 14:24:28.754544   722   742 D RILC    : s_last_wake_timeout_info: 0x7faf0c3420, cancel
05-04 14:24:28.754589   722   742 D RILC    : internalRequestTimedCallback malloc p_info: 0x7faf0c3540
05-04 14:24:28.754645   722   742 D RILC    : internalRequestTimedCallback malloc p_info->event: 0x7faf0c3550
05-04 14:24:28.754710   722   742 D RIL     : Nw URC:+ESMCI: "46000",1,1
05-04 14:24:28.754780   722   742 D RIL     : OEM URC:+ESMCI: "46000",1,1
05-04 14:24:28.755451  1569  1724 D RILJ    : responseInts numInts=1 [SUB0]
05-04 14:24:28.755526  1569  1724 D RILJ    : responseInts response[0]=0 [SUB0]
05-04 14:24:28.755597  1569  1724 D RILJ    : [UNSL]< UNSOL_RESPONSE_PS_NETWORK_STATE_CHANGED [SUB0]
05-04 14:24:28.756405  1569  1569 D RILJ    : [4936]> DATA_REGISTRATION_STATE [SUB0]
05-04 14:24:28.758149   722   739 D RILC    : SOCKET RIL_SOCKET_1 REQUEST: OPERATOR length:8
05-04 14:24:28.758218   722   739 I RILC-MTK: create request 22: pRequest=0x7fb0f92480, pRI=0x7fb0f8c6c0, p=0x7fb0f967e0, pUCI=0x0
05-04 14:24:28.758265   722   739 D RILC-MTK: OPERATOR pRI=0x7fb0f8c6c0 p=0x7fb0f967e0 dispatched to RIL_CMD_PROXY_3
05-04 14:24:28.758452   722   729 I RILC-MTK: RIL_CMD_PROXY_2 wakeup
05-04 14:24:28.758487   722   728 I RILC-MTK: RIL_CMD_PROXY_3 wakeup
05-04 14:24:28.758497   722   729 I RILC-MTK: RIL_CMD_PROXY_2 sleep
05-04 14:24:28.758569   722   732 I RILC-MTK: RIL_ATCI_PROXY wakeup
05-04 14:24:28.758596   722   730 I RILC-MTK: RIL_CMD_PROXY_1 wakeup
05-04 14:24:28.758619   722   732 I RILC-MTK: RIL_ATCI_PROXY sleep
05-04 14:24:28.758548   722   738 I RILC-MTK: RIL_ATCI2_PROXY wakeup
05-04 14:24:28.758690   722   735 I RILC-MTK: RIL_CMD2_PROXY_2 wakeup
05-04 14:24:28.758691   722   738 I RILC-MTK: RIL_ATCI2_PROXY sleep
05-04 14:24:28.758783   722   731 I RILC-MTK: RIL_CMD_PROXY_4 wakeup
05-04 14:24:28.758798   722   730 I RILC-MTK: RIL_CMD_PROXY_1 sleep
05-04 14:24:28.758878   722   728 D RILC-MTK: proxy id:1, proxyName: RIL_CMD_PROXY_3
05-04 14:24:28.758918   722   734 I RILC-MTK: RIL_CMD2_PROXY_3 wakeup
05-04 14:24:28.758946   722   728 D RILC-MTK: OPERATOR pRI=0x7fb0f8c6c0 p=0x7fb0f967e0 execute on RIL_CMD_PROXY_3 using channel 1
05-04 14:24:28.758961   722   734 I RILC-MTK: RIL_CMD2_PROXY_3 sleep
05-04 14:24:28.758997   722   728 D RILC    : callOnRequest for new vendor ril
05-04 14:24:28.759023   722   736 I RILC-MTK: RIL_CMD2_PROXY_1 wakeup
05-04 14:24:28.759044   722   728 D RIL     : onRequest: OPERATOR, datalen = 0
05-04 14:24:28.759065   722   736 I RILC-MTK: RIL_CMD2_PROXY_1 sleep
05-04 14:24:28.759086   722   728 D RIL     : radioState:10
05-04 14:24:28.759125   722   733 I RILC-MTK: RIL_URC2_PROXY wakeup
05-04 14:24:28.759147   722   728 D AT      : AT send on RIL_CMD_READER_1, tid:548425417792
05-04 14:24:28.759173   722   733 I RILC-MTK: RIL_URC2_PROXY sleep
05-04 14:24:28.759194   722   728 D AT      : AT> AT+COPS?
05-04 14:24:28.759240   722   728 I AT      : AT write start
05-04 14:24:28.759272   722   731 I RILC-MTK: RIL_CMD_PROXY_4 sleep
05-04 14:24:28.758864   722   727 I RILC-MTK: RIL_URC_PROXY wakeup
05-04 14:24:28.759395   722   727 I RILC-MTK: RIL_URC_PROXY sleep
05-04 14:24:28.759494   561   711 D RILMUXD : [gsm0710muxd] 3614:poll_thread(): poll_thread select found
05-04 14:24:28.759564   561   711 D RILMUXD : [gsm0710muxd] 1045:pseudo_device_read(): Enter, LackofAtciChannel=0
05-04 14:24:28.759634   561   711 D RILMUXD : [gsm0710muxd] 657:write_frame(): Sending frame to channel 3
05-04 14:24:28.759766   561   711 D RILMUXD : [gsm0710muxd] 766:write_frame(): Write a frame on channel 3 with length 9
05-04 14:24:28.759254   722   737 I RILC-MTK: RIL_CMD2_PROXY_4 wakeup
05-04 14:24:28.759865   722   737 I RILC-MTK: RIL_CMD2_PROXY_4 sleep
05-04 14:24:28.759922   722   735 I RILC-MTK: RIL_CMD2_PROXY_2 sleep
05-04 14:24:28.762583   561   707 D RILMUXD : [gsm0710muxd] 1643:gsm0710_base_buffer_get_frame(): Get a complete frame. ch:3, ctrl:239, len:12
05-04 14:24:28.762644   561   707 D RILMUXD : [gsm0710muxd] 2383:extract_frames(): Writing 12 byte frame received on channel 3 to /dev/pts/8
05-04 14:24:28.762633   722   739 D RILC    : Client rild-mal REQUEST: RIL_REQUEST_MAL_PS_RGEGISTRATION_STATE length:96
05-04 14:24:28.762745   722   739 I RILC-MTK: create request 2138: pRequest=0x7fb0f92500, pRI=0x7fb0f8c720, p=0x7fb0f96af0, pUCI=0x0
05-04 14:24:28.762822   722   739 D RILC-MTK: RIL_REQUEST_MAL_PS_RGEGISTRATION_STATE pRI=0x7fb0f8c720 p=0x7fb0f96af0 dispatched to RIL_CMD_PROXY_3
05-04 14:24:28.763029   722   730 I RILC-MTK: RIL_CMD_PROXY_1 wakeup
05-04 14:24:28.763079   722   730 I RILC-MTK: RIL_CMD_PROXY_1 sleep
05-04 14:24:28.763138   722   738 I RILC-MTK: RIL_ATCI2_PROXY wakeup
05-04 14:24:28.763140  1569  1569 D RILJ    : [4937]> VOICE_REGISTRATION_STATE [SUB0]
05-04 14:24:28.763183   722   738 I RILC-MTK: RIL_ATCI2_PROXY sleep
05-04 14:24:28.763372   722   733 I RILC-MTK: RIL_URC2_PROXY wakeup
05-04 14:24:28.763422   722   733 I RILC-MTK: RIL_URC2_PROXY sleep
05-04 14:24:28.763491   722   736 I RILC-MTK: RIL_CMD2_PROXY_1 wakeup
05-04 14:24:28.763536   722   736 I RILC-MTK: RIL_CMD2_PROXY_1 sleep
05-04 14:24:28.763596   722   731 I RILC-MTK: RIL_CMD_PROXY_4 wakeup
05-04 14:24:28.763639   722   731 I RILC-MTK: RIL_CMD_PROXY_4 sleep
05-04 14:24:28.763697   722   734 I RILC-MTK: RIL_CMD2_PROXY_3 wakeup
05-04 14:24:28.763739   722   734 I RILC-MTK: RIL_CMD2_PROXY_3 sleep
05-04 14:24:28.763801   722   732 I RILC-MTK: RIL_ATCI_PROXY wakeup
05-04 14:24:28.763843   722   732 I RILC-MTK: RIL_ATCI_PROXY sleep
05-04 14:24:28.763899   722   735 I RILC-MTK: RIL_CMD2_PROXY_2 wakeup
05-04 14:24:28.763942   722   735 I RILC-MTK: RIL_CMD2_PROXY_2 sleep
05-04 14:24:28.764007   722   737 I RILC-MTK: RIL_CMD2_PROXY_4 wakeup
05-04 14:24:28.764051   722   737 I RILC-MTK: RIL_CMD2_PROXY_4 sleep
05-04 14:24:28.764112   722   727 I RILC-MTK: RIL_URC_PROXY wakeup
05-04 14:24:28.764155   722   727 I RILC-MTK: RIL_URC_PROXY sleep
05-04 14:24:28.764409   722   729 I RILC-MTK: RIL_CMD_PROXY_2 wakeup
05-04 14:24:28.764474   722   729 I RILC-MTK: RIL_CMD_PROXY_2 sleep
05-04 14:24:28.764456   722   739 D RILC    : SOCKET RIL_SOCKET_1 REQUEST: DATA_REGISTRATION_STATE length:8
05-04 14:24:28.764572   722   739 I RILC-MTK: create request 21: pRequest=0x7fb0f92560, pRI=0x7fb0f8c4e0, p=0x7fb0f96d90, pUCI=0x0
05-04 14:24:28.764622   722   739 D RILC-MTK: 1:RIL_REQUEST_MAL_PS_RGEGISTRATION_STATE pRI=0x7fb0f8c720 p=0x7fb0f96af0 is queued in RIL_CMD_PROXY_3
05-04 14:24:28.764670   722   739 D RILC-MTK: **** the last executed cmd for RIL_CMD_PROXY_3 is OPERATOR ****
05-04 14:24:28.764722   722   739 D RILC-MTK: Request pRI=0x7fb0f8c4e0 to RIL_CMD_PROXY_3 is busy. total:2 requests pending
05-04 14:24:28.762745   561   707 D RILMUXD : [gsm0710muxd] 2403:extract_frames(): write() returned. Written 12/12 bytes of frame to /dev/pts/8
05-04 14:24:28.766189  1569  1569 D RILJ    : [4938]> QUERY_NETWORK_SELECTION_MODE [SUB0]
05-04 14:24:28.766208   561   707 D RILMUXD : [gsm0710muxd] 2408:extract_frames(): fsync() failed (-1, 22 - Invalid argument)
05-04 14:24:28.766277   561   707 D RILMUXD : [gsm0710muxd] 1643:gsm0710_base_buffer_get_frame(): Get a complete frame. ch:3, ctrl:239, len:6
05-04 14:24:28.766329   561   707 D RILMUXD : [gsm0710muxd] 2383:extract_frames(): Writing 6 byte frame received on channel 3 to /dev/pts/8
05-04 14:24:28.766423   561   707 D RILMUXD : [gsm0710muxd] 2403:extract_frames(): write() returned. Written 6/6 bytes of frame to /dev/pts/8
