05-04 14:24:45.879193  1569  1569 D RILJ    : [4954]> QUERY_NETWORK_SELECTION_MODE [SUB0]
05-04 14:24:45.879802   722   743 I AT      : AT read end: 18
05-04 14:24:45.879896   722   743 D AT      : AT< +COPS: 0
05-04 14:24:45.879944   722   743 D AT      : RIL_CMD_READER_1 Enter processLine:+COPS: 0
05-04 14:24:45.879991   722   743 D AT      : AT< OK
05-04 14:24:45.880101   722   743 D AT      : RIL_CMD_READER_1 Enter processLine:OK
05-04 14:24:45.880160   722   743 I AT      : AT read start
05-04 14:24:45.882298   722   728 D AT      : response received on RIL_CMD_READER_1, tid:548425417792
05-04 14:24:45.882429   722   728 D RILC    : RequestComplete, RIL_SOCKET_1
05-04 14:24:45.882493   722   728 E RILC    : Send Response to RIL_SOCKET_1
05-04 14:24:45.882620   722   728 D RILC-MTK: proxyLoop free  pRI=0x7fb0f8c780 p=0x7fb0f96c40 
05-04 14:24:45.882666   722   728 D RILC-MTK: proxyLoop free  pRequest=0x7fb0f927c0
05-04 14:24:45.882710   722   728 D RILC-MTK: proxy id:1, proxyName: RIL_CMD_PROXY_3
05-04 14:24:45.882784   722   728 D RILC-MTK: OPERATOR pRI=0x7fb0f8c810 p=0x7fb0f96e00 execute on RIL_CMD_PROXY_3 using channel 1
05-04 14:24:45.882843   722   728 D RILC    : callOnRequest for new vendor ril
05-04 14:24:45.882892   722   728 D RIL     : onRequest: OPERATOR, datalen = 0
05-04 14:24:45.882934   722   728 D RIL     : radioState:10
05-04 14:24:45.882984   722   728 D AT      : AT send on RIL_CMD_READER_1, tid:548425417792
05-04 14:24:45.883028   722   728 D AT      : AT> AT+COPS?
05-04 14:24:45.883068   722   728 I AT      : AT write start
05-04 14:24:45.883257   561   711 D RILMUXD : [gsm0710muxd] 3614:poll_thread(): poll_thread select found
05-04 14:24:45.883270  1569  1724 D RILJ    : responseInts numInts=1 [SUB0]
05-04 14:24:45.883320   561   711 D RILMUXD : [gsm0710muxd] 1045:pseudo_device_read(): Enter, LackofAtciChannel=0
05-04 14:24:45.883340  1569  1724 D RILJ    : responseInts response[0]=0 [SUB0]
05-04 14:24:45.883396   561   711 D RILMUXD : [gsm0710muxd] 657:write_frame(): Sending frame to channel 3
05-04 14:24:45.883428  1569  1724 D RILJ    : [4950]< QUERY_NETWORK_SELECTION_MODE {0} [SUB0]
05-04 14:24:45.883506   561   711 D RILMUXD : [gsm0710muxd] 766:write_frame(): Write a frame on channel 3 with length 8
05-04 14:24:45.884906   722   739 D RILC    : SOCKET RIL_SOCKET_1 REQUEST: QUERY_NETWORK_SELECTION_MODE length:8
05-04 14:24:45.884991   561   711 D RILMUXD : [gsm0710muxd] 3614:poll_thread(): poll_thread select found
05-04 14:24:45.885024   722   739 I RILC-MTK: create request 45: pRequest=0x7fb0f927e0, pRI=0x7fb0f8c510, p=0x7fb0f96e70, pUCI=0x0
05-04 14:24:45.885078   722   739 D RILC-MTK: 1:DATA_REGISTRATION_STATE pRI=0x7fb0f8c840 p=0x7fb0f96850 is queued in RIL_CMD_PROXY_3
05-04 14:24:45.885070   561   711 D RILMUXD : [gsm0710muxd] 1045:pseudo_device_read(): Enter, LackofAtciChannel=0
05-04 14:24:45.885227   561   711 D RILMUXD : [gsm0710muxd] 657:write_frame(): Sending frame to channel 3
05-04 14:24:45.885164   722   739 D RILC-MTK: 2:VOICE_REGISTRATION_STATE pRI=0x7fb0f8c4e0 p=0x7fb0f96a10 is queued in RIL_CMD_PROXY_3
05-04 14:24:45.885324   722   739 D RILC-MTK: **** the last executed cmd for RIL_CMD_PROXY_3 is OPERATOR ****
05-04 14:24:45.885379   722   739 D RILC-MTK: Request pRI=0x7fb0f8c510 to RIL_CMD_PROXY_3 is busy. total:3 requests pending
05-04 14:24:45.885366   561   711 D RILMUXD : [gsm0710muxd] 766:write_frame(): Write a frame on channel 3 with length 1
05-04 14:24:45.885547  1569  1569 D GsmSST  : [GsmSST0] handleMessage msg done
05-04 14:24:45.885891  1569  1569 D GsmSST  : [GsmSST0] handle EVENT_PS_NETWORK_STATE_CHANGED
05-04 14:24:45.885977  1569  1569 D GsmSST  : [GsmSST0] mPsRegState:1,new:1,result:0
05-04 14:24:45.887720   561   707 D RILMUXD : [gsm0710muxd] 1643:gsm0710_base_buffer_get_frame(): Get a complete frame. ch:3, ctrl:239, len:12
05-04 14:24:45.887825   561   707 D RILMUXD : [gsm0710muxd] 2383:extract_frames(): Writing 12 byte frame received on channel 3 to /dev/pts/8
05-04 14:24:45.887989   561   707 D RILMUXD : [gsm0710muxd] 2403:extract_frames(): write() returned. Written 12/12 bytes of frame to /dev/pts/8
05-04 14:24:45.888019   722   743 I AT      : AT read end: 12
05-04 14:24:45.888046   561   707 D RILMUXD : [gsm0710muxd] 2408:extract_frames(): fsync() failed (-1, 22 - Invalid argument)
05-04 14:24:45.888074   722   743 D AT      : AT< +COPS: 0
05-04 14:24:45.888106   561   707 D RILMUXD : [gsm0710muxd] 1643:gsm0710_base_buffer_get_frame(): Get a complete frame. ch:3, ctrl:239, len:6
05-04 14:24:45.888120   722   743 D AT      : RIL_CMD_READER_1 Enter processLine:+COPS: 0
05-04 14:24:45.888160   561   707 D RILMUXD : [gsm0710muxd] 2383:extract_frames(): Writing 6 byte frame received on channel 3 to /dev/pts/8
05-04 14:24:45.888173   722   743 I AT      : AT read start
05-04 14:24:45.888270   722   743 I AT      : AT read end: 6
05-04 14:24:45.888270   561   707 D RILMUXD : [gsm0710muxd] 2403:extract_frames(): write() returned. Written 6/6 bytes of frame to /dev/pts/8
05-04 14:24:45.888342   722   743 D AT      : AT< OK
05-04 14:24:45.888375   561   707 D RILMUXD : [gsm0710muxd] 2408:extract_frames(): fsync() failed (-1, 22 - Invalid argument)
05-04 14:24:45.888386   722   743 D AT      : RIL_CMD_READER_1 Enter processLine:OK
05-04 14:24:45.888452   722   743 I AT      : AT read start
05-04 14:24:45.888500  1569  1569 D SubscriptionController: [getSubId]- sSlotIdxToSubId.size == 0, return DummySubIds slotIdx=0
05-04 14:24:45.888603  1569  1569 D SubscriptionController: getDummySubIds: slotIdx=0 return 2 DummySubIds with each subId=-2
05-04 14:24:45.888673  1569  1569 D GsmSST  : [GsmSST0] Invalid subId, return invalid networkType
05-04 14:24:45.888733  1569  1569 D GsmSST  : [GsmSST0] pollState RadioState is RADIO_ON, currentNetworkMode= -1
05-04 14:24:45.888838  1569  1569 D RILJ    : [4955]> OPERATOR [SUB0]
05-04 14:24:45.889112   722   728 D AT      : response received on RIL_CMD_READER_1, tid:548425417792
05-04 14:24:45.889179   722   728 D AT      : AT send on RIL_CMD_READER_1, tid:548425417792
05-04 14:24:45.889221   722   728 D AT      : AT> AT+EOPS?
05-04 14:24:45.889367   722   728 I AT      : AT write start
05-04 14:24:45.889516   561   711 D RILMUXD : [gsm0710muxd] 3614:poll_thread(): poll_thread select found
05-04 14:24:45.889574   561   711 D RILMUXD : [gsm0710muxd] 1045:pseudo_device_read(): Enter, LackofAtciChannel=0
05-04 14:24:45.889643   561   711 D RILMUXD : [gsm0710muxd] 657:write_frame(): Sending frame to channel 3
05-04 14:24:45.889749   561   711 D RILMUXD : [gsm0710muxd] 766:write_frame(): Write a frame on channel 3 with length 8
05-04 14:24:45.889899   561   711 D RILMUXD : [gsm0710muxd] 3614:poll_thread(): poll_thread select found
05-04 14:24:45.889952   561   711 D RILMUXD : [gsm0710muxd] 1045:pseudo_device_read(): Enter, LackofAtciChannel=0
05-04 14:24:45.890016   561   711 D RILMUXD : [gsm0710muxd] 657:write_frame(): Sending frame to channel 3
05-04 14:24:45.890105   561   711 D RILMUXD : [gsm0710muxd] 766:write_frame(): Write a frame on channel 3 with length 1
05-04 14:24:45.891651   561   707 D RILMUXD : [gsm0710muxd] 1643:gsm0710_base_buffer_get_frame(): Get a complete frame. ch:3, ctrl:239, len:24
05-04 14:24:45.892215   561   707 D RILMUXD : [gsm0710muxd] 2383:extract_frames(): Writing 24 byte frame received on channel 3 to /dev/pts/8
05-04 14:24:45.892379   561   707 D RILMUXD : [gsm0710muxd] 2403:extract_frames(): write() returned. Written 24/24 bytes of frame to /dev/pts/8
05-04 14:24:45.892626   561   707 D RILMUXD : [gsm0710muxd] 2408:extract_frames(): fsync() failed (-1, 22 - Invalid argument)
05-04 14:24:45.892694   561   707 D RILMUXD : [gsm0710muxd] 1643:gsm0710_base_buffer_get_frame(): Get a complete frame. ch:3, ctrl:239, len:6
05-04 14:24:45.892746   561   707 D RILMUXD : [gsm0710muxd] 2383:extract_frames(): Writing 6 byte frame received on channel 3 to /dev/pts/8
05-04 14:24:45.892855   561   707 D RILMUXD : [gsm0710muxd] 2403:extract_frames(): write() returned. Written 6/6 bytes of frame to /dev/pts/8
05-04 14:24:45.892907   561   707 D RILMUXD : [gsm0710muxd] 2408:extract_frames(): fsync() failed (-1, 22 - Invalid argument)
05-04 14:24:45.893251   722   743 I AT      : AT read end: 30
05-04 14:24:45.893311   722   743 D AT      : AT< +EOPS: 0,2,"46000",0
05-04 14:24:45.893380   722   743 D AT      : RIL_CMD_READER_1 Enter processLine:+EOPS: 0,2,"46000",0
05-04 14:24:45.893432   722   743 D AT      : AT< OK
05-04 14:24:45.893473   722   743 D AT      : RIL_CMD_READER_1 Enter processLine:OK
05-04 14:24:45.893532   722   743 I AT      : AT read start
05-04 14:24:45.893509  1569  1569 D RILJ    : [4956]> DATA_REGISTRATION_STATE [SUB0]
05-04 14:24:45.893787   722   728 D AT      : response received on RIL_CMD_READER_1, tid:548425417792
05-04 14:24:45.893846   722   728 D RIL     : EOPS Get operator code 46000
05-04 14:24:45.893892   722   728 D RILC    : RequestComplete, RIL_SOCKET_1
05-04 14:24:45.893954   722   728 E RILC    : Send Response to RIL_SOCKET_1
05-04 14:24:45.894154   722   728 D RILC-MTK: proxyLoop free  pRI=0x7fb0f8c810 p=0x7fb0f96e00 
05-04 14:24:45.894203   722   728 D RILC-MTK: proxyLoop free  pRequest=0x7fb0f92480
05-04 14:24:45.894329   722   728 D RILC-MTK: proxy id:1, proxyName: RIL_CMD_PROXY_3
05-04 14:24:45.894429   722   728 D RILC-MTK: DATA_REGISTRATION_STATE pRI=0x7fb0f8c840 p=0x7fb0f96850 execute on RIL_CMD_PROXY_3 using channel 1
05-04 14:24:45.894474   722   728 D RILC    : callOnRequest for new vendor ril
05-04 14:24:45.894518   722   728 D RIL     : onRequest: DATA_REGISTRATION_STATE, datalen = 0
05-04 14:24:45.894561  1569  1724 D RILJ    : [4951]< OPERATOR {46000} [SUB0]
05-04 14:24:45.894559   722   728 D RIL     : radioState:10
05-04 14:24:45.895693   722   739 D RILC    : SOCKET RIL_SOCKET_1 REQUEST: OPERATOR length:8
05-04 14:24:45.894713   722   728 D AT      : AT send on RIL_CMD_READER_1, tid:548425417792
05-04 14:24:45.896620   722   728 D AT      : AT> AT+CGREG?
05-04 14:24:45.896668   722   728 I AT      : AT write start
05-04 14:24:45.896849   561   711 D RILMUXD : [gsm0710muxd] 3614:poll_thread(): poll_thread select found
05-04 14:24:45.896950   561   711 D RILMUXD : [gsm0710muxd] 1045:pseudo_device_read(): Enter, LackofAtciChannel=0
05-04 14:24:45.897022   561   711 D RILMUXD : [gsm0710muxd] 657:write_frame(): Sending frame to channel 3
05-04 14:24:45.897125   561   711 D RILMUXD : [gsm0710muxd] 766:write_frame(): Write a frame on channel 3 with length 9
05-04 14:24:45.897281   561   711 D RILMUXD : [gsm0710muxd] 3614:poll_thread(): poll_thread select found
05-04 14:24:45.897330   561   711 D RILMUXD : [gsm0710muxd] 1045:pseudo_device_read(): Enter, LackofAtciChannel=0
05-04 14:24:45.897391   561   711 D RILMUXD : [gsm0710muxd] 657:write_frame(): Sending frame to channel 3
05-04 14:24:45.897484   561   711 D RILMUXD : [gsm0710muxd] 766:write_frame(): Write a frame on channel 3 with length 1
05-04 14:24:45.897512   722   739 I RILC-MTK: create request 22: pRequest=0x7fb0f92560, pRI=0x7fb0f8c990, p=0x7fb0f97180, pUCI=0x0
05-04 14:24:45.897574   722   739 D RILC-MTK: 1:VOICE_REGISTRATION_STATE pRI=0x7fb0f8c4e0 p=0x7fb0f96a10 is queued in RIL_CMD_PROXY_3
05-04 14:24:45.897623   722   739 D RILC-MTK: 2:QUERY_NETWORK_SELECTION_MODE pRI=0x7fb0f8c510 p=0x7fb0f96e70 is queued in RIL_CMD_PROXY_3
05-04 14:24:45.897669   722   739 D RILC-MTK: **** the last executed cmd for RIL_CMD_PROXY_3 is DATA_REGISTRATION_STATE ****
05-04 14:24:45.897714   722   739 D RILC-MTK: Request pRI=0x7fb0f8c990 to RIL_CMD_PROXY_3 is busy. total:3 requests pending
05-04 14:24:45.898156   722   739 D RILC    : SOCKET RIL_SOCKET_1 REQUEST: DATA_REGISTRATION_STATE length:8
05-04 14:24:45.898209  1569  1569 D RILJ    : [4957]> VOICE_REGISTRATION_STATE [SUB0]
05-04 14:24:45.898221   722   739 I RILC-MTK: create request 21: pRequest=0x7fb0f925e0, pRI=0x7fb0f8ca80, p=0x7fb0f97490, pUCI=0x0
05-04 14:24:45.898302   722   739 D RILC-MTK: 1:VOICE_REGISTRATION_STATE pRI=0x7fb0f8c4e0 p=0x7fb0f96a10 is queued in RIL_CMD_PROXY_3
05-04 14:24:45.898346   722   739 D RILC-MTK: 2:QUERY_NETWORK_SELECTION_MODE pRI=0x7fb0f8c510 p=0x7fb0f96e70 is queued in RIL_CMD_PROXY_3
05-04 14:24:45.898909   722   739 D RILC-MTK: 3:OPERATOR pRI=0x7fb0f8c990 p=0x7fb0f97180 is queued in RIL_CMD_PROXY_3
05-04 14:24:45.898973   722   739 D RILC-MTK: **** the last executed cmd for RIL_CMD_PROXY_3 is DATA_REGISTRATION_STATE ****
05-04 14:24:45.899021   722   739 D RILC-MTK: Request pRI=0x7fb0f8ca80 to RIL_CMD_PROXY_3 is busy. total:4 requests pending
05-04 14:24:45.899516   561   707 D RILMUXD : [gsm0710muxd] 1643:gsm0710_base_buffer_get_frame(): Get a complete frame. ch:3, ctrl:239, len:44
05-04 14:24:45.899609   561   707 D RILMUXD : [gsm0710muxd] 2383:extract_frames(): Writing 44 byte frame received on channel 3 to /dev/pts/8
05-04 14:24:45.899951   722   743 I AT      : AT read end: 44
05-04 14:24:45.900015   722   743 D AT      : AT< +CGREG: 3,0,"2480","00000F17",0,"00",0,0
05-04 14:24:45.900076   722   743 D AT      : RIL_CMD_READER_1 Enter processLine:+CGREG: 3,0,"2480","00000F17",0,"00",0,0
05-04 14:24:45.900171   722   743 I AT      : AT read start
05-04 14:24:45.901113   561   707 D RILMUXD : [gsm0710muxd] 2403:extract_frames(): write() returned. Written 44/44 bytes of frame to /dev/pts/8
05-04 14:24:45.901201   561   707 D RILMUXD : [gsm0710muxd] 2408:extract_frames(): fsync() failed (-1, 22 - Invalid argument)
05-04 14:24:45.901286   561   707 D RILMUXD : [gsm0710muxd] 1643:gsm0710_base_buffer_get_frame(): Get a complete frame. ch:3, ctrl:239, len:6
05-04 14:24:45.901345   561   707 D RILMUXD : [gsm0710muxd] 2383:extract_frames(): Writing 6 byte frame received on channel 3 to /dev/pts/8
05-04 14:24:45.901520   561   707 D RILMUXD : [gsm0710muxd] 2403:extract_frames(): write() returned. Written 6/6 bytes of frame to /dev/pts/8
05-04 14:24:45.901580   561   707 D RILMUXD : [gsm0710muxd] 2408:extract_frames(): fsync() failed (-1, 22 - Invalid argument)
05-04 14:24:45.901566   722   743 I AT      : AT read end: 6
05-04 14:24:45.901659   722   743 D AT      : AT< OK
05-04 14:24:45.901720   722   743 D AT      : RIL_CMD_READER_1 Enter processLine:OK
05-04 14:24:45.901781   722   743 I AT      : AT read start
05-04 14:24:45.902673   722   728 D AT      : response received on RIL_CMD_READER_1, tid:548425417792
05-04 14:24:45.902748   722   728 D RIL     : convertRegState() uiRegState=0 , uiRet=0 
05-04 14:24:45.902792   722   728 D RIL     : dontChangeCgregFormat=0
05-04 14:24:45.902834   722   728 E RIL     : it is short CREG CGREG
05-04 14:24:45.902892   722   728 E RIL     : rid: 0
05-04 14:24:45.902935   722   728 D RIL     : RestrictedStateChanged: 22
05-04 14:24:45.902979   722   728 D RIL     : isSimInserted(): rid: 0, sim_inserted_status: 0
05-04 14:24:45.903024   722   728 D RIL     : isSimInserted(): pivotSim = 1 ,0
05-04 14:24:45.903077   722   728 D RIL     : isSimInserted(): simInserted = 0
05-04 14:24:45.903120   722   728 D RILC    : RequestComplete, RIL_SOCKET_1
05-04 14:24:45.903180   722   728 E RILC    : Send Response to RIL_SOCKET_1
05-04 14:24:45.903292   722   728 D RILC-MTK: proxyLoop free  pRI=0x7fb0f8c840 p=0x7fb0f96850 
05-04 14:24:45.903342   722   728 D RILC-MTK: proxyLoop free  pRequest=0x7fb0f92680
05-04 14:24:45.903384   722   728 D RILC-MTK: proxy id:1, proxyName: RIL_CMD_PROXY_3
05-04 14:24:45.903429   722   728 D RILC-MTK: VOICE_REGISTRATION_STATE pRI=0x7fb0f8c4e0 p=0x7fb0f96a10 execute on RIL_CMD_PROXY_3 using channel 1
05-04 14:24:45.903470   722   728 D RILC    : callOnRequest for new vendor ril
05-04 14:24:45.903511   722   728 D RIL     : onRequest: VOICE_REGISTRATION_STATE, datalen = 0
05-04 14:24:45.903553   722   728 D RIL     : radioState:10
05-04 14:24:45.903601   722   728 D AT      : AT send on RIL_CMD_READER_1, tid:548425417792
05-04 14:24:45.903640   722   728 D AT      : AT> AT+CREG?
05-04 14:24:45.903678   722   728 I AT      : AT write start
05-04 14:24:45.903840   561   711 D RILMUXD : [gsm0710muxd] 3614:poll_thread(): poll_thread select found
05-04 14:24:45.903904   561   711 D RILMUXD : [gsm0710muxd] 1045:pseudo_device_read(): Enter, LackofAtciChannel=0
05-04 14:24:45.903976   561   711 D RILMUXD : [gsm0710muxd] 657:write_frame(): Sending frame to channel 3
05-04 14:24:45.904083   561   711 D RILMUXD : [gsm0710muxd] 766:write_frame(): Write a frame on channel 3 with length 8
05-04 14:24:45.904218   561   711 D RILMUXD : [gsm0710muxd] 3614:poll_thread(): poll_thread select found
05-04 14:24:45.904271   561   711 D RILMUXD : [gsm0710muxd] 1045:pseudo_device_read(): Enter, LackofAtciChannel=0
05-04 14:24:45.904388   561   711 D RILMUXD : [gsm0710muxd] 657:write_frame(): Sending frame to channel 3
05-04 14:24:45.904480   561   711 D RILMUXD : [gsm0710muxd] 766:write_frame(): Write a frame on channel 3 with length 1
05-04 14:24:45.904886  1569  1724 D RILJ    : [4952]< DATA_REGISTRATION_STATE {0, -1, -1, 0} [SUB0]
05-04 14:24:45.906245   561   707 D RILMUXD : [gsm0710muxd] 1643:gsm0710_base_buffer_get_frame(): Get a complete frame. ch:3, ctrl:239, len:38
05-04 14:24:45.906319   561   707 D RILMUXD : [gsm0710muxd] 2383:extract_frames(): Writing 38 byte frame received on channel 3 to /dev/pts/8
05-04 14:24:45.906454   561   707 D RILMUXD : [gsm0710muxd] 2403:extract_frames(): write() returned. Written 38/38 bytes of frame to /dev/pts/8
05-04 14:24:45.906509   561   707 D RILMUXD : [gsm0710muxd] 2408:extract_frames(): fsync() failed (-1, 22 - Invalid argument)
05-04 14:24:45.906499   722   743 I AT      : AT read end: 38
05-04 14:24:45.906596   722   743 D AT      : AT< +CREG: 3,0,"2480","00000F17",0,0,0
05-04 14:24:45.906600   561   707 D RILMUXD : [gsm0710muxd] 1643:gsm0710_base_buffer_get_frame(): Get a complete frame. ch:3, ctrl:239, len:6
05-04 14:24:45.906668   722   743 D AT      : RIL_CMD_READER_1 Enter processLine:+CREG: 3,0,"2480","00000F17",0,0,0
05-04 14:24:45.906702   561   707 D RILMUXD : [gsm0710muxd] 2383:extract_frames(): Writing 6 byte frame received on channel 3 to /dev/pts/8
05-04 14:24:45.906726   722   743 I AT      : AT read start
05-04 14:24:45.906820   561   707 D RILMUXD : [gsm0710muxd] 2403:extract_frames(): write() returned. Written 6/6 bytes of frame to /dev/pts/8
05-04 14:24:45.906871   561   707 D RILMUXD : [gsm0710muxd] 2408:extract_frames(): fsync() failed (-1, 22 - Invalid argument)
05-04 14:24:45.907557  1569  1569 D RILJ    : [4958]> QUERY_NETWORK_SELECTION_MODE [SUB0]
05-04 14:24:45.908632   722   743 I AT      : AT read end: 6
05-04 14:24:45.908703   722   743 D AT      : AT< OK
05-04 14:24:45.908970   722   739 D RILC    : SOCKET RIL_SOCKET_1 REQUEST: VOICE_REGISTRATION_STATE length:8
05-04 14:24:45.909039   722   739 I RILC-MTK: create request 20: pRequest=0x7fb0f92640, pRI=0x7fb0f8c570, p=0x7fb0f97500, pUCI=0x0
05-04 14:24:45.909091   722   739 D RILC-MTK: 1:QUERY_NETWORK_SELECTION_MODE pRI=0x7fb0f8c510 p=0x7fb0f96e70 is queued in RIL_CMD_PROXY_3
05-04 14:24:45.908819   722   743 D AT      : RIL_CMD_READER_1 Enter processLine:OK
05-04 14:24:45.911713   722   728 D AT      : response received on RIL_CMD_READER_1, tid:548425417792
05-04 14:24:45.911756   722   739 D RILC-MTK: 2:OPERATOR pRI=0x7fb0f8c990 p=0x7fb0f97180 is queued in RIL_CMD_PROXY_3
05-04 14:24:45.911778   722   728 D RIL     : convertRegState() uiRegState=0 , uiRet=0 
05-04 14:24:45.912184   722   728 D RIL     : dontChangeFormat=0
05-04 14:24:45.911705   722   743 I AT      : AT read start
05-04 14:24:45.912018   722   739 D RILC-MTK: 3:DATA_REGISTRATION_STATE pRI=0x7fb0f8ca80 p=0x7fb0f97490 is queued in RIL_CMD_PROXY_3
05-04 14:24:45.912460   722   739 D RILC-MTK: **** the last executed cmd for RIL_CMD_PROXY_3 is VOICE_REGISTRATION_STATE ****
05-04 14:24:45.912507   722   739 D RILC-MTK: Request pRI=0x7fb0f8c570 to RIL_CMD_PROXY_3 is busy. total:4 requests pending
05-04 14:24:45.912773   722   728 E RIL     : it is short CREG CGREG
05-04 14:24:45.912844   722   728 E RIL     : rid: 0
05-04 14:24:45.912889   722   728 D RIL     : RestrictedStateChanged: 22
05-04 14:24:45.912934   722   728 D RIL     : isSimInserted(): rid: 0, sim_inserted_status: 0
05-04 14:24:45.912975   722   728 D RIL     : isSimInserted(): pivotSim = 1 ,0
05-04 14:24:45.914242   722   728 D RIL     : isSimInserted(): simInserted = 0
05-04 14:24:45.914291   722   728 D RIL     : convertToRilRegState() uiRegState=0 , uiRet=10 
05-04 14:24:45.914353   722   728 D RILC    : RequestComplete, RIL_SOCKET_1
05-04 14:24:45.914424   722   728 E RILC    : Send Response to RIL_SOCKET_1
05-04 14:24:45.914533   722   728 D RILC-MTK: proxyLoop free  pRI=0x7fb0f8c4e0 p=0x7fb0f96a10 
05-04 14:24:45.914579   722   728 D RILC-MTK: proxyLoop free  pRequest=0x7fb0f92700
05-04 14:24:45.914623   722   728 D RILC-MTK: proxy id:1, proxyName: RIL_CMD_PROXY_3
05-04 14:24:45.914847   722   728 D RILC-MTK: QUERY_NETWORK_SELECTION_MODE pRI=0x7fb0f8c510 p=0x7fb0f96e70 execute on RIL_CMD_PROXY_3 using channel 1
05-04 14:24:45.914894   722   728 D RILC    : callOnRequest for new vendor ril
05-04 14:24:45.914936   722   728 D RIL     : onRequest: QUERY_NETWORK_SELECTION_MODE, datalen = 0
05-04 14:24:45.915984  1569  1724 D RILJ    : [4953]< VOICE_REGISTRATION_STATE {10, -1, -1, 0} [SUB0]
05-04 14:24:45.916171  1569  1569 D GsmSST  : [GsmSST0] handleMessage msg done
05-04 14:24:45.916262  1569  1569 D GsmSST  : [GsmSST0] handle EVENT_POLL_STATE_OPERATOR
05-04 14:24:45.916327  1569  1569 E GsmSST  : [GsmSST0] handlePollStateResult return due to (ar.userObj != mPollingContext)
05-04 14:24:45.916383  1569  1569 D GsmSST  : [GsmSST0] handleMessage msg done
05-04 14:24:45.916444  1569  1569 D GsmSST  : [GsmSST0] handle EVENT_POLL_STATE_GPRS
05-04 14:24:45.916523  1569  1569 E GsmSST  : [GsmSST0] handlePollStateResult return due to (ar.userObj != mPollingContext)
05-04 14:24:45.916581  1569  1569 D GsmSST  : [GsmSST0] handleMessage msg done
05-04 14:24:45.916647  1569  1569 D GsmSST  : [GsmSST0] handle EVENT_POLL_STATE_REGISTRATION
05-04 14:24:45.916708  1569  1569 E GsmSST  : [GsmSST0] handlePollStateResult return due to (ar.userObj != mPollingContext)
05-04 14:24:45.916764  1569  1569 D GsmSST  : [GsmSST0] handleMessage msg done
05-04 14:24:45.916827  1569  1569 D GsmSST  : [GsmSST0] handle EVENT_POLL_STATE_NETWORK_SELECTION_MODE
05-04 14:24:45.916911  1569  1569 E GsmSST  : [GsmSST0] handlePollStateResult return due to (ar.userObj != mPollingContext)
05-04 14:24:45.916970  1569  1569 D GsmSST  : [GsmSST0] handleMessage msg done
05-04 14:24:45.917033  1569  1569 D GsmSST  : [GsmSST0] handle EVENT_POLL_STATE_OPERATOR
05-04 14:24:45.917089  1569  1569 E GsmSST  : [GsmSST0] handlePollStateResult return due to (ar.userObj != mPollingContext)
05-04 14:24:45.917143  1569  1569 D GsmSST  : [GsmSST0] handleMessage msg done
05-04 14:24:45.917205  1569  1569 D GsmSST  : [GsmSST0] handle EVENT_POLL_STATE_GPRS
05-04 14:24:45.917260  1569  1569 E GsmSST  : [GsmSST0] handlePollStateResult return due to (ar.userObj != mPollingContext)
05-04 14:24:45.917311  1569  1569 D GsmSST  : [GsmSST0] handleMessage msg done
05-04 14:24:45.917371  1569  1569 D GsmSST  : [GsmSST0] handle EVENT_POLL_STATE_REGISTRATION
05-04 14:24:45.917424  1569  1569 E GsmSST  : [GsmSST0] handlePollStateResult return due to (ar.userObj != mPollingContext)
05-04 14:24:45.917482  1569  1569 D GsmSST  : [GsmSST0] handleMessage msg done
05-04 14:24:45.917684   722   728 D RIL     : radioState:10
05-04 14:24:45.917757   722   728 D AT      : AT send on RIL_CMD_READER_1, tid:548425417792
05-04 14:24:45.917804   722   728 D AT      : AT> AT+COPS?
05-04 14:24:45.917855   722   728 I AT      : AT write start
05-04 14:24:45.916442   722   739 D RILC    : SOCKET RIL_SOCKET_1 REQUEST: QUERY_NETWORK_SELECTION_MODE length:8
05-04 14:24:45.918178   722   739 I RILC-MTK: create request 45: pRequest=0x7fb0f92800, pRI=0x7fb0f8c5d0, p=0x7fb0f97570, pUCI=0x0
05-04 14:24:45.918230   722   739 D RILC-MTK: 1:OPERATOR pRI=0x7fb0f8c990 p=0x7fb0f97180 is queued in RIL_CMD_PROXY_3
05-04 14:24:45.918276   722   739 D RILC-MTK: 2:DATA_REGISTRATION_STATE pRI=0x7fb0f8ca80 p=0x7fb0f97490 is queued in RIL_CMD_PROXY_3
05-04 14:24:45.918324   722   739 D RILC-MTK: 3:VOICE_REGISTRATION_STATE pRI=0x7fb0f8c570 p=0x7fb0f97500 is queued in RIL_CMD_PROXY_3
05-04 14:24:45.918369   722   739 D RILC-MTK: **** the last executed cmd for RIL_CMD_PROXY_3 is QUERY_NETWORK_SELECTION_MODE ****
05-04 14:24:45.918415   722   739 D RILC-MTK: Request pRI=0x7fb0f8c5d0 to RIL_CMD_PROXY_3 is busy. total:4 requests pending
05-04 14:24:45.918684   561   711 D RILMUXD : [gsm0710muxd] 3614:poll_thread(): poll_thread select found
05-04 14:24:45.918753   561   711 D RILMUXD : [gsm0710muxd] 1045:pseudo_device_read(): Enter, LackofAtciChannel=0
05-04 14:24:45.918843   561   711 D RILMUXD : [gsm0710muxd] 657:write_frame(): Sending frame to channel 3
05-04 14:24:45.918945   561   711 D RILMUXD : [gsm0710muxd] 766:write_frame(): Write a frame on channel 3 with length 8
05-04 14:24:45.919007   561   711 D RILMUXD : [gsm0710muxd] 3614:poll_thread(): poll_thread select found
05-04 14:24:45.919056   561   711 D RILMUXD : [gsm0710muxd] 1045:pseudo_device_read(): Enter, LackofAtciChannel=0
05-04 14:24:45.919112   561   711 D RILMUXD : [gsm0710muxd] 657:write_frame(): Sending frame to channel 3
05-04 14:24:45.919200   561   711 D RILMUXD : [gsm0710muxd] 766:write_frame(): Write a frame on channel 3 with length 1
05-04 14:24:45.921135   561   707 D RILMUXD : [gsm0710muxd] 1643:gsm0710_base_buffer_get_frame(): Get a complete frame. ch:3, ctrl:239, len:12
05-04 14:24:45.921221   561   707 D RILMUXD : [gsm0710muxd] 2383:extract_frames(): Writing 12 byte frame received on channel 3 to /dev/pts/8
05-04 14:24:45.921314   561   707 D RILMUXD : [gsm0710muxd] 2403:extract_frames(): write() returned. Written 12/12 bytes of frame to /dev/pts/8
05-04 14:24:45.921367   561   707 D RILMUXD : [gsm0710muxd] 2408:extract_frames(): fsync() failed (-1, 22 - Invalid argument)
05-04 14:24:45.921426   561   707 D RILMUXD : [gsm0710muxd] 1643:gsm0710_base_buffer_get_frame(): Get a complete frame. ch:3, ctrl:239, len:6
05-04 14:24:45.921479   561   707 D RILMUXD : [gsm0710muxd] 2383:extract_frames(): Writing 6 byte frame received on channel 3 to /dev/pts/8
05-04 14:24:45.921539   561   707 D RILMUXD : [gsm0710muxd] 2403:extract_frames(): write() returned. Written 6/6 bytes of frame to /dev/pts/8
05-04 14:24:45.921593   561   707 D RILMUXD : [gsm0710muxd] 2408:extract_frames(): fsync() failed (-1, 22 - Invalid argument)
05-04 14:24:45.921970   722   743 I AT      : AT read end: 18
05-04 14:24:45.922040   722   743 D AT      : AT< +COPS: 0
05-04 14:24:45.922087   722   743 D AT      : RIL_CMD_READER_1 Enter processLine:+COPS: 0
05-04 14:24:45.922135   722   743 D AT      : AT< OK
05-04 14:24:45.922303   722   743 D AT      : RIL_CMD_READER_1 Enter processLine:OK
05-04 14:24:45.922365   722   743 I AT      : AT read start
05-04 14:24:45.922479   722   728 D AT      : response received on RIL_CMD_READER_1, tid:548425417792
05-04 14:24:45.922570   722   728 D RILC    : RequestComplete, RIL_SOCKET_1
05-04 14:24:45.922627   722   728 E RILC    : Send Response to RIL_SOCKET_1
05-04 14:24:45.922759   722   728 D RILC-MTK: proxyLoop free  pRI=0x7fb0f8c510 p=0x7fb0f96e70 
05-04 14:24:45.922813   722   728 D RILC-MTK: proxyLoop free  pRequest=0x7fb0f927e0
05-04 14:24:45.922864   722   728 D RILC-MTK: proxy id:1, proxyName: RIL_CMD_PROXY_3
05-04 14:24:45.922908  1569  1724 D RILJ    : responseInts numInts=1 [SUB0]
05-04 14:24:45.922938   722   728 D RILC-MTK: OPERATOR pRI=0x7fb0f8c990 p=0x7fb0f97180 execute on RIL_CMD_PROXY_3 using channel 1
05-04 14:24:45.922982   722   728 D RILC    : callOnRequest for new vendor ril
05-04 14:24:45.922978  1569  1724 D RILJ    : responseInts response[0]=0 [SUB0]
05-04 14:24:45.923064   722   728 D RIL     : onRequest: OPERATOR, datalen = 0
05-04 14:24:45.923108   722   728 D RIL     : radioState:10
05-04 14:24:45.923134  1569  1724 D RILJ    : [4954]< QUERY_NETWORK_SELECTION_MODE {0} [SUB0]
05-04 14:24:45.923158   722   728 D AT      : AT send on RIL_CMD_READER_1, tid:548425417792
05-04 14:24:45.923202   722   728 D AT      : AT> AT+COPS?
05-04 14:24:45.923242   722   728 I AT      : AT write start
05-04 14:24:45.923446   561   711 D RILMUXD : [gsm0710muxd] 3614:poll_thread(): poll_thread select found
05-04 14:24:45.923517   561   711 D RILMUXD : [gsm0710muxd] 1045:pseudo_device_read(): Enter, LackofAtciChannel=0
05-04 14:24:45.923584   561   711 D RILMUXD : [gsm0710muxd] 657:write_frame(): Sending frame to channel 3
05-04 14:24:45.923693   561   711 D RILMUXD : [gsm0710muxd] 766:write_frame(): Write a frame on channel 3 with length 9
05-04 14:24:45.923859  1569  1569 D GsmSST  : [GsmSST0] handle EVENT_POLL_STATE_NETWORK_SELECTION_MODE
05-04 14:24:45.923941  1569  1569 E GsmSST  : [GsmSST0] handlePollStateResult return due to (ar.userObj != mPollingContext)
05-04 14:24:45.923999  1569  1569 D GsmSST  : [GsmSST0] handleMessage msg done
05-04 14:24:45.924954   561   707 D RILMUXD : [gsm0710muxd] 1643:gsm0710_base_buffer_get_frame(): Get a complete frame. ch:3, ctrl:239, len:7
05-04 14:24:45.925039   561   707 D RILMUXD : [gsm0710muxd] 2383:extract_frames(): Writing 7 byte frame received on channel 3 to /dev/pts/8
05-04 14:24:45.925136   561   707 D RILMUXD : [gsm0710muxd] 2403:extract_frames(): write() returned. Written 7/7 bytes of frame to /dev/pts/8
05-04 14:24:45.925195   561   707 D RILMUXD : [gsm0710muxd] 2408:extract_frames(): fsync() failed (-1, 22 - Invalid argument)
05-04 14:24:45.925409   722   743 I AT      : AT read end: 7
05-04 14:24:45.925462   722   743 I AT      : AT read start
05-04 14:24:45.925721   561   707 D RILMUXD : [gsm0710muxd] 1643:gsm0710_base_buffer_get_frame(): Get a complete frame. ch:3, ctrl:239, len:5
05-04 14:24:45.925789   561   707 D RILMUXD : [gsm0710muxd] 2383:extract_frames(): Writing 5 byte frame received on channel 3 to /dev/pts/8
05-04 14:24:45.925881   561   707 D RILMUXD : [gsm0710muxd] 2403:extract_frames(): write() returned. Written 5/5 bytes of frame to /dev/pts/8
05-04 14:24:45.925938   561   707 D RILMUXD : [gsm0710muxd] 2408:extract_frames(): fsync() failed (-1, 22 - Invalid argument)
05-04 14:24:45.925997   561   707 D RILMUXD : [gsm0710muxd] 1643:gsm0710_base_buffer_get_frame(): Get a complete frame. ch:3, ctrl:239, len:6
05-04 14:24:45.926050   561   707 D RILMUXD : [gsm0710muxd] 2383:extract_frames(): Writing 6 byte frame received on channel 3 to /dev/pts/8
05-04 14:24:45.926111   561   707 D RILMUXD : [gsm0710muxd] 2403:extract_frames(): write() returned. Written 6/6 bytes of frame to /dev/pts/8
05-04 14:24:45.926161   561   707 D RILMUXD : [gsm0710muxd] 2408:extract_frames(): fsync() failed (-1, 22 - Invalid argument)
05-04 14:24:45.927038   722   743 I AT      : AT read end: 11
05-04 14:24:45.927136   722   743 D AT      : AT< +COPS: 0
05-04 14:24:45.927185   722   743 D AT      : RIL_CMD_READER_1 Enter processLine:+COPS: 0
05-04 14:24:45.927239   722   743 D AT      : AT< OK
05-04 14:24:45.927282   722   743 D AT      : RIL_CMD_READER_1 Enter processLine:OK
05-04 14:24:45.927347   722   743 I AT      : AT read start
05-04 14:24:45.927635   722   728 D AT      : response received on RIL_CMD_READER_1, tid:548425417792
05-04 14:24:45.927712   722   728 D AT      : AT send on RIL_CMD_READER_1, tid:548425417792
05-04 14:24:45.927797   722   728 D AT      : AT> AT+EOPS?
05-04 14:24:45.927898   722   728 I AT      : AT write start
05-04 14:24:45.928277   561   711 D RILMUXD : [gsm0710muxd] 3614:poll_thread(): poll_thread select found
05-04 14:24:45.928396   561   711 D RILMUXD : [gsm0710muxd] 1045:pseudo_device_read(): Enter, LackofAtciChannel=0
05-04 14:24:45.928465   561   711 D RILMUXD : [gsm0710muxd] 657:write_frame(): Sending frame to channel 3
05-04 14:24:45.928576   561   711 D RILMUXD : [gsm0710muxd] 766:write_frame(): Write a frame on channel 3 with length 9
05-04 14:24:45.930368   561   707 D RILMUXD : [gsm0710muxd] 1643:gsm0710_base_buffer_get_frame(): Get a complete frame. ch:3, ctrl:239, len:24
05-04 14:24:45.930458   561   707 D RILMUXD : [gsm0710muxd] 2383:extract_frames(): Writing 24 byte frame received on channel 3 to /dev/pts/8
05-04 14:24:45.930561   561   707 D RILMUXD : [gsm0710muxd] 2403:extract_frames(): write() returned. Written 24/24 bytes of frame to /dev/pts/8
05-04 14:24:45.930620   561   707 D RILMUXD : [gsm0710muxd] 2408:extract_frames(): fsync() failed (-1, 22 - Invalid argument)
05-04 14:24:45.930683   561   707 D RILMUXD : [gsm0710muxd] 1643:gsm0710_base_buffer_get_frame(): Get a complete frame. ch:3, ctrl:239, len:6
05-04 14:24:45.930737   561   707 D RILMUXD : [gsm0710muxd] 2383:extract_frames(): Writing 6 byte frame received on channel 3 to /dev/pts/8
05-04 14:24:45.930809   561   707 D RILMUXD : [gsm0710muxd] 2403:extract_frames(): write() returned. Written 6/6 bytes of frame to /dev/pts/8
05-04 14:24:45.930862   561   707 D RILMUXD : [gsm0710muxd] 2408:extract_frames(): fsync() failed (-1, 22 - Invalid argument)
05-04 14:24:45.932161   722   743 I AT      : AT read end: 30
05-04 14:24:45.932322   722   743 D AT      : AT< +EOPS: 0,2,"46000",0
05-04 14:24:45.932379   722   743 D AT      : RIL_CMD_READER_1 Enter processLine:+EOPS: 0,2,"46000",0
05-04 14:24:45.932476   722   743 D AT      : AT< OK
05-04 14:24:45.932527   722   743 D AT      : RIL_CMD_READER_1 Enter processLine:OK
05-04 14:24:45.932630   722   743 I AT      : AT read start
05-04 14:24:45.932761   722   728 D AT      : response received on RIL_CMD_READER_1, tid:548425417792
05-04 14:24:45.932860   722   728 D RIL     : EOPS Get operator code 46000
05-04 14:24:45.932910   722   728 D RILC    : RequestComplete, RIL_SOCKET_1
05-04 14:24:45.933000   722   728 E RILC    : Send Response to RIL_SOCKET_1
05-04 14:24:45.933180   722   728 D RILC-MTK: proxyLoop free  pRI=0x7fb0f8c990 p=0x7fb0f97180 
05-04 14:24:45.933261   722   728 D RILC-MTK: proxyLoop free  pRequest=0x7fb0f92560
05-04 14:24:45.933317   722   728 D RILC-MTK: proxy id:1, proxyName: RIL_CMD_PROXY_3
05-04 14:24:45.933367   722   728 D RILC-MTK: DATA_REGISTRATION_STATE pRI=0x7fb0f8ca80 p=0x7fb0f97490 execute on RIL_CMD_PROXY_3 using channel 1
05-04 14:24:45.933414   722   728 D RILC    : callOnRequest for new vendor ril
05-04 14:24:45.933464   722   728 D RIL     : onRequest: DATA_REGISTRATION_STATE, datalen = 0
05-04 14:24:45.934113  1569  1724 D RILJ    : [4955]< OPERATOR {46000} [SUB0]
05-04 14:24:45.934382  1569  1569 D GsmSST  : [GsmSST0] handle EVENT_POLL_STATE_OPERATOR
05-04 14:24:45.934467  1569  1569 D GsmSST  : [GsmSST0] opNames:46000 len=5
05-04 14:24:45.934535  1569  1569 D GsmSST  : [GsmSST0] updateLocatedPlmn(),previous plmn= 46000 ,update to: 46000
05-04 14:24:45.934115   722   728 D RIL     : radioState:10
05-04 14:24:45.935081   722   728 D AT      : AT send on RIL_CMD_READER_1, tid:548425417792
05-04 14:24:45.935136   722   728 D AT      : AT> AT+CGREG?
05-04 14:24:45.934588  1569  1569 D GsmSST  : [GsmSST0] handleMessage msg done
05-04 14:24:45.935179   722   728 I AT      : AT write start
05-04 14:24:45.935558   561   711 D RILMUXD : [gsm0710muxd] 3614:poll_thread(): poll_thread select found
05-04 14:24:45.935624   561   711 D RILMUXD : [gsm0710muxd] 1045:pseudo_device_read(): Enter, LackofAtciChannel=0
05-04 14:24:45.935699   561   711 D RILMUXD : [gsm0710muxd] 657:write_frame(): Sending frame to channel 3
05-04 14:24:45.935802   561   711 D RILMUXD : [gsm0710muxd] 766:write_frame(): Write a frame on channel 3 with length 10
05-04 14:24:45.936788   561   707 D RILMUXD : [gsm0710muxd] 1643:gsm0710_base_buffer_get_frame(): Get a complete frame. ch:3, ctrl:239, len:44
05-04 14:24:45.936850   561   707 D RILMUXD : [gsm0710muxd] 2383:extract_frames(): Writing 44 byte frame received on channel 3 to /dev/pts/8
05-04 14:24:45.936939   561   707 D RILMUXD : [gsm0710muxd] 2403:extract_frames(): write() returned. Written 44/44 bytes of frame to /dev/pts/8
05-04 14:24:45.936996   561   707 D RILMUXD : [gsm0710muxd] 2408:extract_frames(): fsync() failed (-1, 22 - Invalid argument)
05-04 14:24:45.937056   561   707 D RILMUXD : [gsm0710muxd] 1643:gsm0710_base_buffer_get_frame(): Get a complete frame. ch:3, ctrl:239, len:6
05-04 14:24:45.937110   561   707 D RILMUXD : [gsm0710muxd] 2383:extract_frames(): Writing 6 byte frame received on channel 3 to /dev/pts/8
05-04 14:24:45.937170   561   707 D RILMUXD : [gsm0710muxd] 2403:extract_frames(): write() returned. Written 6/6 bytes of frame to /dev/pts/8
05-04 14:24:45.937221   561   707 D RILMUXD : [gsm0710muxd] 2408:extract_frames(): fsync() failed (-1, 22 - Invalid argument)
05-04 14:24:45.937712   722   743 I AT      : AT read end: 50
05-04 14:24:45.937780   722   743 D AT      : AT< +CGREG: 3,0,"2480","00000F17",0,"00",0,0
05-04 14:24:45.937828   722   743 D AT      : RIL_CMD_READER_1 Enter processLine:+CGREG: 3,0,"2480","00000F17",0,"00",0,0
05-04 14:24:45.937876   722   743 D AT      : AT< OK
05-04 14:24:45.937917   722   743 D AT      : RIL_CMD_READER_1 Enter processLine:OK
05-04 14:24:45.938168   722   728 D AT      : response received on RIL_CMD_READER_1, tid:548425417792
05-04 14:24:45.938242   722   728 D RIL     : convertRegState() uiRegState=0 , uiRet=0 
05-04 14:24:45.938285   722   728 D RIL     : dontChangeCgregFormat=0
05-04 14:24:45.938328   722   728 E RIL     : it is short CREG CGREG
05-04 14:24:45.938383   722   728 E RIL     : rid: 0
05-04 14:24:45.938430   722   728 D RIL     : RestrictedStateChanged: 22
05-04 14:24:45.938477   722   728 D RIL     : isSimInserted(): rid: 0, sim_inserted_status: 0
05-04 14:24:45.938519   722   728 D RIL     : isSimInserted(): pivotSim = 1 ,0
05-04 14:24:45.938563   722   728 D RIL     : isSimInserted(): simInserted = 0
05-04 14:24:45.938610   722   728 D RILC    : RequestComplete, RIL_SOCKET_1
05-04 14:24:45.938673   722   728 E RILC    : Send Response to RIL_SOCKET_1
05-04 14:24:45.937978   722   743 I AT      : AT read start
05-04 14:24:45.939034   722   728 D RILC-MTK: proxyLoop free  pRI=0x7fb0f8ca80 p=0x7fb0f97490 
05-04 14:24:45.939047  1569  1724 D RILJ    : [4956]< DATA_REGISTRATION_STATE {0, -1, -1, 0} [SUB0]
05-04 14:24:45.939091   722   728 D RILC-MTK: proxyLoop free  pRequest=0x7fb0f925e0
05-04 14:24:45.939136   722   728 D RILC-MTK: proxy id:1, proxyName: RIL_CMD_PROXY_3
05-04 14:24:45.939183   722   728 D RILC-MTK: VOICE_REGISTRATION_STATE pRI=0x7fb0f8c570 p=0x7fb0f97500 execute on RIL_CMD_PROXY_3 using channel 1
05-04 14:24:45.939224   722   728 D RILC    : callOnRequest for new vendor ril
05-04 14:24:45.939234  1569  1569 D GsmSST  : [GsmSST0] handle EVENT_POLL_STATE_GPRS
05-04 14:24:45.939267   722   728 D RIL     : onRequest: VOICE_REGISTRATION_STATE, datalen = 0
05-04 14:24:45.939293  1569  1569 D GsmSST  : [GsmSST0] set Lac to previous value
05-04 14:24:45.939307   722   728 D RIL     : radioState:10
05-04 14:24:45.939355   722   728 D AT      : AT send on RIL_CMD_READER_1, tid:548425417792
05-04 14:24:45.939347  1569  1569 D GsmSST  : [GsmSST0] set Cid to previous value
05-04 14:24:45.939438   722   728 D AT      : AT> AT+CREG?
05-04 14:24:45.939477   722   728 I AT      : AT write start
05-04 14:24:45.939597  1569  1569 D PHONE   : [ServiceState] setDataRegState=1
05-04 14:24:45.939689  1569  1569 D PHONE   : [ServiceState] setProprietaryDataRadioTechnology=0
05-04 14:24:45.939744  1569  1569 D PHONE   : [ServiceState] setDataRadioTechnology=0
05-04 14:24:45.939807  1569  1569 D GsmSST  : [GsmSST0] handlPollStateResultMessage: GsmSST setDataRegState=1 regState=0 dataRadioTechnology=0
05-04 14:24:45.939854  1569  1569 D GsmSST  : [GsmSST0] handleMessage msg done
05-04 14:24:45.940008   561   711 D RILMUXD : [gsm0710muxd] 3614:poll_thread(): poll_thread select found
05-04 14:24:45.940074   561   711 D RILMUXD : [gsm0710muxd] 1045:pseudo_device_read(): Enter, LackofAtciChannel=0
05-04 14:24:45.940142   561   711 D RILMUXD : [gsm0710muxd] 657:write_frame(): Sending frame to channel 3
05-04 14:24:45.940250   561   711 D RILMUXD : [gsm0710muxd] 766:write_frame(): Write a frame on channel 3 with length 9
05-04 14:24:45.941449   561   707 D RILMUXD : [gsm0710muxd] 1643:gsm0710_base_buffer_get_frame(): Get a complete frame. ch:3, ctrl:239, len:38
05-04 14:24:45.941583   561   707 D RILMUXD : [gsm0710muxd] 2383:extract_frames(): Writing 38 byte frame received on channel 3 to /dev/pts/8
05-04 14:24:45.941675   561   707 D RILMUXD : [gsm0710muxd] 2403:extract_frames(): write() returned. Written 38/38 bytes of frame to /dev/pts/8
05-04 14:24:45.941731   561   707 D RILMUXD : [gsm0710muxd] 2408:extract_frames(): fsync() failed (-1, 22 - Invalid argument)
05-04 14:24:45.941897   561   707 D RILMUXD : [gsm0710muxd] 1643:gsm0710_base_buffer_get_frame(): Get a complete frame. ch:3, ctrl:239, len:6
05-04 14:24:45.941953   561   707 D RILMUXD : [gsm0710muxd] 2383:extract_frames(): Writing 6 byte frame received on channel 3 to /dev/pts/8
05-04 14:24:45.942019   561   707 D RILMUXD : [gsm0710muxd] 2403:extract_frames(): write() returned. Written 6/6 bytes of frame to /dev/pts/8
05-04 14:24:45.942070   561   707 D RILMUXD : [gsm0710muxd] 2408:extract_frames(): fsync() failed (-1, 22 - Invalid argument)
05-04 14:24:45.942219   722   743 I AT      : AT read end: 44
05-04 14:24:45.942287   722   743 D AT      : AT< +CREG: 3,0,"2480","00000F17",0,0,0
05-04 14:24:45.942336   722   743 D AT      : RIL_CMD_READER_1 Enter processLine:+CREG: 3,0,"2480","00000F17",0,0,0
05-04 14:24:45.942388   722   743 D AT      : AT< OK
05-04 14:24:45.942431   722   743 D AT      : RIL_CMD_READER_1 Enter processLine:OK
05-04 14:24:45.942500   722   743 I AT      : AT read start
05-04 14:24:45.942595   722   728 D AT      : response received on RIL_CMD_READER_1, tid:548425417792
05-04 14:24:45.942651   722   728 D RIL     : convertRegState() uiRegState=0 , uiRet=0 
05-04 14:24:45.942695   722   728 D RIL     : dontChangeFormat=0
05-04 14:24:45.942738   722   728 E RIL     : it is short CREG CGREG
05-04 14:24:45.942795   722   728 E RIL     : rid: 0
05-04 14:24:45.942841   722   728 D RIL     : RestrictedStateChanged: 22
05-04 14:24:45.942888   722   728 D RIL     : isSimInserted(): rid: 0, sim_inserted_status: 0
05-04 14:24:45.942931   722   728 D RIL     : isSimInserted(): pivotSim = 1 ,0
05-04 14:24:45.942973   722   728 D RIL     : isSimInserted(): simInserted = 0
05-04 14:24:45.945104   722   728 D RIL     : convertToRilRegState() uiRegState=0 , uiRet=10 
05-04 14:24:45.945180   722   728 D RILC    : RequestComplete, RIL_SOCKET_1
05-04 14:24:45.945250   722   728 E RILC    : Send Response to RIL_SOCKET_1
05-04 14:24:45.945494   722   728 D RILC-MTK: proxyLoop free  pRI=0x7fb0f8c570 p=0x7fb0f97500 
05-04 14:24:45.945556   722   728 D RILC-MTK: proxyLoop free  pRequest=0x7fb0f92640
05-04 14:24:45.945566  1569  1724 D RILJ    : [4957]< VOICE_REGISTRATION_STATE {10, -1, -1, 0} [SUB0]
05-04 14:24:45.945606   722   728 D RILC-MTK: proxy id:1, proxyName: RIL_CMD_PROXY_3
05-04 14:24:45.945654   722   728 D RILC-MTK: QUERY_NETWORK_SELECTION_MODE pRI=0x7fb0f8c5d0 p=0x7fb0f97570 execute on RIL_CMD_PROXY_3 using channel 1
05-04 14:24:45.945701   722   728 D RILC    : callOnRequest for new vendor ril
05-04 14:24:45.945748   722   728 D RIL     : onRequest: QUERY_NETWORK_SELECTION_MODE, datalen = 0
05-04 14:24:45.945793   722   728 D RIL     : radioState:10
05-04 14:24:45.945787  1569  1569 D GsmSST  : [GsmSST0] handle EVENT_POLL_STATE_REGISTRATION
05-04 14:24:45.945885   722   728 D AT      : AT send on RIL_CMD_READER_1, tid:548425417792
05-04 14:24:45.945925  1569  1569 D GsmSST  : [GsmSST0] set Lac to previous value
05-04 14:24:45.946077  1569  1569 D GsmSST  : [GsmSST0] set Cid to previous value
05-04 14:24:45.946181  1569  1569 D GsmSST  : [GsmSST0] EVENT_POLL_STATE_REGISTRATION mSS getRilVoiceRadioTechnology:0, regState:10, NewSS RilVoiceRadioTechnology:0, lac:9774, cid:4023
05-04 14:24:45.946379  1569  1569 D PHONE   : [ServiceState] setVoiceRegState=1
05-04 14:24:45.946425  1569  1569 E PHONE   : [ServiceState] setState deprecated use setVoiceRegState()
05-04 14:24:45.946551  1569  1569 D GsmSST  : [GsmSST0] regState = 10isVoiceCapable = truemEmergencyOnly = true
05-04 14:24:45.946603  1569  1569 D GsmSST  : [GsmSST0] states.length > 3
05-04 14:24:45.946656  1569  1569 D GsmSST  : [GsmSST0] handleMessage msg done
05-04 14:24:45.945931   722   728 D AT      : AT> AT+COPS?
05-04 14:24:45.946824   722   728 I AT      : AT write start
05-04 14:24:45.946998   561   711 D RILMUXD : [gsm0710muxd] 3614:poll_thread(): poll_thread select found
05-04 14:24:45.947060   561   711 D RILMUXD : [gsm0710muxd] 1045:pseudo_device_read(): Enter, LackofAtciChannel=0
05-04 14:24:45.947405   561   711 D RILMUXD : [gsm0710muxd] 657:write_frame(): Sending frame to channel 3
05-04 14:24:45.947518   561   711 D RILMUXD : [gsm0710muxd] 766:write_frame(): Write a frame on channel 3 with length 8
05-04 14:24:45.947762   561   711 D RILMUXD : [gsm0710muxd] 3614:poll_thread(): poll_thread select found
05-04 14:24:45.947822   561   711 D RILMUXD : [gsm0710muxd] 1045:pseudo_device_read(): Enter, LackofAtciChannel=0
05-04 14:24:45.947892   561   711 D RILMUXD : [gsm0710muxd] 657:write_frame(): Sending frame to channel 3
05-04 14:24:45.948254   561   711 D RILMUXD : [gsm0710muxd] 766:write_frame(): Write a frame on channel 3 with length 1
05-04 14:24:45.950084   561   707 D RILMUXD : [gsm0710muxd] 1643:gsm0710_base_buffer_get_frame(): Get a complete frame. ch:3, ctrl:239, len:12
05-04 14:24:45.950310   561   707 D RILMUXD : [gsm0710muxd] 2383:extract_frames(): Writing 12 byte frame received on channel 3 to /dev/pts/8
05-04 14:24:45.950448   561   707 D RILMUXD : [gsm0710muxd] 2403:extract_frames(): write() returned. Written 12/12 bytes of frame to /dev/pts/8
05-04 14:24:45.950893   561   707 D RILMUXD : [gsm0710muxd] 2408:extract_frames(): fsync() failed (-1, 22 - Invalid argument)
05-04 14:24:45.950948   722   743 I AT      : AT read end: 12
05-04 14:24:45.950997   561   707 D RILMUXD : [gsm0710muxd] 1643:gsm0710_base_buffer_get_frame(): Get a complete frame. ch:3, ctrl:239, len:6
05-04 14:24:45.951024   722   743 D AT      : AT< +COPS: 0
05-04 14:24:45.951055   561   707 D RILMUXD : [gsm0710muxd] 2383:extract_frames(): Writing 6 byte frame received on channel 3 to /dev/pts/8
05-04 14:24:45.951073   722   743 D AT      : RIL_CMD_READER_1 Enter processLine:+COPS: 0
05-04 14:24:45.951141   722   743 I AT      : AT read start
05-04 14:24:45.951136   561   707 D RILMUXD : [gsm0710muxd] 2403:extract_frames(): write() returned. Written 6/6 bytes of frame to /dev/pts/8
05-04 14:24:45.951210   722   743 I AT      : AT read end: 6
05-04 14:24:45.951250   561   707 D RILMUXD : [gsm0710muxd] 2408:extract_frames(): fsync() failed (-1, 22 - Invalid argument)
05-04 14:24:45.951251   722   743 D AT      : AT< OK
05-04 14:24:45.951702   722   743 D AT      : RIL_CMD_READER_1 Enter processLine:OK
05-04 14:24:45.952083   722   743 I AT      : AT read start
05-04 14:24:45.952266   722   728 D AT      : response received on RIL_CMD_READER_1, tid:548425417792
05-04 14:24:45.952326   722   728 D RILC    : RequestComplete, RIL_SOCKET_1
05-04 14:24:45.952387   722   728 E RILC    : Send Response to RIL_SOCKET_1
05-04 14:24:45.952502   722   728 D RILC-MTK: proxyLoop free  pRI=0x7fb0f8c5d0 p=0x7fb0f97570 
05-04 14:24:45.952552   722   728 D RILC-MTK: proxyLoop free  pRequest=0x7fb0f92800
05-04 14:24:45.952595   722   728 I RILC-MTK: RIL_CMD_PROXY_3 sleep
05-04 14:24:45.952661  1569  1724 D RILJ    : responseInts numInts=1 [SUB0]
05-04 14:24:45.952731  1569  1724 D RILJ    : responseInts response[0]=0 [SUB0]
05-04 14:24:45.952854  1569  1724 D RILJ    : [4958]< QUERY_NETWORK_SELECTION_MODE {0} [SUB0]
05-04 14:24:45.953032  1569  1569 D GsmSST  : [GsmSST0] handle EVENT_POLL_STATE_NETWORK_SELECTION_MODE
05-04 14:24:45.953109  1569  1569 D GsmSST  : [GsmSST0] set raoming=false,mGsmRoaming= false,mDataRoaming= false
05-04 14:24:45.953778  1569  1569 D SubscriptionController: [getSubId]- sSlotIdxToSubId.size == 0, return DummySubIds slotIdx=0
05-04 14:24:45.953850  1569  1569 D SubscriptionController: getDummySubIds: slotIdx=0 return 2 DummySubIds with each subId=-2
05-04 14:24:45.954591  1569  1569 D SubscriptionManager: [getPhoneId]- return dummy value, subId = -2
05-04 14:24:45.954765  1569  1569 D GsmSST  : [GsmSST0] mLastCsNetworkType=0, mLastPsNetworkType= 0, mNewSS VoiceRadioTechnology= 0, mSS VoiceRadioTechnology= 0, mNewSS DataRadioTechnology= 0, mSS DataRadioTechnology= 0
05-04 14:24:45.954829  1569  1569 D GsmSST  : [GsmSST0] pollStateDone(): don't change network type and wait for new event
05-04 14:24:45.954882  1569  1569 D PHONE   : [ServiceState] setDataRadioTechnology=0
05-04 14:24:45.955040  1569  1569 D GsmSST  : [GsmSST0] Poll ServiceState done:  oldSS=[1 1 voice home data home null null null null null null  Unknown Unknown CSS not supported 0 0 RoamInd=-1 DefRoamInd=-1 EmergOnly=true Ril Voice Regist state: 10 Ril Data Regist state: 0 mProprietaryDataRadioTechnology: 0 VoiceRejectCause: -1 DataRejectCause: -1 mCdmaNetWorkMode: 0 IsDataRoamingFromRegistration=false] newSS=[1 1 voice home data home null null null null null null  Unknown Unknown CSS not supported -1 -1 RoamInd=-1 DefRoamInd=-1 EmergOnly=true Ril Voice Regist state: 10 Ril Data Regist state: 0 mProprietaryDataRadioTechnology: 0 VoiceRejectCause: -1 DataRejectCause: -1 mCdmaNetWorkMode: 0 IsDataRoamingFromRegistration=false] oldMaxDataCalls=1 mNewMaxDataCalls=1 oldReasonDataDenied=-1 mNewReasonDataDenied=-1
