05-04 15:49:38.207836   774   984 D PowerManagerService: updateUserActivitySummaryLocked: mWakefulness=Awake, mUserActivitySummary=0x9, nextTimeout=14249699 (in 7874 ms)
05-04 15:49:38.208482   774   984 D DisplayPowerController: requestPowerState: policy=BRIGHT, useProximitySensor=false, screenBrightness=102, screenAutoBrightnessAdjustment=0.0, brightnessSetByUser=true, useAutoBrightness=false, blockScreenOn=false, lowPowerMode=false, boostScreenBrightness=false, dozeScreenBrightness=-1, dozeScreenState=UNKNOWN, waitForNegativeProximity=false
05-04 15:49:38.208547   774   984 I PowerManagerService: setBrightness mButtonLight, screenBrightness=102
05-04 15:49:38.208616   774   984 D PowerManagerService: updateDisplayPowerStateLocked: mDisplayReady=true, policy=3, mWakefulness=1, mWakeLockSummary=0x0, mUserActivitySummary=0x9, mBootCompleted=true, mScreenBrightnessBoostInProgress=false
05-04 15:49:38.208866   774   984 V SettingsProvider: packageValueForCallResult, name = user_setup_complete, value : 1
05-04 15:49:38.209749   774   984 I ActivityManager: START u0 {act=android.intent.action.MAIN cat=[android.intent.category.HOME] flg=0x10200000 cmp=com.android.launcher3/.Launcher (has extras)} from uid 1000 from pid 774 on display 0
05-04 15:49:38.213821   774   984 V WindowManager: Looking for focus: 7 = Window{442fad4 u0 StatusBar}, flags=-2122055608, canReceive=false
05-04 15:49:38.213917   774   984 V WindowManager: findFocusedWindow: Found new focus @ 1 = Window{9e1547e u0 com.mediatek.mtklogger/com.mediatek.mtklogger.MainActivity}
05-04 15:49:38.216537   774   984 V WindowManager: Set focused app to: AppWindowToken{e35d496 token=Token{64037b1 ActivityRecord{3d61a58 u0 com.android.launcher3/.Launcher t16}}} old focus=AppWindowToken{1b5e703 token=Token{40cd6f ActivityRecord{9d4984e u0 com.mediatek.mtklogger/.MainActivity t87}}} moveFocusNow=true
05-04 15:49:38.217529   774   984 V WindowManager: Looking for focus: 7 = Window{442fad4 u0 StatusBar}, flags=-2122055608, canReceive=false
05-04 15:49:38.217649   774   984 V WindowManager: findFocusedWindow: Reached focused app=AppWindowToken{e35d496 token=Token{64037b1 ActivityRecord{3d61a58 u0 com.android.launcher3/.Launcher t16}}}
05-04 15:49:38.218527   774   984 V WindowManager: Changing focus from Window{9e1547e u0 com.mediatek.mtklogger/com.mediatek.mtklogger.MainActivity} to null Callers=com.android.server.wm.WindowManagerService.setFocusedApp:4469 com.android.server.am.ActivityManagerService.setFocusedActivityLocked:2823 com.android.server.am.ActivityStack.moveTaskToFrontLocked:4303 com.android.server.am.ActivityStackSupervisor.startActivityUncheckedLocked:2331 
05-04 15:49:38.218639   774   984 D WindowManager: Input focus has changed to null
05-04 15:49:38.219086   774   824 I WindowManager: Focus moving from Window{9e1547e u0 com.mediatek.mtklogger/com.mediatek.mtklogger.MainActivity} to null
05-04 15:49:38.219238   774   824 I WindowManager: Losing focus: Window{9e1547e u0 com.mediatek.mtklogger/com.mediatek.mtklogger.MainActivity}
05-04 15:49:38.242251   774   984 D PowerManagerService: acquireWakeLockInternal: lock=233190406, flags=0x1, tag="*launch*", ws=WorkSource{10014}, uid=1000, pid=774
05-04 15:49:38.242389   774   984 D PowerManagerService: updateWakeLockSummaryLocked: mWakefulness=Awake, mWakeLockSummary=0x1
05-04 15:49:38.242512   774   984 D PowerManagerService: updateUserActivitySummaryLocked: mWakefulness=Awake, mUserActivitySummary=0x9, nextTimeout=14249699 (in 7840 ms)
05-04 15:49:38.242798   774   984 D DisplayPowerController: requestPowerState: policy=BRIGHT, useProximitySensor=false, screenBrightness=102, screenAutoBrightnessAdjustment=0.0, brightnessSetByUser=true, useAutoBrightness=false, blockScreenOn=false, lowPowerMode=false, boostScreenBrightness=false, dozeScreenBrightness=-1, dozeScreenState=UNKNOWN, waitForNegativeProximity=false
05-04 15:49:38.242921   774   984 I PowerManagerService: setBrightness mButtonLight, screenBrightness=102
05-04 15:49:38.242997   774   984 D PowerManagerService: updateDisplayPowerStateLocked: mDisplayReady=true, policy=3, mWakefulness=1, mWakeLockSummary=0x1, mUserActivitySummary=0x9, mBootCompleted=true, mScreenBrightnessBoostInProgress=false
05-04 15:49:38.243090   774   984 D PowerManagerService: Acquiring suspend blocker "PowerManagerService.WakeLocks".
05-04 15:49:38.244133   774   984 D PowerManagerNotifier: onWakeLockAcquired: flags=1, tag="*launch*", packageName=android, ownerUid=1000, ownerPid=774, workSource=WorkSource{10014}
05-04 15:49:38.244903   774   984 D ActivityManager: Delay resumeKeyDispatchingLocked() to avoid deadlock.
05-04 15:49:38.253101   774   984 D ActivityManager: Set intentActivity.task.mMovingToFront = true
05-04 15:49:38.255230   774   810 D PowerManagerService: releaseWakeLockInternal: lock=233190406 [*launch*], flags=0x0, total_time=13ms
05-04 15:49:38.255403   774   810 D PowerManagerNotifier: onWakeLockReleased: flags=1, tag="*launch*", packageName=android, ownerUid=1000, ownerPid=774, workSource=WorkSource{10014}
05-04 15:49:38.255609   774   810 D PowerManagerService: updateWakeLockSummaryLocked: mWakefulness=Awake, mWakeLockSummary=0x0
05-04 15:49:38.255724   774   810 D PowerManagerService: updateUserActivitySummaryLocked: mWakefulness=Awake, mUserActivitySummary=0x9, nextTimeout=14249699 (in 7826 ms)
05-04 15:49:38.255836   774   810 D DisplayPowerController: requestPowerState: policy=BRIGHT, useProximitySensor=false, screenBrightness=102, screenAutoBrightnessAdjustment=0.0, brightnessSetByUser=true, useAutoBrightness=false, blockScreenOn=false, lowPowerMode=false, boostScreenBrightness=false, dozeScreenBrightness=-1, dozeScreenState=UNKNOWN, waitForNegativeProximity=false
05-04 15:49:38.255900   774   810 I PowerManagerService: setBrightness mButtonLight, screenBrightness=102
05-04 15:49:38.255978   774   810 D PowerManagerService: updateDisplayPowerStateLocked: mDisplayReady=true, policy=3, mWakefulness=1, mWakeLockSummary=0x0, mUserActivitySummary=0x9, mBootCompleted=true, mScreenBrightnessBoostInProgress=false
05-04 15:49:38.256071   774   810 D PowerManagerService: Releasing suspend blocker "PowerManagerService.WakeLocks".
05-04 15:49:38.259662   774   794 V WindowManager: Looking for focus: 7 = Window{442fad4 u0 StatusBar}, flags=-2122055608, canReceive=false
05-04 15:49:38.259773   774   794 V WindowManager: findFocusedWindow: No focusable windows.
05-04 15:49:38.261530   774  1171 V ActivityManager: Broadcast: Intent { act=action_hide_recents_activity flg=0x14000010 pkg=com.android.systemui (has extras) } ordered=false userid=-2 callerApp=ProcessRecord{801ad2e 1081:com.android.systemui/u0a22}
05-04 15:49:38.262602 25233 25233 D ActivityThread: ACT-AM_ON_PAUSE_CALLED ActivityRecord{766db91 token=android.os.BinderProxy@d7daf6 {com.mediatek.mtklogger/com.mediatek.mtklogger.MainActivity}}
05-04 15:49:38.263344 25233 25233 D ActivityThread: ACT-PAUSE_ACTIVITY handled : 3 / android.os.BinderProxy@d7daf6
05-04 15:49:38.263929   774   811 V NetworkStats: setKernelCounterSet uid=10052 set=0
05-04 15:49:38.264024 25233 25233 V ActivityThread: Finishing stop of ActivityRecord{766db91 token=android.os.BinderProxy@d7daf6 {com.mediatek.mtklogger/com.mediatek.mtklogger.MainActivity}}: show=false win=com.android.internal.policy.PhoneWindow@c8a2f3
05-04 15:49:38.266691 25233 25233 D ActivityThread: ACT-STOP_ACTIVITY_HIDE handled : 0 / android.os.BinderProxy@d7daf6
05-04 15:49:38.280176   774  1663 V WindowManager: Looking for focus: 6 = Window{442fad4 u0 StatusBar}, flags=-2122055608, canReceive=false
05-04 15:49:38.280247   774  1663 V WindowManager: findFocusedWindow: No focusable windows.
05-04 15:49:38.281166  1615  1615 V ActivityThread: Handling launch of ActivityRecord{e8c9fcd token=android.os.BinderProxy@1eb082 {com.android.launcher3/com.android.launcher3.Launcher}} startsNotResumed=false
05-04 15:49:38.281395  1615  1615 V ActivityThread: ActivityRecord{e8c9fcd token=android.os.BinderProxy@1eb082 {com.android.launcher3/com.android.launcher3.Launcher}}: app=android.app.Application@ce4afd0, appName=com.android.launcher3, pkg=com.android.launcher3, comp={com.android.launcher3/com.android.launcher3.Launcher}, dir=/system/priv-app/Launcher3/Launcher3.apk
05-04 15:49:38.300239   774  1070 V WindowManager: Looking for focus: 6 = Window{442fad4 u0 StatusBar}, flags=-2122055608, canReceive=false
05-04 15:49:38.300347   774  1070 V WindowManager: findFocusedWindow: No focusable windows.
05-04 15:49:38.374856   774   793 V ActivityManager: Broadcast: Intent { act=android.appwidget.action.APPWIDGET_UPDATE_OPTIONS flg=0x10 cmp=com.android.quicksearchbox/.SearchWidgetProvider (has extras) } ordered=false userid=0 callerApp=ProcessRecord{a4342ff 774:system/1000}
05-04 15:49:38.415224   774   810 I ActivityManager: Start proc 26989:com.android.quicksearchbox/u0a56 for broadcast com.android.quicksearchbox/.SearchWidgetProvider
05-04 15:49:38.415564   774   811 V NetworkStats: setKernelCounterSet uid=10056 set=1
05-04 15:49:38.450743  1615  1615 V ActivityThread: Performing resume of ActivityRecord{e8c9fcd token=android.os.BinderProxy@1eb082 {com.android.launcher3/com.android.launcher3.Launcher}}
05-04 15:49:38.451483  1615  1615 D ActivityThread: ACT-AM_ON_RESUME_CALLED ActivityRecord{e8c9fcd token=android.os.BinderProxy@1eb082 {com.android.launcher3/com.android.launcher3.Launcher}}
05-04 15:49:38.451569  1615  1615 V ActivityThread: Resume ActivityRecord{e8c9fcd token=android.os.BinderProxy@1eb082 {com.android.launcher3/com.android.launcher3.Launcher}} started activity: false, hideForNow: false, finished: false
05-04 15:49:38.457133   774  1631 D WindowManager: addWindowToListInOrderLocked: win=Window{1b9290c u0 com.android.launcher3/com.android.launcher3.Launcher} Callers=com.android.server.wm.WindowManagerService.addWindow:2771 com.android.server.wm.Session.addToDisplay:171 android.view.IWindowSession$Stub.onTransact:124 com.android.server.wm.Session.onTransact:133 
05-04 15:49:38.458577  1615  1615 V ActivityThread: Resuming ActivityRecord{e8c9fcd token=android.os.BinderProxy@1eb082 {com.android.launcher3/com.android.launcher3.Launcher}} with isForward=true
05-04 15:49:38.458839  1615  1615 V ActivityThread: Scheduling idle handler for ActivityRecord{e8c9fcd token=android.os.BinderProxy@1eb082 {com.android.launcher3/com.android.launcher3.Launcher}}
05-04 15:49:38.459494  1615  1615 D ActivityThread: ACT-RELAUNCH_ACTIVITY handled : 0 / ActivityRecord{1deffc8 token=android.os.BinderProxy@1eb082 no component name}
05-04 15:49:38.461020  1615  1615 D ActivityThread: ACT-NEW_INTENT handled : 0 / NewIntentData{intents=[Intent { act=android.intent.action.MAIN cat=[android.intent.category.HOME] flg=0x10600000 cmp=com.android.launcher3/.Launcher (has extras) }] token=android.os.BinderProxy@1eb082}
05-04 15:49:38.474238   774  1734 V WindowManager: Looking for focus: 7 = Window{442fad4 u0 StatusBar}, flags=-2122055608, canReceive=false
05-04 15:49:38.474385   774  1734 V WindowManager: findFocusedWindow: Found new focus @ 3 = Window{1b9290c u0 com.android.launcher3/com.android.launcher3.Launcher}
05-04 15:49:38.474765   774  1734 V WindowManager: Changing focus from null to Window{1b9290c u0 com.android.launcher3/com.android.launcher3.Launcher} Callers=com.android.server.wm.WindowManagerService.relayoutWindow:3588 com.android.server.wm.Session.relayout:201 android.view.IWindowSession$Stub.onTransact:284 com.android.server.wm.Session.onTransact:133 
05-04 15:49:38.474933   774  1734 D WindowManager: Input focus has changed to Window{1b9290c u0 com.android.launcher3/com.android.launcher3.Launcher}
05-04 15:49:38.487793   774   824 I WindowManager: Focus moving from null to Window{1b9290c u0 com.android.launcher3/com.android.launcher3.Launcher}
05-04 15:49:38.487919   774   824 I WindowManager: Gaining focus: Window{1b9290c u0 com.android.launcher3/com.android.launcher3.Launcher}
05-04 15:49:38.552429   774  7928 V InputMethodManagerService: windowGainedFocus: android.os.BinderProxy@1e97934 controlFlags=#104 softInputMode=#120 windowFlags=#81910100
05-04 15:49:38.558341   774   824 V WindowManager: Looking for focus: 7 = Window{442fad4 u0 StatusBar}, flags=-2122055608, canReceive=false
05-04 15:49:38.558484   774   824 V WindowManager: findFocusedWindow: Found new focus @ 3 = Window{1b9290c u0 com.android.launcher3/com.android.launcher3.Launcher}
05-04 15:49:38.558831   774   824 D WindowManager: notifyActivityDrawnForKeyguard: waiting=false Callers=com.android.server.wm.WindowManagerService.handleAppTransitionReadyLocked:10079 com.android.server.wm.WindowManagerService.performLayoutAndPlaceSurfacesLockedInner:10699 com.android.server.wm.WindowManagerService.performLayoutAndPlaceSurfacesLockedLoop:9443 com.android.server.wm.WindowManagerService.performLayoutAndPlaceSurfacesLocked:9390 com.android.server.wm.WindowManagerService.-wrap8:-1 
05-04 15:49:38.561138   774 13786 W ActivityManager: Skip forceProcessStateUpTo() to newState 11
05-04 15:49:38.563936   774   811 V NetworkStats: setKernelCounterSet uid=10056 set=0
05-04 15:49:38.571582   774  1734 V WindowManager: Looking for focus: 7 = Window{442fad4 u0 StatusBar}, flags=-2122055608, canReceive=false
05-04 15:49:38.571758   774  1734 V WindowManager: findFocusedWindow: Found new focus @ 3 = Window{1b9290c u0 com.android.launcher3/com.android.launcher3.Launcher}
05-04 15:49:38.596540 26989 26989 D ActivityThread: installProvider: context.getPackageName()=com.android.quicksearchbox
05-04 15:49:38.615481 26989 26989 D ActivityThread: installProvider: context.getPackageName()=com.android.quicksearchbox
05-04 15:49:38.619675   774 23363 D ActivityManager: publishContentProviders: from caller=android.app.ApplicationThreadProxy@8e1770d (pid=26989)
05-04 15:49:38.621469 26989 26989 D ActivityThread: BIND_APPLICATION handled : 0 / AppBindData{appInfo=ApplicationInfo{e35ef7 com.android.quicksearchbox}}
05-04 15:49:38.626175 26989 26989 D ActivityThread: BDC-Calling onReceive: intent=Intent { act=android.appwidget.action.APPWIDGET_UPDATE_OPTIONS flg=0x10 cmp=com.android.quicksearchbox/.SearchWidgetProvider (has extras) }, receiver=com.android.quicksearchbox.SearchWidgetProvider@1c8e164
05-04 15:49:38.626968 26989 26989 D ActivityThread: BDC-RECEIVER handled : 0 / ReceiverData{intent=Intent { act=android.appwidget.action.APPWIDGET_UPDATE_OPTIONS flg=0x10 cmp=com.android.quicksearchbox/.SearchWidgetProvider (has extras) } packageName=com.android.quicksearchbox resultCode=-1 resultData=null resultExtras=null}
05-04 15:49:38.907540   774  7928 D CSLegacyTypeTracker: getNetworkForType type 1
05-04 15:49:38.908619   774  7928 D CSLegacyTypeTracker: getNetworkForType type 0
05-04 15:49:38.909898   774  7249 D ConnectivityService: getActiveNetworkInfo networkInfo = null
05-04 15:49:38.975111   774   824 V WindowManager: Looking for focus: 7 = Window{442fad4 u0 StatusBar}, flags=-2122055608, canReceive=false
05-04 15:49:38.975278   774   824 V WindowManager: findFocusedWindow: Found new focus @ 3 = Window{1b9290c u0 com.android.launcher3/com.android.launcher3.Launcher}
05-04 15:49:40.450991   774   811 V WindowManager: Rotation changed to 0 from 3, forceApp=-1
05-04 15:49:40.453524   774   811 D PowerManagerService: acquireWakeLockInternal: lock=142455554, flags=0x1, tag="SCREEN_FROZEN", ws=null, uid=1000, pid=774
05-04 15:49:40.453897   774   811 D PowerManagerService: updateWakeLockSummaryLocked: mWakefulness=Awake, mWakeLockSummary=0x1
05-04 15:49:40.456172   774   811 D PowerManagerService: updateUserActivitySummaryLocked: mWakefulness=Awake, mUserActivitySummary=0x9, nextTimeout=14249699 (in 5626 ms)
05-04 15:49:40.456796   774   811 D DisplayPowerController: requestPowerState: policy=BRIGHT, useProximitySensor=false, screenBrightness=102, screenAutoBrightnessAdjustment=0.0, brightnessSetByUser=true, useAutoBrightness=false, blockScreenOn=false, lowPowerMode=false, boostScreenBrightness=false, dozeScreenBrightness=-1, dozeScreenState=UNKNOWN, waitForNegativeProximity=false
05-04 15:49:40.457036   774   811 I PowerManagerService: setBrightness mButtonLight, screenBrightness=102
05-04 15:49:40.457274   774   811 D PowerManagerService: updateDisplayPowerStateLocked: mDisplayReady=true, policy=3, mWakefulness=1, mWakeLockSummary=0x1, mUserActivitySummary=0x9, mBootCompleted=true, mScreenBrightnessBoostInProgress=false
05-04 15:49:40.461139   774   811 D PowerManagerService: Acquiring suspend blocker "PowerManagerService.WakeLocks".
05-04 15:49:40.461807   774   811 D PowerManagerNotifier: onWakeLockAcquired: flags=1, tag="SCREEN_FROZEN", packageName=android, ownerUid=1000, ownerPid=774, workSource=null
05-04 15:49:40.494475   774   811 I WindowManager:   FREEZE Surface(name=ScreenshotSurface): CREATE, w = 1366, h = 768, r=3
05-04 15:49:40.510949   774   824 D DisplayManagerService: Delivering display event: displayId=0, event=2
05-04 15:49:40.524787   774   811 V ActivityManager: initLocale: false, locale: null, userSetLocale: false, simSetLocale: false
05-04 15:49:40.524787   774   811 V ActivityManager: java.lang.RuntimeException: here
05-04 15:49:40.524787   774   811 V ActivityManager: 	at com.android.server.am.ActivityManagerService.updateConfigurationLocked(ActivityManagerService.java:18638)
05-04 15:49:40.524787   774   811 V ActivityManager: 	at com.android.server.am.ActivityManagerService.updateConfiguration(ActivityManagerService.java:18581)
05-04 15:49:40.524787   774   811 V ActivityManager: 	at com.android.server.wm.WindowManagerService.sendNewConfiguration(WindowManagerService.java:7552)
05-04 15:49:40.524787   774   811 V ActivityManager: 	at com.android.server.wm.WindowManagerService.updateRotationUnchecked(WindowManagerService.java:6906)
05-04 15:49:40.524787   774   811 V ActivityManager: 	at com.android.server.wm.WindowManagerService.updateRotation(WindowManagerService.java:6856)
05-04 15:49:40.524787   774   811 V ActivityManager: 	at com.android.server.policy.PhoneWindowManager.updateRotation(PhoneWindowManager.java:6477)
05-04 15:49:40.524787   774   811 V ActivityManager: 	at com.android.server.policy.PhoneWindowManager$MyOrientationListener.onProposedRotationChanged(PhoneWindowManager.java:783)
05-04 15:49:40.524787   774   811 V ActivityManager: 	at com.android.server.policy.WindowOrientationListener$SensorEventListenerImpl.onSensorChanged(WindowOrientationListener.java:698)
05-04 15:49:40.524787   774   811 V ActivityManager: 	at android.hardware.SystemSensorManager$SensorEventQueue.dispatchSensorEvent(SystemSensorManager.java:481)
05-04 15:49:40.524787   774   811 V ActivityManager: 	at android.os.MessageQueue.nativePollOnce(Native Method)
05-04 15:49:40.524787   774   811 V ActivityManager: 	at android.os.MessageQueue.next(MessageQueue.java:328)
05-04 15:49:40.524787   774   811 V ActivityManager: 	at android.os.Looper.loop(Looper.java:164)
05-04 15:49:40.524787   774   811 V ActivityManager: 	at android.os.HandlerThread.run(HandlerThread.java:61)
05-04 15:49:40.524787   774   811 V ActivityManager: 	at com.android.server.ServiceThread.run(ServiceThread.java:46)
05-04 15:49:40.524941   774   811 I ActivityManager: Config changes=480 {1.0 ?mcc?mnc zh_CN ldltr sw614dp w1092dp h542dp 200dpi lrg long land finger -keyb/v/h -nav/h s.47}
05-04 15:49:40.556696  1615  1615 D ActivityThread: ACT-AM_ON_PAUSE_CALLED ActivityRecord{e8c9fcd token=android.os.BinderProxy@1eb082 {com.android.launcher3/com.android.launcher3.Launcher}}
05-04 15:49:40.570726   774   811 D DisplayManagerService: Display 0 hasContent flag changed: hasContent=false, inTraversal=true
05-04 15:49:40.587165   774   810 V ActivityManager: Broadcast: Intent { act=android.intent.action.CONFIGURATION_CHANGED flg=0x60000010 } ordered=false userid=-1 callerApp=null
05-04 15:49:40.633983   774  1734 V WindowManager: Remove Window{1b9290c u0 com.android.launcher3/com.android.launcher3.Launcher} client=4dedc3f, surface=Surface(name=com.android.launcher3/com.android.launcher3.Launcher) Callers=com.android.server.wm.WindowManagerService.removeWindow:2900 com.android.server.wm.Session.remove:190 android.view.IWindowSession$Stub.onTransact:242 com.android.server.wm.Session.onTransact:133 
05-04 15:49:40.637231   774  1734 V WindowManager: Looking for focus: 6 = Window{442fad4 u0 StatusBar}, flags=-2122055608, canReceive=false
05-04 15:49:40.637328   774  1734 V WindowManager: findFocusedWindow: No focusable windows.
05-04 15:49:40.637724   774  1734 V WindowManager: Changing focus from Window{1b9290c u0 com.android.launcher3/com.android.launcher3.Launcher} to null Callers=com.android.server.wm.WindowManagerService.removeWindowLocked:2993 com.android.server.wm.WindowManagerService.removeWindow:2900 com.android.server.wm.Session.remove:190 android.view.IWindowSession$Stub.onTransact:242 
05-04 15:49:40.637805   774  1734 D WindowManager: Input focus has changed to null
05-04 15:49:40.638477   774   824 I WindowManager: Focus moving from Window{1b9290c u0 com.android.launcher3/com.android.launcher3.Launcher} to null
05-04 15:49:40.638578   774   824 I WindowManager: Losing focus: Window{1b9290c u0 com.android.launcher3/com.android.launcher3.Launcher}
05-04 15:49:40.639697  1615  1615 V ActivityThread: Handling launch of ActivityRecord{e8c9fcd token=android.os.BinderProxy@1eb082 {com.android.launcher3/com.android.launcher3.Launcher}} startsNotResumed=false
05-04 15:49:40.640224  1615  1615 V ActivityThread: ActivityRecord{e8c9fcd token=android.os.BinderProxy@1eb082 {com.android.launcher3/com.android.launcher3.Launcher}}: app=android.app.Application@ce4afd0, appName=com.android.launcher3, pkg=com.android.launcher3, comp={com.android.launcher3/com.android.launcher3.Launcher}, dir=/system/priv-app/Launcher3/Launcher3.apk
05-04 15:49:40.658532   774  1664 D WindowManager: addWindowToListInOrderLocked: win=Window{a2dbcd3 u0 AssistPreviewPanel} Callers=com.android.server.wm.WindowManagerService.addWindow:2771 com.android.server.wm.Session.addToDisplay:171 android.view.IWindowSession$Stub.onTransact:124 com.android.server.wm.Session.onTransact:133 
05-04 15:49:40.658649   774  1664 V WindowManager: Free window: Adding window Window{a2dbcd3 u0 AssistPreviewPanel} at 5 of 8
05-04 15:49:40.753423   774  1070 V ActivityManager: Broadcast: Intent { act=android.appwidget.action.APPWIDGET_UPDATE_OPTIONS flg=0x10 cmp=com.android.quicksearchbox/.SearchWidgetProvider (has extras) } ordered=false userid=0 callerApp=ProcessRecord{a4342ff 774:system/1000}
05-04 15:49:40.756538 26989 26989 D ActivityThread: BDC-Calling onReceive: intent=Intent { act=android.appwidget.action.APPWIDGET_UPDATE_OPTIONS flg=0x10 cmp=com.android.quicksearchbox/.SearchWidgetProvider (has extras) }, receiver=com.android.quicksearchbox.SearchWidgetProvider@e8c9fcd
05-04 15:49:40.756887 26989 26989 D ActivityThread: BDC-RECEIVER handled : 0 / ReceiverData{intent=Intent { act=android.appwidget.action.APPWIDGET_UPDATE_OPTIONS flg=0x10 cmp=com.android.quicksearchbox/.SearchWidgetProvider (has extras) } packageName=com.android.quicksearchbox resultCode=-1 resultData=null resultExtras=null}
05-04 15:49:40.776214   774  1171 D ActivityManager: getContentProviderImpl: from caller=android.app.ApplicationThreadProxy@b0d532f (pid=1081, userId=0) to get content provider com.android.contacts cpr=ContentProviderRecord{1d78a2c u0 com.android.providers.contacts/.ContactsProvider2}
05-04 15:49:40.776425   774  1171 D ActivityManager: getContentProviderImpl: updateLruProcessLocked cpr.proc=ProcessRecord{ee76cf5 26607:android.process.acore/u0a3}
05-04 15:49:40.779819  1081  6017 D ActivityThread: holder:android.app.IActivityManager$ContentProviderHolder@a19e2f5, holder.provider:android.content.ContentProviderProxy@eaa788a
05-04 15:49:40.792832   774  1663 D DisplayManagerService: Display 0 hasContent flag changed: hasContent=true, inTraversal=true
05-04 15:49:40.835106  1615  1615 V ActivityThread: Performing resume of ActivityRecord{e8c9fcd token=android.os.BinderProxy@1eb082 {com.android.launcher3/com.android.launcher3.Launcher}}
05-04 15:49:40.836094  1615  1615 D ActivityThread: ACT-AM_ON_RESUME_CALLED ActivityRecord{e8c9fcd token=android.os.BinderProxy@1eb082 {com.android.launcher3/com.android.launcher3.Launcher}}
05-04 15:49:40.836174  1615  1615 V ActivityThread: Resume ActivityRecord{e8c9fcd token=android.os.BinderProxy@1eb082 {com.android.launcher3/com.android.launcher3.Launcher}} started activity: false, hideForNow: false, finished: false
05-04 15:49:40.841488   774  1070 D WindowManager: addWindowToListInOrderLocked: win=Window{4cba128 u0 com.android.launcher3/com.android.launcher3.Launcher} Callers=com.android.server.wm.WindowManagerService.addWindow:2771 com.android.server.wm.Session.addToDisplay:171 android.view.IWindowSession$Stub.onTransact:124 com.android.server.wm.Session.onTransact:133 
05-04 15:49:40.842862  1615  1615 V ActivityThread: Resuming ActivityRecord{e8c9fcd token=android.os.BinderProxy@1eb082 {com.android.launcher3/com.android.launcher3.Launcher}} with isForward=true
05-04 15:49:40.843368  1615  1615 V ActivityThread: Scheduling idle handler for ActivityRecord{e8c9fcd token=android.os.BinderProxy@1eb082 {com.android.launcher3/com.android.launcher3.Launcher}}
05-04 15:49:40.845421  1615  1615 D ActivityThread: ACT-RELAUNCH_ACTIVITY handled : 0 / ActivityRecord{ec81665 token=android.os.BinderProxy@1eb082 no component name}
05-04 15:49:40.851048   774 13786 V WindowManager: Looking for focus: 8 = Window{442fad4 u0 StatusBar}, flags=-2122055608, canReceive=false
05-04 15:49:40.851152   774 13786 V WindowManager: findFocusedWindow: No focusable windows.
05-04 15:49:40.859026   774  1613 V WindowManager: Looking for focus: 7 = Window{442fad4 u0 StatusBar}, flags=-2122055608, canReceive=false
05-04 15:49:40.859136   774  1613 V WindowManager: findFocusedWindow: No focusable windows.
05-04 15:49:40.862486   774  1734 V WindowManager: Looking for focus: 7 = Window{442fad4 u0 StatusBar}, flags=-2122055608, canReceive=false
05-04 15:49:40.862607   774  1734 V WindowManager: findFocusedWindow: Found new focus @ 3 = Window{4cba128 u0 com.android.launcher3/com.android.launcher3.Launcher}
05-04 15:49:40.863144   774  1734 V WindowManager: Changing focus from null to Window{4cba128 u0 com.android.launcher3/com.android.launcher3.Launcher} Callers=com.android.server.wm.WindowManagerService.relayoutWindow:3588 com.android.server.wm.Session.relayout:201 android.view.IWindowSession$Stub.onTransact:284 com.android.server.wm.Session.onTransact:133 
05-04 15:49:40.863269   774  1734 D WindowManager: Input focus has changed to Window{4cba128 u0 com.android.launcher3/com.android.launcher3.Launcher}
05-04 15:49:40.894822   774   824 I WindowManager: Focus moving from null to Window{4cba128 u0 com.android.launcher3/com.android.launcher3.Launcher}
05-04 15:49:40.894930   774   824 I WindowManager: Gaining focus: Window{4cba128 u0 com.android.launcher3/com.android.launcher3.Launcher}
05-04 15:49:40.946264   774 23363 V InputMethodManagerService: windowGainedFocus: android.os.BinderProxy@1e97934 controlFlags=#104 softInputMode=#120 windowFlags=#81910100
05-04 15:49:41.041199   774   824 I WindowManager: Screen frozen for +576ms due to Window{4f69e u0 com.android.systemui.ImageWallpaper}
05-04 15:49:41.041356   774   824 V WindowManager: Dismiss!
05-04 15:49:41.057579   774   824 D PowerManagerService: releaseWakeLockInternal: lock=142455554 [SCREEN_FROZEN], flags=0x0, total_time=603ms
05-04 15:49:41.057800   774   824 D PowerManagerNotifier: onWakeLockReleased: flags=1, tag="SCREEN_FROZEN", packageName=android, ownerUid=1000, ownerPid=774, workSource=null
05-04 15:49:41.058010   774   824 D PowerManagerService: updateWakeLockSummaryLocked: mWakefulness=Awake, mWakeLockSummary=0x0
05-04 15:49:41.058198   774   824 D PowerManagerService: updateUserActivitySummaryLocked: mWakefulness=Awake, mUserActivitySummary=0x9, nextTimeout=14249699 (in 5024 ms)
05-04 15:49:41.058626   774   824 D DisplayPowerController: requestPowerState: policy=BRIGHT, useProximitySensor=false, screenBrightness=102, screenAutoBrightnessAdjustment=0.0, brightnessSetByUser=true, useAutoBrightness=false, blockScreenOn=false, lowPowerMode=false, boostScreenBrightness=false, dozeScreenBrightness=-1, dozeScreenState=UNKNOWN, waitForNegativeProximity=false
05-04 15:49:41.058743   774   824 I PowerManagerService: setBrightness mButtonLight, screenBrightness=102
05-04 15:49:41.058823   774   824 D PowerManagerService: updateDisplayPowerStateLocked: mDisplayReady=true, policy=3, mWakefulness=1, mWakeLockSummary=0x0, mUserActivitySummary=0x9, mBootCompleted=true, mScreenBrightnessBoostInProgress=false
05-04 15:49:41.058932   774   824 D PowerManagerService: Releasing suspend blocker "PowerManagerService.WakeLocks".
05-04 15:49:41.520545   774   824 I WindowManager:   FREEZE Surface(name=ScreenshotSurface): DESTROY
05-04 15:49:42.629950   774  1070 D CSLegacyTypeTracker: getNetworkForType type 1
05-04 15:49:42.633289   774  1171 D CSLegacyTypeTracker: getNetworkForType type 0
05-04 15:49:42.636487   774  1631 D ConnectivityService: getActiveNetworkInfo networkInfo = null
05-04 15:49:43.692099   774   983 D AlarmManager: set alarm to RTC 540413276
05-04 15:49:43.692491   774   983 D AlarmManager: set alarm to RTC 539935681
05-04 15:49:43.693014   774   983 V AlarmManager: openLteGateSuccess = false
05-04 15:49:43.693266   774   983 V AlarmManager: socktUnblockingTimeElapsed(ms): 100678 < mMinimumPeriod_BlockSocket: 300000
05-04 15:49:43.693596   774   983 D AlarmManager: wakeup alarm = Alarm{12f80c3 type 0 when 1462348183692 com.google.android.gms}; package = com.google.android.gmsneedGrouping = false
05-04 15:49:43.694245   774   983 I ActivityManager: [Background Service Priority Adjustment] Set callerFg as false for service.getFlags():260
05-04 15:49:43.712262   774   774 D AlarmManager: onSendFinished begin
05-04 15:49:43.715122   774   983 V AlarmManager: sending alarm Alarm{12f80c3 type 0 when 1462348183692 com.google.android.gms} success
05-04 15:49:43.715893   774   983 D PowerManagerService: acquireWakeLockInternal: lock=71493382, flags=0x1, tag="*alarm*", ws=WorkSource{10010}, uid=1000, pid=774
05-04 15:49:43.716201   774   983 D PowerManagerService: updateWakeLockSummaryLocked: mWakefulness=Awake, mWakeLockSummary=0x1
05-04 15:49:43.719496 26682 26682 D ActivityThread: SVC-Creating service: CreateServiceData{token=android.os.BinderProxy@e4c912f className=com.google.android.libraries.social.mediamonitor.MediaMonitorIntentService packageName=com.google.android.gms intent=null}
05-04 15:49:43.724055   774   983 D PowerManagerService: updateUserActivitySummaryLocked: mWakefulness=Awake, mUserActivitySummary=0x9, nextTimeout=14249699 (in 2358 ms)
05-04 15:49:43.724281   774   983 D DisplayPowerController: requestPowerState: policy=BRIGHT, useProximitySensor=false, screenBrightness=102, screenAutoBrightnessAdjustment=0.0, brightnessSetByUser=true, useAutoBrightness=false, blockScreenOn=false, lowPowerMode=false, boostScreenBrightness=false, dozeScreenBrightness=-1, dozeScreenState=UNKNOWN, waitForNegativeProximity=false
05-04 15:49:43.724347   774   983 I PowerManagerService: setBrightness mButtonLight, screenBrightness=102
05-04 15:49:43.724411   774   983 D PowerManagerService: updateDisplayPowerStateLocked: mDisplayReady=true, policy=3, mWakefulness=1, mWakeLockSummary=0x1, mUserActivitySummary=0x9, mBootCompleted=true, mScreenBrightnessBoostInProgress=false
05-04 15:49:43.725250   774   983 D PowerManagerService: Acquiring suspend blocker "PowerManagerService.WakeLocks".
05-04 15:49:43.725472   774   983 D PowerManagerNotifier: onWakeLockAcquired: flags=1, tag="*alarm*", packageName=android, ownerUid=1000, ownerPid=774, workSource=WorkSource{10010}
05-04 15:49:43.726255   774   774 D PowerManagerService: releaseWakeLockInternal: lock=71493382 [*alarm*], flags=0x0, total_time=10ms
05-04 15:49:43.726363   774   774 D PowerManagerNotifier: onWakeLockReleased: flags=1, tag="*alarm*", packageName=android, ownerUid=1000, ownerPid=774, workSource=WorkSource{10010}
05-04 15:49:43.726464   774   774 D PowerManagerService: updateWakeLockSummaryLocked: mWakefulness=Awake, mWakeLockSummary=0x0
05-04 15:49:43.726571   774   774 D PowerManagerService: updateUserActivitySummaryLocked: mWakefulness=Awake, mUserActivitySummary=0x9, nextTimeout=14249699 (in 2356 ms)
05-04 15:49:43.726662   774   774 D DisplayPowerController: requestPowerState: policy=BRIGHT, useProximitySensor=false, screenBrightness=102, screenAutoBrightnessAdjustment=0.0, brightnessSetByUser=true, useAutoBrightness=false, blockScreenOn=false, lowPowerMode=false, boostScreenBrightness=false, dozeScreenBrightness=-1, dozeScreenState=UNKNOWN, waitForNegativeProximity=false
05-04 15:49:43.726724   774   774 I PowerManagerService: setBrightness mButtonLight, screenBrightness=102
05-04 15:49:43.726792   774   774 D PowerManagerService: updateDisplayPowerStateLocked: mDisplayReady=true, policy=3, mWakefulness=1, mWakeLockSummary=0x0, mUserActivitySummary=0x9, mBootCompleted=true, mScreenBrightnessBoostInProgress=false
05-04 15:49:43.726858   774   774 D PowerManagerService: Releasing suspend blocker "PowerManagerService.WakeLocks".
05-04 15:49:43.730053 26682 26682 D ActivityThread: SVC-CREATE_SERVICE handled : 0 / CreateServiceData{token=android.os.BinderProxy@e4c912f className=com.google.android.libraries.social.mediamonitor.MediaMonitorIntentService packageName=com.google.android.gms intent=null}
05-04 15:49:43.730206 26682 26682 D ActivityThread: SVC-Calling onStartCommand: com.google.android.libraries.social.mediamonitor.MediaMonitorIntentService@430533c, flags=0, startId=1
05-04 15:49:43.731681 26682 26682 D ActivityThread: SVC-SERVICE_ARGS handled : 0 / ServiceArgsData{token=android.os.BinderProxy@e4c912f startId=1 args=Intent { flg=0x104 cmp=com.google.android.gms/com.google.android.libraries.social.mediamonitor.MediaMonitorIntentService (has extras) }}
05-04 15:49:43.734064   774  1663 D ActivityManager: getContentProviderImpl: from caller=android.app.ApplicationThreadProxy@5333479 (pid=26682, userId=0) to get content provider media cpr=ContentProviderRecord{c9ab9ee u0 com.android.providers.media/.MediaProvider}
05-04 15:49:43.737600 26682 27004 D ActivityThread: holder:android.app.IActivityManager$ContentProviderHolder@e57e8c5, holder.provider:android.content.ContentProviderProxy@1b8521a
05-04 15:49:43.753502   774  1070 D ActivityManager: getContentProviderImpl: from caller=android.app.ApplicationThreadProxy@f6065be (pid=26682, userId=0) to get content provider media cpr=ContentProviderRecord{c9ab9ee u0 com.android.providers.media/.MediaProvider}
05-04 15:49:43.757086 26682 27004 D ActivityThread: holder:android.app.IActivityManager$ContentProviderHolder@e9b114b, holder.provider:android.content.ContentProviderProxy@24d6728
05-04 15:49:43.762434   774  1631 D ActivityManager: getContentProviderImpl: from caller=android.app.ApplicationThreadProxy@9ff661f (pid=26682, userId=0) to get content provider media cpr=ContentProviderRecord{c9ab9ee u0 com.android.providers.media/.MediaProvider}
05-04 15:49:43.766517 26682 27004 D ActivityThread: holder:android.app.IActivityManager$ContentProviderHolder@1534c41, holder.provider:android.content.ContentProviderProxy@cf975e6
05-04 15:49:43.781070   774  7928 D ActivityManager: getContentProviderImpl: from caller=android.app.ApplicationThreadProxy@dd61d6c (pid=26682, userId=0) to get content provider media cpr=ContentProviderRecord{c9ab9ee u0 com.android.providers.media/.MediaProvider}
05-04 15:49:43.785219 26682 27004 D ActivityThread: holder:android.app.IActivityManager$ContentProviderHolder@e077727, holder.provider:android.content.ContentProviderProxy@ea5cdd4
05-04 15:49:43.790179   774   805 D ActivityManager: getContentProviderImpl: from caller=android.app.ApplicationThreadProxy@ea99f35 (pid=26682, userId=0) to get content provider media cpr=ContentProviderRecord{c9ab9ee u0 com.android.providers.media/.MediaProvider}
05-04 15:49:43.794481 26682 27004 D ActivityThread: holder:android.app.IActivityManager$ContentProviderHolder@7476b7d, holder.provider:android.content.ContentProviderProxy@bd70a72
05-04 15:49:43.809001   774  1613 D ActivityManager: getContentProviderImpl: from caller=android.app.ApplicationThreadProxy@4b91fca (pid=26682, userId=0) to get content provider media cpr=ContentProviderRecord{c9ab9ee u0 com.android.providers.media/.MediaProvider}
05-04 15:49:43.814541 26682 27004 D ActivityThread: holder:android.app.IActivityManager$ContentProviderHolder@5ea5ec3, holder.provider:android.content.ContentProviderProxy@b7bf340
05-04 15:49:43.823497   774  1171 D ActivityManager: getContentProviderImpl: from caller=android.app.ApplicationThreadProxy@abe453b (pid=26682, userId=0) to get content provider media cpr=ContentProviderRecord{c9ab9ee u0 com.android.providers.media/.MediaProvider}
05-04 15:49:43.825436 26682 27004 D ActivityThread: holder:android.app.IActivityManager$ContentProviderHolder@b644279, holder.provider:android.content.ContentProviderProxy@8875bbe
05-04 15:49:43.827930   774   793 D ActivityManager: getContentProviderImpl: from caller=android.app.ApplicationThreadProxy@2bda458 (pid=26682, userId=0) to get content provider media cpr=ContentProviderRecord{c9ab9ee u0 com.android.providers.media/.MediaProvider}
05-04 15:49:43.829785 26682 27004 D ActivityThread: holder:android.app.IActivityManager$ContentProviderHolder@28a241f, holder.provider:android.content.ContentProviderProxy@acd036c
05-04 15:49:43.838172   774   805 D ActivityManager: getContentProviderImpl: from caller=android.app.ApplicationThreadProxy@6e1f9b1 (pid=26682, userId=0) to get content provider media cpr=ContentProviderRecord{c9ab9ee u0 com.android.providers.media/.MediaProvider}
05-04 15:49:43.839886 26682 27004 D ActivityThread: holder:android.app.IActivityManager$ContentProviderHolder@1dd8d35, holder.provider:android.content.ContentProviderProxy@85975ca
05-04 15:49:43.852413   774  1613 D ActivityManager: getContentProviderImpl: from caller=android.app.ApplicationThreadProxy@8316e96 (pid=26682, userId=0) to get content provider media cpr=ContentProviderRecord{c9ab9ee u0 com.android.providers.media/.MediaProvider}
05-04 15:49:43.854880 26682 27004 D ActivityThread: holder:android.app.IActivityManager$ContentProviderHolder@436e33b, holder.provider:android.content.ContentProviderProxy@f3cea58
05-04 15:49:43.859637 26682 26682 D ActivityThread: SVC-Destroying service: com.google.android.libraries.social.mediamonitor.MediaMonitorIntentService@430533c
05-04 15:49:43.859891 26682 26682 D ActivityThread: SVC-STOP_SERVICE handled : 0 / android.os.BinderProxy@e4c912f
05-04 15:49:43.913102   774  1070 D CSLegacyTypeTracker: getNetworkForType type 1
05-04 15:49:43.913847   774  1171 D CSLegacyTypeTracker: getNetworkForType type 0
05-04 15:49:43.914437   774  1631 D ConnectivityService: getActiveNetworkInfo networkInfo = null
05-04 15:49:45.162071   774  1664 V ActivityManager: Broadcast sticky: Intent { act=android.intent.action.SIG_STR flg=0x20000010 (has extras) } ordered=false userid=-1 callerApp=ProcessRecord{a4342ff 774:system/1000}
05-04 15:49:45.627086   774   983 D AlarmManager: set alarm to RTC 539950054
05-04 15:49:45.627431   774   983 V AlarmManager: openLteGateSuccess = false
05-04 15:49:45.627999   774   983 V ActivityManager: Broadcast: Intent { act=com.wandoujia.p4.recommand.clean.ACTION_CHECK_ONLINE_CONFIG flg=0x114 cmp=com.wandoujia.phoenix2/com.wandoujia.p4.recommand.clean.CleanBroadcastReceiver (has extras) } ordered=true userid=0 callerApp=null
05-04 15:49:45.644659 22948 22948 D ActivityThread: BDC-Calling onReceive: intent=Intent { act=com.wandoujia.p4.recommand.clean.ACTION_CHECK_ONLINE_CONFIG flg=0x114 cmp=com.wandoujia.phoenix2/com.wandoujia.p4.recommand.clean.CleanBroadcastReceiver (has extras) }, receiver=com.wandoujia.p4.recommand.clean.CleanBroadcastReceiver@eb48b8d
05-04 15:49:45.646595   774   983 V AlarmManager: sending alarm Alarm{ac1fa17 type 3 when 539935681 com.wandoujia.phoenix2} success
05-04 15:49:45.646867   774   983 D PowerManagerService: acquireWakeLockInternal: lock=71493382, flags=0x1, tag="*alarm*", ws=WorkSource{10080}, uid=1000, pid=774
05-04 15:49:45.646963   774   983 D PowerManagerService: updateWakeLockSummaryLocked: mWakefulness=Awake, mWakeLockSummary=0x1
05-04 15:49:45.648046   774   983 D PowerManagerService: updateUserActivitySummaryLocked: mWakefulness=Awake, mUserActivitySummary=0x9, nextTimeout=14249699 (in 434 ms)
05-04 15:49:45.648249   774   983 D DisplayPowerController: requestPowerState: policy=BRIGHT, useProximitySensor=false, screenBrightness=102, screenAutoBrightnessAdjustment=0.0, brightnessSetByUser=true, useAutoBrightness=false, blockScreenOn=false, lowPowerMode=false, boostScreenBrightness=false, dozeScreenBrightness=-1, dozeScreenState=UNKNOWN, waitForNegativeProximity=false
05-04 15:49:45.648312   774   983 I PowerManagerService: setBrightness mButtonLight, screenBrightness=102
05-04 15:49:45.648379   774   983 D PowerManagerService: updateDisplayPowerStateLocked: mDisplayReady=true, policy=3, mWakefulness=1, mWakeLockSummary=0x1, mUserActivitySummary=0x9, mBootCompleted=true, mScreenBrightnessBoostInProgress=false
05-04 15:49:45.649187   774   983 D PowerManagerService: Acquiring suspend blocker "PowerManagerService.WakeLocks".
05-04 15:49:45.649399   774   983 D PowerManagerNotifier: onWakeLockAcquired: flags=1, tag="*alarm*", packageName=android, ownerUid=1000, ownerPid=774, workSource=WorkSource{10080}
05-04 15:49:45.693969   774  1043 D UsbHostManager: Added device UsbDevice[mName=/dev/bus/usb/001/012,mVendorId=1423,mProductId=25479,mClass=0,mSubclass=0,mProtocol=0,mManufacturerName=USB,mProductName=Flash Disk,mVersion=2.0,mSerialNumber=F6A8F605,mConfigurations=[
05-04 15:49:45.693969   774  1043 D UsbHostManager: UsbConfiguration[mId=1,mName=null,mAttributes=128,mMaxPower=50,mInterfaces=[
05-04 15:49:45.693969   774  1043 D UsbHostManager: UsbInterface[mId=0,mAlternateSetting=0,mName=null,mClass=8,mSubclass=6,mProtocol=80,mEndpoints=[
05-04 15:49:45.693969   774  1043 D UsbHostManager: UsbEndpoint[mAddress=1,mAttributes=2,mMaxPacketSize=512,mInterval=0]
05-04 15:49:45.693969   774  1043 D UsbHostManager: UsbEndpoint[mAddress=130,mAttributes=2,mMaxPacketSize=512,mInterval=0]]]]
05-04 15:49:45.698056   774  1043 W ContextImpl: Calling a method in the system process without a qualified user: android.app.ContextImpl.sendBroadcast:768 com.android.server.usb.UsbSettingsManager.deviceAttached:742 com.android.server.usb.UsbHostManager.endUsbDeviceAdded:225 com.android.server.usb.UsbHostManager.monitorUsbHostBus:-2 com.android.server.usb.UsbHostManager.-wrap0:-1 
05-04 15:49:45.698302   774  1043 V ActivityManager: Broadcast: Intent { act=android.hardware.usb.action.USB_DEVICE_ATTACHED flg=0x10000010 (has extras) } ordered=false userid=0 callerApp=ProcessRecord{a4342ff 774:system/1000}
05-04 15:49:45.705344   774  1663 V AlarmManager: APP set(PendingIntent{e6b7fed: PendingIntentRecord{4469e56 com.wandoujia.phoenix2 broadcastIntent}}) : type=3 triggerAtTime=539945759 win=-1 tElapsed=539945759 maxElapsed=539953259 interval=0 flags=0x0
05-04 15:49:45.705544   774  1663 D AlarmManager:  whichBatch = -1
05-04 15:49:45.705618   774  1663 D AlarmManager: set alarm to RTC 539945759
05-04 15:49:45.707321   774   774 D AlarmManager: onSendFinished begin
05-04 15:49:45.707531   774   774 D PowerManagerService: releaseWakeLockInternal: lock=71493382 [*alarm*], flags=0x0, total_time=60ms
05-04 15:49:45.707620   774   774 D PowerManagerNotifier: onWakeLockReleased: flags=1, tag="*alarm*", packageName=android, ownerUid=1000, ownerPid=774, workSource=WorkSource{10080}
05-04 15:49:45.707736   774   774 D PowerManagerService: updateWakeLockSummaryLocked: mWakefulness=Awake, mWakeLockSummary=0x0
05-04 15:49:45.707846   774   774 D PowerManagerService: updateUserActivitySummaryLocked: mWakefulness=Awake, mUserActivitySummary=0x9, nextTimeout=14249699 (in 374 ms)
05-04 15:49:45.707941   774   774 D DisplayPowerController: requestPowerState: policy=BRIGHT, useProximitySensor=false, screenBrightness=102, screenAutoBrightnessAdjustment=0.0, brightnessSetByUser=true, useAutoBrightness=false, blockScreenOn=false, lowPowerMode=false, boostScreenBrightness=false, dozeScreenBrightness=-1, dozeScreenState=UNKNOWN, waitForNegativeProximity=false
05-04 15:49:45.708004   774   774 I PowerManagerService: setBrightness mButtonLight, screenBrightness=102
05-04 15:49:45.708067   774   774 D PowerManagerService: updateDisplayPowerStateLocked: mDisplayReady=true, policy=3, mWakefulness=1, mWakeLockSummary=0x0, mUserActivitySummary=0x9, mBootCompleted=true, mScreenBrightnessBoostInProgress=false
05-04 15:49:45.708134   774   774 D PowerManagerService: Releasing suspend blocker "PowerManagerService.WakeLocks".
05-04 15:49:45.711395 22948 22948 D ActivityThread: BDC-RECEIVER handled : 0 / ReceiverData{intent=Intent { act=com.wandoujia.p4.recommand.clean.ACTION_CHECK_ONLINE_CONFIG flg=0x114 cmp=com.wandoujia.phoenix2/com.wandoujia.p4.recommand.clean.CleanBroadcastReceiver (has extras) } packageName=com.wandoujia.phoenix2 resultCode=0 resultData=null resultExtras=null}
05-04 15:49:46.082216   774   836 D PowerManagerService: handleUserActivityTimeout
05-04 15:49:46.082415   774   836 D PowerManagerService: updateUserActivitySummaryLocked: mWakefulness=Awake, mUserActivitySummary=0x1, nextTimeout=14294824 (in 45125 ms)
05-04 15:49:46.082519   774   836 D DisplayPowerController: requestPowerState: policy=BRIGHT, useProximitySensor=false, screenBrightness=102, screenAutoBrightnessAdjustment=0.0, brightnessSetByUser=true, useAutoBrightness=false, blockScreenOn=false, lowPowerMode=false, boostScreenBrightness=false, dozeScreenBrightness=-1, dozeScreenState=UNKNOWN, waitForNegativeProximity=false
05-04 15:49:46.082960   774   836 I PowerManagerService: setBrightness mButtonLight 0.
05-04 15:49:46.083026   774   836 D PowerManagerService: updateDisplayPowerStateLocked: mDisplayReady=true, policy=3, mWakefulness=1, mWakeLockSummary=0x0, mUserActivitySummary=0x1, mBootCompleted=true, mScreenBrightnessBoostInProgress=false
05-04 15:49:46.217045   774   774 V ActivityManager: Broadcast sticky: Intent { act=android.intent.action.BATTERY_CHANGED flg=0x60000010 (has extras) } ordered=false userid=-1 callerApp=null
05-04 15:49:46.219511   774   836 D PowerManagerService: updateIsPoweredLocked: wasPowered=false, mIsPowered=false, oldPlugType=0, mPlugType=0, mBatteryLevel=77
05-04 15:49:46.225228   774   774 D WifiService: onReceive, action:android.intent.action.BATTERY_CHANGED
05-04 15:49:46.225650   774  1015 D WifiController: DeviceActiveState{ when=0 what=155652 target=com.android.internal.util.StateMachine$SmHandler }
05-04 15:49:46.225721   774  1015 D WifiController: StaEnabledState{ when=-1ms what=155652 target=com.android.internal.util.StateMachine$SmHandler }
05-04 15:49:46.225788   774  1015 D WifiController: DefaultState{ when=-1ms what=155652 target=com.android.internal.util.StateMachine$SmHandler }
05-04 15:49:46.225843   774  1015 D WifiController: battery changed pluggedType: 0
05-04 15:49:46.735221   216   226 V vold    : ----------------
05-04 15:49:46.735385   216   226 V vold    : handleBlockEvent with action 1
05-04 15:49:46.735468   216   226 D NetlinkEvent: NL action '1'
05-04 15:49:46.735511   216   226 D NetlinkEvent: NL subsystem 'block'
05-04 15:49:46.735551   216   226 D NetlinkEvent: NL param 'DEVPATH=/devices/platform/mt_usb/musb-hdrc.0.auto/usb1/1-1/1-1:1.0/host8/target8:0:0/8:0:0:0/block/sda'
05-04 15:49:46.735592   216   226 D NetlinkEvent: NL param 'MAJOR=8'
05-04 15:49:46.735633   216   226 D NetlinkEvent: NL param 'MINOR=0'
05-04 15:49:46.735674   216   226 D NetlinkEvent: NL param 'DEVNAME=sda'
05-04 15:49:46.735714   216   226 D NetlinkEvent: NL param 'DEVTYPE=disk'
05-04 15:49:46.735754   216   226 D NetlinkEvent: NL param 'NPARTS=1'
05-04 15:49:46.737004   216   226 D SocketClient: SocketClient sendData done: 640 disk:8,0 8
05-04 15:49:46.737901   774   987 D VoldConnector: RCV <- {640 disk:8,0 8}
05-04 15:49:46.738618   774   812 D MountService: DISK_CREATED
05-04 15:49:46.738880   774   812 D MountService: create diskInfo=DiskInfo{disk:8,0}:
05-04 15:49:46.738880   774   812 D MountService:     flags=USB size=0 label=null 
05-04 15:49:46.738880   774   812 D MountService:     sysPath=null 
05-04 15:49:46.741630   774   987 D VoldConnector: RCV <- {641 disk:8,0 1012924416}
05-04 15:49:46.742170   774   812 D MountService: DISK_SIZE_CHANGED
05-04 15:49:46.742253   774   812 D MountService: disk size change from + 0 to 1012924416
05-04 15:49:46.742985   216   226 D SocketClient: SocketClient sendData done: 641 disk:8,0 1012924416
05-04 15:49:46.743114   216   226 D SocketClient: SocketClient sendData done: 642 disk:8,0 USB     
05-04 15:49:46.743187   216   226 D SocketClient: SocketClient sendData done: 644 disk:8,0 /sys//devices/platform/mt_usb/musb-hdrc.0.auto/usb1/1-1/1-1:1.0/host8/target8:0:0/8:0:0:0/block/sda
05-04 15:49:46.743264   216   226 V vold    : /system/bin/sgdisk
05-04 15:49:46.743311   216   226 V vold    :     --android-dump
05-04 15:49:46.743357   216   226 V vold    :     /dev/block/vold/disk:8,0
05-04 15:49:46.744324   774   987 D VoldConnector: RCV <- {642 disk:8,0 USB     
05-04 15:49:46.744324   774   987 D VoldConnector: }
05-04 15:49:46.744615   774   987 D VoldConnector: RCV <- {644 disk:8,0 /sys//devices/platform/mt_usb/musb-hdrc.0.auto/usb1/1-1/1-1:1.0/host8/target8:0:0/8:0:0:0/block/sda}
05-04 15:49:46.744841   774   812 D MountService: DISK_LABEL_CHANGED
05-04 15:49:46.745038   774   812 D MountService: DISK_LABEL_CHANGED, new label = USB, diskInfo=DiskInfo{disk:8,0}:
05-04 15:49:46.745038   774   812 D MountService:     flags=USB size=1012924416 label=USB 
05-04 15:49:46.745038   774   812 D MountService:     sysPath=null 
