05-04 15:07:57.501064 26128 26128 V ActivityThread: Finishing stop of ActivityRecord{766db91 token=android.os.BinderProxy@d7daf6 {com.mediatek.filemanager/com.mediatek.filemanager.FileManagerOperationActivity}}: show=false win=com.android.internal.policy.PhoneWindow@f8a530f
05-04 15:07:57.502873  1615  1615 D ActivityThread: ACT-NEW_INTENT handled : 0 / NewIntentData{intents=[Intent { act=android.intent.action.MAIN cat=[android.intent.category.HOME] flg=0x10600000 cmp=com.android.launcher3/.Launcher (has extras) }] token=android.os.BinderProxy@1eb082}
05-04 15:07:57.502913 26128 26128 D ActivityThread: ACT-STOP_ACTIVITY_HIDE handled : 0 / android.os.BinderProxy@d7daf6
05-04 15:07:57.509085   774  7249 V WindowManager: Looking for focus: 12 = Window{442fad4 u0 StatusBar}, flags=-2122055608, canReceive=false
05-04 15:07:57.509246   774  7249 V WindowManager: findFocusedWindow: Found new focus @ 8 = Window{3ddedb2 u0 com.android.launcher3/com.android.launcher3.Launcher}
05-04 15:07:57.509609   774  7249 V WindowManager: Changing focus from null to Window{3ddedb2 u0 com.android.launcher3/com.android.launcher3.Launcher} Callers=com.android.server.wm.WindowManagerService.relayoutWindow:3588 com.android.server.wm.Session.relayout:201 android.view.IWindowSession$Stub.onTransact:284 com.android.server.wm.Session.onTransact:133 
05-04 15:07:57.509776   774  7249 D WindowManager: Input focus has changed to Window{3ddedb2 u0 com.android.launcher3/com.android.launcher3.Launcher}
05-04 15:07:57.521734   774   824 I WindowManager: Focus moving from null to Window{3ddedb2 u0 com.android.launcher3/com.android.launcher3.Launcher}
05-04 15:07:57.521965   774   824 I WindowManager: Gaining focus: Window{3ddedb2 u0 com.android.launcher3/com.android.launcher3.Launcher}
05-04 15:07:57.527678   774  1171 V WindowManager: Looking for focus: 12 = Window{442fad4 u0 StatusBar}, flags=-2122055608, canReceive=false
05-04 15:07:57.527848   774  1171 V WindowManager: findFocusedWindow: Found new focus @ 8 = Window{3ddedb2 u0 com.android.launcher3/com.android.launcher3.Launcher}
05-04 15:07:57.583354   774 13786 V InputMethodManagerService: windowGainedFocus: android.os.BinderProxy@1e97934 controlFlags=#104 softInputMode=#120 windowFlags=#81910100
05-04 15:07:57.586058   774   824 V WindowManager: Looking for focus: 12 = Window{442fad4 u0 StatusBar}, flags=-2122055608, canReceive=false
05-04 15:07:57.586173   774   824 V WindowManager: findFocusedWindow: Found new focus @ 8 = Window{3ddedb2 u0 com.android.launcher3/com.android.launcher3.Launcher}
05-04 15:07:57.586519   774   824 D WindowManager: notifyActivityDrawnForKeyguard: waiting=false Callers=com.android.server.wm.WindowManagerService.handleAppTransitionReadyLocked:10079 com.android.server.wm.WindowManagerService.performLayoutAndPlaceSurfacesLockedInner:10699 com.android.server.wm.WindowManagerService.performLayoutAndPlaceSurfacesLockedLoop:9443 com.android.server.wm.WindowManagerService.performLayoutAndPlaceSurfacesLocked:9390 com.android.server.wm.WindowManagerService.-wrap8:-1 
05-04 15:07:57.590001   774 23363 V WindowManager: Looking for focus: 12 = Window{442fad4 u0 StatusBar}, flags=-2122055608, canReceive=false
05-04 15:07:57.590141   774 23363 V WindowManager: findFocusedWindow: Found new focus @ 8 = Window{3ddedb2 u0 com.android.launcher3/com.android.launcher3.Launcher}
05-04 15:07:57.604441   774  1664 D PowerManagerService: releaseWakeLockInternal: lock=233190406 [*launch*], flags=0x0, total_time=150ms
05-04 15:07:57.604578   774  1664 D PowerManagerNotifier: onWakeLockReleased: flags=1, tag="*launch*", packageName=android, ownerUid=1000, ownerPid=774, workSource=WorkSource{10014}
05-04 15:07:57.604711   774  1664 D PowerManagerService: updateWakeLockSummaryLocked: mWakefulness=Awake, mWakeLockSummary=0x0
05-04 15:07:57.604826   774  1664 D PowerManagerService: updateUserActivitySummaryLocked: mWakefulness=Awake, mUserActivitySummary=0x9, nextTimeout=11972307 (in 7684 ms)
05-04 15:07:57.605019   774  1664 D DisplayPowerController: requestPowerState: policy=BRIGHT, useProximitySensor=false, screenBrightness=102, screenAutoBrightnessAdjustment=0.0, brightnessSetByUser=true, useAutoBrightness=false, blockScreenOn=false, lowPowerMode=false, boostScreenBrightness=false, dozeScreenBrightness=-1, dozeScreenState=UNKNOWN, waitForNegativeProximity=false
05-04 15:07:57.605087   774  1664 I PowerManagerService: setBrightness mButtonLight, screenBrightness=102
05-04 15:07:57.605158   774  1664 D PowerManagerService: updateDisplayPowerStateLocked: mDisplayReady=true, policy=3, mWakefulness=1, mWakeLockSummary=0x0, mUserActivitySummary=0x9, mBootCompleted=true, mScreenBrightnessBoostInProgress=false
05-04 15:07:57.605260   774  1664 D PowerManagerService: Releasing suspend blocker "PowerManagerService.WakeLocks".
05-04 15:07:58.014029   774   824 V WindowManager: Looking for focus: 12 = Window{442fad4 u0 StatusBar}, flags=-2122055608, canReceive=false
05-04 15:07:58.014221   774   824 V WindowManager: findFocusedWindow: Found new focus @ 8 = Window{3ddedb2 u0 com.android.launcher3/com.android.launcher3.Launcher}
05-04 15:07:58.449746   774  1070 V ActivityManager: Broadcast sticky: Intent { act=android.intent.action.SIG_STR flg=0x20000010 (has extras) } ordered=false userid=-1 callerApp=ProcessRecord{a4342ff 774:system/1000}
05-04 15:07:58.970455   774   984 D PowerManagerService: userActivityFromNative
05-04 15:07:58.970627   774   984 D PowerManagerService: userActivityNoUpdateLocked: eventTime=11965985, event=2, flags=0x0, uid=1000
05-04 15:07:58.970806   774   984 D PowerManagerNotifier: onUserActivity: event=2, uid=1000
05-04 15:07:58.971065   774   984 D PowerManagerService: updateUserActivitySummaryLocked: mWakefulness=Awake, mUserActivitySummary=0x9, nextTimeout=11972307 (in 6318 ms)
05-04 15:07:58.971299   774   984 D DisplayPowerController: requestPowerState: policy=BRIGHT, useProximitySensor=false, screenBrightness=102, screenAutoBrightnessAdjustment=0.0, brightnessSetByUser=true, useAutoBrightness=false, blockScreenOn=false, lowPowerMode=false, boostScreenBrightness=false, dozeScreenBrightness=-1, dozeScreenState=UNKNOWN, waitForNegativeProximity=false
05-04 15:07:58.971448   774   984 I PowerManagerService: setBrightness mButtonLight, screenBrightness=102
05-04 15:07:58.971540   774   984 D PowerManagerService: updateDisplayPowerStateLocked: mDisplayReady=true, policy=3, mWakefulness=1, mWakeLockSummary=0x0, mUserActivitySummary=0x9, mBootCompleted=true, mScreenBrightnessBoostInProgress=false
05-04 15:07:58.977836   774   805 D NotificationService: clearEffects
05-04 15:07:59.047108   774   811 V SettingsProvider: packageValueForCallResult, name = user_setup_complete, value : 1
05-04 15:07:59.056888   774  7249 V WindowManager: Looking for focus: 12 = Window{442fad4 u0 StatusBar}, flags=-2121924544, canReceive=true
05-04 15:07:59.057033   774  7249 V WindowManager: findFocusedWindow: Found new focus @ 12 = Window{442fad4 u0 StatusBar}
05-04 15:07:59.057682   774  7249 V WindowManager: Changing focus from Window{3ddedb2 u0 com.android.launcher3/com.android.launcher3.Launcher} to Window{442fad4 u0 StatusBar} Callers=com.android.server.wm.WindowManagerService.relayoutWindow:3588 com.android.server.wm.Session.relayout:201 android.view.IWindowSession$Stub.onTransact:284 com.android.server.wm.Session.onTransact:133 
05-04 15:07:59.057892   774  7249 D WindowManager: Input focus has changed to Window{442fad4 u0 StatusBar}
05-04 15:07:59.060729   774   824 I WindowManager: Focus moving from Window{3ddedb2 u0 com.android.launcher3/com.android.launcher3.Launcher} to Window{442fad4 u0 StatusBar}
05-04 15:07:59.060870   774   824 I WindowManager: Gaining focus: Window{442fad4 u0 StatusBar}
05-04 15:07:59.061341   774   824 I WindowManager: Losing focus: Window{3ddedb2 u0 com.android.launcher3/com.android.launcher3.Launcher}
05-04 15:07:59.350936   774   793 V SettingsProvider: packageValueForCallResult, name = accelerometer_rotation, value : 1
05-04 15:07:59.357646   774   805 D WifiDisplayAdapter: getWifiDisplayStatusLocked: result=WifiDisplayStatus{featureState=3, scanState=0, activeDisplayState=0, activeDisplay=null, displays=[Android_81a0 (02:08:22:89:3d:aa), isAvailable false, canConnect false, isRemembered true], sessionInfo=WifiDisplaySessionInfo: C/O:Client,GId:,Pp:,SId:0,IP:}
05-04 15:07:59.358458   774  1070 D WifiDisplayAdapter: getIfSinkEnabledLocked
05-04 15:07:59.358974   774  1070 I WifiDisplayController: getIfSinkEnabled,enable = false
05-04 15:07:59.360457   774   793 D WifiDisplayAdapter: getWifiDisplayStatusLocked: result=WifiDisplayStatus{featureState=3, scanState=0, activeDisplayState=0, activeDisplay=null, displays=[Android_81a0 (02:08:22:89:3d:aa), isAvailable false, canConnect false, isRemembered true], sessionInfo=WifiDisplaySessionInfo: C/O:Client,GId:,Pp:,SId:0,IP:}
05-04 15:07:59.370726   774  7249 V SettingsProvider: packageValueForCallResult, name = screen_brightness_mode, value : 0
05-04 15:07:59.371339   774  1171 V SettingsProvider: packageValueForCallResult, name = accelerometer_rotation, value : 1
05-04 15:07:59.372279   774  1734 V SettingsProvider: packageValueForCallResult, name = screen_brightness, value : 102
05-04 15:07:59.994980   774   984 D PowerManagerService: userActivityFromNative
05-04 15:07:59.995148   774   984 D PowerManagerService: userActivityNoUpdateLocked: eventTime=11967011, event=2, flags=0x0, uid=1000
05-04 15:07:59.995314   774   984 D PowerManagerNotifier: onUserActivity: event=2, uid=1000
05-04 15:07:59.995680   774   984 D PowerManagerService: updateUserActivitySummaryLocked: mWakefulness=Awake, mUserActivitySummary=0x9, nextTimeout=11972307 (in 5294 ms)
05-04 15:07:59.995956   774   984 D DisplayPowerController: requestPowerState: policy=BRIGHT, useProximitySensor=false, screenBrightness=102, screenAutoBrightnessAdjustment=0.0, brightnessSetByUser=true, useAutoBrightness=false, blockScreenOn=false, lowPowerMode=false, boostScreenBrightness=false, dozeScreenBrightness=-1, dozeScreenState=UNKNOWN, waitForNegativeProximity=false
05-04 15:07:59.996052   774   984 I PowerManagerService: setBrightness mButtonLight, screenBrightness=102
05-04 15:07:59.996151   774   984 D PowerManagerService: updateDisplayPowerStateLocked: mDisplayReady=true, policy=3, mWakefulness=1, mWakeLockSummary=0x0, mUserActivitySummary=0x9, mBootCompleted=true, mScreenBrightnessBoostInProgress=false
05-04 15:08:00.000802   774   983 D AlarmManager: set alarm to RTC 537436077
05-04 15:08:00.000939   774   983 V AlarmManager: openLteGateSuccess = false
05-04 15:08:00.001301   774   983 V ActivityManager: Broadcast: Intent { act=android.intent.action.TIME_TICK flg=0x50000114 (has extras) } ordered=true userid=-1 callerApp=null
05-04 15:08:00.001681   774   983 V AlarmManager: sending alarm Alarm{f17b8a4 type 3 when 537430055 android} success
05-04 15:08:00.002025   774   983 D PowerManagerService: acquireWakeLockInternal: lock=71493382, flags=0x40000001, tag="*alarm*", ws=WorkSource{1000}, uid=1000, pid=774
05-04 15:08:00.002168   774   983 D PowerManagerService: updateWakeLockSummaryLocked: mWakefulness=Awake, mWakeLockSummary=0x1
05-04 15:08:00.002306   774   983 D PowerManagerService: updateUserActivitySummaryLocked: mWakefulness=Awake, mUserActivitySummary=0x9, nextTimeout=11972307 (in 5287 ms)
05-04 15:08:00.002497   774   983 D DisplayPowerController: requestPowerState: policy=BRIGHT, useProximitySensor=false, screenBrightness=102, screenAutoBrightnessAdjustment=0.0, brightnessSetByUser=true, useAutoBrightness=false, blockScreenOn=false, lowPowerMode=false, boostScreenBrightness=false, dozeScreenBrightness=-1, dozeScreenState=UNKNOWN, waitForNegativeProximity=false
05-04 15:08:00.002586   774   983 I PowerManagerService: setBrightness mButtonLight, screenBrightness=102
05-04 15:08:00.002749   774   983 D PowerManagerService: updateDisplayPowerStateLocked: mDisplayReady=true, policy=3, mWakefulness=1, mWakeLockSummary=0x1, mUserActivitySummary=0x9, mBootCompleted=true, mScreenBrightnessBoostInProgress=false
05-04 15:08:00.002875   774   983 D PowerManagerService: Acquiring suspend blocker "PowerManagerService.WakeLocks".
05-04 15:08:00.003037   774   983 D PowerManagerNotifier: onWakeLockAcquired: flags=1073741825, tag="*alarm*", packageName=android, ownerUid=1000, ownerPid=774, workSource=WorkSource{1000}
05-04 15:08:00.003482   774   774 V AlarmManager: APP set(PendingIntent{2c2a395: PendingIntentRecord{4f53caa android broadcastIntent}}) : type=3 triggerAtTime=537490054 win=0 tElapsed=537490054 maxElapsed=537490054 interval=0 flags=0x1
05-04 15:08:00.003686   774   774 D AlarmManager:  whichBatch = -1
05-04 15:08:00.003947   774   774 D ActivityThread: BDC-Calling finishReceiver: IIntentReceiver=95a749e
05-04 15:08:00.005090  1081  1081 D ActivityThread: BDC-Calling finishReceiver: IIntentReceiver=125a54c
05-04 15:08:00.007856  1081  1081 D ActivityThread: BDC-Calling finishReceiver: IIntentReceiver=5bd4177
05-04 15:08:00.011080  1081  1081 D ActivityThread: BDC-Calling finishReceiver: IIntentReceiver=49151e4
05-04 15:08:00.028076  1081  1081 D ActivityThread: BDC-Calling finishReceiver: IIntentReceiver=32b864d
05-04 15:08:00.031166  1081  1081 D ActivityThread: BDC-Calling finishReceiver: IIntentReceiver=901d502
05-04 15:08:00.034620  1081  1081 D ActivityThread: BDC-Calling finishReceiver: IIntentReceiver=63a7e13
05-04 15:08:00.036475  1081  1081 D ActivityThread: BDC-Calling finishReceiver: IIntentReceiver=f03a850
05-04 15:08:00.038400  1081  1081 D ActivityThread: BDC-Calling finishReceiver: IIntentReceiver=fb73a49
05-04 15:08:00.048012  1081  1081 D ActivityThread: BDC-Calling finishReceiver: IIntentReceiver=23c3f4e
05-04 15:08:00.070426  1081  1081 D ActivityThread: BDC-Calling finishReceiver: IIntentReceiver=344e86f
05-04 15:08:00.071339   774   774 D AlarmManager: onSendFinished begin
05-04 15:08:00.071604   774   774 D PowerManagerService: releaseWakeLockInternal: lock=71493382 [*alarm*], flags=0x0, total_time=69ms
05-04 15:08:00.071732   774   774 D PowerManagerNotifier: onWakeLockReleased: flags=1073741825, tag="*alarm*", packageName=android, ownerUid=1000, ownerPid=774, workSource=WorkSource{1000}
05-04 15:08:00.072125   774   774 D PowerManagerService: updateWakeLockSummaryLocked: mWakefulness=Awake, mWakeLockSummary=0x0
05-04 15:08:00.072301   774   774 D PowerManagerService: updateUserActivitySummaryLocked: mWakefulness=Awake, mUserActivitySummary=0x9, nextTimeout=11972307 (in 5217 ms)
05-04 15:08:00.072446   774   774 D DisplayPowerController: requestPowerState: policy=BRIGHT, useProximitySensor=false, screenBrightness=102, screenAutoBrightnessAdjustment=0.0, brightnessSetByUser=true, useAutoBrightness=false, blockScreenOn=false, lowPowerMode=false, boostScreenBrightness=false, dozeScreenBrightness=-1, dozeScreenState=UNKNOWN, waitForNegativeProximity=false
05-04 15:08:00.072543   774   774 I PowerManagerService: setBrightness mButtonLight, screenBrightness=102
05-04 15:08:00.072649   774   774 D PowerManagerService: updateDisplayPowerStateLocked: mDisplayReady=true, policy=3, mWakefulness=1, mWakeLockSummary=0x0, mUserActivitySummary=0x9, mBootCompleted=true, mScreenBrightnessBoostInProgress=false
05-04 15:08:00.072760   774   774 D PowerManagerService: Releasing suspend blocker "PowerManagerService.WakeLocks".
05-04 15:08:00.111337   774  1734 D ActivityManager: getContentProviderImpl: from caller=null (pid=774, userId=0) to get content provider com.android.externalstorage.documents cpr=ContentProviderRecord{1e4da8e u0 com.android.externalstorage/.ExternalStorageProvider}
05-04 15:08:00.120812   774   805 D ActivityManager: getContentProviderImpl: from caller=null (pid=774, userId=0) to get content provider com.android.externalstorage.documents cpr=ContentProviderRecord{1e4da8e u0 com.android.externalstorage/.ExternalStorageProvider}
05-04 15:08:00.133080   774  1631 I ActivityManager: START u0 {act=android.provider.action.BROWSE_DOCUMENT_ROOT cat=[android.intent.category.DEFAULT] dat=content://com.android.externalstorage.documents/root/3B23-A78E cmp=com.android.documentsui/.DocumentsActivity} from uid 10022 from pid -1 on display 0
05-04 15:08:00.133390   774  1631 W ActivityManager: startActivity called from non-Activity context; forcing Intent.FLAG_ACTIVITY_NEW_TASK for: Intent { act=android.provider.action.BROWSE_DOCUMENT_ROOT cat=[android.intent.category.DEFAULT] dat=content://com.android.externalstorage.documents/root/3B23-A78E cmp=com.android.documentsui/.DocumentsActivity }
05-04 15:08:00.134140   774  1631 V WindowManager: Looking for focus: 12 = Window{442fad4 u0 StatusBar}, flags=-2121924544, canReceive=true
05-04 15:08:00.134289   774  1631 V WindowManager: findFocusedWindow: Found new focus @ 12 = Window{442fad4 u0 StatusBar}
05-04 15:08:00.136933   774  1631 V WindowManager: Set focused app to: AppWindowToken{f77d6c6 token=Token{9b603a2 ActivityRecord{2aecb6d u0 com.android.documentsui/.DocumentsActivity t90}}} old focus=AppWindowToken{e35d496 token=Token{64037b1 ActivityRecord{3d61a58 u0 com.android.launcher3/.Launcher t16}}} moveFocusNow=true
05-04 15:08:00.138120   774  1631 V WindowManager: Looking for focus: 12 = Window{442fad4 u0 StatusBar}, flags=-2121924544, canReceive=true
05-04 15:08:00.138254   774  1631 V WindowManager: findFocusedWindow: Found new focus @ 12 = Window{442fad4 u0 StatusBar}
05-04 15:08:00.138591   774  1613 V WindowManager: Looking for focus: 12 = Window{442fad4 u0 StatusBar}, flags=-2122055608, canReceive=false
05-04 15:08:00.138962   774  1613 V WindowManager: findFocusedWindow: Reached focused app=AppWindowToken{f77d6c6 token=Token{9b603a2 ActivityRecord{2aecb6d u0 com.android.documentsui/.DocumentsActivity t90}}}
05-04 15:08:00.139584   774  1613 V WindowManager: Changing focus from Window{442fad4 u0 StatusBar} to null Callers=com.android.server.wm.WindowManagerService.relayoutWindow:3588 com.android.server.wm.Session.relayout:201 android.view.IWindowSession$Stub.onTransact:284 com.android.server.wm.Session.onTransact:133 
05-04 15:08:00.139776   774  1613 D WindowManager: Input focus has changed to null
05-04 15:08:00.144625   774   824 I WindowManager: Focus moving from Window{442fad4 u0 StatusBar} to null
05-04 15:08:00.144761   774   824 I WindowManager: Losing focus: Window{442fad4 u0 StatusBar}
05-04 15:08:00.145998   774  1631 D PowerManagerService: acquireWakeLockInternal: lock=233190406, flags=0x1, tag="*launch*", ws=WorkSource{10035}, uid=1000, pid=774
05-04 15:08:00.146123   774  1631 D PowerManagerService: updateWakeLockSummaryLocked: mWakefulness=Awake, mWakeLockSummary=0x1
05-04 15:08:00.146248   774  1631 D PowerManagerService: updateUserActivitySummaryLocked: mWakefulness=Awake, mUserActivitySummary=0x9, nextTimeout=11972307 (in 5143 ms)
05-04 15:08:00.146368   774  1631 D DisplayPowerController: requestPowerState: policy=BRIGHT, useProximitySensor=false, screenBrightness=102, screenAutoBrightnessAdjustment=0.0, brightnessSetByUser=true, useAutoBrightness=false, blockScreenOn=false, lowPowerMode=false, boostScreenBrightness=false, dozeScreenBrightness=-1, dozeScreenState=UNKNOWN, waitForNegativeProximity=false
05-04 15:08:00.146575  1615  1615 D ActivityThread: ACT-AM_ON_PAUSE_CALLED ActivityRecord{e8c9fcd token=android.os.BinderProxy@1eb082 {com.android.launcher3/com.android.launcher3.Launcher}}
05-04 15:08:00.147412   774  1631 I PowerManagerService: setBrightness mButtonLight, screenBrightness=102
05-04 15:08:00.147554   774  1631 D PowerManagerService: updateDisplayPowerStateLocked: mDisplayReady=true, policy=3, mWakefulness=1, mWakeLockSummary=0x1, mUserActivitySummary=0x9, mBootCompleted=true, mScreenBrightnessBoostInProgress=false
05-04 15:08:00.147653   774  1631 D PowerManagerService: Acquiring suspend blocker "PowerManagerService.WakeLocks".
05-04 15:08:00.147802   774  1631 D PowerManagerNotifier: onWakeLockAcquired: flags=1, tag="*launch*", packageName=android, ownerUid=1000, ownerPid=774, workSource=WorkSource{10035}
05-04 15:08:00.148920   774  1631 D ActivityManager: Set intentActivity.task.mMovingToFront = true
05-04 15:08:00.161629   774  1663 V WindowManager: Looking for focus: 12 = Window{442fad4 u0 StatusBar}, flags=-2122055608, canReceive=false
05-04 15:08:00.161771   774  1663 V WindowManager: findFocusedWindow: No focusable windows.
05-04 15:08:00.164788   774 13786 D ActivityManager: Delay resumeKeyDispatchingLocked() to avoid deadlock.
05-04 15:08:00.167525 26036 26036 V ActivityThread: Performing resume of ActivityRecord{1eaa6d token=android.os.BinderProxy@249f6a2 {com.android.documentsui/com.android.documentsui.DocumentsActivity}}
05-04 15:08:00.169952  1615  1615 D ActivityThread: ACT-PAUSE_ACTIVITY handled : 1 / android.os.BinderProxy@1eb082
05-04 15:08:00.173054 26036 26036 D ActivityThread: ACT-AM_ON_RESUME_CALLED ActivityRecord{1eaa6d token=android.os.BinderProxy@249f6a2 {com.android.documentsui/com.android.documentsui.DocumentsActivity}}
05-04 15:08:00.173134 26036 26036 V ActivityThread: Resume ActivityRecord{1eaa6d token=android.os.BinderProxy@249f6a2 {com.android.documentsui/com.android.documentsui.DocumentsActivity}} started activity: false, hideForNow: false, finished: false
05-04 15:08:00.173227 26036 26036 V ActivityThread: Resuming ActivityRecord{1eaa6d token=android.os.BinderProxy@249f6a2 {com.android.documentsui/com.android.documentsui.DocumentsActivity}} with isForward=true
05-04 15:08:00.175112 26036 26036 V ActivityThread: Scheduling idle handler for ActivityRecord{1eaa6d token=android.os.BinderProxy@249f6a2 {com.android.documentsui/com.android.documentsui.DocumentsActivity}}
05-04 15:08:00.176353 26036 26036 D ActivityThread: ACT-RESUME_ACTIVITY handled : 1 / android.os.BinderProxy@249f6a2
05-04 15:08:00.180333   774  1070 V WindowManager: Looking for focus: 12 = Window{442fad4 u0 StatusBar}, flags=-2122055608, canReceive=false
05-04 15:08:00.180477   774  1070 V WindowManager: findFocusedWindow: Found new focus @ 8 = Window{811b4c u0 com.android.documentsui/com.android.documentsui.DocumentsActivity}
05-04 15:08:00.180838   774  1070 V WindowManager: Changing focus from null to Window{811b4c u0 com.android.documentsui/com.android.documentsui.DocumentsActivity} Callers=com.android.server.wm.WindowManagerService.relayoutWindow:3588 com.android.server.wm.Session.relayout:201 android.view.IWindowSession$Stub.onTransact:284 com.android.server.wm.Session.onTransact:133 
05-04 15:08:00.181143   774  1070 D WindowManager: Input focus has changed to Window{811b4c u0 com.android.documentsui/com.android.documentsui.DocumentsActivity}
05-04 15:08:00.183866   774   824 I WindowManager: Focus moving from null to Window{811b4c u0 com.android.documentsui/com.android.documentsui.DocumentsActivity}
05-04 15:08:00.183969   774   824 I WindowManager: Gaining focus: Window{811b4c u0 com.android.documentsui/com.android.documentsui.DocumentsActivity}
05-04 15:08:00.234470   774   793 V InputMethodManagerService: windowGainedFocus: android.os.BinderProxy@d5b3c42 controlFlags=#105 softInputMode=#110 windowFlags=#81810100
05-04 15:08:00.280743   774  1613 D PowerManagerService: releaseWakeLockInternal: lock=233190406 [*launch*], flags=0x0, total_time=134ms
05-04 15:08:00.280869   774  1613 D PowerManagerNotifier: onWakeLockReleased: flags=1, tag="*launch*", packageName=android, ownerUid=1000, ownerPid=774, workSource=WorkSource{10035}
05-04 15:08:00.281039   774  1613 D PowerManagerService: updateWakeLockSummaryLocked: mWakefulness=Awake, mWakeLockSummary=0x0
05-04 15:08:00.281164   774  1613 D PowerManagerService: updateUserActivitySummaryLocked: mWakefulness=Awake, mUserActivitySummary=0x9, nextTimeout=11972307 (in 5008 ms)
05-04 15:08:00.281274   774  1613 D DisplayPowerController: requestPowerState: policy=BRIGHT, useProximitySensor=false, screenBrightness=102, screenAutoBrightnessAdjustment=0.0, brightnessSetByUser=true, useAutoBrightness=false, blockScreenOn=false, lowPowerMode=false, boostScreenBrightness=false, dozeScreenBrightness=-1, dozeScreenState=UNKNOWN, waitForNegativeProximity=false
05-04 15:08:00.281337   774  1613 I PowerManagerService: setBrightness mButtonLight, screenBrightness=102
05-04 15:08:00.281403   774  1613 D PowerManagerService: updateDisplayPowerStateLocked: mDisplayReady=true, policy=3, mWakefulness=1, mWakeLockSummary=0x0, mUserActivitySummary=0x9, mBootCompleted=true, mScreenBrightnessBoostInProgress=false
05-04 15:08:00.281546   774  1613 D PowerManagerService: Releasing suspend blocker "PowerManagerService.WakeLocks".
05-04 15:08:00.285183   774   824 V WindowManager: Looking for focus: 12 = Window{442fad4 u0 StatusBar}, flags=-2122055608, canReceive=false
05-04 15:08:00.287949   774   824 V WindowManager: findFocusedWindow: Found new focus @ 8 = Window{811b4c u0 com.android.documentsui/com.android.documentsui.DocumentsActivity}
05-04 15:08:00.294026   774   824 D WindowManager: notifyActivityDrawnForKeyguard: waiting=false Callers=com.android.server.wm.WindowManagerService.handleAppTransitionReadyLocked:10079 com.android.server.wm.WindowManagerService.performLayoutAndPlaceSurfacesLockedInner:10699 com.android.server.wm.WindowManagerService.performLayoutAndPlaceSurfacesLockedLoop:9443 com.android.server.wm.WindowManagerService.performLayoutAndPlaceSurfacesLocked:9390 com.android.server.wm.WindowManagerService.-wrap8:-1 
05-04 15:08:00.305119   774  1631 V WindowManager: Looking for focus: 12 = Window{442fad4 u0 StatusBar}, flags=-2122055608, canReceive=false
05-04 15:08:00.305378   774  1631 V WindowManager: findFocusedWindow: Found new focus @ 8 = Window{811b4c u0 com.android.documentsui/com.android.documentsui.DocumentsActivity}
05-04 15:08:00.324794   774  1171 I ActivityManager: Process com.google.android.gms (pid 25954) has died
05-04 15:08:00.324879   774   805 D DisplayManagerService: Display listener for pid 25954 died.
05-04 15:08:00.325043   774  1171 D ActivityManager: SVC-handleAppDiedLocked: app = ProcessRecord{5e9057d 25954:com.google.android.gms/u0a10}, app.pid = 25954
05-04 15:08:00.325200   774  1171 D ActivityManager: removeDyingProviderLocked: cpr=ContentProviderRecord{d63b609 u0 com.google.android.gms/.chromesync.persistence.ContentProvider} always=false inLaunching=false
05-04 15:08:00.325323   774  1171 D ActivityManager: removeDyingProviderLocked: cpr=ContentProviderRecord{8e1700e u0 com.google.android.gms/.games.chimera.GamesContentProviderProxy} always=false inLaunching=false
05-04 15:08:00.325407   774  1171 D ActivityManager: removeDyingProviderLocked: cpr=ContentProviderRecord{f52a2f u0 com.google.android.gms/.common.stats.net.contentprovider.NetworkUsageContentProvider} always=false inLaunching=false
05-04 15:08:00.325482   774  1171 D ActivityManager: removeDyingProviderLocked: cpr=ContentProviderRecord{a97783c u0 com.google.android.gms/.auth.api.credentials.be.persistence.TemporaryValueProvider} always=false inLaunching=false
05-04 15:08:00.325628   774  1171 D ActivityManager: removeDyingProviderLocked: cpr=ContentProviderRecord{388a9c5 u0 com.google.android.gms/.people.debug.PeopleExportProvider} always=false inLaunching=false
05-04 15:08:00.325718   774  1171 D ActivityManager: removeDyingProviderLocked: cpr=ContentProviderRecord{8487f1a u0 com.google.android.gms/.drive.metadata.sync.syncadapter.DatabaseNotificationContentProvider} always=false inLaunching=false
05-04 15:08:00.325797   774  1171 D ActivityManager: removeDyingProviderLocked: cpr=ContentProviderRecord{5b43a4b u0 com.google.android.gms/.common.download.provider.DownloadsProvider} always=false inLaunching=false
05-04 15:08:00.325879   774  1171 D ActivityManager: removeDyingProviderLocked: cpr=ContentProviderRecord{881dc28 u0 com.google.android.gms/.drive.metadata.sync.syncadapter.StubContentProvider} always=false inLaunching=false
05-04 15:08:00.326002   774  1171 D ActivityManager: removeDyingProviderLocked: cpr=ContentProviderRecord{f4f1d41 u0 com.google.android.gms/.appstate.provider.AppStateContentProvider} always=false inLaunching=false
05-04 15:08:00.326084   774  1171 D ActivityManager: removeDyingProviderLocked: cpr=ContentProviderRecord{df72e6 u0 com.google.android.gms/.plus.provider.PlusProvider} always=false inLaunching=false
05-04 15:08:00.326181   774  1171 D ActivityManager: removeDyingProviderLocked: cpr=ContentProviderRecord{80a3027 u0 com.google.android.gms/.icing.proxy.SmsContentProvider} always=false inLaunching=false
05-04 15:08:00.326253   774  1171 D ActivityManager: removeDyingProviderLocked: cpr=ContentProviderRecord{c2c92d4 u0 com.google.android.gms/.auth.CredentialStateContentProvider} always=false inLaunching=false
05-04 15:08:00.326328   774  1171 D ActivityManager: removeDyingProviderLocked: cpr=ContentProviderRecord{7af4c7d u0 com.google.android.gms/.auth.api.credentials.sync.CredentialContentProvider} always=false inLaunching=false
05-04 15:08:00.326398   774  1171 D ActivityManager: removeDyingProviderLocked: cpr=ContentProviderRecord{49fd772 u0 com.google.android.gms/.people.service.PeopleContentProvider} always=false inLaunching=false
05-04 15:08:00.326476   774  1171 D ActivityManager: removeDyingProviderLocked: cpr=ContentProviderRecord{fdfa7c3 u0 com.google.android.gms/.reminders.provider.RemindersProvider} always=false inLaunching=false
05-04 15:08:00.326548   774  1171 D ActivityManager: removeDyingProviderLocked: cpr=ContentProviderRecord{b2a0840 u0 com.google.android.gms/.kids.chimera.KidsDataProviderProxy} always=false inLaunching=false
05-04 15:08:00.326628   774  1171 D ActivityManager: removeDyingProviderLocked: cpr=ContentProviderRecord{e93379 u0 com.google.android.gms/.games.provider.NotificationStubContentProvider} always=false inLaunching=false
05-04 15:08:00.326704   774  1171 D ActivityManager: removeDyingProviderLocked: cpr=ContentProviderRecord{98ff8be u0 com.google.android.gms/com.google.android.libraries.social.autobackup.AutoBackupProvider} always=false inLaunching=false
05-04 15:08:00.326780   774  1171 D ActivityManager: removeDyingProviderLocked: cpr=ContentProviderRecord{10afd1f u0 com.google.android.gms/.chromesync.sync.SyncContentProvider} always=false inLaunching=false
05-04 15:08:00.326858   774  1171 D ActivityManager: removeDyingProviderLocked: cpr=ContentProviderRecord{fc7686c u0 com.google.android.gms/.ads.adinfo.AdvertisingInfoContentProvider} always=false inLaunching=false
05-04 15:08:00.326937   774  1171 D ActivityManager: SVC-mBroadcastQueues: com.android.server.am.BroadcastQueue@81d0254
05-04 15:08:00.326998   774  1171 D ActivityManager: SVC-mBroadcastQueues: com.android.server.am.BroadcastQueue@c07c5fd
05-04 15:08:01.034670   774   824 D ActivityManager: ACT-IDLE_NOW_MSG from windowsVisible() for idle: ActivityRecord{2aecb6d u0 com.android.documentsui/.DocumentsActivity t90}
05-04 15:08:01.035439   774  1613 D CSLegacyTypeTracker: getNetworkForType type 1
05-04 15:08:01.035812   774   824 V WindowManager: Looking for focus: 12 = Window{442fad4 u0 StatusBar}, flags=-2122055608, canReceive=false
05-04 15:08:01.035906   774   824 V WindowManager: findFocusedWindow: Found new focus @ 8 = Window{811b4c u0 com.android.documentsui/com.android.documentsui.DocumentsActivity}
05-04 15:08:01.036291   774  1171 D CSLegacyTypeTracker: getNetworkForType type 0
05-04 15:08:01.037129   774  1613 D ConnectivityService: getActiveNetworkInfo networkInfo = null
05-04 15:08:01.040545  1615  1615 V ActivityThread: Finishing stop of ActivityRecord{e8c9fcd token=android.os.BinderProxy@1eb082 {com.android.launcher3/com.android.launcher3.Launcher}}: show=false win=com.android.internal.policy.PhoneWindow@d9aaf7f
05-04 15:08:01.042680  1615  1615 D ActivityThread: ACT-STOP_ACTIVITY_HIDE handled : 0 / android.os.BinderProxy@1eb082
05-04 15:08:01.152562   774   774 V ActivityManager: Broadcast sticky: Intent { act=android.intent.action.BATTERY_CHANGED flg=0x60000010 (has extras) } ordered=false userid=-1 callerApp=null
05-04 15:08:01.153383   774   836 D PowerManagerService: updateIsPoweredLocked: wasPowered=false, mIsPowered=false, oldPlugType=0, mPlugType=0, mBatteryLevel=73
05-04 15:08:01.153421   774   774 D WifiService: onReceive, action:android.intent.action.BATTERY_CHANGED
05-04 15:08:01.153758   774  1015 D WifiController: DeviceActiveState{ when=0 what=155652 target=com.android.internal.util.StateMachine$SmHandler }
05-04 15:08:01.153855   774  1015 D WifiController: StaEnabledState{ when=-1ms what=155652 target=com.android.internal.util.StateMachine$SmHandler }
05-04 15:08:01.153925   774  1015 D WifiController: DefaultState{ when=-1ms what=155652 target=com.android.internal.util.StateMachine$SmHandler }
05-04 15:08:01.153984   774  1015 D WifiController: battery changed pluggedType: 0
05-04 15:08:01.199196   774   984 D PowerManagerService: userActivityFromNative
05-04 15:08:01.199350   774   984 D PowerManagerService: userActivityNoUpdateLocked: eventTime=11968216, event=2, flags=0x0, uid=1000
05-04 15:08:01.199513   774   984 D PowerManagerNotifier: onUserActivity: event=2, uid=1000
05-04 15:08:01.199714   774   984 D PowerManagerService: updateUserActivitySummaryLocked: mWakefulness=Awake, mUserActivitySummary=0x9, nextTimeout=11972307 (in 4090 ms)
05-04 15:08:01.199903   774   984 D DisplayPowerController: requestPowerState: policy=BRIGHT, useProximitySensor=false, screenBrightness=102, screenAutoBrightnessAdjustment=0.0, brightnessSetByUser=true, useAutoBrightness=false, blockScreenOn=false, lowPowerMode=false, boostScreenBrightness=false, dozeScreenBrightness=-1, dozeScreenState=UNKNOWN, waitForNegativeProximity=false
05-04 15:08:01.199979   774   984 I PowerManagerService: setBrightness mButtonLight, screenBrightness=102
05-04 15:08:01.200050   774   984 D PowerManagerService: updateDisplayPowerStateLocked: mDisplayReady=true, policy=3, mWakefulness=1, mWakeLockSummary=0x0, mUserActivitySummary=0x9, mBootCompleted=true, mScreenBrightnessBoostInProgress=false
05-04 15:08:01.202513   774  1070 V SettingsProvider: packageValueForCallResult, name = haptic_feedback_enabled, value : 1
05-04 15:08:01.203310   774  1070 D PowerManagerService: acquireWakeLockInternal: lock=219870454, flags=0x1, tag="*vibrator*", ws=WorkSource{1000}, uid=1000, pid=774
05-04 15:08:01.203423   774  1070 D PowerManagerService: updateWakeLockSummaryLocked: mWakefulness=Awake, mWakeLockSummary=0x1
05-04 15:08:01.204288   774  1070 D PowerManagerService: updateUserActivitySummaryLocked: mWakefulness=Awake, mUserActivitySummary=0x9, nextTimeout=11972307 (in 4085 ms)
05-04 15:08:01.204426   774  1070 D DisplayPowerController: requestPowerState: policy=BRIGHT, useProximitySensor=false, screenBrightness=102, screenAutoBrightnessAdjustment=0.0, brightnessSetByUser=true, useAutoBrightness=false, blockScreenOn=false, lowPowerMode=false, boostScreenBrightness=false, dozeScreenBrightness=-1, dozeScreenState=UNKNOWN, waitForNegativeProximity=false
05-04 15:08:01.204496   774  1070 I PowerManagerService: setBrightness mButtonLight, screenBrightness=102
05-04 15:08:01.204571   774  1070 D PowerManagerService: updateDisplayPowerStateLocked: mDisplayReady=true, policy=3, mWakefulness=1, mWakeLockSummary=0x1, mUserActivitySummary=0x9, mBootCompleted=true, mScreenBrightnessBoostInProgress=false
05-04 15:08:01.204663   774  1070 D PowerManagerService: Acquiring suspend blocker "PowerManagerService.WakeLocks".
05-04 15:08:01.204783   774  1070 D PowerManagerNotifier: onWakeLockAcquired: flags=1, tag="*vibrator*", packageName=android, ownerUid=1000, ownerPid=774, workSource=WorkSource{1000}
05-04 15:08:01.207801   774   984 D PowerManagerService: userActivityFromNative
05-04 15:08:01.207977   774   984 D PowerManagerService: userActivityNoUpdateLocked: eventTime=11968218, event=1, flags=0x0, uid=1000
05-04 15:08:01.208051   774   984 D PowerManagerNotifier: onUserActivity: event=1, uid=1000
05-04 15:08:01.208251   774   984 D PowerManagerService: updateUserActivitySummaryLocked: mWakefulness=Awake, mUserActivitySummary=0x9, nextTimeout=11976218 (in 7992 ms)
05-04 15:08:01.208397   774   984 D DisplayPowerController: requestPowerState: policy=BRIGHT, useProximitySensor=false, screenBrightness=102, screenAutoBrightnessAdjustment=0.0, brightnessSetByUser=true, useAutoBrightness=false, blockScreenOn=false, lowPowerMode=false, boostScreenBrightness=false, dozeScreenBrightness=-1, dozeScreenState=UNKNOWN, waitForNegativeProximity=false
05-04 15:08:01.208465   774   984 I PowerManagerService: setBrightness mButtonLight, screenBrightness=102
05-04 15:08:01.208540   774   984 D PowerManagerService: updateDisplayPowerStateLocked: mDisplayReady=true, policy=3, mWakefulness=1, mWakeLockSummary=0x1, mUserActivitySummary=0x9, mBootCompleted=true, mScreenBrightnessBoostInProgress=false
05-04 15:08:01.267781   774 26169 D PowerManagerService: releaseWakeLockInternal: lock=219870454 [*vibrator*], flags=0x0, total_time=64ms
05-04 15:08:01.267989   774 26169 D PowerManagerNotifier: onWakeLockReleased: flags=1, tag="*vibrator*", packageName=android, ownerUid=1000, ownerPid=774, workSource=WorkSource{1000}
05-04 15:08:01.268138   774 26169 D PowerManagerService: updateWakeLockSummaryLocked: mWakefulness=Awake, mWakeLockSummary=0x0
05-04 15:08:01.268248   774 26169 D PowerManagerService: updateUserActivitySummaryLocked: mWakefulness=Awake, mUserActivitySummary=0x9, nextTimeout=11976218 (in 7932 ms)
05-04 15:08:01.268369   774 26169 D DisplayPowerController: requestPowerState: policy=BRIGHT, useProximitySensor=false, screenBrightness=102, screenAutoBrightnessAdjustment=0.0, brightnessSetByUser=true, useAutoBrightness=false, blockScreenOn=false, lowPowerMode=false, boostScreenBrightness=false, dozeScreenBrightness=-1, dozeScreenState=UNKNOWN, waitForNegativeProximity=false
05-04 15:08:01.268457   774 26169 I PowerManagerService: setBrightness mButtonLight, screenBrightness=102
05-04 15:08:01.268529   774 26169 D PowerManagerService: updateDisplayPowerStateLocked: mDisplayReady=true, policy=3, mWakefulness=1, mWakeLockSummary=0x0, mUserActivitySummary=0x9, mBootCompleted=true, mScreenBrightnessBoostInProgress=false
05-04 15:08:01.269104   774 26169 D PowerManagerService: Releasing suspend blocker "PowerManagerService.WakeLocks".
05-04 15:08:01.276739   774  7928 D PowerManagerService: userActivityNoUpdateLocked: eventTime=11968294, event=0, flags=0x0, uid=1000
05-04 15:08:01.276831   774  7928 D PowerManagerNotifier: onUserActivity: event=0, uid=1000
05-04 15:08:01.277005   774  7928 D PowerManagerService: updateUserActivitySummaryLocked: mWakefulness=Awake, mUserActivitySummary=0x9, nextTimeout=11976218 (in 7923 ms)
05-04 15:08:01.277113   774  7928 D DisplayPowerController: requestPowerState: policy=BRIGHT, useProximitySensor=false, screenBrightness=102, screenAutoBrightnessAdjustment=0.0, brightnessSetByUser=true, useAutoBrightness=false, blockScreenOn=false, lowPowerMode=false, boostScreenBrightness=false, dozeScreenBrightness=-1, dozeScreenState=UNKNOWN, waitForNegativeProximity=false
05-04 15:08:01.277173   774  7928 I PowerManagerService: setBrightness mButtonLight, screenBrightness=102
05-04 15:08:01.277238   774  7928 D PowerManagerService: updateDisplayPowerStateLocked: mDisplayReady=true, policy=3, mWakefulness=1, mWakeLockSummary=0x0, mUserActivitySummary=0x9, mBootCompleted=true, mScreenBrightnessBoostInProgress=false
05-04 15:08:01.286490   774   984 V ActivityManager: Broadcast: Intent { act=android.intent.action.CLOSE_SYSTEM_DIALOGS flg=0x50000010 (has extras) } ordered=false userid=-1 callerApp=null
05-04 15:08:01.288560   774   984 D PowerManagerService: userActivityNoUpdateLocked: eventTime=11968306, event=0, flags=0x0, uid=1000
05-04 15:08:01.288724   774   984 D PowerManagerNotifier: onUserActivity: event=0, uid=1000
05-04 15:08:01.288903   774   984 D PowerManagerService: updateUserActivitySummaryLocked: mWakefulness=Awake, mUserActivitySummary=0x9, nextTimeout=11976218 (in 7911 ms)
05-04 15:08:01.289012   774   984 D DisplayPowerController: requestPowerState: policy=BRIGHT, useProximitySensor=false, screenBrightness=102, screenAutoBrightnessAdjustment=0.0, brightnessSetByUser=true, useAutoBrightness=false, blockScreenOn=false, lowPowerMode=false, boostScreenBrightness=false, dozeScreenBrightness=-1, dozeScreenState=UNKNOWN, waitForNegativeProximity=false
05-04 15:08:01.289073   774   984 I PowerManagerService: setBrightness mButtonLight, screenBrightness=102
05-04 15:08:01.289144   774   984 D PowerManagerService: updateDisplayPowerStateLocked: mDisplayReady=true, policy=3, mWakefulness=1, mWakeLockSummary=0x0, mUserActivitySummary=0x9, mBootCompleted=true, mScreenBrightnessBoostInProgress=false
05-04 15:08:01.289423   774   984 V SettingsProvider: packageValueForCallResult, name = user_setup_complete, value : 1
05-04 15:08:01.290340   774   984 I ActivityManager: START u0 {act=android.intent.action.MAIN cat=[android.intent.category.HOME] flg=0x10200000 cmp=com.android.launcher3/.Launcher (has extras)} from uid 1000 from pid 774 on display 0
05-04 15:08:01.291036   774   984 V WindowManager: Looking for focus: 12 = Window{442fad4 u0 StatusBar}, flags=-2122055608, canReceive=false
05-04 15:08:01.291125   774   984 V WindowManager: findFocusedWindow: Found new focus @ 6 = Window{811b4c u0 com.android.documentsui/com.android.documentsui.DocumentsActivity}
05-04 15:08:01.292901   774   984 V WindowManager: Set focused app to: AppWindowToken{e35d496 token=Token{64037b1 ActivityRecord{3d61a58 u0 com.android.launcher3/.Launcher t16}}} old focus=AppWindowToken{f77d6c6 token=Token{9b603a2 ActivityRecord{2aecb6d u0 com.android.documentsui/.DocumentsActivity t90}}} moveFocusNow=true
05-04 15:08:01.293837   774   984 V WindowManager: Looking for focus: 12 = Window{442fad4 u0 StatusBar}, flags=-2122055608, canReceive=false
05-04 15:08:01.294000   774   984 V WindowManager: findFocusedWindow: Reached focused app=AppWindowToken{e35d496 token=Token{64037b1 ActivityRecord{3d61a58 u0 com.android.launcher3/.Launcher t16}}}
05-04 15:08:01.295174   774   984 V WindowManager: Changing focus from Window{811b4c u0 com.android.documentsui/com.android.documentsui.DocumentsActivity} to null Callers=com.android.server.wm.WindowManagerService.setFocusedApp:4469 com.android.server.am.ActivityManagerService.setFocusedActivityLocked:2823 com.android.server.am.ActivityStack.moveTaskToFrontLocked:4303 com.android.server.am.ActivityStackSupervisor.startActivityUncheckedLocked:2331 
05-04 15:08:01.295336   774   984 D WindowManager: Input focus has changed to null
05-04 15:08:01.297111   774   824 I WindowManager: Focus moving from Window{811b4c u0 com.android.documentsui/com.android.documentsui.DocumentsActivity} to null
05-04 15:08:01.297205   774   824 I WindowManager: Losing focus: Window{811b4c u0 com.android.documentsui/com.android.documentsui.DocumentsActivity}
05-04 15:08:01.324713   774   984 D PowerManagerService: acquireWakeLockInternal: lock=233190406, flags=0x1, tag="*launch*", ws=WorkSource{10014}, uid=1000, pid=774
05-04 15:08:01.324871   774   984 D PowerManagerService: updateWakeLockSummaryLocked: mWakefulness=Awake, mWakeLockSummary=0x1
05-04 15:08:01.324991   774   984 D PowerManagerService: updateUserActivitySummaryLocked: mWakefulness=Awake, mUserActivitySummary=0x9, nextTimeout=11976218 (in 7875 ms)
05-04 15:08:01.325042 26036 26036 D ActivityThread: ACT-AM_ON_PAUSE_CALLED ActivityRecord{1eaa6d token=android.os.BinderProxy@249f6a2 {com.android.documentsui/com.android.documentsui.DocumentsActivity}}
05-04 15:08:01.325142 26036 26036 D ActivityThread: ACT-PAUSE_ACTIVITY handled : 3 / android.os.BinderProxy@249f6a2
05-04 15:08:01.325192   774   984 D DisplayPowerController: requestPowerState: policy=BRIGHT, useProximitySensor=false, screenBrightness=102, screenAutoBrightnessAdjustment=0.0, brightnessSetByUser=true, useAutoBrightness=false, blockScreenOn=false, lowPowerMode=false, boostScreenBrightness=false, dozeScreenBrightness=-1, dozeScreenState=UNKNOWN, waitForNegativeProximity=false
05-04 15:08:01.325270   774   984 I PowerManagerService: setBrightness mButtonLight, screenBrightness=102
05-04 15:08:01.325334   774   984 D PowerManagerService: updateDisplayPowerStateLocked: mDisplayReady=true, policy=3, mWakefulness=1, mWakeLockSummary=0x1, mUserActivitySummary=0x9, mBootCompleted=true, mScreenBrightnessBoostInProgress=false
05-04 15:08:01.325426   774   984 D PowerManagerService: Acquiring suspend blocker "PowerManagerService.WakeLocks".
05-04 15:08:01.325643   774   984 D PowerManagerNotifier: onWakeLockAcquired: flags=1, tag="*launch*", packageName=android, ownerUid=1000, ownerPid=774, workSource=WorkSource{10014}
05-04 15:08:01.326640   774   984 D ActivityManager: Delay resumeKeyDispatchingLocked() to avoid deadlock.
05-04 15:08:01.335618   774   793 D DisplayManagerService: Display listener for pid 25203 died.
05-04 15:08:01.339776   774   793 I WindowState: WIN DEATH: Window{5fa6695 u0 com.mediatek.engineermode/com.mediatek.engineermode.EngineerMode}
05-04 15:08:01.339830   774   984 D ActivityManager: Set intentActivity.task.mMovingToFront = true
05-04 15:08:01.342482   774   793 V WindowManager: Looking for focus: 11 = Window{442fad4 u0 StatusBar}, flags=-2122055608, canReceive=false
05-04 15:08:01.343195   774   793 V WindowManager: findFocusedWindow: No focusable windows.
05-04 15:08:01.346294   774  1631 V WindowManager: Looking for focus: 11 = Window{442fad4 u0 StatusBar}, flags=-2122055608, canReceive=false
05-04 15:08:01.346405   774  1631 V WindowManager: findFocusedWindow: No focusable windows.
05-04 15:08:01.349116  1615  1615 V ActivityThread: Performing resume of ActivityRecord{e8c9fcd token=android.os.BinderProxy@1eb082 {com.android.launcher3/com.android.launcher3.Launcher}}
05-04 15:08:01.352235 26036 26036 V ActivityThread: Finishing stop of ActivityRecord{1eaa6d token=android.os.BinderProxy@249f6a2 {com.android.documentsui/com.android.documentsui.DocumentsActivity}}: show=false win=com.android.internal.policy.PhoneWindow@8111851
05-04 15:08:01.353919   774  1070 V ActivityManager: Broadcast: Intent { act=action_hide_recents_activity flg=0x14000010 pkg=com.android.systemui (has extras) } ordered=false userid=-2 callerApp=ProcessRecord{801ad2e 1081:com.android.systemui/u0a22}
05-04 15:08:01.353963 26036 26036 D ActivityThread: ACT-STOP_ACTIVITY_HIDE handled : 0 / android.os.BinderProxy@249f6a2
05-04 15:08:01.355125   774  7249 I ActivityManager: Process com.mediatek.engineermode (pid 25203) has died
05-04 15:08:01.355326   774  7249 D ActivityManager: SVC-handleAppDiedLocked: app = ProcessRecord{dcee2ca 25203:com.mediatek.engineermode/1001}, app.pid = 25203
05-04 15:08:01.355451   774  7249 D ActivityManager: SVC-mBroadcastQueues: com.android.server.am.BroadcastQueue@81d0254
05-04 15:08:01.355559   774  7249 D ActivityManager: SVC-mBroadcastQueues: com.android.server.am.BroadcastQueue@c07c5fd
05-04 15:08:01.358211  1615  1615 D ActivityThread: ACT-AM_ON_RESUME_CALLED ActivityRecord{e8c9fcd token=android.os.BinderProxy@1eb082 {com.android.launcher3/com.android.launcher3.Launcher}}
05-04 15:08:01.358293  1615  1615 V ActivityThread: Resume ActivityRecord{e8c9fcd token=android.os.BinderProxy@1eb082 {com.android.launcher3/com.android.launcher3.Launcher}} started activity: false, hideForNow: false, finished: false
05-04 15:08:01.358437  1615  1615 V ActivityThread: Resuming ActivityRecord{e8c9fcd token=android.os.BinderProxy@1eb082 {com.android.launcher3/com.android.launcher3.Launcher}} with isForward=true
05-04 15:08:01.360950  1615  1615 V ActivityThread: Scheduling idle handler for ActivityRecord{e8c9fcd token=android.os.BinderProxy@1eb082 {com.android.launcher3/com.android.launcher3.Launcher}}
05-04 15:08:01.362280  1615  1615 D ActivityThread: ACT-RESUME_ACTIVITY handled : 1 / android.os.BinderProxy@1eb082
05-04 15:08:01.366595  1615  1615 D ActivityThread: ACT-NEW_INTENT handled : 0 / NewIntentData{intents=[Intent { act=android.intent.action.MAIN cat=[android.intent.category.HOME] flg=0x10600000 cmp=com.android.launcher3/.Launcher (has extras) }] token=android.os.BinderProxy@1eb082}
05-04 15:08:01.371624   774  1734 V WindowManager: Looking for focus: 11 = Window{442fad4 u0 StatusBar}, flags=-2122055608, canReceive=false
05-04 15:08:01.371742   774  1734 V WindowManager: findFocusedWindow: Found new focus @ 7 = Window{3ddedb2 u0 com.android.launcher3/com.android.launcher3.Launcher}
05-04 15:08:01.372234   774  1734 V WindowManager: Changing focus from null to Window{3ddedb2 u0 com.android.launcher3/com.android.launcher3.Launcher} Callers=com.android.server.wm.WindowManagerService.relayoutWindow:3588 com.android.server.wm.Session.relayout:201 android.view.IWindowSession$Stub.onTransact:284 com.android.server.wm.Session.onTransact:133 
05-04 15:08:01.372400   774  1734 D WindowManager: Input focus has changed to Window{3ddedb2 u0 com.android.launcher3/com.android.launcher3.Launcher}
05-04 15:08:01.374920   774   824 I WindowManager: Focus moving from null to Window{3ddedb2 u0 com.android.launcher3/com.android.launcher3.Launcher}
05-04 15:08:01.375017   774   824 I WindowManager: Gaining focus: Window{3ddedb2 u0 com.android.launcher3/com.android.launcher3.Launcher}
05-04 15:08:01.383625   774  1734 V WindowManager: Looking for focus: 11 = Window{442fad4 u0 StatusBar}, flags=-2122055608, canReceive=false
05-04 15:08:01.383746   774  1734 V WindowManager: findFocusedWindow: Found new focus @ 7 = Window{3ddedb2 u0 com.android.launcher3/com.android.launcher3.Launcher}
05-04 15:08:01.404794   774 13786 V InputMethodManagerService: windowGainedFocus: android.os.BinderProxy@1e97934 controlFlags=#104 softInputMode=#120 windowFlags=#81910100
05-04 15:08:01.437964   774  1070 D PowerManagerService: releaseWakeLockInternal: lock=233190406 [*launch*], flags=0x0, total_time=112ms
