05-04 15:08:32.312519   774   986 V ActivityManager: Broadcast: Intent { act=android.os.storage.action.DISK_SCANNED flg=0x4000010 (has extras) } ordered=false userid=-1 callerApp=ProcessRecord{a4342ff 774:system/1000}
05-04 15:08:32.313373   774  7928 D ActivityManager: getContentProviderImpl: from caller=null (pid=774, userId=0) to get content provider com.android.externalstorage.documents cpr=ContentProviderRecord{1e4da8e u0 com.android.externalstorage/.ExternalStorageProvider}
05-04 15:08:32.316701   774   986 V ActivityManager: Broadcast: Intent { act=android.os.storage.action.VOLUME_STATE_CHANGED flg=0x4000010 (has extras) } ordered=false userid=-1 callerApp=ProcessRecord{a4342ff 774:system/1000}
05-04 15:08:32.317355 26072 26072 D ActivityThread: BDC-Calling onReceive: intent=Intent { act=android.os.storage.action.VOLUME_STATE_CHANGED flg=0x4000010 cmp=com.android.externalstorage/.MountReceiver (has extras) }, receiver=com.android.externalstorage.MountReceiver@e8c9fcd
05-04 15:08:32.322754 26072 26072 D ActivityThread: BDC-RECEIVER handled : 0 / ReceiverData{intent=Intent { act=android.os.storage.action.VOLUME_STATE_CHANGED flg=0x4000010 cmp=com.android.externalstorage/.MountReceiver (has extras) } packageName=com.android.externalstorage resultCode=-1 resultData=null resultExtras=null}
05-04 15:08:32.324934 26072 26072 D ActivityThread: BDC-Calling onReceive: intent=Intent { act=android.os.storage.action.VOLUME_STATE_CHANGED flg=0x4000010 cmp=com.android.externalstorage/.MountReceiver (has extras) }, receiver=com.android.externalstorage.MountReceiver@1eb082
05-04 15:08:32.330300 26072 26072 D ActivityThread: BDC-RECEIVER handled : 0 / ReceiverData{intent=Intent { act=android.os.storage.action.VOLUME_STATE_CHANGED flg=0x4000010 cmp=com.android.externalstorage/.MountReceiver (has extras) } packageName=com.android.externalstorage resultCode=-1 resultData=null resultExtras=null}
05-04 15:08:32.339246   774  7928 V NotificationService: enqueueNotificationInternal: pkg=com.android.systemui id=1397773634 notification=Notification(pri=-1 contentView=null vibrate=null sound=null defaults=0x0 flags=0x100 color=0xff607d8b category=sys actions=2 vis=PUBLIC)
05-04 15:08:32.340191   774   774 V MoMS.NotificationController: notifications are enabled for com.android.systemui
05-04 15:08:32.341080   774   774 V NotificationService: pkg=com.android.systemui canInterrupt=true intercept=false
05-04 15:08:32.341238   774   774 V NotificationService: Interrupting!
05-04 15:08:32.343476   774  1070 D NotificationService: Marking notification as seen -1|com.android.systemui|1397773634|public:8,1|10022
05-04 15:08:33.368577   774   984 D PowerManagerService: userActivityFromNative
05-04 15:08:33.368801   774   984 D PowerManagerService: userActivityNoUpdateLocked: eventTime=12000383, event=2, flags=0x0, uid=1000
05-04 15:08:33.368980   774   984 D PowerManagerNotifier: onUserActivity: event=2, uid=1000
05-04 15:08:33.369301   774   984 D PowerManagerService: updateUserActivitySummaryLocked: mWakefulness=Awake, mUserActivitySummary=0x9, nextTimeout=12000628 (in 241 ms)
05-04 15:08:33.369551   774   984 D DisplayPowerController: requestPowerState: policy=BRIGHT, useProximitySensor=false, screenBrightness=102, screenAutoBrightnessAdjustment=0.0, brightnessSetByUser=true, useAutoBrightness=false, blockScreenOn=false, lowPowerMode=false, boostScreenBrightness=false, dozeScreenBrightness=-1, dozeScreenState=UNKNOWN, waitForNegativeProximity=false
05-04 15:08:33.369646   774   984 I PowerManagerService: setBrightness mButtonLight, screenBrightness=102
05-04 15:08:33.369780   774   984 D PowerManagerService: updateDisplayPowerStateLocked: mDisplayReady=true, policy=3, mWakefulness=1, mWakeLockSummary=0x0, mUserActivitySummary=0x9, mBootCompleted=true, mScreenBrightnessBoostInProgress=false
05-04 15:08:33.492232   774 13786 D ActivityManager: getContentProviderImpl: from caller=null (pid=774, userId=0) to get content provider com.android.externalstorage.documents cpr=ContentProviderRecord{1e4da8e u0 com.android.externalstorage/.ExternalStorageProvider}
05-04 15:08:33.500685   774 13787 D ActivityManager: getContentProviderImpl: from caller=null (pid=774, userId=0) to get content provider com.android.externalstorage.documents cpr=ContentProviderRecord{1e4da8e u0 com.android.externalstorage/.ExternalStorageProvider}
05-04 15:08:33.511449   774   793 I ActivityManager: START u0 {act=android.provider.action.BROWSE_DOCUMENT_ROOT cat=[android.intent.category.DEFAULT] dat=content://com.android.externalstorage.documents/root/3B23-A78E cmp=com.android.documentsui/.DocumentsActivity} from uid 10022 from pid -1 on display 0
05-04 15:08:33.515463   774  7928 V WindowManager: Looking for focus: 10 = Window{442fad4 u0 StatusBar}, flags=-2122055608, canReceive=false
05-04 15:08:33.515666   774  7928 V WindowManager: findFocusedWindow: Found new focus @ 6 = Window{c5500a6 u0 com.android.launcher3/com.android.launcher3.Launcher}
05-04 15:08:33.516105   774   793 W ActivityManager: startActivity called from non-Activity context; forcing Intent.FLAG_ACTIVITY_NEW_TASK for: Intent { act=android.provider.action.BROWSE_DOCUMENT_ROOT cat=[android.intent.category.DEFAULT] dat=content://com.android.externalstorage.documents/root/3B23-A78E cmp=com.android.documentsui/.DocumentsActivity }
05-04 15:08:33.516147   774  7928 V WindowManager: Changing focus from Window{442fad4 u0 StatusBar} to Window{c5500a6 u0 com.android.launcher3/com.android.launcher3.Launcher} Callers=com.android.server.wm.WindowManagerService.relayoutWindow:3588 com.android.server.wm.Session.relayout:201 android.view.IWindowSession$Stub.onTransact:284 com.android.server.wm.Session.onTransact:133 
05-04 15:08:33.516333   774  7928 D WindowManager: Input focus has changed to Window{c5500a6 u0 com.android.launcher3/com.android.launcher3.Launcher}
05-04 15:08:33.520064   774   824 I WindowManager: Focus moving from Window{442fad4 u0 StatusBar} to Window{c5500a6 u0 com.android.launcher3/com.android.launcher3.Launcher}
05-04 15:08:33.520241   774   824 I WindowManager: Gaining focus: Window{c5500a6 u0 com.android.launcher3/com.android.launcher3.Launcher}
05-04 15:08:33.521547   774   793 V WindowManager: Looking for focus: 10 = Window{442fad4 u0 StatusBar}, flags=-2122055608, canReceive=false
05-04 15:08:33.521690   774   793 V WindowManager: findFocusedWindow: Found new focus @ 2 = Window{c5500a6 u0 com.android.launcher3/com.android.launcher3.Launcher}
05-04 15:08:33.523950   774  1613 V InputMethodManagerService: windowGainedFocus: android.os.BinderProxy@1e97934 controlFlags=#0 softInputMode=#20 windowFlags=#81910100
05-04 15:08:33.526000   774   793 V WindowManager: Set focused app to: AppWindowToken{f77d6c6 token=Token{9b603a2 ActivityRecord{2aecb6d u0 com.android.documentsui/.DocumentsActivity t90}}} old focus=AppWindowToken{e35d496 token=Token{64037b1 ActivityRecord{3d61a58 u0 com.android.launcher3/.Launcher t16}}} moveFocusNow=true
05-04 15:08:33.528997   774   793 V WindowManager: Looking for focus: 10 = Window{442fad4 u0 StatusBar}, flags=-2122055608, canReceive=false
05-04 15:08:33.529237   774   793 V WindowManager: findFocusedWindow: Reached focused app=AppWindowToken{f77d6c6 token=Token{9b603a2 ActivityRecord{2aecb6d u0 com.android.documentsui/.DocumentsActivity t90}}}
05-04 15:08:33.530742   774   793 V WindowManager: Changing focus from Window{c5500a6 u0 com.android.launcher3/com.android.launcher3.Launcher} to null Callers=com.android.server.wm.WindowManagerService.setFocusedApp:4469 com.android.server.am.ActivityManagerService.setFocusedActivityLocked:2823 com.android.server.am.ActivityStack.moveTaskToFrontLocked:4303 com.android.server.am.ActivityStackSupervisor.startActivityUncheckedLocked:2331 
05-04 15:08:33.530979   774   793 D WindowManager: Input focus has changed to null
05-04 15:08:33.532200   774  1613 W InputMethodManagerService: Window already focused, ignoring focus gain of: com.android.internal.view.IInputMethodClient$Stub$Proxy@d1c0ecf attribute=null, token = android.os.BinderProxy@d8f4a01
05-04 15:08:33.532551   774   824 I WindowManager: Losing focus: Window{442fad4 u0 StatusBar}
05-04 15:08:33.532947   774   824 I WindowManager: Focus moving from Window{c5500a6 u0 com.android.launcher3/com.android.launcher3.Launcher} to null
05-04 15:08:33.533031   774   824 I WindowManager: Losing focus: Window{c5500a6 u0 com.android.launcher3/com.android.launcher3.Launcher}
05-04 15:08:33.548709   774   793 D PowerManagerService: acquireWakeLockInternal: lock=233190406, flags=0x1, tag="*launch*", ws=WorkSource{10035}, uid=1000, pid=774
05-04 15:08:33.548989  1615  1615 D ActivityThread: ACT-AM_ON_PAUSE_CALLED ActivityRecord{e8c9fcd token=android.os.BinderProxy@1eb082 {com.android.launcher3/com.android.launcher3.Launcher}}
05-04 15:08:33.549098   774   793 D PowerManagerService: updateWakeLockSummaryLocked: mWakefulness=Awake, mWakeLockSummary=0x1
05-04 15:08:33.549453   774   793 D PowerManagerService: updateUserActivitySummaryLocked: mWakefulness=Awake, mUserActivitySummary=0x9, nextTimeout=12000628 (in 61 ms)
05-04 15:08:33.549587   774   793 D DisplayPowerController: requestPowerState: policy=BRIGHT, useProximitySensor=false, screenBrightness=102, screenAutoBrightnessAdjustment=0.0, brightnessSetByUser=true, useAutoBrightness=false, blockScreenOn=false, lowPowerMode=false, boostScreenBrightness=false, dozeScreenBrightness=-1, dozeScreenState=UNKNOWN, waitForNegativeProximity=false
05-04 15:08:33.549663   774   793 I PowerManagerService: setBrightness mButtonLight, screenBrightness=102
05-04 15:08:33.549743   774   793 D PowerManagerService: updateDisplayPowerStateLocked: mDisplayReady=true, policy=3, mWakefulness=1, mWakeLockSummary=0x1, mUserActivitySummary=0x9, mBootCompleted=true, mScreenBrightnessBoostInProgress=false
05-04 15:08:33.549843   774   793 D PowerManagerService: Acquiring suspend blocker "PowerManagerService.WakeLocks".
05-04 15:08:33.549981   774   793 D PowerManagerNotifier: onWakeLockAcquired: flags=1, tag="*launch*", packageName=android, ownerUid=1000, ownerPid=774, workSource=WorkSource{10035}
05-04 15:08:33.550851   774   793 D ActivityManager: Set intentActivity.task.mMovingToFront = true
05-04 15:08:33.576537   774   805 D ActivityManager: Delay resumeKeyDispatchingLocked() to avoid deadlock.
05-04 15:08:33.576771   774  1070 V WindowManager: Looking for focus: 10 = Window{442fad4 u0 StatusBar}, flags=-2122055608, canReceive=false
05-04 15:08:33.576851   774  1070 V WindowManager: findFocusedWindow: No focusable windows.
05-04 15:08:33.578691   774   810 D PowerManagerService: releaseWakeLockInternal: lock=233190406 [*launch*], flags=0x0, total_time=29ms
05-04 15:08:33.578715  1615  1615 D ActivityThread: ACT-PAUSE_ACTIVITY handled : 1 / android.os.BinderProxy@1eb082
05-04 15:08:33.578882   774   810 D PowerManagerNotifier: onWakeLockReleased: flags=1, tag="*launch*", packageName=android, ownerUid=1000, ownerPid=774, workSource=WorkSource{10035}
05-04 15:08:33.579060   774   810 D PowerManagerService: updateWakeLockSummaryLocked: mWakefulness=Awake, mWakeLockSummary=0x0
05-04 15:08:33.579225   774   810 D PowerManagerService: updateUserActivitySummaryLocked: mWakefulness=Awake, mUserActivitySummary=0x9, nextTimeout=12000628 (in 31 ms)
05-04 15:08:33.579363   774   810 D DisplayPowerController: requestPowerState: policy=BRIGHT, useProximitySensor=false, screenBrightness=102, screenAutoBrightnessAdjustment=0.0, brightnessSetByUser=true, useAutoBrightness=false, blockScreenOn=false, lowPowerMode=false, boostScreenBrightness=false, dozeScreenBrightness=-1, dozeScreenState=UNKNOWN, waitForNegativeProximity=false
05-04 15:08:33.579473   774   810 I PowerManagerService: setBrightness mButtonLight, screenBrightness=102
05-04 15:08:33.579551   774   810 D PowerManagerService: updateDisplayPowerStateLocked: mDisplayReady=true, policy=3, mWakefulness=1, mWakeLockSummary=0x0, mUserActivitySummary=0x9, mBootCompleted=true, mScreenBrightnessBoostInProgress=false
05-04 15:08:33.579654   774   810 D PowerManagerService: Releasing suspend blocker "PowerManagerService.WakeLocks".
05-04 15:08:33.596132   774  1664 V WindowManager: Looking for focus: 9 = Window{442fad4 u0 StatusBar}, flags=-2122055608, canReceive=false
05-04 15:08:33.596212   774  1664 V WindowManager: findFocusedWindow: No focusable windows.
05-04 15:08:33.597790 26036 26036 V ActivityThread: Handling launch of ActivityRecord{1eaa6d token=android.os.BinderProxy@249f6a2 {com.android.documentsui/com.android.documentsui.DocumentsActivity}} startsNotResumed=false
05-04 15:08:33.598257 26036 26036 V ActivityThread: ActivityRecord{1eaa6d token=android.os.BinderProxy@249f6a2 {com.android.documentsui/com.android.documentsui.DocumentsActivity}}: app=com.android.documentsui.DocumentsApplication@d7daf6, appName=com.android.documentsui, pkg=com.android.documentsui, comp={com.android.documentsui/com.android.documentsui.DocumentsActivity}, dir=/system/app/DocumentsUI/DocumentsUI.apk
05-04 15:08:33.608338   774   794 V ActivityManager: Broadcast sticky: Intent { act=android.intent.action.SIG_STR flg=0x20000010 (has extras) } ordered=false userid=-1 callerApp=ProcessRecord{a4342ff 774:system/1000}
05-04 15:08:33.610858   774   836 D PowerManagerService: handleUserActivityTimeout
05-04 15:08:33.611112   774   836 D PowerManagerService: updateUserActivitySummaryLocked: mWakefulness=Awake, mUserActivitySummary=0x1, nextTimeout=12053383 (in 52754 ms)
05-04 15:08:33.611398   774   836 D DisplayPowerController: requestPowerState: policy=BRIGHT, useProximitySensor=false, screenBrightness=102, screenAutoBrightnessAdjustment=0.0, brightnessSetByUser=true, useAutoBrightness=false, blockScreenOn=false, lowPowerMode=false, boostScreenBrightness=false, dozeScreenBrightness=-1, dozeScreenState=UNKNOWN, waitForNegativeProximity=false
05-04 15:08:33.612466   774   836 I PowerManagerService: setBrightness mButtonLight 0.
05-04 15:08:33.612563   774   836 D PowerManagerService: updateDisplayPowerStateLocked: mDisplayReady=true, policy=3, mWakefulness=1, mWakeLockSummary=0x0, mUserActivitySummary=0x1, mBootCompleted=true, mScreenBrightnessBoostInProgress=false
05-04 15:08:33.657885 26036 26036 V ActivityThread: Performing resume of ActivityRecord{1eaa6d token=android.os.BinderProxy@249f6a2 {com.android.documentsui/com.android.documentsui.DocumentsActivity}}
05-04 15:08:33.658519 26036 26036 D ActivityThread: ACT-AM_ON_RESUME_CALLED ActivityRecord{1eaa6d token=android.os.BinderProxy@249f6a2 {com.android.documentsui/com.android.documentsui.DocumentsActivity}}
05-04 15:08:33.658604 26036 26036 V ActivityThread: Resume ActivityRecord{1eaa6d token=android.os.BinderProxy@249f6a2 {com.android.documentsui/com.android.documentsui.DocumentsActivity}} started activity: false, hideForNow: false, finished: false
05-04 15:08:33.664403   774 13787 D WindowManager: addWindowToListInOrderLocked: win=Window{244af65 u0 com.android.documentsui/com.android.documentsui.DocumentsActivity} Callers=com.android.server.wm.WindowManagerService.addWindow:2771 com.android.server.wm.Session.addToDisplay:171 android.view.IWindowSession$Stub.onTransact:124 com.android.server.wm.Session.onTransact:133 
05-04 15:08:33.667913 26036 26036 V ActivityThread: Resuming ActivityRecord{1eaa6d token=android.os.BinderProxy@249f6a2 {com.android.documentsui/com.android.documentsui.DocumentsActivity}} with isForward=true
05-04 15:08:33.668255 26036 26036 V ActivityThread: Scheduling idle handler for ActivityRecord{1eaa6d token=android.os.BinderProxy@249f6a2 {com.android.documentsui/com.android.documentsui.DocumentsActivity}}
05-04 15:08:33.669197 26036 26036 D ActivityThread: ACT-RELAUNCH_ACTIVITY handled : 0 / ActivityRecord{d5970ab token=android.os.BinderProxy@249f6a2 no component name}
05-04 15:08:33.679405   774  1663 V WindowManager: Looking for focus: 10 = Window{442fad4 u0 StatusBar}, flags=-2122055608, canReceive=false
05-04 15:08:33.679568   774  1663 V WindowManager: findFocusedWindow: Found new focus @ 6 = Window{244af65 u0 com.android.documentsui/com.android.documentsui.DocumentsActivity}
05-04 15:08:33.680120   774  1663 V WindowManager: Changing focus from null to Window{244af65 u0 com.android.documentsui/com.android.documentsui.DocumentsActivity} Callers=com.android.server.wm.WindowManagerService.relayoutWindow:3588 com.android.server.wm.Session.relayout:201 android.view.IWindowSession$Stub.onTransact:284 com.android.server.wm.Session.onTransact:133 
05-04 15:08:33.680332   774  1663 D WindowManager: Input focus has changed to Window{244af65 u0 com.android.documentsui/com.android.documentsui.DocumentsActivity}
05-04 15:08:33.702718   774   824 I WindowManager: Focus moving from null to Window{244af65 u0 com.android.documentsui/com.android.documentsui.DocumentsActivity}
05-04 15:08:33.702831   774   824 I WindowManager: Gaining focus: Window{244af65 u0 com.android.documentsui/com.android.documentsui.DocumentsActivity}
05-04 15:08:33.829309   774   824 V WindowManager: Looking for focus: 10 = Window{442fad4 u0 StatusBar}, flags=-2122055608, canReceive=false
05-04 15:08:33.829468   774   824 V WindowManager: findFocusedWindow: Found new focus @ 6 = Window{244af65 u0 com.android.documentsui/com.android.documentsui.DocumentsActivity}
05-04 15:08:33.829947   774   824 D WindowManager: notifyActivityDrawnForKeyguard: waiting=false Callers=com.android.server.wm.WindowManagerService.handleAppTransitionReadyLocked:10079 com.android.server.wm.WindowManagerService.performLayoutAndPlaceSurfacesLockedInner:10699 com.android.server.wm.WindowManagerService.performLayoutAndPlaceSurfacesLockedLoop:9443 com.android.server.wm.WindowManagerService.performLayoutAndPlaceSurfacesLocked:9390 com.android.server.wm.WindowManagerService.-wrap8:-1 
05-04 15:08:33.830406   774   793 V InputMethodManagerService: windowGainedFocus: android.os.BinderProxy@d5b3c42 controlFlags=#105 softInputMode=#110 windowFlags=#81810100
05-04 15:08:33.867216   774   805 V WindowManager: Looking for focus: 10 = Window{442fad4 u0 StatusBar}, flags=-2122055608, canReceive=false
05-04 15:08:33.867829   774   805 V WindowManager: findFocusedWindow: Found new focus @ 6 = Window{244af65 u0 com.android.documentsui/com.android.documentsui.DocumentsActivity}
05-04 15:08:33.883694   774   805 I WindowState: WIN DEATH: Window{9ae24b0 u0 com.mediatek.filemanager/com.mediatek.filemanager.FileManagerOperationActivity}
05-04 15:08:33.886966   774 23363 D DisplayManagerService: Display listener for pid 26128 died.
05-04 15:08:33.890706   774   805 V WindowManager: Looking for focus: 9 = Window{442fad4 u0 StatusBar}, flags=-2122055608, canReceive=false
05-04 15:08:33.890876   774   805 V WindowManager: findFocusedWindow: Found new focus @ 5 = Window{244af65 u0 com.android.documentsui/com.android.documentsui.DocumentsActivity}
05-04 15:08:33.904256   774  1663 I ActivityManager: Process com.mediatek.filemanager (pid 26128) has died
05-04 15:08:33.904500   774  1663 D ActivityManager: SVC-handleAppDiedLocked: app = ProcessRecord{c191c0a 26128:com.mediatek.filemanager/u0a40}, app.pid = 26128
05-04 15:08:33.904723   774  1663 W ActivityManager: Scheduling restart of crashed service com.mediatek.filemanager/.service.FileManagerService in 1000ms
05-04 15:08:33.904943   774  1663 D ActivityManager: SVC-mBroadcastQueues: com.android.server.am.BroadcastQueue@81d0254
05-04 15:08:33.905014   774  1663 D ActivityManager: SVC-mBroadcastQueues: com.android.server.am.BroadcastQueue@c07c5fd
05-04 15:08:34.559995   774   824 D ActivityManager: ACT-IDLE_NOW_MSG from windowsVisible() for idle: ActivityRecord{2aecb6d u0 com.android.documentsui/.DocumentsActivity t90}
05-04 15:08:34.561023   774   824 V WindowManager: Looking for focus: 9 = Window{442fad4 u0 StatusBar}, flags=-2122055608, canReceive=false
05-04 15:08:34.561123   774   824 V WindowManager: findFocusedWindow: Found new focus @ 5 = Window{244af65 u0 com.android.documentsui/com.android.documentsui.DocumentsActivity}
05-04 15:08:34.567148  1615  1615 V ActivityThread: Finishing stop of ActivityRecord{e8c9fcd token=android.os.BinderProxy@1eb082 {com.android.launcher3/com.android.launcher3.Launcher}}: show=false win=com.android.internal.policy.PhoneWindow@60368d8
05-04 15:08:34.568294  1615  1615 D ActivityThread: ACT-STOP_ACTIVITY_HIDE handled : 0 / android.os.BinderProxy@1eb082
05-04 15:08:35.935469   774   984 D PowerManagerService: userActivityFromNative
05-04 15:08:35.935803   774   984 D PowerManagerService: userActivityNoUpdateLocked: eventTime=12002949, event=2, flags=0x0, uid=1000
05-04 15:08:35.936256   774   984 D PowerManagerNotifier: onUserActivity: event=2, uid=1000
05-04 15:08:35.936857   774   984 D PowerManagerService: updateUserActivitySummaryLocked: mWakefulness=Awake, mUserActivitySummary=0x1, nextTimeout=12055949 (in 52995 ms)
05-04 15:08:35.937446   774   984 D DisplayPowerController: requestPowerState: policy=BRIGHT, useProximitySensor=false, screenBrightness=102, screenAutoBrightnessAdjustment=0.0, brightnessSetByUser=true, useAutoBrightness=false, blockScreenOn=false, lowPowerMode=false, boostScreenBrightness=false, dozeScreenBrightness=-1, dozeScreenState=UNKNOWN, waitForNegativeProximity=false
05-04 15:08:35.937652   774   984 I PowerManagerService: setBrightness mButtonLight 0.
05-04 15:08:35.937954   774   984 D PowerManagerService: updateDisplayPowerStateLocked: mDisplayReady=true, policy=3, mWakefulness=1, mWakeLockSummary=0x0, mUserActivitySummary=0x1, mBootCompleted=true, mScreenBrightnessBoostInProgress=false
05-04 15:08:35.946353   774  7249 V SettingsProvider: packageValueForCallResult, name = haptic_feedback_enabled, value : 1
05-04 15:08:35.947178   774  7249 D PowerManagerService: acquireWakeLockInternal: lock=219870454, flags=0x1, tag="*vibrator*", ws=WorkSource{1000}, uid=1000, pid=774
05-04 15:08:35.947322   774  7249 D PowerManagerService: updateWakeLockSummaryLocked: mWakefulness=Awake, mWakeLockSummary=0x1
05-04 15:08:35.948014   774  7249 D PowerManagerService: updateUserActivitySummaryLocked: mWakefulness=Awake, mUserActivitySummary=0x1, nextTimeout=12055949 (in 52983 ms)
05-04 15:08:35.954014   774  7249 D DisplayPowerController: requestPowerState: policy=BRIGHT, useProximitySensor=false, screenBrightness=102, screenAutoBrightnessAdjustment=0.0, brightnessSetByUser=true, useAutoBrightness=false, blockScreenOn=false, lowPowerMode=false, boostScreenBrightness=false, dozeScreenBrightness=-1, dozeScreenState=UNKNOWN, waitForNegativeProximity=false
05-04 15:08:35.954151   774  7249 I PowerManagerService: setBrightness mButtonLight 0.
05-04 15:08:35.954258   774  7249 D PowerManagerService: updateDisplayPowerStateLocked: mDisplayReady=true, policy=3, mWakefulness=1, mWakeLockSummary=0x1, mUserActivitySummary=0x1, mBootCompleted=true, mScreenBrightnessBoostInProgress=false
05-04 15:08:35.954410   774  7249 D PowerManagerService: Acquiring suspend blocker "PowerManagerService.WakeLocks".
05-04 15:08:35.954585   774  7249 D PowerManagerNotifier: onWakeLockAcquired: flags=1, tag="*vibrator*", packageName=android, ownerUid=1000, ownerPid=774, workSource=WorkSource{1000}
05-04 15:08:35.955535   774   984 D PowerManagerService: userActivityFromNative
05-04 15:08:35.955671   774   984 D PowerManagerService: userActivityNoUpdateLocked: eventTime=12002960, event=1, flags=0x0, uid=1000
05-04 15:08:35.955760   774   984 D PowerManagerNotifier: onUserActivity: event=1, uid=1000
05-04 15:08:35.955984   774   984 D PowerManagerService: updateUserActivitySummaryLocked: mWakefulness=Awake, mUserActivitySummary=0x9, nextTimeout=12010960 (in 7986 ms)
05-04 15:08:35.956115   774   984 D DisplayPowerController: requestPowerState: policy=BRIGHT, useProximitySensor=false, screenBrightness=102, screenAutoBrightnessAdjustment=0.0, brightnessSetByUser=true, useAutoBrightness=false, blockScreenOn=false, lowPowerMode=false, boostScreenBrightness=false, dozeScreenBrightness=-1, dozeScreenState=UNKNOWN, waitForNegativeProximity=false
05-04 15:08:35.956585   774   984 I PowerManagerService: setBrightness mButtonLight, screenBrightness=102
05-04 15:08:35.956696   774   984 D PowerManagerService: updateDisplayPowerStateLocked: mDisplayReady=true, policy=3, mWakefulness=1, mWakeLockSummary=0x1, mUserActivitySummary=0x9, mBootCompleted=true, mScreenBrightnessBoostInProgress=false
05-04 15:08:36.017833   774 26367 D PowerManagerService: releaseWakeLockInternal: lock=219870454 [*vibrator*], flags=0x0, total_time=70ms
05-04 15:08:36.018028   774 26367 D PowerManagerNotifier: onWakeLockReleased: flags=1, tag="*vibrator*", packageName=android, ownerUid=1000, ownerPid=774, workSource=WorkSource{1000}
05-04 15:08:36.018200   774 26367 D PowerManagerService: updateWakeLockSummaryLocked: mWakefulness=Awake, mWakeLockSummary=0x0
05-04 15:08:36.018350   774 26367 D PowerManagerService: updateUserActivitySummaryLocked: mWakefulness=Awake, mUserActivitySummary=0x9, nextTimeout=12010960 (in 7924 ms)
05-04 15:08:36.018493   774 26367 D DisplayPowerController: requestPowerState: policy=BRIGHT, useProximitySensor=false, screenBrightness=102, screenAutoBrightnessAdjustment=0.0, brightnessSetByUser=true, useAutoBrightness=false, blockScreenOn=false, lowPowerMode=false, boostScreenBrightness=false, dozeScreenBrightness=-1, dozeScreenState=UNKNOWN, waitForNegativeProximity=false
05-04 15:08:36.018581   774 26367 I PowerManagerService: setBrightness mButtonLight, screenBrightness=102
05-04 15:08:36.018713   774 26367 D PowerManagerService: updateDisplayPowerStateLocked: mDisplayReady=true, policy=3, mWakefulness=1, mWakeLockSummary=0x0, mUserActivitySummary=0x9, mBootCompleted=true, mScreenBrightnessBoostInProgress=false
05-04 15:08:36.018834   774 26367 D PowerManagerService: Releasing suspend blocker "PowerManagerService.WakeLocks".
05-04 15:08:36.044692   774   983 D AlarmManager: set alarm to RTC 537490054
05-04 15:08:36.044827   774   983 V AlarmManager: openLteGateSuccess = false
05-04 15:08:36.045608   774   983 V ActivityManager: Broadcast: Intent { act=com.wandoujia.p4.recommand.clean.ACTION_CHECK_ONLINE_CONFIG flg=0x114 cmp=com.wandoujia.phoenix2/com.wandoujia.p4.recommand.clean.CleanBroadcastReceiver (has extras) } ordered=true userid=0 callerApp=null
05-04 15:08:36.049730   774   983 V AlarmManager: sending alarm Alarm{ee1ca06 type 3 when 537466099 com.wandoujia.phoenix2} success
05-04 15:08:36.050061   774   983 D PowerManagerService: acquireWakeLockInternal: lock=71493382, flags=0x1, tag="*alarm*", ws=WorkSource{10080}, uid=1000, pid=774
05-04 15:08:36.050190   774   983 D PowerManagerService: updateWakeLockSummaryLocked: mWakefulness=Awake, mWakeLockSummary=0x1
05-04 15:08:36.050262 22948 22948 D ActivityThread: BDC-Calling onReceive: intent=Intent { act=com.wandoujia.p4.recommand.clean.ACTION_CHECK_ONLINE_CONFIG flg=0x114 cmp=com.wandoujia.phoenix2/com.wandoujia.p4.recommand.clean.CleanBroadcastReceiver (has extras) }, receiver=com.wandoujia.p4.recommand.clean.CleanBroadcastReceiver@c0979f9
05-04 15:08:36.050319   774   983 D PowerManagerService: updateUserActivitySummaryLocked: mWakefulness=Awake, mUserActivitySummary=0x9, nextTimeout=12010960 (in 7892 ms)
05-04 15:08:36.050441   774   983 D DisplayPowerController: requestPowerState: policy=BRIGHT, useProximitySensor=false, screenBrightness=102, screenAutoBrightnessAdjustment=0.0, brightnessSetByUser=true, useAutoBrightness=false, blockScreenOn=false, lowPowerMode=false, boostScreenBrightness=false, dozeScreenBrightness=-1, dozeScreenState=UNKNOWN, waitForNegativeProximity=false
05-04 15:08:36.050516   774   983 I PowerManagerService: setBrightness mButtonLight, screenBrightness=102
05-04 15:08:36.050595   774   983 D PowerManagerService: updateDisplayPowerStateLocked: mDisplayReady=true, policy=3, mWakefulness=1, mWakeLockSummary=0x1, mUserActivitySummary=0x9, mBootCompleted=true, mScreenBrightnessBoostInProgress=false
05-04 15:08:36.050697   774   983 D PowerManagerService: Acquiring suspend blocker "PowerManagerService.WakeLocks".
05-04 15:08:36.050827   774   983 D PowerManagerNotifier: onWakeLockAcquired: flags=1, tag="*alarm*", packageName=android, ownerUid=1000, ownerPid=774, workSource=WorkSource{10080}
05-04 15:08:36.051987   774  1734 D PowerManagerService: userActivityNoUpdateLocked: eventTime=12003069, event=0, flags=0x0, uid=1000
05-04 15:08:36.052101   774  1734 D PowerManagerNotifier: onUserActivity: event=0, uid=1000
05-04 15:08:36.052319   774  1734 D PowerManagerService: updateUserActivitySummaryLocked: mWakefulness=Awake, mUserActivitySummary=0x9, nextTimeout=12010960 (in 7890 ms)
05-04 15:08:36.052446   774  1734 D DisplayPowerController: requestPowerState: policy=BRIGHT, useProximitySensor=false, screenBrightness=102, screenAutoBrightnessAdjustment=0.0, brightnessSetByUser=true, useAutoBrightness=false, blockScreenOn=false, lowPowerMode=false, boostScreenBrightness=false, dozeScreenBrightness=-1, dozeScreenState=UNKNOWN, waitForNegativeProximity=false
05-04 15:08:36.052519   774  1734 I PowerManagerService: setBrightness mButtonLight, screenBrightness=102
05-04 15:08:36.052594   774  1734 D PowerManagerService: updateDisplayPowerStateLocked: mDisplayReady=true, policy=3, mWakefulness=1, mWakeLockSummary=0x1, mUserActivitySummary=0x9, mBootCompleted=true, mScreenBrightnessBoostInProgress=false
05-04 15:08:36.064460   774   984 V ActivityManager: Broadcast: Intent { act=android.intent.action.CLOSE_SYSTEM_DIALOGS flg=0x50000010 (has extras) } ordered=false userid=-1 callerApp=null
05-04 15:08:36.069106   774   984 D PowerManagerService: userActivityNoUpdateLocked: eventTime=12003087, event=0, flags=0x0, uid=1000
05-04 15:08:36.069256   774   984 D PowerManagerNotifier: onUserActivity: event=0, uid=1000
05-04 15:08:36.069446   774   984 D PowerManagerService: updateUserActivitySummaryLocked: mWakefulness=Awake, mUserActivitySummary=0x9, nextTimeout=12010960 (in 7873 ms)
05-04 15:08:36.069550   774   984 D DisplayPowerController: requestPowerState: policy=BRIGHT, useProximitySensor=false, screenBrightness=102, screenAutoBrightnessAdjustment=0.0, brightnessSetByUser=true, useAutoBrightness=false, blockScreenOn=false, lowPowerMode=false, boostScreenBrightness=false, dozeScreenBrightness=-1, dozeScreenState=UNKNOWN, waitForNegativeProximity=false
05-04 15:08:36.069611   774   984 I PowerManagerService: setBrightness mButtonLight, screenBrightness=102
05-04 15:08:36.069671   774   984 D PowerManagerService: updateDisplayPowerStateLocked: mDisplayReady=true, policy=3, mWakefulness=1, mWakeLockSummary=0x1, mUserActivitySummary=0x9, mBootCompleted=true, mScreenBrightnessBoostInProgress=false
05-04 15:08:36.069857   774   984 V SettingsProvider: packageValueForCallResult, name = user_setup_complete, value : 1
05-04 15:08:36.070794   774   984 I ActivityManager: START u0 {act=android.intent.action.MAIN cat=[android.intent.category.HOME] flg=0x10200000 cmp=com.android.launcher3/.Launcher (has extras)} from uid 1000 from pid 774 on display 0
05-04 15:08:36.071056   774  1613 V AlarmManager: APP set(PendingIntent{85508c7: PendingIntentRecord{4469e56 com.wandoujia.phoenix2 broadcastIntent}}) : type=3 triggerAtTime=537476117 win=-1 tElapsed=537476117 maxElapsed=537476117 interval=0 flags=0x0
05-04 15:08:36.071617   774   984 V WindowManager: Looking for focus: 9 = Window{442fad4 u0 StatusBar}, flags=-2122055608, canReceive=false
05-04 15:08:36.071719   774   984 V WindowManager: findFocusedWindow: Found new focus @ 3 = Window{244af65 u0 com.android.documentsui/com.android.documentsui.DocumentsActivity}
05-04 15:08:36.074263   774   984 V WindowManager: Set focused app to: AppWindowToken{e35d496 token=Token{64037b1 ActivityRecord{3d61a58 u0 com.android.launcher3/.Launcher t16}}} old focus=AppWindowToken{f77d6c6 token=Token{9b603a2 ActivityRecord{2aecb6d u0 com.android.documentsui/.DocumentsActivity t90}}} moveFocusNow=true
05-04 15:08:36.076754   774   984 V WindowManager: Looking for focus: 9 = Window{442fad4 u0 StatusBar}, flags=-2122055608, canReceive=false
05-04 15:08:36.076904   774   984 V WindowManager: findFocusedWindow: Reached focused app=AppWindowToken{e35d496 token=Token{64037b1 ActivityRecord{3d61a58 u0 com.android.launcher3/.Launcher t16}}}
05-04 15:08:36.077856   774   984 V WindowManager: Changing focus from Window{244af65 u0 com.android.documentsui/com.android.documentsui.DocumentsActivity} to null Callers=com.android.server.wm.WindowManagerService.setFocusedApp:4469 com.android.server.am.ActivityManagerService.setFocusedActivityLocked:2823 com.android.server.am.ActivityStack.moveTaskToFrontLocked:4303 com.android.server.am.ActivityStackSupervisor.startActivityUncheckedLocked:2331 
05-04 15:08:36.078014   774   984 D WindowManager: Input focus has changed to null
05-04 15:08:36.078609   774   824 I WindowManager: Focus moving from Window{244af65 u0 com.android.documentsui/com.android.documentsui.DocumentsActivity} to null
05-04 15:08:36.078756   774   824 I WindowManager: Losing focus: Window{244af65 u0 com.android.documentsui/com.android.documentsui.DocumentsActivity}
05-04 15:08:36.111458   774   794 D CSLegacyTypeTracker: getNetworkForType type 1
05-04 15:08:36.113107   774  1070 D CSLegacyTypeTracker: getNetworkForType type 0
05-04 15:08:36.117781   774  7249 D ConnectivityService: getActiveNetworkInfo networkInfo = null
05-04 15:08:36.118127   774   984 D PowerManagerService: acquireWakeLockInternal: lock=233190406, flags=0x1, tag="*launch*", ws=WorkSource{10014}, uid=1000, pid=774
05-04 15:08:36.118266   774   984 D PowerManagerService: updateWakeLockSummaryLocked: mWakefulness=Awake, mWakeLockSummary=0x1
05-04 15:08:36.118390   774   984 D PowerManagerService: updateUserActivitySummaryLocked: mWakefulness=Awake, mUserActivitySummary=0x9, nextTimeout=12010960 (in 7824 ms)
05-04 15:08:36.118579   774   984 D DisplayPowerController: requestPowerState: policy=BRIGHT, useProximitySensor=false, screenBrightness=102, screenAutoBrightnessAdjustment=0.0, brightnessSetByUser=true, useAutoBrightness=false, blockScreenOn=false, lowPowerMode=false, boostScreenBrightness=false, dozeScreenBrightness=-1, dozeScreenState=UNKNOWN, waitForNegativeProximity=false
05-04 15:08:36.118658   774   984 I PowerManagerService: setBrightness mButtonLight, screenBrightness=102
05-04 15:08:36.118722   774   984 D PowerManagerService: updateDisplayPowerStateLocked: mDisplayReady=true, policy=3, mWakefulness=1, mWakeLockSummary=0x1, mUserActivitySummary=0x9, mBootCompleted=true, mScreenBrightnessBoostInProgress=false
05-04 15:08:36.118894   774   984 D PowerManagerNotifier: onWakeLockAcquired: flags=1, tag="*launch*", packageName=android, ownerUid=1000, ownerPid=774, workSource=WorkSource{10014}
05-04 15:08:36.119524   774   984 D ActivityManager: Delay resumeKeyDispatchingLocked() to avoid deadlock.
05-04 15:08:36.120577 26036 26036 D ActivityThread: ACT-AM_ON_PAUSE_CALLED ActivityRecord{1eaa6d token=android.os.BinderProxy@249f6a2 {com.android.documentsui/com.android.documentsui.DocumentsActivity}}
05-04 15:08:36.120721 26036 26036 D ActivityThread: ACT-PAUSE_ACTIVITY handled : 3 / android.os.BinderProxy@249f6a2
05-04 15:08:36.127363   774   984 D ActivityManager: Set intentActivity.task.mMovingToFront = true
05-04 15:08:36.130336   774  1613 D AlarmManager:  whichBatch = -1
05-04 15:08:36.130495   774  1613 D AlarmManager: set alarm to RTC 537476117
05-04 15:08:36.132029 22948 22948 D ActivityThread: BDC-RECEIVER handled : 0 / ReceiverData{intent=Intent { act=com.wandoujia.p4.recommand.clean.ACTION_CHECK_ONLINE_CONFIG flg=0x114 cmp=com.wandoujia.phoenix2/com.wandoujia.p4.recommand.clean.CleanBroadcastReceiver (has extras) } packageName=com.wandoujia.phoenix2 resultCode=0 resultData=null resultExtras=null}
05-04 15:08:36.132034 26036 26036 V ActivityThread: Finishing stop of ActivityRecord{1eaa6d token=android.os.BinderProxy@249f6a2 {com.android.documentsui/com.android.documentsui.DocumentsActivity}}: show=false win=com.android.internal.policy.PhoneWindow@2775621
05-04 15:08:36.134439 26036 26036 D ActivityThread: ACT-STOP_ACTIVITY_HIDE handled : 0 / android.os.BinderProxy@249f6a2
05-04 15:08:36.135079   774   774 D AlarmManager: onSendFinished begin
05-04 15:08:36.135294   774   774 D PowerManagerService: releaseWakeLockInternal: lock=71493382 [*alarm*], flags=0x0, total_time=85ms
05-04 15:08:36.135387   774   774 D PowerManagerNotifier: onWakeLockReleased: flags=1, tag="*alarm*", packageName=android, ownerUid=1000, ownerPid=774, workSource=WorkSource{10080}
05-04 15:08:36.135507   774   774 D PowerManagerService: updateWakeLockSummaryLocked: mWakefulness=Awake, mWakeLockSummary=0x1
05-04 15:08:36.135693   774   774 D PowerManagerService: updateUserActivitySummaryLocked: mWakefulness=Awake, mUserActivitySummary=0x9, nextTimeout=12010960 (in 7807 ms)
05-04 15:08:36.135792   774   774 D DisplayPowerController: requestPowerState: policy=BRIGHT, useProximitySensor=false, screenBrightness=102, screenAutoBrightnessAdjustment=0.0, brightnessSetByUser=true, useAutoBrightness=false, blockScreenOn=false, lowPowerMode=false, boostScreenBrightness=false, dozeScreenBrightness=-1, dozeScreenState=UNKNOWN, waitForNegativeProximity=false
05-04 15:08:36.135866   774   774 I PowerManagerService: setBrightness mButtonLight, screenBrightness=102
05-04 15:08:36.135910   774  1663 V ActivityManager: Broadcast: Intent { act=action_hide_recents_activity flg=0x14000010 pkg=com.android.systemui (has extras) } ordered=false userid=-2 callerApp=ProcessRecord{801ad2e 1081:com.android.systemui/u0a22}
05-04 15:08:36.135938   774   774 D PowerManagerService: updateDisplayPowerStateLocked: mDisplayReady=true, policy=3, mWakefulness=1, mWakeLockSummary=0x1, mUserActivitySummary=0x9, mBootCompleted=true, mScreenBrightnessBoostInProgress=false
05-04 15:08:36.138715   774  1734 V WindowManager: Looking for focus: 9 = Window{442fad4 u0 StatusBar}, flags=-2122055608, canReceive=false
05-04 15:08:36.138823   774  1734 V WindowManager: findFocusedWindow: No focusable windows.
05-04 15:08:36.143039  1615  1615 V ActivityThread: Performing resume of ActivityRecord{e8c9fcd token=android.os.BinderProxy@1eb082 {com.android.launcher3/com.android.launcher3.Launcher}}
05-04 15:08:36.152811  1615  1615 D ActivityThread: ACT-AM_ON_RESUME_CALLED ActivityRecord{e8c9fcd token=android.os.BinderProxy@1eb082 {com.android.launcher3/com.android.launcher3.Launcher}}
05-04 15:08:36.152927  1615  1615 V ActivityThread: Resume ActivityRecord{e8c9fcd token=android.os.BinderProxy@1eb082 {com.android.launcher3/com.android.launcher3.Launcher}} started activity: false, hideForNow: false, finished: false
05-04 15:08:36.153021  1615  1615 V ActivityThread: Resuming ActivityRecord{e8c9fcd token=android.os.BinderProxy@1eb082 {com.android.launcher3/com.android.launcher3.Launcher}} with isForward=true
05-04 15:08:36.153809  1615  1615 V ActivityThread: Scheduling idle handler for ActivityRecord{e8c9fcd token=android.os.BinderProxy@1eb082 {com.android.launcher3/com.android.launcher3.Launcher}}
05-04 15:08:36.157250  1615  1615 D ActivityThread: ACT-RESUME_ACTIVITY handled : 1 / android.os.BinderProxy@1eb082
05-04 15:08:36.162038   774   805 V WindowManager: Looking for focus: 9 = Window{442fad4 u0 StatusBar}, flags=-2122055608, canReceive=false
05-04 15:08:36.162139   774   805 V WindowManager: findFocusedWindow: No focusable windows.
05-04 15:08:36.162969  1615  1615 D ActivityThread: ACT-NEW_INTENT handled : 0 / NewIntentData{intents=[Intent { act=android.intent.action.MAIN cat=[android.intent.category.HOME] flg=0x10600000 cmp=com.android.launcher3/.Launcher (has extras) }] token=android.os.BinderProxy@1eb082}
05-04 15:08:36.171599   336   970 D NetlinkEvent: clear RA flag done
05-04 15:08:36.172103   336   970 D SocketClient: SocketClient sendData done: 600 Iface linkstate wlan0 down
05-04 15:08:36.172448   774  1009 D NetdConnector: RCV <- {600 Iface linkstate wlan0 down}
05-04 15:08:36.173929   774  1070 V WindowManager: Looking for focus: 9 = Window{442fad4 u0 StatusBar}, flags=-2122055608, canReceive=false
05-04 15:08:36.174096   774  1070 V WindowManager: findFocusedWindow: Found new focus @ 5 = Window{c5500a6 u0 com.android.launcher3/com.android.launcher3.Launcher}
05-04 15:08:36.174232   774   812 D NetworkManagement: onEvent:600 Iface linkstate wlan0 down:5
05-04 15:08:36.174426   774  1070 V WindowManager: Changing focus from null to Window{c5500a6 u0 com.android.launcher3/com.android.launcher3.Launcher} Callers=com.android.server.wm.WindowManagerService.relayoutWindow:3588 com.android.server.wm.Session.relayout:201 android.view.IWindowSession$Stub.onTransact:284 com.android.server.wm.Session.onTransact:133 
05-04 15:08:36.174592   774  1070 D WindowManager: Input focus has changed to Window{c5500a6 u0 com.android.launcher3/com.android.launcher3.Launcher}
05-04 15:08:36.184151   774   824 I WindowManager: Focus moving from null to Window{c5500a6 u0 com.android.launcher3/com.android.launcher3.Launcher}
05-04 15:08:36.184228   774   824 I WindowManager: Gaining focus: Window{c5500a6 u0 com.android.launcher3/com.android.launcher3.Launcher}
05-04 15:08:36.220785   774  1013 V ActivityManager: Broadcast: Intent { act=android.net.wifi.SCAN_RESULTS flg=0x4000010 (has extras) } ordered=false userid=-1 callerApp=ProcessRecord{a4342ff 774:system/1000}
05-04 15:08:36.221210   774  1613 V InputMethodManagerService: windowGainedFocus: android.os.BinderProxy@1e97934 controlFlags=#104 softInputMode=#120 windowFlags=#81910100
05-04 15:08:36.223333   774   774 I WifiNotificationController: checkAndSetNotification, state:DISCONNECTED
05-04 15:08:36.231445   774   774 D WifiNotificationController: Connecting networkId:-1, isConnecting:false
05-04 15:08:36.231509   774   774 I WifiNotificationController: Open network num:0
05-04 15:08:36.264865   774  1171 D PowerManagerService: releaseWakeLockInternal: lock=233190406 [*launch*], flags=0x0, total_time=146ms
05-04 15:08:36.265053   774  1171 D PowerManagerNotifier: onWakeLockReleased: flags=1, tag="*launch*", packageName=android, ownerUid=1000, ownerPid=774, workSource=WorkSource{10014}
05-04 15:08:36.265213   774  1171 D PowerManagerService: updateWakeLockSummaryLocked: mWakefulness=Awake, mWakeLockSummary=0x0
05-04 15:08:36.265334   774  1171 D PowerManagerService: updateUserActivitySummaryLocked: mWakefulness=Awake, mUserActivitySummary=0x9, nextTimeout=12010960 (in 7677 ms)
05-04 15:08:36.265564   774  1171 D DisplayPowerController: requestPowerState: policy=BRIGHT, useProximitySensor=false, screenBrightness=102, screenAutoBrightnessAdjustment=0.0, brightnessSetByUser=true, useAutoBrightness=false, blockScreenOn=false, lowPowerMode=false, boostScreenBrightness=false, dozeScreenBrightness=-1, dozeScreenState=UNKNOWN, waitForNegativeProximity=false
05-04 15:08:36.265655   774  1171 I PowerManagerService: setBrightness mButtonLight, screenBrightness=102
05-04 15:08:36.265761   774  1171 D PowerManagerService: updateDisplayPowerStateLocked: mDisplayReady=true, policy=3, mWakefulness=1, mWakeLockSummary=0x0, mUserActivitySummary=0x9, mBootCompleted=true, mScreenBrightnessBoostInProgress=false
05-04 15:08:36.265859   774  1171 D PowerManagerService: Releasing suspend blocker "PowerManagerService.WakeLocks".
05-04 15:08:36.270303   774   824 V WindowManager: Looking for focus: 9 = Window{442fad4 u0 StatusBar}, flags=-2122055608, canReceive=false
05-04 15:08:36.270463   774   824 V WindowManager: findFocusedWindow: Found new focus @ 5 = Window{c5500a6 u0 com.android.launcher3/com.android.launcher3.Launcher}
05-04 15:08:36.270828   774   824 D WindowManager: notifyActivityDrawnForKeyguard: waiting=false Callers=com.android.server.wm.WindowManagerService.handleAppTransitionReadyLocked:10079 com.android.server.wm.WindowManagerService.performLayoutAndPlaceSurfacesLockedInner:10699 com.android.server.wm.WindowManagerService.performLayoutAndPlaceSurfacesLockedLoop:9443 com.android.server.wm.WindowManagerService.performLayoutAndPlaceSurfacesLocked:9390 com.android.server.wm.WindowManagerService.-wrap8:-1 
05-04 15:08:36.284257   774   793 V WindowManager: Looking for focus: 9 = Window{442fad4 u0 StatusBar}, flags=-2122055608, canReceive=false
05-04 15:08:36.284414   774   793 V WindowManager: findFocusedWindow: Found new focus @ 5 = Window{c5500a6 u0 com.android.launcher3/com.android.launcher3.Launcher}
05-04 15:08:36.692335   774   824 V WindowManager: Looking for focus: 9 = Window{442fad4 u0 StatusBar}, flags=-2122055608, canReceive=false
05-04 15:08:36.692508   774   824 V WindowManager: findFocusedWindow: Found new focus @ 5 = Window{c5500a6 u0 com.android.launcher3/com.android.launcher3.Launcher}
05-04 15:08:36.899791   774   984 D PowerManagerService: userActivityFromNative
05-04 15:08:36.899993   774   984 D PowerManagerService: userActivityNoUpdateLocked: eventTime=12003916, event=2, flags=0x0, uid=1000
05-04 15:08:36.900088   774   984 D PowerManagerNotifier: onUserActivity: event=2, uid=1000
05-04 15:08:36.900369   774   984 D PowerManagerService: updateUserActivitySummaryLocked: mWakefulness=Awake, mUserActivitySummary=0x9, nextTimeout=12010960 (in 7042 ms)
05-04 15:08:36.900530   774   984 D DisplayPowerController: requestPowerState: policy=BRIGHT, useProximitySensor=false, screenBrightness=102, screenAutoBrightnessAdjustment=0.0, brightnessSetByUser=true, useAutoBrightness=false, blockScreenOn=false, lowPowerMode=false, boostScreenBrightness=false, dozeScreenBrightness=-1, dozeScreenState=UNKNOWN, waitForNegativeProximity=false
05-04 15:08:36.900620   774   984 I PowerManagerService: setBrightness mButtonLight, screenBrightness=102
05-04 15:08:36.900710   774   984 D PowerManagerService: updateDisplayPowerStateLocked: mDisplayReady=true, policy=3, mWakefulness=1, mWakeLockSummary=0x0, mUserActivitySummary=0x9, mBootCompleted=true, mScreenBrightnessBoostInProgress=false
05-04 15:08:36.902556   774  1664 V SettingsProvider: packageValueForCallResult, name = haptic_feedback_enabled, value : 1
05-04 15:08:36.903615   774  1664 D PowerManagerService: acquireWakeLockInternal: lock=219870454, flags=0x1, tag="*vibrator*", ws=WorkSource{10014}, uid=1000, pid=774
05-04 15:08:36.903767   774  1664 D PowerManagerService: updateWakeLockSummaryLocked: mWakefulness=Awake, mWakeLockSummary=0x1
05-04 15:08:36.903941   774  1664 D PowerManagerService: updateUserActivitySummaryLocked: mWakefulness=Awake, mUserActivitySummary=0x9, nextTimeout=12010960 (in 7038 ms)
05-04 15:08:36.904135   774  1664 D DisplayPowerController: requestPowerState: policy=BRIGHT, useProximitySensor=false, screenBrightness=102, screenAutoBrightnessAdjustment=0.0, brightnessSetByUser=true, useAutoBrightness=false, blockScreenOn=false, lowPowerMode=false, boostScreenBrightness=false, dozeScreenBrightness=-1, dozeScreenState=UNKNOWN, waitForNegativeProximity=false
05-04 15:08:36.904226   774  1664 I PowerManagerService: setBrightness mButtonLight, screenBrightness=102
05-04 15:08:36.904346   774  1664 D PowerManagerService: updateDisplayPowerStateLocked: mDisplayReady=true, policy=3, mWakefulness=1, mWakeLockSummary=0x1, mUserActivitySummary=0x9, mBootCompleted=true, mScreenBrightnessBoostInProgress=false
05-04 15:08:36.904465   774  1664 D PowerManagerService: Acquiring suspend blocker "PowerManagerService.WakeLocks".
05-04 15:08:36.904719   774  1664 D PowerManagerNotifier: onWakeLockAcquired: flags=1, tag="*vibrator*", packageName=android, ownerUid=1000, ownerPid=774, workSource=WorkSource{10014}
05-04 15:08:36.970049   774 26371 D PowerManagerService: releaseWakeLockInternal: lock=219870454 [*vibrator*], flags=0x0, total_time=67ms
05-04 15:08:36.970233   774 26371 D PowerManagerNotifier: onWakeLockReleased: flags=1, tag="*vibrator*", packageName=android, ownerUid=1000, ownerPid=774, workSource=WorkSource{10014}
05-04 15:08:36.970406   774 26371 D PowerManagerService: updateWakeLockSummaryLocked: mWakefulness=Awake, mWakeLockSummary=0x0
05-04 15:08:36.970556   774 26371 D PowerManagerService: updateUserActivitySummaryLocked: mWakefulness=Awake, mUserActivitySummary=0x9, nextTimeout=12010960 (in 6972 ms)
05-04 15:08:36.970807   774 26371 D DisplayPowerController: requestPowerState: policy=BRIGHT, useProximitySensor=false, screenBrightness=102, screenAutoBrightnessAdjustment=0.0, brightnessSetByUser=true, useAutoBrightness=false, blockScreenOn=false, lowPowerMode=false, boostScreenBrightness=false, dozeScreenBrightness=-1, dozeScreenState=UNKNOWN, waitForNegativeProximity=false
05-04 15:08:36.970903   774 26371 I PowerManagerService: setBrightness mButtonLight, screenBrightness=102
05-04 15:08:36.971006   774 26371 D PowerManagerService: updateDisplayPowerStateLocked: mDisplayReady=true, policy=3, mWakefulness=1, mWakeLockSummary=0x0, mUserActivitySummary=0x9, mBootCompleted=true, mScreenBrightnessBoostInProgress=false
05-04 15:08:36.971131   774 26371 D PowerManagerService: Releasing suspend blocker "PowerManagerService.WakeLocks".
05-04 15:08:38.223010   774   984 D PowerManagerService: userActivityFromNative
05-04 15:08:38.223145   774   984 D PowerManagerService: userActivityNoUpdateLocked: eventTime=12005239, event=2, flags=0x0, uid=1000
05-04 15:08:38.223234   774   984 D PowerManagerNotifier: onUserActivity: event=2, uid=1000
05-04 15:08:38.223511   774   984 D PowerManagerService: updateUserActivitySummaryLocked: mWakefulness=Awake, mUserActivitySummary=0x9, nextTimeout=12010960 (in 5719 ms)
05-04 15:08:38.223650   774   984 D DisplayPowerController: requestPowerState: policy=BRIGHT, useProximitySensor=false, screenBrightness=102, screenAutoBrightnessAdjustment=0.0, brightnessSetByUser=true, useAutoBrightness=false, blockScreenOn=false, lowPowerMode=false, boostScreenBrightness=false, dozeScreenBrightness=-1, dozeScreenState=UNKNOWN, waitForNegativeProximity=false
05-04 15:08:38.223747   774   984 I PowerManagerService: setBrightness mButtonLight, screenBrightness=102
