----- timezone:GMT
05-04 15:07:49.064916   774  1613 I PowerManagerService: setBrightness mButtonLight, screenBrightness=102
05-04 15:07:49.064981   774  1613 D PowerManagerService: updateDisplayPowerStateLocked: mDisplayReady=true, policy=3, mWakefulness=1, mWakeLockSummary=0x0, mUserActivitySummary=0x9, mBootCompleted=true, mScreenBrightnessBoostInProgress=false
05-04 15:07:49.065058   774  1613 D PowerManagerService: Releasing suspend blocker "PowerManagerService.WakeLocks".
05-04 15:07:49.068757   774   824 V WindowManager: Looking for focus: 12 = Window{442fad4 u0 StatusBar}, flags=-2122055608, canReceive=false
05-04 15:07:49.068897   774   824 V WindowManager: findFocusedWindow: Found new focus @ 8 = Window{3ddedb2 u0 com.android.launcher3/com.android.launcher3.Launcher}
05-04 15:07:49.069254   774   824 D WindowManager: notifyActivityDrawnForKeyguard: waiting=false Callers=com.android.server.wm.WindowManagerService.handleAppTransitionReadyLocked:10079 com.android.server.wm.WindowManagerService.performLayoutAndPlaceSurfacesLockedInner:10699 com.android.server.wm.WindowManagerService.performLayoutAndPlaceSurfacesLockedLoop:9443 com.android.server.wm.WindowManagerService.performLayoutAndPlaceSurfacesLocked:9390 com.android.server.wm.WindowManagerService.-wrap8:-1 
05-04 15:07:49.085575   774  1171 V WindowManager: Looking for focus: 12 = Window{442fad4 u0 StatusBar}, flags=-2122055608, canReceive=false
05-04 15:07:49.085730   774  1171 V WindowManager: findFocusedWindow: Found new focus @ 8 = Window{3ddedb2 u0 com.android.launcher3/com.android.launcher3.Launcher}
05-04 15:07:49.492668   774   824 V WindowManager: Looking for focus: 12 = Window{442fad4 u0 StatusBar}, flags=-2122055608, canReceive=false
05-04 15:07:49.492829   774   824 V WindowManager: findFocusedWindow: Found new focus @ 8 = Window{3ddedb2 u0 com.android.launcher3/com.android.launcher3.Launcher}
05-04 15:07:49.726467   774   984 D PowerManagerService: userActivityFromNative
05-04 15:07:49.726658   774   984 D PowerManagerService: userActivityNoUpdateLocked: eventTime=11956741, event=2, flags=0x0, uid=1000
05-04 15:07:49.726752   774   984 D PowerManagerNotifier: onUserActivity: event=2, uid=1000
05-04 15:07:49.727005   774   984 D PowerManagerService: updateUserActivitySummaryLocked: mWakefulness=Awake, mUserActivitySummary=0x9, nextTimeout=11963816 (in 7071 ms)
05-04 15:07:49.727726   774   984 D DisplayPowerController: requestPowerState: policy=BRIGHT, useProximitySensor=false, screenBrightness=102, screenAutoBrightnessAdjustment=0.0, brightnessSetByUser=true, useAutoBrightness=false, blockScreenOn=false, lowPowerMode=false, boostScreenBrightness=false, dozeScreenBrightness=-1, dozeScreenState=UNKNOWN, waitForNegativeProximity=false
05-04 15:07:49.727831   774   984 I PowerManagerService: setBrightness mButtonLight, screenBrightness=102
05-04 15:07:49.727930   774   984 D PowerManagerService: updateDisplayPowerStateLocked: mDisplayReady=true, policy=3, mWakefulness=1, mWakeLockSummary=0x0, mUserActivitySummary=0x9, mBootCompleted=true, mScreenBrightnessBoostInProgress=false
05-04 15:07:49.728020   774  1631 V SettingsProvider: packageValueForCallResult, name = haptic_feedback_enabled, value : 1
05-04 15:07:49.728984   774  1631 D PowerManagerService: acquireWakeLockInternal: lock=219870454, flags=0x1, tag="*vibrator*", ws=WorkSource{10014}, uid=1000, pid=774
05-04 15:07:49.729138   774  1631 D PowerManagerService: updateWakeLockSummaryLocked: mWakefulness=Awake, mWakeLockSummary=0x1
05-04 15:07:49.729313   774  1631 D PowerManagerService: updateUserActivitySummaryLocked: mWakefulness=Awake, mUserActivitySummary=0x9, nextTimeout=11963816 (in 7069 ms)
05-04 15:07:49.729465   774  1631 D DisplayPowerController: requestPowerState: policy=BRIGHT, useProximitySensor=false, screenBrightness=102, screenAutoBrightnessAdjustment=0.0, brightnessSetByUser=true, useAutoBrightness=false, blockScreenOn=false, lowPowerMode=false, boostScreenBrightness=false, dozeScreenBrightness=-1, dozeScreenState=UNKNOWN, waitForNegativeProximity=false
05-04 15:07:49.729570   774  1631 I PowerManagerService: setBrightness mButtonLight, screenBrightness=102
05-04 15:07:49.729664   774  1631 D PowerManagerService: updateDisplayPowerStateLocked: mDisplayReady=true, policy=3, mWakefulness=1, mWakeLockSummary=0x1, mUserActivitySummary=0x9, mBootCompleted=true, mScreenBrightnessBoostInProgress=false
05-04 15:07:49.729785   774  1631 D PowerManagerService: Acquiring suspend blocker "PowerManagerService.WakeLocks".
05-04 15:07:49.730117   774  1631 D PowerManagerNotifier: onWakeLockAcquired: flags=1, tag="*vibrator*", packageName=android, ownerUid=1000, ownerPid=774, workSource=WorkSource{10014}
05-04 15:07:49.793670   774 26126 D PowerManagerService: releaseWakeLockInternal: lock=219870454 [*vibrator*], flags=0x0, total_time=64ms
05-04 15:07:49.793843   774 26126 D PowerManagerNotifier: onWakeLockReleased: flags=1, tag="*vibrator*", packageName=android, ownerUid=1000, ownerPid=774, workSource=WorkSource{10014}
05-04 15:07:49.794022   774 26126 D PowerManagerService: updateWakeLockSummaryLocked: mWakefulness=Awake, mWakeLockSummary=0x0
05-04 15:07:49.794171   774 26126 D PowerManagerService: updateUserActivitySummaryLocked: mWakefulness=Awake, mUserActivitySummary=0x9, nextTimeout=11963816 (in 7004 ms)
05-04 15:07:49.794327   774 26126 D DisplayPowerController: requestPowerState: policy=BRIGHT, useProximitySensor=false, screenBrightness=102, screenAutoBrightnessAdjustment=0.0, brightnessSetByUser=true, useAutoBrightness=false, blockScreenOn=false, lowPowerMode=false, boostScreenBrightness=false, dozeScreenBrightness=-1, dozeScreenState=UNKNOWN, waitForNegativeProximity=false
05-04 15:07:49.794419   774 26126 I PowerManagerService: setBrightness mButtonLight, screenBrightness=102
05-04 15:07:49.794580   774 26126 D PowerManagerService: updateDisplayPowerStateLocked: mDisplayReady=true, policy=3, mWakefulness=1, mWakeLockSummary=0x0, mUserActivitySummary=0x9, mBootCompleted=true, mScreenBrightnessBoostInProgress=false
05-04 15:07:49.794705   774 26126 D PowerManagerService: Releasing suspend blocker "PowerManagerService.WakeLocks".
05-04 15:07:50.183679   774  1734 D DisplayManagerService: Display listener for pid 26013 died.
05-04 15:07:50.184688   774  1663 I ActivityManager: Process com.google.android.gms.wearable (pid 26013) has died
05-04 15:07:50.184873   774  1663 D ActivityManager: SVC-handleAppDiedLocked: app = ProcessRecord{dfc1cc9 26013:com.google.android.gms.wearable/u0a10}, app.pid = 26013
05-04 15:07:50.184999   774  1663 D ActivityManager: SVC-mBroadcastQueues: com.android.server.am.BroadcastQueue@81d0254
05-04 15:07:50.185086   774  1663 D ActivityManager: SVC-mBroadcastQueues: com.android.server.am.BroadcastQueue@c07c5fd
05-04 15:07:50.345058   774 23363 I WindowState: WIN DEATH: Window{68a3c56 u0 com.android.dialer/com.android.dialer.DialtactsActivity}
05-04 15:07:50.348232   774  1664 D DisplayManagerService: Display listener for pid 25113 died.
05-04 15:07:50.352450   774 23363 V WindowManager: Looking for focus: 11 = Window{442fad4 u0 StatusBar}, flags=-2122055608, canReceive=false
05-04 15:07:50.352784   774 23363 V WindowManager: findFocusedWindow: Found new focus @ 7 = Window{3ddedb2 u0 com.android.launcher3/com.android.launcher3.Launcher}
05-04 15:07:50.355414   774 13787 I ActivityManager: Process com.android.dialer (pid 25113) has died
05-04 15:07:50.355602   774 13787 D ActivityManager: SVC-handleAppDiedLocked: app = ProcessRecord{3429a6d 25113:com.android.dialer/u0a6}, app.pid = 25113
05-04 15:07:50.355740   774 13787 D ActivityManager: SVC-mBroadcastQueues: com.android.server.am.BroadcastQueue@81d0254
05-04 15:07:50.355806   774 13787 D ActivityManager: SVC-mBroadcastQueues: com.android.server.am.BroadcastQueue@c07c5fd
05-04 15:07:51.011182   774  7928 D CSLegacyTypeTracker: getNetworkForType type 1
05-04 15:07:51.014870   774  1171 D CSLegacyTypeTracker: getNetworkForType type 0
05-04 15:07:51.018121   774  1734 D ConnectivityService: getActiveNetworkInfo networkInfo = null
05-04 15:07:51.155088   774   774 V ActivityManager: Broadcast sticky: Intent { act=android.intent.action.BATTERY_CHANGED flg=0x60000010 (has extras) } ordered=false userid=-1 callerApp=null
05-04 15:07:51.156134   774   836 D PowerManagerService: updateIsPoweredLocked: wasPowered=false, mIsPowered=false, oldPlugType=0, mPlugType=0, mBatteryLevel=73
05-04 15:07:51.156466   774   774 D WifiService: onReceive, action:android.intent.action.BATTERY_CHANGED
05-04 15:07:51.156761   774  1015 D WifiController: DeviceActiveState{ when=0 what=155652 target=com.android.internal.util.StateMachine$SmHandler }
05-04 15:07:51.156843   774  1015 D WifiController: StaEnabledState{ when=-1ms what=155652 target=com.android.internal.util.StateMachine$SmHandler }
05-04 15:07:51.156944   774  1015 D WifiController: DefaultState{ when=-1ms what=155652 target=com.android.internal.util.StateMachine$SmHandler }
05-04 15:07:51.156999   774  1015 D WifiController: battery changed pluggedType: 0
05-04 15:07:51.229039   336   970 D NetlinkEvent: clear RA flag done
05-04 15:07:51.229371   336   970 D SocketClient: SocketClient sendData done: 600 Iface linkstate wlan0 down
05-04 15:07:51.229734   774  1009 D NetdConnector: RCV <- {600 Iface linkstate wlan0 down}
05-04 15:07:51.230195   774   812 D NetworkManagement: onEvent:600 Iface linkstate wlan0 down:5
05-04 15:07:51.258714   774  1013 V ActivityManager: Broadcast: Intent { act=android.net.wifi.SCAN_RESULTS flg=0x4000010 (has extras) } ordered=false userid=-1 callerApp=ProcessRecord{a4342ff 774:system/1000}
05-04 15:07:51.260231   774   774 I WifiNotificationController: checkAndSetNotification, state:DISCONNECTED
05-04 15:07:51.267550   774   774 D WifiNotificationController: Connecting networkId:-1, isConnecting:false
05-04 15:07:51.267619   774   774 I WifiNotificationController: Open network num:0
05-04 15:07:51.648958   774   984 D PowerManagerService: userActivityFromNative
05-04 15:07:51.649298   774   984 D PowerManagerService: userActivityNoUpdateLocked: eventTime=11958657, event=2, flags=0x0, uid=1000
05-04 15:07:51.649736   774   984 D PowerManagerNotifier: onUserActivity: event=2, uid=1000
05-04 15:07:51.650332   774   984 D PowerManagerService: updateUserActivitySummaryLocked: mWakefulness=Awake, mUserActivitySummary=0x9, nextTimeout=11963816 (in 5148 ms)
05-04 15:07:51.650857   774   984 D DisplayPowerController: requestPowerState: policy=BRIGHT, useProximitySensor=false, screenBrightness=102, screenAutoBrightnessAdjustment=0.0, brightnessSetByUser=true, useAutoBrightness=false, blockScreenOn=false, lowPowerMode=false, boostScreenBrightness=false, dozeScreenBrightness=-1, dozeScreenState=UNKNOWN, waitForNegativeProximity=false
05-04 15:07:51.651111   774   984 I PowerManagerService: setBrightness mButtonLight, screenBrightness=102
05-04 15:07:51.651357   774   984 D PowerManagerService: updateDisplayPowerStateLocked: mDisplayReady=true, policy=3, mWakefulness=1, mWakeLockSummary=0x0, mUserActivitySummary=0x9, mBootCompleted=true, mScreenBrightnessBoostInProgress=false
05-04 15:07:51.763981   774  1631 I ActivityManager: START u0 {act=android.intent.action.MAIN cat=[android.intent.category.LAUNCHER] flg=0x10200000 cmp=com.mediatek.filemanager/.FileManagerOperationActivity (has extras)} from uid 10014 from pid 1615 on display 0
05-04 15:07:51.769004   774  1631 V WindowManager: Looking for focus: 11 = Window{442fad4 u0 StatusBar}, flags=-2122055608, canReceive=false
05-04 15:07:51.769216   774  1631 V WindowManager: findFocusedWindow: Found new focus @ 2 = Window{3ddedb2 u0 com.android.launcher3/com.android.launcher3.Launcher}
05-04 15:07:51.772870   774  1631 V WindowManager: Set focused app to: AppWindowToken{41afeae token=Token{dbb698 ActivityRecord{79c387b u0 com.mediatek.filemanager/.FileManagerOperationActivity t80}}} old focus=AppWindowToken{e35d496 token=Token{64037b1 ActivityRecord{3d61a58 u0 com.android.launcher3/.Launcher t16}}} moveFocusNow=true
05-04 15:07:51.774966   774  1631 V WindowManager: Looking for focus: 11 = Window{442fad4 u0 StatusBar}, flags=-2122055608, canReceive=false
05-04 15:07:51.775160   774  1631 V WindowManager: findFocusedWindow: Reached focused app=AppWindowToken{41afeae token=Token{dbb698 ActivityRecord{79c387b u0 com.mediatek.filemanager/.FileManagerOperationActivity t80}}}
05-04 15:07:51.776708   774  1631 V WindowManager: Changing focus from Window{3ddedb2 u0 com.android.launcher3/com.android.launcher3.Launcher} to null Callers=com.android.server.wm.WindowManagerService.setFocusedApp:4469 com.android.server.am.ActivityManagerService.setFocusedActivityLocked:2823 com.android.server.am.ActivityStack.moveTaskToFrontLocked:4303 com.android.server.am.ActivityStackSupervisor.startActivityUncheckedLocked:2331 
05-04 15:07:51.776874   774  1631 D WindowManager: Input focus has changed to null
05-04 15:07:51.777647   774   824 I WindowManager: Focus moving from Window{3ddedb2 u0 com.android.launcher3/com.android.launcher3.Launcher} to null
05-04 15:07:51.777872   774   824 I WindowManager: Losing focus: Window{3ddedb2 u0 com.android.launcher3/com.android.launcher3.Launcher}
05-04 15:07:51.780115   774  1631 D PowerManagerService: acquireWakeLockInternal: lock=233190406, flags=0x1, tag="*launch*", ws=WorkSource{10040}, uid=1000, pid=774
05-04 15:07:51.780244   774  1631 D PowerManagerService: updateWakeLockSummaryLocked: mWakefulness=Awake, mWakeLockSummary=0x1
05-04 15:07:51.780357   774  1631 D PowerManagerService: updateUserActivitySummaryLocked: mWakefulness=Awake, mUserActivitySummary=0x9, nextTimeout=11963816 (in 5018 ms)
05-04 15:07:51.780464   774  1631 D DisplayPowerController: requestPowerState: policy=BRIGHT, useProximitySensor=false, screenBrightness=102, screenAutoBrightnessAdjustment=0.0, brightnessSetByUser=true, useAutoBrightness=false, blockScreenOn=false, lowPowerMode=false, boostScreenBrightness=false, dozeScreenBrightness=-1, dozeScreenState=UNKNOWN, waitForNegativeProximity=false
05-04 15:07:51.780542   774  1631 I PowerManagerService: setBrightness mButtonLight, screenBrightness=102
05-04 15:07:51.780927   774  1631 D PowerManagerService: updateDisplayPowerStateLocked: mDisplayReady=true, policy=3, mWakefulness=1, mWakeLockSummary=0x1, mUserActivitySummary=0x9, mBootCompleted=true, mScreenBrightnessBoostInProgress=false
05-04 15:07:51.781103   774  1631 D PowerManagerService: Acquiring suspend blocker "PowerManagerService.WakeLocks".
05-04 15:07:51.781261   774  1631 D PowerManagerNotifier: onWakeLockAcquired: flags=1, tag="*launch*", packageName=android, ownerUid=1000, ownerPid=774, workSource=WorkSource{10040}
05-04 15:07:51.782369   774  1631 D ActivityManager: Set intentActivity.task.mMovingToFront = true
05-04 15:07:51.786625  1615  1615 D ActivityThread: ACT-AM_ON_PAUSE_CALLED ActivityRecord{e8c9fcd token=android.os.BinderProxy@1eb082 {com.android.launcher3/com.android.launcher3.Launcher}}
05-04 15:07:51.795598   774   824 D WindowManager: addWindowToListInOrderLocked: win=Window{de8c003 u0 Starting com.mediatek.filemanager} Callers=com.android.server.wm.WindowManagerService.addWindow:2771 com.android.server.wm.Session.addToDisplay:171 android.view.ViewRootImpl.setView:643 android.view.WindowManagerGlobal.addView:319 
05-04 15:07:51.797098   774   824 V WindowManager: Looking for focus: 12 = Window{442fad4 u0 StatusBar}, flags=-2122055608, canReceive=false
05-04 15:07:51.797244   774   824 V WindowManager: findFocusedWindow: Reached focused app=AppWindowToken{41afeae token=Token{dbb698 ActivityRecord{79c387b u0 com.mediatek.filemanager/.FileManagerOperationActivity t80}}}
05-04 15:07:51.816695   774 13786 I ActivityManager: Start proc 26128:com.mediatek.filemanager/u0a40 for activity com.mediatek.filemanager/.FileManagerOperationActivity
05-04 15:07:51.816830   774 13786 D ActivityManager: Delay resumeKeyDispatchingLocked() to avoid deadlock.
05-04 15:07:51.818082  1615  1615 D ActivityThread: ACT-PAUSE_ACTIVITY handled : 1 / android.os.BinderProxy@1eb082
05-04 15:07:51.950760   774   824 V WindowManager: Looking for focus: 12 = Window{442fad4 u0 StatusBar}, flags=-2122055608, canReceive=false
05-04 15:07:51.950873   774   824 V WindowManager: findFocusedWindow: No focusable windows.
05-04 15:07:51.979971 26128 26128 D ActivityThread: BIND_APPLICATION handled : 0 / AppBindData{appInfo=ApplicationInfo{d6361b8 com.mediatek.filemanager}}
05-04 15:07:51.980733 26128 26128 V ActivityThread: Handling launch of ActivityRecord{766db91 token=android.os.BinderProxy@d7daf6 {com.mediatek.filemanager/com.mediatek.filemanager.FileManagerOperationActivity}} startsNotResumed=false
05-04 15:07:51.981228   774   824 V WindowManager: Looking for focus: 12 = Window{442fad4 u0 StatusBar}, flags=-2122055608, canReceive=false
05-04 15:07:51.981329   774   824 V WindowManager: findFocusedWindow: No focusable windows.
05-04 15:07:51.981678   774   824 D WindowManager: notifyActivityDrawnForKeyguard: waiting=false Callers=com.android.server.wm.WindowManagerService.handleAppTransitionReadyLocked:10079 com.android.server.wm.WindowManagerService.performLayoutAndPlaceSurfacesLockedInner:10699 com.android.server.wm.WindowManagerService.performLayoutAndPlaceSurfacesLockedLoop:9443 com.android.server.wm.WindowManagerService.performLayoutAndPlaceSurfacesLocked:9390 com.android.server.wm.WindowManagerService.-wrap8:-1 
05-04 15:07:51.994679 26128 26128 V ActivityThread: ActivityRecord{766db91 token=android.os.BinderProxy@d7daf6 {com.mediatek.filemanager/com.mediatek.filemanager.FileManagerOperationActivity}}: app=com.mediatek.filemanager.FileManagerApplication@1c8e164, appName=com.mediatek.filemanager, pkg=com.mediatek.filemanager, comp={com.mediatek.filemanager/com.mediatek.filemanager.FileManagerOperationActivity}, dir=/system/app/FileManager/FileManager.apk
05-04 15:07:52.017901   774   794 V WindowManager: Looking for focus: 12 = Window{442fad4 u0 StatusBar}, flags=-2122055608, canReceive=false
05-04 15:07:52.018035   774   794 V WindowManager: findFocusedWindow: No focusable windows.
05-04 15:07:52.162398 26128 26128 V ActivityThread: Performing resume of ActivityRecord{766db91 token=android.os.BinderProxy@d7daf6 {com.mediatek.filemanager/com.mediatek.filemanager.FileManagerOperationActivity}}
05-04 15:07:52.168631 26128 26128 D ActivityThread: ACT-AM_ON_RESUME_CALLED ActivityRecord{766db91 token=android.os.BinderProxy@d7daf6 {com.mediatek.filemanager/com.mediatek.filemanager.FileManagerOperationActivity}}
05-04 15:07:52.168731 26128 26128 V ActivityThread: Resume ActivityRecord{766db91 token=android.os.BinderProxy@d7daf6 {com.mediatek.filemanager/com.mediatek.filemanager.FileManagerOperationActivity}} started activity: false, hideForNow: false, finished: false
05-04 15:07:52.219173   774  7249 D WindowManager: addWindowToListInOrderLocked: win=Window{9ae24b0 u0 com.mediatek.filemanager/com.mediatek.filemanager.FileManagerOperationActivity} Callers=com.android.server.wm.WindowManagerService.addWindow:2771 com.android.server.wm.Session.addToDisplay:171 android.view.IWindowSession$Stub.onTransact:124 com.android.server.wm.Session.onTransact:133 
05-04 15:07:52.220512 26128 26128 V ActivityThread: Resuming ActivityRecord{766db91 token=android.os.BinderProxy@d7daf6 {com.mediatek.filemanager/com.mediatek.filemanager.FileManagerOperationActivity}} with isForward=true
05-04 15:07:52.220762 26128 26128 V ActivityThread: Scheduling idle handler for ActivityRecord{766db91 token=android.os.BinderProxy@d7daf6 {com.mediatek.filemanager/com.mediatek.filemanager.FileManagerOperationActivity}}
05-04 15:07:52.221374 26128 26128 D ActivityThread: ACT-LAUNCH_ACTIVITY handled : 0 / ActivityRecord{766db91 token=android.os.BinderProxy@d7daf6 {com.mediatek.filemanager/com.mediatek.filemanager.FileManagerOperationActivity}}
05-04 15:07:52.222324 26128 26128 D ActivityThread: SVC-Creating service: CreateServiceData{token=android.os.BinderProxy@ea751ec className=com.mediatek.filemanager.service.FileManagerService packageName=com.mediatek.filemanager intent=null}
05-04 15:07:52.224181 26128 26128 D ActivityThread: SVC-CREATE_SERVICE handled : 0 / CreateServiceData{token=android.os.BinderProxy@ea751ec className=com.mediatek.filemanager.service.FileManagerService packageName=com.mediatek.filemanager intent=null}
05-04 15:07:52.224431 26128 26128 D ActivityThread: SVC-Calling onStartCommand: com.mediatek.filemanager.service.FileManagerService@bbf9b5, flags=0, startId=1
05-04 15:07:52.225140 26128 26128 D ActivityThread: SVC-SERVICE_ARGS handled : 0 / ServiceArgsData{token=android.os.BinderProxy@ea751ec startId=1 args=Intent { cmp=com.mediatek.filemanager/.service.FileManagerService }}
05-04 15:07:52.225482 26128 26128 V ActivityThread: handleBindService s=com.mediatek.filemanager.service.FileManagerService@bbf9b5 rebind=false
05-04 15:07:52.227408 26128 26128 D ActivityThread: SVC-BIND_SERVICE handled : 0 / BindServiceData{token=android.os.BinderProxy@ea751ec intent=Intent { cmp=com.mediatek.filemanager/.service.FileManagerService }}
05-04 15:07:52.285233   774   793 V WindowManager: Looking for focus: 13 = Window{442fad4 u0 StatusBar}, flags=-2122055608, canReceive=false
05-04 15:07:52.285364   774   793 V WindowManager: findFocusedWindow: Found new focus @ 8 = Window{9ae24b0 u0 com.mediatek.filemanager/com.mediatek.filemanager.FileManagerOperationActivity}
05-04 15:07:52.285722   774   793 V WindowManager: Changing focus from null to Window{9ae24b0 u0 com.mediatek.filemanager/com.mediatek.filemanager.FileManagerOperationActivity} Callers=com.android.server.wm.WindowManagerService.relayoutWindow:3588 com.android.server.wm.Session.relayout:201 android.view.IWindowSession$Stub.onTransact:284 com.android.server.wm.Session.onTransact:133 
05-04 15:07:52.285835   774   793 D WindowManager: Input focus has changed to Window{9ae24b0 u0 com.mediatek.filemanager/com.mediatek.filemanager.FileManagerOperationActivity}
05-04 15:07:52.307009   774   824 I WindowManager: Focus moving from null to Window{9ae24b0 u0 com.mediatek.filemanager/com.mediatek.filemanager.FileManagerOperationActivity}
05-04 15:07:52.307126   774   824 I WindowManager: Gaining focus: Window{9ae24b0 u0 com.mediatek.filemanager/com.mediatek.filemanager.FileManagerOperationActivity}
05-04 15:07:52.338630   774   824 V WindowManager: Looking for focus: 13 = Window{442fad4 u0 StatusBar}, flags=-2122055608, canReceive=false
05-04 15:07:52.338748   774   824 V WindowManager: findFocusedWindow: Found new focus @ 8 = Window{9ae24b0 u0 com.mediatek.filemanager/com.mediatek.filemanager.FileManagerOperationActivity}
05-04 15:07:52.424547   774  7249 V InputMethodManagerService: windowGainedFocus: android.os.BinderProxy@6692262 controlFlags=#104 softInputMode=#120 windowFlags=#81810100
05-04 15:07:52.428041   774   824 V WindowManager: Looking for focus: 13 = Window{442fad4 u0 StatusBar}, flags=-2122055608, canReceive=false
05-04 15:07:52.428135   774   824 V WindowManager: findFocusedWindow: Found new focus @ 8 = Window{9ae24b0 u0 com.mediatek.filemanager/com.mediatek.filemanager.FileManagerOperationActivity}
05-04 15:07:52.493788   774  1631 D DisplayManagerService: Display listener for pid 25131 died.
05-04 15:07:52.494046   774  7928 I ActivityManager: Process android.process.acore (pid 25131) has died
05-04 15:07:52.494251   774  7928 D ActivityManager: SVC-handleAppDiedLocked: app = ProcessRecord{1c86706 25131:android.process.acore/u0a3}, app.pid = 25131
05-04 15:07:52.494415   774  7928 D ActivityManager: removeDyingProviderLocked: cpr=ContentProviderRecord{e70cde1 u0 com.android.providers.contacts/.ContactsProvider2} always=false inLaunching=false
05-04 15:07:52.494584   774  7928 D ActivityManager: removeDyingProviderLocked: cpr=ContentProviderRecord{b48dbdc u0 com.android.providers.contacts/.debug.DumpFileProvider} always=false inLaunching=false
05-04 15:07:52.494702   774  7928 D ActivityManager: removeDyingProviderLocked: cpr=ContentProviderRecord{83e4c6a u0 com.android.providers.applications/.ApplicationsProvider} always=false inLaunching=false
05-04 15:07:52.494828   774  7928 D ActivityManager: removeDyingProviderLocked: cpr=ContentProviderRecord{92ad4e5 u0 com.android.providers.userdictionary/.UserDictionaryProvider} always=false inLaunching=false
05-04 15:07:52.494965   774  7928 D ActivityManager: removeDyingProviderLocked: cpr=ContentProviderRecord{2389bba u0 com.android.providers.contacts/.VoicemailContentProvider} always=false inLaunching=false
05-04 15:07:52.495066   774  7928 D ActivityManager: removeDyingProviderLocked: cpr=ContentProviderRecord{ad3f3f4 u0 com.android.providers.contacts/.CallLogProvider} always=false inLaunching=false
05-04 15:07:52.495162   774  7928 D ActivityManager: SVC-mBroadcastQueues: com.android.server.am.BroadcastQueue@81d0254
05-04 15:07:52.495248   774  7928 D ActivityManager: SVC-mBroadcastQueues: com.android.server.am.BroadcastQueue@c07c5fd
05-04 15:07:52.532612   774  1663 D PowerManagerService: releaseWakeLockInternal: lock=233190406 [*launch*], flags=0x0, total_time=750ms
05-04 15:07:52.533869   774  1663 D PowerManagerNotifier: onWakeLockReleased: flags=1, tag="*launch*", packageName=android, ownerUid=1000, ownerPid=774, workSource=WorkSource{10040}
05-04 15:07:52.534136   774  1663 D PowerManagerService: updateWakeLockSummaryLocked: mWakefulness=Awake, mWakeLockSummary=0x0
05-04 15:07:52.534287   774  1663 D PowerManagerService: updateUserActivitySummaryLocked: mWakefulness=Awake, mUserActivitySummary=0x9, nextTimeout=11963816 (in 4264 ms)
05-04 15:07:52.534851   774  1663 D DisplayPowerController: requestPowerState: policy=BRIGHT, useProximitySensor=false, screenBrightness=102, screenAutoBrightnessAdjustment=0.0, brightnessSetByUser=true, useAutoBrightness=false, blockScreenOn=false, lowPowerMode=false, boostScreenBrightness=false, dozeScreenBrightness=-1, dozeScreenState=UNKNOWN, waitForNegativeProximity=false
05-04 15:07:52.534964   774  1663 I PowerManagerService: setBrightness mButtonLight, screenBrightness=102
05-04 15:07:52.535044   774  1663 D PowerManagerService: updateDisplayPowerStateLocked: mDisplayReady=true, policy=3, mWakefulness=1, mWakeLockSummary=0x0, mUserActivitySummary=0x9, mBootCompleted=true, mScreenBrightnessBoostInProgress=false
05-04 15:07:52.535145   774  1663 D PowerManagerService: Releasing suspend blocker "PowerManagerService.WakeLocks".
05-04 15:07:52.546684  1615  1615 V ActivityThread: Finishing stop of ActivityRecord{e8c9fcd token=android.os.BinderProxy@1eb082 {com.android.launcher3/com.android.launcher3.Launcher}}: show=false win=com.android.internal.policy.PhoneWindow@d9aaf7f
05-04 15:07:52.548939  1615  1615 D ActivityThread: ACT-STOP_ACTIVITY_HIDE handled : 0 / android.os.BinderProxy@1eb082
05-04 15:07:53.894903   774   984 D PowerManagerService: userActivityFromNative
05-04 15:07:53.895230   774   984 D PowerManagerService: userActivityNoUpdateLocked: eventTime=11960909, event=2, flags=0x0, uid=1000
05-04 15:07:53.895445   774   984 D PowerManagerNotifier: onUserActivity: event=2, uid=1000
05-04 15:07:53.896019   774   984 D PowerManagerService: updateUserActivitySummaryLocked: mWakefulness=Awake, mUserActivitySummary=0x9, nextTimeout=11963816 (in 2902 ms)
05-04 15:07:53.896329   774   984 D DisplayPowerController: requestPowerState: policy=BRIGHT, useProximitySensor=false, screenBrightness=102, screenAutoBrightnessAdjustment=0.0, brightnessSetByUser=true, useAutoBrightness=false, blockScreenOn=false, lowPowerMode=false, boostScreenBrightness=false, dozeScreenBrightness=-1, dozeScreenState=UNKNOWN, waitForNegativeProximity=false
05-04 15:07:53.896558   774   984 I PowerManagerService: setBrightness mButtonLight, screenBrightness=102
05-04 15:07:53.896801   774   984 D PowerManagerService: updateDisplayPowerStateLocked: mDisplayReady=true, policy=3, mWakefulness=1, mWakeLockSummary=0x0, mUserActivitySummary=0x9, mBootCompleted=true, mScreenBrightnessBoostInProgress=false
05-04 15:07:54.078347   774   805 D ActivityManager: getContentProviderImpl: from caller=android.app.ApplicationThreadProxy@d692a6b (pid=26128, userId=0) to get content provider settings cpr=ContentProviderRecord{c0e4c1a u0 com.android.providers.settings/.SettingsProvider}
05-04 15:07:54.078517   774   805 D ActivityManager: getContentProviderImpl: updateLruProcessLocked cpr.proc=ProcessRecord{a4342ff 774:system/1000}
05-04 15:07:54.079311 26128 26128 D ActivityThread: holder:android.app.IActivityManager$ContentProviderHolder@5e47703, holder.provider:android.content.ContentProviderProxy@ddbc680
05-04 15:07:54.079930   774  1171 V SettingsProvider: packageValueForCallResult, name = sound_effects_enabled, value : 0
05-04 15:07:55.966386   774   984 D PowerManagerService: userActivityFromNative
05-04 15:07:55.966573   774   984 D PowerManagerService: userActivityNoUpdateLocked: eventTime=11962982, event=2, flags=0x0, uid=1000
05-04 15:07:55.966757   774   984 D PowerManagerNotifier: onUserActivity: event=2, uid=1000
05-04 15:07:55.967041   774   984 D PowerManagerService: updateUserActivitySummaryLocked: mWakefulness=Awake, mUserActivitySummary=0x9, nextTimeout=11963816 (in 831 ms)
05-04 15:07:55.967295   774   984 D DisplayPowerController: requestPowerState: policy=BRIGHT, useProximitySensor=false, screenBrightness=102, screenAutoBrightnessAdjustment=0.0, brightnessSetByUser=true, useAutoBrightness=false, blockScreenOn=false, lowPowerMode=false, boostScreenBrightness=false, dozeScreenBrightness=-1, dozeScreenState=UNKNOWN, waitForNegativeProximity=false
05-04 15:07:55.967395   774   984 I PowerManagerService: setBrightness mButtonLight, screenBrightness=102
05-04 15:07:55.967500   774   984 D PowerManagerService: updateDisplayPowerStateLocked: mDisplayReady=true, policy=3, mWakefulness=1, mWakeLockSummary=0x0, mUserActivitySummary=0x9, mBootCompleted=true, mScreenBrightnessBoostInProgress=false
05-04 15:07:55.990692   774   983 D AlarmManager: set alarm to RTC 537430055
05-04 15:07:55.990853   774   983 V AlarmManager: openLteGateSuccess = false
05-04 15:07:55.991179   774   983 V ActivityManager: Broadcast: Intent { act=com.wandoujia.p4.recommand.clean.ACTION_CHECK_ONLINE_CONFIG flg=0x114 cmp=com.wandoujia.phoenix2/com.wandoujia.p4.recommand.clean.CleanBroadcastReceiver (has extras) } ordered=true userid=0 callerApp=null
05-04 15:07:55.993156   774   983 V AlarmManager: sending alarm Alarm{a75d9c8 type 3 when 537426045 com.wandoujia.phoenix2} success
05-04 15:07:55.993363   774   983 D PowerManagerService: acquireWakeLockInternal: lock=71493382, flags=0x1, tag="*alarm*", ws=WorkSource{10080}, uid=1000, pid=774
05-04 15:07:55.993551   774   983 D PowerManagerService: updateWakeLockSummaryLocked: mWakefulness=Awake, mWakeLockSummary=0x1
05-04 15:07:55.994408   774   983 D PowerManagerService: updateUserActivitySummaryLocked: mWakefulness=Awake, mUserActivitySummary=0x9, nextTimeout=11963816 (in 804 ms)
05-04 15:07:55.994596   774   983 D DisplayPowerController: requestPowerState: policy=BRIGHT, useProximitySensor=false, screenBrightness=102, screenAutoBrightnessAdjustment=0.0, brightnessSetByUser=true, useAutoBrightness=false, blockScreenOn=false, lowPowerMode=false, boostScreenBrightness=false, dozeScreenBrightness=-1, dozeScreenState=UNKNOWN, waitForNegativeProximity=false
05-04 15:07:55.994687   774   983 I PowerManagerService: setBrightness mButtonLight, screenBrightness=102
05-04 15:07:55.994812   774   983 D PowerManagerService: updateDisplayPowerStateLocked: mDisplayReady=true, policy=3, mWakefulness=1, mWakeLockSummary=0x1, mUserActivitySummary=0x9, mBootCompleted=true, mScreenBrightnessBoostInProgress=false
05-04 15:07:55.995939   774   983 D PowerManagerService: Acquiring suspend blocker "PowerManagerService.WakeLocks".
05-04 15:07:55.996160   774   983 D PowerManagerNotifier: onWakeLockAcquired: flags=1, tag="*alarm*", packageName=android, ownerUid=1000, ownerPid=774, workSource=WorkSource{10080}
05-04 15:07:56.000617 22948 22948 D ActivityThread: BDC-Calling onReceive: intent=Intent { act=com.wandoujia.p4.recommand.clean.ACTION_CHECK_ONLINE_CONFIG flg=0x114 cmp=com.wandoujia.phoenix2/com.wandoujia.p4.recommand.clean.CleanBroadcastReceiver (has extras) }, receiver=com.wandoujia.p4.recommand.clean.CleanBroadcastReceiver@2602afd
05-04 15:07:56.023200   774  1613 V AlarmManager: APP set(PendingIntent{538da61: PendingIntentRecord{4469e56 com.wandoujia.phoenix2 broadcastIntent}}) : type=3 triggerAtTime=537436077 win=-1 tElapsed=537436077 maxElapsed=537443577 interval=0 flags=0x0
05-04 15:07:56.023263   774 23363 D CSLegacyTypeTracker: getNetworkForType type 1
05-04 15:07:56.023387   774  1613 D AlarmManager:  whichBatch = -1
05-04 15:07:56.024046 22948 22948 D ActivityThread: BDC-RECEIVER handled : 0 / ReceiverData{intent=Intent { act=com.wandoujia.p4.recommand.clean.ACTION_CHECK_ONLINE_CONFIG flg=0x114 cmp=com.wandoujia.phoenix2/com.wandoujia.p4.recommand.clean.CleanBroadcastReceiver (has extras) } packageName=com.wandoujia.phoenix2 resultCode=0 resultData=null resultExtras=null}
05-04 15:07:56.024709   774   774 D AlarmManager: onSendFinished begin
05-04 15:07:56.024909   774   774 D PowerManagerService: releaseWakeLockInternal: lock=71493382 [*alarm*], flags=0x0, total_time=32ms
05-04 15:07:56.024990   774   774 D PowerManagerNotifier: onWakeLockReleased: flags=1, tag="*alarm*", packageName=android, ownerUid=1000, ownerPid=774, workSource=WorkSource{10080}
05-04 15:07:56.025114   774   774 D PowerManagerService: updateWakeLockSummaryLocked: mWakefulness=Awake, mWakeLockSummary=0x0
05-04 15:07:56.025237   774   774 D PowerManagerService: updateUserActivitySummaryLocked: mWakefulness=Awake, mUserActivitySummary=0x9, nextTimeout=11963816 (in 773 ms)
05-04 15:07:56.025342   774   774 D DisplayPowerController: requestPowerState: policy=BRIGHT, useProximitySensor=false, screenBrightness=102, screenAutoBrightnessAdjustment=0.0, brightnessSetByUser=true, useAutoBrightness=false, blockScreenOn=false, lowPowerMode=false, boostScreenBrightness=false, dozeScreenBrightness=-1, dozeScreenState=UNKNOWN, waitForNegativeProximity=false
05-04 15:07:56.025407   774   774 I PowerManagerService: setBrightness mButtonLight, screenBrightness=102
05-04 15:07:56.025482   774   774 D PowerManagerService: updateDisplayPowerStateLocked: mDisplayReady=true, policy=3, mWakefulness=1, mWakeLockSummary=0x0, mUserActivitySummary=0x9, mBootCompleted=true, mScreenBrightnessBoostInProgress=false
05-04 15:07:56.025557   774   774 D PowerManagerService: Releasing suspend blocker "PowerManagerService.WakeLocks".
05-04 15:07:56.031102   774  1663 D CSLegacyTypeTracker: getNetworkForType type 0
05-04 15:07:56.032600   774  7249 D ConnectivityService: getActiveNetworkInfo networkInfo = null
05-04 15:07:56.799651   774   836 D PowerManagerService: handleUserActivityTimeout
05-04 15:07:56.799917   774   836 D PowerManagerService: updateUserActivitySummaryLocked: mWakefulness=Awake, mUserActivitySummary=0x1, nextTimeout=12015982 (in 52164 ms)
05-04 15:07:56.800069   774   836 D DisplayPowerController: requestPowerState: policy=BRIGHT, useProximitySensor=false, screenBrightness=102, screenAutoBrightnessAdjustment=0.0, brightnessSetByUser=true, useAutoBrightness=false, blockScreenOn=false, lowPowerMode=false, boostScreenBrightness=false, dozeScreenBrightness=-1, dozeScreenState=UNKNOWN, waitForNegativeProximity=false
05-04 15:07:56.800976   774   836 I PowerManagerService: setBrightness mButtonLight 0.
05-04 15:07:56.801171   774   836 D PowerManagerService: updateDisplayPowerStateLocked: mDisplayReady=true, policy=3, mWakefulness=1, mWakeLockSummary=0x0, mUserActivitySummary=0x1, mBootCompleted=true, mScreenBrightnessBoostInProgress=false
05-04 15:07:57.289255   774   984 D PowerManagerService: userActivityFromNative
05-04 15:07:57.289414   774   984 D PowerManagerService: userActivityNoUpdateLocked: eventTime=11964305, event=2, flags=0x0, uid=1000
05-04 15:07:57.289620   774   984 D PowerManagerNotifier: onUserActivity: event=2, uid=1000
05-04 15:07:57.289862   774   984 D PowerManagerService: updateUserActivitySummaryLocked: mWakefulness=Awake, mUserActivitySummary=0x1, nextTimeout=12017305 (in 52997 ms)
05-04 15:07:57.290108   774   984 D DisplayPowerController: requestPowerState: policy=BRIGHT, useProximitySensor=false, screenBrightness=102, screenAutoBrightnessAdjustment=0.0, brightnessSetByUser=true, useAutoBrightness=false, blockScreenOn=false, lowPowerMode=false, boostScreenBrightness=false, dozeScreenBrightness=-1, dozeScreenState=UNKNOWN, waitForNegativeProximity=false
05-04 15:07:57.290189   774   984 I PowerManagerService: setBrightness mButtonLight 0.
05-04 15:07:57.290292   774   984 D PowerManagerService: updateDisplayPowerStateLocked: mDisplayReady=true, policy=3, mWakefulness=1, mWakeLockSummary=0x0, mUserActivitySummary=0x1, mBootCompleted=true, mScreenBrightnessBoostInProgress=false
05-04 15:07:57.292513   774  1613 V SettingsProvider: packageValueForCallResult, name = haptic_feedback_enabled, value : 1
05-04 15:07:57.293444   774  1613 D PowerManagerService: acquireWakeLockInternal: lock=219870454, flags=0x1, tag="*vibrator*", ws=WorkSource{1000}, uid=1000, pid=774
05-04 15:07:57.293952   774  1613 D PowerManagerService: updateWakeLockSummaryLocked: mWakefulness=Awake, mWakeLockSummary=0x1
05-04 15:07:57.294454   774  1613 D PowerManagerService: updateUserActivitySummaryLocked: mWakefulness=Awake, mUserActivitySummary=0x1, nextTimeout=12017305 (in 52993 ms)
05-04 15:07:57.294632   774  1613 D DisplayPowerController: requestPowerState: policy=BRIGHT, useProximitySensor=false, screenBrightness=102, screenAutoBrightnessAdjustment=0.0, brightnessSetByUser=true, useAutoBrightness=false, blockScreenOn=false, lowPowerMode=false, boostScreenBrightness=false, dozeScreenBrightness=-1, dozeScreenState=UNKNOWN, waitForNegativeProximity=false
05-04 15:07:57.294721   774  1613 I PowerManagerService: setBrightness mButtonLight 0.
05-04 15:07:57.294829   774  1613 D PowerManagerService: updateDisplayPowerStateLocked: mDisplayReady=true, policy=3, mWakefulness=1, mWakeLockSummary=0x1, mUserActivitySummary=0x1, mBootCompleted=true, mScreenBrightnessBoostInProgress=false
05-04 15:07:57.295161   774  1613 D PowerManagerService: Acquiring suspend blocker "PowerManagerService.WakeLocks".
05-04 15:07:57.295335   774  1613 D PowerManagerNotifier: onWakeLockAcquired: flags=1, tag="*vibrator*", packageName=android, ownerUid=1000, ownerPid=774, workSource=WorkSource{1000}
05-04 15:07:57.296608   774   984 D PowerManagerService: userActivityFromNative
05-04 15:07:57.296751   774   984 D PowerManagerService: userActivityNoUpdateLocked: eventTime=11964307, event=1, flags=0x0, uid=1000
05-04 15:07:57.296837   774   984 D PowerManagerNotifier: onUserActivity: event=1, uid=1000
05-04 15:07:57.297093   774   984 D PowerManagerService: updateUserActivitySummaryLocked: mWakefulness=Awake, mUserActivitySummary=0x9, nextTimeout=11972307 (in 7992 ms)
05-04 15:07:57.297241   774   984 D DisplayPowerController: requestPowerState: policy=BRIGHT, useProximitySensor=false, screenBrightness=102, screenAutoBrightnessAdjustment=0.0, brightnessSetByUser=true, useAutoBrightness=false, blockScreenOn=false, lowPowerMode=false, boostScreenBrightness=false, dozeScreenBrightness=-1, dozeScreenState=UNKNOWN, waitForNegativeProximity=false
05-04 15:07:57.297579   774   984 I PowerManagerService: setBrightness mButtonLight, screenBrightness=102
05-04 15:07:57.297674   774   984 D PowerManagerService: updateDisplayPowerStateLocked: mDisplayReady=true, policy=3, mWakefulness=1, mWakeLockSummary=0x1, mUserActivitySummary=0x9, mBootCompleted=true, mScreenBrightnessBoostInProgress=false
05-04 15:07:57.359054   774 26163 D PowerManagerService: releaseWakeLockInternal: lock=219870454 [*vibrator*], flags=0x0, total_time=65ms
05-04 15:07:57.359314   774 26163 D PowerManagerNotifier: onWakeLockReleased: flags=1, tag="*vibrator*", packageName=android, ownerUid=1000, ownerPid=774, workSource=WorkSource{1000}
05-04 15:07:57.359499   774 26163 D PowerManagerService: updateWakeLockSummaryLocked: mWakefulness=Awake, mWakeLockSummary=0x0
05-04 15:07:57.361087   774 26163 D PowerManagerService: updateUserActivitySummaryLocked: mWakefulness=Awake, mUserActivitySummary=0x9, nextTimeout=11972307 (in 7928 ms)
05-04 15:07:57.361318   774 26163 D DisplayPowerController: requestPowerState: policy=BRIGHT, useProximitySensor=false, screenBrightness=102, screenAutoBrightnessAdjustment=0.0, brightnessSetByUser=true, useAutoBrightness=false, blockScreenOn=false, lowPowerMode=false, boostScreenBrightness=false, dozeScreenBrightness=-1, dozeScreenState=UNKNOWN, waitForNegativeProximity=false
05-04 15:07:57.361427   774 26163 I PowerManagerService: setBrightness mButtonLight, screenBrightness=102
05-04 15:07:57.361652   774 26163 D PowerManagerService: updateDisplayPowerStateLocked: mDisplayReady=true, policy=3, mWakefulness=1, mWakeLockSummary=0x0, mUserActivitySummary=0x9, mBootCompleted=true, mScreenBrightnessBoostInProgress=false
05-04 15:07:57.362121   774 26163 D PowerManagerService: Releasing suspend blocker "PowerManagerService.WakeLocks".
05-04 15:07:57.387346   774 23363 D PowerManagerService: userActivityNoUpdateLocked: eventTime=11964405, event=0, flags=0x0, uid=1000
05-04 15:07:57.387483   774 23363 D PowerManagerNotifier: onUserActivity: event=0, uid=1000
05-04 15:07:57.387736   774 23363 D PowerManagerService: updateUserActivitySummaryLocked: mWakefulness=Awake, mUserActivitySummary=0x9, nextTimeout=11972307 (in 7902 ms)
05-04 15:07:57.387902   774 23363 D DisplayPowerController: requestPowerState: policy=BRIGHT, useProximitySensor=false, screenBrightness=102, screenAutoBrightnessAdjustment=0.0, brightnessSetByUser=true, useAutoBrightness=false, blockScreenOn=false, lowPowerMode=false, boostScreenBrightness=false, dozeScreenBrightness=-1, dozeScreenState=UNKNOWN, waitForNegativeProximity=false
05-04 15:07:57.387989   774 23363 I PowerManagerService: setBrightness mButtonLight, screenBrightness=102
05-04 15:07:57.388082   774 23363 D PowerManagerService: updateDisplayPowerStateLocked: mDisplayReady=true, policy=3, mWakefulness=1, mWakeLockSummary=0x0, mUserActivitySummary=0x9, mBootCompleted=true, mScreenBrightnessBoostInProgress=false
05-04 15:07:57.405331   774   984 V ActivityManager: Broadcast: Intent { act=android.intent.action.CLOSE_SYSTEM_DIALOGS flg=0x50000010 (has extras) } ordered=false userid=-1 callerApp=null
05-04 15:07:57.411528   774   984 D PowerManagerService: userActivityNoUpdateLocked: eventTime=11964429, event=0, flags=0x0, uid=1000
05-04 15:07:57.411691   774   984 D PowerManagerNotifier: onUserActivity: event=0, uid=1000
05-04 15:07:57.412169   774   984 D PowerManagerService: updateUserActivitySummaryLocked: mWakefulness=Awake, mUserActivitySummary=0x9, nextTimeout=11972307 (in 7877 ms)
05-04 15:07:57.412292   774   984 D DisplayPowerController: requestPowerState: policy=BRIGHT, useProximitySensor=false, screenBrightness=102, screenAutoBrightnessAdjustment=0.0, brightnessSetByUser=true, useAutoBrightness=false, blockScreenOn=false, lowPowerMode=false, boostScreenBrightness=false, dozeScreenBrightness=-1, dozeScreenState=UNKNOWN, waitForNegativeProximity=false
05-04 15:07:57.412371   774   984 I PowerManagerService: setBrightness mButtonLight, screenBrightness=102
05-04 15:07:57.412449   774   984 D PowerManagerService: updateDisplayPowerStateLocked: mDisplayReady=true, policy=3, mWakefulness=1, mWakeLockSummary=0x0, mUserActivitySummary=0x9, mBootCompleted=true, mScreenBrightnessBoostInProgress=false
05-04 15:07:57.412721   774   984 V SettingsProvider: packageValueForCallResult, name = user_setup_complete, value : 1
05-04 15:07:57.413736   774   984 I ActivityManager: START u0 {act=android.intent.action.MAIN cat=[android.intent.category.HOME] flg=0x10200000 cmp=com.android.launcher3/.Launcher (has extras)} from uid 1000 from pid 774 on display 0
05-04 15:07:57.414634   774   984 V WindowManager: Looking for focus: 12 = Window{442fad4 u0 StatusBar}, flags=-2122055608, canReceive=false
05-04 15:07:57.414750   774   984 V WindowManager: findFocusedWindow: Found new focus @ 6 = Window{9ae24b0 u0 com.mediatek.filemanager/com.mediatek.filemanager.FileManagerOperationActivity}
05-04 15:07:57.419442   774   984 V WindowManager: Set focused app to: AppWindowToken{e35d496 token=Token{64037b1 ActivityRecord{3d61a58 u0 com.android.launcher3/.Launcher t16}}} old focus=AppWindowToken{41afeae token=Token{dbb698 ActivityRecord{79c387b u0 com.mediatek.filemanager/.FileManagerOperationActivity t80}}} moveFocusNow=true
05-04 15:07:57.421160   774   984 V WindowManager: Looking for focus: 12 = Window{442fad4 u0 StatusBar}, flags=-2122055608, canReceive=false
05-04 15:07:57.421361   774   984 V WindowManager: findFocusedWindow: Reached focused app=AppWindowToken{e35d496 token=Token{64037b1 ActivityRecord{3d61a58 u0 com.android.launcher3/.Launcher t16}}}
05-04 15:07:57.422930   774   984 V WindowManager: Changing focus from Window{9ae24b0 u0 com.mediatek.filemanager/com.mediatek.filemanager.FileManagerOperationActivity} to null Callers=com.android.server.wm.WindowManagerService.setFocusedApp:4469 com.android.server.am.ActivityManagerService.setFocusedActivityLocked:2823 com.android.server.am.ActivityStack.moveTaskToFrontLocked:4303 com.android.server.am.ActivityStackSupervisor.startActivityUncheckedLocked:2331 
05-04 15:07:57.423112   774   984 D WindowManager: Input focus has changed to null
05-04 15:07:57.424020   774   824 I WindowManager: Focus moving from Window{9ae24b0 u0 com.mediatek.filemanager/com.mediatek.filemanager.FileManagerOperationActivity} to null
05-04 15:07:57.424129   774   824 I WindowManager: Losing focus: Window{9ae24b0 u0 com.mediatek.filemanager/com.mediatek.filemanager.FileManagerOperationActivity}
05-04 15:07:57.454514   774   984 D PowerManagerService: acquireWakeLockInternal: lock=233190406, flags=0x1, tag="*launch*", ws=WorkSource{10014}, uid=1000, pid=774
05-04 15:07:57.454663   774   984 D PowerManagerService: updateWakeLockSummaryLocked: mWakefulness=Awake, mWakeLockSummary=0x1
05-04 15:07:57.454869   774   984 D PowerManagerService: updateUserActivitySummaryLocked: mWakefulness=Awake, mUserActivitySummary=0x9, nextTimeout=11972307 (in 7834 ms)
05-04 15:07:57.455059   774   984 D DisplayPowerController: requestPowerState: policy=BRIGHT, useProximitySensor=false, screenBrightness=102, screenAutoBrightnessAdjustment=0.0, brightnessSetByUser=true, useAutoBrightness=false, blockScreenOn=false, lowPowerMode=false, boostScreenBrightness=false, dozeScreenBrightness=-1, dozeScreenState=UNKNOWN, waitForNegativeProximity=false
05-04 15:07:57.455137   774   984 I PowerManagerService: setBrightness mButtonLight, screenBrightness=102
05-04 15:07:57.455204   774   984 D PowerManagerService: updateDisplayPowerStateLocked: mDisplayReady=true, policy=3, mWakefulness=1, mWakeLockSummary=0x1, mUserActivitySummary=0x9, mBootCompleted=true, mScreenBrightnessBoostInProgress=false
05-04 15:07:57.455297   774   984 D PowerManagerService: Acquiring suspend blocker "PowerManagerService.WakeLocks".
05-04 15:07:57.455470   774   984 D PowerManagerNotifier: onWakeLockAcquired: flags=1, tag="*launch*", packageName=android, ownerUid=1000, ownerPid=774, workSource=WorkSource{10014}
05-04 15:07:57.456234   774   984 D ActivityManager: Delay resumeKeyDispatchingLocked() to avoid deadlock.
05-04 15:07:57.468928   774   984 D ActivityManager: Set intentActivity.task.mMovingToFront = true
05-04 15:07:57.472766 26128 26128 D ActivityThread: ACT-AM_ON_PAUSE_CALLED ActivityRecord{766db91 token=android.os.BinderProxy@d7daf6 {com.mediatek.filemanager/com.mediatek.filemanager.FileManagerOperationActivity}}
05-04 15:07:57.472929 26128 26128 D ActivityThread: ACT-PAUSE_ACTIVITY handled : 3 / android.os.BinderProxy@d7daf6
05-04 15:07:57.474734   774   794 V ActivityManager: Broadcast: Intent { act=action_hide_recents_activity flg=0x14000010 pkg=com.android.systemui (has extras) } ordered=false userid=-2 callerApp=ProcessRecord{801ad2e 1081:com.android.systemui/u0a22}
05-04 15:07:57.476567   774 13786 V WindowManager: Looking for focus: 12 = Window{442fad4 u0 StatusBar}, flags=-2122055608, canReceive=false
05-04 15:07:57.476688   774 13786 V WindowManager: findFocusedWindow: No focusable windows.
05-04 15:07:57.478707 26128 26128 D ActivityThread: SVC-UNBIND_SERVICE handled : 0 / BindServiceData{token=android.os.BinderProxy@ea751ec intent=Intent { cmp=com.mediatek.filemanager/.service.FileManagerService }}
05-04 15:07:57.483597  1615  1615 V ActivityThread: Performing resume of ActivityRecord{e8c9fcd token=android.os.BinderProxy@1eb082 {com.android.launcher3/com.android.launcher3.Launcher}}
05-04 15:07:57.488310  1615  1615 D ActivityThread: ACT-AM_ON_RESUME_CALLED ActivityRecord{e8c9fcd token=android.os.BinderProxy@1eb082 {com.android.launcher3/com.android.launcher3.Launcher}}
05-04 15:07:57.488402  1615  1615 V ActivityThread: Resume ActivityRecord{e8c9fcd token=android.os.BinderProxy@1eb082 {com.android.launcher3/com.android.launcher3.Launcher}} started activity: false, hideForNow: false, finished: false
05-04 15:07:57.488613  1615  1615 V ActivityThread: Resuming ActivityRecord{e8c9fcd token=android.os.BinderProxy@1eb082 {com.android.launcher3/com.android.launcher3.Launcher}} with isForward=true
05-04 15:07:57.490821  1615  1615 V ActivityThread: Scheduling idle handler for ActivityRecord{e8c9fcd token=android.os.BinderProxy@1eb082 {com.android.launcher3/com.android.launcher3.Launcher}}
05-04 15:07:57.494234  1615  1615 D ActivityThread: ACT-RESUME_ACTIVITY handled : 1 / android.os.BinderProxy@1eb082
