04-20 16:34:41.079884   964  1843 D TelephonyRegistry: notifyServiceStateForSubscriber Time 20160420T163211Asia/Shanghai(3,110,28800,0,1461141131) mSubId -2 mPhoneId 0  mState 1 1 voice home data home null null null null null null  Unknown Unknown CSS not supported -1 -1 RoamInd=-1 DefRoamInd=-1 EmergOnly=true Ril Voice Regist state: 10 Ril Data Regist state: 0 mProprietaryDataRadioTechnology: 0 VoiceRejectCause: -1 DataRejectCause: -1 mCdmaNetWorkMode: 0 IsDataRoamingFromRegistration=false
04-20 16:34:41.079987   964  1843 D TelephonyRegistry: notifySignalStrengthForSubscriber: ----------------
04-20 16:34:41.080265   964  1843 D SubscriptionManager: [getPhoneId]- return dummy value, subId = -2
04-20 16:34:41.080388   964  1843 D TelephonyRegistry: validatePhoneId: true
04-20 16:34:41.080482   964  1843 D TelephonyRegistry: notifySignalStrengthForSubscriber: valid phoneId=0
04-20 16:34:41.081581  1576  1576 D SubscriptionController: [getPhoneId] asked for default subId=-1
04-20 16:34:41.081867  1576  1576 D SubscriptionController: [getPhoneId]- invalid subId = -1 return = -1
04-20 16:34:41.082516   964  1843 D SubscriptionManager: [getPhoneId]- return dummy value, subId = -2
04-20 16:34:41.082639   964  1843 D TelephonyRegistry: idMatch: rlt=false
04-20 16:34:41.082830   964  1843 D TelephonyRegistry: handleRemoveListLocked: mRemoveList.size()=0
04-20 16:34:41.083127   964  1843 W SignalStrength: SignalStrength get plugin
04-20 16:34:41.083392   964  1843 I use-Rlog/RLOG-GSM: getLTELevel - rsrp:2147483647 snr:2147483647 rsrpIconLevel:-1 snrIconLevel:-1
04-20 16:34:41.083503   964  1843 I use-Rlog/RLOG-GSM: getLTELevel - rssi:99 rssiIconLevel:0
04-20 16:34:41.083572   964  1843 W SignalStrength: SignalStrength get plugin
04-20 16:34:41.083685   964  1843 I use-Rlog/RLOG-GSM:  asu: 14 gsmRscp: -74 out level: 4
04-20 16:34:41.084212   964  1843 D SubscriptionManager: [getPhoneId]- return dummy value, subId = -2
04-20 16:34:41.085139  1576  1576 D SubscriptionController: [getSubId]- sSlotIdxToSubId.size == 0, return DummySubIds slotIdx=0
04-20 16:34:41.085251  1576  1576 D SubscriptionController: getDummySubIds: slotIdx=0 return 2 DummySubIds with each subId=-2
04-20 16:34:41.087264  1576  1576 D GsmSST  : [GsmSST0] handleMessage msg done
04-20 16:34:42.053074   720   736 D RILC    : s_last_wake_timeout_info: 0x7f94583420 reset to NULL
04-20 16:34:42.053320   720   736 D RILC    : userTimerCallback free  p_info: 0x7f94583420
04-20 16:34:42.053499   720   736 D RILC    : userTimerCallback free  p_info->event: 0x7f94583430
04-20 16:34:43.192248  1576  1576 D RILJ    : onDisplayChanged: displayId = 0 [SUB0]
04-20 16:34:43.195464  1576  1576 D RILJ    : onDisplayChanged: displayId = 0 [SUB1]
04-20 16:34:43.298998  1576  1576 D GsmSST  : [GsmSST0] No matched EONS and No CPHS ONS
04-20 16:34:43.299265  1576  1576 D GsmSST  : [GsmSST0] updateSpnDisplay mVoiceCapable=true mEmergencyOnly=true mCi.getRadioState().isOn()=true getVoiceRegState()=1 getDataRegState()1
04-20 16:34:43.299325  1576  1576 D GsmSST  : [GsmSST0] updateSpnDisplay show mEmergencyOnly
04-20 16:34:43.300478  1576  1576 D SubscriptionController: [getSubId]- sSlotIdxToSubId.size == 0, return DummySubIds slotIdx=0
04-20 16:34:43.300580  1576  1576 D SubscriptionController: getDummySubIds: slotIdx=0 return 2 DummySubIds with each subId=-2
04-20 16:34:43.300664  1576  1576 D GsmSST  : [GsmSST0] updateAllOpertorInfo with realPlmn:null
04-20 16:34:43.303960  1576  1576 D GsmSST  : [GsmSST1] No matched EONS and No CPHS ONS
04-20 16:34:43.304240  1576  1576 D GsmSST  : [GsmSST1] updateSpnDisplay mVoiceCapable=true mEmergencyOnly=false mCi.getRadioState().isOn()=false getVoiceRegState()=3 getDataRegState()3
04-20 16:34:43.320435  1576  1576 D SubscriptionController: [getSubId]- sSlotIdxToSubId.size == 0, return DummySubIds slotIdx=1
04-20 16:34:43.320559  1576  1576 D SubscriptionController: getDummySubIds: slotIdx=1 return 2 DummySubIds with each subId=-3
04-20 16:34:43.320638  1576  1576 D GsmSST  : [GsmSST1] updateAllOpertorInfo with realPlmn:null
04-20 16:34:43.340539   560   560 D RILMUXD : [gsm0710muxd] 3897:main(): Frames received/dropped: 7965/0
04-20 16:34:43.412201  1576  1607 D GSMPhone: [GSMPhone] getServiceState : getState() : 1 getDataRegState() : 1
04-20 16:34:43.412780  1576  1607 D DCT     : [0]fetchDunApn: config_tether_apndata dunSetting=null
04-20 16:34:43.412877  1576  1607 D DCT     : [0]hasMatchedTetherApnSetting: APN=null
04-20 16:34:43.420181  1576  2110 D SubscriptionController: [getSubId]- sSlotIdxToSubId.size == 0, return DummySubIds slotIdx=0
04-20 16:34:43.420288  1576  2110 D SubscriptionController: getDummySubIds: slotIdx=0 return 2 DummySubIds with each subId=-2
04-20 16:34:43.421483  1576  1918 D SubscriptionManager: [getPhoneId]- return dummy value, subId = -2
04-20 16:34:43.421569  1576 13209 D GSMPhone: [GSMPhone] getServiceState : getState() : 1 getDataRegState() : 1
04-20 16:34:43.421653  1576  1918 D GSMPhone: [GSMPhone] getServiceState : getState() : 1 getDataRegState() : 1
04-20 16:34:43.421876  1576 13209 D DCT     : [0]fetchDunApn: config_tether_apndata dunSetting=null
04-20 16:34:43.421938  1576 13209 D DCT     : [0]hasMatchedTetherApnSetting: APN=null
04-20 16:34:43.425310  1576  2107 D SubscriptionController: [getSubId]- sSlotIdxToSubId.size == 0, return DummySubIds slotIdx=1
04-20 16:34:43.425395  1576  2107 D SubscriptionController: getDummySubIds: slotIdx=1 return 2 DummySubIds with each subId=-3
04-20 16:34:43.426375  1576  1607 D SubscriptionManager: [getPhoneId]- return dummy value, subId = -3
04-20 16:34:43.426550  1576  1607 D GSMPhone: [GSMPhone] getServiceState : getState() : 3 getDataRegState() : 3
04-20 16:34:43.446143  1576  2110 D GSMPhone: [GSMPhone] getServiceState : getState() : 1 getDataRegState() : 1
04-20 16:34:43.446402  1576  2110 D DCT     : [0]fetchDunApn: config_tether_apndata dunSetting=null
04-20 16:34:43.446464  1576  2110 D DCT     : [0]hasMatchedTetherApnSetting: APN=null
04-20 16:34:43.453020  1576  1918 D GSMPhone: [GSMPhone] getServiceState : getState() : 1 getDataRegState() : 1
04-20 16:34:43.453217  1576  1918 D DCT     : [0]fetchDunApn: config_tether_apndata dunSetting=null
04-20 16:34:43.453286  1576  1918 D DCT     : [0]hasMatchedTetherApnSetting: APN=null
04-20 16:34:43.459371  1576  1607 D GSMPhone: [GSMPhone] getServiceState : getState() : 1 getDataRegState() : 1
04-20 16:34:43.459589  1576  1607 D DCT     : [0]fetchDunApn: config_tether_apndata dunSetting=null
04-20 16:34:43.459653  1576  1607 D DCT     : [0]hasMatchedTetherApnSetting: APN=null
04-20 16:34:44.652170  1576  1576 D FdManager: [GDCT][phoneId0]onReceive: action=android.intent.action.BATTERY_CHANGED
04-20 16:34:44.652593  1576  1576 D FdManager: [GDCT][phoneId0]fdMdEnableMode=1, 3gSimID=0, when charging state is changed
04-20 16:34:44.652702  1576  1576 D FdManager: [GDCT][phoneId0]previousEnableFdOnCharging=0, mEnableFdOnCharing=0, when charging state is changed
04-20 16:34:44.652785  1576  1576 D FdManager: [GDCT][phoneId0]previousChargingMode=true, mChargingMode=false, status=4()
04-20 16:34:44.653879  1576  1576 D FdManager: [GDCT][phoneId0]updateFdMdEnableStatus():enabled=true,fdMdEnableMode=1, 3gSimID=0
04-20 16:34:44.654180  1576  1576 D RILJ    : [4705]> RIL_REQUEST_SET_FD_MODE [SUB0]
04-20 16:34:44.658671   720   736 D RILC    : SOCKET RIL_SOCKET_1 REQUEST: RIL_REQUEST_SET_FD_MODE length:16
04-20 16:34:44.658750   720   736 I RILC-MTK: create request 2061: pRequest=0x7f96452400, pRI=0x7f9644c240, p=0x7f96456380, pUCI=0x0
04-20 16:34:44.658799   720   736 D RILC-MTK: RIL_REQUEST_SET_FD_MODE pRI=0x7f9644c240 p=0x7f96456380 dispatched to RIL_CMD_PROXY_3
04-20 16:34:44.659048   720   732 I RILC-MTK: RIL_CMD2_PROXY_2 wakeup
04-20 16:34:44.659077   720   726 I RILC-MTK: RIL_CMD_PROXY_2 wakeup
04-20 16:34:44.659102   720   732 I RILC-MTK: RIL_CMD2_PROXY_2 sleep
04-20 16:34:44.659195   720   731 I RILC-MTK: RIL_CMD2_PROXY_3 wakeup
04-20 16:34:44.659281   720   731 I RILC-MTK: RIL_CMD2_PROXY_3 sleep
04-20 16:34:44.659346   720   734 I RILC-MTK: RIL_CMD2_PROXY_4 wakeup
04-20 16:34:44.659393   720   734 I RILC-MTK: RIL_CMD2_PROXY_4 sleep
04-20 16:34:44.659458   720   724 I RILC-MTK: RIL_URC_PROXY wakeup
04-20 16:34:44.659508   720   724 I RILC-MTK: RIL_URC_PROXY sleep
04-20 16:34:44.659570   720   728 I RILC-MTK: RIL_CMD_PROXY_4 wakeup
04-20 16:34:44.659617   720   728 I RILC-MTK: RIL_CMD_PROXY_4 sleep
04-20 16:34:44.659684   720   725 I RILC-MTK: RIL_CMD_PROXY_3 wakeup
04-20 16:34:44.659735   720   725 D RILC-MTK: proxy id:1, proxyName: RIL_CMD_PROXY_3
04-20 16:34:44.659787   720   725 D RILC-MTK: RIL_REQUEST_SET_FD_MODE pRI=0x7f9644c240 p=0x7f96456380 execute on RIL_CMD_PROXY_3 using channel 1
04-20 16:34:44.659838   720   725 D RILC    : callOnRequest for new vendor ril
04-20 16:34:44.659887   720   725 D RIL     : onRequest: RIL_REQUEST_SET_FD_MODE, datalen = 16
04-20 16:34:44.659935   720   725 D RIL     : radioState:10
04-20 16:34:44.660007   720   725 D RIL     : requestSetFDMode:args_num=1
04-20 16:34:44.660057   720   725 D RIL     : requestSetFDMode:cmd=AT+EFD=1
04-20 16:34:44.660111   720   725 D AT      : AT send on RIL_CMD_READER_1, tid:547977413696
04-20 16:34:44.660156   720   725 D AT      : AT> AT+EFD=1
04-20 16:34:44.660201   720   725 I AT      : AT write start
04-20 16:34:44.660346   720   733 I RILC-MTK: RIL_CMD2_PROXY_1 wakeup
04-20 16:34:44.660398   720   733 I RILC-MTK: RIL_CMD2_PROXY_1 sleep
04-20 16:34:44.660468   720   735 I RILC-MTK: RIL_ATCI2_PROXY wakeup
04-20 16:34:44.660516   720   735 I RILC-MTK: RIL_ATCI2_PROXY sleep
04-20 16:34:44.660587   720   729 I RILC-MTK: RIL_ATCI_PROXY wakeup
04-20 16:34:44.660635   720   729 I RILC-MTK: RIL_ATCI_PROXY sleep
04-20 16:34:44.660740   720   726 I RILC-MTK: RIL_CMD_PROXY_2 sleep
04-20 16:34:44.663734   560   710 D RILMUXD : [gsm0710muxd] 3614:poll_thread(): poll_thread select found
04-20 16:34:44.663845   560   710 D RILMUXD : [gsm0710muxd] 1045:pseudo_device_read(): Enter, LackofAtciChannel=0
04-20 16:34:44.663917   560   710 D RILMUXD : [gsm0710muxd] 657:write_frame(): Sending frame to channel 3
04-20 16:34:44.664028   560   710 D RILMUXD : [gsm0710muxd] 766:write_frame(): Write a frame on channel 3 with length 9
04-20 16:34:44.658797  1576  1576 D FdManager: [GDCT][phoneId1]onReceive: action=android.intent.action.BATTERY_CHANGED
04-20 16:34:44.659074   720   727 I RILC-MTK: RIL_CMD_PROXY_1 wakeup
04-20 16:34:44.659188   720   730 I RILC-MTK: RIL_URC2_PROXY wakeup
04-20 16:34:44.664602   720   727 I RILC-MTK: RIL_CMD_PROXY_1 sleep
04-20 16:34:44.664620  1576  1576 D FdManager: [GDCT][phoneId1]fdMdEnableMode=1, 3gSimID=0, when charging state is changed
04-20 16:34:44.664727  1576  1576 D FdManager: [GDCT][phoneId1]previousEnableFdOnCharging=0, mEnableFdOnCharing=0, when charging state is changed
04-20 16:34:44.664795   720   730 I RILC-MTK: RIL_URC2_PROXY sleep
04-20 16:34:44.664810  1576  1576 D FdManager: [GDCT][phoneId1]previousChargingMode=true, mChargingMode=false, status=4()
04-20 16:34:44.673144   560   706 D RILMUXD : [gsm0710muxd] 1643:gsm0710_base_buffer_get_frame(): Get a complete frame. ch:3, ctrl:239, len:6
04-20 16:34:44.673261   560   706 D RILMUXD : [gsm0710muxd] 2383:extract_frames(): Writing 6 byte frame received on channel 3 to /dev/pts/8
04-20 16:34:44.673377   560   706 D RILMUXD : [gsm0710muxd] 2403:extract_frames(): write() returned. Written 6/6 bytes of frame to /dev/pts/8
04-20 16:34:44.673434   560   706 D RILMUXD : [gsm0710muxd] 2408:extract_frames(): fsync() failed (-1, 22 - Invalid argument)
04-20 16:34:44.673794   720   741 I AT      : AT read end: 6
04-20 16:34:44.673853   720   741 D AT      : AT< OK
04-20 16:34:44.673901   720   741 D AT      : RIL_CMD_READER_1 Enter processLine:OK
04-20 16:34:44.673981   720   741 I AT      : AT read start
04-20 16:34:44.674169   720   725 D AT      : response received on RIL_CMD_READER_1, tid:547977413696
04-20 16:34:44.674220   720   725 D RILC    : RequestComplete, RIL_SOCKET_1
04-20 16:34:44.674278   720   725 E RILC    : Send Response to RIL_SOCKET_1
04-20 16:34:44.674397   720   725 D RILC-MTK: proxyLoop free  pRI=0x7f9644c240 p=0x7f96456380 
04-20 16:34:44.674442   720   725 D RILC-MTK: proxyLoop free  pRequest=0x7f96452400
04-20 16:34:44.674483   720   725 I RILC-MTK: RIL_CMD_PROXY_3 sleep
04-20 16:34:44.674806  1576  1807 D RILJ    : responseInts numInts=0 [SUB0]
04-20 16:34:44.674967  1576  1807 D RILJ    : [4705]< RIL_REQUEST_SET_FD_MODE {} [SUB0]
04-20 16:34:44.879619  1576  1576 D FdManager: [GDCT][phoneId0]onReceive: action=android.intent.action.BATTERY_CHANGED
04-20 16:34:44.882200  1576  1576 D FdManager: [GDCT][phoneId1]onReceive: action=android.intent.action.BATTERY_CHANGED
04-20 16:34:46.175178   560   706 D RILMUXD : [gsm0710muxd] 1643:gsm0710_base_buffer_get_frame(): Get a complete frame. ch:2, ctrl:239, len:39
04-20 16:34:46.175272   560   706 D RILMUXD : [gsm0710muxd] 2383:extract_frames(): Writing 39 byte frame received on channel 2 to /dev/pts/7
04-20 16:34:46.175367   560   706 D RILMUXD : [gsm0710muxd] 2403:extract_frames(): write() returned. Written 39/39 bytes of frame to /dev/pts/7
04-20 16:34:46.175419   560   706 D RILMUXD : [gsm0710muxd] 2408:extract_frames(): fsync() failed (-1, 22 - Invalid argument)
04-20 16:34:46.175723   720   740 I AT      : AT read end: 39
04-20 16:34:46.175781   720   740 D AT      : AT< +ECSQ: 47,39,1,-294,-20,1,1,2,32767
04-20 16:34:46.175828   720   740 D AT      : RIL_URC_READER Enter processLine:+ECSQ: 47,39,1,-294,-20,1,1,2,32767
04-20 16:34:46.175935   720   740 D RILC    : [MAL_AT] data sent to rild-mal-at is '+ECSQ: 47,39,1,-294,-20,1,1,2,32767'
04-20 16:34:46.176086   720   740 D RILC    : internalRequestTimedCallback malloc p_info: 0x7f945834e0
04-20 16:34:46.176136   720   740 D RILC    : internalRequestTimedCallback malloc p_info->event: 0x7f945834f0
04-20 16:34:46.176247   720   740 D RIL     : Nw URC:+ECSQ: 47,39,1,-294,-20,1,1,2,32767
04-20 16:34:46.176318   720   740 D RIL     : convert3GRssiValue baseband=503 ,isFdd3G=1,isTdd3G=0 ,RSCP_in_qdbm=-294 ,EcN0_in_qdbm=-20
04-20 16:34:46.176374   720   740 D RILC    : callForRilVersion new vendor RIL, version: 10
04-20 16:34:46.176423   720   740 I RILC    : RIL_SOCKET_1 UNSOLICITED: UNSOL_SIGNAL_STRENGTH length:72
04-20 16:34:46.176465   720   740 E RILC    : Send Response to rild-mal
04-20 16:34:46.176554   720   740 E RILC    : Send Response to RIL_SOCKET_1
04-20 16:34:46.176646   720   740 I AT      : AT read start
04-20 16:34:46.180019  1576  1576 D GsmSST  : [GsmSST0] handle EVENT_SIGNAL_STRENGTH_UPDATE
04-20 16:34:46.180316  1576  1576 D GsmSST  : [GsmSST0] onSignalStrengthResult():  LastSignalStrength=SignalStrength: 14 39 -120 -160 -2 0 -1 99 2147483647 -2147483647 2147483647 2147483647 2147483647 gsm|lte 1 -296 -20
04-20 16:34:46.180442  1576  1576 D GsmSST  : [GsmSST0] onSignalStrengthResult():new mSignalStrength=SignalStrength: 14 39 -120 -160 -2 0 -1 99 2147483647 -2147483647 2147483647 2147483647 2147483647 gsm|lte 1 -296 -20
04-20 16:34:46.180522  1576  1576 D GsmSST  : [GsmSST0] handleMessage msg done
04-20 16:34:47.177442   720   736 D RILC    : s_last_wake_timeout_info: 0x7f945834e0 reset to NULL
04-20 16:34:47.177527   720   736 D RILC    : userTimerCallback free  p_info: 0x7f945834e0
04-20 16:34:47.177572   720   736 D RILC    : userTimerCallback free  p_info->event: 0x7f945834f0
04-20 16:34:48.155361  1102  1754 D SubscriptionManager: [getPhoneId]- return dummy value, subId = -1
04-20 16:34:48.155588  1102  1754 D TelephonyManager: getTelephonyProperty prop value= 
04-20 16:34:48.181617  1576 13209 D GSMPhone: [GSMPhone] getServiceState : getState() : 1 getDataRegState() : 1
04-20 16:34:48.181905  1576 13209 D DCT     : [0]fetchDunApn: config_tether_apndata dunSetting=null
04-20 16:34:48.181975  1576 13209 D DCT     : [0]hasMatchedTetherApnSetting: APN=null
04-20 16:34:48.208942  1102  1754 D SubscriptionManager: [getPhoneId]- return dummy value, subId = -1
04-20 16:34:48.209078  1102  1754 D TelephonyManager: getTelephonyProperty prop value= 
04-20 16:34:48.214476  1102  1754 D SubscriptionManager: [getPhoneId]- return dummy value, subId = -1
04-20 16:34:48.214621  1102  1754 D TelephonyManager: getTelephonyProperty prop value= 
04-20 16:34:48.217489  1102  1754 D SubscriptionManager: [getPhoneId]- return dummy value, subId = -1
04-20 16:34:48.217716  1102  1754 D TelephonyManager: getTelephonyProperty prop value= 
04-20 16:34:48.340889   560   560 D RILMUXD : [gsm0710muxd] 3897:main(): Frames received/dropped: 7967/0
04-20 16:34:49.570868   720   736 I RILC    : NUMBER:1
04-20 16:34:49.570950   720   736 I RILC    : arg len:14
04-20 16:34:49.571046   720   736 I RILC    : ARGS[0]:THERMAL,0,-1
04-20 16:34:49.571182   720   736 D RILC    : C[locl]> QUERY_MODEM_THERMAL
04-20 16:34:49.571248   720   736 D RILC-MTK: QUERY_MODEM_THERMAL pRI=0x7f9644c4e0 p=0x7f96456540 dispatched to RIL_CMD_PROXY_1
04-20 16:34:49.571439   720   732 I RILC-MTK: RIL_CMD2_PROXY_2 wakeup
04-20 16:34:49.571464   720   727 I RILC-MTK: RIL_CMD_PROXY_1 wakeup
04-20 16:34:49.571493   720   732 I RILC-MTK: RIL_CMD2_PROXY_2 sleep
04-20 16:34:49.571611   720   724 I RILC-MTK: RIL_URC_PROXY wakeup
04-20 16:34:49.571624   720   727 D RILC-MTK: proxy id:3, proxyName: RIL_CMD_PROXY_1
04-20 16:34:49.571654   720   724 I RILC-MTK: RIL_URC_PROXY sleep
04-20 16:34:49.571675   720   727 D RILC-MTK: QUERY_MODEM_THERMAL pRI=0x7f9644c4e0 p=0x7f96456540 execute on RIL_CMD_PROXY_1 using channel 3
04-20 16:34:49.571717   720   734 I RILC-MTK: RIL_CMD2_PROXY_4 wakeup
04-20 16:34:49.571726   720   727 D RILC    : callOnRequest for new vendor ril
04-20 16:34:49.571876   720   734 I RILC-MTK: RIL_CMD2_PROXY_4 sleep
04-20 16:34:49.571876   720   727 D RIL     : onRequest: QUERY_MODEM_THERMAL, datalen = 8
04-20 16:34:49.572013   720   727 D RIL     : radioState:10
04-20 16:34:49.572028   720   731 I RILC-MTK: RIL_CMD2_PROXY_3 wakeup
04-20 16:34:49.572065   720   727 D RIL     : requestQueryThermal Enter,-1
04-20 16:34:49.572152   720   727 D AT      : getRILChannelCtx subsystem:1, rid:0 channelOffset:0
04-20 16:34:49.572202   720   727 D AT      : AT send on RIL_CMD_READER_3, tid:547975332928
04-20 16:34:49.572249   720   727 D AT      : AT> AT+ETHERMAL
04-20 16:34:49.572292   720   727 I AT      : AT write start
04-20 16:34:49.572763   560   712 D RILMUXD : [gsm0710muxd] 3614:poll_thread(): poll_thread select found
04-20 16:34:49.572831   560   712 D RILMUXD : [gsm0710muxd] 1045:pseudo_device_read(): Enter, LackofAtciChannel=0
04-20 16:34:49.572898   560   712 D RILMUXD : [gsm0710muxd] 657:write_frame(): Sending frame to channel 5
04-20 16:34:49.573008   560   712 D RILMUXD : [gsm0710muxd] 766:write_frame(): Write a frame on channel 5 with length 12
04-20 16:34:49.572069   720   731 I RILC-MTK: RIL_CMD2_PROXY_3 sleep
04-20 16:34:49.573199   720   726 I RILC-MTK: RIL_CMD_PROXY_2 wakeup
04-20 16:34:49.573245   720   726 I RILC-MTK: RIL_CMD_PROXY_2 sleep
04-20 16:34:49.573306   720   730 I RILC-MTK: RIL_URC2_PROXY wakeup
04-20 16:34:49.573351   720   730 I RILC-MTK: RIL_URC2_PROXY sleep
04-20 16:34:49.573683   720   729 I RILC-MTK: RIL_ATCI_PROXY wakeup
04-20 16:34:49.573729   720   729 I RILC-MTK: RIL_ATCI_PROXY sleep
04-20 16:34:49.573806   720   735 I RILC-MTK: RIL_ATCI2_PROXY wakeup
04-20 16:34:49.573847   720   735 I RILC-MTK: RIL_ATCI2_PROXY sleep
04-20 16:34:49.573927   720   733 I RILC-MTK: RIL_CMD2_PROXY_1 wakeup
04-20 16:34:49.573970   720   733 I RILC-MTK: RIL_CMD2_PROXY_1 sleep
04-20 16:34:49.574249   720   725 I RILC-MTK: RIL_CMD_PROXY_3 wakeup
04-20 16:34:49.574293   720   725 I RILC-MTK: RIL_CMD_PROXY_3 sleep
04-20 16:34:49.574353   720   728 I RILC-MTK: RIL_CMD_PROXY_4 wakeup
04-20 16:34:49.574395   720   728 I RILC-MTK: RIL_CMD_PROXY_4 sleep
04-20 16:34:49.581023   560   706 D RILMUXD : [gsm0710muxd] 1643:gsm0710_base_buffer_get_frame(): Get a complete frame. ch:5, ctrl:239, len:44
04-20 16:34:49.581198   560   706 D RILMUXD : [gsm0710muxd] 2383:extract_frames(): Writing 44 byte frame received on channel 5 to /dev/pts/10
04-20 16:34:49.581313   560   706 D RILMUXD : [gsm0710muxd] 2403:extract_frames(): write() returned. Written 44/44 bytes of frame to /dev/pts/10
04-20 16:34:49.581373   560   706 D RILMUXD : [gsm0710muxd] 2408:extract_frames(): fsync() failed (-1, 22 - Invalid argument)
04-20 16:34:49.581449   560   706 D RILMUXD : [gsm0710muxd] 1643:gsm0710_base_buffer_get_frame(): Get a complete frame. ch:5, ctrl:239, len:6
04-20 16:34:49.581506   560   706 D RILMUXD : [gsm0710muxd] 2383:extract_frames(): Writing 6 byte frame received on channel 5 to /dev/pts/10
04-20 16:34:49.581607   560   706 D RILMUXD : [gsm0710muxd] 2403:extract_frames(): write() returned. Written 6/6 bytes of frame to /dev/pts/10
04-20 16:34:49.581663   560   706 D RILMUXD : [gsm0710muxd] 2408:extract_frames(): fsync() failed (-1, 22 - Invalid argument)
04-20 16:34:49.581887   720   743 I AT      : AT read end: 50
04-20 16:34:49.581972   720   743 D AT      : AT< +ETHERMAL: 2, 32767, -127, -1, 32767, 18
04-20 16:34:49.582077   720   743 D AT      : RIL_CMD_READER_3 Enter processLine:+ETHERMAL: 2, 32767, -127, -1, 32767, 18
04-20 16:34:49.582147   720   743 D AT      : AT< OK
04-20 16:34:49.582199   720   743 D AT      : RIL_CMD_READER_3 Enter processLine:OK
04-20 16:34:49.582263   720   743 I AT      : AT read start
04-20 16:34:49.582821   720   727 D AT      : response received on RIL_CMD_READER_3, tid:547975332928
04-20 16:34:49.582932   720   727 D RIL     : requestQueryThermal success
04-20 16:34:49.583002   720   727 D RILC    : RequestComplete, RIL_SOCKET_1
04-20 16:34:49.583061   720   727 D RILC    : [THERMAL] local request for THERMAL returned 
04-20 16:34:49.583130   720   727 D RILC    : [THERMAL] s_THERMAL_fd is valid strResult is  2, 32767, -127, -1, 32767, 18
04-20 16:34:49.583249   720   727 D RILC-MTK: proxyLoop free  pRI=0x7f9644c4e0 p=0x7f96456540 
04-20 16:34:49.583342   720   727 D RILC-MTK: proxyLoop free  pRequest=0x7f96452480
04-20 16:34:49.583397   720   727 I RILC-MTK: RIL_CMD_PROXY_1 sleep
04-20 16:34:51.290812   560   706 D RILMUXD : [gsm0710muxd] 1643:gsm0710_base_buffer_get_frame(): Get a complete frame. ch:2, ctrl:239, len:39
04-20 16:34:51.290920   560   706 D RILMUXD : [gsm0710muxd] 2383:extract_frames(): Writing 39 byte frame received on channel 2 to /dev/pts/7
04-20 16:34:51.291014   560   706 D RILMUXD : [gsm0710muxd] 2403:extract_frames(): write() returned. Written 39/39 bytes of frame to /dev/pts/7
04-20 16:34:51.291066   560   706 D RILMUXD : [gsm0710muxd] 2408:extract_frames(): fsync() failed (-1, 22 - Invalid argument)
04-20 16:34:51.291258   720   740 I AT      : AT read end: 39
04-20 16:34:51.291320   720   740 D AT      : AT< +ECSQ: 47,36,1,-294,-25,1,1,2,32767
04-20 16:34:51.291368   720   740 D AT      : RIL_URC_READER Enter processLine:+ECSQ: 47,36,1,-294,-25,1,1,2,32767
04-20 16:34:51.291512   720   740 D RILC    : [MAL_AT] data sent to rild-mal-at is '+ECSQ: 47,36,1,-294,-25,1,1,2,32767'
04-20 16:34:51.291624   720   740 D RILC    : internalRequestTimedCallback malloc p_info: 0x7f94583180
04-20 16:34:51.291687   720   740 D RILC    : internalRequestTimedCallback malloc p_info->event: 0x7f94583190
04-20 16:34:51.291787   720   740 D RIL     : Nw URC:+ECSQ: 47,36,1,-294,-25,1,1,2,32767
04-20 16:34:51.291915   720   740 D RIL     : convert3GRssiValue baseband=503 ,isFdd3G=1,isTdd3G=0 ,RSCP_in_qdbm=-294 ,EcN0_in_qdbm=-25
04-20 16:34:51.292105   720   740 D RILC    : callForRilVersion new vendor RIL, version: 10
04-20 16:34:51.292161   720   740 I RILC    : RIL_SOCKET_1 UNSOLICITED: UNSOL_SIGNAL_STRENGTH length:72
04-20 16:34:51.292238   720   740 E RILC    : Send Response to rild-mal
04-20 16:34:51.292440   720   740 E RILC    : Send Response to RIL_SOCKET_1
04-20 16:34:51.292573   720   740 I AT      : AT read start
04-20 16:34:51.293770  1576  1576 D GsmSST  : [GsmSST0] handle EVENT_SIGNAL_STRENGTH_UPDATE
04-20 16:34:51.294095  1576  1576 D GsmSST  : [GsmSST0] onSignalStrengthResult():  LastSignalStrength=SignalStrength: 14 39 -120 -160 -2 0 -1 99 2147483647 -2147483647 2147483647 2147483647 2147483647 gsm|lte 1 -296 -20
04-20 16:34:51.294610  1576  1576 D GsmSST  : [GsmSST0] onSignalStrengthResult():new mSignalStrength=SignalStrength: 14 36 -120 -160 -2 0 -1 99 2147483647 -2147483647 2147483647 2147483647 2147483647 gsm|lte 1 -296 -25
04-20 16:34:51.295260  1576  1576 W SignalStrength: SignalStrength get plugin
04-20 16:34:51.295596  1576  1576 I use-Rlog/RLOG-GSM: getLTELevel - rsrp:2147483647 snr:2147483647 rsrpIconLevel:-1 snrIconLevel:-1
04-20 16:34:51.295706  1576  1576 I use-Rlog/RLOG-GSM: getLTELevel - rssi:99 rssiIconLevel:0
04-20 16:34:51.295798  1576  1576 W SignalStrength: SignalStrength get plugin
04-20 16:34:51.295984  1576  1576 I use-Rlog/RLOG-GSM:  asu: 14 gsmRscp: -74 out level: 4
04-20 16:34:51.296078  1576  1576 D GsmSST  : [GsmSST0] notifySignalStrength: mSignalStrength.getLevel=4
04-20 16:34:51.296374  1576  1576 D SubscriptionController: [getSubId]- sSlotIdxToSubId.size == 0, return DummySubIds slotIdx=0
04-20 16:34:51.296470  1576  1576 D SubscriptionController: getDummySubIds: slotIdx=0 return 2 DummySubIds with each subId=-2
04-20 16:34:51.296746  1576  1576 D DefaultPhoneNotifier: notifySignalStrength: mRegistry=com.android.internal.telephony.ITelephonyRegistry$Stub$Proxy@20f1708 ss=SignalStrength: 14 36 -120 -160 -2 0 -1 99 2147483647 -2147483647 2147483647 2147483647 2147483647 gsm|lte 1 -296 -25 sender=Handler (com.android.internal.telephony.gsm.GSMPhone) {e4ac408}
04-20 16:34:51.298162   964  1663 D TelephonyRegistry: notifySignalStrengthForSubscriber: subId=-2 signalStrength=SignalStrength: 14 36 -120 -160 -2 0 -1 99 2147483647 -2147483647 2147483647 2147483647 2147483647 gsm|lte 1 -296 -25
04-20 16:34:51.298357   964  1663 D TelephonyRegistry: notifySignalStrengthForSubscriber: logSSC.length=5 next=4
04-20 16:34:51.300338   964  1663 D TelephonyRegistry: notifyServiceStateForSubscriber Time 20160420T161408Asia/Shanghai(3,110,28800,0,1461140048) mSubId -2 mPhoneId 0  mState 1 1 voice home data home null null null null null null  Unknown Unknown CSS not supported -1 -1 RoamInd=-1 DefRoamInd=-1 EmergOnly=true Ril Voice Regist state: 10 Ril Data Regist state: 0 mProprietaryDataRadioTechnology: 0 VoiceRejectCause: -1 DataRejectCause: -1 mCdmaNetWorkMode: 0 IsDataRoamingFromRegistration=false
04-20 16:34:51.302062   964  1663 D TelephonyRegistry: notifyServiceStateForSubscriber Time 20160420T163101Asia/Shanghai(3,110,28800,0,1461141061) mSubId -2 mPhoneId 0  mState 1 1 voice home data home null null null null null null  Unknown Unknown CSS not supported 0 0 RoamInd=-1 DefRoamInd=-1 EmergOnly=true Ril Voice Regist state: 10 Ril Data Regist state: 0 mProprietaryDataRadioTechnology: 0 VoiceRejectCause: -1 DataRejectCause: -1 mCdmaNetWorkMode: 0 IsDataRoamingFromRegistration=false
04-20 16:34:51.304132   964  1663 D TelephonyRegistry: notifyServiceStateForSubscriber Time 20160420T163117Asia/Shanghai(3,110,28800,0,1461141077) mSubId -2 mPhoneId 0  mState 1 1 voice home data home null null null null null null  Unknown Unknown CSS not supported -1 -1 RoamInd=-1 DefRoamInd=-1 EmergOnly=true Ril Voice Regist state: 10 Ril Data Regist state: 0 mProprietaryDataRadioTechnology: 0 VoiceRejectCause: -1 DataRejectCause: -1 mCdmaNetWorkMode: 0 IsDataRoamingFromRegistration=false
04-20 16:34:51.306244   964  1663 D TelephonyRegistry: notifyServiceStateForSubscriber Time 20160420T163117Asia/Shanghai(3,110,28800,0,1461141077) mSubId -2 mPhoneId 0  mState 1 1 voice home data home null null null null null null  Unknown Unknown CSS not supported 0 0 RoamInd=-1 DefRoamInd=-1 EmergOnly=true Ril Voice Regist state: 10 Ril Data Regist state: 0 mProprietaryDataRadioTechnology: 0 VoiceRejectCause: -1 DataRejectCause: -1 mCdmaNetWorkMode: 0 IsDataRoamingFromRegistration=false
04-20 16:34:51.308018   964  1663 D TelephonyRegistry: notifyServiceStateForSubscriber Time 20160420T163211Asia/Shanghai(3,110,28800,0,1461141131) mSubId -2 mPhoneId 0  mState 1 1 voice home data home null null null null null null  Unknown Unknown CSS not supported -1 -1 RoamInd=-1 DefRoamInd=-1 EmergOnly=true Ril Voice Regist state: 10 Ril Data Regist state: 0 mProprietaryDataRadioTechnology: 0 VoiceRejectCause: -1 DataRejectCause: -1 mCdmaNetWorkMode: 0 IsDataRoamingFromRegistration=false
04-20 16:34:51.308140   964  1663 D TelephonyRegistry: notifySignalStrengthForSubscriber: ----------------
04-20 16:34:51.308484   964  1663 D SubscriptionManager: [getPhoneId]- return dummy value, subId = -2
04-20 16:34:51.308620   964  1663 D TelephonyRegistry: validatePhoneId: true
04-20 16:34:51.308721   964  1663 D TelephonyRegistry: notifySignalStrengthForSubscriber: valid phoneId=0
04-20 16:34:51.310479  1576  1576 D SubscriptionController: [getPhoneId] asked for default subId=-1
04-20 16:34:51.311187  1576  1576 D SubscriptionController: [getPhoneId]- invalid subId = -1 return = -1
04-20 16:34:51.314302   964  1663 D SubscriptionManager: [getPhoneId]- return dummy value, subId = -2
04-20 16:34:51.314403   964  1663 D TelephonyRegistry: idMatch: rlt=false
04-20 16:34:51.315548   964  1663 D TelephonyRegistry: handleRemoveListLocked: mRemoveList.size()=0
04-20 16:34:51.315920   964  1663 W SignalStrength: SignalStrength get plugin
04-20 16:34:51.316384   964  1663 I use-Rlog/RLOG-GSM: getLTELevel - rsrp:2147483647 snr:2147483647 rsrpIconLevel:-1 snrIconLevel:-1
04-20 16:34:51.316524   964  1663 I use-Rlog/RLOG-GSM: getLTELevel - rssi:99 rssiIconLevel:0
04-20 16:34:51.316601   964  1663 W SignalStrength: SignalStrength get plugin
04-20 16:34:51.316721   964  1663 I use-Rlog/RLOG-GSM:  asu: 14 gsmRscp: -74 out level: 4
04-20 16:34:51.317333   964  1663 D SubscriptionManager: [getPhoneId]- return dummy value, subId = -2
04-20 16:34:51.318269  1576  1576 D SubscriptionController: [getSubId]- sSlotIdxToSubId.size == 0, return DummySubIds slotIdx=0
04-20 16:34:51.318380  1576  1576 D SubscriptionController: getDummySubIds: slotIdx=0 return 2 DummySubIds with each subId=-2
04-20 16:34:51.321439  1576  1576 D GsmSST  : [GsmSST0] handleMessage msg done
04-20 16:34:51.753908  1102  1754 D SubscriptionManager: [getPhoneId]- return dummy value, subId = -1
04-20 16:34:51.754116  1102  1754 D TelephonyManager: getTelephonyProperty prop value= 
04-20 16:34:51.770178  1576  1918 D GSMPhone: [GSMPhone] getServiceState : getState() : 1 getDataRegState() : 1
04-20 16:34:51.770447  1576  1918 D DCT     : [0]fetchDunApn: config_tether_apndata dunSetting=null
04-20 16:34:51.770519  1576  1918 D DCT     : [0]hasMatchedTetherApnSetting: APN=null
04-20 16:34:51.801434  1102  1754 D SubscriptionManager: [getPhoneId]- return dummy value, subId = -1
04-20 16:34:51.801529  1102  1754 D TelephonyManager: getTelephonyProperty prop value= 
04-20 16:34:51.803906  1102  1754 D SubscriptionManager: [getPhoneId]- return dummy value, subId = -1
04-20 16:34:51.804002  1102  1754 D TelephonyManager: getTelephonyProperty prop value= 
04-20 16:34:51.808785  1102  1754 D SubscriptionManager: [getPhoneId]- return dummy value, subId = -1
04-20 16:34:51.808916  1102  1754 D TelephonyManager: getTelephonyProperty prop value= 
04-20 16:34:52.292922   720   736 D RILC    : s_last_wake_timeout_info: 0x7f94583180 reset to NULL
04-20 16:34:52.293035   720   736 D RILC    : userTimerCallback free  p_info: 0x7f94583180
04-20 16:34:52.293103   720   736 D RILC    : userTimerCallback free  p_info->event: 0x7f94583190
04-20 16:34:52.767205  1576  1576 D RILJ    : onDisplayChanged: displayId = 0 [SUB0]
04-20 16:34:52.771258  1576  1576 D RILJ    : onDisplayChanged: displayId = 0 [SUB1]
04-20 16:34:52.935149  1576  1576 D GsmSST  : [GsmSST0] No matched EONS and No CPHS ONS
04-20 16:34:52.935542  1576  1576 D GsmSST  : [GsmSST0] updateSpnDisplay mVoiceCapable=true mEmergencyOnly=true mCi.getRadioState().isOn()=true getVoiceRegState()=1 getDataRegState()1
04-20 16:34:52.935642  1576  1576 D GsmSST  : [GsmSST0] updateSpnDisplay show mEmergencyOnly
04-20 16:34:52.941975  1576  1576 D SubscriptionController: [getSubId]- sSlotIdxToSubId.size == 0, return DummySubIds slotIdx=0
04-20 16:34:52.942134  1576  1576 D SubscriptionController: getDummySubIds: slotIdx=0 return 2 DummySubIds with each subId=-2
04-20 16:34:52.942257  1576  1576 D GsmSST  : [GsmSST0] updateAllOpertorInfo with realPlmn:null
04-20 16:34:52.967858  1576  1576 D GsmSST  : [GsmSST1] No matched EONS and No CPHS ONS
04-20 16:34:52.969786  1576  1576 D GsmSST  : [GsmSST1] updateSpnDisplay mVoiceCapable=true mEmergencyOnly=false mCi.getRadioState().isOn()=false getVoiceRegState()=3 getDataRegState()3
04-20 16:34:52.972947  1576  1576 D SubscriptionController: [getSubId]- sSlotIdxToSubId.size == 0, return DummySubIds slotIdx=1
04-20 16:34:52.973106  1576  1576 D SubscriptionController: getDummySubIds: slotIdx=1 return 2 DummySubIds with each subId=-3
04-20 16:34:52.973700  1576  1576 D GsmSST  : [GsmSST1] updateAllOpertorInfo with realPlmn:null
04-20 16:34:53.031379  1102  1754 D SubscriptionManager: [getPhoneId]- return dummy value, subId = -1
04-20 16:34:53.031630  1102  1754 D TelephonyManager: getTelephonyProperty prop value= 
04-20 16:34:53.113997  1576 13209 D GSMPhone: [GSMPhone] getServiceState : getState() : 1 getDataRegState() : 1
04-20 16:34:53.114451  1576 13209 D DCT     : [0]fetchDunApn: config_tether_apndata dunSetting=null
04-20 16:34:53.114546  1576 13209 D DCT     : [0]hasMatchedTetherApnSetting: APN=null
04-20 16:34:53.132912  1576  1918 D SubscriptionController: [getSubId]- sSlotIdxToSubId.size == 0, return DummySubIds slotIdx=0
04-20 16:34:53.133055  1576  1918 D SubscriptionController: getDummySubIds: slotIdx=0 return 2 DummySubIds with each subId=-2
04-20 16:34:53.134640  1576  2107 D SubscriptionManager: [getPhoneId]- return dummy value, subId = -2
04-20 16:34:53.134956  1576  2107 D GSMPhone: [GSMPhone] getServiceState : getState() : 1 getDataRegState() : 1
04-20 16:34:53.141478  1576  1607 D SubscriptionController: [getSubId]- sSlotIdxToSubId.size == 0, return DummySubIds slotIdx=1
04-20 16:34:53.141776  1576  1607 D SubscriptionController: getDummySubIds: slotIdx=1 return 2 DummySubIds with each subId=-3
04-20 16:34:53.146108  1576  1608 D SubscriptionManager: [getPhoneId]- return dummy value, subId = -3
04-20 16:34:53.146363  1576  1608 D GSMPhone: [GSMPhone] getServiceState : getState() : 3 getDataRegState() : 3
04-20 16:34:53.341144   560   560 D RILMUXD : [gsm0710muxd] 3897:main(): Frames received/dropped: 7970/0
04-20 16:34:54.767795  1576  1576 D FdManager: [GDCT][phoneId0]onReceive: action=android.intent.action.BATTERY_CHANGED
04-20 16:34:54.770451  1576  1576 D FdManager: [GDCT][phoneId1]onReceive: action=android.intent.action.BATTERY_CHANGED
