04-20 16:33:40.608965   720   736 D RILC    : userTimerCallback free  p_info: 0x7f945834e0
04-20 16:33:40.609014   720   736 D RILC    : userTimerCallback free  p_info->event: 0x7f945834f0
04-20 16:33:43.335460   560   560 D RILMUXD : [gsm0710muxd] 3897:main(): Frames received/dropped: 7942/0
04-20 16:33:44.724961   560   706 D RILMUXD : [gsm0710muxd] 1643:gsm0710_base_buffer_get_frame(): Get a complete frame. ch:2, ctrl:239, len:39
04-20 16:33:44.725304   560   706 D RILMUXD : [gsm0710muxd] 2383:extract_frames(): Writing 39 byte frame received on channel 2 to /dev/pts/7
04-20 16:33:44.725576   560   706 D RILMUXD : [gsm0710muxd] 2403:extract_frames(): write() returned. Written 39/39 bytes of frame to /dev/pts/7
04-20 16:33:44.725784   560   706 D RILMUXD : [gsm0710muxd] 2408:extract_frames(): fsync() failed (-1, 22 - Invalid argument)
04-20 16:33:44.740433   720   740 I AT      : AT read end: 39
04-20 16:33:44.740695   720   740 D AT      : AT< +ECSQ: 45,35,1,-301,-28,1,1,2,32767
04-20 16:33:44.740879   720   740 D AT      : RIL_URC_READER Enter processLine:+ECSQ: 45,35,1,-301,-28,1,1,2,32767
04-20 16:33:44.741209   720   740 D RILC    : [MAL_AT] data sent to rild-mal-at is '+ECSQ: 45,35,1,-301,-28,1,1,2,32767'
04-20 16:33:44.741612   720   740 D RILC    : internalRequestTimedCallback malloc p_info: 0x7f945830c0
04-20 16:33:44.741807   720   740 D RILC    : internalRequestTimedCallback malloc p_info->event: 0x7f945830d0
04-20 16:33:44.742120   720   740 D RIL     : Nw URC:+ECSQ: 45,35,1,-301,-28,1,1,2,32767
04-20 16:33:44.746701   720   740 D RIL     : convert3GRssiValue baseband=503 ,isFdd3G=1,isTdd3G=0 ,RSCP_in_qdbm=-301 ,EcN0_in_qdbm=-28
04-20 16:33:44.746790   720   740 D RILC    : callForRilVersion new vendor RIL, version: 10
04-20 16:33:44.746842   720   740 I RILC    : RIL_SOCKET_1 UNSOLICITED: UNSOL_SIGNAL_STRENGTH length:72
04-20 16:33:44.746885   720   740 E RILC    : Send Response to rild-mal
04-20 16:33:44.747387   720   740 E RILC    : Send Response to RIL_SOCKET_1
04-20 16:33:44.748085  1576  1576 D GsmSST  : [GsmSST0] handle EVENT_SIGNAL_STRENGTH_UPDATE
04-20 16:33:44.748319  1576  1576 D GsmSST  : [GsmSST0] onSignalStrengthResult():  LastSignalStrength=SignalStrength: 14 35 -120 -160 -2 0 -1 99 2147483647 -2147483647 2147483647 2147483647 2147483647 gsm|lte 1 -296 -27
04-20 16:33:44.748422  1576  1576 D GsmSST  : [GsmSST0] onSignalStrengthResult():new mSignalStrength=SignalStrength: 14 35 -120 -160 -2 0 -1 99 2147483647 -2147483647 2147483647 2147483647 2147483647 gsm|lte 1 -304 -28
04-20 16:33:44.748597  1576  1576 W SignalStrength: SignalStrength get plugin
04-20 16:33:44.748690  1576  1576 I use-Rlog/RLOG-GSM: getLTELevel - rsrp:2147483647 snr:2147483647 rsrpIconLevel:-1 snrIconLevel:-1
04-20 16:33:44.748754  1576  1576 I use-Rlog/RLOG-GSM: getLTELevel - rssi:99 rssiIconLevel:0
04-20 16:33:44.748818  1576  1576 W SignalStrength: SignalStrength get plugin
04-20 16:33:44.748891  1576  1576 I use-Rlog/RLOG-GSM:  asu: 14 gsmRscp: -76 out level: 4
04-20 16:33:44.748952  1576  1576 D GsmSST  : [GsmSST0] notifySignalStrength: mSignalStrength.getLevel=4
04-20 16:33:44.749050  1576  1576 D SubscriptionController: [getSubId]- sSlotIdxToSubId.size == 0, return DummySubIds slotIdx=0
04-20 16:33:44.749120  1576  1576 D SubscriptionController: getDummySubIds: slotIdx=0 return 2 DummySubIds with each subId=-2
04-20 16:33:44.749249  1576  1576 D DefaultPhoneNotifier: notifySignalStrength: mRegistry=com.android.internal.telephony.ITelephonyRegistry$Stub$Proxy@20f1708 ss=SignalStrength: 14 35 -120 -160 -2 0 -1 99 2147483647 -2147483647 2147483647 2147483647 2147483647 gsm|lte 1 -304 -28 sender=Handler (com.android.internal.telephony.gsm.GSMPhone) {e4ac408}
04-20 16:33:44.750393   964   975 D TelephonyRegistry: notifySignalStrengthForSubscriber: subId=-2 signalStrength=SignalStrength: 14 35 -120 -160 -2 0 -1 99 2147483647 -2147483647 2147483647 2147483647 2147483647 gsm|lte 1 -304 -28
04-20 16:33:44.750516   964   975 D TelephonyRegistry: notifySignalStrengthForSubscriber: logSSC.length=5 next=4
04-20 16:33:44.752219   964   975 D TelephonyRegistry: notifyServiceStateForSubscriber Time 20160420T161408Asia/Shanghai(3,110,28800,0,1461140048) mSubId -2 mPhoneId 0  mState 1 1 voice home data home null null null null null null  Unknown Unknown CSS not supported -1 -1 RoamInd=-1 DefRoamInd=-1 EmergOnly=true Ril Voice Regist state: 10 Ril Data Regist state: 0 mProprietaryDataRadioTechnology: 0 VoiceRejectCause: -1 DataRejectCause: -1 mCdmaNetWorkMode: 0 IsDataRoamingFromRegistration=false
04-20 16:33:44.753150   720   740 I AT      : AT read start
04-20 16:33:44.759162   964   975 D TelephonyRegistry: notifyServiceStateForSubscriber Time 20160420T163101Asia/Shanghai(3,110,28800,0,1461141061) mSubId -2 mPhoneId 0  mState 1 1 voice home data home null null null null null null  Unknown Unknown CSS not supported 0 0 RoamInd=-1 DefRoamInd=-1 EmergOnly=true Ril Voice Regist state: 10 Ril Data Regist state: 0 mProprietaryDataRadioTechnology: 0 VoiceRejectCause: -1 DataRejectCause: -1 mCdmaNetWorkMode: 0 IsDataRoamingFromRegistration=false
04-20 16:33:44.777756   964   975 D TelephonyRegistry: notifyServiceStateForSubscriber Time 20160420T163117Asia/Shanghai(3,110,28800,0,1461141077) mSubId -2 mPhoneId 0  mState 1 1 voice home data home null null null null null null  Unknown Unknown CSS not supported -1 -1 RoamInd=-1 DefRoamInd=-1 EmergOnly=true Ril Voice Regist state: 10 Ril Data Regist state: 0 mProprietaryDataRadioTechnology: 0 VoiceRejectCause: -1 DataRejectCause: -1 mCdmaNetWorkMode: 0 IsDataRoamingFromRegistration=false
04-20 16:33:44.788422   964   975 D TelephonyRegistry: notifyServiceStateForSubscriber Time 20160420T163117Asia/Shanghai(3,110,28800,0,1461141077) mSubId -2 mPhoneId 0  mState 1 1 voice home data home null null null null null null  Unknown Unknown CSS not supported 0 0 RoamInd=-1 DefRoamInd=-1 EmergOnly=true Ril Voice Regist state: 10 Ril Data Regist state: 0 mProprietaryDataRadioTechnology: 0 VoiceRejectCause: -1 DataRejectCause: -1 mCdmaNetWorkMode: 0 IsDataRoamingFromRegistration=false
04-20 16:33:44.791561   964   975 D TelephonyRegistry: notifyServiceStateForSubscriber Time 20160420T163211Asia/Shanghai(3,110,28800,0,1461141131) mSubId -2 mPhoneId 0  mState 1 1 voice home data home null null null null null null  Unknown Unknown CSS not supported -1 -1 RoamInd=-1 DefRoamInd=-1 EmergOnly=true Ril Voice Regist state: 10 Ril Data Regist state: 0 mProprietaryDataRadioTechnology: 0 VoiceRejectCause: -1 DataRejectCause: -1 mCdmaNetWorkMode: 0 IsDataRoamingFromRegistration=false
04-20 16:33:44.791664   964   975 D TelephonyRegistry: notifySignalStrengthForSubscriber: ----------------
04-20 16:33:44.791935   964   975 D SubscriptionManager: [getPhoneId]- return dummy value, subId = -2
04-20 16:33:44.792044   964   975 D TelephonyRegistry: validatePhoneId: true
04-20 16:33:44.795547   964   975 D TelephonyRegistry: notifySignalStrengthForSubscriber: valid phoneId=0
04-20 16:33:44.796975  1576  1576 D SubscriptionController: [getPhoneId] asked for default subId=-1
04-20 16:33:44.797274  1576  1576 D SubscriptionController: [getPhoneId]- invalid subId = -1 return = -1
04-20 16:33:44.799159   964   975 D SubscriptionManager: [getPhoneId]- return dummy value, subId = -2
04-20 16:33:44.799274   964   975 D TelephonyRegistry: idMatch: rlt=false
04-20 16:33:44.799552   964   975 D TelephonyRegistry: handleRemoveListLocked: mRemoveList.size()=0
04-20 16:33:44.799855   964   975 W SignalStrength: SignalStrength get plugin
04-20 16:33:44.800119   964   975 I use-Rlog/RLOG-GSM: getLTELevel - rsrp:2147483647 snr:2147483647 rsrpIconLevel:-1 snrIconLevel:-1
04-20 16:33:44.800224   964   975 I use-Rlog/RLOG-GSM: getLTELevel - rssi:99 rssiIconLevel:0
04-20 16:33:44.800615   964   975 W SignalStrength: SignalStrength get plugin
04-20 16:33:44.800843   964   975 I use-Rlog/RLOG-GSM:  asu: 14 gsmRscp: -76 out level: 4
04-20 16:33:44.801894   964   975 D SubscriptionManager: [getPhoneId]- return dummy value, subId = -2
04-20 16:33:44.803326  1576  1576 D SubscriptionController: [getSubId]- sSlotIdxToSubId.size == 0, return DummySubIds slotIdx=0
04-20 16:33:44.803430  1576  1576 D SubscriptionController: getDummySubIds: slotIdx=0 return 2 DummySubIds with each subId=-2
04-20 16:33:44.807566  1576  1576 D GsmSST  : [GsmSST0] handleMessage msg done
04-20 16:33:44.807984  1576  1576 D FdManager: [GDCT][phoneId0]onReceive: action=android.intent.action.BATTERY_CHANGED
04-20 16:33:44.808458  1576  1576 D FdManager: [GDCT][phoneId1]onReceive: action=android.intent.action.BATTERY_CHANGED
04-20 16:33:45.668548 15015 15015 D TelephonyManager: getTelephonyProperty prop value= 1,1
04-20 16:33:45.670060 15015 15015 D SubscriptionManager: [getPhoneId]- return dummy value, subId = -1
04-20 16:33:45.670189 15015 15015 D TelephonyManager: getTelephonyProperty prop value= 
04-20 16:33:45.674688 15015 15015 D SubscriptionManager: [getPhoneId]- return dummy value, subId = -1
04-20 16:33:45.674824 15015 15015 D TelephonyManager: getTelephonyProperty prop value= ,
04-20 16:33:45.742592   720   736 D RILC    : s_last_wake_timeout_info: 0x7f945830c0 reset to NULL
04-20 16:33:45.742673   720   736 D RILC    : userTimerCallback free  p_info: 0x7f945830c0
04-20 16:33:45.742718   720   736 D RILC    : userTimerCallback free  p_info->event: 0x7f945830d0
04-20 16:33:46.239066 15015 15015 D TelephonyManager: getTelephonyProperty prop value= 1,1
04-20 16:33:46.240809 15015 15015 D SubscriptionManager: [getPhoneId]- return dummy value, subId = -1
04-20 16:33:46.240983 15015 15015 D TelephonyManager: getTelephonyProperty prop value= 
04-20 16:33:46.244762 15015 15015 D SubscriptionManager: [getPhoneId]- return dummy value, subId = -1
04-20 16:33:46.245010 15015 15015 D TelephonyManager: getTelephonyProperty prop value= ,
04-20 16:33:46.395034 15015 15015 D TelephonyManager: getTelephonyProperty prop value= 1,1
04-20 16:33:46.397093 15015 15015 D SubscriptionManager: [getPhoneId]- return dummy value, subId = -1
04-20 16:33:46.397269 15015 15015 D TelephonyManager: getTelephonyProperty prop value= 
04-20 16:33:46.402133 15015 15015 D SubscriptionManager: [getPhoneId]- return dummy value, subId = -1
04-20 16:33:46.402483 15015 15015 D TelephonyManager: getTelephonyProperty prop value= ,
04-20 16:33:47.899503 15015 15015 D TelephonyManager: getTelephonyProperty prop value= 1,1
04-20 16:33:47.903773 15015 15015 D SubscriptionManager: [getPhoneId]- return dummy value, subId = -1
04-20 16:33:47.903891 15015 15015 D TelephonyManager: getTelephonyProperty prop value= 
04-20 16:33:47.911726 15015 15015 D SubscriptionManager: [getPhoneId]- return dummy value, subId = -1
04-20 16:33:47.911863 15015 15015 D TelephonyManager: getTelephonyProperty prop value= ,
04-20 16:33:48.158606 15015 15015 D TelephonyManager: getTelephonyProperty prop value= 1,1
04-20 16:33:48.160236 15015 15015 D SubscriptionManager: [getPhoneId]- return dummy value, subId = -1
04-20 16:33:48.160361 15015 15015 D TelephonyManager: getTelephonyProperty prop value= 
04-20 16:33:48.164525 15015 15015 D SubscriptionManager: [getPhoneId]- return dummy value, subId = -1
04-20 16:33:48.164636 15015 15015 D TelephonyManager: getTelephonyProperty prop value= ,
04-20 16:33:48.168103 15015 15074 D getTestMode: Test mode is 0
04-20 16:33:48.335924   560   560 D RILMUXD : [gsm0710muxd] 3897:main(): Frames received/dropped: 7943/0
04-20 16:33:48.810907 15015 15015 D TelephonyManager: getTelephonyProperty prop value= 1,1
04-20 16:33:48.812260 15015 15015 D SubscriptionManager: [getPhoneId]- return dummy value, subId = -1
04-20 16:33:48.812610 15015 15015 D TelephonyManager: getTelephonyProperty prop value= 
04-20 16:33:48.815627 15015 15015 D SubscriptionManager: [getPhoneId]- return dummy value, subId = -1
04-20 16:33:48.815731 15015 15015 D TelephonyManager: getTelephonyProperty prop value= ,
04-20 16:33:48.820333 15015 15015 D TelephonyManager: getTelephonyProperty prop value= 1,1
04-20 16:33:48.821786 15015 15015 D SubscriptionManager: [getPhoneId]- return dummy value, subId = -1
04-20 16:33:48.821905 15015 15015 D TelephonyManager: getTelephonyProperty prop value= 
04-20 16:33:48.825071 15015 15015 D SubscriptionManager: [getPhoneId]- return dummy value, subId = -1
04-20 16:33:48.825176 15015 15015 D TelephonyManager: getTelephonyProperty prop value= ,
04-20 16:33:48.925209 15015 15015 D TelephonyManager: getTelephonyProperty prop value= 1,1
04-20 16:33:48.926481 15015 15015 D SubscriptionManager: [getPhoneId]- return dummy value, subId = -1
04-20 16:33:48.926583 15015 15015 D TelephonyManager: getTelephonyProperty prop value= 
04-20 16:33:48.929325 15015 15015 D SubscriptionManager: [getPhoneId]- return dummy value, subId = -1
04-20 16:33:48.929427 15015 15015 D TelephonyManager: getTelephonyProperty prop value= ,
04-20 16:33:48.931983 15015 15015 D TelephonyManager: getTelephonyProperty prop value= 1,1
04-20 16:33:48.933379 15015 15015 D SubscriptionManager: [getPhoneId]- return dummy value, subId = -1
04-20 16:33:48.933485 15015 15015 D TelephonyManager: getTelephonyProperty prop value= 
04-20 16:33:48.936449 15015 15015 D SubscriptionManager: [getPhoneId]- return dummy value, subId = -1
04-20 16:33:48.936553 15015 15015 D TelephonyManager: getTelephonyProperty prop value= ,
04-20 16:33:49.431490   720   736 I RILC    : NUMBER:1
04-20 16:33:49.431752   720   736 I RILC    : arg len:14
04-20 16:33:49.432003   720   736 I RILC    : ARGS[0]:THERMAL,0,-1
04-20 16:33:49.433031   720   736 D RILC    : C[locl]> QUERY_MODEM_THERMAL
04-20 16:33:49.433262   720   736 D RILC-MTK: QUERY_MODEM_THERMAL pRI=0x7f9644c540 p=0x7f96456850 dispatched to RIL_CMD_PROXY_1
04-20 16:33:49.434069   720   725 I RILC-MTK: RIL_CMD_PROXY_3 wakeup
04-20 16:33:49.434084   720   724 I RILC-MTK: RIL_URC_PROXY wakeup
04-20 16:33:49.434177   720   729 I RILC-MTK: RIL_ATCI_PROXY wakeup
04-20 16:33:49.434312   720   731 I RILC-MTK: RIL_CMD2_PROXY_3 wakeup
04-20 16:33:49.434393   720   724 I RILC-MTK: RIL_URC_PROXY sleep
04-20 16:33:49.434572   720   726 I RILC-MTK: RIL_CMD_PROXY_2 wakeup
04-20 16:33:49.434691   720   733 I RILC-MTK: RIL_CMD2_PROXY_1 wakeup
04-20 16:33:49.434810   720   726 I RILC-MTK: RIL_CMD_PROXY_2 sleep
04-20 16:33:49.435057   720   735 I RILC-MTK: RIL_ATCI2_PROXY wakeup
04-20 16:33:49.435095   720   728 I RILC-MTK: RIL_CMD_PROXY_4 wakeup
04-20 16:33:49.435539   720   733 I RILC-MTK: RIL_CMD2_PROXY_1 sleep
04-20 16:33:49.435769   720   731 I RILC-MTK: RIL_CMD2_PROXY_3 sleep
04-20 16:33:49.436102   720   732 I RILC-MTK: RIL_CMD2_PROXY_2 wakeup
04-20 16:33:49.436281   720   725 I RILC-MTK: RIL_CMD_PROXY_3 sleep
04-20 16:33:49.436620   720   727 I RILC-MTK: RIL_CMD_PROXY_1 wakeup
04-20 16:33:49.436753   720   730 I RILC-MTK: RIL_URC2_PROXY wakeup
04-20 16:33:49.436887   720   727 D RILC-MTK: proxy id:3, proxyName: RIL_CMD_PROXY_1
04-20 16:33:49.436944   720   730 I RILC-MTK: RIL_URC2_PROXY sleep
04-20 16:33:49.437100   720   727 D RILC-MTK: QUERY_MODEM_THERMAL pRI=0x7f9644c540 p=0x7f96456850 execute on RIL_CMD_PROXY_1 using channel 3
04-20 16:33:49.437301   720   727 D RILC    : callOnRequest for new vendor ril
04-20 16:33:49.437774   720   727 D RIL     : onRequest: QUERY_MODEM_THERMAL, datalen = 8
04-20 16:33:49.437957   720   727 D RIL     : radioState:10
04-20 16:33:49.438158   720   727 D RIL     : requestQueryThermal Enter,-1
04-20 16:33:49.439038   720   727 D AT      : getRILChannelCtx subsystem:1, rid:0 channelOffset:0
04-20 16:33:49.439747   720   727 D AT      : AT send on RIL_CMD_READER_3, tid:547975332928
04-20 16:33:49.439915   720   727 D AT      : AT> AT+ETHERMAL
04-20 16:33:49.440070   720   727 I AT      : AT write start
04-20 16:33:49.440874   560   712 D RILMUXD : [gsm0710muxd] 3614:poll_thread(): poll_thread select found
04-20 16:33:49.441328   720   732 I RILC-MTK: RIL_CMD2_PROXY_2 sleep
04-20 16:33:49.441622   560   712 D RILMUXD : [gsm0710muxd] 1045:pseudo_device_read(): Enter, LackofAtciChannel=0
04-20 16:33:49.441877   560   712 D RILMUXD : [gsm0710muxd] 657:write_frame(): Sending frame to channel 5
04-20 16:33:49.442285   560   712 D RILMUXD : [gsm0710muxd] 766:write_frame(): Write a frame on channel 5 with length 12
04-20 16:33:49.443216   720   735 I RILC-MTK: RIL_ATCI2_PROXY sleep
04-20 16:33:49.443664   720   734 I RILC-MTK: RIL_CMD2_PROXY_4 wakeup
04-20 16:33:49.443773   720   728 I RILC-MTK: RIL_CMD_PROXY_4 sleep
04-20 16:33:49.444753   720   729 I RILC-MTK: RIL_ATCI_PROXY sleep
04-20 16:33:49.445048   720   734 I RILC-MTK: RIL_CMD2_PROXY_4 sleep
04-20 16:33:49.451343   560   706 D RILMUXD : [gsm0710muxd] 1643:gsm0710_base_buffer_get_frame(): Get a complete frame. ch:5, ctrl:239, len:44
04-20 16:33:49.451484   560   706 D RILMUXD : [gsm0710muxd] 2383:extract_frames(): Writing 44 byte frame received on channel 5 to /dev/pts/10
04-20 16:33:49.451620   560   706 D RILMUXD : [gsm0710muxd] 2403:extract_frames(): write() returned. Written 44/44 bytes of frame to /dev/pts/10
04-20 16:33:49.451723   560   706 D RILMUXD : [gsm0710muxd] 2408:extract_frames(): fsync() failed (-1, 22 - Invalid argument)
04-20 16:33:49.451812   560   706 D RILMUXD : [gsm0710muxd] 1643:gsm0710_base_buffer_get_frame(): Get a complete frame. ch:5, ctrl:239, len:6
04-20 16:33:49.451942   560   706 D RILMUXD : [gsm0710muxd] 2383:extract_frames(): Writing 6 byte frame received on channel 5 to /dev/pts/10
04-20 16:33:49.452033   560   706 D RILMUXD : [gsm0710muxd] 2403:extract_frames(): write() returned. Written 6/6 bytes of frame to /dev/pts/10
04-20 16:33:49.452142   560   706 D RILMUXD : [gsm0710muxd] 2408:extract_frames(): fsync() failed (-1, 22 - Invalid argument)
04-20 16:33:49.452606   720   743 I AT      : AT read end: 50
04-20 16:33:49.452702   720   743 D AT      : AT< +ETHERMAL: 2, 32767, -127, -1, 32767, 18
04-20 16:33:49.452769   720   743 D AT      : RIL_CMD_READER_3 Enter processLine:+ETHERMAL: 2, 32767, -127, -1, 32767, 18
04-20 16:33:49.452838   720   743 D AT      : AT< OK
04-20 16:33:49.452903   720   743 D AT      : RIL_CMD_READER_3 Enter processLine:OK
04-20 16:33:49.453074   720   743 I AT      : AT read start
04-20 16:33:49.453147   720   727 D AT      : response received on RIL_CMD_READER_3, tid:547975332928
04-20 16:33:49.453221   720   727 D RIL     : requestQueryThermal success
04-20 16:33:49.453291   720   727 D RILC    : RequestComplete, RIL_SOCKET_1
04-20 16:33:49.453362   720   727 D RILC    : [THERMAL] local request for THERMAL returned 
04-20 16:33:49.453442   720   727 D RILC    : [THERMAL] s_THERMAL_fd is valid strResult is  2, 32767, -127, -1, 32767, 18
04-20 16:33:49.453572   720   727 D RILC-MTK: proxyLoop free  pRI=0x7f9644c540 p=0x7f96456850 
04-20 16:33:49.453652   720   727 D RILC-MTK: proxyLoop free  pRequest=0x7f96452400
04-20 16:33:49.453797   720   727 I RILC-MTK: RIL_CMD_PROXY_1 sleep
04-20 16:33:49.524454 15015 15015 D TelephonyManager: getTelephonyProperty prop value= 1,1
04-20 16:33:49.548369 15015 15015 D TelephonyManager: getTelephonyProperty prop value= 1,1
04-20 16:33:49.845325   560   706 D RILMUXD : [gsm0710muxd] 1643:gsm0710_base_buffer_get_frame(): Get a complete frame. ch:2, ctrl:239, len:39
04-20 16:33:49.845457   560   706 D RILMUXD : [gsm0710muxd] 2383:extract_frames(): Writing 39 byte frame received on channel 2 to /dev/pts/7
04-20 16:33:49.845550   560   706 D RILMUXD : [gsm0710muxd] 2403:extract_frames(): write() returned. Written 39/39 bytes of frame to /dev/pts/7
04-20 16:33:49.845603   560   706 D RILMUXD : [gsm0710muxd] 2408:extract_frames(): fsync() failed (-1, 22 - Invalid argument)
04-20 16:33:49.845763   720   740 I AT      : AT read end: 39
04-20 16:33:49.845823   720   740 D AT      : AT< +ECSQ: 47,37,1,-295,-24,1,1,2,32767
04-20 16:33:49.845866   720   740 D AT      : RIL_URC_READER Enter processLine:+ECSQ: 47,37,1,-295,-24,1,1,2,32767
04-20 16:33:49.845958   720   740 D RILC    : [MAL_AT] data sent to rild-mal-at is '+ECSQ: 47,37,1,-295,-24,1,1,2,32767'
04-20 16:33:49.846058   720   740 D RILC    : internalRequestTimedCallback malloc p_info: 0x7f94583120
04-20 16:33:49.846105   720   740 D RILC    : internalRequestTimedCallback malloc p_info->event: 0x7f94583130
04-20 16:33:49.846198   720   740 D RIL     : Nw URC:+ECSQ: 47,37,1,-295,-24,1,1,2,32767
04-20 16:33:49.846311   720   740 D RIL     : convert3GRssiValue baseband=503 ,isFdd3G=1,isTdd3G=0 ,RSCP_in_qdbm=-295 ,EcN0_in_qdbm=-24
04-20 16:33:49.846496   720   740 D RILC    : callForRilVersion new vendor RIL, version: 10
04-20 16:33:49.846634   720   740 I RILC    : RIL_SOCKET_1 UNSOLICITED: UNSOL_SIGNAL_STRENGTH length:72
04-20 16:33:49.846699   720   740 E RILC    : Send Response to rild-mal
04-20 16:33:49.846797   720   740 E RILC    : Send Response to RIL_SOCKET_1
04-20 16:33:49.846896   720   740 I AT      : AT read start
04-20 16:33:49.847650  1576  1576 D GsmSST  : [GsmSST0] handle EVENT_SIGNAL_STRENGTH_UPDATE
04-20 16:33:49.847923  1576  1576 D GsmSST  : [GsmSST0] onSignalStrengthResult():  LastSignalStrength=SignalStrength: 14 35 -120 -160 -2 0 -1 99 2147483647 -2147483647 2147483647 2147483647 2147483647 gsm|lte 1 -304 -28
04-20 16:33:49.848038  1576  1576 D GsmSST  : [GsmSST0] onSignalStrengthResult():new mSignalStrength=SignalStrength: 14 37 -120 -160 -2 0 -1 99 2147483647 -2147483647 2147483647 2147483647 2147483647 gsm|lte 1 -296 -24
04-20 16:33:49.848236  1576  1576 W SignalStrength: SignalStrength get plugin
04-20 16:33:49.848343  1576  1576 I use-Rlog/RLOG-GSM: getLTELevel - rsrp:2147483647 snr:2147483647 rsrpIconLevel:-1 snrIconLevel:-1
04-20 16:33:49.848418  1576  1576 I use-Rlog/RLOG-GSM: getLTELevel - rssi:99 rssiIconLevel:0
04-20 16:33:49.848501  1576  1576 W SignalStrength: SignalStrength get plugin
04-20 16:33:49.848592  1576  1576 I use-Rlog/RLOG-GSM:  asu: 14 gsmRscp: -74 out level: 4
04-20 16:33:49.848830  1576  1576 D GsmSST  : [GsmSST0] notifySignalStrength: mSignalStrength.getLevel=4
04-20 16:33:49.849050  1576  1576 D SubscriptionController: [getSubId]- sSlotIdxToSubId.size == 0, return DummySubIds slotIdx=0
04-20 16:33:49.849127  1576  1576 D SubscriptionController: getDummySubIds: slotIdx=0 return 2 DummySubIds with each subId=-2
04-20 16:33:49.849303  1576  1576 D DefaultPhoneNotifier: notifySignalStrength: mRegistry=com.android.internal.telephony.ITelephonyRegistry$Stub$Proxy@20f1708 ss=SignalStrength: 14 37 -120 -160 -2 0 -1 99 2147483647 -2147483647 2147483647 2147483647 2147483647 gsm|lte 1 -296 -24 sender=Handler (com.android.internal.telephony.gsm.GSMPhone) {e4ac408}
04-20 16:33:49.850537   964  1843 D TelephonyRegistry: notifySignalStrengthForSubscriber: subId=-2 signalStrength=SignalStrength: 14 37 -120 -160 -2 0 -1 99 2147483647 -2147483647 2147483647 2147483647 2147483647 gsm|lte 1 -296 -24
04-20 16:33:49.850706   964  1843 D TelephonyRegistry: notifySignalStrengthForSubscriber: logSSC.length=5 next=4
04-20 16:33:49.853683   964  1843 D TelephonyRegistry: notifyServiceStateForSubscriber Time 20160420T161408Asia/Shanghai(3,110,28800,0,1461140048) mSubId -2 mPhoneId 0  mState 1 1 voice home data home null null null null null null  Unknown Unknown CSS not supported -1 -1 RoamInd=-1 DefRoamInd=-1 EmergOnly=true Ril Voice Regist state: 10 Ril Data Regist state: 0 mProprietaryDataRadioTechnology: 0 VoiceRejectCause: -1 DataRejectCause: -1 mCdmaNetWorkMode: 0 IsDataRoamingFromRegistration=false
04-20 16:33:49.857187   964  1843 D TelephonyRegistry: notifyServiceStateForSubscriber Time 20160420T163101Asia/Shanghai(3,110,28800,0,1461141061) mSubId -2 mPhoneId 0  mState 1 1 voice home data home null null null null null null  Unknown Unknown CSS not supported 0 0 RoamInd=-1 DefRoamInd=-1 EmergOnly=true Ril Voice Regist state: 10 Ril Data Regist state: 0 mProprietaryDataRadioTechnology: 0 VoiceRejectCause: -1 DataRejectCause: -1 mCdmaNetWorkMode: 0 IsDataRoamingFromRegistration=false
04-20 16:33:49.860015   964  1843 D TelephonyRegistry: notifyServiceStateForSubscriber Time 20160420T163117Asia/Shanghai(3,110,28800,0,1461141077) mSubId -2 mPhoneId 0  mState 1 1 voice home data home null null null null null null  Unknown Unknown CSS not supported -1 -1 RoamInd=-1 DefRoamInd=-1 EmergOnly=true Ril Voice Regist state: 10 Ril Data Regist state: 0 mProprietaryDataRadioTechnology: 0 VoiceRejectCause: -1 DataRejectCause: -1 mCdmaNetWorkMode: 0 IsDataRoamingFromRegistration=false
04-20 16:33:49.862748   964  1843 D TelephonyRegistry: notifyServiceStateForSubscriber Time 20160420T163117Asia/Shanghai(3,110,28800,0,1461141077) mSubId -2 mPhoneId 0  mState 1 1 voice home data home null null null null null null  Unknown Unknown CSS not supported 0 0 RoamInd=-1 DefRoamInd=-1 EmergOnly=true Ril Voice Regist state: 10 Ril Data Regist state: 0 mProprietaryDataRadioTechnology: 0 VoiceRejectCause: -1 DataRejectCause: -1 mCdmaNetWorkMode: 0 IsDataRoamingFromRegistration=false
04-20 16:33:49.864614   964  1843 D TelephonyRegistry: notifyServiceStateForSubscriber Time 20160420T163211Asia/Shanghai(3,110,28800,0,1461141131) mSubId -2 mPhoneId 0  mState 1 1 voice home data home null null null null null null  Unknown Unknown CSS not supported -1 -1 RoamInd=-1 DefRoamInd=-1 EmergOnly=true Ril Voice Regist state: 10 Ril Data Regist state: 0 mProprietaryDataRadioTechnology: 0 VoiceRejectCause: -1 DataRejectCause: -1 mCdmaNetWorkMode: 0 IsDataRoamingFromRegistration=false
04-20 16:33:49.864811   964  1843 D TelephonyRegistry: notifySignalStrengthForSubscriber: ----------------
04-20 16:33:49.865130   964  1843 D SubscriptionManager: [getPhoneId]- return dummy value, subId = -2
04-20 16:33:49.865279   964  1843 D TelephonyRegistry: validatePhoneId: true
04-20 16:33:49.865387   964  1843 D TelephonyRegistry: notifySignalStrengthForSubscriber: valid phoneId=0
04-20 16:33:49.866683  1576  1576 D SubscriptionController: [getPhoneId] asked for default subId=-1
04-20 16:33:49.867027  1576  1576 D SubscriptionController: [getPhoneId]- invalid subId = -1 return = -1
04-20 16:33:49.867933   964  1843 D SubscriptionManager: [getPhoneId]- return dummy value, subId = -2
04-20 16:33:49.868047   964  1843 D TelephonyRegistry: idMatch: rlt=false
04-20 16:33:49.868242   964  1843 D TelephonyRegistry: handleRemoveListLocked: mRemoveList.size()=0
04-20 16:33:49.868520   964  1843 W SignalStrength: SignalStrength get plugin
04-20 16:33:49.868769   964  1843 I use-Rlog/RLOG-GSM: getLTELevel - rsrp:2147483647 snr:2147483647 rsrpIconLevel:-1 snrIconLevel:-1
04-20 16:33:49.868874   964  1843 I use-Rlog/RLOG-GSM: getLTELevel - rssi:99 rssiIconLevel:0
04-20 16:33:49.868939   964  1843 W SignalStrength: SignalStrength get plugin
04-20 16:33:49.869063   964  1843 I use-Rlog/RLOG-GSM:  asu: 14 gsmRscp: -74 out level: 4
04-20 16:33:49.869592   964  1843 D SubscriptionManager: [getPhoneId]- return dummy value, subId = -2
04-20 16:33:49.870728  1576  1576 D SubscriptionController: [getSubId]- sSlotIdxToSubId.size == 0, return DummySubIds slotIdx=0
04-20 16:33:49.870857  1576  1576 D SubscriptionController: getDummySubIds: slotIdx=0 return 2 DummySubIds with each subId=-2
04-20 16:33:49.876033  1576  1576 D GsmSST  : [GsmSST0] handleMessage msg done
04-20 16:33:49.985017 15015 15015 D TelephonyManager: getTelephonyProperty prop value= 1,1
04-20 16:33:50.008442 15015 15015 D TelephonyManager: getTelephonyProperty prop value= 1,1
04-20 16:33:50.374379 15015 15015 D TelephonyManager: getTelephonyProperty prop value= 1,1
04-20 16:33:50.397588 15015 15015 D TelephonyManager: getTelephonyProperty prop value= 1,1
04-20 16:33:50.826507 15015 15015 D TelephonyManager: getTelephonyProperty prop value= 1,1
04-20 16:33:50.847470   720   736 D RILC    : s_last_wake_timeout_info: 0x7f94583120 reset to NULL
04-20 16:33:50.847816   720   736 D RILC    : userTimerCallback free  p_info: 0x7f94583120
04-20 16:33:50.847874   720   736 D RILC    : userTimerCallback free  p_info->event: 0x7f94583130
04-20 16:33:50.857639 15015 15015 D TelephonyManager: getTelephonyProperty prop value= 1,1
04-20 16:33:51.648363 15015 15015 D TelephonyManager: getTelephonyProperty prop value= 1,1
04-20 16:33:51.667118 15015 15015 D TelephonyManager: getTelephonyProperty prop value= 1,1
04-20 16:33:52.054447 15015 15015 D TelephonyManager: getTelephonyProperty prop value= 1,1
04-20 16:33:52.118851 15015 15015 D TelephonyManager: getTelephonyProperty prop value= 1,1
04-20 16:33:52.290060 15015 15015 D TelephonyManager: getTelephonyProperty prop value= 1,1
04-20 16:33:52.329900 15015 15015 D TelephonyManager: getTelephonyProperty prop value= 1,1
04-20 16:33:52.597257 15015 15015 D TelephonyManager: getTelephonyProperty prop value= 1,1
04-20 16:33:52.648469 15015 15015 D TelephonyManager: getTelephonyProperty prop value= 1,1
04-20 16:33:53.154407 15015 15015 D TelephonyManager: getTelephonyProperty prop value= 1,1
04-20 16:33:53.200275 15015 15015 D TelephonyManager: getTelephonyProperty prop value= 1,1
04-20 16:33:53.336169   560   560 D RILMUXD : [gsm0710muxd] 3897:main(): Frames received/dropped: 7946/0
04-20 16:33:54.266156 15015 15015 D TelephonyManager: getTelephonyProperty prop value= 1,1
04-20 16:33:54.312323 15015 15015 D TelephonyManager: getTelephonyProperty prop value= 1,1
04-20 16:33:54.618545 15015 15015 D TelephonyManager: getTelephonyProperty prop value= 1,1
04-20 16:33:54.656415 15015 15015 D TelephonyManager: getTelephonyProperty prop value= 1,1
04-20 16:33:54.754305  1576  1576 D FdManager: [GDCT][phoneId0]onReceive: action=android.intent.action.BATTERY_CHANGED
04-20 16:33:54.759942  1576  1576 D FdManager: [GDCT][phoneId1]onReceive: action=android.intent.action.BATTERY_CHANGED
04-20 16:33:54.859678 15015 15015 D TelephonyManager: getTelephonyProperty prop value= 1,1
04-20 16:33:54.893491 15015 15015 D TelephonyManager: getTelephonyProperty prop value= 1,1
04-20 16:33:54.966635   560   706 D RILMUXD : [gsm0710muxd] 1643:gsm0710_base_buffer_get_frame(): Get a complete frame. ch:2, ctrl:239, len:39
04-20 16:33:54.966762   560   706 D RILMUXD : [gsm0710muxd] 2383:extract_frames(): Writing 39 byte frame received on channel 2 to /dev/pts/7
04-20 16:33:54.966860   560   706 D RILMUXD : [gsm0710muxd] 2403:extract_frames(): write() returned. Written 39/39 bytes of frame to /dev/pts/7
04-20 16:33:54.966937   560   706 D RILMUXD : [gsm0710muxd] 2408:extract_frames(): fsync() failed (-1, 22 - Invalid argument)
04-20 16:33:54.967137   720   740 I AT      : AT read end: 39
04-20 16:33:54.967195   720   740 D AT      : AT< +ECSQ: 47,38,1,-293,-22,1,1,2,32767
04-20 16:33:54.967239   720   740 D AT      : RIL_URC_READER Enter processLine:+ECSQ: 47,38,1,-293,-22,1,1,2,32767
04-20 16:33:54.967343   720   740 D RILC    : [MAL_AT] data sent to rild-mal-at is '+ECSQ: 47,38,1,-293,-22,1,1,2,32767'
04-20 16:33:54.967709   720   740 D RILC    : internalRequestTimedCallback malloc p_info: 0x7f94583540
04-20 16:33:54.967782   720   740 D RILC    : internalRequestTimedCallback malloc p_info->event: 0x7f94583550
04-20 16:33:54.967885   720   740 D RIL     : Nw URC:+ECSQ: 47,38,1,-293,-22,1,1,2,32767
04-20 16:33:54.967957   720   740 D RIL     : convert3GRssiValue baseband=503 ,isFdd3G=1,isTdd3G=0 ,RSCP_in_qdbm=-293 ,EcN0_in_qdbm=-22
04-20 16:33:54.968026   720   740 D RILC    : callForRilVersion new vendor RIL, version: 10
04-20 16:33:54.968074   720   740 I RILC    : RIL_SOCKET_1 UNSOLICITED: UNSOL_SIGNAL_STRENGTH length:72
04-20 16:33:54.968118   720   740 E RILC    : Send Response to rild-mal
04-20 16:33:54.968208   720   740 E RILC    : Send Response to RIL_SOCKET_1
04-20 16:33:54.968305   720   740 I AT      : AT read start
04-20 16:33:54.969220  1576  1576 D GsmSST  : [GsmSST0] handle EVENT_SIGNAL_STRENGTH_UPDATE
04-20 16:33:54.969422  1576  1576 D GsmSST  : [GsmSST0] onSignalStrengthResult():  LastSignalStrength=SignalStrength: 14 37 -120 -160 -2 0 -1 99 2147483647 -2147483647 2147483647 2147483647 2147483647 gsm|lte 1 -296 -24
04-20 16:33:54.969532  1576  1576 D GsmSST  : [GsmSST0] onSignalStrengthResult():new mSignalStrength=SignalStrength: 14 38 -120 -160 -2 0 -1 99 2147483647 -2147483647 2147483647 2147483647 2147483647 gsm|lte 1 -296 -22
04-20 16:33:54.969715  1576  1576 W SignalStrength: SignalStrength get plugin
04-20 16:33:54.969821  1576  1576 I use-Rlog/RLOG-GSM: getLTELevel - rsrp:2147483647 snr:2147483647 rsrpIconLevel:-1 snrIconLevel:-1
04-20 16:33:54.969890  1576  1576 I use-Rlog/RLOG-GSM: getLTELevel - rssi:99 rssiIconLevel:0
04-20 16:33:54.969958  1576  1576 W SignalStrength: SignalStrength get plugin
04-20 16:33:54.970035  1576  1576 I use-Rlog/RLOG-GSM:  asu: 14 gsmRscp: -74 out level: 4
04-20 16:33:54.970123  1576  1576 D GsmSST  : [GsmSST0] notifySignalStrength: mSignalStrength.getLevel=4
04-20 16:33:54.970236  1576  1576 D SubscriptionController: [getSubId]- sSlotIdxToSubId.size == 0, return DummySubIds slotIdx=0
04-20 16:33:54.970312  1576  1576 D SubscriptionController: getDummySubIds: slotIdx=0 return 2 DummySubIds with each subId=-2
04-20 16:33:54.970481  1576  1576 D DefaultPhoneNotifier: notifySignalStrength: mRegistry=com.android.internal.telephony.ITelephonyRegistry$Stub$Proxy@20f1708 ss=SignalStrength: 14 38 -120 -160 -2 0 -1 99 2147483647 -2147483647 2147483647 2147483647 2147483647 gsm|lte 1 -296 -22 sender=Handler (com.android.internal.telephony.gsm.GSMPhone) {e4ac408}
04-20 16:33:54.971803   964  1663 D TelephonyRegistry: notifySignalStrengthForSubscriber: subId=-2 signalStrength=SignalStrength: 14 38 -120 -160 -2 0 -1 99 2147483647 -2147483647 2147483647 2147483647 2147483647 gsm|lte 1 -296 -22
04-20 16:33:54.971971   964  1663 D TelephonyRegistry: notifySignalStrengthForSubscriber: logSSC.length=5 next=4
04-20 16:33:54.974035   964  1663 D TelephonyRegistry: notifyServiceStateForSubscriber Time 20160420T161408Asia/Shanghai(3,110,28800,0,1461140048) mSubId -2 mPhoneId 0  mState 1 1 voice home data home null null null null null null  Unknown Unknown CSS not supported -1 -1 RoamInd=-1 DefRoamInd=-1 EmergOnly=true Ril Voice Regist state: 10 Ril Data Regist state: 0 mProprietaryDataRadioTechnology: 0 VoiceRejectCause: -1 DataRejectCause: -1 mCdmaNetWorkMode: 0 IsDataRoamingFromRegistration=false
04-20 16:33:54.975839   964  1663 D TelephonyRegistry: notifyServiceStateForSubscriber Time 20160420T163101Asia/Shanghai(3,110,28800,0,1461141061) mSubId -2 mPhoneId 0  mState 1 1 voice home data home null null null null null null  Unknown Unknown CSS not supported 0 0 RoamInd=-1 DefRoamInd=-1 EmergOnly=true Ril Voice Regist state: 10 Ril Data Regist state: 0 mProprietaryDataRadioTechnology: 0 VoiceRejectCause: -1 DataRejectCause: -1 mCdmaNetWorkMode: 0 IsDataRoamingFromRegistration=false
04-20 16:33:54.977799   964  1663 D TelephonyRegistry: notifyServiceStateForSubscriber Time 20160420T163117Asia/Shanghai(3,110,28800,0,1461141077) mSubId -2 mPhoneId 0  mState 1 1 voice home data home null null null null null null  Unknown Unknown CSS not supported -1 -1 RoamInd=-1 DefRoamInd=-1 EmergOnly=true Ril Voice Regist state: 10 Ril Data Regist state: 0 mProprietaryDataRadioTechnology: 0 VoiceRejectCause: -1 DataRejectCause: -1 mCdmaNetWorkMode: 0 IsDataRoamingFromRegistration=false
04-20 16:33:54.979943   964  1663 D TelephonyRegistry: notifyServiceStateForSubscriber Time 20160420T163117Asia/Shanghai(3,110,28800,0,1461141077) mSubId -2 mPhoneId 0  mState 1 1 voice home data home null null null null null null  Unknown Unknown CSS not supported 0 0 RoamInd=-1 DefRoamInd=-1 EmergOnly=true Ril Voice Regist state: 10 Ril Data Regist state: 0 mProprietaryDataRadioTechnology: 0 VoiceRejectCause: -1 DataRejectCause: -1 mCdmaNetWorkMode: 0 IsDataRoamingFromRegistration=false
04-20 16:33:54.982027   964  1663 D TelephonyRegistry: notifyServiceStateForSubscriber Time 20160420T163211Asia/Shanghai(3,110,28800,0,1461141131) mSubId -2 mPhoneId 0  mState 1 1 voice home data home null null null null null null  Unknown Unknown CSS not supported -1 -1 RoamInd=-1 DefRoamInd=-1 EmergOnly=true Ril Voice Regist state: 10 Ril Data Regist state: 0 mProprietaryDataRadioTechnology: 0 VoiceRejectCause: -1 DataRejectCause: -1 mCdmaNetWorkMode: 0 IsDataRoamingFromRegistration=false
04-20 16:33:54.982201   964  1663 D TelephonyRegistry: notifySignalStrengthForSubscriber: ----------------
04-20 16:33:54.982884   964  1663 D SubscriptionManager: [getPhoneId]- return dummy value, subId = -2
04-20 16:33:54.983103   964  1663 D TelephonyRegistry: validatePhoneId: true
04-20 16:33:54.983253   964  1663 D TelephonyRegistry: notifySignalStrengthForSubscriber: valid phoneId=0
04-20 16:33:54.984636  1576  1576 D SubscriptionController: [getPhoneId] asked for default subId=-1
04-20 16:33:54.984972  1576  1576 D SubscriptionController: [getPhoneId]- invalid subId = -1 return = -1
04-20 16:33:54.985730   964  1663 D SubscriptionManager: [getPhoneId]- return dummy value, subId = -2
04-20 16:33:54.985896   964  1663 D TelephonyRegistry: idMatch: rlt=false
04-20 16:33:54.986113   964  1663 D TelephonyRegistry: handleRemoveListLocked: mRemoveList.size()=0
04-20 16:33:54.986465   964  1663 W SignalStrength: SignalStrength get plugin
04-20 16:33:54.986854   964  1663 I use-Rlog/RLOG-GSM: getLTELevel - rsrp:2147483647 snr:2147483647 rsrpIconLevel:-1 snrIconLevel:-1
04-20 16:33:54.986998   964  1663 I use-Rlog/RLOG-GSM: getLTELevel - rssi:99 rssiIconLevel:0
04-20 16:33:54.987101   964  1663 W SignalStrength: SignalStrength get plugin
04-20 16:33:54.987287   964  1663 I use-Rlog/RLOG-GSM:  asu: 14 gsmRscp: -74 out level: 4
04-20 16:33:54.987939   964  1663 D SubscriptionManager: [getPhoneId]- return dummy value, subId = -2
04-20 16:33:54.989182  1576  1576 D SubscriptionController: [getSubId]- sSlotIdxToSubId.size == 0, return DummySubIds slotIdx=0
04-20 16:33:54.989329  1576  1576 D SubscriptionController: getDummySubIds: slotIdx=0 return 2 DummySubIds with each subId=-2
04-20 16:33:54.991895  1576  1576 D GsmSST  : [GsmSST0] handleMessage msg done
04-20 16:33:55.650561 15015 15015 D TelephonyManager: getTelephonyProperty prop value= 1,1
04-20 16:33:55.674184 15015 15015 D TelephonyManager: getTelephonyProperty prop value= 1,1
04-20 16:33:55.969002   720   736 D RILC    : s_last_wake_timeout_info: 0x7f94583540 reset to NULL
04-20 16:33:55.969111   720   736 D RILC    : userTimerCallback free  p_info: 0x7f94583540
04-20 16:33:55.969180   720   736 D RILC    : userTimerCallback free  p_info->event: 0x7f94583550
04-20 16:33:56.205036 15015 15015 D TelephonyManager: getTelephonyProperty prop value= 1,1
04-20 16:33:56.224933 15015 15015 D TelephonyManager: getTelephonyProperty prop value= 1,1
04-20 16:33:56.744307 15015 15015 D TelephonyManager: getTelephonyProperty prop value= 1,1
04-20 16:33:56.770272 15015 15015 D TelephonyManager: getTelephonyProperty prop value= 1,1
04-20 16:33:57.173869 15015 15015 D TelephonyManager: getTelephonyProperty prop value= 1,1
04-20 16:33:57.221692 15015 15015 D TelephonyManager: getTelephonyProperty prop value= 1,1
04-20 16:33:57.666257 15015 15015 D TelephonyManager: getTelephonyProperty prop value= 1,1
04-20 16:33:57.710091 15015 15015 D TelephonyManager: getTelephonyProperty prop value= 1,1
04-20 16:33:58.147156 15015 15015 D TelephonyManager: getTelephonyProperty prop value= 1,1
04-20 16:33:58.183540 15015 15015 D TelephonyManager: getTelephonyProperty prop value= 1,1
04-20 16:33:58.336454   560   560 D RILMUXD : [gsm0710muxd] 3897:main(): Frames received/dropped: 7947/0
04-20 16:33:58.523626 15015 15015 D TelephonyManager: getTelephonyProperty prop value= 1,1
04-20 16:33:58.566882 15015 15015 D TelephonyManager: getTelephonyProperty prop value= 1,1
04-20 16:33:58.863096 15015 15015 D TelephonyManager: getTelephonyProperty prop value= 1,1
04-20 16:33:58.915114 15015 15015 D TelephonyManager: getTelephonyProperty prop value= 1,1
04-20 16:33:59.124206 15015 15015 D TelephonyManager: getTelephonyProperty prop value= 1,1
04-20 16:33:59.167153 15015 15015 D TelephonyManager: getTelephonyProperty prop value= 1,1
04-20 16:33:59.461241   720   736 I RILC    : NUMBER:1
04-20 16:33:59.461348   720   736 I RILC    : arg len:14
04-20 16:33:59.461446   720   736 I RILC    : ARGS[0]:THERMAL,0,-1
04-20 16:33:59.461669   720   736 D RILC    : C[locl]> QUERY_MODEM_THERMAL
04-20 16:33:59.461767   720   736 D RILC-MTK: QUERY_MODEM_THERMAL pRI=0x7f9644c570 p=0x7f96456460 dispatched to RIL_CMD_PROXY_1
04-20 16:33:59.462121   720   734 I RILC-MTK: RIL_CMD2_PROXY_4 wakeup
04-20 16:33:59.462132   720   730 I RILC-MTK: RIL_URC2_PROXY wakeup
04-20 16:33:59.462141   720   724 I RILC-MTK: RIL_URC_PROXY wakeup
04-20 16:33:59.462165   720   729 I RILC-MTK: RIL_ATCI_PROXY wakeup
04-20 16:33:59.462264   720   730 I RILC-MTK: RIL_URC2_PROXY sleep
04-20 16:33:59.462557   720   732 I RILC-MTK: RIL_CMD2_PROXY_2 wakeup
04-20 16:33:59.462594   720   735 I RILC-MTK: RIL_ATCI2_PROXY wakeup
04-20 16:33:59.462604   720   726 I RILC-MTK: RIL_CMD_PROXY_2 wakeup
04-20 16:33:59.462614   720   729 I RILC-MTK: RIL_ATCI_PROXY sleep
04-20 16:33:59.463011   720   731 I RILC-MTK: RIL_CMD2_PROXY_3 wakeup
04-20 16:33:59.463207   720   724 I RILC-MTK: RIL_URC_PROXY sleep
04-20 16:33:59.463353   720   731 I RILC-MTK: RIL_CMD2_PROXY_3 sleep
04-20 16:33:59.463617   720   733 I RILC-MTK: RIL_CMD2_PROXY_1 wakeup
04-20 16:33:59.463704   720   733 I RILC-MTK: RIL_CMD2_PROXY_1 sleep
04-20 16:33:59.463722   720   728 I RILC-MTK: RIL_CMD_PROXY_4 wakeup
04-20 16:33:59.463792   720   728 I RILC-MTK: RIL_CMD_PROXY_4 sleep
04-20 16:33:59.464018   720   727 I RILC-MTK: RIL_CMD_PROXY_1 wakeup
04-20 16:33:59.464069   720   726 I RILC-MTK: RIL_CMD_PROXY_2 sleep
04-20 16:33:59.464216   720   725 I RILC-MTK: RIL_CMD_PROXY_3 wakeup
04-20 16:33:59.464334   720   725 I RILC-MTK: RIL_CMD_PROXY_3 sleep
04-20 16:33:59.464401   720   732 I RILC-MTK: RIL_CMD2_PROXY_2 sleep
04-20 16:33:59.464592   720   734 I RILC-MTK: RIL_CMD2_PROXY_4 sleep
04-20 16:33:59.464676   720   735 I RILC-MTK: RIL_ATCI2_PROXY sleep
04-20 16:33:59.464879   720   727 D RILC-MTK: proxy id:3, proxyName: RIL_CMD_PROXY_1
04-20 16:33:59.464956   720   727 D RILC-MTK: QUERY_MODEM_THERMAL pRI=0x7f9644c570 p=0x7f96456460 execute on RIL_CMD_PROXY_1 using channel 3
04-20 16:33:59.465035   720   727 D RILC    : callOnRequest for new vendor ril
04-20 16:33:59.465104   720   727 D RIL     : onRequest: QUERY_MODEM_THERMAL, datalen = 8
04-20 16:33:59.465166   720   727 D RIL     : radioState:10
04-20 16:33:59.465240   720   727 D RIL     : requestQueryThermal Enter,-1
04-20 16:33:59.465321   720   727 D AT      : getRILChannelCtx subsystem:1, rid:0 channelOffset:0
04-20 16:33:59.465495   720   727 D AT      : AT send on RIL_CMD_READER_3, tid:547975332928
04-20 16:33:59.465560   720   727 D AT      : AT> AT+ETHERMAL
04-20 16:33:59.465659   720   727 I AT      : AT write start
04-20 16:33:59.465933   560   712 D RILMUXD : [gsm0710muxd] 3614:poll_thread(): poll_thread select found
04-20 16:33:59.466023   560   712 D RILMUXD : [gsm0710muxd] 1045:pseudo_device_read(): Enter, LackofAtciChannel=0
04-20 16:33:59.466199   560   712 D RILMUXD : [gsm0710muxd] 657:write_frame(): Sending frame to channel 5
04-20 16:33:59.466374   560   712 D RILMUXD : [gsm0710muxd] 766:write_frame(): Write a frame on channel 5 with length 12
04-20 16:33:59.474016   560   706 D RILMUXD : [gsm0710muxd] 1643:gsm0710_base_buffer_get_frame(): Get a complete frame. ch:5, ctrl:239, len:44
04-20 16:33:59.474162   560   706 D RILMUXD : [gsm0710muxd] 2383:extract_frames(): Writing 44 byte frame received on channel 5 to /dev/pts/10
04-20 16:33:59.474294   560   706 D RILMUXD : [gsm0710muxd] 2403:extract_frames(): write() returned. Written 44/44 bytes of frame to /dev/pts/10
04-20 16:33:59.474376   560   706 D RILMUXD : [gsm0710muxd] 2408:extract_frames(): fsync() failed (-1, 22 - Invalid argument)
04-20 16:33:59.474467   560   706 D RILMUXD : [gsm0710muxd] 1643:gsm0710_base_buffer_get_frame(): Get a complete frame. ch:5, ctrl:239, len:6
04-20 16:33:59.474619   560   706 D RILMUXD : [gsm0710muxd] 2383:extract_frames(): Writing 6 byte frame received on channel 5 to /dev/pts/10
04-20 16:33:59.474713   560   706 D RILMUXD : [gsm0710muxd] 2403:extract_frames(): write() returned. Written 6/6 bytes of frame to /dev/pts/10
04-20 16:33:59.474846   560   706 D RILMUXD : [gsm0710muxd] 2408:extract_frames(): fsync() failed (-1, 22 - Invalid argument)
04-20 16:33:59.475054   720   743 I AT      : AT read end: 50
04-20 16:33:59.475143   720   743 D AT      : AT< +ETHERMAL: 2, 32767, -127, -1, 32767, 18
04-20 16:33:59.475211   720   743 D AT      : RIL_CMD_READER_3 Enter processLine:+ETHERMAL: 2, 32767, -127, -1, 32767, 18
04-20 16:33:59.475280   720   743 D AT      : AT< OK
04-20 16:33:59.475354   720   743 D AT      : RIL_CMD_READER_3 Enter processLine:OK
04-20 16:33:59.475436   720   743 I AT      : AT read start
04-20 16:33:59.475508   720   727 D AT      : response received on RIL_CMD_READER_3, tid:547975332928
04-20 16:33:59.475583   720   727 D RIL     : requestQueryThermal success
04-20 16:33:59.475650   720   727 D RILC    : RequestComplete, RIL_SOCKET_1
04-20 16:33:59.475794   720   727 D RILC    : [THERMAL] local request for THERMAL returned 
04-20 16:33:59.475888   720   727 D RILC    : [THERMAL] s_THERMAL_fd is valid strResult is  2, 32767, -127, -1, 32767, 18
04-20 16:33:59.476023   720   727 D RILC-MTK: proxyLoop free  pRI=0x7f9644c570 p=0x7f96456460 
04-20 16:33:59.476100   720   727 D RILC-MTK: proxyLoop free  pRequest=0x7f964521a0
04-20 16:33:59.476161   720   727 I RILC-MTK: RIL_CMD_PROXY_1 sleep
04-20 16:33:59.988194 15015 15015 D TelephonyManager: getTelephonyProperty prop value= 1,1
04-20 16:34:00.044756 15015 15015 D TelephonyManager: getTelephonyProperty prop value= 1,1
04-20 16:34:00.088279   560   706 D RILMUXD : [gsm0710muxd] 1643:gsm0710_base_buffer_get_frame(): Get a complete frame. ch:2, ctrl:239, len:39
04-20 16:34:00.089510   560   706 D RILMUXD : [gsm0710muxd] 2383:extract_frames(): Writing 39 byte frame received on channel 2 to /dev/pts/7
04-20 16:34:00.089626   560   706 D RILMUXD : [gsm0710muxd] 2403:extract_frames(): write() returned. Written 39/39 bytes of frame to /dev/pts/7
04-20 16:34:00.089679   560   706 D RILMUXD : [gsm0710muxd] 2408:extract_frames(): fsync() failed (-1, 22 - Invalid argument)
04-20 16:34:00.091615   720   740 I AT      : AT read end: 39
04-20 16:34:00.091760   720   740 D AT      : AT< +ECSQ: 47,37,1,-296,-24,1,1,2,32767
04-20 16:34:00.091813   720   740 D AT      : RIL_URC_READER Enter processLine:+ECSQ: 47,37,1,-296,-24,1,1,2,32767
04-20 16:34:00.091918   720   740 D RILC    : [MAL_AT] data sent to rild-mal-at is '+ECSQ: 47,37,1,-296,-24,1,1,2,32767'
04-20 16:34:00.092272   720   740 D RILC    : internalRequestTimedCallback malloc p_info: 0x7f945835a0
04-20 16:34:00.092322   720   740 D RILC    : internalRequestTimedCallback malloc p_info->event: 0x7f945835b0
04-20 16:34:00.092542   720   740 D RIL     : Nw URC:+ECSQ: 47,37,1,-296,-24,1,1,2,32767
04-20 16:34:00.092617   720   740 D RIL     : convert3GRssiValue baseband=503 ,isFdd3G=1,isTdd3G=0 ,RSCP_in_qdbm=-296 ,EcN0_in_qdbm=-24
04-20 16:34:00.092683   720   740 D RILC    : callForRilVersion new vendor RIL, version: 10
04-20 16:34:00.092742   720   740 I RILC    : RIL_SOCKET_1 UNSOLICITED: UNSOL_SIGNAL_STRENGTH length:72
04-20 16:34:00.092786   720   740 E RILC    : Send Response to rild-mal
04-20 16:34:00.092883   720   740 E RILC    : Send Response to RIL_SOCKET_1
04-20 16:34:00.092980   720   740 I AT      : AT read start
04-20 16:34:00.093572  1576  1576 D GsmSST  : [GsmSST0] handle EVENT_SIGNAL_STRENGTH_UPDATE
04-20 16:34:00.093796  1576  1576 D GsmSST  : [GsmSST0] onSignalStrengthResult():  LastSignalStrength=SignalStrength: 14 38 -120 -160 -2 0 -1 99 2147483647 -2147483647 2147483647 2147483647 2147483647 gsm|lte 1 -296 -22
04-20 16:34:00.093925  1576  1576 D GsmSST  : [GsmSST0] onSignalStrengthResult():new mSignalStrength=SignalStrength: 14 37 -120 -160 -2 0 -1 99 2147483647 -2147483647 2147483647 2147483647 2147483647 gsm|lte 1 -296 -24
04-20 16:34:00.094111  1576  1576 W SignalStrength: SignalStrength get plugin
04-20 16:34:00.094763  1576  1576 I use-Rlog/RLOG-GSM: getLTELevel - rsrp:2147483647 snr:2147483647 rsrpIconLevel:-1 snrIconLevel:-1
04-20 16:34:00.094914  1576  1576 I use-Rlog/RLOG-GSM: getLTELevel - rssi:99 rssiIconLevel:0
04-20 16:34:00.095007  1576  1576 W SignalStrength: SignalStrength get plugin
04-20 16:34:00.095097  1576  1576 I use-Rlog/RLOG-GSM:  asu: 14 gsmRscp: -74 out level: 4
04-20 16:34:00.095171  1576  1576 D GsmSST  : [GsmSST0] notifySignalStrength: mSignalStrength.getLevel=4
04-20 16:34:00.095340  1576  1576 D SubscriptionController: [getSubId]- sSlotIdxToSubId.size == 0, return DummySubIds slotIdx=0
04-20 16:34:00.095416  1576  1576 D SubscriptionController: getDummySubIds: slotIdx=0 return 2 DummySubIds with each subId=-2
04-20 16:34:00.095580  1576  1576 D DefaultPhoneNotifier: notifySignalStrength: mRegistry=com.android.internal.telephony.ITelephonyRegistry$Stub$Proxy@20f1708 ss=SignalStrength: 14 37 -120 -160 -2 0 -1 99 2147483647 -2147483647 2147483647 2147483647 2147483647 gsm|lte 1 -296 -24 sender=Handler (com.android.internal.telephony.gsm.GSMPhone) {e4ac408}
04-20 16:34:00.097655   964  2089 D TelephonyRegistry: notifySignalStrengthForSubscriber: subId=-2 signalStrength=SignalStrength: 14 37 -120 -160 -2 0 -1 99 2147483647 -2147483647 2147483647 2147483647 2147483647 gsm|lte 1 -296 -24
04-20 16:34:00.097857   964  2089 D TelephonyRegistry: notifySignalStrengthForSubscriber: logSSC.length=5 next=4
04-20 16:34:00.099733   964  2089 D TelephonyRegistry: notifyServiceStateForSubscriber Time 20160420T161408Asia/Shanghai(3,110,28800,0,1461140048) mSubId -2 mPhoneId 0  mState 1 1 voice home data home null null null null null null  Unknown Unknown CSS not supported -1 -1 RoamInd=-1 DefRoamInd=-1 EmergOnly=true Ril Voice Regist state: 10 Ril Data Regist state: 0 mProprietaryDataRadioTechnology: 0 VoiceRejectCause: -1 DataRejectCause: -1 mCdmaNetWorkMode: 0 IsDataRoamingFromRegistration=false
