04-20 16:33:24.257830   964   975 D TelephonyRegistry: notifyServiceStateForSubscriber Time 20160420T161408Asia/Shanghai(3,110,28800,0,1461140048) mSubId -2 mPhoneId 0  mState 1 1 voice home data home null null null null null null  Unknown Unknown CSS not supported -1 -1 RoamInd=-1 DefRoamInd=-1 EmergOnly=true Ril Voice Regist state: 10 Ril Data Regist state: 0 mProprietaryDataRadioTechnology: 0 VoiceRejectCause: -1 DataRejectCause: -1 mCdmaNetWorkMode: 0 IsDataRoamingFromRegistration=false
04-20 16:33:24.259658   964   975 D TelephonyRegistry: notifyServiceStateForSubscriber Time 20160420T163101Asia/Shanghai(3,110,28800,0,1461141061) mSubId -2 mPhoneId 0  mState 1 1 voice home data home null null null null null null  Unknown Unknown CSS not supported 0 0 RoamInd=-1 DefRoamInd=-1 EmergOnly=true Ril Voice Regist state: 10 Ril Data Regist state: 0 mProprietaryDataRadioTechnology: 0 VoiceRejectCause: -1 DataRejectCause: -1 mCdmaNetWorkMode: 0 IsDataRoamingFromRegistration=false
04-20 16:33:24.261460   964   975 D TelephonyRegistry: notifyServiceStateForSubscriber Time 20160420T163117Asia/Shanghai(3,110,28800,0,1461141077) mSubId -2 mPhoneId 0  mState 1 1 voice home data home null null null null null null  Unknown Unknown CSS not supported -1 -1 RoamInd=-1 DefRoamInd=-1 EmergOnly=true Ril Voice Regist state: 10 Ril Data Regist state: 0 mProprietaryDataRadioTechnology: 0 VoiceRejectCause: -1 DataRejectCause: -1 mCdmaNetWorkMode: 0 IsDataRoamingFromRegistration=false
04-20 16:33:24.263695   964   975 D TelephonyRegistry: notifyServiceStateForSubscriber Time 20160420T163117Asia/Shanghai(3,110,28800,0,1461141077) mSubId -2 mPhoneId 0  mState 1 1 voice home data home null null null null null null  Unknown Unknown CSS not supported 0 0 RoamInd=-1 DefRoamInd=-1 EmergOnly=true Ril Voice Regist state: 10 Ril Data Regist state: 0 mProprietaryDataRadioTechnology: 0 VoiceRejectCause: -1 DataRejectCause: -1 mCdmaNetWorkMode: 0 IsDataRoamingFromRegistration=false
04-20 16:33:24.266105   964   975 D TelephonyRegistry: notifyServiceStateForSubscriber Time 20160420T163211Asia/Shanghai(3,110,28800,0,1461141131) mSubId -2 mPhoneId 0  mState 1 1 voice home data home null null null null null null  Unknown Unknown CSS not supported -1 -1 RoamInd=-1 DefRoamInd=-1 EmergOnly=true Ril Voice Regist state: 10 Ril Data Regist state: 0 mProprietaryDataRadioTechnology: 0 VoiceRejectCause: -1 DataRejectCause: -1 mCdmaNetWorkMode: 0 IsDataRoamingFromRegistration=false
04-20 16:33:24.266232   964   975 D TelephonyRegistry: notifySignalStrengthForSubscriber: ----------------
04-20 16:33:24.266496   964   975 D SubscriptionManager: [getPhoneId]- return dummy value, subId = -2
04-20 16:33:24.266641   964   975 D TelephonyRegistry: validatePhoneId: true
04-20 16:33:24.267195   964   975 D TelephonyRegistry: notifySignalStrengthForSubscriber: valid phoneId=0
04-20 16:33:24.272651  1576  1576 D SubscriptionController: [getPhoneId] asked for default subId=-1
04-20 16:33:24.272977  1576  1576 D SubscriptionController: [getPhoneId]- invalid subId = -1 return = -1
04-20 16:33:24.273812   964   975 D SubscriptionManager: [getPhoneId]- return dummy value, subId = -2
04-20 16:33:24.273937   964   975 D TelephonyRegistry: idMatch: rlt=false
04-20 16:33:24.274119   964   975 D TelephonyRegistry: handleRemoveListLocked: mRemoveList.size()=0
04-20 16:33:24.274397   964   975 W SignalStrength: SignalStrength get plugin
04-20 16:33:24.274678   964   975 I use-Rlog/RLOG-GSM: getLTELevel - rsrp:2147483647 snr:2147483647 rsrpIconLevel:-1 snrIconLevel:-1
04-20 16:33:24.274807   964   975 I use-Rlog/RLOG-GSM: getLTELevel - rssi:99 rssiIconLevel:0
04-20 16:33:24.274959   964   975 W SignalStrength: SignalStrength get plugin
04-20 16:33:24.275074   964   975 I use-Rlog/RLOG-GSM:  asu: 14 gsmRscp: -73 out level: 4
04-20 16:33:24.275622   964   975 D SubscriptionManager: [getPhoneId]- return dummy value, subId = -2
04-20 16:33:24.276531  1576  1576 D SubscriptionController: [getSubId]- sSlotIdxToSubId.size == 0, return DummySubIds slotIdx=0
04-20 16:33:24.276641  1576  1576 D SubscriptionController: getDummySubIds: slotIdx=0 return 2 DummySubIds with each subId=-2
04-20 16:33:24.283211  1576  1576 D GsmSST  : [GsmSST0] handleMessage msg done
04-20 16:33:24.286949   964  8872 D TelephonyRegistry: listen: E pkg=com.android.settings events=0x20 notifyNow=true subId=2147483647 myUserId=0 callerUserId=0
04-20 16:33:24.287102   964  8872 D TelephonyRegistry: listen: add new record
04-20 16:33:24.288378  1576 13209 D SubscriptionController: [getPhoneId] asked for default subId=-1
04-20 16:33:24.288657  1576 13209 D SubscriptionController: [getPhoneId]- invalid subId = -1 return = -1
04-20 16:33:24.289375   964  8872 D TelephonyRegistry: listen:  Register r={callingPackage=com.android.settings binder=android.os.BinderProxy@92f9605 callback=com.android.internal.telephony.IPhoneStateListener$Stub$Proxy@5d6965a onSubscriptionsChangedListenererCallback=null callerUserId=0 subId=2147483647 phoneId=-1 events=20 canReadPhoneState=true} r.subId=2147483647 phoneId=-1
04-20 16:33:24.289508   964  8872 D TelephonyRegistry: listen: logSSC.length=5 next=4
04-20 16:33:24.291211   964  8872 D TelephonyRegistry: notifyServiceStateForSubscriber Time 20160420T161408Asia/Shanghai(3,110,28800,0,1461140048) mSubId -2 mPhoneId 0  mState 1 1 voice home data home null null null null null null  Unknown Unknown CSS not supported -1 -1 RoamInd=-1 DefRoamInd=-1 EmergOnly=true Ril Voice Regist state: 10 Ril Data Regist state: 0 mProprietaryDataRadioTechnology: 0 VoiceRejectCause: -1 DataRejectCause: -1 mCdmaNetWorkMode: 0 IsDataRoamingFromRegistration=false
04-20 16:33:24.292952   964  8872 D TelephonyRegistry: notifyServiceStateForSubscriber Time 20160420T163101Asia/Shanghai(3,110,28800,0,1461141061) mSubId -2 mPhoneId 0  mState 1 1 voice home data home null null null null null null  Unknown Unknown CSS not supported 0 0 RoamInd=-1 DefRoamInd=-1 EmergOnly=true Ril Voice Regist state: 10 Ril Data Regist state: 0 mProprietaryDataRadioTechnology: 0 VoiceRejectCause: -1 DataRejectCause: -1 mCdmaNetWorkMode: 0 IsDataRoamingFromRegistration=false
04-20 16:33:24.294577   964  8872 D TelephonyRegistry: notifyServiceStateForSubscriber Time 20160420T163117Asia/Shanghai(3,110,28800,0,1461141077) mSubId -2 mPhoneId 0  mState 1 1 voice home data home null null null null null null  Unknown Unknown CSS not supported -1 -1 RoamInd=-1 DefRoamInd=-1 EmergOnly=true Ril Voice Regist state: 10 Ril Data Regist state: 0 mProprietaryDataRadioTechnology: 0 VoiceRejectCause: -1 DataRejectCause: -1 mCdmaNetWorkMode: 0 IsDataRoamingFromRegistration=false
04-20 16:33:24.296601   964  8872 D TelephonyRegistry: notifyServiceStateForSubscriber Time 20160420T163117Asia/Shanghai(3,110,28800,0,1461141077) mSubId -2 mPhoneId 0  mState 1 1 voice home data home null null null null null null  Unknown Unknown CSS not supported 0 0 RoamInd=-1 DefRoamInd=-1 EmergOnly=true Ril Voice Regist state: 10 Ril Data Regist state: 0 mProprietaryDataRadioTechnology: 0 VoiceRejectCause: -1 DataRejectCause: -1 mCdmaNetWorkMode: 0 IsDataRoamingFromRegistration=false
04-20 16:33:24.299048   964  8872 D TelephonyRegistry: notifyServiceStateForSubscriber Time 20160420T163211Asia/Shanghai(3,110,28800,0,1461141131) mSubId -2 mPhoneId 0  mState 1 1 voice home data home null null null null null null  Unknown Unknown CSS not supported -1 -1 RoamInd=-1 DefRoamInd=-1 EmergOnly=true Ril Voice Regist state: 10 Ril Data Regist state: 0 mProprietaryDataRadioTechnology: 0 VoiceRejectCause: -1 DataRejectCause: -1 mCdmaNetWorkMode: 0 IsDataRoamingFromRegistration=false
04-20 16:33:24.299185   964  8872 D TelephonyRegistry: listen: ----------------
04-20 16:33:24.299313   964  8872 D TelephonyRegistry: validatePhoneId: false
04-20 16:33:24.303220  1576  2107 D SubscriptionController: [getActiveSubInfoCount]+
04-20 16:33:24.304002  1576  2107 D SubscriptionController: [getActiveSubInfoList]+
04-20 16:33:24.305265  1576  2107 D SubscriptionController: [getActiveSubInfoList] Sub Controller not ready
04-20 16:33:24.305591  1576  2107 D SubscriptionController: [getActiveSubInfoCount] records null
04-20 16:33:24.486483  1576  1918 D SubscriptionController: [getActiveSubInfoCount]+
04-20 16:33:24.487109  1576  1918 D SubscriptionController: [getActiveSubInfoList]+
04-20 16:33:24.488153  1576  1918 D SubscriptionController: [getActiveSubInfoList] Sub Controller not ready
04-20 16:33:24.488429  1576  1918 D SubscriptionController: [getActiveSubInfoCount] records null
04-20 16:33:24.749194  1576  1576 D FdManager: [GDCT][phoneId0]onReceive: action=android.intent.action.BATTERY_CHANGED
04-20 16:33:24.753311  1576  1576 D FdManager: [GDCT][phoneId1]onReceive: action=android.intent.action.BATTERY_CHANGED
04-20 16:33:25.251181   720   736 D RILC    : s_last_wake_timeout_info: 0x7f94583360 reset to NULL
04-20 16:33:25.251272   720   736 D RILC    : userTimerCallback free  p_info: 0x7f94583360
04-20 16:33:25.251316   720   736 D RILC    : userTimerCallback free  p_info->event: 0x7f94583370
04-20 16:33:25.837104   964  1162 D TelephonyRegistry: listen: E pkg=com.android.settings events=0x0 notifyNow=true subId=2147483647 myUserId=0 callerUserId=0
04-20 16:33:25.837219   964  1162 D TelephonyRegistry: listen: Unregister
04-20 16:33:25.837528   964  1162 D TelephonyRegistry: remove: binder=android.os.BinderProxy@92f9605r.callingPackagecom.android.settingsr.callbackcom.android.internal.telephony.IPhoneStateListener$Stub$Proxy@5d6965a
04-20 16:33:28.334497   560   560 D RILMUXD : [gsm0710muxd] 3897:main(): Frames received/dropped: 7935/0
04-20 16:33:29.371676   560   706 D RILMUXD : [gsm0710muxd] 1643:gsm0710_base_buffer_get_frame(): Get a complete frame. ch:2, ctrl:239, len:39
04-20 16:33:29.371762   560   706 D RILMUXD : [gsm0710muxd] 2383:extract_frames(): Writing 39 byte frame received on channel 2 to /dev/pts/7
04-20 16:33:29.371855   560   706 D RILMUXD : [gsm0710muxd] 2403:extract_frames(): write() returned. Written 39/39 bytes of frame to /dev/pts/7
04-20 16:33:29.371910   560   706 D RILMUXD : [gsm0710muxd] 2408:extract_frames(): fsync() failed (-1, 22 - Invalid argument)
04-20 16:33:29.372147   720   740 I AT      : AT read end: 39
04-20 16:33:29.372288   720   740 D AT      : AT< +ECSQ: 47,37,1,-295,-24,1,1,2,32767
04-20 16:33:29.372431   720   740 D AT      : RIL_URC_READER Enter processLine:+ECSQ: 47,37,1,-295,-24,1,1,2,32767
04-20 16:33:29.372564   720   740 D RILC    : [MAL_AT] data sent to rild-mal-at is '+ECSQ: 47,37,1,-295,-24,1,1,2,32767'
04-20 16:33:29.372675   720   740 D RILC    : internalRequestTimedCallback malloc p_info: 0x7f945833c0
04-20 16:33:29.372724   720   740 D RILC    : internalRequestTimedCallback malloc p_info->event: 0x7f945833d0
04-20 16:33:29.372829   720   740 D RIL     : Nw URC:+ECSQ: 47,37,1,-295,-24,1,1,2,32767
04-20 16:33:29.372905   720   740 D RIL     : convert3GRssiValue baseband=503 ,isFdd3G=1,isTdd3G=0 ,RSCP_in_qdbm=-295 ,EcN0_in_qdbm=-24
04-20 16:33:29.372967   720   740 D RILC    : callForRilVersion new vendor RIL, version: 10
04-20 16:33:29.373017   720   740 I RILC    : RIL_SOCKET_1 UNSOLICITED: UNSOL_SIGNAL_STRENGTH length:72
04-20 16:33:29.373061   720   740 E RILC    : Send Response to rild-mal
04-20 16:33:29.373170   720   740 E RILC    : Send Response to RIL_SOCKET_1
04-20 16:33:29.373280   720   740 I AT      : AT read start
04-20 16:33:29.374871  1576  1576 D GsmSST  : [GsmSST0] handle EVENT_SIGNAL_STRENGTH_UPDATE
04-20 16:33:29.375405  1576  1576 D GsmSST  : [GsmSST0] onSignalStrengthResult():  LastSignalStrength=SignalStrength: 14 38 -120 -160 -2 0 -1 99 2147483647 -2147483647 2147483647 2147483647 2147483647 gsm|lte 1 -292 -22
04-20 16:33:29.375534  1576  1576 D GsmSST  : [GsmSST0] onSignalStrengthResult():new mSignalStrength=SignalStrength: 14 37 -120 -160 -2 0 -1 99 2147483647 -2147483647 2147483647 2147483647 2147483647 gsm|lte 1 -296 -24
04-20 16:33:29.375794  1576  1576 W SignalStrength: SignalStrength get plugin
04-20 16:33:29.375918  1576  1576 I use-Rlog/RLOG-GSM: getLTELevel - rsrp:2147483647 snr:2147483647 rsrpIconLevel:-1 snrIconLevel:-1
04-20 16:33:29.376172  1576  1576 I use-Rlog/RLOG-GSM: getLTELevel - rssi:99 rssiIconLevel:0
04-20 16:33:29.376240  1576  1576 W SignalStrength: SignalStrength get plugin
04-20 16:33:29.376315  1576  1576 I use-Rlog/RLOG-GSM:  asu: 14 gsmRscp: -74 out level: 4
04-20 16:33:29.376459  1576  1576 D GsmSST  : [GsmSST0] notifySignalStrength: mSignalStrength.getLevel=4
04-20 16:33:29.376575  1576  1576 D SubscriptionController: [getSubId]- sSlotIdxToSubId.size == 0, return DummySubIds slotIdx=0
04-20 16:33:29.376649  1576  1576 D SubscriptionController: getDummySubIds: slotIdx=0 return 2 DummySubIds with each subId=-2
04-20 16:33:29.376822  1576  1576 D DefaultPhoneNotifier: notifySignalStrength: mRegistry=com.android.internal.telephony.ITelephonyRegistry$Stub$Proxy@20f1708 ss=SignalStrength: 14 37 -120 -160 -2 0 -1 99 2147483647 -2147483647 2147483647 2147483647 2147483647 gsm|lte 1 -296 -24 sender=Handler (com.android.internal.telephony.gsm.GSMPhone) {e4ac408}
04-20 16:33:29.384508   720   736 I RILC    : NUMBER:1
04-20 16:33:29.384613   720   736 I RILC    : arg len:14
04-20 16:33:29.384677   720   736 I RILC    : ARGS[0]:THERMAL,0,-1
04-20 16:33:29.384863   720   736 D RILC    : C[locl]> QUERY_MODEM_THERMAL
04-20 16:33:29.384984   720   736 D RILC-MTK: QUERY_MODEM_THERMAL pRI=0x7f9644c240 p=0x7f96456380 dispatched to RIL_CMD_PROXY_1
04-20 16:33:29.385166   720   735 I RILC-MTK: RIL_ATCI2_PROXY wakeup
04-20 16:33:29.385189   720   731 I RILC-MTK: RIL_CMD2_PROXY_3 wakeup
04-20 16:33:29.385216   720   735 I RILC-MTK: RIL_ATCI2_PROXY sleep
04-20 16:33:29.385264   720   730 I RILC-MTK: RIL_URC2_PROXY wakeup
04-20 16:33:29.385301   720   724 I RILC-MTK: RIL_URC_PROXY wakeup
04-20 16:33:29.385306   720   734 I RILC-MTK: RIL_CMD2_PROXY_4 wakeup
04-20 16:33:29.385322   720   730 I RILC-MTK: RIL_URC2_PROXY sleep
04-20 16:33:29.385409   720   728 I RILC-MTK: RIL_CMD_PROXY_4 wakeup
04-20 16:33:29.385416   720   724 I RILC-MTK: RIL_URC_PROXY sleep
04-20 16:33:29.385523   720   725 I RILC-MTK: RIL_CMD_PROXY_3 wakeup
04-20 16:33:29.385552   720   733 I RILC-MTK: RIL_CMD2_PROXY_1 wakeup
04-20 16:33:29.385565   720   725 I RILC-MTK: RIL_CMD_PROXY_3 sleep
04-20 16:33:29.385636   720   727 I RILC-MTK: RIL_CMD_PROXY_1 wakeup
04-20 16:33:29.385653   720   732 I RILC-MTK: RIL_CMD2_PROXY_2 wakeup
04-20 16:33:29.385711   720   727 D RILC-MTK: proxy id:3, proxyName: RIL_CMD_PROXY_1
04-20 16:33:29.385732   720   732 I RILC-MTK: RIL_CMD2_PROXY_2 sleep
04-20 16:33:29.385759   720   727 D RILC-MTK: QUERY_MODEM_THERMAL pRI=0x7f9644c240 p=0x7f96456380 execute on RIL_CMD_PROXY_1 using channel 3
04-20 16:33:29.385811   720   727 D RILC    : callOnRequest for new vendor ril
04-20 16:33:29.385856   720   727 D RIL     : onRequest: QUERY_MODEM_THERMAL, datalen = 8
04-20 16:33:29.385897   720   727 D RIL     : radioState:10
04-20 16:33:29.385951   720   727 D RIL     : requestQueryThermal Enter,-1
04-20 16:33:29.386006   720   727 D AT      : getRILChannelCtx subsystem:1, rid:0 channelOffset:0
04-20 16:33:29.386051   720   727 D AT      : AT send on RIL_CMD_READER_3, tid:547975332928
04-20 16:33:29.386093   720   727 D AT      : AT> AT+ETHERMAL
04-20 16:33:29.386130   720   727 I AT      : AT write start
04-20 16:33:29.386299   720   728 I RILC-MTK: RIL_CMD_PROXY_4 sleep
04-20 16:33:29.386358   560   712 D RILMUXD : [gsm0710muxd] 3614:poll_thread(): poll_thread select found
04-20 16:33:29.386397   720   729 I RILC-MTK: RIL_ATCI_PROXY wakeup
04-20 16:33:29.386454   720   734 I RILC-MTK: RIL_CMD2_PROXY_4 sleep
04-20 16:33:29.386458   560   712 D RILMUXD : [gsm0710muxd] 1045:pseudo_device_read(): Enter, LackofAtciChannel=0
04-20 16:33:29.386601   560   712 D RILMUXD : [gsm0710muxd] 657:write_frame(): Sending frame to channel 5
04-20 16:33:29.386722   560   712 D RILMUXD : [gsm0710muxd] 766:write_frame(): Write a frame on channel 5 with length 12
04-20 16:33:29.386816   720   733 I RILC-MTK: RIL_CMD2_PROXY_1 sleep
04-20 16:33:29.386990   720   729 I RILC-MTK: RIL_ATCI_PROXY sleep
04-20 16:33:29.387119   720   726 I RILC-MTK: RIL_CMD_PROXY_2 wakeup
04-20 16:33:29.387205   720   726 I RILC-MTK: RIL_CMD_PROXY_2 sleep
04-20 16:33:29.387262   720   731 I RILC-MTK: RIL_CMD2_PROXY_3 sleep
04-20 16:33:29.394581   560   706 D RILMUXD : [gsm0710muxd] 1643:gsm0710_base_buffer_get_frame(): Get a complete frame. ch:5, ctrl:239, len:44
04-20 16:33:29.394709   560   706 D RILMUXD : [gsm0710muxd] 2383:extract_frames(): Writing 44 byte frame received on channel 5 to /dev/pts/10
04-20 16:33:29.394810   560   706 D RILMUXD : [gsm0710muxd] 2403:extract_frames(): write() returned. Written 44/44 bytes of frame to /dev/pts/10
04-20 16:33:29.394869   560   706 D RILMUXD : [gsm0710muxd] 2408:extract_frames(): fsync() failed (-1, 22 - Invalid argument)
04-20 16:33:29.394939   560   706 D RILMUXD : [gsm0710muxd] 1643:gsm0710_base_buffer_get_frame(): Get a complete frame. ch:5, ctrl:239, len:6
04-20 16:33:29.394992   560   706 D RILMUXD : [gsm0710muxd] 2383:extract_frames(): Writing 6 byte frame received on channel 5 to /dev/pts/10
04-20 16:33:29.395059   560   706 D RILMUXD : [gsm0710muxd] 2403:extract_frames(): write() returned. Written 6/6 bytes of frame to /dev/pts/10
04-20 16:33:29.395110   560   706 D RILMUXD : [gsm0710muxd] 2408:extract_frames(): fsync() failed (-1, 22 - Invalid argument)
04-20 16:33:29.395357   720   743 I AT      : AT read end: 50
04-20 16:33:29.395446   720   743 D AT      : AT< +ETHERMAL: 2, 32767, -127, -1, 32767, 18
04-20 16:33:29.395494   720   743 D AT      : RIL_CMD_READER_3 Enter processLine:+ETHERMAL: 2, 32767, -127, -1, 32767, 18
04-20 16:33:29.395549   720   743 D AT      : AT< OK
04-20 16:33:29.395590   720   743 D AT      : RIL_CMD_READER_3 Enter processLine:OK
04-20 16:33:29.395665   720   743 I AT      : AT read start
04-20 16:33:29.395785   720   727 D AT      : response received on RIL_CMD_READER_3, tid:547975332928
04-20 16:33:29.395876   720   727 D RIL     : requestQueryThermal success
04-20 16:33:29.395923   720   727 D RILC    : RequestComplete, RIL_SOCKET_1
04-20 16:33:29.395968   720   727 D RILC    : [THERMAL] local request for THERMAL returned 
04-20 16:33:29.396030   720   727 D RILC    : [THERMAL] s_THERMAL_fd is valid strResult is  2, 32767, -127, -1, 32767, 18
04-20 16:33:29.396114   720   727 D RILC-MTK: proxyLoop free  pRI=0x7f9644c240 p=0x7f96456380 
04-20 16:33:29.396176   720   727 D RILC-MTK: proxyLoop free  pRequest=0x7f96452260
04-20 16:33:29.396222   720   727 I RILC-MTK: RIL_CMD_PROXY_1 sleep
04-20 16:33:29.611255   964  2088 D TelephonyRegistry: notifySignalStrengthForSubscriber: subId=-2 signalStrength=SignalStrength: 14 37 -120 -160 -2 0 -1 99 2147483647 -2147483647 2147483647 2147483647 2147483647 gsm|lte 1 -296 -24
04-20 16:33:29.611403   964  2088 D TelephonyRegistry: notifySignalStrengthForSubscriber: logSSC.length=5 next=4
04-20 16:33:29.613737   964  2088 D TelephonyRegistry: notifyServiceStateForSubscriber Time 20160420T161408Asia/Shanghai(3,110,28800,0,1461140048) mSubId -2 mPhoneId 0  mState 1 1 voice home data home null null null null null null  Unknown Unknown CSS not supported -1 -1 RoamInd=-1 DefRoamInd=-1 EmergOnly=true Ril Voice Regist state: 10 Ril Data Regist state: 0 mProprietaryDataRadioTechnology: 0 VoiceRejectCause: -1 DataRejectCause: -1 mCdmaNetWorkMode: 0 IsDataRoamingFromRegistration=false
04-20 16:33:29.615493   964  2088 D TelephonyRegistry: notifyServiceStateForSubscriber Time 20160420T163101Asia/Shanghai(3,110,28800,0,1461141061) mSubId -2 mPhoneId 0  mState 1 1 voice home data home null null null null null null  Unknown Unknown CSS not supported 0 0 RoamInd=-1 DefRoamInd=-1 EmergOnly=true Ril Voice Regist state: 10 Ril Data Regist state: 0 mProprietaryDataRadioTechnology: 0 VoiceRejectCause: -1 DataRejectCause: -1 mCdmaNetWorkMode: 0 IsDataRoamingFromRegistration=false
04-20 16:33:29.617303   964  2088 D TelephonyRegistry: notifyServiceStateForSubscriber Time 20160420T163117Asia/Shanghai(3,110,28800,0,1461141077) mSubId -2 mPhoneId 0  mState 1 1 voice home data home null null null null null null  Unknown Unknown CSS not supported -1 -1 RoamInd=-1 DefRoamInd=-1 EmergOnly=true Ril Voice Regist state: 10 Ril Data Regist state: 0 mProprietaryDataRadioTechnology: 0 VoiceRejectCause: -1 DataRejectCause: -1 mCdmaNetWorkMode: 0 IsDataRoamingFromRegistration=false
04-20 16:33:29.620936   964  2088 D TelephonyRegistry: notifyServiceStateForSubscriber Time 20160420T163117Asia/Shanghai(3,110,28800,0,1461141077) mSubId -2 mPhoneId 0  mState 1 1 voice home data home null null null null null null  Unknown Unknown CSS not supported 0 0 RoamInd=-1 DefRoamInd=-1 EmergOnly=true Ril Voice Regist state: 10 Ril Data Regist state: 0 mProprietaryDataRadioTechnology: 0 VoiceRejectCause: -1 DataRejectCause: -1 mCdmaNetWorkMode: 0 IsDataRoamingFromRegistration=false
04-20 16:33:29.623237   964  2088 D TelephonyRegistry: notifyServiceStateForSubscriber Time 20160420T163211Asia/Shanghai(3,110,28800,0,1461141131) mSubId -2 mPhoneId 0  mState 1 1 voice home data home null null null null null null  Unknown Unknown CSS not supported -1 -1 RoamInd=-1 DefRoamInd=-1 EmergOnly=true Ril Voice Regist state: 10 Ril Data Regist state: 0 mProprietaryDataRadioTechnology: 0 VoiceRejectCause: -1 DataRejectCause: -1 mCdmaNetWorkMode: 0 IsDataRoamingFromRegistration=false
04-20 16:33:29.623409   964  2088 D TelephonyRegistry: notifySignalStrengthForSubscriber: ----------------
04-20 16:33:29.623683   964  2088 D SubscriptionManager: [getPhoneId]- return dummy value, subId = -2
04-20 16:33:29.623794   964  2088 D TelephonyRegistry: validatePhoneId: true
04-20 16:33:29.623879   964  2088 D TelephonyRegistry: notifySignalStrengthForSubscriber: valid phoneId=0
04-20 16:33:29.625427  1576  1576 D SubscriptionController: [getPhoneId] asked for default subId=-1
04-20 16:33:29.625784  1576  1576 D SubscriptionController: [getPhoneId]- invalid subId = -1 return = -1
04-20 16:33:29.626465   964  2088 D SubscriptionManager: [getPhoneId]- return dummy value, subId = -2
04-20 16:33:29.626608   964  2088 D TelephonyRegistry: idMatch: rlt=false
04-20 16:33:29.626807   964  2088 D TelephonyRegistry: handleRemoveListLocked: mRemoveList.size()=0
04-20 16:33:29.627109   964  2088 W SignalStrength: SignalStrength get plugin
04-20 16:33:29.627423   964  2088 I use-Rlog/RLOG-GSM: getLTELevel - rsrp:2147483647 snr:2147483647 rsrpIconLevel:-1 snrIconLevel:-1
04-20 16:33:29.627532   964  2088 I use-Rlog/RLOG-GSM: getLTELevel - rssi:99 rssiIconLevel:0
04-20 16:33:29.627598   964  2088 W SignalStrength: SignalStrength get plugin
04-20 16:33:29.627712   964  2088 I use-Rlog/RLOG-GSM:  asu: 14 gsmRscp: -74 out level: 4
04-20 16:33:29.628250   964  2088 D SubscriptionManager: [getPhoneId]- return dummy value, subId = -2
04-20 16:33:29.629749  1576  1576 D SubscriptionController: [getSubId]- sSlotIdxToSubId.size == 0, return DummySubIds slotIdx=0
04-20 16:33:29.629873  1576  1576 D SubscriptionController: getDummySubIds: slotIdx=0 return 2 DummySubIds with each subId=-2
04-20 16:33:29.662619  1576  1576 D GsmSST  : [GsmSST0] handleMessage msg done
04-20 16:33:29.929061  1102  1754 D SubscriptionManager: [getPhoneId]- return dummy value, subId = -1
04-20 16:33:29.929344  1102  1754 D TelephonyManager: getTelephonyProperty prop value= 
04-20 16:33:30.070494  1576  2107 D GSMPhone: [GSMPhone] getServiceState : getState() : 1 getDataRegState() : 1
04-20 16:33:30.071050  1576  2107 D DCT     : [0]fetchDunApn: config_tether_apndata dunSetting=null
04-20 16:33:30.071138  1576  2107 D DCT     : [0]hasMatchedTetherApnSetting: APN=null
04-20 16:33:30.116447  1102  1754 D SubscriptionManager: [getPhoneId]- return dummy value, subId = -1
04-20 16:33:30.116644  1102  1754 D TelephonyManager: getTelephonyProperty prop value= 
04-20 16:33:30.123114  1102  1754 D SubscriptionManager: [getPhoneId]- return dummy value, subId = -1
04-20 16:33:30.123883  1102  1754 D TelephonyManager: getTelephonyProperty prop value= 
04-20 16:33:30.129692  1102  1754 D SubscriptionManager: [getPhoneId]- return dummy value, subId = -1
04-20 16:33:30.129822  1102  1754 D TelephonyManager: getTelephonyProperty prop value= 
04-20 16:33:30.373916   720   736 D RILC    : s_last_wake_timeout_info: 0x7f945833c0 reset to NULL
04-20 16:33:30.373999   720   736 D RILC    : userTimerCallback free  p_info: 0x7f945833c0
04-20 16:33:30.374045   720   736 D RILC    : userTimerCallback free  p_info->event: 0x7f945833d0
04-20 16:33:32.861513  1576 13209 D SubscriptionController: [getSubId]- sSlotIdxToSubId.size == 0, return DummySubIds slotIdx=0
04-20 16:33:32.861657  1576 13209 D SubscriptionController: getDummySubIds: slotIdx=0 return 2 DummySubIds with each subId=-2
04-20 16:33:32.862202 14821 14821 D TelephonyManagerEx: getSubIdBySlot, simId 0subId -2
04-20 16:33:32.862580 14821 14821 E TelephonyManagerEx: getVoiceMailNumber with simId 0 ,subId -2
04-20 16:33:32.875655  1576  1918 D SubscriptionManager: [getPhoneId]- return dummy value, subId = -2
04-20 16:33:32.878909  1576  1918 D GSMPhone: [GSMPhone] getVoiceMailNumber, from SIMRecords 
04-20 16:33:32.879158  1576  1918 D GSMPhone: [GSMPhone] getVoiceMailNumber, from SP null
04-20 16:33:32.879518  1576  1918 D GSMPhone: [GSMPhone] getVoiceMailNumber, final null
04-20 16:33:32.890469  1576  2107 D SubscriptionController: [getSubId]- sSlotIdxToSubId.size == 0, return DummySubIds slotIdx=1
04-20 16:33:32.890609  1576  2107 D SubscriptionController: getDummySubIds: slotIdx=1 return 2 DummySubIds with each subId=-3
04-20 16:33:32.891142 14821 14821 D TelephonyManagerEx: getSubIdBySlot, simId 1subId -3
04-20 16:33:32.891408 14821 14821 E TelephonyManagerEx: getVoiceMailNumber with simId 1 ,subId -3
04-20 16:33:32.893987  1576  1607 D SubscriptionManager: [getPhoneId]- return dummy value, subId = -3
04-20 16:33:32.900112  1576  1607 D GSMPhone: [GSMPhone] getVoiceMailNumber, from SIMRecords 
04-20 16:33:32.900412  1576  1607 D GSMPhone: [GSMPhone] getVoiceMailNumber, from SP null
04-20 16:33:32.900554  1576  1607 D GSMPhone: [GSMPhone] getVoiceMailNumber, final null
04-20 16:33:33.118913  1576  1608 D SubscriptionController: [getActiveSubInfoList]+
04-20 16:33:33.121823  1576  1608 D SubscriptionController: [getActiveSubInfoList] Sub Controller not ready
04-20 16:33:33.334832   560   560 D RILMUXD : [gsm0710muxd] 3897:main(): Frames received/dropped: 7938/0
04-20 16:33:33.978121 14821 14821 D SvlteUiccUtils: getSimType, uiccType[0] = 
04-20 16:33:33.978521 14821 14821 D SvlteUiccUtils: getSimType, simType = 0
04-20 16:33:33.979927  1576  2110 D SubscriptionController: [getSubId]- sSlotIdxToSubId.size == 0, return DummySubIds slotIdx=0
04-20 16:33:33.980055  1576  2110 D SubscriptionController: getDummySubIds: slotIdx=0 return 2 DummySubIds with each subId=-2
04-20 16:33:33.994964  1576 13209 D SubscriptionManager: [getSlotId]- fail, subId = -2
04-20 16:33:33.995960  1576 13209 D SubscriptionController: [getSlotId]- subId invalid
04-20 16:33:34.246508  1576  1918 D SubscriptionController: [getActiveSubInfoList]+
04-20 16:33:34.249722  1576  1918 D SubscriptionController: [getActiveSubInfoList] Sub Controller not ready
04-20 16:33:34.327161  1576  2107 D SubscriptionController: [getActiveSubInfoList]+
04-20 16:33:34.330127  1576  2107 D SubscriptionController: [getActiveSubInfoList] Sub Controller not ready
04-20 16:33:34.491836   560   706 D RILMUXD : [gsm0710muxd] 1643:gsm0710_base_buffer_get_frame(): Get a complete frame. ch:2, ctrl:239, len:39
04-20 16:33:34.491960   560   706 D RILMUXD : [gsm0710muxd] 2383:extract_frames(): Writing 39 byte frame received on channel 2 to /dev/pts/7
04-20 16:33:34.492060   560   706 D RILMUXD : [gsm0710muxd] 2403:extract_frames(): write() returned. Written 39/39 bytes of frame to /dev/pts/7
04-20 16:33:34.492145   560   706 D RILMUXD : [gsm0710muxd] 2408:extract_frames(): fsync() failed (-1, 22 - Invalid argument)
04-20 16:33:34.492417   720   740 I AT      : AT read end: 39
04-20 16:33:34.492481   720   740 D AT      : AT< +ECSQ: 47,36,1,-293,-26,1,1,2,32767
04-20 16:33:34.492527   720   740 D AT      : RIL_URC_READER Enter processLine:+ECSQ: 47,36,1,-293,-26,1,1,2,32767
04-20 16:33:34.492627   720   740 D RILC    : [MAL_AT] data sent to rild-mal-at is '+ECSQ: 47,36,1,-293,-26,1,1,2,32767'
04-20 16:33:34.492735   720   740 D RILC    : internalRequestTimedCallback malloc p_info: 0x7f94583420
04-20 16:33:34.492787   720   740 D RILC    : internalRequestTimedCallback malloc p_info->event: 0x7f94583430
04-20 16:33:34.492904   720   740 D RIL     : Nw URC:+ECSQ: 47,36,1,-293,-26,1,1,2,32767
04-20 16:33:34.494429   720   740 D RIL     : convert3GRssiValue baseband=503 ,isFdd3G=1,isTdd3G=0 ,RSCP_in_qdbm=-293 ,EcN0_in_qdbm=-26
04-20 16:33:34.494506   720   740 D RILC    : callForRilVersion new vendor RIL, version: 10
04-20 16:33:34.494561   720   740 I RILC    : RIL_SOCKET_1 UNSOLICITED: UNSOL_SIGNAL_STRENGTH length:72
04-20 16:33:34.495354   720   740 E RILC    : Send Response to rild-mal
04-20 16:33:34.495466   720   740 E RILC    : Send Response to RIL_SOCKET_1
04-20 16:33:34.495596   720   740 I AT      : AT read start
04-20 16:33:34.496526  1576  1576 D GsmSST  : [GsmSST0] handle EVENT_SIGNAL_STRENGTH_UPDATE
04-20 16:33:34.496775  1576  1576 D GsmSST  : [GsmSST0] onSignalStrengthResult():  LastSignalStrength=SignalStrength: 14 37 -120 -160 -2 0 -1 99 2147483647 -2147483647 2147483647 2147483647 2147483647 gsm|lte 1 -296 -24
04-20 16:33:34.498954  1576  1576 D GsmSST  : [GsmSST0] onSignalStrengthResult():new mSignalStrength=SignalStrength: 14 36 -120 -160 -2 0 -1 99 2147483647 -2147483647 2147483647 2147483647 2147483647 gsm|lte 1 -296 -26
04-20 16:33:34.499290  1576  1576 W SignalStrength: SignalStrength get plugin
04-20 16:33:34.499497  1576  1576 I use-Rlog/RLOG-GSM: getLTELevel - rsrp:2147483647 snr:2147483647 rsrpIconLevel:-1 snrIconLevel:-1
04-20 16:33:34.499600  1576  1576 I use-Rlog/RLOG-GSM: getLTELevel - rssi:99 rssiIconLevel:0
04-20 16:33:34.499675  1576  1576 W SignalStrength: SignalStrength get plugin
04-20 16:33:34.499766  1576  1576 I use-Rlog/RLOG-GSM:  asu: 14 gsmRscp: -74 out level: 4
04-20 16:33:34.499847  1576  1576 D GsmSST  : [GsmSST0] notifySignalStrength: mSignalStrength.getLevel=4
04-20 16:33:34.499966  1576  1576 D SubscriptionController: [getSubId]- sSlotIdxToSubId.size == 0, return DummySubIds slotIdx=0
04-20 16:33:34.500039  1576  1576 D SubscriptionController: getDummySubIds: slotIdx=0 return 2 DummySubIds with each subId=-2
04-20 16:33:34.500299  1576  1576 D DefaultPhoneNotifier: notifySignalStrength: mRegistry=com.android.internal.telephony.ITelephonyRegistry$Stub$Proxy@20f1708 ss=SignalStrength: 14 36 -120 -160 -2 0 -1 99 2147483647 -2147483647 2147483647 2147483647 2147483647 gsm|lte 1 -296 -26 sender=Handler (com.android.internal.telephony.gsm.GSMPhone) {e4ac408}
04-20 16:33:34.501497   964  2089 D TelephonyRegistry: notifySignalStrengthForSubscriber: subId=-2 signalStrength=SignalStrength: 14 36 -120 -160 -2 0 -1 99 2147483647 -2147483647 2147483647 2147483647 2147483647 gsm|lte 1 -296 -26
04-20 16:33:34.501755   964  2089 D TelephonyRegistry: notifySignalStrengthForSubscriber: logSSC.length=5 next=4
04-20 16:33:34.504168   964  2089 D TelephonyRegistry: notifyServiceStateForSubscriber Time 20160420T161408Asia/Shanghai(3,110,28800,0,1461140048) mSubId -2 mPhoneId 0  mState 1 1 voice home data home null null null null null null  Unknown Unknown CSS not supported -1 -1 RoamInd=-1 DefRoamInd=-1 EmergOnly=true Ril Voice Regist state: 10 Ril Data Regist state: 0 mProprietaryDataRadioTechnology: 0 VoiceRejectCause: -1 DataRejectCause: -1 mCdmaNetWorkMode: 0 IsDataRoamingFromRegistration=false
04-20 16:33:34.506826   964  2089 D TelephonyRegistry: notifyServiceStateForSubscriber Time 20160420T163101Asia/Shanghai(3,110,28800,0,1461141061) mSubId -2 mPhoneId 0  mState 1 1 voice home data home null null null null null null  Unknown Unknown CSS not supported 0 0 RoamInd=-1 DefRoamInd=-1 EmergOnly=true Ril Voice Regist state: 10 Ril Data Regist state: 0 mProprietaryDataRadioTechnology: 0 VoiceRejectCause: -1 DataRejectCause: -1 mCdmaNetWorkMode: 0 IsDataRoamingFromRegistration=false
04-20 16:33:34.509575   964  2089 D TelephonyRegistry: notifyServiceStateForSubscriber Time 20160420T163117Asia/Shanghai(3,110,28800,0,1461141077) mSubId -2 mPhoneId 0  mState 1 1 voice home data home null null null null null null  Unknown Unknown CSS not supported -1 -1 RoamInd=-1 DefRoamInd=-1 EmergOnly=true Ril Voice Regist state: 10 Ril Data Regist state: 0 mProprietaryDataRadioTechnology: 0 VoiceRejectCause: -1 DataRejectCause: -1 mCdmaNetWorkMode: 0 IsDataRoamingFromRegistration=false
04-20 16:33:34.512203   964  2089 D TelephonyRegistry: notifyServiceStateForSubscriber Time 20160420T163117Asia/Shanghai(3,110,28800,0,1461141077) mSubId -2 mPhoneId 0  mState 1 1 voice home data home null null null null null null  Unknown Unknown CSS not supported 0 0 RoamInd=-1 DefRoamInd=-1 EmergOnly=true Ril Voice Regist state: 10 Ril Data Regist state: 0 mProprietaryDataRadioTechnology: 0 VoiceRejectCause: -1 DataRejectCause: -1 mCdmaNetWorkMode: 0 IsDataRoamingFromRegistration=false
04-20 16:33:34.516113   964  2089 D TelephonyRegistry: notifyServiceStateForSubscriber Time 20160420T163211Asia/Shanghai(3,110,28800,0,1461141131) mSubId -2 mPhoneId 0  mState 1 1 voice home data home null null null null null null  Unknown Unknown CSS not supported -1 -1 RoamInd=-1 DefRoamInd=-1 EmergOnly=true Ril Voice Regist state: 10 Ril Data Regist state: 0 mProprietaryDataRadioTechnology: 0 VoiceRejectCause: -1 DataRejectCause: -1 mCdmaNetWorkMode: 0 IsDataRoamingFromRegistration=false
04-20 16:33:34.516257   964  2089 D TelephonyRegistry: notifySignalStrengthForSubscriber: ----------------
04-20 16:33:34.516556   964  2089 D SubscriptionManager: [getPhoneId]- return dummy value, subId = -2
04-20 16:33:34.516740   964  2089 D TelephonyRegistry: validatePhoneId: true
04-20 16:33:34.516856   964  2089 D TelephonyRegistry: notifySignalStrengthForSubscriber: valid phoneId=0
04-20 16:33:34.518491  1576  1576 D SubscriptionController: [getPhoneId] asked for default subId=-1
04-20 16:33:34.518797  1576  1576 D SubscriptionController: [getPhoneId]- invalid subId = -1 return = -1
04-20 16:33:34.519543   964  2089 D SubscriptionManager: [getPhoneId]- return dummy value, subId = -2
04-20 16:33:34.519687   964  2089 D TelephonyRegistry: idMatch: rlt=false
04-20 16:33:34.519883   964  2089 D TelephonyRegistry: handleRemoveListLocked: mRemoveList.size()=0
04-20 16:33:34.520189   964  2089 W SignalStrength: SignalStrength get plugin
04-20 16:33:34.520488   964  2089 I use-Rlog/RLOG-GSM: getLTELevel - rsrp:2147483647 snr:2147483647 rsrpIconLevel:-1 snrIconLevel:-1
04-20 16:33:34.520616   964  2089 I use-Rlog/RLOG-GSM: getLTELevel - rssi:99 rssiIconLevel:0
04-20 16:33:34.520690   964  2089 W SignalStrength: SignalStrength get plugin
04-20 16:33:34.520807   964  2089 I use-Rlog/RLOG-GSM:  asu: 14 gsmRscp: -74 out level: 4
04-20 16:33:34.521387   964  2089 D SubscriptionManager: [getPhoneId]- return dummy value, subId = -2
04-20 16:33:34.523109  1576  1576 D SubscriptionController: [getSubId]- sSlotIdxToSubId.size == 0, return DummySubIds slotIdx=0
04-20 16:33:34.523244  1576  1576 D SubscriptionController: getDummySubIds: slotIdx=0 return 2 DummySubIds with each subId=-2
04-20 16:33:34.527903  1576  1576 D GsmSST  : [GsmSST0] handleMessage msg done
04-20 16:33:34.777246  1576  1576 D FdManager: [GDCT][phoneId0]onReceive: action=android.intent.action.BATTERY_CHANGED
04-20 16:33:34.790223  1576  1576 D FdManager: [GDCT][phoneId1]onReceive: action=android.intent.action.BATTERY_CHANGED
04-20 16:33:35.493975   720   736 D RILC    : s_last_wake_timeout_info: 0x7f94583420 reset to NULL
04-20 16:33:35.494055   720   736 D RILC    : userTimerCallback free  p_info: 0x7f94583420
04-20 16:33:35.494100   720   736 D RILC    : userTimerCallback free  p_info->event: 0x7f94583430
04-20 16:33:38.335049   560   560 D RILMUXD : [gsm0710muxd] 3897:main(): Frames received/dropped: 7939/0
04-20 16:33:39.404587   720   736 I RILC    : NUMBER:1
04-20 16:33:39.404709   720   736 I RILC    : arg len:14
04-20 16:33:39.404772   720   736 I RILC    : ARGS[0]:THERMAL,0,-1
04-20 16:33:39.404934   720   736 D RILC    : C[locl]> QUERY_MODEM_THERMAL
04-20 16:33:39.405024   720   736 D RILC-MTK: QUERY_MODEM_THERMAL pRI=0x7f9644c4e0 p=0x7f96456540 dispatched to RIL_CMD_PROXY_1
04-20 16:33:39.405764   720   734 I RILC-MTK: RIL_CMD2_PROXY_4 wakeup
04-20 16:33:39.405847   720   734 I RILC-MTK: RIL_CMD2_PROXY_4 sleep
04-20 16:33:39.406198   720   724 I RILC-MTK: RIL_URC_PROXY wakeup
04-20 16:33:39.406309   720   724 I RILC-MTK: RIL_URC_PROXY sleep
04-20 16:33:39.406427   720   732 I RILC-MTK: RIL_CMD2_PROXY_2 wakeup
04-20 16:33:39.406514   720   733 I RILC-MTK: RIL_CMD2_PROXY_1 wakeup
04-20 16:33:39.406568   720   733 I RILC-MTK: RIL_CMD2_PROXY_1 sleep
04-20 16:33:39.406676   720   732 I RILC-MTK: RIL_CMD2_PROXY_2 sleep
04-20 16:33:39.406801   720   728 I RILC-MTK: RIL_CMD_PROXY_4 wakeup
04-20 16:33:39.406855   720   728 I RILC-MTK: RIL_CMD_PROXY_4 sleep
04-20 16:33:39.406938   720   729 I RILC-MTK: RIL_ATCI_PROXY wakeup
04-20 16:33:39.407107   720   726 I RILC-MTK: RIL_CMD_PROXY_2 wakeup
04-20 16:33:39.407168   720   726 I RILC-MTK: RIL_CMD_PROXY_2 sleep
04-20 16:33:39.407258   720   731 I RILC-MTK: RIL_CMD2_PROXY_3 wakeup
04-20 16:33:39.407305   720   731 I RILC-MTK: RIL_CMD2_PROXY_3 sleep
04-20 16:33:39.407947   720   727 I RILC-MTK: RIL_CMD_PROXY_1 wakeup
04-20 16:33:39.408054   720   727 D RILC-MTK: proxy id:3, proxyName: RIL_CMD_PROXY_1
04-20 16:33:39.408109   720   727 D RILC-MTK: QUERY_MODEM_THERMAL pRI=0x7f9644c4e0 p=0x7f96456540 execute on RIL_CMD_PROXY_1 using channel 3
04-20 16:33:39.408175   720   727 D RILC    : callOnRequest for new vendor ril
04-20 16:33:39.408228   720   727 D RIL     : onRequest: QUERY_MODEM_THERMAL, datalen = 8
04-20 16:33:39.408274   720   727 D RIL     : radioState:10
04-20 16:33:39.408333   720   727 D RIL     : requestQueryThermal Enter,-1
04-20 16:33:39.408394   720   727 D AT      : getRILChannelCtx subsystem:1, rid:0 channelOffset:0
04-20 16:33:39.408446   720   727 D AT      : AT send on RIL_CMD_READER_3, tid:547975332928
04-20 16:33:39.408515   720   727 D AT      : AT> AT+ETHERMAL
04-20 16:33:39.408560   720   727 I AT      : AT write start
04-20 16:33:39.408746   720   735 I RILC-MTK: RIL_ATCI2_PROXY wakeup
04-20 16:33:39.408800   720   729 I RILC-MTK: RIL_ATCI_PROXY sleep
04-20 16:33:39.408842   560   712 D RILMUXD : [gsm0710muxd] 3614:poll_thread(): poll_thread select found
04-20 16:33:39.408870   720   725 I RILC-MTK: RIL_CMD_PROXY_3 wakeup
04-20 16:33:39.408910   560   712 D RILMUXD : [gsm0710muxd] 1045:pseudo_device_read(): Enter, LackofAtciChannel=0
04-20 16:33:39.408916   720   725 I RILC-MTK: RIL_CMD_PROXY_3 sleep
04-20 16:33:39.408982   560   712 D RILMUXD : [gsm0710muxd] 657:write_frame(): Sending frame to channel 5
04-20 16:33:39.409151   560   712 D RILMUXD : [gsm0710muxd] 766:write_frame(): Write a frame on channel 5 with length 12
04-20 16:33:39.405808   720   730 I RILC-MTK: RIL_URC2_PROXY wakeup
04-20 16:33:39.409374   720   735 I RILC-MTK: RIL_ATCI2_PROXY sleep
04-20 16:33:39.409897   720   730 I RILC-MTK: RIL_URC2_PROXY sleep
04-20 16:33:39.418996   560   706 D RILMUXD : [gsm0710muxd] 1643:gsm0710_base_buffer_get_frame(): Get a complete frame. ch:5, ctrl:239, len:44
04-20 16:33:39.419177   560   706 D RILMUXD : [gsm0710muxd] 2383:extract_frames(): Writing 44 byte frame received on channel 5 to /dev/pts/10
04-20 16:33:39.419283   560   706 D RILMUXD : [gsm0710muxd] 2403:extract_frames(): write() returned. Written 44/44 bytes of frame to /dev/pts/10
04-20 16:33:39.419342   560   706 D RILMUXD : [gsm0710muxd] 2408:extract_frames(): fsync() failed (-1, 22 - Invalid argument)
04-20 16:33:39.419414   560   706 D RILMUXD : [gsm0710muxd] 1643:gsm0710_base_buffer_get_frame(): Get a complete frame. ch:5, ctrl:239, len:6
04-20 16:33:39.419471   560   706 D RILMUXD : [gsm0710muxd] 2383:extract_frames(): Writing 6 byte frame received on channel 5 to /dev/pts/10
04-20 16:33:39.419541   560   706 D RILMUXD : [gsm0710muxd] 2403:extract_frames(): write() returned. Written 6/6 bytes of frame to /dev/pts/10
04-20 16:33:39.419600   560   706 D RILMUXD : [gsm0710muxd] 2408:extract_frames(): fsync() failed (-1, 22 - Invalid argument)
04-20 16:33:39.419876   720   743 I AT      : AT read end: 50
04-20 16:33:39.419939   720   743 D AT      : AT< +ETHERMAL: 2, 32767, -127, -1, 32767, 18
04-20 16:33:39.420008   720   743 D AT      : RIL_CMD_READER_3 Enter processLine:+ETHERMAL: 2, 32767, -127, -1, 32767, 18
04-20 16:33:39.420059   720   743 D AT      : AT< OK
04-20 16:33:39.420101   720   743 D AT      : RIL_CMD_READER_3 Enter processLine:OK
04-20 16:33:39.420178   720   743 I AT      : AT read start
04-20 16:33:39.420322   720   727 D AT      : response received on RIL_CMD_READER_3, tid:547975332928
04-20 16:33:39.420372   720   727 D RIL     : requestQueryThermal success
04-20 16:33:39.420432   720   727 D RILC    : RequestComplete, RIL_SOCKET_1
04-20 16:33:39.420484   720   727 D RILC    : [THERMAL] local request for THERMAL returned 
04-20 16:33:39.420550   720   727 D RILC    : [THERMAL] s_THERMAL_fd is valid strResult is  2, 32767, -127, -1, 32767, 18
04-20 16:33:39.420680   720   727 D RILC-MTK: proxyLoop free  pRI=0x7f9644c4e0 p=0x7f96456540 
04-20 16:33:39.420738   720   727 D RILC-MTK: proxyLoop free  pRequest=0x7f96452220
04-20 16:33:39.420780   720   727 I RILC-MTK: RIL_CMD_PROXY_1 sleep
04-20 16:33:39.606639   560   706 D RILMUXD : [gsm0710muxd] 1643:gsm0710_base_buffer_get_frame(): Get a complete frame. ch:2, ctrl:239, len:39
04-20 16:33:39.606753   560   706 D RILMUXD : [gsm0710muxd] 2383:extract_frames(): Writing 39 byte frame received on channel 2 to /dev/pts/7
04-20 16:33:39.606845   560   706 D RILMUXD : [gsm0710muxd] 2403:extract_frames(): write() returned. Written 39/39 bytes of frame to /dev/pts/7
04-20 16:33:39.606897   560   706 D RILMUXD : [gsm0710muxd] 2408:extract_frames(): fsync() failed (-1, 22 - Invalid argument)
04-20 16:33:39.607242   720   740 I AT      : AT read end: 39
04-20 16:33:39.607304   720   740 D AT      : AT< +ECSQ: 47,35,1,-296,-27,1,1,2,32767
04-20 16:33:39.607350   720   740 D AT      : RIL_URC_READER Enter processLine:+ECSQ: 47,35,1,-296,-27,1,1,2,32767
04-20 16:33:39.607459   720   740 D RILC    : [MAL_AT] data sent to rild-mal-at is '+ECSQ: 47,35,1,-296,-27,1,1,2,32767'
04-20 16:33:39.607569   720   740 D RILC    : internalRequestTimedCallback malloc p_info: 0x7f945834e0
04-20 16:33:39.607663   720   740 D RILC    : internalRequestTimedCallback malloc p_info->event: 0x7f945834f0
04-20 16:33:39.607754   720   740 D RIL     : Nw URC:+ECSQ: 47,35,1,-296,-27,1,1,2,32767
04-20 16:33:39.607874   720   740 D RIL     : convert3GRssiValue baseband=503 ,isFdd3G=1,isTdd3G=0 ,RSCP_in_qdbm=-296 ,EcN0_in_qdbm=-27
04-20 16:33:39.607933   720   740 D RILC    : callForRilVersion new vendor RIL, version: 10
04-20 16:33:39.607988   720   740 I RILC    : RIL_SOCKET_1 UNSOLICITED: UNSOL_SIGNAL_STRENGTH length:72
04-20 16:33:39.608030   720   740 E RILC    : Send Response to rild-mal
04-20 16:33:39.608135   720   740 E RILC    : Send Response to RIL_SOCKET_1
04-20 16:33:39.608230   720   740 I AT      : AT read start
04-20 16:33:39.609507  1576  1576 D GsmSST  : [GsmSST0] handle EVENT_SIGNAL_STRENGTH_UPDATE
04-20 16:33:39.609776  1576  1576 D GsmSST  : [GsmSST0] onSignalStrengthResult():  LastSignalStrength=SignalStrength: 14 36 -120 -160 -2 0 -1 99 2147483647 -2147483647 2147483647 2147483647 2147483647 gsm|lte 1 -296 -26
04-20 16:33:39.609906  1576  1576 D GsmSST  : [GsmSST0] onSignalStrengthResult():new mSignalStrength=SignalStrength: 14 35 -120 -160 -2 0 -1 99 2147483647 -2147483647 2147483647 2147483647 2147483647 gsm|lte 1 -296 -27
04-20 16:33:39.610116  1576  1576 W SignalStrength: SignalStrength get plugin
04-20 16:33:39.610234  1576  1576 I use-Rlog/RLOG-GSM: getLTELevel - rsrp:2147483647 snr:2147483647 rsrpIconLevel:-1 snrIconLevel:-1
04-20 16:33:39.610309  1576  1576 I use-Rlog/RLOG-GSM: getLTELevel - rssi:99 rssiIconLevel:0
04-20 16:33:39.611949  1576  1576 W SignalStrength: SignalStrength get plugin
04-20 16:33:39.612128  1576  1576 I use-Rlog/RLOG-GSM:  asu: 14 gsmRscp: -74 out level: 4
04-20 16:33:39.612217  1576  1576 D GsmSST  : [GsmSST0] notifySignalStrength: mSignalStrength.getLevel=4
04-20 16:33:39.612567  1576  1576 D SubscriptionController: [getSubId]- sSlotIdxToSubId.size == 0, return DummySubIds slotIdx=0
04-20 16:33:39.612675  1576  1576 D SubscriptionController: getDummySubIds: slotIdx=0 return 2 DummySubIds with each subId=-2
04-20 16:33:39.612875  1576  1576 D DefaultPhoneNotifier: notifySignalStrength: mRegistry=com.android.internal.telephony.ITelephonyRegistry$Stub$Proxy@20f1708 ss=SignalStrength: 14 35 -120 -160 -2 0 -1 99 2147483647 -2147483647 2147483647 2147483647 2147483647 gsm|lte 1 -296 -27 sender=Handler (com.android.internal.telephony.gsm.GSMPhone) {e4ac408}
04-20 16:33:39.619212   964   975 D TelephonyRegistry: notifySignalStrengthForSubscriber: subId=-2 signalStrength=SignalStrength: 14 35 -120 -160 -2 0 -1 99 2147483647 -2147483647 2147483647 2147483647 2147483647 gsm|lte 1 -296 -27
04-20 16:33:39.619453   964   975 D TelephonyRegistry: notifySignalStrengthForSubscriber: logSSC.length=5 next=4
04-20 16:33:39.621437   964   975 D TelephonyRegistry: notifyServiceStateForSubscriber Time 20160420T161408Asia/Shanghai(3,110,28800,0,1461140048) mSubId -2 mPhoneId 0  mState 1 1 voice home data home null null null null null null  Unknown Unknown CSS not supported -1 -1 RoamInd=-1 DefRoamInd=-1 EmergOnly=true Ril Voice Regist state: 10 Ril Data Regist state: 0 mProprietaryDataRadioTechnology: 0 VoiceRejectCause: -1 DataRejectCause: -1 mCdmaNetWorkMode: 0 IsDataRoamingFromRegistration=false
04-20 16:33:39.625406   964   975 D TelephonyRegistry: notifyServiceStateForSubscriber Time 20160420T163101Asia/Shanghai(3,110,28800,0,1461141061) mSubId -2 mPhoneId 0  mState 1 1 voice home data home null null null null null null  Unknown Unknown CSS not supported 0 0 RoamInd=-1 DefRoamInd=-1 EmergOnly=true Ril Voice Regist state: 10 Ril Data Regist state: 0 mProprietaryDataRadioTechnology: 0 VoiceRejectCause: -1 DataRejectCause: -1 mCdmaNetWorkMode: 0 IsDataRoamingFromRegistration=false
04-20 16:33:39.630125   964   975 D TelephonyRegistry: notifyServiceStateForSubscriber Time 20160420T163117Asia/Shanghai(3,110,28800,0,1461141077) mSubId -2 mPhoneId 0  mState 1 1 voice home data home null null null null null null  Unknown Unknown CSS not supported -1 -1 RoamInd=-1 DefRoamInd=-1 EmergOnly=true Ril Voice Regist state: 10 Ril Data Regist state: 0 mProprietaryDataRadioTechnology: 0 VoiceRejectCause: -1 DataRejectCause: -1 mCdmaNetWorkMode: 0 IsDataRoamingFromRegistration=false
04-20 16:33:39.637588   964   975 D TelephonyRegistry: notifyServiceStateForSubscriber Time 20160420T163117Asia/Shanghai(3,110,28800,0,1461141077) mSubId -2 mPhoneId 0  mState 1 1 voice home data home null null null null null null  Unknown Unknown CSS not supported 0 0 RoamInd=-1 DefRoamInd=-1 EmergOnly=true Ril Voice Regist state: 10 Ril Data Regist state: 0 mProprietaryDataRadioTechnology: 0 VoiceRejectCause: -1 DataRejectCause: -1 mCdmaNetWorkMode: 0 IsDataRoamingFromRegistration=false
04-20 16:33:39.639419   964   975 D TelephonyRegistry: notifyServiceStateForSubscriber Time 20160420T163211Asia/Shanghai(3,110,28800,0,1461141131) mSubId -2 mPhoneId 0  mState 1 1 voice home data home null null null null null null  Unknown Unknown CSS not supported -1 -1 RoamInd=-1 DefRoamInd=-1 EmergOnly=true Ril Voice Regist state: 10 Ril Data Regist state: 0 mProprietaryDataRadioTechnology: 0 VoiceRejectCause: -1 DataRejectCause: -1 mCdmaNetWorkMode: 0 IsDataRoamingFromRegistration=false
04-20 16:33:39.639569   964   975 D TelephonyRegistry: notifySignalStrengthForSubscriber: ----------------
04-20 16:33:39.639861   964   975 D SubscriptionManager: [getPhoneId]- return dummy value, subId = -2
04-20 16:33:39.640013   964   975 D TelephonyRegistry: validatePhoneId: true
04-20 16:33:39.640145   964   975 D TelephonyRegistry: notifySignalStrengthForSubscriber: valid phoneId=0
04-20 16:33:39.643624  1576  1576 D SubscriptionController: [getPhoneId] asked for default subId=-1
04-20 16:33:39.644235  1576  1576 D SubscriptionController: [getPhoneId]- invalid subId = -1 return = -1
04-20 16:33:39.646782   964   975 D SubscriptionManager: [getPhoneId]- return dummy value, subId = -2
04-20 16:33:39.646897   964   975 D TelephonyRegistry: idMatch: rlt=false
04-20 16:33:39.647156   964   975 D TelephonyRegistry: handleRemoveListLocked: mRemoveList.size()=0
04-20 16:33:39.647485   964   975 W SignalStrength: SignalStrength get plugin
04-20 16:33:39.647842   964   975 I use-Rlog/RLOG-GSM: getLTELevel - rsrp:2147483647 snr:2147483647 rsrpIconLevel:-1 snrIconLevel:-1
04-20 16:33:39.647989   964   975 I use-Rlog/RLOG-GSM: getLTELevel - rssi:99 rssiIconLevel:0
04-20 16:33:39.648064   964   975 W SignalStrength: SignalStrength get plugin
04-20 16:33:39.648188   964   975 I use-Rlog/RLOG-GSM:  asu: 14 gsmRscp: -74 out level: 4
04-20 16:33:39.648820   964   975 D SubscriptionManager: [getPhoneId]- return dummy value, subId = -2
04-20 16:33:39.651272  1576  1576 D SubscriptionController: [getSubId]- sSlotIdxToSubId.size == 0, return DummySubIds slotIdx=0
04-20 16:33:39.651399  1576  1576 D SubscriptionController: getDummySubIds: slotIdx=0 return 2 DummySubIds with each subId=-2
04-20 16:33:39.655385  1576  1576 D GsmSST  : [GsmSST0] handleMessage msg done
04-20 16:33:40.608877   720   736 D RILC    : s_last_wake_timeout_info: 0x7f945834e0 reset to NULL
