04-20 16:34:00.102180   964  2089 D TelephonyRegistry: notifyServiceStateForSubscriber Time 20160420T163101Asia/Shanghai(3,110,28800,0,1461141061) mSubId -2 mPhoneId 0  mState 1 1 voice home data home null null null null null null  Unknown Unknown CSS not supported 0 0 RoamInd=-1 DefRoamInd=-1 EmergOnly=true Ril Voice Regist state: 10 Ril Data Regist state: 0 mProprietaryDataRadioTechnology: 0 VoiceRejectCause: -1 DataRejectCause: -1 mCdmaNetWorkMode: 0 IsDataRoamingFromRegistration=false
04-20 16:34:00.104840   964  2089 D TelephonyRegistry: notifyServiceStateForSubscriber Time 20160420T163117Asia/Shanghai(3,110,28800,0,1461141077) mSubId -2 mPhoneId 0  mState 1 1 voice home data home null null null null null null  Unknown Unknown CSS not supported -1 -1 RoamInd=-1 DefRoamInd=-1 EmergOnly=true Ril Voice Regist state: 10 Ril Data Regist state: 0 mProprietaryDataRadioTechnology: 0 VoiceRejectCause: -1 DataRejectCause: -1 mCdmaNetWorkMode: 0 IsDataRoamingFromRegistration=false
04-20 16:34:00.107465   964  2089 D TelephonyRegistry: notifyServiceStateForSubscriber Time 20160420T163117Asia/Shanghai(3,110,28800,0,1461141077) mSubId -2 mPhoneId 0  mState 1 1 voice home data home null null null null null null  Unknown Unknown CSS not supported 0 0 RoamInd=-1 DefRoamInd=-1 EmergOnly=true Ril Voice Regist state: 10 Ril Data Regist state: 0 mProprietaryDataRadioTechnology: 0 VoiceRejectCause: -1 DataRejectCause: -1 mCdmaNetWorkMode: 0 IsDataRoamingFromRegistration=false
04-20 16:34:00.109341   964  2089 D TelephonyRegistry: notifyServiceStateForSubscriber Time 20160420T163211Asia/Shanghai(3,110,28800,0,1461141131) mSubId -2 mPhoneId 0  mState 1 1 voice home data home null null null null null null  Unknown Unknown CSS not supported -1 -1 RoamInd=-1 DefRoamInd=-1 EmergOnly=true Ril Voice Regist state: 10 Ril Data Regist state: 0 mProprietaryDataRadioTechnology: 0 VoiceRejectCause: -1 DataRejectCause: -1 mCdmaNetWorkMode: 0 IsDataRoamingFromRegistration=false
04-20 16:34:00.109494   964  2089 D TelephonyRegistry: notifySignalStrengthForSubscriber: ----------------
04-20 16:34:00.109782   964  2089 D SubscriptionManager: [getPhoneId]- return dummy value, subId = -2
04-20 16:34:00.109922   964  2089 D TelephonyRegistry: validatePhoneId: true
04-20 16:34:00.110013   964  2089 D TelephonyRegistry: notifySignalStrengthForSubscriber: valid phoneId=0
04-20 16:34:00.112971  1576  1576 D SubscriptionController: [getPhoneId] asked for default subId=-1
04-20 16:34:00.113298  1576  1576 D SubscriptionController: [getPhoneId]- invalid subId = -1 return = -1
04-20 16:34:00.113940   964  2089 D SubscriptionManager: [getPhoneId]- return dummy value, subId = -2
04-20 16:34:00.114066   964  2089 D TelephonyRegistry: idMatch: rlt=false
04-20 16:34:00.114259   964  2089 D TelephonyRegistry: handleRemoveListLocked: mRemoveList.size()=0
04-20 16:34:00.114541   964  2089 W SignalStrength: SignalStrength get plugin
04-20 16:34:00.114815   964  2089 I use-Rlog/RLOG-GSM: getLTELevel - rsrp:2147483647 snr:2147483647 rsrpIconLevel:-1 snrIconLevel:-1
04-20 16:34:00.114930   964  2089 I use-Rlog/RLOG-GSM: getLTELevel - rssi:99 rssiIconLevel:0
04-20 16:34:00.114995   964  2089 W SignalStrength: SignalStrength get plugin
04-20 16:34:00.115110   964  2089 I use-Rlog/RLOG-GSM:  asu: 14 gsmRscp: -74 out level: 4
04-20 16:34:00.115687   964  2089 D SubscriptionManager: [getPhoneId]- return dummy value, subId = -2
04-20 16:34:00.117026  1576  1576 D SubscriptionController: [getSubId]- sSlotIdxToSubId.size == 0, return DummySubIds slotIdx=0
04-20 16:34:00.117153  1576  1576 D SubscriptionController: getDummySubIds: slotIdx=0 return 2 DummySubIds with each subId=-2
04-20 16:34:00.122813  1576  1576 D GsmSST  : [GsmSST0] handleMessage msg done
04-20 16:34:00.395664 15015 15015 D TelephonyManager: getTelephonyProperty prop value= 1,1
04-20 16:34:00.457175 15015 15015 D TelephonyManager: getTelephonyProperty prop value= 1,1
04-20 16:34:00.776686 15015 15015 D TelephonyManager: getTelephonyProperty prop value= 1,1
04-20 16:34:00.823661 15015 15015 D TelephonyManager: getTelephonyProperty prop value= 1,1
04-20 16:34:01.093668   720   736 D RILC    : s_last_wake_timeout_info: 0x7f945835a0 reset to NULL
04-20 16:34:01.093782   720   736 D RILC    : userTimerCallback free  p_info: 0x7f945835a0
04-20 16:34:01.093850   720   736 D RILC    : userTimerCallback free  p_info->event: 0x7f945835b0
04-20 16:34:01.270822 15015 15015 D TelephonyManager: getTelephonyProperty prop value= 1,1
04-20 16:34:01.289928 15015 15015 D TelephonyManager: getTelephonyProperty prop value= 1,1
04-20 16:34:01.835262  1576  1576 D RILJ    : onDisplayChanged: displayId = 0 [SUB0]
04-20 16:34:01.840644  1576  1576 D RILJ    : onDisplayChanged: displayId = 0 [SUB1]
04-20 16:34:02.003686  1576  1576 D GsmSST  : [GsmSST0] No matched EONS and No CPHS ONS
04-20 16:34:02.004082  1576  1576 D GsmSST  : [GsmSST0] updateSpnDisplay mVoiceCapable=true mEmergencyOnly=true mCi.getRadioState().isOn()=true getVoiceRegState()=1 getDataRegState()1
04-20 16:34:02.004199  1576  1576 D GsmSST  : [GsmSST0] updateSpnDisplay show mEmergencyOnly
04-20 16:34:02.005673  1576  1576 D SubscriptionController: [getSubId]- sSlotIdxToSubId.size == 0, return DummySubIds slotIdx=0
04-20 16:34:02.005817  1576  1576 D SubscriptionController: getDummySubIds: slotIdx=0 return 2 DummySubIds with each subId=-2
04-20 16:34:02.005903  1576  1576 D GsmSST  : [GsmSST0] updateAllOpertorInfo with realPlmn:null
04-20 16:34:02.008247  1576  1576 D GsmSST  : [GsmSST1] No matched EONS and No CPHS ONS
04-20 16:34:02.008781  1576  1576 D GsmSST  : [GsmSST1] updateSpnDisplay mVoiceCapable=true mEmergencyOnly=false mCi.getRadioState().isOn()=false getVoiceRegState()=3 getDataRegState()3
04-20 16:34:02.010603  1576  1576 D SubscriptionController: [getSubId]- sSlotIdxToSubId.size == 0, return DummySubIds slotIdx=1
04-20 16:34:02.010748  1576  1576 D SubscriptionController: getDummySubIds: slotIdx=1 return 2 DummySubIds with each subId=-3
04-20 16:34:02.011147  1576  1576 D GsmSST  : [GsmSST1] updateAllOpertorInfo with realPlmn:null
04-20 16:34:02.108288  1576 13209 D SubscriptionController: [getSubId]- sSlotIdxToSubId.size == 0, return DummySubIds slotIdx=0
04-20 16:34:02.108422  1576 13209 D SubscriptionController: getDummySubIds: slotIdx=0 return 2 DummySubIds with each subId=-2
04-20 16:34:02.109693  1576  1918 D SubscriptionManager: [getPhoneId]- return dummy value, subId = -2
04-20 16:34:02.109982  1576  1918 D GSMPhone: [GSMPhone] getServiceState : getState() : 1 getDataRegState() : 1
04-20 16:34:02.112160  1576  2107 D SubscriptionController: [getSubId]- sSlotIdxToSubId.size == 0, return DummySubIds slotIdx=1
04-20 16:34:02.112291  1576  2107 D SubscriptionController: getDummySubIds: slotIdx=1 return 2 DummySubIds with each subId=-3
04-20 16:34:02.113323  1576  1607 D SubscriptionManager: [getPhoneId]- return dummy value, subId = -3
04-20 16:34:02.113564  1576  1607 D GSMPhone: [GSMPhone] getServiceState : getState() : 3 getDataRegState() : 3
04-20 16:34:02.779665 15106 15106 D PHONE   : [WPP_UTIL]getActiveModemType=3
04-20 16:34:02.779812 15106 15106 D PHONE   : [WPP_UTIL]get3GDivisionDuplexMode=1
04-20 16:34:03.336966   560   560 D RILMUXD : [gsm0710muxd] 3897:main(): Frames received/dropped: 7950/0
04-20 16:34:04.790994  1576  1576 D FdManager: [GDCT][phoneId0]onReceive: action=android.intent.action.BATTERY_CHANGED
04-20 16:34:04.798952  1576  1576 D FdManager: [GDCT][phoneId1]onReceive: action=android.intent.action.BATTERY_CHANGED
04-20 16:34:05.152536 15106 15106 D PHONE   : [WPP_UTIL]getActiveModemType=3
04-20 16:34:05.152632 15106 15106 D PHONE   : [WPP_UTIL]get3GDivisionDuplexMode=1
04-20 16:34:05.209246   560   706 D RILMUXD : [gsm0710muxd] 1643:gsm0710_base_buffer_get_frame(): Get a complete frame. ch:2, ctrl:239, len:39
04-20 16:34:05.209356   560   706 D RILMUXD : [gsm0710muxd] 2383:extract_frames(): Writing 39 byte frame received on channel 2 to /dev/pts/7
04-20 16:34:05.209579   560   706 D RILMUXD : [gsm0710muxd] 2403:extract_frames(): write() returned. Written 39/39 bytes of frame to /dev/pts/7
04-20 16:34:05.209641   560   706 D RILMUXD : [gsm0710muxd] 2408:extract_frames(): fsync() failed (-1, 22 - Invalid argument)
04-20 16:34:05.209798   720   740 I AT      : AT read end: 39
04-20 16:34:05.209961   720   740 D AT      : AT< +ECSQ: 41,35,1,-317,-28,1,1,2,32767
04-20 16:34:05.210010   720   740 D AT      : RIL_URC_READER Enter processLine:+ECSQ: 41,35,1,-317,-28,1,1,2,32767
04-20 16:34:05.210108   720   740 D RILC    : [MAL_AT] data sent to rild-mal-at is '+ECSQ: 41,35,1,-317,-28,1,1,2,32767'
04-20 16:34:05.210224   720   740 D RILC    : internalRequestTimedCallback malloc p_info: 0x7f94583180
04-20 16:34:05.210287   720   740 D RILC    : internalRequestTimedCallback malloc p_info->event: 0x7f94583190
04-20 16:34:05.210374   720   740 D RIL     : Nw URC:+ECSQ: 41,35,1,-317,-28,1,1,2,32767
04-20 16:34:05.210457   720   740 D RIL     : convert3GRssiValue baseband=503 ,isFdd3G=1,isTdd3G=0 ,RSCP_in_qdbm=-317 ,EcN0_in_qdbm=-28
04-20 16:34:05.210568   720   740 D RILC    : callForRilVersion new vendor RIL, version: 10
04-20 16:34:05.210616   720   740 I RILC    : RIL_SOCKET_1 UNSOLICITED: UNSOL_SIGNAL_STRENGTH length:72
04-20 16:34:05.210709   720   740 E RILC    : Send Response to rild-mal
04-20 16:34:05.210806   720   740 E RILC    : Send Response to RIL_SOCKET_1
04-20 16:34:05.210919   720   740 I AT      : AT read start
04-20 16:34:05.211578  1576  1576 D GsmSST  : [GsmSST0] handle EVENT_SIGNAL_STRENGTH_UPDATE
04-20 16:34:05.211803  1576  1576 D GsmSST  : [GsmSST0] onSignalStrengthResult():  LastSignalStrength=SignalStrength: 14 37 -120 -160 -2 0 -1 99 2147483647 -2147483647 2147483647 2147483647 2147483647 gsm|lte 1 -296 -24
04-20 16:34:05.211908  1576  1576 D GsmSST  : [GsmSST0] onSignalStrengthResult():new mSignalStrength=SignalStrength: 14 35 -120 -160 -2 0 -1 99 2147483647 -2147483647 2147483647 2147483647 2147483647 gsm|lte 1 -320 -28
04-20 16:34:05.212761  1576  1576 W SignalStrength: SignalStrength get plugin
04-20 16:34:05.212950  1576  1576 I use-Rlog/RLOG-GSM: getLTELevel - rsrp:2147483647 snr:2147483647 rsrpIconLevel:-1 snrIconLevel:-1
04-20 16:34:05.213028  1576  1576 I use-Rlog/RLOG-GSM: getLTELevel - rssi:99 rssiIconLevel:0
04-20 16:34:05.213134  1576  1576 W SignalStrength: SignalStrength get plugin
04-20 16:34:05.213212  1576  1576 I use-Rlog/RLOG-GSM:  asu: 14 gsmRscp: -80 out level: 4
04-20 16:34:05.213287  1576  1576 D GsmSST  : [GsmSST0] notifySignalStrength: mSignalStrength.getLevel=4
04-20 16:34:05.213390  1576  1576 D SubscriptionController: [getSubId]- sSlotIdxToSubId.size == 0, return DummySubIds slotIdx=0
04-20 16:34:05.213497  1576  1576 D SubscriptionController: getDummySubIds: slotIdx=0 return 2 DummySubIds with each subId=-2
04-20 16:34:05.213732  1576  1576 D DefaultPhoneNotifier: notifySignalStrength: mRegistry=com.android.internal.telephony.ITelephonyRegistry$Stub$Proxy@20f1708 ss=SignalStrength: 14 35 -120 -160 -2 0 -1 99 2147483647 -2147483647 2147483647 2147483647 2147483647 gsm|lte 1 -320 -28 sender=Handler (com.android.internal.telephony.gsm.GSMPhone) {e4ac408}
04-20 16:34:05.214871   964  1843 D TelephonyRegistry: notifySignalStrengthForSubscriber: subId=-2 signalStrength=SignalStrength: 14 35 -120 -160 -2 0 -1 99 2147483647 -2147483647 2147483647 2147483647 2147483647 gsm|lte 1 -320 -28
04-20 16:34:05.215029   964  1843 D TelephonyRegistry: notifySignalStrengthForSubscriber: logSSC.length=5 next=4
04-20 16:34:05.216951   964  1843 D TelephonyRegistry: notifyServiceStateForSubscriber Time 20160420T161408Asia/Shanghai(3,110,28800,0,1461140048) mSubId -2 mPhoneId 0  mState 1 1 voice home data home null null null null null null  Unknown Unknown CSS not supported -1 -1 RoamInd=-1 DefRoamInd=-1 EmergOnly=true Ril Voice Regist state: 10 Ril Data Regist state: 0 mProprietaryDataRadioTechnology: 0 VoiceRejectCause: -1 DataRejectCause: -1 mCdmaNetWorkMode: 0 IsDataRoamingFromRegistration=false
04-20 16:34:05.218749   964  1843 D TelephonyRegistry: notifyServiceStateForSubscriber Time 20160420T163101Asia/Shanghai(3,110,28800,0,1461141061) mSubId -2 mPhoneId 0  mState 1 1 voice home data home null null null null null null  Unknown Unknown CSS not supported 0 0 RoamInd=-1 DefRoamInd=-1 EmergOnly=true Ril Voice Regist state: 10 Ril Data Regist state: 0 mProprietaryDataRadioTechnology: 0 VoiceRejectCause: -1 DataRejectCause: -1 mCdmaNetWorkMode: 0 IsDataRoamingFromRegistration=false
04-20 16:34:05.220585   964  1843 D TelephonyRegistry: notifyServiceStateForSubscriber Time 20160420T163117Asia/Shanghai(3,110,28800,0,1461141077) mSubId -2 mPhoneId 0  mState 1 1 voice home data home null null null null null null  Unknown Unknown CSS not supported -1 -1 RoamInd=-1 DefRoamInd=-1 EmergOnly=true Ril Voice Regist state: 10 Ril Data Regist state: 0 mProprietaryDataRadioTechnology: 0 VoiceRejectCause: -1 DataRejectCause: -1 mCdmaNetWorkMode: 0 IsDataRoamingFromRegistration=false
04-20 16:34:05.225858   964  1843 D TelephonyRegistry: notifyServiceStateForSubscriber Time 20160420T163117Asia/Shanghai(3,110,28800,0,1461141077) mSubId -2 mPhoneId 0  mState 1 1 voice home data home null null null null null null  Unknown Unknown CSS not supported 0 0 RoamInd=-1 DefRoamInd=-1 EmergOnly=true Ril Voice Regist state: 10 Ril Data Regist state: 0 mProprietaryDataRadioTechnology: 0 VoiceRejectCause: -1 DataRejectCause: -1 mCdmaNetWorkMode: 0 IsDataRoamingFromRegistration=false
04-20 16:34:05.227774   964  1843 D TelephonyRegistry: notifyServiceStateForSubscriber Time 20160420T163211Asia/Shanghai(3,110,28800,0,1461141131) mSubId -2 mPhoneId 0  mState 1 1 voice home data home null null null null null null  Unknown Unknown CSS not supported -1 -1 RoamInd=-1 DefRoamInd=-1 EmergOnly=true Ril Voice Regist state: 10 Ril Data Regist state: 0 mProprietaryDataRadioTechnology: 0 VoiceRejectCause: -1 DataRejectCause: -1 mCdmaNetWorkMode: 0 IsDataRoamingFromRegistration=false
04-20 16:34:05.227927   964  1843 D TelephonyRegistry: notifySignalStrengthForSubscriber: ----------------
04-20 16:34:05.228195   964  1843 D SubscriptionManager: [getPhoneId]- return dummy value, subId = -2
04-20 16:34:05.228325   964  1843 D TelephonyRegistry: validatePhoneId: true
04-20 16:34:05.228468   964  1843 D TelephonyRegistry: notifySignalStrengthForSubscriber: valid phoneId=0
04-20 16:34:05.230047  1576  1576 D SubscriptionController: [getPhoneId] asked for default subId=-1
04-20 16:34:05.230380  1576  1576 D SubscriptionController: [getPhoneId]- invalid subId = -1 return = -1
04-20 16:34:05.231052   964  1843 D SubscriptionManager: [getPhoneId]- return dummy value, subId = -2
04-20 16:34:05.231154   964  1843 D TelephonyRegistry: idMatch: rlt=false
04-20 16:34:05.231356   964  1843 D TelephonyRegistry: handleRemoveListLocked: mRemoveList.size()=0
04-20 16:34:05.231685   964  1843 W SignalStrength: SignalStrength get plugin
04-20 16:34:05.232079   964  1843 I use-Rlog/RLOG-GSM: getLTELevel - rsrp:2147483647 snr:2147483647 rsrpIconLevel:-1 snrIconLevel:-1
04-20 16:34:05.232212   964  1843 I use-Rlog/RLOG-GSM: getLTELevel - rssi:99 rssiIconLevel:0
04-20 16:34:05.232565   964  1843 W SignalStrength: SignalStrength get plugin
04-20 16:34:05.232722   964  1843 I use-Rlog/RLOG-GSM:  asu: 14 gsmRscp: -80 out level: 4
04-20 16:34:05.233303   964  1843 D SubscriptionManager: [getPhoneId]- return dummy value, subId = -2
04-20 16:34:05.237964  1576  1576 D SubscriptionController: [getSubId]- sSlotIdxToSubId.size == 0, return DummySubIds slotIdx=0
04-20 16:34:05.238119  1576  1576 D SubscriptionController: getDummySubIds: slotIdx=0 return 2 DummySubIds with each subId=-2
04-20 16:34:05.240543  1576  1576 D GsmSST  : [GsmSST0] handleMessage msg done
04-20 16:34:05.836448 15106 15106 D PHONE   : [WPP_UTIL]getActiveModemType=3
04-20 16:34:05.836581 15106 15106 D PHONE   : [WPP_UTIL]get3GDivisionDuplexMode=1
04-20 16:34:06.211522   720   736 D RILC    : s_last_wake_timeout_info: 0x7f94583180 reset to NULL
04-20 16:34:06.211621   720   736 D RILC    : userTimerCallback free  p_info: 0x7f94583180
04-20 16:34:06.211666   720   736 D RILC    : userTimerCallback free  p_info->event: 0x7f94583190
04-20 16:34:08.027058 15106 15106 D PHONE   : [WPP_UTIL]getActiveModemType=3
04-20 16:34:08.027202 15106 15106 D PHONE   : [WPP_UTIL]get3GDivisionDuplexMode=1
04-20 16:34:08.337362   560   560 D RILMUXD : [gsm0710muxd] 3897:main(): Frames received/dropped: 7951/0
04-20 16:34:09.297568 15106 15106 D PHONE   : [WPP_UTIL]getActiveModemType=3
04-20 16:34:09.297695 15106 15106 D PHONE   : [WPP_UTIL]get3GDivisionDuplexMode=1
04-20 16:34:09.483908   720   736 I RILC    : NUMBER:1
04-20 16:34:09.483977   720   736 I RILC    : arg len:14
04-20 16:34:09.484106   720   736 I RILC    : ARGS[0]:THERMAL,0,-1
04-20 16:34:09.484244   720   736 D RILC    : C[locl]> QUERY_MODEM_THERMAL
04-20 16:34:09.484321   720   736 D RILC-MTK: QUERY_MODEM_THERMAL pRI=0x7f9644c240 p=0x7f96456a10 dispatched to RIL_CMD_PROXY_1
04-20 16:34:09.484558   720   724 I RILC-MTK: RIL_URC_PROXY wakeup
04-20 16:34:09.484558   720   735 I RILC-MTK: RIL_ATCI2_PROXY wakeup
04-20 16:34:09.484582   720   730 I RILC-MTK: RIL_URC2_PROXY wakeup
04-20 16:34:09.484587   720   729 I RILC-MTK: RIL_ATCI_PROXY wakeup
04-20 16:34:09.484640   720   724 I RILC-MTK: RIL_URC_PROXY sleep
04-20 16:34:09.484714   720   730 I RILC-MTK: RIL_URC2_PROXY sleep
04-20 16:34:09.484764   720   725 I RILC-MTK: RIL_CMD_PROXY_3 wakeup
04-20 16:34:09.484794   720   729 I RILC-MTK: RIL_ATCI_PROXY sleep
04-20 16:34:09.484899   720   735 I RILC-MTK: RIL_ATCI2_PROXY sleep
04-20 16:34:09.484998   720   732 I RILC-MTK: RIL_CMD2_PROXY_2 wakeup
04-20 16:34:09.485034   720   734 I RILC-MTK: RIL_CMD2_PROXY_4 wakeup
04-20 16:34:09.485041   720   732 I RILC-MTK: RIL_CMD2_PROXY_2 sleep
04-20 16:34:09.485290   720   733 I RILC-MTK: RIL_CMD2_PROXY_1 wakeup
04-20 16:34:09.485332   720   726 I RILC-MTK: RIL_CMD_PROXY_2 wakeup
04-20 16:34:09.485364   720   733 I RILC-MTK: RIL_CMD2_PROXY_1 sleep
04-20 16:34:09.485525   720   728 I RILC-MTK: RIL_CMD_PROXY_4 wakeup
04-20 16:34:09.485560   720   731 I RILC-MTK: RIL_CMD2_PROXY_3 wakeup
04-20 16:34:09.485583   720   728 I RILC-MTK: RIL_CMD_PROXY_4 sleep
04-20 16:34:09.485629   720   725 I RILC-MTK: RIL_CMD_PROXY_3 sleep
04-20 16:34:09.485712   720   727 I RILC-MTK: RIL_CMD_PROXY_1 wakeup
04-20 16:34:09.485729   720   726 I RILC-MTK: RIL_CMD_PROXY_2 sleep
04-20 16:34:09.485775   720   731 I RILC-MTK: RIL_CMD2_PROXY_3 sleep
04-20 16:34:09.485858   720   727 D RILC-MTK: proxy id:3, proxyName: RIL_CMD_PROXY_1
04-20 16:34:09.485886   720   734 I RILC-MTK: RIL_CMD2_PROXY_4 sleep
04-20 16:34:09.485907   720   727 D RILC-MTK: QUERY_MODEM_THERMAL pRI=0x7f9644c240 p=0x7f96456a10 execute on RIL_CMD_PROXY_1 using channel 3
04-20 16:34:09.485958   720   727 D RILC    : callOnRequest for new vendor ril
04-20 16:34:09.486004   720   727 D RIL     : onRequest: QUERY_MODEM_THERMAL, datalen = 8
04-20 16:34:09.486045   720   727 D RIL     : radioState:10
04-20 16:34:09.486096   720   727 D RIL     : requestQueryThermal Enter,-1
04-20 16:34:09.486151   720   727 D AT      : getRILChannelCtx subsystem:1, rid:0 channelOffset:0
04-20 16:34:09.486195   720   727 D AT      : AT send on RIL_CMD_READER_3, tid:547975332928
04-20 16:34:09.486238   720   727 D AT      : AT> AT+ETHERMAL
04-20 16:34:09.486277   720   727 I AT      : AT write start
04-20 16:34:09.486496   560   712 D RILMUXD : [gsm0710muxd] 3614:poll_thread(): poll_thread select found
04-20 16:34:09.486563   560   712 D RILMUXD : [gsm0710muxd] 1045:pseudo_device_read(): Enter, LackofAtciChannel=0
04-20 16:34:09.486627   560   712 D RILMUXD : [gsm0710muxd] 657:write_frame(): Sending frame to channel 5
04-20 16:34:09.486762   560   712 D RILMUXD : [gsm0710muxd] 766:write_frame(): Write a frame on channel 5 with length 12
04-20 16:34:09.494330   560   706 D RILMUXD : [gsm0710muxd] 1643:gsm0710_base_buffer_get_frame(): Get a complete frame. ch:5, ctrl:239, len:44
04-20 16:34:09.494457   560   706 D RILMUXD : [gsm0710muxd] 2383:extract_frames(): Writing 44 byte frame received on channel 5 to /dev/pts/10
04-20 16:34:09.494549   560   706 D RILMUXD : [gsm0710muxd] 2403:extract_frames(): write() returned. Written 44/44 bytes of frame to /dev/pts/10
04-20 16:34:09.494602   560   706 D RILMUXD : [gsm0710muxd] 2408:extract_frames(): fsync() failed (-1, 22 - Invalid argument)
04-20 16:34:09.494661   560   706 D RILMUXD : [gsm0710muxd] 1643:gsm0710_base_buffer_get_frame(): Get a complete frame. ch:5, ctrl:239, len:6
04-20 16:34:09.494713   560   706 D RILMUXD : [gsm0710muxd] 2383:extract_frames(): Writing 6 byte frame received on channel 5 to /dev/pts/10
04-20 16:34:09.494770   560   706 D RILMUXD : [gsm0710muxd] 2403:extract_frames(): write() returned. Written 6/6 bytes of frame to /dev/pts/10
04-20 16:34:09.494819   560   706 D RILMUXD : [gsm0710muxd] 2408:extract_frames(): fsync() failed (-1, 22 - Invalid argument)
04-20 16:34:09.495341   720   743 I AT      : AT read end: 50
04-20 16:34:09.495426   720   743 D AT      : AT< +ETHERMAL: 2, 32767, -127, -1, 32767, 18
04-20 16:34:09.495474   720   743 D AT      : RIL_CMD_READER_3 Enter processLine:+ETHERMAL: 2, 32767, -127, -1, 32767, 18
04-20 16:34:09.495528   720   743 D AT      : AT< OK
04-20 16:34:09.495570   720   743 D AT      : RIL_CMD_READER_3 Enter processLine:OK
04-20 16:34:09.495632   720   743 I AT      : AT read start
04-20 16:34:09.495694   720   727 D AT      : response received on RIL_CMD_READER_3, tid:547975332928
04-20 16:34:09.495747   720   727 D RIL     : requestQueryThermal success
04-20 16:34:09.495795   720   727 D RILC    : RequestComplete, RIL_SOCKET_1
04-20 16:34:09.495840   720   727 D RILC    : [THERMAL] local request for THERMAL returned 
04-20 16:34:09.495892   720   727 D RILC    : [THERMAL] s_THERMAL_fd is valid strResult is  2, 32767, -127, -1, 32767, 18
04-20 16:34:09.495980   720   727 D RILC-MTK: proxyLoop free  pRI=0x7f9644c240 p=0x7f96456a10 
04-20 16:34:09.496037   720   727 D RILC-MTK: proxyLoop free  pRequest=0x7f96452280
04-20 16:34:09.496083   720   727 I RILC-MTK: RIL_CMD_PROXY_1 sleep
04-20 16:34:10.331346   560   706 D RILMUXD : [gsm0710muxd] 1643:gsm0710_base_buffer_get_frame(): Get a complete frame. ch:2, ctrl:239, len:39
04-20 16:34:10.331646   560   706 D RILMUXD : [gsm0710muxd] 2383:extract_frames(): Writing 39 byte frame received on channel 2 to /dev/pts/7
04-20 16:34:10.331974   560   706 D RILMUXD : [gsm0710muxd] 2403:extract_frames(): write() returned. Written 39/39 bytes of frame to /dev/pts/7
04-20 16:34:10.332210   560   706 D RILMUXD : [gsm0710muxd] 2408:extract_frames(): fsync() failed (-1, 22 - Invalid argument)
04-20 16:34:10.332984   720   740 I AT      : AT read end: 39
04-20 16:34:10.333202   720   740 D AT      : AT< +ECSQ: 36,24,1,-337,-49,1,1,2,32767
04-20 16:34:10.333385   720   740 D AT      : RIL_URC_READER Enter processLine:+ECSQ: 36,24,1,-337,-49,1,1,2,32767
04-20 16:34:10.333696   720   740 D RILC    : [MAL_AT] data sent to rild-mal-at is '+ECSQ: 36,24,1,-337,-49,1,1,2,32767'
04-20 16:34:10.334088   720   740 D RILC    : internalRequestTimedCallback malloc p_info: 0x7f94583360
04-20 16:34:10.334315   720   740 D RILC    : internalRequestTimedCallback malloc p_info->event: 0x7f94583370
04-20 16:34:10.334733   720   740 D RIL     : Nw URC:+ECSQ: 36,24,1,-337,-49,1,1,2,32767
04-20 16:34:10.335462   720   740 D RIL     : convert3GRssiValue baseband=503 ,isFdd3G=1,isTdd3G=0 ,RSCP_in_qdbm=-337 ,EcN0_in_qdbm=-49
04-20 16:34:10.335677   720   740 D RILC    : callForRilVersion new vendor RIL, version: 10
04-20 16:34:10.339798   720   740 I RILC    : RIL_SOCKET_1 UNSOLICITED: UNSOL_SIGNAL_STRENGTH length:72
04-20 16:34:10.340349   720   740 E RILC    : Send Response to rild-mal
04-20 16:34:10.340714   720   740 E RILC    : Send Response to RIL_SOCKET_1
04-20 16:34:10.341074   720   740 I AT      : AT read start
04-20 16:34:10.343390  1576  1576 D GsmSST  : [GsmSST0] handle EVENT_SIGNAL_STRENGTH_UPDATE
04-20 16:34:10.343950  1576  1576 D GsmSST  : [GsmSST0] onSignalStrengthResult():  LastSignalStrength=SignalStrength: 14 35 -120 -160 -2 0 -1 99 2147483647 -2147483647 2147483647 2147483647 2147483647 gsm|lte 1 -320 -28
04-20 16:34:10.344410  1576  1576 D GsmSST  : [GsmSST0] onSignalStrengthResult():new mSignalStrength=SignalStrength: 14 24 -120 -160 -2 0 -1 99 2147483647 -2147483647 2147483647 2147483647 2147483647 gsm|lte 1 -340 -49
04-20 16:34:10.344939  1576  1576 W SignalStrength: SignalStrength get plugin
04-20 16:34:10.345317  1576  1576 I use-Rlog/RLOG-GSM: getLTELevel - rsrp:2147483647 snr:2147483647 rsrpIconLevel:-1 snrIconLevel:-1
04-20 16:34:10.345611  1576  1576 I use-Rlog/RLOG-GSM: getLTELevel - rssi:99 rssiIconLevel:0
04-20 16:34:10.345899  1576  1576 W SignalStrength: SignalStrength get plugin
04-20 16:34:10.346229  1576  1576 I use-Rlog/RLOG-GSM:  asu: 14 gsmRscp: -85 out level: 4
04-20 16:34:10.346508  1576  1576 D GsmSST  : [GsmSST0] notifySignalStrength: mSignalStrength.getLevel=4
04-20 16:34:10.346885  1576  1576 D SubscriptionController: [getSubId]- sSlotIdxToSubId.size == 0, return DummySubIds slotIdx=0
04-20 16:34:10.347539  1576  1576 D SubscriptionController: getDummySubIds: slotIdx=0 return 2 DummySubIds with each subId=-2
04-20 16:34:10.348126  1576  1576 D DefaultPhoneNotifier: notifySignalStrength: mRegistry=com.android.internal.telephony.ITelephonyRegistry$Stub$Proxy@20f1708 ss=SignalStrength: 14 24 -120 -160 -2 0 -1 99 2147483647 -2147483647 2147483647 2147483647 2147483647 gsm|lte 1 -340 -49 sender=Handler (com.android.internal.telephony.gsm.GSMPhone) {e4ac408}
04-20 16:34:10.351766   964  1582 D TelephonyRegistry: notifySignalStrengthForSubscriber: subId=-2 signalStrength=SignalStrength: 14 24 -120 -160 -2 0 -1 99 2147483647 -2147483647 2147483647 2147483647 2147483647 gsm|lte 1 -340 -49
04-20 16:34:10.352321   964  1582 D TelephonyRegistry: notifySignalStrengthForSubscriber: logSSC.length=5 next=4
04-20 16:34:10.359767   964  1582 D TelephonyRegistry: notifyServiceStateForSubscriber Time 20160420T161408Asia/Shanghai(3,110,28800,0,1461140048) mSubId -2 mPhoneId 0  mState 1 1 voice home data home null null null null null null  Unknown Unknown CSS not supported -1 -1 RoamInd=-1 DefRoamInd=-1 EmergOnly=true Ril Voice Regist state: 10 Ril Data Regist state: 0 mProprietaryDataRadioTechnology: 0 VoiceRejectCause: -1 DataRejectCause: -1 mCdmaNetWorkMode: 0 IsDataRoamingFromRegistration=false
04-20 16:34:10.367110   964  1582 D TelephonyRegistry: notifyServiceStateForSubscriber Time 20160420T163101Asia/Shanghai(3,110,28800,0,1461141061) mSubId -2 mPhoneId 0  mState 1 1 voice home data home null null null null null null  Unknown Unknown CSS not supported 0 0 RoamInd=-1 DefRoamInd=-1 EmergOnly=true Ril Voice Regist state: 10 Ril Data Regist state: 0 mProprietaryDataRadioTechnology: 0 VoiceRejectCause: -1 DataRejectCause: -1 mCdmaNetWorkMode: 0 IsDataRoamingFromRegistration=false
04-20 16:34:10.373280   964  1582 D TelephonyRegistry: notifyServiceStateForSubscriber Time 20160420T163117Asia/Shanghai(3,110,28800,0,1461141077) mSubId -2 mPhoneId 0  mState 1 1 voice home data home null null null null null null  Unknown Unknown CSS not supported -1 -1 RoamInd=-1 DefRoamInd=-1 EmergOnly=true Ril Voice Regist state: 10 Ril Data Regist state: 0 mProprietaryDataRadioTechnology: 0 VoiceRejectCause: -1 DataRejectCause: -1 mCdmaNetWorkMode: 0 IsDataRoamingFromRegistration=false
04-20 16:34:10.374965   964  1582 D TelephonyRegistry: notifyServiceStateForSubscriber Time 20160420T163117Asia/Shanghai(3,110,28800,0,1461141077) mSubId -2 mPhoneId 0  mState 1 1 voice home data home null null null null null null  Unknown Unknown CSS not supported 0 0 RoamInd=-1 DefRoamInd=-1 EmergOnly=true Ril Voice Regist state: 10 Ril Data Regist state: 0 mProprietaryDataRadioTechnology: 0 VoiceRejectCause: -1 DataRejectCause: -1 mCdmaNetWorkMode: 0 IsDataRoamingFromRegistration=false
04-20 16:34:10.376571   964  1582 D TelephonyRegistry: notifyServiceStateForSubscriber Time 20160420T163211Asia/Shanghai(3,110,28800,0,1461141131) mSubId -2 mPhoneId 0  mState 1 1 voice home data home null null null null null null  Unknown Unknown CSS not supported -1 -1 RoamInd=-1 DefRoamInd=-1 EmergOnly=true Ril Voice Regist state: 10 Ril Data Regist state: 0 mProprietaryDataRadioTechnology: 0 VoiceRejectCause: -1 DataRejectCause: -1 mCdmaNetWorkMode: 0 IsDataRoamingFromRegistration=false
04-20 16:34:10.376669   964  1582 D TelephonyRegistry: notifySignalStrengthForSubscriber: ----------------
04-20 16:34:10.376941   964  1582 D SubscriptionManager: [getPhoneId]- return dummy value, subId = -2
04-20 16:34:10.377059   964  1582 D TelephonyRegistry: validatePhoneId: true
04-20 16:34:10.377148   964  1582 D TelephonyRegistry: notifySignalStrengthForSubscriber: valid phoneId=0
04-20 16:34:10.378262  1576  1576 D SubscriptionController: [getPhoneId] asked for default subId=-1
04-20 16:34:10.378554  1576  1576 D SubscriptionController: [getPhoneId]- invalid subId = -1 return = -1
04-20 16:34:10.379039   964  1582 D SubscriptionManager: [getPhoneId]- return dummy value, subId = -2
04-20 16:34:10.379153   964  1582 D TelephonyRegistry: idMatch: rlt=false
04-20 16:34:10.379349   964  1582 D TelephonyRegistry: handleRemoveListLocked: mRemoveList.size()=0
04-20 16:34:10.379625   964  1582 W SignalStrength: SignalStrength get plugin
04-20 16:34:10.379941   964  1582 I use-Rlog/RLOG-GSM: getLTELevel - rsrp:2147483647 snr:2147483647 rsrpIconLevel:-1 snrIconLevel:-1
04-20 16:34:10.380056   964  1582 I use-Rlog/RLOG-GSM: getLTELevel - rssi:99 rssiIconLevel:0
04-20 16:34:10.380141   964  1582 W SignalStrength: SignalStrength get plugin
04-20 16:34:10.380256   964  1582 I use-Rlog/RLOG-GSM:  asu: 14 gsmRscp: -85 out level: 4
04-20 16:34:10.380789   964  1582 D SubscriptionManager: [getPhoneId]- return dummy value, subId = -2
04-20 16:34:10.381636  1576  1576 D SubscriptionController: [getSubId]- sSlotIdxToSubId.size == 0, return DummySubIds slotIdx=0
04-20 16:34:10.381737  1576  1576 D SubscriptionController: getDummySubIds: slotIdx=0 return 2 DummySubIds with each subId=-2
04-20 16:34:10.383797  1576  1576 D GsmSST  : [GsmSST0] handleMessage msg done
04-20 16:34:11.335799   720   736 D RILC    : s_last_wake_timeout_info: 0x7f94583360 reset to NULL
04-20 16:34:11.335969   720   736 D RILC    : userTimerCallback free  p_info: 0x7f94583360
04-20 16:34:11.336015   720   736 D RILC    : userTimerCallback free  p_info->event: 0x7f94583370
04-20 16:34:13.337774   560   560 D RILMUXD : [gsm0710muxd] 3897:main(): Frames received/dropped: 7954/0
04-20 16:34:14.813018  1576  1576 D FdManager: [GDCT][phoneId0]onReceive: action=android.intent.action.BATTERY_CHANGED
04-20 16:34:14.825071  1576  1576 D FdManager: [GDCT][phoneId1]onReceive: action=android.intent.action.BATTERY_CHANGED
04-20 16:34:15.451161   560   706 D RILMUXD : [gsm0710muxd] 1643:gsm0710_base_buffer_get_frame(): Get a complete frame. ch:2, ctrl:239, len:39
04-20 16:34:15.451263   560   706 D RILMUXD : [gsm0710muxd] 2383:extract_frames(): Writing 39 byte frame received on channel 2 to /dev/pts/7
04-20 16:34:15.451346   560   706 D RILMUXD : [gsm0710muxd] 2403:extract_frames(): write() returned. Written 39/39 bytes of frame to /dev/pts/7
04-20 16:34:15.451398   560   706 D RILMUXD : [gsm0710muxd] 2408:extract_frames(): fsync() failed (-1, 22 - Invalid argument)
04-20 16:34:15.451887   720   740 I AT      : AT read end: 39
04-20 16:34:15.451953   720   740 D AT      : AT< +ECSQ: 42,32,1,-316,-34,1,1,2,32767
04-20 16:34:15.451999   720   740 D AT      : RIL_URC_READER Enter processLine:+ECSQ: 42,32,1,-316,-34,1,1,2,32767
04-20 16:34:15.452099   720   740 D RILC    : [MAL_AT] data sent to rild-mal-at is '+ECSQ: 42,32,1,-316,-34,1,1,2,32767'
04-20 16:34:15.452201   720   740 D RILC    : internalRequestTimedCallback malloc p_info: 0x7f945833c0
04-20 16:34:15.452251   720   740 D RILC    : internalRequestTimedCallback malloc p_info->event: 0x7f945833d0
04-20 16:34:15.456017   720   740 D RIL     : Nw URC:+ECSQ: 42,32,1,-316,-34,1,1,2,32767
04-20 16:34:15.456108   720   740 D RIL     : convert3GRssiValue baseband=503 ,isFdd3G=1,isTdd3G=0 ,RSCP_in_qdbm=-316 ,EcN0_in_qdbm=-34
04-20 16:34:15.456171   720   740 D RILC    : callForRilVersion new vendor RIL, version: 10
04-20 16:34:15.456220   720   740 I RILC    : RIL_SOCKET_1 UNSOLICITED: UNSOL_SIGNAL_STRENGTH length:72
04-20 16:34:15.456262   720   740 E RILC    : Send Response to rild-mal
04-20 16:34:15.456358   720   740 E RILC    : Send Response to RIL_SOCKET_1
04-20 16:34:15.456455   720   740 I AT      : AT read start
04-20 16:34:15.457090  1576  1576 D GsmSST  : [GsmSST0] handle EVENT_SIGNAL_STRENGTH_UPDATE
04-20 16:34:15.457259  1576  1576 D GsmSST  : [GsmSST0] onSignalStrengthResult():  LastSignalStrength=SignalStrength: 14 24 -120 -160 -2 0 -1 99 2147483647 -2147483647 2147483647 2147483647 2147483647 gsm|lte 1 -340 -49
04-20 16:34:15.457353  1576  1576 D GsmSST  : [GsmSST0] onSignalStrengthResult():new mSignalStrength=SignalStrength: 14 32 -120 -160 -2 0 -1 99 2147483647 -2147483647 2147483647 2147483647 2147483647 gsm|lte 1 -316 -34
04-20 16:34:15.457532  1576  1576 W SignalStrength: SignalStrength get plugin
04-20 16:34:15.457624  1576  1576 I use-Rlog/RLOG-GSM: getLTELevel - rsrp:2147483647 snr:2147483647 rsrpIconLevel:-1 snrIconLevel:-1
04-20 16:34:15.457691  1576  1576 I use-Rlog/RLOG-GSM: getLTELevel - rssi:99 rssiIconLevel:0
04-20 16:34:15.457753  1576  1576 W SignalStrength: SignalStrength get plugin
04-20 16:34:15.457823  1576  1576 I use-Rlog/RLOG-GSM:  asu: 14 gsmRscp: -79 out level: 4
04-20 16:34:15.457884  1576  1576 D GsmSST  : [GsmSST0] notifySignalStrength: mSignalStrength.getLevel=4
04-20 16:34:15.457978  1576  1576 D SubscriptionController: [getSubId]- sSlotIdxToSubId.size == 0, return DummySubIds slotIdx=0
04-20 16:34:15.458051  1576  1576 D SubscriptionController: getDummySubIds: slotIdx=0 return 2 DummySubIds with each subId=-2
04-20 16:34:15.458210  1576  1576 D DefaultPhoneNotifier: notifySignalStrength: mRegistry=com.android.internal.telephony.ITelephonyRegistry$Stub$Proxy@20f1708 ss=SignalStrength: 14 32 -120 -160 -2 0 -1 99 2147483647 -2147483647 2147483647 2147483647 2147483647 gsm|lte 1 -316 -34 sender=Handler (com.android.internal.telephony.gsm.GSMPhone) {e4ac408}
04-20 16:34:15.459316   964  1162 D TelephonyRegistry: notifySignalStrengthForSubscriber: subId=-2 signalStrength=SignalStrength: 14 32 -120 -160 -2 0 -1 99 2147483647 -2147483647 2147483647 2147483647 2147483647 gsm|lte 1 -316 -34
04-20 16:34:15.459437   964  1162 D TelephonyRegistry: notifySignalStrengthForSubscriber: logSSC.length=5 next=4
04-20 16:34:15.461130   964  1162 D TelephonyRegistry: notifyServiceStateForSubscriber Time 20160420T161408Asia/Shanghai(3,110,28800,0,1461140048) mSubId -2 mPhoneId 0  mState 1 1 voice home data home null null null null null null  Unknown Unknown CSS not supported -1 -1 RoamInd=-1 DefRoamInd=-1 EmergOnly=true Ril Voice Regist state: 10 Ril Data Regist state: 0 mProprietaryDataRadioTechnology: 0 VoiceRejectCause: -1 DataRejectCause: -1 mCdmaNetWorkMode: 0 IsDataRoamingFromRegistration=false
04-20 16:34:15.463705   964  1162 D TelephonyRegistry: notifyServiceStateForSubscriber Time 20160420T163101Asia/Shanghai(3,110,28800,0,1461141061) mSubId -2 mPhoneId 0  mState 1 1 voice home data home null null null null null null  Unknown Unknown CSS not supported 0 0 RoamInd=-1 DefRoamInd=-1 EmergOnly=true Ril Voice Regist state: 10 Ril Data Regist state: 0 mProprietaryDataRadioTechnology: 0 VoiceRejectCause: -1 DataRejectCause: -1 mCdmaNetWorkMode: 0 IsDataRoamingFromRegistration=false
04-20 16:34:15.465523   964  1162 D TelephonyRegistry: notifyServiceStateForSubscriber Time 20160420T163117Asia/Shanghai(3,110,28800,0,1461141077) mSubId -2 mPhoneId 0  mState 1 1 voice home data home null null null null null null  Unknown Unknown CSS not supported -1 -1 RoamInd=-1 DefRoamInd=-1 EmergOnly=true Ril Voice Regist state: 10 Ril Data Regist state: 0 mProprietaryDataRadioTechnology: 0 VoiceRejectCause: -1 DataRejectCause: -1 mCdmaNetWorkMode: 0 IsDataRoamingFromRegistration=false
04-20 16:34:15.467096   964  1162 D TelephonyRegistry: notifyServiceStateForSubscriber Time 20160420T163117Asia/Shanghai(3,110,28800,0,1461141077) mSubId -2 mPhoneId 0  mState 1 1 voice home data home null null null null null null  Unknown Unknown CSS not supported 0 0 RoamInd=-1 DefRoamInd=-1 EmergOnly=true Ril Voice Regist state: 10 Ril Data Regist state: 0 mProprietaryDataRadioTechnology: 0 VoiceRejectCause: -1 DataRejectCause: -1 mCdmaNetWorkMode: 0 IsDataRoamingFromRegistration=false
04-20 16:34:15.468940   964  1162 D TelephonyRegistry: notifyServiceStateForSubscriber Time 20160420T163211Asia/Shanghai(3,110,28800,0,1461141131) mSubId -2 mPhoneId 0  mState 1 1 voice home data home null null null null null null  Unknown Unknown CSS not supported -1 -1 RoamInd=-1 DefRoamInd=-1 EmergOnly=true Ril Voice Regist state: 10 Ril Data Regist state: 0 mProprietaryDataRadioTechnology: 0 VoiceRejectCause: -1 DataRejectCause: -1 mCdmaNetWorkMode: 0 IsDataRoamingFromRegistration=false
04-20 16:34:15.469086   964  1162 D TelephonyRegistry: notifySignalStrengthForSubscriber: ----------------
04-20 16:34:15.469364   964  1162 D SubscriptionManager: [getPhoneId]- return dummy value, subId = -2
04-20 16:34:15.469473   964  1162 D TelephonyRegistry: validatePhoneId: true
04-20 16:34:15.469557   964  1162 D TelephonyRegistry: notifySignalStrengthForSubscriber: valid phoneId=0
04-20 16:34:15.470978  1576  1576 D SubscriptionController: [getPhoneId] asked for default subId=-1
04-20 16:34:15.471269  1576  1576 D SubscriptionController: [getPhoneId]- invalid subId = -1 return = -1
04-20 16:34:15.471920   964  1162 D SubscriptionManager: [getPhoneId]- return dummy value, subId = -2
04-20 16:34:15.472042   964  1162 D TelephonyRegistry: idMatch: rlt=false
04-20 16:34:15.472229   964  1162 D TelephonyRegistry: handleRemoveListLocked: mRemoveList.size()=0
04-20 16:34:15.472811   964  1162 W SignalStrength: SignalStrength get plugin
04-20 16:34:15.473073   964  1162 I use-Rlog/RLOG-GSM: getLTELevel - rsrp:2147483647 snr:2147483647 rsrpIconLevel:-1 snrIconLevel:-1
04-20 16:34:15.473173   964  1162 I use-Rlog/RLOG-GSM: getLTELevel - rssi:99 rssiIconLevel:0
04-20 16:34:15.473231   964  1162 W SignalStrength: SignalStrength get plugin
04-20 16:34:15.473349   964  1162 I use-Rlog/RLOG-GSM:  asu: 14 gsmRscp: -79 out level: 4
04-20 16:34:15.473874   964  1162 D SubscriptionManager: [getPhoneId]- return dummy value, subId = -2
04-20 16:34:15.475089  1576  1576 D SubscriptionController: [getSubId]- sSlotIdxToSubId.size == 0, return DummySubIds slotIdx=0
04-20 16:34:15.475204  1576  1576 D SubscriptionController: getDummySubIds: slotIdx=0 return 2 DummySubIds with each subId=-2
04-20 16:34:15.477347  1576  1576 D GsmSST  : [GsmSST0] handleMessage msg done
04-20 16:34:16.453846   720   736 D RILC    : s_last_wake_timeout_info: 0x7f945833c0 reset to NULL
04-20 16:34:16.454120   720   736 D RILC    : userTimerCallback free  p_info: 0x7f945833c0
04-20 16:34:16.454305   720   736 D RILC    : userTimerCallback free  p_info->event: 0x7f945833d0
04-20 16:34:18.338196   560   560 D RILMUXD : [gsm0710muxd] 3897:main(): Frames received/dropped: 7955/0
04-20 16:34:19.504192   720   736 I RILC    : NUMBER:1
04-20 16:34:19.504255   720   736 I RILC    : arg len:14
04-20 16:34:19.504324   720   736 I RILC    : ARGS[0]:THERMAL,0,-1
04-20 16:34:19.504473   720   736 D RILC    : C[locl]> QUERY_MODEM_THERMAL
04-20 16:34:19.504540   720   736 D RILC-MTK: QUERY_MODEM_THERMAL pRI=0x7f9644c450 p=0x7f96456a80 dispatched to RIL_CMD_PROXY_1
04-20 16:34:19.504803   720   727 I RILC-MTK: RIL_CMD_PROXY_1 wakeup
04-20 16:34:19.504821   720   724 I RILC-MTK: RIL_URC_PROXY wakeup
04-20 16:34:19.504864   720   724 I RILC-MTK: RIL_URC_PROXY sleep
04-20 16:34:19.504864   720   727 D RILC-MTK: proxy id:3, proxyName: RIL_CMD_PROXY_1
04-20 16:34:19.504941   720   730 I RILC-MTK: RIL_URC2_PROXY wakeup
04-20 16:34:19.504955   720   727 D RILC-MTK: QUERY_MODEM_THERMAL pRI=0x7f9644c450 p=0x7f96456a80 execute on RIL_CMD_PROXY_1 using channel 3
04-20 16:34:19.504984   720   730 I RILC-MTK: RIL_URC2_PROXY sleep
04-20 16:34:19.505006   720   727 D RILC    : callOnRequest for new vendor ril
04-20 16:34:19.505040   720   735 I RILC-MTK: RIL_ATCI2_PROXY wakeup
04-20 16:34:19.505053   720   727 D RIL     : onRequest: QUERY_MODEM_THERMAL, datalen = 8
04-20 16:34:19.505081   720   735 I RILC-MTK: RIL_ATCI2_PROXY sleep
04-20 16:34:19.505094   720   727 D RIL     : radioState:10
04-20 16:34:19.505147   720   727 D RIL     : requestQueryThermal Enter,-1
04-20 16:34:19.505175   720   728 I RILC-MTK: RIL_CMD_PROXY_4 wakeup
04-20 16:34:19.505206   720   727 D AT      : getRILChannelCtx subsystem:1, rid:0 channelOffset:0
04-20 16:34:19.505223   720   728 I RILC-MTK: RIL_CMD_PROXY_4 sleep
04-20 16:34:19.505257   720   727 D AT      : AT send on RIL_CMD_READER_3, tid:547975332928
04-20 16:34:19.505290   720   725 I RILC-MTK: RIL_CMD_PROXY_3 wakeup
04-20 16:34:19.505302   720   727 D AT      : AT> AT+ETHERMAL
04-20 16:34:19.505348   720   727 I AT      : AT write start
04-20 16:34:19.505142   720   733 I RILC-MTK: RIL_CMD2_PROXY_1 wakeup
04-20 16:34:19.505336   720   725 I RILC-MTK: RIL_CMD_PROXY_3 sleep
04-20 16:34:19.505574   560   712 D RILMUXD : [gsm0710muxd] 3614:poll_thread(): poll_thread select found
04-20 16:34:19.505635   560   712 D RILMUXD : [gsm0710muxd] 1045:pseudo_device_read(): Enter, LackofAtciChannel=0
04-20 16:34:19.505696   560   712 D RILMUXD : [gsm0710muxd] 657:write_frame(): Sending frame to channel 5
04-20 16:34:19.505800   560   712 D RILMUXD : [gsm0710muxd] 766:write_frame(): Write a frame on channel 5 with length 12
04-20 16:34:19.506178   720   729 I RILC-MTK: RIL_ATCI_PROXY wakeup
04-20 16:34:19.506222   720   729 I RILC-MTK: RIL_ATCI_PROXY sleep
04-20 16:34:19.506292   720   726 I RILC-MTK: RIL_CMD_PROXY_2 wakeup
04-20 16:34:19.506334   720   726 I RILC-MTK: RIL_CMD_PROXY_2 sleep
04-20 16:34:19.506409   720   731 I RILC-MTK: RIL_CMD2_PROXY_3 wakeup
04-20 16:34:19.506450   720   731 I RILC-MTK: RIL_CMD2_PROXY_3 sleep
04-20 16:34:19.506524   720   734 I RILC-MTK: RIL_CMD2_PROXY_4 wakeup
04-20 16:34:19.506593   720   734 I RILC-MTK: RIL_CMD2_PROXY_4 sleep
04-20 16:34:19.506650   720   733 I RILC-MTK: RIL_CMD2_PROXY_1 sleep
04-20 16:34:19.506747   720   732 I RILC-MTK: RIL_CMD2_PROXY_2 wakeup
04-20 16:34:19.506792   720   732 I RILC-MTK: RIL_CMD2_PROXY_2 sleep
04-20 16:34:19.514708   560   706 D RILMUXD : [gsm0710muxd] 1643:gsm0710_base_buffer_get_frame(): Get a complete frame. ch:5, ctrl:239, len:44
04-20 16:34:19.514804   560   706 D RILMUXD : [gsm0710muxd] 2383:extract_frames(): Writing 44 byte frame received on channel 5 to /dev/pts/10
04-20 16:34:19.514890   560   706 D RILMUXD : [gsm0710muxd] 2403:extract_frames(): write() returned. Written 44/44 bytes of frame to /dev/pts/10
04-20 16:34:19.514942   560   706 D RILMUXD : [gsm0710muxd] 2408:extract_frames(): fsync() failed (-1, 22 - Invalid argument)
04-20 16:34:19.514999   560   706 D RILMUXD : [gsm0710muxd] 1643:gsm0710_base_buffer_get_frame(): Get a complete frame. ch:5, ctrl:239, len:6
04-20 16:34:19.515052   560   706 D RILMUXD : [gsm0710muxd] 2383:extract_frames(): Writing 6 byte frame received on channel 5 to /dev/pts/10
04-20 16:34:19.515110   560   706 D RILMUXD : [gsm0710muxd] 2403:extract_frames(): write() returned. Written 6/6 bytes of frame to /dev/pts/10
04-20 16:34:19.515160   560   706 D RILMUXD : [gsm0710muxd] 2408:extract_frames(): fsync() failed (-1, 22 - Invalid argument)
04-20 16:34:19.517282   720   743 I AT      : AT read end: 50
04-20 16:34:19.517335   720   743 D AT      : AT< +ETHERMAL: 2, 32767, -127, -1, 32767, 18
04-20 16:34:19.517380   720   743 D AT      : RIL_CMD_READER_3 Enter processLine:+ETHERMAL: 2, 32767, -127, -1, 32767, 18
04-20 16:34:19.517449   720   743 D AT      : AT< OK
04-20 16:34:19.517493   720   743 D AT      : RIL_CMD_READER_3 Enter processLine:OK
04-20 16:34:19.517551   720   743 I AT      : AT read start
04-20 16:34:19.517603   720   727 D AT      : response received on RIL_CMD_READER_3, tid:547975332928
04-20 16:34:19.517653   720   727 D RIL     : requestQueryThermal success
04-20 16:34:19.517698   720   727 D RILC    : RequestComplete, RIL_SOCKET_1
04-20 16:34:19.517743   720   727 D RILC    : [THERMAL] local request for THERMAL returned 
04-20 16:34:19.517796   720   727 D RILC    : [THERMAL] s_THERMAL_fd is valid strResult is  2, 32767, -127, -1, 32767, 18
04-20 16:34:19.517889   720   727 D RILC-MTK: proxyLoop free  pRI=0x7f9644c450 p=0x7f96456a80 
04-20 16:34:19.517939   720   727 D RILC-MTK: proxyLoop free  pRequest=0x7f96452220
04-20 16:34:19.517980   720   727 I RILC-MTK: RIL_CMD_PROXY_1 sleep
04-20 16:34:20.563526   560   706 D RILMUXD : [gsm0710muxd] 1643:gsm0710_base_buffer_get_frame(): Get a complete frame. ch:2, ctrl:239, len:39
04-20 16:34:20.563629   560   706 D RILMUXD : [gsm0710muxd] 2383:extract_frames(): Writing 39 byte frame received on channel 2 to /dev/pts/7
04-20 16:34:20.563715   560   706 D RILMUXD : [gsm0710muxd] 2403:extract_frames(): write() returned. Written 39/39 bytes of frame to /dev/pts/7
04-20 16:34:20.563767   560   706 D RILMUXD : [gsm0710muxd] 2408:extract_frames(): fsync() failed (-1, 22 - Invalid argument)
04-20 16:34:20.564461   720   740 I AT      : AT read end: 39
04-20 16:34:20.564522   720   740 D AT      : AT< +ECSQ: 42,29,1,-313,-40,1,1,2,32767
04-20 16:34:20.564567   720   740 D AT      : RIL_URC_READER Enter processLine:+ECSQ: 42,29,1,-313,-40,1,1,2,32767
04-20 16:34:20.564676   720   740 D RILC    : [MAL_AT] data sent to rild-mal-at is '+ECSQ: 42,29,1,-313,-40,1,1,2,32767'
04-20 16:34:20.564779   720   740 D RILC    : internalRequestTimedCallback malloc p_info: 0x7f94583780
04-20 16:34:20.564828   720   740 D RILC    : internalRequestTimedCallback malloc p_info->event: 0x7f94583790
04-20 16:34:20.564943   720   740 D RIL     : Nw URC:+ECSQ: 42,29,1,-313,-40,1,1,2,32767
04-20 16:34:20.565009   720   740 D RIL     : convert3GRssiValue baseband=503 ,isFdd3G=1,isTdd3G=0 ,RSCP_in_qdbm=-313 ,EcN0_in_qdbm=-40
04-20 16:34:20.565075   720   740 D RILC    : callForRilVersion new vendor RIL, version: 10
04-20 16:34:20.565124   720   740 I RILC    : RIL_SOCKET_1 UNSOLICITED: UNSOL_SIGNAL_STRENGTH length:72
04-20 16:34:20.565167   720   740 E RILC    : Send Response to rild-mal
04-20 16:34:20.565260   720   740 E RILC    : Send Response to RIL_SOCKET_1
04-20 16:34:20.565354   720   740 I AT      : AT read start
04-20 16:34:20.568359  1576  1576 D GsmSST  : [GsmSST0] handle EVENT_SIGNAL_STRENGTH_UPDATE
04-20 16:34:20.568538  1576  1576 D GsmSST  : [GsmSST0] onSignalStrengthResult():  LastSignalStrength=SignalStrength: 14 32 -120 -160 -2 0 -1 99 2147483647 -2147483647 2147483647 2147483647 2147483647 gsm|lte 1 -316 -34
04-20 16:34:20.568635  1576  1576 D GsmSST  : [GsmSST0] onSignalStrengthResult():new mSignalStrength=SignalStrength: 14 29 -120 -160 -2 0 -1 99 2147483647 -2147483647 2147483647 2147483647 2147483647 gsm|lte 1 -316 -40
04-20 16:34:20.568869  1576  1576 W SignalStrength: SignalStrength get plugin
04-20 16:34:20.568963  1576  1576 I use-Rlog/RLOG-GSM: getLTELevel - rsrp:2147483647 snr:2147483647 rsrpIconLevel:-1 snrIconLevel:-1
04-20 16:34:20.569028  1576  1576 I use-Rlog/RLOG-GSM: getLTELevel - rssi:99 rssiIconLevel:0
04-20 16:34:20.569126  1576  1576 W SignalStrength: SignalStrength get plugin
04-20 16:34:20.569208  1576  1576 I use-Rlog/RLOG-GSM:  asu: 14 gsmRscp: -79 out level: 4
04-20 16:34:20.569271  1576  1576 D GsmSST  : [GsmSST0] notifySignalStrength: mSignalStrength.getLevel=4
04-20 16:34:20.569364  1576  1576 D SubscriptionController: [getSubId]- sSlotIdxToSubId.size == 0, return DummySubIds slotIdx=0
04-20 16:34:20.569433  1576  1576 D SubscriptionController: getDummySubIds: slotIdx=0 return 2 DummySubIds with each subId=-2
04-20 16:34:20.569570  1576  1576 D DefaultPhoneNotifier: notifySignalStrength: mRegistry=com.android.internal.telephony.ITelephonyRegistry$Stub$Proxy@20f1708 ss=SignalStrength: 14 29 -120 -160 -2 0 -1 99 2147483647 -2147483647 2147483647 2147483647 2147483647 gsm|lte 1 -316 -40 sender=Handler (com.android.internal.telephony.gsm.GSMPhone) {e4ac408}
04-20 16:34:20.573477   964  1582 D TelephonyRegistry: notifySignalStrengthForSubscriber: subId=-2 signalStrength=SignalStrength: 14 29 -120 -160 -2 0 -1 99 2147483647 -2147483647 2147483647 2147483647 2147483647 gsm|lte 1 -316 -40
04-20 16:34:20.573623   964  1582 D TelephonyRegistry: notifySignalStrengthForSubscriber: logSSC.length=5 next=4
04-20 16:34:20.582037   964  1582 D TelephonyRegistry: notifyServiceStateForSubscriber Time 20160420T161408Asia/Shanghai(3,110,28800,0,1461140048) mSubId -2 mPhoneId 0  mState 1 1 voice home data home null null null null null null  Unknown Unknown CSS not supported -1 -1 RoamInd=-1 DefRoamInd=-1 EmergOnly=true Ril Voice Regist state: 10 Ril Data Regist state: 0 mProprietaryDataRadioTechnology: 0 VoiceRejectCause: -1 DataRejectCause: -1 mCdmaNetWorkMode: 0 IsDataRoamingFromRegistration=false
04-20 16:34:20.588282   964  1582 D TelephonyRegistry: notifyServiceStateForSubscriber Time 20160420T163101Asia/Shanghai(3,110,28800,0,1461141061) mSubId -2 mPhoneId 0  mState 1 1 voice home data home null null null null null null  Unknown Unknown CSS not supported 0 0 RoamInd=-1 DefRoamInd=-1 EmergOnly=true Ril Voice Regist state: 10 Ril Data Regist state: 0 mProprietaryDataRadioTechnology: 0 VoiceRejectCause: -1 DataRejectCause: -1 mCdmaNetWorkMode: 0 IsDataRoamingFromRegistration=false
