04-20 16:34:26.966148   964  1006 D PowerManagerService: updateDisplayPowerStateLocked: mDisplayReady=true, policy=3, mWakefulness=1, mWakeLockSummary=0x1, mUserActivitySummary=0x9, mBootCompleted=true, mScreenBrightnessBoostInProgress=false
04-20 16:34:27.034053   964 15244 D PowerManagerService: releaseWakeLockInternal: lock=221862968 [*vibrator*], flags=0x0, total_time=75ms
04-20 16:34:27.034401   964 15244 D PowerManagerNotifier: onWakeLockReleased: flags=1, tag="*vibrator*", packageName=android, ownerUid=1000, ownerPid=964, workSource=WorkSource{1000}
04-20 16:34:27.034781   964 15244 D PowerManagerService: updateWakeLockSummaryLocked: mWakefulness=Awake, mWakeLockSummary=0x1
04-20 16:34:27.035123   964 15244 D PowerManagerService: updateUserActivitySummaryLocked: mWakefulness=Awake, mUserActivitySummary=0x9, nextTimeout=22364098 (in 7916 ms)
04-20 16:34:27.035624   964 15244 D DisplayPowerController: requestPowerState: policy=BRIGHT, useProximitySensor=false, screenBrightness=102, screenAutoBrightnessAdjustment=0.0, brightnessSetByUser=true, useAutoBrightness=false, blockScreenOn=false, lowPowerMode=false, boostScreenBrightness=false, dozeScreenBrightness=-1, dozeScreenState=UNKNOWN, waitForNegativeProximity=false
04-20 16:34:27.035784   964 15244 I PowerManagerService: setBrightness mButtonLight, screenBrightness=102
04-20 16:34:27.036011   964 15244 D PowerManagerService: updateDisplayPowerStateLocked: mDisplayReady=true, policy=3, mWakefulness=1, mWakeLockSummary=0x1, mUserActivitySummary=0x9, mBootCompleted=true, mScreenBrightnessBoostInProgress=false
04-20 16:34:27.101350   964  1844 V SettingsProvider: packageValueForCallResult, name = wfc_ims_enabled, value : 0
04-20 16:34:27.568605   964  1582 D PowerManagerService: releaseWakeLockInternal: lock=155455167 [AudioMix], flags=0x0, total_time=3002ms
04-20 16:34:27.568904   964  1582 D PowerManagerNotifier: onWakeLockReleased: flags=1, tag="AudioMix", packageName=media, ownerUid=1013, ownerPid=0, workSource=null
04-20 16:34:27.569315   964  1582 D PowerManagerService: updateWakeLockSummaryLocked: mWakefulness=Awake, mWakeLockSummary=0x1
04-20 16:34:27.570436   964  1582 D PowerManagerService: updateUserActivitySummaryLocked: mWakefulness=Awake, mUserActivitySummary=0x9, nextTimeout=22364098 (in 7381 ms)
04-20 16:34:27.570900   964  1582 D DisplayPowerController: requestPowerState: policy=BRIGHT, useProximitySensor=false, screenBrightness=102, screenAutoBrightnessAdjustment=0.0, brightnessSetByUser=true, useAutoBrightness=false, blockScreenOn=false, lowPowerMode=false, boostScreenBrightness=false, dozeScreenBrightness=-1, dozeScreenState=UNKNOWN, waitForNegativeProximity=false
04-20 16:34:27.571063   964  1582 I PowerManagerService: setBrightness mButtonLight, screenBrightness=102
04-20 16:34:27.571522   964  1582 D PowerManagerService: updateDisplayPowerStateLocked: mDisplayReady=true, policy=3, mWakefulness=1, mWakeLockSummary=0x1, mUserActivitySummary=0x9, mBootCompleted=true, mScreenBrightnessBoostInProgress=false
04-20 16:34:27.572803   964  1582 D PowerManagerService: releaseWakeLockInternal: lock=87206284 [AudioMix], flags=0x0, total_time=3002ms
04-20 16:34:27.573153   964  1582 D PowerManagerNotifier: onWakeLockReleased: flags=1, tag="AudioMix", packageName=media, ownerUid=1013, ownerPid=0, workSource=null
04-20 16:34:27.573566   964  1582 D PowerManagerService: updateWakeLockSummaryLocked: mWakefulness=Awake, mWakeLockSummary=0x0
04-20 16:34:27.573848   964  1582 D PowerManagerService: updateUserActivitySummaryLocked: mWakefulness=Awake, mUserActivitySummary=0x9, nextTimeout=22364098 (in 7377 ms)
04-20 16:34:27.576465   964  1582 D DisplayPowerController: requestPowerState: policy=BRIGHT, useProximitySensor=false, screenBrightness=102, screenAutoBrightnessAdjustment=0.0, brightnessSetByUser=true, useAutoBrightness=false, blockScreenOn=false, lowPowerMode=false, boostScreenBrightness=false, dozeScreenBrightness=-1, dozeScreenState=UNKNOWN, waitForNegativeProximity=false
04-20 16:34:27.577603   964  1582 I PowerManagerService: setBrightness mButtonLight, screenBrightness=102
04-20 16:34:27.577816   964  1582 D PowerManagerService: updateDisplayPowerStateLocked: mDisplayReady=true, policy=3, mWakefulness=1, mWakeLockSummary=0x0, mUserActivitySummary=0x9, mBootCompleted=true, mScreenBrightnessBoostInProgress=false
04-20 16:34:27.577941   964  1582 D PowerManagerService: Releasing suspend blocker "PowerManagerService.WakeLocks".
04-20 16:34:28.070651   964  1006 D PowerManagerService: userActivityFromNative
04-20 16:34:28.070967   964  1006 D PowerManagerService: userActivityNoUpdateLocked: eventTime=22357216, event=2, flags=0x0, uid=1000
04-20 16:34:28.071161   964  1006 D PowerManagerNotifier: onUserActivity: event=2, uid=1000
04-20 16:34:28.071772   964  1006 D PowerManagerService: updateUserActivitySummaryLocked: mWakefulness=Awake, mUserActivitySummary=0x9, nextTimeout=22364098 (in 6879 ms)
04-20 16:34:28.072258   964  1006 D DisplayPowerController: requestPowerState: policy=BRIGHT, useProximitySensor=false, screenBrightness=102, screenAutoBrightnessAdjustment=0.0, brightnessSetByUser=true, useAutoBrightness=false, blockScreenOn=false, lowPowerMode=false, boostScreenBrightness=false, dozeScreenBrightness=-1, dozeScreenState=UNKNOWN, waitForNegativeProximity=false
04-20 16:34:28.072649   964  1006 I PowerManagerService: setBrightness mButtonLight, screenBrightness=102
04-20 16:34:28.072977   964  1006 D PowerManagerService: updateDisplayPowerStateLocked: mDisplayReady=true, policy=3, mWakefulness=1, mWakeLockSummary=0x0, mUserActivitySummary=0x9, mBootCompleted=true, mScreenBrightnessBoostInProgress=false
04-20 16:34:28.078750   964   975 V SettingsProvider: packageValueForCallResult, name = haptic_feedback_enabled, value : 1
04-20 16:34:28.080638   964   975 D PowerManagerService: acquireWakeLockInternal: lock=221862968, flags=0x1, tag="*vibrator*", ws=WorkSource{1000}, uid=1000, pid=964
04-20 16:34:28.080928   964   975 D PowerManagerService: updateWakeLockSummaryLocked: mWakefulness=Awake, mWakeLockSummary=0x1
04-20 16:34:28.081348   964   975 D PowerManagerService: updateUserActivitySummaryLocked: mWakefulness=Awake, mUserActivitySummary=0x9, nextTimeout=22364098 (in 6870 ms)
04-20 16:34:28.081843   964   975 D DisplayPowerController: requestPowerState: policy=BRIGHT, useProximitySensor=false, screenBrightness=102, screenAutoBrightnessAdjustment=0.0, brightnessSetByUser=true, useAutoBrightness=false, blockScreenOn=false, lowPowerMode=false, boostScreenBrightness=false, dozeScreenBrightness=-1, dozeScreenState=UNKNOWN, waitForNegativeProximity=false
04-20 16:34:28.082035   964   975 I PowerManagerService: setBrightness mButtonLight, screenBrightness=102
04-20 16:34:28.082320   964   975 D PowerManagerService: updateDisplayPowerStateLocked: mDisplayReady=true, policy=3, mWakefulness=1, mWakeLockSummary=0x1, mUserActivitySummary=0x9, mBootCompleted=true, mScreenBrightnessBoostInProgress=false
04-20 16:34:28.082682   964   975 D PowerManagerService: Acquiring suspend blocker "PowerManagerService.WakeLocks".
04-20 16:34:28.083121   964   975 D PowerManagerNotifier: onWakeLockAcquired: flags=1, tag="*vibrator*", packageName=android, ownerUid=1000, ownerPid=964, workSource=WorkSource{1000}
04-20 16:34:28.084383   964  1006 D PowerManagerService: userActivityFromNative
04-20 16:34:28.084772   964  1006 D PowerManagerService: userActivityNoUpdateLocked: eventTime=22357219, event=1, flags=0x0, uid=1000
04-20 16:34:28.084980   964  1006 D PowerManagerNotifier: onUserActivity: event=1, uid=1000
04-20 16:34:28.085577   964  1006 D PowerManagerService: updateUserActivitySummaryLocked: mWakefulness=Awake, mUserActivitySummary=0x9, nextTimeout=22365219 (in 7986 ms)
04-20 16:34:28.086069   964  1006 D DisplayPowerController: requestPowerState: policy=BRIGHT, useProximitySensor=false, screenBrightness=102, screenAutoBrightnessAdjustment=0.0, brightnessSetByUser=true, useAutoBrightness=false, blockScreenOn=false, lowPowerMode=false, boostScreenBrightness=false, dozeScreenBrightness=-1, dozeScreenState=UNKNOWN, waitForNegativeProximity=false
04-20 16:34:28.086259   964  1006 I PowerManagerService: setBrightness mButtonLight, screenBrightness=102
04-20 16:34:28.086579   964  1006 D PowerManagerService: updateDisplayPowerStateLocked: mDisplayReady=true, policy=3, mWakefulness=1, mWakeLockSummary=0x1, mUserActivitySummary=0x9, mBootCompleted=true, mScreenBrightnessBoostInProgress=false
04-20 16:34:28.147391   964 15245 D PowerManagerService: releaseWakeLockInternal: lock=221862968 [*vibrator*], flags=0x0, total_time=66ms
04-20 16:34:28.147816   964 15245 D PowerManagerNotifier: onWakeLockReleased: flags=1, tag="*vibrator*", packageName=android, ownerUid=1000, ownerPid=964, workSource=WorkSource{1000}
04-20 16:34:28.148266   964 15245 D PowerManagerService: updateWakeLockSummaryLocked: mWakefulness=Awake, mWakeLockSummary=0x0
04-20 16:34:28.148627   964 15245 D PowerManagerService: updateUserActivitySummaryLocked: mWakefulness=Awake, mUserActivitySummary=0x9, nextTimeout=22365219 (in 7923 ms)
04-20 16:34:28.149077   964 15245 D DisplayPowerController: requestPowerState: policy=BRIGHT, useProximitySensor=false, screenBrightness=102, screenAutoBrightnessAdjustment=0.0, brightnessSetByUser=true, useAutoBrightness=false, blockScreenOn=false, lowPowerMode=false, boostScreenBrightness=false, dozeScreenBrightness=-1, dozeScreenState=UNKNOWN, waitForNegativeProximity=false
04-20 16:34:28.149254   964 15245 I PowerManagerService: setBrightness mButtonLight, screenBrightness=102
04-20 16:34:28.149480   964 15245 D PowerManagerService: updateDisplayPowerStateLocked: mDisplayReady=true, policy=3, mWakefulness=1, mWakeLockSummary=0x0, mUserActivitySummary=0x9, mBootCompleted=true, mScreenBrightnessBoostInProgress=false
04-20 16:34:28.149699   964 15245 D PowerManagerService: Releasing suspend blocker "PowerManagerService.WakeLocks".
04-20 16:34:28.188058   964   979 D ActivityManager: ACT-Finishing activity token=Token{51580e7 ActivityRecord{4e65001 u0 com.android.dialer/.DialtactsActivity t64}}, result=0, data=null
04-20 16:34:28.189243   964   979 D ActivityManager: ACT-AM_FINISH_ACTIVITY ActivityRecord{4e65001 u0 com.android.dialer/.DialtactsActivity t64 f} task:TaskRecord{4368ea6 #64 A=com.android.dialer U=0 sz=1} app-request
04-20 16:34:28.196369   964   979 V WindowManager: setAppVisibility(Token{51580e7 ActivityRecord{4e65001 u0 com.android.dialer/.DialtactsActivity t64 f}}, visible=false): mNextAppTransition=TRANSIT_TASK_CLOSE hidden=false hiddenRequested=false Callers=com.android.server.am.ActivityStack.finishActivityLocked:3438 com.android.server.am.ActivityStack.requestFinishActivityLocked:3266 com.android.server.am.ActivityManagerService.finishActivity:4556 android.app.ActivityManagerNative.onTransact:356 com.android.server.am.ActivityManagerService.onTransact:2621 android.os.Binder.execTransact:458 
04-20 16:34:28.228567   964   979 D ActivityManager: ACT-AM_PAUSE_ACTIVITY ActivityRecord{4e65001 u0 com.android.dialer/.DialtactsActivity t64 f}
04-20 16:34:28.229510   964   979 D PowerManagerService: acquireWakeLockInternal: lock=193877478, flags=0x1, tag="*launch*", ws=WorkSource{10006}, uid=1000, pid=964
04-20 16:34:28.229785   964   979 D PowerManagerService: updateWakeLockSummaryLocked: mWakefulness=Awake, mWakeLockSummary=0x1
04-20 16:34:28.230083   964   979 D PowerManagerService: updateUserActivitySummaryLocked: mWakefulness=Awake, mUserActivitySummary=0x9, nextTimeout=22365219 (in 7842 ms)
04-20 16:34:28.231343   964   979 D DisplayPowerController: requestPowerState: policy=BRIGHT, useProximitySensor=false, screenBrightness=102, screenAutoBrightnessAdjustment=0.0, brightnessSetByUser=true, useAutoBrightness=false, blockScreenOn=false, lowPowerMode=false, boostScreenBrightness=false, dozeScreenBrightness=-1, dozeScreenState=UNKNOWN, waitForNegativeProximity=false
04-20 16:34:28.231550   964   979 I PowerManagerService: setBrightness mButtonLight, screenBrightness=102
04-20 16:34:28.231893   964   979 D PowerManagerService: updateDisplayPowerStateLocked: mDisplayReady=true, policy=3, mWakefulness=1, mWakeLockSummary=0x1, mUserActivitySummary=0x9, mBootCompleted=true, mScreenBrightnessBoostInProgress=false
04-20 16:34:28.232113   964   979 D PowerManagerService: Acquiring suspend blocker "PowerManagerService.WakeLocks".
04-20 16:34:28.233208   964   979 D PowerManagerNotifier: onWakeLockAcquired: flags=1, tag="*launch*", packageName=android, ownerUid=1000, ownerPid=964, workSource=WorkSource{10006}
04-20 16:34:28.245915 15199 15199 D StatusBarManager: Hide SIM indicator from com.android.dialer.
04-20 16:34:28.250180 15199 15199 D ActivityThread: ACT-AM_ON_PAUSE_CALLED ActivityRecord{c294551 token=android.os.BinderProxy@e5761b6 {com.android.dialer/com.android.dialer.DialtactsActivity}}
04-20 16:34:28.251148   964  1670 D ActivityManager: ACT-paused: token=Token{51580e7 ActivityRecord{4e65001 u0 com.android.dialer/.DialtactsActivity t64 f}}, timeout=false
04-20 16:34:28.251369   964  1670 D ActivityManager: ACT-IDLE_NOW_MSG from finishCurrentActivityLocked for mStoppingActivities.size() > 3
04-20 16:34:28.252675   964  1670 V WindowManager: Looking for focus: 6 = Window{fa8f8e8 u0 StatusBar}, flags=-2122055608, canReceive=false
04-20 16:34:28.252797   964  1670 V WindowManager: findFocusedWindow: No focusable windows.
04-20 16:34:28.253573   964  1670 V WindowManager: Changing focus from Window{e6425af u0 com.android.dialer/com.android.dialer.DialtactsActivity} to null Callers=com.android.server.wm.WindowManagerService.moveStackWindowsLocked:5405 com.android.server.wm.WindowManagerService.moveTaskToTop:5444 com.android.server.am.ActivityStack.moveToFront:599 com.android.server.am.ActivityStackSupervisor.setFocusedStack:2009 
04-20 16:34:28.253826   964  1670 D WindowManager: Input focus has changed to null
04-20 16:34:28.257841   964  1670 V WindowManager: Set focused app to: AppWindowToken{2be50b3 token=Token{115e96 ActivityRecord{6401458 u0 com.android.launcher3/.Launcher t31}}} old focus=AppWindowToken{f544f5 token=Token{51580e7 ActivityRecord{4e65001 u0 com.android.dialer/.DialtactsActivity t64}}} moveFocusNow=true
04-20 16:34:28.259630   964  1670 V WindowManager: Looking for focus: 6 = Window{fa8f8e8 u0 StatusBar}, flags=-2122055608, canReceive=false
04-20 16:34:28.259745   964  1670 V WindowManager: findFocusedWindow: No focusable windows.
04-20 16:34:28.260144   964   987 I WindowManager: Focus moving from Window{e6425af u0 com.android.dialer/com.android.dialer.DialtactsActivity} to null
04-20 16:34:28.260253   964   987 I WindowManager: Losing focus: Window{e6425af u0 com.android.dialer/com.android.dialer.DialtactsActivity}
04-20 16:34:28.260787   964  1670 D PowerManagerService: updateWakeLockWorkSourceInternal: lock=193877478 [*launch*], ws=WorkSource{10014}
04-20 16:34:28.261019   964  1670 D PowerManagerNotifier: onWakeLockChanging: flags=1, tag="*launch*", packageName=android, ownerUid=1000, ownerPid=964, workSource=WorkSource{10014}
04-20 16:34:28.266991   964  1670 V WindowManager: setAppVisibility(Token{115e96 ActivityRecord{6401458 u0 com.android.launcher3/.Launcher t31}}, visible=true): mNextAppTransition=TRANSIT_TASK_CLOSE hidden=true hiddenRequested=true Callers=com.android.server.am.ActivityStack.resumeTopActivityInnerLocked:2195 com.android.server.am.ActivityStack.resumeTopActivityLocked:1816 com.android.server.am.ActivityStack.resumeTopActivityLocked:1793 com.android.server.am.ActivityStackSupervisor.resumeTopActivitiesLocked:3110 com.android.server.am.ActivityStack.completePauseLocked:1195 com.android.server.am.ActivityStack.activityPausedLocked:1061 
04-20 16:34:28.273104   964  1670 D ActivityManager: ACT-Relaunching: ActivityRecord{6401458 u0 com.android.launcher3/.Launcher t31} with results=null newIntents=null andResume=true
04-20 16:34:28.281016   964  1670 D ActivityManager: Delay resumeKeyDispatchingLocked() to avoid deadlock.
04-20 16:34:28.281261   964  8871 V WindowManager: Looking for focus: 6 = Window{fa8f8e8 u0 StatusBar}, flags=-2122055608, canReceive=false
04-20 16:34:28.281357   964  8871 V WindowManager: findFocusedWindow: No focusable windows.
04-20 16:34:28.282515   964   982 D PowerManagerService: releaseWakeLockInternal: lock=193877478 [*launch*], flags=0x0, total_time=52ms
04-20 16:34:28.282845   964   982 D PowerManagerNotifier: onWakeLockReleased: flags=1, tag="*launch*", packageName=android, ownerUid=1000, ownerPid=964, workSource=WorkSource{10014}
04-20 16:34:28.283215   964   982 D PowerManagerService: updateWakeLockSummaryLocked: mWakefulness=Awake, mWakeLockSummary=0x0
04-20 16:34:28.283522   964   982 D PowerManagerService: updateUserActivitySummaryLocked: mWakefulness=Awake, mUserActivitySummary=0x9, nextTimeout=22365219 (in 7788 ms)
04-20 16:34:28.283888   964   982 D DisplayPowerController: requestPowerState: policy=BRIGHT, useProximitySensor=false, screenBrightness=102, screenAutoBrightnessAdjustment=0.0, brightnessSetByUser=true, useAutoBrightness=false, blockScreenOn=false, lowPowerMode=false, boostScreenBrightness=false, dozeScreenBrightness=-1, dozeScreenState=UNKNOWN, waitForNegativeProximity=false
04-20 16:34:28.284026   964   982 I PowerManagerService: setBrightness mButtonLight, screenBrightness=102
04-20 16:34:28.284238   964   982 D PowerManagerService: updateDisplayPowerStateLocked: mDisplayReady=true, policy=3, mWakefulness=1, mWakeLockSummary=0x0, mUserActivitySummary=0x9, mBootCompleted=true, mScreenBrightnessBoostInProgress=false
04-20 16:34:28.284426   964   982 D PowerManagerService: Releasing suspend blocker "PowerManagerService.WakeLocks".
04-20 16:34:28.285016   964   982 D ActivityManager: ACT-Removing activity from finish-imm: token=ActivityRecord{4e65001 u0 com.android.dialer/.DialtactsActivity t64 f}, app=com.android.dialer
04-20 16:34:28.300656   964   983 V NetworkStats: setKernelCounterSet uid=10006 set=0
04-20 16:34:28.301392   964   983 V NetworkStats: setKernelCounterSet uid=10003 set=0
04-20 16:34:28.302320 15199 15199 D ActivityThread: ACT-PAUSE_ACTIVITY_FINISHING handled : 0 / android.os.BinderProxy@e5761b6
04-20 16:34:28.331314   964  1844 V WindowManager: Looking for focus: 5 = Window{fa8f8e8 u0 StatusBar}, flags=-2122055608, canReceive=false
04-20 16:34:28.332291   964  1844 V WindowManager: findFocusedWindow: No focusable windows.
04-20 16:34:28.333718  1654  1654 V ActivityThread: Handling launch of ActivityRecord{42020ea token=android.os.BinderProxy@ab17fdb {com.android.launcher3/com.android.launcher3.Launcher}} startsNotResumed=false
04-20 16:34:28.334344  1654  1654 V ActivityThread: ActivityRecord{42020ea token=android.os.BinderProxy@ab17fdb {com.android.launcher3/com.android.launcher3.Launcher}}: app=android.app.Application@c294551, appName=com.android.launcher3, pkg=com.android.launcher3, comp={com.android.launcher3/com.android.launcher3.Launcher}, dir=/system/priv-app/Launcher3/Launcher3.apk
04-20 16:34:28.373063   964  2511 D ActivityManager: getContentProviderImpl: from caller=android.app.ActivityThread$ApplicationThread@ef98b0e (pid=964, userId=0) to get content provider call_log cpr=ContentProviderRecord{df26e89 u0 com.android.providers.contacts/.CallLogProvider}
04-20 16:34:28.380751   964  2511 D ActivityManager: getContentProviderImpl: updateLruProcessLocked cpr.proc=ProcessRecord{931ccf4 15035:android.process.acore/u0a3}
04-20 16:34:28.386102   964  2511 D ActivityThread: holder:android.app.IActivityManager$ContentProviderHolder@befd89f, holder.provider:android.content.ContentProviderProxy@a69185b
04-20 16:34:28.396641   964   979 V ActivityManager: startService: Intent { act=com.android.dialer.calllog.UPDATE_NOTIFICATIONS cmp=com.android.dialer/.calllog.CallLogNotificationsService } callerApp=ProcessRecord{1947d8d 15199:com.android.dialer/u0a6}
04-20 16:34:28.398263   964   979 V ActivityManager: >>> EXECUTING create of ServiceRecord{319ddec u0 com.android.dialer/.calllog.CallLogNotificationsService} in app ProcessRecord{1947d8d 15199:com.android.dialer/u0a6}
04-20 16:34:28.401199   964   979 V ActivityManager: AMS Creating service ServiceRecord{319ddec u0 com.android.dialer/.calllog.CallLogNotificationsService}
04-20 16:34:28.402156   964   979 V ActivityManager: Sending arguments to: ServiceRecord{319ddec u0 com.android.dialer/.calllog.CallLogNotificationsService} android.content.Intent$FilterComparison@5672c16e args=Intent { act=com.android.dialer.calllog.UPDATE_NOTIFICATIONS cmp=com.android.dialer/.calllog.CallLogNotificationsService }
04-20 16:34:28.404483   964   979 V ActivityManager: >>> EXECUTING start of ServiceRecord{319ddec u0 com.android.dialer/.calllog.CallLogNotificationsService} in app ProcessRecord{1947d8d 15199:com.android.dialer/u0a6}
04-20 16:34:28.405224   964   979 D ActivityManager: SVC-Sent arguments: ServiceRecord{319ddec u0 com.android.dialer/.calllog.CallLogNotificationsService}, app=ProcessRecord{1947d8d 15199:com.android.dialer/u0a6}, args=Intent { act=com.android.dialer.calllog.UPDATE_NOTIFICATIONS cmp=com.android.dialer/.calllog.CallLogNotificationsService }, flags=0
04-20 16:34:28.414061 15199 15199 D AudioTrackCenter: removeTrack, trackPtr:0x7fb34d6080
04-20 16:34:28.489876   964  1927 V WindowManager: Looking for focus: 5 = Window{fa8f8e8 u0 StatusBar}, flags=-2122055608, canReceive=false
04-20 16:34:28.490056   964  1927 V WindowManager: findFocusedWindow: No focusable windows.
04-20 16:34:28.495382 15199 15199 D ActivityThread: ACT-DESTROY_ACTIVITY handled : 1 / android.os.BinderProxy@e5761b6
04-20 16:34:28.496564 15199 15199 D ActivityThread: SVC-Creating service: CreateServiceData{token=android.os.BinderProxy@16b3c6d className=com.android.dialer.calllog.CallLogNotificationsService packageName=com.android.dialer intent=null}
04-20 16:34:28.553207   964  1652 D ActivityManager: SVC-Executing service done: ServiceRecord{319ddec u0 com.android.dialer/.calllog.CallLogNotificationsService}, type=0, startId=0, res=0
04-20 16:34:28.553578   964  1652 V ActivityManager: <<< DONE EXECUTING ServiceRecord{319ddec u0 com.android.dialer/.calllog.CallLogNotificationsService}: nesting=2, inDestroying=false, app=ProcessRecord{1947d8d 15199:com.android.dialer/u0a6}
04-20 16:34:28.553214 15199 15199 D ActivityThread: SVC-CREATE_SERVICE handled : 0 / CreateServiceData{token=android.os.BinderProxy@16b3c6d className=com.android.dialer.calllog.CallLogNotificationsService packageName=com.android.dialer intent=null}
04-20 16:34:28.555022 15199 15199 D ActivityThread: SVC-Calling onStartCommand: com.android.dialer.calllog.CallLogNotificationsService@6020a2, flags=0, startId=1
04-20 16:34:28.556611 15199 15199 D ActivityThread: SVC-SERVICE_ARGS handled : 0 / ServiceArgsData{token=android.os.BinderProxy@16b3c6d startId=1 args=Intent { act=com.android.dialer.calllog.UPDATE_NOTIFICATIONS cmp=com.android.dialer/.calllog.CallLogNotificationsService }}
04-20 16:34:28.557420   964  1844 D ActivityManager: SVC-Executing service done: ServiceRecord{319ddec u0 com.android.dialer/.calllog.CallLogNotificationsService}, type=1, startId=1, res=2
04-20 16:34:28.557652   964  1844 V ActivityManager: <<< DONE EXECUTING ServiceRecord{319ddec u0 com.android.dialer/.calllog.CallLogNotificationsService}: nesting=1, inDestroying=false, app=ProcessRecord{1947d8d 15199:com.android.dialer/u0a6}
04-20 16:34:28.562625   964  1927 D ActivityManager: getContentProviderImpl: from caller=android.app.ApplicationThreadProxy@42995b5 (pid=15199, userId=0) to get content provider call_log cpr=ContentProviderRecord{df26e89 u0 com.android.providers.contacts/.CallLogProvider}
04-20 16:34:28.564801 15199 15248 D ActivityThread: holder:android.app.IActivityManager$ContentProviderHolder@22b7133, holder.provider:android.content.ContentProviderProxy@96eecf0
04-20 16:34:28.576846   964  1670 V ActivityManager: Broadcast: Intent { act=android.appwidget.action.APPWIDGET_UPDATE_OPTIONS flg=0x10 cmp=com.google.android.googlequicksearchbox/.SearchWidgetProvider (has extras) } ordered=false userid=0 callerApp=ProcessRecord{7b8ebd8 964:system/1000}
04-20 16:34:28.578227   964   982 V BroadcastQueue: Processing ordered broadcast [background] BroadcastRecord{50144a u0 android.appwidget.action.APPWIDGET_UPDATE_OPTIONS}, 1 receivers
04-20 16:34:28.578711   964   982 D BroadcastQueue: BroadcastRecord{50144a u0 android.appwidget.action.APPWIDGET_UPDATE_OPTIONS}, #0 ActivityInfo{1c217b2 com.google.android.googlequicksearchbox.SearchWidgetProvider}
04-20 16:34:28.636340   964   982 I ActivityManager: Start proc 15249:com.google.android.googlequicksearchbox:search/u0a23 for broadcast com.google.android.googlequicksearchbox/.SearchWidgetProvider
04-20 16:34:28.650689   964  8871 V ActivityManager: >>> EXECUTING destroy of ServiceRecord{319ddec u0 com.android.dialer/.calllog.CallLogNotificationsService} in app ProcessRecord{1947d8d 15199:com.android.dialer/u0a6}
04-20 16:34:28.655725 15199 15199 D ActivityThread: SVC-Destroying service: com.android.dialer.calllog.CallLogNotificationsService@6020a2
04-20 16:34:28.656252 15199 15199 D ActivityThread: SVC-STOP_SERVICE handled : 0 / android.os.BinderProxy@16b3c6d
04-20 16:34:28.656502   964  1652 D ActivityManager: SVC-Executing service done: ServiceRecord{319ddec u0 com.android.dialer/.calllog.CallLogNotificationsService}, type=2, startId=0, res=0
04-20 16:34:28.656687   964  1652 V ActivityManager: <<< DONE EXECUTING ServiceRecord{319ddec u0 com.android.dialer/.calllog.CallLogNotificationsService}: nesting=1, inDestroying=true, app=ProcessRecord{1947d8d 15199:com.android.dialer/u0a6}
04-20 16:34:28.707125   964  1663 D WindowManager: setAppOrientation to -1, app:AppWindowToken{2be50b3 token=Token{115e96 ActivityRecord{6401458 u0 com.android.launcher3/.Launcher t31}}}
04-20 16:34:28.716855  1654  1654 V ActivityThread: Performing resume of ActivityRecord{42020ea token=android.os.BinderProxy@ab17fdb {com.android.launcher3/com.android.launcher3.Launcher}}
04-20 16:34:28.720227  1654  1654 D ActivityThread: ACT-AM_ON_RESUME_CALLED ActivityRecord{42020ea token=android.os.BinderProxy@ab17fdb {com.android.launcher3/com.android.launcher3.Launcher}}
04-20 16:34:28.720369  1654  1654 V ActivityThread: Resume ActivityRecord{42020ea token=android.os.BinderProxy@ab17fdb {com.android.launcher3/com.android.launcher3.Launcher}} started activity: false, hideForNow: false, finished: false
04-20 16:34:28.729191   964  1652 D WindowManager: addWindowToListInOrderLocked: win=Window{47ffe84 u0 com.android.launcher3/com.android.launcher3.Launcher} Callers=com.android.server.wm.WindowManagerService.addWindow:2771 com.android.server.wm.Session.addToDisplay:171 android.view.IWindowSession$Stub.onTransact:124 com.android.server.wm.Session.onTransact:133 
04-20 16:34:28.731781  1654  1654 V ActivityThread: Resuming ActivityRecord{42020ea token=android.os.BinderProxy@ab17fdb {com.android.launcher3/com.android.launcher3.Launcher}} with isForward=true
04-20 16:34:28.732722  1654  1654 V ActivityThread: Scheduling idle handler for ActivityRecord{42020ea token=android.os.BinderProxy@ab17fdb {com.android.launcher3/com.android.launcher3.Launcher}}
04-20 16:34:28.733774  1654  1654 D ActivityThread: ACT-RELAUNCH_ACTIVITY handled : 0 / ActivityRecord{c32ea4f token=android.os.BinderProxy@ab17fdb no component name}
04-20 16:34:28.775125   964  2088 I WindowManager: Relayout Window{47ffe84 u0 com.android.launcher3/com.android.launcher3.Launcher}: oldVis=4 newVis=0
04-20 16:34:28.778674   964  2088 I WindowStateAnimator:   CREATE SURFACE Surface(name=com.android.launcher3/com.android.launcher3.Launcher) IN SESSION android.view.SurfaceSession@d67d7b8: pid=1654 format=-2 flags=0x4 / WindowStateAnimator{1407ef0 com.android.launcher3/com.android.launcher3.Launcher}
04-20 16:34:28.780699   964  2088 V WindowManager: Looking for focus: 6 = Window{fa8f8e8 u0 StatusBar}, flags=-2122055608, canReceive=false
04-20 16:34:28.781011   964  2088 V WindowManager: findFocusedWindow: Found new focus @ 2 = Window{47ffe84 u0 com.android.launcher3/com.android.launcher3.Launcher}
04-20 16:34:28.781715   964  2088 V WindowManager: Changing focus from null to Window{47ffe84 u0 com.android.launcher3/com.android.launcher3.Launcher} Callers=com.android.server.wm.WindowManagerService.relayoutWindow:3588 com.android.server.wm.Session.relayout:201 android.view.IWindowSession$Stub.onTransact:284 com.android.server.wm.Session.onTransact:133 
04-20 16:34:28.782066   964  2088 D WindowManager: Input focus has changed to Window{47ffe84 u0 com.android.launcher3/com.android.launcher3.Launcher}
04-20 16:34:28.805402   964   987 I WindowManager: Focus moving from null to Window{47ffe84 u0 com.android.launcher3/com.android.launcher3.Launcher}
04-20 16:34:28.805540   964   987 I WindowManager: Gaining focus: Window{47ffe84 u0 com.android.launcher3/com.android.launcher3.Launcher}
04-20 16:34:28.846695   964   976 D ActivityManager: ACT-attachApplication pid 15249 to thread android.app.ApplicationThreadProxy@206278f
04-20 16:34:28.853913   964   976 W ActivityManager: Skip forceProcessStateUpTo() to newState 11
04-20 16:34:28.857958   964   976 D BroadcastQueue: BDC-Delivering broadcast: Intent { act=android.appwidget.action.APPWIDGET_UPDATE_OPTIONS flg=0x10 cmp=com.google.android.googlequicksearchbox/.SearchWidgetProvider (has extras) }, queue=background, ordered=false, app=ProcessRecord{4469a1c 15249:com.google.android.googlequicksearchbox:search/u0a23}, receiver=android.os.BinderProxy@2ac5625
04-20 16:34:28.885478   964  1843 D DisplayManagerService: Display listener for pid 15106 died.
04-20 16:34:28.892036   964  1843 I ActivityManager: Process com.mediatek.engineermode (pid 15106) has died
04-20 16:34:28.892282   964  1843 D ActivityManager: SVC-handleAppDiedLocked: app = ProcessRecord{18d64aa 15106:com.mediatek.engineermode/1001}, app.pid = 15106
04-20 16:34:28.893274   964  1843 D ActivityManager: SVC-mBroadcastQueues: com.android.server.am.BroadcastQueue@849ef70
04-20 16:34:28.893434   964  1843 D ActivityManager: SVC-mBroadcastQueues: com.android.server.am.BroadcastQueue@f0f42e9
04-20 16:34:29.026531 15249 15249 D ActivityThread: installProvider: context.getPackageName()=com.google.android.googlequicksearchbox
04-20 16:34:29.034062 15249 15249 D ActivityThread: installProvider: context.getPackageName()=com.google.android.googlequicksearchbox
04-20 16:34:29.041327 15249 15249 D ActivityThread: installProvider: context.getPackageName()=com.google.android.googlequicksearchbox
04-20 16:34:29.068014 15249 15249 D ActivityThread: installProvider: context.getPackageName()=com.google.android.googlequicksearchbox
04-20 16:34:29.070487 15249 15249 D ActivityThread: installProvider: context.getPackageName()=com.google.android.googlequicksearchbox
04-20 16:34:29.074069 15249 15249 D ActivityThread: installProvider: context.getPackageName()=com.google.android.googlequicksearchbox
04-20 16:34:29.079216 15249 15249 D ActivityThread: installProvider: context.getPackageName()=com.google.android.googlequicksearchbox
04-20 16:34:29.102218   964  1844 D ActivityManager: publishContentProviders: from caller=android.app.ApplicationThreadProxy@b3e23fa (pid=15249)
04-20 16:34:29.107181 15249 15249 D ActivityThread: BIND_APPLICATION handled : 0 / AppBindData{appInfo=ApplicationInfo{7570d5 com.google.android.googlequicksearchbox}}
04-20 16:34:29.116634 15249 15249 D ActivityThread: BDC-Calling onReceive: intent=Intent { act=android.appwidget.action.APPWIDGET_UPDATE_OPTIONS flg=0x10 cmp=com.google.android.googlequicksearchbox/.SearchWidgetProvider (has extras) }, receiver=com.google.android.googlequicksearchbox.SearchWidgetProvider@ea5a78
04-20 16:34:29.520452   964   979 V WindowStateAnimator: finishDrawingLocked: mDrawState=COMMIT_DRAW_PENDING WindowStateAnimator{1407ef0 com.android.launcher3/com.android.launcher3.Launcher} in Surface(name=com.android.launcher3/com.android.launcher3.Launcher)
04-20 16:34:29.529896   964  1670 V InputMethodManagerService: windowGainedFocus: android.os.BinderProxy@4a17dac controlFlags=#105 softInputMode=#120 windowFlags=#81910100
04-20 16:34:29.592023   964   976 D ActivityManager: getContentProviderImpl: from caller=android.app.ApplicationThreadProxy@a313c08 (pid=15249, userId=0) to get content provider com.google.android.partnersetup.rlzappprovider cpr=null
04-20 16:34:29.676334   964   976 I ActivityManager: Start proc 15268:com.google.android.partnersetup/u0a13 for content provider com.google.android.partnersetup/.RlzAppProvider
04-20 16:34:29.678229   964   975 D ActivityManager: getContentProviderImpl: from caller=android.app.ApplicationThreadProxy@d712fa1 (pid=15249, userId=0) to get content provider com.google.settings cpr=ContentProviderRecord{a59a1ae u0 com.google.android.gsf/.settings.GoogleSettingsProvider}
04-20 16:34:29.678236   964   983 V NetworkStats: setKernelCounterSet uid=10013 set=1
04-20 16:34:29.679290   964   975 D ActivityManager: getContentProviderImpl: updateLruProcessLocked cpr.proc=ProcessRecord{28382d 2236:com.google.process.gapps/u0a10}
04-20 16:34:29.686482   964   983 V NetworkStats: setKernelCounterSet uid=10013 set=0
04-20 16:34:29.691552 15249 15267 D ActivityThread: holder:android.app.IActivityManager$ContentProviderHolder@3c017a1, holder.provider:android.content.ContentProviderProxy@7834dc6
04-20 16:34:29.825627   964  1652 D DisplayManagerService: Display listener for pid 15035 died.
04-20 16:34:29.834660   964  2088 I ActivityManager: Process android.process.acore (pid 15035) has died
04-20 16:34:29.838726   964  2088 D ActivityManager: SVC-handleAppDiedLocked: app = ProcessRecord{931ccf4 15035:android.process.acore/u0a3}, app.pid = 15035
04-20 16:34:29.839252   964  2088 D ActivityManager: removeDyingProviderLocked: cpr=ContentProviderRecord{f392ecb u0 com.android.providers.contacts/.ContactsProvider2} always=false inLaunching=false
04-20 16:34:29.839901   964  2088 D ActivityManager: removeDyingProviderLocked: cpr=ContentProviderRecord{ba98420 u0 com.android.providers.contacts/.debug.DumpFileProvider} always=false inLaunching=false
04-20 16:34:29.840408   964  2088 D ActivityManager: removeDyingProviderLocked: cpr=ContentProviderRecord{e2f31d9 u0 com.android.providers.applications/.ApplicationsProvider} always=false inLaunching=false
04-20 16:34:29.840839   964  2088 D ActivityManager: removeDyingProviderLocked: cpr=ContentProviderRecord{21e879e u0 com.android.providers.userdictionary/.UserDictionaryProvider} always=false inLaunching=false
04-20 16:34:29.841232   964  2088 D ActivityManager: removeDyingProviderLocked: cpr=ContentProviderRecord{5499b6 u0 com.android.providers.contacts/.VoicemailContentProvider} always=false inLaunching=false
04-20 16:34:29.843057   964  2088 D ActivityManager: removeDyingProviderLocked: cpr=ContentProviderRecord{df26e89 u0 com.android.providers.contacts/.CallLogProvider} always=false inLaunching=false
04-20 16:34:29.843375   964  2088 D ActivityManager: SVC-mBroadcastQueues: com.android.server.am.BroadcastQueue@849ef70
04-20 16:34:29.843729   964  2088 D ActivityManager: SVC-mBroadcastQueues: com.android.server.am.BroadcastQueue@f0f42e9
04-20 16:34:29.944421   964  1162 V WindowStateAnimator: finishDrawingLocked: mDrawState=COMMIT_DRAW_PENDING WindowStateAnimator{5004bed com.android.systemui.ImageWallpaper} in Surface(name=com.android.systemui.ImageWallpaper)
04-20 16:34:29.949331   964   987 V WindowManager: **** GOOD TO GO
04-20 16:34:29.950707   964  1582 D ActivityManager: ACT-attachApplication pid 15268 to thread android.app.ApplicationThreadProxy@df2c24c
04-20 16:34:29.958959   964   987 V WindowManager: Looking for focus: 6 = Window{fa8f8e8 u0 StatusBar}, flags=-2122055608, canReceive=false
04-20 16:34:29.962697   964   987 V WindowManager: findFocusedWindow: Found new focus @ 2 = Window{47ffe84 u0 com.android.launcher3/com.android.launcher3.Launcher}
04-20 16:34:29.963506   964   987 D WindowManager: notifyActivityDrawnForKeyguard: waiting=false Callers=com.android.server.wm.WindowManagerService.handleAppTransitionReadyLocked:10079 com.android.server.wm.WindowManagerService.performLayoutAndPlaceSurfacesLockedInner:10699 com.android.server.wm.WindowManagerService.performLayoutAndPlaceSurfacesLockedLoop:9443 com.android.server.wm.WindowManagerService.performLayoutAndPlaceSurfacesLocked:9390 com.android.server.wm.WindowManagerService.-wrap8:-1 
04-20 16:34:29.981353   964  8872 D ActivityManager: BDC-Finishing receiver: android.os.BinderProxy@2ac5625
04-20 16:34:29.981880   964  8872 D ActivityManager: BroadcastRecord{50144a u0 android.appwidget.action.APPWIDGET_UPDATE_OPTIONS}, spend: 1404, android.os.BinderProxy@2ac5625, ActivityInfo{1c217b2 com.google.android.googlequicksearchbox.SearchWidgetProvider}
04-20 16:34:29.982523   964  8872 D BroadcastQueue: Non-ordered [background] BroadcastRecord{50144a u0 android.appwidget.action.APPWIDGET_UPDATE_OPTIONS}, 1 receivers, Total: 1404, Waiting: 0, Processing: 1404
04-20 16:34:29.991140 15249 15249 D ActivityThread: BDC-RECEIVER handled : 0 / ReceiverData{intent=Intent { act=android.appwidget.action.APPWIDGET_UPDATE_OPTIONS flg=0x10 cmp=com.google.android.googlequicksearchbox/.SearchWidgetProvider (has extras) } packageName=com.google.android.googlequicksearchbox resultCode=-1 resultData=null resultExtras=null}
04-20 16:34:30.033514 15268 15268 D ActivityThread: installProvider: context.getPackageName()=com.google.android.partnersetup
04-20 16:34:30.045523 15268 15268 D ActivityThread: installProvider: context.getPackageName()=com.google.android.partnersetup
04-20 16:34:30.054037   964  8871 D ActivityManager: publishContentProviders: from caller=android.app.ApplicationThreadProxy@cf44311 (pid=15268)
04-20 16:34:30.056861 15268 15268 D ActivityThread: BIND_APPLICATION handled : 0 / AppBindData{appInfo=ApplicationInfo{777ff60 com.google.android.partnersetup}}
04-20 16:34:30.057761 15249 15266 D ActivityThread: holder:android.app.IActivityManager$ContentProviderHolder@2a0b476, holder.provider:android.content.ContentProviderProxy@eacfa77
04-20 16:34:30.077642   964  1927 D ActivityManager: getContentProviderImpl: from caller=android.app.ApplicationThreadProxy@95ec76 (pid=15268, userId=0) to get content provider com.google.android.gsf.gservices cpr=ContentProviderRecord{66c1f44 u0 com.google.android.gsf/.gservices.GservicesProvider}
04-20 16:34:30.081462 15268 15284 D ActivityThread: holder:android.app.IActivityManager$ContentProviderHolder@e7394de, holder.provider:android.content.ContentProviderProxy@4636bf
04-20 16:34:30.195494   964   987 D ActivityManager: ACT-windowsVisible(): ActivityRecord{6401458 u0 com.android.launcher3/.Launcher t31}
04-20 16:34:30.432323   964   987 V WindowManager: Looking for focus: 5 = Window{fa8f8e8 u0 StatusBar}, flags=-2122055608, canReceive=false
04-20 16:34:30.433034   964   987 V WindowManager: findFocusedWindow: Found new focus @ 1 = Window{47ffe84 u0 com.android.launcher3/com.android.launcher3.Launcher}
04-20 16:34:30.847980   964   979 V ActivityManager: Broadcast sticky: Intent { act=android.intent.action.SIG_STR flg=0x20000010 (has extras) } ordered=false userid=-1 callerApp=ProcessRecord{7b8ebd8 964:system/1000}
04-20 16:34:31.866427   964  1006 D PowerManagerService: userActivityFromNative
04-20 16:34:31.866969   964  1006 D PowerManagerService: userActivityNoUpdateLocked: eventTime=22361008, event=2, flags=0x0, uid=1000
04-20 16:34:31.867448   964  1006 D PowerManagerNotifier: onUserActivity: event=2, uid=1000
04-20 16:34:31.868420   964  1006 D PowerManagerService: updateUserActivitySummaryLocked: mWakefulness=Awake, mUserActivitySummary=0x9, nextTimeout=22365219 (in 4204 ms)
04-20 16:34:31.869413   964  1006 D DisplayPowerController: requestPowerState: policy=BRIGHT, useProximitySensor=false, screenBrightness=102, screenAutoBrightnessAdjustment=0.0, brightnessSetByUser=true, useAutoBrightness=false, blockScreenOn=false, lowPowerMode=false, boostScreenBrightness=false, dozeScreenBrightness=-1, dozeScreenState=UNKNOWN, waitForNegativeProximity=false
04-20 16:34:31.869716   964  1006 I PowerManagerService: setBrightness mButtonLight, screenBrightness=102
04-20 16:34:31.870194   964  1006 D PowerManagerService: updateDisplayPowerStateLocked: mDisplayReady=true, policy=3, mWakefulness=1, mWakeLockSummary=0x0, mUserActivitySummary=0x9, mBootCompleted=true, mScreenBrightnessBoostInProgress=false
04-20 16:34:32.006719   964  1663 I ActivityManager: START u0 {act=android.intent.action.MAIN cat=[android.intent.category.LAUNCHER] flg=0x10200000 cmp=com.android.settings/.Settings (has extras)} from uid 10014 from pid 1654 on display 0
04-20 16:34:32.017883   964  1663 I ActivityManager: ACT-launchFlags(original): 0x10200000, launchMode:2, startFlags: 0, doResume:true
04-20 16:34:32.025610   964  1663 V WindowManager: Looking for focus: 5 = Window{fa8f8e8 u0 StatusBar}, flags=-2122055608, canReceive=false
04-20 16:34:32.025918   964  1663 V WindowManager: findFocusedWindow: Found new focus @ 1 = Window{47ffe84 u0 com.android.launcher3/com.android.launcher3.Launcher}
04-20 16:34:32.039129   964  1663 D ActivityManager: ACT-AM_CREATE_TASK ActivityRecord{725d277 u0 com.android.settings/.Settings t67} task:TaskRecord{450ee4 #67 A=com.android.settings U=0 sz=0}
04-20 16:34:32.039614   964  1663 D ActivityManager: ACT-AM_CREATE_ACTIVITY ActivityRecord{725d277 u0 com.android.settings/.Settings t67}TaskRecord{450ee4 #67 A=com.android.settings U=0 sz=0}
04-20 16:34:32.053975   964  1663 D ActivityManager: ACT-AM_PAUSE_ACTIVITY ActivityRecord{6401458 u0 com.android.launcher3/.Launcher t31}
04-20 16:34:32.056499   964  1663 D PowerManagerService: acquireWakeLockInternal: lock=193877478, flags=0x1, tag="*launch*", ws=WorkSource{1000}, uid=1000, pid=964
04-20 16:34:32.056808   964  1663 D PowerManagerService: updateWakeLockSummaryLocked: mWakefulness=Awake, mWakeLockSummary=0x1
04-20 16:34:32.057119   964  1663 D PowerManagerService: updateUserActivitySummaryLocked: mWakefulness=Awake, mUserActivitySummary=0x9, nextTimeout=22365219 (in 4015 ms)
04-20 16:34:32.057467   964  1663 D DisplayPowerController: requestPowerState: policy=BRIGHT, useProximitySensor=false, screenBrightness=102, screenAutoBrightnessAdjustment=0.0, brightnessSetByUser=true, useAutoBrightness=false, blockScreenOn=false, lowPowerMode=false, boostScreenBrightness=false, dozeScreenBrightness=-1, dozeScreenState=UNKNOWN, waitForNegativeProximity=false
04-20 16:34:32.057623   964  1663 I PowerManagerService: setBrightness mButtonLight, screenBrightness=102
04-20 16:34:32.057820   964  1663 D PowerManagerService: updateDisplayPowerStateLocked: mDisplayReady=true, policy=3, mWakefulness=1, mWakeLockSummary=0x1, mUserActivitySummary=0x9, mBootCompleted=true, mScreenBrightnessBoostInProgress=false
04-20 16:34:32.058019   964  1663 D PowerManagerService: Acquiring suspend blocker "PowerManagerService.WakeLocks".
04-20 16:34:32.058316   964  1663 D PowerManagerNotifier: onWakeLockAcquired: flags=1, tag="*launch*", packageName=android, ownerUid=1000, ownerPid=964, workSource=WorkSource{1000}
04-20 16:34:32.060569   964  1663 V WindowManager: Looking for focus: 5 = Window{fa8f8e8 u0 StatusBar}, flags=-2122055608, canReceive=false
04-20 16:34:32.060820   964  1663 V WindowManager: findFocusedWindow: Found new focus @ 1 = Window{47ffe84 u0 com.android.launcher3/com.android.launcher3.Launcher}
04-20 16:34:32.070004   964  1663 V WindowManager: Set focused app to: AppWindowToken{11b5e68 token=Token{48ff4d ActivityRecord{725d277 u0 com.android.settings/.Settings t67}}} old focus=AppWindowToken{2be50b3 token=Token{115e96 ActivityRecord{6401458 u0 com.android.launcher3/.Launcher t31}}} moveFocusNow=true
04-20 16:34:32.071436   964  1663 V WindowManager: Looking for focus: 5 = Window{fa8f8e8 u0 StatusBar}, flags=-2122055608, canReceive=false
04-20 16:34:32.071663   964  1663 V WindowManager: findFocusedWindow: Reached focused app=AppWindowToken{11b5e68 token=Token{48ff4d ActivityRecord{725d277 u0 com.android.settings/.Settings t67}}}
04-20 16:34:32.072595   964  1663 V WindowManager: Changing focus from Window{47ffe84 u0 com.android.launcher3/com.android.launcher3.Launcher} to null Callers=com.android.server.wm.WindowManagerService.setFocusedApp:4469 com.android.server.am.ActivityManagerService.setFocusedActivityLocked:2823 com.android.server.am.ActivityStackSupervisor.startActivityUncheckedLocked:2815 com.android.server.am.ActivityStackSupervisor.startActivityLocked:1821 
04-20 16:34:32.072849   964  1663 D WindowManager: Input focus has changed to null
04-20 16:34:32.075850   964   987 D WindowManager: addWindowToListInOrderLocked: win=Window{cb05f26 u0 Starting com.android.settings} Callers=com.android.server.wm.WindowManagerService.addWindow:2771 com.android.server.wm.Session.addToDisplay:171 android.view.ViewRootImpl.setView:643 android.view.WindowManagerGlobal.addView:319 
04-20 16:34:32.077496   964  2089 V ActivityManager: Broadcast: Intent { act=com.android.launcher3.action.LAUNCH flg=0x10 (has extras) } ordered=false userid=0 callerApp=ProcessRecord{2f1a840 1654:com.android.launcher3/u0a14}
04-20 16:34:32.080849   964   982 V BroadcastQueue: Processing ordered broadcast [background] BroadcastRecord{b2555bd u0 com.android.launcher3.action.LAUNCH}, 1 receivers
04-20 16:34:32.081284   964   982 D BroadcastQueue: BroadcastRecord{b2555bd u0 com.android.launcher3.action.LAUNCH}, #0 ActivityInfo{a06ca58 com.google.android.search.core.icingsync.ApplicationLaunchReceiver}
04-20 16:34:32.081728   964   982 W BroadcastQueue: Permission Denial: broadcasting Intent { act=com.android.launcher3.action.LAUNCH flg=0x10 (has extras) } from com.android.launcher3 (pid=1654, uid=10014) requires com.google.android.launcher.permission.RECEIVE_LAUNCH_BROADCASTS due to receiver com.google.android.googlequicksearchbox/com.google.android.search.core.icingsync.ApplicationLaunchReceiver
04-20 16:34:32.082263   964   982 D BroadcastQueue: Non-ordered [background] BroadcastRecord{b2555bd u0 com.android.launcher3.action.LAUNCH}, 1 receivers, Total: 2, Waiting: 1, Processing: 1
04-20 16:34:32.084843   964   987 I WindowStateAnimator:   CREATE SURFACE Surface(name=Starting com.android.settings) IN SESSION android.view.SurfaceSession@cfb7c3d: pid=964 format=-1 flags=0x404 / WindowStateAnimator{c3347b2 Starting com.android.settings}
04-20 16:34:32.086025   964   987 V WindowManager: Looking for focus: 6 = Window{fa8f8e8 u0 StatusBar}, flags=-2122055608, canReceive=false
04-20 16:34:32.086259   964   987 V WindowManager: findFocusedWindow: Reached focused app=AppWindowToken{11b5e68 token=Token{48ff4d ActivityRecord{725d277 u0 com.android.settings/.Settings t67}}}
04-20 16:34:32.086636  1654  1654 D ActivityThread: ACT-AM_ON_PAUSE_CALLED ActivityRecord{42020ea token=android.os.BinderProxy@ab17fdb {com.android.launcher3/com.android.launcher3.Launcher}}
04-20 16:34:32.087608   964   975 D ActivityManager: ACT-paused: token=Token{115e96 ActivityRecord{6401458 u0 com.android.launcher3/.Launcher t31}}, timeout=false
04-20 16:34:32.087818   964   975 D ActivityManager: ACT-IDLE_NOW_MSG from completePauseLocked for mStoppingActivities.size() > 3
04-20 16:34:32.119682   964   987 V WindowStateAnimator: finishDrawingLocked: mDrawState=COMMIT_DRAW_PENDING WindowStateAnimator{c3347b2 Starting com.android.settings} in Surface(name=Starting com.android.settings)
04-20 16:34:32.120945   964   987 I WindowManager: Focus moving from Window{47ffe84 u0 com.android.launcher3/com.android.launcher3.Launcher} to null
04-20 16:34:32.121087   964   987 I WindowManager: Losing focus: Window{47ffe84 u0 com.android.launcher3/com.android.launcher3.Launcher}
04-20 16:34:32.138762   964   975 I ActivityManager: Start proc 15287:com.android.settings/1000 for activity com.android.settings/.Settings
04-20 16:34:32.139037   964   975 D ActivityManager: Delay resumeKeyDispatchingLocked() to avoid deadlock.
04-20 16:34:32.140432  1654  1654 D ActivityThread: ACT-PAUSE_ACTIVITY handled : 1 / android.os.BinderProxy@ab17fdb
04-20 16:34:32.354036   964   979 D ActivityManager: ACT-attachApplication pid 15287 to thread android.app.ApplicationThreadProxy@759f303
04-20 16:34:32.360323   964   979 V WindowManager: setAppVisibility(Token{48ff4d ActivityRecord{725d277 u0 com.android.settings/.Settings t67}}, visible=true): mNextAppTransition=TRANSIT_TASK_OPEN hidden=true hiddenRequested=true Callers=com.android.server.am.ActivityStackSupervisor.realStartActivityLocked:1293 com.android.server.am.ActivityStackSupervisor.attachApplicationLocked:717 com.android.server.am.ActivityManagerService.attachApplicationLocked:6794 com.android.server.am.ActivityManagerService.attachApplication:6863 android.app.ActivityManagerNative.onTransact:513 com.android.server.am.ActivityManagerService.onTransact:2621 
04-20 16:34:32.371313   964   979 V WindowManager: setAppVisibility(Token{115e96 ActivityRecord{6401458 u0 com.android.launcher3/.Launcher t31}}, visible=false): mNextAppTransition=TRANSIT_TASK_OPEN hidden=false hiddenRequested=false Callers=com.android.server.am.ActivityStack.setVisible:1295 com.android.server.am.ActivityStack.ensureActivitiesVisibleLocked:1654 com.android.server.am.ActivityStackSupervisor.ensureActivitiesVisibleLocked:3722 com.android.server.am.ActivityManagerService.updateConfigurationLocked:18749 com.android.server.am.ActivityStackSupervisor.realStartActivityLocked:1309 com.android.server.am.ActivityStackSupervisor.attachApplicationLocked:717 
04-20 16:34:32.376441   964   979 D ActivityManager: ACT-AM_RESTART_ACTIVITY ActivityRecord{725d277 u0 com.android.settings/.Settings t67} Task:67
04-20 16:34:32.380633   964   979 V WindowManager: **** GOOD TO GO
04-20 16:34:32.385044   964   979 V WindowManager: Looking for focus: 6 = Window{fa8f8e8 u0 StatusBar}, flags=-2122055608, canReceive=false
04-20 16:34:32.385184   964   979 V WindowManager: findFocusedWindow: No focusable windows.
