04-20 16:33:54.753662  1102  1102 D ActivityThread: BDC-Calling onReceive: intent=Intent { act=android.intent.action.BATTERY_CHANGED flg=0x60000010 (has extras) }, ordered=true, receiver=com.android.systemui.BatteryMeterView$BatteryTracker@5fc7f81, IIntentReceiver=42408b
04-20 16:33:54.753740   964   982 D BroadcastQueue: BroadcastRecord{423e016 u-1 android.intent.action.BATTERY_CHANGED}, #10 BroadcastFilter{64ab3d1 u0 ReceiverList{b0a72f8 1102 com.android.systemui/10022/u0 remote:458aa5b}}
04-20 16:33:54.754167  1576  1576 D ActivityThread: BDC-Calling onReceive: intent=Intent { act=android.intent.action.BATTERY_CHANGED flg=0x60000010 (has extras) }, ordered=true, receiver=com.mediatek.internal.telephony.dataconnection.FdManager$1@8cc18b4, IIntentReceiver=2112613
04-20 16:33:54.755538   964   982 D BroadcastQueue: BDC-Delivering broadcast: Intent { act=android.intent.action.BATTERY_CHANGED flg=0x60000010 (has extras) }, queue=background, ordered=false, filter=BroadcastFilter{64ab3d1 u0 ReceiverList{b0a72f8 1102 com.android.systemui/10022/u0 remote:458aa5b}}, receiver=null
04-20 16:33:54.756510  1102  1102 D ActivityThread: BDC-Calling onReceive: intent=Intent { act=android.intent.action.BATTERY_CHANGED flg=0x60000010 (has extras) }, ordered=true, receiver=com.android.systemui.BatteryMeterView$BatteryTracker@29487ac, IIntentReceiver=a22aa75
04-20 16:33:54.758050   964   982 D BroadcastQueue: BroadcastRecord{423e016 u-1 android.intent.action.BATTERY_CHANGED}, #11 BroadcastFilter{78acad1 u0 ReceiverList{d7085f8 1576 com.android.phone/1001/u0 remote:50f295b}}
04-20 16:33:54.758461   964   982 D BroadcastQueue: BDC-Delivering broadcast: Intent { act=android.intent.action.BATTERY_CHANGED flg=0x60000010 (has extras) }, queue=background, ordered=false, filter=BroadcastFilter{78acad1 u0 ReceiverList{d7085f8 1576 com.android.phone/1001/u0 remote:50f295b}}, receiver=null
04-20 16:33:54.759812  1576  1576 D ActivityThread: BDC-Calling onReceive: intent=Intent { act=android.intent.action.BATTERY_CHANGED flg=0x60000010 (has extras) }, ordered=true, receiver=com.mediatek.internal.telephony.dataconnection.FdManager$1@b5bbe58, IIntentReceiver=b17c009
04-20 16:33:54.760724   964   982 D BroadcastQueue: BroadcastRecord{423e016 u-1 android.intent.action.BATTERY_CHANGED}, #12 BroadcastFilter{ac55590 u0 ReceiverList{6ed9853 1529 com.google.android.gms.persistent/10010/u0 remote:103f042}}
04-20 16:33:54.761219   964   982 D BroadcastQueue: BDC-Delivering broadcast: Intent { act=android.intent.action.BATTERY_CHANGED flg=0x60000010 (has extras) }, queue=background, ordered=false, filter=BroadcastFilter{ac55590 u0 ReceiverList{6ed9853 1529 com.google.android.gms.persistent/10010/u0 remote:103f042}}, receiver=null
04-20 16:33:54.762428   964   982 D BroadcastQueue: BroadcastRecord{423e016 u-1 android.intent.action.BATTERY_CHANGED}, #13 BroadcastFilter{b595e4b u0 ReceiverList{e7bb31a 1529 com.google.android.gms.persistent/10010/u0 remote:a782dc5}}
04-20 16:33:54.762777  1529  1855 D ActivityThread: BDC-Calling onReceive: intent=Intent { act=android.intent.action.BATTERY_CHANGED flg=0x60000010 (has extras) }, ordered=true, receiver=com.google.android.location.fused.as@6e8aacd, IIntentReceiver=237902c
04-20 16:33:54.762867   964   982 D BroadcastQueue: BDC-Delivering broadcast: Intent { act=android.intent.action.BATTERY_CHANGED flg=0x60000010 (has extras) }, queue=background, ordered=false, filter=BroadcastFilter{b595e4b u0 ReceiverList{e7bb31a 1529 com.google.android.gms.persistent/10010/u0 remote:a782dc5}}, receiver=null
04-20 16:33:54.765729  1529  1529 D ActivityThread: BDC-Calling onReceive: intent=Intent { act=android.intent.action.BATTERY_CHANGED flg=0x60000010 (has extras) }, ordered=true, receiver=com.google.android.location.os.real.z@29bb4, IIntentReceiver=6803b52
04-20 16:33:54.766575   964   982 D BroadcastQueue: BroadcastRecord{423e016 u-1 android.intent.action.BATTERY_CHANGED}, #14 BroadcastFilter{2666d57 u0 ReceiverList{b1ea6d6 9526 com.android.bluetooth/1002/u0 remote:75beaf1}}
04-20 16:33:54.766974   964   982 D BroadcastQueue: BDC-Delivering broadcast: Intent { act=android.intent.action.BATTERY_CHANGED flg=0x60000010 (has extras) }, queue=background, ordered=false, filter=BroadcastFilter{2666d57 u0 ReceiverList{b1ea6d6 9526 com.android.bluetooth/1002/u0 remote:75beaf1}}, receiver=null
04-20 16:33:54.768557   964   982 D BroadcastQueue: Non-ordered [background] BroadcastRecord{423e016 u-1 android.intent.action.BATTERY_CHANGED}, 15 receivers, Total: 32, Waiting: 0, Processing: 32
04-20 16:33:54.768759  9526  9526 D ActivityThread: BDC-Calling onReceive: intent=Intent { act=android.intent.action.BATTERY_CHANGED flg=0x60000010 (has extras) }, ordered=true, receiver=com.android.bluetooth.hfp.HeadsetService$1@deeda3e, IIntentReceiver=4c8674d
04-20 16:33:54.780210  1102  1102 D ActivityThread: BDC-Calling onReceive: intent=Intent { act=android.intent.action.BATTERY_CHANGED flg=0x60000010 (has extras) }, ordered=true, receiver=com.android.systemui.BatteryMeterView$BatteryTracker@8634af1, IIntentReceiver=7caa5f3
04-20 16:33:54.830833   964  1663 D PowerManagerService: releaseWakeLockInternal: lock=114674079 [AudioMix], flags=0x0, total_time=3005ms
04-20 16:33:54.831305   964  1663 D PowerManagerNotifier: onWakeLockReleased: flags=1, tag="AudioMix", packageName=media, ownerUid=1013, ownerPid=0, workSource=null
04-20 16:33:54.831819   964  1663 D PowerManagerService: updateWakeLockSummaryLocked: mWakefulness=Awake, mWakeLockSummary=0x1
04-20 16:33:54.832182   964  1663 D PowerManagerService: updateUserActivitySummaryLocked: mWakefulness=Awake, mUserActivitySummary=0x1, nextTimeout=22376864 (in 52885 ms)
04-20 16:33:54.832780   964  1663 D DisplayPowerController: requestPowerState: policy=BRIGHT, useProximitySensor=false, screenBrightness=102, screenAutoBrightnessAdjustment=0.0, brightnessSetByUser=true, useAutoBrightness=false, blockScreenOn=false, lowPowerMode=false, boostScreenBrightness=false, dozeScreenBrightness=-1, dozeScreenState=UNKNOWN, waitForNegativeProximity=false
04-20 16:33:54.832935   964  1663 I PowerManagerService: setBrightness mButtonLight 0.
04-20 16:33:54.833163   964  1663 D PowerManagerService: updateDisplayPowerStateLocked: mDisplayReady=true, policy=3, mWakefulness=1, mWakeLockSummary=0x1, mUserActivitySummary=0x1, mBootCompleted=true, mScreenBrightnessBoostInProgress=false
04-20 16:33:54.852311   964  2088 D PowerManagerService: acquireWakeLockInternal: lock=221862968, flags=0x1, tag="*vibrator*", ws=WorkSource{10006}, uid=1000, pid=964
04-20 16:33:54.852889   964  2088 D PowerManagerService: updateWakeLockSummaryLocked: mWakefulness=Awake, mWakeLockSummary=0x1
04-20 16:33:54.853270   964  2088 D PowerManagerService: updateUserActivitySummaryLocked: mWakefulness=Awake, mUserActivitySummary=0x1, nextTimeout=22376864 (in 52864 ms)
04-20 16:33:54.853628   964  2088 D DisplayPowerController: requestPowerState: policy=BRIGHT, useProximitySensor=false, screenBrightness=102, screenAutoBrightnessAdjustment=0.0, brightnessSetByUser=true, useAutoBrightness=false, blockScreenOn=false, lowPowerMode=false, boostScreenBrightness=false, dozeScreenBrightness=-1, dozeScreenState=UNKNOWN, waitForNegativeProximity=false
04-20 16:33:54.853746   964  2088 I PowerManagerService: setBrightness mButtonLight 0.
04-20 16:33:54.853948   964  2088 D PowerManagerService: updateDisplayPowerStateLocked: mDisplayReady=true, policy=3, mWakefulness=1, mWakeLockSummary=0x1, mUserActivitySummary=0x1, mBootCompleted=true, mScreenBrightnessBoostInProgress=false
04-20 16:33:54.854289   964  2088 D PowerManagerNotifier: onWakeLockAcquired: flags=1, tag="*vibrator*", packageName=android, ownerUid=1000, ownerPid=964, workSource=WorkSource{10006}
04-20 16:33:54.889604   964  1162 D ActivityManager: getContentProviderImpl: from caller=android.app.ApplicationThreadProxy@1132c33 (pid=15015, userId=0) to get content provider com.android.contacts cpr=ContentProviderRecord{f392ecb u0 com.android.providers.contacts/.ContactsProvider2}
04-20 16:33:54.890090   964  1162 D ActivityManager: getContentProviderImpl: updateLruProcessLocked cpr.proc=ProcessRecord{931ccf4 15035:android.process.acore/u0a3}
04-20 16:33:54.891940 15015 15072 D ActivityThread: holder:android.app.IActivityManager$ContentProviderHolder@1a775fc, holder.provider:android.content.ContentProviderProxy@7283485
04-20 16:33:54.918105   964 15091 D PowerManagerService: releaseWakeLockInternal: lock=221862968 [*vibrator*], flags=0x0, total_time=65ms
04-20 16:33:54.918465   964 15091 D PowerManagerNotifier: onWakeLockReleased: flags=1, tag="*vibrator*", packageName=android, ownerUid=1000, ownerPid=964, workSource=WorkSource{10006}
04-20 16:33:54.918840   964 15091 D PowerManagerService: updateWakeLockSummaryLocked: mWakefulness=Awake, mWakeLockSummary=0x1
04-20 16:33:54.919207   964 15091 D PowerManagerService: updateUserActivitySummaryLocked: mWakefulness=Awake, mUserActivitySummary=0x1, nextTimeout=22376864 (in 52798 ms)
04-20 16:33:54.919681   964 15091 D DisplayPowerController: requestPowerState: policy=BRIGHT, useProximitySensor=false, screenBrightness=102, screenAutoBrightnessAdjustment=0.0, brightnessSetByUser=true, useAutoBrightness=false, blockScreenOn=false, lowPowerMode=false, boostScreenBrightness=false, dozeScreenBrightness=-1, dozeScreenState=UNKNOWN, waitForNegativeProximity=false
04-20 16:33:54.919781   964 15091 I PowerManagerService: setBrightness mButtonLight 0.
04-20 16:33:54.919990   964 15091 D PowerManagerService: updateDisplayPowerStateLocked: mDisplayReady=true, policy=3, mWakefulness=1, mWakeLockSummary=0x1, mUserActivitySummary=0x1, mBootCompleted=true, mScreenBrightnessBoostInProgress=false
04-20 16:33:54.990126   964  1663 V ActivityManager: Broadcast sticky: Intent { act=android.intent.action.SIG_STR flg=0x20000010 (has extras) } ordered=false userid=-1 callerApp=ProcessRecord{7b8ebd8 964:system/1000}
04-20 16:33:55.365799   964   982 D ActivityManager: Skip SERVICE_TIMEOUT ANR due to DexOpt performing: ProcessRecord{8916be0 0:com.fw.upgrade.sysoper/1000}
04-20 16:33:55.528311   964  1006 D PowerManagerService: userActivityFromNative
04-20 16:33:55.528745   964  1006 D PowerManagerService: userActivityNoUpdateLocked: eventTime=22324673, event=2, flags=0x0, uid=1000
04-20 16:33:55.529086   964  1006 D PowerManagerNotifier: onUserActivity: event=2, uid=1000
04-20 16:33:55.529670   964  1006 D PowerManagerService: updateUserActivitySummaryLocked: mWakefulness=Awake, mUserActivitySummary=0x1, nextTimeout=22377673 (in 52996 ms)
04-20 16:33:55.531109   964  1006 D DisplayPowerController: requestPowerState: policy=BRIGHT, useProximitySensor=false, screenBrightness=102, screenAutoBrightnessAdjustment=0.0, brightnessSetByUser=true, useAutoBrightness=false, blockScreenOn=false, lowPowerMode=false, boostScreenBrightness=false, dozeScreenBrightness=-1, dozeScreenState=UNKNOWN, waitForNegativeProximity=false
04-20 16:33:55.531278   964  1006 I PowerManagerService: setBrightness mButtonLight 0.
04-20 16:33:55.531640   964  1006 D PowerManagerService: updateDisplayPowerStateLocked: mDisplayReady=true, policy=3, mWakefulness=1, mWakeLockSummary=0x1, mUserActivitySummary=0x1, mBootCompleted=true, mScreenBrightnessBoostInProgress=false
04-20 16:33:55.639191   964  1747 D PowerManagerService: acquireWakeLockInternal: lock=221862968, flags=0x1, tag="*vibrator*", ws=WorkSource{10006}, uid=1000, pid=964
04-20 16:33:55.639474   964  1747 D PowerManagerService: updateWakeLockSummaryLocked: mWakefulness=Awake, mWakeLockSummary=0x1
04-20 16:33:55.639867   964  1747 D PowerManagerService: updateUserActivitySummaryLocked: mWakefulness=Awake, mUserActivitySummary=0x1, nextTimeout=22377673 (in 52886 ms)
04-20 16:33:55.640345   964  1747 D DisplayPowerController: requestPowerState: policy=BRIGHT, useProximitySensor=false, screenBrightness=102, screenAutoBrightnessAdjustment=0.0, brightnessSetByUser=true, useAutoBrightness=false, blockScreenOn=false, lowPowerMode=false, boostScreenBrightness=false, dozeScreenBrightness=-1, dozeScreenState=UNKNOWN, waitForNegativeProximity=false
04-20 16:33:55.640467   964  1747 I PowerManagerService: setBrightness mButtonLight 0.
04-20 16:33:55.640815   964  1747 D PowerManagerService: updateDisplayPowerStateLocked: mDisplayReady=true, policy=3, mWakefulness=1, mWakeLockSummary=0x1, mUserActivitySummary=0x1, mBootCompleted=true, mScreenBrightnessBoostInProgress=false
04-20 16:33:55.641250   964  1747 D PowerManagerNotifier: onWakeLockAcquired: flags=1, tag="*vibrator*", packageName=android, ownerUid=1000, ownerPid=964, workSource=WorkSource{10006}
04-20 16:33:55.669197   964  8872 D ActivityManager: getContentProviderImpl: from caller=android.app.ApplicationThreadProxy@f138bf0 (pid=15015, userId=0) to get content provider com.android.contacts cpr=ContentProviderRecord{f392ecb u0 com.android.providers.contacts/.ContactsProvider2}
04-20 16:33:55.669902   964  8872 D ActivityManager: getContentProviderImpl: updateLruProcessLocked cpr.proc=ProcessRecord{931ccf4 15035:android.process.acore/u0a3}
04-20 16:33:55.672214 15015 15076 D ActivityThread: holder:android.app.IActivityManager$ContentProviderHolder@dd6f3d, holder.provider:android.content.ContentProviderProxy@c5b2332
04-20 16:33:55.706285   964 15092 D PowerManagerService: releaseWakeLockInternal: lock=221862968 [*vibrator*], flags=0x0, total_time=66ms
04-20 16:33:55.706618   964 15092 D PowerManagerNotifier: onWakeLockReleased: flags=1, tag="*vibrator*", packageName=android, ownerUid=1000, ownerPid=964, workSource=WorkSource{10006}
04-20 16:33:55.706950   964 15092 D PowerManagerService: updateWakeLockSummaryLocked: mWakefulness=Awake, mWakeLockSummary=0x1
04-20 16:33:55.707253   964 15092 D PowerManagerService: updateUserActivitySummaryLocked: mWakefulness=Awake, mUserActivitySummary=0x1, nextTimeout=22377673 (in 52819 ms)
04-20 16:33:55.707720   964 15092 D DisplayPowerController: requestPowerState: policy=BRIGHT, useProximitySensor=false, screenBrightness=102, screenAutoBrightnessAdjustment=0.0, brightnessSetByUser=true, useAutoBrightness=false, blockScreenOn=false, lowPowerMode=false, boostScreenBrightness=false, dozeScreenBrightness=-1, dozeScreenState=UNKNOWN, waitForNegativeProximity=false
04-20 16:33:55.707832   964 15092 I PowerManagerService: setBrightness mButtonLight 0.
04-20 16:33:55.708033   964 15092 D PowerManagerService: updateDisplayPowerStateLocked: mDisplayReady=true, policy=3, mWakefulness=1, mWakeLockSummary=0x1, mUserActivitySummary=0x1, mBootCompleted=true, mScreenBrightnessBoostInProgress=false
04-20 16:33:56.081204   964  1006 D PowerManagerService: userActivityFromNative
04-20 16:33:56.081551   964  1006 D PowerManagerService: userActivityNoUpdateLocked: eventTime=22325226, event=2, flags=0x0, uid=1000
04-20 16:33:56.081741   964  1006 D PowerManagerNotifier: onUserActivity: event=2, uid=1000
04-20 16:33:56.082466   964  1006 D PowerManagerService: updateUserActivitySummaryLocked: mWakefulness=Awake, mUserActivitySummary=0x1, nextTimeout=22378226 (in 52997 ms)
04-20 16:33:56.083002   964  1006 D DisplayPowerController: requestPowerState: policy=BRIGHT, useProximitySensor=false, screenBrightness=102, screenAutoBrightnessAdjustment=0.0, brightnessSetByUser=true, useAutoBrightness=false, blockScreenOn=false, lowPowerMode=false, boostScreenBrightness=false, dozeScreenBrightness=-1, dozeScreenState=UNKNOWN, waitForNegativeProximity=false
04-20 16:33:56.083135   964  1006 I PowerManagerService: setBrightness mButtonLight 0.
04-20 16:33:56.083999   964  1006 D PowerManagerService: updateDisplayPowerStateLocked: mDisplayReady=true, policy=3, mWakefulness=1, mWakeLockSummary=0x1, mUserActivitySummary=0x1, mBootCompleted=true, mScreenBrightnessBoostInProgress=false
04-20 16:33:56.189309   964  8872 D PowerManagerService: acquireWakeLockInternal: lock=221862968, flags=0x1, tag="*vibrator*", ws=WorkSource{10006}, uid=1000, pid=964
04-20 16:33:56.189606   964  8872 D PowerManagerService: updateWakeLockSummaryLocked: mWakefulness=Awake, mWakeLockSummary=0x1
04-20 16:33:56.190111   964  8872 D PowerManagerService: updateUserActivitySummaryLocked: mWakefulness=Awake, mUserActivitySummary=0x1, nextTimeout=22378226 (in 52889 ms)
04-20 16:33:56.190530   964  8872 D DisplayPowerController: requestPowerState: policy=BRIGHT, useProximitySensor=false, screenBrightness=102, screenAutoBrightnessAdjustment=0.0, brightnessSetByUser=true, useAutoBrightness=false, blockScreenOn=false, lowPowerMode=false, boostScreenBrightness=false, dozeScreenBrightness=-1, dozeScreenState=UNKNOWN, waitForNegativeProximity=false
04-20 16:33:56.190652   964  8872 I PowerManagerService: setBrightness mButtonLight 0.
04-20 16:33:56.190888   964  8872 D PowerManagerService: updateDisplayPowerStateLocked: mDisplayReady=true, policy=3, mWakefulness=1, mWakeLockSummary=0x1, mUserActivitySummary=0x1, mBootCompleted=true, mScreenBrightnessBoostInProgress=false
04-20 16:33:56.191288   964  8872 D PowerManagerNotifier: onWakeLockAcquired: flags=1, tag="*vibrator*", packageName=android, ownerUid=1000, ownerPid=964, workSource=WorkSource{10006}
04-20 16:33:56.218272   964  1747 D ActivityManager: getContentProviderImpl: from caller=android.app.ApplicationThreadProxy@b95e569 (pid=15015, userId=0) to get content provider com.android.contacts cpr=ContentProviderRecord{f392ecb u0 com.android.providers.contacts/.ContactsProvider2}
04-20 16:33:56.218837   964  1747 D ActivityManager: getContentProviderImpl: updateLruProcessLocked cpr.proc=ProcessRecord{931ccf4 15035:android.process.acore/u0a3}
04-20 16:33:56.223281 15015 15074 D ActivityThread: holder:android.app.IActivityManager$ContentProviderHolder@8afe68a, holder.provider:android.content.ContentProviderProxy@3df64fb
04-20 16:33:56.258964   964 15093 D PowerManagerService: releaseWakeLockInternal: lock=221862968 [*vibrator*], flags=0x0, total_time=69ms
04-20 16:33:56.259259   964 15093 D PowerManagerNotifier: onWakeLockReleased: flags=1, tag="*vibrator*", packageName=android, ownerUid=1000, ownerPid=964, workSource=WorkSource{10006}
04-20 16:33:56.259559   964 15093 D PowerManagerService: updateWakeLockSummaryLocked: mWakefulness=Awake, mWakeLockSummary=0x1
04-20 16:33:56.259857   964 15093 D PowerManagerService: updateUserActivitySummaryLocked: mWakefulness=Awake, mUserActivitySummary=0x1, nextTimeout=22378226 (in 52819 ms)
04-20 16:33:56.260238   964 15093 D DisplayPowerController: requestPowerState: policy=BRIGHT, useProximitySensor=false, screenBrightness=102, screenAutoBrightnessAdjustment=0.0, brightnessSetByUser=true, useAutoBrightness=false, blockScreenOn=false, lowPowerMode=false, boostScreenBrightness=false, dozeScreenBrightness=-1, dozeScreenState=UNKNOWN, waitForNegativeProximity=false
04-20 16:33:56.260320   964 15093 I PowerManagerService: setBrightness mButtonLight 0.
04-20 16:33:56.260500   964 15093 D PowerManagerService: updateDisplayPowerStateLocked: mDisplayReady=true, policy=3, mWakefulness=1, mWakeLockSummary=0x1, mUserActivitySummary=0x1, mBootCompleted=true, mScreenBrightnessBoostInProgress=false
04-20 16:33:56.358276   964  1927 D PowerManagerService: releaseWakeLockInternal: lock=104723136 [AudioMix], flags=0x0, total_time=8153ms
04-20 16:33:56.358615   964  1927 D PowerManagerNotifier: onWakeLockReleased: flags=1, tag="AudioMix", packageName=media, ownerUid=1013, ownerPid=0, workSource=null
04-20 16:33:56.358990   964  1927 D PowerManagerService: updateWakeLockSummaryLocked: mWakefulness=Awake, mWakeLockSummary=0x0
04-20 16:33:56.359263   964  1927 D PowerManagerService: updateUserActivitySummaryLocked: mWakefulness=Awake, mUserActivitySummary=0x1, nextTimeout=22378226 (in 52720 ms)
04-20 16:33:56.359602   964  1927 D DisplayPowerController: requestPowerState: policy=BRIGHT, useProximitySensor=false, screenBrightness=102, screenAutoBrightnessAdjustment=0.0, brightnessSetByUser=true, useAutoBrightness=false, blockScreenOn=false, lowPowerMode=false, boostScreenBrightness=false, dozeScreenBrightness=-1, dozeScreenState=UNKNOWN, waitForNegativeProximity=false
04-20 16:33:56.359685   964  1927 I PowerManagerService: setBrightness mButtonLight 0.
04-20 16:33:56.359861   964  1927 D PowerManagerService: updateDisplayPowerStateLocked: mDisplayReady=true, policy=3, mWakefulness=1, mWakeLockSummary=0x0, mUserActivitySummary=0x1, mBootCompleted=true, mScreenBrightnessBoostInProgress=false
04-20 16:33:56.360039   964  1927 D PowerManagerService: Releasing suspend blocker "PowerManagerService.WakeLocks".
04-20 16:33:56.693889   964  1006 D PowerManagerService: userActivityFromNative
04-20 16:33:56.694244   964  1006 D PowerManagerService: userActivityNoUpdateLocked: eventTime=22325839, event=2, flags=0x0, uid=1000
04-20 16:33:56.694441   964  1006 D PowerManagerNotifier: onUserActivity: event=2, uid=1000
04-20 16:33:56.695069   964  1006 D PowerManagerService: updateUserActivitySummaryLocked: mWakefulness=Awake, mUserActivitySummary=0x1, nextTimeout=22378839 (in 52997 ms)
04-20 16:33:56.695756   964  1006 D DisplayPowerController: requestPowerState: policy=BRIGHT, useProximitySensor=false, screenBrightness=102, screenAutoBrightnessAdjustment=0.0, brightnessSetByUser=true, useAutoBrightness=false, blockScreenOn=false, lowPowerMode=false, boostScreenBrightness=false, dozeScreenBrightness=-1, dozeScreenState=UNKNOWN, waitForNegativeProximity=false
04-20 16:33:56.695883   964  1006 I PowerManagerService: setBrightness mButtonLight 0.
04-20 16:33:56.696238   964  1006 D PowerManagerService: updateDisplayPowerStateLocked: mDisplayReady=true, policy=3, mWakefulness=1, mWakeLockSummary=0x0, mUserActivitySummary=0x1, mBootCompleted=true, mScreenBrightnessBoostInProgress=false
04-20 16:33:56.713189   964  1582 D PowerManagerService: acquireWakeLockInternal: lock=49208302, flags=0x1, tag="AudioMix", ws=null, uid=1013, pid=0
04-20 16:33:56.713562   964  1582 D PowerManagerService: updateWakeLockSummaryLocked: mWakefulness=Awake, mWakeLockSummary=0x1
04-20 16:33:56.713961   964  1582 D PowerManagerService: updateUserActivitySummaryLocked: mWakefulness=Awake, mUserActivitySummary=0x1, nextTimeout=22378839 (in 52978 ms)
04-20 16:33:56.714475   964  1582 D DisplayPowerController: requestPowerState: policy=BRIGHT, useProximitySensor=false, screenBrightness=102, screenAutoBrightnessAdjustment=0.0, brightnessSetByUser=true, useAutoBrightness=false, blockScreenOn=false, lowPowerMode=false, boostScreenBrightness=false, dozeScreenBrightness=-1, dozeScreenState=UNKNOWN, waitForNegativeProximity=false
04-20 16:33:56.714647   964  1582 I PowerManagerService: setBrightness mButtonLight 0.
04-20 16:33:56.715349   964  1582 D PowerManagerService: updateDisplayPowerStateLocked: mDisplayReady=true, policy=3, mWakefulness=1, mWakeLockSummary=0x1, mUserActivitySummary=0x1, mBootCompleted=true, mScreenBrightnessBoostInProgress=false
04-20 16:33:56.715720   964  1582 D PowerManagerService: Acquiring suspend blocker "PowerManagerService.WakeLocks".
04-20 16:33:56.716112   964  1582 D PowerManagerNotifier: onWakeLockAcquired: flags=1, tag="AudioMix", packageName=media, ownerUid=1013, ownerPid=0, workSource=null
04-20 16:33:56.731703   964  2089 D PowerManagerService: acquireWakeLockInternal: lock=221862968, flags=0x1, tag="*vibrator*", ws=WorkSource{10006}, uid=1000, pid=964
04-20 16:33:56.732126   964  2089 D PowerManagerService: updateWakeLockSummaryLocked: mWakefulness=Awake, mWakeLockSummary=0x1
04-20 16:33:56.733004   964  2089 D PowerManagerService: updateUserActivitySummaryLocked: mWakefulness=Awake, mUserActivitySummary=0x1, nextTimeout=22378839 (in 52959 ms)
04-20 16:33:56.733582   964  2089 D DisplayPowerController: requestPowerState: policy=BRIGHT, useProximitySensor=false, screenBrightness=102, screenAutoBrightnessAdjustment=0.0, brightnessSetByUser=true, useAutoBrightness=false, blockScreenOn=false, lowPowerMode=false, boostScreenBrightness=false, dozeScreenBrightness=-1, dozeScreenState=UNKNOWN, waitForNegativeProximity=false
04-20 16:33:56.735371   964  2089 I PowerManagerService: setBrightness mButtonLight 0.
04-20 16:33:56.735715   964  2089 D PowerManagerService: updateDisplayPowerStateLocked: mDisplayReady=true, policy=3, mWakefulness=1, mWakeLockSummary=0x1, mUserActivitySummary=0x1, mBootCompleted=true, mScreenBrightnessBoostInProgress=false
04-20 16:33:56.736487   964  2089 D PowerManagerNotifier: onWakeLockAcquired: flags=1, tag="*vibrator*", packageName=android, ownerUid=1000, ownerPid=964, workSource=WorkSource{10006}
04-20 16:33:56.764381   964  1843 D ActivityManager: getContentProviderImpl: from caller=android.app.ApplicationThreadProxy@eca588f (pid=15015, userId=0) to get content provider com.android.contacts cpr=ContentProviderRecord{f392ecb u0 com.android.providers.contacts/.ContactsProvider2}
04-20 16:33:56.764869   964  1843 D ActivityManager: getContentProviderImpl: updateLruProcessLocked cpr.proc=ProcessRecord{931ccf4 15035:android.process.acore/u0a3}
04-20 16:33:56.768156 15015 15078 D ActivityThread: holder:android.app.IActivityManager$ContentProviderHolder@78f7873, holder.provider:android.content.ContentProviderProxy@abb8330
04-20 16:33:56.800859   964 15094 D PowerManagerService: releaseWakeLockInternal: lock=221862968 [*vibrator*], flags=0x0, total_time=69ms
04-20 16:33:56.801198   964 15094 D PowerManagerNotifier: onWakeLockReleased: flags=1, tag="*vibrator*", packageName=android, ownerUid=1000, ownerPid=964, workSource=WorkSource{10006}
04-20 16:33:56.801546   964 15094 D PowerManagerService: updateWakeLockSummaryLocked: mWakefulness=Awake, mWakeLockSummary=0x1
04-20 16:33:56.801919   964 15094 D PowerManagerService: updateUserActivitySummaryLocked: mWakefulness=Awake, mUserActivitySummary=0x1, nextTimeout=22378839 (in 52890 ms)
04-20 16:33:56.802459   964 15094 D DisplayPowerController: requestPowerState: policy=BRIGHT, useProximitySensor=false, screenBrightness=102, screenAutoBrightnessAdjustment=0.0, brightnessSetByUser=true, useAutoBrightness=false, blockScreenOn=false, lowPowerMode=false, boostScreenBrightness=false, dozeScreenBrightness=-1, dozeScreenState=UNKNOWN, waitForNegativeProximity=false
04-20 16:33:56.802595   964 15094 I PowerManagerService: setBrightness mButtonLight 0.
04-20 16:33:56.802823   964 15094 D PowerManagerService: updateDisplayPowerStateLocked: mDisplayReady=true, policy=3, mWakefulness=1, mWakeLockSummary=0x1, mUserActivitySummary=0x1, mBootCompleted=true, mScreenBrightnessBoostInProgress=false
04-20 16:33:56.954703 15015 15075 D AudioTrack: audiotrack 0x7fb34d5980 stop done
04-20 16:33:57.039347   964  8872 D PowerManagerService: acquireWakeLockInternal: lock=12416796, flags=0x1, tag="AudioMix", ws=null, uid=1013, pid=0
04-20 16:33:57.039771   964  8872 D PowerManagerService: updateWakeLockSummaryLocked: mWakefulness=Awake, mWakeLockSummary=0x1
04-20 16:33:57.040226   964  8872 D PowerManagerService: updateUserActivitySummaryLocked: mWakefulness=Awake, mUserActivitySummary=0x1, nextTimeout=22378839 (in 52652 ms)
04-20 16:33:57.041694   964  8872 D DisplayPowerController: requestPowerState: policy=BRIGHT, useProximitySensor=false, screenBrightness=102, screenAutoBrightnessAdjustment=0.0, brightnessSetByUser=true, useAutoBrightness=false, blockScreenOn=false, lowPowerMode=false, boostScreenBrightness=false, dozeScreenBrightness=-1, dozeScreenState=UNKNOWN, waitForNegativeProximity=false
04-20 16:33:57.041908   964  8872 I PowerManagerService: setBrightness mButtonLight 0.
04-20 16:33:57.042591   964  8872 D PowerManagerService: updateDisplayPowerStateLocked: mDisplayReady=true, policy=3, mWakefulness=1, mWakeLockSummary=0x1, mUserActivitySummary=0x1, mBootCompleted=true, mScreenBrightnessBoostInProgress=false
04-20 16:33:57.043084   964  8872 D PowerManagerNotifier: onWakeLockAcquired: flags=1, tag="AudioMix", packageName=media, ownerUid=1013, ownerPid=0, workSource=null
04-20 16:33:57.160819   964  1663 D PowerManagerService: acquireWakeLockInternal: lock=221862968, flags=0x1, tag="*vibrator*", ws=WorkSource{10006}, uid=1000, pid=964
04-20 16:33:57.161140   964  1663 D PowerManagerService: updateWakeLockSummaryLocked: mWakefulness=Awake, mWakeLockSummary=0x1
04-20 16:33:57.161756   964  1663 D PowerManagerService: updateUserActivitySummaryLocked: mWakefulness=Awake, mUserActivitySummary=0x1, nextTimeout=22378839 (in 52530 ms)
04-20 16:33:57.162296   964  1663 D DisplayPowerController: requestPowerState: policy=BRIGHT, useProximitySensor=false, screenBrightness=102, screenAutoBrightnessAdjustment=0.0, brightnessSetByUser=true, useAutoBrightness=false, blockScreenOn=false, lowPowerMode=false, boostScreenBrightness=false, dozeScreenBrightness=-1, dozeScreenState=UNKNOWN, waitForNegativeProximity=false
04-20 16:33:57.162545   964  1663 I PowerManagerService: setBrightness mButtonLight 0.
04-20 16:33:57.163004   964  1663 D PowerManagerService: updateDisplayPowerStateLocked: mDisplayReady=true, policy=3, mWakefulness=1, mWakeLockSummary=0x1, mUserActivitySummary=0x1, mBootCompleted=true, mScreenBrightnessBoostInProgress=false
04-20 16:33:57.163741   964  1663 D PowerManagerNotifier: onWakeLockAcquired: flags=1, tag="*vibrator*", packageName=android, ownerUid=1000, ownerPid=964, workSource=WorkSource{10006}
04-20 16:33:57.205197   964  1006 D PowerManagerService: userActivityFromNative
04-20 16:33:57.205464   964  1006 D PowerManagerService: userActivityNoUpdateLocked: eventTime=22326351, event=2, flags=0x0, uid=1000
04-20 16:33:57.205754   964  1006 D PowerManagerNotifier: onUserActivity: event=2, uid=1000
04-20 16:33:57.206243   964  1006 D PowerManagerService: updateUserActivitySummaryLocked: mWakefulness=Awake, mUserActivitySummary=0x1, nextTimeout=22379351 (in 52998 ms)
04-20 16:33:57.208064   964  1006 D DisplayPowerController: requestPowerState: policy=BRIGHT, useProximitySensor=false, screenBrightness=102, screenAutoBrightnessAdjustment=0.0, brightnessSetByUser=true, useAutoBrightness=false, blockScreenOn=false, lowPowerMode=false, boostScreenBrightness=false, dozeScreenBrightness=-1, dozeScreenState=UNKNOWN, waitForNegativeProximity=false
04-20 16:33:57.208206   964  1006 I PowerManagerService: setBrightness mButtonLight 0.
04-20 16:33:57.208465   964  1006 D PowerManagerService: updateDisplayPowerStateLocked: mDisplayReady=true, policy=3, mWakefulness=1, mWakeLockSummary=0x1, mUserActivitySummary=0x1, mBootCompleted=true, mScreenBrightnessBoostInProgress=false
04-20 16:33:57.219043   964  1747 D ActivityManager: getContentProviderImpl: from caller=android.app.ApplicationThreadProxy@69e6f25 (pid=15015, userId=0) to get content provider com.android.contacts cpr=ContentProviderRecord{f392ecb u0 com.android.providers.contacts/.ContactsProvider2}
04-20 16:33:57.219811   964  1747 D ActivityManager: getContentProviderImpl: updateLruProcessLocked cpr.proc=ProcessRecord{931ccf4 15035:android.process.acore/u0a3}
04-20 16:33:57.225686 15015 15050 D ActivityThread: holder:android.app.IActivityManager$ContentProviderHolder@29f4c06, holder.provider:android.content.ContentProviderProxy@9a162c7
04-20 16:33:57.229331   964 15096 D PowerManagerService: releaseWakeLockInternal: lock=221862968 [*vibrator*], flags=0x0, total_time=68ms
04-20 16:33:57.229727   964 15096 D PowerManagerNotifier: onWakeLockReleased: flags=1, tag="*vibrator*", packageName=android, ownerUid=1000, ownerPid=964, workSource=WorkSource{10006}
04-20 16:33:57.230143   964 15096 D PowerManagerService: updateWakeLockSummaryLocked: mWakefulness=Awake, mWakeLockSummary=0x1
04-20 16:33:57.230489   964 15096 D PowerManagerService: updateUserActivitySummaryLocked: mWakefulness=Awake, mUserActivitySummary=0x1, nextTimeout=22379351 (in 52973 ms)
04-20 16:33:57.230958   964 15096 D DisplayPowerController: requestPowerState: policy=BRIGHT, useProximitySensor=false, screenBrightness=102, screenAutoBrightnessAdjustment=0.0, brightnessSetByUser=true, useAutoBrightness=false, blockScreenOn=false, lowPowerMode=false, boostScreenBrightness=false, dozeScreenBrightness=-1, dozeScreenState=UNKNOWN, waitForNegativeProximity=false
04-20 16:33:57.231205   964 15096 I PowerManagerService: setBrightness mButtonLight 0.
04-20 16:33:57.231566   964 15096 D PowerManagerService: updateDisplayPowerStateLocked: mDisplayReady=true, policy=3, mWakefulness=1, mWakeLockSummary=0x1, mUserActivitySummary=0x1, mBootCompleted=true, mScreenBrightnessBoostInProgress=false
04-20 16:33:57.367166 15015 15075 D AudioTrack: audiotrack 0x7fb34d5980 stop done
04-20 16:33:57.655080   964   976 D PowerManagerService: acquireWakeLockInternal: lock=221862968, flags=0x1, tag="*vibrator*", ws=WorkSource{10006}, uid=1000, pid=964
04-20 16:33:57.655422   964   976 D PowerManagerService: updateWakeLockSummaryLocked: mWakefulness=Awake, mWakeLockSummary=0x1
04-20 16:33:57.655767   964   976 D PowerManagerService: updateUserActivitySummaryLocked: mWakefulness=Awake, mUserActivitySummary=0x1, nextTimeout=22379351 (in 52548 ms)
04-20 16:33:57.656229   964   976 D DisplayPowerController: requestPowerState: policy=BRIGHT, useProximitySensor=false, screenBrightness=102, screenAutoBrightnessAdjustment=0.0, brightnessSetByUser=true, useAutoBrightness=false, blockScreenOn=false, lowPowerMode=false, boostScreenBrightness=false, dozeScreenBrightness=-1, dozeScreenState=UNKNOWN, waitForNegativeProximity=false
04-20 16:33:57.656346   964   976 I PowerManagerService: setBrightness mButtonLight 0.
04-20 16:33:57.656575   964   976 D PowerManagerService: updateDisplayPowerStateLocked: mDisplayReady=true, policy=3, mWakefulness=1, mWakeLockSummary=0x1, mUserActivitySummary=0x1, mBootCompleted=true, mScreenBrightnessBoostInProgress=false
04-20 16:33:57.656940   964   976 D PowerManagerNotifier: onWakeLockAcquired: flags=1, tag="*vibrator*", packageName=android, ownerUid=1000, ownerPid=964, workSource=WorkSource{10006}
04-20 16:33:57.705354   964  8872 D ActivityManager: getContentProviderImpl: from caller=android.app.ApplicationThreadProxy@2f0c8fa (pid=15015, userId=0) to get content provider com.android.contacts cpr=ContentProviderRecord{f392ecb u0 com.android.providers.contacts/.ContactsProvider2}
04-20 16:33:57.705882   964  8872 D ActivityManager: getContentProviderImpl: updateLruProcessLocked cpr.proc=ProcessRecord{931ccf4 15035:android.process.acore/u0a3}
04-20 16:33:57.710119 15015 15072 D ActivityThread: holder:android.app.IActivityManager$ContentProviderHolder@2417ebc, holder.provider:android.content.ContentProviderProxy@be86e45
04-20 16:33:57.718810   964  1006 D PowerManagerService: userActivityFromNative
04-20 16:33:57.719166   964  1006 D PowerManagerService: userActivityNoUpdateLocked: eventTime=22326864, event=2, flags=0x0, uid=1000
04-20 16:33:57.719392   964  1006 D PowerManagerNotifier: onUserActivity: event=2, uid=1000
04-20 16:33:57.719944   964  1006 D PowerManagerService: updateUserActivitySummaryLocked: mWakefulness=Awake, mUserActivitySummary=0x1, nextTimeout=22379864 (in 52997 ms)
04-20 16:33:57.720415   964  1006 D DisplayPowerController: requestPowerState: policy=BRIGHT, useProximitySensor=false, screenBrightness=102, screenAutoBrightnessAdjustment=0.0, brightnessSetByUser=true, useAutoBrightness=false, blockScreenOn=false, lowPowerMode=false, boostScreenBrightness=false, dozeScreenBrightness=-1, dozeScreenState=UNKNOWN, waitForNegativeProximity=false
04-20 16:33:57.720525   964  1006 I PowerManagerService: setBrightness mButtonLight 0.
04-20 16:33:57.720755   964  1006 D PowerManagerService: updateDisplayPowerStateLocked: mDisplayReady=true, policy=3, mWakefulness=1, mWakeLockSummary=0x1, mUserActivitySummary=0x1, mBootCompleted=true, mScreenBrightnessBoostInProgress=false
04-20 16:33:57.721383   964 15097 D PowerManagerService: releaseWakeLockInternal: lock=221862968 [*vibrator*], flags=0x0, total_time=66ms
04-20 16:33:57.721812   964 15097 D PowerManagerNotifier: onWakeLockReleased: flags=1, tag="*vibrator*", packageName=android, ownerUid=1000, ownerPid=964, workSource=WorkSource{10006}
04-20 16:33:57.722554   964 15097 D PowerManagerService: updateWakeLockSummaryLocked: mWakefulness=Awake, mWakeLockSummary=0x1
04-20 16:33:57.722866   964 15097 D PowerManagerService: updateUserActivitySummaryLocked: mWakefulness=Awake, mUserActivitySummary=0x1, nextTimeout=22379864 (in 52994 ms)
04-20 16:33:57.723290   964 15097 D DisplayPowerController: requestPowerState: policy=BRIGHT, useProximitySensor=false, screenBrightness=102, screenAutoBrightnessAdjustment=0.0, brightnessSetByUser=true, useAutoBrightness=false, blockScreenOn=false, lowPowerMode=false, boostScreenBrightness=false, dozeScreenBrightness=-1, dozeScreenState=UNKNOWN, waitForNegativeProximity=false
04-20 16:33:57.723397   964 15097 I PowerManagerService: setBrightness mButtonLight 0.
04-20 16:33:57.723621   964 15097 D PowerManagerService: updateDisplayPowerStateLocked: mDisplayReady=true, policy=3, mWakefulness=1, mWakeLockSummary=0x1, mUserActivitySummary=0x1, mBootCompleted=true, mScreenBrightnessBoostInProgress=false
04-20 16:33:57.790678 15015 15075 D AudioTrack: audiotrack 0x7fb34d5980 stop done
04-20 16:33:58.135579   964  1843 D PowerManagerService: acquireWakeLockInternal: lock=221862968, flags=0x1, tag="*vibrator*", ws=WorkSource{10006}, uid=1000, pid=964
04-20 16:33:58.135899   964  1843 D PowerManagerService: updateWakeLockSummaryLocked: mWakefulness=Awake, mWakeLockSummary=0x1
04-20 16:33:58.136335   964  1843 D PowerManagerService: updateUserActivitySummaryLocked: mWakefulness=Awake, mUserActivitySummary=0x1, nextTimeout=22379864 (in 52581 ms)
04-20 16:33:58.136841   964  1843 D DisplayPowerController: requestPowerState: policy=BRIGHT, useProximitySensor=false, screenBrightness=102, screenAutoBrightnessAdjustment=0.0, brightnessSetByUser=true, useAutoBrightness=false, blockScreenOn=false, lowPowerMode=false, boostScreenBrightness=false, dozeScreenBrightness=-1, dozeScreenState=UNKNOWN, waitForNegativeProximity=false
04-20 16:33:58.137057   964  1843 I PowerManagerService: setBrightness mButtonLight 0.
04-20 16:33:58.137513   964  1843 D PowerManagerService: updateDisplayPowerStateLocked: mDisplayReady=true, policy=3, mWakefulness=1, mWakeLockSummary=0x1, mUserActivitySummary=0x1, mBootCompleted=true, mScreenBrightnessBoostInProgress=false
04-20 16:33:58.138084   964  1843 D PowerManagerNotifier: onWakeLockAcquired: flags=1, tag="*vibrator*", packageName=android, ownerUid=1000, ownerPid=964, workSource=WorkSource{10006}
04-20 16:33:58.178749   964   976 D ActivityManager: getContentProviderImpl: from caller=android.app.ApplicationThreadProxy@91deeab (pid=15015, userId=0) to get content provider com.android.contacts cpr=ContentProviderRecord{f392ecb u0 com.android.providers.contacts/.ContactsProvider2}
04-20 16:33:58.179250   964   976 D ActivityManager: getContentProviderImpl: updateLruProcessLocked cpr.proc=ProcessRecord{931ccf4 15035:android.process.acore/u0a3}
04-20 16:33:58.181332 15015 15076 D ActivityThread: holder:android.app.IActivityManager$ContentProviderHolder@b400eec, holder.provider:android.content.ContentProviderProxy@55a72b5
04-20 16:33:58.202512   964 15098 D PowerManagerService: releaseWakeLockInternal: lock=221862968 [*vibrator*], flags=0x0, total_time=66ms
04-20 16:33:58.202865   964 15098 D PowerManagerNotifier: onWakeLockReleased: flags=1, tag="*vibrator*", packageName=android, ownerUid=1000, ownerPid=964, workSource=WorkSource{10006}
04-20 16:33:58.203312   964 15098 D PowerManagerService: updateWakeLockSummaryLocked: mWakefulness=Awake, mWakeLockSummary=0x1
04-20 16:33:58.203723   964 15098 D PowerManagerService: updateUserActivitySummaryLocked: mWakefulness=Awake, mUserActivitySummary=0x1, nextTimeout=22379864 (in 52513 ms)
04-20 16:33:58.204161   964 15098 D DisplayPowerController: requestPowerState: policy=BRIGHT, useProximitySensor=false, screenBrightness=102, screenAutoBrightnessAdjustment=0.0, brightnessSetByUser=true, useAutoBrightness=false, blockScreenOn=false, lowPowerMode=false, boostScreenBrightness=false, dozeScreenBrightness=-1, dozeScreenState=UNKNOWN, waitForNegativeProximity=false
04-20 16:33:58.204317   964 15098 I PowerManagerService: setBrightness mButtonLight 0.
04-20 16:33:58.204542   964 15098 D PowerManagerService: updateDisplayPowerStateLocked: mDisplayReady=true, policy=3, mWakefulness=1, mWakeLockSummary=0x1, mUserActivitySummary=0x1, mBootCompleted=true, mScreenBrightnessBoostInProgress=false
04-20 16:33:58.249418 15015 15075 D AudioTrack: audiotrack 0x7fb34d5980 stop done
04-20 16:33:58.470928   964  1006 D PowerManagerService: userActivityFromNative
04-20 16:33:58.471288   964  1006 D PowerManagerService: userActivityNoUpdateLocked: eventTime=22327616, event=2, flags=0x0, uid=1000
04-20 16:33:58.471499   964  1006 D PowerManagerNotifier: onUserActivity: event=2, uid=1000
04-20 16:33:58.472236   964  1006 D PowerManagerService: updateUserActivitySummaryLocked: mWakefulness=Awake, mUserActivitySummary=0x1, nextTimeout=22380616 (in 52997 ms)
04-20 16:33:58.472992   964  1006 D DisplayPowerController: requestPowerState: policy=BRIGHT, useProximitySensor=false, screenBrightness=102, screenAutoBrightnessAdjustment=0.0, brightnessSetByUser=true, useAutoBrightness=false, blockScreenOn=false, lowPowerMode=false, boostScreenBrightness=false, dozeScreenBrightness=-1, dozeScreenState=UNKNOWN, waitForNegativeProximity=false
04-20 16:33:58.473143   964  1006 I PowerManagerService: setBrightness mButtonLight 0.
04-20 16:33:58.473442   964  1006 D PowerManagerService: updateDisplayPowerStateLocked: mDisplayReady=true, policy=3, mWakefulness=1, mWakeLockSummary=0x1, mUserActivitySummary=0x1, mBootCompleted=true, mScreenBrightnessBoostInProgress=false
04-20 16:33:58.514604   964  2089 D PowerManagerService: acquireWakeLockInternal: lock=221862968, flags=0x1, tag="*vibrator*", ws=WorkSource{10006}, uid=1000, pid=964
04-20 16:33:58.514899   964  2089 D PowerManagerService: updateWakeLockSummaryLocked: mWakefulness=Awake, mWakeLockSummary=0x1
04-20 16:33:58.515443   964  2089 D PowerManagerService: updateUserActivitySummaryLocked: mWakefulness=Awake, mUserActivitySummary=0x1, nextTimeout=22380616 (in 52954 ms)
04-20 16:33:58.515905   964  2089 D DisplayPowerController: requestPowerState: policy=BRIGHT, useProximitySensor=false, screenBrightness=102, screenAutoBrightnessAdjustment=0.0, brightnessSetByUser=true, useAutoBrightness=false, blockScreenOn=false, lowPowerMode=false, boostScreenBrightness=false, dozeScreenBrightness=-1, dozeScreenState=UNKNOWN, waitForNegativeProximity=false
04-20 16:33:58.516031   964  2089 I PowerManagerService: setBrightness mButtonLight 0.
04-20 16:33:58.516265   964  2089 D PowerManagerService: updateDisplayPowerStateLocked: mDisplayReady=true, policy=3, mWakefulness=1, mWakeLockSummary=0x1, mUserActivitySummary=0x1, mBootCompleted=true, mScreenBrightnessBoostInProgress=false
04-20 16:33:58.516625   964  2089 D PowerManagerNotifier: onWakeLockAcquired: flags=1, tag="*vibrator*", packageName=android, ownerUid=1000, ownerPid=964, workSource=WorkSource{10006}
04-20 16:33:58.561209   964  2088 D ActivityManager: getContentProviderImpl: from caller=android.app.ApplicationThreadProxy@3b8e908 (pid=15015, userId=0) to get content provider com.android.contacts cpr=ContentProviderRecord{f392ecb u0 com.android.providers.contacts/.ContactsProvider2}
04-20 16:33:58.561856   964  2088 D ActivityManager: getContentProviderImpl: updateLruProcessLocked cpr.proc=ProcessRecord{931ccf4 15035:android.process.acore/u0a3}
04-20 16:33:58.565215 15015 15074 D ActivityThread: holder:android.app.IActivityManager$ContentProviderHolder@8f3436d, holder.provider:android.content.ContentProviderProxy@16d1ba2
04-20 16:33:58.580116   964 15099 D PowerManagerService: releaseWakeLockInternal: lock=221862968 [*vibrator*], flags=0x0, total_time=65ms
04-20 16:33:58.580514   964 15099 D PowerManagerNotifier: onWakeLockReleased: flags=1, tag="*vibrator*", packageName=android, ownerUid=1000, ownerPid=964, workSource=WorkSource{10006}
04-20 16:33:58.580954   964 15099 D PowerManagerService: updateWakeLockSummaryLocked: mWakefulness=Awake, mWakeLockSummary=0x1
04-20 16:33:58.581436   964 15099 D PowerManagerService: updateUserActivitySummaryLocked: mWakefulness=Awake, mUserActivitySummary=0x1, nextTimeout=22380616 (in 52888 ms)
04-20 16:33:58.582056   964 15099 D DisplayPowerController: requestPowerState: policy=BRIGHT, useProximitySensor=false, screenBrightness=102, screenAutoBrightnessAdjustment=0.0, brightnessSetByUser=true, useAutoBrightness=false, blockScreenOn=false, lowPowerMode=false, boostScreenBrightness=false, dozeScreenBrightness=-1, dozeScreenState=UNKNOWN, waitForNegativeProximity=false
04-20 16:33:58.582247   964 15099 I PowerManagerService: setBrightness mButtonLight 0.
04-20 16:33:58.582787   964 15099 D PowerManagerService: updateDisplayPowerStateLocked: mDisplayReady=true, policy=3, mWakefulness=1, mWakeLockSummary=0x1, mUserActivitySummary=0x1, mBootCompleted=true, mScreenBrightnessBoostInProgress=false
04-20 16:33:58.655702 15015 15075 D AudioTrack: audiotrack 0x7fb34d5980 stop done
04-20 16:33:58.850839   964  8872 D PowerManagerService: acquireWakeLockInternal: lock=221862968, flags=0x1, tag="*vibrator*", ws=WorkSource{10006}, uid=1000, pid=964
04-20 16:33:58.851121   964  8872 D PowerManagerService: updateWakeLockSummaryLocked: mWakefulness=Awake, mWakeLockSummary=0x1
04-20 16:33:58.851477   964  8872 D PowerManagerService: updateUserActivitySummaryLocked: mWakefulness=Awake, mUserActivitySummary=0x1, nextTimeout=22380616 (in 52617 ms)
04-20 16:33:58.851931   964  8872 D DisplayPowerController: requestPowerState: policy=BRIGHT, useProximitySensor=false, screenBrightness=102, screenAutoBrightnessAdjustment=0.0, brightnessSetByUser=true, useAutoBrightness=false, blockScreenOn=false, lowPowerMode=false, boostScreenBrightness=false, dozeScreenBrightness=-1, dozeScreenState=UNKNOWN, waitForNegativeProximity=false
04-20 16:33:58.854500   964  8872 I PowerManagerService: setBrightness mButtonLight 0.
04-20 16:33:58.854872   964  8872 D PowerManagerService: updateDisplayPowerStateLocked: mDisplayReady=true, policy=3, mWakefulness=1, mWakeLockSummary=0x1, mUserActivitySummary=0x1, mBootCompleted=true, mScreenBrightnessBoostInProgress=false
04-20 16:33:58.855336   964  8872 D PowerManagerNotifier: onWakeLockAcquired: flags=1, tag="*vibrator*", packageName=android, ownerUid=1000, ownerPid=964, workSource=WorkSource{10006}
04-20 16:33:58.909485   964  1670 D ActivityManager: getContentProviderImpl: from caller=android.app.ApplicationThreadProxy@ebd8a1 (pid=15015, userId=0) to get content provider com.android.contacts cpr=ContentProviderRecord{f392ecb u0 com.android.providers.contacts/.ContactsProvider2}
04-20 16:33:58.911243   964  1670 D ActivityManager: getContentProviderImpl: updateLruProcessLocked cpr.proc=ProcessRecord{931ccf4 15035:android.process.acore/u0a3}
04-20 16:33:58.914136 15015 15078 D ActivityThread: holder:android.app.IActivityManager$ContentProviderHolder@1a7cfa, holder.provider:android.content.ContentProviderProxy@b792ab
04-20 16:33:58.918972   964 15100 D PowerManagerService: releaseWakeLockInternal: lock=221862968 [*vibrator*], flags=0x0, total_time=68ms
04-20 16:33:58.919351   964 15100 D PowerManagerNotifier: onWakeLockReleased: flags=1, tag="*vibrator*", packageName=android, ownerUid=1000, ownerPid=964, workSource=WorkSource{10006}
04-20 16:33:58.919756   964 15100 D PowerManagerService: updateWakeLockSummaryLocked: mWakefulness=Awake, mWakeLockSummary=0x1
04-20 16:33:58.920140   964 15100 D PowerManagerService: updateUserActivitySummaryLocked: mWakefulness=Awake, mUserActivitySummary=0x1, nextTimeout=22380616 (in 52549 ms)
04-20 16:33:58.920612   964 15100 D DisplayPowerController: requestPowerState: policy=BRIGHT, useProximitySensor=false, screenBrightness=102, screenAutoBrightnessAdjustment=0.0, brightnessSetByUser=true, useAutoBrightness=false, blockScreenOn=false, lowPowerMode=false, boostScreenBrightness=false, dozeScreenBrightness=-1, dozeScreenState=UNKNOWN, waitForNegativeProximity=false
04-20 16:33:58.920743   964 15100 I PowerManagerService: setBrightness mButtonLight 0.
04-20 16:33:58.921089   964 15100 D PowerManagerService: updateDisplayPowerStateLocked: mDisplayReady=true, policy=3, mWakefulness=1, mWakeLockSummary=0x1, mUserActivitySummary=0x1, mBootCompleted=true, mScreenBrightnessBoostInProgress=false
04-20 16:33:58.998388 15015 15075 D AudioTrack: audiotrack 0x7fb34d5980 stop done
04-20 16:33:59.083225   964  1006 D PowerManagerService: userActivityFromNative
04-20 16:33:59.083541   964  1006 D PowerManagerService: userActivityNoUpdateLocked: eventTime=22328228, event=2, flags=0x0, uid=1000
04-20 16:33:59.083797   964  1006 D PowerManagerNotifier: onUserActivity: event=2, uid=1000
04-20 16:33:59.084373   964  1006 D PowerManagerService: updateUserActivitySummaryLocked: mWakefulness=Awake, mUserActivitySummary=0x1, nextTimeout=22381228 (in 52997 ms)
04-20 16:33:59.084882   964  1006 D DisplayPowerController: requestPowerState: policy=BRIGHT, useProximitySensor=false, screenBrightness=102, screenAutoBrightnessAdjustment=0.0, brightnessSetByUser=true, useAutoBrightness=false, blockScreenOn=false, lowPowerMode=false, boostScreenBrightness=false, dozeScreenBrightness=-1, dozeScreenState=UNKNOWN, waitForNegativeProximity=false
04-20 16:33:59.085025   964  1006 I PowerManagerService: setBrightness mButtonLight 0.
04-20 16:33:59.085325   964  1006 D PowerManagerService: updateDisplayPowerStateLocked: mDisplayReady=true, policy=3, mWakefulness=1, mWakeLockSummary=0x1, mUserActivitySummary=0x1, mBootCompleted=true, mScreenBrightnessBoostInProgress=false
04-20 16:33:59.116230   964  1670 D PowerManagerService: acquireWakeLockInternal: lock=221862968, flags=0x1, tag="*vibrator*", ws=WorkSource{10006}, uid=1000, pid=964
04-20 16:33:59.116495   964  1670 D PowerManagerService: updateWakeLockSummaryLocked: mWakefulness=Awake, mWakeLockSummary=0x1
