04-20 16:34:04.789597   964   982 D BroadcastQueue: BDC-Delivering broadcast: Intent { act=android.intent.action.BATTERY_CHANGED flg=0x60000010 (has extras) }, queue=background, ordered=false, filter=BroadcastFilter{a9e8f1 u0 ReceiverList{c7ec898 1576 com.android.phone/1001/u0 remote:278527b}}, receiver=null
04-20 16:34:04.790437   964   982 D BroadcastQueue: BroadcastRecord{696df37 u-1 android.intent.action.BATTERY_CHANGED}, #10 BroadcastFilter{64ab3d1 u0 ReceiverList{b0a72f8 1102 com.android.systemui/10022/u0 remote:458aa5b}}
04-20 16:34:04.790819   964   982 D BroadcastQueue: BDC-Delivering broadcast: Intent { act=android.intent.action.BATTERY_CHANGED flg=0x60000010 (has extras) }, queue=background, ordered=false, filter=BroadcastFilter{64ab3d1 u0 ReceiverList{b0a72f8 1102 com.android.systemui/10022/u0 remote:458aa5b}}, receiver=null
04-20 16:34:04.790880  1576  1576 D ActivityThread: BDC-Calling onReceive: intent=Intent { act=android.intent.action.BATTERY_CHANGED flg=0x60000010 (has extras) }, ordered=true, receiver=com.mediatek.internal.telephony.dataconnection.FdManager$1@8cc18b4, IIntentReceiver=2112613
04-20 16:34:04.793693  1102  1102 D ActivityThread: BDC-Calling onReceive: intent=Intent { act=android.intent.action.BATTERY_CHANGED flg=0x60000010 (has extras) }, ordered=true, receiver=com.android.systemui.statusbar.policy.BatteryController@15f932f, IIntentReceiver=7a8d970
04-20 16:34:04.794110  1102  1102 D ActivityThread: BDC-Calling onReceive: intent=Intent { act=android.intent.action.BATTERY_CHANGED flg=0x60000010 (has extras) }, ordered=true, receiver=com.android.systemui.BatteryMeterView$BatteryTracker@5fc7f81, IIntentReceiver=42408b
04-20 16:34:04.795828   964   982 D BroadcastQueue: BroadcastRecord{696df37 u-1 android.intent.action.BATTERY_CHANGED}, #11 BroadcastFilter{78acad1 u0 ReceiverList{d7085f8 1576 com.android.phone/1001/u0 remote:50f295b}}
04-20 16:34:04.796283   964   982 D BroadcastQueue: BDC-Delivering broadcast: Intent { act=android.intent.action.BATTERY_CHANGED flg=0x60000010 (has extras) }, queue=background, ordered=false, filter=BroadcastFilter{78acad1 u0 ReceiverList{d7085f8 1576 com.android.phone/1001/u0 remote:50f295b}}, receiver=null
04-20 16:34:04.797215   964   982 D BroadcastQueue: BroadcastRecord{696df37 u-1 android.intent.action.BATTERY_CHANGED}, #12 BroadcastFilter{ac55590 u0 ReceiverList{6ed9853 1529 com.google.android.gms.persistent/10010/u0 remote:103f042}}
04-20 16:34:04.797625   964   982 D BroadcastQueue: BDC-Delivering broadcast: Intent { act=android.intent.action.BATTERY_CHANGED flg=0x60000010 (has extras) }, queue=background, ordered=false, filter=BroadcastFilter{ac55590 u0 ReceiverList{6ed9853 1529 com.google.android.gms.persistent/10010/u0 remote:103f042}}, receiver=null
04-20 16:34:04.798721  1102  1102 D ActivityThread: BDC-Calling onReceive: intent=Intent { act=android.intent.action.BATTERY_CHANGED flg=0x60000010 (has extras) }, ordered=true, receiver=com.android.systemui.BatteryMeterView$BatteryTracker@29487ac, IIntentReceiver=a22aa75
04-20 16:34:04.798844  1576  1576 D ActivityThread: BDC-Calling onReceive: intent=Intent { act=android.intent.action.BATTERY_CHANGED flg=0x60000010 (has extras) }, ordered=true, receiver=com.mediatek.internal.telephony.dataconnection.FdManager$1@b5bbe58, IIntentReceiver=b17c009
04-20 16:34:04.799308  1102  1102 D ActivityThread: BDC-Calling onReceive: intent=Intent { act=android.intent.action.BATTERY_CHANGED flg=0x60000010 (has extras) }, ordered=true, receiver=com.android.systemui.BatteryMeterView$BatteryTracker@8634af1, IIntentReceiver=7caa5f3
04-20 16:34:04.801061  1529  1855 D ActivityThread: BDC-Calling onReceive: intent=Intent { act=android.intent.action.BATTERY_CHANGED flg=0x60000010 (has extras) }, ordered=true, receiver=com.google.android.location.fused.as@6e8aacd, IIntentReceiver=237902c
04-20 16:34:04.801857   964   982 D BroadcastQueue: BroadcastRecord{696df37 u-1 android.intent.action.BATTERY_CHANGED}, #13 BroadcastFilter{b595e4b u0 ReceiverList{e7bb31a 1529 com.google.android.gms.persistent/10010/u0 remote:a782dc5}}
04-20 16:34:04.802460   964   982 D BroadcastQueue: BDC-Delivering broadcast: Intent { act=android.intent.action.BATTERY_CHANGED flg=0x60000010 (has extras) }, queue=background, ordered=false, filter=BroadcastFilter{b595e4b u0 ReceiverList{e7bb31a 1529 com.google.android.gms.persistent/10010/u0 remote:a782dc5}}, receiver=null
04-20 16:34:04.804095  1529  1529 D ActivityThread: BDC-Calling onReceive: intent=Intent { act=android.intent.action.BATTERY_CHANGED flg=0x60000010 (has extras) }, ordered=true, receiver=com.google.android.location.os.real.z@29bb4, IIntentReceiver=6803b52
04-20 16:34:04.804978   964   982 D BroadcastQueue: BroadcastRecord{696df37 u-1 android.intent.action.BATTERY_CHANGED}, #14 BroadcastFilter{2666d57 u0 ReceiverList{b1ea6d6 9526 com.android.bluetooth/1002/u0 remote:75beaf1}}
04-20 16:34:04.805443   964   982 D BroadcastQueue: BDC-Delivering broadcast: Intent { act=android.intent.action.BATTERY_CHANGED flg=0x60000010 (has extras) }, queue=background, ordered=false, filter=BroadcastFilter{2666d57 u0 ReceiverList{b1ea6d6 9526 com.android.bluetooth/1002/u0 remote:75beaf1}}, receiver=null
04-20 16:34:04.807366   964   982 D BroadcastQueue: Non-ordered [background] BroadcastRecord{696df37 u-1 android.intent.action.BATTERY_CHANGED}, 15 receivers, Total: 35, Waiting: 0, Processing: 35
04-20 16:34:04.807405  9526  9526 D ActivityThread: BDC-Calling onReceive: intent=Intent { act=android.intent.action.BATTERY_CHANGED flg=0x60000010 (has extras) }, ordered=true, receiver=com.android.bluetooth.hfp.HeadsetService$1@deeda3e, IIntentReceiver=4c8674d
04-20 16:34:05.164599   964  1006 D PowerManagerService: userActivityFromNative
04-20 16:34:05.164856   964  1006 D PowerManagerService: userActivityNoUpdateLocked: eventTime=22334310, event=2, flags=0x0, uid=1000
04-20 16:34:05.165065   964  1006 D PowerManagerNotifier: onUserActivity: event=2, uid=1000
04-20 16:34:05.165659   964  1006 D PowerManagerService: updateUserActivitySummaryLocked: mWakefulness=Awake, mUserActivitySummary=0x1, nextTimeout=22387310 (in 52997 ms)
04-20 16:34:05.166089   964  1006 D DisplayPowerController: requestPowerState: policy=BRIGHT, useProximitySensor=false, screenBrightness=102, screenAutoBrightnessAdjustment=0.0, brightnessSetByUser=true, useAutoBrightness=false, blockScreenOn=false, lowPowerMode=false, boostScreenBrightness=false, dozeScreenBrightness=-1, dozeScreenState=UNKNOWN, waitForNegativeProximity=false
04-20 16:34:05.166179   964  1006 I PowerManagerService: setBrightness mButtonLight 0.
04-20 16:34:05.166371   964  1006 D PowerManagerService: updateDisplayPowerStateLocked: mDisplayReady=true, policy=3, mWakefulness=1, mWakeLockSummary=0x0, mUserActivitySummary=0x1, mBootCompleted=true, mScreenBrightnessBoostInProgress=false
04-20 16:34:05.239014   964  1843 V ActivityManager: Broadcast sticky: Intent { act=android.intent.action.SIG_STR flg=0x20000010 (has extras) } ordered=false userid=-1 callerApp=ProcessRecord{7b8ebd8 964:system/1000}
04-20 16:34:05.375110   964 15137 I ActivityManager: Low on memory:
04-20 16:34:05.375255   964 15137 I ActivityManager:   ntv   N    39193 kB: surfaceflinger (34224 kB memtrack) (pid 231) native
04-20 16:34:05.375255   964 15137 I ActivityManager:   ntv   N     4599 kB: emdlogger1 (pid 559) native
04-20 16:34:05.375255   964 15137 I ActivityManager:   ntv   N     3993 kB: zygote64 (pid 373) native
04-20 16:34:05.375255   964 15137 I ActivityManager:   ntv   N     3544 kB: logd (pid 216) native
04-20 16:34:05.375255   964 15137 I ActivityManager:   ntv   N     2971 kB: mediaserver (pid 342) native
04-20 16:34:05.375255   964 15137 I ActivityManager:   ntv   N     2266 kB: zygote (pid 374) native
04-20 16:34:05.375255   964 15137 I ActivityManager:   ntv   N      883 kB: mtkrild (pid 720) native
04-20 16:34:05.375255   964 15137 I ActivityManager:   ntv   N      801 kB: /init (pid 1) native
04-20 16:34:05.375255   964 15137 I ActivityManager:   ntv   N      797 kB: program_binary_service (444 kB memtrack) (pid 465) native
04-20 16:34:05.375255   964 15137 I ActivityManager:   ntv   N      750 kB: mtkmal (pid 235) native
04-20 16:34:05.375255   964 15137 I ActivityManager:   ntv   N      729 kB: adbd (pid 14760) native
04-20 16:34:05.375255   964 15137 I ActivityManager:   ntv   N      629 kB: netd (pid 338) native
04-20 16:34:05.375255   964 15137 I ActivityManager:   ntv   N      616 kB: ueventd (pid 182) native
04-20 16:34:05.375255   964 15137 I ActivityManager:   ntv   N      584 kB: healthd (pid 228) native
04-20 16:34:05.375255   964 15137 I ActivityManager:   ntv   N     5094 kB: (Other native)
04-20 16:34:05.375431   964 15137 I ActivityManager:   sys   P    60651 kB: system (1877 kB memtrack) (pid 964) fixed
04-20 16:34:05.375431   964 15137 I ActivityManager:   pers  P    49443 kB: com.android.systemui (5249 kB memtrack) (pid 1102) fixed
04-20 16:34:05.375431   964 15137 I ActivityManager:   pers  P    17766 kB: com.android.phone (pid 1576) fixed
04-20 16:34:05.375431   964 15137 I ActivityManager:   pers  P     4972 kB: com.mediatek.ims (pid 1602) fixed
04-20 16:34:05.375431   964 15137 I ActivityManager:   pers  P     4536 kB: com.mediatek.nlpservice (pid 1618) fixed
04-20 16:34:05.375431   964 15137 I ActivityManager:   pers  P     4026 kB: com.mediatek.gba (pid 1586) fixed
04-20 16:34:05.375431   964 15137 I ActivityManager:   psvc  IF   13519 kB: com.android.bluetooth (pid 9526) service
04-20 16:34:05.375431   964 15137 I ActivityManager:                        com.android.bluetooth/.pbap.BluetoothPbapService<=Proc{1102:com.android.systemui/u0a22}
04-20 16:34:05.375431   964 15137 I ActivityManager:   fore  T    32797 kB: com.mediatek.engineermode (15629 kB memtrack) (pid 15106) top-activity
04-20 16:34:05.375431   964 15137 I ActivityManager:   vis   IF   19924 kB: com.google.android.gms.persistent (pid 1529) service
04-20 16:34:05.375431   964 15137 I ActivityManager:                        com.google.android.gms/com.google.android.location.geofencer.service.GeofenceProviderService<=Proc{964:system/1000}
04-20 16:34:05.375431   964 15137 I ActivityManager:   vis   IF   17735 kB: com.google.process.gapps (pid 2236) service
04-20 16:34:05.375431   964 15137 I ActivityManager:                        com.google.android.gms/.clearcut.service.ClearcutLoggerService<=Proc{1529:com.google.android.gms.persistent/u0a10}
04-20 16:34:05.375431   964 15137 I ActivityManager:   vis   SB    4967 kB: com.google.android.googlequicksearchbox:interactor (pid 1483) service
04-20 16:34:05.375431   964 15137 I ActivityManager:                        com.google.android.googlequicksearchbox/com.google.android.voiceinteraction.GsaVoiceInteractionService<=Proc{964:system/1000}
04-20 16:34:05.375431   964 15137 I ActivityManager:   prcp  T    32896 kB: com.android.dialer (2533 kB memtrack) (pid 15015) pausing
04-20 16:34:05.375431   964 15137 I ActivityManager:   prcp  T    15321 kB: android.process.acore (pid 15035) provider
04-20 16:34:05.375431   964 15137 I ActivityManager:                        com.android.providers.contacts/.ContactsProvider2<=Proc{15015:com.android.dialer/u0a6}
04-20 16:34:05.375431   964 15137 I ActivityManager:   prcp  IB   14223 kB: com.android.inputmethod.latin (4069 kB memtrack) (pid 1493) service
04-20 16:34:05.375431   964 15137 I ActivityManager:                        com.android.inputmethod.latin/.LatinIME<=Proc{964:system/1000}
04-20 16:34:05.375431   964 15137 I ActivityManager:   svc   S    11373 kB: com.android.mms (pid 14258) started-services
04-20 16:34:05.375431   964 15137 I ActivityManager:   svc   S     7836 kB: com.mediatek.mtklogger (pid 13110) started-services
04-20 16:34:05.375431   964 15137 I ActivityManager:   home  HO   28989 kB: com.android.launcher3 (1653 kB memtrack) (pid 1654) home
04-20 16:34:05.375431   964 15137 I ActivityManager:   svcb  S     5570 kB: org.simalliance.openmobileapi.eseterminal (pid 11148) service
04-20 16:34:05.375431   964 15137 I ActivityManager:                        org.simalliance.openmobileapi.eseterminal/.eSETerminal<=Proc{14194:org.simalliance.openmobileapi.service:remote/u0a70}
04-20 16:34:05.375431   964 15137 I ActivityManager:   svcb  S     5452 kB: org.simalliance.openmobileapi.service:remote (pid 14194) started-services
04-20 16:34:05.375431   964 15137 I ActivityManager:   svcb  S     5407 kB: org.simalliance.openmobileapi.uicc1terminal (pid 14208) service
04-20 16:34:05.375431   964 15137 I ActivityManager:                        org.simalliance.openmobileapi.uicc1terminal/.Uicc1Terminal<=Proc{14194:org.simalliance.openmobileapi.service:remote/u0a70}
04-20 16:34:05.375431   964 15137 I ActivityManager:   svcb  S     4509 kB: org.simalliance.openmobileapi.uicc2terminal (pid 11046) service
04-20 16:34:05.375431   964 15137 I ActivityManager:                        org.simalliance.openmobileapi.uicc2terminal/.Uicc2Terminal<=Proc{14194:org.simalliance.openmobileapi.service:remote/u0a70}
04-20 16:34:05.375431   964 15137 I ActivityManager:             429361 kB: TOTAL (65678 kB memtrack)
04-20 16:34:05.375524   964 15137 I ActivityManager:   MemInfo: 123676 kB slab, 4492 kB shmem, 123608 kB vm alloc, 15760 kB page tables 17504 kB kernel stack
04-20 16:34:05.375524   964 15137 I ActivityManager:            5832 kB buffers, 212848 kB cached, 76332 kB mapped, 21268 kB free
04-20 16:34:05.375524   964 15137 I ActivityManager:   ZRAM: 45236 kB RAM, 461864 kB swap total, 263076 kB swap free
04-20 16:34:05.375524   964 15137 I ActivityManager:   Free RAM: 163616 kB
04-20 16:34:05.375524   964 15137 I ActivityManager:   Used RAM: 714401 kB
04-20 16:34:05.375524   964 15137 I ActivityManager:   Lost RAM: 45715 kB
04-20 16:34:05.406702   964 15137 E ActivityManager: get crashInfo fail.
04-20 16:34:05.426542   964   964 V ActivityManager: Broadcast: Intent { act=android.intent.action.DROPBOX_ENTRY_ADDED flg=0x10 (has extras) } ordered=false userid=0 callerApp=ProcessRecord{7b8ebd8 964:system/1000}
04-20 16:34:07.399181   964  1006 D PowerManagerService: userActivityFromNative
04-20 16:34:07.399505   964  1006 D PowerManagerService: userActivityNoUpdateLocked: eventTime=22336543, event=2, flags=0x0, uid=1000
04-20 16:34:07.399788   964  1006 D PowerManagerNotifier: onUserActivity: event=2, uid=1000
04-20 16:34:07.400390   964  1006 D PowerManagerService: updateUserActivitySummaryLocked: mWakefulness=Awake, mUserActivitySummary=0x1, nextTimeout=22389543 (in 52996 ms)
04-20 16:34:07.400983   964  1006 D DisplayPowerController: requestPowerState: policy=BRIGHT, useProximitySensor=false, screenBrightness=102, screenAutoBrightnessAdjustment=0.0, brightnessSetByUser=true, useAutoBrightness=false, blockScreenOn=false, lowPowerMode=false, boostScreenBrightness=false, dozeScreenBrightness=-1, dozeScreenState=UNKNOWN, waitForNegativeProximity=false
04-20 16:34:07.401100   964  1006 I PowerManagerService: setBrightness mButtonLight 0.
04-20 16:34:07.401391   964  1006 D PowerManagerService: updateDisplayPowerStateLocked: mDisplayReady=true, policy=3, mWakefulness=1, mWakeLockSummary=0x0, mUserActivitySummary=0x1, mBootCompleted=true, mScreenBrightnessBoostInProgress=false
04-20 16:34:08.758741   964  1006 D PowerManagerService: userActivityFromNative
04-20 16:34:08.759061   964  1006 D PowerManagerService: userActivityNoUpdateLocked: eventTime=22337904, event=2, flags=0x0, uid=1000
04-20 16:34:08.759428   964  1006 D PowerManagerNotifier: onUserActivity: event=2, uid=1000
04-20 16:34:08.760044   964  1006 D PowerManagerService: updateUserActivitySummaryLocked: mWakefulness=Awake, mUserActivitySummary=0x1, nextTimeout=22390904 (in 52997 ms)
04-20 16:34:08.760523   964  1006 D DisplayPowerController: requestPowerState: policy=BRIGHT, useProximitySensor=false, screenBrightness=102, screenAutoBrightnessAdjustment=0.0, brightnessSetByUser=true, useAutoBrightness=false, blockScreenOn=false, lowPowerMode=false, boostScreenBrightness=false, dozeScreenBrightness=-1, dozeScreenState=UNKNOWN, waitForNegativeProximity=false
04-20 16:34:08.760639   964  1006 I PowerManagerService: setBrightness mButtonLight 0.
04-20 16:34:08.760912   964  1006 D PowerManagerService: updateDisplayPowerStateLocked: mDisplayReady=true, policy=3, mWakefulness=1, mWakeLockSummary=0x0, mUserActivitySummary=0x1, mBootCompleted=true, mScreenBrightnessBoostInProgress=false
04-20 16:34:09.811581   964   964 D ActivityThread: LOW_MEMORY handled : 0 / null
04-20 16:34:10.382638   964  1582 V ActivityManager: Broadcast sticky: Intent { act=android.intent.action.SIG_STR flg=0x20000010 (has extras) } ordered=false userid=-1 callerApp=ProcessRecord{7b8ebd8 964:system/1000}
04-20 16:34:10.417228   964  1006 D PowerManagerService: userActivityFromNative
04-20 16:34:10.417517   964  1006 D PowerManagerService: userActivityNoUpdateLocked: eventTime=22339563, event=2, flags=0x0, uid=1000
04-20 16:34:10.417740   964  1006 D PowerManagerNotifier: onUserActivity: event=2, uid=1000
04-20 16:34:10.418181   964  1006 D PowerManagerService: updateUserActivitySummaryLocked: mWakefulness=Awake, mUserActivitySummary=0x1, nextTimeout=22392563 (in 52998 ms)
04-20 16:34:10.418638   964  1006 D DisplayPowerController: requestPowerState: policy=BRIGHT, useProximitySensor=false, screenBrightness=102, screenAutoBrightnessAdjustment=0.0, brightnessSetByUser=true, useAutoBrightness=false, blockScreenOn=false, lowPowerMode=false, boostScreenBrightness=false, dozeScreenBrightness=-1, dozeScreenState=UNKNOWN, waitForNegativeProximity=false
04-20 16:34:10.418744   964  1006 I PowerManagerService: setBrightness mButtonLight 0.
04-20 16:34:10.418942   964  1006 D PowerManagerService: updateDisplayPowerStateLocked: mDisplayReady=true, policy=3, mWakefulness=1, mWakeLockSummary=0x0, mUserActivitySummary=0x1, mBootCompleted=true, mScreenBrightnessBoostInProgress=false
04-20 16:34:10.604521   964  1843 V SettingsProvider: packageValueForCallResult, name = sound_effects_enabled, value : 0
04-20 16:34:10.608294   964  8871 I ActivityManager: START u0 {act=android.intent.action.MAIN cmp=com.mediatek.mtklogger/.MainActivity} from uid 1001 from pid 15106 on display 0
04-20 16:34:10.620297   964  8871 I ActivityManager: ACT-launchFlags(original): 0x0, launchMode:2, startFlags: 0, doResume:true
04-20 16:34:10.621702   964  8871 V WindowManager: Looking for focus: 7 = Window{fa8f8e8 u0 StatusBar}, flags=-2122055608, canReceive=false
04-20 16:34:10.621981   964  8871 V WindowManager: findFocusedWindow: Found new focus @ 3 = Window{739c07b u0 com.mediatek.engineermode/com.mediatek.engineermode.EngineerMode}
04-20 16:34:10.627979   964  8871 D ActivityManager: ACT-AM_CREATE_TASK ActivityRecord{65cce4b u0 com.mediatek.mtklogger/.MainActivity t66} task:TaskRecord{560e028 #66 A=com.mediatek.mtklogger U=0 sz=0}
04-20 16:34:10.628457   964  8871 D ActivityManager: ACT-AM_CREATE_ACTIVITY ActivityRecord{65cce4b u0 com.mediatek.mtklogger/.MainActivity t66}TaskRecord{560e028 #66 A=com.mediatek.mtklogger U=0 sz=0}
04-20 16:34:10.650668   964  8871 D ActivityManager: ACT-AM_PAUSE_ACTIVITY ActivityRecord{cfca438 u0 com.mediatek.engineermode/.EngineerMode t65}
04-20 16:34:10.651690   964  8871 D PowerManagerService: acquireWakeLockInternal: lock=193877478, flags=0x1, tag="*launch*", ws=WorkSource{10056}, uid=1000, pid=964
04-20 16:34:10.651993   964  8871 D PowerManagerService: updateWakeLockSummaryLocked: mWakefulness=Awake, mWakeLockSummary=0x1
04-20 16:34:10.652308   964  8871 D PowerManagerService: updateUserActivitySummaryLocked: mWakefulness=Awake, mUserActivitySummary=0x1, nextTimeout=22392563 (in 52764 ms)
04-20 16:34:10.652892   964  8871 D DisplayPowerController: requestPowerState: policy=BRIGHT, useProximitySensor=false, screenBrightness=102, screenAutoBrightnessAdjustment=0.0, brightnessSetByUser=true, useAutoBrightness=false, blockScreenOn=false, lowPowerMode=false, boostScreenBrightness=false, dozeScreenBrightness=-1, dozeScreenState=UNKNOWN, waitForNegativeProximity=false
04-20 16:34:10.652991   964  8871 I PowerManagerService: setBrightness mButtonLight 0.
04-20 16:34:10.653176   964  8871 D PowerManagerService: updateDisplayPowerStateLocked: mDisplayReady=true, policy=3, mWakefulness=1, mWakeLockSummary=0x1, mUserActivitySummary=0x1, mBootCompleted=true, mScreenBrightnessBoostInProgress=false
04-20 16:34:10.653354   964  8871 D PowerManagerService: Acquiring suspend blocker "PowerManagerService.WakeLocks".
04-20 16:34:10.653732   964  8871 D PowerManagerNotifier: onWakeLockAcquired: flags=1, tag="*launch*", packageName=android, ownerUid=1000, ownerPid=964, workSource=WorkSource{10056}
04-20 16:34:10.656107   964  8871 V WindowManager: Looking for focus: 7 = Window{fa8f8e8 u0 StatusBar}, flags=-2122055608, canReceive=false
04-20 16:34:10.656313   964  8871 V WindowManager: findFocusedWindow: Found new focus @ 3 = Window{739c07b u0 com.mediatek.engineermode/com.mediatek.engineermode.EngineerMode}
04-20 16:34:10.660994   964   987 D WindowManager: addWindowToListInOrderLocked: win=Window{3372c6c u0 Starting com.mediatek.mtklogger} Callers=com.android.server.wm.WindowManagerService.addWindow:2771 com.android.server.wm.Session.addToDisplay:171 android.view.ViewRootImpl.setView:643 android.view.WindowManagerGlobal.addView:319 
04-20 16:34:10.662891   964  8871 V WindowManager: Set focused app to: AppWindowToken{58f0235 token=Token{57bd141 ActivityRecord{65cce4b u0 com.mediatek.mtklogger/.MainActivity t66}}} old focus=AppWindowToken{5bf4a6f token=Token{db52176 ActivityRecord{cfca438 u0 com.mediatek.engineermode/.EngineerMode t65}}} moveFocusNow=true
04-20 16:34:10.664358   964  8871 V WindowManager: Looking for focus: 8 = Window{fa8f8e8 u0 StatusBar}, flags=-2122055608, canReceive=false
04-20 16:34:10.664605   964  8871 V WindowManager: findFocusedWindow: Reached focused app=AppWindowToken{58f0235 token=Token{57bd141 ActivityRecord{65cce4b u0 com.mediatek.mtklogger/.MainActivity t66}}}
04-20 16:34:10.665306   964  8871 V WindowManager: Changing focus from Window{739c07b u0 com.mediatek.engineermode/com.mediatek.engineermode.EngineerMode} to null Callers=com.android.server.wm.WindowManagerService.setFocusedApp:4469 com.android.server.am.ActivityManagerService.setFocusedActivityLocked:2823 com.android.server.am.ActivityStackSupervisor.startActivityUncheckedLocked:2815 com.android.server.am.ActivityStackSupervisor.startActivityLocked:1821 
04-20 16:34:10.665536   964  8871 D WindowManager: Input focus has changed to null
04-20 16:34:10.669803   964   987 I WindowStateAnimator:   CREATE SURFACE Surface(name=Starting com.mediatek.mtklogger) IN SESSION android.view.SurfaceSession@cfb7c3d: pid=964 format=-1 flags=0x404 / WindowStateAnimator{a8e46ca Starting com.mediatek.mtklogger}
04-20 16:34:10.670772   964   987 V WindowManager: Looking for focus: 8 = Window{fa8f8e8 u0 StatusBar}, flags=-2122055608, canReceive=false
04-20 16:34:10.670993   964   987 V WindowManager: findFocusedWindow: Reached focused app=AppWindowToken{58f0235 token=Token{57bd141 ActivityRecord{65cce4b u0 com.mediatek.mtklogger/.MainActivity t66}}}
04-20 16:34:10.675871 15106 15106 D ActivityThread: ACT-AM_ON_PAUSE_CALLED ActivityRecord{e7394de token=android.os.BinderProxy@4636bf {com.mediatek.engineermode/com.mediatek.engineermode.EngineerMode}}
04-20 16:34:10.676865   964   979 D ActivityManager: ACT-paused: token=Token{db52176 ActivityRecord{cfca438 u0 com.mediatek.engineermode/.EngineerMode t65}}, timeout=false
04-20 16:34:10.689481   964   979 V WindowManager: setAppVisibility(Token{57bd141 ActivityRecord{65cce4b u0 com.mediatek.mtklogger/.MainActivity t66}}, visible=true): mNextAppTransition=TRANSIT_TASK_OPEN hidden=true hiddenRequested=true Callers=com.android.server.am.ActivityStackSupervisor.realStartActivityLocked:1293 com.android.server.am.ActivityStackSupervisor.startSpecificActivityLocked:1507 com.android.server.am.ActivityStack.resumeTopActivityInnerLocked:2393 com.android.server.am.ActivityStack.resumeTopActivityLocked:1816 com.android.server.am.ActivityStackSupervisor.resumeTopActivitiesLocked:3097 com.android.server.am.ActivityStack.completePauseLocked:1195 
04-20 16:34:10.691660   964   979 V WindowManager: setAppVisibility(Token{db52176 ActivityRecord{cfca438 u0 com.mediatek.engineermode/.EngineerMode t65}}, visible=false): mNextAppTransition=TRANSIT_TASK_OPEN hidden=false hiddenRequested=false Callers=com.android.server.am.ActivityStack.setVisible:1295 com.android.server.am.ActivityStack.ensureActivitiesVisibleLocked:1654 com.android.server.am.ActivityStackSupervisor.ensureActivitiesVisibleLocked:3722 com.android.server.am.ActivityManagerService.updateConfigurationLocked:18749 com.android.server.am.ActivityStackSupervisor.realStartActivityLocked:1309 com.android.server.am.ActivityStackSupervisor.startSpecificActivityLocked:1507 
04-20 16:34:10.697707   964   979 D ActivityManager: ACT-AM_RESTART_ACTIVITY ActivityRecord{65cce4b u0 com.mediatek.mtklogger/.MainActivity t66} Task:66
04-20 16:34:10.702698 13110 13110 V ActivityThread: Handling launch of ActivityRecord{2fa5c4a token=android.os.BinderProxy@7f407bb {com.mediatek.mtklogger/com.mediatek.mtklogger.MainActivity}} startsNotResumed=false
04-20 16:34:10.705502   964   979 D ActivityManager: Delay resumeKeyDispatchingLocked() to avoid deadlock.
04-20 16:34:10.705502   964   987 V WindowStateAnimator: finishDrawingLocked: mDrawState=COMMIT_DRAW_PENDING WindowStateAnimator{a8e46ca Starting com.mediatek.mtklogger} in Surface(name=Starting com.mediatek.mtklogger)
04-20 16:34:10.707146 15106 15106 D ActivityThread: ACT-PAUSE_ACTIVITY handled : 1 / android.os.BinderProxy@4636bf
04-20 16:34:10.710626   964   987 I WindowManager: Focus moving from Window{739c07b u0 com.mediatek.engineermode/com.mediatek.engineermode.EngineerMode} to null
04-20 16:34:10.710767   964   987 I WindowManager: Losing focus: Window{739c07b u0 com.mediatek.engineermode/com.mediatek.engineermode.EngineerMode}
04-20 16:34:10.710892   964   983 V NetworkStats: setKernelCounterSet uid=10056 set=1
04-20 16:34:10.714619   964   987 V WindowManager: **** GOOD TO GO
04-20 16:34:10.726930   964   987 V WindowManager: Looking for focus: 8 = Window{fa8f8e8 u0 StatusBar}, flags=-2122055608, canReceive=false
04-20 16:34:10.727069   964   987 V WindowManager: findFocusedWindow: No focusable windows.
04-20 16:34:10.727729   964   987 D WindowManager: notifyActivityDrawnForKeyguard: waiting=false Callers=com.android.server.wm.WindowManagerService.handleAppTransitionReadyLocked:10079 com.android.server.wm.WindowManagerService.performLayoutAndPlaceSurfacesLockedInner:10699 com.android.server.wm.WindowManagerService.performLayoutAndPlaceSurfacesLockedLoop:9443 com.android.server.wm.WindowManagerService.performLayoutAndPlaceSurfacesLocked:9390 com.android.server.wm.WindowManagerService.-wrap8:-1 
04-20 16:34:10.742836 13110 13110 V ActivityThread: ActivityRecord{2fa5c4a token=android.os.BinderProxy@7f407bb {com.mediatek.mtklogger/com.mediatek.mtklogger.MainActivity}}: app=com.mediatek.mtklogger.MyApplication@defc031, appName=com.mediatek.mtklogger, pkg=com.mediatek.mtklogger, comp={com.mediatek.mtklogger/com.mediatek.mtklogger.MainActivity}, dir=/system/app/MTKLogger/MTKLogger.apk
04-20 16:34:10.770625   964  2088 V WindowManager: Looking for focus: 8 = Window{fa8f8e8 u0 StatusBar}, flags=-2122055608, canReceive=false
04-20 16:34:10.770779   964  2088 V WindowManager: findFocusedWindow: No focusable windows.
04-20 16:34:11.076528 13110 13110 V ActivityThread: Performing resume of ActivityRecord{2fa5c4a token=android.os.BinderProxy@7f407bb {com.mediatek.mtklogger/com.mediatek.mtklogger.MainActivity}}
04-20 16:34:11.098980 13110 13110 D ActivityThread: ACT-AM_ON_RESUME_CALLED ActivityRecord{2fa5c4a token=android.os.BinderProxy@7f407bb {com.mediatek.mtklogger/com.mediatek.mtklogger.MainActivity}}
04-20 16:34:11.099292 13110 13110 V ActivityThread: Resume ActivityRecord{2fa5c4a token=android.os.BinderProxy@7f407bb {com.mediatek.mtklogger/com.mediatek.mtklogger.MainActivity}} started activity: false, hideForNow: false, finished: false
04-20 16:34:11.152779   964  8871 D WindowManager: addWindowToListInOrderLocked: win=Window{8970421 u0 com.mediatek.mtklogger/com.mediatek.mtklogger.MainActivity} Callers=com.android.server.wm.WindowManagerService.addWindow:2771 com.android.server.wm.Session.addToDisplay:171 android.view.IWindowSession$Stub.onTransact:124 com.android.server.wm.Session.onTransact:133 
04-20 16:34:11.156362 13110 13110 V ActivityThread: Resuming ActivityRecord{2fa5c4a token=android.os.BinderProxy@7f407bb {com.mediatek.mtklogger/com.mediatek.mtklogger.MainActivity}} with isForward=true
04-20 16:34:11.157236 13110 13110 V ActivityThread: Scheduling idle handler for ActivityRecord{2fa5c4a token=android.os.BinderProxy@7f407bb {com.mediatek.mtklogger/com.mediatek.mtklogger.MainActivity}}
04-20 16:34:11.158529 13110 13110 D ActivityThread: ACT-LAUNCH_ACTIVITY handled : 0 / ActivityRecord{2fa5c4a token=android.os.BinderProxy@7f407bb {com.mediatek.mtklogger/com.mediatek.mtklogger.MainActivity}}
04-20 16:34:11.201072   964   975 V ActivityManager: startService: Intent { act=com.mediatek.mtklogger.MTKLoggerService cmp=com.mediatek.mtklogger/.framework.MTKLoggerService } callerApp=ProcessRecord{31429c0 13110:com.mediatek.mtklogger/u0a56}
04-20 16:34:11.201909   964   975 V ActivityManager: Sending arguments to: ServiceRecord{f81255b u0 com.mediatek.mtklogger/.framework.MTKLoggerService} android.content.Intent$FilterComparison@66cb0885 args=Intent { act=com.mediatek.mtklogger.MTKLoggerService cmp=com.mediatek.mtklogger/.framework.MTKLoggerService }
04-20 16:34:11.202076   964   975 V ActivityManager: >>> EXECUTING start of ServiceRecord{f81255b u0 com.mediatek.mtklogger/.framework.MTKLoggerService} in app ProcessRecord{31429c0 13110:com.mediatek.mtklogger/u0a56}
04-20 16:34:11.203187   964   975 D ActivityManager: SVC-Sent arguments: ServiceRecord{f81255b u0 com.mediatek.mtklogger/.framework.MTKLoggerService}, app=ProcessRecord{31429c0 13110:com.mediatek.mtklogger/u0a56}, args=Intent { act=com.mediatek.mtklogger.MTKLoggerService cmp=com.mediatek.mtklogger/.framework.MTKLoggerService }, flags=0
04-20 16:34:11.206021   964  2089 V ActivityManager: bindService: Intent { act=com.mediatek.mtklogger.MTKLoggerService cmp=com.mediatek.mtklogger/.framework.MTKLoggerService } type=null conn=android.os.BinderProxy@e150046 flags=0x1 callerApp=ProcessRecord{31429c0 13110:com.mediatek.mtklogger/u0a56}
04-20 16:34:11.207070   964  2089 D ActivityManager: SVC-Binding service: ServiceRecord{f81255b u0 com.mediatek.mtklogger/.framework.MTKLoggerService}, app=ProcessRecord{31429c0 13110:com.mediatek.mtklogger/u0a56}, activity=null
04-20 16:34:11.207243   964  2089 V ActivityManager: >>> EXECUTING bind of ServiceRecord{f81255b u0 com.mediatek.mtklogger/.framework.MTKLoggerService} in app ProcessRecord{31429c0 13110:com.mediatek.mtklogger/u0a56}
04-20 16:34:11.339094   964  1162 D WindowManager: addWindowToListInOrderLocked: win=Window{a3ec15d u0 com.mediatek.mtklogger/com.mediatek.mtklogger.MainActivity} Callers=com.android.server.wm.WindowManagerService.addWindow:2771 com.android.server.wm.Session.addToDisplay:171 android.view.IWindowSession$Stub.onTransact:124 com.android.server.wm.Session.onTransact:133 
04-20 16:34:11.339654   964  1162 V WindowManager: Looking for focus: 10 = Window{fa8f8e8 u0 StatusBar}, flags=-2122055608, canReceive=false
04-20 16:34:11.339943   964  1162 V WindowManager: findFocusedWindow: Found new focus @ 5 = Window{a3ec15d u0 com.mediatek.mtklogger/com.mediatek.mtklogger.MainActivity}
04-20 16:34:11.340699   964  1162 V WindowManager: Changing focus from null to Window{a3ec15d u0 com.mediatek.mtklogger/com.mediatek.mtklogger.MainActivity} Callers=com.android.server.wm.WindowManagerService.addWindow:2811 com.android.server.wm.Session.addToDisplay:171 android.view.IWindowSession$Stub.onTransact:124 com.android.server.wm.Session.onTransact:133 
04-20 16:34:11.341041   964  1162 D WindowManager: Input focus has changed to Window{a3ec15d u0 com.mediatek.mtklogger/com.mediatek.mtklogger.MainActivity}
04-20 16:34:11.343239   964   987 I WindowManager: Focus moving from null to Window{a3ec15d u0 com.mediatek.mtklogger/com.mediatek.mtklogger.MainActivity}
04-20 16:34:11.343512   964   987 I WindowManager: Gaining focus: Window{a3ec15d u0 com.mediatek.mtklogger/com.mediatek.mtklogger.MainActivity}
04-20 16:34:11.359528   964  1478 W Watchdog: SWT Watchdog after wait current time:22340506
04-20 16:34:11.359932   964  1478 W Watchdog: **Get SF Time **1
04-20 16:34:11.360490   964  1478 W Watchdog: SWT Watchdog before synchronized:22340508
04-20 16:34:11.360660   964  1478 W Watchdog: SWT Watchdog after synchronized:22340508
04-20 16:34:11.360954   964  1478 W Watchdog: SWT Watchdog before wait timeout:30000
04-20 16:34:11.361071   964  1478 W Watchdog: SWT Watchdog before wait current time:22340508
04-20 16:34:11.361202   964  1478 W Watchdog: SWT Watchdog before wait start:22340508
04-20 16:34:11.361255   964  1478 W Watchdog: SWT Watchdog before wait CHECK_INTERVAL:30000
04-20 16:34:11.451586   964   987 V WindowManager: Looking for focus: 10 = Window{fa8f8e8 u0 StatusBar}, flags=-2122055608, canReceive=false
04-20 16:34:11.452192   964   987 V WindowManager: findFocusedWindow: Found new focus @ 5 = Window{a3ec15d u0 com.mediatek.mtklogger/com.mediatek.mtklogger.MainActivity}
04-20 16:34:11.495894   964  1663 I WindowManager: Relayout Window{8970421 u0 com.mediatek.mtklogger/com.mediatek.mtklogger.MainActivity}: oldVis=4 newVis=0
04-20 16:34:11.498705   964  1663 I WindowStateAnimator:   CREATE SURFACE Surface(name=com.mediatek.mtklogger/com.mediatek.mtklogger.MainActivity) IN SESSION android.view.SurfaceSession@ec557a3: pid=13110 format=-1 flags=0x404 / WindowStateAnimator{5cc2aa0 com.mediatek.mtklogger/com.mediatek.mtklogger.MainActivity}
04-20 16:34:11.499862   964  1663 V WindowManager: Looking for focus: 10 = Window{fa8f8e8 u0 StatusBar}, flags=-2122055608, canReceive=false
04-20 16:34:11.500137   964  1663 V WindowManager: findFocusedWindow: Found new focus @ 5 = Window{a3ec15d u0 com.mediatek.mtklogger/com.mediatek.mtklogger.MainActivity}
04-20 16:34:11.565270   964   976 I WindowStateAnimator:   CREATE SURFACE Surface(name=com.mediatek.mtklogger/com.mediatek.mtklogger.MainActivity) IN SESSION android.view.SurfaceSession@ec557a3: pid=13110 format=-2 flags=0x4 / WindowStateAnimator{4ab1659 com.mediatek.mtklogger/com.mediatek.mtklogger.MainActivity}
04-20 16:34:11.566028   964   976 V WindowManager: Looking for focus: 10 = Window{fa8f8e8 u0 StatusBar}, flags=-2122055608, canReceive=false
04-20 16:34:11.566249   964   976 V WindowManager: findFocusedWindow: Found new focus @ 5 = Window{a3ec15d u0 com.mediatek.mtklogger/com.mediatek.mtklogger.MainActivity}
04-20 16:34:11.596627 13110 13110 D ActivityThread: SVC-Calling onStartCommand: com.mediatek.mtklogger.framework.MTKLoggerService@42020ea, flags=0, startId=7
04-20 16:34:11.599218 13110 13110 D ActivityThread: SVC-SERVICE_ARGS handled : 0 / ServiceArgsData{token=android.os.BinderProxy@7570d5 startId=7 args=Intent { act=com.mediatek.mtklogger.MTKLoggerService cmp=com.mediatek.mtklogger/.framework.MTKLoggerService }}
04-20 16:34:11.599329   964  1670 D ActivityManager: SVC-Executing service done: ServiceRecord{f81255b u0 com.mediatek.mtklogger/.framework.MTKLoggerService}, type=1, startId=7, res=1
04-20 16:34:11.599549   964  1670 V ActivityManager: <<< DONE EXECUTING ServiceRecord{f81255b u0 com.mediatek.mtklogger/.framework.MTKLoggerService}: nesting=2, inDestroying=false, app=ProcessRecord{31429c0 13110:com.mediatek.mtklogger/u0a56}
04-20 16:34:11.599731 13110 13110 V ActivityThread: handleBindService s=com.mediatek.mtklogger.framework.MTKLoggerService@42020ea rebind=false
04-20 16:34:11.601490   964  1582 V ActivityManager: <<< DONE EXECUTING ServiceRecord{f81255b u0 com.mediatek.mtklogger/.framework.MTKLoggerService}: nesting=1, inDestroying=false, app=ProcessRecord{31429c0 13110:com.mediatek.mtklogger/u0a56}
04-20 16:34:11.602310 13110 13110 D ActivityThread: SVC-BIND_SERVICE handled : 0 / BindServiceData{token=android.os.BinderProxy@7570d5 intent=Intent { act=com.mediatek.mtklogger.MTKLoggerService cmp=com.mediatek.mtklogger/.framework.MTKLoggerService }}
04-20 16:34:11.782138   964  2089 V WindowStateAnimator: finishDrawingLocked: mDrawState=COMMIT_DRAW_PENDING WindowStateAnimator{5cc2aa0 com.mediatek.mtklogger/com.mediatek.mtklogger.MainActivity} in Surface(name=com.mediatek.mtklogger/com.mediatek.mtklogger.MainActivity)
04-20 16:34:11.805401   964  1162 V WindowStateAnimator: finishDrawingLocked: mDrawState=COMMIT_DRAW_PENDING WindowStateAnimator{4ab1659 com.mediatek.mtklogger/com.mediatek.mtklogger.MainActivity} in Surface(name=com.mediatek.mtklogger/com.mediatek.mtklogger.MainActivity)
04-20 16:34:11.821593   964  1670 V WindowManager: Remove Window{a3ec15d u0 com.mediatek.mtklogger/com.mediatek.mtklogger.MainActivity} client=4ef4f34, surface=Surface(name=com.mediatek.mtklogger/com.mediatek.mtklogger.MainActivity) Callers=com.android.server.wm.WindowManagerService.removeWindow:2900 com.android.server.wm.Session.remove:190 android.view.IWindowSession$Stub.onTransact:242 com.android.server.wm.Session.onTransact:133 
04-20 16:34:11.824505   964  1670 V WindowManager: Looking for focus: 10 = Window{fa8f8e8 u0 StatusBar}, flags=-2122055608, canReceive=false
04-20 16:34:11.824815   964  1670 V WindowManager: findFocusedWindow: Found new focus @ 4 = Window{8970421 u0 com.mediatek.mtklogger/com.mediatek.mtklogger.MainActivity}
04-20 16:34:11.825560   964  1670 V WindowManager: Changing focus from Window{a3ec15d u0 com.mediatek.mtklogger/com.mediatek.mtklogger.MainActivity EXITING} to Window{8970421 u0 com.mediatek.mtklogger/com.mediatek.mtklogger.MainActivity} Callers=com.android.server.wm.WindowManagerService.removeWindowLocked:2973 com.android.server.wm.WindowManagerService.removeWindow:2900 com.android.server.wm.Session.remove:190 android.view.IWindowSession$Stub.onTransact:242 
04-20 16:34:11.825789   964  1670 D WindowManager: Input focus has changed to Window{8970421 u0 com.mediatek.mtklogger/com.mediatek.mtklogger.MainActivity}
04-20 16:34:11.831176   964   987 D ActivityManager: ACT-windowsVisible(): ActivityRecord{65cce4b u0 com.mediatek.mtklogger/.MainActivity t66}
04-20 16:34:11.838251   964   987 V WindowManager: Looking for focus: 10 = Window{fa8f8e8 u0 StatusBar}, flags=-2122055608, canReceive=false
04-20 16:34:11.838507   964   987 V WindowManager: findFocusedWindow: Found new focus @ 4 = Window{8970421 u0 com.mediatek.mtklogger/com.mediatek.mtklogger.MainActivity}
04-20 16:34:11.846493   964   987 I WindowManager: Focus moving from Window{a3ec15d u0 com.mediatek.mtklogger/com.mediatek.mtklogger.MainActivity EXITING} to Window{8970421 u0 com.mediatek.mtklogger/com.mediatek.mtklogger.MainActivity}
04-20 16:34:11.846605   964   987 I WindowManager: Gaining focus: Window{8970421 u0 com.mediatek.mtklogger/com.mediatek.mtklogger.MainActivity}
04-20 16:34:11.847016   964   987 I WindowManager: Losing focus: Window{a3ec15d u0 com.mediatek.mtklogger/com.mediatek.mtklogger.MainActivity EXITING}
04-20 16:34:11.917018   964   979 V InputMethodManagerService: windowGainedFocus: android.os.BinderProxy@3874e2b controlFlags=#104 softInputMode=#120 windowFlags=#1810100
04-20 16:34:11.963949   964  1663 D PowerManagerService: releaseWakeLockInternal: lock=193877478 [*launch*], flags=0x0, total_time=1312ms
04-20 16:34:11.964658   964  1663 D PowerManagerNotifier: onWakeLockReleased: flags=1, tag="*launch*", packageName=android, ownerUid=1000, ownerPid=964, workSource=WorkSource{10056}
04-20 16:34:11.965046   964  1663 D PowerManagerService: updateWakeLockSummaryLocked: mWakefulness=Awake, mWakeLockSummary=0x0
04-20 16:34:11.965476   964  1663 D PowerManagerService: updateUserActivitySummaryLocked: mWakefulness=Awake, mUserActivitySummary=0x1, nextTimeout=22392563 (in 51450 ms)
04-20 16:34:11.970535   964  1663 D DisplayPowerController: requestPowerState: policy=BRIGHT, useProximitySensor=false, screenBrightness=102, screenAutoBrightnessAdjustment=0.0, brightnessSetByUser=true, useAutoBrightness=false, blockScreenOn=false, lowPowerMode=false, boostScreenBrightness=false, dozeScreenBrightness=-1, dozeScreenState=UNKNOWN, waitForNegativeProximity=false
04-20 16:34:11.970712   964  1663 I PowerManagerService: setBrightness mButtonLight 0.
04-20 16:34:11.971528   964  1663 D PowerManagerService: updateDisplayPowerStateLocked: mDisplayReady=true, policy=3, mWakefulness=1, mWakeLockSummary=0x0, mUserActivitySummary=0x1, mBootCompleted=true, mScreenBrightnessBoostInProgress=false
04-20 16:34:11.971810   964  1663 D PowerManagerService: Releasing suspend blocker "PowerManagerService.WakeLocks".
04-20 16:34:11.973835   964  1663 V WindowManager: setAppVisibility(Token{db52176 ActivityRecord{cfca438 u0 com.mediatek.engineermode/.EngineerMode t65}}, visible=false): mNextAppTransition=TRANSIT_UNSET hidden=true hiddenRequested=true Callers=com.android.server.am.ActivityStack.stopActivityLocked:3202 com.android.server.am.ActivityStackSupervisor.activityIdleInternalLocked:2958 com.android.server.am.ActivityManagerService.activityIdle:6876 android.app.ActivityManagerNative.onTransact:528 com.android.server.am.ActivityManagerService.onTransact:2621 android.os.Binder.execTransact:458 
04-20 16:34:11.997145 15106 15106 V ActivityThread: Finishing stop of ActivityRecord{e7394de token=android.os.BinderProxy@4636bf {com.mediatek.engineermode/com.mediatek.engineermode.EngineerMode}}: show=false win=com.android.internal.policy.PhoneWindow@15710dc
04-20 16:34:12.003615 15106 15106 D ActivityThread: ACT-STOP_ACTIVITY_HIDE handled : 0 / android.os.BinderProxy@4636bf
04-20 16:34:14.764078   964   964 V ActivityManager: Broadcast sticky: Intent { act=android.intent.action.BATTERY_CHANGED flg=0x60000010 (has extras) } ordered=false userid=-1 callerApp=null
04-20 16:34:14.767137   964   982 V BroadcastQueue: Processing parallel broadcast [background] BroadcastRecord{b5a1af7 u-1 android.intent.action.BATTERY_CHANGED}, 15 receivers
04-20 16:34:14.767435   964   982 D BroadcastQueue: BroadcastRecord{b5a1af7 u-1 android.intent.action.BATTERY_CHANGED}, #0 BroadcastFilter{9dc89ef u0 ReceiverList{2cf76ce 964 system/1000/u0 local:93e9fc9}}
04-20 16:34:14.767751   964   982 D BroadcastQueue: BDC-Delivering broadcast: Intent { act=android.intent.action.BATTERY_CHANGED flg=0x60000010 (has extras) }, queue=background, ordered=false, filter=BroadcastFilter{9dc89ef u0 ReceiverList{2cf76ce 964 system/1000/u0 local:93e9fc9}}, receiver=null
04-20 16:34:14.768547   964   990 D ActivityThread: BDC-Calling onReceive: intent=Intent { act=android.intent.action.BATTERY_CHANGED flg=0x60000010 (has extras) }, ordered=true, receiver=com.android.server.power.PowerManagerService$BatteryReceiver@51b33d0, IIntentReceiver=93e9fc9
04-20 16:34:14.768978   964   982 D BroadcastQueue: BroadcastRecord{b5a1af7 u-1 android.intent.action.BATTERY_CHANGED}, #1 BroadcastFilter{9cc0862 u0 ReceiverList{7aeb2d 964 system/1000/u0 local:c5dbe44}}
04-20 16:34:14.769297   964   982 D BroadcastQueue: BDC-Delivering broadcast: Intent { act=android.intent.action.BATTERY_CHANGED flg=0x60000010 (has extras) }, queue=background, ordered=false, filter=BroadcastFilter{9cc0862 u0 ReceiverList{7aeb2d 964 system/1000/u0 local:c5dbe44}}, receiver=null
04-20 16:34:14.770002   964   982 D BroadcastQueue: BroadcastRecord{b5a1af7 u-1 android.intent.action.BATTERY_CHANGED}, #2 BroadcastFilter{eec4c26 u0 ReceiverList{50e9381 964 system/1000/u0 local:2d84368}}
04-20 16:34:14.770324   964   982 D BroadcastQueue: BDC-Delivering broadcast: Intent { act=android.intent.action.BATTERY_CHANGED flg=0x60000010 (has extras) }, queue=background, ordered=false, filter=BroadcastFilter{eec4c26 u0 ReceiverList{50e9381 964 system/1000/u0 local:2d84368}}, receiver=null
04-20 16:34:14.770660   964   982 D BroadcastQueue: BroadcastRecord{b5a1af7 u-1 android.intent.action.BATTERY_CHANGED}, #3 BroadcastFilter{ab74444 u0 ReceiverList{f940157 964 system/1000/u0 local:8f60ad6}}
04-20 16:34:14.770944   964   982 D BroadcastQueue: BDC-Delivering broadcast: Intent { act=android.intent.action.BATTERY_CHANGED flg=0x60000010 (has extras) }, queue=background, ordered=false, filter=BroadcastFilter{ab74444 u0 ReceiverList{f940157 964 system/1000/u0 local:8f60ad6}}, receiver=null
04-20 16:34:14.771257   964   982 D BroadcastQueue: BroadcastRecord{b5a1af7 u-1 android.intent.action.BATTERY_CHANGED}, #4 BroadcastFilter{ef7156b u0 ReceiverList{8ef52ba 1102 com.android.systemui/10022/u0 remote:83e07e5}}
04-20 16:34:14.771552   964   982 D BroadcastQueue: BDC-Delivering broadcast: Intent { act=android.intent.action.BATTERY_CHANGED flg=0x60000010 (has extras) }, queue=background, ordered=false, filter=BroadcastFilter{ef7156b u0 ReceiverList{8ef52ba 1102 com.android.systemui/10022/u0 remote:83e07e5}}, receiver=null
04-20 16:34:14.773140   964   964 D ActivityThread: BDC-Calling onReceive: intent=Intent { act=android.intent.action.BATTERY_CHANGED flg=0x60000010 (has extras) }, ordered=true, receiver=com.android.server.UiModeManagerService$3@2402357, IIntentReceiver=c5dbe44
04-20 16:34:14.773821   964   964 D ActivityThread: BDC-Calling onReceive: intent=Intent { act=android.intent.action.BATTERY_CHANGED flg=0x60000010 (has extras) }, ordered=true, receiver=com.android.server.DeviceIdleController$1@7d2b68b, IIntentReceiver=2d84368
04-20 16:34:14.774443   964   964 D ActivityThread: BDC-Calling onReceive: intent=Intent { act=android.intent.action.BATTERY_CHANGED flg=0x60000010 (has extras) }, ordered=true, receiver=com.android.server.wifi.WifiServiceImpl$1@a225ef1, IIntentReceiver=8f60ad6
04-20 16:34:14.774630   964   964 D WifiService: onReceive, action:android.intent.action.BATTERY_CHANGED
04-20 16:34:14.775679  1102  1102 D ActivityThread: BDC-Calling onReceive: intent=Intent { act=android.intent.action.BATTERY_CHANGED flg=0x60000010 (has extras) }, ordered=true, receiver=com.android.keyguard.KeyguardUpdateMonitor$3@16e0f53, IIntentReceiver=6cc051e
04-20 16:34:14.776740   964   982 D BroadcastQueue: BroadcastRecord{b5a1af7 u-1 android.intent.action.BATTERY_CHANGED}, #5 BroadcastFilter{ac4a1ce u0 ReceiverList{e7196c9 1102 com.android.systemui/10022/u0 remote:9f3a6d0}}
04-20 16:34:14.777103   964   982 D BroadcastQueue: BDC-Delivering broadcast: Intent { act=android.intent.action.BATTERY_CHANGED flg=0x60000010 (has extras) }, queue=background, ordered=false, filter=BroadcastFilter{ac4a1ce u0 ReceiverList{e7196c9 1102 com.android.systemui/10022/u0 remote:9f3a6d0}}, receiver=null
04-20 16:34:14.778250   964  1043 D WifiController: ApStaDisabledState{ when=-3ms what=155652 arg1=2 target=com.android.internal.util.StateMachine$SmHandler }
04-20 16:34:14.778498   964  1043 D WifiController: DefaultState{ when=-4ms what=155652 arg1=2 target=com.android.internal.util.StateMachine$SmHandler }
04-20 16:34:14.778592   964  1043 D WifiController: battery changed pluggedType: 2
04-20 16:34:14.779731  1102  1102 D ActivityThread: BDC-Calling onReceive: intent=Intent { act=android.intent.action.BATTERY_CHANGED flg=0x60000010 (has extras) }, ordered=true, receiver=com.android.systemui.power.PowerUI$Receiver@37c7907, IIntentReceiver=f3db51f
04-20 16:34:14.779925  1102  1102 D PowerUI : buckets   .....20 .. 15 .. 5
04-20 16:34:14.779982  1102  1102 D PowerUI : level          84 --> 84
04-20 16:34:14.780034  1102  1102 D PowerUI : status         2 --> 2
04-20 16:34:14.780084  1102  1102 D PowerUI : plugType       2 --> 2
04-20 16:34:14.780134  1102  1102 D PowerUI : invalidCharger 0 --> 0
04-20 16:34:14.780184  1102  1102 D PowerUI : bucket         1 --> 1
04-20 16:34:14.780235  1102  1102 D PowerUI : plugged        true --> true
04-20 16:34:14.780324  1102  1102 D PowerUI.Notification: dismissing low battery warning: level=84
04-20 16:34:14.780390  1102  1102 D PowerUI.Notification: updateNotification mWarning=false mPlaySound=false mSaver=false mInvalidCharger=false
04-20 16:34:14.782825   964   982 D BroadcastQueue: BroadcastRecord{b5a1af7 u-1 android.intent.action.BATTERY_CHANGED}, #6 BroadcastFilter{dd9c3c5 u0 ReceiverList{974ba3c 1102 com.android.systemui/10022/u0 remote:bd6342f}}
04-20 16:34:14.783213   964   982 D BroadcastQueue: BDC-Delivering broadcast: Intent { act=android.intent.action.BATTERY_CHANGED flg=0x60000010 (has extras) }, queue=background, ordered=false, filter=BroadcastFilter{dd9c3c5 u0 ReceiverList{974ba3c 1102 com.android.systemui/10022/u0 remote:bd6342f}}, receiver=null
04-20 16:34:14.784764   964   990 D PowerManagerService: updateIsPoweredLocked: wasPowered=true, mIsPowered=true, oldPlugType=2, mPlugType=2, mBatteryLevel=84
04-20 16:34:14.786083  1102  1102 D ActivityThread: BDC-Calling onReceive: intent=Intent { act=android.intent.action.BATTERY_CHANGED flg=0x60000010 (has extras) }, ordered=true, receiver=com.android.systemui.statusbar.policy.BatteryController@15f932f, IIntentReceiver=7a8d970
04-20 16:34:14.786892   964   982 D BroadcastQueue: BroadcastRecord{b5a1af7 u-1 android.intent.action.BATTERY_CHANGED}, #7 BroadcastFilter{c44a0a8 u0 ReceiverList{c6d40cb 1102 com.android.systemui/10022/u0 remote:abf8f9a}}
04-20 16:34:14.787259   964   982 D BroadcastQueue: BDC-Delivering broadcast: Intent { act=android.intent.action.BATTERY_CHANGED flg=0x60000010 (has extras) }, queue=background, ordered=false, filter=BroadcastFilter{c44a0a8 u0 ReceiverList{c6d40cb 1102 com.android.systemui/10022/u0 remote:abf8f9a}}, receiver=null
04-20 16:34:14.788517  1102  1102 D ActivityThread: BDC-Calling onReceive: intent=Intent { act=android.intent.action.BATTERY_CHANGED flg=0x60000010 (has extras) }, ordered=true, receiver=com.android.systemui.BatteryMeterView$BatteryTracker@5fc7f81, IIntentReceiver=42408b
