04-20 16:34:22.520277   964  1663 D ActivityManager: ACT-paused: token=Token{db52176 ActivityRecord{cfca438 u0 com.mediatek.engineermode/.EngineerMode t65 f}}, timeout=false
04-20 16:34:22.520957   964  1663 D PowerManagerService: updateWakeLockWorkSourceInternal: lock=193877478 [*launch*], ws=WorkSource{10006}
04-20 16:34:22.521278   964  1663 D PowerManagerNotifier: onWakeLockChanging: flags=1, tag="*launch*", packageName=android, ownerUid=1000, ownerPid=964, workSource=WorkSource{10006}
04-20 16:34:22.523847   964  1663 V WindowManager: setAppVisibility(Token{db52176 ActivityRecord{cfca438 u0 com.mediatek.engineermode/.EngineerMode t65 f}}, visible=false): mNextAppTransition=TRANSIT_TASK_CLOSE hidden=false hiddenRequested=true Callers=com.android.server.am.ActivityStack.resumeTopActivityInnerLocked:2139 com.android.server.am.ActivityStack.resumeTopActivityLocked:1816 com.android.server.am.ActivityStackSupervisor.resumeTopActivitiesLocked:3097 com.android.server.am.ActivityStack.completePauseLocked:1195 com.android.server.am.ActivityStack.activityPausedLocked:1061 com.android.server.am.ActivityManagerService.activityPaused:7208 
04-20 16:34:22.548212   964   987 D WindowManager: addWindowToListInOrderLocked: win=Window{a903373 u0 Starting com.android.dialer} Callers=com.android.server.wm.WindowManagerService.addWindow:2771 com.android.server.wm.Session.addToDisplay:171 android.view.ViewRootImpl.setView:643 android.view.WindowManagerGlobal.addView:319 
04-20 16:34:22.554878   964   987 V WindowManager: Looking for focus: 7 = Window{fa8f8e8 u0 StatusBar}, flags=-2122055608, canReceive=false
04-20 16:34:22.555033   964   987 V WindowManager: findFocusedWindow: No focusable windows.
04-20 16:34:22.555900   964   987 V WindowManager: Changing focus from Window{739c07b u0 com.mediatek.engineermode/com.mediatek.engineermode.EngineerMode} to null Callers=com.android.server.wm.WindowManagerService.relayoutWindow:3588 com.android.server.wm.Session.relayout:201 android.view.ViewRootImpl.relayoutWindow:5962 android.view.ViewRootImpl.performTraversals:1848 
04-20 16:34:22.556259   964   987 D WindowManager: Input focus has changed to null
04-20 16:34:22.566745   964   987 I WindowManager: Focus moving from Window{739c07b u0 com.mediatek.engineermode/com.mediatek.engineermode.EngineerMode} to null
04-20 16:34:22.566973   964   987 I WindowManager: Losing focus: Window{739c07b u0 com.mediatek.engineermode/com.mediatek.engineermode.EngineerMode}
04-20 16:34:22.570374   964  1663 I ActivityManager: Start proc 15199:com.android.dialer/u0a6 for activity com.android.dialer/.DialtactsActivity
04-20 16:34:22.570741   964  1663 D ActivityManager: Delay resumeKeyDispatchingLocked() to avoid deadlock.
04-20 16:34:22.573264   964   983 V NetworkStats: setKernelCounterSet uid=10006 set=1
04-20 16:34:22.573357 15106 15106 D ActivityThread: ACT-PAUSE_ACTIVITY_FINISHING handled : 0 / android.os.BinderProxy@4636bf
04-20 16:34:22.588513   964  2089 V SettingsProvider: packageValueForCallResult, name = haptic_feedback_enabled, value : 1
04-20 16:34:22.589973   964  2089 D PowerManagerService: acquireWakeLockInternal: lock=221862968, flags=0x1, tag="*vibrator*", ws=WorkSource{1000}, uid=1000, pid=964
04-20 16:34:22.590386   964  2089 D PowerManagerService: updateWakeLockSummaryLocked: mWakefulness=Awake, mWakeLockSummary=0x1
04-20 16:34:22.590715   964  2089 D PowerManagerService: updateUserActivitySummaryLocked: mWakefulness=Awake, mUserActivitySummary=0x9, nextTimeout=22359496 (in 7758 ms)
04-20 16:34:22.591190   964  2089 D DisplayPowerController: requestPowerState: policy=BRIGHT, useProximitySensor=false, screenBrightness=102, screenAutoBrightnessAdjustment=0.0, brightnessSetByUser=true, useAutoBrightness=false, blockScreenOn=false, lowPowerMode=false, boostScreenBrightness=false, dozeScreenBrightness=-1, dozeScreenState=UNKNOWN, waitForNegativeProximity=false
04-20 16:34:22.591399   964  2089 I PowerManagerService: setBrightness mButtonLight, screenBrightness=102
04-20 16:34:22.591606   964  2089 D PowerManagerService: updateDisplayPowerStateLocked: mDisplayReady=true, policy=3, mWakefulness=1, mWakeLockSummary=0x1, mUserActivitySummary=0x9, mBootCompleted=true, mScreenBrightnessBoostInProgress=false
04-20 16:34:22.592077   964  2089 D PowerManagerNotifier: onWakeLockAcquired: flags=1, tag="*vibrator*", packageName=android, ownerUid=1000, ownerPid=964, workSource=WorkSource{1000}
04-20 16:34:22.655746   964 15205 D PowerManagerService: releaseWakeLockInternal: lock=221862968 [*vibrator*], flags=0x0, total_time=66ms
04-20 16:34:22.656120   964 15205 D PowerManagerNotifier: onWakeLockReleased: flags=1, tag="*vibrator*", packageName=android, ownerUid=1000, ownerPid=964, workSource=WorkSource{1000}
04-20 16:34:22.656543   964 15205 D PowerManagerService: updateWakeLockSummaryLocked: mWakefulness=Awake, mWakeLockSummary=0x1
04-20 16:34:22.656855   964 15205 D PowerManagerService: updateUserActivitySummaryLocked: mWakefulness=Awake, mUserActivitySummary=0x9, nextTimeout=22359496 (in 7692 ms)
04-20 16:34:22.657215   964 15205 D DisplayPowerController: requestPowerState: policy=BRIGHT, useProximitySensor=false, screenBrightness=102, screenAutoBrightnessAdjustment=0.0, brightnessSetByUser=true, useAutoBrightness=false, blockScreenOn=false, lowPowerMode=false, boostScreenBrightness=false, dozeScreenBrightness=-1, dozeScreenState=UNKNOWN, waitForNegativeProximity=false
04-20 16:34:22.657357   964 15205 I PowerManagerService: setBrightness mButtonLight, screenBrightness=102
04-20 16:34:22.657559   964 15205 D PowerManagerService: updateDisplayPowerStateLocked: mDisplayReady=true, policy=3, mWakefulness=1, mWakeLockSummary=0x1, mUserActivitySummary=0x9, mBootCompleted=true, mScreenBrightnessBoostInProgress=false
04-20 16:34:22.751244   964   975 V SettingsProvider: packageValueForCallResult, name = haptic_feedback_enabled, value : 1
04-20 16:34:22.754266   964   975 D PowerManagerService: acquireWakeLockInternal: lock=221862968, flags=0x1, tag="*vibrator*", ws=WorkSource{1000}, uid=1000, pid=964
04-20 16:34:22.754540   964   975 D PowerManagerService: updateWakeLockSummaryLocked: mWakefulness=Awake, mWakeLockSummary=0x1
04-20 16:34:22.754828   964   975 D PowerManagerService: updateUserActivitySummaryLocked: mWakefulness=Awake, mUserActivitySummary=0x9, nextTimeout=22359496 (in 7594 ms)
04-20 16:34:22.755165   964   975 D DisplayPowerController: requestPowerState: policy=BRIGHT, useProximitySensor=false, screenBrightness=102, screenAutoBrightnessAdjustment=0.0, brightnessSetByUser=true, useAutoBrightness=false, blockScreenOn=false, lowPowerMode=false, boostScreenBrightness=false, dozeScreenBrightness=-1, dozeScreenState=UNKNOWN, waitForNegativeProximity=false
04-20 16:34:22.755307   964   975 I PowerManagerService: setBrightness mButtonLight, screenBrightness=102
04-20 16:34:22.755952   964   975 D PowerManagerService: updateDisplayPowerStateLocked: mDisplayReady=true, policy=3, mWakefulness=1, mWakeLockSummary=0x1, mUserActivitySummary=0x9, mBootCompleted=true, mScreenBrightnessBoostInProgress=false
04-20 16:34:22.756476   964   975 D PowerManagerNotifier: onWakeLockAcquired: flags=1, tag="*vibrator*", packageName=android, ownerUid=1000, ownerPid=964, workSource=WorkSource{1000}
04-20 16:34:22.786904   964  1843 D ActivityManager: ACT-attachApplication pid 15199 to thread android.app.ApplicationThreadProxy@3e7fc2e
04-20 16:34:22.790739   964  1843 V WindowManager: setAppVisibility(Token{51580e7 ActivityRecord{4e65001 u0 com.android.dialer/.DialtactsActivity t64}}, visible=true): mNextAppTransition=TRANSIT_TASK_CLOSE hidden=true hiddenRequested=true Callers=com.android.server.am.ActivityStackSupervisor.realStartActivityLocked:1293 com.android.server.am.ActivityStackSupervisor.attachApplicationLocked:717 com.android.server.am.ActivityManagerService.attachApplicationLocked:6794 com.android.server.am.ActivityManagerService.attachApplication:6863 android.app.ActivityManagerNative.onTransact:513 com.android.server.am.ActivityManagerService.onTransact:2621 
04-20 16:34:22.793272   964  1843 V WindowManager: setAppVisibility(Token{51580e7 ActivityRecord{4e65001 u0 com.android.dialer/.DialtactsActivity t64}}, visible=true): mNextAppTransition=TRANSIT_TASK_CLOSE hidden=true hiddenRequested=false Callers=com.android.server.am.ActivityStack.setVisible:1295 com.android.server.am.ActivityStack.ensureActivitiesVisibleLocked:1556 com.android.server.am.ActivityStackSupervisor.ensureActivitiesVisibleLocked:3722 com.android.server.am.ActivityManagerService.updateConfigurationLocked:18749 com.android.server.am.ActivityStackSupervisor.realStartActivityLocked:1309 com.android.server.am.ActivityStackSupervisor.attachApplicationLocked:717 
04-20 16:34:22.798083   964   987 I WindowManager: Relayout Window{a903373 u0 Starting com.android.dialer}: oldVis=8 newVis=0
04-20 16:34:22.799222   964  1843 D ActivityManager: ACT-AM_RESTART_ACTIVITY ActivityRecord{4e65001 u0 com.android.dialer/.DialtactsActivity t64} Task:64
04-20 16:34:22.802689   964   987 I WindowStateAnimator:   CREATE SURFACE Surface(name=Starting com.android.dialer) IN SESSION android.view.SurfaceSession@cfb7c3d: pid=964 format=-1 flags=0x404 / WindowStateAnimator{23093cf Starting com.android.dialer}
04-20 16:34:22.804002   964   987 V WindowManager: Looking for focus: 7 = Window{fa8f8e8 u0 StatusBar}, flags=-2122055608, canReceive=false
04-20 16:34:22.804147   964   987 V WindowManager: findFocusedWindow: No focusable windows.
04-20 16:34:22.820758   964 15215 D PowerManagerService: releaseWakeLockInternal: lock=221862968 [*vibrator*], flags=0x0, total_time=65ms
04-20 16:34:22.821312   964 15215 D PowerManagerNotifier: onWakeLockReleased: flags=1, tag="*vibrator*", packageName=android, ownerUid=1000, ownerPid=964, workSource=WorkSource{1000}
04-20 16:34:22.821893   964 15215 D PowerManagerService: updateWakeLockSummaryLocked: mWakefulness=Awake, mWakeLockSummary=0x1
04-20 16:34:22.822311   964 15215 D PowerManagerService: updateUserActivitySummaryLocked: mWakefulness=Awake, mUserActivitySummary=0x9, nextTimeout=22359496 (in 7527 ms)
04-20 16:34:22.823091   964 15215 D DisplayPowerController: requestPowerState: policy=BRIGHT, useProximitySensor=false, screenBrightness=102, screenAutoBrightnessAdjustment=0.0, brightnessSetByUser=true, useAutoBrightness=false, blockScreenOn=false, lowPowerMode=false, boostScreenBrightness=false, dozeScreenBrightness=-1, dozeScreenState=UNKNOWN, waitForNegativeProximity=false
04-20 16:34:22.823336   964 15215 I PowerManagerService: setBrightness mButtonLight, screenBrightness=102
04-20 16:34:22.823607   964 15215 D PowerManagerService: updateDisplayPowerStateLocked: mDisplayReady=true, policy=3, mWakefulness=1, mWakeLockSummary=0x1, mUserActivitySummary=0x9, mBootCompleted=true, mScreenBrightnessBoostInProgress=false
04-20 16:34:22.828289   964   987 V WindowStateAnimator: finishDrawingLocked: mDrawState=COMMIT_DRAW_PENDING WindowStateAnimator{23093cf Starting com.android.dialer} in Surface(name=Starting com.android.dialer)
04-20 16:34:22.837599   964   987 V WindowManager: **** GOOD TO GO
04-20 16:34:22.849106   964   987 V WindowManager: Looking for focus: 7 = Window{fa8f8e8 u0 StatusBar}, flags=-2122055608, canReceive=false
04-20 16:34:22.849275   964   987 V WindowManager: findFocusedWindow: No focusable windows.
04-20 16:34:22.850306   964   987 D WindowManager: notifyActivityDrawnForKeyguard: waiting=false Callers=com.android.server.wm.WindowManagerService.handleAppTransitionReadyLocked:10079 com.android.server.wm.WindowManagerService.performLayoutAndPlaceSurfacesLockedInner:10699 com.android.server.wm.WindowManagerService.performLayoutAndPlaceSurfacesLockedLoop:9443 com.android.server.wm.WindowManagerService.performLayoutAndPlaceSurfacesLocked:9390 com.android.server.wm.WindowManagerService.-wrap8:-1 
04-20 16:34:22.875571   964  1670 V WindowManager: Looking for focus: 7 = Window{fa8f8e8 u0 StatusBar}, flags=-2122055608, canReceive=false
04-20 16:34:22.875738   964  1670 V WindowManager: findFocusedWindow: No focusable windows.
04-20 16:34:22.973539 15199 15199 D ActivityThread: BIND_APPLICATION handled : 0 / AppBindData{appInfo=ApplicationInfo{42020ea com.android.dialer}}
04-20 16:34:22.975969 15199 15199 V ActivityThread: Handling launch of ActivityRecord{c294551 token=android.os.BinderProxy@e5761b6 {com.android.dialer/com.android.dialer.DialtactsActivity}} startsNotResumed=false
04-20 16:34:23.022792 15199 15199 V ActivityThread: ActivityRecord{c294551 token=android.os.BinderProxy@e5761b6 {com.android.dialer/com.android.dialer.DialtactsActivity}}: app=com.android.dialer.DialerApplication@50bf192, appName=com.android.dialer, pkg=com.android.dialer, comp={com.android.dialer/com.android.dialer.DialtactsActivity}, dir=/system/priv-app/Dialer/Dialer.apk
04-20 16:34:23.263511   964   976 V SettingsProvider: packageValueForCallResult, name = haptic_feedback_enabled, value : 1
04-20 16:34:23.265369   964   976 D PowerManagerService: acquireWakeLockInternal: lock=221862968, flags=0x1, tag="*vibrator*", ws=WorkSource{10022}, uid=1000, pid=964
04-20 16:34:23.265649   964   976 D PowerManagerService: updateWakeLockSummaryLocked: mWakefulness=Awake, mWakeLockSummary=0x1
04-20 16:34:23.265960   964   976 D PowerManagerService: updateUserActivitySummaryLocked: mWakefulness=Awake, mUserActivitySummary=0x9, nextTimeout=22359496 (in 7083 ms)
04-20 16:34:23.266320   964   976 D DisplayPowerController: requestPowerState: policy=BRIGHT, useProximitySensor=false, screenBrightness=102, screenAutoBrightnessAdjustment=0.0, brightnessSetByUser=true, useAutoBrightness=false, blockScreenOn=false, lowPowerMode=false, boostScreenBrightness=false, dozeScreenBrightness=-1, dozeScreenState=UNKNOWN, waitForNegativeProximity=false
04-20 16:34:23.266478   964   976 I PowerManagerService: setBrightness mButtonLight, screenBrightness=102
04-20 16:34:23.266678   964   976 D PowerManagerService: updateDisplayPowerStateLocked: mDisplayReady=true, policy=3, mWakefulness=1, mWakeLockSummary=0x1, mUserActivitySummary=0x9, mBootCompleted=true, mScreenBrightnessBoostInProgress=false
04-20 16:34:23.267040   964   976 D PowerManagerNotifier: onWakeLockAcquired: flags=1, tag="*vibrator*", packageName=android, ownerUid=1000, ownerPid=964, workSource=WorkSource{10022}
04-20 16:34:23.313138   964 15218 D PowerManagerService: releaseWakeLockInternal: lock=221862968 [*vibrator*], flags=0x0, total_time=47ms
04-20 16:34:23.313451   964 15218 D PowerManagerNotifier: onWakeLockReleased: flags=1, tag="*vibrator*", packageName=android, ownerUid=1000, ownerPid=964, workSource=WorkSource{10022}
04-20 16:34:23.313841   964 15218 D PowerManagerService: updateWakeLockSummaryLocked: mWakefulness=Awake, mWakeLockSummary=0x1
04-20 16:34:23.314141   964 15218 D PowerManagerService: updateUserActivitySummaryLocked: mWakefulness=Awake, mUserActivitySummary=0x9, nextTimeout=22359496 (in 7035 ms)
04-20 16:34:23.314576   964 15218 D DisplayPowerController: requestPowerState: policy=BRIGHT, useProximitySensor=false, screenBrightness=102, screenAutoBrightnessAdjustment=0.0, brightnessSetByUser=true, useAutoBrightness=false, blockScreenOn=false, lowPowerMode=false, boostScreenBrightness=false, dozeScreenBrightness=-1, dozeScreenState=UNKNOWN, waitForNegativeProximity=false
04-20 16:34:23.314756   964 15218 I PowerManagerService: setBrightness mButtonLight, screenBrightness=102
04-20 16:34:23.314957   964 15218 D PowerManagerService: updateDisplayPowerStateLocked: mDisplayReady=true, policy=3, mWakefulness=1, mWakeLockSummary=0x1, mUserActivitySummary=0x9, mBootCompleted=true, mScreenBrightnessBoostInProgress=false
04-20 16:34:23.613623   964   987 V WindowManager: Looking for focus: 7 = Window{fa8f8e8 u0 StatusBar}, flags=-2122055608, canReceive=false
04-20 16:34:23.613756   964   987 V WindowManager: findFocusedWindow: No focusable windows.
04-20 16:34:24.040317   964  2089 D ActivityManager: getContentProviderImpl: from caller=android.app.ApplicationThreadProxy@b4419 (pid=15199, userId=0) to get content provider call_log cpr=ContentProviderRecord{df26e89 u0 com.android.providers.contacts/.CallLogProvider}
04-20 16:34:24.040759   964  2089 D ActivityManager: getContentProviderImpl: updateLruProcessLocked cpr.proc=ProcessRecord{931ccf4 15035:android.process.acore/u0a3}
04-20 16:34:24.045107   964   983 V NetworkStats: setKernelCounterSet uid=10003 set=1
04-20 16:34:24.047105 15199 15220 D ActivityThread: holder:android.app.IActivityManager$ContentProviderHolder@eb7c909, holder.provider:android.content.ContentProviderProxy@977870e
04-20 16:34:24.344339   964  8871 D ActivityManager: getContentProviderImpl: from caller=android.app.ApplicationThreadProxy@7e1ccde (pid=15199, userId=0) to get content provider com.android.contacts cpr=ContentProviderRecord{f392ecb u0 com.android.providers.contacts/.ContactsProvider2}
04-20 16:34:24.344771   964  8871 D ActivityManager: getContentProviderImpl: updateLruProcessLocked cpr.proc=ProcessRecord{931ccf4 15035:android.process.acore/u0a3}
04-20 16:34:24.347149 15199 15219 D ActivityThread: holder:android.app.IActivityManager$ContentProviderHolder@f9e07d8, holder.provider:android.content.ContentProviderProxy@5bd5731
04-20 16:34:24.566693   964   975 D PowerManagerService: acquireWakeLockInternal: lock=155455167, flags=0x1, tag="AudioMix", ws=null, uid=1013, pid=0
04-20 16:34:24.567067   964   975 D PowerManagerService: updateWakeLockSummaryLocked: mWakefulness=Awake, mWakeLockSummary=0x1
04-20 16:34:24.567348 15199 15199 D AudioTrack: audiotrack 0x7fb34d6080 set Type 8, rate 0, fmt 1, chn 1, fcnt 0, flags 0004
04-20 16:34:24.567405   964   975 D PowerManagerService: updateUserActivitySummaryLocked: mWakefulness=Awake, mUserActivitySummary=0x9, nextTimeout=22359496 (in 5782 ms)
04-20 16:34:24.567944   964   975 D DisplayPowerController: requestPowerState: policy=BRIGHT, useProximitySensor=false, screenBrightness=102, screenAutoBrightnessAdjustment=0.0, brightnessSetByUser=true, useAutoBrightness=false, blockScreenOn=false, lowPowerMode=false, boostScreenBrightness=false, dozeScreenBrightness=-1, dozeScreenState=UNKNOWN, waitForNegativeProximity=false
04-20 16:34:24.568109   964   975 I PowerManagerService: setBrightness mButtonLight, screenBrightness=102
04-20 16:34:24.568306   964   975 D PowerManagerService: updateDisplayPowerStateLocked: mDisplayReady=true, policy=3, mWakefulness=1, mWakeLockSummary=0x1, mUserActivitySummary=0x9, mBootCompleted=true, mScreenBrightnessBoostInProgress=false
04-20 16:34:24.568674   964   975 D PowerManagerNotifier: onWakeLockAcquired: flags=1, tag="AudioMix", packageName=media, ownerUid=1013, ownerPid=0, workSource=null
04-20 16:34:24.570494   964   975 D PowerManagerService: acquireWakeLockInternal: lock=87206284, flags=0x1, tag="AudioMix", ws=null, uid=1013, pid=0
04-20 16:34:24.570781   964   975 D PowerManagerService: updateWakeLockSummaryLocked: mWakefulness=Awake, mWakeLockSummary=0x1
04-20 16:34:24.571096   964   975 D PowerManagerService: updateUserActivitySummaryLocked: mWakefulness=Awake, mUserActivitySummary=0x9, nextTimeout=22359496 (in 5778 ms)
04-20 16:34:24.571430   964   975 D DisplayPowerController: requestPowerState: policy=BRIGHT, useProximitySensor=false, screenBrightness=102, screenAutoBrightnessAdjustment=0.0, brightnessSetByUser=true, useAutoBrightness=false, blockScreenOn=false, lowPowerMode=false, boostScreenBrightness=false, dozeScreenBrightness=-1, dozeScreenState=UNKNOWN, waitForNegativeProximity=false
04-20 16:34:24.571564   964   975 I PowerManagerService: setBrightness mButtonLight, screenBrightness=102
04-20 16:34:24.571772   964   975 D PowerManagerService: updateDisplayPowerStateLocked: mDisplayReady=true, policy=3, mWakefulness=1, mWakeLockSummary=0x1, mUserActivitySummary=0x9, mBootCompleted=true, mScreenBrightnessBoostInProgress=false
04-20 16:34:24.572068   964   975 D PowerManagerNotifier: onWakeLockAcquired: flags=1, tag="AudioMix", packageName=media, ownerUid=1013, ownerPid=0, workSource=null
04-20 16:34:24.576762 15199 15199 D AudioTrackCenter: addTrack, trackId:0x7f9dd78000, frameCount:512, sampleRate:44100, trackPtr:0x7fb34d6080
04-20 16:34:24.617008 15199 15199 V ActivityThread: Performing resume of ActivityRecord{c294551 token=android.os.BinderProxy@e5761b6 {com.android.dialer/com.android.dialer.DialtactsActivity}}
04-20 16:34:24.649740   964  1670 W Telecom : : No account found for the calling user
04-20 16:34:24.656024 15199 15199 D StatusBarManager: Hide SIM indicator from com.android.dialer.
04-20 16:34:24.672085   964  1843 D ActivityManager: getContentProviderImpl: from caller=android.app.ApplicationThreadProxy@f785d51 (pid=15199, userId=0) to get content provider com.android.voicemail cpr=ContentProviderRecord{5499b6 u0 com.android.providers.contacts/.VoicemailContentProvider}
04-20 16:34:24.672674   964  1843 D ActivityManager: getContentProviderImpl: updateLruProcessLocked cpr.proc=ProcessRecord{931ccf4 15035:android.process.acore/u0a3}
04-20 16:34:24.674933 15199 15220 D ActivityThread: holder:android.app.IActivityManager$ContentProviderHolder@95feb55, holder.provider:android.content.ContentProviderProxy@49496a
04-20 16:34:24.720715   964  1544 D ActivityManager: getContentProviderImpl: from caller=android.app.ActivityThread$ApplicationThread@ef98b0e (pid=964, userId=0) to get content provider call_log cpr=ContentProviderRecord{df26e89 u0 com.android.providers.contacts/.CallLogProvider}
04-20 16:34:24.720995   964  1544 D ActivityManager: getContentProviderImpl: updateLruProcessLocked cpr.proc=ProcessRecord{931ccf4 15035:android.process.acore/u0a3}
04-20 16:34:24.721591   964  1544 D ActivityThread: holder:android.app.IActivityManager$ContentProviderHolder@c329e24, holder.provider:android.content.ContentProviderProxy@a69185b
04-20 16:34:24.728226   964  1162 V ActivityManager: startService: Intent { act=com.android.dialer.calllog.UPDATE_NOTIFICATIONS cmp=com.android.dialer/.calllog.CallLogNotificationsService } callerApp=ProcessRecord{1947d8d 15199:com.android.dialer/u0a6}
04-20 16:34:24.729748   964  1162 V ActivityManager: >>> EXECUTING create of ServiceRecord{2889b42 u0 com.android.dialer/.calllog.CallLogNotificationsService} in app ProcessRecord{1947d8d 15199:com.android.dialer/u0a6}
04-20 16:34:24.733897   964  1162 V ActivityManager: AMS Creating service ServiceRecord{2889b42 u0 com.android.dialer/.calllog.CallLogNotificationsService}
04-20 16:34:24.735032   964  1162 V ActivityManager: Sending arguments to: ServiceRecord{2889b42 u0 com.android.dialer/.calllog.CallLogNotificationsService} android.content.Intent$FilterComparison@5672c16e args=Intent { act=com.android.dialer.calllog.UPDATE_NOTIFICATIONS cmp=com.android.dialer/.calllog.CallLogNotificationsService }
04-20 16:34:24.735251   964  1162 V ActivityManager: >>> EXECUTING start of ServiceRecord{2889b42 u0 com.android.dialer/.calllog.CallLogNotificationsService} in app ProcessRecord{1947d8d 15199:com.android.dialer/u0a6}
04-20 16:34:24.735862   964  1162 D ActivityManager: SVC-Sent arguments: ServiceRecord{2889b42 u0 com.android.dialer/.calllog.CallLogNotificationsService}, app=ProcessRecord{1947d8d 15199:com.android.dialer/u0a6}, args=Intent { act=com.android.dialer.calllog.UPDATE_NOTIFICATIONS cmp=com.android.dialer/.calllog.CallLogNotificationsService }, flags=0
04-20 16:34:24.756922   964   976 D ActivityManager: getContentProviderImpl: from caller=android.app.ApplicationThreadProxy@a846753 (pid=15199, userId=0) to get content provider settings cpr=ContentProviderRecord{3099187 u0 com.android.providers.settings/.SettingsProvider}
04-20 16:34:24.757282   964   976 D ActivityManager: getContentProviderImpl: updateLruProcessLocked cpr.proc=ProcessRecord{7b8ebd8 964:system/1000}
04-20 16:34:24.759077 15199 15199 D ActivityThread: holder:android.app.IActivityManager$ContentProviderHolder@3db300d, holder.provider:android.content.ContentProviderProxy@4059bc2
04-20 16:34:24.760069   964  1663 V SettingsProvider: packageValueForCallResult, name = dtmf_tone, value : 1
04-20 16:34:24.761803   964  1582 V SettingsProvider: packageValueForCallResult, name = haptic_feedback_enabled, value : 1
04-20 16:34:24.801499 15199 15199 D ActivityThread: ACT-AM_ON_RESUME_CALLED ActivityRecord{c294551 token=android.os.BinderProxy@e5761b6 {com.android.dialer/com.android.dialer.DialtactsActivity}}
04-20 16:34:24.801771 15199 15199 V ActivityThread: Resume ActivityRecord{c294551 token=android.os.BinderProxy@e5761b6 {com.android.dialer/com.android.dialer.DialtactsActivity}} started activity: false, hideForNow: false, finished: false
04-20 16:34:24.845091   964  1747 D WindowManager: addWindowToListInOrderLocked: win=Window{e6425af u0 com.android.dialer/com.android.dialer.DialtactsActivity} Callers=com.android.server.wm.WindowManagerService.addWindow:2771 com.android.server.wm.Session.addToDisplay:171 android.view.IWindowSession$Stub.onTransact:124 com.android.server.wm.Session.onTransact:133 
04-20 16:34:24.847927 15199 15199 V ActivityThread: Resuming ActivityRecord{c294551 token=android.os.BinderProxy@e5761b6 {com.android.dialer/com.android.dialer.DialtactsActivity}} with isForward=false
04-20 16:34:24.848473 15199 15199 V ActivityThread: Scheduling idle handler for ActivityRecord{c294551 token=android.os.BinderProxy@e5761b6 {com.android.dialer/com.android.dialer.DialtactsActivity}}
04-20 16:34:24.849469 15199 15199 D ActivityThread: ACT-LAUNCH_ACTIVITY handled : 0 / ActivityRecord{c294551 token=android.os.BinderProxy@e5761b6 {com.android.dialer/com.android.dialer.DialtactsActivity}}
04-20 16:34:24.987715   964  6043 D ActivityManager: getContentProviderImpl: from caller=android.app.ActivityThread$ApplicationThread@ef98b0e (pid=964, userId=0) to get content provider call_log cpr=ContentProviderRecord{df26e89 u0 com.android.providers.contacts/.CallLogProvider}
04-20 16:34:24.988042   964  6043 D ActivityManager: getContentProviderImpl: updateLruProcessLocked cpr.proc=ProcessRecord{931ccf4 15035:android.process.acore/u0a3}
04-20 16:34:24.988522   964  6043 D ActivityThread: holder:android.app.IActivityManager$ContentProviderHolder@58d145, holder.provider:android.content.ContentProviderProxy@a69185b
04-20 16:34:24.997165   964  1844 V ActivityManager: startService: Intent { act=com.android.dialer.calllog.UPDATE_NOTIFICATIONS cmp=com.android.dialer/.calllog.CallLogNotificationsService } callerApp=ProcessRecord{1947d8d 15199:com.android.dialer/u0a6}
04-20 16:34:24.998165   964  1844 V ActivityManager: Sending arguments to: ServiceRecord{2889b42 u0 com.android.dialer/.calllog.CallLogNotificationsService} android.content.Intent$FilterComparison@5672c16e args=Intent { act=com.android.dialer.calllog.UPDATE_NOTIFICATIONS cmp=com.android.dialer/.calllog.CallLogNotificationsService }
04-20 16:34:24.998347   964  1844 V ActivityManager: >>> EXECUTING start of ServiceRecord{2889b42 u0 com.android.dialer/.calllog.CallLogNotificationsService} in app ProcessRecord{1947d8d 15199:com.android.dialer/u0a6}
04-20 16:34:24.999049   964  1844 D ActivityManager: SVC-Sent arguments: ServiceRecord{2889b42 u0 com.android.dialer/.calllog.CallLogNotificationsService}, app=ProcessRecord{1947d8d 15199:com.android.dialer/u0a6}, args=Intent { act=com.android.dialer.calllog.UPDATE_NOTIFICATIONS cmp=com.android.dialer/.calllog.CallLogNotificationsService }, flags=0
04-20 16:34:25.135390   964  1663 I WindowManager: Relayout Window{e6425af u0 com.android.dialer/com.android.dialer.DialtactsActivity}: oldVis=4 newVis=0
04-20 16:34:25.139250   964  1663 I WindowStateAnimator:   CREATE SURFACE Surface(name=com.android.dialer/com.android.dialer.DialtactsActivity) IN SESSION android.view.SurfaceSession@5f2509a: pid=15199 format=-1 flags=0x404 / WindowStateAnimator{dd76dcb com.android.dialer/com.android.dialer.DialtactsActivity}
04-20 16:34:25.140199   964  1663 V WindowManager: Looking for focus: 8 = Window{fa8f8e8 u0 StatusBar}, flags=-2122055608, canReceive=false
04-20 16:34:25.140477   964  1663 V WindowManager: findFocusedWindow: Found new focus @ 2 = Window{e6425af u0 com.android.dialer/com.android.dialer.DialtactsActivity}
04-20 16:34:25.141142   964  1663 V WindowManager: Changing focus from null to Window{e6425af u0 com.android.dialer/com.android.dialer.DialtactsActivity} Callers=com.android.server.wm.WindowManagerService.relayoutWindow:3588 com.android.server.wm.Session.relayout:201 android.view.IWindowSession$Stub.onTransact:284 com.android.server.wm.Session.onTransact:133 
04-20 16:34:25.141395   964  1663 D WindowManager: Input focus has changed to Window{e6425af u0 com.android.dialer/com.android.dialer.DialtactsActivity}
04-20 16:34:25.160822   964   987 I WindowManager: Focus moving from null to Window{e6425af u0 com.android.dialer/com.android.dialer.DialtactsActivity}
04-20 16:34:25.160981   964   987 I WindowManager: Gaining focus: Window{e6425af u0 com.android.dialer/com.android.dialer.DialtactsActivity}
04-20 16:34:25.299083 15199 15199 W ViewRootImpl: Cancelling event due to no window focus: KeyEvent { action=ACTION_UP, keyCode=KEYCODE_BACK, scanCode=0, metaState=0, flags=0x80000068, repeatCount=0, eventTime=22351888, downTime=22351731, deviceId=-1, source=0x101 }
04-20 16:34:25.299293 15199 15199 W ViewRootImpl: Cancelling event due to no window focus: KeyEvent { action=ACTION_UP, keyCode=KEYCODE_BACK, scanCode=0, metaState=0, flags=0x80000068, repeatCount=0, eventTime=22351888, downTime=22351731, deviceId=-1, source=0x101 }
04-20 16:34:25.299555 15199 15199 W ViewRootImpl: Cancelling event due to no window focus: KeyEvent { action=ACTION_UP, keyCode=KEYCODE_BACK, scanCode=0, metaState=0, flags=0x80000068, repeatCount=0, eventTime=22351888, downTime=22351731, deviceId=-1, source=0x101 }
04-20 16:34:25.299792 15199 15199 W ViewRootImpl: Cancelling event due to no window focus: KeyEvent { action=ACTION_UP, keyCode=KEYCODE_BACK, scanCode=0, metaState=0, flags=0x80000068, repeatCount=0, eventTime=22351888, downTime=22351731, deviceId=-1, source=0x101 }
04-20 16:34:25.300428 15199 15199 W ViewRootImpl: Cancelling event due to no window focus: KeyEvent { action=ACTION_UP, keyCode=KEYCODE_BACK, scanCode=0, metaState=0, flags=0x80000068, repeatCount=0, eventTime=22351888, downTime=22351731, deviceId=-1, source=0x101 }
04-20 16:34:25.300637 15199 15199 W ViewRootImpl: Cancelling event due to no window focus: KeyEvent { action=ACTION_UP, keyCode=KEYCODE_BACK, scanCode=0, metaState=0, flags=0x80000068, repeatCount=0, eventTime=22351888, downTime=22351731, deviceId=-1, source=0x101 }
04-20 16:34:25.302573 15199 15199 W ViewRootImpl: Cancelling event due to no window focus: KeyEvent { action=ACTION_UP, keyCode=KEYCODE_BACK, scanCode=0, metaState=0, flags=0x80000068, repeatCount=0, eventTime=22351888, downTime=22351731, deviceId=-1, source=0x101 }
04-20 16:34:25.302805 15199 15199 W ViewRootImpl: Cancelling event due to no window focus: KeyEvent { action=ACTION_UP, keyCode=KEYCODE_BACK, scanCode=0, metaState=0, flags=0x80000068, repeatCount=0, eventTime=22351888, downTime=22351731, deviceId=-1, source=0x101 }
04-20 16:34:25.303038 15199 15199 W ViewRootImpl: Cancelling event due to no window focus: KeyEvent { action=ACTION_UP, keyCode=KEYCODE_BACK, scanCode=0, metaState=0, flags=0x80000068, repeatCount=0, eventTime=22351888, downTime=22351731, deviceId=-1, source=0x101 }
04-20 16:34:25.304952   964  1006 D PowerManagerService: userActivityFromNative
04-20 16:34:25.305255   964  1006 D PowerManagerService: userActivityNoUpdateLocked: eventTime=22352407, event=1, flags=0x0, uid=1000
04-20 16:34:25.305485   964  1006 D PowerManagerNotifier: onUserActivity: event=1, uid=1000
04-20 16:34:25.305907   964  1006 D PowerManagerService: updateUserActivitySummaryLocked: mWakefulness=Awake, mUserActivitySummary=0x9, nextTimeout=22360407 (in 5954 ms)
04-20 16:34:25.306337   964  1006 D DisplayPowerController: requestPowerState: policy=BRIGHT, useProximitySensor=false, screenBrightness=102, screenAutoBrightnessAdjustment=0.0, brightnessSetByUser=true, useAutoBrightness=false, blockScreenOn=false, lowPowerMode=false, boostScreenBrightness=false, dozeScreenBrightness=-1, dozeScreenState=UNKNOWN, waitForNegativeProximity=false
04-20 16:34:25.306496   964  1006 I PowerManagerService: setBrightness mButtonLight, screenBrightness=102
04-20 16:34:25.306684   964  1006 D PowerManagerService: updateDisplayPowerStateLocked: mDisplayReady=true, policy=3, mWakefulness=1, mWakeLockSummary=0x1, mUserActivitySummary=0x9, mBootCompleted=true, mScreenBrightnessBoostInProgress=false
04-20 16:34:25.308099 15199 15199 W ViewRootImpl: Dropping event due to no window focus: KeyEvent { action=ACTION_DOWN, keyCode=KEYCODE_BACK, scanCode=0, metaState=0, flags=0x48, repeatCount=0, eventTime=22351892, downTime=22351892, deviceId=-1, source=0x101 }
04-20 16:34:25.316660   964  1006 D PowerManagerService: userActivityFromNative
04-20 16:34:25.316896   964  1006 D PowerManagerService: userActivityNoUpdateLocked: eventTime=22354452, event=2, flags=0x0, uid=1000
04-20 16:34:25.317034   964  1006 D PowerManagerNotifier: onUserActivity: event=2, uid=1000
04-20 16:34:25.317457   964  1006 D PowerManagerService: updateUserActivitySummaryLocked: mWakefulness=Awake, mUserActivitySummary=0x9, nextTimeout=22360407 (in 5942 ms)
04-20 16:34:25.317770   964  1006 D DisplayPowerController: requestPowerState: policy=BRIGHT, useProximitySensor=false, screenBrightness=102, screenAutoBrightnessAdjustment=0.0, brightnessSetByUser=true, useAutoBrightness=false, blockScreenOn=false, lowPowerMode=false, boostScreenBrightness=false, dozeScreenBrightness=-1, dozeScreenState=UNKNOWN, waitForNegativeProximity=false
04-20 16:34:25.317897   964  1006 I PowerManagerService: setBrightness mButtonLight, screenBrightness=102
04-20 16:34:25.318071   964  1006 D PowerManagerService: updateDisplayPowerStateLocked: mDisplayReady=true, policy=3, mWakefulness=1, mWakeLockSummary=0x1, mUserActivitySummary=0x9, mBootCompleted=true, mScreenBrightnessBoostInProgress=false
04-20 16:34:25.321137   964  1006 D PowerManagerService: userActivityFromNative
04-20 16:34:25.321414   964  1006 D PowerManagerService: userActivityNoUpdateLocked: eventTime=22354467, event=1, flags=0x0, uid=1000
04-20 16:34:25.321555   964  1006 D PowerManagerNotifier: onUserActivity: event=1, uid=1000
04-20 16:34:25.322232   964  1006 D PowerManagerService: updateUserActivitySummaryLocked: mWakefulness=Awake, mUserActivitySummary=0x9, nextTimeout=22362467 (in 7998 ms)
04-20 16:34:25.322682   964  1006 D DisplayPowerController: requestPowerState: policy=BRIGHT, useProximitySensor=false, screenBrightness=102, screenAutoBrightnessAdjustment=0.0, brightnessSetByUser=true, useAutoBrightness=false, blockScreenOn=false, lowPowerMode=false, boostScreenBrightness=false, dozeScreenBrightness=-1, dozeScreenState=UNKNOWN, waitForNegativeProximity=false
04-20 16:34:25.322823   964  1006 I PowerManagerService: setBrightness mButtonLight, screenBrightness=102
04-20 16:34:25.323052   964  1006 D PowerManagerService: updateDisplayPowerStateLocked: mDisplayReady=true, policy=3, mWakefulness=1, mWakeLockSummary=0x1, mUserActivitySummary=0x9, mBootCompleted=true, mScreenBrightnessBoostInProgress=false
04-20 16:34:25.339247 15199 15199 W ViewRootImpl: Dropping event due to no window focus: KeyEvent { action=ACTION_DOWN, keyCode=KEYCODE_BACK, scanCode=0, metaState=0, flags=0xc8, repeatCount=1, eventTime=22352407, downTime=22351892, deviceId=-1, source=0x101 }
04-20 16:34:25.363805 15199 15199 W ViewRootImpl: Cancelling event due to no window focus: KeyEvent { action=ACTION_UP, keyCode=KEYCODE_BACK, scanCode=0, metaState=0, flags=0x68, repeatCount=0, eventTime=22354467, downTime=22351892, deviceId=-1, source=0x101 }
04-20 16:34:25.364128 15199 15199 W ViewRootImpl: Cancelling event due to no window focus: KeyEvent { action=ACTION_UP, keyCode=KEYCODE_BACK, scanCode=0, metaState=0, flags=0x68, repeatCount=0, eventTime=22354467, downTime=22351892, deviceId=-1, source=0x101 }
04-20 16:34:25.364444 15199 15199 W ViewRootImpl: Cancelling event due to no window focus: KeyEvent { action=ACTION_UP, keyCode=KEYCODE_BACK, scanCode=0, metaState=0, flags=0x68, repeatCount=0, eventTime=22354467, downTime=22351892, deviceId=-1, source=0x101 }
04-20 16:34:25.364666 15199 15199 W ViewRootImpl: Cancelling event due to no window focus: KeyEvent { action=ACTION_UP, keyCode=KEYCODE_BACK, scanCode=0, metaState=0, flags=0x68, repeatCount=0, eventTime=22354467, downTime=22351892, deviceId=-1, source=0x101 }
04-20 16:34:25.364927 15199 15199 W ViewRootImpl: Cancelling event due to no window focus: KeyEvent { action=ACTION_UP, keyCode=KEYCODE_BACK, scanCode=0, metaState=0, flags=0x68, repeatCount=0, eventTime=22354467, downTime=22351892, deviceId=-1, source=0x101 }
04-20 16:34:25.365157 15199 15199 W ViewRootImpl: Cancelling event due to no window focus: KeyEvent { action=ACTION_UP, keyCode=KEYCODE_BACK, scanCode=0, metaState=0, flags=0x68, repeatCount=0, eventTime=22354467, downTime=22351892, deviceId=-1, source=0x101 }
04-20 16:34:25.369096 15199 15199 W ViewRootImpl: Cancelling event due to no window focus: KeyEvent { action=ACTION_UP, keyCode=KEYCODE_BACK, scanCode=0, metaState=0, flags=0x80000068, repeatCount=0, eventTime=22354467, downTime=22351892, deviceId=-1, source=0x101 }
04-20 16:34:25.369343 15199 15199 W ViewRootImpl: Cancelling event due to no window focus: KeyEvent { action=ACTION_UP, keyCode=KEYCODE_BACK, scanCode=0, metaState=0, flags=0x80000068, repeatCount=0, eventTime=22354467, downTime=22351892, deviceId=-1, source=0x101 }
04-20 16:34:25.369563 15199 15199 W ViewRootImpl: Cancelling event due to no window focus: KeyEvent { action=ACTION_UP, keyCode=KEYCODE_BACK, scanCode=0, metaState=0, flags=0x80000068, repeatCount=0, eventTime=22354467, downTime=22351892, deviceId=-1, source=0x101 }
04-20 16:34:25.384727 15199 15199 D ActivityThread: SVC-Creating service: CreateServiceData{token=android.os.BinderProxy@1c631cd className=com.android.dialer.calllog.CallLogNotificationsService packageName=com.android.dialer intent=null}
04-20 16:34:25.438118 15199 15199 D ActivityThread: SVC-CREATE_SERVICE handled : 0 / CreateServiceData{token=android.os.BinderProxy@1c631cd className=com.android.dialer.calllog.CallLogNotificationsService packageName=com.android.dialer intent=null}
04-20 16:34:25.438522   964  8871 D ActivityManager: SVC-Executing service done: ServiceRecord{2889b42 u0 com.android.dialer/.calllog.CallLogNotificationsService}, type=0, startId=0, res=0
04-20 16:34:25.438794   964  8871 V ActivityManager: <<< DONE EXECUTING ServiceRecord{2889b42 u0 com.android.dialer/.calllog.CallLogNotificationsService}: nesting=3, inDestroying=false, app=ProcessRecord{1947d8d 15199:com.android.dialer/u0a6}
04-20 16:34:25.439221 15199 15199 D ActivityThread: SVC-Calling onStartCommand: com.android.dialer.calllog.CallLogNotificationsService@5d5d593, flags=0, startId=1
04-20 16:34:25.440795   964  1843 D ActivityManager: SVC-Executing service done: ServiceRecord{2889b42 u0 com.android.dialer/.calllog.CallLogNotificationsService}, type=1, startId=1, res=2
04-20 16:34:25.440802 15199 15199 D ActivityThread: SVC-SERVICE_ARGS handled : 0 / ServiceArgsData{token=android.os.BinderProxy@1c631cd startId=1 args=Intent { act=com.android.dialer.calllog.UPDATE_NOTIFICATIONS cmp=com.android.dialer/.calllog.CallLogNotificationsService }}
04-20 16:34:25.441115   964  1843 V ActivityManager: <<< DONE EXECUTING ServiceRecord{2889b42 u0 com.android.dialer/.calllog.CallLogNotificationsService}: nesting=2, inDestroying=false, app=ProcessRecord{1947d8d 15199:com.android.dialer/u0a6}
04-20 16:34:25.704128   964  1844 V WindowStateAnimator: finishDrawingLocked: mDrawState=COMMIT_DRAW_PENDING WindowStateAnimator{dd76dcb com.android.dialer/com.android.dialer.DialtactsActivity} in Surface(name=com.android.dialer/com.android.dialer.DialtactsActivity)
04-20 16:34:25.726563   964   987 D ActivityManager: ACT-windowsVisible(): ActivityRecord{4e65001 u0 com.android.dialer/.DialtactsActivity t64}
04-20 16:34:25.728656   964   987 V WindowManager: setAppVisibility(Token{db52176 ActivityRecord{cfca438 u0 com.mediatek.engineermode/.EngineerMode t65 f}}, visible=false): mNextAppTransition=TRANSIT_UNSET hidden=true hiddenRequested=true Callers=com.android.server.am.ActivityStackSupervisor.processStoppingActivitiesLocked:3883 com.android.server.am.ActivityRecord.windowsVisibleLocked:1132 com.android.server.am.ActivityRecord$Token.windowsVisible:370 com.android.server.wm.WindowManagerService$H.handleMessage:8390 android.os.Handler.dispatchMessage:111 android.os.Looper.loop:207 
04-20 16:34:25.730022   964  1652 V ActivityManager: Broadcast sticky: Intent { act=android.intent.action.SIG_STR flg=0x20000010 (has extras) } ordered=false userid=-1 callerApp=ProcessRecord{7b8ebd8 964:system/1000}
04-20 16:34:25.735811   964   987 V WindowManager: Looking for focus: 8 = Window{fa8f8e8 u0 StatusBar}, flags=-2122055608, canReceive=false
04-20 16:34:25.736108   964   987 V WindowManager: findFocusedWindow: Found new focus @ 2 = Window{e6425af u0 com.android.dialer/com.android.dialer.DialtactsActivity}
04-20 16:34:25.738123 15199 15199 D ActivityThread: SVC-Calling onStartCommand: com.android.dialer.calllog.CallLogNotificationsService@5d5d593, flags=0, startId=2
04-20 16:34:25.738970   964   979 D ActivityManager: SVC-Executing service done: ServiceRecord{2889b42 u0 com.android.dialer/.calllog.CallLogNotificationsService}, type=1, startId=2, res=2
04-20 16:34:25.739272   964   979 V ActivityManager: <<< DONE EXECUTING ServiceRecord{2889b42 u0 com.android.dialer/.calllog.CallLogNotificationsService}: nesting=1, inDestroying=false, app=ProcessRecord{1947d8d 15199:com.android.dialer/u0a6}
04-20 16:34:25.743199 15199 15199 D ActivityThread: SVC-SERVICE_ARGS handled : 0 / ServiceArgsData{token=android.os.BinderProxy@1c631cd startId=2 args=Intent { act=com.android.dialer.calllog.UPDATE_NOTIFICATIONS cmp=com.android.dialer/.calllog.CallLogNotificationsService }}
04-20 16:34:25.798249   964  1670 V ActivityManager: >>> EXECUTING destroy of ServiceRecord{2889b42 u0 com.android.dialer/.calllog.CallLogNotificationsService} in app ProcessRecord{1947d8d 15199:com.android.dialer/u0a6}
04-20 16:34:25.805549   964   975 V InputMethodManagerService: windowGainedFocus: android.os.BinderProxy@2d86589 controlFlags=#107 softInputMode=#33 windowFlags=#81810100
04-20 16:34:25.818882   964  1006 D PowerManagerService: userActivityFromNative
04-20 16:34:25.819175   964  1006 D PowerManagerService: userActivityNoUpdateLocked: eventTime=22354965, event=2, flags=0x0, uid=1000
04-20 16:34:25.819460   964  1006 D PowerManagerNotifier: onUserActivity: event=2, uid=1000
04-20 16:34:25.819949   964  1006 D PowerManagerService: updateUserActivitySummaryLocked: mWakefulness=Awake, mUserActivitySummary=0x9, nextTimeout=22362467 (in 7500 ms)
04-20 16:34:25.820539   964  1006 D DisplayPowerController: requestPowerState: policy=BRIGHT, useProximitySensor=false, screenBrightness=102, screenAutoBrightnessAdjustment=0.0, brightnessSetByUser=true, useAutoBrightness=false, blockScreenOn=false, lowPowerMode=false, boostScreenBrightness=false, dozeScreenBrightness=-1, dozeScreenState=UNKNOWN, waitForNegativeProximity=false
04-20 16:34:25.820808   964  1006 I PowerManagerService: setBrightness mButtonLight, screenBrightness=102
04-20 16:34:25.821050   964  1006 D PowerManagerService: updateDisplayPowerStateLocked: mDisplayReady=true, policy=3, mWakefulness=1, mWakeLockSummary=0x1, mUserActivitySummary=0x9, mBootCompleted=true, mScreenBrightnessBoostInProgress=false
04-20 16:34:25.956557 15199 15199 D ActivityThread: SVC-Destroying service: com.android.dialer.calllog.CallLogNotificationsService@5d5d593
04-20 16:34:25.957222 15199 15199 D ActivityThread: SVC-STOP_SERVICE handled : 0 / android.os.BinderProxy@1c631cd
04-20 16:34:25.957343   964  1663 D ActivityManager: SVC-Executing service done: ServiceRecord{2889b42 u0 com.android.dialer/.calllog.CallLogNotificationsService}, type=2, startId=0, res=0
04-20 16:34:25.957519   964  1663 V ActivityManager: <<< DONE EXECUTING ServiceRecord{2889b42 u0 com.android.dialer/.calllog.CallLogNotificationsService}: nesting=1, inDestroying=true, app=ProcessRecord{1947d8d 15199:com.android.dialer/u0a6}
04-20 16:34:25.977151   964  1162 D PowerManagerService: releaseWakeLockInternal: lock=193877478 [*launch*], flags=0x0, total_time=3472ms
04-20 16:34:25.977515   964  1162 D PowerManagerNotifier: onWakeLockReleased: flags=1, tag="*launch*", packageName=android, ownerUid=1000, ownerPid=964, workSource=WorkSource{10006}
04-20 16:34:25.978159   964  1162 D PowerManagerService: updateWakeLockSummaryLocked: mWakefulness=Awake, mWakeLockSummary=0x1
04-20 16:34:25.979058   964  1162 D PowerManagerService: updateUserActivitySummaryLocked: mWakefulness=Awake, mUserActivitySummary=0x9, nextTimeout=22362467 (in 7341 ms)
04-20 16:34:25.979422   964  1162 D DisplayPowerController: requestPowerState: policy=BRIGHT, useProximitySensor=false, screenBrightness=102, screenAutoBrightnessAdjustment=0.0, brightnessSetByUser=true, useAutoBrightness=false, blockScreenOn=false, lowPowerMode=false, boostScreenBrightness=false, dozeScreenBrightness=-1, dozeScreenState=UNKNOWN, waitForNegativeProximity=false
04-20 16:34:25.979561   964  1162 I PowerManagerService: setBrightness mButtonLight, screenBrightness=102
04-20 16:34:25.979891   964  1162 D PowerManagerService: updateDisplayPowerStateLocked: mDisplayReady=true, policy=3, mWakefulness=1, mWakeLockSummary=0x1, mUserActivitySummary=0x9, mBootCompleted=true, mScreenBrightnessBoostInProgress=false
04-20 16:34:25.980698   964  1162 D ActivityManager: ACT-Removing activity from finish-imm: token=ActivityRecord{cfca438 u0 com.mediatek.engineermode/.EngineerMode t65 f}, app=com.mediatek.engineermode
04-20 16:34:26.039816   964   979 V WindowManager: Looking for focus: 6 = Window{fa8f8e8 u0 StatusBar}, flags=-2122055608, canReceive=false
04-20 16:34:26.040128   964   979 V WindowManager: findFocusedWindow: Found new focus @ 2 = Window{e6425af u0 com.android.dialer/com.android.dialer.DialtactsActivity}
04-20 16:34:26.041906 15106 15106 D ActivityThread: ACT-DESTROY_ACTIVITY handled : 1 / android.os.BinderProxy@4636bf
04-20 16:34:26.947989   964  1006 D PowerManagerService: userActivityFromNative
04-20 16:34:26.948791   964  1006 D PowerManagerService: userActivityNoUpdateLocked: eventTime=22356091, event=2, flags=0x0, uid=1000
04-20 16:34:26.949946   964  1006 D PowerManagerNotifier: onUserActivity: event=2, uid=1000
04-20 16:34:26.950598   964  1006 D PowerManagerService: updateUserActivitySummaryLocked: mWakefulness=Awake, mUserActivitySummary=0x9, nextTimeout=22362467 (in 6369 ms)
04-20 16:34:26.951261   964  1006 D DisplayPowerController: requestPowerState: policy=BRIGHT, useProximitySensor=false, screenBrightness=102, screenAutoBrightnessAdjustment=0.0, brightnessSetByUser=true, useAutoBrightness=false, blockScreenOn=false, lowPowerMode=false, boostScreenBrightness=false, dozeScreenBrightness=-1, dozeScreenState=UNKNOWN, waitForNegativeProximity=false
04-20 16:34:26.951468   964  1006 I PowerManagerService: setBrightness mButtonLight, screenBrightness=102
04-20 16:34:26.951870   964  1006 D PowerManagerService: updateDisplayPowerStateLocked: mDisplayReady=true, policy=3, mWakefulness=1, mWakeLockSummary=0x1, mUserActivitySummary=0x9, mBootCompleted=true, mScreenBrightnessBoostInProgress=false
04-20 16:34:26.956766   964  1670 V SettingsProvider: packageValueForCallResult, name = haptic_feedback_enabled, value : 1
04-20 16:34:26.958754   964  1670 D PowerManagerService: acquireWakeLockInternal: lock=221862968, flags=0x1, tag="*vibrator*", ws=WorkSource{1000}, uid=1000, pid=964
04-20 16:34:26.959047   964  1670 D PowerManagerService: updateWakeLockSummaryLocked: mWakefulness=Awake, mWakeLockSummary=0x1
04-20 16:34:26.959456   964  1670 D PowerManagerService: updateUserActivitySummaryLocked: mWakefulness=Awake, mUserActivitySummary=0x9, nextTimeout=22362467 (in 6361 ms)
04-20 16:34:26.959949   964  1670 D DisplayPowerController: requestPowerState: policy=BRIGHT, useProximitySensor=false, screenBrightness=102, screenAutoBrightnessAdjustment=0.0, brightnessSetByUser=true, useAutoBrightness=false, blockScreenOn=false, lowPowerMode=false, boostScreenBrightness=false, dozeScreenBrightness=-1, dozeScreenState=UNKNOWN, waitForNegativeProximity=false
04-20 16:34:26.960138   964  1670 I PowerManagerService: setBrightness mButtonLight, screenBrightness=102
04-20 16:34:26.960419   964  1670 D PowerManagerService: updateDisplayPowerStateLocked: mDisplayReady=true, policy=3, mWakefulness=1, mWakeLockSummary=0x1, mUserActivitySummary=0x9, mBootCompleted=true, mScreenBrightnessBoostInProgress=false
04-20 16:34:26.960848   964  1670 D PowerManagerNotifier: onWakeLockAcquired: flags=1, tag="*vibrator*", packageName=android, ownerUid=1000, ownerPid=964, workSource=WorkSource{1000}
04-20 16:34:26.962676   964  1006 D PowerManagerService: userActivityFromNative
04-20 16:34:26.963047   964  1006 D PowerManagerService: userActivityNoUpdateLocked: eventTime=22356098, event=1, flags=0x0, uid=1000
04-20 16:34:26.963325   964  1006 D PowerManagerNotifier: onUserActivity: event=1, uid=1000
04-20 16:34:26.964011   964  1006 D PowerManagerService: updateUserActivitySummaryLocked: mWakefulness=Awake, mUserActivitySummary=0x9, nextTimeout=22364098 (in 7987 ms)
04-20 16:34:26.964568   964  1006 D DisplayPowerController: requestPowerState: policy=BRIGHT, useProximitySensor=false, screenBrightness=102, screenAutoBrightnessAdjustment=0.0, brightnessSetByUser=true, useAutoBrightness=false, blockScreenOn=false, lowPowerMode=false, boostScreenBrightness=false, dozeScreenBrightness=-1, dozeScreenState=UNKNOWN, waitForNegativeProximity=false
04-20 16:34:26.964759   964  1006 I PowerManagerService: setBrightness mButtonLight, screenBrightness=102
