04-20 15:35:17.665862   964  2088 I notification_visibility: [-1|android|17040347|null|1000,1,100120,100120,0,3]
04-20 15:35:18.814114   964   964 I notification_cancel: [10022,1102,com.android.systemui,2131755032,low_battery,-1,0,64,8,NULL]
04-20 15:35:19.877218   964   975 I notification_visibility: [0|com.mediatek.security|1200|null|1000,0,5217331,5217331,0,1]
04-20 15:35:19.877525   964   975 I notification_visibility: [-1|android|17303171|null|1000,0,42603,42603,0,0]
04-20 15:35:19.877771   964   975 I notification_visibility: [-1|android|17040353|null|1000,0,499646,499646,0,2]
04-20 15:35:19.878011   964   975 I notification_visibility: [-1|android|17040347|null|1000,0,102332,102332,0,3]
04-20 15:35:19.878790   964  1670 I notification_panel_hidden: []
04-20 15:35:22.192671   964  2089 I am_finish_activity: [0,198483777,50,com.android.settings/.SubSettings,app-request]
04-20 15:35:22.196144   964  2089 I am_home_stack_moved: [0,0,8,8,finishActivity adjustFocus setFocusedActivity]
04-20 15:35:22.196524   964  2089 I wm_task_moved: [50,1,0]
04-20 15:35:22.208892   964  2089 I am_focused_activity: [0,com.android.settings/.SubSettings]
04-20 15:35:22.210852   964  2089 I am_pause_activity: [0,198483777,com.android.settings/.SubSettings]
04-20 15:35:22.218494 12212 12212 I sysui_view_visibility: [90,0]
04-20 15:35:22.225050 12212 12212 I am_on_paused_called: [0,com.android.settings.SubSettings]
04-20 15:35:22.239527   964   979 I am_resume_activity: [0,222125163,50,com.android.settings/.SubSettings]
04-20 15:35:22.279907 12212 12212 I sysui_view_visibility: [110,100]
04-20 15:35:22.317359 12212 12212 I am_on_resume_called: [0,com.android.settings.SubSettings]
04-20 15:35:22.703210   964   982 I am_destroy_activity: [0,198483777,50,com.android.settings/.SubSettings,finish-imm]
04-20 15:35:22.714463   231   231 I sf_frame_dur: [com.android.settings/com.android.settings.SubSettings,194,2,4,2,2,3,8]
04-20 15:35:23.609333   964  1582 I am_finish_activity: [0,222125163,50,com.android.settings/.SubSettings,app-request]
04-20 15:35:23.612898   964  1582 I am_home_stack_moved: [0,0,8,8,finishActivity adjustFocus setFocusedActivity]
04-20 15:35:23.613206   964  1582 I wm_task_moved: [50,1,0]
04-20 15:35:23.621946   964  1582 I am_focused_activity: [0,com.android.settings/.Settings]
04-20 15:35:23.623914   964  1582 I am_pause_activity: [0,222125163,com.android.settings/.SubSettings]
04-20 15:35:23.633484 12212 12212 I sysui_view_visibility: [110,0]
04-20 15:35:23.652270 12212 12212 I am_on_paused_called: [0,com.android.settings.SubSettings]
04-20 15:35:23.660095   964  1843 I am_resume_activity: [0,180856481,50,com.android.settings/.Settings]
04-20 15:35:23.669856 12212 12212 I sysui_view_visibility: [1,100]
04-20 15:35:23.694520 12212 12212 I sysui_view_visibility: [35,100]
04-20 15:35:23.697453 12212 12212 I am_on_resume_called: [0,com.android.settings.Settings]
04-20 15:35:24.388732   964  1652 I am_proc_died: [0,12191,com.google.android.partnersetup]
04-20 15:35:24.685278   964   982 I am_destroy_activity: [0,222125163,50,com.android.settings/.SubSettings,finish-imm]
04-20 15:35:24.697874   231   231 I sf_frame_dur: [com.android.settings/com.android.settings.SubSettings,0,1,0,0,0,0,1]
04-20 15:35:26.357343   964   976 I am_finish_activity: [0,180856481,50,com.android.settings/.Settings,app-request]
04-20 15:35:26.390555   964   976 I am_pause_activity: [0,180856481,com.android.settings/.Settings]
04-20 15:35:26.401331 12212 12212 I sysui_view_visibility: [35,0]
04-20 15:35:26.402621 12212 12212 I sysui_view_visibility: [1,0]
04-20 15:35:26.409050 12212 12212 I am_on_paused_called: [0,com.android.settings.Settings]
04-20 15:35:26.413312   964  1844 I am_home_stack_moved: [0,1,0,0,noMoreActivities setFocusedActivity]
04-20 15:35:26.413516   964  1844 I wm_task_moved: [31,1,0]
04-20 15:35:26.422949   964  1844 I am_focused_activity: [0,com.android.launcher3/.Launcher]
04-20 15:35:26.434227   964  1844 I am_resume_activity: [0,104862808,31,com.android.launcher3/.Launcher]
04-20 15:35:26.441380   964   982 I am_destroy_activity: [0,180856481,50,com.android.settings/.Settings,finish-imm]
04-20 15:35:26.450998   964 12318 I dvm_lock_sample: [system_server,0,Thread-579,8,ActivityStack.java,5137,ActivityStackSupervisor.java,4476,1]
04-20 15:35:26.463782  1654  1654 I am_on_resume_called: [0,com.android.launcher3.Launcher]
04-20 15:35:26.565992   964   976 I am_home_stack_moved: [0,1,0,0,activityDestroyed leftTaskHistoryEmpty]
04-20 15:35:27.034487   964   987 I wm_stack_removed: 8
04-20 15:35:27.035862   964   987 I wm_task_removed: [50,removeAppToken: last token]
04-20 15:35:27.036002   964   987 I wm_task_removed: [50,removeTask]
04-20 15:35:27.042134   231   231 I sf_frame_dur: [com.android.settings/com.android.settings.Settings,10,0,1,0,1,1,0]
04-20 15:35:28.072253   964  2089 I wm_stack_created: [9,0,0,0,0]
04-20 15:35:28.088790   964  2089 I am_home_stack_moved: [0,0,9,9,startingNewTask]
04-20 15:35:28.089742   964  2089 I am_create_task: [0,51]
04-20 15:35:28.090493   964  2089 I am_create_activity: [0,148713568,51,com.android.dialer/.DialtactsActivity,android.intent.action.MAIN,NULL,NULL,270532608]
04-20 15:35:28.099782   964  2089 I wm_task_created: [51,9]
04-20 15:35:28.100033   964  2089 I wm_task_moved: [51,1,0]
04-20 15:35:28.101382   964  2089 I am_pause_activity: [0,104862808,com.android.launcher3/.Launcher]
04-20 15:35:28.107381   964  2089 I am_home_stack_moved: [0,0,9,9,startedActivity setFocusedActivity]
04-20 15:35:28.107617   964  2089 I wm_task_moved: [51,1,0]
04-20 15:35:28.115144   964  2089 I am_focused_activity: [0,com.android.dialer/.DialtactsActivity]
04-20 15:35:28.127112  1654  1654 I am_on_paused_called: [0,com.android.launcher3.Launcher]
04-20 15:35:28.186133   964  1843 I am_proc_start: [0,12321,10006,com.android.dialer,activity,com.android.dialer/.DialtactsActivity]
04-20 15:35:28.416975   964  1582 I am_proc_bound: [0,12321,com.android.dialer]
04-20 15:35:28.427858   964  1582 I am_restart_activity: [0,148713568,51,com.android.dialer/.DialtactsActivity]
04-20 15:35:28.450080   964   982 I dvm_lock_sample: [system_server,1,ActivityManager,25,ActivityStackSupervisor.java,4476,ActivityManagerService.java,6860,5]
04-20 15:35:28.694077   964   976 I am_proc_died: [0,11934,android.process.media]
04-20 15:35:28.828132   964   964 I notification_cancel: [10022,1102,com.android.systemui,2131755032,low_battery,-1,0,64,8,NULL]
04-20 15:35:28.828204   231   231 I sf_frame_dur: [com.android.launcher3/com.android.launcher3.Launcher,13,2,0,0,0,0,1]
04-20 15:35:29.105759   964   964 I notification_cancel: [10006,12321,com.android.dialer,135331910,NULL,0,0,64,8,NULL]
04-20 15:35:29.168948 12321 12321 I am_on_resume_called: [0,com.android.dialer.DialtactsActivity]
04-20 15:35:29.206243   964  2089 I am_proc_start: [0,12341,10003,android.process.acore,content provider,com.android.providers.contacts/.VoicemailContentProvider]
04-20 15:35:29.207165   964   983 I dvm_lock_sample: [system_server,1,android.ui,35,ActivityManagerService.java,3995,-,10272,7]
04-20 15:35:29.389573   964  1582 I am_proc_bound: [0,12341,android.process.acore]
04-20 15:35:29.961218   964  1670 I am_proc_died: [0,12212,com.android.settings]
04-20 15:35:29.966705   964  1670 I am_low_memory: 20
04-20 15:35:30.274691   964   987 I am_activity_launch_time: [0,148713568,com.android.dialer/.DialtactsActivity,2123,2123]
04-20 15:35:35.475891   964   964 I force_gc: mem
04-20 15:35:38.587420   964   981 I am_pss  : [12321,10006,com.android.dialer,54497280,50560000]
04-20 15:35:38.812955   964   964 I notification_cancel: [10022,1102,com.android.systemui,2131755032,low_battery,-1,0,64,8,NULL]
04-20 15:35:39.265664   964   982 I am_proc_start: [0,12407,1001,com.mediatek.engineermode,broadcast,com.mediatek.engineermode/.EngineerModeReceiver]
04-20 15:35:39.484203   964   976 I am_proc_bound: [0,12407,com.mediatek.engineermode]
04-20 15:35:39.535958   964   981 I am_pss  : [12341,10003,android.process.acore,17718272,15634432]
04-20 15:35:39.612041   964  1927 I am_home_stack_moved: [0,0,9,9,startingNewTask]
04-20 15:35:39.612226   964  1927 I wm_task_moved: [51,1,0]
04-20 15:35:39.616736   964  1927 I am_create_task: [0,52]
04-20 15:35:39.617436   964  1927 I am_create_activity: [0,139707735,52,com.mediatek.engineermode/.EngineerMode,NULL,NULL,NULL,268435456]
04-20 15:35:39.618352   964  1927 I wm_task_created: [52,9]
04-20 15:35:39.618578   964  1927 I wm_task_moved: [52,1,1]
04-20 15:35:39.643156   964  1927 I am_pause_activity: [0,148713568,com.android.dialer/.DialtactsActivity]
04-20 15:35:39.652258   964  1927 I am_home_stack_moved: [0,0,9,9,startedActivity setFocusedActivity]
04-20 15:35:39.657144   964  1927 I wm_task_moved: [52,1,1]
04-20 15:35:39.666049   964   964 I notification_cancel: [10006,12321,com.android.dialer,135331910,NULL,0,0,64,8,NULL]
04-20 15:35:39.672423   964  1927 I am_focused_activity: [0,com.mediatek.engineermode/.EngineerMode]
04-20 15:35:39.675987 12321 12321 I am_on_paused_called: [0,com.android.dialer.DialtactsActivity]
04-20 15:35:39.707771   964  1844 I am_restart_activity: [0,139707735,52,com.mediatek.engineermode/.EngineerMode]
04-20 15:35:39.760000  2031  2031 I auditd  : type=1400 audit(0.0:180): avc: denied { search } for comm="GpuAppSpectator" name="12407" dev="proc" ino=90695 scontext=u:r:gas_srv:s0 tcontext=u:r:radio:s0 tclass=dir permissive=1
04-20 15:35:39.760000  2031  2031 I auditd  : type=1400 audit(0.0:181): avc: denied { read } for comm="GpuAppSpectator" name="cmdline" dev="proc" ino=89649 scontext=u:r:gas_srv:s0 tcontext=u:r:radio:s0 tclass=file permissive=1
04-20 15:35:39.760000  2031  2031 I auditd  : type=1400 audit(0.0:182): avc: denied { open } for comm="GpuAppSpectator" path="/proc/12407/cmdline" dev="proc" ino=89649 scontext=u:r:gas_srv:s0 tcontext=u:r:radio:s0 tclass=file permissive=1
04-20 15:35:39.760000  2031  2031 I auditd  : type=1400 audit(0.0:183): avc: denied { getattr } for comm="GpuAppSpectator" path="/proc/12407/cmdline" dev="proc" ino=89649 scontext=u:r:gas_srv:s0 tcontext=u:r:radio:s0 tclass=file permissive=1
04-20 15:35:40.412613 12407 12407 I am_on_resume_called: [0,com.mediatek.engineermode.EngineerMode]
04-20 15:35:40.485475   231   231 I sf_frame_dur: [com.android.dialer/com.android.dialer.DialtactsActivity,435,15,6,0,2,1,0]
04-20 15:35:41.198576   964   987 I am_activity_launch_time: [0,139707735,com.mediatek.engineermode/.EngineerMode,1501,1501]
04-20 15:35:41.719667   964   964 I notification_cancel: [1000,964,com.android.server.telecom,1,NULL,0,0,0,8,NULL]
04-20 15:35:41.835897   964   964 I notification_cancel: [10006,12321,com.android.dialer,1,DefaultVoicemailNotifier,0,0,64,8,NULL]
04-20 15:35:46.686889  1102  1102 I sqlite_mem_released: 0
04-20 15:35:46.687874  1102  1102 I force_gc: mem
04-20 15:35:48.505164   964  2088 I am_home_stack_moved: [0,0,9,9,startingNewTask]
04-20 15:35:48.505422   964  2088 I wm_task_moved: [52,1,1]
04-20 15:35:48.511561   964  2088 I am_create_task: [0,53]
04-20 15:35:48.512562   964  2088 I am_create_activity: [0,166586955,53,com.mediatek.mtklogger/.MainActivity,android.intent.action.MAIN,NULL,NULL,268435456]
04-20 15:35:48.513641   964  2088 I wm_task_created: [53,9]
04-20 15:35:48.513856   964  2088 I wm_task_moved: [53,1,2]
04-20 15:35:48.538816   964  2088 I am_pause_activity: [0,139707735,com.mediatek.engineermode/.EngineerMode]
04-20 15:35:48.572728   964  2088 I am_home_stack_moved: [0,0,9,9,startedActivity setFocusedActivity]
04-20 15:35:48.572917   964  2088 I wm_task_moved: [53,1,2]
04-20 15:35:48.583707   964  2088 I am_focused_activity: [0,com.mediatek.mtklogger/.MainActivity]
04-20 15:35:48.593113 12407 12407 I am_on_paused_called: [0,com.mediatek.engineermode.EngineerMode]
04-20 15:35:48.609818   964   976 I am_restart_activity: [0,166586955,53,com.mediatek.mtklogger/.MainActivity]
04-20 15:35:48.808583   964   964 I notification_cancel: [10022,1102,com.android.systemui,2131755032,low_battery,-1,0,64,8,NULL]
04-20 15:35:49.018201 12140 12140 I am_on_resume_called: [0,com.mediatek.mtklogger.MainActivity]
04-20 15:35:49.361879   231   231 I sf_frame_dur: [com.mediatek.engineermode/com.mediatek.engineermode.EngineerMode,151,2,2,6,5,1,1]
04-20 15:35:49.730840   964   987 I am_activity_launch_time: [0,166586955,com.mediatek.mtklogger/.MainActivity,1131,1131]
04-20 15:35:53.173326   964  1844 I am_proc_died: [0,12321,com.android.dialer]
04-20 15:35:53.815097   964   979 I am_proc_died: [0,12341,android.process.acore]
04-20 15:35:53.837730   964   979 I am_low_memory: 19
04-20 15:35:53.947895   964  8872 I dvm_lock_sample: [system_server,1,Binder_10,25,MountService.java,2952,-,2952,5]
04-20 15:35:54.191041   231   231 I sf_frame_dur: [Starting logs,31,4,0,0,1,0,0]
04-20 15:35:54.918486   964   964 I notification_enqueue: [10056,12140,com.mediatek.mtklogger,2130837539,NULL,0,Notification(pri=0 contentView=com.mediatek.mtklogger/0x1090085 vibrate=null sound=null tick defaults=0x0 flags=0x60 color=0x00000000 vis=PRIVATE),0]
04-20 15:35:55.009239   964  1582 I notification_expansion: [0|com.mediatek.mtklogger|2130837539|null|10056,0,1,92,92,0]
04-20 15:35:55.011041   964  1747 I notification_expansion: [-1|android|17303171|null|1000,0,0,77736,77736,37857]
04-20 15:35:56.623591   964  1844 I am_finish_activity: [0,166586955,53,com.mediatek.mtklogger/.MainActivity,app-request]
04-20 15:35:56.626803   964  1844 I am_home_stack_moved: [0,0,9,9,finishActivity adjustFocus setFocusedActivity]
04-20 15:35:56.627039   964  1844 I wm_task_moved: [53,1,2]
04-20 15:35:56.636941   964  1844 I am_focused_activity: [0,com.mediatek.engineermode/.EngineerMode]
04-20 15:35:56.668208   964  1844 I am_pause_activity: [0,166586955,com.mediatek.mtklogger/.MainActivity]
04-20 15:35:56.684972 12140 12140 I am_on_paused_called: [0,com.mediatek.mtklogger.MainActivity]
04-20 15:35:56.707144   964  1670 I am_resume_activity: [0,139707735,52,com.mediatek.engineermode/.EngineerMode]
04-20 15:35:56.748775 12407 12407 I am_on_resume_called: [0,com.mediatek.engineermode.EngineerMode]
04-20 15:35:56.960561   964  1927 I am_finish_activity: [0,139707735,52,com.mediatek.engineermode/.EngineerMode,app-request]
04-20 15:35:56.964626   964  1927 I am_home_stack_moved: [0,0,9,9,finishActivity adjustFocus setFocusedActivity]
04-20 15:35:56.964894   964  1927 I wm_task_moved: [53,1,2]
04-20 15:35:56.970326   964  1927 I am_focused_activity: [0,com.android.dialer/.DialtactsActivity]
04-20 15:35:56.997628   964  1927 I am_pause_activity: [0,139707735,com.mediatek.engineermode/.EngineerMode]
04-20 15:35:57.007971 12407 12407 I am_on_paused_called: [0,com.mediatek.engineermode.EngineerMode]
04-20 15:35:57.109501   964  2088 I am_proc_start: [0,12503,10006,com.android.dialer,activity,com.android.dialer/.DialtactsActivity]
04-20 15:35:57.376416   964  8871 I am_proc_bound: [0,12503,com.android.dialer]
04-20 15:35:57.393321   964  8871 I am_restart_activity: [0,148713568,51,com.android.dialer/.DialtactsActivity]
04-20 15:35:57.637892   231   231 I sf_frame_dur: [com.mediatek.mtklogger/com.mediatek.mtklogger.MainActivity,1,1,0,1,1,1,2]
04-20 15:35:58.643983   964  8871 I am_proc_start: [0,12523,10003,android.process.acore,content provider,com.android.providers.contacts/.CallLogProvider]
04-20 15:35:58.820455   964   964 I notification_cancel: [10022,1102,com.android.systemui,2131755032,low_battery,-1,0,64,8,NULL]
04-20 15:35:58.891717   964  1747 I am_proc_bound: [0,12523,android.process.acore]
04-20 15:35:58.940515   964   981 I am_pss  : [12140,10056,com.mediatek.mtklogger,22993920,20018176]
04-20 15:35:59.294102   964   964 I notification_cancel: [10006,12503,com.android.dialer,135331910,NULL,0,0,64,8,NULL]
04-20 15:35:59.363382   964   964 I notification_cancel: [1000,964,com.android.server.telecom,1,NULL,0,0,0,8,NULL]
04-20 15:35:59.446523 12503 12503 I am_on_resume_called: [0,com.android.dialer.DialtactsActivity]
04-20 15:35:59.622906 12503 12522 I dvm_lock_sample: [com.android.dialer,0,AsyncQueryWorker,42,ActivityThread.java,5444,Binder.java,-2,8]
04-20 15:35:59.732330   964   964 I notification_cancel: [1000,964,com.android.server.telecom,1,NULL,0,0,0,8,NULL]
04-20 15:36:00.424081   964   964 I free_storage_changed: 12425424896
04-20 15:36:00.476781   964   964 I notification_cancel: [10006,12503,com.android.dialer,1,DefaultVoicemailNotifier,0,0,64,8,NULL]
04-20 15:36:00.636969   964   987 I am_activity_launch_time: [0,148713568,com.android.dialer/.DialtactsActivity,3614,3614]
04-20 15:36:00.726151   964   964 I notification_cancel: [10006,12503,com.android.dialer,1,DefaultVoicemailNotifier,0,0,64,8,NULL]
04-20 15:36:01.007495   964   981 I am_pss  : [1654,10014,com.android.launcher3,28608512,25217024]
04-20 15:36:01.034978   964  1747 I am_destroy_activity: [0,166586955,53,com.mediatek.mtklogger/.MainActivity,finish-imm]
04-20 15:36:01.041044   964  1747 I am_destroy_activity: [0,139707735,52,com.mediatek.engineermode/.EngineerMode,finish-idle]
04-20 15:36:01.067620   964   979 I wm_task_removed: [53,removeAppToken: last token]
04-20 15:36:01.068121   964   979 I wm_task_removed: [53,removeTask]
04-20 15:36:01.103746   964  1663 I wm_task_removed: [52,removeAppToken: last token]
04-20 15:36:01.104122   964  1663 I wm_task_removed: [52,removeTask]
04-20 15:36:01.980862   964  2088 I am_proc_died: [0,12407,com.mediatek.engineermode]
04-20 15:36:01.984354   964  2088 I am_low_memory: 20
04-20 15:36:02.541686   964  1670 I am_finish_activity: [0,148713568,51,com.android.dialer/.DialtactsActivity,app-request]
04-20 15:36:02.576574   964  1670 I am_pause_activity: [0,148713568,com.android.dialer/.DialtactsActivity]
04-20 15:36:02.591049   964   964 I notification_cancel: [10006,12503,com.android.dialer,135331910,NULL,0,0,64,8,NULL]
04-20 15:36:02.594020 12503 12503 I am_on_paused_called: [0,com.android.dialer.DialtactsActivity]
04-20 15:36:02.596262   964  1843 I am_home_stack_moved: [0,1,0,0,noMoreActivities setFocusedActivity]
04-20 15:36:02.596549   964  1843 I wm_task_moved: [31,1,0]
04-20 15:36:02.607797   964  1843 I am_focused_activity: [0,com.android.launcher3/.Launcher]
04-20 15:36:02.625908   964  1843 I am_resume_activity: [0,104862808,31,com.android.launcher3/.Launcher]
04-20 15:36:02.632277   964   982 I am_destroy_activity: [0,148713568,51,com.android.dialer/.DialtactsActivity,finish-imm]
04-20 15:36:02.654374  1654  1654 I am_on_resume_called: [0,com.android.launcher3.Launcher]
04-20 15:36:02.698710   964   964 I notification_cancel: [1000,964,com.android.server.telecom,1,NULL,0,0,0,8,NULL]
04-20 15:36:02.849762   964  2089 I am_home_stack_moved: [0,1,0,0,activityDestroyed leftTaskHistoryEmpty]
04-20 15:36:02.963006   964   964 I notification_cancel: [10006,12503,com.android.dialer,1,DefaultVoicemailNotifier,0,0,64,8,NULL]
04-20 15:36:03.242359   964   987 I wm_stack_removed: 9
04-20 15:36:03.243744   964   987 I wm_task_removed: [51,removeAppToken: last token]
04-20 15:36:03.243879   964   987 I wm_task_removed: [51,removeTask]
04-20 15:36:03.249079   231   231 I sf_frame_dur: [com.android.dialer/com.android.dialer.DialtactsActivity,59,1,1,1,1,0,0]
04-20 15:36:05.292495   964  1663 I wm_stack_created: [10,0,0,0,0]
04-20 15:36:05.312823   964  1663 I am_home_stack_moved: [0,0,10,10,startingNewTask]
04-20 15:36:05.313421   964  1663 I am_create_task: [0,54]
04-20 15:36:05.314085   964  1663 I am_create_activity: [0,79295855,54,com.android.settings/.Settings,android.intent.action.MAIN,NULL,NULL,270532608]
04-20 15:36:05.314993   964  1663 I wm_task_created: [54,10]
04-20 15:36:05.315187   964  1663 I wm_task_moved: [54,1,0]
04-20 15:36:05.317815   964  1663 I am_pause_activity: [0,104862808,com.android.launcher3/.Launcher]
04-20 15:36:05.327337   964  1663 I am_home_stack_moved: [0,0,10,10,startedActivity setFocusedActivity]
04-20 15:36:05.327569   964  1663 I wm_task_moved: [54,1,0]
04-20 15:36:05.336542   964  1663 I am_focused_activity: [0,com.android.settings/.Settings]
04-20 15:36:05.352116  1654  1654 I am_on_paused_called: [0,com.android.launcher3.Launcher]
04-20 15:36:05.405652   964  1670 I am_proc_start: [0,12583,1000,com.android.settings,activity,com.android.settings/.Settings]
04-20 15:36:05.602711   964  1843 I am_proc_bound: [0,12583,com.android.settings]
04-20 15:36:05.617635   964  1843 I am_restart_activity: [0,79295855,54,com.android.settings/.Settings]
04-20 15:36:05.840000  2031  2031 I auditd  : type=1400 audit(0.0:184): avc: denied { read } for comm="GpuAppSpectator" name="cmdline" dev="proc" ino=92529 scontext=u:r:gas_srv:s0 tcontext=u:r:system_app:s0 tclass=file permissive=1
04-20 15:36:05.850000  2031  2031 I auditd  : type=1400 audit(0.0:185): avc: denied { open } for comm="GpuAppSpectator" path="/proc/12583/cmdline" dev="proc" ino=92529 scontext=u:r:gas_srv:s0 tcontext=u:r:system_app:s0 tclass=file permissive=1
04-20 15:36:05.850000  2031  2031 I auditd  : type=1400 audit(0.0:186): avc: denied { getattr } for comm="GpuAppSpectator" path="/proc/12583/cmdline" dev="proc" ino=92529 scontext=u:r:gas_srv:s0 tcontext=u:r:system_app:s0 tclass=file permissive=1
04-20 15:36:06.012720   231   231 I sf_frame_dur: [com.android.launcher3/com.android.launcher3.Launcher,12,2,0,0,0,0,1]
04-20 15:36:06.164735 12583 12583 I sysui_view_visibility: [1,100]
04-20 15:36:06.210337 12583 12583 I sysui_view_visibility: [35,100]
04-20 15:36:06.212660 12583 12583 I am_on_resume_called: [0,com.android.settings.Settings]
04-20 15:36:07.535303   964   987 I am_activity_launch_time: [0,79295855,com.android.settings/.Settings,2168,2168]
04-20 15:36:07.588385   964  1843 I am_proc_died: [0,12523,android.process.acore]
04-20 15:36:08.837420   964   964 I notification_cancel: [10022,1102,com.android.systemui,2131755032,low_battery,-1,0,64,8,NULL]
04-20 15:36:09.078332   964   976 I am_home_stack_moved: [0,0,10,10,sourceStackToFront]
04-20 15:36:09.078546   964   976 I wm_task_moved: [54,1,0]
04-20 15:36:09.083701   964   976 I am_create_activity: [0,146205604,54,com.android.settings/.SubSettings,android.intent.action.MAIN,NULL,NULL,0]
04-20 15:36:09.085115   964   976 I am_pause_activity: [0,79295855,com.android.settings/.Settings]
04-20 15:36:09.089904   964   976 I am_home_stack_moved: [0,0,10,10,startedActivity setFocusedActivity]
04-20 15:36:09.090095   964   976 I wm_task_moved: [54,1,0]
04-20 15:36:09.097733   964   976 I am_focused_activity: [0,com.android.settings/.SubSettings]
04-20 15:36:09.105184 12583 12583 I sysui_view_visibility: [35,0]
04-20 15:36:09.106469 12583 12583 I sysui_view_visibility: [1,0]
04-20 15:36:09.111756 12583 12583 I am_on_paused_called: [0,com.android.settings.Settings]
04-20 15:36:09.119705   964  1670 I am_restart_activity: [0,146205604,54,com.android.settings/.SubSettings]
04-20 15:36:09.645489 12583 12583 I sysui_view_visibility: [110,100]
04-20 15:36:09.714084 12583 12583 I am_on_resume_called: [0,com.android.settings.SubSettings]
04-20 15:36:10.238904   964   987 I am_activity_launch_time: [0,146205604,com.android.settings/.SubSettings,1125,1125]
04-20 15:36:10.317914   964  1843 I am_proc_died: [0,12503,com.android.dialer]
04-20 15:36:10.326087   964  1843 I am_low_memory: 19
04-20 15:36:10.466267   231   231 I sf_frame_dur: [com.android.settings/com.android.settings.Settings,84,8,0,3,0,2,0]
04-20 15:36:11.648925   964   976 I am_home_stack_moved: [0,0,10,10,sourceStackToFront]
04-20 15:36:11.649101   964   976 I wm_task_moved: [54,1,0]
04-20 15:36:11.655109   964   976 I am_create_activity: [0,84175906,54,com.android.settings/.SubSettings,android.intent.action.MAIN,NULL,NULL,0]
04-20 15:36:11.656744   964   976 I am_pause_activity: [0,146205604,com.android.settings/.SubSettings]
04-20 15:36:11.661807   964   976 I am_home_stack_moved: [0,0,10,10,startedActivity setFocusedActivity]
04-20 15:36:11.662013   964   976 I wm_task_moved: [54,1,0]
04-20 15:36:11.669766   964   976 I am_focused_activity: [0,com.android.settings/.SubSettings]
04-20 15:36:11.683113 12583 12583 I sysui_view_visibility: [110,0]
04-20 15:36:11.695487 12583 12583 I am_on_paused_called: [0,com.android.settings.SubSettings]
04-20 15:36:11.702678   964  1670 I am_restart_activity: [0,84175906,54,com.android.settings/.SubSettings]
04-20 15:36:11.711135   964   982 I dvm_lock_sample: [system_server,1,ActivityManager,10,ActivityStackSupervisor.java,4476,ActivityManagerService.java,7205,2]
04-20 15:36:12.131914 12583 12583 I sysui_view_visibility: [90,100]
04-20 15:36:12.132224 12583 12583 I am_on_resume_called: [0,com.android.settings.SubSettings]
04-20 15:36:12.493262   964   987 I am_activity_launch_time: [0,84175906,com.android.settings/.SubSettings,796,796]
04-20 15:36:12.726767   231   231 I sf_frame_dur: [com.android.settings/com.android.settings.SubSettings,58,2,0,0,1,1,0]
04-20 15:36:17.191333   964  1747 I battery_status: [4,2,1,0,Li-ion]
04-20 15:36:17.320462   964   964 I notification_cancel: [10022,1102,com.android.systemui,2131755032,low_battery,-1,0,64,8,NULL]
04-20 15:36:17.406358   964   982 I am_proc_start: [0,12626,10010,com.google.android.gms,broadcast,com.google.android.gms/com.google.android.libraries.social.autobackup.AutoBackupEnvironment$BatteryReceiver]
04-20 15:36:17.464419   964   964 I notification_cancel: [10022,1102,com.android.systemui,2131755032,low_battery,-1,0,64,8,NULL]
04-20 15:36:17.596581   964   976 I am_proc_bound: [0,12626,com.google.android.gms]
04-20 15:36:17.663817   964   981 I am_pss  : [12583,1000,com.android.settings,46291968,42296320]
04-20 15:36:18.127733   964   964 I notification_cancel: [10010,12626,com.google.android.gms,10436,NOT_LMP,0,0,64,8,NULL]
04-20 15:36:18.128978   964   964 I notification_cancel: [10010,12626,com.google.android.gms,39789,NOT_LMP,0,0,64,8,NULL]
04-20 15:36:18.184259   964   964 I notification_cancel: [1000,964,android,17040347,NULL,-1,0,0,8,NULL]
04-20 15:36:18.185430   964   964 I notification_canceled: [-1|android|17040347|null|1000,8,160640,160640,60520]
04-20 15:36:18.186031   964   964 I notification_cancel: [1000,964,android,17040353,NULL,-1,0,0,8,NULL]
04-20 15:36:18.186985   964   964 I notification_canceled: [-1|android|17040353|null|1000,8,557955,557955,60521]
04-20 15:36:18.248364   964  8872 I dvm_lock_sample: [system_server,1,Binder_10,36,ActivityManagerService.java,21884,BroadcastQueue.java,713,7]
04-20 15:36:18.348756   964  2088 I am_proc_start: [0,12642,10007,android.process.media,broadcast,com.android.providers.media/.MtpReceiver]
04-20 15:36:18.591905   964  1162 I am_proc_start: [0,12656,1000,com.fw.upgrade.sysoper,broadcast,com.fw.upgrade.sysoper/com.adups.fota.sysoper.TaskReceiver]
04-20 15:36:18.620838   964  1844 I am_proc_bound: [0,12642,android.process.media]
04-20 15:36:18.850624   964  2088 I dvm_lock_sample: [system_server,1,Binder_D,12,ActivityManagerService.java,10830,-,16878,2]
04-20 15:36:18.851328   964  1670 I am_proc_bound: [0,12656,com.fw.upgrade.sysoper]
04-20 15:36:19.182301   964  8872 I am_proc_died: [0,12656,com.fw.upgrade.sysoper]
04-20 15:36:19.187245   964  8872 I am_low_memory: 21
04-20 15:36:19.384455   964   979 I notification_cancel_all: [10007,12642,com.android.providers.downloads,0,0,64,9,NULL]
04-20 15:36:19.486344   964  8871 I am_proc_start: [0,12685,10010,com.google.android.gms.wearable,service,com.google.android.gms/.wearable.service.WearableService]
04-20 15:36:19.633093   964   964 I notification_cancel: [10010,12626,com.google.android.gms,10436,NULL,0,0,64,8,NULL]
04-20 15:36:19.690914   964  1747 I am_proc_bound: [0,12685,com.google.android.gms.wearable]
04-20 15:36:19.866644   964  1747 I am_proc_died: [0,12642,android.process.media]
04-20 15:36:19.872677   964  1747 I am_low_memory: 21
04-20 15:36:19.889601   964   964 I notification_cancel: [10010,12685,com.google.android.gms,10436,NOT_LMP,0,0,64,8,NULL]
04-20 15:36:19.890889   964   964 I notification_cancel: [10010,12685,com.google.android.gms,39789,NOT_LMP,0,0,64,8,NULL]
04-20 15:36:20.307848   964   964 I notification_cancel: [10022,1102,com.android.systemui,2131755032,low_battery,-1,0,64,8,NULL]
04-20 15:36:20.323863  1102  1102 I sysui_panelholder_touch: [0,142,0]
04-20 15:36:20.327570  1102  1102 I sysui_count: [panel_open,1]
04-20 15:36:20.334344  1102  1102 I sysui_histogram: [note_load,3]
04-20 15:36:20.334928   964  1927 I notification_panel_revealed: 3
04-20 15:36:20.339721   964  1747 I notification_visibility: [0|com.mediatek.mtklogger|2130837539|null|10056,1,25422,25422,0,0]
04-20 15:36:20.846669   964  2089 I notification_visibility: [0|com.mediatek.security|1200|null|1000,1,5278300,5278300,0,2]
04-20 15:36:20.847055   964  2089 I notification_visibility: [-1|android|17303171|null|1000,1,103572,103572,0,1]
04-20 15:36:22.100595   964  2089 I am_home_stack_moved: [0,0,10,10,startingNewTask]
04-20 15:36:22.100868   964  2089 I wm_task_moved: [54,1,0]
04-20 15:36:22.101032   964   975 I notification_visibility: [0|com.mediatek.security|1200|null|1000,0,5279554,5279554,0,2]
04-20 15:36:22.101420   964   975 I notification_visibility: [-1|android|17303171|null|1000,0,104827,104827,0,1]
04-20 15:36:22.101891   964   975 I notification_visibility: [0|com.mediatek.mtklogger|2130837539|null|10056,0,27184,27184,0,0]
04-20 15:36:22.103112   964  8871 I notification_panel_hidden: []
04-20 15:36:22.110313   964  2089 I am_create_task: [0,55]
04-20 15:36:22.111108   964  2089 I am_create_activity: [0,92507433,55,com.mediatek.mtklogger/.MainActivity,NULL,NULL,NULL,268435456]
04-20 15:36:22.123922   964  2089 I wm_task_created: [55,10]
04-20 15:36:22.124194   964  2089 I wm_task_moved: [55,1,1]
04-20 15:36:22.165684   964  2089 I am_pause_activity: [0,84175906,com.android.settings/.SubSettings]
04-20 15:36:22.176491   964  2089 I am_home_stack_moved: [0,0,10,10,startedActivity setFocusedActivity]
04-20 15:36:22.176722   964  2089 I wm_task_moved: [55,1,1]
04-20 15:36:22.179642 12583 12583 I sysui_view_visibility: [90,0]
04-20 15:36:22.203837   964  2089 I am_focused_activity: [0,com.mediatek.mtklogger/.MainActivity]
04-20 15:36:22.208396   964  1582 I notification_clicked: [0|com.mediatek.mtklogger|2130837539|null|10056,27291,27291,1869]
04-20 15:36:22.209182   964   964 I notification_cancel: [10022,1102,com.mediatek.mtklogger,2130837539,NULL,0,16,64,1,NULL]
04-20 15:36:22.209792 12583 12583 I am_on_paused_called: [0,com.android.settings.SubSettings]
04-20 15:36:22.209467   964   964 I sysui_histogram: [note_click_longevity,0]
04-20 15:36:22.245921   964   975 I am_restart_activity: [0,92507433,55,com.mediatek.mtklogger/.MainActivity]
04-20 15:36:22.592041 12140 12140 I am_on_resume_called: [0,com.mediatek.mtklogger.MainActivity]
04-20 15:36:22.978366   964   987 I am_activity_launch_time: [0,92507433,com.mediatek.mtklogger/.MainActivity,743,743]
04-20 15:36:23.050644   231   231 I sf_frame_dur: [com.android.settings/com.android.settings.SubSettings,43,3,1,1,1,1,2]
04-20 15:36:26.681785   964   964 I notification_cancel: [1000,964,com.mediatek.mtklogger,2130837539,NULL,0,0,0,8,NULL]
04-20 15:36:26.683149   964   964 I notification_canceled: [0|com.mediatek.mtklogger|2130837539|null|10056,8,31766,31766,6344]
04-20 15:36:26.690305   964   964 I notification_enqueue: [10056,12140,com.mediatek.mtklogger,2130837539,NULL,0,Notification(pri=0 contentView=com.mediatek.mtklogger/0x1090085 vibrate=null sound=null tick defaults=0x0 flags=0x60 color=0x00000000 vis=PRIVATE),0]
04-20 15:36:26.701111   964  1162 I notification_expansion: [-1|android|17303171|null|1000,0,1,109426,109426,5854]
04-20 15:36:26.839805   964  1663 I notification_expansion: [0|com.mediatek.mtklogger|2130837539|null|10056,0,1,150,150,0]
04-20 15:36:26.842281   964  2088 I notification_expansion: [-1|android|17303171|null|1000,0,0,109568,109568,5996]
04-20 15:36:28.056720  1483  1483 I sqlite_mem_released: 0
04-20 15:36:28.056925  1483  1483 I force_gc: mem
04-20 15:36:29.815259   964   964 I notification_cancel: [10056,12140,com.mediatek.mtklogger,2130837521,NULL,0,0,64,8,NULL]
04-20 15:36:29.987257   964   975 I am_proc_start: [0,12739,10007,android.process.media,service,com.android.providers.media/.MediaScannerService]
04-20 15:36:30.122767   231   231 I sf_frame_dur: [Stopping logs,274,2,0,0,1,0,0]
04-20 15:36:30.177371   964  1844 I am_proc_bound: [0,12739,android.process.media]
04-20 15:36:30.315175   964   964 I notification_cancel: [10022,1102,com.android.systemui,2131755032,low_battery,-1,0,64,8,NULL]
04-20 15:36:30.426833   964   964 I free_storage_changed: 12422533120
04-20 15:36:30.695007   964   979 I notification_cancel_all: [10007,12739,com.android.providers.downloads,0,0,64,9,NULL]
04-20 15:36:30.796596   964   964 I notification_cancel: [1000,964,com.mediatek.mtklogger,2130837539,NULL,0,0,0,8,NULL]
04-20 15:36:30.797885   964   964 I notification_canceled: [0|com.mediatek.mtklogger|2130837539|null|10056,8,4108,4108,0]
04-20 15:36:30.805357   964  1582 I notification_expansion: [-1|android|17303171|null|1000,0,1,113531,113531,9959]
04-20 15:36:31.391836   964  1582 I am_proc_died: [0,12685,com.google.android.gms.wearable]
04-20 15:36:33.291103   964  8872 I force_gc: Binder
04-20 15:36:34.408851   964   981 I am_pss  : [12140,10056,com.mediatek.mtklogger,36927488,33883136]
04-20 15:36:35.333749  1576  1576 I sqlite_mem_released: 0
04-20 15:36:35.334292  1576  1576 I force_gc: mem
04-20 15:36:40.343273  1586  1586 I sqlite_mem_released: 0
04-20 15:36:40.343906  1586  1586 I force_gc: mem
04-20 15:36:40.389930   964  1663 I battery_status: [2,2,1,2,Li-ion]
04-20 15:36:40.519301   964   964 I notification_cancel: [10022,1102,com.android.systemui,2131755032,low_battery,-1,0,64,8,NULL]
04-20 15:36:40.587509   964   981 I am_pss  : [1654,10014,com.android.launcher3,29102080,26178560]
04-20 15:36:40.701588   964   964 I notification_enqueue: [1000,964,android,17040347,NULL,-1,Notification(pri=-2 contentView=null vibrate=null sound=null tick defaults=0x0 flags=0x2 color=0xff607d8b vis=PUBLIC),0]
04-20 15:36:40.711873   964   964 I notification_enqueue: [1000,964,android,17040353,NULL,-1,Notification(pri=-1 contentView=null vibrate=null sound=null tick defaults=0x0 flags=0x2 color=0xff607d8b vis=PUBLIC),0]
04-20 15:36:40.918708   964  1927 I dvm_lock_sample: [system_server,1,Binder_C,8,PackageManagerService.java,3435,-,2995,1]
04-20 15:36:41.753335  1102  1102 I sysui_panelholder_touch: [0,232,0]
04-20 15:36:41.757176  1102  1102 I sysui_count: [panel_open,1]
04-20 15:36:41.762073  1102  1102 I sysui_histogram: [note_load,4]
04-20 15:36:41.762846   964  1843 I notification_panel_revealed: 4
04-20 15:36:41.768316   964  1747 I notification_visibility: [-1|android|17303171|null|1000,1,124494,124494,0,0]
04-20 15:36:42.272625   964  1747 I notification_visibility: [0|com.mediatek.security|1200|null|1000,1,5299726,5299726,0,1]
04-20 15:36:42.273019   964  1747 I notification_visibility: [-1|android|17040353|null|1000,1,1561,1561,0,2]
04-20 15:36:42.273384   964  1747 I notification_visibility: [-1|android|17040347|null|1000,1,1573,1573,0,3]
04-20 15:36:42.718521   964   964 I notification_cancel: [10022,1102,com.android.systemui,2131755032,low_battery,-1,0,64,8,NULL]
04-20 15:36:42.833298   964  1747 I notification_visibility: [0|com.mediatek.security|1200|null|1000,0,5300287,5300287,0,1]
04-20 15:36:42.833565   964  1747 I notification_visibility: [-1|android|17303171|null|1000,0,125559,125559,0,0]
04-20 15:36:42.833934   964  1747 I notification_visibility: [-1|android|17040353|null|1000,0,2122,2122,0,2]
04-20 15:36:42.834173   964  1747 I notification_visibility: [-1|android|17040347|null|1000,0,2134,2134,0,3]
04-20 15:36:42.834317   964  1927 I am_home_stack_moved: [0,0,10,10,startingNewTask]
04-20 15:36:42.834515   964  1927 I wm_task_moved: [55,1,1]
04-20 15:36:42.835679   964  2088 I notification_panel_hidden: []
04-20 15:36:42.841854   964  1927 I am_create_task: [0,56]
04-20 15:36:42.842869   964  1927 I am_create_activity: [0,208997404,56,com.android.settings/.deviceinfo.UsbModeChooserActivity,android.intent.action.MAIN,NULL,NULL,276856832]
04-20 15:36:42.853223   964  1927 I wm_task_created: [56,10]
04-20 15:36:42.854042   964  1927 I wm_task_moved: [56,1,2]
04-20 15:36:42.889700   964  1927 I am_pause_activity: [0,92507433,com.mediatek.mtklogger/.MainActivity]
04-20 15:36:42.898473   964  1927 I am_home_stack_moved: [0,0,10,10,startedActivity setFocusedActivity]
04-20 15:36:42.898766   964  1927 I wm_task_moved: [56,1,2]
04-20 15:36:42.916362   964  1927 I am_focused_activity: [0,com.android.settings/.deviceinfo.UsbModeChooserActivity]
04-20 15:36:42.922761 12140 12140 I am_on_paused_called: [0,com.mediatek.mtklogger.MainActivity]
04-20 15:36:42.925505   964  1670 I notification_clicked: [-1|android|17040347|null|1000,2225,2225,652]
04-20 15:36:42.926348   964   964 I notification_cancel: [10022,1102,android,17040347,NULL,-1,16,64,1,NULL]
04-20 15:36:42.926514   964   964 I sysui_histogram: [note_click_longevity,0]
04-20 15:36:42.936003   964   979 I am_restart_activity: [0,208997404,56,com.android.settings/.deviceinfo.UsbModeChooserActivity]
04-20 15:36:42.970000  2031  2031 I auditd  : type=1400 audit(0.0:187): avc: denied { read } for comm="GpuAppSpectator" name="cmdline" dev="proc" ino=92529 scontext=u:r:gas_srv:s0 tcontext=u:r:system_app:s0 tclass=file permissive=1
04-20 15:36:42.970000  2031  2031 I auditd  : type=1400 audit(0.0:188): avc: denied { open } for comm="GpuAppSpectator" path="/proc/12583/cmdline" dev="proc" ino=92529 scontext=u:r:gas_srv:s0 tcontext=u:r:system_app:s0 tclass=file permissive=1
04-20 15:36:42.970000  2031  2031 I auditd  : type=1400 audit(0.0:189): avc: denied { getattr } for comm="GpuAppSpectator" path="/proc/12583/cmdline" dev="proc" ino=92529 scontext=u:r:gas_srv:s0 tcontext=u:r:system_app:s0 tclass=file permissive=1
04-20 15:36:43.224372 12583 12583 I am_on_resume_called: [0,com.android.settings.deviceinfo.UsbModeChooserActivity]
04-20 15:36:43.583903   964   987 I am_activity_launch_time: [0,208997404,com.android.settings/.deviceinfo.UsbModeChooserActivity,657,657]
04-20 15:36:44.689067   964  8871 I am_finish_activity: [0,208997404,56,com.android.settings/.deviceinfo.UsbModeChooserActivity,app-request]
04-20 15:36:44.691360   964  8871 I am_home_stack_moved: [0,0,10,10,finishActivity adjustFocus setFocusedActivity]
04-20 15:36:44.691576   964  8871 I wm_task_moved: [56,1,2]
04-20 15:36:44.697384   964  8871 I am_focused_activity: [0,com.mediatek.mtklogger/.MainActivity]
04-20 15:36:44.719912   964  8871 I am_pause_activity: [0,208997404,com.android.settings/.deviceinfo.UsbModeChooserActivity]
04-20 15:36:44.734892 12583 12583 I am_on_paused_called: [0,com.android.settings.deviceinfo.UsbModeChooserActivity]
04-20 15:36:44.752354   964  2088 I am_resume_activity: [0,92507433,55,com.mediatek.mtklogger/.MainActivity]
04-20 15:36:44.789113 12140 12140 I am_on_resume_called: [0,com.mediatek.mtklogger.MainActivity]
04-20 15:36:44.901870   231   231 I sf_frame_dur: [com.android.settings/com.android.settings.deviceinfo.UsbModeChooserActivity,0,0,0,1,0,0,0]
04-20 15:36:44.945616   964  1670 I am_destroy_activity: [0,208997404,56,com.android.settings/.deviceinfo.UsbModeChooserActivity,finish-imm]
04-20 15:36:45.008188   964   987 I wm_task_removed: [56,removeAppToken: last token]
04-20 15:36:45.008308   964   987 I wm_task_removed: [56,removeTask]
04-20 15:36:45.120321   964   964 I notification_cancel: [1000,964,android,17303171,NULL,-1,0,0,8,NULL]
04-20 15:36:45.121409   964   964 I notification_canceled: [-1|android|17303171|null|1000,8,127847,127847,3353]
04-20 15:36:45.132822   964  8872 I notification_expansion: [0|com.mediatek.security|1200|null|1000,0,1,5302586,5302586,2860]
04-20 15:36:45.181256   964   964 I notification_cancel: [1000,964,android,17040347,NULL,-1,0,0,8,NULL]
04-20 15:36:45.182391   964   964 I notification_canceled: [-1|android|17040347|null|1000,8,4482,4482,2909]
04-20 15:36:45.186892   964   964 I notification_enqueue: [1000,964,android,17040348,NULL,-1,Notification(pri=-2 contentView=null vibrate=null sound=null tick defaults=0x0 flags=0x2 color=0xff607d8b vis=PUBLIC),0]
04-20 15:36:45.202459   964  1023 I netstats_mobile_sample: [0,0,0,0,0,0,0,0,0,0,0,0,-1]
04-20 15:36:45.203597   964  1023 I netstats_wifi_sample: [156067,1593,295347,9846,123363,1275,247080,2550,123363,1275,247080,2550,-1]
04-20 15:36:45.311696   964  1023 I netstats_mobile_sample: [0,0,0,0,0,0,0,0,0,0,0,0,-1]
04-20 15:36:45.312835   964  1023 I netstats_wifi_sample: [156067,1593,295347,9846,123363,1275,247080,2550,123363,1275,247080,2550,-1]
04-20 15:36:46.066612   964   964 I notification_cancel: [10022,1102,com.android.systemui,2131755032,low_battery,-1,0,64,8,NULL]
04-20 15:36:47.207643   964   964 I notification_cancel: [10022,1102,com.android.systemui,2131755032,low_battery,-1,0,64,8,NULL]
04-20 15:36:52.268139  1602  1602 I sqlite_mem_released: 0
04-20 15:36:52.268319  1602  1602 I force_gc: mem
04-20 15:36:57.271202  1618  1618 I force_gc: mem
04-20 15:37:05.150829  1529  1529 I sqlite_mem_released: 0
04-20 15:37:05.151021  1529  1529 I force_gc: mem
04-20 15:37:10.158115  2236  2236 I sqlite_mem_released: 10240
04-20 15:37:10.159278  2236  2236 I force_gc: mem
04-20 15:37:13.807065  1576  1807 I dvm_lock_sample: [com.android.phone,0,RILReceiver0,10,RIL.java,2880,-,2868,2]
04-20 15:37:13.962150   964   981 I am_pss  : [12739,10007,android.process.media,11025408,9154560]
04-20 15:37:17.232014   964   964 I notification_cancel: [10022,1102,com.android.systemui,2131755032,low_battery,-1,0,64,8,NULL]
04-20 15:37:22.280763  1493  1493 I sqlite_mem_released: 0
04-20 15:37:22.281272  1493  1493 I force_gc: mem
04-20 15:37:27.234016   964   964 I notification_cancel: [10022,1102,com.android.systemui,2131755032,low_battery,-1,0,64,8,NULL]
04-20 15:37:32.284797  9526  9526 I sqlite_mem_released: 0
04-20 15:37:32.285235  9526  9526 I force_gc: mem
04-20 15:37:37.288999  1654  1654 I sqlite_mem_released: 0
04-20 15:37:37.290375  1654  1654 I force_gc: mem
04-20 15:37:37.540000  1067  1067 I auditd  : type=1400 audit(0.0:190): avc: denied { open } for comm="PhotonicModulat" path="/sys/devices/platform/leds-mt65xx/leds/lcd-backlight/brightness" dev="sysfs" ino=11474 scontext=u:r:system_server:s0 tcontext=u:object_r:sys_lcd_brightness_file:s0 tclass=file permissive=1
04-20 15:37:42.296219 11134 11134 I sqlite_mem_released: 0
04-20 15:37:42.296766 11134 11134 I force_gc: mem
04-20 15:37:44.555624   964   990 I power_sleep_requested: 0
04-20 15:37:44.665542   964   964 I am_pause_activity: [0,92507433,com.mediatek.mtklogger/.MainActivity]
04-20 15:37:44.731929 12140 12140 I am_on_paused_called: [0,com.mediatek.mtklogger.MainActivity]
04-20 15:37:44.735712   964   982 I am_focused_activity: [0,com.mediatek.mtklogger/.MainActivity]
04-20 15:37:44.779904   964   981 I am_pss  : [12583,1000,com.android.settings,29470720,25568256]
04-20 15:37:44.811312   964   981 I am_pss  : [12626,10010,com.google.android.gms,21172224,16846848]
04-20 15:37:45.278907   964   964 I power_screen_state: [0,3,0,0]
04-20 15:37:45.279022   964   964 I screen_toggled: 0
04-20 15:37:45.279152   964   964 I sysui_histogram: [screen_timeout,60]
04-20 15:37:45.280353   964   964 I power_screen_broadcast_send: 1
04-20 15:37:45.473181   964   964 I power_screen_broadcast_done: [0,192,1]
04-20 15:37:47.228404   964   964 I notification_cancel: [10022,1102,com.android.systemui,2131755032,low_battery,-1,0,64,8,NULL]
04-20 15:37:49.664376   964  8872 I notification_expansion: [0|com.mediatek.security|1200|null|1000,0,0,5367118,5367118,67392]
04-20 15:37:49.737900  1102  1102 I sysui_status_bar_state: [1,1,0,0,0,1]
04-20 15:37:49.817189   231   231 I sf_frame_dur: [NavigationBar,737,21,2,3,6,5,3]
04-20 15:37:55.261285 11064 11064 I sqlite_mem_released: 0
04-20 15:37:55.261488 11064 11064 I force_gc: mem
04-20 15:37:57.209009   964   964 I notification_cancel: [10022,1102,com.android.systemui,2131755032,low_battery,-1,0,64,8,NULL]
04-20 15:38:05.170730 11046 11046 I sqlite_mem_released: 0
04-20 15:38:05.170941 11046 11046 I force_gc: mem
04-20 15:38:07.218370   964   964 I notification_cancel: [10022,1102,com.android.systemui,2131755032,low_battery,-1,0,64,8,NULL]
04-20 15:38:11.658372   964   964 I notification_cancel: [10022,1102,com.android.systemui,2131755032,low_battery,-1,0,64,8,NULL]
04-20 15:38:15.454455   964   990 I dvm_lock_sample: [system_server,1,PowerManagerService,5,MessageQueue.java,330,-,553,1]
04-20 15:38:20.466117 11148 11148 I sqlite_mem_released: 0
04-20 15:38:20.466320 11148 11148 I force_gc: mem
04-20 15:38:21.680131   964   964 I notification_cancel: [10022,1102,com.android.systemui,2131755032,low_battery,-1,0,64,8,NULL]
04-20 15:38:26.730943 11658 11658 I sqlite_mem_released: 0
04-20 15:38:26.731065 11658 11658 I force_gc: mem
04-20 15:38:31.668805   964   964 I notification_cancel: [10022,1102,com.android.systemui,2131755032,low_battery,-1,0,64,8,NULL]
04-20 15:38:36.715114 12140 12140 I sqlite_mem_released: 0
04-20 15:38:36.715923 12140 12140 I force_gc: mem
04-20 15:38:41.644949   964   979 I battery_level: [83,3936,310]
04-20 15:38:41.688157   964   964 I notification_cancel: [10022,1102,com.android.systemui,2131755032,low_battery,-1,0,64,8,NULL]
04-20 15:38:51.668607   964   964 I notification_cancel: [10022,1102,com.android.systemui,2131755032,low_battery,-1,0,64,8,NULL]
04-20 15:39:00.247923   964   981 I am_pss  : [12140,10056,com.mediatek.mtklogger,37567488,34493440]
04-20 15:39:01.668823   964   964 I notification_cancel: [10022,1102,com.android.systemui,2131755032,low_battery,-1,0,64,8,NULL]
04-20 15:39:11.668203   964   964 I notification_cancel: [10022,1102,com.android.systemui,2131755032,low_battery,-1,0,64,8,NULL]
04-20 15:39:21.668665   964   964 I notification_cancel: [10022,1102,com.android.systemui,2131755032,low_battery,-1,0,64,8,NULL]
04-20 15:39:31.671554   964   964 I notification_cancel: [10022,1102,com.android.systemui,2131755032,low_battery,-1,0,64,8,NULL]
04-20 15:39:41.668615   964   964 I notification_cancel: [10022,1102,com.android.systemui,2131755032,low_battery,-1,0,64,8,NULL]
04-20 15:39:51.668171   964   964 I notification_cancel: [10022,1102,com.android.systemui,2131755032,low_battery,-1,0,64,8,NULL]
04-20 15:40:01.678675   964   964 I notification_cancel: [10022,1102,com.android.systemui,2131755032,low_battery,-1,0,64,8,NULL]
04-20 15:40:11.677900   964   964 I notification_cancel: [10022,1102,com.android.systemui,2131755032,low_battery,-1,0,64,8,NULL]
04-20 15:40:21.677824   964   964 I notification_cancel: [10022,1102,com.android.systemui,2131755032,low_battery,-1,0,64,8,NULL]
04-20 15:40:31.678494   964   964 I notification_cancel: [10022,1102,com.android.systemui,2131755032,low_battery,-1,0,64,8,NULL]
04-20 15:40:39.658468   964   964 I power_screen_state: [1,0,0,0]
04-20 15:40:39.658609   964   964 I screen_toggled: 1
04-20 15:40:39.661425  1102  1102 I sysui_histogram: [note_load,3]
04-20 15:40:39.662866   964  8871 I notification_panel_revealed: 3
04-20 15:40:39.667704   964   964 I power_screen_broadcast_send: 1
04-20 15:40:39.673877   964  1670 I notification_visibility: [0|com.mediatek.security|1200|null|1000,1,5537127,5537127,0,0]
04-20 15:40:39.674241   964  1670 I notification_visibility: [-1|android|17040353|null|1000,1,238963,238963,0,1]
04-20 15:40:40.098303   231   231 I sf_frame_dur: [ColorFade,12,7,2,1,0,0,0]
04-20 15:40:40.234664   964  1747 I am_proc_died: [0,12583,com.android.settings]
04-20 15:40:40.253050   964   964 I power_screen_broadcast_done: [1,585,1]
04-20 15:40:41.029230  1102  1102 I sysui_lockscreen_gesture: [1,364,2400]
04-20 15:40:41.177570   964  1162 I notification_visibility: [0|com.mediatek.security|1200|null|1000,0,5538631,5538631,0,0]
04-20 15:40:41.177986   964  1162 I notification_visibility: [-1|android|17040353|null|1000,0,240466,240466,0,1]
04-20 15:40:41.179070   964  1927 I notification_panel_hidden: []
04-20 15:40:41.184283  1102  1102 I screen_toggled: 2
04-20 15:40:41.187818  1102  1102 I screen_toggled: 2
04-20 15:40:41.207653   964  1844 I am_resume_activity: [0,92507433,55,com.mediatek.mtklogger/.MainActivity]
04-20 15:40:41.236293 12140 12140 I am_on_resume_called: [0,com.mediatek.mtklogger.MainActivity]
04-20 15:40:41.272006   964  1582 I notification_expansion: [0|com.mediatek.security|1200|null|1000,0,1,5538725,5538725,1598]
04-20 15:40:41.285658  1102  1102 I sysui_status_bar_state: [0,0,0,0,0,1]
04-20 15:40:41.659131   964   964 I notification_cancel: [10022,1102,com.android.systemui,2131755032,low_battery,-1,0,64,8,NULL]
04-20 15:40:42.824206   964  1162 I am_home_stack_moved: [0,0,10,10,sourceStackToFront]
04-20 15:40:42.824452   964  1162 I wm_task_moved: [55,1,1]
04-20 15:40:42.828272   964  1162 I am_create_activity: [0,182033133,55,com.mediatek.mtklogger/.LogFolderListActivity,NULL,NULL,NULL,0]
04-20 15:40:42.829975   964  1162 I am_pause_activity: [0,92507433,com.mediatek.mtklogger/.MainActivity]
04-20 15:40:42.834008   964  1162 I am_home_stack_moved: [0,0,10,10,startedActivity setFocusedActivity]
04-20 15:40:42.834238   964  1162 I wm_task_moved: [55,1,1]
04-20 15:40:42.842206   964  1162 I am_focused_activity: [0,com.mediatek.mtklogger/.LogFolderListActivity]
04-20 15:40:42.854528 12140 12140 I am_on_paused_called: [0,com.mediatek.mtklogger.MainActivity]
04-20 15:40:42.861260   964   976 I am_restart_activity: [0,182033133,55,com.mediatek.mtklogger/.LogFolderListActivity]
04-20 15:40:42.957066 12140 12140 I am_on_resume_called: [0,com.mediatek.mtklogger.LogFolderListActivity]
04-20 15:40:43.330468   964   987 I am_activity_launch_time: [0,182033133,com.mediatek.mtklogger/.LogFolderListActivity,474,474]
04-20 15:40:43.589262   231   231 I sf_frame_dur: [com.mediatek.mtklogger/com.mediatek.mtklogger.MainActivity,2,2,3,1,2,7,4]
04-20 15:40:45.691292 12140 12140 I menu_item_selected: [0,Clear All]
