----- timezone:GMT
04-20 11:39:04.683635   964  1582 I dvm_lock_sample: [system_server,1,Binder_5,52,ActivityManagerService.java,18200,BroadcastQueue.java,713,10]
04-20 11:39:04.748725   964  1747 I dvm_lock_sample: [system_server,1,Binder_9,44,BatteryStatsService.java,405,-,886,8]
04-20 11:39:04.756164   964   964 I notification_cancel: [10022,1102,com.android.systemui,2131755032,low_battery,-1,0,64,8,NULL]
04-20 11:39:04.881825   964  1652 I am_proc_start: [0,9264,1000,com.fw.upgrade.sysoper,broadcast,com.fw.upgrade.sysoper/com.adups.fota.sysoper.TaskReceiver]
04-20 11:39:04.883474   231   231 I sf_frame_dur: [ColorFade,36,0,0,1,0,0,0]
04-20 11:39:04.870000  1067  1067 I auditd  : type=1400 audit(0.0:88): avc: denied { open } for comm="PhotonicModulat" path="/sys/devices/platform/leds-mt65xx/leds/lcd-backlight/brightness" dev="sysfs" ino=11474 scontext=u:r:system_server:s0 tcontext=u:object_r:sys_lcd_brightness_file:s0 tclass=file permissive=1
04-20 11:39:04.884530   964  1670 I dvm_lock_sample: [system_server,1,Binder_8,43,ActivityManagerService.java,17116,BroadcastQueue.java,713,8]
04-20 11:39:05.208590   964  1582 I dvm_lock_sample: [system_server,1,Binder_5,8,PackageManagerService.java,3435,-,2995,1]
04-20 11:39:05.234183   964  1843 I am_proc_bound: [0,9264,com.fw.upgrade.sysoper]
04-20 11:39:05.401315   964   964 I notification_cancel: [1000,964,android,17040347,NULL,-1,0,0,8,NULL]
04-20 11:39:05.402635   964   964 I notification_canceled: [-1|android|17040347|null|1000,8,407592,407592,0]
04-20 11:39:05.403311   964   964 I notification_cancel: [1000,964,android,17040353,NULL,-1,0,0,8,NULL]
04-20 11:39:05.404506   964   964 I notification_canceled: [-1|android|17040353|null|1000,8,452972,452972,418399]
04-20 11:39:05.616794   964   979 I am_proc_died: [0,9264,com.fw.upgrade.sysoper]
04-20 11:39:05.629296   964   964 I power_screen_broadcast_done: [1,1092,1]
04-20 11:39:08.604661   964   964 I notification_cancel: [1000,964,android,1001,CaptivePortal.Notification,0,0,0,8,NULL]
04-20 11:39:08.629589  1102  1102 I sysui_lockscreen_gesture: [1,274,2260]
04-20 11:39:08.755760   964  1747 I notification_visibility: [0|com.mediatek.security|1200|null|1000,0,2653915,2653915,0,1]
04-20 11:39:08.756054   964  1747 I notification_visibility: [-1|android|17303171|null|1000,0,410405,410405,0,0]
04-20 11:39:08.756363   964  1747 I notification_visibility: [0|com.mediatek.mtklogger|2130837539|null|10056,0,27364339,27364339,0,2]
04-20 11:39:08.757661   964  1844 I notification_panel_hidden: []
04-20 11:39:08.761504  1102  1102 I screen_toggled: 2
04-20 11:39:08.764354  1102  1102 I screen_toggled: 2
04-20 11:39:08.791612   964   975 I am_resume_activity: [0,181566823,33,com.android.settings/.SubSettings]
04-20 11:39:08.874441   964  1844 I notification_expansion: [-1|android|17303171|null|1000,0,1,410524,410524,4323]
04-20 11:39:08.895650  1102  1102 I sysui_status_bar_state: [0,0,0,0,0,1]
04-20 11:39:08.989270  7166  7166 I sysui_view_visibility: [90,100]
04-20 11:39:08.989608  7166  7166 I am_on_resume_called: [0,com.android.settings.SubSettings]
04-20 11:39:09.285082   964   981 I am_meminfo: [157769728,22671360,42336256,288886784,61746176]
04-20 11:39:09.332009   964   981 I am_pss  : [7166,1000,com.android.settings,64815104,59945984]
04-20 11:39:09.371206   964   981 I am_pss  : [1654,10014,com.android.launcher3,23625728,20657152]
04-20 11:39:09.408235   964   981 I am_pss  : [1493,10052,com.android.inputmethod.latin,21235712,18289664]
04-20 11:39:09.444817   964   981 I am_pss  : [2236,10010,com.google.process.gapps,19988480,16465920]
04-20 11:39:09.473832   964   981 I am_pss  : [8574,10016,com.android.mms,11754496,9736192]
04-20 11:39:09.508816   964   981 I am_pss  : [1529,10010,com.google.android.gms.persistent,20043776,16338944]
04-20 11:39:09.536268   964   981 I am_pss  : [3413,10075,org.simalliance.openmobileapi.eseterminal,4689920,3346432]
04-20 11:39:09.563875   964   981 I am_pss  : [5866,10073,org.simalliance.openmobileapi.uicc2terminal,5708800,4317184]
04-20 11:39:09.591231   964   981 I am_pss  : [5861,10072,org.simalliance.openmobileapi.uicc1terminal,5729280,4337664]
04-20 11:39:09.619159   964   981 I am_pss  : [8816,10070,org.simalliance.openmobileapi.service:remote,5645312,4235264]
04-20 11:39:09.646813   964   981 I am_pss  : [1618,1000,com.mediatek.nlpservice,5133312,3731456]
04-20 11:39:09.675130   964   981 I am_pss  : [1602,1001,com.mediatek.ims,5356544,3907584]
04-20 11:39:09.702512   964   981 I am_pss  : [1586,1001,com.mediatek.gba,4327424,2953216]
04-20 11:39:09.739632   964   981 I am_pss  : [1576,1001,com.android.phone,18892800,16879616]
04-20 11:39:09.767712   964   981 I am_pss  : [1483,10023,com.google.android.googlequicksearchbox:interactor,7372800,5955584]
04-20 11:39:09.810822   964   981 I am_pss  : [1102,10022,com.android.systemui,53957632,50117632]
04-20 11:39:09.899382   964   981 I am_pss  : [964,1000,system,60038144,56574976]
04-20 11:39:11.842971   964  1927 I am_finish_activity: [0,181566823,33,com.android.settings/.SubSettings,app-request]
04-20 11:39:11.846268   964  1927 I am_home_stack_moved: [0,0,2,2,finishActivity adjustFocus setFocusedActivity]
04-20 11:39:11.846590   964  1927 I wm_task_moved: [33,1,0]
04-20 11:39:11.859818   964  1927 I am_focused_activity: [0,com.android.settings/.SubSettings]
04-20 11:39:11.862644   964  1927 I am_pause_activity: [0,181566823,com.android.settings/.SubSettings]
04-20 11:39:11.877073  7166  7166 I sysui_view_visibility: [90,0]
04-20 11:39:11.884788  7166  7166 I am_on_paused_called: [0,com.android.settings.SubSettings]
04-20 11:39:11.898176   964  2088 I am_resume_activity: [0,204075671,33,com.android.settings/.SubSettings]
04-20 11:39:11.948601  7166  7166 I sysui_view_visibility: [110,100]
04-20 11:39:11.994383  7166  7166 I am_on_resume_called: [0,com.android.settings.SubSettings]
04-20 11:39:12.379983   964   982 I am_destroy_activity: [0,181566823,33,com.android.settings/.SubSettings,finish-imm]
04-20 11:39:12.392283   231   231 I sf_frame_dur: [com.android.settings/com.android.settings.SubSettings,113,3,1,4,1,2,8]
04-20 11:39:13.931681   964  1670 I am_finish_activity: [0,204075671,33,com.android.settings/.SubSettings,app-request]
04-20 11:39:13.933424   964  1670 I am_home_stack_moved: [0,0,2,2,finishActivity adjustFocus setFocusedActivity]
04-20 11:39:13.933625   964  1670 I wm_task_moved: [33,1,0]
04-20 11:39:13.941226   964  1670 I am_focused_activity: [0,com.android.settings/.Settings]
04-20 11:39:13.943113   964  1670 I am_pause_activity: [0,204075671,com.android.settings/.SubSettings]
04-20 11:39:13.949014  7166  7166 I sysui_view_visibility: [110,0]
04-20 11:39:13.963994  7166  7166 I am_on_paused_called: [0,com.android.settings.SubSettings]
04-20 11:39:13.971713   964  1162 I am_resume_activity: [0,32086897,33,com.android.settings/.Settings]
04-20 11:39:13.981347  7166  7166 I sysui_view_visibility: [1,100]
04-20 11:39:14.005231  7166  7166 I sysui_view_visibility: [35,100]
04-20 11:39:14.007861  7166  7166 I am_on_resume_called: [0,com.android.settings.Settings]
04-20 11:39:14.564257   964   964 I notification_cancel: [10022,1102,com.android.systemui,2131755032,low_battery,-1,0,64,8,NULL]
04-20 11:39:14.721571   964   982 I am_destroy_activity: [0,204075671,33,com.android.settings/.SubSettings,finish-imm]
04-20 11:39:14.733074   231   231 I sf_frame_dur: [com.android.settings/com.android.settings.SubSettings,12,1,0,0,0,0,1]
04-20 11:39:15.997468   964   976 I am_home_stack_moved: [0,0,2,2,sourceStackToFront]
04-20 11:39:15.997661   964   976 I wm_task_moved: [33,1,0]
04-20 11:39:16.002091   964   976 I am_create_activity: [0,117083302,33,com.android.settings/.SubSettings,android.intent.action.MAIN,NULL,NULL,0]
04-20 11:39:16.004153   964   976 I am_pause_activity: [0,32086897,com.android.settings/.Settings]
04-20 11:39:16.009159   964   976 I am_home_stack_moved: [0,0,2,2,startedActivity setFocusedActivity]
04-20 11:39:16.009374   964   976 I wm_task_moved: [33,1,0]
04-20 11:39:16.016735   964   976 I am_focused_activity: [0,com.android.settings/.SubSettings]
04-20 11:39:16.023819  7166  7166 I sysui_view_visibility: [35,0]
04-20 11:39:16.025312  7166  7166 I sysui_view_visibility: [1,0]
04-20 11:39:16.030360  7166  7166 I am_on_paused_called: [0,com.android.settings.Settings]
04-20 11:39:16.037823   964   975 I am_restart_activity: [0,117083302,33,com.android.settings/.SubSettings]
04-20 11:39:16.277659  7166  7166 I sysui_view_visibility: [103,100]
04-20 11:39:16.299143  7166  7166 I am_on_resume_called: [0,com.android.settings.SubSettings]
04-20 11:39:16.632338   964   987 I am_activity_launch_time: [0,117083302,com.android.settings/.SubSettings,598,598]
04-20 11:39:16.928725   231   231 I sf_frame_dur: [com.android.settings/com.android.settings.Settings,54,6,1,1,0,1,0]
04-20 11:39:17.595366  7166  7166 I sysui_action: [138,]
04-20 11:39:17.848206   964  1044 I netstats_mobile_sample: [0,0,0,0,0,0,0,0,0,0,0,0,-1]
04-20 11:39:17.849623   964  1044 I netstats_wifi_sample: [156067,1593,295347,9846,123363,1275,247080,2550,123363,1275,247080,2550,-1]
04-20 11:39:18.165988   964   982 I am_proc_start: [0,9301,1000,com.system.ftools,broadcast,com.system.ftools/.util.FoRcv]
04-20 11:39:18.167254   964  1488 I dvm_lock_sample: [system_server,0,DhcpStateMachine,125,ActivityManagerService.java,17501,BroadcastQueue.java,713,25]
04-20 11:39:18.200000  2031  2031 I auditd  : type=1400 audit(0.0:89): avc: denied { read } for comm="GpuAppSpectator" name="cmdline" dev="proc" ino=55407 scontext=u:r:gas_srv:s0 tcontext=u:r:system_app:s0 tclass=file permissive=1
04-20 11:39:18.200000  2031  2031 I auditd  : type=1400 audit(0.0:90): avc: denied { open } for comm="GpuAppSpectator" path="/proc/7166/cmdline" dev="proc" ino=55407 scontext=u:r:gas_srv:s0 tcontext=u:r:system_app:s0 tclass=file permissive=1
04-20 11:39:18.200000  2031  2031 I auditd  : type=1400 audit(0.0:91): avc: denied { getattr } for comm="GpuAppSpectator" path="/proc/7166/cmdline" dev="proc" ino=55407 scontext=u:r:gas_srv:s0 tcontext=u:r:system_app:s0 tclass=file permissive=1
04-20 11:39:18.452973   964   986 I netstats_mobile_sample: [0,0,0,0,0,0,0,0,0,0,0,0,-1]
04-20 11:39:18.454232   964   986 I netstats_wifi_sample: [156067,1593,295347,9846,123363,1275,247080,2550,123363,1275,247080,2550,-1]
04-20 11:39:18.497330   964  1582 I am_proc_bound: [0,9301,com.system.ftools]
04-20 11:39:18.783549   964  1162 I am_finish_activity: [0,117083302,33,com.android.settings/.SubSettings,app-request]
04-20 11:39:18.787906   964  1162 I am_home_stack_moved: [0,0,2,2,finishActivity adjustFocus setFocusedActivity]
04-20 11:39:18.788798   964  1162 I wm_task_moved: [33,1,0]
04-20 11:39:18.796240   964  1162 I am_focused_activity: [0,com.android.settings/.Settings]
04-20 11:39:18.799576   964  1162 I am_pause_activity: [0,117083302,com.android.settings/.SubSettings]
04-20 11:39:18.821525  7166  7166 I sysui_view_visibility: [103,0]
04-20 11:39:18.834796  7166  7166 I am_on_paused_called: [0,com.android.settings.SubSettings]
04-20 11:39:18.846487   964   979 I am_resume_activity: [0,32086897,33,com.android.settings/.Settings]
04-20 11:39:18.874863  7166  7166 I sysui_view_visibility: [1,100]
04-20 11:39:18.909040  7166  7166 I sysui_view_visibility: [35,100]
04-20 11:39:18.912847  7166  7166 I am_on_resume_called: [0,com.android.settings.Settings]
04-20 11:39:18.973952   964   981 I am_pss  : [7166,1000,com.android.settings,73048064,68281344]
04-20 11:39:19.760838   964   982 I am_destroy_activity: [0,117083302,33,com.android.settings/.SubSettings,finish-imm]
04-20 11:39:19.773591   231   231 I sf_frame_dur: [com.android.settings/com.android.settings.SubSettings,52,5,5,3,1,0,0]
04-20 11:39:21.377905   964  8871 I am_home_stack_moved: [0,0,2,2,sourceStackToFront]
04-20 11:39:21.378230   964  8871 I wm_task_moved: [33,1,0]
04-20 11:39:21.385938   964  8871 I am_create_activity: [0,225734016,33,com.android.settings/.SubSettings,android.intent.action.MAIN,NULL,NULL,0]
04-20 11:39:21.389972   964  8871 I am_pause_activity: [0,32086897,com.android.settings/.Settings]
04-20 11:39:21.395028   964  8871 I am_home_stack_moved: [0,0,2,2,startedActivity setFocusedActivity]
04-20 11:39:21.395276   964  8871 I wm_task_moved: [33,1,0]
04-20 11:39:21.404957   964  8871 I am_focused_activity: [0,com.android.settings/.SubSettings]
04-20 11:39:21.409271  7166  7166 I sysui_view_visibility: [35,0]
04-20 11:39:21.410725  7166  7166 I sysui_view_visibility: [1,0]
04-20 11:39:21.416850  7166  7166 I am_on_paused_called: [0,com.android.settings.Settings]
04-20 11:39:21.424790   964  1844 I am_restart_activity: [0,225734016,33,com.android.settings/.SubSettings]
04-20 11:39:21.673446  7166  7166 I sysui_view_visibility: [110,100]
04-20 11:39:21.731227  7166  7166 I am_on_resume_called: [0,com.android.settings.SubSettings]
04-20 11:39:22.057825   964   987 I am_activity_launch_time: [0,225734016,com.android.settings/.SubSettings,639,639]
04-20 11:39:22.182828   964   975 I am_proc_start: [0,9342,10039,com.mediatek.providers.drm,broadcast,com.mediatek.providers.drm/.ConnectionChangeReceiver]
04-20 11:39:22.293631   231   231 I sf_frame_dur: [com.android.settings/com.android.settings.Settings,44,6,0,0,0,2,0]
04-20 11:39:22.390517   964  1747 I am_proc_died: [0,9301,com.system.ftools]
04-20 11:39:22.398889   964   979 I am_proc_bound: [0,9342,com.mediatek.providers.drm]
04-20 11:39:22.637478   964   975 I am_proc_start: [0,9358,1000,com.mediatek.systemupdate,broadcast,com.mediatek.systemupdate/.SystemUpdateReceiver]
04-20 11:39:22.809317   964  1001 I am_proc_start: [0,9372,1000,com.system.ftools,service,com.system.ftools/.util.FoSvc]
04-20 11:39:22.822204   964  8872 I am_proc_bound: [0,9358,com.mediatek.systemupdate]
04-20 11:39:22.876224   964  1843 I am_proc_died: [0,8887,android.process.media]
04-20 11:39:22.956103   964  1747 I am_proc_start: [0,9386,1001,com.mediatek.engineermode,broadcast,com.mediatek.engineermode/.wifi.WifiStateReceiver]
04-20 11:39:23.020061   964  1162 I am_proc_bound: [0,9372,com.system.ftools]
04-20 11:39:23.215252   964  1582 I am_proc_bound: [0,9386,com.mediatek.engineermode]
04-20 11:39:23.232876   964  1747 I am_home_stack_moved: [0,0,2,2,sourceStackToFront]
04-20 11:39:23.233089   964  1747 I wm_task_moved: [33,1,0]
04-20 11:39:23.238353   964  1747 I am_create_activity: [0,238557804,33,com.android.settings/.SubSettings,android.intent.action.MAIN,NULL,NULL,0]
04-20 11:39:23.240396   964  1747 I am_pause_activity: [0,225734016,com.android.settings/.SubSettings]
04-20 11:39:23.245729   964  1747 I am_home_stack_moved: [0,0,2,2,startedActivity setFocusedActivity]
04-20 11:39:23.245934   964  1747 I wm_task_moved: [33,1,0]
04-20 11:39:23.255540   964  1747 I am_focused_activity: [0,com.android.settings/.SubSettings]
04-20 11:39:23.263604  7166  7166 I sysui_view_visibility: [110,0]
04-20 11:39:23.268245   964   976 I am_proc_died: [0,8668,com.google.android.gms]
04-20 11:39:23.296347  7166  7166 I am_on_paused_called: [0,com.android.settings.SubSettings]
04-20 11:39:23.305714   964  1747 I am_restart_activity: [0,238557804,33,com.android.settings/.SubSettings]
04-20 11:39:23.412519   964   964 I notification_cancel: [1001,9386,com.mediatek.engineermode,10,NULL,0,0,64,8,NULL]
04-20 11:39:23.644606  7166  7166 I sysui_view_visibility: [90,100]
04-20 11:39:23.644830  7166  7166 I am_on_resume_called: [0,com.android.settings.SubSettings]
04-20 11:39:23.918551   964   987 I am_activity_launch_time: [0,238557804,com.android.settings/.SubSettings,620,620]
04-20 11:39:24.163312   231   231 I sf_frame_dur: [com.android.settings/com.android.settings.SubSettings,42,3,0,0,1,1,0]
04-20 11:39:24.565376   964   964 I notification_cancel: [10022,1102,com.android.systemui,2131755032,low_battery,-1,0,64,8,NULL]
04-20 11:39:26.078361   964   964 I notification_cancel: [1000,964,android,17303171,NULL,-1,0,0,8,NULL]
04-20 11:39:26.079947   964   964 I notification_canceled: [-1|android|17303171|null|1000,8,427729,427729,21528]
04-20 11:39:26.098534   964  1652 I notification_expansion: [0|com.mediatek.security|1200|null|1000,0,1,2671258,2671258,21548]
04-20 11:39:26.209158   964  1023 I netstats_mobile_sample: [0,0,0,0,0,0,0,0,0,0,0,0,-1]
04-20 11:39:26.210288   964  1023 I netstats_wifi_sample: [156067,1593,295347,9846,123363,1275,247080,2550,123363,1275,247080,2550,-1]
04-20 11:39:26.302985   964  1023 I netstats_mobile_sample: [0,0,0,0,0,0,0,0,0,0,0,0,-1]
04-20 11:39:26.304357   964  1023 I netstats_wifi_sample: [156067,1593,295347,9846,123363,1275,247080,2550,123363,1275,247080,2550,-1]
04-20 11:39:26.337146   964   981 I am_pss  : [2566,10056,com.mediatek.mtklogger,11701248,9712640]
04-20 11:39:26.382475   964  1023 I netstats_mobile_sample: [0,0,0,0,0,0,0,0,0,0,0,0,-1]
04-20 11:39:26.383557   964  1023 I netstats_wifi_sample: [156067,1593,295347,9846,123363,1275,247080,2550,123363,1275,247080,2550,-1]
04-20 11:39:27.013246   964  1663 I am_proc_start: [0,9417,10007,android.process.media,broadcast,com.android.providers.media/.MtpReceiver]
04-20 11:39:27.193529   964   979 I am_proc_bound: [0,9417,android.process.media]
04-20 11:39:27.525016   964  2089 I am_finish_activity: [0,238557804,33,com.android.settings/.SubSettings,app-request]
04-20 11:39:27.526933   964  2089 I am_home_stack_moved: [0,0,2,2,finishActivity adjustFocus setFocusedActivity]
04-20 11:39:27.527428   964  2089 I wm_task_moved: [33,1,0]
04-20 11:39:27.534640   964  2089 I am_focused_activity: [0,com.android.settings/.SubSettings]
04-20 11:39:27.536286   964  2089 I am_pause_activity: [0,238557804,com.android.settings/.SubSettings]
04-20 11:39:27.549339  7166  7166 I sysui_view_visibility: [90,0]
04-20 11:39:27.556481  7166  7166 I am_on_paused_called: [0,com.android.settings.SubSettings]
04-20 11:39:27.571338   964  1843 I am_resume_activity: [0,225734016,33,com.android.settings/.SubSettings]
04-20 11:39:27.612866  7166  7166 I sysui_view_visibility: [110,100]
04-20 11:39:27.663063  7166  7166 I am_on_resume_called: [0,com.android.settings.SubSettings]
04-20 11:39:27.790730   964   976 I notification_cancel_all: [10007,9417,com.android.providers.downloads,0,0,64,9,NULL]
04-20 11:39:28.053898   964   982 I am_destroy_activity: [0,238557804,33,com.android.settings/.SubSettings,finish-imm]
04-20 11:39:28.065463   231   231 I sf_frame_dur: [com.android.settings/com.android.settings.SubSettings,89,8,3,0,0,2,0]
04-20 11:39:28.220000  2031  2031 I auditd  : type=1400 audit(0.0:92): avc: denied { read } for comm="GpuAppSpectator" name="cmdline" dev="proc" ino=55407 scontext=u:r:gas_srv:s0 tcontext=u:r:system_app:s0 tclass=file permissive=1
04-20 11:39:28.230000  2031  2031 I auditd  : type=1400 audit(0.0:93): avc: denied { open } for comm="GpuAppSpectator" path="/proc/7166/cmdline" dev="proc" ino=55407 scontext=u:r:gas_srv:s0 tcontext=u:r:system_app:s0 tclass=file permissive=1
04-20 11:39:28.230000  2031  2031 I auditd  : type=1400 audit(0.0:94): avc: denied { getattr } for comm="GpuAppSpectator" path="/proc/7166/cmdline" dev="proc" ino=55407 scontext=u:r:gas_srv:s0 tcontext=u:r:system_app:s0 tclass=file permissive=1
04-20 11:39:28.573356   964   964 I free_storage_changed: 12111568896
04-20 11:39:29.453326   964  1663 I am_finish_activity: [0,225734016,33,com.android.settings/.SubSettings,app-request]
04-20 11:39:29.456370   964  1663 I am_home_stack_moved: [0,0,2,2,finishActivity adjustFocus setFocusedActivity]
04-20 11:39:29.456685   964  1663 I wm_task_moved: [33,1,0]
04-20 11:39:29.464239   964  1663 I am_focused_activity: [0,com.android.settings/.Settings]
04-20 11:39:29.465810   964  1663 I am_pause_activity: [0,225734016,com.android.settings/.SubSettings]
04-20 11:39:29.477945  7166  7166 I sysui_view_visibility: [110,0]
04-20 11:39:29.494156  7166  7166 I am_on_paused_called: [0,com.android.settings.SubSettings]
04-20 11:39:29.505966   964  1747 I am_resume_activity: [0,32086897,33,com.android.settings/.Settings]
04-20 11:39:29.515173   964   983 I dvm_lock_sample: [system_server,1,android.ui,8,ActivityManagerService.java,1658,-,7205,1]
04-20 11:39:29.521011  7166  7166 I sysui_view_visibility: [1,100]
04-20 11:39:29.549106  7166  7166 I sysui_view_visibility: [35,100]
04-20 11:39:29.552529  7166  7166 I am_on_resume_called: [0,com.android.settings.Settings]
04-20 11:39:29.557082   964   981 I am_pss  : [1493,10052,com.android.inputmethod.latin,20962304,18248704]
04-20 11:39:29.590862   964   981 I am_pss  : [8574,10016,com.android.mms,11186176,9465856]
04-20 11:39:29.624954   964   981 I am_pss  : [2236,10010,com.google.process.gapps,21003264,17940480]
04-20 11:39:29.671582   964   981 I am_pss  : [1529,10010,com.google.android.gms.persistent,21236736,18309120]
04-20 11:39:29.702536   964   981 I am_pss  : [3413,10075,org.simalliance.openmobileapi.eseterminal,4504576,3346432]
04-20 11:39:29.734128   964   981 I am_pss  : [5866,10073,org.simalliance.openmobileapi.uicc2terminal,5505024,4308992]
04-20 11:39:29.763444   964   981 I am_pss  : [5861,10072,org.simalliance.openmobileapi.uicc1terminal,5525504,4329472]
04-20 11:39:29.793179   964   981 I am_pss  : [8816,10070,org.simalliance.openmobileapi.service:remote,5445632,4239360]
04-20 11:39:29.826406   964   981 I am_pss  : [1483,10023,com.google.android.googlequicksearchbox:interactor,7166976,5931008]
04-20 11:39:30.296042   964   982 I am_destroy_activity: [0,225734016,33,com.android.settings/.SubSettings,finish-imm]
04-20 11:39:30.308983   231   231 I sf_frame_dur: [com.android.settings/com.android.settings.SubSettings,42,0,1,0,0,0,1]
04-20 11:39:32.257887   964  1162 I am_finish_activity: [0,32086897,33,com.android.settings/.Settings,app-request]
04-20 11:39:32.295040   964  1162 I am_pause_activity: [0,32086897,com.android.settings/.Settings]
04-20 11:39:32.303093  7166  7166 I sysui_view_visibility: [35,0]
04-20 11:39:32.304203  7166  7166 I sysui_view_visibility: [1,0]
04-20 11:39:32.310313  7166  7166 I am_on_paused_called: [0,com.android.settings.Settings]
04-20 11:39:32.312301   964  8871 I am_home_stack_moved: [0,1,0,0,noMoreActivities setFocusedActivity]
04-20 11:39:32.312593   964  8871 I wm_task_moved: [31,1,0]
04-20 11:39:32.323078   964  8871 I am_focused_activity: [0,com.android.launcher3/.Launcher]
04-20 11:39:32.338281   964  8871 I am_relaunch_resume_activity: [0,104862808,31,com.android.launcher3/.Launcher]
04-20 11:39:32.349709   964   982 I am_destroy_activity: [0,32086897,33,com.android.settings/.Settings,finish-imm]
04-20 11:39:32.630815   964  1670 I am_home_stack_moved: [0,1,0,0,activityDestroyed leftTaskHistoryEmpty]
04-20 11:39:32.857353   964   982 I am_proc_start: [0,9447,10023,com.google.android.googlequicksearchbox:search,broadcast,com.google.android.googlequicksearchbox/.SearchWidgetProvider]
04-20 11:39:32.858689   964  1844 I dvm_lock_sample: [system_server,1,Binder_B,33,ActivityManagerService.java,17352,BroadcastQueue.java,713,6]
04-20 11:39:32.881927  1654  1654 I am_on_resume_called: [0,com.android.launcher3.Launcher]
04-20 11:39:33.070961   964  8872 I am_proc_bound: [0,9447,com.google.android.googlequicksearchbox:search]
04-20 11:39:33.088302   964   983 I dvm_lock_sample: [system_server,1,android.ui,9,ActivityManagerService.java,3932,-,6860,1]
04-20 11:39:33.089788   964  1652 I am_proc_died: [0,8574,com.android.mms]
04-20 11:39:33.090669   964  1652 I am_schedule_service_restart: [0,com.android.mms/.transaction.NoneService,1000]
04-20 11:39:33.380053   964  8872 I am_proc_died: [0,9372,com.system.ftools]
04-20 11:39:33.701085   964   987 I wm_stack_removed: 2
04-20 11:39:33.706793   231   231 I sf_frame_dur: [com.android.settings/com.android.settings.Settings,12,1,1,0,0,1,0]
04-20 11:39:33.711010   964   987 I wm_task_removed: [33,removeAppToken: last token]
04-20 11:39:33.711785   964   987 I wm_task_removed: [33,removeTask]
04-20 11:39:34.132134   964   982 I am_proc_start: [0,9464,10016,com.android.mms,service,com.android.mms/.transaction.NoneService]
04-20 11:39:34.133885   964  1670 I am_proc_died: [0,9342,com.mediatek.providers.drm]
04-20 11:39:34.439966   964   979 I dvm_lock_sample: [system_server,1,Binder_3,344,UserManagerService.java,414,PackageManagerService.java,5707,68]
04-20 11:39:34.440405   964   983 I dvm_lock_sample: [system_server,1,android.ui,307,UserManagerService.java,414,PackageManagerService.java,5707,61]
04-20 11:39:34.479011   964  1663 I am_proc_start: [0,9480,10013,com.google.android.partnersetup,content provider,com.google.android.partnersetup/.RlzAppProvider]
04-20 11:39:34.480243   964  1747 I dvm_lock_sample: [system_server,1,Binder_9,268,ActivityManagerService.java,10272,-,10272,53]
04-20 11:39:34.488087   964   975 I am_proc_bound: [0,9464,com.android.mms]
04-20 11:39:34.504950   964   983 I dvm_lock_sample: [system_server,1,android.ui,17,ActivityManagerService.java,4047,-,6860,3]
04-20 11:39:34.560494   964   964 I notification_cancel: [10022,1102,com.android.systemui,2131755032,low_battery,-1,0,64,8,NULL]
04-20 11:39:34.700575   964   979 I am_proc_died: [0,9358,com.mediatek.systemupdate]
04-20 11:39:34.724380   964  8872 I am_proc_bound: [0,9480,com.google.android.partnersetup]
04-20 11:39:35.011118   964  8872 I am_proc_died: [0,9417,android.process.media]
04-20 11:39:35.706543   964  1162 I am_proc_died: [0,9386,com.mediatek.engineermode]
04-20 11:39:39.332216   964  1843 I wm_stack_created: [3,0,0,0,0]
04-20 11:39:39.344927   964  1843 I am_home_stack_moved: [0,0,3,3,startingNewTask]
04-20 11:39:39.348968   964  1843 I am_create_task: [0,39]
04-20 11:39:39.349646   964  1843 I am_create_activity: [0,171533586,39,com.android.settings/.Settings,android.intent.action.MAIN,NULL,NULL,270532608]
04-20 11:39:39.355818   964  1843 I wm_task_created: [39,3]
04-20 11:39:39.355983   964  1843 I wm_task_moved: [39,1,0]
04-20 11:39:39.358360   964  1843 I am_pause_activity: [0,104862808,com.android.launcher3/.Launcher]
04-20 11:39:39.369203   964  1843 I am_home_stack_moved: [0,0,3,3,startedActivity setFocusedActivity]
04-20 11:39:39.369463   964  1843 I wm_task_moved: [39,1,0]
04-20 11:39:39.377903   964  1843 I am_focused_activity: [0,com.android.settings/.Settings]
04-20 11:39:39.397849  1654  1654 I am_on_paused_called: [0,com.android.launcher3.Launcher]
04-20 11:39:39.413560   964  8871 I am_restart_activity: [0,171533586,39,com.android.settings/.Settings]
04-20 11:39:39.621587  7166  7166 I sysui_view_visibility: [1,100]
04-20 11:39:39.651105  7166  7166 I sysui_view_visibility: [35,100]
04-20 11:39:39.654209  7166  7166 I am_on_resume_called: [0,com.android.settings.Settings]
04-20 11:39:39.820454   231   231 I sf_frame_dur: [com.android.launcher3/com.android.launcher3.Launcher,54,2,5,1,4,2,1]
04-20 11:39:40.202681   964   987 I am_activity_launch_time: [0,171533586,com.android.settings/.Settings,798,798]
04-20 11:39:41.244134   964  1663 I am_home_stack_moved: [0,0,3,3,sourceStackToFront]
04-20 11:39:41.244366   964  1663 I wm_task_moved: [39,1,0]
04-20 11:39:41.248808   964  1663 I am_create_activity: [0,267026378,39,com.android.settings/.SubSettings,android.intent.action.MAIN,NULL,NULL,0]
04-20 11:39:41.250292   964  1663 I am_pause_activity: [0,171533586,com.android.settings/.Settings]
04-20 11:39:41.258265   964  1663 I am_home_stack_moved: [0,0,3,3,startedActivity setFocusedActivity]
04-20 11:39:41.258646   964  1663 I wm_task_moved: [39,1,0]
04-20 11:39:41.266127   964  1663 I am_focused_activity: [0,com.android.settings/.SubSettings]
04-20 11:39:41.271492  7166  7166 I sysui_view_visibility: [35,0]
04-20 11:39:41.273017  7166  7166 I sysui_view_visibility: [1,0]
04-20 11:39:41.277889  7166  7166 I am_on_paused_called: [0,com.android.settings.Settings]
04-20 11:39:41.286841   964  1670 I am_restart_activity: [0,267026378,39,com.android.settings/.SubSettings]
04-20 11:39:41.494051  7166  7166 I sysui_view_visibility: [103,100]
04-20 11:39:41.523618  7166  7166 I am_on_resume_called: [0,com.android.settings.SubSettings]
04-20 11:39:41.749445   964   987 I am_activity_launch_time: [0,267026378,com.android.settings/.SubSettings,469,469]
04-20 11:39:41.861821   964  1843 I am_proc_died: [0,9447,com.google.android.googlequicksearchbox:search]
04-20 11:39:41.949764   231   231 I sf_frame_dur: [com.android.settings/com.android.settings.Settings,24,3,1,0,1,1,0]
04-20 11:39:42.443481   964  1843 I am_finish_activity: [0,267026378,39,com.android.settings/.SubSettings,app-request]
04-20 11:39:42.446474   964  1843 I am_home_stack_moved: [0,0,3,3,finishActivity adjustFocus setFocusedActivity]
04-20 11:39:42.446768   964  1843 I wm_task_moved: [39,1,0]
04-20 11:39:42.454736   964  1843 I am_focused_activity: [0,com.android.settings/.Settings]
04-20 11:39:42.457174   964  1843 I am_pause_activity: [0,267026378,com.android.settings/.SubSettings]
04-20 11:39:42.467655  7166  7166 I sysui_view_visibility: [103,0]
04-20 11:39:42.479844  7166  7166 I am_on_paused_called: [0,com.android.settings.SubSettings]
04-20 11:39:42.489133   964   979 I am_resume_activity: [0,171533586,39,com.android.settings/.Settings]
04-20 11:39:42.500379  7166  7166 I sysui_view_visibility: [1,100]
04-20 11:39:42.526179  7166  7166 I sysui_view_visibility: [35,100]
04-20 11:39:42.528603  7166  7166 I am_on_resume_called: [0,com.android.settings.Settings]
04-20 11:39:43.205328   964   982 I am_destroy_activity: [0,267026378,39,com.android.settings/.SubSettings,finish-imm]
04-20 11:39:43.219002   231   231 I sf_frame_dur: [com.android.settings/com.android.settings.SubSettings,28,3,1,0,2,0,0]
04-20 11:39:44.552675   964   964 I notification_cancel: [10022,1102,com.android.systemui,2131755032,low_battery,-1,0,64,8,NULL]
04-20 11:39:46.809386   964   976 I am_home_stack_moved: [0,0,3,3,sourceStackToFront]
04-20 11:39:46.809695   964   976 I wm_task_moved: [39,1,0]
04-20 11:39:46.816176   964   976 I am_create_activity: [0,20357936,39,com.android.settings/.SubSettings,android.intent.action.MAIN,NULL,NULL,0]
04-20 11:39:46.819792   964   976 I am_pause_activity: [0,171533586,com.android.settings/.Settings]
04-20 11:39:46.827016   964   976 I am_home_stack_moved: [0,0,3,3,startedActivity setFocusedActivity]
04-20 11:39:46.827237   964   976 I wm_task_moved: [39,1,0]
04-20 11:39:46.835341   964   976 I am_focused_activity: [0,com.android.settings/.SubSettings]
04-20 11:39:46.840348  7166  7166 I sysui_view_visibility: [35,0]
04-20 11:39:46.843093  7166  7166 I sysui_view_visibility: [1,0]
04-20 11:39:46.848341  7166  7166 I am_on_paused_called: [0,com.android.settings.Settings]
04-20 11:39:46.855354   964  1844 I am_restart_activity: [0,20357936,39,com.android.settings/.SubSettings]
04-20 11:39:47.083190  7166  7166 I sysui_view_visibility: [110,100]
04-20 11:39:47.133985  7166  7166 I am_on_resume_called: [0,com.android.settings.SubSettings]
04-20 11:39:47.419150   964   987 I am_activity_launch_time: [0,20357936,com.android.settings/.SubSettings,568,568]
04-20 11:39:47.569160   964   981 I am_pss  : [2566,10056,com.mediatek.mtklogger,11921408,9733120]
04-20 11:39:47.640273   231   231 I sf_frame_dur: [com.android.settings/com.android.settings.Settings,40,5,0,1,1,1,1]
04-20 11:39:48.413700   964  1747 I am_home_stack_moved: [0,0,3,3,sourceStackToFront]
04-20 11:39:48.413943   964  1747 I wm_task_moved: [39,1,0]
04-20 11:39:48.418594   964  1747 I am_create_activity: [0,135893646,39,com.android.settings/.SubSettings,android.intent.action.MAIN,NULL,NULL,0]
04-20 11:39:48.422633   964  1747 I am_pause_activity: [0,20357936,com.android.settings/.SubSettings]
04-20 11:39:48.427246   964  1747 I am_home_stack_moved: [0,0,3,3,startedActivity setFocusedActivity]
04-20 11:39:48.427467   964  1747 I wm_task_moved: [39,1,0]
04-20 11:39:48.436062   964  1747 I am_focused_activity: [0,com.android.settings/.SubSettings]
04-20 11:39:48.442014  7166  7166 I sysui_view_visibility: [110,0]
04-20 11:39:48.455192  7166  7166 I am_on_paused_called: [0,com.android.settings.SubSettings]
04-20 11:39:48.462537   964  1844 I am_restart_activity: [0,135893646,39,com.android.settings/.SubSettings]
04-20 11:39:48.704316  7166  7166 I sysui_view_visibility: [90,100]
04-20 11:39:48.704794  7166  7166 I am_on_resume_called: [0,com.android.settings.SubSettings]
04-20 11:39:48.935703   964   987 I am_activity_launch_time: [0,135893646,com.android.settings/.SubSettings,479,479]
04-20 11:39:49.169252   231   231 I sf_frame_dur: [com.android.settings/com.android.settings.SubSettings,28,3,1,0,1,1,0]
04-20 11:39:52.525442   964   986 I am_proc_start: [0,9526,1002,com.android.bluetooth,service,com.android.bluetooth/.btservice.AdapterService]
04-20 11:39:53.026703   964   976 I am_proc_bound: [0,9526,com.android.bluetooth]
04-20 11:39:53.082354   964   981 I am_pss  : [7166,1000,com.android.settings,66122752,61285376]
04-20 11:39:54.562562   964   964 I notification_cancel: [10022,1102,com.android.systemui,2131755032,low_battery,-1,0,64,8,NULL]
04-20 11:39:54.602881   964   981 I am_pss  : [9464,10016,com.android.mms,10640384,8224768]
04-20 11:39:55.074450   964  1162 I am_proc_start: [0,9567,10057,com.google.android.apps.maps,broadcast,com.google.android.apps.maps/com.google.android.apps.gmm.iamhere.ble.StartBleServiceReceiver]
04-20 11:39:55.328777   964  8872 I am_proc_bound: [0,9567,com.google.android.apps.maps]
04-20 11:39:57.005284   964  1747 I notification_cancel_all: [1002,9526,com.android.bluetooth,0,0,64,9,NULL]
04-20 11:39:57.191588  9567  9586 I dvm_lock_sample: [com.google.android.apps.maps,0,default-pool-thread-2,208,PG,23,String.java,615,41]
04-20 11:39:57.222391   964   964 I notification_cancel: [10057,9567,com.google.android.apps.maps,10436,NULL,0,0,64,8,NULL]
04-20 11:39:57.228894   964   964 I notification_cancel: [1002,9526,com.android.bluetooth,-1000005,NULL,0,0,64,8,NULL]
04-20 11:39:57.245012   964   964 I notification_cancel: [1002,9526,com.android.bluetooth,-1000006,NULL,0,0,64,8,NULL]
04-20 11:39:58.101386   964   964 I notification_cancel: [1002,9526,com.android.bluetooth,-1000005,NULL,0,0,64,8,NULL]
04-20 11:39:58.119574   964   964 I notification_cancel: [1002,9526,com.android.bluetooth,-1000006,NULL,0,0,64,8,NULL]
04-20 11:39:58.585747   964   964 I free_storage_changed: 12109430784
04-20 11:40:00.486136   964  1927 I am_proc_died: [0,9480,com.google.android.partnersetup]
04-20 11:40:04.572076   964   964 I notification_cancel: [10022,1102,com.android.systemui,2131755032,low_battery,-1,0,64,8,NULL]
04-20 11:40:14.582882   964  1747 I battery_level: [71,3944,300]
04-20 11:40:14.772610   964   964 I notification_cancel: [10022,1102,com.android.systemui,2131755032,low_battery,-1,0,64,8,NULL]
04-20 11:40:20.907424   964   981 I am_pss  : [9526,1002,com.android.bluetooth,33800192,32288768]
04-20 11:40:20.941470   964   981 I am_pss  : [1654,10014,com.android.launcher3,28316672,24810496]
04-20 11:40:24.571238   964   964 I notification_cancel: [10022,1102,com.android.systemui,2131755032,low_battery,-1,0,64,8,NULL]
04-20 11:40:25.500000  2031  2031 I auditd  : type=1400 audit(0.0:95): avc: denied { read } for comm="GpuAppSpectator" name="cmdline" dev="proc" ino=55407 scontext=u:r:gas_srv:s0 tcontext=u:r:system_app:s0 tclass=file permissive=1
04-20 11:40:25.500000  2031  2031 I auditd  : type=1400 audit(0.0:96): avc: denied { open } for comm="GpuAppSpectator" path="/proc/7166/cmdline" dev="proc" ino=55407 scontext=u:r:gas_srv:s0 tcontext=u:r:system_app:s0 tclass=file permissive=1
04-20 11:40:25.500000  2031  2031 I auditd  : type=1400 audit(0.0:97): avc: denied { getattr } for comm="GpuAppSpectator" path="/proc/7166/cmdline" dev="proc" ino=55407 scontext=u:r:gas_srv:s0 tcontext=u:r:system_app:s0 tclass=file permissive=1
04-20 11:40:34.599155   964   964 I notification_cancel: [10022,1102,com.android.systemui,2131755032,low_battery,-1,0,64,8,NULL]
04-20 11:40:44.597278   964   964 I notification_cancel: [10022,1102,com.android.systemui,2131755032,low_battery,-1,0,64,8,NULL]
04-20 11:40:54.592756   964   964 I notification_cancel: [10022,1102,com.android.systemui,2131755032,low_battery,-1,0,64,8,NULL]
04-20 11:40:55.150000  1067  1067 I auditd  : type=1400 audit(0.0:98): avc: denied { open } for comm="PhotonicModulat" path="/sys/devices/platform/leds-mt65xx/leds/lcd-backlight/brightness" dev="sysfs" ino=11474 scontext=u:r:system_server:s0 tcontext=u:object_r:sys_lcd_brightness_file:s0 tclass=file permissive=1
04-20 11:41:00.073627   964  1001 I am_proc_start: [0,9608,1000,.info,service,com.system.ftools/.info.FoSvc2]
04-20 11:41:00.123788   964  1001 I am_proc_start: [0,9613,1000,com.system.ftools,service,com.system.ftools/.util.FoSvc]
04-20 11:41:00.213354   964   981 I am_pss  : [9567,10057,com.google.android.apps.maps,22484992,20545536]
04-20 11:41:00.350584   964  1652 I am_proc_bound: [0,9613,com.system.ftools]
04-20 11:41:00.365408   964  2089 I am_proc_bound: [0,9608,.info]
04-20 11:41:00.562583   964  1843 I am_proc_died: [0,9567,com.google.android.apps.maps]
04-20 11:41:00.567631   964  1843 I am_low_memory: 21
04-20 11:41:04.561518   964   964 I notification_cancel: [10022,1102,com.android.systemui,2131755032,low_battery,-1,0,64,8,NULL]
04-20 11:41:09.618341   964   964 I force_gc: mem
04-20 11:41:14.598201   964   964 I notification_cancel: [10022,1102,com.android.systemui,2131755032,low_battery,-1,0,64,8,NULL]
04-20 11:41:19.661714  1102  1102 I sqlite_mem_released: 0
04-20 11:41:19.672938  1102  1102 I force_gc: mem
04-20 11:41:24.588607   964   964 I notification_cancel: [10022,1102,com.android.systemui,2131755032,low_battery,-1,0,64,8,NULL]
04-20 11:41:29.671927  1483  1483 I sqlite_mem_released: 0
04-20 11:41:29.672100  1483  1483 I force_gc: mem
04-20 11:41:34.595005   964   964 I notification_cancel: [10022,1102,com.android.systemui,2131755032,low_battery,-1,0,64,8,NULL]
04-20 11:41:39.671595  1576  1576 I sqlite_mem_released: 30720
04-20 11:41:39.672101  1576  1576 I force_gc: mem
04-20 11:41:44.594227   964   964 I notification_cancel: [10022,1102,com.android.systemui,2131755032,low_battery,-1,0,64,8,NULL]
04-20 11:41:49.667696  1586  1586 I sqlite_mem_released: 0
04-20 11:41:49.667827  1586  1586 I force_gc: mem
04-20 11:41:54.592895   964   964 I notification_cancel: [10022,1102,com.android.systemui,2131755032,low_battery,-1,0,64,8,NULL]
04-20 11:41:56.661350   964   990 I power_sleep_requested: 0
04-20 11:41:56.806370   964   964 I am_pause_activity: [0,135893646,com.android.settings/.SubSettings]
04-20 11:41:56.809972  7166  7166 I sysui_view_visibility: [90,0]
04-20 11:41:56.882873  7166  7166 I am_on_paused_called: [0,com.android.settings.SubSettings]
04-20 11:41:56.888559   964   982 I am_focused_activity: [0,com.android.settings/.SubSettings]
04-20 11:41:56.904730   964   981 I am_pss  : [9608,1000,.info,7974912,6168576]
04-20 11:41:56.933821   964   981 I am_pss  : [9613,1000,com.system.ftools,7029760,5136384]
04-20 11:41:56.963462   964   981 I am_pss  : [1618,1000,com.mediatek.nlpservice,5150720,3739648]
04-20 11:41:56.992226   964   981 I am_pss  : [1602,1001,com.mediatek.ims,5354496,3907584]
04-20 11:41:57.020414   964   981 I am_pss  : [1586,1001,com.mediatek.gba,4319232,2940928]
04-20 11:41:57.058459   964   981 I am_pss  : [1576,1001,com.android.phone,18723840,16719872]
04-20 11:41:57.103504   964   981 I am_pss  : [1102,10022,com.android.systemui,46486528,42578944]
04-20 11:41:57.194083   964   981 I am_pss  : [964,1000,system,69953536,66491392]
04-20 11:41:57.250000  1067  1067 I auditd  : type=1400 audit(0.0:99): avc: denied { open } for comm="PhotonicModulat" path="/sys/devices/platform/leds-mt65xx/leds/lcd-backlight/brightness" dev="sysfs" ino=11474 scontext=u:r:system_server:s0 tcontext=u:object_r:sys_lcd_brightness_file:s0 tclass=file permissive=1
04-20 11:41:57.438014   964   964 I power_screen_state: [0,3,0,0]
04-20 11:41:57.438078   964   964 I screen_toggled: 0
04-20 11:41:57.438178   964   964 I sysui_histogram: [screen_timeout,60]
04-20 11:41:57.439632   964   964 I power_screen_broadcast_send: 1
04-20 11:41:57.651907   964   964 I power_screen_broadcast_done: [0,212,1]
04-20 11:41:58.635727   964   964 I free_storage_changed: 12107206656
04-20 11:42:01.798957   964  2089 I notification_expansion: [0|com.mediatek.security|1200|null|1000,0,0,2826958,2826958,177248]
04-20 11:42:01.876524  1102  1102 I sysui_status_bar_state: [1,1,0,0,0,1]
04-20 11:42:01.986501   231   231 I sf_frame_dur: [NavigationBar,136,3,0,1,0,1,1]
04-20 11:42:43.923976  1602  1602 I sqlite_mem_released: 0
04-20 11:42:43.924173  1602  1602 I force_gc: mem
04-20 11:43:34.844641  1618  1618 I force_gc: mem
04-20 11:44:00.215647  2236  9652 I gtalk_connection: 16974847
04-20 11:44:00.241119   964   981 I am_pss  : [9526,1002,com.android.bluetooth,33553408,32034816]
04-20 11:45:08.074867   964   982 I am_proc_start: [0,9654,10036,com.android.deskclock,broadcast,com.android.deskclock/com.android.alarmclock.DigitalAppWidgetProvider]
04-20 11:45:08.075782   964   964 I dvm_lock_sample: [system_server,1,main,41,ActivityManagerService.java,7584,BroadcastQueue.java,713,8]
04-20 11:45:08.298024   964   976 I am_proc_bound: [0,9654,com.android.deskclock]
04-20 11:45:34.180354   964  1844 I am_proc_died: [0,9613,com.system.ftools]
04-20 11:45:34.341573  2566  2566 I sqlite_mem_released: 0
04-20 11:45:34.341775  2566  2566 I force_gc: mem
04-20 11:46:24.107435  2236  2236 I sqlite_mem_released: 10240
04-20 11:46:24.107642  2236  2236 I force_gc: mem
04-20 11:47:11.232767  1529  1529 I sqlite_mem_released: 0
04-20 11:47:11.232958  1529  1529 I force_gc: mem
04-20 11:47:39.424818  1493  1493 I sqlite_mem_released: 0
04-20 11:47:39.425139  1493  1493 I force_gc: mem
04-20 11:48:26.233160  9526  9526 I sqlite_mem_released: 25600
04-20 11:48:26.253300  9526  9526 I force_gc: mem
04-20 11:48:51.442131  7166  7166 I force_gc: mem
04-20 11:49:00.249058   964   982 I am_proc_start: [0,9668,10010,com.google.android.gms,broadcast,com.google.android.gms/.checkin.EventLogService$Receiver]
04-20 11:49:00.293499   964   981 I am_pss  : [9654,10036,com.android.deskclock,7473152,5931008]
04-20 11:49:00.465933   964  1582 I am_proc_bound: [0,9668,com.google.android.gms]
04-20 11:49:01.227339   964   964 I notification_cancel: [10010,9668,com.google.android.gms,10436,NOT_LMP,0,0,64,8,NULL]
04-20 11:49:01.228885   964   964 I notification_cancel: [10010,9668,com.google.android.gms,39789,NOT_LMP,0,0,64,8,NULL]
04-20 11:49:01.523069  2236  9688 I gtalk_connection: 16974847
04-20 11:49:01.686248   964  1843 I am_proc_died: [0,9608,.info]
04-20 11:49:02.083207   964  8872 I am_proc_start: [0,9694,10010,com.google.android.gms.wearable,service,com.google.android.gms/.wearable.service.WearableService]
04-20 11:49:02.084453   964  1582 I dvm_lock_sample: [system_server,1,Binder_5,59,ActivityManagerService.java,13303,-,17116,11]
04-20 11:49:02.095232   964   964 I notification_cancel: [10010,9668,com.google.android.gms,10436,NULL,0,0,64,8,NULL]
04-20 11:49:02.179501  9668  9691 I aggregation: 1461124142179
04-20 11:49:02.331178   964  1844 I am_proc_bound: [0,9694,com.google.android.gms.wearable]
04-20 11:49:02.612856   964   964 I notification_cancel: [10010,9694,com.google.android.gms,10436,NOT_LMP,0,0,64,8,NULL]
04-20 11:49:02.613834   964   964 I notification_cancel: [10010,9694,com.google.android.gms,39789,NOT_LMP,0,0,64,8,NULL]
04-20 11:49:12.089042   964   975 I am_proc_died: [0,9654,com.android.deskclock]
04-20 11:49:12.093197   964   975 I am_low_memory: 21
04-20 11:49:40.832107   964   964 I force_gc: mem
04-20 11:50:26.849278  1102  1102 I sqlite_mem_released: 0
04-20 11:50:26.851244  1102  1102 I force_gc: mem
04-20 11:51:11.679448  1483  1483 I sqlite_mem_released: 0
04-20 11:51:11.679582  1483  1483 I force_gc: mem
04-20 11:51:31.023108  1576  1576 I sqlite_mem_released: 0
04-20 11:51:31.023282  1576  1576 I force_gc: mem
04-20 11:51:34.026094   964   964 I free_storage_changed: 12104310784
04-20 11:51:56.722629  1586  1586 I sqlite_mem_released: 0
04-20 11:51:56.722789  1586  1586 I force_gc: mem
04-20 11:52:45.844188  1602  1602 I sqlite_mem_released: 0
04-20 11:52:45.844336  1602  1602 I force_gc: mem
04-20 11:53:34.260615  1618  1618 I force_gc: mem
04-20 11:53:59.959099  2566  2566 I sqlite_mem_released: 0
04-20 11:53:59.959252  2566  2566 I force_gc: mem
04-20 11:54:48.821561  1529  1529 I sqlite_mem_released: 0
04-20 11:54:48.821726  1529  1529 I force_gc: mem
04-20 11:54:55.083814   964   981 I am_pss  : [9668,10010,com.google.android.gms,18225152,12857344]
04-20 11:54:55.122697   964   981 I am_pss  : [9694,10010,com.google.android.gms.wearable,11995136,7331840]
04-20 11:55:39.037955  2236  2236 I sqlite_mem_released: 0
04-20 11:55:39.038100  2236  2236 I force_gc: mem
04-20 11:56:25.324284  1493  1493 I sqlite_mem_released: 0
04-20 11:56:25.324426  1493  1493 I force_gc: mem
04-20 11:56:53.102841  9526  9526 I sqlite_mem_released: 0
04-20 11:56:53.102987  9526  9526 I force_gc: mem
04-20 11:57:41.077428  7166  7166 I force_gc: mem
04-20 11:58:28.017643  8816  8816 I sqlite_mem_released: 0
04-20 11:58:28.022135  8816  8816 I force_gc: mem
04-20 11:58:56.531692  5861  5861 I sqlite_mem_released: 0
04-20 11:58:56.531895  5861  5861 I force_gc: mem
04-20 11:59:03.088829  2236  9721 I gtalk_connection: 16974847
04-20 11:59:13.997201  5866  5866 I sqlite_mem_released: 0
04-20 11:59:13.997412  5866  5866 I force_gc: mem
04-20 11:59:42.710132  3413  3413 I sqlite_mem_released: 0
04-20 11:59:42.710352  3413  3413 I force_gc: mem
04-20 12:00:01.071886   964  1001 I am_proc_start: [0,9723,1000,com.system.ftools,service,com.system.ftools/.util.FoSvc]
04-20 12:00:01.117512   964   982 I am_proc_start: [0,9728,10036,com.android.deskclock,broadcast,com.android.deskclock/com.android.alarmclock.DigitalAppWidgetProvider]
04-20 12:00:01.118378   964   964 I dvm_lock_sample: [system_server,1,main,41,ActivityManagerService.java,7584,BroadcastQueue.java,713,8]
04-20 12:00:01.300690   964   975 I am_proc_bound: [0,9723,com.system.ftools]
04-20 12:00:01.341167   964  2088 I am_proc_died: [0,9694,com.google.android.gms.wearable]
04-20 12:00:01.367624   964  1927 I am_proc_bound: [0,9728,com.android.deskclock]
04-20 12:00:27.345109  9464  9464 I sqlite_mem_released: 0
04-20 12:00:27.345819  9464  9464 I force_gc: mem
04-20 12:01:22.252228  1654  1654 I sqlite_mem_released: 0
04-20 12:01:22.254036  1654  1654 I force_gc: mem
04-20 12:02:24.141126   964  1023 I netstats_mobile_sample: [0,0,0,0,0,0,0,0,0,0,0,0,-1]
04-20 12:02:24.142752   964  1023 I netstats_wifi_sample: [156067,1593,295347,9846,123363,1275,247080,2550,123363,1275,247080,2550,-1]
04-20 12:02:27.028865   964   964 I free_storage_changed: 12101693440
04-20 12:02:49.000000  2031  2031 I auditd  : type=1400 audit(0.0:100): avc: denied { read } for comm="GpuAppSpectator" name="cmdline" dev="proc" ino=55407 scontext=u:r:gas_srv:s0 tcontext=u:r:system_app:s0 tclass=file permissive=1
04-20 12:02:49.000000  2031  2031 I auditd  : type=1400 audit(0.0:101): avc: denied { open } for comm="GpuAppSpectator" path="/proc/7166/cmdline" dev="proc" ino=55407 scontext=u:r:gas_srv:s0 tcontext=u:r:system_app:s0 tclass=file permissive=1
04-20 12:02:49.000000  2031  2031 I auditd  : type=1400 audit(0.0:102): avc: denied { getattr } for comm="GpuAppSpectator" path="/proc/7166/cmdline" dev="proc" ino=55407 scontext=u:r:gas_srv:s0 tcontext=u:r:system_app:s0 tclass=file permissive=1
04-20 12:04:04.077776   964   981 I am_pss  : [9728,10036,com.android.deskclock,7418880,5914624]
04-20 12:05:16.087893   964   981 I am_pss  : [9723,1000,com.system.ftools,7247872,5750784]
04-20 12:14:33.070807   964   964 I free_storage_changed: 12099158016
04-20 12:19:02.706603  9668  9759 I aggregation: 1461125942706
04-20 12:19:02.947323   964  1001 I am_proc_start: [0,9761,1000,.info,service,com.system.ftools/.info.FoSvc2]
04-20 12:19:03.097047   964  1843 I am_proc_died: [0,9723,com.system.ftools]
04-20 12:19:03.144054   964  1652 I am_proc_bound: [0,9761,.info]
04-20 12:20:00.110985  2236  9781 I gtalk_connection: 16974847
04-20 12:25:10.089020   964   981 I am_pss  : [9761,1000,.info,8940544,7499776]
04-20 12:25:10.141994   964   981 I am_pss  : [9668,10010,com.google.android.gms,20755456,16445440]
04-20 12:27:01.090597   964  1582 I am_proc_died: [0,9728,com.android.deskclock]
04-20 12:29:24.611802   964   964 I free_storage_changed: 12096348160
04-20 12:30:09.069313   964   982 I am_proc_start: [0,9783,10036,com.android.deskclock,broadcast,com.android.deskclock/com.android.alarmclock.DigitalAppWidgetProvider]
04-20 12:30:09.275984   964  1844 I am_proc_bound: [0,9783,com.android.deskclock]
04-20 12:30:35.110891   964  2089 I am_proc_died: [0,9668,com.google.android.gms]
04-20 12:33:00.170819   964   981 I am_pss  : [9783,10036,com.android.deskclock,7514112,5906432]
04-20 12:38:34.496550   964   964 I free_storage_changed: 12093542400
04-20 12:48:56.915164   964   964 I free_storage_changed: 12090941440
04-20 12:49:03.079424   964   982 I am_proc_start: [0,9797,10010,com.google.android.gms,broadcast,com.google.android.gms/.checkin.EventLogService$Receiver]
04-20 12:49:03.269694   964   976 I am_proc_bound: [0,9797,com.google.android.gms]
04-20 12:49:03.314301   964  2088 I am_proc_died: [0,5866,org.simalliance.openmobileapi.uicc2terminal]
04-20 12:49:03.315422   964  2088 I am_schedule_service_restart: [0,org.simalliance.openmobileapi.uicc2terminal/.Uicc2Terminal,1000]
04-20 12:49:03.915819   964   964 I notification_cancel: [10010,9797,com.google.android.gms,10436,NOT_LMP,0,0,64,8,NULL]
04-20 12:49:03.917331   964   964 I notification_cancel: [10010,9797,com.google.android.gms,39789,NOT_LMP,0,0,64,8,NULL]
04-20 12:49:04.305206   964  1652 I am_proc_died: [0,8816,org.simalliance.openmobileapi.service:remote]
04-20 12:49:04.316640   964  1652 I am_schedule_service_restart: [0,org.simalliance.openmobileapi.service/.SmartcardService,1000]
04-20 12:49:04.568677   964   964 I notification_cancel: [10010,9797,com.google.android.gms,10436,NULL,0,0,64,8,NULL]
