04-20 15:40:47.719427   231   231 I sf_frame_dur: [com.mediatek.mtklogger/com.mediatek.mtklogger.LogFolderListActivity,7,2,0,0,1,1,0]
04-20 15:40:47.923797   964   979 I am_finish_activity: [0,182033133,55,com.mediatek.mtklogger/.LogFolderListActivity,app-request]
04-20 15:40:47.925902   964   979 I am_home_stack_moved: [0,0,10,10,finishActivity adjustFocus setFocusedActivity]
04-20 15:40:47.926158   964   979 I wm_task_moved: [55,1,1]
04-20 15:40:47.937125   964   979 I am_focused_activity: [0,com.mediatek.mtklogger/.MainActivity]
04-20 15:40:47.939079   964   979 I am_pause_activity: [0,182033133,com.mediatek.mtklogger/.LogFolderListActivity]
04-20 15:40:47.975026 12140 12140 I am_on_paused_called: [0,com.mediatek.mtklogger.LogFolderListActivity]
04-20 15:40:47.997966   964  1652 I am_resume_activity: [0,92507433,55,com.mediatek.mtklogger/.MainActivity]
04-20 15:40:48.031442 12140 12140 I am_on_resume_called: [0,com.mediatek.mtklogger.MainActivity]
04-20 15:40:48.190685   231   231 I sf_frame_dur: [Clearing log,3,1,0,0,0,0,0]
04-20 15:40:48.487457   964   982 I am_destroy_activity: [0,182033133,55,com.mediatek.mtklogger/.LogFolderListActivity,finish-imm]
04-20 15:40:48.499844   231   231 I sf_frame_dur: [com.mediatek.mtklogger/com.mediatek.mtklogger.LogFolderListActivity,10,2,1,0,0,1,2]
04-20 15:40:49.254353  1102  1102 I sysui_panelholder_touch: [0,241,5]
04-20 15:40:49.257395  1102  1102 I sysui_count: [panel_open,1]
04-20 15:40:49.260618  1102  1102 I sysui_histogram: [note_load,3]
04-20 15:40:49.261177   964   979 I notification_panel_revealed: 3
04-20 15:40:49.265011   964  1162 I notification_visibility: [0|com.mediatek.security|1200|null|1000,1,5546718,5546718,0,0]
04-20 15:40:49.816372   964  8872 I notification_visibility: [-1|android|17040348|null|1000,1,244630,244630,0,2]
04-20 15:40:49.816727   964  8872 I notification_visibility: [-1|android|17040353|null|1000,1,249105,249105,0,1]
04-20 15:40:51.668054   964   964 I notification_cancel: [10022,1102,com.android.systemui,2131755032,low_battery,-1,0,64,8,NULL]
04-20 15:40:53.955170   964  2088 I notification_visibility: [0|com.mediatek.security|1200|null|1000,0,5551409,5551409,0,0]
04-20 15:40:53.955466   964  2088 I notification_visibility: [-1|android|17040348|null|1000,0,248769,248769,0,2]
04-20 15:40:53.955691   964  2088 I notification_visibility: [-1|android|17040353|null|1000,0,253244,253244,0,1]
04-20 15:40:53.956082   964  1670 I am_home_stack_moved: [0,0,10,10,startingNewTask]
04-20 15:40:53.956261   964  1670 I wm_task_moved: [55,1,1]
04-20 15:40:53.956587   964  1582 I notification_panel_hidden: []
04-20 15:40:53.962607   964  1670 I am_create_task: [0,57]
04-20 15:40:53.963208   964  1670 I am_create_activity: [0,125962713,57,com.android.settings/.deviceinfo.UsbModeChooserActivity,android.intent.action.MAIN,NULL,NULL,276856832]
04-20 15:40:53.969917   964  1670 I wm_task_created: [57,10]
04-20 15:40:53.970095   964  1670 I wm_task_moved: [57,1,2]
04-20 15:40:54.020230   964  1670 I am_pause_activity: [0,92507433,com.mediatek.mtklogger/.MainActivity]
04-20 15:40:54.033904   964  1670 I am_home_stack_moved: [0,0,10,10,startedActivity setFocusedActivity]
04-20 15:40:54.034426   964  1670 I wm_task_moved: [57,1,2]
04-20 15:40:54.052562   964  1670 I am_focused_activity: [0,com.android.settings/.deviceinfo.UsbModeChooserActivity]
04-20 15:40:54.056444 12140 12140 I am_on_paused_called: [0,com.mediatek.mtklogger.MainActivity]
04-20 15:40:54.057601   964  1652 I notification_clicked: [-1|android|17040348|null|1000,248871,248871,4241]
04-20 15:40:54.058441   964   964 I notification_cancel: [10022,1102,android,17040348,NULL,-1,16,64,1,NULL]
04-20 15:40:54.058611   964   964 I sysui_histogram: [note_click_longevity,4]
04-20 15:40:54.101072   964  8872 I am_proc_start: [0,12837,1000,com.android.settings,activity,com.android.settings/.deviceinfo.UsbModeChooserActivity]
04-20 15:40:54.323423   964  1747 I am_proc_bound: [0,12837,com.android.settings]
04-20 15:40:54.335479   964  1747 I am_restart_activity: [0,125962713,57,com.android.settings/.deviceinfo.UsbModeChooserActivity]
04-20 15:40:54.610000  2031  2031 I auditd  : type=1400 audit(0.0:191): avc: denied { read } for comm="GpuAppSpectator" name="cmdline" dev="proc" ino=93036 scontext=u:r:gas_srv:s0 tcontext=u:r:system_app:s0 tclass=file permissive=1
04-20 15:40:54.610000  2031  2031 I auditd  : type=1400 audit(0.0:192): avc: denied { open } for comm="GpuAppSpectator" path="/proc/12837/cmdline" dev="proc" ino=93036 scontext=u:r:gas_srv:s0 tcontext=u:r:system_app:s0 tclass=file permissive=1
04-20 15:40:54.610000  2031  2031 I auditd  : type=1400 audit(0.0:193): avc: denied { getattr } for comm="GpuAppSpectator" path="/proc/12837/cmdline" dev="proc" ino=93036 scontext=u:r:gas_srv:s0 tcontext=u:r:system_app:s0 tclass=file permissive=1
04-20 15:40:54.712150   964  1747 I force_gc: Binder
04-20 15:40:54.915968 12837 12837 I am_on_resume_called: [0,com.android.settings.deviceinfo.UsbModeChooserActivity]
04-20 15:40:55.281010   964   987 I am_activity_launch_time: [0,125962713,com.android.settings/.deviceinfo.UsbModeChooserActivity,1222,1222]
04-20 15:40:57.213412   964   975 I am_finish_activity: [0,125962713,57,com.android.settings/.deviceinfo.UsbModeChooserActivity,app-request]
04-20 15:40:57.216394   964   975 I am_home_stack_moved: [0,0,10,10,finishActivity adjustFocus setFocusedActivity]
04-20 15:40:57.219452   964   975 I wm_task_moved: [57,1,2]
04-20 15:40:57.226183   964   975 I am_focused_activity: [0,com.mediatek.mtklogger/.MainActivity]
04-20 15:40:57.254726   964   975 I am_pause_activity: [0,125962713,com.android.settings/.deviceinfo.UsbModeChooserActivity]
04-20 15:40:57.261941 12837 12837 I am_on_paused_called: [0,com.android.settings.deviceinfo.UsbModeChooserActivity]
04-20 15:40:57.276807   964   979 I am_resume_activity: [0,92507433,55,com.mediatek.mtklogger/.MainActivity]
04-20 15:40:57.327596 12140 12140 I am_on_resume_called: [0,com.mediatek.mtklogger.MainActivity]
04-20 15:40:57.409741   231   231 I sf_frame_dur: [com.android.settings/com.android.settings.deviceinfo.UsbModeChooserActivity,9,1,1,1,0,0,1]
04-20 15:40:57.460446   964  2088 I am_destroy_activity: [0,125962713,57,com.android.settings/.deviceinfo.UsbModeChooserActivity,finish-imm]
04-20 15:40:57.530502   964   987 I wm_task_removed: [57,removeAppToken: last token]
04-20 15:40:57.530612   964   987 I wm_task_removed: [57,removeTask]
04-20 15:41:00.522831   964   964 I free_storage_changed: 12437061632
04-20 15:41:01.705563   964   964 I notification_cancel: [10022,1102,com.android.systemui,2131755032,low_battery,-1,0,64,8,NULL]
04-20 15:41:01.886324   964  2088 I am_proc_died: [0,12837,com.android.settings]
04-20 15:41:02.465499   231   231 I sf_frame_dur: [Starting logs,38,4,0,0,1,0,0]
04-20 15:41:03.175209   964   964 I notification_enqueue: [10056,12140,com.mediatek.mtklogger,2130837539,NULL,0,Notification(pri=0 contentView=com.mediatek.mtklogger/0x1090085 vibrate=null sound=null tick defaults=0x0 flags=0x60 color=0x00000000 vis=PRIVATE),0]
04-20 15:41:03.260629   964  8871 I notification_expansion: [0|com.mediatek.mtklogger|2130837539|null|10056,0,1,88,88,0]
04-20 15:41:03.262130   964  1162 I notification_expansion: [0|com.mediatek.security|1200|null|1000,0,0,5560716,5560716,13998]
04-20 15:41:07.813408   964  1747 I am_finish_activity: [0,92507433,55,com.mediatek.mtklogger/.MainActivity,app-request]
04-20 15:41:07.816071   964  1747 I am_home_stack_moved: [0,0,10,10,finishActivity adjustFocus setFocusedActivity]
04-20 15:41:07.817692   964  1747 I wm_task_moved: [55,1,1]
04-20 15:41:07.825962   964  1747 I am_focused_activity: [0,com.android.settings/.SubSettings]
04-20 15:41:07.861212   964  1747 I am_pause_activity: [0,92507433,com.mediatek.mtklogger/.MainActivity]
04-20 15:41:07.873965 12140 12140 I am_on_paused_called: [0,com.mediatek.mtklogger.MainActivity]
04-20 15:41:07.920929   964  8872 I am_proc_start: [0,12919,1000,com.android.settings,activity,com.android.settings/.SubSettings]
04-20 15:41:08.116028   964   976 I am_proc_bound: [0,12919,com.android.settings]
04-20 15:41:08.126584   964   976 I am_restart_activity: [0,84175906,54,com.android.settings/.SubSettings]
04-20 15:41:08.660000  2031  2031 I auditd  : type=1400 audit(0.0:194): avc: denied { read } for comm="GpuAppSpectator" name="cmdline" dev="proc" ino=93128 scontext=u:r:gas_srv:s0 tcontext=u:r:system_app:s0 tclass=file permissive=1
04-20 15:41:08.660000  2031  2031 I auditd  : type=1400 audit(0.0:195): avc: denied { open } for comm="GpuAppSpectator" path="/proc/12919/cmdline" dev="proc" ino=93128 scontext=u:r:gas_srv:s0 tcontext=u:r:system_app:s0 tclass=file permissive=1
04-20 15:41:08.660000  2031  2031 I auditd  : type=1400 audit(0.0:196): avc: denied { getattr } for comm="GpuAppSpectator" path="/proc/12919/cmdline" dev="proc" ino=93128 scontext=u:r:gas_srv:s0 tcontext=u:r:system_app:s0 tclass=file permissive=1
04-20 15:41:08.920232   231   231 I sf_frame_dur: [com.mediatek.mtklogger/com.mediatek.mtklogger.MainActivity,1,1,2,0,0,4,3]
04-20 15:41:09.188201 12919 12919 I sysui_view_visibility: [90,100]
04-20 15:41:09.188551 12919 12919 I am_on_resume_called: [0,com.android.settings.SubSettings]
04-20 15:41:09.773584   964   987 I am_activity_launch_time: [0,84175906,com.android.settings/.SubSettings,1895,1895]
04-20 15:41:09.921268   964  1844 I am_destroy_activity: [0,92507433,55,com.mediatek.mtklogger/.MainActivity,finish-imm]
04-20 15:41:09.996000   964   981 I am_pss  : [12739,10007,android.process.media,11860992,9998336]
04-20 15:41:10.163532   964   975 I wm_task_removed: [55,removeAppToken: last token]
04-20 15:41:10.163869   964   975 I wm_task_removed: [55,removeTask]
04-20 15:41:11.646962   964   964 I notification_cancel: [10022,1102,com.android.systemui,2131755032,low_battery,-1,0,64,8,NULL]
04-20 15:41:14.325423   964  1023 I netstats_mobile_sample: [0,0,0,0,0,0,0,0,0,0,0,0,-1]
04-20 15:41:14.326695   964  1023 I netstats_wifi_sample: [156067,1593,295347,9846,123363,1275,247080,2550,123363,1275,247080,2550,-1]
04-20 15:41:14.491380   964   964 I notification_cancel: [1000,964,android,17040348,NULL,-1,0,0,8,NULL]
04-20 15:41:14.492594   964   964 I notification_canceled: [-1|android|17040348|null|1000,8,269306,269306,24676]
04-20 15:41:14.503752   964   964 I notification_enqueue: [1000,964,android,17040347,NULL,-1,Notification(pri=-2 contentView=null vibrate=null sound=null tick defaults=0x0 flags=0x2 color=0xff607d8b vis=PUBLIC),0]
04-20 15:41:14.582160   964  1582 I dvm_lock_sample: [system_server,1,Binder_5,5,ActivityManagerService.java,21884,-,20875,1]
04-20 15:41:14.680000  2031  2031 I auditd  : type=1400 audit(0.0:197): avc: denied { read } for comm="GpuAppSpectator" name="cmdline" dev="proc" ino=93128 scontext=u:r:gas_srv:s0 tcontext=u:r:system_app:s0 tclass=file permissive=1
04-20 15:41:14.680000  2031  2031 I auditd  : type=1400 audit(0.0:198): avc: denied { open } for comm="GpuAppSpectator" path="/proc/12919/cmdline" dev="proc" ino=93128 scontext=u:r:gas_srv:s0 tcontext=u:r:system_app:s0 tclass=file permissive=1
04-20 15:41:14.680000  2031  2031 I auditd  : type=1400 audit(0.0:199): avc: denied { getattr } for comm="GpuAppSpectator" path="/proc/12919/cmdline" dev="proc" ino=93128 scontext=u:r:gas_srv:s0 tcontext=u:r:system_app:s0 tclass=file permissive=1
04-20 15:41:14.867847   964  1023 I netstats_mobile_sample: [0,0,0,0,0,0,0,0,0,0,0,0,-1]
04-20 15:41:14.868962   964  1023 I netstats_wifi_sample: [156067,1593,295347,9846,123363,1275,247080,2550,123363,1275,247080,2550,-1]
04-20 15:41:15.093771   964   964 I notification_enqueue: [1000,964,android,17303171,NULL,-1,Notification(pri=0 contentView=null vibrate=null sound=null defaults=0x0 flags=0x2 color=0xff607d8b category=status vis=PUBLIC),0]
04-20 15:41:15.158260   964  1023 I netstats_mobile_sample: [0,0,0,0,0,0,0,0,0,0,0,0,-1]
04-20 15:41:15.166754   964  1023 I netstats_wifi_sample: [156067,1593,295347,9846,123363,1275,247080,2550,123363,1275,247080,2550,-1]
04-20 15:41:15.240742   964  2089 I notification_expansion: [-1|android|17303171|null|1000,0,1,147,147,0]
04-20 15:41:15.242162   964  1582 I notification_expansion: [0|com.mediatek.mtklogger|2130837539|null|10056,0,0,12070,12070,0]
04-20 15:41:15.403422   964   964 I notification_cancel: [10022,1102,com.android.systemui,2131755032,low_battery,-1,0,64,8,NULL]
04-20 15:41:16.565375   964   964 I notification_cancel: [10022,1102,com.android.systemui,2131755032,low_battery,-1,0,64,8,NULL]
04-20 15:41:22.953825   964  2089 I battery_status: [4,2,1,0,Li-ion]
04-20 15:41:23.053616   964   964 I notification_cancel: [10022,1102,com.android.systemui,2131755032,low_battery,-1,0,64,8,NULL]
04-20 15:41:23.063392   964   976 I battery_level: [82,3988,300]
04-20 15:41:23.083942   964   964 I notification_cancel: [10022,1102,com.android.systemui,2131755032,low_battery,-1,0,64,8,NULL]
04-20 15:41:23.181422   964   981 I am_pss  : [12919,1000,com.android.settings,38917120,35492864]
04-20 15:41:23.222624   964  2089 I am_proc_start: [0,12976,1000,com.fw.upgrade.sysoper,broadcast,com.fw.upgrade.sysoper/com.adups.fota.sysoper.TaskReceiver]
04-20 15:41:23.412261   964  8871 I am_proc_bound: [0,12976,com.fw.upgrade.sysoper]
04-20 15:41:23.661954   964  1844 I am_proc_died: [0,12976,com.fw.upgrade.sysoper]
04-20 15:41:23.949867   964   964 I notification_cancel: [1000,964,android,17040347,NULL,-1,0,0,8,NULL]
04-20 15:41:23.951202   964   964 I notification_canceled: [-1|android|17040347|null|1000,8,9448,9448,0]
04-20 15:41:23.951858   964   964 I notification_cancel: [1000,964,android,17040353,NULL,-1,0,0,8,NULL]
04-20 15:41:23.952878   964   964 I notification_canceled: [-1|android|17040353|null|1000,8,283241,283241,34136]
04-20 15:41:25.090107  1102  1102 I sysui_panelholder_touch: [0,215,0]
04-20 15:41:25.094496  1102  1102 I sysui_count: [panel_open,1]
04-20 15:41:25.100404  1102  1102 I sysui_histogram: [note_load,3]
04-20 15:41:25.101080   964   976 I notification_panel_revealed: 3
04-20 15:41:25.105723   964   975 I notification_visibility: [-1|android|17303171|null|1000,1,10012,10012,0,0]
04-20 15:41:25.606788   964  1582 I notification_visibility: [0|com.mediatek.security|1200|null|1000,1,5583060,5583060,0,2]
04-20 15:41:25.607245   964  1582 I notification_visibility: [0|com.mediatek.mtklogger|2130837539|null|10056,1,22435,22435,0,1]
04-20 15:41:27.190749   964  1844 I notification_visibility: [0|com.mediatek.security|1200|null|1000,0,5584644,5584644,0,2]
04-20 15:41:27.191125   964  1844 I notification_visibility: [-1|android|17303171|null|1000,0,12098,12098,0,0]
04-20 15:41:27.191539   964  1844 I notification_visibility: [0|com.mediatek.mtklogger|2130837539|null|10056,0,24019,24019,0,1]
04-20 15:41:27.194287   964  1670 I am_home_stack_moved: [0,0,10,10,startingNewTask]
04-20 15:41:27.194517   964  1670 I wm_task_moved: [54,1,0]
04-20 15:41:27.197498   964  1663 I notification_panel_hidden: []
04-20 15:41:27.200497   964  1670 I am_create_task: [0,58]
04-20 15:41:27.201745   964  1670 I am_create_activity: [0,206178079,58,com.mediatek.mtklogger/.MainActivity,NULL,NULL,NULL,268435456]
04-20 15:41:27.215815   964  1670 I wm_task_created: [58,10]
04-20 15:41:27.216045   964  1670 I wm_task_moved: [58,1,1]
04-20 15:41:27.280405   964  1670 I am_pause_activity: [0,84175906,com.android.settings/.SubSettings]
04-20 15:41:27.284984 12919 12919 I sysui_view_visibility: [90,0]
04-20 15:41:27.304951   964  1670 I am_home_stack_moved: [0,0,10,10,startedActivity setFocusedActivity]
04-20 15:41:27.305190   964  1670 I wm_task_moved: [58,1,1]
04-20 15:41:27.320757   964  1670 I am_focused_activity: [0,com.mediatek.mtklogger/.MainActivity]
04-20 15:41:27.327820 12919 12919 I am_on_paused_called: [0,com.android.settings.SubSettings]
04-20 15:41:27.330224   964  1670 I notification_clicked: [0|com.mediatek.mtklogger|2130837539|null|10056,24158,24158,1723]
04-20 15:41:27.332152   964   964 I notification_cancel: [10022,1102,com.mediatek.mtklogger,2130837539,NULL,0,16,64,1,NULL]
04-20 15:41:27.332353   964   964 I sysui_histogram: [note_click_longevity,0]
04-20 15:41:27.346672   964  1747 I am_restart_activity: [0,206178079,58,com.mediatek.mtklogger/.MainActivity]
04-20 15:41:27.663635 12140 12140 I am_on_resume_called: [0,com.mediatek.mtklogger.MainActivity]
04-20 15:41:28.011819   964   987 I am_activity_launch_time: [0,206178079,com.mediatek.mtklogger/.MainActivity,680,680]
04-20 15:41:28.108320   231   231 I sf_frame_dur: [com.android.settings/com.android.settings.SubSettings,116,1,2,1,2,1,3]
04-20 15:41:30.528972   964   964 I free_storage_changed: 12424552448
