04-20 14:06:34.387134   964   964 I notification_cancel: [10022,1102,com.android.systemui,2131755032,low_battery,-1,0,64,8,NULL]
04-20 14:06:44.381689   964   964 I notification_cancel: [10022,1102,com.android.systemui,2131755032,low_battery,-1,0,64,8,NULL]
04-20 14:06:54.369302   964   964 I notification_cancel: [10022,1102,com.android.systemui,2131755032,low_battery,-1,0,64,8,NULL]
04-20 14:07:04.370343   964   964 I notification_cancel: [10022,1102,com.android.systemui,2131755032,low_battery,-1,0,64,8,NULL]
04-20 14:07:14.380121   964   964 I notification_cancel: [10022,1102,com.android.systemui,2131755032,low_battery,-1,0,64,8,NULL]
04-20 14:07:24.371704   964   964 I notification_cancel: [10022,1102,com.android.systemui,2131755032,low_battery,-1,0,64,8,NULL]
04-20 14:07:28.560000  2031  2031 I auditd  : type=1400 audit(0.0:118): avc: denied { read } for comm="GpuAppSpectator" name="cmdline" dev="proc" ino=55407 scontext=u:r:gas_srv:s0 tcontext=u:r:system_app:s0 tclass=file permissive=1
04-20 14:07:28.560000  2031  2031 I auditd  : type=1400 audit(0.0:119): avc: denied { open } for comm="GpuAppSpectator" path="/proc/7166/cmdline" dev="proc" ino=55407 scontext=u:r:gas_srv:s0 tcontext=u:r:system_app:s0 tclass=file permissive=1
04-20 14:07:28.560000  2031  2031 I auditd  : type=1400 audit(0.0:120): avc: denied { getattr } for comm="GpuAppSpectator" path="/proc/7166/cmdline" dev="proc" ino=55407 scontext=u:r:gas_srv:s0 tcontext=u:r:system_app:s0 tclass=file permissive=1
04-20 14:07:34.368406   964   964 I notification_cancel: [10022,1102,com.android.systemui,2131755032,low_battery,-1,0,64,8,NULL]
04-20 14:07:39.520847   964   964 I power_screen_state: [1,0,0,0]
04-20 14:07:39.520991   964   964 I screen_toggled: 1
04-20 14:07:39.521951   964   964 I power_screen_broadcast_send: 1
04-20 14:07:39.527409  1102  1102 I sysui_histogram: [note_load,5]
04-20 14:07:39.528708   964  1652 I notification_panel_revealed: 5
04-20 14:07:39.534568   964  2089 I notification_visibility: [0|com.mediatek.security|1200|null|1000,1,11564694,11564694,0,1]
04-20 14:07:39.534911   964  2089 I notification_visibility: [-1|android|17303171|null|1000,1,276934,276934,0,0]
04-20 14:07:39.535262   964  2089 I notification_visibility: [0|com.mediatek.mtklogger|2130837539|null|10056,1,36275118,36275118,0,2]
04-20 14:07:39.964562   231   231 I sf_frame_dur: [ColorFade,29,0,0,0,0,0,1]
04-20 14:07:40.105326   964   964 I power_screen_broadcast_done: [1,583,1]
04-20 14:07:42.181661  1102  1102 I sysui_lockscreen_gesture: [1,325,2369]
04-20 14:07:42.294604   964  1582 I notification_visibility: [0|com.mediatek.security|1200|null|1000,0,11567454,11567454,0,1]
04-20 14:07:42.294919   964  1582 I notification_visibility: [-1|android|17303171|null|1000,0,279694,279694,0,0]
04-20 14:07:42.295255   964  1582 I notification_visibility: [0|com.mediatek.mtklogger|2130837539|null|10056,0,36277878,36277878,0,2]
04-20 14:07:42.296148   964  2088 I notification_panel_hidden: []
04-20 14:07:42.301904  1102  1102 I screen_toggled: 2
04-20 14:07:42.304667  1102  1102 I screen_toggled: 2
04-20 14:07:42.331037   964  1652 I am_resume_activity: [0,246732110,39,com.android.settings/.SubSettings]
04-20 14:07:42.401817   964  1663 I notification_expansion: [-1|android|17303171|null|1000,0,1,279801,279801,2867]
04-20 14:07:42.417137  1102  1102 I sysui_status_bar_state: [0,0,0,0,0,1]
04-20 14:07:42.536745  7166  7166 I sysui_view_visibility: [90,100]
04-20 14:07:42.537110  7166  7166 I am_on_resume_called: [0,com.android.settings.SubSettings]
04-20 14:07:43.935339   964  8871 I am_finish_activity: [0,246732110,39,com.android.settings/.SubSettings,app-request]
04-20 14:07:43.938108   964  8871 I am_home_stack_moved: [0,0,3,3,finishActivity adjustFocus setFocusedActivity]
04-20 14:07:43.938380   964  8871 I wm_task_moved: [39,1,0]
04-20 14:07:43.945068   964  8871 I am_focused_activity: [0,com.android.settings/.SubSettings]
04-20 14:07:43.946531   964  8871 I am_pause_activity: [0,246732110,com.android.settings/.SubSettings]
04-20 14:07:43.952286  7166  7166 I sysui_view_visibility: [90,0]
04-20 14:07:43.958609  7166  7166 I am_on_paused_called: [0,com.android.settings.SubSettings]
04-20 14:07:43.967646   964  1843 I am_resume_activity: [0,237652661,39,com.android.settings/.SubSettings]
04-20 14:07:44.001377  7166  7166 I sysui_view_visibility: [110,100]
04-20 14:07:44.042215  7166  7166 I am_on_resume_called: [0,com.android.settings.SubSettings]
04-20 14:07:44.370493   964   964 I notification_cancel: [10022,1102,com.android.systemui,2131755032,low_battery,-1,0,64,8,NULL]
04-20 14:07:44.426024   964   982 I am_destroy_activity: [0,246732110,39,com.android.settings/.SubSettings,finish-imm]
04-20 14:07:44.436201   231   231 I sf_frame_dur: [com.android.settings/com.android.settings.SubSettings,87,4,3,1,0,0,3]
04-20 14:07:45.465212   964   976 I am_finish_activity: [0,237652661,39,com.android.settings/.SubSettings,app-request]
04-20 14:07:45.468958   964   976 I am_home_stack_moved: [0,0,3,3,finishActivity adjustFocus setFocusedActivity]
04-20 14:07:45.469265   964   976 I wm_task_moved: [39,1,0]
04-20 14:07:45.480574   964   976 I am_focused_activity: [0,com.android.settings/.Settings]
04-20 14:07:45.483575   964   976 I am_pause_activity: [0,237652661,com.android.settings/.SubSettings]
04-20 14:07:45.488679  7166  7166 I sysui_view_visibility: [110,0]
04-20 14:07:45.504608  7166  7166 I am_on_paused_called: [0,com.android.settings.SubSettings]
04-20 14:07:45.513481   964  1670 I am_resume_activity: [0,171533586,39,com.android.settings/.Settings]
04-20 14:07:45.523260  7166  7166 I sysui_view_visibility: [1,100]
04-20 14:07:45.549286  7166  7166 I sysui_view_visibility: [35,100]
04-20 14:07:45.551756  7166  7166 I am_on_resume_called: [0,com.android.settings.Settings]
04-20 14:07:46.212999   964   982 I am_destroy_activity: [0,237652661,39,com.android.settings/.SubSettings,finish-imm]
04-20 14:07:46.224304   231   231 I sf_frame_dur: [com.android.settings/com.android.settings.SubSettings,1,0,1,0,0,0,0]
04-20 14:07:50.829083   964  8872 I am_home_stack_moved: [0,0,3,3,sourceStackToFront]
04-20 14:07:50.830870   964  8872 I wm_task_moved: [39,1,0]
04-20 14:07:50.836566   964  8872 I am_create_activity: [0,70045187,39,com.android.settings/.SubSettings,android.intent.action.MAIN,NULL,NULL,0]
04-20 14:07:50.840939   964  8872 I am_pause_activity: [0,171533586,com.android.settings/.Settings]
04-20 14:07:50.846260   964  8872 I am_home_stack_moved: [0,0,3,3,startedActivity setFocusedActivity]
04-20 14:07:50.846453   964  8872 I wm_task_moved: [39,1,0]
04-20 14:07:50.854574   964  8872 I am_focused_activity: [0,com.android.settings/.SubSettings]
04-20 14:07:50.858955  7166  7166 I sysui_view_visibility: [35,0]
04-20 14:07:50.860285  7166  7166 I sysui_view_visibility: [1,0]
04-20 14:07:50.865343  7166  7166 I am_on_paused_called: [0,com.android.settings.Settings]
04-20 14:07:50.872960   964  1663 I am_restart_activity: [0,70045187,39,com.android.settings/.SubSettings]
04-20 14:07:51.072560  7166  7166 I sysui_view_visibility: [57,100]
04-20 14:07:51.293481   964  1663 I am_proc_start: [0,10140,10003,android.process.acore,content provider,com.android.providers.userdictionary/.UserDictionaryProvider]
04-20 14:07:51.520172   964  1670 I am_proc_bound: [0,10140,android.process.acore]
04-20 14:07:52.480639  7166  7166 I am_on_resume_called: [0,com.android.settings.SubSettings]
04-20 14:07:52.768755   964   987 I am_activity_launch_time: [0,70045187,com.android.settings/.SubSettings,1901,1901]
04-20 14:07:53.004000   231   231 I sf_frame_dur: [com.android.settings/com.android.settings.Settings,123,2,0,0,2,0,1]
04-20 14:07:53.697865   964  1652 I am_home_stack_moved: [0,0,3,3,sourceStackToFront]
04-20 14:07:53.698057   964  1652 I wm_task_moved: [39,1,0]
04-20 14:07:53.702182   964  1652 I am_create_activity: [0,21540202,39,com.android.settings/.SubSettings,android.intent.action.MAIN,NULL,NULL,0]
04-20 14:07:53.704512   964  1652 I am_pause_activity: [0,70045187,com.android.settings/.SubSettings]
04-20 14:07:53.711301   964  1652 I am_home_stack_moved: [0,0,3,3,startedActivity setFocusedActivity]
04-20 14:07:53.711509   964  1652 I wm_task_moved: [39,1,0]
04-20 14:07:53.719166   964  1652 I am_focused_activity: [0,com.android.settings/.SubSettings]
04-20 14:07:53.725725  7166  7166 I sysui_view_visibility: [57,0]
04-20 14:07:53.751844  7166  7166 I am_on_paused_called: [0,com.android.settings.SubSettings]
04-20 14:07:53.759683   964  2089 I am_restart_activity: [0,21540202,39,com.android.settings/.SubSettings]
04-20 14:07:53.911028  7166  7166 I am_on_resume_called: [0,com.android.settings.SubSettings]
04-20 14:07:54.117204   964   987 I am_activity_launch_time: [0,21540202,com.android.settings/.SubSettings,363,363]
04-20 14:07:54.341908   964   964 I notification_cancel: [10022,1102,com.android.systemui,2131755032,low_battery,-1,0,64,8,NULL]
04-20 14:07:54.357354   231   231 I sf_frame_dur: [com.android.settings/com.android.settings.SubSettings,27,3,0,0,0,1,0]
04-20 14:07:57.663661   964   964 I free_storage_changed: 12063010816
04-20 14:08:00.592870   964   976 I am_proc_died: [0,10099,android.process.media]
04-20 14:08:04.346951   964   964 I notification_cancel: [10022,1102,com.android.systemui,2131755032,low_battery,-1,0,64,8,NULL]
04-20 14:08:05.549166   964  1670 I am_finish_activity: [0,21540202,39,com.android.settings/.SubSettings,app-request]
04-20 14:08:05.552696   964  1670 I am_home_stack_moved: [0,0,3,3,finishActivity adjustFocus setFocusedActivity]
04-20 14:08:05.553000   964  1670 I wm_task_moved: [39,1,0]
04-20 14:08:05.563666   964  1670 I am_focused_activity: [0,com.android.settings/.SubSettings]
04-20 14:08:05.566138   964  1670 I am_pause_activity: [0,21540202,com.android.settings/.SubSettings]
04-20 14:08:05.575012   964  1844 I configuration_changed: 8196
04-20 14:08:05.600284   964  1844 I am_relaunch_activity: [0,70045187,39,com.android.settings/.SubSettings]
04-20 14:08:05.610000   241   241 I auditd  : type=1400 audit(0.0:121): avc: granted { read write } for comm="vold" name="mmcblk0p20" dev="tmpfs" ino=164 scontext=u:r:vold:s0 tcontext=u:object_r:block_device:s0 tclass=blk_file
04-20 14:08:05.610000   241   241 I auditd  : type=1400 audit(0.0:122): avc: granted { read write open } for comm="vold" path="/dev/block/mmcblk0p20" dev="tmpfs" ino=164 scontext=u:r:vold:s0 tcontext=u:object_r:block_device:s0 tclass=blk_file
04-20 14:08:05.610000   241   241 I auditd  : type=1400 audit(0.0:123): avc: granted { getattr } for comm="vold" path="/dev/block/mmcblk0p20" dev="tmpfs" ino=164 scontext=u:r:vold:s0 tcontext=u:object_r:block_device:s0 tclass=blk_file
04-20 14:08:05.620000   241   241 I auditd  : type=1400 audit(0.0:124): avc: granted { read write } for comm="vold" name="mmcblk0p20" dev="tmpfs" ino=164 scontext=u:r:vold:s0 tcontext=u:object_r:block_device:s0 tclass=blk_file
04-20 14:08:05.620000   241   241 I auditd  : type=1400 audit(0.0:125): avc: granted { read write open } for comm="vold" path="/dev/block/mmcblk0p20" dev="tmpfs" ino=164 scontext=u:r:vold:s0 tcontext=u:object_r:block_device:s0 tclass=blk_file
04-20 14:08:05.620000   241   241 I auditd  : type=1400 audit(0.0:126): avc: granted { getattr } for comm="vold" path="/dev/block/mmcblk0p20" dev="tmpfs" ino=164 scontext=u:r:vold:s0 tcontext=u:object_r:block_device:s0 tclass=blk_file
04-20 14:08:05.620000   241   241 I auditd  : type=1400 audit(0.0:127): avc: granted { read write } for comm="vold" name="mmcblk0p20" dev="tmpfs" ino=164 scontext=u:r:vold:s0 tcontext=u:object_r:block_device:s0 tclass=blk_file
04-20 14:08:05.620000   241   241 I auditd  : type=1400 audit(0.0:128): avc: granted { read write open } for comm="vold" path="/dev/block/mmcblk0p20" dev="tmpfs" ino=164 scontext=u:r:vold:s0 tcontext=u:object_r:block_device:s0 tclass=blk_file
04-20 14:08:05.620000   241   241 I auditd  : type=1400 audit(0.0:129): avc: granted { getattr } for comm="vold" path="/dev/block/mmcblk0p20" dev="tmpfs" ino=164 scontext=u:r:vold:s0 tcontext=u:object_r:block_device:s0 tclass=blk_file
04-20 14:08:05.630000   241   241 I auditd  : type=1400 audit(0.0:130): avc: granted { read write } for comm="vold" name="mmcblk0p20" dev="tmpfs" ino=164 scontext=u:r:vold:s0 tcontext=u:object_r:block_device:s0 tclass=blk_file
04-20 14:08:05.630000   241   241 I auditd  : type=1400 audit(0.0:131): avc: granted { read write open } for comm="vold" path="/dev/block/mmcblk0p20" dev="tmpfs" ino=164 scontext=u:r:vold:s0 tcontext=u:object_r:block_device:s0 tclass=blk_file
04-20 14:08:05.683282  7166  7166 I am_on_paused_called: [0,com.android.settings.SubSettings]
04-20 14:08:05.712427   964  8871 I am_resume_activity: [0,70045187,39,com.android.settings/.SubSettings]
04-20 14:08:05.944811   964  1844 I am_proc_start: [0,10163,10010,com.google.android.gms,broadcast,com.google.android.gms/.people.service.bg.PeopleBroadcastReceiver]
04-20 14:08:05.951555   964  2088 I dvm_lock_sample: [system_server,1,Binder_D,91,ActivityManagerService.java,18200,BroadcastQueue.java,713,18]
04-20 14:08:05.969593   964   981 I am_pss  : [9526,1002,com.android.bluetooth,28417024,26914816]
04-20 14:08:05.970218   964  2088 I dvm_lock_sample: [system_server,1,Binder_D,18,ActivityManagerService.java,18200,-,20875,3]
04-20 14:08:06.283128   964  1162 I am_proc_bound: [0,10163,com.google.android.gms]
04-20 14:08:06.313122   964  2089 I dvm_lock_sample: [system_server,1,Binder_E,10,UserManagerService.java,414,PackageManagerService.java,4977,2]
04-20 14:08:06.545749  7166  7166 I sysui_view_visibility: [57,100]
04-20 14:08:06.813681  7166  7166 I am_on_resume_called: [0,com.android.settings.SubSettings]
04-20 14:08:06.830900  7166  7166 I sysui_view_visibility: [57,0]
04-20 14:08:07.176833  7166  7166 I sysui_view_visibility: [57,100]
04-20 14:08:07.272640   964  2089 I am_proc_died: [0,9464,com.android.mms]
04-20 14:08:07.273468   964  2089 I am_schedule_service_restart: [0,com.android.mms/.transaction.NoneService,1000]
04-20 14:08:07.280351   964  2089 I am_low_memory: 20
04-20 14:08:07.395637  7166  7166 I am_on_resume_called: [0,com.android.settings.SubSettings]
04-20 14:08:07.416118   964   987 I dvm_lock_sample: [system_server,1,android.display,7,WindowAnimator.java,127,WindowManagerService.java,3323,1]
04-20 14:08:07.836134   964   964 I notification_cancel: [10010,10163,com.google.android.gms,10436,NOT_LMP,0,0,64,8,NULL]
04-20 14:08:07.885629   964   964 I notification_cancel: [10010,10163,com.google.android.gms,39789,NOT_LMP,0,0,64,8,NULL]
04-20 14:08:08.011689   231   231 I sf_frame_dur: [com.android.settings/com.android.settings.SubSettings,632,16,3,1,4,1,0]
04-20 14:08:08.047922   964   975 I am_finish_activity: [0,70045187,39,com.android.settings/.SubSettings,app-request]
04-20 14:08:08.050121   964   975 I am_home_stack_moved: [0,0,3,3,finishActivity adjustFocus setFocusedActivity]
04-20 14:08:08.050344   964   975 I wm_task_moved: [39,1,0]
04-20 14:08:08.062339   964   975 I am_focused_activity: [0,com.android.settings/.Settings]
04-20 14:08:08.065936   964   975 I am_pause_activity: [0,70045187,com.android.settings/.SubSettings]
04-20 14:08:08.073401  7166  7166 I sysui_view_visibility: [57,0]
04-20 14:08:08.135969  7166  7166 I am_on_paused_called: [0,com.android.settings.SubSettings]
04-20 14:08:08.150008   964  8872 I am_relaunch_resume_activity: [0,171533586,39,com.android.settings/.Settings]
04-20 14:08:08.332853   964   982 I am_proc_start: [0,10185,10016,com.android.mms,service,com.android.mms/.transaction.NoneService]
04-20 14:08:08.481379   964  1663 I am_proc_died: [0,10140,android.process.acore]
04-20 14:08:08.487740   964  1663 I am_low_memory: 19
04-20 14:08:08.642737   964  1652 I am_proc_bound: [0,10185,com.android.mms]
04-20 14:08:08.744227  7166  7166 I sysui_view_visibility: [1,100]
04-20 14:08:08.776323  7166  7166 I sysui_view_visibility: [35,100]
04-20 14:08:08.782357  7166  7166 I am_on_resume_called: [0,com.android.settings.Settings]
04-20 14:08:09.735695   964  1843 I dvm_lock_sample: [system_server,1,Binder_A,17,WindowManagerService.java,3698,WindowAnimator.java,127,3]
04-20 14:08:09.774433   964   975 I am_proc_start: [0,10215,10018,com.android.vending,broadcast,com.android.vending/com.google.android.finsky.receivers.ClearCacheReceiver]
04-20 14:08:09.777423   964  2089 I dvm_lock_sample: [system_server,1,Binder_E,35,ActivityManagerService.java,10692,BroadcastQueue.java,713,7]
04-20 14:08:10.003535   964   975 I am_destroy_activity: [0,21540202,39,com.android.settings/.SubSettings,finish-imm]
04-20 14:08:10.070939   964   982 I am_destroy_activity: [0,70045187,39,com.android.settings/.SubSettings,finish-imm]
04-20 14:08:10.085537   964  1844 I am_proc_bound: [0,10215,com.android.vending]
04-20 14:08:10.092909   231   231 I sf_frame_dur: [com.android.settings/com.android.settings.SubSettings,0,0,1,1,1,2,0]
04-20 14:08:10.866579   964   976 I am_home_stack_moved: [0,0,3,3,sourceStackToFront]
04-20 14:08:10.866801   964   976 I wm_task_moved: [39,1,0]
04-20 14:08:10.873484   964   976 I am_create_activity: [0,133753004,39,com.android.settings/.SubSettings,android.intent.action.MAIN,NULL,NULL,0]
04-20 14:08:10.877610   964   976 I am_pause_activity: [0,171533586,com.android.settings/.Settings]
04-20 14:08:10.885585   964   976 I am_home_stack_moved: [0,0,3,3,startedActivity setFocusedActivity]
04-20 14:08:10.885907   964   976 I wm_task_moved: [39,1,0]
04-20 14:08:10.897193   964   976 I am_focused_activity: [0,com.android.settings/.SubSettings]
04-20 14:08:10.901654  7166  7166 I sysui_view_visibility: [35,0]
04-20 14:08:10.903383  7166  7166 I sysui_view_visibility: [1,0]
04-20 14:08:10.910598  7166  7166 I am_on_paused_called: [0,com.android.settings.Settings]
04-20 14:08:10.922183   964  1670 I am_restart_activity: [0,133753004,39,com.android.settings/.SubSettings]
04-20 14:08:11.228557  7166  7166 I sysui_view_visibility: [110,100]
04-20 14:08:11.313670   964  1162 I am_proc_start: [0,10255,10010,com.google.android.gms:car,service,com.google.android.gms/.car.CarService]
04-20 14:08:11.316978  7166  7166 I am_on_resume_called: [0,com.android.settings.SubSettings]
04-20 14:08:11.539199   964   964 I notification_cancel: [10018,10215,com.android.vending,-1050172287,NULL,0,0,64,8,NULL]
04-20 14:08:11.662122   964   979 I am_proc_bound: [0,10255,com.google.android.gms:car]
04-20 14:08:11.702899   964   987 I am_activity_launch_time: [0,133753004,com.android.settings/.SubSettings,787,787]
04-20 14:08:11.912712   964  1652 I am_proc_start: [0,10271,10007,android.process.media,content provider,com.android.providers.downloads/.DownloadProvider]
04-20 14:08:11.945147   964   979 I am_proc_died: [0,10163,com.google.android.gms]
04-20 14:08:11.962089   231   231 I sf_frame_dur: [com.android.settings/com.android.settings.Settings,55,7,0,0,1,1,0]
04-20 14:08:12.027973   964  1927 I am_proc_start: [0,10279,10023,com.google.android.googlequicksearchbox:search,broadcast,com.google.android.googlequicksearchbox/com.google.android.search.core.GservicesBroadcastReceiver]
04-20 14:08:12.076662   964  1927 I am_proc_died: [0,10215,com.android.vending]
04-20 14:08:12.090366   964  1927 I am_low_memory: 20
04-20 14:08:12.137592   964   964 I notification_cancel: [10010,10255,com.google.android.gms,10436,NOT_LMP,0,0,64,8,NULL]
04-20 14:08:12.139127   964   964 I notification_cancel: [10010,10255,com.google.android.gms,39789,NOT_LMP,0,0,64,8,NULL]
04-20 14:08:12.160881   964  1162 I am_proc_bound: [0,10271,android.process.media]
04-20 14:08:12.250162   964  2088 I am_proc_bound: [0,10279,com.google.android.googlequicksearchbox:search]
04-20 14:08:12.540007   964   964 I notification_cancel: [10010,10255,com.google.android.gms,10436,NULL,0,0,64,8,NULL]
04-20 14:08:12.797445   964  1663 I notification_cancel_all: [10007,10271,com.android.providers.downloads,0,0,64,9,NULL]
04-20 14:08:13.023673   964   979 I am_proc_start: [0,10312,10013,com.google.android.partnersetup,content provider,com.google.android.partnersetup/.RlzAppProvider]
04-20 14:08:13.272347   964   975 I am_proc_bound: [0,10312,com.google.android.partnersetup]
04-20 14:08:13.288050   964   975 I am_proc_died: [0,10255,com.google.android.gms:car]
04-20 14:08:13.596685   964  1663 I am_proc_start: [0,10338,10036,com.android.deskclock,broadcast,com.android.deskclock/.AlarmBroadcastReceiver]
04-20 14:08:13.597532   964   983 I dvm_lock_sample: [system_server,1,android.ui,33,ActivityManagerService.java,3995,BroadcastQueue.java,713,6]
04-20 14:08:13.782583   964  2088 I am_proc_bound: [0,10338,com.android.deskclock]
04-20 14:08:14.115746   964  1071 I dvm_lock_sample: [system_server,0,LazyTaskWriterThread,321,TaskPersister.java,488,ActivityManagerService.java,6860,64]
04-20 14:08:14.250648   964   976 I am_proc_start: [0,10352,10040,com.android.email,broadcast,com.android.email/.service.EmailBroadcastReceiver]
04-20 14:08:14.353317   964   964 I notification_cancel: [10022,1102,com.android.systemui,2131755032,low_battery,-1,0,64,8,NULL]
04-20 14:08:14.487954   964   979 I am_proc_died: [0,10271,android.process.media]
04-20 14:08:14.493648   964  1652 I am_proc_bound: [0,10352,com.android.email]
04-20 14:08:14.560085   964   975 I am_proc_start: [0,10366,10010,com.google.android.gms,service,com.google.android.gms/.icing.service.IndexService]
04-20 14:08:14.744030   964  2088 I am_proc_bound: [0,10366,com.google.android.gms]
04-20 14:08:14.766910   964  8872 I am_proc_died: [0,10312,com.google.android.partnersetup]
04-20 14:08:14.961681   964  1652 I am_proc_start: [0,10381,10041,com.android.exchange,service,com.android.exchange/.service.EasService]
04-20 14:08:15.027228   964  8872 I am_proc_died: [0,10338,com.android.deskclock]
04-20 14:08:15.031084   964  8872 I am_low_memory: 22
04-20 14:08:15.183003   964  2088 I am_proc_bound: [0,10381,com.android.exchange]
04-20 14:08:15.380317 10352 10403 I dvm_lock_sample: [com.android.email,0,Email AsyncTask #4,166,EmailProvider.java,544,SQLiteConnection.java,-2,33]
04-20 14:08:15.383124 10352 10401 I dvm_lock_sample: [com.android.email,0,Email AsyncTask #3,210,EmailProvider.java,544,SQLiteConnection.java,-2,42]
04-20 14:08:15.391135   964   979 I am_proc_start: [0,10407,10047,com.google.android.gm,broadcast,com.google.android.gm/.MailIntentReceiver]
04-20 14:08:15.470996   964   964 I notification_cancel: [10010,10366,com.google.android.gms,10436,NOT_LMP,0,0,64,8,NULL]
04-20 14:08:15.472518   964   964 I notification_cancel: [10010,10366,com.google.android.gms,39789,NOT_LMP,0,0,64,8,NULL]
04-20 14:08:15.480782 10352 10389 I dvm_lock_sample: [com.android.email,0,Email AsyncTask #2,410,AccountReconciler.java,-1,EmailProvider.java,554,82]
04-20 14:08:15.592933   964  8871 I notification_cancel_all: [10040,10352,com.android.email,0,0,64,9,NULL]
04-20 14:08:15.667977   964  1670 I am_proc_bound: [0,10407,com.google.android.gm]
04-20 14:08:15.813155   964  2088 I am_proc_died: [0,10352,com.android.email]
04-20 14:08:16.615534   964   964 I notification_cancel: [10010,10366,com.google.android.gms,10436,NULL,0,0,64,8,NULL]
04-20 14:08:16.661392 10407 10442 I dvm_lock_sample: [com.google.android.gm,0,EmailProvider thread,298,SourceFile,1218,Thread.java,-2,59]
04-20 14:08:16.762435   964   979 I am_proc_died: [0,10381,com.android.exchange]
04-20 14:08:16.766781   964   979 I am_low_memory: 22
04-20 14:08:16.986691   964  2088 I notification_cancel_all: [10047,10407,com.google.android.gm,0,0,64,9,NULL]
04-20 14:08:17.019948   964  1843 I am_proc_start: [0,10457,10059,com.android.calendar,broadcast,com.android.calendar/.alerts.AlertReceiver]
04-20 14:08:17.137514   964   976 I notification_cancel_all: [10047,10407,com.google.android.gm,0,0,64,9,NULL]
04-20 14:08:17.232356   964  1747 I am_proc_bound: [0,10457,com.android.calendar]
04-20 14:08:17.344266   964   964 I notification_cancel: [10023,10279,com.google.android.googlequicksearchbox,10436,NULL,0,0,64,8,NULL]
04-20 14:08:17.357350   964  1670 I am_home_stack_moved: [0,0,3,3,sourceStackToFront]
04-20 14:08:17.357569   964  1670 I wm_task_moved: [39,1,0]
04-20 14:08:17.362763   964  1670 I am_create_activity: [0,69237816,39,com.android.settings/.SubSettings,android.intent.action.MAIN,NULL,NULL,0]
04-20 14:08:17.365796   964  1670 I am_pause_activity: [0,133753004,com.android.settings/.SubSettings]
04-20 14:08:17.372133   964  1670 I am_home_stack_moved: [0,0,3,3,startedActivity setFocusedActivity]
04-20 14:08:17.372319   964  1670 I wm_task_moved: [39,1,0]
04-20 14:08:17.382063   964  1670 I am_focused_activity: [0,com.android.settings/.SubSettings]
04-20 14:08:17.388202  7166  7166 I sysui_view_visibility: [110,0]
04-20 14:08:17.422648  7166  7166 I am_on_paused_called: [0,com.android.settings.SubSettings]
04-20 14:08:17.443933   964  8872 I am_restart_activity: [0,69237816,39,com.android.settings/.SubSettings]
04-20 14:08:17.720417   964   979 I am_proc_died: [0,10407,com.google.android.gm]
04-20 14:08:17.733781   964   979 I am_low_memory: 22
04-20 14:08:17.890925   964  1663 I am_proc_start: [0,10486,10003,android.process.acore,content provider,com.android.providers.contacts/.ContactsProvider2]
04-20 14:08:17.892215   964   983 I dvm_lock_sample: [system_server,1,android.ui,43,ActivityManagerService.java,3995,-,10272,8]
04-20 14:08:17.978264   964  1652 I am_proc_start: [0,10492,10074,com.google.android.youtube,broadcast,com.google.android.youtube/com.google.android.apps.youtube.app.system.LocaleUpdatedReceiver]
04-20 14:08:18.025073   964   976 I am_proc_start: [0,10506,10002,com.android.providers.calendar,content provider,com.android.providers.calendar/.CalendarProvider2]
04-20 14:08:18.026009   964  2088 I dvm_lock_sample: [system_server,1,Binder_D,89,ActivityManagerService.java,17352,BroadcastQueue.java,713,17]
04-20 14:08:18.053197  7166  7166 I sysui_view_visibility: [90,100]
04-20 14:08:18.053474  7166  7166 I am_on_resume_called: [0,com.android.settings.SubSettings]
04-20 14:08:18.099871   964  1927 I am_proc_bound: [0,10486,android.process.acore]
04-20 14:08:18.280469   964   975 I am_proc_bound: [0,10506,com.android.providers.calendar]
04-20 14:08:18.408780   964   987 I am_activity_launch_time: [0,69237816,com.android.settings/.SubSettings,982,982]
04-20 14:08:18.643840   231   231 I sf_frame_dur: [com.android.settings/com.android.settings.SubSettings,67,1,0,1,0,1,1]
04-20 14:08:18.752389   964   979 I am_proc_bound: [0,10492,com.google.android.youtube]
04-20 14:08:19.101500   964   964 I notification_cancel: [10059,10457,com.android.calendar,0,NULL,0,0,64,8,NULL]
04-20 14:08:19.120368   964   964 I notification_cancel: [10059,10457,com.android.calendar,1,NULL,0,0,64,8,NULL]
04-20 14:08:19.124834   964   964 I notification_cancel: [10059,10457,com.android.calendar,2,NULL,0,0,64,8,NULL]
04-20 14:08:19.129008   964   964 I notification_cancel: [10059,10457,com.android.calendar,3,NULL,0,0,64,8,NULL]
04-20 14:08:19.139768   964   964 I notification_cancel: [10059,10457,com.android.calendar,4,NULL,0,0,64,8,NULL]
04-20 14:08:19.150800   964   964 I notification_cancel: [10059,10457,com.android.calendar,5,NULL,0,0,64,8,NULL]
04-20 14:08:19.152445   964   964 I notification_cancel: [10059,10457,com.android.calendar,6,NULL,0,0,64,8,NULL]
04-20 14:08:19.155317   964   964 I notification_cancel: [10059,10457,com.android.calendar,7,NULL,0,0,64,8,NULL]
04-20 14:08:19.158042   964   964 I notification_cancel: [10059,10457,com.android.calendar,8,NULL,0,0,64,8,NULL]
04-20 14:08:19.161141   964   964 I notification_cancel: [10059,10457,com.android.calendar,9,NULL,0,0,64,8,NULL]
04-20 14:08:19.165273   964   964 I notification_cancel: [10059,10457,com.android.calendar,10,NULL,0,0,64,8,NULL]
04-20 14:08:19.168063   964   964 I notification_cancel: [10059,10457,com.android.calendar,11,NULL,0,0,64,8,NULL]
04-20 14:08:19.169540   964   964 I notification_cancel: [10059,10457,com.android.calendar,12,NULL,0,0,64,8,NULL]
04-20 14:08:19.171862   964   964 I notification_cancel: [10059,10457,com.android.calendar,13,NULL,0,0,64,8,NULL]
04-20 14:08:19.173535   964   964 I notification_cancel: [10059,10457,com.android.calendar,14,NULL,0,0,64,8,NULL]
04-20 14:08:19.176241   964   964 I notification_cancel: [10059,10457,com.android.calendar,15,NULL,0,0,64,8,NULL]
04-20 14:08:19.178553   964   964 I notification_cancel: [10059,10457,com.android.calendar,16,NULL,0,0,64,8,NULL]
04-20 14:08:19.180665   964   964 I notification_cancel: [10059,10457,com.android.calendar,17,NULL,0,0,64,8,NULL]
04-20 14:08:19.183491   964   964 I notification_cancel: [10059,10457,com.android.calendar,18,NULL,0,0,64,8,NULL]
04-20 14:08:19.224140   964  1162 I am_proc_died: [0,10506,com.android.providers.calendar]
04-20 14:08:19.229522   964  1162 I am_low_memory: 24
04-20 14:08:19.284913   964  1843 I am_proc_start: [0,10537,10002,com.android.providers.calendar,content provider,com.android.providers.calendar/.CalendarProvider2]
04-20 14:08:19.537795   964  2089 I am_proc_bound: [0,10537,com.android.providers.calendar]
04-20 14:08:19.667997   964  1162 I am_proc_died: [0,10486,android.process.acore]
04-20 14:08:19.677586   964  1162 I am_low_memory: 24
04-20 14:08:19.690000  2031  2031 I auditd  : type=1400 audit(0.0:132): avc: denied { read } for comm="GpuAppSpectator" name="cmdline" dev="proc" ino=55407 scontext=u:r:gas_srv:s0 tcontext=u:r:system_app:s0 tclass=file permissive=1
04-20 14:08:19.690000  2031  2031 I auditd  : type=1400 audit(0.0:133): avc: denied { open } for comm="GpuAppSpectator" path="/proc/7166/cmdline" dev="proc" ino=55407 scontext=u:r:gas_srv:s0 tcontext=u:r:system_app:s0 tclass=file permissive=1
04-20 14:08:19.690000  2031  2031 I auditd  : type=1400 audit(0.0:134): avc: denied { getattr } for comm="GpuAppSpectator" path="/proc/7166/cmdline" dev="proc" ino=55407 scontext=u:r:gas_srv:s0 tcontext=u:r:system_app:s0 tclass=file permissive=1
04-20 14:08:20.272693   964  1927 I am_proc_died: [0,10279,com.google.android.googlequicksearchbox:search]
04-20 14:08:20.570625   964   981 I am_meminfo: [114184192,24547328,42250240,298590208,57177088]
04-20 14:08:20.610329   964   981 I am_pss  : [7166,1000,com.android.settings,70377472,65868800]
04-20 14:08:20.644520   964   981 I am_pss  : [9526,1002,com.android.bluetooth,19532800,12283904]
04-20 14:08:20.680697   964   981 I am_pss  : [1654,10014,com.android.launcher3,26663936,23389184]
04-20 14:08:20.714139   964   981 I am_pss  : [1493,10052,com.android.inputmethod.latin,20835328,18088960]
04-20 14:08:20.744400   964   981 I am_pss  : [10537,10002,com.android.providers.calendar,7657472,6033408]
04-20 14:08:20.775291   964   981 I am_pss  : [10492,10074,com.google.android.youtube,33937408,26005504]
04-20 14:08:20.805163   964   981 I am_pss  : [10457,10059,com.android.calendar,8331264,6787072]
04-20 14:08:20.864715   964  2088 I am_proc_died: [0,10366,com.google.android.gms]
04-20 14:08:20.923086   964   981 I am_pss  : [2236,10010,com.google.process.gapps,20074496,17108992]
04-20 14:08:20.954519   964   981 I am_pss  : [10185,10016,com.android.mms,10180608,7999488]
04-20 14:08:21.012226   964  1843 I am_proc_start: [0,10577,10010,com.google.android.gms,service,com.google.android.gms/.ads.identifier.service.AdvertisingIdService]
04-20 14:08:21.019624   964   981 I am_pss  : [1529,10010,com.google.android.gms.persistent,20603904,17702912]
04-20 14:08:21.062558   964   981 I am_pss  : [2566,10056,com.mediatek.mtklogger,11567104,9511936]
04-20 14:08:21.092518   964   981 I am_pss  : [9862,10073,org.simalliance.openmobileapi.uicc2terminal,5466112,4071424]
04-20 14:08:21.124389   964   981 I am_pss  : [9855,10072,org.simalliance.openmobileapi.uicc1terminal,5428224,4034560]
04-20 14:08:21.156964   964   981 I am_pss  : [3413,10075,org.simalliance.openmobileapi.eseterminal,4589568,3297280]
04-20 14:08:21.190899   964   981 I am_pss  : [9840,10070,org.simalliance.openmobileapi.service:remote,5636096,4259840]
04-20 14:08:21.222105   964   981 I am_pss  : [1618,1000,com.mediatek.nlpservice,4876288,3530752]
04-20 14:08:21.229708   964  1844 I am_proc_bound: [0,10577,com.google.android.gms]
04-20 14:08:21.272043   964   981 I am_pss  : [1602,1001,com.mediatek.ims,5168128,3788800]
04-20 14:08:21.302510   964   981 I am_pss  : [1586,1001,com.mediatek.gba,3956736,2650112]
04-20 14:08:21.342247   964   981 I am_pss  : [1576,1001,com.android.phone,19653632,17321984]
04-20 14:08:21.371369   964   981 I am_pss  : [1483,10023,com.google.android.googlequicksearchbox:interactor,5202944,3780608]
04-20 14:08:21.418088   964   981 I am_pss  : [1102,10022,com.android.systemui,48518144,44805120]
04-20 14:08:21.421626   964   976 I am_proc_died: [0,10457,com.android.calendar]
04-20 14:08:21.507918   964   981 I am_pss  : [964,1000,system,60206080,56873984]
04-20 14:08:21.813543   964   964 I notification_cancel: [10010,10577,com.google.android.gms,10436,NOT_LMP,0,0,64,8,NULL]
04-20 14:08:21.814502   964   964 I notification_cancel: [10010,10577,com.google.android.gms,39789,NOT_LMP,0,0,64,8,NULL]
04-20 14:08:21.983151   964   964 I notification_cancel: [10074,10492,com.google.android.youtube,2,NULL,0,0,64,8,NULL]
04-20 14:08:22.081259   964  2088 I dvm_lock_sample: [system_server,1,Binder_D,7,UserManagerService.java,414,PackageManagerService.java,2995,1]
04-20 14:08:22.148817   964  1652 I am_proc_start: [0,10618,1000,com.mediatek.security,broadcast,com.mediatek.security/.service.LocaleChangeReceiver]
04-20 14:08:22.162717   964  1670 I am_proc_died: [0,10537,com.android.providers.calendar]
04-20 14:08:22.167260   964  1670 I am_low_memory: 21
04-20 14:08:22.348246   964   964 I notification_cancel: [10074,10492,com.google.android.youtube,2,NULL,0,0,64,8,NULL]
04-20 14:08:22.349669   964  2089 I am_proc_bound: [0,10618,com.mediatek.security]
04-20 14:08:22.460551   964   964 I notification_cancel: [1000,10618,com.mediatek.security,1200,NULL,0,0,0,8,NULL]
04-20 14:08:22.462060   964   964 I notification_canceled: [0|com.mediatek.security|1200|null|1000,8,11607621,11607621,42927]
04-20 14:08:22.547090   964   964 I notification_enqueue: [1000,10618,com.mediatek.security,1200,NULL,0,Notification(pri=0 contentView=null vibrate=null sound=null tick defaults=0x0 flags=0x10 color=0x00000000 vis=PRIVATE),0]
04-20 14:08:22.654449   964  1652 I am_proc_start: [0,10650,10023,com.google.android.googlequicksearchbox:search,broadcast,com.google.android.googlequicksearchbox/.SearchWidgetProvider]
04-20 14:08:22.682608   964  2089 I notification_expansion: [0|com.mediatek.security|1200|null|1000,0,1,136,136,0]
04-20 14:08:22.684150   964  2088 I notification_expansion: [-1|android|17303171|null|1000,0,0,320084,320084,43150]
04-20 14:08:22.734489   964  1663 I am_proc_died: [0,10577,com.google.android.gms]
04-20 14:08:22.735402   964  1663 I am_schedule_service_restart: [0,com.google.android.gms/.ads.identifier.service.AdvertisingIdService,1000]
04-20 14:08:22.834158   964  2089 I am_proc_bound: [0,10650,com.google.android.googlequicksearchbox:search]
04-20 14:08:23.276766 10492 10576 I dvm_lock_sample: [com.google.android.youtube,0,Thread-59,907,SourceFile,72,Object.java,-2,100]
04-20 14:08:23.403999   964  8871 I am_proc_start: [0,10667,10013,com.google.android.partnersetup,content provider,com.google.android.partnersetup/.RlzAppProvider]
04-20 14:08:23.410721  2236  2687 I force_gc: Binder
04-20 14:08:23.626129   964  1652 I am_proc_bound: [0,10667,com.google.android.partnersetup]
04-20 14:08:23.656705   964  8872 I am_proc_died: [0,10492,com.google.android.youtube]
04-20 14:08:23.980225   964  8871 I am_proc_start: [0,10686,10058,com.android.browser,broadcast,com.android.browser/.ChangeSearchEngineReceiver]
04-20 14:08:24.151772   964  2088 I am_proc_bound: [0,10686,com.android.browser]
04-20 14:08:24.338538   964   964 I notification_cancel: [10022,1102,com.android.systemui,2131755032,low_battery,-1,0,64,8,NULL]
04-20 14:08:24.447271   964  1162 I am_proc_start: [0,10704,10061,com.android.quicksearchbox,broadcast,com.android.quicksearchbox/.QsbReceiver]
04-20 14:08:24.611357   964  1927 I am_proc_bound: [0,10704,com.android.quicksearchbox]
04-20 14:08:24.903287   964   979 I am_proc_start: [0,10720,10010,com.google.android.gms,broadcast,com.google.android.gms/.subscribedfeeds.ConfigurationReceiver]
04-20 14:08:25.076913   964  1747 I am_proc_died: [0,10667,com.google.android.partnersetup]
04-20 14:08:25.083482   964  1670 I am_proc_bound: [0,10720,com.google.android.gms]
04-20 14:08:25.596086   964   964 I notification_cancel: [10010,10720,com.google.android.gms,10436,NOT_LMP,0,0,64,8,NULL]
04-20 14:08:25.597286   964   964 I notification_cancel: [10010,10720,com.google.android.gms,39789,NOT_LMP,0,0,64,8,NULL]
04-20 14:08:25.842193   964  1582 I am_proc_died: [0,10618,com.mediatek.security]
04-20 14:08:26.108271   964  1582 I am_proc_start: [0,10740,10010,com.google.android.gms.wearable,service,com.google.android.gms/.wearable.service.WearableService]
04-20 14:08:26.110164   964   979 I dvm_lock_sample: [system_server,1,Binder_3,51,ActivityManagerService.java,10692,-,17116,10]
04-20 14:08:26.350944   964  1747 I am_proc_bound: [0,10740,com.google.android.gms.wearable]
04-20 14:08:26.498411   964  2089 I am_proc_start: [0,10757,10040,com.android.email,broadcast,com.android.email/.provider.WidgetProvider]
04-20 14:08:26.547526   964  1843 I am_proc_died: [0,10650,com.google.android.googlequicksearchbox:search]
04-20 14:08:26.580876   964   964 I notification_cancel: [10010,10740,com.google.android.gms,10436,NOT_LMP,0,0,64,8,NULL]
04-20 14:08:26.582171   964   964 I notification_cancel: [10010,10740,com.google.android.gms,39789,NOT_LMP,0,0,64,8,NULL]
04-20 14:08:26.702905   964   964 I notification_cancel: [10010,10720,com.google.android.gms,10436,NULL,0,0,64,8,NULL]
04-20 14:08:26.724624   964  1663 I am_proc_bound: [0,10757,com.android.email]
04-20 14:08:27.047577   964  2089 I am_proc_start: [0,10775,10041,com.android.exchange,service,com.android.exchange/.service.EasService]
04-20 14:08:27.261402   964  1747 I am_proc_died: [0,10686,com.android.browser]
04-20 14:08:27.294761   964  8872 I am_proc_bound: [0,10775,com.android.exchange]
04-20 14:08:27.344543 10757 10795 I dvm_lock_sample: [com.android.email,0,Email AsyncTask #3,124,EmailProvider.java,544,String.java,-2,24]
04-20 14:08:27.345206 10757 10797 I dvm_lock_sample: [com.android.email,0,Email AsyncTask #4,118,EmailProvider.java,544,String.java,-2,23]
04-20 14:08:27.492813 10757 10783 I dvm_lock_sample: [com.android.email,0,Email AsyncTask #2,402,AccountReconciler.java,-1,Binder.java,-2,80]
04-20 14:08:27.525961   964  1663 I am_proc_start: [0,10801,10047,com.google.android.gm,broadcast,com.google.android.gm/.widget.GmailWidgetProvider]
04-20 14:08:27.677219   964   964 I free_storage_changed: 12059140096
04-20 14:08:27.701516   964  1844 I am_proc_died: [0,10704,com.android.quicksearchbox]
04-20 14:08:27.733383   964  8872 I am_proc_bound: [0,10801,com.google.android.gm]
04-20 14:08:28.181790   964   979 I am_proc_died: [0,10720,com.google.android.gms]
04-20 14:08:28.338384 10801 10831 I dvm_lock_sample: [com.google.android.gm,0,EmailProvider thread,109,SourceFile,1218,-,572,21]
04-20 14:08:28.689105   964  1843 I am_proc_start: [0,10843,10010,com.google.android.gms,broadcast,com.google.android.gms/.subscribedfeeds.ConfigurationReceiver]
04-20 14:08:28.907716   964  1927 I am_proc_bound: [0,10843,com.google.android.gms]
04-20 14:08:29.416328   964   964 I notification_cancel: [10010,10843,com.google.android.gms,10436,NOT_LMP,0,0,64,8,NULL]
04-20 14:08:29.417522   964   964 I notification_cancel: [10010,10843,com.google.android.gms,39789,NOT_LMP,0,0,64,8,NULL]
04-20 14:08:29.773259   964  1582 I am_proc_died: [0,10757,com.android.email]
04-20 14:08:30.204409   964   964 I notification_cancel: [10010,10843,com.google.android.gms,10436,NULL,0,0,64,8,NULL]
04-20 14:08:30.236212   964   981 I am_pss  : [7166,1000,com.android.settings,68823040,64574464]
04-20 14:08:30.481958   964  1747 I am_proc_start: [0,10878,10040,com.android.email,broadcast,com.android.email/.provider.WidgetProvider]
04-20 14:08:30.672521   964  2089 I am_proc_bound: [0,10878,com.android.email]
04-20 14:08:31.159850 10878 10902 I dvm_lock_sample: [com.android.email,0,Email AsyncTask #4,17,EmailProvider.java,544,Throwable.java,-2,3]
04-20 14:08:31.279314   964   975 I am_proc_start: [0,10907,10047,com.google.android.gm,broadcast,com.google.android.gm/.widget.GmailWidgetProvider]
04-20 14:08:31.478178   964  1843 I am_proc_bound: [0,10907,com.google.android.gm]
04-20 14:08:32.978829   964  1582 I am_proc_died: [0,10775,com.android.exchange]
04-20 14:08:34.397366   964   964 I notification_cancel: [10022,1102,com.android.systemui,2131755032,low_battery,-1,0,64,8,NULL]
04-20 14:08:39.470620   964   964 I force_gc: mem
04-20 14:08:44.372426   964  8872 I battery_level: [69,3950,290]
04-20 14:08:44.448410   964  6934 I dvm_lock_sample: [system_server,0,SyncHandler-1,12,MessageQueue.java,330,-,553,2]
04-20 14:08:44.562520   964   964 I notification_cancel: [10022,1102,com.android.systemui,2131755032,low_battery,-1,0,64,8,NULL]
04-20 14:08:49.583413  1102  1102 I sqlite_mem_released: 10240
04-20 14:08:49.592473  1102  1102 I force_gc: mem
04-20 14:08:54.586514  1483  1483 I sqlite_mem_released: 0
04-20 14:08:54.586974  1483  1483 I force_gc: mem
04-20 14:08:59.593157  1576  1576 I sqlite_mem_released: 30720
04-20 14:08:59.593571  1576  1576 I force_gc: mem
04-20 14:09:00.204387   964   981 I am_pss  : [9526,1002,com.android.bluetooth,26218496,24727552]
04-20 14:09:00.237822   964   981 I am_pss  : [1654,10014,com.android.launcher3,26241024,23163904]
04-20 14:09:00.270643   964   981 I am_pss  : [1493,10052,com.android.inputmethod.latin,18514944,15860736]
04-20 14:09:00.302407   964   981 I am_pss  : [2236,10010,com.google.process.gapps,18426880,15740928]
04-20 14:09:00.336750   964   981 I am_pss  : [1529,10010,com.google.android.gms.persistent,19094528,16166912]
04-20 14:09:00.364968   964   981 I am_pss  : [10185,10016,com.android.mms,10815488,9056256]
04-20 14:09:00.399131   964   981 I am_pss  : [2566,10056,com.mediatek.mtklogger,11459584,9503744]
04-20 14:09:00.426238   964   981 I am_pss  : [9862,10073,org.simalliance.openmobileapi.uicc2terminal,5373952,4071424]
04-20 14:09:00.453383   964   981 I am_pss  : [9855,10072,org.simalliance.openmobileapi.uicc1terminal,5336064,4034560]
04-20 14:09:00.480599   964   981 I am_pss  : [3413,10075,org.simalliance.openmobileapi.eseterminal,4516864,3305472]
04-20 14:09:00.508018   964   981 I am_pss  : [9840,10070,org.simalliance.openmobileapi.service:remote,5549056,4259840]
04-20 14:09:00.535876   964   981 I am_pss  : [1483,10023,com.google.android.googlequicksearchbox:interactor,5043200,3760128]
04-20 14:09:04.380077   964   964 I notification_cancel: [10022,1102,com.android.systemui,2131755032,low_battery,-1,0,64,8,NULL]
04-20 14:09:09.444407  1586  1586 I sqlite_mem_released: 0
04-20 14:09:09.444860  1586  1586 I force_gc: mem
04-20 14:09:10.190000  1067  1067 I auditd  : type=1400 audit(0.0:135): avc: denied { open } for comm="PhotonicModulat" path="/sys/devices/platform/leds-mt65xx/leds/lcd-backlight/brightness" dev="sysfs" ino=11474 scontext=u:r:system_server:s0 tcontext=u:object_r:sys_lcd_brightness_file:s0 tclass=file permissive=1
04-20 14:09:14.378611   964   964 I notification_cancel: [10022,1102,com.android.systemui,2131755032,low_battery,-1,0,64,8,NULL]
04-20 14:09:17.224824   964   990 I power_sleep_requested: 0
04-20 14:09:17.299085   964   964 I am_pause_activity: [0,69237816,com.android.settings/.SubSettings]
04-20 14:09:17.301511  7166  7166 I sysui_view_visibility: [90,0]
04-20 14:09:17.346338   964   983 I dvm_lock_sample: [system_server,1,android.ui,45,ActivityManagerService.java,3932,-,11171,9]
04-20 14:09:17.348279   964  1652 I dvm_lock_sample: [system_server,1,Binder_6,46,ActivityManagerService.java,17501,-,11171,9]
04-20 14:09:17.354731  7166  7166 I am_on_paused_called: [0,com.android.settings.SubSettings]
04-20 14:09:17.365449   964   982 I am_focused_activity: [0,com.android.settings/.SubSettings]
04-20 14:09:17.380299   964   981 I am_pss  : [10843,10010,com.google.android.gms,17192960,12156928]
04-20 14:09:17.414293   964   981 I am_pss  : [10740,10010,com.google.android.gms.wearable,11527168,7135232]
04-20 14:09:17.446483   964   981 I am_pss  : [10907,10047,com.google.android.gm,16514048,14761984]
04-20 14:09:17.472705   964  1652 I am_proc_died: [0,10878,com.android.email]
04-20 14:09:17.969287   964   964 I power_screen_state: [0,3,0,0]
04-20 14:09:17.969462   964   964 I screen_toggled: 0
04-20 14:09:17.969579   964   964 I sysui_histogram: [screen_timeout,60]
04-20 14:09:17.971023   964   964 I power_screen_broadcast_send: 1
04-20 14:09:18.179138   964   964 I power_screen_broadcast_done: [0,208,1]
04-20 14:09:22.359335   964   975 I notification_expansion: [0|com.mediatek.security|1200|null|1000,0,0,59813,59813,0]
04-20 14:09:22.479315  1102  1102 I sysui_status_bar_state: [1,1,0,0,0,1]
04-20 14:09:22.616538   231   231 I sf_frame_dur: [NavigationBar,129,7,0,1,0,2,2]
04-20 14:09:28.007061  1602  1602 I sqlite_mem_released: 0
04-20 14:09:28.007240  1602  1602 I force_gc: mem
04-20 14:09:33.012604  1618  1618 I force_gc: mem
04-20 14:09:38.018010  2566  2566 I sqlite_mem_released: 0
04-20 14:09:38.018169  2566  2566 I force_gc: mem
04-20 14:09:43.023379  2236  2236 I sqlite_mem_released: 15360
04-20 14:09:43.023542  2236  2236 I force_gc: mem
04-20 14:09:44.346432   964  1844 I battery_level: [70,3946,290]
04-20 14:09:44.408447   964   964 I notification_cancel: [10022,1102,com.android.systemui,2131755032,low_battery,-1,0,64,8,NULL]
04-20 14:09:48.294777   964   981 I am_pss  : [9526,1002,com.android.bluetooth,26247168,24752128]
04-20 14:09:53.204855  1529  1529 I sqlite_mem_released: 0
04-20 14:09:53.205045  1529  1529 I force_gc: mem
04-20 14:09:57.718050   964   964 I free_storage_changed: 12056723456
04-20 14:09:58.219012  1493  1493 I sqlite_mem_released: 0
04-20 14:09:58.219181  1493  1493 I force_gc: mem
04-20 14:10:05.174518  9526  9526 I sqlite_mem_released: 0
04-20 14:10:05.174699  9526  9526 I force_gc: mem
04-20 14:10:10.180115  7166  7166 I force_gc: mem
04-20 14:10:14.381917   964   964 I notification_cancel: [10022,1102,com.android.systemui,2131755032,low_battery,-1,0,64,8,NULL]
04-20 14:10:19.437034  9840  9840 I sqlite_mem_released: 0
04-20 14:10:19.437209  9840  9840 I force_gc: mem
04-20 14:10:24.439733  3413  3413 I sqlite_mem_released: 0
04-20 14:10:24.439909  3413  3413 I force_gc: mem
04-20 14:10:29.440638  9855  9855 I sqlite_mem_released: 0
04-20 14:10:29.440807  9855  9855 I force_gc: mem
04-20 14:10:34.446024  9862  9862 I sqlite_mem_released: 0
04-20 14:10:34.446200  9862  9862 I force_gc: mem
04-20 14:10:39.451240  1654  1654 I sqlite_mem_released: 0
04-20 14:10:39.451406  1654  1654 I force_gc: mem
04-20 14:10:49.424026   964   964 I power_screen_state: [1,0,0,0]
04-20 14:10:49.424177   964   964 I screen_toggled: 1
04-20 14:10:49.430027  1102  1102 I sysui_histogram: [note_load,5]
04-20 14:10:49.430626   964  2088 I notification_panel_revealed: 5
04-20 14:10:49.435713   964  1927 I notification_visibility: [0|com.mediatek.security|1200|null|1000,1,146889,146889,0,0]
04-20 14:10:49.436053   964  1927 I notification_visibility: [-1|android|17303171|null|1000,1,466835,466835,0,1]
04-20 14:10:49.436404   964  1927 I notification_visibility: [0|com.mediatek.mtklogger|2130837539|null|10056,1,36465019,36465019,0,2]
04-20 14:10:49.503244   964   964 I power_screen_broadcast_send: 1
04-20 14:10:49.835863   964  1747 I am_proc_died: [0,10907,com.google.android.gm]
04-20 14:10:49.860162   231   231 I sf_frame_dur: [ColorFade,27,3,1,0,0,0,0]
04-20 14:10:49.913061   964   981 I am_pss  : [964,1000,system,70713344,67425280]
04-20 14:10:49.956472   964   981 I am_pss  : [7166,1000,com.android.settings,67486720,63116288]
04-20 14:10:49.984319   964   981 I am_pss  : [1618,1000,com.mediatek.nlpservice,4916224,3510272]
04-20 14:10:50.012652   964   981 I am_pss  : [1602,1001,com.mediatek.ims,5208064,3768320]
04-20 14:10:50.039633   964   981 I am_pss  : [1586,1001,com.mediatek.gba,4167680,2793472]
04-20 14:10:50.076256   964   981 I am_pss  : [1576,1001,com.android.phone,18797568,16842752]
04-20 14:10:50.117978   964   981 I am_pss  : [1102,10022,com.android.systemui,55358464,51811328]
04-20 14:10:50.203497   964   964 I power_screen_broadcast_done: [1,701,1]
04-20 14:10:50.682214  1102  1102 I sysui_lockscreen_gesture: [1,187,2469]
04-20 14:10:50.858887   964  1843 I notification_visibility: [0|com.mediatek.security|1200|null|1000,0,148312,148312,0,0]
04-20 14:10:50.859259   964  1843 I notification_visibility: [-1|android|17303171|null|1000,0,468259,468259,0,1]
04-20 14:10:50.859815   964  1843 I notification_visibility: [0|com.mediatek.mtklogger|2130837539|null|10056,0,36466442,36466442,0,2]
04-20 14:10:50.860946   964  1927 I notification_panel_hidden: []
04-20 14:10:50.865161  1102  1102 I screen_toggled: 2
04-20 14:10:50.869259  1102  1102 I screen_toggled: 2
04-20 14:10:50.891294   964  1747 I am_resume_activity: [0,69237816,39,com.android.settings/.SubSettings]
04-20 14:10:50.968208   964  1582 I notification_expansion: [0|com.mediatek.security|1200|null|1000,0,1,148422,148422,1533]
04-20 14:10:50.981610  1102  1102 I sysui_status_bar_state: [0,0,0,0,0,1]
04-20 14:10:51.111842  7166  7166 I sysui_view_visibility: [90,100]
04-20 14:10:51.112250  7166  7166 I am_on_resume_called: [0,com.android.settings.SubSettings]
04-20 14:10:54.305734   964   990 I dvm_lock_sample: [system_server,1,PowerManagerService,8,MessageQueue.java,330,-,553,1]
04-20 14:10:54.380909   964   964 I notification_cancel: [10022,1102,com.android.systemui,2131755032,low_battery,-1,0,64,8,NULL]
