----- timezone:GMT
04-20 16:34:07.853585   231   231 D SurfaceFlinger: requestNextVsync(231)
04-20 16:34:07.853747   231   231 D SurfaceFlinger: requestNextVsync(231)
04-20 16:34:07.854431 15106 15106 V DisplayEventReceiver: call nativeScheduleVsync mReceiverPtr = 548132294720
04-20 16:34:07.854859   231  1039 D SurfaceFlinger: requestNextVsync(15106)
04-20 16:34:07.858375 15106 15106 V ViewRootImpl: ViewRoot performTraversals and draw- : mResizeBuffer = null, mResizeAlpha = 0, this = ViewRoot{b020229 com.mediatek.engineermode/com.mediatek.engineermode.EngineerMode,ident = 0} frame#115 (cancelDraw = false)
04-20 16:34:07.862718   231   269 D SurfaceFlinger: requestNextVsync(231)
04-20 16:34:07.868263   231   289 D SurfaceFlinger: postEvent(231, v/c=32634)
04-20 16:34:07.868263   231   287 D SurfaceFlinger: postEvent(15106, v/c=40454)
04-20 16:34:07.869538   231   231 D SurfaceFlinger: requestNextVsync(231)
04-20 16:34:07.869610 15106 15106 V ViewRootImpl: ViewRoot performTraversals+ : mFirst = false, this = ViewRoot{b020229 com.mediatek.engineermode/com.mediatek.engineermode.EngineerMode,ident = 0}
04-20 16:34:07.869732   231   231 D SurfaceFlinger: requestNextVsync(231)
04-20 16:34:07.870495 15106 15106 V DisplayEventReceiver: call nativeScheduleVsync mReceiverPtr = 548132294720
04-20 16:34:07.870935   231   313 D SurfaceFlinger: requestNextVsync(15106)
04-20 16:34:07.874235 15106 15106 V ViewRootImpl: ViewRoot performTraversals and draw- : mResizeBuffer = null, mResizeAlpha = 0, this = ViewRoot{b020229 com.mediatek.engineermode/com.mediatek.engineermode.EngineerMode,ident = 0} frame#116 (cancelDraw = false)
04-20 16:34:07.878609   231   267 D SurfaceFlinger: requestNextVsync(231)
04-20 16:34:07.884486   231   287 D SurfaceFlinger: postEvent(15106, v/c=40455)
04-20 16:34:07.884486   231   289 D SurfaceFlinger: postEvent(231, v/c=32635)
04-20 16:34:07.885802   231   231 D SurfaceFlinger: requestNextVsync(231)
04-20 16:34:07.885895 15106 15106 V ViewRootImpl: ViewRoot performTraversals+ : mFirst = false, this = ViewRoot{b020229 com.mediatek.engineermode/com.mediatek.engineermode.EngineerMode,ident = 0}
04-20 16:34:07.885997   231   231 D SurfaceFlinger: requestNextVsync(231)
04-20 16:34:07.886749 15106 15106 V DisplayEventReceiver: call nativeScheduleVsync mReceiverPtr = 548132294720
04-20 16:34:07.887166   231   269 D SurfaceFlinger: requestNextVsync(15106)
04-20 16:34:07.889913 15106 15106 V ViewRootImpl: ViewRoot performTraversals and draw- : mResizeBuffer = null, mResizeAlpha = 0, this = ViewRoot{b020229 com.mediatek.engineermode/com.mediatek.engineermode.EngineerMode,ident = 0} frame#117 (cancelDraw = false)
04-20 16:34:07.894103   231  1738 D SurfaceFlinger: requestNextVsync(231)
04-20 16:34:07.900742   231   287 D SurfaceFlinger: postEvent(15106, v/c=40456)
04-20 16:34:07.900742   231   289 D SurfaceFlinger: postEvent(231, v/c=32636)
04-20 16:34:07.901968   231   231 D SurfaceFlinger: requestNextVsync(231)
04-20 16:34:07.902090 15106 15106 V ViewRootImpl: ViewRoot performTraversals+ : mFirst = false, this = ViewRoot{b020229 com.mediatek.engineermode/com.mediatek.engineermode.EngineerMode,ident = 0}
04-20 16:34:07.902161   231   231 D SurfaceFlinger: requestNextVsync(231)
04-20 16:34:07.903197 15106 15106 V DisplayEventReceiver: call nativeScheduleVsync mReceiverPtr = 548132294720
04-20 16:34:07.903683   231   267 D SurfaceFlinger: requestNextVsync(15106)
04-20 16:34:07.905117 15106 15106 V ViewRootImpl: ViewRoot performTraversals and draw- : mResizeBuffer = null, mResizeAlpha = 0, this = ViewRoot{b020229 com.mediatek.engineermode/com.mediatek.engineermode.EngineerMode,ident = 0} frame#118 (cancelDraw = false)
04-20 16:34:07.909074   231  1039 D SurfaceFlinger: requestNextVsync(231)
04-20 16:34:07.916984   231   287 D SurfaceFlinger: postEvent(15106, v/c=40457)
04-20 16:34:07.916984   231   289 D SurfaceFlinger: postEvent(231, v/c=32637)
04-20 16:34:07.918174 15106 15106 V DisplayEventReceiver: call nativeScheduleVsync mReceiverPtr = 548132294720
04-20 16:34:07.918222   231   231 D SurfaceFlinger: requestNextVsync(231)
04-20 16:34:07.918386   231   231 D SurfaceFlinger: requestNextVsync(231)
04-20 16:34:07.918840   231  1738 D SurfaceFlinger: requestNextVsync(15106)
04-20 16:34:07.918957 15106 15106 V ViewRootImpl: ViewRoot performTraversals+ : mFirst = false, this = ViewRoot{b020229 com.mediatek.engineermode/com.mediatek.engineermode.EngineerMode,ident = 0}
04-20 16:34:07.921471 15106 15106 V ViewRootImpl: ViewRoot performTraversals and draw- : mResizeBuffer = null, mResizeAlpha = 0, this = ViewRoot{b020229 com.mediatek.engineermode/com.mediatek.engineermode.EngineerMode,ident = 0} frame#119 (cancelDraw = false)
04-20 16:34:07.925611   231   313 D SurfaceFlinger: requestNextVsync(231)
04-20 16:34:07.933226   231   289 D SurfaceFlinger: postEvent(231, v/c=32638)
04-20 16:34:07.933227   231   287 D SurfaceFlinger: postEvent(15106, v/c=40458)
04-20 16:34:07.934512 15106 15106 V DisplayEventReceiver: call nativeScheduleVsync mReceiverPtr = 548132294720
04-20 16:34:07.934533   231   231 D SurfaceFlinger: requestNextVsync(231)
04-20 16:34:07.934760   231   231 D SurfaceFlinger: requestNextVsync(231)
04-20 16:34:07.934972   231  1039 D SurfaceFlinger: requestNextVsync(15106)
04-20 16:34:07.935690 15106 15106 V ViewRootImpl: ViewRoot performTraversals+ : mFirst = false, this = ViewRoot{b020229 com.mediatek.engineermode/com.mediatek.engineermode.EngineerMode,ident = 0}
04-20 16:34:07.938126 15106 15106 V ViewRootImpl: ViewRoot performTraversals and draw- : mResizeBuffer = null, mResizeAlpha = 0, this = ViewRoot{b020229 com.mediatek.engineermode/com.mediatek.engineermode.EngineerMode,ident = 0} frame#120 (cancelDraw = false)
04-20 16:34:07.941879   231   269 D SurfaceFlinger: requestNextVsync(231)
04-20 16:34:07.949479   231   287 D SurfaceFlinger: postEvent(15106, v/c=40459)
04-20 16:34:07.949484   231   289 D SurfaceFlinger: postEvent(231, v/c=32639)
04-20 16:34:07.950786   231   231 D SurfaceFlinger: requestNextVsync(231)
04-20 16:34:07.950836 15106 15106 V DisplayEventReceiver: call nativeScheduleVsync mReceiverPtr = 548132294720
04-20 16:34:07.950979   231   231 D SurfaceFlinger: requestNextVsync(231)
04-20 16:34:07.951372   231   313 D SurfaceFlinger: requestNextVsync(15106)
04-20 16:34:07.951603 15106 15106 V ViewRootImpl: ViewRoot performTraversals+ : mFirst = false, this = ViewRoot{b020229 com.mediatek.engineermode/com.mediatek.engineermode.EngineerMode,ident = 0}
04-20 16:34:07.954285 15106 15106 V ViewRootImpl: ViewRoot performTraversals and draw- : mResizeBuffer = null, mResizeAlpha = 0, this = ViewRoot{b020229 com.mediatek.engineermode/com.mediatek.engineermode.EngineerMode,ident = 0} frame#121 (cancelDraw = false)
04-20 16:34:07.958062   231   267 D SurfaceFlinger: requestNextVsync(231)
04-20 16:34:07.965733   231   289 D SurfaceFlinger: postEvent(231, v/c=32640)
04-20 16:34:07.965733   231   287 D SurfaceFlinger: postEvent(15106, v/c=40460)
04-20 16:34:07.967055 15106 15106 V DisplayEventReceiver: call nativeScheduleVsync mReceiverPtr = 548132294720
04-20 16:34:07.967061   231   231 D SurfaceFlinger: requestNextVsync(231)
04-20 16:34:07.967340   231   231 D SurfaceFlinger: requestNextVsync(231)
04-20 16:34:07.967533   231   269 D SurfaceFlinger: requestNextVsync(15106)
04-20 16:34:07.967833 15106 15106 V ViewRootImpl: ViewRoot performTraversals+ : mFirst = false, this = ViewRoot{b020229 com.mediatek.engineermode/com.mediatek.engineermode.EngineerMode,ident = 0}
04-20 16:34:07.969794 15106 15106 V ViewRootImpl: ViewRoot performTraversals and draw- : mResizeBuffer = null, mResizeAlpha = 0, this = ViewRoot{b020229 com.mediatek.engineermode/com.mediatek.engineermode.EngineerMode,ident = 0} frame#122 (cancelDraw = false)
04-20 16:34:07.973644   231  1738 D SurfaceFlinger: requestNextVsync(231)
04-20 16:34:07.981998   231   287 D SurfaceFlinger: postEvent(15106, v/c=40461)
04-20 16:34:07.982221   231   289 D SurfaceFlinger: postEvent(231, v/c=32641)
04-20 16:34:07.983455 15106 15106 V DisplayEventReceiver: call nativeScheduleVsync mReceiverPtr = 548132294720
04-20 16:34:07.983639   231   231 D SurfaceFlinger: requestNextVsync(231)
04-20 16:34:07.983824   231   231 D SurfaceFlinger: requestNextVsync(231)
04-20 16:34:07.983929   231   267 D SurfaceFlinger: requestNextVsync(15106)
04-20 16:34:07.984384 15106 15106 V ViewRootImpl: ViewRoot performTraversals+ : mFirst = false, this = ViewRoot{b020229 com.mediatek.engineermode/com.mediatek.engineermode.EngineerMode,ident = 0}
04-20 16:34:07.986372 15106 15106 V ViewRootImpl: ViewRoot performTraversals and draw- : mResizeBuffer = null, mResizeAlpha = 0, this = ViewRoot{b020229 com.mediatek.engineermode/com.mediatek.engineermode.EngineerMode,ident = 0} frame#123 (cancelDraw = false)
04-20 16:34:07.990383   231  1039 D SurfaceFlinger: requestNextVsync(231)
04-20 16:34:07.998219   231   287 D SurfaceFlinger: postEvent(15106, v/c=40462)
04-20 16:34:07.998220   231   289 D SurfaceFlinger: postEvent(231, v/c=32642)
04-20 16:34:07.999519   231   231 D SurfaceFlinger: requestNextVsync(231)
04-20 16:34:07.999606 15106 15106 V DisplayEventReceiver: call nativeScheduleVsync mReceiverPtr = 548132294720
04-20 16:34:07.999707   231   231 D SurfaceFlinger: requestNextVsync(231)
04-20 16:34:07.999958   231  1738 D SurfaceFlinger: requestNextVsync(15106)
04-20 16:34:08.000260 15106 15106 V ViewRootImpl: ViewRoot performTraversals+ : mFirst = false, this = ViewRoot{b020229 com.mediatek.engineermode/com.mediatek.engineermode.EngineerMode,ident = 0}
04-20 16:34:08.003210 15106 15106 V ViewRootImpl: ViewRoot performTraversals and draw- : mResizeBuffer = null, mResizeAlpha = 0, this = ViewRoot{b020229 com.mediatek.engineermode/com.mediatek.engineermode.EngineerMode,ident = 0} frame#124 (cancelDraw = false)
04-20 16:34:08.006890   231   313 D SurfaceFlinger: requestNextVsync(231)
04-20 16:34:08.014460   231   287 D SurfaceFlinger: postEvent(15106, v/c=40463)
04-20 16:34:08.014460   231   289 D SurfaceFlinger: postEvent(231, v/c=32643)
04-20 16:34:08.015635   231   231 D SurfaceFlinger: requestNextVsync(231)
04-20 16:34:08.015828   231   231 D SurfaceFlinger: requestNextVsync(231)
04-20 16:34:08.016175 15106 15106 I EM/PrefsFragment: setUserVisibleHint : false index of 4
04-20 16:34:08.016499 15106 15106 I EM/PrefsFragment: setUserVisibleHint : false index of 2
04-20 16:34:08.016711 15106 15106 I EM/PrefsFragment: setUserVisibleHint : true index of 3
04-20 16:34:08.017262 15106 15106 D PreferenceFragment: addPreferencesFromResource, resId = 2130968581, this = PrefsFragment{d683305 #3 id=0x7f0b03b9 3}
04-20 16:34:08.017599 15106 15106 D PreferenceManager: inflateFromResource
04-20 16:34:08.019246 15106 15106 D PreferenceGroup: addPreference, child key = location_basedservice, child title = Location Based Service, key = null, title = null
04-20 16:34:08.019595 15106 15106 V Preference: isEnabled, mEnabled = true, mDependencyMet = true, mParentDependencyMet = true, key = null, title = null
04-20 16:34:08.019873 15106 15106 D Preference: onParentChanged, mParentDependencyMet = true, disableChild = false, key = location_basedservice, title = Location Based Service
04-20 16:34:08.020796 15106 15106 D PreferenceGroup: addPreference, child key = fused_location_provider, child title = Fused Location Provider, key = null, title = null
04-20 16:34:08.021050 15106 15106 V Preference: isEnabled, mEnabled = true, mDependencyMet = true, mParentDependencyMet = true, key = null, title = null
04-20 16:34:08.021274 15106 15106 D Preference: onParentChanged, mParentDependencyMet = true, disableChild = false, key = fused_location_provider, title = Fused Location Provider
04-20 16:34:08.022038 15106 15106 D PreferenceGroup: addPreference, child key = auto_dialer, child title = Auto Dialer, key = null, title = null
04-20 16:34:08.022898 15106 15106 V Preference: isEnabled, mEnabled = true, mDependencyMet = true, mParentDependencyMet = true, key = null, title = null
04-20 16:34:08.023182 15106 15106 D Preference: onParentChanged, mParentDependencyMet = true, disableChild = false, key = auto_dialer, title = Auto Dialer
04-20 16:34:08.024077 15106 15106 D PreferenceGroup: addPreference, child key = ygps, child title = YGPS, key = null, title = null
04-20 16:34:08.024351 15106 15106 V Preference: isEnabled, mEnabled = true, mDependencyMet = true, mParentDependencyMet = true, key = null, title = null
04-20 16:34:08.024598 15106 15106 D Preference: onParentChanged, mParentDependencyMet = true, disableChild = false, key = ygps, title = YGPS
04-20 16:34:08.025382 15106 15106 D PreferenceGroup: addPreference, child key = cw_test, child title = CW Test, key = null, title = null
04-20 16:34:08.025627 15106 15106 V Preference: isEnabled, mEnabled = true, mDependencyMet = true, mParentDependencyMet = true, key = null, title = null
04-20 16:34:08.025846 15106 15106 D Preference: onParentChanged, mParentDependencyMet = true, disableChild = false, key = cw_test, title = CW Test
04-20 16:34:08.026657 15106 15106 D PreferenceFragment: postBindPreferences, this = PrefsFragment{d683305 #3 id=0x7f0b03b9 3}
04-20 16:34:08.027400 15106 15106 I EM_ModemCategory: mode = 1
04-20 16:34:08.027711 15106 15106 D SettingsInterface:  from settings cache , name = nfc_controller_code , value = null
04-20 16:34:08.028196 15106 15106 D PreferenceGroup: removePreferenceInt, child key = fused_location_provider, child title = Fused Location Provider, key = null, title = null
04-20 16:34:08.028585 15106 15106 I EM/PrefsFragment: sIsVoiceCapable : true
04-20 16:34:08.029933 15106 15106 I EM/PrefsFragment: bWifiOnly: false
04-20 16:34:08.030411 15106 15106 I EM/PrefsFragment: sIsVoiceCapable : true
04-20 16:34:08.030817   231   289 D SurfaceFlinger: postEvent(231, v/c=32644)
04-20 16:34:08.031931 15106 15106 I EM/PrefsFragment: bWifiOnly: false
04-20 16:34:08.033455 15106 15106 I EM/PrefsFragment: bWifiOnly: false
04-20 16:34:08.034144 15106 15106 I EM/PrefsFragment: ChipSupport.getChip(): 66
04-20 16:34:08.045706  1102  1102 D StatusBar: Close float panel.
04-20 16:34:08.045890  1102  1102 D StatusBar: closeFloatPanel: mFloatPanelView = null,visible = 0, shown = null
04-20 16:34:08.093388 15106 15106 I EM/PrefsFragment: ro.mtk_usb_cba_support is 0
04-20 16:34:08.093743 15106 15106 I EM/PrefsFragment: Not show entry for DEVREG.
04-20 16:34:08.096258   342  1211 D AudioFlinger: +getParameters(): MTK_VOW_SUPPORT
04-20 16:34:08.096371   342  1211 D AudioALSAHardware: +getParameters(), key = MTK_VOW_SUPPORT
04-20 16:34:08.096474   342  1211 D AudioALSAHardware: -getParameters(), return "MTK_VOW_SUPPORT=false"
04-20 16:34:08.096549   342  1211 I str_params: key: 'MTK_VOW_SUPPORT' value: ''
04-20 16:34:08.100819 15106 15106 V Preference: setEnabled, mEnabled = true, enabled = true, key = location_basedservice, title = Location Based Service
04-20 16:34:08.103178 15106 15106 V Preference: setEnabled, mEnabled = true, enabled = true, key = auto_dialer, title = Auto Dialer
04-20 16:34:08.105574 15106 15106 V Preference: setEnabled, mEnabled = true, enabled = true, key = ygps, title = YGPS
04-20 16:34:08.107869 15106 15106 V Preference: setEnabled, mEnabled = true, enabled = true, key = cw_test, title = CW Test
04-20 16:34:08.108751 15106 15106 V DisplayEventReceiver: call nativeScheduleVsync mReceiverPtr = 548132294720
04-20 16:34:08.109095   231  1039 D SurfaceFlinger: requestNextVsync(15106)
04-20 16:34:08.112143   231   287 D SurfaceFlinger: postEvent(15106, v/c=40465)
04-20 16:34:08.112298 15106 15106 V ViewRootImpl: ViewRoot performTraversals+ : mFirst = false, this = ViewRoot{b020229 com.mediatek.engineermode/com.mediatek.engineermode.EngineerMode,ident = 0}
04-20 16:34:08.118353 15106 15106 V ViewRootImpl: ViewRoot performTraversals and draw- : mResizeBuffer = null, mResizeAlpha = 0, this = ViewRoot{b020229 com.mediatek.engineermode/com.mediatek.engineermode.EngineerMode,ident = 0} frame#125 (cancelDraw = false)
04-20 16:34:08.119104 15106 15106 D StrictMode: handleViolation; policy=2621447
04-20 16:34:08.119364 15106 15106 D StrictMode: handleViolation; policy=2621447
04-20 16:34:08.220556 15106 15106 D StrictMode: handleViolation; policy=2621447
04-20 16:34:08.221567   231  1738 D SurfaceFlinger: requestNextVsync(231)
04-20 16:34:08.222145 15106 15106 V ViewRootImpl: ViewRoot performTraversals+ : mFirst = false, this = ViewRoot{b020229 com.mediatek.engineermode/com.mediatek.engineermode.EngineerMode,ident = 0}
04-20 16:34:08.222681 15106 15106 V ViewRootImpl: ViewRoot performTraversals and draw- : mResizeBuffer = null, mResizeAlpha = 0, this = ViewRoot{b020229 com.mediatek.engineermode/com.mediatek.engineermode.EngineerMode,ident = 0} frame#127 (cancelDraw = false)
04-20 16:34:08.223373 15106 15106 V InputMethodManager: START INPUT: android.widget.ListView{574058b VFED.VC.. .F...... 0,0-768,1166 #102000a android:id/list} ic=null tba=android.view.inputmethod.EditorInfo@cc3a4ee controlFlags=#100
04-20 16:34:08.225776   231   289 D SurfaceFlinger: postEvent(231, v/c=32648)
04-20 16:34:08.406554   964  1059 D PerfServiceManager: [PerfService] MESSAGE_TIMEOUT:105 
04-20 16:34:08.407070   964  1059 I libPerfService: 5: set: 1
04-20 16:34:08.407420   964  1059 I libPerfService: 5: set freq: 0
04-20 16:34:08.407503   964  1059 I libPerfService: 5: set vcore level: 0
04-20 16:34:08.408452   964  1059 D PerfServiceManager: [PerfService] set utilization:0.8 
04-20 16:34:08.757258   964  1007 D InputReader: AP_PROF:AppLaunch_dispatchPtr:Down:22337904, ID:0, Index:-1663946816
04-20 16:34:08.757418   964  1007 I PerfService: PerfServiceNative_boostEnableAsync:3
04-20 16:34:08.758390   964  1059 I libPerfService: 3: set freq: 819000
04-20 16:34:08.758841  1102  1102 V ViewRootImpl: enqueueInputEvent: event = MotionEvent { action=ACTION_OUTSIDE, actionButton=0, id[0]=0, x[0]=0.0, y[0]=0.0, toolType[0]=TOOL_TYPE_FINGER, buttonState=0, metaState=0, flags=0x0, edgeFlags=0x0, pointerCount=1, historySize=0, eventTime=22337904, downTime=22337904, deviceId=1, source=0x1002 },processImmediately = true,mProcessInputEventsScheduled = false, this = ViewRoot{78da969 NavigationBar,ident = 2}
04-20 16:34:08.758853   964  1059 I libPerfService: 3: set: 3
04-20 16:34:08.759734  1102  1102 V ViewRootImpl: finishInputEvent: handled = false,event = MotionEvent { action=ACTION_OUTSIDE, actionButton=0, id[0]=0, x[0]=0.0, y[0]=0.0, toolType[0]=TOOL_TYPE_FINGER, buttonState=0, metaState=0, flags=0x0, edgeFlags=0x0, pointerCount=1, historySize=0, eventTime=22337904, downTime=22337904, deviceId=1, source=0x1002 }, stage = 11: Synthetic input stage, this = ViewRoot{78da969 NavigationBar,ident = 2}
04-20 16:34:08.760368  1102  1102 V ViewRootImpl: enqueueInputEvent: event = MotionEvent { action=ACTION_OUTSIDE, actionButton=0, id[0]=0, x[0]=0.0, y[0]=0.0, toolType[0]=TOOL_TYPE_FINGER, buttonState=0, metaState=0, flags=0x0, edgeFlags=0x0, pointerCount=1, historySize=0, eventTime=22337904, downTime=22337904, deviceId=1, source=0x1002 },processImmediately = true,mProcessInputEventsScheduled = false, this = ViewRoot{9bd9b3e StatusBar,ident = 0}
04-20 16:34:08.760792  1102  1102 V ViewRootImpl: finishInputEvent: handled = false,event = MotionEvent { action=ACTION_OUTSIDE, actionButton=0, id[0]=0, x[0]=0.0, y[0]=0.0, toolType[0]=TOOL_TYPE_FINGER, buttonState=0, metaState=0, flags=0x0, edgeFlags=0x0, pointerCount=1, historySize=0, eventTime=22337904, downTime=22337904, deviceId=1, source=0x1002 }, stage = 11: Synthetic input stage, this = ViewRoot{9bd9b3e StatusBar,ident = 0}
04-20 16:34:08.762077 15106 15106 V ViewRootImpl: enqueueInputEvent: event = MotionEvent { action=ACTION_DOWN, actionButton=0, id[0]=0, x[0]=521.32117, y[0]=833.3899, toolType[0]=TOOL_TYPE_FINGER, buttonState=0, metaState=0, flags=0x0, edgeFlags=0x0, pointerCount=1, historySize=0, eventTime=22337904, downTime=22337904, deviceId=1, source=0x1002 },processImmediately = true,mProcessInputEventsScheduled = false, this = ViewRoot{b020229 com.mediatek.engineermode/com.mediatek.engineermode.EngineerMode,ident = 0}
04-20 16:34:08.765792 15106 15106 I View    : Touch down dispatch to android.widget.ListView{574058b VFED.VC.. .F...... 0,0-768,1166 #102000a android:id/list}, event = MotionEvent { action=ACTION_DOWN, actionButton=0, id[0]=0, x[0]=521.32117, y[0]=693.3899, toolType[0]=TOOL_TYPE_FINGER, buttonState=0, metaState=0, flags=0x0, edgeFlags=0x0, pointerCount=1, historySize=0, eventTime=22337904, downTime=22337904, deviceId=1, source=0x1002 }
04-20 16:34:08.766799 15106 15106 V ViewRootImpl: App handle pointer event: event = MotionEvent { action=ACTION_DOWN, actionButton=0, id[0]=0, x[0]=521.32117, y[0]=833.3899, toolType[0]=TOOL_TYPE_FINGER, buttonState=0, metaState=0, flags=0x0, edgeFlags=0x0, pointerCount=1, historySize=0, eventTime=22337904, downTime=22337904, deviceId=1, source=0x1002 }, mView = com.android.internal.policy.PhoneWindow$DecorView{42020ea V.E...... R....... 0,0-768,1306}, this = android.view.ViewRootImpl$ViewPostImeInputStage@f9e07d8
04-20 16:34:08.767387 15106 15106 V ViewRootImpl: finishInputEvent: handled = true,event = MotionEvent { action=ACTION_DOWN, actionButton=0, id[0]=0, x[0]=521.32117, y[0]=833.3899, toolType[0]=TOOL_TYPE_FINGER, buttonState=0, metaState=0, flags=0x0, edgeFlags=0x0, pointerCount=1, historySize=0, eventTime=22337904, downTime=22337904, deviceId=1, source=0x1002 }, stage = 10: View Post IME stage, this = ViewRoot{b020229 com.mediatek.engineermode/com.mediatek.engineermode.EngineerMode,ident = 0}
04-20 16:34:08.777712 15106 15106 V DisplayEventReceiver: call nativeScheduleVsync mReceiverPtr = 548132294720
04-20 16:34:08.778223   231   267 D SurfaceFlinger: requestNextVsync(15106)
04-20 16:34:08.794062   231   287 D SurfaceFlinger: postEvent(15106, v/c=40468)
04-20 16:34:08.795702 15106 15106 V ViewRootImpl: enqueueInputEvent: event = MotionEvent { action=ACTION_MOVE, actionButton=0, id[0]=0, x[0]=511.50317, y[0]=833.3899, toolType[0]=TOOL_TYPE_FINGER, buttonState=0, metaState=0, flags=0x0, edgeFlags=0x0, pointerCount=1, historySize=1, eventTime=22337932, downTime=22337904, deviceId=1, source=0x1002 },processImmediately = true,mProcessInputEventsScheduled = false, this = ViewRoot{b020229 com.mediatek.engineermode/com.mediatek.engineermode.EngineerMode,ident = 0}
04-20 16:34:08.798398 15106 15106 V ViewRootImpl: App handle pointer event: event = MotionEvent { action=ACTION_MOVE, actionButton=0, id[0]=0, x[0]=511.50317, y[0]=833.3899, toolType[0]=TOOL_TYPE_FINGER, buttonState=0, metaState=0, flags=0x0, edgeFlags=0x0, pointerCount=1, historySize=1, eventTime=22337932, downTime=22337904, deviceId=1, source=0x1002 }, mView = com.android.internal.policy.PhoneWindow$DecorView{42020ea V.E...... R....... 0,0-768,1306}, this = android.view.ViewRootImpl$ViewPostImeInputStage@f9e07d8
04-20 16:34:08.799005 15106 15106 V ViewRootImpl: finishInputEvent: handled = true,event = MotionEvent { action=ACTION_MOVE, actionButton=0, id[0]=0, x[0]=511.50317, y[0]=833.3899, toolType[0]=TOOL_TYPE_FINGER, buttonState=0, metaState=0, flags=0x0, edgeFlags=0x0, pointerCount=1, historySize=1, eventTime=22337932, downTime=22337904, deviceId=1, source=0x1002 }, stage = 10: View Post IME stage, this = ViewRoot{b020229 com.mediatek.engineermode/com.mediatek.engineermode.EngineerMode,ident = 0}
04-20 16:34:08.799466 15106 15106 V DisplayEventReceiver: call nativeScheduleVsync mReceiverPtr = 548132294720
04-20 16:34:08.799854   231   269 D SurfaceFlinger: requestNextVsync(15106)
04-20 16:34:08.810341   231   287 D SurfaceFlinger: postEvent(15106, v/c=40469)
04-20 16:34:08.811735 15106 15106 V ViewRootImpl: enqueueInputEvent: event = MotionEvent { action=ACTION_MOVE, actionButton=0, id[0]=0, x[0]=476.50015, y[0]=829.18414, toolType[0]=TOOL_TYPE_FINGER, buttonState=0, metaState=0, flags=0x0, edgeFlags=0x0, pointerCount=1, historySize=1, eventTime=22337952, downTime=22337904, deviceId=1, source=0x1002 },processImmediately = true,mProcessInputEventsScheduled = false, this = ViewRoot{b020229 com.mediatek.engineermode/com.mediatek.engineermode.EngineerMode,ident = 0}
04-20 16:34:08.813606 15106 15106 V DisplayEventReceiver: call nativeScheduleVsync mReceiverPtr = 548132294720
04-20 16:34:08.814094   231   313 D SurfaceFlinger: requestNextVsync(15106)
04-20 16:34:08.816151 15106 15106 V ViewRootImpl: App handle pointer event: event = MotionEvent { action=ACTION_MOVE, actionButton=0, id[0]=0, x[0]=476.50015, y[0]=829.18414, toolType[0]=TOOL_TYPE_FINGER, buttonState=0, metaState=0, flags=0x0, edgeFlags=0x0, pointerCount=1, historySize=1, eventTime=22337952, downTime=22337904, deviceId=1, source=0x1002 }, mView = com.android.internal.policy.PhoneWindow$DecorView{42020ea V.E...... R......D 0,0-768,1306}, this = android.view.ViewRootImpl$ViewPostImeInputStage@f9e07d8
04-20 16:34:08.816854 15106 15106 V ViewRootImpl: finishInputEvent: handled = true,event = MotionEvent { action=ACTION_MOVE, actionButton=0, id[0]=0, x[0]=476.50015, y[0]=829.18414, toolType[0]=TOOL_TYPE_FINGER, buttonState=0, metaState=0, flags=0x0, edgeFlags=0x0, pointerCount=1, historySize=1, eventTime=22337952, downTime=22337904, deviceId=1, source=0x1002 }, stage = 10: View Post IME stage, this = ViewRoot{b020229 com.mediatek.engineermode/com.mediatek.engineermode.EngineerMode,ident = 0}
04-20 16:34:08.817709 15106 15106 V ViewRootImpl: ViewRoot performTraversals+ : mFirst = false, this = ViewRoot{b020229 com.mediatek.engineermode/com.mediatek.engineermode.EngineerMode,ident = 0}
04-20 16:34:08.822860 15106 15106 V ViewRootImpl: ViewRoot performTraversals and draw- : mResizeBuffer = null, mResizeAlpha = 0, this = ViewRoot{b020229 com.mediatek.engineermode/com.mediatek.engineermode.EngineerMode,ident = 0} frame#128 (cancelDraw = false)
04-20 16:34:08.826681   231   287 D SurfaceFlinger: postEvent(15106, v/c=40470)
04-20 16:34:08.828220   231  1738 D SurfaceFlinger: requestNextVsync(231)
04-20 16:34:08.828417   231  1738 I BufferQueueProducer: [com.mediatek.engineermode/com.mediatek.engineermode.EngineerMode](this:0x7f76cd2400,id:284,api:1,p:15106,c:231) queueBuffer: fps=25.74 dur=1320.75 max=606.68 min=12.27
04-20 16:34:08.828652 15106 15106 V ViewRootImpl: enqueueInputEvent: event = MotionEvent { action=ACTION_MOVE, actionButton=0, id[0]=0, x[0]=421.25067, y[0]=830.3921, toolType[0]=TOOL_TYPE_FINGER, buttonState=0, metaState=0, flags=0x0, edgeFlags=0x0, pointerCount=1, historySize=1, eventTime=22337968, downTime=22337904, deviceId=1, source=0x1002 },processImmediately = true,mProcessInputEventsScheduled = false, this = ViewRoot{b020229 com.mediatek.engineermode/com.mediatek.engineermode.EngineerMode,ident = 0}
04-20 16:34:08.830375 15106 15106 V DisplayEventReceiver: call nativeScheduleVsync mReceiverPtr = 548132294720
04-20 16:34:08.830951   231   267 D SurfaceFlinger: requestNextVsync(15106)
04-20 16:34:08.833383 15106 15106 V ViewRootImpl: App handle pointer event: event = MotionEvent { action=ACTION_MOVE, actionButton=0, id[0]=0, x[0]=421.25067, y[0]=830.3921, toolType[0]=TOOL_TYPE_FINGER, buttonState=0, metaState=0, flags=0x0, edgeFlags=0x0, pointerCount=1, historySize=1, eventTime=22337968, downTime=22337904, deviceId=1, source=0x1002 }, mView = com.android.internal.policy.PhoneWindow$DecorView{42020ea V.E...... R......D 0,0-768,1306}, this = android.view.ViewRootImpl$ViewPostImeInputStage@f9e07d8
04-20 16:34:08.834357 15106 15106 V ViewRootImpl: finishInputEvent: handled = true,event = MotionEvent { action=ACTION_MOVE, actionButton=0, id[0]=0, x[0]=421.25067, y[0]=830.3921, toolType[0]=TOOL_TYPE_FINGER, buttonState=0, metaState=0, flags=0x0, edgeFlags=0x0, pointerCount=1, historySize=1, eventTime=22337968, downTime=22337904, deviceId=1, source=0x1002 }, stage = 10: View Post IME stage, this = ViewRoot{b020229 com.mediatek.engineermode/com.mediatek.engineermode.EngineerMode,ident = 0}
04-20 16:34:08.835645 15106 15106 V ViewRootImpl: ViewRoot performTraversals+ : mFirst = false, this = ViewRoot{b020229 com.mediatek.engineermode/com.mediatek.engineermode.EngineerMode,ident = 0}
04-20 16:34:08.838251 15106 15106 V ViewRootImpl: ViewRoot performTraversals and draw- : mResizeBuffer = null, mResizeAlpha = 0, this = ViewRoot{b020229 com.mediatek.engineermode/com.mediatek.engineermode.EngineerMode,ident = 0} frame#129 (cancelDraw = false)
04-20 16:34:08.842999   231   313 D SurfaceFlinger: requestNextVsync(231)
04-20 16:34:08.843133   231   287 D SurfaceFlinger: postEvent(15106, v/c=40471)
04-20 16:34:08.843265   231   289 D SurfaceFlinger: postEvent(231, v/c=32650)
04-20 16:34:08.844511   231   231 D SurfaceFlinger: requestNextVsync(231)
04-20 16:34:08.844693   231   231 D SurfaceFlinger: requestNextVsync(231)
04-20 16:34:08.844999 15106 15106 V ViewRootImpl: enqueueInputEvent: event = MotionEvent { action=ACTION_MOVE, actionButton=0, id[0]=0, x[0]=360.98352, y[0]=833.5874, toolType[0]=TOOL_TYPE_FINGER, buttonState=0, metaState=0, flags=0x0, edgeFlags=0x0, pointerCount=1, historySize=1, eventTime=22337985, downTime=22337904, deviceId=1, source=0x1002 },processImmediately = true,mProcessInputEventsScheduled = false, this = ViewRoot{b020229 com.mediatek.engineermode/com.mediatek.engineermode.EngineerMode,ident = 0}
04-20 16:34:08.845174   231   231 I SurfaceFlinger: [Built-in Screen (type:0)] fps:25.502708,dur:1333.19,max:617.94,min:15.56
04-20 16:34:08.847695 15106 15106 V DisplayEventReceiver: call nativeScheduleVsync mReceiverPtr = 548132294720
04-20 16:34:08.848745   231  1039 D SurfaceFlinger: requestNextVsync(15106)
04-20 16:34:08.849541 15106 15106 V ViewRootImpl: App handle pointer event: event = MotionEvent { action=ACTION_MOVE, actionButton=0, id[0]=0, x[0]=360.98352, y[0]=833.5874, toolType[0]=TOOL_TYPE_FINGER, buttonState=0, metaState=0, flags=0x0, edgeFlags=0x0, pointerCount=1, historySize=1, eventTime=22337985, downTime=22337904, deviceId=1, source=0x1002 }, mView = com.android.internal.policy.PhoneWindow$DecorView{42020ea V.E...... R......D 0,0-768,1306}, this = android.view.ViewRootImpl$ViewPostImeInputStage@f9e07d8
04-20 16:34:08.850197 15106 15106 V ViewRootImpl: finishInputEvent: handled = true,event = MotionEvent { action=ACTION_MOVE, actionButton=0, id[0]=0, x[0]=360.98352, y[0]=833.5874, toolType[0]=TOOL_TYPE_FINGER, buttonState=0, metaState=0, flags=0x0, edgeFlags=0x0, pointerCount=1, historySize=1, eventTime=22337985, downTime=22337904, deviceId=1, source=0x1002 }, stage = 10: View Post IME stage, this = ViewRoot{b020229 com.mediatek.engineermode/com.mediatek.engineermode.EngineerMode,ident = 0}
04-20 16:34:08.850949 15106 15106 V ViewRootImpl: ViewRoot performTraversals+ : mFirst = false, this = ViewRoot{b020229 com.mediatek.engineermode/com.mediatek.engineermode.EngineerMode,ident = 0}
04-20 16:34:08.854963 15106 15106 V ViewRootImpl: ViewRoot performTraversals and draw- : mResizeBuffer = null, mResizeAlpha = 0, this = ViewRoot{b020229 com.mediatek.engineermode/com.mediatek.engineermode.EngineerMode,ident = 0} frame#130 (cancelDraw = false)
04-20 16:34:08.859528   231   289 D SurfaceFlinger: postEvent(231, v/c=32651)
04-20 16:34:08.859529   231   287 D SurfaceFlinger: postEvent(15106, v/c=40472)
04-20 16:34:08.861032   231   269 D SurfaceFlinger: requestNextVsync(231)
04-20 16:34:08.862202 15106 15106 V DisplayEventReceiver: call nativeScheduleVsync mReceiverPtr = 548132294720
04-20 16:34:08.863200   231   313 D SurfaceFlinger: requestNextVsync(15106)
04-20 16:34:08.874153   964  1007 D InputReader: AP_PROF:AppLaunch_dispatchPtr:Up:22338021, ID:0, Index:-1663943424
04-20 16:34:08.874293   964  1007 I PerfService: PerfServiceNative_boostEnableTimeoutMsAsync:3, 100
04-20 16:34:08.875638   231   289 D SurfaceFlinger: postEvent(231, v/c=32652)
04-20 16:34:08.875785   231   287 D SurfaceFlinger: postEvent(15106, v/c=40473)
04-20 16:34:08.876848 15106 15106 V ViewRootImpl: enqueueInputEvent: event = MotionEvent { action=ACTION_MOVE, actionButton=0, id[0]=0, x[0]=298.61118, y[0]=839.3855, toolType[0]=TOOL_TYPE_FINGER, buttonState=0, metaState=0, flags=0x0, edgeFlags=0x0, pointerCount=1, historySize=0, eventTime=22338002, downTime=22337904, deviceId=1, source=0x1002 },processImmediately = true,mProcessInputEventsScheduled = false, this = ViewRoot{b020229 com.mediatek.engineermode/com.mediatek.engineermode.EngineerMode,ident = 0}
04-20 16:34:08.880588 15106 15106 V ViewRootImpl: App handle pointer event: event = MotionEvent { action=ACTION_MOVE, actionButton=0, id[0]=0, x[0]=298.61118, y[0]=839.3855, toolType[0]=TOOL_TYPE_FINGER, buttonState=0, metaState=0, flags=0x0, edgeFlags=0x0, pointerCount=1, historySize=0, eventTime=22338002, downTime=22337904, deviceId=1, source=0x1002 }, mView = com.android.internal.policy.PhoneWindow$DecorView{42020ea V.E...... R......D 0,0-768,1306}, this = android.view.ViewRootImpl$ViewPostImeInputStage@f9e07d8
04-20 16:34:08.881116 15106 15106 V ViewRootImpl: finishInputEvent: handled = true,event = MotionEvent { action=ACTION_MOVE, actionButton=0, id[0]=0, x[0]=298.61118, y[0]=839.3855, toolType[0]=TOOL_TYPE_FINGER, buttonState=0, metaState=0, flags=0x0, edgeFlags=0x0, pointerCount=1, historySize=0, eventTime=22338002, downTime=22337904, deviceId=1, source=0x1002 }, stage = 10: View Post IME stage, this = ViewRoot{b020229 com.mediatek.engineermode/com.mediatek.engineermode.EngineerMode,ident = 0}
04-20 16:34:08.882148 15106 15106 V ViewRootImpl: enqueueInputEvent: event = MotionEvent { action=ACTION_UP, actionButton=0, id[0]=0, x[0]=298.61118, y[0]=839.3855, toolType[0]=TOOL_TYPE_FINGER, buttonState=0, metaState=0, flags=0x0, edgeFlags=0x0, pointerCount=1, historySize=0, eventTime=22338021, downTime=22337904, deviceId=1, source=0x1002 },processImmediately = true,mProcessInputEventsScheduled = false, this = ViewRoot{b020229 com.mediatek.engineermode/com.mediatek.engineermode.EngineerMode,ident = 0}
04-20 16:34:08.882571 15015 15025 I System  : FinalizerDaemon: finalize objects = 1566
04-20 16:34:08.884165 15106 15106 I View    : Touch up dispatch to android.support.v4.view.ViewPager{289f316 VFED..... .......D 0,0-768,1206 #7f0b03b9 app:id/viewpager}, event = MotionEvent { action=ACTION_UP, actionButton=0, id[0]=0, x[0]=298.61118, y[0]=739.3855, toolType[0]=TOOL_TYPE_FINGER, buttonState=0, metaState=0, flags=0x0, edgeFlags=0x0, pointerCount=1, historySize=0, eventTime=22338021, downTime=22337904, deviceId=1, source=0x1002 }
04-20 16:34:08.885113 15106 15106 V ViewRootImpl: App handle pointer event: event = MotionEvent { action=ACTION_UP, actionButton=0, id[0]=0, x[0]=298.61118, y[0]=839.3855, toolType[0]=TOOL_TYPE_FINGER, buttonState=0, metaState=0, flags=0x0, edgeFlags=0x0, pointerCount=1, historySize=0, eventTime=22338021, downTime=22337904, deviceId=1, source=0x1002 }, mView = com.android.internal.policy.PhoneWindow$DecorView{42020ea V.E...... R......D 0,0-768,1306}, this = android.view.ViewRootImpl$ViewPostImeInputStage@f9e07d8
04-20 16:34:08.885516 15106 15106 V ViewRootImpl: finishInputEvent: handled = true,event = MotionEvent { action=ACTION_UP, actionButton=0, id[0]=0, x[0]=298.61118, y[0]=839.3855, toolType[0]=TOOL_TYPE_FINGER, buttonState=0, metaState=0, flags=0x0, edgeFlags=0x0, pointerCount=1, historySize=0, eventTime=22338021, downTime=22337904, deviceId=1, source=0x1002 }, stage = 10: View Post IME stage, this = ViewRoot{b020229 com.mediatek.engineermode/com.mediatek.engineermode.EngineerMode,ident = 0}
04-20 16:34:08.886405 15106 15106 V ViewRootImpl: ViewRoot performTraversals+ : mFirst = false, this = ViewRoot{b020229 com.mediatek.engineermode/com.mediatek.engineermode.EngineerMode,ident = 0}
04-20 16:34:08.886927 15106 15106 V DisplayEventReceiver: call nativeScheduleVsync mReceiverPtr = 548132294720
04-20 16:34:08.887223   231  1039 D SurfaceFlinger: requestNextVsync(15106)
04-20 16:34:08.889376 15106 15106 V ViewRootImpl: ViewRoot performTraversals and draw- : mResizeBuffer = null, mResizeAlpha = 0, this = ViewRoot{b020229 com.mediatek.engineermode/com.mediatek.engineermode.EngineerMode,ident = 0} frame#131 (cancelDraw = false)
04-20 16:34:08.891724   231   287 D SurfaceFlinger: postEvent(15106, v/c=40474)
04-20 16:34:08.893469   231   267 D SurfaceFlinger: requestNextVsync(231)
04-20 16:34:08.893523 15106 15106 V ViewRootImpl: ViewRoot performTraversals+ : mFirst = false, this = ViewRoot{b020229 com.mediatek.engineermode/com.mediatek.engineermode.EngineerMode,ident = 0}
04-20 16:34:08.894402 15106 15106 V DisplayEventReceiver: call nativeScheduleVsync mReceiverPtr = 548132294720
04-20 16:34:08.894702   231   269 D SurfaceFlinger: requestNextVsync(15106)
04-20 16:34:08.896377 15106 15106 V ViewRootImpl: ViewRoot performTraversals and draw- : mResizeBuffer = null, mResizeAlpha = 0, this = ViewRoot{b020229 com.mediatek.engineermode/com.mediatek.engineermode.EngineerMode,ident = 0} frame#132 (cancelDraw = false)
04-20 16:34:08.899756   231  1039 D SurfaceFlinger: requestNextVsync(231)
04-20 16:34:08.908684   231   287 D SurfaceFlinger: postEvent(15106, v/c=40475)
04-20 16:34:08.908684   231   289 D SurfaceFlinger: postEvent(231, v/c=32654)
04-20 16:34:08.909652   231   231 D SurfaceFlinger: requestNextVsync(231)
04-20 16:34:08.909806   231   231 D SurfaceFlinger: requestNextVsync(231)
04-20 16:34:08.909829 15106 15106 V ViewRootImpl: ViewRoot performTraversals+ : mFirst = false, this = ViewRoot{b020229 com.mediatek.engineermode/com.mediatek.engineermode.EngineerMode,ident = 0}
04-20 16:34:08.910388 15106 15106 V DisplayEventReceiver: call nativeScheduleVsync mReceiverPtr = 548132294720
04-20 16:34:08.910800   231  1738 D SurfaceFlinger: requestNextVsync(15106)
04-20 16:34:08.913378 15106 15106 V ViewRootImpl: ViewRoot performTraversals and draw- : mResizeBuffer = null, mResizeAlpha = 0, this = ViewRoot{b020229 com.mediatek.engineermode/com.mediatek.engineermode.EngineerMode,ident = 0} frame#133 (cancelDraw = false)
04-20 16:34:08.917128   231   313 D SurfaceFlinger: requestNextVsync(231)
04-20 16:34:08.925107   231   287 D SurfaceFlinger: postEvent(15106, v/c=40476)
04-20 16:34:08.925313   231   289 D SurfaceFlinger: postEvent(231, v/c=32655)
04-20 16:34:08.926257   231   231 D SurfaceFlinger: requestNextVsync(231)
04-20 16:34:08.926348 15106 15106 V ViewRootImpl: ViewRoot performTraversals+ : mFirst = false, this = ViewRoot{b020229 com.mediatek.engineermode/com.mediatek.engineermode.EngineerMode,ident = 0}
04-20 16:34:08.926419   231   231 D SurfaceFlinger: requestNextVsync(231)
04-20 16:34:08.927140 15106 15106 V DisplayEventReceiver: call nativeScheduleVsync mReceiverPtr = 548132294720
04-20 16:34:08.927799   231  1039 D SurfaceFlinger: requestNextVsync(15106)
04-20 16:34:08.935361 15106 15106 V ViewRootImpl: ViewRoot performTraversals and draw- : mResizeBuffer = null, mResizeAlpha = 0, this = ViewRoot{b020229 com.mediatek.engineermode/com.mediatek.engineermode.EngineerMode,ident = 0} frame#134 (cancelDraw = false)
04-20 16:34:08.939051   231   269 D SurfaceFlinger: requestNextVsync(231)
04-20 16:34:08.941536   231   287 D SurfaceFlinger: postEvent(15106, v/c=40477)
04-20 16:34:08.941728   231   289 D SurfaceFlinger: postEvent(231, v/c=32656)
04-20 16:34:08.942820   231   231 D SurfaceFlinger: requestNextVsync(231)
04-20 16:34:08.942910 15106 15106 V ViewRootImpl: ViewRoot performTraversals+ : mFirst = false, this = ViewRoot{b020229 com.mediatek.engineermode/com.mediatek.engineermode.EngineerMode,ident = 0}
04-20 16:34:08.942970   231   231 D SurfaceFlinger: requestNextVsync(231)
04-20 16:34:08.943954 15106 15106 V DisplayEventReceiver: call nativeScheduleVsync mReceiverPtr = 548132294720
04-20 16:34:08.944420   231   313 D SurfaceFlinger: requestNextVsync(15106)
04-20 16:34:08.947552 15106 15106 V ViewRootImpl: ViewRoot performTraversals and draw- : mResizeBuffer = null, mResizeAlpha = 0, this = ViewRoot{b020229 com.mediatek.engineermode/com.mediatek.engineermode.EngineerMode,ident = 0} frame#135 (cancelDraw = false)
04-20 16:34:08.952206   231   267 D SurfaceFlinger: requestNextVsync(231)
04-20 16:34:08.955556 15035 15044 I System  : FinalizerDaemon: finalize objects = 91
04-20 16:34:08.957710   231   287 D SurfaceFlinger: postEvent(15106, v/c=40478)
04-20 16:34:08.957710   231   289 D SurfaceFlinger: postEvent(231, v/c=32657)
04-20 16:34:08.958654   231   231 D SurfaceFlinger: requestNextVsync(231)
04-20 16:34:08.958708 15106 15106 V ViewRootImpl: ViewRoot performTraversals+ : mFirst = false, this = ViewRoot{b020229 com.mediatek.engineermode/com.mediatek.engineermode.EngineerMode,ident = 0}
04-20 16:34:08.958818   231   231 D SurfaceFlinger: requestNextVsync(231)
04-20 16:34:08.959276 15106 15106 V DisplayEventReceiver: call nativeScheduleVsync mReceiverPtr = 548132294720
04-20 16:34:08.959684   231   269 D SurfaceFlinger: requestNextVsync(15106)
04-20 16:34:08.962134 15106 15106 V ViewRootImpl: ViewRoot performTraversals and draw- : mResizeBuffer = null, mResizeAlpha = 0, this = ViewRoot{b020229 com.mediatek.engineermode/com.mediatek.engineermode.EngineerMode,ident = 0} frame#136 (cancelDraw = false)
04-20 16:34:08.965645   231  1738 D SurfaceFlinger: requestNextVsync(231)
04-20 16:34:08.973941   231   287 D SurfaceFlinger: postEvent(15106, v/c=40479)
04-20 16:34:08.973942   231   289 D SurfaceFlinger: postEvent(231, v/c=32658)
04-20 16:34:08.974900   231   231 D SurfaceFlinger: requestNextVsync(231)
04-20 16:34:08.975045 15106 15106 V ViewRootImpl: ViewRoot performTraversals+ : mFirst = false, this = ViewRoot{b020229 com.mediatek.engineermode/com.mediatek.engineermode.EngineerMode,ident = 0}
04-20 16:34:08.975110   231   231 D SurfaceFlinger: requestNextVsync(231)
04-20 16:34:08.975542   964  1059 D PerfServiceManager: [PerfService] MESSAGE_TIMEOUT:103 
04-20 16:34:08.976126   964  1059 I libPerfService: 3: set: 3
04-20 16:34:08.976418   964  1059 I libPerfService: 3: set freq: 819000
04-20 16:34:08.976483   964  1059 I libPerfService: 3: set vcore level: 0
04-20 16:34:08.977007 15106 15106 V DisplayEventReceiver: call nativeScheduleVsync mReceiverPtr = 548132294720
04-20 16:34:08.977384   231   267 D SurfaceFlinger: requestNextVsync(15106)
04-20 16:34:08.979643 15106 15106 V ViewRootImpl: ViewRoot performTraversals and draw- : mResizeBuffer = null, mResizeAlpha = 0, this = ViewRoot{b020229 com.mediatek.engineermode/com.mediatek.engineermode.EngineerMode,ident = 0} frame#137 (cancelDraw = false)
04-20 16:34:08.983474   231  1039 D SurfaceFlinger: requestNextVsync(231)
04-20 16:34:08.990211   231   287 D SurfaceFlinger: postEvent(15106, v/c=40480)
04-20 16:34:08.990212   231   289 D SurfaceFlinger: postEvent(231, v/c=32659)
04-20 16:34:08.991222   231   231 D SurfaceFlinger: requestNextVsync(231)
04-20 16:34:08.991303 15106 15106 V ViewRootImpl: ViewRoot performTraversals+ : mFirst = false, this = ViewRoot{b020229 com.mediatek.engineermode/com.mediatek.engineermode.EngineerMode,ident = 0}
04-20 16:34:08.991379   231   231 D SurfaceFlinger: requestNextVsync(231)
04-20 16:34:08.991856 15106 15106 V DisplayEventReceiver: call nativeScheduleVsync mReceiverPtr = 548132294720
04-20 16:34:08.992273   231  1738 D SurfaceFlinger: requestNextVsync(15106)
04-20 16:34:08.994839 15106 15106 V ViewRootImpl: ViewRoot performTraversals and draw- : mResizeBuffer = null, mResizeAlpha = 0, this = ViewRoot{b020229 com.mediatek.engineermode/com.mediatek.engineermode.EngineerMode,ident = 0} frame#138 (cancelDraw = false)
04-20 16:34:08.998142   231   313 D SurfaceFlinger: requestNextVsync(231)
04-20 16:34:09.006465   231   287 D SurfaceFlinger: postEvent(15106, v/c=40481)
04-20 16:34:09.006466   231   289 D SurfaceFlinger: postEvent(231, v/c=32660)
04-20 16:34:09.007435   231   231 D SurfaceFlinger: requestNextVsync(231)
04-20 16:34:09.007566 15106 15106 V ViewRootImpl: ViewRoot performTraversals+ : mFirst = false, this = ViewRoot{b020229 com.mediatek.engineermode/com.mediatek.engineermode.EngineerMode,ident = 0}
04-20 16:34:09.007587   231   231 D SurfaceFlinger: requestNextVsync(231)
04-20 16:34:09.008123 15106 15106 V DisplayEventReceiver: call nativeScheduleVsync mReceiverPtr = 548132294720
04-20 16:34:09.008537   231  1039 D SurfaceFlinger: requestNextVsync(15106)
04-20 16:34:09.010899 15106 15106 V ViewRootImpl: ViewRoot performTraversals and draw- : mResizeBuffer = null, mResizeAlpha = 0, this = ViewRoot{b020229 com.mediatek.engineermode/com.mediatek.engineermode.EngineerMode,ident = 0} frame#139 (cancelDraw = false)
04-20 16:34:09.014396   231   269 D SurfaceFlinger: requestNextVsync(231)
04-20 16:34:09.022714   231   289 D SurfaceFlinger: postEvent(231, v/c=32661)
04-20 16:34:09.022715   231   287 D SurfaceFlinger: postEvent(15106, v/c=40482)
04-20 16:34:09.023691   231   231 D SurfaceFlinger: requestNextVsync(231)
04-20 16:34:09.023753 15106 15106 V ViewRootImpl: ViewRoot performTraversals+ : mFirst = false, this = ViewRoot{b020229 com.mediatek.engineermode/com.mediatek.engineermode.EngineerMode,ident = 0}
04-20 16:34:09.023889   231   231 D SurfaceFlinger: requestNextVsync(231)
04-20 16:34:09.024401 15106 15106 V DisplayEventReceiver: call nativeScheduleVsync mReceiverPtr = 548132294720
04-20 16:34:09.024858   231   313 D SurfaceFlinger: requestNextVsync(15106)
04-20 16:34:09.026855 15106 15106 V ViewRootImpl: ViewRoot performTraversals and draw- : mResizeBuffer = null, mResizeAlpha = 0, this = ViewRoot{b020229 com.mediatek.engineermode/com.mediatek.engineermode.EngineerMode,ident = 0} frame#140 (cancelDraw = false)
04-20 16:34:09.029977   231   267 D SurfaceFlinger: requestNextVsync(231)
04-20 16:34:09.038984   231   287 D SurfaceFlinger: postEvent(15106, v/c=40483)
04-20 16:34:09.038985   231   289 D SurfaceFlinger: postEvent(231, v/c=32662)
04-20 16:34:09.039948   231   231 D SurfaceFlinger: requestNextVsync(231)
04-20 16:34:09.040102   231   231 D SurfaceFlinger: requestNextVsync(231)
04-20 16:34:09.040181 15106 15106 V ViewRootImpl: ViewRoot performTraversals+ : mFirst = false, this = ViewRoot{b020229 com.mediatek.engineermode/com.mediatek.engineermode.EngineerMode,ident = 0}
04-20 16:34:09.040743 15106 15106 V DisplayEventReceiver: call nativeScheduleVsync mReceiverPtr = 548132294720
04-20 16:34:09.041601   231   269 D SurfaceFlinger: requestNextVsync(15106)
04-20 16:34:09.045015 15106 15106 V ViewRootImpl: ViewRoot performTraversals and draw- : mResizeBuffer = null, mResizeAlpha = 0, this = ViewRoot{b020229 com.mediatek.engineermode/com.mediatek.engineermode.EngineerMode,ident = 0} frame#141 (cancelDraw = false)
04-20 16:34:09.048660   231  1738 D SurfaceFlinger: requestNextVsync(231)
04-20 16:34:09.055276   231   287 D SurfaceFlinger: postEvent(15106, v/c=40484)
04-20 16:34:09.055276   231   289 D SurfaceFlinger: postEvent(231, v/c=32663)
04-20 16:34:09.056511   231   231 D SurfaceFlinger: requestNextVsync(231)
04-20 16:34:09.056673 15106 15106 V ViewRootImpl: ViewRoot performTraversals+ : mFirst = false, this = ViewRoot{b020229 com.mediatek.engineermode/com.mediatek.engineermode.EngineerMode,ident = 0}
04-20 16:34:09.056701   231   231 D SurfaceFlinger: requestNextVsync(231)
04-20 16:34:09.057385 15106 15106 V DisplayEventReceiver: call nativeScheduleVsync mReceiverPtr = 548132294720
04-20 16:34:09.058031   231   267 D SurfaceFlinger: requestNextVsync(15106)
04-20 16:34:09.060748 15106 15106 V ViewRootImpl: ViewRoot performTraversals and draw- : mResizeBuffer = null, mResizeAlpha = 0, this = ViewRoot{b020229 com.mediatek.engineermode/com.mediatek.engineermode.EngineerMode,ident = 0} frame#142 (cancelDraw = false)
04-20 16:34:09.064887   231  1039 D SurfaceFlinger: requestNextVsync(231)
04-20 16:34:09.071601   231   289 D SurfaceFlinger: postEvent(231, v/c=32664)
04-20 16:34:09.071601   231   287 D SurfaceFlinger: postEvent(15106, v/c=40485)
04-20 16:34:09.072916   231   231 D SurfaceFlinger: requestNextVsync(231)
04-20 16:34:09.073092 15106 15106 V ViewRootImpl: ViewRoot performTraversals+ : mFirst = false, this = ViewRoot{b020229 com.mediatek.engineermode/com.mediatek.engineermode.EngineerMode,ident = 0}
04-20 16:34:09.073116   231   231 D SurfaceFlinger: requestNextVsync(231)
04-20 16:34:09.073992 15106 15106 V DisplayEventReceiver: call nativeScheduleVsync mReceiverPtr = 548132294720
04-20 16:34:09.075173   231  1738 D SurfaceFlinger: requestNextVsync(15106)
04-20 16:34:09.077461 15106 15106 V ViewRootImpl: ViewRoot performTraversals and draw- : mResizeBuffer = null, mResizeAlpha = 0, this = ViewRoot{b020229 com.mediatek.engineermode/com.mediatek.engineermode.EngineerMode,ident = 0} frame#143 (cancelDraw = false)
04-20 16:34:09.081397   231   313 D SurfaceFlinger: requestNextVsync(231)
04-20 16:34:09.087864   231   287 D SurfaceFlinger: postEvent(15106, v/c=40486)
04-20 16:34:09.087864   231   289 D SurfaceFlinger: postEvent(231, v/c=32665)
04-20 16:34:09.089101   231   231 D SurfaceFlinger: requestNextVsync(231)
04-20 16:34:09.089228 15106 15106 V ViewRootImpl: ViewRoot performTraversals+ : mFirst = false, this = ViewRoot{b020229 com.mediatek.engineermode/com.mediatek.engineermode.EngineerMode,ident = 0}
04-20 16:34:09.089297   231   231 D SurfaceFlinger: requestNextVsync(231)
04-20 16:34:09.089926 15106 15106 V DisplayEventReceiver: call nativeScheduleVsync mReceiverPtr = 548132294720
04-20 16:34:09.090613   231  1039 D SurfaceFlinger: requestNextVsync(15106)
04-20 16:34:09.093192 15106 15106 V ViewRootImpl: ViewRoot performTraversals and draw- : mResizeBuffer = null, mResizeAlpha = 0, this = ViewRoot{b020229 com.mediatek.engineermode/com.mediatek.engineermode.EngineerMode,ident = 0} frame#144 (cancelDraw = false)
04-20 16:34:09.097602   231   269 D SurfaceFlinger: requestNextVsync(231)
04-20 16:34:09.104150   231   287 D SurfaceFlinger: postEvent(15106, v/c=40487)
04-20 16:34:09.104375   231   289 D SurfaceFlinger: postEvent(231, v/c=32666)
04-20 16:34:09.105538 15106 15106 V ViewRootImpl: ViewRoot performTraversals+ : mFirst = false, this = ViewRoot{b020229 com.mediatek.engineermode/com.mediatek.engineermode.EngineerMode,ident = 0}
04-20 16:34:09.105596   231   231 D SurfaceFlinger: requestNextVsync(231)
