04-20 16:34:09.105884   231   231 D SurfaceFlinger: requestNextVsync(231)
04-20 16:34:09.106288 15106 15106 V DisplayEventReceiver: call nativeScheduleVsync mReceiverPtr = 548132294720
04-20 16:34:09.106653   231   313 D SurfaceFlinger: requestNextVsync(15106)
04-20 16:34:09.109815 15106 15106 V ViewRootImpl: ViewRoot performTraversals and draw- : mResizeBuffer = null, mResizeAlpha = 0, this = ViewRoot{b020229 com.mediatek.engineermode/com.mediatek.engineermode.EngineerMode,ident = 0} frame#145 (cancelDraw = false)
04-20 16:34:09.113931   231   267 D SurfaceFlinger: requestNextVsync(231)
04-20 16:34:09.120390   231   287 D SurfaceFlinger: postEvent(15106, v/c=40488)
04-20 16:34:09.120596   231   289 D SurfaceFlinger: postEvent(231, v/c=32667)
04-20 16:34:09.121714 15106 15106 V ViewRootImpl: ViewRoot performTraversals+ : mFirst = false, this = ViewRoot{b020229 com.mediatek.engineermode/com.mediatek.engineermode.EngineerMode,ident = 0}
04-20 16:34:09.121826   231   231 D SurfaceFlinger: requestNextVsync(231)
04-20 16:34:09.121975   231   231 D SurfaceFlinger: requestNextVsync(231)
04-20 16:34:09.122920 15106 15106 V DisplayEventReceiver: call nativeScheduleVsync mReceiverPtr = 548132294720
04-20 16:34:09.124017   231   269 D SurfaceFlinger: requestNextVsync(15106)
04-20 16:34:09.126704 15106 15106 V ViewRootImpl: ViewRoot performTraversals and draw- : mResizeBuffer = null, mResizeAlpha = 0, this = ViewRoot{b020229 com.mediatek.engineermode/com.mediatek.engineermode.EngineerMode,ident = 0} frame#146 (cancelDraw = false)
04-20 16:34:09.130841   231  1738 D SurfaceFlinger: requestNextVsync(231)
04-20 16:34:09.136637   231   287 D SurfaceFlinger: postEvent(15106, v/c=40489)
04-20 16:34:09.136638   231   289 D SurfaceFlinger: postEvent(231, v/c=32668)
04-20 16:34:09.137936 15106 15106 V ViewRootImpl: ViewRoot performTraversals+ : mFirst = false, this = ViewRoot{b020229 com.mediatek.engineermode/com.mediatek.engineermode.EngineerMode,ident = 0}
04-20 16:34:09.137982   231   231 D SurfaceFlinger: requestNextVsync(231)
04-20 16:34:09.138170   231   231 D SurfaceFlinger: requestNextVsync(231)
04-20 16:34:09.138825 15106 15106 V DisplayEventReceiver: call nativeScheduleVsync mReceiverPtr = 548132294720
04-20 16:34:09.139356   231   267 D SurfaceFlinger: requestNextVsync(15106)
04-20 16:34:09.142099 15106 15106 V ViewRootImpl: ViewRoot performTraversals and draw- : mResizeBuffer = null, mResizeAlpha = 0, this = ViewRoot{b020229 com.mediatek.engineermode/com.mediatek.engineermode.EngineerMode,ident = 0} frame#147 (cancelDraw = false)
04-20 16:34:09.146203   231  1039 D SurfaceFlinger: requestNextVsync(231)
04-20 16:34:09.152896   231   289 D SurfaceFlinger: postEvent(231, v/c=32669)
04-20 16:34:09.152896   231   287 D SurfaceFlinger: postEvent(15106, v/c=40490)
04-20 16:34:09.154205   231   231 D SurfaceFlinger: requestNextVsync(231)
04-20 16:34:09.154241 15106 15106 V ViewRootImpl: ViewRoot performTraversals+ : mFirst = false, this = ViewRoot{b020229 com.mediatek.engineermode/com.mediatek.engineermode.EngineerMode,ident = 0}
04-20 16:34:09.154403   231   231 D SurfaceFlinger: requestNextVsync(231)
04-20 16:34:09.155061 15106 15106 V DisplayEventReceiver: call nativeScheduleVsync mReceiverPtr = 548132294720
04-20 16:34:09.155470   231  1738 D SurfaceFlinger: requestNextVsync(15106)
04-20 16:34:09.158203 15106 15106 V ViewRootImpl: ViewRoot performTraversals and draw- : mResizeBuffer = null, mResizeAlpha = 0, this = ViewRoot{b020229 com.mediatek.engineermode/com.mediatek.engineermode.EngineerMode,ident = 0} frame#148 (cancelDraw = false)
04-20 16:34:09.162038   231   313 D SurfaceFlinger: requestNextVsync(231)
04-20 16:34:09.169167   231   287 D SurfaceFlinger: postEvent(15106, v/c=40491)
04-20 16:34:09.169168   231   289 D SurfaceFlinger: postEvent(231, v/c=32670)
04-20 16:34:09.170413   231   231 D SurfaceFlinger: requestNextVsync(231)
04-20 16:34:09.170479 15106 15106 V ViewRootImpl: ViewRoot performTraversals+ : mFirst = false, this = ViewRoot{b020229 com.mediatek.engineermode/com.mediatek.engineermode.EngineerMode,ident = 0}
04-20 16:34:09.170606   231   231 D SurfaceFlinger: requestNextVsync(231)
04-20 16:34:09.171294 15106 15106 V DisplayEventReceiver: call nativeScheduleVsync mReceiverPtr = 548132294720
04-20 16:34:09.171758   231  1039 D SurfaceFlinger: requestNextVsync(15106)
04-20 16:34:09.173615 15106 15106 V ViewRootImpl: ViewRoot performTraversals and draw- : mResizeBuffer = null, mResizeAlpha = 0, this = ViewRoot{b020229 com.mediatek.engineermode/com.mediatek.engineermode.EngineerMode,ident = 0} frame#149 (cancelDraw = false)
04-20 16:34:09.177478   231   269 D SurfaceFlinger: requestNextVsync(231)
04-20 16:34:09.180417  2025  2031 I PerfService: PerfServiceNative_getPackName
04-20 16:34:09.181108   964  1663 I libPerfService: perfGetLastBoostPid 15106
04-20 16:34:09.181367   964  1663 D PerfServiceManager: [PerfService] getLastBoostPid 15106 
04-20 16:34:09.181527   964  1663 I libPerfService: perfGetLastBoostPid 15106
04-20 16:34:09.185425   231   287 D SurfaceFlinger: postEvent(15106, v/c=40492)
04-20 16:34:09.185425   231   289 D SurfaceFlinger: postEvent(231, v/c=32671)
04-20 16:34:09.186625 15106 15106 V DisplayEventReceiver: call nativeScheduleVsync mReceiverPtr = 548132294720
04-20 16:34:09.186712   231   231 D SurfaceFlinger: requestNextVsync(231)
04-20 16:34:09.186866   231   231 D SurfaceFlinger: requestNextVsync(231)
04-20 16:34:09.187206   231   313 D SurfaceFlinger: requestNextVsync(15106)
04-20 16:34:09.187731 15106 15106 V ViewRootImpl: ViewRoot performTraversals+ : mFirst = false, this = ViewRoot{b020229 com.mediatek.engineermode/com.mediatek.engineermode.EngineerMode,ident = 0}
04-20 16:34:09.189628 15106 15106 V ViewRootImpl: ViewRoot performTraversals and draw- : mResizeBuffer = null, mResizeAlpha = 0, this = ViewRoot{b020229 com.mediatek.engineermode/com.mediatek.engineermode.EngineerMode,ident = 0} frame#150 (cancelDraw = false)
04-20 16:34:09.193792   231   267 D SurfaceFlinger: requestNextVsync(231)
04-20 16:34:09.201669   231   289 D SurfaceFlinger: postEvent(231, v/c=32672)
04-20 16:34:09.201670   231   287 D SurfaceFlinger: postEvent(15106, v/c=40493)
04-20 16:34:09.203103   231   231 D SurfaceFlinger: requestNextVsync(231)
04-20 16:34:09.203310   231   231 D SurfaceFlinger: requestNextVsync(231)
04-20 16:34:09.203573 15106 15106 V DisplayEventReceiver: call nativeScheduleVsync mReceiverPtr = 548132294720
04-20 16:34:09.204012   231   269 D SurfaceFlinger: requestNextVsync(15106)
04-20 16:34:09.204289 15106 15106 V ViewRootImpl: ViewRoot performTraversals+ : mFirst = false, this = ViewRoot{b020229 com.mediatek.engineermode/com.mediatek.engineermode.EngineerMode,ident = 0}
04-20 16:34:09.206807 15106 15106 V ViewRootImpl: ViewRoot performTraversals and draw- : mResizeBuffer = null, mResizeAlpha = 0, this = ViewRoot{b020229 com.mediatek.engineermode/com.mediatek.engineermode.EngineerMode,ident = 0} frame#151 (cancelDraw = false)
04-20 16:34:09.210501   231  1738 D SurfaceFlinger: requestNextVsync(231)
04-20 16:34:09.217962   231   287 D SurfaceFlinger: postEvent(15106, v/c=40494)
04-20 16:34:09.218165   231   289 D SurfaceFlinger: postEvent(231, v/c=32673)
04-20 16:34:09.219219 15106 15106 V DisplayEventReceiver: call nativeScheduleVsync mReceiverPtr = 548132294720
04-20 16:34:09.219340   231   231 D SurfaceFlinger: requestNextVsync(231)
04-20 16:34:09.219500   231   231 D SurfaceFlinger: requestNextVsync(231)
04-20 16:34:09.219785   231   267 D SurfaceFlinger: requestNextVsync(15106)
04-20 16:34:09.220539 15106 15106 V ViewRootImpl: ViewRoot performTraversals+ : mFirst = false, this = ViewRoot{b020229 com.mediatek.engineermode/com.mediatek.engineermode.EngineerMode,ident = 0}
04-20 16:34:09.223387 15106 15106 V ViewRootImpl: ViewRoot performTraversals and draw- : mResizeBuffer = null, mResizeAlpha = 0, this = ViewRoot{b020229 com.mediatek.engineermode/com.mediatek.engineermode.EngineerMode,ident = 0} frame#152 (cancelDraw = false)
04-20 16:34:09.227769   231  1039 D SurfaceFlinger: requestNextVsync(231)
04-20 16:34:09.234238   231   287 D SurfaceFlinger: postEvent(15106, v/c=40495)
04-20 16:34:09.234238   231   289 D SurfaceFlinger: postEvent(231, v/c=32674)
04-20 16:34:09.235470   231   231 D SurfaceFlinger: requestNextVsync(231)
04-20 16:34:09.235660   231   231 D SurfaceFlinger: requestNextVsync(231)
04-20 16:34:09.235739 15106 15106 V DisplayEventReceiver: call nativeScheduleVsync mReceiverPtr = 548132294720
04-20 16:34:09.236167   231  1738 D SurfaceFlinger: requestNextVsync(15106)
04-20 16:34:09.236560 15106 15106 V ViewRootImpl: ViewRoot performTraversals+ : mFirst = false, this = ViewRoot{b020229 com.mediatek.engineermode/com.mediatek.engineermode.EngineerMode,ident = 0}
04-20 16:34:09.238549 15106 15106 V ViewRootImpl: ViewRoot performTraversals and draw- : mResizeBuffer = null, mResizeAlpha = 0, this = ViewRoot{b020229 com.mediatek.engineermode/com.mediatek.engineermode.EngineerMode,ident = 0} frame#153 (cancelDraw = false)
04-20 16:34:09.242518   231   313 D SurfaceFlinger: requestNextVsync(231)
04-20 16:34:09.250455   231   289 D SurfaceFlinger: postEvent(231, v/c=32675)
04-20 16:34:09.250455   231   287 D SurfaceFlinger: postEvent(15106, v/c=40496)
04-20 16:34:09.251638 15106 15106 V DisplayEventReceiver: call nativeScheduleVsync mReceiverPtr = 548132294720
04-20 16:34:09.251684   231   231 D SurfaceFlinger: requestNextVsync(231)
04-20 16:34:09.251859   231   231 D SurfaceFlinger: requestNextVsync(231)
04-20 16:34:09.252132   231  1039 D SurfaceFlinger: requestNextVsync(15106)
04-20 16:34:09.253228 15106 15106 V ViewRootImpl: ViewRoot performTraversals+ : mFirst = false, this = ViewRoot{b020229 com.mediatek.engineermode/com.mediatek.engineermode.EngineerMode,ident = 0}
04-20 16:34:09.254967 15106 15106 V ViewRootImpl: ViewRoot performTraversals and draw- : mResizeBuffer = null, mResizeAlpha = 0, this = ViewRoot{b020229 com.mediatek.engineermode/com.mediatek.engineermode.EngineerMode,ident = 0} frame#154 (cancelDraw = false)
04-20 16:34:09.258731   231   269 D SurfaceFlinger: requestNextVsync(231)
04-20 16:34:09.266706   231   289 D SurfaceFlinger: postEvent(231, v/c=32676)
04-20 16:34:09.266706   231   287 D SurfaceFlinger: postEvent(15106, v/c=40497)
04-20 16:34:09.267981 15106 15106 V DisplayEventReceiver: call nativeScheduleVsync mReceiverPtr = 548132294720
04-20 16:34:09.267994   231   231 D SurfaceFlinger: requestNextVsync(231)
04-20 16:34:09.268216   231   231 D SurfaceFlinger: requestNextVsync(231)
04-20 16:34:09.268415   231   313 D SurfaceFlinger: requestNextVsync(15106)
04-20 16:34:09.269251 15106 15106 V ViewRootImpl: ViewRoot performTraversals+ : mFirst = false, this = ViewRoot{b020229 com.mediatek.engineermode/com.mediatek.engineermode.EngineerMode,ident = 0}
04-20 16:34:09.271116 15106 15106 V ViewRootImpl: ViewRoot performTraversals and draw- : mResizeBuffer = null, mResizeAlpha = 0, this = ViewRoot{b020229 com.mediatek.engineermode/com.mediatek.engineermode.EngineerMode,ident = 0} frame#155 (cancelDraw = false)
04-20 16:34:09.275004   231   267 D SurfaceFlinger: requestNextVsync(231)
04-20 16:34:09.282959   231   289 D SurfaceFlinger: postEvent(231, v/c=32677)
04-20 16:34:09.282959   231   287 D SurfaceFlinger: postEvent(15106, v/c=40498)
04-20 16:34:09.284233   231   231 D SurfaceFlinger: requestNextVsync(231)
04-20 16:34:09.284426   231   231 D SurfaceFlinger: requestNextVsync(231)
04-20 16:34:09.284783 15106 15106 I EM/PrefsFragment: setUserVisibleHint : false index of 5
04-20 16:34:09.285129 15106 15106 I EM/PrefsFragment: setUserVisibleHint : false index of 3
04-20 16:34:09.285353 15106 15106 I EM/PrefsFragment: setUserVisibleHint : true index of 4
04-20 16:34:09.285880 15106 15106 D PreferenceFragment: addPreferencesFromResource, resId = 2130968582, this = PrefsFragment{6848fb2 #4 id=0x7f0b03b9 4}
04-20 16:34:09.286110 15106 15106 D PreferenceManager: inflateFromResource
04-20 16:34:09.288026 15106 15106 D PreferenceGroup: addPreference, child key = battery_log, child title = BatteryLog, key = null, title = null
04-20 16:34:09.288316 15106 15106 V Preference: isEnabled, mEnabled = true, mDependencyMet = true, mParentDependencyMet = true, key = null, title = null
04-20 16:34:09.288546 15106 15106 D Preference: onParentChanged, mParentDependencyMet = true, disableChild = false, key = battery_log, title = BatteryLog
04-20 16:34:09.289326 15106 15106 D PreferenceGroup: addPreference, child key = debug_utils, child title = Debug Utils, key = null, title = null
04-20 16:34:09.289575 15106 15106 V Preference: isEnabled, mEnabled = true, mDependencyMet = true, mParentDependencyMet = true, key = null, title = null
04-20 16:34:09.289793 15106 15106 D Preference: onParentChanged, mParentDependencyMet = true, disableChild = false, key = debug_utils, title = Debug Utils
04-20 16:34:09.290762 15106 15106 D PreferenceGroup: addPreference, child key = modem_warning, child title = Modem Warning Setting, key = null, title = null
04-20 16:34:09.291033 15106 15106 V Preference: isEnabled, mEnabled = true, mDependencyMet = true, mParentDependencyMet = true, key = null, title = null
04-20 16:34:09.291257 15106 15106 D Preference: onParentChanged, mParentDependencyMet = true, disableChild = false, key = modem_warning, title = Modem Warning Setting
04-20 16:34:09.292074 15106 15106 D PreferenceGroup: addPreference, child key = mtk_logger, child title = MTKLogger, key = null, title = null
04-20 16:34:09.292320 15106 15106 V Preference: isEnabled, mEnabled = true, mDependencyMet = true, mParentDependencyMet = true, key = null, title = null
04-20 16:34:09.292705 15106 15106 D Preference: onParentChanged, mParentDependencyMet = true, disableChild = false, key = mtk_logger, title = MTKLogger
04-20 16:34:09.293489 15106 15106 D PreferenceGroup: addPreference, child key = ext_md_logger, child title = ExtModemLog, key = null, title = null
04-20 16:34:09.293733 15106 15106 V Preference: isEnabled, mEnabled = true, mDependencyMet = true, mParentDependencyMet = true, key = null, title = null
04-20 16:34:09.293953 15106 15106 D Preference: onParentChanged, mParentDependencyMet = true, disableChild = false, key = ext_md_logger, title = ExtModemLog
04-20 16:34:09.294687 15106 15106 D PreferenceGroup: addPreference, child key = atci, child title = ATCI, key = null, title = null
04-20 16:34:09.294933 15106 15106 V Preference: isEnabled, mEnabled = true, mDependencyMet = true, mParentDependencyMet = true, key = null, title = null
04-20 16:34:09.295150 15106 15106 D Preference: onParentChanged, mParentDependencyMet = true, disableChild = false, key = atci, title = ATCI
04-20 16:34:09.295865 15106 15106 D PreferenceGroup: addPreference, child key = modem_debug, child title = Modem Reset Delay Setting, key = null, title = null
04-20 16:34:09.296114 15106 15106 V Preference: isEnabled, mEnabled = true, mDependencyMet = true, mParentDependencyMet = true, key = null, title = null
04-20 16:34:09.296379 15106 15106 D Preference: onParentChanged, mParentDependencyMet = true, disableChild = false, key = modem_debug, title = Modem Reset Delay Setting
04-20 16:34:09.297160 15106 15106 D PreferenceFragment: postBindPreferences, this = PrefsFragment{6848fb2 #4 id=0x7f0b03b9 4}
04-20 16:34:09.297891 15106 15106 I EM_ModemCategory: mode = 1
04-20 16:34:09.298202 15106 15106 D SettingsInterface:  from settings cache , name = nfc_controller_code , value = null
04-20 16:34:09.298552 15106 15106 D PreferenceGroup: removePreferenceInt, child key = ext_md_logger, child title = ExtModemLog, key = null, title = null
04-20 16:34:09.299044 15106 15106 I EM/PrefsFragment: sIsVoiceCapable : true
04-20 16:34:09.299265   231   289 D SurfaceFlinger: postEvent(231, v/c=32678)
04-20 16:34:09.300962 15106 15106 I EM/PrefsFragment: bWifiOnly: false
04-20 16:34:09.301505 15106 15106 I EM/PrefsFragment: sIsVoiceCapable : true
04-20 16:34:09.303715 15106 15106 I EM/PrefsFragment: bWifiOnly: false
04-20 16:34:09.304818 15106 15106 I EM/PrefsFragment: bWifiOnly: false
04-20 16:34:09.305141 15106 15106 I EM/PrefsFragment: ChipSupport.getChip(): 66
04-20 16:34:09.357123 15106 15106 I EM/PrefsFragment: ro.mtk_usb_cba_support is 0
04-20 16:34:09.357525 15106 15106 I EM/PrefsFragment: Not show entry for DEVREG.
04-20 16:34:09.359669   342  1416 D AudioFlinger: +getParameters(): MTK_VOW_SUPPORT
04-20 16:34:09.359780   342  1416 D AudioALSAHardware: +getParameters(), key = MTK_VOW_SUPPORT
04-20 16:34:09.359886   342  1416 D AudioALSAHardware: -getParameters(), return "MTK_VOW_SUPPORT=false"
04-20 16:34:09.359970   342  1416 I str_params: key: 'MTK_VOW_SUPPORT' value: ''
04-20 16:34:09.364255 15106 15106 V Preference: setEnabled, mEnabled = true, enabled = true, key = battery_log, title = BatteryLog
04-20 16:34:09.366643 15106 15106 V Preference: setEnabled, mEnabled = true, enabled = true, key = debug_utils, title = Debug Utils
04-20 16:34:09.369143 15106 15106 V Preference: setEnabled, mEnabled = true, enabled = true, key = modem_warning, title = Modem Warning Setting
04-20 16:34:09.371437 15106 15106 V Preference: setEnabled, mEnabled = true, enabled = true, key = mtk_logger, title = MTKLogger
04-20 16:34:09.373978 15106 15106 V Preference: setEnabled, mEnabled = true, enabled = true, key = atci, title = ATCI
04-20 16:34:09.376312 15106 15106 V Preference: setEnabled, mEnabled = true, enabled = true, key = modem_debug, title = Modem Reset Delay Setting
04-20 16:34:09.377163 15106 15106 V DisplayEventReceiver: call nativeScheduleVsync mReceiverPtr = 548132294720
04-20 16:34:09.377553   231   269 D SurfaceFlinger: requestNextVsync(15106)
04-20 16:34:09.380188   231   287 D SurfaceFlinger: postEvent(15106, v/c=40500)
04-20 16:34:09.382278 15106 15106 V ViewRootImpl: ViewRoot performTraversals+ : mFirst = false, this = ViewRoot{b020229 com.mediatek.engineermode/com.mediatek.engineermode.EngineerMode,ident = 0}
04-20 16:34:09.387328 15106 15106 V ViewRootImpl: ViewRoot performTraversals and draw- : mResizeBuffer = null, mResizeAlpha = 0, this = ViewRoot{b020229 com.mediatek.engineermode/com.mediatek.engineermode.EngineerMode,ident = 0} frame#156 (cancelDraw = false)
04-20 16:34:09.388168 15106 15106 D StrictMode: handleViolation; policy=2621447
04-20 16:34:09.388452 15106 15106 D StrictMode: handleViolation; policy=2621447
04-20 16:34:09.388644 15106 15106 D StrictMode: handleViolation; policy=2621447
04-20 16:34:09.389474 15106 15106 D PreferenceFragment: bindPreferences, this = PrefsFragment{6848fb2 #4 id=0x7f0b03b9 4}
04-20 16:34:09.390974   231  1738 D SurfaceFlinger: requestNextVsync(231)
04-20 16:34:09.392073 15106 15106 V ViewRootImpl: ViewRoot performTraversals+ : mFirst = false, this = ViewRoot{b020229 com.mediatek.engineermode/com.mediatek.engineermode.EngineerMode,ident = 0}
04-20 16:34:09.393904 15106 15106 V DisplayEventReceiver: call nativeScheduleVsync mReceiverPtr = 548132294720
04-20 16:34:09.394288   231   267 D SurfaceFlinger: requestNextVsync(15106)
04-20 16:34:09.396424   231   287 D SurfaceFlinger: postEvent(15106, v/c=40501)
04-20 16:34:09.396575   231   289 D SurfaceFlinger: postEvent(231, v/c=32680)
04-20 16:34:09.396738 15106 15106 D ListView: mSelectorRect.setEmpty in layoutChildren this=android.widget.ListView{574058b VFED.VC.. ......ID 0,0-768,1166 #102000a android:id/list}
04-20 16:34:09.416863 15106 15106 V Preference: isEnabled, mEnabled = true, mDependencyMet = true, mParentDependencyMet = true, key = battery_log, title = BatteryLog
04-20 16:34:09.441378 15106 15106 V Preference: isEnabled, mEnabled = true, mDependencyMet = true, mParentDependencyMet = true, key = debug_utils, title = Debug Utils
04-20 16:34:09.459086 15106 15106 V Preference: isEnabled, mEnabled = true, mDependencyMet = true, mParentDependencyMet = true, key = modem_warning, title = Modem Warning Setting
04-20 16:34:09.472850 15106 15106 V Preference: isEnabled, mEnabled = true, mDependencyMet = true, mParentDependencyMet = true, key = mtk_logger, title = MTKLogger
04-20 16:34:09.483740   360   360 I thermal_repeater: oh, queryMdThermalInfo (0)No such file or directory
04-20 16:34:09.488035 15106 15106 V Preference: isEnabled, mEnabled = true, mDependencyMet = true, mParentDependencyMet = true, key = atci, title = ATCI
04-20 16:34:09.496055   360   360 I thermal_repeater: [recvMdThermalInfo] ret=30, strLen=127,  2, 32767, -127, -1, 32767, 18
04-20 16:34:09.504838 15106 15106 V Preference: isEnabled, mEnabled = true, mDependencyMet = true, mParentDependencyMet = true, key = modem_debug, title = Modem Reset Delay Setting
04-20 16:34:09.510512 15106 15106 D ListView: mSelectorRect.setEmpty in layoutChildren this=android.widget.ListView{1501a80 VFED.VC.. .F....ID 0,0-768,1166 #102000a android:id/list}
04-20 16:34:09.527208 15106 15106 V ViewRootImpl: ViewRoot performTraversals and draw- : mResizeBuffer = null, mResizeAlpha = 0, this = ViewRoot{b020229 com.mediatek.engineermode/com.mediatek.engineermode.EngineerMode,ident = 0} frame#157 (cancelDraw = false)
04-20 16:34:09.528010 15106 15106 D StrictMode: handleViolation; policy=2621447
04-20 16:34:09.528280 15106 15106 D StrictMode: handleViolation; policy=2621447
04-20 16:34:09.528476 15106 15106 D StrictMode: handleViolation; policy=2621447
04-20 16:34:09.528647 15106 15106 D StrictMode: handleViolation; policy=2621447
04-20 16:34:09.530057 15106 15106 D StrictMode: handleViolation; policy=2621447
04-20 16:34:09.530282 15106 15106 D StrictMode: handleViolation; policy=2621447
04-20 16:34:09.530471 15106 15106 D StrictMode: handleViolation; policy=2621447
04-20 16:34:09.530646 15106 15106 D StrictMode: handleViolation; policy=2621447
04-20 16:34:09.530820 15106 15106 D StrictMode: handleViolation; policy=2621447
04-20 16:34:09.530987 15106 15106 D StrictMode: handleViolation; policy=2621447
04-20 16:34:09.532559   231   313 D SurfaceFlinger: requestNextVsync(231)
04-20 16:34:09.533307 15106 15106 V ViewRootImpl: ViewRoot performTraversals+ : mFirst = false, this = ViewRoot{b020229 com.mediatek.engineermode/com.mediatek.engineermode.EngineerMode,ident = 0}
04-20 16:34:09.536194 15106 15106 V DisplayEventReceiver: call nativeScheduleVsync mReceiverPtr = 548132294720
04-20 16:34:09.536892   231  1039 D SurfaceFlinger: requestNextVsync(15106)
04-20 16:34:09.540703 15106 15106 V ViewRootImpl: ViewRoot performTraversals and draw- : mResizeBuffer = null, mResizeAlpha = 0, this = ViewRoot{b020229 com.mediatek.engineermode/com.mediatek.engineermode.EngineerMode,ident = 0} frame#158 (cancelDraw = false)
04-20 16:34:09.541377 15106 15106 V InputMethodManager: START INPUT: android.widget.ListView{1501a80 VFED.VC.. .F....ID 0,0-768,1166 #102000a android:id/list} ic=null tba=android.view.inputmethod.EditorInfo@1eef029 controlFlags=#100
04-20 16:34:09.542576   231   289 D SurfaceFlinger: postEvent(231, v/c=32682)
04-20 16:34:09.543087   231   287 D SurfaceFlinger: postEvent(15106, v/c=40503)
04-20 16:34:09.544968   231   267 D SurfaceFlinger: requestNextVsync(231)
04-20 16:34:09.547516 15106 15106 V ViewRootImpl: ViewRoot performTraversals+ : mFirst = false, this = ViewRoot{b020229 com.mediatek.engineermode/com.mediatek.engineermode.EngineerMode,ident = 0}
04-20 16:34:09.548845 15106 15106 V DisplayEventReceiver: call nativeScheduleVsync mReceiverPtr = 548132294720
04-20 16:34:09.549205   231   269 D SurfaceFlinger: requestNextVsync(15106)
04-20 16:34:09.550215 15106 15106 V ViewRootImpl: ViewRoot performTraversals and draw- : mResizeBuffer = null, mResizeAlpha = 0, this = ViewRoot{b020229 com.mediatek.engineermode/com.mediatek.engineermode.EngineerMode,ident = 0} frame#159 (cancelDraw = false)
04-20 16:34:09.554019   231  1039 D SurfaceFlinger: requestNextVsync(231)
04-20 16:34:09.558944   231   289 D SurfaceFlinger: postEvent(231, v/c=32683)
04-20 16:34:09.559097   231   287 D SurfaceFlinger: postEvent(15106, v/c=40504)
04-20 16:34:09.559981   231   231 D SurfaceFlinger: requestNextVsync(231)
04-20 16:34:09.560009 15106 15106 V ViewRootImpl: ViewRoot performTraversals+ : mFirst = false, this = ViewRoot{b020229 com.mediatek.engineermode/com.mediatek.engineermode.EngineerMode,ident = 0}
04-20 16:34:09.560148   231   231 D SurfaceFlinger: requestNextVsync(231)
04-20 16:34:09.561167 15106 15106 V DisplayEventReceiver: call nativeScheduleVsync mReceiverPtr = 548132294720
04-20 16:34:09.561526   231  1738 D SurfaceFlinger: requestNextVsync(15106)
04-20 16:34:09.563152 15106 15106 V ViewRootImpl: ViewRoot performTraversals and draw- : mResizeBuffer = null, mResizeAlpha = 0, this = ViewRoot{b020229 com.mediatek.engineermode/com.mediatek.engineermode.EngineerMode,ident = 0} frame#160 (cancelDraw = false)
04-20 16:34:09.566877   231   313 D SurfaceFlinger: requestNextVsync(231)
04-20 16:34:09.575283   231   289 D SurfaceFlinger: postEvent(231, v/c=32684)
04-20 16:34:09.575454   231   287 D SurfaceFlinger: postEvent(15106, v/c=40505)
04-20 16:34:09.576190   231   231 D SurfaceFlinger: requestNextVsync(231)
04-20 16:34:09.576332   231   231 D SurfaceFlinger: requestNextVsync(231)
04-20 16:34:09.576405 15106 15106 V ViewRootImpl: ViewRoot performTraversals+ : mFirst = false, this = ViewRoot{b020229 com.mediatek.engineermode/com.mediatek.engineermode.EngineerMode,ident = 0}
04-20 16:34:09.577754 15106 15106 V DisplayEventReceiver: call nativeScheduleVsync mReceiverPtr = 548132294720
04-20 16:34:09.578074   231  1039 D SurfaceFlinger: requestNextVsync(15106)
04-20 16:34:09.579281 15106 15106 V ViewRootImpl: ViewRoot performTraversals and draw- : mResizeBuffer = null, mResizeAlpha = 0, this = ViewRoot{b020229 com.mediatek.engineermode/com.mediatek.engineermode.EngineerMode,ident = 0} frame#161 (cancelDraw = false)
04-20 16:34:09.582807   231   269 D SurfaceFlinger: requestNextVsync(231)
04-20 16:34:09.591394   231   289 D SurfaceFlinger: postEvent(231, v/c=32685)
04-20 16:34:09.591403   231   287 D SurfaceFlinger: postEvent(15106, v/c=40506)
04-20 16:34:09.592278 15106 15106 V ViewRootImpl: ViewRoot performTraversals+ : mFirst = false, this = ViewRoot{b020229 com.mediatek.engineermode/com.mediatek.engineermode.EngineerMode,ident = 0}
04-20 16:34:09.592432   231   231 D SurfaceFlinger: requestNextVsync(231)
04-20 16:34:09.592549   231   231 D SurfaceFlinger: requestNextVsync(231)
04-20 16:34:09.593729 15106 15106 V DisplayEventReceiver: call nativeScheduleVsync mReceiverPtr = 548132294720
04-20 16:34:09.594112   231   313 D SurfaceFlinger: requestNextVsync(15106)
04-20 16:34:09.595342 15106 15106 V ViewRootImpl: ViewRoot performTraversals and draw- : mResizeBuffer = null, mResizeAlpha = 0, this = ViewRoot{b020229 com.mediatek.engineermode/com.mediatek.engineermode.EngineerMode,ident = 0} frame#162 (cancelDraw = false)
04-20 16:34:09.598832   231   267 D SurfaceFlinger: requestNextVsync(231)
04-20 16:34:09.607675   231   289 D SurfaceFlinger: postEvent(231, v/c=32686)
04-20 16:34:09.607683   231   287 D SurfaceFlinger: postEvent(15106, v/c=40507)
04-20 16:34:09.608578 15106 15106 V ViewRootImpl: ViewRoot performTraversals+ : mFirst = false, this = ViewRoot{b020229 com.mediatek.engineermode/com.mediatek.engineermode.EngineerMode,ident = 0}
04-20 16:34:09.608620   231   231 D SurfaceFlinger: requestNextVsync(231)
04-20 16:34:09.608732   231   231 D SurfaceFlinger: requestNextVsync(231)
04-20 16:34:09.610232 15106 15106 V DisplayEventReceiver: call nativeScheduleVsync mReceiverPtr = 548132294720
04-20 16:34:09.610561   231   269 D SurfaceFlinger: requestNextVsync(15106)
04-20 16:34:09.611737 15106 15106 V ViewRootImpl: ViewRoot performTraversals and draw- : mResizeBuffer = null, mResizeAlpha = 0, this = ViewRoot{b020229 com.mediatek.engineermode/com.mediatek.engineermode.EngineerMode,ident = 0} frame#163 (cancelDraw = false)
04-20 16:34:09.615391   231  1738 D SurfaceFlinger: requestNextVsync(231)
04-20 16:34:09.623926   231   289 D SurfaceFlinger: postEvent(231, v/c=32687)
04-20 16:34:09.623933   231   287 D SurfaceFlinger: postEvent(15106, v/c=40508)
04-20 16:34:09.624833 15106 15106 V ViewRootImpl: ViewRoot performTraversals+ : mFirst = false, this = ViewRoot{b020229 com.mediatek.engineermode/com.mediatek.engineermode.EngineerMode,ident = 0}
04-20 16:34:09.624969   231   231 D SurfaceFlinger: requestNextVsync(231)
04-20 16:34:09.625086   231   231 D SurfaceFlinger: requestNextVsync(231)
04-20 16:34:09.626027 15106 15106 V DisplayEventReceiver: call nativeScheduleVsync mReceiverPtr = 548132294720
04-20 16:34:09.626396   231   267 D SurfaceFlinger: requestNextVsync(15106)
04-20 16:34:09.627829 15106 15106 V ViewRootImpl: ViewRoot performTraversals and draw- : mResizeBuffer = null, mResizeAlpha = 0, this = ViewRoot{b020229 com.mediatek.engineermode/com.mediatek.engineermode.EngineerMode,ident = 0} frame#164 (cancelDraw = false)
04-20 16:34:09.631675   231  1039 D SurfaceFlinger: requestNextVsync(231)
04-20 16:34:09.640233   231   289 D SurfaceFlinger: postEvent(231, v/c=32688)
04-20 16:34:09.640239   231   287 D SurfaceFlinger: postEvent(15106, v/c=40509)
04-20 16:34:09.641163 15106 15106 V ViewRootImpl: ViewRoot performTraversals+ : mFirst = false, this = ViewRoot{b020229 com.mediatek.engineermode/com.mediatek.engineermode.EngineerMode,ident = 0}
04-20 16:34:09.641196   231   231 D SurfaceFlinger: requestNextVsync(231)
04-20 16:34:09.641320   231   231 D SurfaceFlinger: requestNextVsync(231)
04-20 16:34:09.642326 15106 15106 V DisplayEventReceiver: call nativeScheduleVsync mReceiverPtr = 548132294720
04-20 16:34:09.642843   231  1738 D SurfaceFlinger: requestNextVsync(15106)
04-20 16:34:09.644539 15106 15106 V ViewRootImpl: ViewRoot performTraversals and draw- : mResizeBuffer = null, mResizeAlpha = 0, this = ViewRoot{b020229 com.mediatek.engineermode/com.mediatek.engineermode.EngineerMode,ident = 0} frame#165 (cancelDraw = false)
04-20 16:34:09.648177   231   313 D SurfaceFlinger: requestNextVsync(231)
04-20 16:34:09.656625   231   289 D SurfaceFlinger: postEvent(231, v/c=32689)
04-20 16:34:09.656631   231   287 D SurfaceFlinger: postEvent(15106, v/c=40510)
04-20 16:34:09.657499 15106 15106 V ViewRootImpl: ViewRoot performTraversals+ : mFirst = false, this = ViewRoot{b020229 com.mediatek.engineermode/com.mediatek.engineermode.EngineerMode,ident = 0}
04-20 16:34:09.657573   231   231 D SurfaceFlinger: requestNextVsync(231)
04-20 16:34:09.657684   231   231 D SurfaceFlinger: requestNextVsync(231)
04-20 16:34:09.658704 15106 15106 V DisplayEventReceiver: call nativeScheduleVsync mReceiverPtr = 548132294720
04-20 16:34:09.659068   231  1039 D SurfaceFlinger: requestNextVsync(15106)
04-20 16:34:09.660111 15106 15106 V ViewRootImpl: ViewRoot performTraversals and draw- : mResizeBuffer = null, mResizeAlpha = 0, this = ViewRoot{b020229 com.mediatek.engineermode/com.mediatek.engineermode.EngineerMode,ident = 0} frame#166 (cancelDraw = false)
04-20 16:34:09.663639   231   269 D SurfaceFlinger: requestNextVsync(231)
04-20 16:34:09.672844   231   289 D SurfaceFlinger: postEvent(231, v/c=32690)
04-20 16:34:09.672849   231   287 D SurfaceFlinger: postEvent(15106, v/c=40511)
04-20 16:34:09.673749 15106 15106 V ViewRootImpl: ViewRoot performTraversals+ : mFirst = false, this = ViewRoot{b020229 com.mediatek.engineermode/com.mediatek.engineermode.EngineerMode,ident = 0}
04-20 16:34:09.673804   231   231 D SurfaceFlinger: requestNextVsync(231)
04-20 16:34:09.673916   231   231 D SurfaceFlinger: requestNextVsync(231)
04-20 16:34:09.676015 15106 15106 V ViewRootImpl: ViewRoot performTraversals and draw- : mResizeBuffer = null, mResizeAlpha = 0, this = ViewRoot{b020229 com.mediatek.engineermode/com.mediatek.engineermode.EngineerMode,ident = 0} frame#167 (cancelDraw = false)
04-20 16:34:09.679585   231  1738 D SurfaceFlinger: requestNextVsync(231)
04-20 16:34:09.689071   231   289 D SurfaceFlinger: postEvent(231, v/c=32691)
04-20 16:34:09.689904   231   231 D SurfaceFlinger: requestNextVsync(231)
04-20 16:34:09.690025   231   231 D SurfaceFlinger: requestNextVsync(231)
04-20 16:34:09.705288   231   289 D SurfaceFlinger: postEvent(231, v/c=32692)
04-20 16:34:09.891486   964   972 I System  : FinalizerDaemon: finalize objects = 636
04-20 16:34:10.128909   964  1059 D PerfServiceManager: [PerfService] MESSAGE_TIMEOUT:105 
04-20 16:34:10.129333   964  1059 I libPerfService: 5: set: 1
04-20 16:34:10.129564   964  1059 I libPerfService: 5: set freq: 0
04-20 16:34:10.129619   964  1059 I libPerfService: 5: set vcore level: 0
04-20 16:34:10.130260   964  1059 D PerfServiceManager: [PerfService] set utilization:0.8 
04-20 16:34:10.182555  2025  2031 I PerfService: PerfServiceNative_getPackName
04-20 16:34:10.183947   964  1844 I libPerfService: perfGetLastBoostPid 15106
04-20 16:34:10.184661   964  1844 D PerfServiceManager: [PerfService] getLastBoostPid 15106 
04-20 16:34:10.184932   964  1844 I libPerfService: perfGetLastBoostPid 15106
04-20 16:34:10.334308   235   542 D MAL-Daemon: URC = (+ECSQ: 36,24,1,-337,-49,1,1,2,32767
04-20 16:34:10.334308   235   542 D MAL-Daemon: )[void* rilproxy_urc_thread(void*), 961]: 
04-20 16:34:10.334705   235   542 I MAL-Daemon: mdfx_event_do_statistic(): [STATISTIC] TID = 542 has used 0 + 4104 bytes!!
04-20 16:34:10.334705   235   542 I MAL-Daemon: [mdfx_event_do_statistic, 150]: 
04-20 16:34:10.335289   235   542 W MAL-Daemon: event_get_last_addr(): No data available!!
04-20 16:34:10.335289   235   542 W MAL-Daemon: [event_get_last_addr, 472]: 
04-20 16:34:10.335537   235   542 I MAL-Daemon: mdfx_event_do_statistic(): [STATISTIC] TID = 542 has used 4104  -4104 bytes!!
04-20 16:34:10.335537   235   542 I MAL-Daemon: [mdfx_event_do_statistic, 150]: 
04-20 16:34:10.335833   235   542 I MAL-Daemon: mdfx_event_do_statistic(): [STATISTIC] TID = 542 has used 0 + 516 bytes!!
04-20 16:34:10.335833   235   542 I MAL-Daemon: [mdfx_event_do_statistic, 150]: 
04-20 16:34:10.335959   235   538 I MAL-Daemon: mdfx_event_do_statistic(): [STATISTIC] TID = 538 has used 0 + 4104 bytes!!
04-20 16:34:10.335959   235   538 I MAL-Daemon: [mdfx_event_do_statistic, 150]: 
04-20 16:34:10.336056   235   542 W MAL-Daemon: event_get_last_addr(): No data available!!
04-20 16:34:10.336056   235   542 W MAL-Daemon: [event_get_last_addr, 472]: 
04-20 16:34:10.336180   235   538 I MAL-Daemon: [RDS-I][RU][rds_ru_task] RCV Event: 104 
04-20 16:34:10.336180   235   538 I MAL-Daemon: [rds_ru_task, 413]: 
04-20 16:34:10.336291   235   542 I MAL-Daemon: mdfx_event_do_statistic(): [STATISTIC] TID = 542 has used 516  -516 bytes!!
04-20 16:34:10.336291   235   542 I MAL-Daemon: [mdfx_event_do_statistic, 150]: 
04-20 16:34:10.336375   235   538 I MAL-Daemon: [RDS-I][RDS][rds_ru_urc_hdlr] get URC: +ECSQ: 36,24,1,-337,-49,1,1,2,32767
04-20 16:34:10.336375   235   538 I MAL-Daemon: 
04-20 16:34:10.336375   235   538 I MAL-Daemon: [rds_ru_urc_hdlr, 1148]: 
04-20 16:34:10.336585   235   538 I MAL-Daemon: [RDS-I][RDS][ru_parse_3gppsigval] 3gppsigval #args act<2>
04-20 16:34:10.336585   235   538 I MAL-Daemon: [ru_parse_3gppsigval, 906]: 
04-20 16:34:10.336798   235   538 I MAL-Daemon: [RDS-I][RDS][RU][rds_ru_urc_hdlr] Update 3GPP STATUS rsrp<-85> regstat<6> 
04-20 16:34:10.336798   235   538 I MAL-Daemon: [rds_ru_urc_hdlr, 1258]: 
04-20 16:34:10.336859   235   517 D MAL-Daemon: ati_entity_ati_task_hdl(): AT Cmd Rsp. = "+ECSQ: 36,24,1,-337,-49,1,1,2,32767
04-20 16:34:10.336859   235   517 D MAL-Daemon: "
04-20 16:34:10.336859   235   517 D MAL-Daemon: [ati_entity_atc_task_hdl, 390]: 
04-20 16:34:10.337030   235   538 I MAL-Daemon: mdfx_event_do_statistic(): [STATISTIC] TID = 538 has used 4104 + 516 bytes!!
04-20 16:34:10.337030   235   538 I MAL-Daemon: [mdfx_event_do_statistic, 150]: 
04-20 16:34:10.337076   235   517 D MAL-Daemon: ati_entity_ati_task_hdl(): receiving a URC, "+ECSQ: 36,24,1,-337,-49,1,1,2,32767
04-20 16:34:10.337076   235   517 D MAL-Daemon: "!!
04-20 16:34:10.337076   235   517 D MAL-Daemon: [ati_entity_atc_task_hdl, 395]: 
04-20 16:34:10.337254   235   538 I MAL-Daemon: [RDS-I][RDS][RU][rds_ru_urc_hdlr] ru_check_ctx_ptr<0xf6257a88, 0xf6257a88>
04-20 16:34:10.337254   235   538 I MAL-Daemon: [rds_ru_urc_hdlr, 1263]: 
04-20 16:34:10.337448   235   517 I MAL-Daemon: ati_entity_ati_task_hdl(): sening out a ATC or URC "
04-20 16:34:10.337448   235   517 I MAL-Daemon: +ECSQ: 36,24,1,-337,-49,1,1,2,32767
04-20 16:34:10.337448   235   517 I MAL-Daemon: 
04-20 16:34:10.337448   235   517 I MAL-Daemon: " to FD = 10!!
04-20 16:34:10.337448   235   517 I MAL-Daemon: [ati_entity_atc_task_hdl, 499]: 
04-20 16:34:10.337500   235   538 I MAL-Daemon: mdfx_event_do_statistic(): [STATISTIC] TID = 538 has used 4620  -516 bytes!!
04-20 16:34:10.337500   235   538 I MAL-Daemon: [mdfx_event_do_statistic, 150]: 
04-20 16:34:10.337716   235   517 I MAL-Daemon: mdfx_event_do_statistic(): [STATISTIC] TID = 517 has used -1826372  -516 bytes!!
04-20 16:34:10.337716   235   517 I MAL-Daemon: [mdfx_event_do_statistic, 150]: 
04-20 16:34:10.337751   235   538 I MAL-Daemon: mdfx_event_do_statistic(): [STATISTIC] TID = 538 has used 4104  -4104 bytes!!
04-20 16:34:10.337751   235   538 I MAL-Daemon: [mdfx_event_do_statistic, 150]: 
04-20 16:34:10.337994   235   538 I MAL-Daemon: mdfx_event_do_statistic(): [STATISTIC] TID = 538 has used 0 + 516 bytes!!
04-20 16:34:10.337994   235   538 I MAL-Daemon: [mdfx_event_do_statistic, 150]: 
04-20 16:34:10.338192   235   538 I MAL-Daemon: [RDS-I][RU][rds_ru_task] RCV Event: 605 
04-20 16:34:10.338192   235   538 I MAL-Daemon: [rds_ru_task, 413]: 
04-20 16:34:10.338407   235   538 I MAL-Daemon: [RDS-I][RU][EVENT_RU_DM_3GPP_STATUS_IND] i4ltersrp:-85 u43gpp_status:0x6
04-20 16:34:10.338407   235   538 I MAL-Daemon: [rds_ru_3gpp_status_ind, 823]: 
04-20 16:34:10.338612   235   538 E MAL-Daemon: [RDS-E][RU][EVENT_RU_DM_3GPP_STATUS_IND] Invalid u43gpp_status:0x6
04-20 16:34:10.338612   235   538 E MAL-Daemon: [rds_ru_3gpp_status_ind, 851]: 
04-20 16:34:10.338879   235   538 I MAL-Daemon: [RDS-I][RDS][OP][rds_op_check_feature] operator id(0) check feature<0>, curr_opmsk is <1>, sys_opmsk is <0x0001, 1>
04-20 16:34:10.338879   235   538 I MAL-Daemon: [rds_op_check_feature, 173]: 
04-20 16:34:10.339162   235   538 I MAL-Daemon: [RDS-I][RU][rds_ru_ims_vops_update][RDS IMS] IMS VOPS IE is Disabled, update IMS RPL from Ori:(255, 255) New:(255,255)
04-20 16:34:10.339162   235   538 I MAL-Daemon: [rds_ru_ims_vops_update, 2303]: 
04-20 16:34:10.339795   235   538 I MAL-Daemon: [RDS-I][RU][rds_ru_rpl_gen][RDS] Current policy: fgimsolte_en<0>, fgwfc_en<0>, erdspolicy<3>, i4wifirssih<-75>, i4wifirssil<-85>, i4ltersrph<-106>, i4ltersrpl<-116>
04-20 16:34:10.339795   235   538 I MAL-Daemon: [rds_ru_rpl_gen, 2436]: 
04-20 16:34:10.340419   235   538 I MAL-Daemon: [RDS-I][RU][rds_ru_rpl_gen][RDS] current rds ru status: i4wifirssi<-127>, i4ltersrp<-85>, u4active_ran<0> 
04-20 16:34:10.340419   235   538 I MAL-Daemon: [rds_ru_rpl_gen, 2439]: 
04-20 16:34:10.341246   235   538 I MAL-Daemon: [RDS-I][RU][RDS IMS/MMS][rds_ru_rpl_gen] Ori:(255,255)/(255,255) New:(255,255)/(255,255)
04-20 16:34:10.341246   235   538 I MAL-Daemon: [rds_ru_rpl_gen, 2445]: 
04-20 16:34:10.341485   235   538 I MAL-Daemon: mdfx_event_do_statistic(): [STATISTIC] TID = 538 has used 516  -516 bytes!!
04-20 16:34:10.341485   235   538 I MAL-Daemon: [mdfx_event_do_statistic, 150]: 
04-20 16:34:10.378160  1576  1576 D SettingsInterface:  from settings cache , name = multi_sim_voice_call , value = null
04-20 16:34:10.415911   964  1007 D InputReader: AP_PROF:AppLaunch_dispatchPtr:Down:22339563, ID:0, Index:-1663946816
04-20 16:34:10.416086   964  1007 I PerfService: PerfServiceNative_boostEnableAsync:3
04-20 16:34:10.416870   964  1059 I libPerfService: 3: set freq: 819000
04-20 16:34:10.417161   964  1059 I libPerfService: 3: set: 3
04-20 16:34:10.417276  1102  1102 V ViewRootImpl: enqueueInputEvent: event = MotionEvent { action=ACTION_OUTSIDE, actionButton=0, id[0]=0, x[0]=0.0, y[0]=0.0, toolType[0]=TOOL_TYPE_FINGER, buttonState=0, metaState=0, flags=0x0, edgeFlags=0x0, pointerCount=1, historySize=0, eventTime=22339563, downTime=22339563, deviceId=1, source=0x1002 },processImmediately = true,mProcessInputEventsScheduled = false, this = ViewRoot{78da969 NavigationBar,ident = 2}
04-20 16:34:10.417697  1102  1102 V ViewRootImpl: finishInputEvent: handled = false,event = MotionEvent { action=ACTION_OUTSIDE, actionButton=0, id[0]=0, x[0]=0.0, y[0]=0.0, toolType[0]=TOOL_TYPE_FINGER, buttonState=0, metaState=0, flags=0x0, edgeFlags=0x0, pointerCount=1, historySize=0, eventTime=22339563, downTime=22339563, deviceId=1, source=0x1002 }, stage = 11: Synthetic input stage, this = ViewRoot{78da969 NavigationBar,ident = 2}
04-20 16:34:10.417851 15106 15106 V ViewRootImpl: enqueueInputEvent: event = MotionEvent { action=ACTION_DOWN, actionButton=0, id[0]=0, x[0]=392.48895, y[0]=419.69275, toolType[0]=TOOL_TYPE_FINGER, buttonState=0, metaState=0, flags=0x0, edgeFlags=0x0, pointerCount=1, historySize=0, eventTime=22339563, downTime=22339563, deviceId=1, source=0x1002 },processImmediately = true,mProcessInputEventsScheduled = false, this = ViewRoot{b020229 com.mediatek.engineermode/com.mediatek.engineermode.EngineerMode,ident = 0}
04-20 16:34:10.418178  1102  1102 V ViewRootImpl: enqueueInputEvent: event = MotionEvent { action=ACTION_OUTSIDE, actionButton=0, id[0]=0, x[0]=0.0, y[0]=0.0, toolType[0]=TOOL_TYPE_FINGER, buttonState=0, metaState=0, flags=0x0, edgeFlags=0x0, pointerCount=1, historySize=0, eventTime=22339563, downTime=22339563, deviceId=1, source=0x1002 },processImmediately = true,mProcessInputEventsScheduled = false, this = ViewRoot{9bd9b3e StatusBar,ident = 0}
04-20 16:34:10.418755  1102  1102 V ViewRootImpl: finishInputEvent: handled = false,event = MotionEvent { action=ACTION_OUTSIDE, actionButton=0, id[0]=0, x[0]=0.0, y[0]=0.0, toolType[0]=TOOL_TYPE_FINGER, buttonState=0, metaState=0, flags=0x0, edgeFlags=0x0, pointerCount=1, historySize=0, eventTime=22339563, downTime=22339563, deviceId=1, source=0x1002 }, stage = 11: Synthetic input stage, this = ViewRoot{9bd9b3e StatusBar,ident = 0}
04-20 16:34:10.421070 15106 15106 I View    : Touch down dispatch to android.widget.RelativeLayout{a055f6f V.E...... ........ 10,16-695,64}, event = MotionEvent { action=ACTION_DOWN, actionButton=0, id[0]=0, x[0]=352.48895, y[0]=20.692749, toolType[0]=TOOL_TYPE_FINGER, buttonState=0, metaState=0, flags=0x0, edgeFlags=0x0, pointerCount=1, historySize=0, eventTime=22339563, downTime=22339563, deviceId=1, source=0x1002 }
04-20 16:34:10.421457 15106 15106 I View    : Touch down dispatch to android.widget.LinearLayout{2b3a350 V.E...... ........ 30,243-738,323}, event = MotionEvent { action=ACTION_DOWN, actionButton=0, id[0]=0, x[0]=362.48895, y[0]=36.69275, toolType[0]=TOOL_TYPE_FINGER, buttonState=0, metaState=0, flags=0x0, edgeFlags=0x0, pointerCount=1, historySize=0, eventTime=22339563, downTime=22339563, deviceId=1, source=0x1002 }
04-20 16:34:10.421871 15106 15106 I View    : Touch down dispatch to android.widget.ListView{1501a80 VFED.VC.. .F...... 0,0-768,1166 #102000a android:id/list}, event = MotionEvent { action=ACTION_DOWN, actionButton=0, id[0]=0, x[0]=392.48895, y[0]=279.69275, toolType[0]=TOOL_TYPE_FINGER, buttonState=0, metaState=0, flags=0x0, edgeFlags=0x0, pointerCount=1, historySize=0, eventTime=22339563, downTime=22339563, deviceId=1, source=0x1002 }
04-20 16:34:10.422663 15106 15106 V ViewRootImpl: App handle pointer event: event = MotionEvent { action=ACTION_DOWN, actionButton=0, id[0]=0, x[0]=392.48895, y[0]=419.69275, toolType[0]=TOOL_TYPE_FINGER, buttonState=0, metaState=0, flags=0x0, edgeFlags=0x0, pointerCount=1, historySize=0, eventTime=22339563, downTime=22339563, deviceId=1, source=0x1002 }, mView = com.android.internal.policy.PhoneWindow$DecorView{42020ea V.E...... R....... 0,0-768,1306}, this = android.view.ViewRootImpl$ViewPostImeInputStage@f9e07d8
04-20 16:34:10.423042 15106 15106 V ViewRootImpl: finishInputEvent: handled = true,event = MotionEvent { action=ACTION_DOWN, actionButton=0, id[0]=0, x[0]=392.48895, y[0]=419.69275, toolType[0]=TOOL_TYPE_FINGER, buttonState=0, metaState=0, flags=0x0, edgeFlags=0x0, pointerCount=1, historySize=0, eventTime=22339563, downTime=22339563, deviceId=1, source=0x1002 }, stage = 10: View Post IME stage, this = ViewRoot{b020229 com.mediatek.engineermode/com.mediatek.engineermode.EngineerMode,ident = 0}
04-20 16:34:10.436154 15106 15106 V DisplayEventReceiver: call nativeScheduleVsync mReceiverPtr = 548132294720
04-20 16:34:10.436523   231   267 D SurfaceFlinger: requestNextVsync(15106)
04-20 16:34:10.452460   231   287 D SurfaceFlinger: postEvent(15106, v/c=40513)
04-20 16:34:10.453625 15106 15106 V ViewRootImpl: enqueueInputEvent: event = MotionEvent { action=ACTION_MOVE, actionButton=0, id[0]=0, x[0]=392.48895, y[0]=419.69275, toolType[0]=TOOL_TYPE_FINGER, buttonState=0, metaState=0, flags=0x0, edgeFlags=0x0, pointerCount=1, historySize=1, eventTime=22339591, downTime=22339563, deviceId=1, source=0x1002 },processImmediately = true,mProcessInputEventsScheduled = false, this = ViewRoot{b020229 com.mediatek.engineermode/com.mediatek.engineermode.EngineerMode,ident = 0}
04-20 16:34:10.455564 15106 15106 V ViewRootImpl: App handle pointer event: event = MotionEvent { action=ACTION_MOVE, actionButton=0, id[0]=0, x[0]=392.48895, y[0]=419.69275, toolType[0]=TOOL_TYPE_FINGER, buttonState=0, metaState=0, flags=0x0, edgeFlags=0x0, pointerCount=1, historySize=1, eventTime=22339591, downTime=22339563, deviceId=1, source=0x1002 }, mView = com.android.internal.policy.PhoneWindow$DecorView{42020ea V.E...... R....... 0,0-768,1306}, this = android.view.ViewRootImpl$ViewPostImeInputStage@f9e07d8
04-20 16:34:10.456224 15106 15106 V ViewRootImpl: finishInputEvent: handled = true,event = MotionEvent { action=ACTION_MOVE, actionButton=0, id[0]=0, x[0]=392.48895, y[0]=419.69275, toolType[0]=TOOL_TYPE_FINGER, buttonState=0, metaState=0, flags=0x0, edgeFlags=0x0, pointerCount=1, historySize=1, eventTime=22339591, downTime=22339563, deviceId=1, source=0x1002 }, stage = 10: View Post IME stage, this = ViewRoot{b020229 com.mediatek.engineermode/com.mediatek.engineermode.EngineerMode,ident = 0}
04-20 16:34:10.456564 15106 15106 V DisplayEventReceiver: call nativeScheduleVsync mReceiverPtr = 548132294720
04-20 16:34:10.456862   231   269 D SurfaceFlinger: requestNextVsync(15106)
04-20 16:34:10.468601   231   287 D SurfaceFlinger: postEvent(15106, v/c=40514)
04-20 16:34:10.469640 15106 15106 V ViewRootImpl: enqueueInputEvent: event = MotionEvent { action=ACTION_MOVE, actionButton=0, id[0]=0, x[0]=392.48895, y[0]=419.69275, toolType[0]=TOOL_TYPE_FINGER, buttonState=0, metaState=0, flags=0x0, edgeFlags=0x0, pointerCount=1, historySize=1, eventTime=22339610, downTime=22339563, deviceId=1, source=0x1002 },processImmediately = true,mProcessInputEventsScheduled = false, this = ViewRoot{b020229 com.mediatek.engineermode/com.mediatek.engineermode.EngineerMode,ident = 0}
04-20 16:34:10.471454 15106 15106 V ViewRootImpl: App handle pointer event: event = MotionEvent { action=ACTION_MOVE, actionButton=0, id[0]=0, x[0]=392.48895, y[0]=419.69275, toolType[0]=TOOL_TYPE_FINGER, buttonState=0, metaState=0, flags=0x0, edgeFlags=0x0, pointerCount=1, historySize=1, eventTime=22339610, downTime=22339563, deviceId=1, source=0x1002 }, mView = com.android.internal.policy.PhoneWindow$DecorView{42020ea V.E...... R....... 0,0-768,1306}, this = android.view.ViewRootImpl$ViewPostImeInputStage@f9e07d8
04-20 16:34:10.471909 15106 15106 V ViewRootImpl: finishInputEvent: handled = true,event = MotionEvent { action=ACTION_MOVE, actionButton=0, id[0]=0, x[0]=392.48895, y[0]=419.69275, toolType[0]=TOOL_TYPE_FINGER, buttonState=0, metaState=0, flags=0x0, edgeFlags=0x0, pointerCount=1, historySize=1, eventTime=22339610, downTime=22339563, deviceId=1, source=0x1002 }, stage = 10: View Post IME stage, this = ViewRoot{b020229 com.mediatek.engineermode/com.mediatek.engineermode.EngineerMode,ident = 0}
04-20 16:34:10.472223 15106 15106 V DisplayEventReceiver: call nativeScheduleVsync mReceiverPtr = 548132294720
04-20 16:34:10.473084   231   313 D SurfaceFlinger: requestNextVsync(15106)
04-20 16:34:10.484902   231   287 D SurfaceFlinger: postEvent(15106, v/c=40515)
04-20 16:34:10.486278 15106 15106 V ViewRootImpl: enqueueInputEvent: event = MotionEvent { action=ACTION_MOVE, actionButton=0, id[0]=0, x[0]=392.48895, y[0]=419.69275, toolType[0]=TOOL_TYPE_FINGER, buttonState=0, metaState=0, flags=0x0, edgeFlags=0x0, pointerCount=1, historySize=1, eventTime=22339627, downTime=22339563, deviceId=1, source=0x1002 },processImmediately = true,mProcessInputEventsScheduled = false, this = ViewRoot{b020229 com.mediatek.engineermode/com.mediatek.engineermode.EngineerMode,ident = 0}
04-20 16:34:10.488643 15106 15106 V ViewRootImpl: App handle pointer event: event = MotionEvent { action=ACTION_MOVE, actionButton=0, id[0]=0, x[0]=392.48895, y[0]=419.69275, toolType[0]=TOOL_TYPE_FINGER, buttonState=0, metaState=0, flags=0x0, edgeFlags=0x0, pointerCount=1, historySize=1, eventTime=22339627, downTime=22339563, deviceId=1, source=0x1002 }, mView = com.android.internal.policy.PhoneWindow$DecorView{42020ea V.E...... R....... 0,0-768,1306}, this = android.view.ViewRootImpl$ViewPostImeInputStage@f9e07d8
04-20 16:34:10.489172 15106 15106 V ViewRootImpl: finishInputEvent: handled = true,event = MotionEvent { action=ACTION_MOVE, actionButton=0, id[0]=0, x[0]=392.48895, y[0]=419.69275, toolType[0]=TOOL_TYPE_FINGER, buttonState=0, metaState=0, flags=0x0, edgeFlags=0x0, pointerCount=1, historySize=1, eventTime=22339627, downTime=22339563, deviceId=1, source=0x1002 }, stage = 10: View Post IME stage, this = ViewRoot{b020229 com.mediatek.engineermode/com.mediatek.engineermode.EngineerMode,ident = 0}
04-20 16:34:10.489555 15106 15106 V DisplayEventReceiver: call nativeScheduleVsync mReceiverPtr = 548132294720
04-20 16:34:10.489935   231  1039 D SurfaceFlinger: requestNextVsync(15106)
04-20 16:34:10.501161   231   287 D SurfaceFlinger: postEvent(15106, v/c=40516)
