04-20 16:34:15.454320   235   538 I MAL-Daemon: mdfx_event_do_statistic(): [STATISTIC] TID = 538 has used 516  -516 bytes!!
04-20 16:34:15.454320   235   538 I MAL-Daemon: [mdfx_event_do_statistic, 150]: 
04-20 16:34:15.454443   235   517 D MAL-Daemon: ati_entity_ati_task_hdl(): AT Cmd Rsp. = "+ECSQ: 42,32,1,-316,-34,1,1,2,32767
04-20 16:34:15.454443   235   517 D MAL-Daemon: "
04-20 16:34:15.454443   235   517 D MAL-Daemon: [ati_entity_atc_task_hdl, 390]: 
04-20 16:34:15.454494   235   517 D MAL-Daemon: ati_entity_ati_task_hdl(): receiving a URC, "+ECSQ: 42,32,1,-316,-34,1,1,2,32767
04-20 16:34:15.454494   235   517 D MAL-Daemon: "!!
04-20 16:34:15.454494   235   517 D MAL-Daemon: [ati_entity_atc_task_hdl, 395]: 
04-20 16:34:15.454591   235   517 I MAL-Daemon: ati_entity_ati_task_hdl(): sening out a ATC or URC "
04-20 16:34:15.454591   235   517 I MAL-Daemon: +ECSQ: 42,32,1,-316,-34,1,1,2,32767
04-20 16:34:15.454591   235   517 I MAL-Daemon: 
04-20 16:34:15.454591   235   517 I MAL-Daemon: " to FD = 10!!
04-20 16:34:15.454591   235   517 I MAL-Daemon: [ati_entity_atc_task_hdl, 499]: 
04-20 16:34:15.454659   235   517 I MAL-Daemon: mdfx_event_do_statistic(): [STATISTIC] TID = 517 has used -1826888  -4104 bytes!!
04-20 16:34:15.454659   235   517 I MAL-Daemon: [mdfx_event_do_statistic, 150]: 
04-20 16:34:15.470871  1576  1576 D SettingsInterface:  from settings cache , name = multi_sim_voice_call , value = null
04-20 16:34:16.210835  2025  2031 I PerfService: PerfServiceNative_getPackName
04-20 16:34:16.213029   964  2088 I libPerfService: perfGetLastBoostPid 13110
04-20 16:34:16.213861   964  2088 D PerfServiceManager: [PerfService] getLastBoostPid 13110 
04-20 16:34:16.214081   964  2088 I libPerfService: perfGetLastBoostPid 13110
04-20 16:34:16.933754   964  1007 D InputReader: AP_PROF:AppLaunch_dispatchPtr:Down:22346080, ID:0, Index:-1663946816
04-20 16:34:16.934373   964  1007 I PerfService: PerfServiceNative_boostEnableAsync:3
04-20 16:34:16.945730   964  1059 I libPerfService: 3: set freq: 819000
04-20 16:34:16.946582  1102  1102 V ViewRootImpl: enqueueInputEvent: event = MotionEvent { action=ACTION_OUTSIDE, actionButton=0, id[0]=0, x[0]=0.0, y[0]=0.0, toolType[0]=TOOL_TYPE_FINGER, buttonState=0, metaState=0, flags=0x0, edgeFlags=0x0, pointerCount=1, historySize=0, eventTime=22346080, downTime=22346080, deviceId=1, source=0x1002 },processImmediately = true,mProcessInputEventsScheduled = false, this = ViewRoot{78da969 NavigationBar,ident = 2}
04-20 16:34:16.947078  1102  1102 V ViewRootImpl: finishInputEvent: handled = false,event = MotionEvent { action=ACTION_OUTSIDE, actionButton=0, id[0]=0, x[0]=0.0, y[0]=0.0, toolType[0]=TOOL_TYPE_FINGER, buttonState=0, metaState=0, flags=0x0, edgeFlags=0x0, pointerCount=1, historySize=0, eventTime=22346080, downTime=22346080, deviceId=1, source=0x1002 }, stage = 11: Synthetic input stage, this = ViewRoot{78da969 NavigationBar,ident = 2}
04-20 16:34:16.947445  1102  1102 V ViewRootImpl: enqueueInputEvent: event = MotionEvent { action=ACTION_OUTSIDE, actionButton=0, id[0]=0, x[0]=0.0, y[0]=0.0, toolType[0]=TOOL_TYPE_FINGER, buttonState=0, metaState=0, flags=0x0, edgeFlags=0x0, pointerCount=1, historySize=0, eventTime=22346080, downTime=22346080, deviceId=1, source=0x1002 },processImmediately = true,mProcessInputEventsScheduled = false, this = ViewRoot{9bd9b3e StatusBar,ident = 0}
04-20 16:34:16.947807  1102  1102 V ViewRootImpl: finishInputEvent: handled = false,event = MotionEvent { action=ACTION_OUTSIDE, actionButton=0, id[0]=0, x[0]=0.0, y[0]=0.0, toolType[0]=TOOL_TYPE_FINGER, buttonState=0, metaState=0, flags=0x0, edgeFlags=0x0, pointerCount=1, historySize=0, eventTime=22346080, downTime=22346080, deviceId=1, source=0x1002 }, stage = 11: Synthetic input stage, this = ViewRoot{9bd9b3e StatusBar,ident = 0}
04-20 16:34:16.951658   964  1059 I libPerfService: 3: set: 3
04-20 16:34:16.955692 13110 13110 V ViewRootImpl: enqueueInputEvent: event = MotionEvent { action=ACTION_DOWN, actionButton=0, id[0]=0, x[0]=389.49286, y[0]=1284.0599, toolType[0]=TOOL_TYPE_FINGER, buttonState=0, metaState=0, flags=0x0, edgeFlags=0x0, pointerCount=1, historySize=0, eventTime=22346080, downTime=22346080, deviceId=1, source=0x1002 },processImmediately = true,mProcessInputEventsScheduled = false, this = ViewRoot{e6f4455 com.mediatek.mtklogger/com.mediatek.mtklogger.MainActivity,ident = 0}
04-20 16:34:16.959293 13110 13110 I View    : Touch down dispatch to android.widget.ToggleButton{239974 VFED..C.. ........ 364,0-404,40 #7f0c00b4 app:id/startStopToggleButton}, event = MotionEvent { action=ACTION_DOWN, actionButton=0, id[0]=0, x[0]=25.492859, y[0]=24.059937, toolType[0]=TOOL_TYPE_FINGER, buttonState=0, metaState=0, flags=0x0, edgeFlags=0x0, pointerCount=1, historySize=0, eventTime=22346080, downTime=22346080, deviceId=1, source=0x1002 }
04-20 16:34:16.960413 13110 13110 V DisplayEventReceiver: call nativeScheduleVsync mReceiverPtr = 548119859264
04-20 16:34:16.960810   231   267 D SurfaceFlinger: requestNextVsync(13110)
04-20 16:34:16.962687 13110 13110 V ViewRootImpl: App handle pointer event: event = MotionEvent { action=ACTION_DOWN, actionButton=0, id[0]=0, x[0]=389.49286, y[0]=1284.0599, toolType[0]=TOOL_TYPE_FINGER, buttonState=0, metaState=0, flags=0x0, edgeFlags=0x0, pointerCount=1, historySize=0, eventTime=22346080, downTime=22346080, deviceId=1, source=0x1002 }, mView = com.android.internal.policy.PhoneWindow$DecorView{289f316 V.E...... R......D 0,0-768,1306}, this = android.view.ViewRootImpl$ViewPostImeInputStage@a1b9d30
04-20 16:34:16.963571 13110 13110 V ViewRootImpl: finishInputEvent: handled = true,event = MotionEvent { action=ACTION_DOWN, actionButton=0, id[0]=0, x[0]=389.49286, y[0]=1284.0599, toolType[0]=TOOL_TYPE_FINGER, buttonState=0, metaState=0, flags=0x0, edgeFlags=0x0, pointerCount=1, historySize=0, eventTime=22346080, downTime=22346080, deviceId=1, source=0x1002 }, stage = 10: View Post IME stage, this = ViewRoot{e6f4455 com.mediatek.mtklogger/com.mediatek.mtklogger.MainActivity,ident = 0}
04-20 16:34:16.967307   231   287 D SurfaceFlinger: postEvent(13110, v/c=40598)
04-20 16:34:16.969082 13110 13110 V ViewRootImpl: enqueueInputEvent: event = MotionEvent { action=ACTION_MOVE, actionButton=0, id[0]=0, x[0]=389.49286, y[0]=1284.0599, toolType[0]=TOOL_TYPE_FINGER, buttonState=0, metaState=0, flags=0x0, edgeFlags=0x0, pointerCount=1, historySize=1, eventTime=22346108, downTime=22346080, deviceId=1, source=0x1002 },processImmediately = true,mProcessInputEventsScheduled = false, this = ViewRoot{e6f4455 com.mediatek.mtklogger/com.mediatek.mtklogger.MainActivity,ident = 0}
04-20 16:34:16.971775 13110 13110 V ViewRootImpl: App handle pointer event: event = MotionEvent { action=ACTION_MOVE, actionButton=0, id[0]=0, x[0]=389.49286, y[0]=1284.0599, toolType[0]=TOOL_TYPE_FINGER, buttonState=0, metaState=0, flags=0x0, edgeFlags=0x0, pointerCount=1, historySize=1, eventTime=22346108, downTime=22346080, deviceId=1, source=0x1002 }, mView = com.android.internal.policy.PhoneWindow$DecorView{289f316 V.E...... R......D 0,0-768,1306}, this = android.view.ViewRootImpl$ViewPostImeInputStage@a1b9d30
04-20 16:34:16.972784 13110 13110 V ViewRootImpl: finishInputEvent: handled = true,event = MotionEvent { action=ACTION_MOVE, actionButton=0, id[0]=0, x[0]=389.49286, y[0]=1284.0599, toolType[0]=TOOL_TYPE_FINGER, buttonState=0, metaState=0, flags=0x0, edgeFlags=0x0, pointerCount=1, historySize=1, eventTime=22346108, downTime=22346080, deviceId=1, source=0x1002 }, stage = 10: View Post IME stage, this = ViewRoot{e6f4455 com.mediatek.mtklogger/com.mediatek.mtklogger.MainActivity,ident = 0}
04-20 16:34:16.973315 13110 13110 V DisplayEventReceiver: call nativeScheduleVsync mReceiverPtr = 548119859264
04-20 16:34:16.973709   231  1738 D SurfaceFlinger: requestNextVsync(13110)
04-20 16:34:16.973892 13110 13110 V ViewRootImpl: ViewRoot performTraversals+ : mFirst = false, this = ViewRoot{e6f4455 com.mediatek.mtklogger/com.mediatek.mtklogger.MainActivity,ident = 0}
04-20 16:34:16.976350 13110 13110 V ViewRootImpl: ViewRoot performTraversals and draw- : mResizeBuffer = null, mResizeAlpha = 0, this = ViewRoot{e6f4455 com.mediatek.mtklogger/com.mediatek.mtklogger.MainActivity,ident = 0} frame#4 (cancelDraw = false)
04-20 16:34:16.978169   231  1039 I BufferQueueProducer: [com.mediatek.mtklogger/com.mediatek.mtklogger.MainActivity](this:0x7f76cd2400,id:290,api:1,p:13110,c:231) new GraphicBuffer needed
04-20 16:34:16.978304   231  1039 D GraphicBuffer: free, handle(0x7f7c8c9320) (w:768 h:1306 s:768 f:0x1 u:0x000900)
04-20 16:34:16.978530   231  1039 I [MALI][Gralloc]: [-]hnd(0x7f7c8c9320), client(27), share_fd(42)
04-20 16:34:16.983720   231   287 D SurfaceFlinger: postEvent(13110, v/c=40599)
04-20 16:34:16.986136 13110 13110 V ViewRootImpl: enqueueInputEvent: event = MotionEvent { action=ACTION_MOVE, actionButton=0, id[0]=0, x[0]=389.49286, y[0]=1284.0599, toolType[0]=TOOL_TYPE_FINGER, buttonState=0, metaState=0, flags=0x0, edgeFlags=0x0, pointerCount=1, historySize=1, eventTime=22346125, downTime=22346080, deviceId=1, source=0x1002 },processImmediately = true,mProcessInputEventsScheduled = false, this = ViewRoot{e6f4455 com.mediatek.mtklogger/com.mediatek.mtklogger.MainActivity,ident = 0}
04-20 16:34:16.987316   231  1039 I [MALI][Gralloc]: [+]hnd(0x7f7c8c9320), client(27), share_fd(32), hnd->flags:4
04-20 16:34:16.987439   231  1039 D GraphicBuffer: alloc, handle(0x7f7c8c9320) (w:1306 h:768 s:1312 f:0x1 u:0x000b00) err(0)
04-20 16:34:16.988783 13110 13110 V ViewRootImpl: App handle pointer event: event = MotionEvent { action=ACTION_MOVE, actionButton=0, id[0]=0, x[0]=389.49286, y[0]=1284.0599, toolType[0]=TOOL_TYPE_FINGER, buttonState=0, metaState=0, flags=0x0, edgeFlags=0x0, pointerCount=1, historySize=1, eventTime=22346125, downTime=22346080, deviceId=1, source=0x1002 }, mView = com.android.internal.policy.PhoneWindow$DecorView{289f316 V.E...... R....... 0,0-768,1306}, this = android.view.ViewRootImpl$ViewPostImeInputStage@a1b9d30
04-20 16:34:16.989726 13110 13110 V ViewRootImpl: finishInputEvent: handled = true,event = MotionEvent { action=ACTION_MOVE, actionButton=0, id[0]=0, x[0]=389.49286, y[0]=1284.0599, toolType[0]=TOOL_TYPE_FINGER, buttonState=0, metaState=0, flags=0x0, edgeFlags=0x0, pointerCount=1, historySize=1, eventTime=22346125, downTime=22346080, deviceId=1, source=0x1002 }, stage = 10: View Post IME stage, this = ViewRoot{e6f4455 com.mediatek.mtklogger/com.mediatek.mtklogger.MainActivity,ident = 0}
04-20 16:34:16.990256 13110 13110 V DisplayEventReceiver: call nativeScheduleVsync mReceiverPtr = 548119859264
04-20 16:34:16.990736   231   267 D SurfaceFlinger: requestNextVsync(13110)
04-20 16:34:16.993045 13110 15142 I [MALI][Gralloc]: [+]r_hnd(0x7fad610580), client(54), share_fd(66)
04-20 16:34:16.993162 13110 15142 D GraphicBuffer: register, handle(0x7fad610580) (w:1306 h:768 s:1312 f:0x1 u:0x000b00)
04-20 16:34:16.998156   231  1738 D SurfaceFlinger: requestNextVsync(231)
04-20 16:34:16.998384   231  1738 I BufferQueueProducer: [com.mediatek.mtklogger/com.mediatek.mtklogger.MainActivity](this:0x7f76cd2400,id:290,api:1,p:13110,c:231) queueBuffer: fps=0.57 dur=5217.46 max=5029.58 min=44.02
04-20 16:34:16.999813   231   287 D SurfaceFlinger: postEvent(13110, v/c=40600)
04-20 16:34:17.000036   231   289 D SurfaceFlinger: postEvent(231, v/c=32775)
04-20 16:34:17.003687 13110 13110 V ViewRootImpl: enqueueInputEvent: event = MotionEvent { action=ACTION_MOVE, actionButton=0, id[0]=0, x[0]=389.49286, y[0]=1284.0599, toolType[0]=TOOL_TYPE_FINGER, buttonState=0, metaState=0, flags=0x0, edgeFlags=0x0, pointerCount=1, historySize=1, eventTime=22346142, downTime=22346080, deviceId=1, source=0x1002 },processImmediately = true,mProcessInputEventsScheduled = false, this = ViewRoot{e6f4455 com.mediatek.mtklogger/com.mediatek.mtklogger.MainActivity,ident = 0}
04-20 16:34:17.006360 13110 13110 V ViewRootImpl: App handle pointer event: event = MotionEvent { action=ACTION_MOVE, actionButton=0, id[0]=0, x[0]=389.49286, y[0]=1284.0599, toolType[0]=TOOL_TYPE_FINGER, buttonState=0, metaState=0, flags=0x0, edgeFlags=0x0, pointerCount=1, historySize=1, eventTime=22346142, downTime=22346080, deviceId=1, source=0x1002 }, mView = com.android.internal.policy.PhoneWindow$DecorView{289f316 V.E...... R....... 0,0-768,1306}, this = android.view.ViewRootImpl$ViewPostImeInputStage@a1b9d30
04-20 16:34:17.007043 13110 13110 V ViewRootImpl: finishInputEvent: handled = true,event = MotionEvent { action=ACTION_MOVE, actionButton=0, id[0]=0, x[0]=389.49286, y[0]=1284.0599, toolType[0]=TOOL_TYPE_FINGER, buttonState=0, metaState=0, flags=0x0, edgeFlags=0x0, pointerCount=1, historySize=1, eventTime=22346142, downTime=22346080, deviceId=1, source=0x1002 }, stage = 10: View Post IME stage, this = ViewRoot{e6f4455 com.mediatek.mtklogger/com.mediatek.mtklogger.MainActivity,ident = 0}
04-20 16:34:17.007955 13110 13110 V DisplayEventReceiver: call nativeScheduleVsync mReceiverPtr = 548119859264
04-20 16:34:17.008423   231   313 D SurfaceFlinger: requestNextVsync(13110)
04-20 16:34:17.013764   231   231 I SurfaceFlinger: [Built-in Screen (type:0)] fps:0.455626,dur:2194.78,max:2194.78,min:2194.78
04-20 16:34:17.016380   231   287 D SurfaceFlinger: postEvent(13110, v/c=40601)
04-20 16:34:17.017788 13110 13110 V ViewRootImpl: enqueueInputEvent: event = MotionEvent { action=ACTION_MOVE, actionButton=0, id[0]=0, x[0]=389.49286, y[0]=1284.0599, toolType[0]=TOOL_TYPE_FINGER, buttonState=0, metaState=0, flags=0x0, edgeFlags=0x0, pointerCount=1, historySize=1, eventTime=22346158, downTime=22346080, deviceId=1, source=0x1002 },processImmediately = true,mProcessInputEventsScheduled = false, this = ViewRoot{e6f4455 com.mediatek.mtklogger/com.mediatek.mtklogger.MainActivity,ident = 0}
04-20 16:34:17.019545 13110 13110 V ViewRootImpl: App handle pointer event: event = MotionEvent { action=ACTION_MOVE, actionButton=0, id[0]=0, x[0]=389.49286, y[0]=1284.0599, toolType[0]=TOOL_TYPE_FINGER, buttonState=0, metaState=0, flags=0x0, edgeFlags=0x0, pointerCount=1, historySize=1, eventTime=22346158, downTime=22346080, deviceId=1, source=0x1002 }, mView = com.android.internal.policy.PhoneWindow$DecorView{289f316 V.E...... R....... 0,0-768,1306}, this = android.view.ViewRootImpl$ViewPostImeInputStage@a1b9d30
04-20 16:34:17.020113 13110 13110 V ViewRootImpl: finishInputEvent: handled = true,event = MotionEvent { action=ACTION_MOVE, actionButton=0, id[0]=0, x[0]=389.49286, y[0]=1284.0599, toolType[0]=TOOL_TYPE_FINGER, buttonState=0, metaState=0, flags=0x0, edgeFlags=0x0, pointerCount=1, historySize=1, eventTime=22346158, downTime=22346080, deviceId=1, source=0x1002 }, stage = 10: View Post IME stage, this = ViewRoot{e6f4455 com.mediatek.mtklogger/com.mediatek.mtklogger.MainActivity,ident = 0}
04-20 16:34:17.020678 13110 13110 V DisplayEventReceiver: call nativeScheduleVsync mReceiverPtr = 548119859264
04-20 16:34:17.021074   231   267 D SurfaceFlinger: requestNextVsync(13110)
04-20 16:34:17.029749   964  1007 D InputReader: AP_PROF:AppLaunch_dispatchPtr:Up:22346177, ID:0, Index:-1663943424
04-20 16:34:17.029904   964  1007 I PerfService: PerfServiceNative_boostEnableTimeoutMsAsync:3, 100
04-20 16:34:17.031266 15106 15115 I System  : FinalizerDaemon: finalize objects = 254
04-20 16:34:17.031761 13110 13110 V ViewRootImpl: enqueueInputEvent: event = MotionEvent { action=ACTION_UP, actionButton=0, id[0]=0, x[0]=389.49286, y[0]=1284.0599, toolType[0]=TOOL_TYPE_FINGER, buttonState=0, metaState=0, flags=0x0, edgeFlags=0x0, pointerCount=1, historySize=0, eventTime=22346177, downTime=22346080, deviceId=1, source=0x1002 },processImmediately = true,mProcessInputEventsScheduled = false, this = ViewRoot{e6f4455 com.mediatek.mtklogger/com.mediatek.mtklogger.MainActivity,ident = 0}
04-20 16:34:17.032475   231   287 D SurfaceFlinger: postEvent(13110, v/c=40602)
04-20 16:34:17.033498 13110 13110 I View    : Touch up dispatch to android.widget.ToggleButton{239974 VFED..C.. ...P.... 364,0-404,40 #7f0c00b4 app:id/startStopToggleButton}, event = MotionEvent { action=ACTION_UP, actionButton=0, id[0]=0, x[0]=25.492859, y[0]=24.059937, toolType[0]=TOOL_TYPE_FINGER, buttonState=0, metaState=0, flags=0x0, edgeFlags=0x0, pointerCount=1, historySize=0, eventTime=22346177, downTime=22346080, deviceId=1, source=0x1002 }
04-20 16:34:17.034211 13110 13110 V ViewRootImpl: App handle pointer event: event = MotionEvent { action=ACTION_UP, actionButton=0, id[0]=0, x[0]=389.49286, y[0]=1284.0599, toolType[0]=TOOL_TYPE_FINGER, buttonState=0, metaState=0, flags=0x0, edgeFlags=0x0, pointerCount=1, historySize=0, eventTime=22346177, downTime=22346080, deviceId=1, source=0x1002 }, mView = com.android.internal.policy.PhoneWindow$DecorView{289f316 V.E...... R....... 0,0-768,1306}, this = android.view.ViewRootImpl$ViewPostImeInputStage@a1b9d30
04-20 16:34:17.034641 13110 13110 V ViewRootImpl: finishInputEvent: handled = true,event = MotionEvent { action=ACTION_UP, actionButton=0, id[0]=0, x[0]=389.49286, y[0]=1284.0599, toolType[0]=TOOL_TYPE_FINGER, buttonState=0, metaState=0, flags=0x0, edgeFlags=0x0, pointerCount=1, historySize=0, eventTime=22346177, downTime=22346080, deviceId=1, source=0x1002 }, stage = 10: View Post IME stage, this = ViewRoot{e6f4455 com.mediatek.mtklogger/com.mediatek.mtklogger.MainActivity,ident = 0}
04-20 16:34:17.041333 13110 13110 D MTKLogger/MainActivity: StartStopToggleButton button is clicked!
04-20 16:34:17.041521 13110 13110 D MTKLogger/MainActivity: StartStopToggleButton button is checked ? true
04-20 16:34:17.041841 13110 13110 D MTKLogger/MTKLoggerService: -->startRecording(), logTypeCluster=23, reason=from_ui
04-20 16:34:17.041951 13110 13110 I MTKLogger/MTKLoggerService: MTKLoggerService.startRecording() thread name = main
04-20 16:34:17.042055 13110 13110 V MTKLogger/MTKLoggerService: -->isLogRunning(), logType = 16
04-20 16:34:17.042211 13110 13110 D MTKLogger/GPSLog: Is GPS log running ? false
04-20 16:34:17.042279 13110 13110 V MTKLogger/MTKLoggerService: <--isLogRunning()? false
04-20 16:34:17.042529 13110 13110 V MTKLogger/MTKLoggerService: -->isLogRunning(), logType = 4
04-20 16:34:17.042708 13110 13110 I MTKLogger/LogInstance:  Native log(4) running status=false
04-20 16:34:17.042781 13110 13110 V MTKLogger/MTKLoggerService: <--isLogRunning()? false
04-20 16:34:17.042876 13110 13110 V MTKLogger/MTKLoggerService: -->isLogRunning(), logType = 1
04-20 16:34:17.042977 13110 13110 I MTKLogger/LogInstance:  Native log(1) running status=false
04-20 16:34:17.043045 13110 13110 V MTKLogger/MTKLoggerService: <--isLogRunning()? false
04-20 16:34:17.043121 13110 13110 V MTKLogger/MTKLoggerService: -->isLogRunning(), logType = 2
04-20 16:34:17.043218 13110 13110 I MTKLogger/LogInstance:  Native log(2) running status=false
04-20 16:34:17.043345 13110 13110 D MTKLogger/MultiModemLog: Is modm log running ? false
04-20 16:34:17.043412 13110 13110 V MTKLogger/MTKLoggerService: <--isLogRunning()? false
04-20 16:34:17.043521 13110 13110 D MTKLogger/MTKLoggerService: logTypeClusterNeeded = 23
04-20 16:34:17.043843 13110 13110 V MTKLogger/MTKLoggerService: When start recording, for log [16], delay index=4.0
04-20 16:34:17.044116 13110 13110 V MTKLogger/MTKLoggerService: When start recording, for log [4], delay index=2.0
04-20 16:34:17.044334 13110 13110 V MTKLogger/MTKLoggerService: When start recording, for log [1], delay index=0.0
04-20 16:34:17.044597 13110 13110 V MTKLogger/MTKLoggerService: When start recording, for log [2], delay index=1.0
04-20 16:34:17.044717 13110 13131 I MTKLogger/MobileLog: Handle receive message, what=1
04-20 16:34:17.044907 13110 13110 V MTKLogger/MainActivity: -->changeWaitingDialog()
04-20 16:34:17.044946 13110 13131 D MTKLogger/LogInstance: -->getStorageState(), currentLogPathType=internal_sd
04-20 16:34:17.045132 13110 13131 I MTKLogger/Utils: -->getInternalSdPath()
04-20 16:34:17.045197 13110 13110 D MTKLogger/MainActivity: -->needStartLogAtBootTime(), needStart=false
04-20 16:34:17.045332 13110 13110 V MTKLogger/MainActivity: isBootComplete(), isComplete = true, isMTKLoggerServiceInited = true, isBootCompletedDone = true, isShutdownNormal = false, isNeedStartLogAtBootTime = false
04-20 16:34:17.045523 13110 13110 D MTKLogger/MTKLoggerService: <--getGlobalRunningStage(), current stage=1
04-20 16:34:17.045677 13110 13110 D MTKLogger/MainActivity: changeWaitingDialog() -> currentRunningStage is 1
04-20 16:34:17.046159 13110 13110 V MTKLogger/MainActivity: Before show dialog, isFinishingFlag=false
04-20 16:34:17.047600 13110 13110 D Dialog  : show
04-20 16:34:17.048150   964  1927 D AppOps  : noteOperation: allowing code 59 uid 10056 package com.mediatek.mtklogger
04-20 16:34:17.048645   964  1927 D AppOps  : noteOperation: allowing code 60 uid 10056 package com.mediatek.mtklogger
04-20 16:34:17.049775   964  1927 D SettingsInterface:  from settings cache , name = sys_storage_threshold_percentage , value = null
04-20 16:34:17.050335   964  1927 D SettingsInterface:  from settings cache , name = sys_storage_threshold_max_bytes , value = null
04-20 16:34:17.051092 13110 13131 I MTKLogger/Utils: /storage/emulated/0 is mounted!
04-20 16:34:17.051748 13110 13110 D ProgressBar: setMax, old = 100, new = 10000, backtrace = android.widget.ProgressBar.<init>:309 android.widget.ProgressBar.<init>:266 android.widget.ProgressBar.<init>:262 java.lang.reflect.Constructor.newInstance:-2 android.view.LayoutInflater.createView:619 , this = android.widget.ProgressBar{b09e248 V.ED..... ........ 0,0-0,0 #102000d android:id/progress}
04-20 16:34:17.052101 13110 13131 I MTKLogger/Utils: Is emulated and volumeInfo.getId() : emulated
04-20 16:34:17.052230 13110 13131 I MTKLogger/Utils: <--getInternalSdPath() : internalPath = /storage/emulated/0
04-20 16:34:17.052789 13110 13110 D ProgressBar: setProgress, old = 0, new = 0, max = 10000, backtrace = android.widget.ProgressBar.setProgress:1354 android.widget.ProgressBar.<init>:311 android.widget.ProgressBar.<init>:266 android.widget.ProgressBar.<init>:262 java.lang.reflect.Constructor.newInstance:-2 , this = android.widget.ProgressBar{b09e248 V.ED..... ......ID 0,0-0,0 #102000d android:id/progress}
04-20 16:34:17.052837 13110 13131 V MTKLogger: <--getLogPath(), type=internal_sd, string=/storage/emulated/0
04-20 16:34:17.053472 13110 13110 D ProgressBar: setSecondaryProgress, old = 0, new = 0, max = 10000, backtrace = android.widget.ProgressBar.<init>:313 android.widget.ProgressBar.<init>:266 android.widget.ProgressBar.<init>:262 java.lang.reflect.Constructor.newInstance:-2 android.view.LayoutInflater.createView:619 , this = android.widget.ProgressBar{b09e248 V.ED..... ......ID 0,0-0,0 #102000d android:id/progress}
04-20 16:34:17.054920   964  1663 D AppOps  : noteOperation: allowing code 59 uid 10056 package com.mediatek.mtklogger
04-20 16:34:17.055227   964  1663 D AppOps  : noteOperation: allowing code 60 uid 10056 package com.mediatek.mtklogger
04-20 16:34:17.056005   964  1663 D SettingsInterface:  from settings cache , name = sys_storage_threshold_percentage , value = null
04-20 16:34:17.057000   964  1663 D SettingsInterface:  from settings cache , name = sys_storage_threshold_max_bytes , value = null
04-20 16:34:17.058068 13110 13131 I MTKLogger/Utils: -->getInternalSdPath()
04-20 16:34:17.060099   964  2089 D AppOps  : noteOperation: allowing code 59 uid 10056 package com.mediatek.mtklogger
04-20 16:34:17.060410   964  2089 D AppOps  : noteOperation: allowing code 60 uid 10056 package com.mediatek.mtklogger
04-20 16:34:17.061040   964  2089 D SettingsInterface:  from settings cache , name = sys_storage_threshold_percentage , value = null
04-20 16:34:17.061697   964  2089 D SettingsInterface:  from settings cache , name = sys_storage_threshold_max_bytes , value = null
04-20 16:34:17.062832 13110 13131 I MTKLogger/Utils: /storage/emulated/0 is mounted!
04-20 16:34:17.063912 13110 13131 I MTKLogger/Utils: Is emulated and volumeInfo.getId() : emulated
04-20 16:34:17.064065 13110 13131 I MTKLogger/Utils: <--getInternalSdPath() : internalPath = /storage/emulated/0
04-20 16:34:17.064340 13110 13131 V MTKLogger: <--getLogPath(), type=internal_sd, string=/storage/emulated/0
04-20 16:34:17.064699 13110 13131 D MTKLogger: -->getAvailableStorageSize(), path=/storage/emulated/0, size=11847MB
04-20 16:34:17.064785 13110 13131 D MTKLogger/LogInstance: <--getStorageState(), storage is ready for log capture.
04-20 16:34:17.064993 13110 13131 I MTKLogger/Utils: -->getInternalSdPath()
04-20 16:34:17.068004   964   976 D AppOps  : noteOperation: allowing code 59 uid 10056 package com.mediatek.mtklogger
04-20 16:34:17.068395   964   976 D AppOps  : noteOperation: allowing code 60 uid 10056 package com.mediatek.mtklogger
04-20 16:34:17.069331   964   976 D SettingsInterface:  from settings cache , name = sys_storage_threshold_percentage , value = null
04-20 16:34:17.069826   964   976 D SettingsInterface:  from settings cache , name = sys_storage_threshold_max_bytes , value = null
04-20 16:34:17.070689 13110 13131 I MTKLogger/Utils: /storage/emulated/0 is mounted!
04-20 16:34:17.072038 13110 13131 I MTKLogger/Utils: Is emulated and volumeInfo.getId() : emulated
04-20 16:34:17.072197 13110 13131 I MTKLogger/Utils: <--getInternalSdPath() : internalPath = /storage/emulated/0
04-20 16:34:17.072669 13110 13131 V MTKLogger: <--getLogPath(), type=internal_sd, string=/storage/emulated/0
04-20 16:34:17.072930 13110 13131 I MTKLogger/LogConnection: -->send cmd: [set_storage_path,/storage/emulated/0] to [mobilelogd]
04-20 16:34:17.073047 13110 13131 D MTKLogger/LogConnection: Command builder success
04-20 16:34:17.074904 13110 13131 I MTKLogger/LogConnection: <--send cmd done : [set_storage_path,/storage/emulated/0] to [mobilelogd]
04-20 16:34:17.075034 13110 13131 I MTKLogger/MobileLog: Mobile log initialization reason = from_ui
04-20 16:34:17.075110 13110 13131 W MTKLogger/MobileLog: Start command come from UI, change log auto start to true at the same time
04-20 16:34:17.075187 13110 13131 I MTKLogger/LogConnection: -->send cmd: [deep_start] to [mobilelogd]
04-20 16:34:17.075267 13110 13131 D MTKLogger/LogConnection: Command builder success
04-20 16:34:17.078851   345   475 I MobileLogD: recv set_storage_path,/storage/emulated/0 from 8
04-20 16:34:17.080598   345 15164 I MobileLogD: thread 15164 handle msg
04-20 16:34:17.080706   345 15164 D MobileLogD/lib: write set_storage_path,/storage/emulated/0,1 to client 8 
04-20 16:34:17.080813   345 15164 D MobileLogD/lib: write to client over
04-20 16:34:17.081154 13110 13132 V MTKLogger/LogConnection: Response from native byte size=38
04-20 16:34:17.082106   345   475 I MobileLogD: recv deep_start from 8
04-20 16:34:17.082318 13110 13132 W art     : Method processed more than once: void com.mediatek.mtklogger.framework.MobileLog$MobileLogConnection.dealWithResponse(byte[], android.os.Handler)
04-20 16:34:17.082754 13110 13132 I MTKLogger/MobileLog: -->dealWithResponse(), resp=set_storage_path,/storage/emulated/0,1
04-20 16:34:17.083582   345 15165 I MobileLogD: thread 15165 handle msg
04-20 16:34:17.084648   345 15165 I MobileLogD: 'deepstart' mblog
04-20 16:34:17.084771   345 15165 I MobileLogD/lib: create dir /storage/emulated/0/mtklog/mobilelog/APLog_2016_0420_163417/
04-20 16:34:17.085753 13110 13131 I MTKLogger/LogConnection: <--send cmd done : [deep_start] to [mobilelogd]
04-20 16:34:17.085868 13110 13131 D MTKLogger/MobileLog: After sending start command, wait native's resp, not treat it as successfully directly
04-20 16:34:17.086049 13110 13131 I MTKLogger/MobileLog: Handle receive message, what=0
04-20 16:34:17.086138 13110 13131 W MTKLogger/MobileLog: Not supported message: 0
04-20 16:34:17.123714 13110 13110 D WindowClient: Add to mViews: com.android.internal.policy.PhoneWindow$DecorView{45604c7 V.E...... R.....I. 0,0-0,0}, this = android.view.WindowManagerGlobal@984a30c
04-20 16:34:17.125466 13110 15142 D OpenGLRenderer: CanvasContext() 0x7f9e394000
04-20 16:34:17.126729 13110 13110 D ViewRootImpl: hardware acceleration is enabled, this = ViewRoot{caa739a ,ident = 2}
04-20 16:34:17.130880   964  1059 D PerfServiceManager: [PerfService] MESSAGE_TIMEOUT:103 
04-20 16:34:17.131480   964  1059 I libPerfService: 3: set: 3
04-20 16:34:17.131705   964  1059 I libPerfService: 3: set freq: 819000
04-20 16:34:17.131757   964  1059 I libPerfService: 3: set vcore level: 0
04-20 16:34:17.135928 13110 13110 D MTKLogger/MainActivity: Log(16) new auto start value= true, startStopCmdResp=true
04-20 16:34:17.144415 13110 15142 D OpenGLRenderer: ~CanvasContext() 0x7f9e390800
04-20 16:34:17.144516 13110 15142 D OpenGLRenderer: Flushing caches (mode 0)
04-20 16:34:17.170636 13110 13110 D MTKLogger/MainActivity: Log(4) new auto start value= true, startStopCmdResp=true
04-20 16:34:17.183783 13110 13110 D MTKLogger/MainActivity: Log(1) new auto start value= true, startStopCmdResp=true
04-20 16:34:17.188740   345 15165 I MobileLogD: log dir: /storage/emulated/0/mtklog/mobilelog/APLog_2016_0420_163417/
04-20 16:34:17.199525   345 15165 I MobileLogD/lib: set cur path: /storage/emulated/0/mtklog/mobilelog/APLog_2016_0420_163417/
04-20 16:34:17.201914   345 15167 I MobileLogD/dupm: create thread 15167 do copy dump
04-20 16:34:17.203263   345 15167 I MobileLogD/dupm: change ioprio, default:0,0
04-20 16:34:17.216222  2025  2031 I PerfService: PerfServiceNative_getPackName
04-20 16:34:17.216786   964  1582 I libPerfService: perfGetLastBoostPid 13110
04-20 16:34:17.217138   964  1582 D PerfServiceManager: [PerfService] getLastBoostPid 13110 
04-20 16:34:17.217218   964  1582 I libPerfService: perfGetLastBoostPid 13110
04-20 16:34:17.224017 13110 13110 D MTKLogger/MainActivity: Log(2) new auto start value= true, startStopCmdResp=true
04-20 16:34:17.244853 13110 13110 D StrictMode: handleViolation; policy=2621447
04-20 16:34:17.251441 13110 13110 D StrictMode: handleViolation; policy=2621447
04-20 16:34:17.258104 13110 13110 D StrictMode: handleViolation; policy=2621447
04-20 16:34:17.263733   345 15165 E MobileLogD/new: open /dev/scp fail(No such file or directory)
04-20 16:34:17.265093   345 15165 I MobileLogD/new: set main_log rotate size: 22260 KB(prio:5/23)
04-20 16:34:17.266283   345 15165 I MobileLogD/new: set crash_log rotate size: 22260 KB(prio:5/23)
04-20 16:34:17.266744 13110 13110 D StrictMode: handleViolation; policy=2621447
04-20 16:34:17.272744   345 15165 I MobileLogD/new: set sys_log rotate size: 13356 KB(prio:3/23)
04-20 16:34:17.274657   345 15165 I MobileLogD/new: set radio_log rotate size: 13356 KB(prio:3/23)
04-20 16:34:17.275126 13110 13110 D StrictMode: handleViolation; policy=2621447
04-20 16:34:17.282038 13110 13110 D StrictMode: handleViolation; policy=2621447
04-20 16:34:17.288361 13110 13110 D StrictMode: handleViolation; policy=2621447
04-20 16:34:17.293033   345 15165 I MobileLogD/new: set events_log rotate size: 4452 KB(prio:1/23)
04-20 16:34:17.294118   345 15165 I MobileLogD/new: set kernel_log rotate size: 22260 KB(prio:5/23)
04-20 16:34:17.295172   345 15165 I MobileLogD/new: set atf_log rotate size: 4452 KB(prio:1/23)
04-20 16:34:17.296690 13110 13110 D StrictMode: handleViolation; policy=2621447
04-20 16:34:17.303324 13110 13110 D StrictMode: handleViolation; policy=2621447
04-20 16:34:17.303573 13110 13110 D StrictMode: handleViolation; policy=2621447
04-20 16:34:17.304348 13110 13110 V ViewRootImpl: ViewRoot performTraversals+ : mFirst = false, this = ViewRoot{e6f4455 com.mediatek.mtklogger/com.mediatek.mtklogger.MainActivity,ident = 0}
04-20 16:34:17.306504 13110 13110 V ViewRootImpl: ViewRoot performTraversals and draw- : mResizeBuffer = null, mResizeAlpha = 0, this = ViewRoot{e6f4455 com.mediatek.mtklogger/com.mediatek.mtklogger.MainActivity,ident = 0} frame#5 (cancelDraw = false)
04-20 16:34:17.306799 13110 13110 V ViewRootImpl: ViewRoot performTraversals+ : mFirst = true, this = ViewRoot{caa739a ,ident = 2}
04-20 16:34:17.310932   231   269 D SurfaceFlinger: requestNextVsync(231)
04-20 16:34:17.314234   231   289 D SurfaceFlinger: postEvent(231, v/c=32777)
04-20 16:34:17.318480 13110 13110 V DisplayEventReceiver: call nativeScheduleVsync mReceiverPtr = 548119859264
04-20 16:34:17.318875   231  1738 D SurfaceFlinger: requestNextVsync(13110)
04-20 16:34:17.330536   231   287 D SurfaceFlinger: postEvent(13110, v/c=40604)
04-20 16:34:17.334414   231   231 I BufferQueue: [unnamed-231-292](this:0x7f76ccc000,id:292,api:0,p:-1,c:-1) BufferQueue core=(231:/system/bin/surfaceflinger)
04-20 16:34:17.334608   231   231 D BufferQueueDump: [unnamed-231-292] this:0x7f7cde92c0, value:0x7fcddd658c, iLen:6
04-20 16:34:17.334822   231   231 I BufferQueueConsumer: [unnamed-231-292](this:0x7f76ccc000,id:292,api:0,p:-1,c:231) connect(C): consumer=(231:/system/bin/surfaceflinger) controlledByApp=false
04-20 16:34:17.334877   231   231 D BufferQueueDump: [unnamed-231-292] this:0x7f7cde92c0, value:0x7fcddd65ac, iLen:6
04-20 16:34:17.334933   231   231 I BufferQueueConsumer: [unnamed-231-292](this:0x7f76ccc000,id:292,api:0,p:-1,c:231) setConsumerName: unnamed-231-292
04-20 16:34:17.335034   231   231 D BufferQueueDump: [] this:0x7f7cde92c0, value:0x7fcddd661c, iLen:6
04-20 16:34:17.335085   231   231 I BufferQueueConsumer: [](this:0x7f76ccc000,id:292,api:0,p:-1,c:231) setConsumerName: 
04-20 16:34:17.335186   231   231 I BufferQueueConsumer: [](this:0x7f76ccc000,id:292,api:0,p:-1,c:231) setDefaultBufferSize: width=1 height=1
04-20 16:34:17.335293   231   231 D SurfaceFlinger: requestNextVsync(231)
04-20 16:34:17.343624   345 15167 I MobileLogD/dupm: dump /data/misc/mblog/inter_sd_folder
04-20 16:34:17.345469 13110 13133 I MTKLogger/MultiModemLog: Handle receive message, what=1, msg.arg1=[0]
04-20 16:34:17.345778 13110 13133 D MTKLogger/LogInstance: -->getStorageState(), currentLogPathType=internal_sd
04-20 16:34:17.345945 13110 13133 I MTKLogger/Utils: -->getInternalSdPath()
04-20 16:34:17.346682   231   289 D SurfaceFlinger: postEvent(231, v/c=32779)
04-20 16:34:17.346935   231   231 I BufferQueueConsumer: [](this:0x7f76ccc000,id:292,api:0,p:-1,c:231) setDefaultBufferSize: width=729 height=203
04-20 16:34:17.349461   964  8871 D AppOps  : noteOperation: allowing code 59 uid 10056 package com.mediatek.mtklogger
04-20 16:34:17.349746   964  8871 D AppOps  : noteOperation: allowing code 60 uid 10056 package com.mediatek.mtklogger
04-20 16:34:17.350390   964  8871 D SettingsInterface:  from settings cache , name = sys_storage_threshold_percentage , value = null
04-20 16:34:17.351007   964  8871 D SettingsInterface:  from settings cache , name = sys_storage_threshold_max_bytes , value = null
04-20 16:34:17.351208   964   987 V DisplayEventReceiver: call nativeScheduleVsync mReceiverPtr = 548369566784
04-20 16:34:17.351666   231  1738 D SurfaceFlinger: requestNextVsync(964)
04-20 16:34:17.352208 13110 13133 I MTKLogger/Utils: /storage/emulated/0 is mounted!
04-20 16:34:17.353496 13110 13133 I MTKLogger/Utils: Is emulated and volumeInfo.getId() : emulated
04-20 16:34:17.353647 13110 13133 I MTKLogger/Utils: <--getInternalSdPath() : internalPath = /storage/emulated/0
04-20 16:34:17.354015 13110 13133 V MTKLogger: <--getLogPath(), type=internal_sd, string=/storage/emulated/0
04-20 16:34:17.356416   964  1582 D AppOps  : noteOperation: allowing code 59 uid 10056 package com.mediatek.mtklogger
04-20 16:34:17.356712   964  1582 D AppOps  : noteOperation: allowing code 60 uid 10056 package com.mediatek.mtklogger
04-20 16:34:17.357333   964  1582 D SettingsInterface:  from settings cache , name = sys_storage_threshold_percentage , value = null
04-20 16:34:17.357772   964  1582 D SettingsInterface:  from settings cache , name = sys_storage_threshold_max_bytes , value = null
04-20 16:34:17.358729 13110 13133 I MTKLogger/Utils: -->getInternalSdPath()
04-20 16:34:17.358860 13110 15142 D OpenGLRenderer: CanvasContext() 0x7f9e394000 initialize window=0x7fad52ee10, title=
04-20 16:34:17.358910 13110 13110 D Surface : Surface::allocateBuffers(this=0x7fad52ee00)
04-20 16:34:17.358931 13110 15142 D Surface : Surface::connect(this=0x7fad52ee00,api=1)
04-20 16:34:17.359388   231   269 D BufferQueueProducer: [](this:0x7f76ccc000,id:292,api:0,p:-1,c:231) allocateBuffers: allocating from 0 buffers up to 4 buffers
04-20 16:34:17.359653   231  1039 I BufferQueueProducer: [](this:0x7f76ccc000,id:292,api:1,p:13110,c:231) connect(P): api=1 producer=(13110:com.mediatek.mtklogger) producerControlledByApp=true
04-20 16:34:17.359967 13110 15142 W libEGL  : [ANDROID_RECORDABLE] format: 1
04-20 16:34:17.360407   231   269 I [MALI][Gralloc]: [+]hnd(0x7f7c8c9b40), client(27), share_fd(63), hnd->flags:4
04-20 16:34:17.360482   231   269 D GraphicBuffer: alloc, handle(0x7f7c8c9b40) (w:729 h:203 s:736 f:0x1 u:0x000900) err(0)
04-20 16:34:17.361412   231   269 I [MALI][Gralloc]: [+]hnd(0x7f7c8c9a00), client(27), share_fd(67), hnd->flags:4
04-20 16:34:17.362552 13110 15142 D mali_winsys: new_window_surface returns 0x3000
04-20 16:34:17.362633   964  1652 D AppOps  : noteOperation: allowing code 59 uid 10056 package com.mediatek.mtklogger
04-20 16:34:17.362928   964  1652 D AppOps  : noteOperation: allowing code 60 uid 10056 package com.mediatek.mtklogger
04-20 16:34:17.363208   231   269 D GraphicBuffer: alloc, handle(0x7f7c8c9a00) (w:729 h:203 s:736 f:0x1 u:0x000900) err(0)
04-20 16:34:17.363467   231   287 D SurfaceFlinger: postEvent(964, v/c=40606)
04-20 16:34:17.363649   964  1652 D SettingsInterface:  from settings cache , name = sys_storage_threshold_percentage , value = null
04-20 16:34:17.364230   964  1652 D SettingsInterface:  from settings cache , name = sys_storage_threshold_max_bytes , value = null
04-20 16:34:17.365089 13110 13133 I MTKLogger/Utils: /storage/emulated/0 is mounted!
04-20 16:34:17.365183   231  1738 D SurfaceFlinger: requestNextVsync(231)
04-20 16:34:17.366288   231   269 I [MALI][Gralloc]: [+]hnd(0x7f7cdde0e0), client(27), share_fd(73), hnd->flags:4
04-20 16:34:17.366392   231   269 D GraphicBuffer: alloc, handle(0x7f7cdde0e0) (w:729 h:203 s:736 f:0x1 u:0x000900) err(0)
04-20 16:34:17.366429 13110 13133 I MTKLogger/Utils: Is emulated and volumeInfo.getId() : emulated
04-20 16:34:17.366545 13110 13133 I MTKLogger/Utils: <--getInternalSdPath() : internalPath = /storage/emulated/0
04-20 16:34:17.366807 13110 13133 V MTKLogger: <--getLogPath(), type=internal_sd, string=/storage/emulated/0
04-20 16:34:17.367143 13110 13133 D MTKLogger: -->getAvailableStorageSize(), path=/storage/emulated/0, size=11847MB
04-20 16:34:17.367214 13110 13133 D MTKLogger/LogInstance: <--getStorageState(), storage is ready for log capture.
04-20 16:34:17.367281   231   269 I [MALI][Gralloc]: [+]hnd(0x7f7cdde180), client(27), share_fd(75), hnd->flags:4
04-20 16:34:17.367352   231   269 D GraphicBuffer: alloc, handle(0x7f7cdde180) (w:729 h:203 s:736 f:0x1 u:0x000900) err(0)
04-20 16:34:17.367393 13110 13133 I MTKLogger/Utils: -->getInternalSdPath()
04-20 16:34:17.367525   231   269 D BufferQueueProducer: [](this:0x7f76ccc000,id:292,api:1,p:13110,c:231) allocateBuffers: allocating from 4 buffers up to 4 buffers
04-20 16:34:17.369429   964  1663 D AppOps  : noteOperation: allowing code 59 uid 10056 package com.mediatek.mtklogger
04-20 16:34:17.369737   964  1663 D AppOps  : noteOperation: allowing code 60 uid 10056 package com.mediatek.mtklogger
04-20 16:34:17.370404   964  1663 D SettingsInterface:  from settings cache , name = sys_storage_threshold_percentage , value = null
04-20 16:34:17.371063   964  1663 D SettingsInterface:  from settings cache , name = sys_storage_threshold_max_bytes , value = null
04-20 16:34:17.371891 13110 13133 I MTKLogger/Utils: /storage/emulated/0 is mounted!
04-20 16:34:17.373060 13110 13110 V ViewRootImpl: ViewRoot performTraversals and draw- : mResizeBuffer = null, mResizeAlpha = 0, this = ViewRoot{caa739a ,ident = 2} frame#0 (cancelDraw = false)
04-20 16:34:17.373484 13110 13133 I MTKLogger/Utils: Is emulated and volumeInfo.getId() : emulated
04-20 16:34:17.373626 13110 13133 I MTKLogger/Utils: <--getInternalSdPath() : internalPath = /storage/emulated/0
04-20 16:34:17.373946 13110 13133 V MTKLogger: <--getLogPath(), type=internal_sd, string=/storage/emulated/0
04-20 16:34:17.374262 13110 13133 I MTKLogger/LogConnection: -->send cmd: [set_storage_path,/storage/emulated/0] to [com.mediatek.mdlogger.socket1]
04-20 16:34:17.374357 13110 13133 D MTKLogger/LogConnection: Command builder success
04-20 16:34:17.374733   559   576 D EMDLOGGER1: mdlogger select done
04-20 16:34:17.374860   559   576 D EMDLOGGER1: mdlogger begin handle Socket command
04-20 16:34:17.374978   559   576 I EMDLOGGER1: mdlogger receive command set_storage_path,/storage/emulated/0
04-20 16:34:17.375905   559   576 I EMDLOGGER1: mdlogger send ACK set_storage_path,/storage/emulated/0,1
04-20 16:34:17.376014 13110 13135 V MTKLogger/LogConnection: Response from native byte size=38
04-20 16:34:17.376093   559   576 D EMDLOGGER1: mdlogger socket select start
04-20 16:34:17.377361 13110 13135 W art     : Method processed more than once: void com.mediatek.mtklogger.framework.MultiModemLog$ModemLogConnection.dealWithResponse(byte[], android.os.Handler)
04-20 16:34:17.377712 13110 13135 I MTKLogger/MultiModemLog: -->dealWithResponse(), resp=set_storage_path,/storage/emulated/0,1
04-20 16:34:17.378744 13110 13110 V ViewRootImpl: ViewRoot performTraversals+ : mFirst = false, this = ViewRoot{caa739a ,ident = 2}
04-20 16:34:17.379528   231   289 D SurfaceFlinger: postEvent(231, v/c=32781)
04-20 16:34:17.384940 13110 13133 I MTKLogger/LogConnection: <--send cmd done : [set_storage_path,/storage/emulated/0] to [com.mediatek.mdlogger.socket1]
04-20 16:34:17.385290 13110 13133 D MTKLogger/MultiModemLog/ModemManager: <--sendCmd(), cmd=set_storage_path,/storage/emulated/0, result=true
04-20 16:34:17.385437 13110 13133 W MTKLogger/MultiModemLog: Start command come from UI, change log auto start to true at the same time
04-20 16:34:17.385579 13110 13133 D MTKLogger/MultiModemLog: Utils.getModemSize(), 1
04-20 16:34:17.385820 13110 13133 I MTKLogger/LogConnection: -->send cmd: [deep_start,2,2] to [com.mediatek.mdlogger.socket1]
04-20 16:34:17.385910 13110 13133 D MTKLogger/LogConnection: Command builder success
04-20 16:34:17.386180   559   576 D EMDLOGGER1: mdlogger select done
04-20 16:34:17.386246   559   576 D EMDLOGGER1: mdlogger begin handle Socket command
04-20 16:34:17.386340   559   576 I EMDLOGGER1: mdlogger receive command deep_start,2,2
04-20 16:34:17.386432   559   576 D EMDLOGGER1: Handle request: deep start and set auto start.
04-20 16:34:17.388413 13110 13110 V DisplayEventReceiver: call nativeScheduleVsync mReceiverPtr = 548119859264
04-20 16:34:17.388744   231   313 D SurfaceFlinger: requestNextVsync(13110)
04-20 16:34:17.394780   231   267 I BufferQueueProducer: [](this:0x7f76ccc000,id:292,api:1,p:13110,c:231) new GraphicBuffer needed
04-20 16:34:17.394880   231   267 D GraphicBuffer: free, handle(0x7f7cdde180) (w:729 h:203 s:736 f:0x1 u:0x000900)
04-20 16:34:17.394985   231   267 I [MALI][Gralloc]: [-]hnd(0x7f7cdde180), client(27), share_fd(75)
04-20 16:34:17.395781   231   287 D SurfaceFlinger: postEvent(13110, v/c=40608)
04-20 16:34:17.396147   231   267 I [MALI][Gralloc]: [+]hnd(0x7f7cdde180), client(27), share_fd(45), hnd->flags:4
04-20 16:34:17.396209   231   267 D GraphicBuffer: alloc, handle(0x7f7cdde180) (w:203 h:729 s:208 f:0x1 u:0x000b00) err(0)
04-20 16:34:17.396455 13110 13133 I MTKLogger/LogConnection: <--send cmd done : [deep_start,2,2] to [com.mediatek.mdlogger.socket1]
04-20 16:34:17.396613 13110 13133 D MTKLogger/MultiModemLog/ModemManager: <--sendCmd(), cmd=deep_start,2,2, result=true
04-20 16:34:17.396691 13110 13133 D MTKLogger/MultiModemLog: After sending start command, wait native's resp, not treat it as successfully directly
04-20 16:34:17.396786 13110 13133 D MTKLogger/MultiModemLog: StartStopC2KLoggerService isStart ? true
04-20 16:34:17.396874 13110 13133 D MTKLogger/MultiModemLog: The md3 is not support, so it is not support C2KModem!
04-20 16:34:17.397084 13110 13133 I MTKLogger/MultiModemLog: Handle receive message, what=0, msg.arg1=[9]
04-20 16:34:17.397199 13110 13133 W MTKLogger/MultiModemLog: Not supported message: 0
04-20 16:34:17.397753 13110 15142 I [MALI][Gralloc]: [+]r_hnd(0x7f9f643b80), client(54), share_fd(69)
04-20 16:34:17.397871 13110 15142 D GraphicBuffer: register, handle(0x7f9f643b80) (w:203 h:729 s:208 f:0x1 u:0x000b00)
04-20 16:34:17.404347   231  1738 D SurfaceFlinger: requestNextVsync(231)
04-20 16:34:17.406024 13110 13110 V ViewRootImpl: ViewRoot performTraversals and draw- : mResizeBuffer = null, mResizeAlpha = 0, this = ViewRoot{caa739a ,ident = 2} frame#1 (cancelDraw = false)
04-20 16:34:17.406242 13110 13110 V ViewRootImpl: ViewRoot performTraversals+ : mFirst = false, this = ViewRoot{e6f4455 com.mediatek.mtklogger/com.mediatek.mtklogger.MainActivity,ident = 0}
04-20 16:34:17.408711 13110 13110 V ViewRootImpl: ViewRoot performTraversals and draw- : mResizeBuffer = null, mResizeAlpha = 0, this = ViewRoot{e6f4455 com.mediatek.mtklogger/com.mediatek.mtklogger.MainActivity,ident = 0} frame#6 (cancelDraw = false)
04-20 16:34:17.410621   964   987 V DisplayEventReceiver: call nativeScheduleVsync mReceiverPtr = 548369566784
04-20 16:34:17.410759 13110 13110 V ViewRootImpl: ViewRoot performTraversals+ : mFirst = false, this = ViewRoot{caa739a ,ident = 2}
04-20 16:34:17.410962   231   313 D SurfaceFlinger: requestNextVsync(964)
04-20 16:34:17.412076   231   287 D SurfaceFlinger: postEvent(964, v/c=40609)
04-20 16:34:17.412299   231   289 D SurfaceFlinger: postEvent(231, v/c=32783)
04-20 16:34:17.415658   559   576 D EMDLOGGER1: Set auto start mode: 2
04-20 16:34:17.415743   559   576 I EMDLOGGER1: MDL: START Logging, mode=2
04-20 16:34:17.415792   559   576 D EMDLOGGER1: startMDLogging: no mode change, resume
04-20 16:34:17.415835   559   576 I EMDLOGGER1: MDL: RESUME Logging
04-20 16:34:17.415880   559   576 D EMDLOGGER1: MDCommEngine.resume:start
04-20 16:34:17.415934   559   576 D EMDLOGGER1: LogWriter: Logging is resumed
04-20 16:34:17.415974   559   576 I EMDLOGGER1: init Cather BinPath.
04-20 16:34:17.416319   559   576 D EMDLOGGER1: Normal Mode 0
04-20 16:34:17.417066   559   576 I EMDLOGGER1: get sd config path from Log2SD property is internal_sd.
04-20 16:34:17.417145   559   576 D EMDLOGGER1: Get SDSwap internal real Path none
04-20 16:34:17.417781   559   576 D EMDLOGGER1: SD_LOG_ROOT is /storage/emulated/0/mtklog/mdlog1.
04-20 16:34:17.417849   559   576 I EMDLOGGER1: MAL_GetModemSuffix: begin
04-20 16:34:17.417901   559   576 D EMDLOGGER1: CATCHER_FILTER_PATH: /storage/emulated/0/mtklog/mdlog1_config/catcher_filter_1_lwg_n.bin
04-20 16:34:17.417946   559   576 I EMDLOGGER1: Creating compressor thread
04-20 16:34:17.417989   559   576 W EMDLOGGER1: startCompressBufWriterThread: already started!
04-20 16:34:17.418030   559   576 D EMDLOGGER1: Create log file on SD card
04-20 16:34:17.422180   964   987 V DisplayEventReceiver: call nativeScheduleVsync mReceiverPtr = 548369566784
04-20 16:34:17.422891   231   267 D SurfaceFlinger: requestNextVsync(964)
04-20 16:34:17.422958   231   313 D SurfaceFlinger: requestNextVsync(231)
04-20 16:34:17.426226 13110 13110 V DisplayEventReceiver: call nativeScheduleVsync mReceiverPtr = 548119859264
04-20 16:34:17.426654   231  1039 D SurfaceFlinger: requestNextVsync(13110)
04-20 16:34:17.427897   559   576 D EMDLOGGER1: Success to create log folder /storage/emulated/0/mtklog/mdlog1/MDLog1_2016_0420_163417
04-20 16:34:17.427988   559   576 D EMDLOGGER1: Generate log folder tree file, isFolderTrue:1, isNewCreat:0
04-20 16:34:17.428394   231   287 D SurfaceFlinger: postEvent(13110, v/c=40610)
04-20 16:34:17.428483   231   287 D SurfaceFlinger: postEvent(964, v/c=40610)
04-20 16:34:17.428497   231   289 D SurfaceFlinger: postEvent(231, v/c=32784)
04-20 16:34:17.430336   559   576 D EMDLOGGER1: File /storage/emulated/0/mtklog/mdlog1/file_tree.txt open.
04-20 16:34:17.430448   559   576 D EMDLOGGER1: Success to write file tree file.
04-20 16:34:17.431992   559   576 D EMDLOGGER1: Move Modem db file to SD folder
04-20 16:34:17.432657   231  1738 D SurfaceFlinger: requestNextVsync(231)
04-20 16:34:17.433110   559   576 I EMDLOGGER1: Set name mdl_cp_filter for thread(9d409440)
04-20 16:34:17.433185   559   576 I EMDLOGGER1: Set detach  mdl_cp_filter for thread(9d409440)
04-20 16:34:17.433229   559   576 D EMDLOGGER1: Generate version file
04-20 16:34:17.433264   964   987 V DisplayEventReceiver: call nativeScheduleVsync mReceiverPtr = 548369566784
04-20 16:34:17.433913   231   313 D SurfaceFlinger: requestNextVsync(964)
04-20 16:34:17.434237   231   269 I BufferQueueProducer: [](this:0x7f76ccc000,id:292,api:1,p:13110,c:231) new GraphicBuffer needed
04-20 16:34:17.434305   231   269 D GraphicBuffer: free, handle(0x7f7cdde0e0) (w:729 h:203 s:736 f:0x1 u:0x000900)
04-20 16:34:17.434403   231   269 I [MALI][Gralloc]: [-]hnd(0x7f7cdde0e0), client(27), share_fd(73)
04-20 16:34:17.435478   231   269 I [MALI][Gralloc]: [+]hnd(0x7f7cdde0e0), client(27), share_fd(73), hnd->flags:4
04-20 16:34:17.435575   231   269 D GraphicBuffer: alloc, handle(0x7f7cdde0e0) (w:203 h:729 s:208 f:0x1 u:0x000b00) err(0)
04-20 16:34:17.436641   559 15171 D EMDLOGGER1: Copy ExtModem DB start.
04-20 16:34:17.437293   231   267 D SurfaceFlinger: requestNextVsync(231)
04-20 16:34:17.437435   559 15171 I EMDLOGGER1: MAL_GetModemSuffix: begin
04-20 16:34:17.437992 13110 15142 I [MALI][Gralloc]: [+]r_hnd(0x7fad611d40), client(54), share_fd(71)
04-20 16:34:17.438207 13110 15142 D GraphicBuffer: register, handle(0x7fad611d40) (w:203 h:729 s:208 f:0x1 u:0x000b00)
04-20 16:34:17.438226   559 15171 D EMDLOGGER1:  MD DB md2_posfix BPLGUInfoCustomAppSrcP_MT6735_S00_MOLY_LR9_W1444_MD_LWTG_MP_V79_P9_1_lwg_n
04-20 16:34:17.439124   559   576 D EMDLOGGER1: File /storage/emulated/0/mtklog/mdlog1/MDLog1_2016_0420_163417/version_info.txt open.
