04-20 16:34:21.003066  1102  1102 V ViewRootImpl: App handle pointer event: event = MotionEvent { action=ACTION_DOWN, actionButton=0, id[0]=0, x[0]=201.73732, y[0]=57.002197, toolType[0]=TOOL_TYPE_FINGER, buttonState=0, metaState=0, flags=0x0, edgeFlags=0x0, pointerCount=1, historySize=0, eventTime=22350128, downTime=22350128, deviceId=1, source=0x1002 }, mView = com.android.systemui.statusbar.phone.NavigationBarView{1651cb7 V.E...... .......D 0,0-768,60}, this = android.view.ViewRootImpl$ViewPostImeInputStage@6913090
04-20 16:34:21.003311  1102  1102 V ViewRootImpl: finishInputEvent: handled = true,event = MotionEvent { action=ACTION_DOWN, actionButton=0, id[0]=0, x[0]=201.73732, y[0]=57.002197, toolType[0]=TOOL_TYPE_FINGER, buttonState=0, metaState=0, flags=0x0, edgeFlags=0x0, pointerCount=1, historySize=0, eventTime=22350128, downTime=22350128, deviceId=1, source=0x1002 }, stage = 10: View Post IME stage, this = ViewRoot{78da969 NavigationBar,ident = 2}
04-20 16:34:21.003894  1102  1102 V DisplayEventReceiver: call nativeScheduleVsync mReceiverPtr = 548106581952
04-20 16:34:21.004205  1102  1102 V ViewRootImpl: ViewRoot performTraversals+ : mFirst = false, this = ViewRoot{78da969 NavigationBar,ident = 2}
04-20 16:34:21.004232   231   267 D SurfaceFlinger: requestNextVsync(1102)
04-20 16:34:21.005055  1102  1102 V ViewRootImpl: ViewRoot performTraversals and draw- : mResizeBuffer = null, mResizeAlpha = 0, this = ViewRoot{78da969 NavigationBar,ident = 2} frame#516 (cancelDraw = false)
04-20 16:34:21.005630   231   289 D SurfaceFlinger: postEvent(231, v/c=32882)
04-20 16:34:21.005791   231   287 D SurfaceFlinger: postEvent(15106, v/c=40710)
04-20 16:34:21.005868   231   287 D SurfaceFlinger: postEvent(964, v/c=40710)
04-20 16:34:21.005949   231   287 D SurfaceFlinger: postEvent(1102, v/c=40710)
04-20 16:34:21.006015   231   287 D SurfaceFlinger: postEvent(1102, v/c=40710)
04-20 16:34:21.008419   231   231 I BufferQueue: [unnamed-231-293](this:0x7f76ccc000,id:293,api:0,p:-1,c:-1) BufferQueue core=(231:/system/bin/surfaceflinger)
04-20 16:34:21.008686   231   231 D BufferQueueDump: [unnamed-231-293] this:0x7f7cde92c0, value:0x7fcddd658c, iLen:6
04-20 16:34:21.009052   231   231 I BufferQueueConsumer: [unnamed-231-293](this:0x7f76ccc000,id:293,api:0,p:-1,c:231) connect(C): consumer=(231:/system/bin/surfaceflinger) controlledByApp=false
04-20 16:34:21.009070   231  1738 D SurfaceFlinger: requestNextVsync(231)
04-20 16:34:21.009121   231   231 D BufferQueueDump: [unnamed-231-293] this:0x7f7cde92c0, value:0x7fcddd65ac, iLen:6
04-20 16:34:21.009183   231   231 I BufferQueueConsumer: [unnamed-231-293](this:0x7f76ccc000,id:293,api:0,p:-1,c:231) setConsumerName: unnamed-231-293
04-20 16:34:21.009245   231   231 D BufferQueueDump: [com.mediatek.engineermode/com.mediatek.engineermode.EngineerMode] this:0x7f7cde92c0, value:0x7fcddd661c, iLen:6
04-20 16:34:21.009300   231   231 I BufferQueueConsumer: [com.mediatek.engineermode/com.mediatek.engineermode.EngineerMode](this:0x7f76ccc000,id:293,api:0,p:-1,c:231) setConsumerName: com.mediatek.engineermode/com.mediatek.engineermode.EngineerMode
04-20 16:34:21.009367   231   231 I BufferQueueConsumer: [com.mediatek.engineermode/com.mediatek.engineermode.EngineerMode](this:0x7f76ccc000,id:293,api:0,p:-1,c:231) setDefaultBufferSize: width=768 height=1306
04-20 16:34:21.009435   231   231 D SurfaceFlinger: requestNextVsync(231)
04-20 16:34:21.009980   231  1039 D SurfaceFlinger: requestNextVsync(1102)
04-20 16:34:21.012085  1102  1102 V ViewRootImpl: enqueueInputEvent: event = MotionEvent { action=ACTION_MOVE, actionButton=0, id[0]=0, x[0]=201.73732, y[0]=57.002197, toolType[0]=TOOL_TYPE_FINGER, buttonState=0, metaState=0, flags=0x0, edgeFlags=0x0, pointerCount=1, historySize=1, eventTime=22350147, downTime=22350128, deviceId=1, source=0x1002 },processImmediately = true,mProcessInputEventsScheduled = false, this = ViewRoot{78da969 NavigationBar,ident = 2}
04-20 16:34:21.012695  1102  1102 V ViewRootImpl: App handle pointer event: event = MotionEvent { action=ACTION_MOVE, actionButton=0, id[0]=0, x[0]=201.73732, y[0]=57.002197, toolType[0]=TOOL_TYPE_FINGER, buttonState=0, metaState=0, flags=0x0, edgeFlags=0x0, pointerCount=1, historySize=1, eventTime=22350147, downTime=22350128, deviceId=1, source=0x1002 }, mView = com.android.systemui.statusbar.phone.NavigationBarView{1651cb7 V.E...... ........ 0,0-768,60}, this = android.view.ViewRootImpl$ViewPostImeInputStage@6913090
04-20 16:34:21.015787   231   313 D SurfaceFlinger: requestNextVsync(231)
04-20 16:34:21.016163  1102  1102 V ViewRootImpl: finishInputEvent: handled = true,event = MotionEvent { action=ACTION_MOVE, actionButton=0, id[0]=0, x[0]=201.73732, y[0]=57.002197, toolType[0]=TOOL_TYPE_FINGER, buttonState=0, metaState=0, flags=0x0, edgeFlags=0x0, pointerCount=1, historySize=1, eventTime=22350147, downTime=22350128, deviceId=1, source=0x1002 }, stage = 10: View Post IME stage, this = ViewRoot{78da969 NavigationBar,ident = 2}
04-20 16:34:21.016515  1102  1102 V DisplayEventReceiver: call nativeScheduleVsync mReceiverPtr = 548106581952
04-20 16:34:21.016851   231   267 D SurfaceFlinger: requestNextVsync(1102)
04-20 16:34:21.017289  1102  1102 D PhoneStatusBar: hiding the MENU button
04-20 16:34:21.021674   231   287 D SurfaceFlinger: postEvent(1102, v/c=40711)
04-20 16:34:21.021824   231   287 D SurfaceFlinger: postEvent(1102, v/c=40711)
04-20 16:34:21.021863 15106 15106 D Surface : Surface::allocateBuffers(this=0x7fad52e000)
04-20 16:34:21.021939 15106 15123 D OpenGLRenderer: CanvasContext() 0x7f9f3a8800 initialize window=0x7fad52e010, title=com.mediatek.engineermode/com.mediatek.engineermode.EngineerMode
04-20 16:34:21.022558   964   987 V DisplayEventReceiver: call nativeScheduleVsync mReceiverPtr = 548369566784
04-20 16:34:21.022593   231  1039 D BufferQueueProducer: [](this:0x7f76ccc000,id:293,api:0,p:-1,c:231) allocateBuffers: allocating from 0 buffers up to 4 buffers
04-20 16:34:21.022918   231   313 D SurfaceFlinger: requestNextVsync(964)
04-20 16:34:21.023017   231   289 D SurfaceFlinger: postEvent(231, v/c=32883)
04-20 16:34:21.023752  1102  1102 V DisplayEventReceiver: call nativeScheduleVsync mReceiverPtr = 548106581952
04-20 16:34:21.023902 15106 15123 I OpenGLRenderer: Initialized EGL, version 1.4
04-20 16:34:21.023961   231   231 D SurfaceFlinger: requestNextVsync(231)
04-20 16:34:21.024083   231   231 D SurfaceFlinger: requestNextVsync(231)
04-20 16:34:21.025120   231   269 D SurfaceFlinger: requestNextVsync(1102)
04-20 16:34:21.026507 15106 15123 D OpenGLRenderer: Created EGL context (0x7f9d165c00)
04-20 16:34:21.027209   231   313 D SurfaceFlinger: requestNextVsync(1102)
04-20 16:34:21.028438 15106 15123 D OpenGLRenderer: Initializing program cache from 0x7fb6fd6bb8, size = 4
04-20 16:34:21.030470 15106 15123 D OpenGLRenderer: -- init (key = 0x0000000000000000)
04-20 16:34:21.030955   231  1039 I [MALI][Gralloc]: [+]hnd(0x7f7cddf260), client(27), share_fd(29), hnd->flags:4
04-20 16:34:21.031035   231  1039 D GraphicBuffer: alloc, handle(0x7f7cddf260) (w:768 h:1306 s:768 f:0x1 u:0x000900) err(0)
04-20 16:34:21.033035 15106 15123 D OpenGLRenderer: -- init (key = 0x0000000000000001)
04-20 16:34:21.033253   231   313 D SurfaceFlinger: requestNextVsync(231)
04-20 16:34:21.034437 15106 15123 D OpenGLRenderer: -- init (key = 0x0000000800000003)
04-20 16:34:21.035914 15106 15123 D OpenGLRenderer: -- init (key = 0x0000020000000008)
04-20 16:34:21.036751 15106 15123 D Surface : Surface::connect(this=0x7fad52e000,api=1)
04-20 16:34:21.036872   231  1039 I [MALI][Gralloc]: [+]hnd(0x7f7cdde5e0), client(27), share_fd(53), hnd->flags:4
04-20 16:34:21.036943   231  1039 D GraphicBuffer: alloc, handle(0x7f7cdde5e0) (w:768 h:1306 s:768 f:0x1 u:0x000900) err(0)
04-20 16:34:21.037303   231   267 I BufferQueueProducer: [com.mediatek.engineermode/com.mediatek.engineermode.EngineerMode](this:0x7f76ccc000,id:293,api:1,p:15106,c:231) connect(P): api=1 producer=(15106:com.mediatek.engineermode) producerControlledByApp=true
04-20 16:34:21.037580 15106 15123 W libEGL  : [ANDROID_RECORDABLE] format: 1
04-20 16:34:21.037871   231   289 D SurfaceFlinger: postEvent(231, v/c=32884)
04-20 16:34:21.037872   231   287 D SurfaceFlinger: postEvent(964, v/c=40712)
04-20 16:34:21.038016   231   287 D SurfaceFlinger: postEvent(1102, v/c=40712)
04-20 16:34:21.038093   231   287 D SurfaceFlinger: postEvent(1102, v/c=40712)
04-20 16:34:21.039049   231   231 D SurfaceFlinger: requestNextVsync(231)
04-20 16:34:21.039218   231   231 D SurfaceFlinger: requestNextVsync(231)
04-20 16:34:21.039939   964   987 V DisplayEventReceiver: call nativeScheduleVsync mReceiverPtr = 548369566784
04-20 16:34:21.040509  1102  1102 V ViewRootImpl: enqueueInputEvent: event = MotionEvent { action=ACTION_MOVE, actionButton=0, id[0]=0, x[0]=201.73732, y[0]=57.002197, toolType[0]=TOOL_TYPE_FINGER, buttonState=0, metaState=0, flags=0x0, edgeFlags=0x0, pointerCount=1, historySize=1, eventTime=22350180, downTime=22350128, deviceId=1, source=0x1002 },processImmediately = true,mProcessInputEventsScheduled = false, this = ViewRoot{78da969 NavigationBar,ident = 2}
04-20 16:34:21.040571   231  1738 D SurfaceFlinger: requestNextVsync(231)
04-20 16:34:21.040571   231   267 D SurfaceFlinger: requestNextVsync(964)
04-20 16:34:21.041605 15106 15123 D mali_winsys: new_window_surface returns 0x3000
04-20 16:34:21.041645   231   313 D SurfaceFlinger: requestNextVsync(1102)
04-20 16:34:21.042528  1102  1102 V ViewRootImpl: App handle pointer event: event = MotionEvent { action=ACTION_MOVE, actionButton=0, id[0]=0, x[0]=201.73732, y[0]=57.002197, toolType[0]=TOOL_TYPE_FINGER, buttonState=0, metaState=0, flags=0x0, edgeFlags=0x0, pointerCount=1, historySize=1, eventTime=22350180, downTime=22350128, deviceId=1, source=0x1002 }, mView = com.android.systemui.statusbar.phone.NavigationBarView{1651cb7 V.E...... ........ 0,0-768,60}, this = android.view.ViewRootImpl$ViewPostImeInputStage@6913090
04-20 16:34:21.043003  1102  1102 V ViewRootImpl: finishInputEvent: handled = true,event = MotionEvent { action=ACTION_MOVE, actionButton=0, id[0]=0, x[0]=201.73732, y[0]=57.002197, toolType[0]=TOOL_TYPE_FINGER, buttonState=0, metaState=0, flags=0x0, edgeFlags=0x0, pointerCount=1, historySize=1, eventTime=22350180, downTime=22350128, deviceId=1, source=0x1002 }, stage = 10: View Post IME stage, this = ViewRoot{78da969 NavigationBar,ident = 2}
04-20 16:34:21.043236  1102  1102 V DisplayEventReceiver: call nativeScheduleVsync mReceiverPtr = 548106581952
04-20 16:34:21.043541   231   269 D SurfaceFlinger: requestNextVsync(1102)
04-20 16:34:21.046513   231   313 D SurfaceFlinger: requestNextVsync(231)
04-20 16:34:21.046609   231  1039 I [MALI][Gralloc]: [+]hnd(0x7f7cdde220), client(27), share_fd(58), hnd->flags:4
04-20 16:34:21.046671   231  1039 D GraphicBuffer: alloc, handle(0x7f7cdde220) (w:768 h:1306 s:768 f:0x1 u:0x000900) err(0)
04-20 16:34:21.054079   231  1039 I [MALI][Gralloc]: [+]hnd(0x7f7cdde2c0), client(27), share_fd(59), hnd->flags:4
04-20 16:34:21.054136   231   287 D SurfaceFlinger: postEvent(964, v/c=40713)
04-20 16:34:21.054145   231   289 D SurfaceFlinger: postEvent(231, v/c=32885)
04-20 16:34:21.054194   231  1039 D GraphicBuffer: alloc, handle(0x7f7cdde2c0) (w:768 h:1306 s:768 f:0x1 u:0x000900) err(0)
04-20 16:34:21.054246   231   287 D SurfaceFlinger: postEvent(1102, v/c=40713)
04-20 16:34:21.054325   231   287 D SurfaceFlinger: postEvent(1102, v/c=40713)
04-20 16:34:21.055032  1102  1102 V ViewRootImpl: enqueueInputEvent: event = MotionEvent { action=ACTION_MOVE, actionButton=0, id[0]=0, x[0]=201.73732, y[0]=57.002197, toolType[0]=TOOL_TYPE_FINGER, buttonState=0, metaState=0, flags=0x0, edgeFlags=0x0, pointerCount=1, historySize=1, eventTime=22350193, downTime=22350128, deviceId=1, source=0x1002 },processImmediately = true,mProcessInputEventsScheduled = false, this = ViewRoot{78da969 NavigationBar,ident = 2}
04-20 16:34:21.055543  1102  1102 V ViewRootImpl: App handle pointer event: event = MotionEvent { action=ACTION_MOVE, actionButton=0, id[0]=0, x[0]=201.73732, y[0]=57.002197, toolType[0]=TOOL_TYPE_FINGER, buttonState=0, metaState=0, flags=0x0, edgeFlags=0x0, pointerCount=1, historySize=1, eventTime=22350193, downTime=22350128, deviceId=1, source=0x1002 }, mView = com.android.systemui.statusbar.phone.NavigationBarView{1651cb7 V.E...... ........ 0,0-768,60}, this = android.view.ViewRootImpl$ViewPostImeInputStage@6913090
04-20 16:34:21.055654   231  1039 D BufferQueueProducer: [com.mediatek.engineermode/com.mediatek.engineermode.EngineerMode](this:0x7f76ccc000,id:293,api:1,p:15106,c:231) allocateBuffers: allocating from 4 buffers up to 4 buffers
04-20 16:34:21.055973   964   987 V DisplayEventReceiver: call nativeScheduleVsync mReceiverPtr = 548369566784
04-20 16:34:21.056464  1102  1102 V ViewRootImpl: finishInputEvent: handled = true,event = MotionEvent { action=ACTION_MOVE, actionButton=0, id[0]=0, x[0]=201.73732, y[0]=57.002197, toolType[0]=TOOL_TYPE_FINGER, buttonState=0, metaState=0, flags=0x0, edgeFlags=0x0, pointerCount=1, historySize=1, eventTime=22350193, downTime=22350128, deviceId=1, source=0x1002 }, stage = 10: View Post IME stage, this = ViewRoot{78da969 NavigationBar,ident = 2}
04-20 16:34:21.056483   231   231 D SurfaceFlinger: requestNextVsync(231)
04-20 16:34:21.056614   231   231 D SurfaceFlinger: requestNextVsync(231)
04-20 16:34:21.056853   231   267 D SurfaceFlinger: requestNextVsync(964)
04-20 16:34:21.057054  1102  1102 V DisplayEventReceiver: call nativeScheduleVsync mReceiverPtr = 548106581952
04-20 16:34:21.057396   231   267 D SurfaceFlinger: requestNextVsync(231)
04-20 16:34:21.057980   231   267 D SurfaceFlinger: requestNextVsync(1102)
04-20 16:34:21.058110   964  1007 D InputReader: AP_PROF:AppLaunch_dispatchPtr:Up:22350205, ID:0, Index:-1663943424
04-20 16:34:21.058274   964  1007 I PerfService: PerfServiceNative_boostEnableTimeoutMsAsync:3, 100
04-20 16:34:21.058504   231   269 D SurfaceFlinger: requestNextVsync(1102)
04-20 16:34:21.059557  1102  1102 V ViewRootImpl: enqueueInputEvent: event = MotionEvent { action=ACTION_UP, actionButton=0, id[0]=0, x[0]=201.73732, y[0]=57.002197, toolType[0]=TOOL_TYPE_FINGER, buttonState=0, metaState=0, flags=0x0, edgeFlags=0x0, pointerCount=1, historySize=0, eventTime=22350205, downTime=22350128, deviceId=1, source=0x1002 },processImmediately = true,mProcessInputEventsScheduled = false, this = ViewRoot{78da969 NavigationBar,ident = 2}
04-20 16:34:21.060790  1102  1102 I View    : Touch up dispatch to com.android.systemui.statusbar.policy.KeyButtonView{16b3c6d V.ED..CL. ...P.... 80,0-283,60 #7f1000b8 app:id/back}, event = MotionEvent { action=ACTION_UP, actionButton=0, id[0]=0, x[0]=121.73732, y[0]=57.002197, toolType[0]=TOOL_TYPE_FINGER, buttonState=0, metaState=0, flags=0x0, edgeFlags=0x0, pointerCount=1, historySize=0, eventTime=22350205, downTime=22350128, deviceId=1, source=0x1002 }
04-20 16:34:21.061575 15106 15106 V ViewRootImpl: ViewRoot performTraversals and draw- : mResizeBuffer = null, mResizeAlpha = 0, this = ViewRoot{b020229 com.mediatek.engineermode/com.mediatek.engineermode.EngineerMode,ident = 0} frame#173 (cancelDraw = false)
04-20 16:34:21.063359   231  1738 D SurfaceFlinger: requestNextVsync(231)
04-20 16:34:21.063834 15106 15106 V ViewRootImpl: enqueueInputEvent: event = KeyEvent { action=ACTION_DOWN, keyCode=KEYCODE_BACK, scanCode=0, metaState=0, flags=0x48, repeatCount=0, eventTime=22350133, downTime=22350133, deviceId=-1, source=0x101 },processImmediately = true,mProcessInputEventsScheduled = false, this = ViewRoot{b020229 com.mediatek.engineermode/com.mediatek.engineermode.EngineerMode,ident = 0}
04-20 16:34:21.065251 15106 15106 V ViewRootImpl: finishInputEvent: handled = false,event = KeyEvent { action=ACTION_DOWN, keyCode=KEYCODE_BACK, scanCode=0, metaState=0, flags=0x48, repeatCount=0, eventTime=22350133, downTime=22350133, deviceId=-1, source=0x101 }, stage = 3 1: Process input event, this = ViewRoot{b020229 com.mediatek.engineermode/com.mediatek.engineermode.EngineerMode,ident = 0}
04-20 16:34:21.066056 15106 15106 V ViewRootImpl: ViewRoot performTraversals+ : mFirst = false, this = ViewRoot{b020229 com.mediatek.engineermode/com.mediatek.engineermode.EngineerMode,ident = 0}
04-20 16:34:21.070506   231   289 D SurfaceFlinger: postEvent(231, v/c=32886)
04-20 16:34:21.070506   231   287 D SurfaceFlinger: postEvent(964, v/c=40714)
04-20 16:34:21.070658   231   287 D SurfaceFlinger: postEvent(1102, v/c=40714)
04-20 16:34:21.070739   231   287 D SurfaceFlinger: postEvent(1102, v/c=40714)
04-20 16:34:21.071619   231   231 D SurfaceFlinger: requestNextVsync(231)
04-20 16:34:21.071769   231   231 D SurfaceFlinger: requestNextVsync(231)
04-20 16:34:21.072473   964   987 V DisplayEventReceiver: call nativeScheduleVsync mReceiverPtr = 548369566784
04-20 16:34:21.072988   231   313 D SurfaceFlinger: requestNextVsync(964)
04-20 16:34:21.073047   231   267 D SurfaceFlinger: requestNextVsync(231)
04-20 16:34:21.074416   231   269 D SurfaceFlinger: requestNextVsync(1102)
04-20 16:34:21.079894   964  1652 D WindowManager: interceptKeyTq keycode=4 interactive=true keyguardActive=false policyFlags=2b000002 down =false canceled = false isWakeKey=false mVolumeDownKeyTriggered =false mVolumeUpKeyTriggered =false result = 1 useHapticFeedback = false isInjected = true
04-20 16:34:21.080037 15106 15106 V DisplayEventReceiver: call nativeScheduleVsync mReceiverPtr = 548132294720
04-20 16:34:21.080609   231   313 D SurfaceFlinger: requestNextVsync(231)
04-20 16:34:21.081337   231   313 D SurfaceFlinger: requestNextVsync(15106)
04-20 16:34:21.081440   964  1006 D WindowManager: interceptKeyTi keyCode=4 down=false repeatCount=0 keyguardOn=false mHomePressed=false canceled=false metaState:0
04-20 16:34:21.084334  1102  1102 D SettingsInterface:  from settings cache , name = sound_effects_enabled , value = 0
04-20 16:34:21.084724  1102  1102 V ViewRootImpl: App handle pointer event: event = MotionEvent { action=ACTION_UP, actionButton=0, id[0]=0, x[0]=201.73732, y[0]=57.002197, toolType[0]=TOOL_TYPE_FINGER, buttonState=0, metaState=0, flags=0x0, edgeFlags=0x0, pointerCount=1, historySize=0, eventTime=22350205, downTime=22350128, deviceId=1, source=0x1002 }, mView = com.android.systemui.statusbar.phone.NavigationBarView{1651cb7 V.E...... .......D 0,0-768,60}, this = android.view.ViewRootImpl$ViewPostImeInputStage@6913090
04-20 16:34:21.084922  1102  1102 V ViewRootImpl: finishInputEvent: handled = true,event = MotionEvent { action=ACTION_UP, actionButton=0, id[0]=0, x[0]=201.73732, y[0]=57.002197, toolType[0]=TOOL_TYPE_FINGER, buttonState=0, metaState=0, flags=0x0, edgeFlags=0x0, pointerCount=1, historySize=0, eventTime=22350205, downTime=22350128, deviceId=1, source=0x1002 }, stage = 10: View Post IME stage, this = ViewRoot{78da969 NavigationBar,ident = 2}
04-20 16:34:21.085423  1102  1102 V ViewRootImpl: ViewRoot performTraversals+ : mFirst = false, this = ViewRoot{78da969 NavigationBar,ident = 2}
04-20 16:34:21.085408  1102  1134 I System  : FinalizerDaemon: finalize objects = 1
04-20 16:34:21.086715   231   289 D SurfaceFlinger: postEvent(231, v/c=32887)
04-20 16:34:21.086871   231   287 D SurfaceFlinger: postEvent(15106, v/c=40715)
04-20 16:34:21.086972   231   287 D SurfaceFlinger: postEvent(964, v/c=40715)
04-20 16:34:21.087051   231   287 D SurfaceFlinger: postEvent(1102, v/c=40715)
04-20 16:34:21.088048   231   231 D SurfaceFlinger: requestNextVsync(231)
04-20 16:34:21.088100   231   313 D SurfaceFlinger: requestNextVsync(1102)
04-20 16:34:21.088214   231   231 D SurfaceFlinger: requestNextVsync(231)
04-20 16:34:21.088507  1102  1102 V ViewRootImpl: ViewRoot performTraversals and draw- : mResizeBuffer = null, mResizeAlpha = 0, this = ViewRoot{78da969 NavigationBar,ident = 2} frame#517 (cancelDraw = false)
04-20 16:34:21.088783   964   987 V DisplayEventReceiver: call nativeScheduleVsync mReceiverPtr = 548369566784
04-20 16:34:21.089927   231  1738 D SurfaceFlinger: requestNextVsync(964)
04-20 16:34:21.090220   231   267 D SurfaceFlinger: requestNextVsync(231)
04-20 16:34:21.091047   231  1738 I BufferQueueProducer: [com.mediatek.engineermode/com.mediatek.engineermode.EngineerMode](this:0x7f76ccc000,id:293,api:1,p:15106,c:231) new GraphicBuffer needed
04-20 16:34:21.091164   231  1738 D GraphicBuffer: free, handle(0x7f7cdde2c0) (w:768 h:1306 s:768 f:0x1 u:0x000900)
04-20 16:34:21.091377   231  1738 I [MALI][Gralloc]: [-]hnd(0x7f7cdde2c0), client(27), share_fd(59)
04-20 16:34:21.095548   231   267 D SurfaceFlinger: requestNextVsync(231)
04-20 16:34:21.100425   231  1738 I [MALI][Gralloc]: [+]hnd(0x7f7cdde2c0), client(27), share_fd(56), hnd->flags:4
04-20 16:34:21.100521   231  1738 D GraphicBuffer: alloc, handle(0x7f7cdde2c0) (w:1306 h:768 s:1312 f:0x1 u:0x000b00) err(0)
04-20 16:34:21.102598 15106 15123 I [MALI][Gralloc]: [+]r_hnd(0x7fad60fc20), client(28), share_fd(37)
04-20 16:34:21.102738 15106 15123 D GraphicBuffer: register, handle(0x7fad60fc20) (w:1306 h:768 s:1312 f:0x1 u:0x000b00)
04-20 16:34:21.102930   231   287 D SurfaceFlinger: postEvent(964, v/c=40716)
04-20 16:34:21.102930   231   289 D SurfaceFlinger: postEvent(231, v/c=32888)
04-20 16:34:21.103068   231   287 D SurfaceFlinger: postEvent(1102, v/c=40716)
04-20 16:34:21.103956   231   231 D SurfaceFlinger: requestNextVsync(231)
04-20 16:34:21.104113   231   231 D SurfaceFlinger: requestNextVsync(231)
04-20 16:34:21.104817   964   987 V DisplayEventReceiver: call nativeScheduleVsync mReceiverPtr = 548369566784
04-20 16:34:21.105174   231   313 D SurfaceFlinger: requestNextVsync(964)
04-20 16:34:21.105346   231   269 D SurfaceFlinger: requestNextVsync(231)
04-20 16:34:21.106814   231   267 D SurfaceFlinger: requestNextVsync(1102)
04-20 16:34:21.111581   231   313 D SurfaceFlinger: requestNextVsync(231)
04-20 16:34:21.112230   231   313 D SurfaceFlinger: requestNextVsync(231)
04-20 16:34:21.114336 15106 15106 V ViewRootImpl: ViewRoot performTraversals and draw- : mResizeBuffer = null, mResizeAlpha = 0, this = ViewRoot{b020229 com.mediatek.engineermode/com.mediatek.engineermode.EngineerMode,ident = 0} frame#174 (cancelDraw = false)
04-20 16:34:21.115224 15106 15106 V ViewRootImpl: enqueueInputEvent: event = KeyEvent { action=ACTION_UP, keyCode=KEYCODE_BACK, scanCode=0, metaState=0, flags=0x48, repeatCount=0, eventTime=22350225, downTime=22350133, deviceId=-1, source=0x101 },processImmediately = true,mProcessInputEventsScheduled = false, this = ViewRoot{b020229 com.mediatek.engineermode/com.mediatek.engineermode.EngineerMode,ident = 0}
04-20 16:34:21.118534 15106 15106 D InputEventConsistencyVerifier: KeyEvent: ACTION_UP but key was not down.
04-20 16:34:21.118534 15106 15106 D InputEventConsistencyVerifier:   in com.android.internal.policy.PhoneWindow$DecorView{42020ea V.E...... R......D 0,0-768,1306}
04-20 16:34:21.118534 15106 15106 D InputEventConsistencyVerifier:   0: sent at 22350225000000, KeyEvent { action=ACTION_UP, keyCode=KEYCODE_BACK, scanCode=0, metaState=0, flags=0x68, repeatCount=0, eventTime=22350225, downTime=22350133, deviceId=-1, source=0x101 }
04-20 16:34:21.118534 15106 15106 D InputEventConsistencyVerifier:   -- recent events --
04-20 16:34:21.118534 15106 15106 D InputEventConsistencyVerifier:   1: sent at 22339660764000, MotionEvent { action=ACTION_UP, actionButton=0, id[0]=0, x[0]=392.48895, y[0]=419.69275, toolType[0]=TOOL_TYPE_FINGER, buttonState=0, metaState=0, flags=0x0, edgeFlags=0x0, pointerCount=1, historySize=0, eventTime=22339660, downTime=22339563, deviceId=1, source=0x1002 }
04-20 16:34:21.118534 15106 15106 D InputEventConsistencyVerifier:   2: sent at 22339643532461, MotionEvent { action=ACTION_MOVE, actionButton=0, id[0]=0, x[0]=392.48895, y[0]=419.69275, toolType[0]=TOOL_TYPE_FINGER, buttonState=0, metaState=0, flags=0x0, edgeFlags=0x0, pointerCount=1, historySize=1, eventTime=22339643, downTime=22339563, deviceId=1, source=0x1002 }
04-20 16:34:21.118534 15106 15106 D InputEventConsistencyVerifier:   3: sent at 22339627293423, MotionEvent { action=ACTION_MOVE, actionButton=0, id[0]=0, x[0]=392.48895, y[0]=419.69275, toolType[0]=TOOL_TYPE_FINGER, buttonState=0, metaState=0, flags=0x0, edgeFlags=0x0, pointerCount=1, historySize=1, eventTime=22339627, downTime=22339563, deviceId=1, source=0x1002 }
04-20 16:34:21.118534 15106 15106 D InputEventConsistencyVerifier:   4: sent at 22339610855000, MotionEvent { action=ACTION_MOVE, actionButton=0, id[0]=0, x[0]=392.48895, y[0]=419.69275, toolType[0]=TOOL_TYPE_FINGER, buttonState=0, metaState=0, flags=0x0, edgeFlags=0x0, pointerCount=1, historySize=1, eventTime=22339610, downTime=22339563, deviceId=1, source=0x1002 }
04-20 16:34:21.118534 15106 15106 D InputEventConsistencyVerifier:   5: sent at 22339591076000, MotionEvent { action=ACTION_MOVE, actionButton=0, id[0]=0, x[0]=392.48895, y[0]=419.69275, toolType[0]=TOOL_TYPE_FINGER, buttonState=0, metaState=0, flags=0x0, edgeFlags=0x0, pointerCount=1, historySize=1, eventTime=22339591, downTime=22339563, deviceId=1, source=0x1002 }
04-20 16:34:21.119251   231   289 D SurfaceFlinger: postEvent(231, v/c=32889)
04-20 16:34:21.119340   231   287 D SurfaceFlinger: postEvent(964, v/c=40717)
04-20 16:34:21.119415   231   287 D SurfaceFlinger: postEvent(1102, v/c=40717)
04-20 16:34:21.119527 15106 15106 I View    : Key up dispatch to android.widget.ListView{1501a80 VFED.VC.. .F....I. 0,0-768,1166 #102000a android:id/list}, event = KeyEvent { action=ACTION_UP, keyCode=KEYCODE_BACK, scanCode=0, metaState=0, flags=0x80000068, repeatCount=0, eventTime=22350225, downTime=22350133, deviceId=-1, source=0x101 }
04-20 16:34:21.120826   231   231 D SurfaceFlinger: requestNextVsync(231)
04-20 16:34:21.120996   231   231 D SurfaceFlinger: requestNextVsync(231)
04-20 16:34:21.121148 15106 15106 V ViewRootImpl: finishInputEvent: handled = false,event = KeyEvent { action=ACTION_UP, keyCode=KEYCODE_BACK, scanCode=0, metaState=0, flags=0x80000068, repeatCount=0, eventTime=22350225, downTime=22350133, deviceId=-1, source=0x101 }, stage = 10: View Post IME stage, this = ViewRoot{b020229 com.mediatek.engineermode/com.mediatek.engineermode.EngineerMode,ident = 0}
04-20 16:34:21.123018   231  1738 D SurfaceFlinger: requestNextVsync(1102)
04-20 16:34:21.124988 13110 13110 V DisplayEventReceiver: call nativeScheduleVsync mReceiverPtr = 548119859264
04-20 16:34:21.125430   231   313 D SurfaceFlinger: requestNextVsync(13110)
04-20 16:34:21.127568   231   267 D SurfaceFlinger: requestNextVsync(231)
04-20 16:34:21.135514   231   287 D SurfaceFlinger: postEvent(13110, v/c=40718)
04-20 16:34:21.135666   231   287 D SurfaceFlinger: postEvent(1102, v/c=40718)
04-20 16:34:21.135799   231   289 D SurfaceFlinger: postEvent(231, v/c=32890)
04-20 16:34:21.136486 13110 13110 V ViewRootImpl: ViewRoot performTraversals+ : mFirst = false, this = ViewRoot{e6f4455 com.mediatek.mtklogger/com.mediatek.mtklogger.MainActivity,ident = 0}
04-20 16:34:21.137027   231   231 D SurfaceFlinger: requestNextVsync(231)
04-20 16:34:21.137179   231   231 D SurfaceFlinger: requestNextVsync(231)
04-20 16:34:21.139123 13110 15142 D OpenGLRenderer: Flushing caches (mode 0)
04-20 16:34:21.139286   231  1039 D SurfaceFlinger: requestNextVsync(1102)
04-20 16:34:21.139461 13110 15142 D Surface : Surface::disconnect(this=0x7fad52e000,api=1)
04-20 16:34:21.139931   231   267 I BufferQueueProducer: [com.mediatek.mtklogger/com.mediatek.mtklogger.MainActivity](this:0x7f76cd2400,id:290,api:1,p:-1,c:231) disconnect(P): api 1
04-20 16:34:21.140527   231   267 I BufferQueueConsumer: [com.mediatek.mtklogger/com.mediatek.mtklogger.MainActivity](this:0x7f76cd2400,id:290,api:1,p:-1,c:231) getReleasedBuffers: returning mask 0xffffffffffffffff
04-20 16:34:21.140779   231   267 D GraphicBuffer: free, handle(0x7f7c8c9320) (w:1306 h:768 s:1312 f:0x1 u:0x000b00)
04-20 16:34:21.140918 15106 15106 V InputMethodManager: onWindowFocus: android.widget.ListView{1501a80 VFED.VC.. .F....ID 0,0-768,1166 #102000a android:id/list} softInputMode=16 first=true flags=#1810100
04-20 16:34:21.141262 15106 15106 V InputMethodManager: START INPUT: android.widget.ListView{1501a80 VFED.VC.. .F....ID 0,0-768,1166 #102000a android:id/list} ic=null tba=android.view.inputmethod.EditorInfo@3ee58ba controlFlags=#105
04-20 16:34:21.140932   231   267 I [MALI][Gralloc]: [-]hnd(0x7f7c8c9320), client(27), share_fd(32)
04-20 16:34:21.141650   231   267 D GraphicBuffer: free, handle(0x7f7c8c9fa0) (w:1306 h:768 s:1312 f:0x1 u:0x000b00)
04-20 16:34:21.141843   231   267 I [MALI][Gralloc]: [-]hnd(0x7f7c8c9fa0), client(27), share_fd(81)
04-20 16:34:21.142098   231   267 D GraphicBuffer: free, handle(0x7f7c8ca0e0) (w:1306 h:768 s:1312 f:0x1 u:0x000b00)
04-20 16:34:21.142283   231   267 I [MALI][Gralloc]: [-]hnd(0x7f7c8ca0e0), client(27), share_fd(62)
04-20 16:34:21.143595 13110 15142 D GraphicBuffer: unregister, handle(0x7fad610580) (w:1306 h:768 s:1312 f:0x1 u:0x000b00)
04-20 16:34:21.144748 13110 15142 I [MALI][Gralloc]: [-]r_hnd(0x7fad610580), client(54), share_fd(66)
04-20 16:34:21.145111 13110 15142 D GraphicBuffer: unregister, handle(0x7f9f643cc0) (w:1306 h:768 s:1312 f:0x1 u:0x000b00)
04-20 16:34:21.147065 13110 15142 I [MALI][Gralloc]: [-]r_hnd(0x7f9f643cc0), client(54), share_fd(64)
04-20 16:34:21.147449 13110 15142 D GraphicBuffer: unregister, handle(0x7fad60ffe0) (w:1306 h:768 s:1312 f:0x1 u:0x000b00)
04-20 16:34:21.148981 13110 15142 I [MALI][Gralloc]: [-]r_hnd(0x7fad60ffe0), client(54), share_fd(62)
04-20 16:34:21.149532 13110 15142 D GraphicBuffer: unregister, handle(0x7fad610a80) (w:1306 h:768 s:1312 f:0x1 u:0x000b00)
04-20 16:34:21.150928 13110 15142 I [MALI][Gralloc]: [-]r_hnd(0x7fad610a80), client(54), share_fd(65)
04-20 16:34:21.151377 13110 15142 D Surface : Surface::disconnect(this=0x7fad52e000,api=1)
04-20 16:34:21.151935   231   287 D SurfaceFlinger: postEvent(1102, v/c=40719)
04-20 16:34:21.152185   231   289 D SurfaceFlinger: postEvent(231, v/c=32891)
04-20 16:34:21.152457   231   313 I BufferQueueProducer: [com.mediatek.mtklogger/com.mediatek.mtklogger.MainActivity](this:0x7f76cd2400,id:290,api:1,p:-1,c:231) disconnect(P): api 1
04-20 16:34:21.154088 13110 15142 D OpenGLRenderer: Flushing caches (mode 0)
04-20 16:34:21.155853   964   987 V DisplayEventReceiver: call nativeScheduleVsync mReceiverPtr = 548369566784
04-20 16:34:21.156176   231   269 D SurfaceFlinger: requestNextVsync(231)
04-20 16:34:21.157018   231  1738 D SurfaceFlinger: requestNextVsync(1102)
04-20 16:34:21.158247 15106 15106 V ViewRootImpl: ViewRoot performTraversals+ : mFirst = false, this = ViewRoot{b020229 com.mediatek.engineermode/com.mediatek.engineermode.EngineerMode,ident = 0}
04-20 16:34:21.158453   231   313 D SurfaceFlinger: requestNextVsync(964)
04-20 16:34:21.158853   964  1059 D PerfServiceManager: [PerfService] MESSAGE_TIMEOUT:103 
04-20 16:34:21.158978   231   269 D SurfaceFlinger: requestNextVsync(231)
04-20 16:34:21.160193   964  1059 I libPerfService: 3: set freq: 1300000
04-20 16:34:21.161588   964  1059 I libPerfService: 3: set vcore level: 0
04-20 16:34:21.163723  1102  1102 V PhoneStatusBarPolicy: updateManagedProfile: mManagedProfileFocused: false mKeyguardVisible: false
04-20 16:34:21.164149   231  1039 D SurfaceFlinger: requestNextVsync(231)
04-20 16:34:21.168209   231   287 D SurfaceFlinger: postEvent(964, v/c=40720)
04-20 16:34:21.168359   231   287 D SurfaceFlinger: postEvent(1102, v/c=40720)
04-20 16:34:21.168483   231   289 D SurfaceFlinger: postEvent(231, v/c=32892)
04-20 16:34:21.169498 13110 13110 V ViewRootImpl: ViewRoot performTraversals and draw- : mResizeBuffer = null, mResizeAlpha = 0, this = ViewRoot{e6f4455 com.mediatek.mtklogger/com.mediatek.mtklogger.MainActivity,ident = 0} frame#-999 (cancelDraw = true)
04-20 16:34:21.169553   231   231 D SurfaceFlinger: requestNextVsync(231)
04-20 16:34:21.169675   231   231 D SurfaceFlinger: requestNextVsync(231)
04-20 16:34:21.171813   231   269 D SurfaceFlinger: requestNextVsync(1102)
04-20 16:34:21.174648 15106 15106 V DisplayEventReceiver: call nativeScheduleVsync mReceiverPtr = 548132294720
04-20 16:34:21.175244   231   269 D SurfaceFlinger: requestNextVsync(15106)
04-20 16:34:21.177405   231   313 D SurfaceFlinger: requestNextVsync(231)
04-20 16:34:21.179102   964   987 V DisplayEventReceiver: call nativeScheduleVsync mReceiverPtr = 548369566784
04-20 16:34:21.179223   231  1039 I BufferQueueProducer: [com.mediatek.engineermode/com.mediatek.engineermode.EngineerMode](this:0x7f76ccc000,id:293,api:1,p:15106,c:231) new GraphicBuffer needed
04-20 16:34:21.179271 15106 15106 V ViewRootImpl: ViewRoot performTraversals and draw- : mResizeBuffer = null, mResizeAlpha = 0, this = ViewRoot{b020229 com.mediatek.engineermode/com.mediatek.engineermode.EngineerMode,ident = 0} frame#175 (cancelDraw = false)
04-20 16:34:21.179299   231  1039 D GraphicBuffer: free, handle(0x7f7cdde220) (w:768 h:1306 s:768 f:0x1 u:0x000900)
04-20 16:34:21.179507   231  1039 I [MALI][Gralloc]: [-]hnd(0x7f7cdde220), client(27), share_fd(58)
04-20 16:34:21.179689   231   267 D SurfaceFlinger: requestNextVsync(964)
04-20 16:34:21.179902   231   267 D SurfaceFlinger: requestNextVsync(231)
04-20 16:34:21.184217   231   289 D SurfaceFlinger: postEvent(231, v/c=32893)
04-20 16:34:21.184218   231   287 D SurfaceFlinger: postEvent(15106, v/c=40721)
04-20 16:34:21.184373   231   287 D SurfaceFlinger: postEvent(964, v/c=40721)
04-20 16:34:21.184450   231   287 D SurfaceFlinger: postEvent(1102, v/c=40721)
04-20 16:34:21.185339 15106 15106 V ViewRootImpl: ViewRoot performTraversals+ : mFirst = false, this = ViewRoot{b020229 com.mediatek.engineermode/com.mediatek.engineermode.EngineerMode,ident = 0}
04-20 16:34:21.185573   231   231 D SurfaceFlinger: requestNextVsync(231)
04-20 16:34:21.185664 15106 15106 V ViewRootImpl: ViewRoot performTraversals and draw- : mResizeBuffer = null, mResizeAlpha = 0, this = ViewRoot{b020229 com.mediatek.engineermode/com.mediatek.engineermode.EngineerMode,ident = 0} frame#176 (cancelDraw = false)
04-20 16:34:21.185710   231   231 D SurfaceFlinger: requestNextVsync(231)
04-20 16:34:21.186498   231  1039 I [MALI][Gralloc]: [+]hnd(0x7f7cdde220), client(27), share_fd(32), hnd->flags:4
04-20 16:34:21.186612   231  1039 D GraphicBuffer: alloc, handle(0x7f7cdde220) (w:1306 h:768 s:1312 f:0x1 u:0x000b00) err(0)
04-20 16:34:21.188046   231   267 D SurfaceFlinger: requestNextVsync(1102)
04-20 16:34:21.188540 15106 15123 I [MALI][Gralloc]: [+]r_hnd(0x7fa9b2a4c0), client(28), share_fd(39)
04-20 16:34:21.188608 15106 15123 D GraphicBuffer: register, handle(0x7fa9b2a4c0) (w:1306 h:768 s:1312 f:0x1 u:0x000b00)
04-20 16:34:21.188927   964   987 V DisplayEventReceiver: call nativeScheduleVsync mReceiverPtr = 548369566784
04-20 16:34:21.189253   231   313 D SurfaceFlinger: requestNextVsync(964)
04-20 16:34:21.189700   231   267 D SurfaceFlinger: requestNextVsync(231)
04-20 16:34:21.193141   231   313 D SurfaceFlinger: requestNextVsync(231)
04-20 16:34:21.195090   231   269 D SurfaceFlinger: requestNextVsync(231)
04-20 16:34:21.200432   231   289 D SurfaceFlinger: postEvent(231, v/c=32894)
04-20 16:34:21.200432   231   287 D SurfaceFlinger: postEvent(964, v/c=40722)
04-20 16:34:21.200559   231   287 D SurfaceFlinger: postEvent(1102, v/c=40722)
04-20 16:34:21.202211   231   231 D SurfaceFlinger: requestNextVsync(231)
04-20 16:34:21.202470   231   231 D SurfaceFlinger: requestNextVsync(231)
04-20 16:34:21.202771   964   987 V DisplayEventReceiver: call nativeScheduleVsync mReceiverPtr = 548369566784
04-20 16:34:21.203101   231  1738 D SurfaceFlinger: requestNextVsync(964)
04-20 16:34:21.203462   231  1039 D SurfaceFlinger: requestNextVsync(231)
04-20 16:34:21.204229   231   267 D SurfaceFlinger: requestNextVsync(1102)
04-20 16:34:21.208888   231  1738 D SurfaceFlinger: requestNextVsync(231)
04-20 16:34:21.216658   231   287 D SurfaceFlinger: postEvent(964, v/c=40723)
04-20 16:34:21.216659   231   289 D SurfaceFlinger: postEvent(231, v/c=32895)
04-20 16:34:21.216798   231   287 D SurfaceFlinger: postEvent(1102, v/c=40723)
04-20 16:34:21.217642   231   231 D SurfaceFlinger: requestNextVsync(231)
04-20 16:34:21.217793   231   231 D SurfaceFlinger: requestNextVsync(231)
04-20 16:34:21.218861   964   987 V DisplayEventReceiver: call nativeScheduleVsync mReceiverPtr = 548369566784
04-20 16:34:21.219335   231  1039 D SurfaceFlinger: requestNextVsync(964)
04-20 16:34:21.219468   231   267 D SurfaceFlinger: requestNextVsync(231)
04-20 16:34:21.220465   231   313 D SurfaceFlinger: requestNextVsync(1102)
04-20 16:34:21.225290   231  1039 D SurfaceFlinger: requestNextVsync(231)
04-20 16:34:21.229466  2025  2031 I PerfService: PerfServiceNative_getPackName
04-20 16:34:21.229980   964  1843 I libPerfService: perfGetLastBoostPid 15106
04-20 16:34:21.230169   964  1843 D PerfServiceManager: [PerfService] getLastBoostPid 15106 
04-20 16:34:21.230239   964  1843 I libPerfService: perfGetLastBoostPid 15106
04-20 16:34:21.230682  2025  2031 D GasService: FG app changed: from com.mediatek.mtklogger to com.mediatek.engineermode
04-20 16:34:21.232925   231   289 D SurfaceFlinger: postEvent(231, v/c=32896)
04-20 16:34:21.232926   231   287 D SurfaceFlinger: postEvent(964, v/c=40724)
04-20 16:34:21.233056   231   287 D SurfaceFlinger: postEvent(1102, v/c=40724)
04-20 16:34:21.233882   231   231 D SurfaceFlinger: requestNextVsync(231)
04-20 16:34:21.234037   231   231 D SurfaceFlinger: requestNextVsync(231)
04-20 16:34:21.235143   964   987 V DisplayEventReceiver: call nativeScheduleVsync mReceiverPtr = 548369566784
04-20 16:34:21.235575   231   267 D SurfaceFlinger: requestNextVsync(964)
04-20 16:34:21.235634   231   313 D SurfaceFlinger: requestNextVsync(231)
04-20 16:34:21.236735   231   269 D SurfaceFlinger: requestNextVsync(1102)
04-20 16:34:21.241499   231   267 D SurfaceFlinger: requestNextVsync(231)
04-20 16:34:21.249183   231   287 D SurfaceFlinger: postEvent(964, v/c=40725)
04-20 16:34:21.249183   231   289 D SurfaceFlinger: postEvent(231, v/c=32897)
04-20 16:34:21.249312   231   287 D SurfaceFlinger: postEvent(1102, v/c=40725)
04-20 16:34:21.250202   231   231 D SurfaceFlinger: requestNextVsync(231)
04-20 16:34:21.250352   231   231 D SurfaceFlinger: requestNextVsync(231)
04-20 16:34:21.251397   964   987 V DisplayEventReceiver: call nativeScheduleVsync mReceiverPtr = 548369566784
04-20 16:34:21.251716   231   313 D SurfaceFlinger: requestNextVsync(964)
04-20 16:34:21.251888   231   269 D SurfaceFlinger: requestNextVsync(231)
04-20 16:34:21.253009   231  1738 D SurfaceFlinger: requestNextVsync(1102)
04-20 16:34:21.257708   231   313 D SurfaceFlinger: requestNextVsync(231)
04-20 16:34:21.265437   231   289 D SurfaceFlinger: postEvent(231, v/c=32898)
04-20 16:34:21.265594   231   287 D SurfaceFlinger: postEvent(964, v/c=40726)
04-20 16:34:21.265702   231   287 D SurfaceFlinger: postEvent(1102, v/c=40726)
04-20 16:34:21.266410   231   231 D SurfaceFlinger: requestNextVsync(231)
04-20 16:34:21.266552   231   231 D SurfaceFlinger: requestNextVsync(231)
04-20 16:34:21.267690   964   987 V DisplayEventReceiver: call nativeScheduleVsync mReceiverPtr = 548369566784
04-20 16:34:21.268014   231   269 D SurfaceFlinger: requestNextVsync(964)
04-20 16:34:21.268292   231   269 D SurfaceFlinger: requestNextVsync(231)
04-20 16:34:21.269244   231  1039 D SurfaceFlinger: requestNextVsync(1102)
04-20 16:34:21.273882   231  1738 D SurfaceFlinger: requestNextVsync(231)
04-20 16:34:21.281682   231   287 D SurfaceFlinger: postEvent(964, v/c=40727)
04-20 16:34:21.281682   231   289 D SurfaceFlinger: postEvent(231, v/c=32899)
04-20 16:34:21.281808   231   287 D SurfaceFlinger: postEvent(1102, v/c=40727)
04-20 16:34:21.282801   231   231 D SurfaceFlinger: requestNextVsync(231)
04-20 16:34:21.282958   231   231 D SurfaceFlinger: requestNextVsync(231)
04-20 16:34:21.284288   964   987 V DisplayEventReceiver: call nativeScheduleVsync mReceiverPtr = 548369566784
04-20 16:34:21.284622   231   269 D SurfaceFlinger: requestNextVsync(964)
04-20 16:34:21.284813   231   267 D SurfaceFlinger: requestNextVsync(231)
04-20 16:34:21.285497   231  1039 D SurfaceFlinger: requestNextVsync(1102)
04-20 16:34:21.290228   231   269 D SurfaceFlinger: requestNextVsync(231)
04-20 16:34:21.297948   231   289 D SurfaceFlinger: postEvent(231, v/c=32900)
04-20 16:34:21.297948   231   287 D SurfaceFlinger: postEvent(964, v/c=40728)
04-20 16:34:21.298078   231   287 D SurfaceFlinger: postEvent(1102, v/c=40728)
04-20 16:34:21.298993   231   231 D SurfaceFlinger: requestNextVsync(231)
04-20 16:34:21.299149   231   231 D SurfaceFlinger: requestNextVsync(231)
04-20 16:34:21.300175   964   987 V DisplayEventReceiver: call nativeScheduleVsync mReceiverPtr = 548369566784
04-20 16:34:21.300515   231   267 D SurfaceFlinger: requestNextVsync(964)
04-20 16:34:21.300666   231   313 D SurfaceFlinger: requestNextVsync(231)
04-20 16:34:21.301766   231  1039 D SurfaceFlinger: requestNextVsync(1102)
04-20 16:34:21.306583   231   267 D SurfaceFlinger: requestNextVsync(231)
04-20 16:34:21.314202   231   287 D SurfaceFlinger: postEvent(964, v/c=40729)
04-20 16:34:21.314202   231   289 D SurfaceFlinger: postEvent(231, v/c=32901)
04-20 16:34:21.314327   231   287 D SurfaceFlinger: postEvent(1102, v/c=40729)
04-20 16:34:21.315168   231   231 D SurfaceFlinger: requestNextVsync(231)
04-20 16:34:21.315320   231   231 D SurfaceFlinger: requestNextVsync(231)
04-20 16:34:21.316389   964   987 V DisplayEventReceiver: call nativeScheduleVsync mReceiverPtr = 548369566784
04-20 16:34:21.316699   231   313 D SurfaceFlinger: requestNextVsync(964)
04-20 16:34:21.317020   231  1039 D SurfaceFlinger: requestNextVsync(231)
04-20 16:34:21.318006   231  1738 D SurfaceFlinger: requestNextVsync(1102)
04-20 16:34:21.322796   231   313 D SurfaceFlinger: requestNextVsync(231)
04-20 16:34:21.330454   231   289 D SurfaceFlinger: postEvent(231, v/c=32902)
04-20 16:34:21.330454   231   287 D SurfaceFlinger: postEvent(964, v/c=40730)
04-20 16:34:21.330586   231   287 D SurfaceFlinger: postEvent(1102, v/c=40730)
04-20 16:34:21.331423   231   231 D SurfaceFlinger: requestNextVsync(231)
04-20 16:34:21.331568   231   231 D SurfaceFlinger: requestNextVsync(231)
04-20 16:34:21.332745   964   987 V DisplayEventReceiver: call nativeScheduleVsync mReceiverPtr = 548369566784
04-20 16:34:21.333135   231  1039 D SurfaceFlinger: requestNextVsync(964)
04-20 16:34:21.333377   231  1738 D SurfaceFlinger: requestNextVsync(231)
04-20 16:34:21.334262   231   269 D SurfaceFlinger: requestNextVsync(1102)
04-20 16:34:21.338853   231  1039 D SurfaceFlinger: requestNextVsync(231)
04-20 16:34:21.346714   231   287 D SurfaceFlinger: postEvent(964, v/c=40731)
04-20 16:34:21.346715   231   289 D SurfaceFlinger: postEvent(231, v/c=32903)
04-20 16:34:21.346853   231   287 D SurfaceFlinger: postEvent(1102, v/c=40731)
04-20 16:34:21.347766   231   231 D SurfaceFlinger: requestNextVsync(231)
04-20 16:34:21.347917   231   231 D SurfaceFlinger: requestNextVsync(231)
04-20 16:34:21.348946   964   987 V DisplayEventReceiver: call nativeScheduleVsync mReceiverPtr = 548369566784
04-20 16:34:21.349291   231  1738 D SurfaceFlinger: requestNextVsync(964)
04-20 16:34:21.349484   231   269 D SurfaceFlinger: requestNextVsync(231)
04-20 16:34:21.350541   231   267 D SurfaceFlinger: requestNextVsync(1102)
04-20 16:34:21.355205   231  1738 D SurfaceFlinger: requestNextVsync(231)
04-20 16:34:21.362976   231   289 D SurfaceFlinger: postEvent(231, v/c=32904)
04-20 16:34:21.362976   231   287 D SurfaceFlinger: postEvent(964, v/c=40732)
04-20 16:34:21.363110   231   287 D SurfaceFlinger: postEvent(1102, v/c=40732)
04-20 16:34:21.363953   231   231 D SurfaceFlinger: requestNextVsync(231)
04-20 16:34:21.364103   231   231 D SurfaceFlinger: requestNextVsync(231)
04-20 16:34:21.365336   964   987 V DisplayEventReceiver: call nativeScheduleVsync mReceiverPtr = 548369566784
04-20 16:34:21.365705   231   269 D SurfaceFlinger: requestNextVsync(964)
04-20 16:34:21.365847   231   267 D SurfaceFlinger: requestNextVsync(231)
04-20 16:34:21.366773   231   313 D SurfaceFlinger: requestNextVsync(1102)
04-20 16:34:21.371481   231   269 D SurfaceFlinger: requestNextVsync(231)
04-20 16:34:21.379233   231   289 D SurfaceFlinger: postEvent(231, v/c=32905)
04-20 16:34:21.379234   231   287 D SurfaceFlinger: postEvent(964, v/c=40733)
04-20 16:34:21.379365   231   287 D SurfaceFlinger: postEvent(1102, v/c=40733)
04-20 16:34:21.380215   231   231 D SurfaceFlinger: requestNextVsync(231)
04-20 16:34:21.380362   231   231 D SurfaceFlinger: requestNextVsync(231)
04-20 16:34:21.381451   964   987 V DisplayEventReceiver: call nativeScheduleVsync mReceiverPtr = 548369566784
04-20 16:34:21.381828   231   267 D SurfaceFlinger: requestNextVsync(964)
04-20 16:34:21.382045   231   313 D SurfaceFlinger: requestNextVsync(231)
04-20 16:34:21.383057   231  1039 D SurfaceFlinger: requestNextVsync(1102)
04-20 16:34:21.387742   231   267 D SurfaceFlinger: requestNextVsync(231)
04-20 16:34:21.395480   231   287 D SurfaceFlinger: postEvent(964, v/c=40734)
04-20 16:34:21.395479   231   289 D SurfaceFlinger: postEvent(231, v/c=32906)
04-20 16:34:21.395608   231   287 D SurfaceFlinger: postEvent(1102, v/c=40734)
04-20 16:34:21.396490   231   231 D SurfaceFlinger: requestNextVsync(231)
04-20 16:34:21.396641   231   231 D SurfaceFlinger: requestNextVsync(231)
04-20 16:34:21.397820   964   987 V DisplayEventReceiver: call nativeScheduleVsync mReceiverPtr = 548369566784
04-20 16:34:21.398200   231   313 D SurfaceFlinger: requestNextVsync(964)
04-20 16:34:21.398470   231   313 D SurfaceFlinger: requestNextVsync(231)
04-20 16:34:21.399321   231  1738 D SurfaceFlinger: requestNextVsync(1102)
04-20 16:34:21.400259   231   231 I BufferQueueProducer: [FrameBufferSurface_0](this:0x7f7c90e000,id:0,api:1,p:231,c:231) queueBuffer: fps=2.72 dur=2942.84 max=2828.38 min=12.26
04-20 16:34:21.406265   231  1039 D SurfaceFlinger: requestNextVsync(231)
04-20 16:34:21.411735   231   289 D SurfaceFlinger: postEvent(231, v/c=32907)
04-20 16:34:21.411735   231   287 D SurfaceFlinger: postEvent(964, v/c=40735)
04-20 16:34:21.411884   231   287 D SurfaceFlinger: postEvent(1102, v/c=40735)
04-20 16:34:21.412878   231   231 D SurfaceFlinger: requestNextVsync(231)
04-20 16:34:21.413032   231   231 D SurfaceFlinger: requestNextVsync(231)
04-20 16:34:21.414041   964   987 V DisplayEventReceiver: call nativeScheduleVsync mReceiverPtr = 548369566784
04-20 16:34:21.414405   231   313 D SurfaceFlinger: requestNextVsync(964)
04-20 16:34:21.414682   231  1738 D SurfaceFlinger: requestNextVsync(231)
04-20 16:34:21.415606   231   269 D SurfaceFlinger: requestNextVsync(1102)
04-20 16:34:21.422762   231   313 D SurfaceFlinger: requestNextVsync(231)
04-20 16:34:21.427992   231   289 D SurfaceFlinger: postEvent(231, v/c=32908)
04-20 16:34:21.427992   231   287 D SurfaceFlinger: postEvent(964, v/c=40736)
04-20 16:34:21.428124   231   287 D SurfaceFlinger: postEvent(1102, v/c=40736)
04-20 16:34:21.428970   231   231 D SurfaceFlinger: requestNextVsync(231)
04-20 16:34:21.429138   231   231 D SurfaceFlinger: requestNextVsync(231)
04-20 16:34:21.430264   964   987 V DisplayEventReceiver: call nativeScheduleVsync mReceiverPtr = 548369566784
04-20 16:34:21.430642   231  1738 D SurfaceFlinger: requestNextVsync(964)
04-20 16:34:21.430855   231   267 D SurfaceFlinger: requestNextVsync(231)
04-20 16:34:21.431856   231   269 D SurfaceFlinger: requestNextVsync(1102)
04-20 16:34:21.442860   231  1738 D SurfaceFlinger: requestNextVsync(231)
04-20 16:34:21.444279   231   287 D SurfaceFlinger: postEvent(964, v/c=40737)
04-20 16:34:21.444399   231   287 D SurfaceFlinger: postEvent(1102, v/c=40737)
04-20 16:34:21.444502   231   289 D SurfaceFlinger: postEvent(231, v/c=32909)
04-20 16:34:21.445485   231   231 D SurfaceFlinger: requestNextVsync(231)
04-20 16:34:21.445624   231   231 D SurfaceFlinger: requestNextVsync(231)
04-20 16:34:21.446633   964   987 V DisplayEventReceiver: call nativeScheduleVsync mReceiverPtr = 548369566784
04-20 16:34:21.446982   231   267 D SurfaceFlinger: requestNextVsync(964)
04-20 16:34:21.447266   231   269 D SurfaceFlinger: requestNextVsync(231)
04-20 16:34:21.448182   231  1039 D SurfaceFlinger: requestNextVsync(1102)
04-20 16:34:21.458902   231   267 D SurfaceFlinger: requestNextVsync(231)
04-20 16:34:21.460510   231   289 D SurfaceFlinger: postEvent(231, v/c=32910)
04-20 16:34:21.460511   231   287 D SurfaceFlinger: postEvent(964, v/c=40738)
04-20 16:34:21.460639   231   287 D SurfaceFlinger: postEvent(1102, v/c=40738)
04-20 16:34:21.461556   231   231 D SurfaceFlinger: requestNextVsync(231)
04-20 16:34:21.461713   231   231 D SurfaceFlinger: requestNextVsync(231)
04-20 16:34:21.462999   964   987 V DisplayEventReceiver: call nativeScheduleVsync mReceiverPtr = 548369566784
04-20 16:34:21.463424   231   269 D SurfaceFlinger: requestNextVsync(964)
04-20 16:34:21.463787   231   269 D SurfaceFlinger: requestNextVsync(231)
04-20 16:34:21.464567   231   313 D SurfaceFlinger: requestNextVsync(1102)
04-20 16:34:21.474658   231  1039 D SurfaceFlinger: requestNextVsync(231)
04-20 16:34:21.476765   231   287 D SurfaceFlinger: postEvent(964, v/c=40739)
04-20 16:34:21.476765   231   289 D SurfaceFlinger: postEvent(231, v/c=32911)
04-20 16:34:21.476896   231   287 D SurfaceFlinger: postEvent(1102, v/c=40739)
04-20 16:34:21.477714   231   231 D SurfaceFlinger: requestNextVsync(231)
04-20 16:34:21.477865   231   231 D SurfaceFlinger: requestNextVsync(231)
04-20 16:34:21.479085   964   987 V DisplayEventReceiver: call nativeScheduleVsync mReceiverPtr = 548369566784
04-20 16:34:21.479454   231   269 D SurfaceFlinger: requestNextVsync(964)
04-20 16:34:21.479703   231  1738 D SurfaceFlinger: requestNextVsync(231)
04-20 16:34:21.480611   231   313 D SurfaceFlinger: requestNextVsync(1102)
04-20 16:34:21.490836   231   269 D SurfaceFlinger: requestNextVsync(231)
