04-20 15:41:15.819255   964  1162 D TelephonyRegistry: notifySignalStrengthForSubscriber: valid phoneId=0
04-20 15:41:15.820558  1576  1576 D SubscriptionController: [getPhoneId] asked for default subId=-1
04-20 15:41:15.821017  1576  1576 D SubscriptionController: [getPhoneId]- invalid subId = -1 return = -1
04-20 15:41:15.821640   964  1162 D SubscriptionManager: [getPhoneId]- return dummy value, subId = -2
04-20 15:41:15.821754   964  1162 D TelephonyRegistry: idMatch: rlt=false
04-20 15:41:15.821942   964  1162 D TelephonyRegistry: handleRemoveListLocked: mRemoveList.size()=0
04-20 15:41:15.822237   964  1162 W SignalStrength: SignalStrength get plugin
04-20 15:41:15.822505   964  1162 I use-Rlog/RLOG-GSM: getLTELevel - rsrp:2147483647 snr:2147483647 rsrpIconLevel:-1 snrIconLevel:-1
04-20 15:41:15.822616   964  1162 I use-Rlog/RLOG-GSM: getLTELevel - rssi:99 rssiIconLevel:0
04-20 15:41:15.822683   964  1162 W SignalStrength: SignalStrength get plugin
04-20 15:41:15.822792   964  1162 I use-Rlog/RLOG-GSM:  asu: 14 gsmRscp: -79 out level: 4
04-20 15:41:15.823333   964  1162 D SubscriptionManager: [getPhoneId]- return dummy value, subId = -2
04-20 15:41:15.824237  1576  1576 D SubscriptionController: [getSubId]- sSlotIdxToSubId.size == 0, return DummySubIds slotIdx=0
04-20 15:41:15.824350  1576  1576 D SubscriptionController: getDummySubIds: slotIdx=0 return 2 DummySubIds with each subId=-2
04-20 15:41:15.826606  1576  1576 D GsmSST  : [GsmSST0] handleMessage msg done
04-20 15:41:16.584593  1576  1576 D FdManager: [GDCT][phoneId0]onReceive: action=android.intent.action.BATTERY_CHANGED
04-20 15:41:16.592365  1576  1576 D FdManager: [GDCT][phoneId1]onReceive: action=android.intent.action.BATTERY_CHANGED
04-20 15:41:16.806822   720   736 D RILC    : s_last_wake_timeout_info: 0x7f94583420 reset to NULL
04-20 15:41:16.807099   720   736 D RILC    : userTimerCallback free  p_info: 0x7f94583420
04-20 15:41:16.807284   720   736 D RILC    : userTimerCallback free  p_info->event: 0x7f94583430
04-20 15:41:18.028068   560   560 D RILMUXD : [gsm0710muxd] 3897:main(): Frames received/dropped: 6953/0
04-20 15:41:20.926926   560   706 D RILMUXD : [gsm0710muxd] 1643:gsm0710_base_buffer_get_frame(): Get a complete frame. ch:2, ctrl:239, len:39
04-20 15:41:20.927248   560   706 D RILMUXD : [gsm0710muxd] 2383:extract_frames(): Writing 39 byte frame received on channel 2 to /dev/pts/7
04-20 15:41:20.927562   560   706 D RILMUXD : [gsm0710muxd] 2403:extract_frames(): write() returned. Written 39/39 bytes of frame to /dev/pts/7
04-20 15:41:20.927770   560   706 D RILMUXD : [gsm0710muxd] 2408:extract_frames(): fsync() failed (-1, 22 - Invalid argument)
04-20 15:41:20.931433   720   740 I AT      : AT read end: 39
04-20 15:41:20.931676   720   740 D AT      : AT< +ECSQ: 42,37,1,-314,-23,1,1,2,32767
04-20 15:41:20.931910   720   740 D AT      : RIL_URC_READER Enter processLine:+ECSQ: 42,37,1,-314,-23,1,1,2,32767
04-20 15:41:20.932220   720   740 D RILC    : [MAL_AT] data sent to rild-mal-at is '+ECSQ: 42,37,1,-314,-23,1,1,2,32767'
04-20 15:41:20.932622   720   740 D RILC    : internalRequestTimedCallback malloc p_info: 0x7f945834e0
04-20 15:41:20.932822   720   740 D RILC    : internalRequestTimedCallback malloc p_info->event: 0x7f945834f0
04-20 15:41:20.933120   720   740 D RIL     : Nw URC:+ECSQ: 42,37,1,-314,-23,1,1,2,32767
04-20 15:41:20.933366   720   740 D RIL     : convert3GRssiValue baseband=503 ,isFdd3G=1,isTdd3G=0 ,RSCP_in_qdbm=-314 ,EcN0_in_qdbm=-23
04-20 15:41:20.933574   720   740 D RILC    : callForRilVersion new vendor RIL, version: 10
04-20 15:41:20.933764   720   740 I RILC    : RIL_SOCKET_1 UNSOLICITED: UNSOL_SIGNAL_STRENGTH length:72
04-20 15:41:20.933935   720   740 E RILC    : Send Response to rild-mal
04-20 15:41:20.950832   720   740 E RILC    : Send Response to RIL_SOCKET_1
04-20 15:41:20.951585  1576  1576 D GsmSST  : [GsmSST0] handle EVENT_SIGNAL_STRENGTH_UPDATE
04-20 15:41:20.951816  1576  1576 D GsmSST  : [GsmSST0] onSignalStrengthResult():  LastSignalStrength=SignalStrength: 14 36 -120 -160 -2 0 -1 99 2147483647 -2147483647 2147483647 2147483647 2147483647 gsm|lte 1 -316 -25
04-20 15:41:20.951918  1576  1576 D GsmSST  : [GsmSST0] onSignalStrengthResult():new mSignalStrength=SignalStrength: 14 37 -120 -160 -2 0 -1 99 2147483647 -2147483647 2147483647 2147483647 2147483647 gsm|lte 1 -316 -23
04-20 15:41:20.952163  1576  1576 W SignalStrength: SignalStrength get plugin
04-20 15:41:20.952260  1576  1576 I use-Rlog/RLOG-GSM: getLTELevel - rsrp:2147483647 snr:2147483647 rsrpIconLevel:-1 snrIconLevel:-1
04-20 15:41:20.952324  1576  1576 I use-Rlog/RLOG-GSM: getLTELevel - rssi:99 rssiIconLevel:0
04-20 15:41:20.952386  1576  1576 W SignalStrength: SignalStrength get plugin
04-20 15:41:20.952468  1576  1576 I use-Rlog/RLOG-GSM:  asu: 14 gsmRscp: -79 out level: 4
04-20 15:41:20.952530  1576  1576 D GsmSST  : [GsmSST0] notifySignalStrength: mSignalStrength.getLevel=4
04-20 15:41:20.952623  1576  1576 D SubscriptionController: [getSubId]- sSlotIdxToSubId.size == 0, return DummySubIds slotIdx=0
04-20 15:41:20.952692  1576  1576 D SubscriptionController: getDummySubIds: slotIdx=0 return 2 DummySubIds with each subId=-2
04-20 15:41:20.952820  1576  1576 D DefaultPhoneNotifier: notifySignalStrength: mRegistry=com.android.internal.telephony.ITelephonyRegistry$Stub$Proxy@20f1708 ss=SignalStrength: 14 37 -120 -160 -2 0 -1 99 2147483647 -2147483647 2147483647 2147483647 2147483647 gsm|lte 1 -316 -23 sender=Handler (com.android.internal.telephony.gsm.GSMPhone) {e4ac408}
04-20 15:41:20.953935   964  8872 D TelephonyRegistry: notifySignalStrengthForSubscriber: subId=-2 signalStrength=SignalStrength: 14 37 -120 -160 -2 0 -1 99 2147483647 -2147483647 2147483647 2147483647 2147483647 gsm|lte 1 -316 -23
04-20 15:41:20.954062   964  8872 D TelephonyRegistry: notifySignalStrengthForSubscriber: logSSC.length=5 next=4
04-20 15:41:20.955754   964  8872 D TelephonyRegistry: notifyServiceStateForSubscriber Time 20160420T153357Asia/Shanghai(3,110,28800,0,1461137637) mSubId -2 mPhoneId 0  mState 1 1 voice home data home null null null null null null  Unknown Unknown CSS not supported -1 -1 RoamInd=-1 DefRoamInd=-1 EmergOnly=true Ril Voice Regist state: 10 Ril Data Regist state: 0 mProprietaryDataRadioTechnology: 0 VoiceRejectCause: -1 DataRejectCause: -1 mCdmaNetWorkMode: 0 IsDataRoamingFromRegistration=false
04-20 15:41:20.957287   964  8872 D TelephonyRegistry: notifyServiceStateForSubscriber Time 20160420T153505Asia/Shanghai(3,110,28800,0,1461137705) mSubId -2 mPhoneId 0  mState 1 1 voice home data home null null null null null null  Unknown Unknown CSS not supported 0 0 RoamInd=-1 DefRoamInd=-1 EmergOnly=true Ril Voice Regist state: 10 Ril Data Regist state: 0 mProprietaryDataRadioTechnology: 0 VoiceRejectCause: -1 DataRejectCause: -1 mCdmaNetWorkMode: 0 IsDataRoamingFromRegistration=false
04-20 15:41:20.960235   720   740 I AT      : AT read start
04-20 15:41:20.960850   964  8872 D TelephonyRegistry: notifyServiceStateForSubscriber Time 20160420T153519Asia/Shanghai(3,110,28800,0,1461137719) mSubId -2 mPhoneId 0  mState 1 1 voice home data home null null null null null null  Unknown Unknown CSS not supported -1 -1 RoamInd=-1 DefRoamInd=-1 EmergOnly=true Ril Voice Regist state: 10 Ril Data Regist state: 0 mProprietaryDataRadioTechnology: 0 VoiceRejectCause: -1 DataRejectCause: -1 mCdmaNetWorkMode: 0 IsDataRoamingFromRegistration=false
04-20 15:41:20.962567   964  8872 D TelephonyRegistry: notifyServiceStateForSubscriber Time 20160420T153713Asia/Shanghai(3,110,28800,0,1461137833) mSubId -2 mPhoneId 0  mState 1 1 voice home data home null null null null null null  Unknown Unknown CSS not supported 0 0 RoamInd=-1 DefRoamInd=-1 EmergOnly=true Ril Voice Regist state: 10 Ril Data Regist state: 0 mProprietaryDataRadioTechnology: 0 VoiceRejectCause: -1 DataRejectCause: -1 mCdmaNetWorkMode: 0 IsDataRoamingFromRegistration=false
04-20 15:41:20.964113   964  8872 D TelephonyRegistry: notifyServiceStateForSubscriber Time 20160420T154040Asia/Shanghai(3,110,28800,0,1461138040) mSubId -2 mPhoneId 0  mState 1 1 voice home data home null null null null null null  Unknown Unknown CSS not supported -1 -1 RoamInd=-1 DefRoamInd=-1 EmergOnly=true Ril Voice Regist state: 10 Ril Data Regist state: 0 mProprietaryDataRadioTechnology: 0 VoiceRejectCause: -1 DataRejectCause: -1 mCdmaNetWorkMode: 0 IsDataRoamingFromRegistration=false
04-20 15:41:20.964201   964  8872 D TelephonyRegistry: notifySignalStrengthForSubscriber: ----------------
04-20 15:41:20.964491   964  8872 D SubscriptionManager: [getPhoneId]- return dummy value, subId = -2
04-20 15:41:20.964605   964  8872 D TelephonyRegistry: validatePhoneId: true
04-20 15:41:20.964688   964  8872 D TelephonyRegistry: notifySignalStrengthForSubscriber: valid phoneId=0
04-20 15:41:20.968265  1576  1576 D SubscriptionController: [getPhoneId] asked for default subId=-1
04-20 15:41:20.968567  1576  1576 D SubscriptionController: [getPhoneId]- invalid subId = -1 return = -1
04-20 15:41:20.969799   964  8872 D SubscriptionManager: [getPhoneId]- return dummy value, subId = -2
04-20 15:41:20.969919   964  8872 D TelephonyRegistry: idMatch: rlt=false
04-20 15:41:20.970105   964  8872 D TelephonyRegistry: handleRemoveListLocked: mRemoveList.size()=0
04-20 15:41:20.970374   964  8872 W SignalStrength: SignalStrength get plugin
04-20 15:41:20.970612   964  8872 I use-Rlog/RLOG-GSM: getLTELevel - rsrp:2147483647 snr:2147483647 rsrpIconLevel:-1 snrIconLevel:-1
04-20 15:41:20.970709   964  8872 I use-Rlog/RLOG-GSM: getLTELevel - rssi:99 rssiIconLevel:0
04-20 15:41:20.970767   964  8872 W SignalStrength: SignalStrength get plugin
04-20 15:41:20.970878   964  8872 I use-Rlog/RLOG-GSM:  asu: 14 gsmRscp: -79 out level: 4
04-20 15:41:20.971392   964  8872 D SubscriptionManager: [getPhoneId]- return dummy value, subId = -2
04-20 15:41:20.973569  1576  1576 D SubscriptionController: [getSubId]- sSlotIdxToSubId.size == 0, return DummySubIds slotIdx=0
04-20 15:41:20.973734  1576  1576 D SubscriptionController: getDummySubIds: slotIdx=0 return 2 DummySubIds with each subId=-2
04-20 15:41:20.977472  1576  1576 D GsmSST  : [GsmSST0] handleMessage msg done
04-20 15:41:21.934850   720   736 D RILC    : s_last_wake_timeout_info: 0x7f945834e0 reset to NULL
04-20 15:41:21.935136   720   736 D RILC    : userTimerCallback free  p_info: 0x7f945834e0
04-20 15:41:21.935320   720   736 D RILC    : userTimerCallback free  p_info->event: 0x7f945834f0
04-20 15:41:23.016113  1576  1576 D FdManager: [GDCT][phoneId0]onReceive: action=android.intent.action.BATTERY_CHANGED
04-20 15:41:23.016325  1576  1576 D FdManager: [GDCT][phoneId0]fdMdEnableMode=1, 3gSimID=0, when charging state is changed
04-20 15:41:23.016403  1576  1576 D FdManager: [GDCT][phoneId0]previousEnableFdOnCharging=0, mEnableFdOnCharing=0, when charging state is changed
04-20 15:41:23.016483  1576  1576 D FdManager: [GDCT][phoneId0]previousChargingMode=true, mChargingMode=false, status=4()
04-20 15:41:23.016642  1576  1576 D FdManager: [GDCT][phoneId0]updateFdMdEnableStatus():enabled=false,fdMdEnableMode=1, 3gSimID=0
04-20 15:41:23.016818  1576  1576 D RILJ    : [4505]> RIL_REQUEST_SET_FD_MODE [SUB0]
04-20 15:41:23.022777   720   736 D RILC    : SOCKET RIL_SOCKET_1 REQUEST: RIL_REQUEST_SET_FD_MODE length:16
04-20 15:41:23.022861   720   736 I RILC-MTK: create request 2061: pRequest=0x7f96452520, pRI=0x7f9644c360, p=0x7f96456e70, pUCI=0x0
04-20 15:41:23.022909   720   736 D RILC-MTK: RIL_REQUEST_SET_FD_MODE pRI=0x7f9644c360 p=0x7f96456e70 dispatched to RIL_CMD_PROXY_3
04-20 15:41:23.023205   720   729 I RILC-MTK: RIL_ATCI_PROXY wakeup
04-20 15:41:23.023248   720   729 I RILC-MTK: RIL_ATCI_PROXY sleep
04-20 15:41:23.023307   720   724 I RILC-MTK: RIL_URC_PROXY wakeup
04-20 15:41:23.024024   720   724 I RILC-MTK: RIL_URC_PROXY sleep
04-20 15:41:23.024113   720   733 I RILC-MTK: RIL_CMD2_PROXY_1 wakeup
04-20 15:41:23.024155   720   733 I RILC-MTK: RIL_CMD2_PROXY_1 sleep
04-20 15:41:23.024236   720   731 I RILC-MTK: RIL_CMD2_PROXY_3 wakeup
04-20 15:41:23.024281   720   731 I RILC-MTK: RIL_CMD2_PROXY_3 sleep
04-20 15:41:23.024353   720   734 I RILC-MTK: RIL_CMD2_PROXY_4 wakeup
04-20 15:41:23.024396   720   734 I RILC-MTK: RIL_CMD2_PROXY_4 sleep
04-20 15:41:23.024465   720   727 I RILC-MTK: RIL_CMD_PROXY_1 wakeup
04-20 15:41:23.024507   720   727 I RILC-MTK: RIL_CMD_PROXY_1 sleep
04-20 15:41:23.024576   720   730 I RILC-MTK: RIL_URC2_PROXY wakeup
04-20 15:41:23.024619   720   730 I RILC-MTK: RIL_URC2_PROXY sleep
04-20 15:41:23.024693   720   735 I RILC-MTK: RIL_ATCI2_PROXY wakeup
04-20 15:41:23.024735   720   735 I RILC-MTK: RIL_ATCI2_PROXY sleep
04-20 15:41:23.024805   720   732 I RILC-MTK: RIL_CMD2_PROXY_2 wakeup
04-20 15:41:23.024846   720   732 I RILC-MTK: RIL_CMD2_PROXY_2 sleep
04-20 15:41:23.024918   720   726 I RILC-MTK: RIL_CMD_PROXY_2 wakeup
04-20 15:41:23.024961   720   726 I RILC-MTK: RIL_CMD_PROXY_2 sleep
04-20 15:41:23.025030   720   728 I RILC-MTK: RIL_CMD_PROXY_4 wakeup
04-20 15:41:23.025072   720   728 I RILC-MTK: RIL_CMD_PROXY_4 sleep
04-20 15:41:23.025129   720   725 I RILC-MTK: RIL_CMD_PROXY_3 wakeup
04-20 15:41:23.025175   720   725 D RILC-MTK: proxy id:1, proxyName: RIL_CMD_PROXY_3
04-20 15:41:23.025222   720   725 D RILC-MTK: RIL_REQUEST_SET_FD_MODE pRI=0x7f9644c360 p=0x7f96456e70 execute on RIL_CMD_PROXY_3 using channel 1
04-20 15:41:23.025267   720   725 D RILC    : callOnRequest for new vendor ril
04-20 15:41:23.025312   720   725 D RIL     : onRequest: RIL_REQUEST_SET_FD_MODE, datalen = 16
04-20 15:41:23.025356   720   725 D RIL     : radioState:10
04-20 15:41:23.025411   720   725 D RIL     : requestSetFDMode:args_num=1
04-20 15:41:23.025457   720   725 D RIL     : requestSetFDMode:cmd=AT+EFD=0
04-20 15:41:23.025502   720   725 D AT      : AT send on RIL_CMD_READER_1, tid:547977413696
04-20 15:41:23.025548   720   725 D AT      : AT> AT+EFD=0
04-20 15:41:23.025587   720   725 I AT      : AT write start
04-20 15:41:23.026352   560   710 D RILMUXD : [gsm0710muxd] 3614:poll_thread(): poll_thread select found
04-20 15:41:23.026418   560   710 D RILMUXD : [gsm0710muxd] 1045:pseudo_device_read(): Enter, LackofAtciChannel=0
04-20 15:41:23.026480   560   710 D RILMUXD : [gsm0710muxd] 657:write_frame(): Sending frame to channel 3
04-20 15:41:23.026619   560   710 D RILMUXD : [gsm0710muxd] 766:write_frame(): Write a frame on channel 3 with length 9
04-20 15:41:23.028555   560   560 D RILMUXD : [gsm0710muxd] 3897:main(): Frames received/dropped: 6954/0
04-20 15:41:23.034659   560   706 D RILMUXD : [gsm0710muxd] 1643:gsm0710_base_buffer_get_frame(): Get a complete frame. ch:3, ctrl:239, len:6
04-20 15:41:23.034741   560   706 D RILMUXD : [gsm0710muxd] 2383:extract_frames(): Writing 6 byte frame received on channel 3 to /dev/pts/8
04-20 15:41:23.034870   560   706 D RILMUXD : [gsm0710muxd] 2403:extract_frames(): write() returned. Written 6/6 bytes of frame to /dev/pts/8
04-20 15:41:23.034928   560   706 D RILMUXD : [gsm0710muxd] 2408:extract_frames(): fsync() failed (-1, 22 - Invalid argument)
04-20 15:41:23.038298  1576  1576 D FdManager: [GDCT][phoneId1]onReceive: action=android.intent.action.BATTERY_CHANGED
04-20 15:41:23.038598  1576  1576 D FdManager: [GDCT][phoneId1]fdMdEnableMode=1, 3gSimID=0, when charging state is changed
04-20 15:41:23.038720  1576  1576 D FdManager: [GDCT][phoneId1]previousEnableFdOnCharging=0, mEnableFdOnCharing=0, when charging state is changed
04-20 15:41:23.038809  1576  1576 D FdManager: [GDCT][phoneId1]previousChargingMode=true, mChargingMode=false, status=4()
04-20 15:41:23.040140   720   741 I AT      : AT read end: 6
04-20 15:41:23.040225   720   741 D AT      : AT< OK
04-20 15:41:23.040272   720   741 D AT      : RIL_CMD_READER_1 Enter processLine:OK
04-20 15:41:23.040337   720   741 I AT      : AT read start
04-20 15:41:23.040507   720   725 D AT      : response received on RIL_CMD_READER_1, tid:547977413696
04-20 15:41:23.040565   720   725 D RILC    : RequestComplete, RIL_SOCKET_1
04-20 15:41:23.040622   720   725 E RILC    : Send Response to RIL_SOCKET_1
04-20 15:41:23.040776   720   725 D RILC-MTK: proxyLoop free  pRI=0x7f9644c360 p=0x7f96456e70 
04-20 15:41:23.040828   720   725 D RILC-MTK: proxyLoop free  pRequest=0x7f96452520
04-20 15:41:23.040873   720   725 I RILC-MTK: RIL_CMD_PROXY_3 sleep
04-20 15:41:23.041274  1576  1807 D RILJ    : responseInts numInts=0 [SUB0]
04-20 15:41:23.041445  1576  1807 D RILJ    : [4505]< RIL_REQUEST_SET_FD_MODE {} [SUB0]
04-20 15:41:23.089817  1576  1576 D FdManager: [GDCT][phoneId0]onReceive: action=android.intent.action.BATTERY_CHANGED
04-20 15:41:23.090993  1576  1576 D FdManager: [GDCT][phoneId1]onReceive: action=android.intent.action.BATTERY_CHANGED
04-20 15:41:23.091786   720   736 I RILC    : NUMBER:1
04-20 15:41:23.091859   720   736 I RILC    : arg len:14
04-20 15:41:23.091920   720   736 I RILC    : ARGS[0]:THERMAL,0,-1
04-20 15:41:23.092103   720   736 D RILC    : C[locl]> QUERY_MODEM_THERMAL
04-20 15:41:23.092181   720   736 D RILC-MTK: QUERY_MODEM_THERMAL pRI=0x7f9644c390 p=0x7f96456f50 dispatched to RIL_CMD_PROXY_1
04-20 15:41:23.092892   720   729 I RILC-MTK: RIL_ATCI_PROXY wakeup
04-20 15:41:23.092942   720   729 I RILC-MTK: RIL_ATCI_PROXY sleep
04-20 15:41:23.093049   720   726 I RILC-MTK: RIL_CMD_PROXY_2 wakeup
04-20 15:41:23.093091   720   726 I RILC-MTK: RIL_CMD_PROXY_2 sleep
04-20 15:41:23.093554   720   727 I RILC-MTK: RIL_CMD_PROXY_1 wakeup
04-20 15:41:23.093608   720   727 D RILC-MTK: proxy id:3, proxyName: RIL_CMD_PROXY_1
04-20 15:41:23.093656   720   727 D RILC-MTK: QUERY_MODEM_THERMAL pRI=0x7f9644c390 p=0x7f96456f50 execute on RIL_CMD_PROXY_1 using channel 3
04-20 15:41:23.093708   720   727 D RILC    : callOnRequest for new vendor ril
04-20 15:41:23.093753   720   727 D RIL     : onRequest: QUERY_MODEM_THERMAL, datalen = 8
04-20 15:41:23.093799   720   727 D RIL     : radioState:10
04-20 15:41:23.093852   720   727 D RIL     : requestQueryThermal Enter,-1
04-20 15:41:23.093910   720   727 D AT      : getRILChannelCtx subsystem:1, rid:0 channelOffset:0
04-20 15:41:23.093953   720   727 D AT      : AT send on RIL_CMD_READER_3, tid:547975332928
04-20 15:41:23.093993   720   727 D AT      : AT> AT+ETHERMAL
04-20 15:41:23.094035   720   727 I AT      : AT write start
04-20 15:41:23.094215   720   732 I RILC-MTK: RIL_CMD2_PROXY_2 wakeup
04-20 15:41:23.094264   720   732 I RILC-MTK: RIL_CMD2_PROXY_2 sleep
04-20 15:41:23.094331   720   734 I RILC-MTK: RIL_CMD2_PROXY_4 wakeup
04-20 15:41:23.094374   720   734 I RILC-MTK: RIL_CMD2_PROXY_4 sleep
04-20 15:41:23.094434   720   728 I RILC-MTK: RIL_CMD_PROXY_4 wakeup
04-20 15:41:23.094479   720   728 I RILC-MTK: RIL_CMD_PROXY_4 sleep
04-20 15:41:23.094544   720   730 I RILC-MTK: RIL_URC2_PROXY wakeup
04-20 15:41:23.094585   720   730 I RILC-MTK: RIL_URC2_PROXY sleep
04-20 15:41:23.094648   720   735 I RILC-MTK: RIL_ATCI2_PROXY wakeup
04-20 15:41:23.094692   720   735 I RILC-MTK: RIL_ATCI2_PROXY sleep
04-20 15:41:23.095051   720   733 I RILC-MTK: RIL_CMD2_PROXY_1 wakeup
04-20 15:41:23.095117   720   733 I RILC-MTK: RIL_CMD2_PROXY_1 sleep
04-20 15:41:23.096397   720   731 I RILC-MTK: RIL_CMD2_PROXY_3 wakeup
04-20 15:41:23.096468   720   731 I RILC-MTK: RIL_CMD2_PROXY_3 sleep
04-20 15:41:23.096547   720   724 I RILC-MTK: RIL_URC_PROXY wakeup
04-20 15:41:23.096631   720   724 I RILC-MTK: RIL_URC_PROXY sleep
04-20 15:41:23.097464   720   725 I RILC-MTK: RIL_CMD_PROXY_3 wakeup
04-20 15:41:23.097535   720   725 I RILC-MTK: RIL_CMD_PROXY_3 sleep
04-20 15:41:23.098436   560   712 D RILMUXD : [gsm0710muxd] 3614:poll_thread(): poll_thread select found
04-20 15:41:23.098520   560   712 D RILMUXD : [gsm0710muxd] 1045:pseudo_device_read(): Enter, LackofAtciChannel=0
04-20 15:41:23.098587   560   712 D RILMUXD : [gsm0710muxd] 657:write_frame(): Sending frame to channel 5
04-20 15:41:23.098768   560   712 D RILMUXD : [gsm0710muxd] 766:write_frame(): Write a frame on channel 5 with length 12
04-20 15:41:23.106653   560   706 D RILMUXD : [gsm0710muxd] 1643:gsm0710_base_buffer_get_frame(): Get a complete frame. ch:5, ctrl:239, len:44
04-20 15:41:23.106901   560   706 D RILMUXD : [gsm0710muxd] 2383:extract_frames(): Writing 44 byte frame received on channel 5 to /dev/pts/10
04-20 15:41:23.107023   560   706 D RILMUXD : [gsm0710muxd] 2403:extract_frames(): write() returned. Written 44/44 bytes of frame to /dev/pts/10
04-20 15:41:23.107079   560   706 D RILMUXD : [gsm0710muxd] 2408:extract_frames(): fsync() failed (-1, 22 - Invalid argument)
04-20 15:41:23.107145   560   706 D RILMUXD : [gsm0710muxd] 1643:gsm0710_base_buffer_get_frame(): Get a complete frame. ch:5, ctrl:239, len:6
04-20 15:41:23.107196   560   706 D RILMUXD : [gsm0710muxd] 2383:extract_frames(): Writing 6 byte frame received on channel 5 to /dev/pts/10
04-20 15:41:23.107261   560   706 D RILMUXD : [gsm0710muxd] 2403:extract_frames(): write() returned. Written 6/6 bytes of frame to /dev/pts/10
04-20 15:41:23.107313   560   706 D RILMUXD : [gsm0710muxd] 2408:extract_frames(): fsync() failed (-1, 22 - Invalid argument)
04-20 15:41:23.107882   720   743 I AT      : AT read end: 50
04-20 15:41:23.107952   720   743 D AT      : AT< +ETHERMAL: 2, 32767, -127, -1, 32767, 18
04-20 15:41:23.108000   720   743 D AT      : RIL_CMD_READER_3 Enter processLine:+ETHERMAL: 2, 32767, -127, -1, 32767, 18
04-20 15:41:23.108051   720   743 D AT      : AT< OK
04-20 15:41:23.108095   720   743 D AT      : RIL_CMD_READER_3 Enter processLine:OK
04-20 15:41:23.108169   720   743 I AT      : AT read start
04-20 15:41:23.108261   720   727 D AT      : response received on RIL_CMD_READER_3, tid:547975332928
04-20 15:41:23.108310   720   727 D RIL     : requestQueryThermal success
04-20 15:41:23.108359   720   727 D RILC    : RequestComplete, RIL_SOCKET_1
04-20 15:41:23.108405   720   727 D RILC    : [THERMAL] local request for THERMAL returned 
04-20 15:41:23.108465   720   727 D RILC    : [THERMAL] s_THERMAL_fd is valid strResult is  2, 32767, -127, -1, 32767, 18
04-20 15:41:23.108578   720   727 D RILC-MTK: proxyLoop free  pRI=0x7f9644c390 p=0x7f96456f50 
04-20 15:41:23.108636   720   727 D RILC-MTK: proxyLoop free  pRequest=0x7f96452660
04-20 15:41:23.108678   720   727 I RILC-MTK: RIL_CMD_PROXY_1 sleep
04-20 15:41:23.977946  1576  1607 D GSMPhone: [GSMPhone] getServiceState : getState() : 1 getDataRegState() : 1
04-20 15:41:23.978312  1576  1607 D DCT     : [0]fetchDunApn: config_tether_apndata dunSetting=null
04-20 15:41:23.978403  1576  1607 D DCT     : [0]hasMatchedTetherApnSetting: APN=null
04-20 15:41:25.181231  1576  2107 D GSMPhone: [GSMPhone] getServiceState : getState() : 1 getDataRegState() : 1
04-20 15:41:25.181552  1576  2107 D DCT     : [0]fetchDunApn: config_tether_apndata dunSetting=null
04-20 15:41:25.181618  1576  2107 D DCT     : [0]hasMatchedTetherApnSetting: APN=null
04-20 15:41:25.188951  1576  1608 D SubscriptionController: [getPhoneId]- invalid subId = -1 return = -1
04-20 15:41:25.517795  1102  1754 D SubscriptionManager: [getPhoneId]- return dummy value, subId = -1
04-20 15:41:25.518131  1102  1754 D TelephonyManager: getTelephonyProperty prop value= 
04-20 15:41:25.542227  1576  2110 D GSMPhone: [GSMPhone] getServiceState : getState() : 1 getDataRegState() : 1
04-20 15:41:25.542582  1576  2110 D DCT     : [0]fetchDunApn: config_tether_apndata dunSetting=null
04-20 15:41:25.542677  1576  2110 D DCT     : [0]hasMatchedTetherApnSetting: APN=null
04-20 15:41:25.565286  1102  1754 D SubscriptionManager: [getPhoneId]- return dummy value, subId = -1
04-20 15:41:25.565426  1102  1754 D TelephonyManager: getTelephonyProperty prop value= 
04-20 15:41:25.568266  1102  1754 D SubscriptionManager: [getPhoneId]- return dummy value, subId = -1
04-20 15:41:25.568378  1102  1754 D TelephonyManager: getTelephonyProperty prop value= 
04-20 15:41:25.577030  1102  1754 D SubscriptionManager: [getPhoneId]- return dummy value, subId = -1
04-20 15:41:25.577200  1102  1754 D TelephonyManager: getTelephonyProperty prop value= 
04-20 15:41:26.047205   560   706 D RILMUXD : [gsm0710muxd] 1643:gsm0710_base_buffer_get_frame(): Get a complete frame. ch:2, ctrl:239, len:39
04-20 15:41:26.047329   560   706 D RILMUXD : [gsm0710muxd] 2383:extract_frames(): Writing 39 byte frame received on channel 2 to /dev/pts/7
04-20 15:41:26.047656   560   706 D RILMUXD : [gsm0710muxd] 2403:extract_frames(): write() returned. Written 39/39 bytes of frame to /dev/pts/7
04-20 15:41:26.047755   560   706 D RILMUXD : [gsm0710muxd] 2408:extract_frames(): fsync() failed (-1, 22 - Invalid argument)
04-20 15:41:26.047765   720   740 I AT      : AT read end: 39
04-20 15:41:26.047846   720   740 D AT      : AT< +ECSQ: 43,37,1,-311,-24,1,1,2,32767
04-20 15:41:26.047947   720   740 D AT      : RIL_URC_READER Enter processLine:+ECSQ: 43,37,1,-311,-24,1,1,2,32767
04-20 15:41:26.048084   720   740 D RILC    : [MAL_AT] data sent to rild-mal-at is '+ECSQ: 43,37,1,-311,-24,1,1,2,32767'
04-20 15:41:26.048280   720   740 D RILC    : internalRequestTimedCallback malloc p_info: 0x7f94583540
04-20 15:41:26.048354   720   740 D RILC    : internalRequestTimedCallback malloc p_info->event: 0x7f94583550
04-20 15:41:26.048609   720   740 D RIL     : Nw URC:+ECSQ: 43,37,1,-311,-24,1,1,2,32767
04-20 15:41:26.048749   720   740 D RIL     : convert3GRssiValue baseband=503 ,isFdd3G=1,isTdd3G=0 ,RSCP_in_qdbm=-311 ,EcN0_in_qdbm=-24
04-20 15:41:26.048833   720   740 D RILC    : callForRilVersion new vendor RIL, version: 10
04-20 15:41:26.048906   720   740 I RILC    : RIL_SOCKET_1 UNSOLICITED: UNSOL_SIGNAL_STRENGTH length:72
04-20 15:41:26.049000   720   740 E RILC    : Send Response to rild-mal
04-20 15:41:26.049162   720   740 E RILC    : Send Response to RIL_SOCKET_1
04-20 15:41:26.049300   720   740 I AT      : AT read start
04-20 15:41:26.051254  1576  1576 D GsmSST  : [GsmSST0] handle EVENT_SIGNAL_STRENGTH_UPDATE
04-20 15:41:26.051546  1576  1576 D GsmSST  : [GsmSST0] onSignalStrengthResult():  LastSignalStrength=SignalStrength: 14 37 -120 -160 -2 0 -1 99 2147483647 -2147483647 2147483647 2147483647 2147483647 gsm|lte 1 -316 -23
04-20 15:41:26.051747  1576  1576 D GsmSST  : [GsmSST0] onSignalStrengthResult():new mSignalStrength=SignalStrength: 14 37 -120 -160 -2 0 -1 99 2147483647 -2147483647 2147483647 2147483647 2147483647 gsm|lte 1 -312 -24
04-20 15:41:26.052004  1576  1576 W SignalStrength: SignalStrength get plugin
04-20 15:41:26.052179  1576  1576 I use-Rlog/RLOG-GSM: getLTELevel - rsrp:2147483647 snr:2147483647 rsrpIconLevel:-1 snrIconLevel:-1
04-20 15:41:26.052283  1576  1576 I use-Rlog/RLOG-GSM: getLTELevel - rssi:99 rssiIconLevel:0
04-20 15:41:26.052382  1576  1576 W SignalStrength: SignalStrength get plugin
04-20 15:41:26.052533  1576  1576 I use-Rlog/RLOG-GSM:  asu: 14 gsmRscp: -78 out level: 4
04-20 15:41:26.052633  1576  1576 D GsmSST  : [GsmSST0] notifySignalStrength: mSignalStrength.getLevel=4
04-20 15:41:26.052770  1576  1576 D SubscriptionController: [getSubId]- sSlotIdxToSubId.size == 0, return DummySubIds slotIdx=0
04-20 15:41:26.052895  1576  1576 D SubscriptionController: getDummySubIds: slotIdx=0 return 2 DummySubIds with each subId=-2
04-20 15:41:26.053096  1576  1576 D DefaultPhoneNotifier: notifySignalStrength: mRegistry=com.android.internal.telephony.ITelephonyRegistry$Stub$Proxy@20f1708 ss=SignalStrength: 14 37 -120 -160 -2 0 -1 99 2147483647 -2147483647 2147483647 2147483647 2147483647 gsm|lte 1 -312 -24 sender=Handler (com.android.internal.telephony.gsm.GSMPhone) {e4ac408}
04-20 15:41:26.054765   964  1663 D TelephonyRegistry: notifySignalStrengthForSubscriber: subId=-2 signalStrength=SignalStrength: 14 37 -120 -160 -2 0 -1 99 2147483647 -2147483647 2147483647 2147483647 2147483647 gsm|lte 1 -312 -24
04-20 15:41:26.054954   964  1663 D TelephonyRegistry: notifySignalStrengthForSubscriber: logSSC.length=5 next=4
04-20 15:41:26.057686   964  1663 D TelephonyRegistry: notifyServiceStateForSubscriber Time 20160420T153357Asia/Shanghai(3,110,28800,0,1461137637) mSubId -2 mPhoneId 0  mState 1 1 voice home data home null null null null null null  Unknown Unknown CSS not supported -1 -1 RoamInd=-1 DefRoamInd=-1 EmergOnly=true Ril Voice Regist state: 10 Ril Data Regist state: 0 mProprietaryDataRadioTechnology: 0 VoiceRejectCause: -1 DataRejectCause: -1 mCdmaNetWorkMode: 0 IsDataRoamingFromRegistration=false
04-20 15:41:26.060529   964  1663 D TelephonyRegistry: notifyServiceStateForSubscriber Time 20160420T153505Asia/Shanghai(3,110,28800,0,1461137705) mSubId -2 mPhoneId 0  mState 1 1 voice home data home null null null null null null  Unknown Unknown CSS not supported 0 0 RoamInd=-1 DefRoamInd=-1 EmergOnly=true Ril Voice Regist state: 10 Ril Data Regist state: 0 mProprietaryDataRadioTechnology: 0 VoiceRejectCause: -1 DataRejectCause: -1 mCdmaNetWorkMode: 0 IsDataRoamingFromRegistration=false
04-20 15:41:26.063123   964  1663 D TelephonyRegistry: notifyServiceStateForSubscriber Time 20160420T153519Asia/Shanghai(3,110,28800,0,1461137719) mSubId -2 mPhoneId 0  mState 1 1 voice home data home null null null null null null  Unknown Unknown CSS not supported -1 -1 RoamInd=-1 DefRoamInd=-1 EmergOnly=true Ril Voice Regist state: 10 Ril Data Regist state: 0 mProprietaryDataRadioTechnology: 0 VoiceRejectCause: -1 DataRejectCause: -1 mCdmaNetWorkMode: 0 IsDataRoamingFromRegistration=false
04-20 15:41:26.065840   964  1663 D TelephonyRegistry: notifyServiceStateForSubscriber Time 20160420T153713Asia/Shanghai(3,110,28800,0,1461137833) mSubId -2 mPhoneId 0  mState 1 1 voice home data home null null null null null null  Unknown Unknown CSS not supported 0 0 RoamInd=-1 DefRoamInd=-1 EmergOnly=true Ril Voice Regist state: 10 Ril Data Regist state: 0 mProprietaryDataRadioTechnology: 0 VoiceRejectCause: -1 DataRejectCause: -1 mCdmaNetWorkMode: 0 IsDataRoamingFromRegistration=false
04-20 15:41:26.068370   964  1663 D TelephonyRegistry: notifyServiceStateForSubscriber Time 20160420T154040Asia/Shanghai(3,110,28800,0,1461138040) mSubId -2 mPhoneId 0  mState 1 1 voice home data home null null null null null null  Unknown Unknown CSS not supported -1 -1 RoamInd=-1 DefRoamInd=-1 EmergOnly=true Ril Voice Regist state: 10 Ril Data Regist state: 0 mProprietaryDataRadioTechnology: 0 VoiceRejectCause: -1 DataRejectCause: -1 mCdmaNetWorkMode: 0 IsDataRoamingFromRegistration=false
04-20 15:41:26.068530   964  1663 D TelephonyRegistry: notifySignalStrengthForSubscriber: ----------------
04-20 15:41:26.068933   964  1663 D SubscriptionManager: [getPhoneId]- return dummy value, subId = -2
04-20 15:41:26.069126   964  1663 D TelephonyRegistry: validatePhoneId: true
04-20 15:41:26.069275   964  1663 D TelephonyRegistry: notifySignalStrengthForSubscriber: valid phoneId=0
04-20 15:41:26.070958  1576  1576 D SubscriptionController: [getPhoneId] asked for default subId=-1
04-20 15:41:26.071384  1576  1576 D SubscriptionController: [getPhoneId]- invalid subId = -1 return = -1
04-20 15:41:26.072099   964  1663 D SubscriptionManager: [getPhoneId]- return dummy value, subId = -2
04-20 15:41:26.072304   964  1663 D TelephonyRegistry: idMatch: rlt=false
04-20 15:41:26.072725   964  1663 D TelephonyRegistry: handleRemoveListLocked: mRemoveList.size()=0
04-20 15:41:26.073098   964  1663 W SignalStrength: SignalStrength get plugin
04-20 15:41:26.073473   964  1663 I use-Rlog/RLOG-GSM: getLTELevel - rsrp:2147483647 snr:2147483647 rsrpIconLevel:-1 snrIconLevel:-1
04-20 15:41:26.073632   964  1663 I use-Rlog/RLOG-GSM: getLTELevel - rssi:99 rssiIconLevel:0
04-20 15:41:26.073724   964  1663 W SignalStrength: SignalStrength get plugin
04-20 15:41:26.073894   964  1663 I use-Rlog/RLOG-GSM:  asu: 14 gsmRscp: -78 out level: 4
04-20 15:41:26.074704   964  1663 D SubscriptionManager: [getPhoneId]- return dummy value, subId = -2
04-20 15:41:26.076045  1576  1576 D SubscriptionController: [getSubId]- sSlotIdxToSubId.size == 0, return DummySubIds slotIdx=0
04-20 15:41:26.076202  1576  1576 D SubscriptionController: getDummySubIds: slotIdx=0 return 2 DummySubIds with each subId=-2
04-20 15:41:26.079105  1576  1576 D GsmSST  : [GsmSST0] handleMessage msg done
04-20 15:41:27.050417   720   736 D RILC    : s_last_wake_timeout_info: 0x7f94583540 reset to NULL
04-20 15:41:27.050698   720   736 D RILC    : userTimerCallback free  p_info: 0x7f94583540
04-20 15:41:27.051133   720   736 D RILC    : userTimerCallback free  p_info->event: 0x7f94583550
04-20 15:41:28.028772   560   560 D RILMUXD : [gsm0710muxd] 3897:main(): Frames received/dropped: 6958/0
04-20 15:41:31.155846   560   706 D RILMUXD : [gsm0710muxd] 1643:gsm0710_base_buffer_get_frame(): Get a complete frame. ch:2, ctrl:239, len:39
04-20 15:41:31.156156   560   706 D RILMUXD : [gsm0710muxd] 2383:extract_frames(): Writing 39 byte frame received on channel 2 to /dev/pts/7
04-20 15:41:31.156484   560   706 D RILMUXD : [gsm0710muxd] 2403:extract_frames(): write() returned. Written 39/39 bytes of frame to /dev/pts/7
04-20 15:41:31.156692   560   706 D RILMUXD : [gsm0710muxd] 2408:extract_frames(): fsync() failed (-1, 22 - Invalid argument)
04-20 15:41:31.157254   720   740 I AT      : AT read end: 39
04-20 15:41:31.157651   720   740 D AT      : AT< +ECSQ: 43,37,1,-310,-23,1,1,2,32767
04-20 15:41:31.157836   720   740 D AT      : RIL_URC_READER Enter processLine:+ECSQ: 43,37,1,-310,-23,1,1,2,32767
04-20 15:41:31.158143   720   740 D RILC    : [MAL_AT] data sent to rild-mal-at is '+ECSQ: 43,37,1,-310,-23,1,1,2,32767'
04-20 15:41:31.158810   720   740 D RILC    : internalRequestTimedCallback malloc p_info: 0x7f94583060
04-20 15:41:31.159003   720   740 D RILC    : internalRequestTimedCallback malloc p_info->event: 0x7f94583070
04-20 15:41:31.161320   720   740 D RIL     : Nw URC:+ECSQ: 43,37,1,-310,-23,1,1,2,32767
04-20 15:41:31.161748   720   740 D RIL     : convert3GRssiValue baseband=503 ,isFdd3G=1,isTdd3G=0 ,RSCP_in_qdbm=-310 ,EcN0_in_qdbm=-23
04-20 15:41:31.161992   720   740 D RILC    : callForRilVersion new vendor RIL, version: 10
04-20 15:41:31.162212   720   740 I RILC    : RIL_SOCKET_1 UNSOLICITED: UNSOL_SIGNAL_STRENGTH length:72
04-20 15:41:31.162399   720   740 E RILC    : Send Response to rild-mal
04-20 15:41:31.162747   720   740 E RILC    : Send Response to RIL_SOCKET_1
04-20 15:41:31.168185  1576  1576 D GsmSST  : [GsmSST0] handle EVENT_SIGNAL_STRENGTH_UPDATE
04-20 15:41:31.168812  1576  1576 D GsmSST  : [GsmSST0] onSignalStrengthResult():  LastSignalStrength=SignalStrength: 14 37 -120 -160 -2 0 -1 99 2147483647 -2147483647 2147483647 2147483647 2147483647 gsm|lte 1 -312 -24
04-20 15:41:31.170826  1576  1576 D GsmSST  : [GsmSST0] onSignalStrengthResult():new mSignalStrength=SignalStrength: 14 37 -120 -160 -2 0 -1 99 2147483647 -2147483647 2147483647 2147483647 2147483647 gsm|lte 1 -312 -23
04-20 15:41:31.171132  1576  1576 D GsmSST  : [GsmSST0] handleMessage msg done
04-20 15:41:31.182942   720   740 I AT      : AT read start
