04-20 15:40:39.731058   560   710 D RILMUXD : [gsm0710muxd] 1045:pseudo_device_read(): Enter, LackofAtciChannel=0
04-20 15:40:39.731124   560   710 D RILMUXD : [gsm0710muxd] 657:write_frame(): Sending frame to channel 3
04-20 15:40:39.731240   560   710 D RILMUXD : [gsm0710muxd] 766:write_frame(): Write a frame on channel 3 with length 11
04-20 15:40:39.741375   560   706 D RILMUXD : [gsm0710muxd] 1643:gsm0710_base_buffer_get_frame(): Get a complete frame. ch:2, ctrl:239, len:14
04-20 15:40:39.741475   560   706 D RILMUXD : [gsm0710muxd] 2383:extract_frames(): Writing 14 byte frame received on channel 2 to /dev/pts/7
04-20 15:40:39.741579   560   706 D RILMUXD : [gsm0710muxd] 2403:extract_frames(): write() returned. Written 14/14 bytes of frame to /dev/pts/7
04-20 15:40:39.741642   560   706 D RILMUXD : [gsm0710muxd] 2408:extract_frames(): fsync() failed (-1, 22 - Invalid argument)
04-20 15:40:39.741716   560   706 D RILMUXD : [gsm0710muxd] 1643:gsm0710_base_buffer_get_frame(): Get a complete frame. ch:3, ctrl:239, len:6
04-20 15:40:39.741781   560   706 D RILMUXD : [gsm0710muxd] 2383:extract_frames(): Writing 6 byte frame received on channel 3 to /dev/pts/8
04-20 15:40:39.741863   560   706 D RILMUXD : [gsm0710muxd] 2403:extract_frames(): write() returned. Written 6/6 bytes of frame to /dev/pts/8
04-20 15:40:39.741925   560   706 D RILMUXD : [gsm0710muxd] 2408:extract_frames(): fsync() failed (-1, 22 - Invalid argument)
04-20 15:40:39.742100   720   741 I AT      : AT read end: 6
04-20 15:40:39.742161   720   741 D AT      : AT< OK
04-20 15:40:39.742215   720   741 D AT      : RIL_CMD_READER_1 Enter processLine:OK
04-20 15:40:39.742299   720   741 I AT      : AT read start
04-20 15:40:39.742394   720   725 D AT      : response received on RIL_CMD_READER_1, tid:547977413696
04-20 15:40:39.742463   720   725 D AT      : AT send on RIL_CMD_READER_1, tid:547977413696
04-20 15:40:39.742519   720   725 D AT      : AT> AT+CGREG=3
04-20 15:40:39.742569   720   725 I AT      : AT write start
04-20 15:40:39.742751   560   710 D RILMUXD : [gsm0710muxd] 3614:poll_thread(): poll_thread select found
04-20 15:40:39.742815   560   710 D RILMUXD : [gsm0710muxd] 1045:pseudo_device_read(): Enter, LackofAtciChannel=0
04-20 15:40:39.742883   560   710 D RILMUXD : [gsm0710muxd] 657:write_frame(): Sending frame to channel 3
04-20 15:40:39.742999   560   710 D RILMUXD : [gsm0710muxd] 766:write_frame(): Write a frame on channel 3 with length 11
04-20 15:40:39.747895   720   740 I AT      : AT read end: 14
04-20 15:40:39.747984   720   740 D AT      : AT< +CIREGU: 0
04-20 15:40:39.748039   720   740 D AT      : RIL_URC_READER Enter processLine:+CIREGU: 0
04-20 15:40:39.748149   720   740 D RILC    : [MAL_AT] data sent to rild-mal-at is '+CIREGU: 0'
04-20 15:40:39.748303   720   740 D RILC    : s_last_wake_timeout_info: 0x7f94583540, cancel
04-20 15:40:39.748363   720   740 D RILC    : internalRequestTimedCallback malloc p_info: 0x7f945834e0
04-20 15:40:39.748421   720   740 D RILC    : internalRequestTimedCallback malloc p_info->event: 0x7f945834f0
04-20 15:40:39.748516   720   740 D RIL     : Nw URC:+CIREGU: 0
04-20 15:40:39.748568   720   740 D RIL     : CIREG URC:+CIREGU: 0
04-20 15:40:39.748640   720   740 D RIL     : onImsRegistrationInfo:+CIREGU: 0
04-20 15:40:39.748701   720   740 D RIL     : onImsRegistrationInfo reg_info = 0, ext_info = 0, RIL_SOCKET_ID = 0
04-20 15:40:39.748779   720   740 I RILC    : RIL_SOCKET_1 UNSOLICITED: RIL_UNSOL_IMS_REGISTRATION_INFO length:24
04-20 15:40:39.748837   720   740 E RILC    : Send Response to rild-mal
04-20 15:40:39.752109   560   706 D RILMUXD : [gsm0710muxd] 1643:gsm0710_base_buffer_get_frame(): Get a complete frame. ch:3, ctrl:239, len:6
04-20 15:40:39.752186   560   706 D RILMUXD : [gsm0710muxd] 2383:extract_frames(): Writing 6 byte frame received on channel 3 to /dev/pts/8
04-20 15:40:39.752282   560   706 D RILMUXD : [gsm0710muxd] 2403:extract_frames(): write() returned. Written 6/6 bytes of frame to /dev/pts/8
04-20 15:40:39.752351   560   706 D RILMUXD : [gsm0710muxd] 2408:extract_frames(): fsync() failed (-1, 22 - Invalid argument)
04-20 15:40:39.752487   720   741 I AT      : AT read end: 6
04-20 15:40:39.752550   720   741 D AT      : AT< OK
04-20 15:40:39.752606   720   741 D AT      : RIL_CMD_READER_1 Enter processLine:OK
04-20 15:40:39.752684   720   741 I AT      : AT read start
04-20 15:40:39.752783   720   725 D AT      : response received on RIL_CMD_READER_1, tid:547977413696
04-20 15:40:39.752843   720   725 D AT      : AT send on RIL_CMD_READER_1, tid:547977413696
04-20 15:40:39.752897   720   725 D AT      : AT> AT+ECSQ=1
04-20 15:40:39.752945   720   725 I AT      : AT write start
04-20 15:40:39.753111   560   710 D RILMUXD : [gsm0710muxd] 3614:poll_thread(): poll_thread select found
04-20 15:40:39.753179   560   710 D RILMUXD : [gsm0710muxd] 1045:pseudo_device_read(): Enter, LackofAtciChannel=0
04-20 15:40:39.753248   560   710 D RILMUXD : [gsm0710muxd] 657:write_frame(): Sending frame to channel 3
04-20 15:40:39.753367   560   710 D RILMUXD : [gsm0710muxd] 766:write_frame(): Write a frame on channel 3 with length 10
04-20 15:40:39.769257   560   706 D RILMUXD : [gsm0710muxd] 1643:gsm0710_base_buffer_get_frame(): Get a complete frame. ch:3, ctrl:239, len:6
04-20 15:40:39.769556   560   706 D RILMUXD : [gsm0710muxd] 2383:extract_frames(): Writing 6 byte frame received on channel 3 to /dev/pts/8
04-20 15:40:39.769665   560   706 D RILMUXD : [gsm0710muxd] 2403:extract_frames(): write() returned. Written 6/6 bytes of frame to /dev/pts/8
04-20 15:40:39.769731   560   706 D RILMUXD : [gsm0710muxd] 2408:extract_frames(): fsync() failed (-1, 22 - Invalid argument)
04-20 15:40:39.769916   720   741 I AT      : AT read end: 6
04-20 15:40:39.769977   720   741 D AT      : AT< OK
04-20 15:40:39.770032   720   741 D AT      : RIL_CMD_READER_1 Enter processLine:OK
04-20 15:40:39.770112   720   741 I AT      : AT read start
04-20 15:40:39.770205   720   725 D AT      : response received on RIL_CMD_READER_1, tid:547977413696
04-20 15:40:39.770266   720   725 D AT      : AT send on RIL_CMD_READER_1, tid:547977413696
04-20 15:40:39.770319   720   725 D AT      : AT> AT+ECSQ
04-20 15:40:39.770367   720   725 I AT      : AT write start
04-20 15:40:39.770535   560   710 D RILMUXD : [gsm0710muxd] 3614:poll_thread(): poll_thread select found
04-20 15:40:39.770597   560   710 D RILMUXD : [gsm0710muxd] 1045:pseudo_device_read(): Enter, LackofAtciChannel=0
04-20 15:40:39.770665   560   710 D RILMUXD : [gsm0710muxd] 657:write_frame(): Sending frame to channel 3
04-20 15:40:39.770782   560   710 D RILMUXD : [gsm0710muxd] 766:write_frame(): Write a frame on channel 3 with length 8
04-20 15:40:39.770941   720   740 E RILC    : Send Response to RIL_SOCKET_1
04-20 15:40:39.771366  1576  1807 D RILJ    : responseInts numInts=3 [SUB0]
04-20 15:40:39.771469  1576  1807 D RILJ    : responseInts response[0]=0 [SUB0]
04-20 15:40:39.771554  1576  1807 D RILJ    : responseInts response[1]=0 [SUB0]
04-20 15:40:39.771635  1576  1807 D RILJ    : responseInts response[2]=0 [SUB0]
04-20 15:40:39.771737  1576  1807 D RILJ    : [UNSL]< RIL_UNSOL_IMS_REGISTRATION_INFO [SUB0]
04-20 15:40:39.771923   720   740 D RILC    : s_last_wake_timeout_info: 0x7f945834e0, cancel
04-20 15:40:39.771988   720   740 D RILC    : internalRequestTimedCallback malloc p_info: 0x7f945835a0
04-20 15:40:39.772050   720   740 D RILC    : internalRequestTimedCallback malloc p_info->event: 0x7f945835b0
04-20 15:40:39.772273   720   740 D RIL     : IMS: dispatch IMS registration info to IMS phone
04-20 15:40:39.772379   720   740 E         : Send Response to rild-ims
04-20 15:40:39.772831  1602  1741 I IMS_RILA:  IMS processResponse()
04-20 15:40:39.772907  1602  1741 I IMS_RILA:  IMS processUnsolicited !!
04-20 15:40:39.773049  1602  1741 D IMS_RILA: [UNSL]< RIL_UNSOL_IMS_REGISTRATION_INFO
04-20 15:40:39.773544  1602  1602 D ImsService: receive EVENT_IMS_REGISTRATION_INFO
04-20 15:40:39.773691  1602  1602 D ImsService: newReg:1 oldReg:1
04-20 15:40:39.773779  1602  1602 D ImsService: IMS: notifyRegistrationStateChange imsRegInfo= 1
04-20 15:40:39.775053  1576  2107 D ImsManager: registrationDisconnected :: imsReasonInfoImsReasonInfo :: {1000, 0, 0}
04-20 15:40:39.775254  1576  2107 D ImsPhoneCallTracker: [ImsPhoneCallTracker] onImsDisconnected imsReasonInfo=ImsReasonInfo :: {1000, 0, 0}
04-20 15:40:39.775405  1576  2107 D PHONE   : [ServiceState] setVoiceRegState=1
04-20 15:40:39.775471  1576  2107 E PHONE   : [ServiceState] setState deprecated use setVoiceRegState()
04-20 15:40:39.775566  1576  2107 D PHONE   : [ServiceState] setDataRegState=1
04-20 15:40:39.775641  1576  2107 D PHONE   : [ServiceState] setDataRadioTechnology=0
04-20 15:40:39.775876  1576  2107 D ImsPhone: updateDataServiceState: defSs = 1 1 voice home data home null null null null null null  Unknown Unknown CSS not supported 0 0 RoamInd=-1 DefRoamInd=-1 EmergOnly=true Ril Voice Regist state: 10 Ril Data Regist state: 0 mProprietaryDataRadioTechnology: 0 VoiceRejectCause: -1 DataRejectCause: -1 mCdmaNetWorkMode: 0 IsDataRoamingFromRegistration=false imsSs = 1 1 voice home data home null null null null null null  Unknown Unknown CSS not supported -1 -1 RoamInd=-1 DefRoamInd=-1 EmergOnly=false Ril Voice Regist state: 0 Ril Data Regist state: 0 mProprietaryDataRadioTechnology: 0 VoiceRejectCause: -1 DataRejectCause: -1 mCdmaNetWorkMode: 0 IsDataRoamingFromRegistration=false
04-20 15:40:39.777174  1602  1602 D ImsService: newRegExt:0oldRegExt:0
04-20 15:40:39.777703  1576  1607 D ImsManager: registrationFeatureCapabilityChanged :: serviceClass=1
04-20 15:40:39.777821  1576  1607 D ImsPhoneCallTracker: [ImsPhoneCallTracker] onFeatureCapabilityChanged(0, VoLTE): value=false
04-20 15:40:39.777917  1576  1607 D ImsPhoneCallTracker: [ImsPhoneCallTracker] onFeatureCapabilityChanged(1, ViLTE): value=false
04-20 15:40:39.778007  1576  1607 D ImsPhoneCallTracker: [ImsPhoneCallTracker] onFeatureCapabilityChanged(2, VoWiFi): value=false
04-20 15:40:39.778100  1576  1607 D ImsPhoneCallTracker: [ImsPhoneCallTracker] onFeatureCapabilityChanged(3, ViWiFi): value=false
04-20 15:40:39.778390  1576  1607 D ImsPhoneCallTracker: [ImsPhoneCallTracker] onFeatureCapabilityChanged: isVowifiEnabled=false
04-20 15:40:39.778603  1576  1607 D ImsPhoneCallTracker: [ImsPhoneCallTracker] broadcastImsStateChange state= 1 errorCode= 0 enabledFeatures= [Z@e5940de
04-20 15:40:39.788570   560   706 D RILMUXD : [gsm0710muxd] 1643:gsm0710_base_buffer_get_frame(): Get a complete frame. ch:3, ctrl:239, len:39
04-20 15:40:39.788648   560   706 D RILMUXD : [gsm0710muxd] 2383:extract_frames(): Writing 39 byte frame received on channel 3 to /dev/pts/8
04-20 15:40:39.788752   560   706 D RILMUXD : [gsm0710muxd] 2403:extract_frames(): write() returned. Written 39/39 bytes of frame to /dev/pts/8
04-20 15:40:39.788815   560   706 D RILMUXD : [gsm0710muxd] 2408:extract_frames(): fsync() failed (-1, 22 - Invalid argument)
04-20 15:40:39.788882   560   706 D RILMUXD : [gsm0710muxd] 1643:gsm0710_base_buffer_get_frame(): Get a complete frame. ch:3, ctrl:239, len:6
04-20 15:40:39.788947   560   706 D RILMUXD : [gsm0710muxd] 2383:extract_frames(): Writing 6 byte frame received on channel 3 to /dev/pts/8
04-20 15:40:39.789017   560   706 D RILMUXD : [gsm0710muxd] 2403:extract_frames(): write() returned. Written 6/6 bytes of frame to /dev/pts/8
04-20 15:40:39.789076   560   706 D RILMUXD : [gsm0710muxd] 2408:extract_frames(): fsync() failed (-1, 22 - Invalid argument)
04-20 15:40:39.789232   720   741 I AT      : AT read end: 45
04-20 15:40:39.789294   720   741 D AT      : AT< +ECSQ: 48,37,1,-289,-23,1,1,2,32767
04-20 15:40:39.789551   720   741 D AT      : RIL_CMD_READER_1 Enter processLine:+ECSQ: 48,37,1,-289,-23,1,1,2,32767
04-20 15:40:39.789612   720   741 D AT      : AT< OK
04-20 15:40:39.789662   720   741 D AT      : RIL_CMD_READER_1 Enter processLine:OK
04-20 15:40:39.789741   720   741 I AT      : AT read start
04-20 15:40:39.789862   720   725 D AT      : response received on RIL_CMD_READER_1, tid:547977413696
04-20 15:40:39.789943   720   725 D RIL     : convert3GRssiValue baseband=503 ,isFdd3G=1,isTdd3G=0 ,RSCP_in_qdbm=-289 ,EcN0_in_qdbm=-23
04-20 15:40:39.790017   720   725 D RILC    : callForRilVersion new vendor RIL, version: 10
04-20 15:40:39.790077   720   725 I RILC    : RIL_SOCKET_1 UNSOLICITED: UNSOL_SIGNAL_STRENGTH length:72
04-20 15:40:39.790129   720   725 E RILC    : Send Response to rild-mal
04-20 15:40:39.790285   720   725 E RILC    : Send Response to RIL_SOCKET_1
04-20 15:40:39.790412   720   725 D AT      : AT send on RIL_CMD_READER_1, tid:547977413696
04-20 15:40:39.790463   720   725 D AT      : AT> AT+PSBEARER=1
04-20 15:40:39.790515   720   725 I AT      : AT write start
04-20 15:40:39.791184   560   710 D RILMUXD : [gsm0710muxd] 3614:poll_thread(): poll_thread select found
04-20 15:40:39.791255   560   710 D RILMUXD : [gsm0710muxd] 1045:pseudo_device_read(): Enter, LackofAtciChannel=0
04-20 15:40:39.791325   560   710 D RILMUXD : [gsm0710muxd] 657:write_frame(): Sending frame to channel 3
04-20 15:40:39.791441   560   710 D RILMUXD : [gsm0710muxd] 766:write_frame(): Write a frame on channel 3 with length 14
04-20 15:40:39.793496   720   740 I RILC    : RIL_SOCKET_1 UNSOLICITED: RESPONSE_IMS_NETWORK_STATE_CHANGED length:8
04-20 15:40:39.793563   720   740 E RILC    : Send Response to rild-mal
04-20 15:40:39.793946   720   740 E RILC    : Send Response to RIL_SOCKET_1
04-20 15:40:39.794063   720   740 D RILC    : s_last_wake_timeout_info: 0x7f945835a0, cancel
04-20 15:40:39.794120   720   740 D RILC    : internalRequestTimedCallback malloc p_info: 0x7f945837e0
04-20 15:40:39.794180   720   740 D RILC    : internalRequestTimedCallback malloc p_info->event: 0x7f945837f0
04-20 15:40:39.794586  1576  1807 D RILJ    : [UNSL]< UNSOL_RESPONSE_IMS_NETWORK_STATE_CHANGED [SUB0]
04-20 15:40:39.794798   720   740 I AT      : AT read start
04-20 15:40:39.797105   720   736 D RILC    : SOCKET RIL_SOCKET_2 REQUEST: SCREEN_STATE length:16
04-20 15:40:39.797187   720   736 I RILC-MTK: create request 61: pRequest=0x7f964521a0, pRI=0x7f9644c600, p=0x7f964562a0, pUCI=0x0
04-20 15:40:39.797244   720   736 D RILC-MTK: SCREEN_STATE pRI=0x7f9644c600 p=0x7f964562a0 dispatched to RIL_CMD2_PROXY_3
04-20 15:40:39.797553   720   730 I RILC-MTK: RIL_URC2_PROXY wakeup
04-20 15:40:39.797605   720   730 I RILC-MTK: RIL_URC2_PROXY sleep
04-20 15:40:39.797678   720   729 I RILC-MTK: RIL_ATCI_PROXY wakeup
04-20 15:40:39.797734   720   729 I RILC-MTK: RIL_ATCI_PROXY sleep
04-20 15:40:39.797803   720   726 I RILC-MTK: RIL_CMD_PROXY_2 wakeup
04-20 15:40:39.797858   720   726 I RILC-MTK: RIL_CMD_PROXY_2 sleep
04-20 15:40:39.797935   720   732 I RILC-MTK: RIL_CMD2_PROXY_2 wakeup
04-20 15:40:39.797986   720   732 I RILC-MTK: RIL_CMD2_PROXY_2 sleep
04-20 15:40:39.798051   720   734 I RILC-MTK: RIL_CMD2_PROXY_4 wakeup
04-20 15:40:39.798100   720   734 I RILC-MTK: RIL_CMD2_PROXY_4 sleep
04-20 15:40:39.798168   720   727 I RILC-MTK: RIL_CMD_PROXY_1 wakeup
04-20 15:40:39.798217   720   727 I RILC-MTK: RIL_CMD_PROXY_1 sleep
04-20 15:40:39.798287   720   735 I RILC-MTK: RIL_ATCI2_PROXY wakeup
04-20 15:40:39.798342   720   735 I RILC-MTK: RIL_ATCI2_PROXY sleep
04-20 15:40:39.798415   720   728 I RILC-MTK: RIL_CMD_PROXY_4 wakeup
04-20 15:40:39.798469   720   728 I RILC-MTK: RIL_CMD_PROXY_4 sleep
04-20 15:40:39.798544   720   724 I RILC-MTK: RIL_URC_PROXY wakeup
04-20 15:40:39.798595   720   724 I RILC-MTK: RIL_URC_PROXY sleep
04-20 15:40:39.798665   720   733 I RILC-MTK: RIL_CMD2_PROXY_1 wakeup
04-20 15:40:39.798714   720   733 I RILC-MTK: RIL_CMD2_PROXY_1 sleep
04-20 15:40:39.798970   720   731 I RILC-MTK: RIL_CMD2_PROXY_3 wakeup
04-20 15:40:39.799024   720   731 D RILC-MTK: proxy id:7, proxyName: RIL_CMD2_PROXY_3
04-20 15:40:39.799080   720   731 D RILC-MTK: SCREEN_STATE pRI=0x7f9644c600 p=0x7f964562a0 execute on RIL_CMD2_PROXY_3 using channel 7
04-20 15:40:39.799140   720   731 D RILC    : callOnRequest for new vendor ril
04-20 15:40:39.799195   720   731 D RIL     : onRequest: SCREEN_STATE, datalen = 4
04-20 15:40:39.799306   720   731 D RIL     : radioState:0
04-20 15:40:39.799677   720   731 I RIL     : isWfcSupport: 0
04-20 15:40:39.799732   720   731 I RIL     : isWfcSupport: 0
04-20 15:40:39.799784   720   731 I RIL     : isWfcSupport: 0
04-20 15:40:39.799848   720   731 D AT      : AT send on RIL_CMD2_READER_1, tid:547971171392
04-20 15:40:39.799903   720   731 D AT      : AT> AT+CREG=3
04-20 15:40:39.799951   720   731 I AT      : AT write start
04-20 15:40:39.800173   560   716 D RILMUXD : [gsm0710muxd] 3614:poll_thread(): poll_thread select found
04-20 15:40:39.800248   560   716 D RILMUXD : [gsm0710muxd] 1045:pseudo_device_read(): Enter, LackofAtciChannel=0
04-20 15:40:39.800321   560   716 D RILMUXD : [gsm0710muxd] 657:write_frame(): Sending frame to channel 8
04-20 15:40:39.800435   560   716 D RILMUXD : [gsm0710muxd] 766:write_frame(): Write a frame on channel 8 with length 10
04-20 15:40:39.801024   560   706 D RILMUXD : [gsm0710muxd] 1643:gsm0710_base_buffer_get_frame(): Get a complete frame. ch:3, ctrl:239, len:6
04-20 15:40:39.801095   560   706 D RILMUXD : [gsm0710muxd] 2383:extract_frames(): Writing 6 byte frame received on channel 3 to /dev/pts/8
04-20 15:40:39.801248   560   706 D RILMUXD : [gsm0710muxd] 2403:extract_frames(): write() returned. Written 6/6 bytes of frame to /dev/pts/8
04-20 15:40:39.801312   560   706 D RILMUXD : [gsm0710muxd] 2408:extract_frames(): fsync() failed (-1, 22 - Invalid argument)
04-20 15:40:39.801403   720   741 I AT      : AT read end: 6
04-20 15:40:39.801460   720   741 D AT      : AT< OK
04-20 15:40:39.801514   720   741 D AT      : RIL_CMD_READER_1 Enter processLine:OK
04-20 15:40:39.801601   720   741 I AT      : AT read start
04-20 15:40:39.801698   720   725 D AT      : response received on RIL_CMD_READER_1, tid:547977413696
04-20 15:40:39.801768   720   725 D AT      : AT send on RIL_CMD_READER_1, tid:547977413696
04-20 15:40:39.802057   720   725 D AT      : AT> AT+CEREG=3
04-20 15:40:39.802108   720   725 I AT      : AT write start
04-20 15:40:39.802321   560   710 D RILMUXD : [gsm0710muxd] 3614:poll_thread(): poll_thread select found
04-20 15:40:39.802499   560   710 D RILMUXD : [gsm0710muxd] 1045:pseudo_device_read(): Enter, LackofAtciChannel=0
04-20 15:40:39.802566   560   710 D RILMUXD : [gsm0710muxd] 657:write_frame(): Sending frame to channel 3
04-20 15:40:39.802676   560   710 D RILMUXD : [gsm0710muxd] 766:write_frame(): Write a frame on channel 3 with length 11
04-20 15:40:39.803163  1576  1576 D GsmSST  : [GsmSST0] handle EVENT_NETWORK_STATE_CHANGED
04-20 15:40:39.803345  1576  1576 D GsmSST  : [GsmSST0] onNetworkStateChangeResult state:0 lac:42294 cid:228604679 Act:2 cause:0
04-20 15:40:39.803528  1576  1576 I use-Rlog/RLOG-GSM: clear dontUpdateNetworkStateFlag
04-20 15:40:39.803626  1576  1576 D GsmSST  : [GsmSST0] mNewCellLoc Updated, lac:42294 and cid:228604679
04-20 15:40:39.808865   560   706 D RILMUXD : [gsm0710muxd] 1643:gsm0710_base_buffer_get_frame(): Get a complete frame. ch:7, ctrl:239, len:36
04-20 15:40:39.808963   560   706 D RILMUXD : [gsm0710muxd] 2383:extract_frames(): Writing 36 byte frame received on channel 7 to /dev/pts/13
04-20 15:40:39.809162   720   746 I AT      : AT read end: 36
04-20 15:40:39.809222   720   746 D AT      : AT< +CREG: 0,"0000","0FFFFFFF",0,0,0
04-20 15:40:39.809275   720   746 D AT      : RIL_URC2_READER Enter processLine:+CREG: 0,"0000","0FFFFFFF",0,0,0
04-20 15:40:39.809687   720   746 D RILC    : s_last_wake_timeout_info: 0x7f945837e0, cancel
04-20 15:40:39.809754   720   746 D RILC    : internalRequestTimedCallback malloc p_info: 0x7f94583c00
04-20 15:40:39.809819   720   746 D RILC    : internalRequestTimedCallback malloc p_info->event: 0x7f94583c10
04-20 15:40:39.809918   720   746 D RIL     : Nw URC:+CREG: 0,"0000","0FFFFFFF",0,0,0
04-20 15:40:39.809980   720   746 D RIL     : The URC is "0000","0FFFFFFF",0,0,0
04-20 15:40:39.810036   720   746 D RIL     : convertRegState() uiRegState=0 , uiRet=0 
04-20 15:40:39.810094   720   746 D RIL     : onNetworkStateChanged() , stat=0 , is_cs=1
04-20 15:40:39.810164   720   746 D RIL     : +creg urc <ci>: 268435455
04-20 15:40:39.810220   720   746 D RIL     : bCREGType3Support=1
04-20 15:40:39.810271   720   746 D RIL     : now +creg urc <cause_type>: 0
04-20 15:40:39.810320   720   746 D RIL     : now +creg urc <cause>: 0
04-20 15:40:39.810415   720   746 I RILC    : RIL_SOCKET_2 UNSOLICITED: UNSOL_RESPONSE_VOICE_NETWORK_STATE_CHANGED length:64
04-20 15:40:39.810474   720   746 E RILC    : Send Response to RIL_SOCKET_2
04-20 15:40:39.810597   720   746 D RILC    : s_last_wake_timeout_info: 0x7f94583c00, cancel
04-20 15:40:39.810657   720   746 D RILC    : internalRequestTimedCallback malloc p_info: 0x7f94583c60
04-20 15:40:39.810714   720   746 D RILC    : internalRequestTimedCallback malloc p_info->event: 0x7f94583c70
04-20 15:40:39.810780   720   746 I AT      : AT read start
04-20 15:40:39.811303  1576  1815 V RILJ    : [UNSL]< UNSOL_RESPONSE_VOICE_NETWORK_STATE_CHANGED {0, 0, fffffff, 0, 0} [SUB1]
04-20 15:40:39.815500   560   706 D RILMUXD : [gsm0710muxd] 2403:extract_frames(): write() returned. Written 36/36 bytes of frame to /dev/pts/13
04-20 15:40:39.815585   560   706 D RILMUXD : [gsm0710muxd] 2408:extract_frames(): fsync() failed (-1, 22 - Invalid argument)
04-20 15:40:39.815680   560   706 D RILMUXD : [gsm0710muxd] 1643:gsm0710_base_buffer_get_frame(): Get a complete frame. ch:8, ctrl:239, len:6
04-20 15:40:39.815746   560   706 D RILMUXD : [gsm0710muxd] 2383:extract_frames(): Writing 6 byte frame received on channel 8 to /dev/pts/14
04-20 15:40:39.815912   560   706 D RILMUXD : [gsm0710muxd] 2403:extract_frames(): write() returned. Written 6/6 bytes of frame to /dev/pts/14
04-20 15:40:39.815944   720   747 I AT      : AT read end: 6
04-20 15:40:39.815976   560   706 D RILMUXD : [gsm0710muxd] 2408:extract_frames(): fsync() failed (-1, 22 - Invalid argument)
04-20 15:40:39.816025   720   747 D AT      : AT< OK
04-20 15:40:39.816046   560   706 D RILMUXD : [gsm0710muxd] 1643:gsm0710_base_buffer_get_frame(): Get a complete frame. ch:3, ctrl:239, len:6
04-20 15:40:39.816081   720   747 D AT      : RIL_CMD2_READER_1 Enter processLine:OK
04-20 15:40:39.816108   560   706 D RILMUXD : [gsm0710muxd] 2383:extract_frames(): Writing 6 byte frame received on channel 3 to /dev/pts/8
04-20 15:40:39.816162   720   747 I AT      : AT read start
04-20 15:40:39.816232   720   731 D AT      : response received on RIL_CMD2_READER_1, tid:547971171392
04-20 15:40:39.816299  1576  1576 D SubscriptionController: [getSubId]- sSlotIdxToSubId.size == 0, return DummySubIds slotIdx=0
04-20 15:40:39.816439  1576  1576 D SubscriptionController: getDummySubIds: slotIdx=0 return 2 DummySubIds with each subId=-2
04-20 15:40:39.816563  1576  1576 D GsmSST  : [GsmSST0] Invalid subId, return invalid networkType
04-20 15:40:39.816689  1576  1576 D GsmSST  : [GsmSST0] pollState RadioState is RADIO_ON, currentNetworkMode= -1
04-20 15:40:39.816940  1576  1576 D RILJ    : [4489]> OPERATOR [SUB0]
04-20 15:40:39.817520   560   706 D RILMUXD : [gsm0710muxd] 2403:extract_frames(): write() returned. Written 6/6 bytes of frame to /dev/pts/8
04-20 15:40:39.817629   560   706 D RILMUXD : [gsm0710muxd] 2408:extract_frames(): fsync() failed (-1, 22 - Invalid argument)
04-20 15:40:39.817798   720   731 D AT      : AT send on RIL_CMD2_READER_1, tid:547971171392
04-20 15:40:39.817828   720   741 I AT      : AT read end: 6
04-20 15:40:39.817874   720   731 D AT      : AT> AT+CIREG=2
04-20 15:40:39.817884   720   741 D AT      : AT< OK
04-20 15:40:39.817979   720   741 D AT      : RIL_CMD_READER_1 Enter processLine:OK
04-20 15:40:39.817989   720   731 I AT      : AT write start
04-20 15:40:39.818054   720   741 I AT      : AT read start
04-20 15:40:39.818170   720   725 D AT      : response received on RIL_CMD_READER_1, tid:547977413696
04-20 15:40:39.818224   560   716 D RILMUXD : [gsm0710muxd] 3614:poll_thread(): poll_thread select found
04-20 15:40:39.818236   720   725 D RILC    : RequestComplete, RIL_SOCKET_1
04-20 15:40:39.818383   560   716 D RILMUXD : [gsm0710muxd] 1045:pseudo_device_read(): Enter, LackofAtciChannel=0
04-20 15:40:39.818591   560   716 D RILMUXD : [gsm0710muxd] 657:write_frame(): Sending frame to channel 8
04-20 15:40:39.818725   560   716 D RILMUXD : [gsm0710muxd] 766:write_frame(): Write a frame on channel 8 with length 11
04-20 15:40:39.818965   720   725 E RILC    : Send Response to RIL_SOCKET_1
04-20 15:40:39.819104   720   725 D RILC-MTK: proxyLoop free  pRI=0x7f9644c570 p=0x7f96456c40 
04-20 15:40:39.819167   720   725 D RILC-MTK: proxyLoop free  pRequest=0x7f96452520
04-20 15:40:39.819791  1576  1807 D RILJ    : [4487]< SCREEN_STATE  [SUB0]
04-20 15:40:39.826322   560   706 D RILMUXD : [gsm0710muxd] 1643:gsm0710_base_buffer_get_frame(): Get a complete frame. ch:7, ctrl:239, len:14
04-20 15:40:39.826421   560   706 D RILMUXD : [gsm0710muxd] 2383:extract_frames(): Writing 14 byte frame received on channel 7 to /dev/pts/13
04-20 15:40:39.826541   560   706 D RILMUXD : [gsm0710muxd] 2403:extract_frames(): write() returned. Written 14/14 bytes of frame to /dev/pts/13
04-20 15:40:39.826612   560   706 D RILMUXD : [gsm0710muxd] 2408:extract_frames(): fsync() failed (-1, 22 - Invalid argument)
04-20 15:40:39.826863   720   746 I AT      : AT read end: 14
04-20 15:40:39.826934   720   746 D AT      : AT< +CIREGU: 0
04-20 15:40:39.826993   720   746 D AT      : RIL_URC2_READER Enter processLine:+CIREGU: 0
04-20 15:40:39.827116   720   746 D RILC    : s_last_wake_timeout_info: 0x7f94583c60, cancel
04-20 15:40:39.827181   720   746 D RILC    : internalRequestTimedCallback malloc p_info: 0x7f94583cc0
04-20 15:40:39.827244   720   746 D RILC    : internalRequestTimedCallback malloc p_info->event: 0x7f94583cd0
04-20 15:40:39.827348   720   746 D RIL     : Nw URC:+CIREGU: 0
04-20 15:40:39.827407   720   746 D RIL     : CIREG URC:+CIREGU: 0
04-20 15:40:39.827464   720   746 D RIL     : onImsRegistrationInfo:+CIREGU: 0
04-20 15:40:39.827536   720   746 D RIL     : onImsRegistrationInfo reg_info = 0, ext_info = 0, RIL_SOCKET_ID = 1
04-20 15:40:39.827632   720   746 I RILC    : RIL_SOCKET_2 UNSOLICITED: RIL_UNSOL_IMS_REGISTRATION_INFO length:24
04-20 15:40:39.827692   720   746 E RILC    : Send Response to RIL_SOCKET_2
04-20 15:40:39.827823   720   746 D RILC    : s_last_wake_timeout_info: 0x7f94583cc0, cancel
04-20 15:40:39.827886   720   746 D RILC    : internalRequestTimedCallback malloc p_info: 0x7f94583960
04-20 15:40:39.827947   720   746 D RILC    : internalRequestTimedCallback malloc p_info->event: 0x7f94583970
04-20 15:40:39.828031   720   746 D RIL     : IMS: dispatch IMS registration info to IMS phone
04-20 15:40:39.828121   720   746 E         : Send Response to rild-ims
04-20 15:40:39.828296   720   746 I RILC    : RIL_SOCKET_2 UNSOLICITED: RESPONSE_IMS_NETWORK_STATE_CHANGED length:8
04-20 15:40:39.828354   720   746 E RILC    : Send Response to RIL_SOCKET_2
04-20 15:40:39.828451   720   746 D RILC    : s_last_wake_timeout_info: 0x7f94583960, cancel
04-20 15:40:39.828512   720   746 D RILC    : internalRequestTimedCallback malloc p_info: 0x7f94583a20
04-20 15:40:39.828572   720   746 D RILC    : internalRequestTimedCallback malloc p_info->event: 0x7f94583a30
04-20 15:40:39.828649   720   746 I AT      : AT read start
04-20 15:40:39.819224   720   725 I RILC-MTK: RIL_CMD_PROXY_3 sleep
04-20 15:40:39.829829   560   706 D RILMUXD : [gsm0710muxd] 1643:gsm0710_base_buffer_get_frame(): Get a complete frame. ch:8, ctrl:239, len:6
04-20 15:40:39.829936   560   706 D RILMUXD : [gsm0710muxd] 2383:extract_frames(): Writing 6 byte frame received on channel 8 to /dev/pts/14
04-20 15:40:39.830028  1576  1815 D RILJ    : responseInts numInts=3 [SUB1]
04-20 15:40:39.830052   560   706 D RILMUXD : [gsm0710muxd] 2403:extract_frames(): write() returned. Written 6/6 bytes of frame to /dev/pts/14
04-20 15:40:39.830117   560   706 D RILMUXD : [gsm0710muxd] 2408:extract_frames(): fsync() failed (-1, 22 - Invalid argument)
04-20 15:40:39.830142  1576  1815 D RILJ    : responseInts response[0]=0 [SUB1]
04-20 15:40:39.830232  1576  1815 D RILJ    : responseInts response[1]=0 [SUB1]
04-20 15:40:39.830291   720   747 I AT      : AT read end: 6
04-20 15:40:39.830350   720   747 D AT      : AT< OK
04-20 15:40:39.830353  1576  1815 D RILJ    : responseInts response[2]=1 [SUB1]
04-20 15:40:39.830417   720   747 D AT      : RIL_CMD2_READER_1 Enter processLine:OK
04-20 15:40:39.830501   720   747 I AT      : AT read start
04-20 15:40:39.830724  1602  1741 I IMS_RILA:  IMS processResponse()
04-20 15:40:39.830813  1602  1741 I IMS_RILA:  IMS processUnsolicited !!
04-20 15:40:39.830954  1602  1741 D IMS_RILA: [UNSL]< RIL_UNSOL_IMS_REGISTRATION_INFO
04-20 15:40:39.831481  1576  1815 D RILJ    : [UNSL]< RIL_UNSOL_IMS_REGISTRATION_INFO [SUB1]
04-20 15:40:39.831485  1602  1602 D ImsService: receive EVENT_IMS_REGISTRATION_INFO
04-20 15:40:39.831602   720   731 D AT      : response received on RIL_CMD2_READER_1, tid:547971171392
04-20 15:40:39.831672  1602  1602 D ImsService: IMS: drop IMS reg info, socketId = 1 mActivePhoneId = 0
04-20 15:40:39.831695   720   731 D AT      : AT send on RIL_CMD2_READER_1, tid:547971171392
04-20 15:40:39.831756   720   731 D AT      : AT> AT+CGREG=3
04-20 15:40:39.831840   720   731 I AT      : AT write start
04-20 15:40:39.832461  1576  1815 D RILJ    : [UNSL]< UNSOL_RESPONSE_IMS_NETWORK_STATE_CHANGED [SUB1]
04-20 15:40:39.832909   560   716 D RILMUXD : [gsm0710muxd] 3614:poll_thread(): poll_thread select found
04-20 15:40:39.832997   560   716 D RILMUXD : [gsm0710muxd] 1045:pseudo_device_read(): Enter, LackofAtciChannel=0
04-20 15:40:39.833104   560   716 D RILMUXD : [gsm0710muxd] 657:write_frame(): Sending frame to channel 8
04-20 15:40:39.833230   560   716 D RILMUXD : [gsm0710muxd] 766:write_frame(): Write a frame on channel 8 with length 11
04-20 15:40:39.836625  1576  1576 D RILJ    : [4490]> DATA_REGISTRATION_STATE [SUB0]
04-20 15:40:39.836792  1576  2107 D SubscriptionController: [getSubId]- sSlotIdxToSubId.size == 0, return DummySubIds slotIdx=0
04-20 15:40:39.837001   720   736 D RILC    : SOCKET RIL_SOCKET_1 REQUEST: OPERATOR length:8
04-20 15:40:39.837030  1576  2107 D SubscriptionController: getDummySubIds: slotIdx=0 return 2 DummySubIds with each subId=-2
04-20 15:40:39.837135   720   736 I RILC-MTK: create request 22: pRequest=0x7f96452560, pRI=0x7f9644c210, p=0x7f96456cb0, pUCI=0x0
04-20 15:40:39.837203   720   736 D RILC-MTK: OPERATOR pRI=0x7f9644c210 p=0x7f96456cb0 dispatched to RIL_CMD_PROXY_3
04-20 15:40:39.837596   720   725 I RILC-MTK: RIL_CMD_PROXY_3 wakeup
04-20 15:40:39.837636   720   730 I RILC-MTK: RIL_URC2_PROXY wakeup
04-20 15:40:39.837660   720   725 D RILC-MTK: proxy id:1, proxyName: RIL_CMD_PROXY_3
04-20 15:40:39.837737   720   725 D RILC-MTK: OPERATOR pRI=0x7f9644c210 p=0x7f96456cb0 execute on RIL_CMD_PROXY_3 using channel 1
04-20 15:40:39.837749   720   730 I RILC-MTK: RIL_URC2_PROXY sleep
04-20 15:40:39.837880   720   729 I RILC-MTK: RIL_ATCI_PROXY wakeup
04-20 15:40:39.837938   720   729 I RILC-MTK: RIL_ATCI_PROXY sleep
04-20 15:40:39.838015   720   726 I RILC-MTK: RIL_CMD_PROXY_2 wakeup
04-20 15:40:39.838037   720   725 D RILC    : callOnRequest for new vendor ril
04-20 15:40:39.838065   720   726 I RILC-MTK: RIL_CMD_PROXY_2 sleep
04-20 15:40:39.838093   720   725 D RIL     : onRequest: OPERATOR, datalen = 0
04-20 15:40:39.838140   720   732 I RILC-MTK: RIL_CMD2_PROXY_2 wakeup
04-20 15:40:39.838145   720   725 D RIL     : radioState:10
04-20 15:40:39.838227   720   732 I RILC-MTK: RIL_CMD2_PROXY_2 sleep
04-20 15:40:39.838280   720   725 D AT      : AT send on RIL_CMD_READER_1, tid:547977413696
04-20 15:40:39.838297   720   734 I RILC-MTK: RIL_CMD2_PROXY_4 wakeup
04-20 15:40:39.838333   720   725 D AT      : AT> AT+COPS?
04-20 15:40:39.838346   720   734 I RILC-MTK: RIL_CMD2_PROXY_4 sleep
04-20 15:40:39.838442   720   725 I AT      : AT write start
04-20 15:40:39.838462   720   727 I RILC-MTK: RIL_CMD_PROXY_1 wakeup
04-20 15:40:39.838502   720   735 I RILC-MTK: RIL_ATCI2_PROXY wakeup
04-20 15:40:39.838575   720   735 I RILC-MTK: RIL_ATCI2_PROXY sleep
04-20 15:40:39.838680   720   728 I RILC-MTK: RIL_CMD_PROXY_4 wakeup
04-20 15:40:39.838734   720   728 I RILC-MTK: RIL_CMD_PROXY_4 sleep
04-20 15:40:39.838813   720   724 I RILC-MTK: RIL_URC_PROXY wakeup
04-20 15:40:39.838866   720   724 I RILC-MTK: RIL_URC_PROXY sleep
04-20 15:40:39.838942   720   733 I RILC-MTK: RIL_CMD2_PROXY_1 wakeup
04-20 15:40:39.839155   720   733 I RILC-MTK: RIL_CMD2_PROXY_1 sleep
04-20 15:40:39.839281   720   727 I RILC-MTK: RIL_CMD_PROXY_1 sleep
04-20 15:40:39.840243   560   710 D RILMUXD : [gsm0710muxd] 3614:poll_thread(): poll_thread select found
04-20 15:40:39.840323   560   710 D RILMUXD : [gsm0710muxd] 1045:pseudo_device_read(): Enter, LackofAtciChannel=0
04-20 15:40:39.840526   560   710 D RILMUXD : [gsm0710muxd] 657:write_frame(): Sending frame to channel 3
04-20 15:40:39.840679   560   710 D RILMUXD : [gsm0710muxd] 766:write_frame(): Write a frame on channel 3 with length 9
04-20 15:40:39.841365  1576  1576 D RILJ    : [4491]> VOICE_REGISTRATION_STATE [SUB0]
04-20 15:40:39.843573   560   706 D RILMUXD : [gsm0710muxd] 1643:gsm0710_base_buffer_get_frame(): Get a complete frame. ch:8, ctrl:239, len:6
04-20 15:40:39.843676   560   706 D RILMUXD : [gsm0710muxd] 2383:extract_frames(): Writing 6 byte frame received on channel 8 to /dev/pts/14
04-20 15:40:39.843786   560   706 D RILMUXD : [gsm0710muxd] 2403:extract_frames(): write() returned. Written 6/6 bytes of frame to /dev/pts/14
04-20 15:40:39.843855   560   706 D RILMUXD : [gsm0710muxd] 2408:extract_frames(): fsync() failed (-1, 22 - Invalid argument)
04-20 15:40:39.843908   720   736 D RILC    : SOCKET RIL_SOCKET_1 REQUEST: DATA_REGISTRATION_STATE length:8
04-20 15:40:39.843932   560   706 D RILMUXD : [gsm0710muxd] 1643:gsm0710_base_buffer_get_frame(): Get a complete frame. ch:3, ctrl:239, len:12
04-20 15:40:39.843993   720   736 I RILC-MTK: create request 21: pRequest=0x7f96452620, pRI=0x7f9644c360, p=0x7f96456e70, pUCI=0x0
04-20 15:40:39.844010   560   706 D RILMUXD : [gsm0710muxd] 2383:extract_frames(): Writing 12 byte frame received on channel 3 to /dev/pts/8
04-20 15:40:39.844193   720   736 D RILC-MTK: DATA_REGISTRATION_STATE pRI=0x7f9644c360 p=0x7f96456e70 dispatched to RIL_CMD_PROXY_3
04-20 15:40:39.844259   720   747 I AT      : AT read end: 6
04-20 15:40:39.844320   720   747 D AT      : AT< OK
04-20 15:40:39.844383   720   747 D AT      : RIL_CMD2_READER_1 Enter processLine:OK
04-20 15:40:39.844463   720   747 I AT      : AT read start
04-20 15:40:39.844566   720   741 I AT      : AT read end: 12
04-20 15:40:39.844623   720   741 D AT      : AT< +COPS: 0
04-20 15:40:39.844685   720   741 D AT      : RIL_CMD_READER_1 Enter processLine:+COPS: 0
04-20 15:40:39.844771   720   741 I AT      : AT read start
04-20 15:40:39.844895   720   731 D AT      : response received on RIL_CMD2_READER_1, tid:547971171392
04-20 15:40:39.844943   720   726 I RILC-MTK: RIL_CMD_PROXY_2 wakeup
04-20 15:40:39.844969   720   731 D AT      : AT send on RIL_CMD2_READER_1, tid:547971171392
04-20 15:40:39.845046   720   731 D AT      : AT> AT+ECSQ=1
04-20 15:40:39.845101   720   731 I AT      : AT write start
04-20 15:40:39.845233  1576  1576 D RILJ    : [4492]> QUERY_NETWORK_SELECTION_MODE [SUB0]
04-20 15:40:39.845455   560   716 D RILMUXD : [gsm0710muxd] 3614:poll_thread(): poll_thread select found
04-20 15:40:39.845539   560   716 D RILMUXD : [gsm0710muxd] 1045:pseudo_device_read(): Enter, LackofAtciChannel=0
04-20 15:40:39.845625   560   716 D RILMUXD : [gsm0710muxd] 657:write_frame(): Sending frame to channel 8
04-20 15:40:39.845755   560   716 D RILMUXD : [gsm0710muxd] 766:write_frame(): Write a frame on channel 8 with length 10
04-20 15:40:39.846269   720   736 D RILC    : SOCKET RIL_SOCKET_1 REQUEST: VOICE_REGISTRATION_STATE length:8
04-20 15:40:39.846364   720   736 I RILC-MTK: create request 20: pRequest=0x7f96452640, pRI=0x7f9644c7e0, p=0x7f96456f50, pUCI=0x0
04-20 15:40:39.848279  1576  1576 D GsmSST  : [GsmSST0] handleMessage msg done
04-20 15:40:39.848546  1576  1576 D GsmSST  : [GsmSST0] handle EVENT_IMS_REGISTRATION_INFO
04-20 15:40:39.848650  1576  1576 D GsmSST  : [GsmSST0] ImsRegistrationInfoResult [0, 0]
04-20 15:40:39.848718  1576  1576 D GsmSST  : [GsmSST0] handleMessage msg done
04-20 15:40:39.848900  1576  1576 D GsmSST  : [GsmSST0] EVENT_IMS_CAPABILITY_CHANGED
04-20 15:40:39.849033  1576  1576 D GsmSST  : [GsmSST0] No matched EONS and No CPHS ONS
04-20 15:40:39.849318  1576  1576 D GsmSST  : [GsmSST0] updateSpnDisplay mVoiceCapable=true mEmergencyOnly=true mCi.getRadioState().isOn()=true getVoiceRegState()=1 getDataRegState()1
04-20 15:40:39.844100   560   706 D RILMUXD : [gsm0710muxd] 2403:extract_frames(): write() returned. Written 12/12 bytes of frame to /dev/pts/8
04-20 15:40:39.845063   720   726 I RILC-MTK: RIL_CMD_PROXY_2 sleep
04-20 15:40:39.850055  1576  1576 D GsmSST  : [GsmSST0] updateSpnDisplay show mEmergencyOnly
04-20 15:40:39.850104   560   706 D RILMUXD : [gsm0710muxd] 2408:extract_frames(): fsync() failed (-1, 22 - Invalid argument)
04-20 15:40:39.850828   560   706 D RILMUXD : [gsm0710muxd] 1643:gsm0710_base_buffer_get_frame(): Get a complete frame. ch:3, ctrl:239, len:6
04-20 15:40:39.850898   560   706 D RILMUXD : [gsm0710muxd] 2383:extract_frames(): Writing 6 byte frame received on channel 3 to /dev/pts/8
04-20 15:40:39.850998   720   724 I RILC-MTK: RIL_URC_PROXY wakeup
04-20 15:40:39.851007   560   706 D RILMUXD : [gsm0710muxd] 2403:extract_frames(): write() returned. Written 6/6 bytes of frame to /dev/pts/8
04-20 15:40:39.851062   720   724 I RILC-MTK: RIL_URC_PROXY sleep
04-20 15:40:39.851075   560   706 D RILMUXD : [gsm0710muxd] 2408:extract_frames(): fsync() failed (-1, 22 - Invalid argument)
04-20 15:40:39.851212   720   728 I RILC-MTK: RIL_CMD_PROXY_4 wakeup
04-20 15:40:39.851274   720   734 I RILC-MTK: RIL_CMD2_PROXY_4 wakeup
04-20 15:40:39.851292   720   728 I RILC-MTK: RIL_CMD_PROXY_4 sleep
04-20 15:40:39.851590  1576  1576 D SubscriptionController: [getSubId]- sSlotIdxToSubId.size == 0, return DummySubIds slotIdx=0
04-20 15:40:39.851698   720   741 I AT      : AT read end: 6
04-20 15:40:39.851721  1576  1576 D SubscriptionController: getDummySubIds: slotIdx=0 return 2 DummySubIds with each subId=-2
04-20 15:40:39.851792   720   741 D AT      : AT< OK
04-20 15:40:39.851854   720   741 D AT      : RIL_CMD_READER_1 Enter processLine:OK
04-20 15:40:39.851937   720   741 I AT      : AT read start
04-20 15:40:39.852014   720   725 D AT      : response received on RIL_CMD_READER_1, tid:547977413696
04-20 15:40:39.852091   720   725 D AT      : AT send on RIL_CMD_READER_1, tid:547977413696
04-20 15:40:39.852151   720   725 D AT      : AT> AT+EOPS?
04-20 15:40:39.852207   720   725 I AT      : AT write start
04-20 15:40:39.852455   560   710 D RILMUXD : [gsm0710muxd] 3614:poll_thread(): poll_thread select found
04-20 15:40:39.852584   560   710 D RILMUXD : [gsm0710muxd] 1045:pseudo_device_read(): Enter, LackofAtciChannel=0
04-20 15:40:39.852666   560   710 D RILMUXD : [gsm0710muxd] 657:write_frame(): Sending frame to channel 3
04-20 15:40:39.852794   560   710 D RILMUXD : [gsm0710muxd] 766:write_frame(): Write a frame on channel 3 with length 9
04-20 15:40:39.853348   560   706 D RILMUXD : [gsm0710muxd] 1643:gsm0710_base_buffer_get_frame(): Get a complete frame. ch:8, ctrl:239, len:6
04-20 15:40:39.853428   560   706 D RILMUXD : [gsm0710muxd] 2383:extract_frames(): Writing 6 byte frame received on channel 8 to /dev/pts/14
04-20 15:40:39.853529   720   729 I RILC-MTK: RIL_ATCI_PROXY wakeup
04-20 15:40:39.853539   560   706 D RILMUXD : [gsm0710muxd] 2403:extract_frames(): write() returned. Written 6/6 bytes of frame to /dev/pts/14
04-20 15:40:39.853630   720   727 I RILC-MTK: RIL_CMD_PROXY_1 wakeup
04-20 15:40:39.853639   560   706 D RILMUXD : [gsm0710muxd] 2408:extract_frames(): fsync() failed (-1, 22 - Invalid argument)
04-20 15:40:39.853688   720   735 I RILC-MTK: RIL_ATCI2_PROXY wakeup
04-20 15:40:39.853751   720   735 I RILC-MTK: RIL_ATCI2_PROXY sleep
04-20 15:40:39.853800   720   747 I AT      : AT read end: 6
04-20 15:40:39.853822  1576  1576 D GsmSST  : [GsmSST0] updateAllOpertorInfo with realPlmn:null
04-20 15:40:39.853849   720   730 I RILC-MTK: RIL_URC2_PROXY wakeup
04-20 15:40:39.853858   720   747 D AT      : AT< OK
04-20 15:40:39.853903   720   733 I RILC-MTK: RIL_CMD2_PROXY_1 wakeup
04-20 15:40:39.853917   720   747 D AT      : RIL_CMD2_READER_1 Enter processLine:OK
04-20 15:40:39.853993   720   733 I RILC-MTK: RIL_CMD2_PROXY_1 sleep
04-20 15:40:39.854000   720   747 I AT      : AT read start
04-20 15:40:39.854128   720   729 I RILC-MTK: RIL_ATCI_PROXY sleep
04-20 15:40:39.854259   720   727 I RILC-MTK: RIL_CMD_PROXY_1 sleep
04-20 15:40:39.854371   720   730 I RILC-MTK: RIL_URC2_PROXY sleep
04-20 15:40:39.854545   720   736 D RILC-MTK: 1:DATA_REGISTRATION_STATE pRI=0x7f9644c360 p=0x7f96456e70 is queued in RIL_CMD_PROXY_3
04-20 15:40:39.854667   720   736 D RILC-MTK: **** the last executed cmd for RIL_CMD_PROXY_3 is OPERATOR ****
04-20 15:40:39.854746   720   736 D RILC-MTK: Request pRI=0x7f9644c7e0 to RIL_CMD_PROXY_3 is busy. total:2 requests pending
04-20 15:40:39.854773   720   731 D AT      : response received on RIL_CMD2_READER_1, tid:547971171392
04-20 15:40:39.854821   560   706 D RILMUXD : [gsm0710muxd] 1643:gsm0710_base_buffer_get_frame(): Get a complete frame. ch:3, ctrl:239, len:24
04-20 15:40:39.854881   720   736 D RILC    : SOCKET RIL_SOCKET_1 REQUEST: QUERY_NETWORK_SELECTION_MODE length:8
04-20 15:40:39.854901   560   706 D RILMUXD : [gsm0710muxd] 2383:extract_frames(): Writing 24 byte frame received on channel 3 to /dev/pts/8
04-20 15:40:39.854914   720   732 I RILC-MTK: RIL_CMD2_PROXY_2 wakeup
04-20 15:40:39.854978   720   732 I RILC-MTK: RIL_CMD2_PROXY_2 sleep
04-20 15:40:39.855018   560   706 D RILMUXD : [gsm0710muxd] 2403:extract_frames(): write() returned. Written 24/24 bytes of frame to /dev/pts/8
04-20 15:40:39.855079  1576  1576 D GsmSST  : [GsmSST0] handleMessage msg done
04-20 15:40:39.855108   560   706 D RILMUXD : [gsm0710muxd] 2408:extract_frames(): fsync() failed (-1, 22 - Invalid argument)
04-20 15:40:39.855189   560   706 D RILMUXD : [gsm0710muxd] 1643:gsm0710_base_buffer_get_frame(): Get a complete frame. ch:3, ctrl:239, len:6
04-20 15:40:39.855257   560   706 D RILMUXD : [gsm0710muxd] 2383:extract_frames(): Writing 6 byte frame received on channel 3 to /dev/pts/8
04-20 15:40:39.855375   560   706 D RILMUXD : [gsm0710muxd] 2403:extract_frames(): write() returned. Written 6/6 bytes of frame to /dev/pts/8
04-20 15:40:39.855444   560   706 D RILMUXD : [gsm0710muxd] 2408:extract_frames(): fsync() failed (-1, 22 - Invalid argument)
04-20 15:40:39.855608   720   736 I RILC-MTK: create request 45: pRequest=0x7f964526a0, pRI=0x7f9644c870, p=0x7f96456fc0, pUCI=0x0
04-20 15:40:39.855804  1576  1576 W GSMPhone: received broadcast com.android.ims.IMS_STATE_CHANGED
04-20 15:40:39.856011  1576  1576 D GSMPhone: onReceive ACTION_IMS_STATE_CHANGED: reg=1, SimID=0
04-20 15:40:39.856493  1576  1576 W GSMPhone: received broadcast com.android.ims.IMS_STATE_CHANGED
04-20 15:40:39.856679  1576  1576 D GSMPhone: onReceive ACTION_IMS_STATE_CHANGED: reg=1, SimID=0
04-20 15:40:39.856931  1576  1576 D GsmSST  : [GsmSST0] handle EVENT_SIGNAL_STRENGTH_UPDATE
04-20 15:40:39.857145  1576  1576 D GsmSST  : [GsmSST0] onSignalStrengthResult():  LastSignalStrength=SignalStrength: 14 30 -120 -160 -2 0 -1 99 2147483647 -2147483647 2147483647 2147483647 2147483647 gsm|lte 1 -308 -37
04-20 15:40:39.857288  1576  1576 D GsmSST  : [GsmSST0] onSignalStrengthResult():new mSignalStrength=SignalStrength: 26 37 -120 -160 -2 0 -1 99 2147483647 -2147483647 2147483647 2147483647 2147483647 gsm|lte 1 -292 -23
04-20 15:40:39.857603  1576  1576 W SignalStrength: SignalStrength get plugin
04-20 15:40:39.857736  1576  1576 I use-Rlog/RLOG-GSM: getLTELevel - rsrp:2147483647 snr:2147483647 rsrpIconLevel:-1 snrIconLevel:-1
04-20 15:40:39.857824  1576  1576 I use-Rlog/RLOG-GSM: getLTELevel - rssi:99 rssiIconLevel:0
04-20 15:40:39.857913  1576  1576 W SignalStrength: SignalStrength get plugin
04-20 15:40:39.858012  1576  1576 I use-Rlog/RLOG-GSM:  asu: 26 gsmRscp: -73 out level: 4
04-20 15:40:39.858102  1576  1576 D GsmSST  : [GsmSST0] notifySignalStrength: mSignalStrength.getLevel=4
04-20 15:40:39.858245  1576  1576 D SubscriptionController: [getSubId]- sSlotIdxToSubId.size == 0, return DummySubIds slotIdx=0
04-20 15:40:39.858367  1576  1576 D SubscriptionController: getDummySubIds: slotIdx=0 return 2 DummySubIds with each subId=-2
04-20 15:40:39.858657  1576  1576 D DefaultPhoneNotifier: notifySignalStrength: mRegistry=com.android.internal.telephony.ITelephonyRegistry$Stub$Proxy@20f1708 ss=SignalStrength: 26 37 -120 -160 -2 0 -1 99 2147483647 -2147483647 2147483647 2147483647 2147483647 gsm|lte 1 -292 -23 sender=Handler (com.android.internal.telephony.gsm.GSMPhone) {e4ac408}
04-20 15:40:39.854887   720   731 D AT      : AT send on RIL_CMD2_READER_1, tid:547971171392
04-20 15:40:39.855458   720   734 I RILC-MTK: RIL_CMD2_PROXY_4 sleep
04-20 15:40:39.855608   720   741 I AT      : AT read end: 30
04-20 15:40:39.859218   720   731 D AT      : AT> AT+ECSQ
04-20 15:40:39.859279   720   731 I AT      : AT write start
04-20 15:40:39.859774   560   716 D RILMUXD : [gsm0710muxd] 3614:poll_thread(): poll_thread select found
04-20 15:40:39.859868   560   716 D RILMUXD : [gsm0710muxd] 1045:pseudo_device_read(): Enter, LackofAtciChannel=0
04-20 15:40:39.859947   560   716 D RILMUXD : [gsm0710muxd] 657:write_frame(): Sending frame to channel 8
04-20 15:40:39.860068   560   716 D RILMUXD : [gsm0710muxd] 766:write_frame(): Write a frame on channel 8 with length 8
04-20 15:40:39.860850   720   741 D AT      : AT< +EOPS: 0,2,"46001",0
04-20 15:40:39.860910   720   741 D AT      : RIL_CMD_READER_1 Enter processLine:+EOPS: 0,2,"46001",0
04-20 15:40:39.860970   720   741 D AT      : AT< OK
04-20 15:40:39.861024   720   741 D AT      : RIL_CMD_READER_1 Enter processLine:OK
04-20 15:40:39.861102   720   741 I AT      : AT read start
04-20 15:40:39.861308   720   725 D AT      : response received on RIL_CMD_READER_1, tid:547977413696
04-20 15:40:39.861376   720   725 D RIL     : EOPS Get operator code 46001
04-20 15:40:39.861526   964  8871 D TelephonyRegistry: notifySignalStrengthForSubscriber: subId=-2 signalStrength=SignalStrength: 26 37 -120 -160 -2 0 -1 99 2147483647 -2147483647 2147483647 2147483647 2147483647 gsm|lte 1 -292 -23
04-20 15:40:39.861534   720   736 D RILC-MTK: 1:DATA_REGISTRATION_STATE pRI=0x7f9644c360 p=0x7f96456e70 is queued in RIL_CMD_PROXY_3
04-20 15:40:39.861623   720   725 D RILC    : RequestComplete, RIL_SOCKET_1
04-20 15:40:39.861699   720   725 E RILC    : Send Response to RIL_SOCKET_1
04-20 15:40:39.861837   720   725 D RILC-MTK: proxyLoop free  pRI=0x7f9644c210 p=0x7f96456cb0 
04-20 15:40:39.861902   720   725 D RILC-MTK: proxyLoop free  pRequest=0x7f96452560
04-20 15:40:39.862062   720   736 D RILC-MTK: 2:VOICE_REGISTRATION_STATE pRI=0x7f9644c7e0 p=0x7f96456f50 is queued in RIL_CMD_PROXY_3
04-20 15:40:39.862119   720   736 D RILC-MTK: **** the last executed cmd for RIL_CMD_PROXY_3 is OPERATOR ****
04-20 15:40:39.862186   964  8871 D TelephonyRegistry: notifySignalStrengthForSubscriber: logSSC.length=5 next=3
04-20 15:40:39.862198   720   736 D RILC-MTK: Request pRI=0x7f9644c870 to RIL_CMD_PROXY_3 is busy. total:3 requests pending
04-20 15:40:39.862342   720   725 D RILC-MTK: proxy id:1, proxyName: RIL_CMD_PROXY_3
04-20 15:40:39.862400   720   725 D RILC-MTK: DATA_REGISTRATION_STATE pRI=0x7f9644c360 p=0x7f96456e70 execute on RIL_CMD_PROXY_3 using channel 1
04-20 15:40:39.862454   720   725 D RILC    : callOnRequest for new vendor ril
04-20 15:40:39.862511   720   725 D RIL     : onRequest: DATA_REGISTRATION_STATE, datalen = 0
04-20 15:40:39.862560   720   725 D RIL     : radioState:10
04-20 15:40:39.862629   720   725 D AT      : AT send on RIL_CMD_READER_1, tid:547977413696
04-20 15:40:39.862684   720   725 D AT      : AT> AT+CGREG?
04-20 15:40:39.862731   720   725 I AT      : AT write start
04-20 15:40:39.863949  1576  1807 D RILJ    : [4489]< OPERATOR {46001} [SUB0]
04-20 15:40:39.864333   964  8871 D TelephonyRegistry: notifyServiceStateForSubscriber Time 20160420T153355Asia/Shanghai(3,110,28800,0,1461137635) mSubId -2 mPhoneId 0  mState 1 1 voice home data home null null null null null null  Unknown Unknown CSS not supported 0 0 RoamInd=-1 DefRoamInd=-1 EmergOnly=true Ril Voice Regist state: 10 Ril Data Regist state: 0 mProprietaryDataRadioTechnology: 0 VoiceRejectCause: -1 DataRejectCause: -1 mCdmaNetWorkMode: 0 IsDataRoamingFromRegistration=false
04-20 15:40:39.866399   964  8871 D TelephonyRegistry: notifyServiceStateForSubscriber Time 20160420T153357Asia/Shanghai(3,110,28800,0,1461137637) mSubId -2 mPhoneId 0  mState 1 1 voice home data home null null null null null null  Unknown Unknown CSS not supported -1 -1 RoamInd=-1 DefRoamInd=-1 EmergOnly=true Ril Voice Regist state: 10 Ril Data Regist state: 0 mProprietaryDataRadioTechnology: 0 VoiceRejectCause: -1 DataRejectCause: -1 mCdmaNetWorkMode: 0 IsDataRoamingFromRegistration=false
04-20 15:40:39.867643   560   706 D RILMUXD : [gsm0710muxd] 1643:gsm0710_base_buffer_get_frame(): Get a complete frame. ch:8, ctrl:239, len:36
04-20 15:40:39.867739   560   706 D RILMUXD : [gsm0710muxd] 2383:extract_frames(): Writing 36 byte frame received on channel 8 to /dev/pts/14
