04-20 15:39:32.451287   720   740 D RILC    : [MAL_AT] data sent to rild-mal-at is '+ESMCI: "46001",1,2'
04-20 15:39:32.451414   720   740 D RILC    : internalRequestTimedCallback malloc p_info: 0x7f94583120
04-20 15:39:32.451476   720   740 D RILC    : internalRequestTimedCallback malloc p_info->event: 0x7f94583130
04-20 15:39:32.451575   720   740 D RIL     : Nw URC:+ESMCI: "46001",1,2
04-20 15:39:32.451639   720   740 D RIL     : OEM URC:+ESMCI: "46001",1,2
04-20 15:39:32.454234   720   740 D RIL     : onSwitchModemCauseInformation, delay information: "46001",1,2
04-20 15:39:32.454314   720   740 I AT      : AT read start
04-20 15:39:32.821628   720   736 I RILC    : NUMBER:1
04-20 15:39:32.821704   720   736 I RILC    : arg len:14
04-20 15:39:32.821772   720   736 I RILC    : ARGS[0]:THERMAL,0,-1
04-20 15:39:32.821916   720   736 D RILC    : C[locl]> QUERY_MODEM_THERMAL
04-20 15:39:32.821997   720   736 D RILC-MTK: QUERY_MODEM_THERMAL pRI=0x7f9644c600 p=0x7f964563f0 dispatched to RIL_CMD_PROXY_1
04-20 15:39:32.822301   720   731 I RILC-MTK: RIL_CMD2_PROXY_3 wakeup
04-20 15:39:32.822354   720   731 I RILC-MTK: RIL_CMD2_PROXY_3 sleep
04-20 15:39:32.822427   720   730 I RILC-MTK: RIL_URC2_PROXY wakeup
04-20 15:39:32.822477   720   730 I RILC-MTK: RIL_URC2_PROXY sleep
04-20 15:39:32.822549   720   726 I RILC-MTK: RIL_CMD_PROXY_2 wakeup
04-20 15:39:32.822599   720   726 I RILC-MTK: RIL_CMD_PROXY_2 sleep
04-20 15:39:32.822677   720   728 I RILC-MTK: RIL_CMD_PROXY_4 wakeup
04-20 15:39:32.822729   720   728 I RILC-MTK: RIL_CMD_PROXY_4 sleep
04-20 15:39:32.822801   720   729 I RILC-MTK: RIL_ATCI_PROXY wakeup
04-20 15:39:32.822850   720   729 I RILC-MTK: RIL_ATCI_PROXY sleep
04-20 15:39:32.822920   720   734 I RILC-MTK: RIL_CMD2_PROXY_4 wakeup
04-20 15:39:32.822972   720   734 I RILC-MTK: RIL_CMD2_PROXY_4 sleep
04-20 15:39:32.823044   720   733 I RILC-MTK: RIL_CMD2_PROXY_1 wakeup
04-20 15:39:32.823094   720   733 I RILC-MTK: RIL_CMD2_PROXY_1 sleep
04-20 15:39:32.823164   720   732 I RILC-MTK: RIL_CMD2_PROXY_2 wakeup
04-20 15:39:32.823216   720   732 I RILC-MTK: RIL_CMD2_PROXY_2 sleep
04-20 15:39:32.823286   720   735 I RILC-MTK: RIL_ATCI2_PROXY wakeup
04-20 15:39:32.823335   720   735 I RILC-MTK: RIL_ATCI2_PROXY sleep
04-20 15:39:32.823409   720   724 I RILC-MTK: RIL_URC_PROXY wakeup
04-20 15:39:32.823460   720   724 I RILC-MTK: RIL_URC_PROXY sleep
04-20 15:39:32.823530   720   725 I RILC-MTK: RIL_CMD_PROXY_3 wakeup
04-20 15:39:32.823580   720   725 I RILC-MTK: RIL_CMD_PROXY_3 sleep
04-20 15:39:32.823654   720   727 I RILC-MTK: RIL_CMD_PROXY_1 wakeup
04-20 15:39:32.823711   720   727 D RILC-MTK: proxy id:3, proxyName: RIL_CMD_PROXY_1
04-20 15:39:32.823768   720   727 D RILC-MTK: QUERY_MODEM_THERMAL pRI=0x7f9644c600 p=0x7f964563f0 execute on RIL_CMD_PROXY_1 using channel 3
04-20 15:39:32.823827   720   727 D RILC    : callOnRequest for new vendor ril
04-20 15:39:32.823881   720   727 D RIL     : onRequest: QUERY_MODEM_THERMAL, datalen = 8
04-20 15:39:32.823930   720   727 D RIL     : radioState:10
04-20 15:39:32.823990   720   727 D RIL     : requestQueryThermal Enter,-1
04-20 15:39:32.824052   720   727 D AT      : getRILChannelCtx subsystem:1, rid:0 channelOffset:0
04-20 15:39:32.824106   720   727 D AT      : AT send on RIL_CMD_READER_3, tid:547975332928
04-20 15:39:32.824157   720   727 D AT      : AT> AT+ETHERMAL
04-20 15:39:32.824206   720   727 I AT      : AT write start
04-20 15:39:32.824413   560   712 D RILMUXD : [gsm0710muxd] 3614:poll_thread(): poll_thread select found
04-20 15:39:32.824483   560   712 D RILMUXD : [gsm0710muxd] 1045:pseudo_device_read(): Enter, LackofAtciChannel=0
04-20 15:39:32.824554   560   712 D RILMUXD : [gsm0710muxd] 657:write_frame(): Sending frame to channel 5
04-20 15:39:32.824705   560   712 D RILMUXD : [gsm0710muxd] 766:write_frame(): Write a frame on channel 5 with length 12
04-20 15:39:32.832129   560   706 D RILMUXD : [gsm0710muxd] 1643:gsm0710_base_buffer_get_frame(): Get a complete frame. ch:5, ctrl:239, len:44
04-20 15:39:32.832224   560   706 D RILMUXD : [gsm0710muxd] 2383:extract_frames(): Writing 44 byte frame received on channel 5 to /dev/pts/10
04-20 15:39:32.832467   560   706 D RILMUXD : [gsm0710muxd] 2403:extract_frames(): write() returned. Written 44/44 bytes of frame to /dev/pts/10
04-20 15:39:32.832532   560   706 D RILMUXD : [gsm0710muxd] 2408:extract_frames(): fsync() failed (-1, 22 - Invalid argument)
04-20 15:39:32.832600   560   706 D RILMUXD : [gsm0710muxd] 1643:gsm0710_base_buffer_get_frame(): Get a complete frame. ch:5, ctrl:239, len:6
04-20 15:39:32.832661   560   706 D RILMUXD : [gsm0710muxd] 2383:extract_frames(): Writing 6 byte frame received on channel 5 to /dev/pts/10
04-20 15:39:32.832733   560   706 D RILMUXD : [gsm0710muxd] 2403:extract_frames(): write() returned. Written 6/6 bytes of frame to /dev/pts/10
04-20 15:39:32.832792   560   706 D RILMUXD : [gsm0710muxd] 2408:extract_frames(): fsync() failed (-1, 22 - Invalid argument)
04-20 15:39:32.832932   720   743 I AT      : AT read end: 50
04-20 15:39:32.832990   720   743 D AT      : AT< +ETHERMAL: 2, 32767, -127, -1, 32767, 18
04-20 15:39:32.833045   720   743 D AT      : RIL_CMD_READER_3 Enter processLine:+ETHERMAL: 2, 32767, -127, -1, 32767, 18
04-20 15:39:32.833100   720   743 D AT      : AT< OK
04-20 15:39:32.833151   720   743 D AT      : RIL_CMD_READER_3 Enter processLine:OK
04-20 15:39:32.833231   720   743 I AT      : AT read start
04-20 15:39:32.833322   720   727 D AT      : response received on RIL_CMD_READER_3, tid:547975332928
04-20 15:39:32.833376   720   727 D RIL     : requestQueryThermal success
04-20 15:39:32.833429   720   727 D RILC    : RequestComplete, RIL_SOCKET_1
04-20 15:39:32.833485   720   727 D RILC    : [THERMAL] local request for THERMAL returned 
04-20 15:39:32.833548   720   727 D RILC    : [THERMAL] s_THERMAL_fd is valid strResult is  2, 32767, -127, -1, 32767, 18
04-20 15:39:32.833649   720   727 D RILC-MTK: proxyLoop free  pRI=0x7f9644c600 p=0x7f964563f0 
04-20 15:39:32.833716   720   727 D RILC-MTK: proxyLoop free  pRequest=0x7f96452400
04-20 15:39:32.833767   720   727 I RILC-MTK: RIL_CMD_PROXY_1 sleep
04-20 15:39:33.021560   560   560 D RILMUXD : [gsm0710muxd] 3897:main(): Frames received/dropped: 6886/0
04-20 15:39:33.452308   720   736 D RILC    : s_last_wake_timeout_info: 0x7f94583120 reset to NULL
04-20 15:39:33.452398   720   736 D RILC    : userTimerCallback free  p_info: 0x7f94583120
04-20 15:39:33.452453   720   736 D RILC    : userTimerCallback free  p_info->event: 0x7f94583130
04-20 15:39:38.021808   560   560 D RILMUXD : [gsm0710muxd] 3897:main(): Frames received/dropped: 6886/0
04-20 15:39:41.686585  1576  1576 D FdManager: [GDCT][phoneId0]onReceive: action=android.intent.action.BATTERY_CHANGED
04-20 15:39:41.698804  1576  1576 D FdManager: [GDCT][phoneId1]onReceive: action=android.intent.action.BATTERY_CHANGED
04-20 15:39:42.841399   720   736 I RILC    : NUMBER:1
04-20 15:39:42.841474   720   736 I RILC    : arg len:14
04-20 15:39:42.841541   720   736 I RILC    : ARGS[0]:THERMAL,0,-1
04-20 15:39:42.841686   720   736 D RILC    : C[locl]> QUERY_MODEM_THERMAL
04-20 15:39:42.841765   720   736 D RILC-MTK: QUERY_MODEM_THERMAL pRI=0x7f9644c210 p=0x7f96456460 dispatched to RIL_CMD_PROXY_1
04-20 15:39:42.842063   720   731 I RILC-MTK: RIL_CMD2_PROXY_3 wakeup
04-20 15:39:42.842118   720   731 I RILC-MTK: RIL_CMD2_PROXY_3 sleep
04-20 15:39:42.842190   720   730 I RILC-MTK: RIL_URC2_PROXY wakeup
04-20 15:39:42.842241   720   730 I RILC-MTK: RIL_URC2_PROXY sleep
04-20 15:39:42.842320   720   726 I RILC-MTK: RIL_CMD_PROXY_2 wakeup
04-20 15:39:42.842372   720   726 I RILC-MTK: RIL_CMD_PROXY_2 sleep
04-20 15:39:42.842443   720   728 I RILC-MTK: RIL_CMD_PROXY_4 wakeup
04-20 15:39:42.842493   720   728 I RILC-MTK: RIL_CMD_PROXY_4 sleep
04-20 15:39:42.842564   720   729 I RILC-MTK: RIL_ATCI_PROXY wakeup
04-20 15:39:42.842615   720   729 I RILC-MTK: RIL_ATCI_PROXY sleep
04-20 15:39:42.842685   720   734 I RILC-MTK: RIL_CMD2_PROXY_4 wakeup
04-20 15:39:42.842735   720   734 I RILC-MTK: RIL_CMD2_PROXY_4 sleep
04-20 15:39:42.842808   720   733 I RILC-MTK: RIL_CMD2_PROXY_1 wakeup
04-20 15:39:42.842859   720   733 I RILC-MTK: RIL_CMD2_PROXY_1 sleep
04-20 15:39:42.842932   720   732 I RILC-MTK: RIL_CMD2_PROXY_2 wakeup
04-20 15:39:42.842981   720   732 I RILC-MTK: RIL_CMD2_PROXY_2 sleep
04-20 15:39:42.843053   720   735 I RILC-MTK: RIL_ATCI2_PROXY wakeup
04-20 15:39:42.843103   720   735 I RILC-MTK: RIL_ATCI2_PROXY sleep
04-20 15:39:42.843174   720   724 I RILC-MTK: RIL_URC_PROXY wakeup
04-20 15:39:42.843222   720   724 I RILC-MTK: RIL_URC_PROXY sleep
04-20 15:39:42.843299   720   725 I RILC-MTK: RIL_CMD_PROXY_3 wakeup
04-20 15:39:42.843380   720   725 I RILC-MTK: RIL_CMD_PROXY_3 sleep
04-20 15:39:42.843455   720   727 I RILC-MTK: RIL_CMD_PROXY_1 wakeup
04-20 15:39:42.843511   720   727 D RILC-MTK: proxy id:3, proxyName: RIL_CMD_PROXY_1
04-20 15:39:42.843567   720   727 D RILC-MTK: QUERY_MODEM_THERMAL pRI=0x7f9644c210 p=0x7f96456460 execute on RIL_CMD_PROXY_1 using channel 3
04-20 15:39:42.843624   720   727 D RILC    : callOnRequest for new vendor ril
04-20 15:39:42.843682   720   727 D RIL     : onRequest: QUERY_MODEM_THERMAL, datalen = 8
04-20 15:39:42.843733   720   727 D RIL     : radioState:10
04-20 15:39:42.843794   720   727 D RIL     : requestQueryThermal Enter,-1
04-20 15:39:42.843858   720   727 D AT      : getRILChannelCtx subsystem:1, rid:0 channelOffset:0
04-20 15:39:42.843911   720   727 D AT      : AT send on RIL_CMD_READER_3, tid:547975332928
04-20 15:39:42.843962   720   727 D AT      : AT> AT+ETHERMAL
04-20 15:39:42.844011   720   727 I AT      : AT write start
04-20 15:39:42.845765   560   712 D RILMUXD : [gsm0710muxd] 3614:poll_thread(): poll_thread select found
04-20 15:39:42.845853   560   712 D RILMUXD : [gsm0710muxd] 1045:pseudo_device_read(): Enter, LackofAtciChannel=0
04-20 15:39:42.845928   560   712 D RILMUXD : [gsm0710muxd] 657:write_frame(): Sending frame to channel 5
04-20 15:39:42.846084   560   712 D RILMUXD : [gsm0710muxd] 766:write_frame(): Write a frame on channel 5 with length 12
04-20 15:39:42.853583   560   706 D RILMUXD : [gsm0710muxd] 1643:gsm0710_base_buffer_get_frame(): Get a complete frame. ch:5, ctrl:239, len:44
04-20 15:39:42.853821   560   706 D RILMUXD : [gsm0710muxd] 2383:extract_frames(): Writing 44 byte frame received on channel 5 to /dev/pts/10
04-20 15:39:42.853922   560   706 D RILMUXD : [gsm0710muxd] 2403:extract_frames(): write() returned. Written 44/44 bytes of frame to /dev/pts/10
04-20 15:39:42.853985   560   706 D RILMUXD : [gsm0710muxd] 2408:extract_frames(): fsync() failed (-1, 22 - Invalid argument)
04-20 15:39:42.854053   560   706 D RILMUXD : [gsm0710muxd] 1643:gsm0710_base_buffer_get_frame(): Get a complete frame. ch:5, ctrl:239, len:6
04-20 15:39:42.854115   560   706 D RILMUXD : [gsm0710muxd] 2383:extract_frames(): Writing 6 byte frame received on channel 5 to /dev/pts/10
04-20 15:39:42.854187   560   706 D RILMUXD : [gsm0710muxd] 2403:extract_frames(): write() returned. Written 6/6 bytes of frame to /dev/pts/10
04-20 15:39:42.854246   560   706 D RILMUXD : [gsm0710muxd] 2408:extract_frames(): fsync() failed (-1, 22 - Invalid argument)
04-20 15:39:42.854379   720   743 I AT      : AT read end: 50
04-20 15:39:42.854439   720   743 D AT      : AT< +ETHERMAL: 2, 32767, -127, -1, 32767, 18
04-20 15:39:42.854493   720   743 D AT      : RIL_CMD_READER_3 Enter processLine:+ETHERMAL: 2, 32767, -127, -1, 32767, 18
04-20 15:39:42.854553   720   743 D AT      : AT< OK
04-20 15:39:42.854606   720   743 D AT      : RIL_CMD_READER_3 Enter processLine:OK
04-20 15:39:42.854680   720   743 I AT      : AT read start
04-20 15:39:42.854783   720   727 D AT      : response received on RIL_CMD_READER_3, tid:547975332928
04-20 15:39:42.854837   720   727 D RIL     : requestQueryThermal success
04-20 15:39:42.854893   720   727 D RILC    : RequestComplete, RIL_SOCKET_1
04-20 15:39:42.854948   720   727 D RILC    : [THERMAL] local request for THERMAL returned 
04-20 15:39:42.855009   720   727 D RILC    : [THERMAL] s_THERMAL_fd is valid strResult is  2, 32767, -127, -1, 32767, 18
04-20 15:39:42.855118   720   727 D RILC-MTK: proxyLoop free  pRI=0x7f9644c210 p=0x7f96456460 
04-20 15:39:42.855181   720   727 D RILC-MTK: proxyLoop free  pRequest=0x7f96452520
04-20 15:39:42.855231   720   727 I RILC-MTK: RIL_CMD_PROXY_1 sleep
04-20 15:39:43.022037   560   560 D RILMUXD : [gsm0710muxd] 3897:main(): Frames received/dropped: 6888/0
04-20 15:39:48.022283   560   560 D RILMUXD : [gsm0710muxd] 3897:main(): Frames received/dropped: 6888/0
04-20 15:39:51.685535  1576  1576 D FdManager: [GDCT][phoneId0]onReceive: action=android.intent.action.BATTERY_CHANGED
04-20 15:39:51.690699  1576  1576 D FdManager: [GDCT][phoneId1]onReceive: action=android.intent.action.BATTERY_CHANGED
04-20 15:39:52.858279   720   736 I RILC    : NUMBER:1
04-20 15:39:52.858358   720   736 I RILC    : arg len:14
04-20 15:39:52.858464   720   736 I RILC    : ARGS[0]:THERMAL,0,-1
04-20 15:39:52.858608   720   736 D RILC    : C[locl]> QUERY_MODEM_THERMAL
04-20 15:39:52.858689   720   736 D RILC-MTK: QUERY_MODEM_THERMAL pRI=0x7f9644c360 p=0x7f964567e0 dispatched to RIL_CMD_PROXY_1
04-20 15:39:52.858991   720   731 I RILC-MTK: RIL_CMD2_PROXY_3 wakeup
04-20 15:39:52.859044   720   731 I RILC-MTK: RIL_CMD2_PROXY_3 sleep
04-20 15:39:52.859112   720   730 I RILC-MTK: RIL_URC2_PROXY wakeup
04-20 15:39:52.859164   720   730 I RILC-MTK: RIL_URC2_PROXY sleep
04-20 15:39:52.859236   720   726 I RILC-MTK: RIL_CMD_PROXY_2 wakeup
04-20 15:39:52.859287   720   726 I RILC-MTK: RIL_CMD_PROXY_2 sleep
04-20 15:39:52.859446   720   728 I RILC-MTK: RIL_CMD_PROXY_4 wakeup
04-20 15:39:52.859499   720   728 I RILC-MTK: RIL_CMD_PROXY_4 sleep
04-20 15:39:52.859575   720   729 I RILC-MTK: RIL_ATCI_PROXY wakeup
04-20 15:39:52.859627   720   729 I RILC-MTK: RIL_ATCI_PROXY sleep
04-20 15:39:52.859699   720   734 I RILC-MTK: RIL_CMD2_PROXY_4 wakeup
04-20 15:39:52.859749   720   734 I RILC-MTK: RIL_CMD2_PROXY_4 sleep
04-20 15:39:52.859820   720   733 I RILC-MTK: RIL_CMD2_PROXY_1 wakeup
04-20 15:39:52.859871   720   733 I RILC-MTK: RIL_CMD2_PROXY_1 sleep
04-20 15:39:52.859942   720   732 I RILC-MTK: RIL_CMD2_PROXY_2 wakeup
04-20 15:39:52.859992   720   732 I RILC-MTK: RIL_CMD2_PROXY_2 sleep
04-20 15:39:52.860063   720   735 I RILC-MTK: RIL_ATCI2_PROXY wakeup
04-20 15:39:52.860113   720   735 I RILC-MTK: RIL_ATCI2_PROXY sleep
04-20 15:39:52.860184   720   724 I RILC-MTK: RIL_URC_PROXY wakeup
04-20 15:39:52.860235   720   724 I RILC-MTK: RIL_URC_PROXY sleep
04-20 15:39:52.860309   720   725 I RILC-MTK: RIL_CMD_PROXY_3 wakeup
04-20 15:39:52.860360   720   725 I RILC-MTK: RIL_CMD_PROXY_3 sleep
04-20 15:39:52.860430   720   727 I RILC-MTK: RIL_CMD_PROXY_1 wakeup
04-20 15:39:52.860484   720   727 D RILC-MTK: proxy id:3, proxyName: RIL_CMD_PROXY_1
04-20 15:39:52.860543   720   727 D RILC-MTK: QUERY_MODEM_THERMAL pRI=0x7f9644c360 p=0x7f964567e0 execute on RIL_CMD_PROXY_1 using channel 3
04-20 15:39:52.860601   720   727 D RILC    : callOnRequest for new vendor ril
04-20 15:39:52.860656   720   727 D RIL     : onRequest: QUERY_MODEM_THERMAL, datalen = 8
04-20 15:39:52.860706   720   727 D RIL     : radioState:10
04-20 15:39:52.860766   720   727 D RIL     : requestQueryThermal Enter,-1
04-20 15:39:52.860831   720   727 D AT      : getRILChannelCtx subsystem:1, rid:0 channelOffset:0
04-20 15:39:52.860884   720   727 D AT      : AT send on RIL_CMD_READER_3, tid:547975332928
04-20 15:39:52.860934   720   727 D AT      : AT> AT+ETHERMAL
04-20 15:39:52.860983   720   727 I AT      : AT write start
04-20 15:39:52.862359   560   712 D RILMUXD : [gsm0710muxd] 3614:poll_thread(): poll_thread select found
04-20 15:39:52.862430   560   712 D RILMUXD : [gsm0710muxd] 1045:pseudo_device_read(): Enter, LackofAtciChannel=0
04-20 15:39:52.862504   560   712 D RILMUXD : [gsm0710muxd] 657:write_frame(): Sending frame to channel 5
04-20 15:39:52.862656   560   712 D RILMUXD : [gsm0710muxd] 766:write_frame(): Write a frame on channel 5 with length 12
04-20 15:39:52.870065   560   706 D RILMUXD : [gsm0710muxd] 1643:gsm0710_base_buffer_get_frame(): Get a complete frame. ch:5, ctrl:239, len:44
04-20 15:39:52.870157   560   706 D RILMUXD : [gsm0710muxd] 2383:extract_frames(): Writing 44 byte frame received on channel 5 to /dev/pts/10
04-20 15:39:52.870398   560   706 D RILMUXD : [gsm0710muxd] 2403:extract_frames(): write() returned. Written 44/44 bytes of frame to /dev/pts/10
04-20 15:39:52.870463   560   706 D RILMUXD : [gsm0710muxd] 2408:extract_frames(): fsync() failed (-1, 22 - Invalid argument)
04-20 15:39:52.870531   560   706 D RILMUXD : [gsm0710muxd] 1643:gsm0710_base_buffer_get_frame(): Get a complete frame. ch:5, ctrl:239, len:6
04-20 15:39:52.870595   560   706 D RILMUXD : [gsm0710muxd] 2383:extract_frames(): Writing 6 byte frame received on channel 5 to /dev/pts/10
04-20 15:39:52.870666   560   706 D RILMUXD : [gsm0710muxd] 2403:extract_frames(): write() returned. Written 6/6 bytes of frame to /dev/pts/10
04-20 15:39:52.870725   560   706 D RILMUXD : [gsm0710muxd] 2408:extract_frames(): fsync() failed (-1, 22 - Invalid argument)
04-20 15:39:52.870864   720   743 I AT      : AT read end: 50
04-20 15:39:52.870924   720   743 D AT      : AT< +ETHERMAL: 2, 32767, -127, -1, 32767, 18
04-20 15:39:52.870978   720   743 D AT      : RIL_CMD_READER_3 Enter processLine:+ETHERMAL: 2, 32767, -127, -1, 32767, 18
04-20 15:39:52.871033   720   743 D AT      : AT< OK
04-20 15:39:52.871084   720   743 D AT      : RIL_CMD_READER_3 Enter processLine:OK
04-20 15:39:52.871167   720   743 I AT      : AT read start
04-20 15:39:52.871259   720   727 D AT      : response received on RIL_CMD_READER_3, tid:547975332928
04-20 15:39:52.871313   720   727 D RIL     : requestQueryThermal success
04-20 15:39:52.871367   720   727 D RILC    : RequestComplete, RIL_SOCKET_1
04-20 15:39:52.871422   720   727 D RILC    : [THERMAL] local request for THERMAL returned 
04-20 15:39:52.871484   720   727 D RILC    : [THERMAL] s_THERMAL_fd is valid strResult is  2, 32767, -127, -1, 32767, 18
04-20 15:39:52.871589   720   727 D RILC-MTK: proxyLoop free  pRI=0x7f9644c360 p=0x7f964567e0 
04-20 15:39:52.871653   720   727 D RILC-MTK: proxyLoop free  pRequest=0x7f96452560
04-20 15:39:52.871706   720   727 I RILC-MTK: RIL_CMD_PROXY_1 sleep
04-20 15:39:53.022515   560   560 D RILMUXD : [gsm0710muxd] 3897:main(): Frames received/dropped: 6890/0
04-20 15:39:58.022757   560   560 D RILMUXD : [gsm0710muxd] 3897:main(): Frames received/dropped: 6890/0
04-20 15:40:01.694955  1576  1576 D FdManager: [GDCT][phoneId0]onReceive: action=android.intent.action.BATTERY_CHANGED
04-20 15:40:01.700107  1576  1576 D FdManager: [GDCT][phoneId1]onReceive: action=android.intent.action.BATTERY_CHANGED
04-20 15:40:02.879012   720   736 I RILC    : NUMBER:1
04-20 15:40:02.879089   720   736 I RILC    : arg len:14
04-20 15:40:02.879158   720   736 I RILC    : ARGS[0]:THERMAL,0,-1
04-20 15:40:02.879299   720   736 D RILC    : C[locl]> QUERY_MODEM_THERMAL
04-20 15:40:02.879852   720   736 D RILC-MTK: QUERY_MODEM_THERMAL pRI=0x7f9644c3f0 p=0x7f964568c0 dispatched to RIL_CMD_PROXY_1
04-20 15:40:02.880154   720   731 I RILC-MTK: RIL_CMD2_PROXY_3 wakeup
04-20 15:40:02.880209   720   731 I RILC-MTK: RIL_CMD2_PROXY_3 sleep
04-20 15:40:02.880283   720   730 I RILC-MTK: RIL_URC2_PROXY wakeup
04-20 15:40:02.880333   720   730 I RILC-MTK: RIL_URC2_PROXY sleep
04-20 15:40:02.880406   720   726 I RILC-MTK: RIL_CMD_PROXY_2 wakeup
04-20 15:40:02.880457   720   726 I RILC-MTK: RIL_CMD_PROXY_2 sleep
04-20 15:40:02.880528   720   728 I RILC-MTK: RIL_CMD_PROXY_4 wakeup
04-20 15:40:02.880578   720   728 I RILC-MTK: RIL_CMD_PROXY_4 sleep
04-20 15:40:02.880647   720   729 I RILC-MTK: RIL_ATCI_PROXY wakeup
04-20 15:40:02.880699   720   729 I RILC-MTK: RIL_ATCI_PROXY sleep
04-20 15:40:02.880768   720   734 I RILC-MTK: RIL_CMD2_PROXY_4 wakeup
04-20 15:40:02.880819   720   734 I RILC-MTK: RIL_CMD2_PROXY_4 sleep
04-20 15:40:02.880901   720   733 I RILC-MTK: RIL_CMD2_PROXY_1 wakeup
04-20 15:40:02.880951   720   733 I RILC-MTK: RIL_CMD2_PROXY_1 sleep
04-20 15:40:02.881022   720   732 I RILC-MTK: RIL_CMD2_PROXY_2 wakeup
04-20 15:40:02.881072   720   732 I RILC-MTK: RIL_CMD2_PROXY_2 sleep
04-20 15:40:02.881143   720   735 I RILC-MTK: RIL_ATCI2_PROXY wakeup
04-20 15:40:02.881195   720   735 I RILC-MTK: RIL_ATCI2_PROXY sleep
04-20 15:40:02.881267   720   724 I RILC-MTK: RIL_URC_PROXY wakeup
04-20 15:40:02.881317   720   724 I RILC-MTK: RIL_URC_PROXY sleep
04-20 15:40:02.881392   720   725 I RILC-MTK: RIL_CMD_PROXY_3 wakeup
04-20 15:40:02.881442   720   725 I RILC-MTK: RIL_CMD_PROXY_3 sleep
04-20 15:40:02.881512   720   727 I RILC-MTK: RIL_CMD_PROXY_1 wakeup
04-20 15:40:02.881566   720   727 D RILC-MTK: proxy id:3, proxyName: RIL_CMD_PROXY_1
04-20 15:40:02.881622   720   727 D RILC-MTK: QUERY_MODEM_THERMAL pRI=0x7f9644c3f0 p=0x7f964568c0 execute on RIL_CMD_PROXY_1 using channel 3
04-20 15:40:02.881682   720   727 D RILC    : callOnRequest for new vendor ril
04-20 15:40:02.881737   720   727 D RIL     : onRequest: QUERY_MODEM_THERMAL, datalen = 8
04-20 15:40:02.881788   720   727 D RIL     : radioState:10
04-20 15:40:02.881849   720   727 D RIL     : requestQueryThermal Enter,-1
04-20 15:40:02.881912   720   727 D AT      : getRILChannelCtx subsystem:1, rid:0 channelOffset:0
04-20 15:40:02.881965   720   727 D AT      : AT send on RIL_CMD_READER_3, tid:547975332928
04-20 15:40:02.882017   720   727 D AT      : AT> AT+ETHERMAL
04-20 15:40:02.882064   720   727 I AT      : AT write start
04-20 15:40:02.883837   560   712 D RILMUXD : [gsm0710muxd] 3614:poll_thread(): poll_thread select found
04-20 15:40:02.883927   560   712 D RILMUXD : [gsm0710muxd] 1045:pseudo_device_read(): Enter, LackofAtciChannel=0
04-20 15:40:02.884001   560   712 D RILMUXD : [gsm0710muxd] 657:write_frame(): Sending frame to channel 5
04-20 15:40:02.884152   560   712 D RILMUXD : [gsm0710muxd] 766:write_frame(): Write a frame on channel 5 with length 12
04-20 15:40:02.891649   560   706 D RILMUXD : [gsm0710muxd] 1643:gsm0710_base_buffer_get_frame(): Get a complete frame. ch:5, ctrl:239, len:44
04-20 15:40:02.891738   560   706 D RILMUXD : [gsm0710muxd] 2383:extract_frames(): Writing 44 byte frame received on channel 5 to /dev/pts/10
04-20 15:40:02.891974   560   706 D RILMUXD : [gsm0710muxd] 2403:extract_frames(): write() returned. Written 44/44 bytes of frame to /dev/pts/10
04-20 15:40:02.892039   560   706 D RILMUXD : [gsm0710muxd] 2408:extract_frames(): fsync() failed (-1, 22 - Invalid argument)
04-20 15:40:02.892106   560   706 D RILMUXD : [gsm0710muxd] 1643:gsm0710_base_buffer_get_frame(): Get a complete frame. ch:5, ctrl:239, len:6
04-20 15:40:02.892167   560   706 D RILMUXD : [gsm0710muxd] 2383:extract_frames(): Writing 6 byte frame received on channel 5 to /dev/pts/10
04-20 15:40:02.892238   560   706 D RILMUXD : [gsm0710muxd] 2403:extract_frames(): write() returned. Written 6/6 bytes of frame to /dev/pts/10
04-20 15:40:02.892297   560   706 D RILMUXD : [gsm0710muxd] 2408:extract_frames(): fsync() failed (-1, 22 - Invalid argument)
04-20 15:40:02.892441   720   743 I AT      : AT read end: 50
04-20 15:40:02.892501   720   743 D AT      : AT< +ETHERMAL: 2, 32767, -127, -1, 32767, 18
04-20 15:40:02.892555   720   743 D AT      : RIL_CMD_READER_3 Enter processLine:+ETHERMAL: 2, 32767, -127, -1, 32767, 18
04-20 15:40:02.892609   720   743 D AT      : AT< OK
04-20 15:40:02.892660   720   743 D AT      : RIL_CMD_READER_3 Enter processLine:OK
04-20 15:40:02.892736   720   743 I AT      : AT read start
04-20 15:40:02.892833   720   727 D AT      : response received on RIL_CMD_READER_3, tid:547975332928
04-20 15:40:02.892888   720   727 D RIL     : requestQueryThermal success
04-20 15:40:02.892941   720   727 D RILC    : RequestComplete, RIL_SOCKET_1
04-20 15:40:02.892997   720   727 D RILC    : [THERMAL] local request for THERMAL returned 
04-20 15:40:02.893061   720   727 D RILC    : [THERMAL] s_THERMAL_fd is valid strResult is  2, 32767, -127, -1, 32767, 18
04-20 15:40:02.893166   720   727 D RILC-MTK: proxyLoop free  pRI=0x7f9644c3f0 p=0x7f964568c0 
04-20 15:40:02.893228   720   727 D RILC-MTK: proxyLoop free  pRequest=0x7f96452640
04-20 15:40:02.893279   720   727 I RILC-MTK: RIL_CMD_PROXY_1 sleep
04-20 15:40:03.022987   560   560 D RILMUXD : [gsm0710muxd] 3897:main(): Frames received/dropped: 6892/0
04-20 15:40:08.023224   560   560 D RILMUXD : [gsm0710muxd] 3897:main(): Frames received/dropped: 6892/0
04-20 15:40:11.696267  1576  1576 D FdManager: [GDCT][phoneId0]onReceive: action=android.intent.action.BATTERY_CHANGED
04-20 15:40:11.702842  1576  1576 D FdManager: [GDCT][phoneId1]onReceive: action=android.intent.action.BATTERY_CHANGED
04-20 15:40:12.900576   720   736 I RILC    : NUMBER:1
04-20 15:40:12.900653   720   736 I RILC    : arg len:14
04-20 15:40:12.900720   720   736 I RILC    : ARGS[0]:THERMAL,0,-1
04-20 15:40:12.900862   720   736 D RILC    : C[locl]> QUERY_MODEM_THERMAL
04-20 15:40:12.900944   720   736 D RILC-MTK: QUERY_MODEM_THERMAL pRI=0x7f9644c720 p=0x7f96456850 dispatched to RIL_CMD_PROXY_1
04-20 15:40:12.901245   720   731 I RILC-MTK: RIL_CMD2_PROXY_3 wakeup
04-20 15:40:12.901297   720   731 I RILC-MTK: RIL_CMD2_PROXY_3 sleep
04-20 15:40:12.901365   720   730 I RILC-MTK: RIL_URC2_PROXY wakeup
04-20 15:40:12.901417   720   730 I RILC-MTK: RIL_URC2_PROXY sleep
04-20 15:40:12.901491   720   726 I RILC-MTK: RIL_CMD_PROXY_2 wakeup
04-20 15:40:12.901541   720   726 I RILC-MTK: RIL_CMD_PROXY_2 sleep
04-20 15:40:12.901608   720   728 I RILC-MTK: RIL_CMD_PROXY_4 wakeup
04-20 15:40:12.901656   720   728 I RILC-MTK: RIL_CMD_PROXY_4 sleep
04-20 15:40:12.901722   720   729 I RILC-MTK: RIL_ATCI_PROXY wakeup
04-20 15:40:12.901772   720   729 I RILC-MTK: RIL_ATCI_PROXY sleep
04-20 15:40:12.901843   720   734 I RILC-MTK: RIL_CMD2_PROXY_4 wakeup
04-20 15:40:12.901896   720   734 I RILC-MTK: RIL_CMD2_PROXY_4 sleep
04-20 15:40:12.901968   720   733 I RILC-MTK: RIL_CMD2_PROXY_1 wakeup
04-20 15:40:12.902019   720   733 I RILC-MTK: RIL_CMD2_PROXY_1 sleep
04-20 15:40:12.902097   720   732 I RILC-MTK: RIL_CMD2_PROXY_2 wakeup
04-20 15:40:12.902147   720   732 I RILC-MTK: RIL_CMD2_PROXY_2 sleep
04-20 15:40:12.902218   720   735 I RILC-MTK: RIL_ATCI2_PROXY wakeup
04-20 15:40:12.902269   720   735 I RILC-MTK: RIL_ATCI2_PROXY sleep
04-20 15:40:12.902343   720   724 I RILC-MTK: RIL_URC_PROXY wakeup
04-20 15:40:12.902393   720   724 I RILC-MTK: RIL_URC_PROXY sleep
04-20 15:40:12.902465   720   725 I RILC-MTK: RIL_CMD_PROXY_3 wakeup
04-20 15:40:12.902515   720   725 I RILC-MTK: RIL_CMD_PROXY_3 sleep
04-20 15:40:12.902586   720   727 I RILC-MTK: RIL_CMD_PROXY_1 wakeup
04-20 15:40:12.902642   720   727 D RILC-MTK: proxy id:3, proxyName: RIL_CMD_PROXY_1
04-20 15:40:12.902699   720   727 D RILC-MTK: QUERY_MODEM_THERMAL pRI=0x7f9644c720 p=0x7f96456850 execute on RIL_CMD_PROXY_1 using channel 3
04-20 15:40:12.902756   720   727 D RILC    : callOnRequest for new vendor ril
04-20 15:40:12.902811   720   727 D RIL     : onRequest: QUERY_MODEM_THERMAL, datalen = 8
04-20 15:40:12.902861   720   727 D RIL     : radioState:10
04-20 15:40:12.902922   720   727 D RIL     : requestQueryThermal Enter,-1
04-20 15:40:12.902985   720   727 D AT      : getRILChannelCtx subsystem:1, rid:0 channelOffset:0
04-20 15:40:12.903039   720   727 D AT      : AT send on RIL_CMD_READER_3, tid:547975332928
04-20 15:40:12.903091   720   727 D AT      : AT> AT+ETHERMAL
04-20 15:40:12.903138   720   727 I AT      : AT write start
04-20 15:40:12.903346   560   712 D RILMUXD : [gsm0710muxd] 3614:poll_thread(): poll_thread select found
04-20 15:40:12.903416   560   712 D RILMUXD : [gsm0710muxd] 1045:pseudo_device_read(): Enter, LackofAtciChannel=0
04-20 15:40:12.903491   560   712 D RILMUXD : [gsm0710muxd] 657:write_frame(): Sending frame to channel 5
04-20 15:40:12.903651   560   712 D RILMUXD : [gsm0710muxd] 766:write_frame(): Write a frame on channel 5 with length 12
04-20 15:40:12.911110   560   706 D RILMUXD : [gsm0710muxd] 1643:gsm0710_base_buffer_get_frame(): Get a complete frame. ch:5, ctrl:239, len:44
04-20 15:40:12.911361   560   706 D RILMUXD : [gsm0710muxd] 2383:extract_frames(): Writing 44 byte frame received on channel 5 to /dev/pts/10
04-20 15:40:12.911460   560   706 D RILMUXD : [gsm0710muxd] 2403:extract_frames(): write() returned. Written 44/44 bytes of frame to /dev/pts/10
04-20 15:40:12.911524   560   706 D RILMUXD : [gsm0710muxd] 2408:extract_frames(): fsync() failed (-1, 22 - Invalid argument)
04-20 15:40:12.911591   560   706 D RILMUXD : [gsm0710muxd] 1643:gsm0710_base_buffer_get_frame(): Get a complete frame. ch:5, ctrl:239, len:6
04-20 15:40:12.911656   560   706 D RILMUXD : [gsm0710muxd] 2383:extract_frames(): Writing 6 byte frame received on channel 5 to /dev/pts/10
04-20 15:40:12.911725   560   706 D RILMUXD : [gsm0710muxd] 2403:extract_frames(): write() returned. Written 6/6 bytes of frame to /dev/pts/10
04-20 15:40:12.911784   560   706 D RILMUXD : [gsm0710muxd] 2408:extract_frames(): fsync() failed (-1, 22 - Invalid argument)
04-20 15:40:12.911922   720   743 I AT      : AT read end: 50
04-20 15:40:12.911981   720   743 D AT      : AT< +ETHERMAL: 2, 32767, -127, -1, 32767, 18
04-20 15:40:12.912036   720   743 D AT      : RIL_CMD_READER_3 Enter processLine:+ETHERMAL: 2, 32767, -127, -1, 32767, 18
04-20 15:40:12.912090   720   743 D AT      : AT< OK
04-20 15:40:12.912141   720   743 D AT      : RIL_CMD_READER_3 Enter processLine:OK
04-20 15:40:12.912216   720   743 I AT      : AT read start
04-20 15:40:12.912312   720   727 D AT      : response received on RIL_CMD_READER_3, tid:547975332928
04-20 15:40:12.912366   720   727 D RIL     : requestQueryThermal success
04-20 15:40:12.912421   720   727 D RILC    : RequestComplete, RIL_SOCKET_1
04-20 15:40:12.912476   720   727 D RILC    : [THERMAL] local request for THERMAL returned 
04-20 15:40:12.912539   720   727 D RILC    : [THERMAL] s_THERMAL_fd is valid strResult is  2, 32767, -127, -1, 32767, 18
04-20 15:40:12.912647   720   727 D RILC-MTK: proxyLoop free  pRI=0x7f9644c720 p=0x7f96456850 
04-20 15:40:12.912714   720   727 D RILC-MTK: proxyLoop free  pRequest=0x7f96452280
04-20 15:40:12.912764   720   727 I RILC-MTK: RIL_CMD_PROXY_1 sleep
04-20 15:40:13.023448   560   560 D RILMUXD : [gsm0710muxd] 3897:main(): Frames received/dropped: 6894/0
04-20 15:40:18.023685   560   560 D RILMUXD : [gsm0710muxd] 3897:main(): Frames received/dropped: 6894/0
04-20 15:40:21.698815  1576  1576 D FdManager: [GDCT][phoneId0]onReceive: action=android.intent.action.BATTERY_CHANGED
04-20 15:40:21.700603  1576  1576 D FdManager: [GDCT][phoneId1]onReceive: action=android.intent.action.BATTERY_CHANGED
04-20 15:40:22.920307   720   736 I RILC    : NUMBER:1
04-20 15:40:22.920385   720   736 I RILC    : arg len:14
04-20 15:40:22.920453   720   736 I RILC    : ARGS[0]:THERMAL,0,-1
04-20 15:40:22.920597   720   736 D RILC    : C[locl]> QUERY_MODEM_THERMAL
04-20 15:40:22.920675   720   736 D RILC-MTK: QUERY_MODEM_THERMAL pRI=0x7f9644c2d0 p=0x7f96456a80 dispatched to RIL_CMD_PROXY_1
04-20 15:40:22.920972   720   731 I RILC-MTK: RIL_CMD2_PROXY_3 wakeup
04-20 15:40:22.921024   720   731 I RILC-MTK: RIL_CMD2_PROXY_3 sleep
04-20 15:40:22.921097   720   730 I RILC-MTK: RIL_URC2_PROXY wakeup
04-20 15:40:22.921151   720   730 I RILC-MTK: RIL_URC2_PROXY sleep
04-20 15:40:22.921218   720   726 I RILC-MTK: RIL_CMD_PROXY_2 wakeup
04-20 15:40:22.921269   720   726 I RILC-MTK: RIL_CMD_PROXY_2 sleep
04-20 15:40:22.921334   720   728 I RILC-MTK: RIL_CMD_PROXY_4 wakeup
04-20 15:40:22.921383   720   728 I RILC-MTK: RIL_CMD_PROXY_4 sleep
04-20 15:40:22.921458   720   729 I RILC-MTK: RIL_ATCI_PROXY wakeup
04-20 15:40:22.921509   720   729 I RILC-MTK: RIL_ATCI_PROXY sleep
04-20 15:40:22.921584   720   734 I RILC-MTK: RIL_CMD2_PROXY_4 wakeup
04-20 15:40:22.921633   720   734 I RILC-MTK: RIL_CMD2_PROXY_4 sleep
04-20 15:40:22.921710   720   733 I RILC-MTK: RIL_CMD2_PROXY_1 wakeup
04-20 15:40:22.921760   720   733 I RILC-MTK: RIL_CMD2_PROXY_1 sleep
04-20 15:40:22.921826   720   732 I RILC-MTK: RIL_CMD2_PROXY_2 wakeup
04-20 15:40:22.921878   720   732 I RILC-MTK: RIL_CMD2_PROXY_2 sleep
04-20 15:40:22.921954   720   735 I RILC-MTK: RIL_ATCI2_PROXY wakeup
04-20 15:40:22.922005   720   735 I RILC-MTK: RIL_ATCI2_PROXY sleep
04-20 15:40:22.922076   720   724 I RILC-MTK: RIL_URC_PROXY wakeup
04-20 15:40:22.922126   720   724 I RILC-MTK: RIL_URC_PROXY sleep
04-20 15:40:22.922197   720   725 I RILC-MTK: RIL_CMD_PROXY_3 wakeup
04-20 15:40:22.922247   720   725 I RILC-MTK: RIL_CMD_PROXY_3 sleep
04-20 15:40:22.922319   720   727 I RILC-MTK: RIL_CMD_PROXY_1 wakeup
04-20 15:40:22.922374   720   727 D RILC-MTK: proxy id:3, proxyName: RIL_CMD_PROXY_1
04-20 15:40:22.922430   720   727 D RILC-MTK: QUERY_MODEM_THERMAL pRI=0x7f9644c2d0 p=0x7f96456a80 execute on RIL_CMD_PROXY_1 using channel 3
04-20 15:40:22.922487   720   727 D RILC    : callOnRequest for new vendor ril
04-20 15:40:22.922542   720   727 D RIL     : onRequest: QUERY_MODEM_THERMAL, datalen = 8
04-20 15:40:22.922595   720   727 D RIL     : radioState:10
04-20 15:40:22.922657   720   727 D RIL     : requestQueryThermal Enter,-1
04-20 15:40:22.922720   720   727 D AT      : getRILChannelCtx subsystem:1, rid:0 channelOffset:0
04-20 15:40:22.922773   720   727 D AT      : AT send on RIL_CMD_READER_3, tid:547975332928
04-20 15:40:22.922822   720   727 D AT      : AT> AT+ETHERMAL
04-20 15:40:22.922873   720   727 I AT      : AT write start
04-20 15:40:22.924726   560   712 D RILMUXD : [gsm0710muxd] 3614:poll_thread(): poll_thread select found
04-20 15:40:22.924816   560   712 D RILMUXD : [gsm0710muxd] 1045:pseudo_device_read(): Enter, LackofAtciChannel=0
04-20 15:40:22.924891   560   712 D RILMUXD : [gsm0710muxd] 657:write_frame(): Sending frame to channel 5
04-20 15:40:22.925044   560   712 D RILMUXD : [gsm0710muxd] 766:write_frame(): Write a frame on channel 5 with length 12
04-20 15:40:22.932538   560   706 D RILMUXD : [gsm0710muxd] 1643:gsm0710_base_buffer_get_frame(): Get a complete frame. ch:5, ctrl:239, len:44
04-20 15:40:22.932628   560   706 D RILMUXD : [gsm0710muxd] 2383:extract_frames(): Writing 44 byte frame received on channel 5 to /dev/pts/10
04-20 15:40:22.932877   560   706 D RILMUXD : [gsm0710muxd] 2403:extract_frames(): write() returned. Written 44/44 bytes of frame to /dev/pts/10
04-20 15:40:22.932942   560   706 D RILMUXD : [gsm0710muxd] 2408:extract_frames(): fsync() failed (-1, 22 - Invalid argument)
04-20 15:40:22.933012   560   706 D RILMUXD : [gsm0710muxd] 1643:gsm0710_base_buffer_get_frame(): Get a complete frame. ch:5, ctrl:239, len:6
04-20 15:40:22.933075   560   706 D RILMUXD : [gsm0710muxd] 2383:extract_frames(): Writing 6 byte frame received on channel 5 to /dev/pts/10
04-20 15:40:22.933145   560   706 D RILMUXD : [gsm0710muxd] 2403:extract_frames(): write() returned. Written 6/6 bytes of frame to /dev/pts/10
04-20 15:40:22.933203   560   706 D RILMUXD : [gsm0710muxd] 2408:extract_frames(): fsync() failed (-1, 22 - Invalid argument)
04-20 15:40:22.933341   720   743 I AT      : AT read end: 50
04-20 15:40:22.933402   720   743 D AT      : AT< +ETHERMAL: 2, 32767, -127, -1, 32767, 18
04-20 15:40:22.933456   720   743 D AT      : RIL_CMD_READER_3 Enter processLine:+ETHERMAL: 2, 32767, -127, -1, 32767, 18
04-20 15:40:22.933517   720   743 D AT      : AT< OK
04-20 15:40:22.933569   720   743 D AT      : RIL_CMD_READER_3 Enter processLine:OK
04-20 15:40:22.933644   720   743 I AT      : AT read start
04-20 15:40:22.933745   720   727 D AT      : response received on RIL_CMD_READER_3, tid:547975332928
04-20 15:40:22.933801   720   727 D RIL     : requestQueryThermal success
04-20 15:40:22.933855   720   727 D RILC    : RequestComplete, RIL_SOCKET_1
04-20 15:40:22.933911   720   727 D RILC    : [THERMAL] local request for THERMAL returned 
04-20 15:40:22.933974   720   727 D RILC    : [THERMAL] s_THERMAL_fd is valid strResult is  2, 32767, -127, -1, 32767, 18
04-20 15:40:22.934079   720   727 D RILC-MTK: proxyLoop free  pRI=0x7f9644c2d0 p=0x7f96456a80 
04-20 15:40:22.934142   720   727 D RILC-MTK: proxyLoop free  pRequest=0x7f96452420
04-20 15:40:22.934192   720   727 I RILC-MTK: RIL_CMD_PROXY_1 sleep
04-20 15:40:23.023908   560   560 D RILMUXD : [gsm0710muxd] 3897:main(): Frames received/dropped: 6896/0
04-20 15:40:28.024141   560   560 D RILMUXD : [gsm0710muxd] 3897:main(): Frames received/dropped: 6896/0
04-20 15:40:31.697453  1576  1576 D FdManager: [GDCT][phoneId0]onReceive: action=android.intent.action.BATTERY_CHANGED
04-20 15:40:31.708075  1576  1576 D FdManager: [GDCT][phoneId1]onReceive: action=android.intent.action.BATTERY_CHANGED
04-20 15:40:32.941487   720   736 I RILC    : NUMBER:1
04-20 15:40:32.941563   720   736 I RILC    : arg len:14
04-20 15:40:32.941631   720   736 I RILC    : ARGS[0]:THERMAL,0,-1
04-20 15:40:32.941770   720   736 D RILC    : C[locl]> QUERY_MODEM_THERMAL
04-20 15:40:32.941849   720   736 D RILC-MTK: QUERY_MODEM_THERMAL pRI=0x7f9644c540 p=0x7f96456bd0 dispatched to RIL_CMD_PROXY_1
04-20 15:40:32.942153   720   731 I RILC-MTK: RIL_CMD2_PROXY_3 wakeup
04-20 15:40:32.942207   720   731 I RILC-MTK: RIL_CMD2_PROXY_3 sleep
04-20 15:40:32.942276   720   730 I RILC-MTK: RIL_URC2_PROXY wakeup
04-20 15:40:32.942325   720   730 I RILC-MTK: RIL_URC2_PROXY sleep
04-20 15:40:32.942392   720   726 I RILC-MTK: RIL_CMD_PROXY_2 wakeup
04-20 15:40:32.942442   720   726 I RILC-MTK: RIL_CMD_PROXY_2 sleep
04-20 15:40:32.942513   720   728 I RILC-MTK: RIL_CMD_PROXY_4 wakeup
04-20 15:40:32.942565   720   728 I RILC-MTK: RIL_CMD_PROXY_4 sleep
04-20 15:40:32.942636   720   729 I RILC-MTK: RIL_ATCI_PROXY wakeup
04-20 15:40:32.942685   720   729 I RILC-MTK: RIL_ATCI_PROXY sleep
04-20 15:40:32.942756   720   734 I RILC-MTK: RIL_CMD2_PROXY_4 wakeup
04-20 15:40:32.942806   720   734 I RILC-MTK: RIL_CMD2_PROXY_4 sleep
04-20 15:40:32.942877   720   733 I RILC-MTK: RIL_CMD2_PROXY_1 wakeup
04-20 15:40:32.942928   720   733 I RILC-MTK: RIL_CMD2_PROXY_1 sleep
04-20 15:40:32.943003   720   732 I RILC-MTK: RIL_CMD2_PROXY_2 wakeup
04-20 15:40:32.943055   720   732 I RILC-MTK: RIL_CMD2_PROXY_2 sleep
04-20 15:40:32.943126   720   735 I RILC-MTK: RIL_ATCI2_PROXY wakeup
04-20 15:40:32.943176   720   735 I RILC-MTK: RIL_ATCI2_PROXY sleep
04-20 15:40:32.943246   720   724 I RILC-MTK: RIL_URC_PROXY wakeup
04-20 15:40:32.943298   720   724 I RILC-MTK: RIL_URC_PROXY sleep
04-20 15:40:32.943370   720   725 I RILC-MTK: RIL_CMD_PROXY_3 wakeup
04-20 15:40:32.943420   720   725 I RILC-MTK: RIL_CMD_PROXY_3 sleep
04-20 15:40:32.943489   720   727 I RILC-MTK: RIL_CMD_PROXY_1 wakeup
04-20 15:40:32.943543   720   727 D RILC-MTK: proxy id:3, proxyName: RIL_CMD_PROXY_1
04-20 15:40:32.943600   720   727 D RILC-MTK: QUERY_MODEM_THERMAL pRI=0x7f9644c540 p=0x7f96456bd0 execute on RIL_CMD_PROXY_1 using channel 3
04-20 15:40:32.943658   720   727 D RILC    : callOnRequest for new vendor ril
04-20 15:40:32.943711   720   727 D RIL     : onRequest: QUERY_MODEM_THERMAL, datalen = 8
04-20 15:40:32.943760   720   727 D RIL     : radioState:10
04-20 15:40:32.943822   720   727 D RIL     : requestQueryThermal Enter,-1
04-20 15:40:32.943884   720   727 D AT      : getRILChannelCtx subsystem:1, rid:0 channelOffset:0
04-20 15:40:32.943938   720   727 D AT      : AT send on RIL_CMD_READER_3, tid:547975332928
04-20 15:40:32.943989   720   727 D AT      : AT> AT+ETHERMAL
04-20 15:40:32.944037   720   727 I AT      : AT write start
04-20 15:40:32.945841   560   712 D RILMUXD : [gsm0710muxd] 3614:poll_thread(): poll_thread select found
04-20 15:40:32.945929   560   712 D RILMUXD : [gsm0710muxd] 1045:pseudo_device_read(): Enter, LackofAtciChannel=0
04-20 15:40:32.946002   560   712 D RILMUXD : [gsm0710muxd] 657:write_frame(): Sending frame to channel 5
04-20 15:40:32.946161   560   712 D RILMUXD : [gsm0710muxd] 766:write_frame(): Write a frame on channel 5 with length 12
04-20 15:40:32.953597   560   706 D RILMUXD : [gsm0710muxd] 1643:gsm0710_base_buffer_get_frame(): Get a complete frame. ch:5, ctrl:239, len:44
04-20 15:40:32.953687   560   706 D RILMUXD : [gsm0710muxd] 2383:extract_frames(): Writing 44 byte frame received on channel 5 to /dev/pts/10
04-20 15:40:32.953931   560   706 D RILMUXD : [gsm0710muxd] 2403:extract_frames(): write() returned. Written 44/44 bytes of frame to /dev/pts/10
04-20 15:40:32.953995   560   706 D RILMUXD : [gsm0710muxd] 2408:extract_frames(): fsync() failed (-1, 22 - Invalid argument)
04-20 15:40:32.954063   560   706 D RILMUXD : [gsm0710muxd] 1643:gsm0710_base_buffer_get_frame(): Get a complete frame. ch:5, ctrl:239, len:6
04-20 15:40:32.954124   560   706 D RILMUXD : [gsm0710muxd] 2383:extract_frames(): Writing 6 byte frame received on channel 5 to /dev/pts/10
04-20 15:40:32.954196   560   706 D RILMUXD : [gsm0710muxd] 2403:extract_frames(): write() returned. Written 6/6 bytes of frame to /dev/pts/10
04-20 15:40:32.954254   560   706 D RILMUXD : [gsm0710muxd] 2408:extract_frames(): fsync() failed (-1, 22 - Invalid argument)
04-20 15:40:32.954393   720   743 I AT      : AT read end: 50
04-20 15:40:32.954452   720   743 D AT      : AT< +ETHERMAL: 2, 32767, -127, -1, 32767, 18
04-20 15:40:32.954508   720   743 D AT      : RIL_CMD_READER_3 Enter processLine:+ETHERMAL: 2, 32767, -127, -1, 32767, 18
04-20 15:40:32.954562   720   743 D AT      : AT< OK
04-20 15:40:32.954615   720   743 D AT      : RIL_CMD_READER_3 Enter processLine:OK
04-20 15:40:32.954695   720   743 I AT      : AT read start
04-20 15:40:32.954787   720   727 D AT      : response received on RIL_CMD_READER_3, tid:547975332928
04-20 15:40:32.954843   720   727 D RIL     : requestQueryThermal success
04-20 15:40:32.954897   720   727 D RILC    : RequestComplete, RIL_SOCKET_1
04-20 15:40:32.954951   720   727 D RILC    : [THERMAL] local request for THERMAL returned 
04-20 15:40:32.955015   720   727 D RILC    : [THERMAL] s_THERMAL_fd is valid strResult is  2, 32767, -127, -1, 32767, 18
04-20 15:40:32.955119   720   727 D RILC-MTK: proxyLoop free  pRI=0x7f9644c540 p=0x7f96456bd0 
04-20 15:40:32.955183   720   727 D RILC-MTK: proxyLoop free  pRequest=0x7f96452400
04-20 15:40:32.955235   720   727 I RILC-MTK: RIL_CMD_PROXY_1 sleep
04-20 15:40:33.024369   560   560 D RILMUXD : [gsm0710muxd] 3897:main(): Frames received/dropped: 6898/0
04-20 15:40:38.024628   560   560 D RILMUXD : [gsm0710muxd] 3897:main(): Frames received/dropped: 6898/0
04-20 15:40:39.698664  1576  1576 D RILJ    : onDisplayChanged: displayId = 0 [SUB0]
04-20 15:40:39.706342  1576  1576 D RILJ    : defaultDisplayState: 2, isDevicePlugged: false [SUB0]
04-20 15:40:39.706535  1576  1576 D RILJ    : [4487]> SCREEN_STATE: true [SUB0]
04-20 15:40:39.713408  1576  1576 D RILJ    : onDisplayChanged: displayId = 0 [SUB1]
04-20 15:40:39.714735   720   736 D RILC    : SOCKET RIL_SOCKET_1 REQUEST: SCREEN_STATE length:16
04-20 15:40:39.714821   720   736 I RILC-MTK: create request 61: pRequest=0x7f96452520, pRI=0x7f9644c570, p=0x7f96456c40, pUCI=0x0
04-20 15:40:39.714880   720   736 D RILC-MTK: SCREEN_STATE pRI=0x7f9644c570 p=0x7f96456c40 dispatched to RIL_CMD_PROXY_3
04-20 15:40:39.715208   720   731 I RILC-MTK: RIL_CMD2_PROXY_3 wakeup
04-20 15:40:39.715261   720   731 I RILC-MTK: RIL_CMD2_PROXY_3 sleep
04-20 15:40:39.715332   720   730 I RILC-MTK: RIL_URC2_PROXY wakeup
04-20 15:40:39.715382   720   730 I RILC-MTK: RIL_URC2_PROXY sleep
04-20 15:40:39.715452   720   726 I RILC-MTK: RIL_CMD_PROXY_2 wakeup
04-20 15:40:39.715502   720   726 I RILC-MTK: RIL_CMD_PROXY_2 sleep
04-20 15:40:39.715574   720   728 I RILC-MTK: RIL_CMD_PROXY_4 wakeup
04-20 15:40:39.715625   720   728 I RILC-MTK: RIL_CMD_PROXY_4 sleep
04-20 15:40:39.715697   720   729 I RILC-MTK: RIL_ATCI_PROXY wakeup
04-20 15:40:39.715747   720   729 I RILC-MTK: RIL_ATCI_PROXY sleep
04-20 15:40:39.715816   720   734 I RILC-MTK: RIL_CMD2_PROXY_4 wakeup
04-20 15:40:39.715866   720   734 I RILC-MTK: RIL_CMD2_PROXY_4 sleep
04-20 15:40:39.715943   720   733 I RILC-MTK: RIL_CMD2_PROXY_1 wakeup
04-20 15:40:39.715993   720   733 I RILC-MTK: RIL_CMD2_PROXY_1 sleep
04-20 15:40:39.716064   720   732 I RILC-MTK: RIL_CMD2_PROXY_2 wakeup
04-20 15:40:39.716113   720   732 I RILC-MTK: RIL_CMD2_PROXY_2 sleep
04-20 15:40:39.716189   720   735 I RILC-MTK: RIL_ATCI2_PROXY wakeup
04-20 15:40:39.716238   720   735 I RILC-MTK: RIL_ATCI2_PROXY sleep
04-20 15:40:39.716309   720   724 I RILC-MTK: RIL_URC_PROXY wakeup
04-20 15:40:39.716361   720   724 I RILC-MTK: RIL_URC_PROXY sleep
04-20 15:40:39.716433   720   725 I RILC-MTK: RIL_CMD_PROXY_3 wakeup
04-20 15:40:39.716487   720   725 D RILC-MTK: proxy id:1, proxyName: RIL_CMD_PROXY_3
04-20 15:40:39.716543   720   725 D RILC-MTK: SCREEN_STATE pRI=0x7f9644c570 p=0x7f96456c40 execute on RIL_CMD_PROXY_3 using channel 1
04-20 15:40:39.716597   720   725 D RILC    : callOnRequest for new vendor ril
04-20 15:40:39.716655   720   725 D RIL     : onRequest: SCREEN_STATE, datalen = 4
04-20 15:40:39.716706   720   725 D RIL     : radioState:10
04-20 15:40:39.716770   720   725 D AT      : AT send on RIL_CMD_READER_1, tid:547977413696
04-20 15:40:39.716822   720   725 D AT      : AT> AT+CREG=3
04-20 15:40:39.716875   720   725 I AT      : AT write start
04-20 15:40:39.717013   720   727 I RILC-MTK: RIL_CMD_PROXY_1 wakeup
04-20 15:40:39.717065   720   727 I RILC-MTK: RIL_CMD_PROXY_1 sleep
04-20 15:40:39.717220   560   710 D RILMUXD : [gsm0710muxd] 3614:poll_thread(): poll_thread select found
04-20 15:40:39.717292   560   710 D RILMUXD : [gsm0710muxd] 1045:pseudo_device_read(): Enter, LackofAtciChannel=0
04-20 15:40:39.717368   560   710 D RILMUXD : [gsm0710muxd] 657:write_frame(): Sending frame to channel 3
04-20 15:40:39.717520   560   710 D RILMUXD : [gsm0710muxd] 766:write_frame(): Write a frame on channel 3 with length 10
04-20 15:40:39.719958  1576  1576 D RILJ    : defaultDisplayState: 2, isDevicePlugged: false [SUB1]
04-20 15:40:39.720130  1576  1576 D RILJ    : [4488]> SCREEN_STATE: true [SUB1]
04-20 15:40:39.724964   560   706 D RILMUXD : [gsm0710muxd] 1643:gsm0710_base_buffer_get_frame(): Get a complete frame. ch:2, ctrl:239, len:36
04-20 15:40:39.725056   560   706 D RILMUXD : [gsm0710muxd] 2383:extract_frames(): Writing 36 byte frame received on channel 2 to /dev/pts/7
04-20 15:40:39.725286   560   706 D RILMUXD : [gsm0710muxd] 2403:extract_frames(): write() returned. Written 36/36 bytes of frame to /dev/pts/7
04-20 15:40:39.725349   560   706 D RILMUXD : [gsm0710muxd] 2408:extract_frames(): fsync() failed (-1, 22 - Invalid argument)
04-20 15:40:39.725755   720   740 I AT      : AT read end: 36
04-20 15:40:39.725817   720   740 D AT      : AT< +CREG: 0,"A536","0DA03B07",2,0,0
04-20 15:40:39.725872   720   740 D AT      : RIL_URC_READER Enter processLine:+CREG: 0,"A536","0DA03B07",2,0,0
04-20 15:40:39.725991   720   740 D RILC    : [MAL_AT] data sent to rild-mal-at is '+CREG: 0,"A536","0DA03B07",2,0,0'
04-20 15:40:39.726123   720   740 D RILC    : internalRequestTimedCallback malloc p_info: 0x7f94583420
04-20 15:40:39.726183   720   740 D RILC    : internalRequestTimedCallback malloc p_info->event: 0x7f94583430
04-20 15:40:39.726289   720   740 D RIL     : Nw URC:+CREG: 0,"A536","0DA03B07",2,0,0
04-20 15:40:39.726350   720   740 D RIL     : The URC is "A536","0DA03B07",2,0,0
04-20 15:40:39.726406   720   740 D RIL     : convertRegState() uiRegState=0 , uiRet=0 
04-20 15:40:39.726458   720   740 D RIL     : onNetworkStateChanged() , stat=0 , is_cs=1
04-20 15:40:39.726524   720   740 D RIL     : +creg urc <ci>: 228604679
04-20 15:40:39.726583   720   740 D RIL     : bCREGType3Support=1
04-20 15:40:39.726642   720   740 D RIL     : now +creg urc <cause_type>: 0
04-20 15:40:39.726694   720   740 D RIL     : now +creg urc <cause>: 0
04-20 15:40:39.726785   720   740 I RILC    : RIL_SOCKET_1 UNSOLICITED: UNSOL_RESPONSE_VOICE_NETWORK_STATE_CHANGED length:72
04-20 15:40:39.726839   720   740 E RILC    : Send Response to rild-mal
04-20 15:40:39.726956   720   740 E RILC    : Send Response to RIL_SOCKET_1
04-20 15:40:39.727070   720   740 D RILC    : s_last_wake_timeout_info: 0x7f94583420, cancel
04-20 15:40:39.727132   720   740 D RILC    : internalRequestTimedCallback malloc p_info: 0x7f94583540
04-20 15:40:39.727190   720   740 D RILC    : internalRequestTimedCallback malloc p_info->event: 0x7f94583550
04-20 15:40:39.727255   720   740 I AT      : AT read start
04-20 15:40:39.729269  1576  1807 V RILJ    : [UNSL]< UNSOL_RESPONSE_VOICE_NETWORK_STATE_CHANGED {0, a536, da03b07, 2, 0} [SUB0]
04-20 15:40:39.729943   560   706 D RILMUXD : [gsm0710muxd] 1643:gsm0710_base_buffer_get_frame(): Get a complete frame. ch:3, ctrl:239, len:6
04-20 15:40:39.730018   560   706 D RILMUXD : [gsm0710muxd] 2383:extract_frames(): Writing 6 byte frame received on channel 3 to /dev/pts/8
04-20 15:40:39.730108   560   706 D RILMUXD : [gsm0710muxd] 2403:extract_frames(): write() returned. Written 6/6 bytes of frame to /dev/pts/8
04-20 15:40:39.730170   560   706 D RILMUXD : [gsm0710muxd] 2408:extract_frames(): fsync() failed (-1, 22 - Invalid argument)
04-20 15:40:39.730315   720   741 I AT      : AT read end: 6
04-20 15:40:39.730377   720   741 D AT      : AT< OK
04-20 15:40:39.730438   720   741 D AT      : RIL_CMD_READER_1 Enter processLine:OK
04-20 15:40:39.730521   720   741 I AT      : AT read start
04-20 15:40:39.730656   720   725 D AT      : response received on RIL_CMD_READER_1, tid:547977413696
04-20 15:40:39.730725   720   725 D AT      : AT send on RIL_CMD_READER_1, tid:547977413696
04-20 15:40:39.730780   720   725 D AT      : AT> AT+CIREG=2
04-20 15:40:39.730830   720   725 I AT      : AT write start
04-20 15:40:39.730996   560   710 D RILMUXD : [gsm0710muxd] 3614:poll_thread(): poll_thread select found
