----- timezone:GMT
04-20 15:37:22.538938   560   706 D RILMUXD : [gsm0710muxd] 2403:extract_frames(): write() returned. Written 6/6 bytes of frame to /dev/pts/10
04-20 15:37:22.538989   560   706 D RILMUXD : [gsm0710muxd] 2408:extract_frames(): fsync() failed (-1, 22 - Invalid argument)
04-20 15:37:22.539656   720   743 I AT      : AT read end: 50
04-20 15:37:22.539715   720   743 D AT      : AT< +ETHERMAL: 2, 32767, -127, -1, 32767, 18
04-20 15:37:22.539760   720   743 D AT      : RIL_CMD_READER_3 Enter processLine:+ETHERMAL: 2, 32767, -127, -1, 32767, 18
04-20 15:37:22.539807   720   743 D AT      : AT< OK
04-20 15:37:22.539848   720   743 D AT      : RIL_CMD_READER_3 Enter processLine:OK
04-20 15:37:22.539918   720   743 I AT      : AT read start
04-20 15:37:22.540002   720   727 D AT      : response received on RIL_CMD_READER_3, tid:547975332928
04-20 15:37:22.540047   720   727 D RIL     : requestQueryThermal success
04-20 15:37:22.540092   720   727 D RILC    : RequestComplete, RIL_SOCKET_1
04-20 15:37:22.540137   720   727 D RILC    : [THERMAL] local request for THERMAL returned 
04-20 15:37:22.540192   720   727 D RILC    : [THERMAL] s_THERMAL_fd is valid strResult is  2, 32767, -127, -1, 32767, 18
04-20 15:37:22.540282   720   727 D RILC-MTK: proxyLoop free  pRI=0x7f9644c870 p=0x7f964562a0 
04-20 15:37:22.540333   720   727 D RILC-MTK: proxyLoop free  pRequest=0x7f96452700
04-20 15:37:22.540374   720   727 I RILC-MTK: RIL_CMD_PROXY_1 sleep
04-20 15:37:23.012533   560   560 D RILMUXD : [gsm0710muxd] 3897:main(): Frames received/dropped: 6841/0
04-20 15:37:23.328594   560   706 D RILMUXD : [gsm0710muxd] 1643:gsm0710_base_buffer_get_frame(): Get a complete frame. ch:2, ctrl:239, len:39
04-20 15:37:23.329015   560   706 D RILMUXD : [gsm0710muxd] 2383:extract_frames(): Writing 39 byte frame received on channel 2 to /dev/pts/7
04-20 15:37:23.329284   560   706 D RILMUXD : [gsm0710muxd] 2403:extract_frames(): write() returned. Written 39/39 bytes of frame to /dev/pts/7
04-20 15:37:23.331100   560   706 D RILMUXD : [gsm0710muxd] 2408:extract_frames(): fsync() failed (-1, 22 - Invalid argument)
04-20 15:37:23.332085   720   740 I AT      : AT read end: 39
04-20 15:37:23.332322   720   740 D AT      : AT< +ECSQ: 45,34,1,-303,-29,1,1,2,32767
04-20 15:37:23.332504   720   740 D AT      : RIL_URC_READER Enter processLine:+ECSQ: 45,34,1,-303,-29,1,1,2,32767
04-20 15:37:23.332815   720   740 D RILC    : [MAL_AT] data sent to rild-mal-at is '+ECSQ: 45,34,1,-303,-29,1,1,2,32767'
04-20 15:37:23.333218   720   740 D RILC    : internalRequestTimedCallback malloc p_info: 0x7f94583060
04-20 15:37:23.333413   720   740 D RILC    : internalRequestTimedCallback malloc p_info->event: 0x7f94583070
04-20 15:37:23.333754   720   740 D RIL     : Nw URC:+ECSQ: 45,34,1,-303,-29,1,1,2,32767
04-20 15:37:23.334004   720   740 D RIL     : convert3GRssiValue baseband=503 ,isFdd3G=1,isTdd3G=0 ,RSCP_in_qdbm=-303 ,EcN0_in_qdbm=-29
04-20 15:37:23.334213   720   740 D RILC    : callForRilVersion new vendor RIL, version: 10
04-20 15:37:23.334402   720   740 I RILC    : RIL_SOCKET_1 UNSOLICITED: UNSOL_SIGNAL_STRENGTH length:72
04-20 15:37:23.334572   720   740 E RILC    : Send Response to rild-mal
04-20 15:37:23.348048   720   740 E RILC    : Send Response to RIL_SOCKET_1
04-20 15:37:23.351646  1576  1576 D GsmSST  : [GsmSST0] handle EVENT_SIGNAL_STRENGTH_UPDATE
04-20 15:37:23.351850  1576  1576 D GsmSST  : [GsmSST0] onSignalStrengthResult():  LastSignalStrength=SignalStrength: 14 34 -120 -160 -2 0 -1 99 2147483647 -2147483647 2147483647 2147483647 2147483647 gsm|lte 1 -308 -29
04-20 15:37:23.351943  1576  1576 D GsmSST  : [GsmSST0] onSignalStrengthResult():new mSignalStrength=SignalStrength: 14 34 -120 -160 -2 0 -1 99 2147483647 -2147483647 2147483647 2147483647 2147483647 gsm|lte 1 -304 -29
04-20 15:37:23.352112  1576  1576 W SignalStrength: SignalStrength get plugin
04-20 15:37:23.352207  1576  1576 I use-Rlog/RLOG-GSM: getLTELevel - rsrp:2147483647 snr:2147483647 rsrpIconLevel:-1 snrIconLevel:-1
04-20 15:37:23.352271  1576  1576 I use-Rlog/RLOG-GSM: getLTELevel - rssi:99 rssiIconLevel:0
04-20 15:37:23.352336  1576  1576 W SignalStrength: SignalStrength get plugin
04-20 15:37:23.352407  1576  1576 I use-Rlog/RLOG-GSM:  asu: 14 gsmRscp: -76 out level: 4
04-20 15:37:23.352477  1576  1576 D GsmSST  : [GsmSST0] notifySignalStrength: mSignalStrength.getLevel=4
04-20 15:37:23.352572  1576  1576 D SubscriptionController: [getSubId]- sSlotIdxToSubId.size == 0, return DummySubIds slotIdx=0
04-20 15:37:23.352641  1576  1576 D SubscriptionController: getDummySubIds: slotIdx=0 return 2 DummySubIds with each subId=-2
04-20 15:37:23.352761  1576  1576 D DefaultPhoneNotifier: notifySignalStrength: mRegistry=com.android.internal.telephony.ITelephonyRegistry$Stub$Proxy@20f1708 ss=SignalStrength: 14 34 -120 -160 -2 0 -1 99 2147483647 -2147483647 2147483647 2147483647 2147483647 gsm|lte 1 -304 -29 sender=Handler (com.android.internal.telephony.gsm.GSMPhone) {e4ac408}
04-20 15:37:23.353757   964  1663 D TelephonyRegistry: notifySignalStrengthForSubscriber: subId=-2 signalStrength=SignalStrength: 14 34 -120 -160 -2 0 -1 99 2147483647 -2147483647 2147483647 2147483647 2147483647 gsm|lte 1 -304 -29
04-20 15:37:23.353878   964  1663 D TelephonyRegistry: notifySignalStrengthForSubscriber: logSSC.length=5 next=3
04-20 15:37:23.355553   964  1663 D TelephonyRegistry: notifyServiceStateForSubscriber Time 20160420T153355Asia/Shanghai(3,110,28800,0,1461137635) mSubId -2 mPhoneId 0  mState 1 1 voice home data home null null null null null null  Unknown Unknown CSS not supported 0 0 RoamInd=-1 DefRoamInd=-1 EmergOnly=true Ril Voice Regist state: 10 Ril Data Regist state: 0 mProprietaryDataRadioTechnology: 0 VoiceRejectCause: -1 DataRejectCause: -1 mCdmaNetWorkMode: 0 IsDataRoamingFromRegistration=false
04-20 15:37:23.357081   964  1663 D TelephonyRegistry: notifyServiceStateForSubscriber Time 20160420T153357Asia/Shanghai(3,110,28800,0,1461137637) mSubId -2 mPhoneId 0  mState 1 1 voice home data home null null null null null null  Unknown Unknown CSS not supported -1 -1 RoamInd=-1 DefRoamInd=-1 EmergOnly=true Ril Voice Regist state: 10 Ril Data Regist state: 0 mProprietaryDataRadioTechnology: 0 VoiceRejectCause: -1 DataRejectCause: -1 mCdmaNetWorkMode: 0 IsDataRoamingFromRegistration=false
04-20 15:37:23.358609   964  1663 D TelephonyRegistry: notifyServiceStateForSubscriber Time 20160420T153505Asia/Shanghai(3,110,28800,0,1461137705) mSubId -2 mPhoneId 0  mState 1 1 voice home data home null null null null null null  Unknown Unknown CSS not supported 0 0 RoamInd=-1 DefRoamInd=-1 EmergOnly=true Ril Voice Regist state: 10 Ril Data Regist state: 0 mProprietaryDataRadioTechnology: 0 VoiceRejectCause: -1 DataRejectCause: -1 mCdmaNetWorkMode: 0 IsDataRoamingFromRegistration=false
04-20 15:37:23.359554   720   740 I AT      : AT read start
04-20 15:37:23.361605   964  1663 D TelephonyRegistry: notifyServiceStateForSubscriber Time 20160420T153519Asia/Shanghai(3,110,28800,0,1461137719) mSubId -2 mPhoneId 0  mState 1 1 voice home data home null null null null null null  Unknown Unknown CSS not supported -1 -1 RoamInd=-1 DefRoamInd=-1 EmergOnly=true Ril Voice Regist state: 10 Ril Data Regist state: 0 mProprietaryDataRadioTechnology: 0 VoiceRejectCause: -1 DataRejectCause: -1 mCdmaNetWorkMode: 0 IsDataRoamingFromRegistration=false
04-20 15:37:23.363249   964  1663 D TelephonyRegistry: notifyServiceStateForSubscriber Time 20160420T153713Asia/Shanghai(3,110,28800,0,1461137833) mSubId -2 mPhoneId 0  mState 1 1 voice home data home null null null null null null  Unknown Unknown CSS not supported 0 0 RoamInd=-1 DefRoamInd=-1 EmergOnly=true Ril Voice Regist state: 10 Ril Data Regist state: 0 mProprietaryDataRadioTechnology: 0 VoiceRejectCause: -1 DataRejectCause: -1 mCdmaNetWorkMode: 0 IsDataRoamingFromRegistration=false
04-20 15:37:23.363338   964  1663 D TelephonyRegistry: notifySignalStrengthForSubscriber: ----------------
04-20 15:37:23.363496   964  1663 D SubscriptionManager: [getPhoneId]- return dummy value, subId = -2
04-20 15:37:23.363600   964  1663 D TelephonyRegistry: validatePhoneId: true
04-20 15:37:23.363682   964  1663 D TelephonyRegistry: notifySignalStrengthForSubscriber: valid phoneId=0
04-20 15:37:23.365164  1576  1576 D SubscriptionController: [getPhoneId] asked for default subId=-1
04-20 15:37:23.365467  1576  1576 D SubscriptionController: [getPhoneId]- invalid subId = -1 return = -1
04-20 15:37:23.366161   964  1663 D SubscriptionManager: [getPhoneId]- return dummy value, subId = -2
04-20 15:37:23.366274   964  1663 D TelephonyRegistry: idMatch: rlt=false
04-20 15:37:23.366459   964  1663 D TelephonyRegistry: handleRemoveListLocked: mRemoveList.size()=0
04-20 15:37:23.366631   964  1663 W SignalStrength: SignalStrength get plugin
04-20 15:37:23.366812   964  1663 I use-Rlog/RLOG-GSM: getLTELevel - rsrp:2147483647 snr:2147483647 rsrpIconLevel:-1 snrIconLevel:-1
04-20 15:37:23.366910   964  1663 I use-Rlog/RLOG-GSM: getLTELevel - rssi:99 rssiIconLevel:0
04-20 15:37:23.366968   964  1663 W SignalStrength: SignalStrength get plugin
04-20 15:37:23.367076   964  1663 I use-Rlog/RLOG-GSM:  asu: 14 gsmRscp: -76 out level: 4
04-20 15:37:23.367569   964  1663 D SubscriptionManager: [getPhoneId]- return dummy value, subId = -2
04-20 15:37:23.368867  1576  1576 D SubscriptionController: [getSubId]- sSlotIdxToSubId.size == 0, return DummySubIds slotIdx=0
04-20 15:37:23.368976  1576  1576 D SubscriptionController: getDummySubIds: slotIdx=0 return 2 DummySubIds with each subId=-2
04-20 15:37:23.371252  1576  1576 D GsmSST  : [GsmSST0] handleMessage msg done
04-20 15:37:24.335026   720   736 D RILC    : s_last_wake_timeout_info: 0x7f94583060 reset to NULL
04-20 15:37:24.335314   720   736 D RILC    : userTimerCallback free  p_info: 0x7f94583060
04-20 15:37:24.335504   720   736 D RILC    : userTimerCallback free  p_info->event: 0x7f94583070
04-20 15:37:27.247331  1576  1576 D FdManager: [GDCT][phoneId0]onReceive: action=android.intent.action.BATTERY_CHANGED
04-20 15:37:27.251594  1576  1576 D FdManager: [GDCT][phoneId1]onReceive: action=android.intent.action.BATTERY_CHANGED
04-20 15:37:28.013102   560   560 D RILMUXD : [gsm0710muxd] 3897:main(): Frames received/dropped: 6842/0
04-20 15:37:32.551510   720   736 I RILC    : NUMBER:1
04-20 15:37:32.551789   720   736 I RILC    : arg len:14
04-20 15:37:32.552018   720   736 I RILC    : ARGS[0]:THERMAL,0,-1
04-20 15:37:32.552503   720   736 D RILC    : C[locl]> QUERY_MODEM_THERMAL
04-20 15:37:32.552732   720   736 D RILC-MTK: QUERY_MODEM_THERMAL pRI=0x7f9644c210 p=0x7f964563f0 dispatched to RIL_CMD_PROXY_1
04-20 15:37:32.555071   720   732 I RILC-MTK: RIL_CMD2_PROXY_2 wakeup
04-20 15:37:32.555317   720   732 I RILC-MTK: RIL_CMD2_PROXY_2 sleep
04-20 15:37:32.555606   720   724 I RILC-MTK: RIL_URC_PROXY wakeup
04-20 15:37:32.555772   720   724 I RILC-MTK: RIL_URC_PROXY sleep
04-20 15:37:32.556053   720   733 I RILC-MTK: RIL_CMD2_PROXY_1 wakeup
04-20 15:37:32.556226   720   733 I RILC-MTK: RIL_CMD2_PROXY_1 sleep
04-20 15:37:32.556510   720   726 I RILC-MTK: RIL_CMD_PROXY_2 wakeup
04-20 15:37:32.556680   720   726 I RILC-MTK: RIL_CMD_PROXY_2 sleep
04-20 15:37:32.556945   720   729 I RILC-MTK: RIL_ATCI_PROXY wakeup
04-20 15:37:32.557109   720   729 I RILC-MTK: RIL_ATCI_PROXY sleep
04-20 15:37:32.557405   720   728 I RILC-MTK: RIL_CMD_PROXY_4 wakeup
04-20 15:37:32.557573   720   728 I RILC-MTK: RIL_CMD_PROXY_4 sleep
04-20 15:37:32.557855   720   734 I RILC-MTK: RIL_CMD2_PROXY_4 wakeup
04-20 15:37:32.558021   720   734 I RILC-MTK: RIL_CMD2_PROXY_4 sleep
04-20 15:37:32.558294   720   735 I RILC-MTK: RIL_ATCI2_PROXY wakeup
04-20 15:37:32.558465   720   735 I RILC-MTK: RIL_ATCI2_PROXY sleep
04-20 15:37:32.558773   720   730 I RILC-MTK: RIL_URC2_PROXY wakeup
04-20 15:37:32.558940   720   730 I RILC-MTK: RIL_URC2_PROXY sleep
04-20 15:37:32.559206   720   731 I RILC-MTK: RIL_CMD2_PROXY_3 wakeup
04-20 15:37:32.559605   720   731 I RILC-MTK: RIL_CMD2_PROXY_3 sleep
04-20 15:37:32.559907   720   725 I RILC-MTK: RIL_CMD_PROXY_3 wakeup
04-20 15:37:32.560074   720   725 I RILC-MTK: RIL_CMD_PROXY_3 sleep
04-20 15:37:32.560306   720   727 I RILC-MTK: RIL_CMD_PROXY_1 wakeup
04-20 15:37:32.560484   720   727 D RILC-MTK: proxy id:3, proxyName: RIL_CMD_PROXY_1
04-20 15:37:32.560669   720   727 D RILC-MTK: QUERY_MODEM_THERMAL pRI=0x7f9644c210 p=0x7f964563f0 execute on RIL_CMD_PROXY_1 using channel 3
04-20 15:37:32.560855   720   727 D RILC    : callOnRequest for new vendor ril
04-20 15:37:32.561030   720   727 D RIL     : onRequest: QUERY_MODEM_THERMAL, datalen = 8
04-20 15:37:32.561192   720   727 D RIL     : radioState:10
04-20 15:37:32.561374   720   727 D RIL     : requestQueryThermal Enter,-1
04-20 15:37:32.561575   720   727 D AT      : getRILChannelCtx subsystem:1, rid:0 channelOffset:0
04-20 15:37:32.561746   720   727 D AT      : AT send on RIL_CMD_READER_3, tid:547975332928
04-20 15:37:32.561907   720   727 D AT      : AT> AT+ETHERMAL
04-20 15:37:32.562067   720   727 I AT      : AT write start
04-20 15:37:32.567497   560   712 D RILMUXD : [gsm0710muxd] 3614:poll_thread(): poll_thread select found
04-20 15:37:32.567777   560   712 D RILMUXD : [gsm0710muxd] 1045:pseudo_device_read(): Enter, LackofAtciChannel=0
04-20 15:37:32.568009   560   712 D RILMUXD : [gsm0710muxd] 657:write_frame(): Sending frame to channel 5
04-20 15:37:32.568463   560   712 D RILMUXD : [gsm0710muxd] 766:write_frame(): Write a frame on channel 5 with length 12
04-20 15:37:32.575774   560   706 D RILMUXD : [gsm0710muxd] 1643:gsm0710_base_buffer_get_frame(): Get a complete frame. ch:5, ctrl:239, len:44
04-20 15:37:32.575986   560   706 D RILMUXD : [gsm0710muxd] 2383:extract_frames(): Writing 44 byte frame received on channel 5 to /dev/pts/10
04-20 15:37:32.576070   560   706 D RILMUXD : [gsm0710muxd] 2403:extract_frames(): write() returned. Written 44/44 bytes of frame to /dev/pts/10
04-20 15:37:32.576122   560   706 D RILMUXD : [gsm0710muxd] 2408:extract_frames(): fsync() failed (-1, 22 - Invalid argument)
04-20 15:37:32.576177   560   706 D RILMUXD : [gsm0710muxd] 1643:gsm0710_base_buffer_get_frame(): Get a complete frame. ch:5, ctrl:239, len:6
04-20 15:37:32.576229   560   706 D RILMUXD : [gsm0710muxd] 2383:extract_frames(): Writing 6 byte frame received on channel 5 to /dev/pts/10
04-20 15:37:32.576287   560   706 D RILMUXD : [gsm0710muxd] 2403:extract_frames(): write() returned. Written 6/6 bytes of frame to /dev/pts/10
04-20 15:37:32.576335   560   706 D RILMUXD : [gsm0710muxd] 2408:extract_frames(): fsync() failed (-1, 22 - Invalid argument)
04-20 15:37:32.576456   720   743 I AT      : AT read end: 50
04-20 15:37:32.576506   720   743 D AT      : AT< +ETHERMAL: 2, 32767, -127, -1, 32767, 18
04-20 15:37:32.576554   720   743 D AT      : RIL_CMD_READER_3 Enter processLine:+ETHERMAL: 2, 32767, -127, -1, 32767, 18
04-20 15:37:32.576601   720   743 D AT      : AT< OK
04-20 15:37:32.576643   720   743 D AT      : RIL_CMD_READER_3 Enter processLine:OK
04-20 15:37:32.576706   720   743 I AT      : AT read start
04-20 15:37:32.576784   720   727 D AT      : response received on RIL_CMD_READER_3, tid:547975332928
04-20 15:37:32.576829   720   727 D RIL     : requestQueryThermal success
04-20 15:37:32.576874   720   727 D RILC    : RequestComplete, RIL_SOCKET_1
04-20 15:37:32.576919   720   727 D RILC    : [THERMAL] local request for THERMAL returned 
04-20 15:37:32.576974   720   727 D RILC    : [THERMAL] s_THERMAL_fd is valid strResult is  2, 32767, -127, -1, 32767, 18
04-20 15:37:32.577062   720   727 D RILC-MTK: proxyLoop free  pRI=0x7f9644c210 p=0x7f964563f0 
04-20 15:37:32.577118   720   727 D RILC-MTK: proxyLoop free  pRequest=0x7f96452320
04-20 15:37:32.577159   720   727 I RILC-MTK: RIL_CMD_PROXY_1 sleep
04-20 15:37:33.013674   560   560 D RILMUXD : [gsm0710muxd] 3897:main(): Frames received/dropped: 6844/0
04-20 15:37:33.570389   560   706 D RILMUXD : [gsm0710muxd] 1643:gsm0710_base_buffer_get_frame(): Get a complete frame. ch:2, ctrl:239, len:39
04-20 15:37:33.571266   560   706 D RILMUXD : [gsm0710muxd] 2383:extract_frames(): Writing 39 byte frame received on channel 2 to /dev/pts/7
04-20 15:37:33.571601   560   706 D RILMUXD : [gsm0710muxd] 2403:extract_frames(): write() returned. Written 39/39 bytes of frame to /dev/pts/7
04-20 15:37:33.571812   560   706 D RILMUXD : [gsm0710muxd] 2408:extract_frames(): fsync() failed (-1, 22 - Invalid argument)
04-20 15:37:33.573521   720   740 I AT      : AT read end: 39
04-20 15:37:33.573765   720   740 D AT      : AT< +ECSQ: 45,33,1,-303,-31,1,1,2,32767
04-20 15:37:33.573949   720   740 D AT      : RIL_URC_READER Enter processLine:+ECSQ: 45,33,1,-303,-31,1,1,2,32767
04-20 15:37:33.574262   720   740 D RILC    : [MAL_AT] data sent to rild-mal-at is '+ECSQ: 45,33,1,-303,-31,1,1,2,32767'
04-20 15:37:33.574658   720   740 D RILC    : internalRequestTimedCallback malloc p_info: 0x7f945830c0
04-20 15:37:33.574853   720   740 D RILC    : internalRequestTimedCallback malloc p_info->event: 0x7f945830d0
04-20 15:37:33.575134   720   740 D RIL     : Nw URC:+ECSQ: 45,33,1,-303,-31,1,1,2,32767
04-20 15:37:33.575382   720   740 D RIL     : convert3GRssiValue baseband=503 ,isFdd3G=1,isTdd3G=0 ,RSCP_in_qdbm=-303 ,EcN0_in_qdbm=-31
04-20 15:37:33.575589   720   740 D RILC    : callForRilVersion new vendor RIL, version: 10
04-20 15:37:33.575778   720   740 I RILC    : RIL_SOCKET_1 UNSOLICITED: UNSOL_SIGNAL_STRENGTH length:72
04-20 15:37:33.575951   720   740 E RILC    : Send Response to rild-mal
04-20 15:37:33.585604   720   740 E RILC    : Send Response to RIL_SOCKET_1
04-20 15:37:33.588214  1576  1576 D GsmSST  : [GsmSST0] handle EVENT_SIGNAL_STRENGTH_UPDATE
04-20 15:37:33.588783  1576  1576 D GsmSST  : [GsmSST0] onSignalStrengthResult():  LastSignalStrength=SignalStrength: 14 34 -120 -160 -2 0 -1 99 2147483647 -2147483647 2147483647 2147483647 2147483647 gsm|lte 1 -304 -29
04-20 15:37:33.589150  1576  1576 D GsmSST  : [GsmSST0] onSignalStrengthResult():new mSignalStrength=SignalStrength: 14 33 -120 -160 -2 0 -1 99 2147483647 -2147483647 2147483647 2147483647 2147483647 gsm|lte 1 -304 -31
04-20 15:37:33.590370  1576  1576 W SignalStrength: SignalStrength get plugin
04-20 15:37:33.590477  1576  1576 I use-Rlog/RLOG-GSM: getLTELevel - rsrp:2147483647 snr:2147483647 rsrpIconLevel:-1 snrIconLevel:-1
04-20 15:37:33.590543  1576  1576 I use-Rlog/RLOG-GSM: getLTELevel - rssi:99 rssiIconLevel:0
04-20 15:37:33.590605  1576  1576 W SignalStrength: SignalStrength get plugin
04-20 15:37:33.590678  1576  1576 I use-Rlog/RLOG-GSM:  asu: 14 gsmRscp: -76 out level: 4
04-20 15:37:33.590741  1576  1576 D GsmSST  : [GsmSST0] notifySignalStrength: mSignalStrength.getLevel=4
04-20 15:37:33.590837  1576  1576 D SubscriptionController: [getSubId]- sSlotIdxToSubId.size == 0, return DummySubIds slotIdx=0
04-20 15:37:33.590906  1576  1576 D SubscriptionController: getDummySubIds: slotIdx=0 return 2 DummySubIds with each subId=-2
04-20 15:37:33.591047  1576  1576 D DefaultPhoneNotifier: notifySignalStrength: mRegistry=com.android.internal.telephony.ITelephonyRegistry$Stub$Proxy@20f1708 ss=SignalStrength: 14 33 -120 -160 -2 0 -1 99 2147483647 -2147483647 2147483647 2147483647 2147483647 gsm|lte 1 -304 -31 sender=Handler (com.android.internal.telephony.gsm.GSMPhone) {e4ac408}
04-20 15:37:33.592193   964  1162 D TelephonyRegistry: notifySignalStrengthForSubscriber: subId=-2 signalStrength=SignalStrength: 14 33 -120 -160 -2 0 -1 99 2147483647 -2147483647 2147483647 2147483647 2147483647 gsm|lte 1 -304 -31
04-20 15:37:33.592315   964  1162 D TelephonyRegistry: notifySignalStrengthForSubscriber: logSSC.length=5 next=3
04-20 15:37:33.594032   964  1162 D TelephonyRegistry: notifyServiceStateForSubscriber Time 20160420T153355Asia/Shanghai(3,110,28800,0,1461137635) mSubId -2 mPhoneId 0  mState 1 1 voice home data home null null null null null null  Unknown Unknown CSS not supported 0 0 RoamInd=-1 DefRoamInd=-1 EmergOnly=true Ril Voice Regist state: 10 Ril Data Regist state: 0 mProprietaryDataRadioTechnology: 0 VoiceRejectCause: -1 DataRejectCause: -1 mCdmaNetWorkMode: 0 IsDataRoamingFromRegistration=false
04-20 15:37:33.595559   964  1162 D TelephonyRegistry: notifyServiceStateForSubscriber Time 20160420T153357Asia/Shanghai(3,110,28800,0,1461137637) mSubId -2 mPhoneId 0  mState 1 1 voice home data home null null null null null null  Unknown Unknown CSS not supported -1 -1 RoamInd=-1 DefRoamInd=-1 EmergOnly=true Ril Voice Regist state: 10 Ril Data Regist state: 0 mProprietaryDataRadioTechnology: 0 VoiceRejectCause: -1 DataRejectCause: -1 mCdmaNetWorkMode: 0 IsDataRoamingFromRegistration=false
04-20 15:37:33.597090   964  1162 D TelephonyRegistry: notifyServiceStateForSubscriber Time 20160420T153505Asia/Shanghai(3,110,28800,0,1461137705) mSubId -2 mPhoneId 0  mState 1 1 voice home data home null null null null null null  Unknown Unknown CSS not supported 0 0 RoamInd=-1 DefRoamInd=-1 EmergOnly=true Ril Voice Regist state: 10 Ril Data Regist state: 0 mProprietaryDataRadioTechnology: 0 VoiceRejectCause: -1 DataRejectCause: -1 mCdmaNetWorkMode: 0 IsDataRoamingFromRegistration=false
04-20 15:37:33.598605   964  1162 D TelephonyRegistry: notifyServiceStateForSubscriber Time 20160420T153519Asia/Shanghai(3,110,28800,0,1461137719) mSubId -2 mPhoneId 0  mState 1 1 voice home data home null null null null null null  Unknown Unknown CSS not supported -1 -1 RoamInd=-1 DefRoamInd=-1 EmergOnly=true Ril Voice Regist state: 10 Ril Data Regist state: 0 mProprietaryDataRadioTechnology: 0 VoiceRejectCause: -1 DataRejectCause: -1 mCdmaNetWorkMode: 0 IsDataRoamingFromRegistration=false
04-20 15:37:33.599595   720   740 I AT      : AT read start
04-20 15:37:33.601314   964  1162 D TelephonyRegistry: notifyServiceStateForSubscriber Time 20160420T153713Asia/Shanghai(3,110,28800,0,1461137833) mSubId -2 mPhoneId 0  mState 1 1 voice home data home null null null null null null  Unknown Unknown CSS not supported 0 0 RoamInd=-1 DefRoamInd=-1 EmergOnly=true Ril Voice Regist state: 10 Ril Data Regist state: 0 mProprietaryDataRadioTechnology: 0 VoiceRejectCause: -1 DataRejectCause: -1 mCdmaNetWorkMode: 0 IsDataRoamingFromRegistration=false
04-20 15:37:33.601435   964  1162 D TelephonyRegistry: notifySignalStrengthForSubscriber: ----------------
04-20 15:37:33.601696   964  1162 D SubscriptionManager: [getPhoneId]- return dummy value, subId = -2
04-20 15:37:33.601803   964  1162 D TelephonyRegistry: validatePhoneId: true
04-20 15:37:33.601885   964  1162 D TelephonyRegistry: notifySignalStrengthForSubscriber: valid phoneId=0
04-20 15:37:33.603488  1576  1576 D SubscriptionController: [getPhoneId] asked for default subId=-1
04-20 15:37:33.603850  1576  1576 D SubscriptionController: [getPhoneId]- invalid subId = -1 return = -1
04-20 15:37:33.604458   964  1162 D SubscriptionManager: [getPhoneId]- return dummy value, subId = -2
04-20 15:37:33.604570   964  1162 D TelephonyRegistry: idMatch: rlt=false
04-20 15:37:33.604758   964  1162 D TelephonyRegistry: handleRemoveListLocked: mRemoveList.size()=0
04-20 15:37:33.605026   964  1162 W SignalStrength: SignalStrength get plugin
04-20 15:37:33.605267   964  1162 I use-Rlog/RLOG-GSM: getLTELevel - rsrp:2147483647 snr:2147483647 rsrpIconLevel:-1 snrIconLevel:-1
04-20 15:37:33.605365   964  1162 I use-Rlog/RLOG-GSM: getLTELevel - rssi:99 rssiIconLevel:0
04-20 15:37:33.605424   964  1162 W SignalStrength: SignalStrength get plugin
04-20 15:37:33.605532   964  1162 I use-Rlog/RLOG-GSM:  asu: 14 gsmRscp: -76 out level: 4
04-20 15:37:33.606025   964  1162 D SubscriptionManager: [getPhoneId]- return dummy value, subId = -2
04-20 15:37:33.607309  1576  1576 D SubscriptionController: [getSubId]- sSlotIdxToSubId.size == 0, return DummySubIds slotIdx=0
04-20 15:37:33.607419  1576  1576 D SubscriptionController: getDummySubIds: slotIdx=0 return 2 DummySubIds with each subId=-2
04-20 15:37:33.609763  1576  1576 D GsmSST  : [GsmSST0] handleMessage msg done
04-20 15:37:34.576418   720   736 D RILC    : s_last_wake_timeout_info: 0x7f945830c0 reset to NULL
04-20 15:37:34.576690   720   736 D RILC    : userTimerCallback free  p_info: 0x7f945830c0
04-20 15:37:34.576877   720   736 D RILC    : userTimerCallback free  p_info->event: 0x7f945830d0
04-20 15:37:38.015542   560   560 D RILMUXD : [gsm0710muxd] 3897:main(): Frames received/dropped: 6845/0
04-20 15:37:38.682490   560   706 D RILMUXD : [gsm0710muxd] 1643:gsm0710_base_buffer_get_frame(): Get a complete frame. ch:2, ctrl:239, len:39
04-20 15:37:38.682811   560   706 D RILMUXD : [gsm0710muxd] 2383:extract_frames(): Writing 39 byte frame received on channel 2 to /dev/pts/7
04-20 15:37:38.683127   560   706 D RILMUXD : [gsm0710muxd] 2403:extract_frames(): write() returned. Written 39/39 bytes of frame to /dev/pts/7
04-20 15:37:38.683338   560   706 D RILMUXD : [gsm0710muxd] 2408:extract_frames(): fsync() failed (-1, 22 - Invalid argument)
04-20 15:37:38.684968   720   740 I AT      : AT read end: 39
04-20 15:37:38.685213   720   740 D AT      : AT< +ECSQ: 45,32,1,-304,-33,1,1,2,32767
04-20 15:37:38.685397   720   740 D AT      : RIL_URC_READER Enter processLine:+ECSQ: 45,32,1,-304,-33,1,1,2,32767
04-20 15:37:38.685710   720   740 D RILC    : [MAL_AT] data sent to rild-mal-at is '+ECSQ: 45,32,1,-304,-33,1,1,2,32767'
04-20 15:37:38.686103   720   740 D RILC    : internalRequestTimedCallback malloc p_info: 0x7f94583180
04-20 15:37:38.686297   720   740 D RILC    : internalRequestTimedCallback malloc p_info->event: 0x7f94583190
04-20 15:37:38.686594   720   740 D RIL     : Nw URC:+ECSQ: 45,32,1,-304,-33,1,1,2,32767
04-20 15:37:38.686848   720   740 D RIL     : convert3GRssiValue baseband=503 ,isFdd3G=1,isTdd3G=0 ,RSCP_in_qdbm=-304 ,EcN0_in_qdbm=-33
04-20 15:37:38.687061   720   740 D RILC    : callForRilVersion new vendor RIL, version: 10
04-20 15:37:38.687251   720   740 I RILC    : RIL_SOCKET_1 UNSOLICITED: UNSOL_SIGNAL_STRENGTH length:72
04-20 15:37:38.687420   720   740 E RILC    : Send Response to rild-mal
04-20 15:37:38.698006   720   740 E RILC    : Send Response to RIL_SOCKET_1
04-20 15:37:38.700348  1576  1576 D GsmSST  : [GsmSST0] handle EVENT_SIGNAL_STRENGTH_UPDATE
04-20 15:37:38.700988  1576  1576 D GsmSST  : [GsmSST0] onSignalStrengthResult():  LastSignalStrength=SignalStrength: 14 33 -120 -160 -2 0 -1 99 2147483647 -2147483647 2147483647 2147483647 2147483647 gsm|lte 1 -304 -31
04-20 15:37:38.701356  1576  1576 D GsmSST  : [GsmSST0] onSignalStrengthResult():new mSignalStrength=SignalStrength: 14 32 -120 -160 -2 0 -1 99 2147483647 -2147483647 2147483647 2147483647 2147483647 gsm|lte 1 -304 -33
04-20 15:37:38.701853  1576  1576 W SignalStrength: SignalStrength get plugin
04-20 15:37:38.702189  1576  1576 I use-Rlog/RLOG-GSM: getLTELevel - rsrp:2147483647 snr:2147483647 rsrpIconLevel:-1 snrIconLevel:-1
04-20 15:37:38.702455  1576  1576 I use-Rlog/RLOG-GSM: getLTELevel - rssi:99 rssiIconLevel:0
04-20 15:37:38.702702  1576  1576 W SignalStrength: SignalStrength get plugin
04-20 15:37:38.702989  1576  1576 I use-Rlog/RLOG-GSM:  asu: 14 gsmRscp: -76 out level: 4
04-20 15:37:38.703240  1576  1576 D GsmSST  : [GsmSST0] notifySignalStrength: mSignalStrength.getLevel=4
04-20 15:37:38.703556  1576  1576 D SubscriptionController: [getSubId]- sSlotIdxToSubId.size == 0, return DummySubIds slotIdx=0
04-20 15:37:38.703826  1576  1576 D SubscriptionController: getDummySubIds: slotIdx=0 return 2 DummySubIds with each subId=-2
04-20 15:37:38.704284  1576  1576 D DefaultPhoneNotifier: notifySignalStrength: mRegistry=com.android.internal.telephony.ITelephonyRegistry$Stub$Proxy@20f1708 ss=SignalStrength: 14 32 -120 -160 -2 0 -1 99 2147483647 -2147483647 2147483647 2147483647 2147483647 gsm|lte 1 -304 -33 sender=Handler (com.android.internal.telephony.gsm.GSMPhone) {e4ac408}
04-20 15:37:38.707230   720   740 I AT      : AT read start
04-20 15:37:38.710721   964  1582 D TelephonyRegistry: notifySignalStrengthForSubscriber: subId=-2 signalStrength=SignalStrength: 14 32 -120 -160 -2 0 -1 99 2147483647 -2147483647 2147483647 2147483647 2147483647 gsm|lte 1 -304 -33
04-20 15:37:38.710878   964  1582 D TelephonyRegistry: notifySignalStrengthForSubscriber: logSSC.length=5 next=3
04-20 15:37:38.712599   964  1582 D TelephonyRegistry: notifyServiceStateForSubscriber Time 20160420T153355Asia/Shanghai(3,110,28800,0,1461137635) mSubId -2 mPhoneId 0  mState 1 1 voice home data home null null null null null null  Unknown Unknown CSS not supported 0 0 RoamInd=-1 DefRoamInd=-1 EmergOnly=true Ril Voice Regist state: 10 Ril Data Regist state: 0 mProprietaryDataRadioTechnology: 0 VoiceRejectCause: -1 DataRejectCause: -1 mCdmaNetWorkMode: 0 IsDataRoamingFromRegistration=false
04-20 15:37:38.714148   964  1582 D TelephonyRegistry: notifyServiceStateForSubscriber Time 20160420T153357Asia/Shanghai(3,110,28800,0,1461137637) mSubId -2 mPhoneId 0  mState 1 1 voice home data home null null null null null null  Unknown Unknown CSS not supported -1 -1 RoamInd=-1 DefRoamInd=-1 EmergOnly=true Ril Voice Regist state: 10 Ril Data Regist state: 0 mProprietaryDataRadioTechnology: 0 VoiceRejectCause: -1 DataRejectCause: -1 mCdmaNetWorkMode: 0 IsDataRoamingFromRegistration=false
04-20 15:37:38.715718   964  1582 D TelephonyRegistry: notifyServiceStateForSubscriber Time 20160420T153505Asia/Shanghai(3,110,28800,0,1461137705) mSubId -2 mPhoneId 0  mState 1 1 voice home data home null null null null null null  Unknown Unknown CSS not supported 0 0 RoamInd=-1 DefRoamInd=-1 EmergOnly=true Ril Voice Regist state: 10 Ril Data Regist state: 0 mProprietaryDataRadioTechnology: 0 VoiceRejectCause: -1 DataRejectCause: -1 mCdmaNetWorkMode: 0 IsDataRoamingFromRegistration=false
04-20 15:37:38.717248   964  1582 D TelephonyRegistry: notifyServiceStateForSubscriber Time 20160420T153519Asia/Shanghai(3,110,28800,0,1461137719) mSubId -2 mPhoneId 0  mState 1 1 voice home data home null null null null null null  Unknown Unknown CSS not supported -1 -1 RoamInd=-1 DefRoamInd=-1 EmergOnly=true Ril Voice Regist state: 10 Ril Data Regist state: 0 mProprietaryDataRadioTechnology: 0 VoiceRejectCause: -1 DataRejectCause: -1 mCdmaNetWorkMode: 0 IsDataRoamingFromRegistration=false
04-20 15:37:38.718775   964  1582 D TelephonyRegistry: notifyServiceStateForSubscriber Time 20160420T153713Asia/Shanghai(3,110,28800,0,1461137833) mSubId -2 mPhoneId 0  mState 1 1 voice home data home null null null null null null  Unknown Unknown CSS not supported 0 0 RoamInd=-1 DefRoamInd=-1 EmergOnly=true Ril Voice Regist state: 10 Ril Data Regist state: 0 mProprietaryDataRadioTechnology: 0 VoiceRejectCause: -1 DataRejectCause: -1 mCdmaNetWorkMode: 0 IsDataRoamingFromRegistration=false
04-20 15:37:38.718857   964  1582 D TelephonyRegistry: notifySignalStrengthForSubscriber: ----------------
04-20 15:37:38.719099   964  1582 D SubscriptionManager: [getPhoneId]- return dummy value, subId = -2
04-20 15:37:38.719205   964  1582 D TelephonyRegistry: validatePhoneId: true
04-20 15:37:38.719286   964  1582 D TelephonyRegistry: notifySignalStrengthForSubscriber: valid phoneId=0
04-20 15:37:38.721223  1576  1576 D SubscriptionController: [getPhoneId] asked for default subId=-1
04-20 15:37:38.721527  1576  1576 D SubscriptionController: [getPhoneId]- invalid subId = -1 return = -1
04-20 15:37:38.722686   964  1582 D SubscriptionManager: [getPhoneId]- return dummy value, subId = -2
04-20 15:37:38.722798   964  1582 D TelephonyRegistry: idMatch: rlt=false
04-20 15:37:38.722981   964  1582 D TelephonyRegistry: handleRemoveListLocked: mRemoveList.size()=0
04-20 15:37:38.723254   964  1582 W SignalStrength: SignalStrength get plugin
04-20 15:37:38.723495   964  1582 I use-Rlog/RLOG-GSM: getLTELevel - rsrp:2147483647 snr:2147483647 rsrpIconLevel:-1 snrIconLevel:-1
04-20 15:37:38.723596   964  1582 I use-Rlog/RLOG-GSM: getLTELevel - rssi:99 rssiIconLevel:0
04-20 15:37:38.723654   964  1582 W SignalStrength: SignalStrength get plugin
04-20 15:37:38.723786   964  1582 I use-Rlog/RLOG-GSM:  asu: 14 gsmRscp: -76 out level: 4
04-20 15:37:38.724276   964  1582 D SubscriptionManager: [getPhoneId]- return dummy value, subId = -2
04-20 15:37:38.725862  1576  1576 D SubscriptionController: [getSubId]- sSlotIdxToSubId.size == 0, return DummySubIds slotIdx=0
04-20 15:37:38.726002  1576  1576 D SubscriptionController: getDummySubIds: slotIdx=0 return 2 DummySubIds with each subId=-2
04-20 15:37:38.728169  1576  1576 D GsmSST  : [GsmSST0] handleMessage msg done
04-20 15:37:39.687860   720   736 D RILC    : s_last_wake_timeout_info: 0x7f94583180 reset to NULL
04-20 15:37:39.688152   720   736 D RILC    : userTimerCallback free  p_info: 0x7f94583180
04-20 15:37:39.688338   720   736 D RILC    : userTimerCallback free  p_info->event: 0x7f94583190
04-20 15:37:42.586069   720   736 I RILC    : NUMBER:1
04-20 15:37:42.587488   720   736 I RILC    : arg len:14
04-20 15:37:42.587774   720   736 I RILC    : ARGS[0]:THERMAL,0,-1
04-20 15:37:42.588199   720   736 D RILC    : C[locl]> QUERY_MODEM_THERMAL
04-20 15:37:42.588428   720   736 D RILC-MTK: QUERY_MODEM_THERMAL pRI=0x7f9644c2d0 p=0x7f96456460 dispatched to RIL_CMD_PROXY_1
04-20 15:37:42.591106   720   732 I RILC-MTK: RIL_CMD2_PROXY_2 wakeup
04-20 15:37:42.591330   720   732 I RILC-MTK: RIL_CMD2_PROXY_2 sleep
04-20 15:37:42.591649   720   724 I RILC-MTK: RIL_URC_PROXY wakeup
04-20 15:37:42.591819   720   724 I RILC-MTK: RIL_URC_PROXY sleep
04-20 15:37:42.592100   720   733 I RILC-MTK: RIL_CMD2_PROXY_1 wakeup
04-20 15:37:42.592267   720   733 I RILC-MTK: RIL_CMD2_PROXY_1 sleep
04-20 15:37:42.592564   720   726 I RILC-MTK: RIL_CMD_PROXY_2 wakeup
04-20 15:37:42.592730   720   726 I RILC-MTK: RIL_CMD_PROXY_2 sleep
04-20 15:37:42.593011   720   729 I RILC-MTK: RIL_ATCI_PROXY wakeup
04-20 15:37:42.593180   720   729 I RILC-MTK: RIL_ATCI_PROXY sleep
04-20 15:37:42.593451   720   728 I RILC-MTK: RIL_CMD_PROXY_4 wakeup
04-20 15:37:42.593617   720   728 I RILC-MTK: RIL_CMD_PROXY_4 sleep
04-20 15:37:42.593916   720   734 I RILC-MTK: RIL_CMD2_PROXY_4 wakeup
04-20 15:37:42.594082   720   734 I RILC-MTK: RIL_CMD2_PROXY_4 sleep
04-20 15:37:42.595097   720   730 I RILC-MTK: RIL_URC2_PROXY wakeup
04-20 15:37:42.595268   720   730 I RILC-MTK: RIL_URC2_PROXY sleep
04-20 15:37:42.595540   720   731 I RILC-MTK: RIL_CMD2_PROXY_3 wakeup
04-20 15:37:42.595707   720   731 I RILC-MTK: RIL_CMD2_PROXY_3 sleep
04-20 15:37:42.595987   720   725 I RILC-MTK: RIL_CMD_PROXY_3 wakeup
04-20 15:37:42.596154   720   725 I RILC-MTK: RIL_CMD_PROXY_3 sleep
04-20 15:37:42.596433   720   727 I RILC-MTK: RIL_CMD_PROXY_1 wakeup
04-20 15:37:42.596617   720   727 D RILC-MTK: proxy id:3, proxyName: RIL_CMD_PROXY_1
04-20 15:37:42.596806   720   727 D RILC-MTK: QUERY_MODEM_THERMAL pRI=0x7f9644c2d0 p=0x7f96456460 execute on RIL_CMD_PROXY_1 using channel 3
04-20 15:37:42.596989   720   727 D RILC    : callOnRequest for new vendor ril
04-20 15:37:42.597163   720   727 D RIL     : onRequest: QUERY_MODEM_THERMAL, datalen = 8
04-20 15:37:42.597334   720   727 D RIL     : radioState:10
04-20 15:37:42.597524   720   727 D RIL     : requestQueryThermal Enter,-1
04-20 15:37:42.597727   720   727 D AT      : getRILChannelCtx subsystem:1, rid:0 channelOffset:0
04-20 15:37:42.597902   720   727 D AT      : AT send on RIL_CMD_READER_3, tid:547975332928
04-20 15:37:42.598063   720   727 D AT      : AT> AT+ETHERMAL
04-20 15:37:42.598222   720   727 I AT      : AT write start
04-20 15:37:42.598641   720   735 I RILC-MTK: RIL_ATCI2_PROXY wakeup
04-20 15:37:42.598810   720   735 I RILC-MTK: RIL_ATCI2_PROXY sleep
04-20 15:37:42.603835   560   712 D RILMUXD : [gsm0710muxd] 3614:poll_thread(): poll_thread select found
04-20 15:37:42.604192   560   712 D RILMUXD : [gsm0710muxd] 1045:pseudo_device_read(): Enter, LackofAtciChannel=0
04-20 15:37:42.604426   560   712 D RILMUXD : [gsm0710muxd] 657:write_frame(): Sending frame to channel 5
04-20 15:37:42.604834   560   712 D RILMUXD : [gsm0710muxd] 766:write_frame(): Write a frame on channel 5 with length 12
04-20 15:37:42.612563   560   706 D RILMUXD : [gsm0710muxd] 1643:gsm0710_base_buffer_get_frame(): Get a complete frame. ch:5, ctrl:239, len:44
04-20 15:37:42.612786   560   706 D RILMUXD : [gsm0710muxd] 2383:extract_frames(): Writing 44 byte frame received on channel 5 to /dev/pts/10
04-20 15:37:42.613002   560   706 D RILMUXD : [gsm0710muxd] 2403:extract_frames(): write() returned. Written 44/44 bytes of frame to /dev/pts/10
04-20 15:37:42.613146   560   706 D RILMUXD : [gsm0710muxd] 2408:extract_frames(): fsync() failed (-1, 22 - Invalid argument)
04-20 15:37:42.613451   560   706 D RILMUXD : [gsm0710muxd] 1643:gsm0710_base_buffer_get_frame(): Get a complete frame. ch:5, ctrl:239, len:6
04-20 15:37:42.613598   560   706 D RILMUXD : [gsm0710muxd] 2383:extract_frames(): Writing 6 byte frame received on channel 5 to /dev/pts/10
04-20 15:37:42.613765   560   706 D RILMUXD : [gsm0710muxd] 2403:extract_frames(): write() returned. Written 6/6 bytes of frame to /dev/pts/10
04-20 15:37:42.613903   560   706 D RILMUXD : [gsm0710muxd] 2408:extract_frames(): fsync() failed (-1, 22 - Invalid argument)
04-20 15:37:42.614259   720   743 I AT      : AT read end: 50
04-20 15:37:42.614387   720   743 D AT      : AT< +ETHERMAL: 2, 32767, -127, -1, 32767, 18
04-20 15:37:42.614506   720   743 D AT      : RIL_CMD_READER_3 Enter processLine:+ETHERMAL: 2, 32767, -127, -1, 32767, 18
04-20 15:37:42.614635   720   743 D AT      : AT< OK
04-20 15:37:42.614752   720   743 D AT      : RIL_CMD_READER_3 Enter processLine:OK
04-20 15:37:42.614922   720   743 I AT      : AT read start
04-20 15:37:42.615182   720   727 D AT      : response received on RIL_CMD_READER_3, tid:547975332928
04-20 15:37:42.615308   720   727 D RIL     : requestQueryThermal success
04-20 15:37:42.615428   720   727 D RILC    : RequestComplete, RIL_SOCKET_1
04-20 15:37:42.615550   720   727 D RILC    : [THERMAL] local request for THERMAL returned 
04-20 15:37:42.615685   720   727 D RILC    : [THERMAL] s_THERMAL_fd is valid strResult is  2, 32767, -127, -1, 32767, 18
04-20 15:37:42.615922   720   727 D RILC-MTK: proxyLoop free  pRI=0x7f9644c2d0 p=0x7f96456460 
04-20 15:37:42.616054   720   727 D RILC-MTK: proxyLoop free  pRequest=0x7f96452520
04-20 15:37:42.616168   720   727 I RILC-MTK: RIL_CMD_PROXY_1 sleep
04-20 15:37:43.015984   560   560 D RILMUXD : [gsm0710muxd] 3897:main(): Frames received/dropped: 6848/0
04-20 15:37:43.803753   560   706 D RILMUXD : [gsm0710muxd] 1643:gsm0710_base_buffer_get_frame(): Get a complete frame. ch:2, ctrl:239, len:39
04-20 15:37:43.804068   560   706 D RILMUXD : [gsm0710muxd] 2383:extract_frames(): Writing 39 byte frame received on channel 2 to /dev/pts/7
04-20 15:37:43.804379   560   706 D RILMUXD : [gsm0710muxd] 2403:extract_frames(): write() returned. Written 39/39 bytes of frame to /dev/pts/7
04-20 15:37:43.804586   560   706 D RILMUXD : [gsm0710muxd] 2408:extract_frames(): fsync() failed (-1, 22 - Invalid argument)
04-20 15:37:43.810394   720   740 I AT      : AT read end: 39
04-20 15:37:43.810641   720   740 D AT      : AT< +ECSQ: 44,30,1,-305,-37,1,1,2,32767
04-20 15:37:43.810819   720   740 D AT      : RIL_URC_READER Enter processLine:+ECSQ: 44,30,1,-305,-37,1,1,2,32767
04-20 15:37:43.811129   720   740 D RILC    : [MAL_AT] data sent to rild-mal-at is '+ECSQ: 44,30,1,-305,-37,1,1,2,32767'
04-20 15:37:43.811530   720   740 D RILC    : internalRequestTimedCallback malloc p_info: 0x7f945833c0
04-20 15:37:43.811722   720   740 D RILC    : internalRequestTimedCallback malloc p_info->event: 0x7f945833d0
04-20 15:37:43.812019   720   740 D RIL     : Nw URC:+ECSQ: 44,30,1,-305,-37,1,1,2,32767
04-20 15:37:43.812264   720   740 D RIL     : convert3GRssiValue baseband=503 ,isFdd3G=1,isTdd3G=0 ,RSCP_in_qdbm=-305 ,EcN0_in_qdbm=-37
04-20 15:37:43.812473   720   740 D RILC    : callForRilVersion new vendor RIL, version: 10
04-20 15:37:43.812666   720   740 I RILC    : RIL_SOCKET_1 UNSOLICITED: UNSOL_SIGNAL_STRENGTH length:72
04-20 15:37:43.812835   720   740 E RILC    : Send Response to rild-mal
04-20 15:37:43.823151   720   740 E RILC    : Send Response to RIL_SOCKET_1
04-20 15:37:43.831007  1576  1576 D GsmSST  : [GsmSST0] handle EVENT_SIGNAL_STRENGTH_UPDATE
04-20 15:37:43.831218  1576  1576 D GsmSST  : [GsmSST0] onSignalStrengthResult():  LastSignalStrength=SignalStrength: 14 32 -120 -160 -2 0 -1 99 2147483647 -2147483647 2147483647 2147483647 2147483647 gsm|lte 1 -304 -33
04-20 15:37:43.831311  1576  1576 D GsmSST  : [GsmSST0] onSignalStrengthResult():new mSignalStrength=SignalStrength: 14 30 -120 -160 -2 0 -1 99 2147483647 -2147483647 2147483647 2147483647 2147483647 gsm|lte 1 -308 -37
04-20 15:37:43.831475  1576  1576 W SignalStrength: SignalStrength get plugin
04-20 15:37:43.831572  1576  1576 I use-Rlog/RLOG-GSM: getLTELevel - rsrp:2147483647 snr:2147483647 rsrpIconLevel:-1 snrIconLevel:-1
04-20 15:37:43.831638  1576  1576 I use-Rlog/RLOG-GSM: getLTELevel - rssi:99 rssiIconLevel:0
04-20 15:37:43.831701  1576  1576 W SignalStrength: SignalStrength get plugin
04-20 15:37:43.831775  1576  1576 I use-Rlog/RLOG-GSM:  asu: 14 gsmRscp: -77 out level: 4
04-20 15:37:43.831838  1576  1576 D GsmSST  : [GsmSST0] notifySignalStrength: mSignalStrength.getLevel=4
04-20 15:37:43.831929  1576  1576 D SubscriptionController: [getSubId]- sSlotIdxToSubId.size == 0, return DummySubIds slotIdx=0
04-20 15:37:43.831997  1576  1576 D SubscriptionController: getDummySubIds: slotIdx=0 return 2 DummySubIds with each subId=-2
04-20 15:37:43.832121  1576  1576 D DefaultPhoneNotifier: notifySignalStrength: mRegistry=com.android.internal.telephony.ITelephonyRegistry$Stub$Proxy@20f1708 ss=SignalStrength: 14 30 -120 -160 -2 0 -1 99 2147483647 -2147483647 2147483647 2147483647 2147483647 gsm|lte 1 -308 -37 sender=Handler (com.android.internal.telephony.gsm.GSMPhone) {e4ac408}
04-20 15:37:43.833096   964  2089 D TelephonyRegistry: notifySignalStrengthForSubscriber: subId=-2 signalStrength=SignalStrength: 14 30 -120 -160 -2 0 -1 99 2147483647 -2147483647 2147483647 2147483647 2147483647 gsm|lte 1 -308 -37
04-20 15:37:43.833215   964  2089 D TelephonyRegistry: notifySignalStrengthForSubscriber: logSSC.length=5 next=3
04-20 15:37:43.834936   964  2089 D TelephonyRegistry: notifyServiceStateForSubscriber Time 20160420T153355Asia/Shanghai(3,110,28800,0,1461137635) mSubId -2 mPhoneId 0  mState 1 1 voice home data home null null null null null null  Unknown Unknown CSS not supported 0 0 RoamInd=-1 DefRoamInd=-1 EmergOnly=true Ril Voice Regist state: 10 Ril Data Regist state: 0 mProprietaryDataRadioTechnology: 0 VoiceRejectCause: -1 DataRejectCause: -1 mCdmaNetWorkMode: 0 IsDataRoamingFromRegistration=false
04-20 15:37:43.836509   964  2089 D TelephonyRegistry: notifyServiceStateForSubscriber Time 20160420T153357Asia/Shanghai(3,110,28800,0,1461137637) mSubId -2 mPhoneId 0  mState 1 1 voice home data home null null null null null null  Unknown Unknown CSS not supported -1 -1 RoamInd=-1 DefRoamInd=-1 EmergOnly=true Ril Voice Regist state: 10 Ril Data Regist state: 0 mProprietaryDataRadioTechnology: 0 VoiceRejectCause: -1 DataRejectCause: -1 mCdmaNetWorkMode: 0 IsDataRoamingFromRegistration=false
04-20 15:37:43.838042   964  2089 D TelephonyRegistry: notifyServiceStateForSubscriber Time 20160420T153505Asia/Shanghai(3,110,28800,0,1461137705) mSubId -2 mPhoneId 0  mState 1 1 voice home data home null null null null null null  Unknown Unknown CSS not supported 0 0 RoamInd=-1 DefRoamInd=-1 EmergOnly=true Ril Voice Regist state: 10 Ril Data Regist state: 0 mProprietaryDataRadioTechnology: 0 VoiceRejectCause: -1 DataRejectCause: -1 mCdmaNetWorkMode: 0 IsDataRoamingFromRegistration=false
04-20 15:37:43.839983   720   740 I AT      : AT read start
04-20 15:37:43.841088   964  2089 D TelephonyRegistry: notifyServiceStateForSubscriber Time 20160420T153519Asia/Shanghai(3,110,28800,0,1461137719) mSubId -2 mPhoneId 0  mState 1 1 voice home data home null null null null null null  Unknown Unknown CSS not supported -1 -1 RoamInd=-1 DefRoamInd=-1 EmergOnly=true Ril Voice Regist state: 10 Ril Data Regist state: 0 mProprietaryDataRadioTechnology: 0 VoiceRejectCause: -1 DataRejectCause: -1 mCdmaNetWorkMode: 0 IsDataRoamingFromRegistration=false
04-20 15:37:43.842737   964  2089 D TelephonyRegistry: notifyServiceStateForSubscriber Time 20160420T153713Asia/Shanghai(3,110,28800,0,1461137833) mSubId -2 mPhoneId 0  mState 1 1 voice home data home null null null null null null  Unknown Unknown CSS not supported 0 0 RoamInd=-1 DefRoamInd=-1 EmergOnly=true Ril Voice Regist state: 10 Ril Data Regist state: 0 mProprietaryDataRadioTechnology: 0 VoiceRejectCause: -1 DataRejectCause: -1 mCdmaNetWorkMode: 0 IsDataRoamingFromRegistration=false
04-20 15:37:43.842824   964  2089 D TelephonyRegistry: notifySignalStrengthForSubscriber: ----------------
04-20 15:37:43.842980   964  2089 D SubscriptionManager: [getPhoneId]- return dummy value, subId = -2
04-20 15:37:43.843083   964  2089 D TelephonyRegistry: validatePhoneId: true
04-20 15:37:43.843164   964  2089 D TelephonyRegistry: notifySignalStrengthForSubscriber: valid phoneId=0
04-20 15:37:43.844552  1576  1576 D SubscriptionController: [getPhoneId] asked for default subId=-1
04-20 15:37:43.844846  1576  1576 D SubscriptionController: [getPhoneId]- invalid subId = -1 return = -1
04-20 15:37:43.845478   964  2089 D SubscriptionManager: [getPhoneId]- return dummy value, subId = -2
04-20 15:37:43.845596   964  2089 D TelephonyRegistry: idMatch: rlt=false
04-20 15:37:43.845784   964  2089 D TelephonyRegistry: handleRemoveListLocked: mRemoveList.size()=0
04-20 15:37:43.845958   964  2089 W SignalStrength: SignalStrength get plugin
04-20 15:37:43.846590   964  2089 I use-Rlog/RLOG-GSM: getLTELevel - rsrp:2147483647 snr:2147483647 rsrpIconLevel:-1 snrIconLevel:-1
04-20 15:37:43.846702   964  2089 I use-Rlog/RLOG-GSM: getLTELevel - rssi:99 rssiIconLevel:0
04-20 15:37:43.846762   964  2089 W SignalStrength: SignalStrength get plugin
04-20 15:37:43.846871   964  2089 I use-Rlog/RLOG-GSM:  asu: 14 gsmRscp: -77 out level: 4
04-20 15:37:43.847373   964  2089 D SubscriptionManager: [getPhoneId]- return dummy value, subId = -2
04-20 15:37:43.848512  1576  1576 D SubscriptionController: [getSubId]- sSlotIdxToSubId.size == 0, return DummySubIds slotIdx=0
04-20 15:37:43.848621  1576  1576 D SubscriptionController: getDummySubIds: slotIdx=0 return 2 DummySubIds with each subId=-2
04-20 15:37:43.850848  1576  1576 D GsmSST  : [GsmSST0] handleMessage msg done
04-20 15:37:44.812792   720   736 D RILC    : s_last_wake_timeout_info: 0x7f945833c0 reset to NULL
04-20 15:37:44.812854   720   736 D RILC    : userTimerCallback free  p_info: 0x7f945833c0
04-20 15:37:44.812899   720   736 D RILC    : userTimerCallback free  p_info->event: 0x7f945833d0
04-20 15:37:45.169791  1576  1576 D RILJ    : onDisplayChanged: displayId = 0 [SUB0]
04-20 15:37:45.176838  1576  1576 D RILJ    : defaultDisplayState: 1, isDevicePlugged: false [SUB0]
04-20 15:37:45.177173  1576  1576 D RILJ    : [4484]> SCREEN_STATE: false [SUB0]
04-20 15:37:45.193254  1576  1576 D RILJ    : onDisplayChanged: displayId = 0 [SUB1]
04-20 15:37:45.194024   720   736 D RILC    : SOCKET RIL_SOCKET_1 REQUEST: SCREEN_STATE length:16
04-20 15:37:45.194102   720   736 I RILC-MTK: create request 61: pRequest=0x7f96452580, pRI=0x7f9644c510, p=0x7f96456540, pUCI=0x0
04-20 15:37:45.194151   720   736 D RILC-MTK: SCREEN_STATE pRI=0x7f9644c510 p=0x7f96456540 dispatched to RIL_CMD_PROXY_3
04-20 15:37:45.194370   720   732 I RILC-MTK: RIL_CMD2_PROXY_2 wakeup
04-20 15:37:45.194425   720   732 I RILC-MTK: RIL_CMD2_PROXY_2 sleep
04-20 15:37:45.194483   720   733 I RILC-MTK: RIL_CMD2_PROXY_1 wakeup
04-20 15:37:45.194506   720   729 I RILC-MTK: RIL_ATCI_PROXY wakeup
04-20 15:37:45.194549   720   733 I RILC-MTK: RIL_CMD2_PROXY_1 sleep
04-20 15:37:45.194619   720   730 I RILC-MTK: RIL_URC2_PROXY wakeup
04-20 15:37:45.194669   720   730 I RILC-MTK: RIL_URC2_PROXY sleep
04-20 15:37:45.194736   720   734 I RILC-MTK: RIL_CMD2_PROXY_4 wakeup
04-20 15:37:45.194784   720   734 I RILC-MTK: RIL_CMD2_PROXY_4 sleep
04-20 15:37:45.194808  1576  1576 D RILJ    : defaultDisplayState: 1, isDevicePlugged: false [SUB1]
04-20 15:37:45.194855   720   728 I RILC-MTK: RIL_CMD_PROXY_4 wakeup
04-20 15:37:45.194901   720   728 I RILC-MTK: RIL_CMD_PROXY_4 sleep
04-20 15:37:45.194969   720   727 I RILC-MTK: RIL_CMD_PROXY_1 wakeup
04-20 15:37:45.194982  1576  1576 D RILJ    : [4485]> SCREEN_STATE: false [SUB1]
04-20 15:37:45.195014   720   727 I RILC-MTK: RIL_CMD_PROXY_1 sleep
04-20 15:37:45.195083   720   735 I RILC-MTK: RIL_ATCI2_PROXY wakeup
04-20 15:37:45.195130   720   735 I RILC-MTK: RIL_ATCI2_PROXY sleep
04-20 15:37:45.195196   720   725 I RILC-MTK: RIL_CMD_PROXY_3 wakeup
04-20 15:37:45.195246   720   725 D RILC-MTK: proxy id:1, proxyName: RIL_CMD_PROXY_3
04-20 15:37:45.195300   720   725 D RILC-MTK: SCREEN_STATE pRI=0x7f9644c510 p=0x7f96456540 execute on RIL_CMD_PROXY_3 using channel 1
04-20 15:37:45.195360   720   725 D RILC    : callOnRequest for new vendor ril
04-20 15:37:45.195412   720   725 D RIL     : onRequest: SCREEN_STATE, datalen = 4
04-20 15:37:45.195459   720   725 D RIL     : radioState:10
04-20 15:37:45.195691   720   731 I RILC-MTK: RIL_CMD2_PROXY_3 wakeup
04-20 15:37:45.195754   720   731 I RILC-MTK: RIL_CMD2_PROXY_3 sleep
04-20 15:37:45.194471   720   724 I RILC-MTK: RIL_URC_PROXY wakeup
04-20 15:37:45.195531   720   725 D AT      : AT send on RIL_CMD_READER_1, tid:547977413696
04-20 15:37:45.196846   720   724 I RILC-MTK: RIL_URC_PROXY sleep
04-20 15:37:45.196936   720   729 I RILC-MTK: RIL_ATCI_PROXY sleep
04-20 15:37:45.197023   720   726 I RILC-MTK: RIL_CMD_PROXY_2 wakeup
04-20 15:37:45.197090   720   725 D AT      : AT> AT+CREG=1
04-20 15:37:45.197156   720   725 I AT      : AT write start
04-20 15:37:45.197365   720   726 I RILC-MTK: RIL_CMD_PROXY_2 sleep
