04-20 15:40:58.898577 12739 12892 V MediaScanner: prescan<<< imageCount=0,videoCount=0, audioCount=0, lastId=-9223372036854775808,isEmpty=true
04-20 15:40:58.899157 12739 12892 E MediaScanner: scanSingleFile: Not exist path=/storage/emulated/0/mtklog/mdlog1/file_tree.txt
04-20 15:40:58.899771 12140 12152 V MediaScannerConnection: Disconnecting from Media Scanner
04-20 15:40:58.900069 12140 12152 V MediaScannerConnection: disconnect failed: java.lang.IllegalArgumentException: Service not registered: android.media.MediaScannerConnection@da0bc1a
04-20 15:40:58.902194 12739 12739 D MediaScannerService: onDestroy
04-20 15:40:58.904552 12140 12809 V MTKLogger/Utils: <--updateLogFilesInMediaProvider() Done.
04-20 15:40:59.269965   964  1059 D PerfServiceManager: [PerfService] MESSAGE_TIMEOUT:101 
04-20 15:40:59.270344   964  1059 I libPerfService: 1: set: 1
04-20 15:40:59.270570   964  1059 I libPerfService: 1: set freq: 0
04-20 15:40:59.270624   964  1059 I libPerfService: 1: set vcore level: 0
04-20 15:40:59.633407  2025  2031 I PerfService: PerfServiceNative_getPackName
04-20 15:40:59.635046   964  1843 I libPerfService: perfGetLastBoostPid 12140
04-20 15:40:59.635635   964  1843 D PerfServiceManager: [PerfService] getLastBoostPid 12140 
04-20 15:40:59.635857   964  1843 I libPerfService: perfGetLastBoostPid 12140
04-20 15:41:00.036878  1102  1102 D KeyguardUpdateMonitor: received broadcast android.intent.action.TIME_TICK
04-20 15:41:00.037367  1102  1102 D KeyguardUpdateMonitor: handleTimeUpdate
04-20 15:41:00.039248  1102  1102 D SettingsInterface:  from settings cache , name = time_12_24 , value = null
04-20 15:41:00.039835  1102  1102 D SettingsInterface:  from settings cache , name = time_12_24 , value = null
04-20 15:41:00.051353  1102  1102 D SettingsInterface:  from settings cache , name = time_12_24 , value = null
04-20 15:41:00.052628  1102  1102 V DisplayEventReceiver: call nativeScheduleVsync mReceiverPtr = 548106581952
04-20 15:41:00.053712   231   269 D SurfaceFlinger: requestNextVsync(1102)
04-20 15:41:00.055608   231   287 D SurfaceFlinger: postEvent(1102, v/c=32108)
04-20 15:41:00.060129  1102  1102 V ViewRootImpl: ViewRoot performTraversals+ : mFirst = false, this = ViewRoot{9bd9b3e StatusBar,ident = 0}
04-20 15:41:00.068578   231   267 D SurfaceFlinger: requestNextVsync(231)
04-20 15:41:00.068727   231   267 I BufferQueueProducer: [StatusBar](this:0x7f79f0bc00,id:7,api:1,p:1102,c:231) queueBuffer: fps=8.34 dur=6117.91 max=5269.70 min=4.53
04-20 15:41:00.070122  1102  1102 V ViewRootImpl: ViewRoot performTraversals and draw- : mResizeBuffer = null, mResizeAlpha = 0, this = ViewRoot{9bd9b3e StatusBar,ident = 0} frame#6266 (cancelDraw = false)
04-20 15:41:00.072118   231   289 D SurfaceFlinger: postEvent(231, v/c=25951)
04-20 15:41:00.083751   231   231 I SurfaceFlinger: [Built-in Screen (type:0)] fps:10.502112,dur:3427.88,max:2511.93,min:8.83
04-20 15:41:00.097439  1102  1102 V DisplayEventReceiver: call nativeScheduleVsync mReceiverPtr = 548106581952
04-20 15:41:00.097906   231  1039 D SurfaceFlinger: requestNextVsync(1102)
04-20 15:41:00.104339   231   287 D SurfaceFlinger: postEvent(1102, v/c=32110)
04-20 15:41:00.104891  1102  1102 V ViewRootImpl: ViewRoot performTraversals+ : mFirst = false, this = ViewRoot{9bd9b3e StatusBar,ident = 0}
04-20 15:41:00.113090   231   313 D SurfaceFlinger: requestNextVsync(231)
04-20 15:41:00.114191  1102  1102 V ViewRootImpl: ViewRoot performTraversals and draw- : mResizeBuffer = null, mResizeAlpha = 0, this = ViewRoot{9bd9b3e StatusBar,ident = 0} frame#6267 (cancelDraw = false)
04-20 15:41:00.115392  1102  1102 V DisplayEventReceiver: call nativeScheduleVsync mReceiverPtr = 548106581952
04-20 15:41:00.115743   231  1738 D SurfaceFlinger: requestNextVsync(1102)
04-20 15:41:00.120669   231   287 D SurfaceFlinger: postEvent(1102, v/c=32111)
04-20 15:41:00.120838   231   289 D SurfaceFlinger: postEvent(231, v/c=25953)
04-20 15:41:00.125432  1102  1102 V ViewRootImpl: ViewRoot performTraversals+ : mFirst = false, this = ViewRoot{9bd9b3e StatusBar,ident = 0}
04-20 15:41:00.133462   231  1039 D SurfaceFlinger: requestNextVsync(231)
04-20 15:41:00.134108  1102  1102 V ViewRootImpl: ViewRoot performTraversals and draw- : mResizeBuffer = null, mResizeAlpha = 0, this = ViewRoot{9bd9b3e StatusBar,ident = 0} frame#6268 (cancelDraw = false)
04-20 15:41:00.140325   231   289 D SurfaceFlinger: postEvent(231, v/c=25954)
04-20 15:41:00.377507   964  1059 D PerfServiceManager: [PerfService] MESSAGE_TIMER_RENDER_AWARE_DURATION timeout 
04-20 15:41:00.520399   964   964 D SettingsInterface:  from settings cache , name = sys_free_storage_log_interval , value = null
04-20 15:41:00.522546   964   964 D SettingsInterface:  from settings cache , name = disk_free_change_reporting_threshold , value = null
04-20 15:41:00.525908   964   964 D StrictMode: handleViolation; policy=2097159
04-20 15:41:00.561009  9526  9526 D BluetoothAdapterService: handleMessage() - Message: 110
04-20 15:41:00.571845   964   979 D AppOps  : startOperation: allowing code 40 uid 1002 package com.android.bluetooth
04-20 15:41:00.580139  9526  9543 E bt_osi_alarm: reschedule_root_alarm alarm expiration too close for posix timers, switching to guns
04-20 15:41:00.581361  9526  9543 E bt_osi_alarm: reschedule_root_alarm alarm expiration too close for posix timers, switching to guns
04-20 15:41:00.581869  9526  9543 E bt_osi_alarm: reschedule_root_alarm alarm expiration too close for posix timers, switching to guns
04-20 15:41:00.582216  9526  9543 E bt_osi_alarm: reschedule_root_alarm alarm expiration too close for posix timers, switching to guns
04-20 15:41:00.582547  9526  9543 E bt_osi_alarm: reschedule_root_alarm alarm expiration too close for posix timers, switching to guns
04-20 15:41:00.638245  2025  2031 I PerfService: PerfServiceNative_getPackName
04-20 15:41:00.638812   964  1747 I libPerfService: perfGetLastBoostPid 12140
04-20 15:41:00.639015   964  1747 D PerfServiceManager: [PerfService] getLastBoostPid 12140 
04-20 15:41:00.639069   964  1747 I libPerfService: perfGetLastBoostPid 12140
04-20 15:41:00.694097   964  1007 D InputReader: AP_PROF:AppLaunch_dispatchPtr:Down:20449854, ID:0, Index:-1663946816
04-20 15:41:00.694285   964  1007 I PerfService: PerfServiceNative_boostEnableAsync:3
04-20 15:41:00.695372   964  1059 I libPerfService: 3: set freq: 819000
04-20 15:41:00.697992  1102  1102 V ViewRootImpl: enqueueInputEvent: event = MotionEvent { action=ACTION_OUTSIDE, actionButton=0, id[0]=0, x[0]=0.0, y[0]=0.0, toolType[0]=TOOL_TYPE_FINGER, buttonState=0, metaState=0, flags=0x0, edgeFlags=0x0, pointerCount=1, historySize=0, eventTime=20449854, downTime=20449854, deviceId=1, source=0x1002 },processImmediately = true,mProcessInputEventsScheduled = false, this = ViewRoot{78da969 NavigationBar,ident = 2}
04-20 15:41:00.698324  1102  1102 V ViewRootImpl: finishInputEvent: handled = false,event = MotionEvent { action=ACTION_OUTSIDE, actionButton=0, id[0]=0, x[0]=0.0, y[0]=0.0, toolType[0]=TOOL_TYPE_FINGER, buttonState=0, metaState=0, flags=0x0, edgeFlags=0x0, pointerCount=1, historySize=0, eventTime=20449854, downTime=20449854, deviceId=1, source=0x1002 }, stage = 11: Synthetic input stage, this = ViewRoot{78da969 NavigationBar,ident = 2}
04-20 15:41:00.698718  1102  1102 V ViewRootImpl: enqueueInputEvent: event = MotionEvent { action=ACTION_OUTSIDE, actionButton=0, id[0]=0, x[0]=0.0, y[0]=0.0, toolType[0]=TOOL_TYPE_FINGER, buttonState=0, metaState=0, flags=0x0, edgeFlags=0x0, pointerCount=1, historySize=0, eventTime=20449854, downTime=20449854, deviceId=1, source=0x1002 },processImmediately = true,mProcessInputEventsScheduled = false, this = ViewRoot{9bd9b3e StatusBar,ident = 0}
04-20 15:41:00.698960  1102  1102 V ViewRootImpl: finishInputEvent: handled = false,event = MotionEvent { action=ACTION_OUTSIDE, actionButton=0, id[0]=0, x[0]=0.0, y[0]=0.0, toolType[0]=TOOL_TYPE_FINGER, buttonState=0, metaState=0, flags=0x0, edgeFlags=0x0, pointerCount=1, historySize=0, eventTime=20449854, downTime=20449854, deviceId=1, source=0x1002 }, stage = 11: Synthetic input stage, this = ViewRoot{9bd9b3e StatusBar,ident = 0}
04-20 15:41:00.699878 12140 12140 V ViewRootImpl: enqueueInputEvent: event = MotionEvent { action=ACTION_DOWN, actionButton=0, id[0]=0, x[0]=400.47855, y[0]=1281.0621, toolType[0]=TOOL_TYPE_FINGER, buttonState=0, metaState=0, flags=0x0, edgeFlags=0x0, pointerCount=1, historySize=0, eventTime=20449854, downTime=20449854, deviceId=1, source=0x1002 },processImmediately = true,mProcessInputEventsScheduled = false, this = ViewRoot{fde04bd com.mediatek.mtklogger/com.mediatek.mtklogger.MainActivity,ident = 3}
04-20 15:41:00.702467   964  1059 I libPerfService: 3: set: 3
04-20 15:41:00.705150 12140 12140 I View    : Touch down dispatch to android.widget.ToggleButton{702b968 VFED..C.. ........ 364,0-404,40 #7f0c00b4 app:id/startStopToggleButton}, event = MotionEvent { action=ACTION_DOWN, actionButton=0, id[0]=0, x[0]=36.478546, y[0]=21.062134, toolType[0]=TOOL_TYPE_FINGER, buttonState=0, metaState=0, flags=0x0, edgeFlags=0x0, pointerCount=1, historySize=0, eventTime=20449854, downTime=20449854, deviceId=1, source=0x1002 }
04-20 15:41:00.705734 12140 12140 V DisplayEventReceiver: call nativeScheduleVsync mReceiverPtr = 548118246464
04-20 15:41:00.706046   231   269 D SurfaceFlinger: requestNextVsync(12140)
04-20 15:41:00.706758 12140 12140 V ViewRootImpl: App handle pointer event: event = MotionEvent { action=ACTION_DOWN, actionButton=0, id[0]=0, x[0]=400.47855, y[0]=1281.0621, toolType[0]=TOOL_TYPE_FINGER, buttonState=0, metaState=0, flags=0x0, edgeFlags=0x0, pointerCount=1, historySize=0, eventTime=20449854, downTime=20449854, deviceId=1, source=0x1002 }, mView = com.android.internal.policy.PhoneWindow$DecorView{caa739a V.E...... R......D 0,0-768,1306}, this = android.view.ViewRootImpl$ViewPostImeInputStage@a7a75e3
04-20 15:41:00.707157 12140 12140 V ViewRootImpl: finishInputEvent: handled = true,event = MotionEvent { action=ACTION_DOWN, actionButton=0, id[0]=0, x[0]=400.47855, y[0]=1281.0621, toolType[0]=TOOL_TYPE_FINGER, buttonState=0, metaState=0, flags=0x0, edgeFlags=0x0, pointerCount=1, historySize=0, eventTime=20449854, downTime=20449854, deviceId=1, source=0x1002 }, stage = 10: View Post IME stage, this = ViewRoot{fde04bd com.mediatek.mtklogger/com.mediatek.mtklogger.MainActivity,ident = 3}
04-20 15:41:00.709684   231   287 D SurfaceFlinger: postEvent(12140, v/c=32113)
04-20 15:41:00.710279 12140 12140 V ViewRootImpl: ViewRoot performTraversals+ : mFirst = false, this = ViewRoot{fde04bd com.mediatek.mtklogger/com.mediatek.mtklogger.MainActivity,ident = 3}
04-20 15:41:00.711978 12140 12140 V ViewRootImpl: ViewRoot performTraversals and draw- : mResizeBuffer = null, mResizeAlpha = 0, this = ViewRoot{fde04bd com.mediatek.mtklogger/com.mediatek.mtklogger.MainActivity,ident = 3} frame#39 (cancelDraw = false)
04-20 15:41:00.714469 12140 12140 V DisplayEventReceiver: call nativeScheduleVsync mReceiverPtr = 548118246464
04-20 15:41:00.715147   231  1738 D SurfaceFlinger: requestNextVsync(12140)
04-20 15:41:00.717500   231   267 D SurfaceFlinger: requestNextVsync(231)
04-20 15:41:00.717628   231   267 I BufferQueueProducer: [com.mediatek.mtklogger/com.mediatek.mtklogger.MainActivity](this:0x7f76cd6000,id:218,api:1,p:12140,c:231) queueBuffer: fps=0.90 dur=3323.56 max=3237.58 min=18.18
04-20 15:41:00.724480   231   289 D SurfaceFlinger: postEvent(231, v/c=25956)
04-20 15:41:00.724481   231   287 D SurfaceFlinger: postEvent(12140, v/c=32114)
04-20 15:41:00.725631 12140 12140 V ViewRootImpl: enqueueInputEvent: event = MotionEvent { action=ACTION_MOVE, actionButton=0, id[0]=0, x[0]=400.47855, y[0]=1281.0621, toolType[0]=TOOL_TYPE_FINGER, buttonState=0, metaState=0, flags=0x0, edgeFlags=0x0, pointerCount=1, historySize=1, eventTime=20449879, downTime=20449854, deviceId=1, source=0x1002 },processImmediately = true,mProcessInputEventsScheduled = false, this = ViewRoot{fde04bd com.mediatek.mtklogger/com.mediatek.mtklogger.MainActivity,ident = 3}
04-20 15:41:00.726983 12140 12140 V ViewRootImpl: App handle pointer event: event = MotionEvent { action=ACTION_MOVE, actionButton=0, id[0]=0, x[0]=400.47855, y[0]=1281.0621, toolType[0]=TOOL_TYPE_FINGER, buttonState=0, metaState=0, flags=0x0, edgeFlags=0x0, pointerCount=1, historySize=1, eventTime=20449879, downTime=20449854, deviceId=1, source=0x1002 }, mView = com.android.internal.policy.PhoneWindow$DecorView{caa739a V.E...... R....... 0,0-768,1306}, this = android.view.ViewRootImpl$ViewPostImeInputStage@a7a75e3
04-20 15:41:00.727413 12140 12140 V ViewRootImpl: finishInputEvent: handled = true,event = MotionEvent { action=ACTION_MOVE, actionButton=0, id[0]=0, x[0]=400.47855, y[0]=1281.0621, toolType[0]=TOOL_TYPE_FINGER, buttonState=0, metaState=0, flags=0x0, edgeFlags=0x0, pointerCount=1, historySize=1, eventTime=20449879, downTime=20449854, deviceId=1, source=0x1002 }, stage = 10: View Post IME stage, this = ViewRoot{fde04bd com.mediatek.mtklogger/com.mediatek.mtklogger.MainActivity,ident = 3}
04-20 15:41:00.727708 12140 12140 V DisplayEventReceiver: call nativeScheduleVsync mReceiverPtr = 548118246464
04-20 15:41:00.727992   231  1039 D SurfaceFlinger: requestNextVsync(12140)
04-20 15:41:00.740876   231   287 D SurfaceFlinger: postEvent(12140, v/c=32115)
04-20 15:41:00.741834 12140 12140 V ViewRootImpl: enqueueInputEvent: event = MotionEvent { action=ACTION_MOVE, actionButton=0, id[0]=0, x[0]=400.47855, y[0]=1281.0621, toolType[0]=TOOL_TYPE_FINGER, buttonState=0, metaState=0, flags=0x0, edgeFlags=0x0, pointerCount=1, historySize=1, eventTime=20449896, downTime=20449854, deviceId=1, source=0x1002 },processImmediately = true,mProcessInputEventsScheduled = false, this = ViewRoot{fde04bd com.mediatek.mtklogger/com.mediatek.mtklogger.MainActivity,ident = 3}
04-20 15:41:00.743037 12140 12140 V ViewRootImpl: App handle pointer event: event = MotionEvent { action=ACTION_MOVE, actionButton=0, id[0]=0, x[0]=400.47855, y[0]=1281.0621, toolType[0]=TOOL_TYPE_FINGER, buttonState=0, metaState=0, flags=0x0, edgeFlags=0x0, pointerCount=1, historySize=1, eventTime=20449896, downTime=20449854, deviceId=1, source=0x1002 }, mView = com.android.internal.policy.PhoneWindow$DecorView{caa739a V.E...... R....... 0,0-768,1306}, this = android.view.ViewRootImpl$ViewPostImeInputStage@a7a75e3
04-20 15:41:00.743378 12140 12140 V ViewRootImpl: finishInputEvent: handled = true,event = MotionEvent { action=ACTION_MOVE, actionButton=0, id[0]=0, x[0]=400.47855, y[0]=1281.0621, toolType[0]=TOOL_TYPE_FINGER, buttonState=0, metaState=0, flags=0x0, edgeFlags=0x0, pointerCount=1, historySize=1, eventTime=20449896, downTime=20449854, deviceId=1, source=0x1002 }, stage = 10: View Post IME stage, this = ViewRoot{fde04bd com.mediatek.mtklogger/com.mediatek.mtklogger.MainActivity,ident = 3}
04-20 15:41:00.743640 12140 12140 V DisplayEventReceiver: call nativeScheduleVsync mReceiverPtr = 548118246464
04-20 15:41:00.743927   231   269 D SurfaceFlinger: requestNextVsync(12140)
04-20 15:41:00.757114   231   287 D SurfaceFlinger: postEvent(12140, v/c=32116)
04-20 15:41:00.757668 12140 12140 V DisplayEventReceiver: call nativeScheduleVsync mReceiverPtr = 548118246464
04-20 15:41:00.758152   231   313 D SurfaceFlinger: requestNextVsync(12140)
04-20 15:41:00.773873   231   287 D SurfaceFlinger: postEvent(12140, v/c=32117)
04-20 15:41:00.774798 12140 12140 V ViewRootImpl: enqueueInputEvent: event = MotionEvent { action=ACTION_MOVE, actionButton=0, id[0]=0, x[0]=400.47855, y[0]=1281.0621, toolType[0]=TOOL_TYPE_FINGER, buttonState=0, metaState=0, flags=0x0, edgeFlags=0x0, pointerCount=1, historySize=1, eventTime=20449929, downTime=20449854, deviceId=1, source=0x1002 },processImmediately = true,mProcessInputEventsScheduled = false, this = ViewRoot{fde04bd com.mediatek.mtklogger/com.mediatek.mtklogger.MainActivity,ident = 3}
04-20 15:41:00.776006 12140 12140 V ViewRootImpl: App handle pointer event: event = MotionEvent { action=ACTION_MOVE, actionButton=0, id[0]=0, x[0]=400.47855, y[0]=1281.0621, toolType[0]=TOOL_TYPE_FINGER, buttonState=0, metaState=0, flags=0x0, edgeFlags=0x0, pointerCount=1, historySize=1, eventTime=20449929, downTime=20449854, deviceId=1, source=0x1002 }, mView = com.android.internal.policy.PhoneWindow$DecorView{caa739a V.E...... R....... 0,0-768,1306}, this = android.view.ViewRootImpl$ViewPostImeInputStage@a7a75e3
04-20 15:41:00.776376 12140 12140 V ViewRootImpl: finishInputEvent: handled = true,event = MotionEvent { action=ACTION_MOVE, actionButton=0, id[0]=0, x[0]=400.47855, y[0]=1281.0621, toolType[0]=TOOL_TYPE_FINGER, buttonState=0, metaState=0, flags=0x0, edgeFlags=0x0, pointerCount=1, historySize=1, eventTime=20449929, downTime=20449854, deviceId=1, source=0x1002 }, stage = 10: View Post IME stage, this = ViewRoot{fde04bd com.mediatek.mtklogger/com.mediatek.mtklogger.MainActivity,ident = 3}
04-20 15:41:00.776690 12140 12140 V DisplayEventReceiver: call nativeScheduleVsync mReceiverPtr = 548118246464
04-20 15:41:00.777031   231   267 D SurfaceFlinger: requestNextVsync(12140)
04-20 15:41:00.790120   231   287 D SurfaceFlinger: postEvent(12140, v/c=32118)
04-20 15:41:00.791086 12140 12140 V ViewRootImpl: enqueueInputEvent: event = MotionEvent { action=ACTION_MOVE, actionButton=0, id[0]=0, x[0]=400.47855, y[0]=1281.0621, toolType[0]=TOOL_TYPE_FINGER, buttonState=0, metaState=0, flags=0x0, edgeFlags=0x0, pointerCount=1, historySize=1, eventTime=20449941, downTime=20449854, deviceId=1, source=0x1002 },processImmediately = true,mProcessInputEventsScheduled = false, this = ViewRoot{fde04bd com.mediatek.mtklogger/com.mediatek.mtklogger.MainActivity,ident = 3}
04-20 15:41:00.792494 12140 12140 V ViewRootImpl: App handle pointer event: event = MotionEvent { action=ACTION_MOVE, actionButton=0, id[0]=0, x[0]=400.47855, y[0]=1281.0621, toolType[0]=TOOL_TYPE_FINGER, buttonState=0, metaState=0, flags=0x0, edgeFlags=0x0, pointerCount=1, historySize=1, eventTime=20449941, downTime=20449854, deviceId=1, source=0x1002 }, mView = com.android.internal.policy.PhoneWindow$DecorView{caa739a V.E...... R....... 0,0-768,1306}, this = android.view.ViewRootImpl$ViewPostImeInputStage@a7a75e3
04-20 15:41:00.792879 12140 12140 V ViewRootImpl: finishInputEvent: handled = true,event = MotionEvent { action=ACTION_MOVE, actionButton=0, id[0]=0, x[0]=400.47855, y[0]=1281.0621, toolType[0]=TOOL_TYPE_FINGER, buttonState=0, metaState=0, flags=0x0, edgeFlags=0x0, pointerCount=1, historySize=1, eventTime=20449941, downTime=20449854, deviceId=1, source=0x1002 }, stage = 10: View Post IME stage, this = ViewRoot{fde04bd com.mediatek.mtklogger/com.mediatek.mtklogger.MainActivity,ident = 3}
04-20 15:41:00.793215 12140 12140 V DisplayEventReceiver: call nativeScheduleVsync mReceiverPtr = 548118246464
04-20 15:41:00.793585   231  1039 D SurfaceFlinger: requestNextVsync(12140)
04-20 15:41:00.806393   231   287 D SurfaceFlinger: postEvent(12140, v/c=32119)
04-20 15:41:00.807390 12140 12140 V ViewRootImpl: enqueueInputEvent: event = MotionEvent { action=ACTION_MOVE, actionButton=0, id[0]=0, x[0]=400.47855, y[0]=1281.0621, toolType[0]=TOOL_TYPE_FINGER, buttonState=0, metaState=0, flags=0x0, edgeFlags=0x0, pointerCount=1, historySize=1, eventTime=20449959, downTime=20449854, deviceId=1, source=0x1002 },processImmediately = true,mProcessInputEventsScheduled = false, this = ViewRoot{fde04bd com.mediatek.mtklogger/com.mediatek.mtklogger.MainActivity,ident = 3}
04-20 15:41:00.808578 12140 12140 V ViewRootImpl: App handle pointer event: event = MotionEvent { action=ACTION_MOVE, actionButton=0, id[0]=0, x[0]=400.47855, y[0]=1281.0621, toolType[0]=TOOL_TYPE_FINGER, buttonState=0, metaState=0, flags=0x0, edgeFlags=0x0, pointerCount=1, historySize=1, eventTime=20449959, downTime=20449854, deviceId=1, source=0x1002 }, mView = com.android.internal.policy.PhoneWindow$DecorView{caa739a V.E...... R....... 0,0-768,1306}, this = android.view.ViewRootImpl$ViewPostImeInputStage@a7a75e3
04-20 15:41:00.808901 12140 12140 V ViewRootImpl: finishInputEvent: handled = true,event = MotionEvent { action=ACTION_MOVE, actionButton=0, id[0]=0, x[0]=400.47855, y[0]=1281.0621, toolType[0]=TOOL_TYPE_FINGER, buttonState=0, metaState=0, flags=0x0, edgeFlags=0x0, pointerCount=1, historySize=1, eventTime=20449959, downTime=20449854, deviceId=1, source=0x1002 }, stage = 10: View Post IME stage, this = ViewRoot{fde04bd com.mediatek.mtklogger/com.mediatek.mtklogger.MainActivity,ident = 3}
04-20 15:41:00.809156 12140 12140 V DisplayEventReceiver: call nativeScheduleVsync mReceiverPtr = 548118246464
04-20 15:41:00.809567   231   269 D SurfaceFlinger: requestNextVsync(12140)
04-20 15:41:00.811163   964  1007 D InputReader: AP_PROF:AppLaunch_dispatchPtr:Up:20449971, ID:0, Index:-1663943424
04-20 15:41:00.811266   964  1007 I PerfService: PerfServiceNative_boostEnableTimeoutMsAsync:3, 100
04-20 15:41:00.812456 12140 12140 V ViewRootImpl: enqueueInputEvent: event = MotionEvent { action=ACTION_UP, actionButton=0, id[0]=0, x[0]=400.47855, y[0]=1281.0621, toolType[0]=TOOL_TYPE_FINGER, buttonState=0, metaState=0, flags=0x0, edgeFlags=0x0, pointerCount=1, historySize=0, eventTime=20449971, downTime=20449854, deviceId=1, source=0x1002 },processImmediately = true,mProcessInputEventsScheduled = false, this = ViewRoot{fde04bd com.mediatek.mtklogger/com.mediatek.mtklogger.MainActivity,ident = 3}
04-20 15:41:00.813684 12140 12140 I View    : Touch up dispatch to android.widget.ToggleButton{702b968 VFED..C.. ...P.... 364,0-404,40 #7f0c00b4 app:id/startStopToggleButton}, event = MotionEvent { action=ACTION_UP, actionButton=0, id[0]=0, x[0]=36.478546, y[0]=21.062134, toolType[0]=TOOL_TYPE_FINGER, buttonState=0, metaState=0, flags=0x0, edgeFlags=0x0, pointerCount=1, historySize=0, eventTime=20449971, downTime=20449854, deviceId=1, source=0x1002 }
04-20 15:41:00.814398 12140 12140 V ViewRootImpl: App handle pointer event: event = MotionEvent { action=ACTION_UP, actionButton=0, id[0]=0, x[0]=400.47855, y[0]=1281.0621, toolType[0]=TOOL_TYPE_FINGER, buttonState=0, metaState=0, flags=0x0, edgeFlags=0x0, pointerCount=1, historySize=0, eventTime=20449971, downTime=20449854, deviceId=1, source=0x1002 }, mView = com.android.internal.policy.PhoneWindow$DecorView{caa739a V.E...... R....... 0,0-768,1306}, this = android.view.ViewRootImpl$ViewPostImeInputStage@a7a75e3
04-20 15:41:00.814777 12140 12140 V ViewRootImpl: finishInputEvent: handled = true,event = MotionEvent { action=ACTION_UP, actionButton=0, id[0]=0, x[0]=400.47855, y[0]=1281.0621, toolType[0]=TOOL_TYPE_FINGER, buttonState=0, metaState=0, flags=0x0, edgeFlags=0x0, pointerCount=1, historySize=0, eventTime=20449971, downTime=20449854, deviceId=1, source=0x1002 }, stage = 10: View Post IME stage, this = ViewRoot{fde04bd com.mediatek.mtklogger/com.mediatek.mtklogger.MainActivity,ident = 3}
04-20 15:41:00.816175 12140 12140 D SettingsInterface:  from settings cache , name = sound_effects_enabled , value = 0
04-20 15:41:00.816356 12140 12140 D MTKLogger/MainActivity: StartStopToggleButton button is clicked!
04-20 15:41:00.816493 12140 12140 D MTKLogger/MainActivity: StartStopToggleButton button is checked ? true
04-20 15:41:00.816739 12140 12140 D MTKLogger/MTKLoggerService: -->startRecording(), logTypeCluster=23, reason=from_ui
04-20 15:41:00.816821 12140 12140 I MTKLogger/MTKLoggerService: MTKLoggerService.startRecording() thread name = main
04-20 15:41:00.816925 12140 12140 V MTKLogger/MTKLoggerService: -->isLogRunning(), logType = 16
04-20 15:41:00.817076 12140 12140 D MTKLogger/GPSLog: Is GPS log running ? false
04-20 15:41:00.817151 12140 12140 V MTKLogger/MTKLoggerService: <--isLogRunning()? false
04-20 15:41:00.817229 12140 12140 V MTKLogger/MTKLoggerService: -->isLogRunning(), logType = 4
04-20 15:41:00.817386 12140 12140 I MTKLogger/LogInstance:  Native log(4) running status=false
04-20 15:41:00.817454 12140 12140 V MTKLogger/MTKLoggerService: <--isLogRunning()? false
04-20 15:41:00.817534 12140 12140 V MTKLogger/MTKLoggerService: -->isLogRunning(), logType = 1
04-20 15:41:00.817628 12140 12140 I MTKLogger/LogInstance:  Native log(1) running status=false
04-20 15:41:00.817695 12140 12140 V MTKLogger/MTKLoggerService: <--isLogRunning()? false
04-20 15:41:00.817774 12140 12140 V MTKLogger/MTKLoggerService: -->isLogRunning(), logType = 2
04-20 15:41:00.817869 12140 12140 I MTKLogger/LogInstance:  Native log(2) running status=false
04-20 15:41:00.817992 12140 12140 D MTKLogger/MultiModemLog: Is modm log running ? false
04-20 15:41:00.818059 12140 12140 V MTKLogger/MTKLoggerService: <--isLogRunning()? false
04-20 15:41:00.818135 12140 12140 D MTKLogger/MTKLoggerService: logTypeClusterNeeded = 23
04-20 15:41:00.818379 12140 12140 V MTKLogger/MTKLoggerService: When start recording, for log [16], delay index=4.0
04-20 15:41:00.818563 12140 12140 V MTKLogger/MTKLoggerService: When start recording, for log [4], delay index=2.0
04-20 15:41:00.818721 12140 12140 V MTKLogger/MTKLoggerService: When start recording, for log [1], delay index=0.0
04-20 15:41:00.818993 12140 12140 V MTKLogger/MTKLoggerService: When start recording, for log [2], delay index=1.0
04-20 15:41:00.819041 12140 12168 I MTKLogger/MobileLog: Handle receive message, what=1
04-20 15:41:00.819193 12140 12140 V MTKLogger/MainActivity: -->changeWaitingDialog()
04-20 15:41:00.819197 12140 12168 D MTKLogger/LogInstance: -->getStorageState(), currentLogPathType=internal_sd
04-20 15:41:00.819544 12140 12168 I MTKLogger/Utils: -->getInternalSdPath()
04-20 15:41:00.819695 12140 12140 D MTKLogger/MainActivity: -->needStartLogAtBootTime(), needStart=false
04-20 15:41:00.819844 12140 12140 V MTKLogger/MainActivity: isBootComplete(), isComplete = true, isMTKLoggerServiceInited = true, isBootCompletedDone = true, isShutdownNormal = false, isNeedStartLogAtBootTime = false
04-20 15:41:00.820021 12140 12140 D MTKLogger/MTKLoggerService: <--getGlobalRunningStage(), current stage=1
04-20 15:41:00.820152 12140 12140 D MTKLogger/MainActivity: changeWaitingDialog() -> currentRunningStage is 1
04-20 15:41:00.820408 12140 12140 V MTKLogger/MainActivity: Before show dialog, isFinishingFlag=false
04-20 15:41:00.821705   964  1843 D AppOps  : noteOperation: allowing code 59 uid 10056 package com.mediatek.mtklogger
04-20 15:41:00.821831 12140 12140 D Dialog  : show
04-20 15:41:00.822024   964  1843 D AppOps  : noteOperation: allowing code 60 uid 10056 package com.mediatek.mtklogger
04-20 15:41:00.822686   231   287 D SurfaceFlinger: postEvent(12140, v/c=32120)
04-20 15:41:00.822758   964  1843 D SettingsInterface:  from settings cache , name = sys_storage_threshold_percentage , value = null
04-20 15:41:00.823230   964  1843 D SettingsInterface:  from settings cache , name = sys_storage_threshold_max_bytes , value = null
04-20 15:41:00.824039 12140 12168 I MTKLogger/Utils: /storage/emulated/0 is mounted!
04-20 15:41:00.825078 12140 12168 I MTKLogger/Utils: Is emulated and volumeInfo.getId() : emulated
04-20 15:41:00.825228 12140 12168 I MTKLogger/Utils: <--getInternalSdPath() : internalPath = /storage/emulated/0
04-20 15:41:00.825558 12140 12168 V MTKLogger: <--getLogPath(), type=internal_sd, string=/storage/emulated/0
04-20 15:41:00.825668 12140 12140 D ProgressBar: setMax, old = 100, new = 10000, backtrace = android.widget.ProgressBar.<init>:309 android.widget.ProgressBar.<init>:266 android.widget.ProgressBar.<init>:262 java.lang.reflect.Constructor.newInstance:-2 android.view.LayoutInflater.createView:619 , this = android.widget.ProgressBar{ebb7479 V.ED..... ........ 0,0-0,0 #102000d android:id/progress}
04-20 15:41:00.826339 12140 12140 D ProgressBar: setProgress, old = 0, new = 0, max = 10000, backtrace = android.widget.ProgressBar.setProgress:1354 android.widget.ProgressBar.<init>:311 android.widget.ProgressBar.<init>:266 android.widget.ProgressBar.<init>:262 java.lang.reflect.Constructor.newInstance:-2 , this = android.widget.ProgressBar{ebb7479 V.ED..... ......ID 0,0-0,0 #102000d android:id/progress}
04-20 15:41:00.827657   964   975 D AppOps  : noteOperation: allowing code 59 uid 10056 package com.mediatek.mtklogger
04-20 15:41:00.827954   964   975 D AppOps  : noteOperation: allowing code 60 uid 10056 package com.mediatek.mtklogger
04-20 15:41:00.828598   964   975 D SettingsInterface:  from settings cache , name = sys_storage_threshold_percentage , value = null
04-20 15:41:00.829054   964   975 D SettingsInterface:  from settings cache , name = sys_storage_threshold_max_bytes , value = null
04-20 15:41:00.829838 12140 12140 D ProgressBar: setSecondaryProgress, old = 0, new = 0, max = 10000, backtrace = android.widget.ProgressBar.<init>:313 android.widget.ProgressBar.<init>:266 android.widget.ProgressBar.<init>:262 java.lang.reflect.Constructor.newInstance:-2 android.view.LayoutInflater.createView:619 , this = android.widget.ProgressBar{ebb7479 V.ED..... ......ID 0,0-0,0 #102000d android:id/progress}
04-20 15:41:00.830606 12140 12168 I MTKLogger/Utils: -->getInternalSdPath()
04-20 15:41:00.835370   964  1652 D AppOps  : noteOperation: allowing code 59 uid 10056 package com.mediatek.mtklogger
04-20 15:41:00.835672   964  1652 D AppOps  : noteOperation: allowing code 60 uid 10056 package com.mediatek.mtklogger
04-20 15:41:00.836334   964  1652 D SettingsInterface:  from settings cache , name = sys_storage_threshold_percentage , value = null
04-20 15:41:00.836848   964  1652 D SettingsInterface:  from settings cache , name = sys_storage_threshold_max_bytes , value = null
04-20 15:41:00.837698 12140 12168 I MTKLogger/Utils: /storage/emulated/0 is mounted!
04-20 15:41:00.838785 12140 12168 I MTKLogger/Utils: Is emulated and volumeInfo.getId() : emulated
04-20 15:41:00.839136 12140 12168 I MTKLogger/Utils: <--getInternalSdPath() : internalPath = /storage/emulated/0
04-20 15:41:00.839522 12140 12168 V MTKLogger: <--getLogPath(), type=internal_sd, string=/storage/emulated/0
04-20 15:41:00.840083 12140 12168 D MTKLogger: -->getAvailableStorageSize(), path=/storage/emulated/0, size=11860MB
04-20 15:41:00.840189 12140 12168 D MTKLogger/LogInstance: <--getStorageState(), storage is ready for log capture.
04-20 15:41:00.840330 12140 12168 I MTKLogger/Utils: -->getInternalSdPath()
04-20 15:41:00.842563   964  1844 D AppOps  : noteOperation: allowing code 59 uid 10056 package com.mediatek.mtklogger
04-20 15:41:00.842878   964  1844 D AppOps  : noteOperation: allowing code 60 uid 10056 package com.mediatek.mtklogger
04-20 15:41:00.843534   964  1844 D SettingsInterface:  from settings cache , name = sys_storage_threshold_percentage , value = null
04-20 15:41:00.844141   964  1844 D SettingsInterface:  from settings cache , name = sys_storage_threshold_max_bytes , value = null
04-20 15:41:00.845159 12140 12168 I MTKLogger/Utils: /storage/emulated/0 is mounted!
04-20 15:41:00.847082 12140 12168 I MTKLogger/Utils: Is emulated and volumeInfo.getId() : emulated
04-20 15:41:00.847262 12140 12168 I MTKLogger/Utils: <--getInternalSdPath() : internalPath = /storage/emulated/0
04-20 15:41:00.847521 12140 12168 V MTKLogger: <--getLogPath(), type=internal_sd, string=/storage/emulated/0
04-20 15:41:00.847720 12140 12168 I MTKLogger/LogConnection: -->send cmd: [set_storage_path,/storage/emulated/0] to [mobilelogd]
04-20 15:41:00.848397 12140 12168 D MTKLogger/LogConnection: Command builder success
04-20 15:41:00.850158   345   475 I MobileLogD: recv set_storage_path,/storage/emulated/0 from 8
04-20 15:41:00.851788   345 12893 I MobileLogD: thread 12893 handle msg
04-20 15:41:00.851898   345 12893 D MobileLogD/lib: write set_storage_path,/storage/emulated/0,1 to client 8 
04-20 15:41:00.851977   345 12893 D MobileLogD/lib: write to client over
04-20 15:41:00.853104 12140 12169 V MTKLogger/LogConnection: Response from native byte size=38
04-20 15:41:00.853168 12140 12446 D OpenGLRenderer: ~CanvasContext() 0x7fad66b800
04-20 15:41:00.853235 12140 12446 D OpenGLRenderer: Flushing caches (mode 0)
04-20 15:41:00.853300 12140 12169 I MTKLogger/MobileLog: -->dealWithResponse(), resp=set_storage_path,/storage/emulated/0,1
04-20 15:41:00.854626 12140 12446 D OpenGLRenderer: ~CanvasContext() 0x7f9ccdd000
04-20 15:41:00.854737 12140 12446 D OpenGLRenderer: Flushing caches (mode 0)
04-20 15:41:00.859017 12140 12168 I MTKLogger/LogConnection: <--send cmd done : [set_storage_path,/storage/emulated/0] to [mobilelogd]
04-20 15:41:00.859157 12140 12168 I MTKLogger/MobileLog: Mobile log initialization reason = from_ui
04-20 15:41:00.859225 12140 12168 W MTKLogger/MobileLog: Start command come from UI, change log auto start to true at the same time
04-20 15:41:00.859299 12140 12168 I MTKLogger/LogConnection: -->send cmd: [deep_start] to [mobilelogd]
04-20 15:41:00.859549 12140 12168 D MTKLogger/LogConnection: Command builder success
04-20 15:41:00.860484   345   475 I MobileLogD: recv deep_start from 8
04-20 15:41:00.861411   345 12894 I MobileLogD: thread 12894 handle msg
04-20 15:41:00.862089   345 12894 I MobileLogD: 'deepstart' mblog
04-20 15:41:00.862203   345 12894 I MobileLogD/lib: create dir /storage/emulated/0/mtklog/mobilelog/APLog_2016_0420_154100/
04-20 15:41:00.870008 12140 12168 I MTKLogger/LogConnection: <--send cmd done : [deep_start] to [mobilelogd]
04-20 15:41:00.870138 12140 12168 D MTKLogger/MobileLog: After sending start command, wait native's resp, not treat it as successfully directly
04-20 15:41:00.870285 12140 12168 I MTKLogger/MobileLog: Handle receive message, what=0
04-20 15:41:00.870367 12140 12168 W MTKLogger/MobileLog: Not supported message: 0
04-20 15:41:00.883728 12140 12140 D WindowClient: Add to mViews: com.android.internal.policy.PhoneWindow$DecorView{a2b5d6c V.E...... R.....I. 0,0-0,0}, this = android.view.WindowManagerGlobal@85c4962
04-20 15:41:00.885205 12140 12446 D OpenGLRenderer: CanvasContext() 0x7f9ccdd000
04-20 15:41:00.886442 12140 12140 D ViewRootImpl: hardware acceleration is enabled, this = ViewRoot{93d53d2 Starting logs,ident = 9}
04-20 15:41:00.895618 12140 12140 D MTKLogger/MainActivity: Log(16) new auto start value= true, startStopCmdResp=true
04-20 15:41:00.912198   964  1059 D PerfServiceManager: [PerfService] MESSAGE_TIMEOUT:103 
04-20 15:41:00.912784   964  1059 I libPerfService: 3: set: 3
04-20 15:41:00.913026   964  1059 I libPerfService: 3: set freq: 819000
04-20 15:41:00.913083   964  1059 I libPerfService: 3: set vcore level: 0
04-20 15:41:00.932219 12140 12140 D MTKLogger/MainActivity: Log(4) new auto start value= true, startStopCmdResp=true
04-20 15:41:00.950719 12140 12140 D MTKLogger/MainActivity: Log(1) new auto start value= true, startStopCmdResp=true
04-20 15:41:00.960938 12140 12140 D MTKLogger/MainActivity: Log(2) new auto start value= true, startStopCmdResp=true
04-20 15:41:00.964467   345 12894 I MobileLogD: log dir: /storage/emulated/0/mtklog/mobilelog/APLog_2016_0420_154100/
04-20 15:41:00.967946   345 12894 E MobileLogD/size: APLog_2016_0420_153552 not in sd anymore
04-20 15:41:00.968518   345 12894 E MobileLogD/size: delete APLog_2016_0420_153552 (no exist)
04-20 15:41:00.970396   345 12894 I MobileLogD/lib: set cur path: /storage/emulated/0/mtklog/mobilelog/APLog_2016_0420_154100/
04-20 15:41:00.971663 12140 12140 D StrictMode: handleViolation; policy=2621447
04-20 15:41:00.971944 12140 12140 D StrictMode: handleViolation; policy=2621447
04-20 15:41:00.972110 12140 12140 D StrictMode: handleViolation; policy=2621447
04-20 15:41:00.972267 12140 12140 D StrictMode: handleViolation; policy=2621447
04-20 15:41:00.972407 12140 12140 D StrictMode: handleViolation; policy=2621447
04-20 15:41:00.972563 12140 12140 D StrictMode: handleViolation; policy=2621447
04-20 15:41:00.972714 12140 12140 D StrictMode: handleViolation; policy=2621447
04-20 15:41:00.972855 12140 12140 D StrictMode: handleViolation; policy=2621447
04-20 15:41:00.973004 12140 12140 D StrictMode: handleViolation; policy=2621447
04-20 15:41:00.973142 12140 12140 D StrictMode: handleViolation; policy=2621447
04-20 15:41:00.973163   345 12896 I MobileLogD/dupm: create thread 12896 do copy dump
04-20 15:41:00.974828   345 12896 I MobileLogD/dupm: change ioprio, default:0,0
04-20 15:41:00.975492 12140 12140 V ViewRootImpl: ViewRoot performTraversals+ : mFirst = false, this = ViewRoot{fde04bd com.mediatek.mtklogger/com.mediatek.mtklogger.MainActivity,ident = 3}
04-20 15:41:00.978853 12140 12140 V ViewRootImpl: ViewRoot performTraversals and draw- : mResizeBuffer = null, mResizeAlpha = 0, this = ViewRoot{fde04bd com.mediatek.mtklogger/com.mediatek.mtklogger.MainActivity,ident = 3} frame#40 (cancelDraw = false)
04-20 15:41:00.979035 12140 12140 V ViewRootImpl: ViewRoot performTraversals+ : mFirst = true, this = ViewRoot{93d53d2 Starting logs,ident = 9}
04-20 15:41:00.982871   231   313 D SurfaceFlinger: requestNextVsync(231)
04-20 15:41:00.985121   231   289 D SurfaceFlinger: postEvent(231, v/c=25958)
04-20 15:41:00.989012 12140 12140 V DisplayEventReceiver: call nativeScheduleVsync mReceiverPtr = 548118246464
04-20 15:41:00.989654   231   267 D SurfaceFlinger: requestNextVsync(12140)
04-20 15:41:01.000017   345 12894 E MobileLogD/new: open /dev/scp fail(No such file or directory)
04-20 15:41:01.001366   231   287 D SurfaceFlinger: postEvent(12140, v/c=32122)
04-20 15:41:01.002560   231   231 I BufferQueue: [unnamed-231-221](this:0x7f76ccfc00,id:221,api:0,p:-1,c:-1) BufferQueue core=(231:/system/bin/surfaceflinger)
04-20 15:41:01.002636   345 12894 I MobileLogD/new: set main_log rotate size: 22260 KB(prio:5/23)
04-20 15:41:01.002750   231   231 D BufferQueueDump: [unnamed-231-221] this:0x7f7cde9b80, value:0x7fcddd658c, iLen:6
04-20 15:41:01.002949   231   231 I BufferQueueConsumer: [unnamed-231-221](this:0x7f76ccfc00,id:221,api:0,p:-1,c:231) connect(C): consumer=(231:/system/bin/surfaceflinger) controlledByApp=false
04-20 15:41:01.003002   231   231 D BufferQueueDump: [unnamed-231-221] this:0x7f7cde9b80, value:0x7fcddd65ac, iLen:6
04-20 15:41:01.003057   231   231 I BufferQueueConsumer: [unnamed-231-221](this:0x7f76ccfc00,id:221,api:0,p:-1,c:231) setConsumerName: unnamed-231-221
04-20 15:41:01.003114   231   231 D BufferQueueDump: [Starting logs] this:0x7f7cde9b80, value:0x7fcddd661c, iLen:6
04-20 15:41:01.003168   231   231 I BufferQueueConsumer: [Starting logs](this:0x7f76ccfc00,id:221,api:0,p:-1,c:231) setConsumerName: Starting logs
04-20 15:41:01.003240   231   231 I BufferQueueConsumer: [Starting logs](this:0x7f76ccfc00,id:221,api:0,p:-1,c:231) setDefaultBufferSize: width=1 height=1
04-20 15:41:01.003308   231   231 D SurfaceFlinger: requestNextVsync(231)
04-20 15:41:01.003690   345 12894 I MobileLogD/new: set crash_log rotate size: 22260 KB(prio:5/23)
04-20 15:41:01.004605   345 12894 I MobileLogD/new: set sys_log rotate size: 13356 KB(prio:3/23)
04-20 15:41:01.005589   345 12894 I MobileLogD/new: set radio_log rotate size: 13356 KB(prio:3/23)
04-20 15:41:01.006525   345 12894 I MobileLogD/new: set events_log rotate size: 4452 KB(prio:1/23)
04-20 15:41:01.007411   345 12894 I MobileLogD/new: set kernel_log rotate size: 22260 KB(prio:5/23)
04-20 15:41:01.008295   345 12894 I MobileLogD/new: set atf_log rotate size: 4452 KB(prio:1/23)
04-20 15:41:01.017562   231   289 D SurfaceFlinger: postEvent(231, v/c=25960)
04-20 15:41:01.017824   231   231 I BufferQueueConsumer: [Starting logs](this:0x7f76ccfc00,id:221,api:0,p:-1,c:231) setDefaultBufferSize: width=729 height=203
04-20 15:41:01.021340   964   987 V DisplayEventReceiver: call nativeScheduleVsync mReceiverPtr = 548369566784
04-20 15:41:01.021752   231   267 D SurfaceFlinger: requestNextVsync(964)
04-20 15:41:01.024765   964  1478 D AES     : AEEIOCTL_GET/SET_SF_STATE IOCTL,cmd= 1074294797, lParam=0. 
04-20 15:41:01.025042   964  1478 D AES     : AEEIOCTL_RT_MON_Kick IOCTL,cmd= -2147192822, lParam=300. 
04-20 15:41:01.027186   964   984 D InputReader: InputReader::monitor: lock
04-20 15:41:01.027369   964   984 D InputReader: InputReader::monitor: wait 
04-20 15:41:01.027565   964   984 D InputReader: InputReader::monitor: unlock
04-20 15:41:01.027612   964   984 D InputReader: InputReader::monitor: done
04-20 15:41:01.028559 12140 12140 D Surface : Surface::allocateBuffers(this=0x7fad530a00)
04-20 15:41:01.028807 12140 12446 D OpenGLRenderer: CanvasContext() 0x7f9ccdd000 initialize window=0x7fad530a10, title=Starting logs
04-20 15:41:01.028883 12140 12446 D Surface : Surface::connect(this=0x7fad530a00,api=1)
04-20 15:41:01.028896   231  1738 D BufferQueueProducer: [](this:0x7f76ccfc00,id:221,api:0,p:-1,c:231) allocateBuffers: allocating from 0 buffers up to 4 buffers
04-20 15:41:01.029916   231   313 I BufferQueueProducer: [Starting logs](this:0x7f76ccfc00,id:221,api:1,p:12140,c:231) connect(P): api=1 producer=(12140:com.mediatek.mtklogger) producerControlledByApp=true
04-20 15:41:01.030386   231  1738 I [MALI][Gralloc]: [+]hnd(0x7f7cdde9a0), client(27), share_fd(58), hnd->flags:4
04-20 15:41:01.030402 12140 12446 W libEGL  : [ANDROID_RECORDABLE] format: 1
04-20 15:41:01.030475   231  1738 D GraphicBuffer: alloc, handle(0x7f7cdde9a0) (w:729 h:203 s:736 f:0x1 u:0x000900) err(0)
04-20 15:41:01.031599   231  1738 I [MALI][Gralloc]: [+]hnd(0x7f7c8ca040), client(27), share_fd(64), hnd->flags:4
04-20 15:41:01.031691   231  1738 D GraphicBuffer: alloc, handle(0x7f7c8ca040) (w:729 h:203 s:736 f:0x1 u:0x000900) err(0)
04-20 15:41:01.032009 12140 12446 D mali_winsys: new_window_surface returns 0x3000
04-20 15:41:01.032569   231  1738 I [MALI][Gralloc]: [+]hnd(0x7f7c8c91e0), client(27), share_fd(69), hnd->flags:4
04-20 15:41:01.032644   231  1738 D GraphicBuffer: alloc, handle(0x7f7c8c91e0) (w:729 h:203 s:736 f:0x1 u:0x000900) err(0)
04-20 15:41:01.033491   231  1738 I [MALI][Gralloc]: [+]hnd(0x7f7c8c9820), client(27), share_fd(76), hnd->flags:4
04-20 15:41:01.033557   231  1738 D GraphicBuffer: alloc, handle(0x7f7c8c9820) (w:729 h:203 s:736 f:0x1 u:0x000900) err(0)
04-20 15:41:01.033710   231  1738 D BufferQueueProducer: [Starting logs](this:0x7f76ccfc00,id:221,api:1,p:12140,c:231) allocateBuffers: allocating from 4 buffers up to 4 buffers
04-20 15:41:01.034110   231   287 D SurfaceFlinger: postEvent(964, v/c=32124)
04-20 15:41:01.035931   231   313 D SurfaceFlinger: requestNextVsync(231)
04-20 15:41:01.039701 12140 12140 V ViewRootImpl: ViewRoot performTraversals and draw- : mResizeBuffer = null, mResizeAlpha = 0, this = ViewRoot{93d53d2 Starting logs,ident = 9} frame#0 (cancelDraw = false)
04-20 15:41:01.042146 12140 12140 V ViewRootImpl: ViewRoot performTraversals+ : mFirst = false, this = ViewRoot{93d53d2 Starting logs,ident = 9}
04-20 15:41:01.050023 12140 12140 V DisplayEventReceiver: call nativeScheduleVsync mReceiverPtr = 548118246464
04-20 15:41:01.050314   231   289 D SurfaceFlinger: postEvent(231, v/c=25962)
04-20 15:41:01.052921   231   267 D SurfaceFlinger: requestNextVsync(12140)
04-20 15:41:01.055385   231  1039 I BufferQueueProducer: [Starting logs](this:0x7f76ccfc00,id:221,api:1,p:12140,c:231) new GraphicBuffer needed
04-20 15:41:01.055487   231  1039 D GraphicBuffer: free, handle(0x7f7c8c9820) (w:729 h:203 s:736 f:0x1 u:0x000900)
04-20 15:41:01.055588   231  1039 I [MALI][Gralloc]: [-]hnd(0x7f7c8c9820), client(27), share_fd(76)
04-20 15:41:01.056567   231  1039 I [MALI][Gralloc]: [+]hnd(0x7f7c8c9820), client(27), share_fd(63), hnd->flags:4
04-20 15:41:01.056642   231  1039 D GraphicBuffer: alloc, handle(0x7f7c8c9820) (w:203 h:729 s:208 f:0x1 u:0x000b00) err(0)
04-20 15:41:01.058723 12140 12446 I [MALI][Gralloc]: [+]r_hnd(0x7fad576240), client(51), share_fd(67)
04-20 15:41:01.058872 12140 12446 D GraphicBuffer: register, handle(0x7fad576240) (w:203 h:729 s:208 f:0x1 u:0x000b00)
04-20 15:41:01.061975   231  1738 D SurfaceFlinger: requestNextVsync(231)
04-20 15:41:01.066538   231   287 D SurfaceFlinger: postEvent(12140, v/c=32126)
04-20 15:41:01.066608   231   289 D SurfaceFlinger: postEvent(231, v/c=25963)
04-20 15:41:01.067112 12140 12140 V ViewRootImpl: ViewRoot performTraversals and draw- : mResizeBuffer = null, mResizeAlpha = 0, this = ViewRoot{93d53d2 Starting logs,ident = 9} frame#1 (cancelDraw = false)
04-20 15:41:01.068524 12140 12140 V ViewRootImpl: ViewRoot performTraversals+ : mFirst = false, this = ViewRoot{93d53d2 Starting logs,ident = 9}
04-20 15:41:01.071186   964   987 V DisplayEventReceiver: call nativeScheduleVsync mReceiverPtr = 548369566784
04-20 15:41:01.074545   231  1039 D SurfaceFlinger: requestNextVsync(964)
04-20 15:41:01.077088 12140 12140 V DisplayEventReceiver: call nativeScheduleVsync mReceiverPtr = 548118246464
04-20 15:41:01.077577   231   313 D SurfaceFlinger: requestNextVsync(12140)
04-20 15:41:01.079904   345 12896 I MobileLogD/dupm: dump /data/misc/mblog/inter_sd_folder
04-20 15:41:01.080353   231   267 I BufferQueueProducer: [Starting logs](this:0x7f76ccfc00,id:221,api:1,p:12140,c:231) new GraphicBuffer needed
04-20 15:41:01.080454   231   267 D GraphicBuffer: free, handle(0x7f7c8c91e0) (w:729 h:203 s:736 f:0x1 u:0x000900)
04-20 15:41:01.080551   231   267 I [MALI][Gralloc]: [-]hnd(0x7f7c8c91e0), client(27), share_fd(69)
04-20 15:41:01.082416   231   267 I [MALI][Gralloc]: [+]hnd(0x7f7c8c91e0), client(27), share_fd(65), hnd->flags:4
04-20 15:41:01.082517   231   267 D GraphicBuffer: alloc, handle(0x7f7c8c91e0) (w:203 h:729 s:208 f:0x1 u:0x000b00) err(0)
04-20 15:41:01.082953   231   287 D SurfaceFlinger: postEvent(12140, v/c=32127)
04-20 15:41:01.083031   231   287 D SurfaceFlinger: postEvent(964, v/c=32127)
04-20 15:41:01.084108 12140 12446 I [MALI][Gralloc]: [+]r_hnd(0x7fad576380), client(51), share_fd(68)
04-20 15:41:01.084207 12140 12446 D GraphicBuffer: register, handle(0x7fad576380) (w:203 h:729 s:208 f:0x1 u:0x000b00)
04-20 15:41:01.085237   964   987 V DisplayEventReceiver: call nativeScheduleVsync mReceiverPtr = 548369566784
04-20 15:41:01.085637   231   269 D SurfaceFlinger: requestNextVsync(964)
04-20 15:41:01.085804   231   313 D SurfaceFlinger: requestNextVsync(231)
04-20 15:41:01.087270   231  1039 D SurfaceFlinger: requestNextVsync(231)
04-20 15:41:01.090659 12140 12140 V ViewRootImpl: ViewRoot performTraversals and draw- : mResizeBuffer = null, mResizeAlpha = 0, this = ViewRoot{93d53d2 Starting logs,ident = 9} frame#2 (cancelDraw = false)
04-20 15:41:01.092648 12140 12140 V DisplayEventReceiver: call nativeScheduleVsync mReceiverPtr = 548118246464
04-20 15:41:01.092971   231   313 D SurfaceFlinger: requestNextVsync(12140)
04-20 15:41:01.093005 12140 12140 V ViewRootImpl: ViewRoot performTraversals+ : mFirst = false, this = ViewRoot{93d53d2 Starting logs,ident = 9}
04-20 15:41:01.094161 12140 12140 V ViewRootImpl: ViewRoot performTraversals and draw- : mResizeBuffer = null, mResizeAlpha = 0, this = ViewRoot{93d53d2 Starting logs,ident = 9} frame#3 (cancelDraw = false)
04-20 15:41:01.094945   231   269 I BufferQueueProducer: [Starting logs](this:0x7f76ccfc00,id:221,api:1,p:12140,c:231) new GraphicBuffer needed
04-20 15:41:01.095046   231   269 D GraphicBuffer: free, handle(0x7f7c8ca040) (w:729 h:203 s:736 f:0x1 u:0x000900)
04-20 15:41:01.095140   231   269 I [MALI][Gralloc]: [-]hnd(0x7f7c8ca040), client(27), share_fd(64)
04-20 15:41:01.096403   231   269 I [MALI][Gralloc]: [+]hnd(0x7f7c8ca040), client(27), share_fd(64), hnd->flags:4
04-20 15:41:01.096471   231   269 D GraphicBuffer: alloc, handle(0x7f7c8ca040) (w:203 h:729 s:208 f:0x1 u:0x000b00) err(0)
04-20 15:41:01.097800 12140 12446 I [MALI][Gralloc]: [+]r_hnd(0x7fad574620), client(51), share_fd(70)
04-20 15:41:01.097886 12140 12446 D GraphicBuffer: register, handle(0x7fad574620) (w:203 h:729 s:208 f:0x1 u:0x000b00)
04-20 15:41:01.099070   231   287 D SurfaceFlinger: postEvent(12140, v/c=32128)
04-20 15:41:01.099196   231   287 D SurfaceFlinger: postEvent(964, v/c=32128)
04-20 15:41:01.099321   231   289 D SurfaceFlinger: postEvent(231, v/c=25965)
04-20 15:41:01.100590 12140 12140 V DisplayEventReceiver: call nativeScheduleVsync mReceiverPtr = 548118246464
04-20 15:41:01.101061   231  1738 D SurfaceFlinger: requestNextVsync(12140)
04-20 15:41:01.101880 12140 12140 V ViewRootImpl: ViewRoot performTraversals+ : mFirst = false, this = ViewRoot{93d53d2 Starting logs,ident = 9}
04-20 15:41:01.102108 12140 12140 V ViewRootImpl: ViewRoot performTraversals and draw- : mResizeBuffer = null, mResizeAlpha = 0, this = ViewRoot{93d53d2 Starting logs,ident = 9} frame#4 (cancelDraw = false)
04-20 15:41:01.102639   231   267 D SurfaceFlinger: requestNextVsync(231)
04-20 15:41:01.102864   964   987 V DisplayEventReceiver: call nativeScheduleVsync mReceiverPtr = 548369566784
04-20 15:41:01.103090   231   231 I SurfaceFlinger: [Built-in Screen (type:0)] fps:7.848254,dur:1019.34,max:584.39,min:16.72
04-20 15:41:01.103186   231   313 D SurfaceFlinger: requestNextVsync(964)
04-20 15:41:01.103522   231   313 D SurfaceFlinger: requestNextVsync(231)
04-20 15:41:01.115434   231   287 D SurfaceFlinger: postEvent(12140, v/c=32129)
04-20 15:41:01.115434   231   289 D SurfaceFlinger: postEvent(231, v/c=25966)
04-20 15:41:01.115585   231   287 D SurfaceFlinger: postEvent(964, v/c=32129)
04-20 15:41:01.117352   964   987 V DisplayEventReceiver: call nativeScheduleVsync mReceiverPtr = 548369566784
04-20 15:41:01.117716   231  1039 D SurfaceFlinger: requestNextVsync(964)
04-20 15:41:01.118277   231  1738 D SurfaceFlinger: requestNextVsync(231)
04-20 15:41:01.119821 12140 12170 I MTKLogger/MultiModemLog: Handle receive message, what=1, msg.arg1=[0]
04-20 15:41:01.120370   231   231 I BufferQueueProducer: [FrameBufferSurface_0](this:0x7f7c90e000,id:0,api:1,p:231,c:231) queueBuffer: fps=6.94 dur=4464.67 max=3626.46 min=9.03
04-20 15:41:01.121068 12140 12170 D MTKLogger/LogInstance: -->getStorageState(), currentLogPathType=internal_sd
04-20 15:41:01.121348 12140 12170 I MTKLogger/Utils: -->getInternalSdPath()
04-20 15:41:01.124195   964  1652 D AppOps  : noteOperation: allowing code 59 uid 10056 package com.mediatek.mtklogger
