04-20 15:41:01.737062 12140 12140 V ViewRootImpl: ViewRoot performTraversals and draw- : mResizeBuffer = null, mResizeAlpha = 0, this = ViewRoot{93d53d2 Starting logs,ident = 9} frame#25 (cancelDraw = false)
04-20 15:41:01.737321   231  1039 D SurfaceFlinger: requestNextVsync(231)
04-20 15:41:01.737858  9526  9559 D HeadsetStateMachine: Disconnected process message: 10, size: 0
04-20 15:41:01.737960 12140 12140 V DisplayEventReceiver: call nativeScheduleVsync mReceiverPtr = 548118246464
04-20 15:41:01.738312   231   267 D SurfaceFlinger: requestNextVsync(12140)
04-20 15:41:01.738792   231   267 D SurfaceFlinger: requestNextVsync(231)
04-20 15:41:01.738358 12140 12140 V ViewRootImpl: ViewRoot performTraversals+ : mFirst = false, this = ViewRoot{93d53d2 Starting logs,ident = 9}
04-20 15:41:01.738908   231   267 I BufferQueueProducer: [StatusBar](this:0x7f79f0bc00,id:7,api:1,p:1102,c:231) queueBuffer: fps=1.80 dur=1670.17 max=1605.29 min=20.37
04-20 15:41:01.741408 12140 12140 V ViewRootImpl: ViewRoot performTraversals and draw- : mResizeBuffer = null, mResizeAlpha = 0, this = ViewRoot{93d53d2 Starting logs,ident = 9} frame#26 (cancelDraw = false)
04-20 15:41:01.744378   231  1738 D SurfaceFlinger: requestNextVsync(231)
04-20 15:41:01.749329   231   289 D SurfaceFlinger: postEvent(231, v/c=26004)
04-20 15:41:01.749328   231   287 D SurfaceFlinger: postEvent(12140, v/c=32166)
04-20 15:41:01.750890 12140 12140 V DisplayEventReceiver: call nativeScheduleVsync mReceiverPtr = 548118246464
04-20 15:41:01.751025   231   231 D SurfaceFlinger: requestNextVsync(231)
04-20 15:41:01.751403   231  1039 D SurfaceFlinger: requestNextVsync(12140)
04-20 15:41:01.751837 12140 12140 V ViewRootImpl: ViewRoot performTraversals+ : mFirst = false, this = ViewRoot{93d53d2 Starting logs,ident = 9}
04-20 15:41:01.751978   231   231 D SurfaceFlinger: requestNextVsync(231)
04-20 15:41:01.755071 12140 12140 V ViewRootImpl: ViewRoot performTraversals and draw- : mResizeBuffer = null, mResizeAlpha = 0, this = ViewRoot{93d53d2 Starting logs,ident = 9} frame#27 (cancelDraw = false)
04-20 15:41:01.764431   231   269 D SurfaceFlinger: requestNextVsync(231)
04-20 15:41:01.766161   231   289 D SurfaceFlinger: postEvent(231, v/c=26005)
04-20 15:41:01.766161   231   287 D SurfaceFlinger: postEvent(12140, v/c=32167)
04-20 15:41:01.767187   231   231 D SurfaceFlinger: requestNextVsync(231)
04-20 15:41:01.767359   231   231 D SurfaceFlinger: requestNextVsync(231)
04-20 15:41:01.767512 12140 12140 V DisplayEventReceiver: call nativeScheduleVsync mReceiverPtr = 548118246464
04-20 15:41:01.767985 12140 12140 V ViewRootImpl: ViewRoot performTraversals+ : mFirst = false, this = ViewRoot{93d53d2 Starting logs,ident = 9}
04-20 15:41:01.769530   231  1738 D SurfaceFlinger: requestNextVsync(12140)
04-20 15:41:01.772329 12140 12140 V ViewRootImpl: ViewRoot performTraversals and draw- : mResizeBuffer = null, mResizeAlpha = 0, this = ViewRoot{93d53d2 Starting logs,ident = 9} frame#28 (cancelDraw = false)
04-20 15:41:01.777010   231   267 D SurfaceFlinger: requestNextVsync(231)
04-20 15:41:01.777218 12908 12908 D tcpdump : tcpdump: 
04-20 15:41:01.777311 12908 12908 D tcpdump : listening on any, link-type LINUX_SLL (Linux cooked), capture size 65535 bytes
04-20 15:41:01.782076   231   289 D SurfaceFlinger: postEvent(231, v/c=26006)
04-20 15:41:01.782077   231   287 D SurfaceFlinger: postEvent(12140, v/c=32168)
04-20 15:41:01.783067   231   231 D SurfaceFlinger: requestNextVsync(231)
04-20 15:41:01.783173 12140 12140 V DisplayEventReceiver: call nativeScheduleVsync mReceiverPtr = 548118246464
04-20 15:41:01.783216   231   231 D SurfaceFlinger: requestNextVsync(231)
04-20 15:41:01.783686   231   269 D SurfaceFlinger: requestNextVsync(12140)
04-20 15:41:01.784253 12140 12140 V ViewRootImpl: ViewRoot performTraversals+ : mFirst = false, this = ViewRoot{93d53d2 Starting logs,ident = 9}
04-20 15:41:01.787527   345 12896 I MobileLogD/dupm: dump /system/data/misc/ProjectConfig.mk
04-20 15:41:01.788963 12140 12140 V ViewRootImpl: ViewRoot performTraversals and draw- : mResizeBuffer = null, mResizeAlpha = 0, this = ViewRoot{93d53d2 Starting logs,ident = 9} frame#29 (cancelDraw = false)
04-20 15:41:01.790457   231   313 D SurfaceFlinger: requestNextVsync(231)
04-20 15:41:01.798278   231   287 D SurfaceFlinger: postEvent(12140, v/c=32169)
04-20 15:41:01.798278   231   289 D SurfaceFlinger: postEvent(231, v/c=26007)
04-20 15:41:01.799279 12140 12140 V DisplayEventReceiver: call nativeScheduleVsync mReceiverPtr = 548118246464
04-20 15:41:01.799444   231   231 D SurfaceFlinger: requestNextVsync(231)
04-20 15:41:01.799598   231   231 D SurfaceFlinger: requestNextVsync(231)
04-20 15:41:01.799782   231   267 D SurfaceFlinger: requestNextVsync(12140)
04-20 15:41:01.800290 12140 12140 V ViewRootImpl: ViewRoot performTraversals+ : mFirst = false, this = ViewRoot{93d53d2 Starting logs,ident = 9}
04-20 15:41:01.802163 12140 12140 V ViewRootImpl: ViewRoot performTraversals and draw- : mResizeBuffer = null, mResizeAlpha = 0, this = ViewRoot{93d53d2 Starting logs,ident = 9} frame#30 (cancelDraw = false)
04-20 15:41:01.806034   231  1039 D SurfaceFlinger: requestNextVsync(231)
04-20 15:41:01.814521   231   289 D SurfaceFlinger: postEvent(231, v/c=26008)
04-20 15:41:01.814522   231   287 D SurfaceFlinger: postEvent(12140, v/c=32170)
04-20 15:41:01.815480 12140 12140 V DisplayEventReceiver: call nativeScheduleVsync mReceiverPtr = 548118246464
04-20 15:41:01.815569   231   231 D SurfaceFlinger: requestNextVsync(231)
04-20 15:41:01.815696   231   231 D SurfaceFlinger: requestNextVsync(231)
04-20 15:41:01.815795   231   313 D SurfaceFlinger: requestNextVsync(12140)
04-20 15:41:01.816224 12140 12140 V ViewRootImpl: ViewRoot performTraversals+ : mFirst = false, this = ViewRoot{93d53d2 Starting logs,ident = 9}
04-20 15:41:01.818206 12140 12140 V ViewRootImpl: ViewRoot performTraversals and draw- : mResizeBuffer = null, mResizeAlpha = 0, this = ViewRoot{93d53d2 Starting logs,ident = 9} frame#31 (cancelDraw = false)
04-20 15:41:01.821729   231  1738 D SurfaceFlinger: requestNextVsync(231)
04-20 15:41:01.830750   231   289 D SurfaceFlinger: postEvent(231, v/c=26009)
04-20 15:41:01.830750   231   287 D SurfaceFlinger: postEvent(12140, v/c=32171)
04-20 15:41:01.831964 12140 12140 V DisplayEventReceiver: call nativeScheduleVsync mReceiverPtr = 548118246464
04-20 15:41:01.831998   231   231 D SurfaceFlinger: requestNextVsync(231)
04-20 15:41:01.832136   231   231 D SurfaceFlinger: requestNextVsync(231)
04-20 15:41:01.832848 12140 12140 V ViewRootImpl: ViewRoot performTraversals+ : mFirst = false, this = ViewRoot{93d53d2 Starting logs,ident = 9}
04-20 15:41:01.834015   231  1039 D SurfaceFlinger: requestNextVsync(12140)
04-20 15:41:01.836775 12140 12140 V ViewRootImpl: ViewRoot performTraversals and draw- : mResizeBuffer = null, mResizeAlpha = 0, this = ViewRoot{93d53d2 Starting logs,ident = 9} frame#32 (cancelDraw = false)
04-20 15:41:01.840818   231   269 D SurfaceFlinger: requestNextVsync(231)
04-20 15:41:01.846956   231   287 D SurfaceFlinger: postEvent(12140, v/c=32172)
04-20 15:41:01.846957   231   289 D SurfaceFlinger: postEvent(231, v/c=26010)
04-20 15:41:01.848004   231   231 D SurfaceFlinger: requestNextVsync(231)
04-20 15:41:01.848119 12140 12140 V DisplayEventReceiver: call nativeScheduleVsync mReceiverPtr = 548118246464
04-20 15:41:01.848167   231   231 D SurfaceFlinger: requestNextVsync(231)
04-20 15:41:01.848420   231  1738 D SurfaceFlinger: requestNextVsync(12140)
04-20 15:41:01.848930 12140 12140 V ViewRootImpl: ViewRoot performTraversals+ : mFirst = false, this = ViewRoot{93d53d2 Starting logs,ident = 9}
04-20 15:41:01.854862 12140 12140 V ViewRootImpl: ViewRoot performTraversals and draw- : mResizeBuffer = null, mResizeAlpha = 0, this = ViewRoot{93d53d2 Starting logs,ident = 9} frame#33 (cancelDraw = false)
04-20 15:41:01.855164   231   267 D SurfaceFlinger: requestNextVsync(231)
04-20 15:41:01.860863   964   976 D IPCThreadState: [DN #5] BR_DEAD_BINDER cookie 0x7f99d4dc40
04-20 15:41:01.860969   964  2088 D IPCThreadState: [DN #5] BR_DEAD_BINDER cookie 0x7f99d4bbc0
04-20 15:41:01.861009   964  1652 D IPCThreadState: [DN #5] BR_DEAD_BINDER cookie 0x7f97dfb980
04-20 15:41:01.861271   964   976 D GraphicsStats: Buffer count: 4
04-20 15:41:01.861699   231   269 I SurfaceFlinger: EventThread Client Pid (12837) disconnected by (231)
04-20 15:41:01.861805   964  1927 D IPCThreadState: [DN #5] BR_DEAD_BINDER cookie 0x7f956a7be0
04-20 15:41:01.861936   231   269 I SurfaceFlinger: EventThread Client Pid (12837) disconnected by (231)
04-20 15:41:01.860864   964  1162 D IPCThreadState: [DN #5] BR_DEAD_BINDER cookie 0x7f99d4d9c0
04-20 15:41:01.862661   367   367 D IPCThreadState: [DN #5] BR_DEAD_BINDER cookie 0x7f842e35a0
04-20 15:41:01.862910   367   367 D GuiExt  : [GuiExtS] binder of dump tunnel(RB-0x7fad5dd5b0) died
04-20 15:41:01.863227   231   289 D SurfaceFlinger: postEvent(231, v/c=26011)
04-20 15:41:01.863232   231   287 D SurfaceFlinger: postEvent(12140, v/c=32173)
04-20 15:41:01.863650   231  1039 I SurfaceFlinger: [SF client] DEL(0x7f79ef4300) for (964:system_server)
04-20 15:41:01.864498 12140 12140 V DisplayEventReceiver: call nativeScheduleVsync mReceiverPtr = 548118246464
04-20 15:41:01.864978 12140 12140 V ViewRootImpl: ViewRoot performTraversals+ : mFirst = false, this = ViewRoot{93d53d2 Starting logs,ident = 9}
04-20 15:41:01.865047   231   231 D SurfaceFlinger: requestNextVsync(231)
04-20 15:41:01.865248   231   267 D SurfaceFlinger: requestNextVsync(12140)
04-20 15:41:01.865268   231   231 D SurfaceFlinger: requestNextVsync(231)
04-20 15:41:01.867384 12140 12140 V ViewRootImpl: ViewRoot performTraversals and draw- : mResizeBuffer = null, mResizeAlpha = 0, this = ViewRoot{93d53d2 Starting logs,ident = 9} frame#34 (cancelDraw = false)
04-20 15:41:01.872574   231  1039 D SurfaceFlinger: requestNextVsync(231)
04-20 15:41:01.879685   231   289 D SurfaceFlinger: postEvent(231, v/c=26012)
04-20 15:41:01.879894   231   287 D SurfaceFlinger: postEvent(12140, v/c=32174)
04-20 15:41:01.881134   231   231 D SurfaceFlinger: requestNextVsync(231)
04-20 15:41:01.881280   231   231 D SurfaceFlinger: requestNextVsync(231)
04-20 15:41:01.881585 12140 12140 V DisplayEventReceiver: call nativeScheduleVsync mReceiverPtr = 548118246464
04-20 15:41:01.881996   231   267 D SurfaceFlinger: requestNextVsync(12140)
04-20 15:41:01.882866 12140 12140 V ViewRootImpl: ViewRoot performTraversals+ : mFirst = false, this = ViewRoot{93d53d2 Starting logs,ident = 9}
04-20 15:41:01.885537 12140 12140 V ViewRootImpl: ViewRoot performTraversals and draw- : mResizeBuffer = null, mResizeAlpha = 0, this = ViewRoot{93d53d2 Starting logs,ident = 9} frame#35 (cancelDraw = false)
04-20 15:41:01.891139   231  1738 D SurfaceFlinger: requestNextVsync(231)
04-20 15:41:01.895734   231   287 D SurfaceFlinger: postEvent(12140, v/c=32175)
04-20 15:41:01.895735   231   289 D SurfaceFlinger: postEvent(231, v/c=26013)
04-20 15:41:01.896636 12140 12140 V DisplayEventReceiver: call nativeScheduleVsync mReceiverPtr = 548118246464
04-20 15:41:01.896936   231   231 D SurfaceFlinger: requestNextVsync(231)
04-20 15:41:01.897080   231   231 D SurfaceFlinger: requestNextVsync(231)
04-20 15:41:01.897765   231  1039 D SurfaceFlinger: requestNextVsync(12140)
04-20 15:41:01.897507 12140 12140 V ViewRootImpl: ViewRoot performTraversals+ : mFirst = false, this = ViewRoot{93d53d2 Starting logs,ident = 9}
04-20 15:41:01.900583 12140 12140 V ViewRootImpl: ViewRoot performTraversals and draw- : mResizeBuffer = null, mResizeAlpha = 0, this = ViewRoot{93d53d2 Starting logs,ident = 9} frame#36 (cancelDraw = false)
04-20 15:41:01.908557   231   269 D SurfaceFlinger: requestNextVsync(231)
04-20 15:41:01.911932   231   287 D SurfaceFlinger: postEvent(12140, v/c=32176)
04-20 15:41:01.912101   231   289 D SurfaceFlinger: postEvent(231, v/c=26014)
04-20 15:41:01.912969 12140 12140 V DisplayEventReceiver: call nativeScheduleVsync mReceiverPtr = 548118246464
04-20 15:41:01.913090   231   231 D SurfaceFlinger: requestNextVsync(231)
04-20 15:41:01.913243   231   231 D SurfaceFlinger: requestNextVsync(231)
04-20 15:41:01.913567   231  1738 D SurfaceFlinger: requestNextVsync(12140)
04-20 15:41:01.914085 12140 12140 V ViewRootImpl: ViewRoot performTraversals+ : mFirst = false, this = ViewRoot{93d53d2 Starting logs,ident = 9}
04-20 15:41:01.916264 12140 12140 V ViewRootImpl: ViewRoot performTraversals and draw- : mResizeBuffer = null, mResizeAlpha = 0, this = ViewRoot{93d53d2 Starting logs,ident = 9} frame#37 (cancelDraw = false)
04-20 15:41:01.919894   231   313 D SurfaceFlinger: requestNextVsync(231)
04-20 15:41:01.928180   231   289 D SurfaceFlinger: postEvent(231, v/c=26015)
04-20 15:41:01.928180   231   287 D SurfaceFlinger: postEvent(12140, v/c=32177)
04-20 15:41:01.929114 12140 12140 V DisplayEventReceiver: call nativeScheduleVsync mReceiverPtr = 548118246464
04-20 15:41:01.929575   231   269 D SurfaceFlinger: requestNextVsync(12140)
04-20 15:41:01.929656 12140 12140 V ViewRootImpl: ViewRoot performTraversals+ : mFirst = false, this = ViewRoot{93d53d2 Starting logs,ident = 9}
04-20 15:41:01.931465   231   231 D SurfaceFlinger: requestNextVsync(231)
04-20 15:41:01.931632   231   231 D SurfaceFlinger: requestNextVsync(231)
04-20 15:41:01.931615 12140 12140 V ViewRootImpl: ViewRoot performTraversals and draw- : mResizeBuffer = null, mResizeAlpha = 0, this = ViewRoot{93d53d2 Starting logs,ident = 9} frame#38 (cancelDraw = false)
04-20 15:41:01.941088   231   267 D SurfaceFlinger: requestNextVsync(231)
04-20 15:41:01.944461   231   289 D SurfaceFlinger: postEvent(231, v/c=26016)
04-20 15:41:01.944462   231   287 D SurfaceFlinger: postEvent(12140, v/c=32178)
04-20 15:41:01.945565   231   231 D SurfaceFlinger: requestNextVsync(231)
04-20 15:41:01.945734   231   231 D SurfaceFlinger: requestNextVsync(231)
04-20 15:41:01.945727 12140 12140 V DisplayEventReceiver: call nativeScheduleVsync mReceiverPtr = 548118246464
04-20 15:41:01.946122   231   313 D SurfaceFlinger: requestNextVsync(12140)
04-20 15:41:01.946280 12140 12140 V ViewRootImpl: ViewRoot performTraversals+ : mFirst = false, this = ViewRoot{93d53d2 Starting logs,ident = 9}
04-20 15:41:01.950061 12140 12140 V ViewRootImpl: ViewRoot performTraversals and draw- : mResizeBuffer = null, mResizeAlpha = 0, this = ViewRoot{93d53d2 Starting logs,ident = 9} frame#39 (cancelDraw = false)
04-20 15:41:01.954459   231  1039 D SurfaceFlinger: requestNextVsync(231)
04-20 15:41:01.960714   231   289 D SurfaceFlinger: postEvent(231, v/c=26017)
04-20 15:41:01.960714   231   287 D SurfaceFlinger: postEvent(12140, v/c=32179)
04-20 15:41:01.961763 12140 12140 V DisplayEventReceiver: call nativeScheduleVsync mReceiverPtr = 548118246464
04-20 15:41:01.961747   231   231 D SurfaceFlinger: requestNextVsync(231)
04-20 15:41:01.962087   231   231 D SurfaceFlinger: requestNextVsync(231)
04-20 15:41:01.962229 12140 12140 V ViewRootImpl: ViewRoot performTraversals+ : mFirst = false, this = ViewRoot{93d53d2 Starting logs,ident = 9}
04-20 15:41:01.963818   231   313 D SurfaceFlinger: requestNextVsync(12140)
04-20 15:41:01.964886 12140 12140 V ViewRootImpl: ViewRoot performTraversals and draw- : mResizeBuffer = null, mResizeAlpha = 0, this = ViewRoot{93d53d2 Starting logs,ident = 9} frame#40 (cancelDraw = false)
04-20 15:41:01.971075   231  1039 D SurfaceFlinger: requestNextVsync(231)
04-20 15:41:01.974523   345 12896 I MobileLogD/dupm: dump /proc/last_kmsg
04-20 15:41:01.976903   231   289 D SurfaceFlinger: postEvent(231, v/c=26018)
04-20 15:41:01.976902   231   287 D SurfaceFlinger: postEvent(12140, v/c=32180)
04-20 15:41:01.977933   231   231 D SurfaceFlinger: requestNextVsync(231)
04-20 15:41:01.977918 12140 12140 V DisplayEventReceiver: call nativeScheduleVsync mReceiverPtr = 548118246464
04-20 15:41:01.978128   231   231 D SurfaceFlinger: requestNextVsync(231)
04-20 15:41:01.978281   231   313 D SurfaceFlinger: requestNextVsync(12140)
04-20 15:41:01.978427 12140 12140 V ViewRootImpl: ViewRoot performTraversals+ : mFirst = false, this = ViewRoot{93d53d2 Starting logs,ident = 9}
04-20 15:41:01.982286 12140 12140 V ViewRootImpl: ViewRoot performTraversals and draw- : mResizeBuffer = null, mResizeAlpha = 0, this = ViewRoot{93d53d2 Starting logs,ident = 9} frame#41 (cancelDraw = false)
04-20 15:41:01.986103   231  1738 D SurfaceFlinger: requestNextVsync(231)
04-20 15:41:01.993104   231   287 D SurfaceFlinger: postEvent(12140, v/c=32181)
04-20 15:41:01.993104   231   289 D SurfaceFlinger: postEvent(231, v/c=26019)
04-20 15:41:01.994113 12140 12140 V DisplayEventReceiver: call nativeScheduleVsync mReceiverPtr = 548118246464
04-20 15:41:01.994123   231   231 D SurfaceFlinger: requestNextVsync(231)
04-20 15:41:01.994311   231   231 D SurfaceFlinger: requestNextVsync(231)
04-20 15:41:01.994447   231  1039 D SurfaceFlinger: requestNextVsync(12140)
04-20 15:41:01.994968 12140 12140 V ViewRootImpl: ViewRoot performTraversals+ : mFirst = false, this = ViewRoot{93d53d2 Starting logs,ident = 9}
04-20 15:41:01.996856 12140 12140 V ViewRootImpl: ViewRoot performTraversals and draw- : mResizeBuffer = null, mResizeAlpha = 0, this = ViewRoot{93d53d2 Starting logs,ident = 9} frame#42 (cancelDraw = false)
04-20 15:41:02.000634   231   269 D SurfaceFlinger: requestNextVsync(231)
04-20 15:41:02.009434   231   287 D SurfaceFlinger: postEvent(12140, v/c=32182)
04-20 15:41:02.009453   231   289 D SurfaceFlinger: postEvent(231, v/c=26020)
04-20 15:41:02.010483 12140 12140 V DisplayEventReceiver: call nativeScheduleVsync mReceiverPtr = 548118246464
04-20 15:41:02.010538   231   231 D SurfaceFlinger: requestNextVsync(231)
04-20 15:41:02.010673   231   231 D SurfaceFlinger: requestNextVsync(231)
04-20 15:41:02.011147   231  1738 D SurfaceFlinger: requestNextVsync(12140)
04-20 15:41:02.011333 12140 12140 V ViewRootImpl: ViewRoot performTraversals+ : mFirst = false, this = ViewRoot{93d53d2 Starting logs,ident = 9}
04-20 15:41:02.013253 12140 12140 V ViewRootImpl: ViewRoot performTraversals and draw- : mResizeBuffer = null, mResizeAlpha = 0, this = ViewRoot{93d53d2 Starting logs,ident = 9} frame#43 (cancelDraw = false)
04-20 15:41:02.016744   231   267 D SurfaceFlinger: requestNextVsync(231)
04-20 15:41:02.020372 12140 12159 I MTKLogger/GPSLog: Handle receive message, what=1
04-20 15:41:02.020770 12140 12159 D MTKLogger/LogInstance: -->getStorageState(), currentLogPathType=internal_sd
04-20 15:41:02.020931 12140 12159 I MTKLogger/Utils: -->getInternalSdPath()
04-20 15:41:02.024083   964  2089 D AppOps  : noteOperation: allowing code 59 uid 10056 package com.mediatek.mtklogger
04-20 15:41:02.024393   964  2089 D AppOps  : noteOperation: allowing code 60 uid 10056 package com.mediatek.mtklogger
04-20 15:41:02.025142   964  2089 D SettingsInterface:  from settings cache , name = sys_storage_threshold_percentage , value = null
04-20 15:41:02.025684   231   287 D SurfaceFlinger: postEvent(12140, v/c=32183)
04-20 15:41:02.025685   231   289 D SurfaceFlinger: postEvent(231, v/c=26021)
04-20 15:41:02.025922   964  2089 D SettingsInterface:  from settings cache , name = sys_storage_threshold_max_bytes , value = null
04-20 15:41:02.026876   231   231 D SurfaceFlinger: requestNextVsync(231)
04-20 15:41:02.026913 12140 12159 I MTKLogger/Utils: /storage/emulated/0 is mounted!
04-20 15:41:02.027059   231   231 D SurfaceFlinger: requestNextVsync(231)
04-20 15:41:02.027499 12140 12140 V DisplayEventReceiver: call nativeScheduleVsync mReceiverPtr = 548118246464
04-20 15:41:02.027932   231   269 D SurfaceFlinger: requestNextVsync(12140)
04-20 15:41:02.028551 12140 12159 I MTKLogger/Utils: Is emulated and volumeInfo.getId() : emulated
04-20 15:41:02.028739 12140 12159 I MTKLogger/Utils: <--getInternalSdPath() : internalPath = /storage/emulated/0
04-20 15:41:02.029116 12140 12159 V MTKLogger: <--getLogPath(), type=internal_sd, string=/storage/emulated/0
04-20 15:41:02.030291 12140 12140 V ViewRootImpl: ViewRoot performTraversals+ : mFirst = false, this = ViewRoot{93d53d2 Starting logs,ident = 9}
04-20 15:41:02.032593 12140 12140 V ViewRootImpl: ViewRoot performTraversals and draw- : mResizeBuffer = null, mResizeAlpha = 0, this = ViewRoot{93d53d2 Starting logs,ident = 9} frame#44 (cancelDraw = false)
04-20 15:41:02.033288   964   976 D AppOps  : noteOperation: allowing code 59 uid 10056 package com.mediatek.mtklogger
04-20 15:41:02.035231   964   976 D AppOps  : noteOperation: allowing code 60 uid 10056 package com.mediatek.mtklogger
04-20 15:41:02.036762   964   976 D SettingsInterface:  from settings cache , name = sys_storage_threshold_percentage , value = null
04-20 15:41:02.037664   231   313 D SurfaceFlinger: requestNextVsync(231)
04-20 15:41:02.038433   964   976 D SettingsInterface:  from settings cache , name = sys_storage_threshold_max_bytes , value = null
04-20 15:41:02.039765 12140 12159 I MTKLogger/Utils: -->getInternalSdPath()
04-20 15:41:02.041892   231   287 D SurfaceFlinger: postEvent(12140, v/c=32184)
04-20 15:41:02.042033   231   289 D SurfaceFlinger: postEvent(231, v/c=26022)
04-20 15:41:02.041869   964  8871 D AppOps  : noteOperation: allowing code 59 uid 10056 package com.mediatek.mtklogger
04-20 15:41:02.042682   964  8871 D AppOps  : noteOperation: allowing code 60 uid 10056 package com.mediatek.mtklogger
04-20 15:41:02.043036   231   231 D SurfaceFlinger: requestNextVsync(231)
04-20 15:41:02.043168   231   231 D SurfaceFlinger: requestNextVsync(231)
04-20 15:41:02.043660   964  8871 D SettingsInterface:  from settings cache , name = sys_storage_threshold_percentage , value = null
04-20 15:41:02.045035 12140 12140 V DisplayEventReceiver: call nativeScheduleVsync mReceiverPtr = 548118246464
04-20 15:41:02.046579   964  8871 D SettingsInterface:  from settings cache , name = sys_storage_threshold_max_bytes , value = null
04-20 15:41:02.047280   231   267 D SurfaceFlinger: requestNextVsync(12140)
04-20 15:41:02.047613 12140 12140 V ViewRootImpl: ViewRoot performTraversals+ : mFirst = false, this = ViewRoot{93d53d2 Starting logs,ident = 9}
04-20 15:41:02.047897 12140 12159 I MTKLogger/Utils: /storage/emulated/0 is mounted!
04-20 15:41:02.049010 12140 12159 I MTKLogger/Utils: Is emulated and volumeInfo.getId() : emulated
04-20 15:41:02.049215 12140 12159 I MTKLogger/Utils: <--getInternalSdPath() : internalPath = /storage/emulated/0
04-20 15:41:02.050514 12140 12140 V ViewRootImpl: ViewRoot performTraversals and draw- : mResizeBuffer = null, mResizeAlpha = 0, this = ViewRoot{93d53d2 Starting logs,ident = 9} frame#45 (cancelDraw = false)
04-20 15:41:02.050652 12140 12159 V MTKLogger: <--getLogPath(), type=internal_sd, string=/storage/emulated/0
04-20 15:41:02.051857 12140 12159 D MTKLogger: -->getAvailableStorageSize(), path=/storage/emulated/0, size=11855MB
04-20 15:41:02.052064 12140 12159 D MTKLogger/LogInstance: <--getStorageState(), storage is ready for log capture.
04-20 15:41:02.052328 12140 12159 I MTKLogger/Utils: -->getInternalSdPath()
04-20 15:41:02.054789   231  1039 D SurfaceFlinger: requestNextVsync(231)
04-20 15:41:02.055821   964  1927 D AppOps  : noteOperation: allowing code 59 uid 10056 package com.mediatek.mtklogger
04-20 15:41:02.056106   964  1927 D AppOps  : noteOperation: allowing code 60 uid 10056 package com.mediatek.mtklogger
04-20 15:41:02.056738   964  1927 D SettingsInterface:  from settings cache , name = sys_storage_threshold_percentage , value = null
04-20 15:41:02.057204   964  1927 D SettingsInterface:  from settings cache , name = sys_storage_threshold_max_bytes , value = null
04-20 15:41:02.057952 12140 12159 I MTKLogger/Utils: /storage/emulated/0 is mounted!
04-20 15:41:02.058091   231   287 D SurfaceFlinger: postEvent(12140, v/c=32185)
04-20 15:41:02.058091   231   289 D SurfaceFlinger: postEvent(231, v/c=26023)
04-20 15:41:02.058960 12140 12140 V DisplayEventReceiver: call nativeScheduleVsync mReceiverPtr = 548118246464
04-20 15:41:02.059828   231   313 D SurfaceFlinger: requestNextVsync(12140)
04-20 15:41:02.060033   231   231 D SurfaceFlinger: requestNextVsync(231)
04-20 15:41:02.060165   231   231 D SurfaceFlinger: requestNextVsync(231)
04-20 15:41:02.060483 12140 12159 I MTKLogger/Utils: Is emulated and volumeInfo.getId() : emulated
04-20 15:41:02.060635 12140 12159 I MTKLogger/Utils: <--getInternalSdPath() : internalPath = /storage/emulated/0
04-20 15:41:02.061113 12140 12159 V MTKLogger: <--getLogPath(), type=internal_sd, string=/storage/emulated/0
04-20 15:41:02.061377 12140 12159 I MTKLogger/LogConnection: -->send cmd: [set_storage_path,/storage/emulated/0] to [gpslogd]
04-20 15:41:02.061486 12140 12159 D MTKLogger/LogConnection: Command builder success
04-20 15:41:02.061365 12140 12140 V ViewRootImpl: ViewRoot performTraversals+ : mFirst = false, this = ViewRoot{93d53d2 Starting logs,ident = 9}
04-20 15:41:02.061884   354   354 D MNLD    : process: epoll_wait() received 1 events
04-20 15:41:02.062134   354   354 D MNLD    : mtklogger2mnl_handler: recv set_storage_path,/storage/emulated/0 from 14
04-20 15:41:02.062192   354   354 D MNLD    : notify_client: write set_storage_path,/storage/emulated/0,1 to client fd 14 
04-20 15:41:02.062255   354   354 D MNLD    : mtklogger2mnl_handler: notify_client,ans = set_storage_path,/storage/emulated/0,1
04-20 15:41:02.062312   354   354 D MNLD    : get_mtklog_path: logpath for mtklogger socket msg: /storage/emulated/0
04-20 15:41:02.062362   354   354 D MNLD    : get_mtklog_path: get_mtklog_path:logpath is /storage/emulated/0/mtklog/gpsdbglog/
04-20 15:41:02.062539   354   354 D MNLD    : process: mtklogger2mnl_handler: ret = 0
04-20 15:41:02.062917 12140 12160 V MTKLogger/LogConnection: Response from native byte size=38
04-20 15:41:02.063157 12140 12160 I MTKLogger/GPSLog: -->dealWithResponse(), resp=set_storage_path,/storage/emulated/0,1
04-20 15:41:02.067276 12140 12140 V ViewRootImpl: ViewRoot performTraversals and draw- : mResizeBuffer = null, mResizeAlpha = 0, this = ViewRoot{93d53d2 Starting logs,ident = 9} frame#46 (cancelDraw = false)
04-20 15:41:02.071998   231  1738 D SurfaceFlinger: requestNextVsync(231)
04-20 15:41:02.072141   231  1738 I BufferQueueProducer: [Starting logs](this:0x7f76ccfc00,id:221,api:1,p:12140,c:231) queueBuffer: fps=43.56 dur=1010.00 max=255.51 min=7.13
04-20 15:41:02.072732 12140 12159 I MTKLogger/LogConnection: <--send cmd done : [set_storage_path,/storage/emulated/0] to [gpslogd]
04-20 15:41:02.072890 12140 12159 I MTKLogger/GPSLog: GPS log initialization reason = from_ui
04-20 15:41:02.072953 12140 12159 W MTKLogger/GPSLog: Start command come from UI, change log auto start to true at the same time
04-20 15:41:02.073031 12140 12159 I MTKLogger/LogConnection: -->send cmd: [deep_start,1] to [gpslogd]
04-20 15:41:02.073114 12140 12159 D MTKLogger/LogConnection: Command builder success
04-20 15:41:02.073624   354   354 D MNLD    : process: epoll_wait() received 1 events
04-20 15:41:02.073758   354   354 D MNLD    : mtklogger2mnl_handler: recv deep_start,1 from 14
04-20 15:41:02.073863   354   354 D MNLD    : notify_client: write deep_start,1,1 to client fd 14 
04-20 15:41:02.073924   354   354 D MNLD    : mtklogger2mnl_handler: notify_client,ans = deep_start,1,1
04-20 15:41:02.074018   354   354 D MNLD    : mtklogger2mnl_handler: gps_debuglog_state:1
04-20 15:41:02.074064   354   354 D MNLD    : process: mtklogger2mnl_handler: ret = 0
04-20 15:41:02.074328 12140 12160 V MTKLogger/LogConnection: Response from native byte size=14
04-20 15:41:02.074528 12140 12160 I MTKLogger/GPSLog: -->dealWithResponse(), resp=deep_start,1,1
04-20 15:41:02.074918   231   289 D SurfaceFlinger: postEvent(231, v/c=26024)
04-20 15:41:02.074916   231   287 D SurfaceFlinger: postEvent(12140, v/c=32186)
04-20 15:41:02.075987   231   231 D SurfaceFlinger: requestNextVsync(231)
04-20 15:41:02.076159   231   231 D SurfaceFlinger: requestNextVsync(231)
04-20 15:41:02.076945 12140 12140 V DisplayEventReceiver: call nativeScheduleVsync mReceiverPtr = 548118246464
04-20 15:41:02.077589   231  1039 D SurfaceFlinger: requestNextVsync(12140)
04-20 15:41:02.078348 12140 12140 V ViewRootImpl: ViewRoot performTraversals+ : mFirst = false, this = ViewRoot{93d53d2 Starting logs,ident = 9}
04-20 15:41:02.081104 12140 12140 V ViewRootImpl: ViewRoot performTraversals and draw- : mResizeBuffer = null, mResizeAlpha = 0, this = ViewRoot{93d53d2 Starting logs,ident = 9} frame#47 (cancelDraw = false)
04-20 15:41:02.084028 12140 12159 I MTKLogger/LogConnection: <--send cmd done : [deep_start,1] to [gpslogd]
04-20 15:41:02.084194 12140 12159 D MTKLogger/GPSLog: After sending start command, wait native's resp, not treat it as successfully directly
04-20 15:41:02.084466 12140 12159 I MTKLogger/GPSLog: Handle receive message, what=0
04-20 15:41:02.084585 12140 12159 W MTKLogger/GPSLog: Not supported message: 0
04-20 15:41:02.084723 12140 12159 I MTKLogger/GPSLog: Handle receive message, what=25
04-20 15:41:02.084863 12140 12159 D MTKLogger/GPSLog: Got an update event, new state = 1, reason=null, oldState=0
04-20 15:41:02.084943   231   269 D SurfaceFlinger: requestNextVsync(231)
04-20 15:41:02.084956 12140 12159 I MTKLogger/GPSLog: -->notifyServiceStatus(), status=1,  reason=[]
04-20 15:41:02.090549   231   287 D SurfaceFlinger: postEvent(12140, v/c=32187)
04-20 15:41:02.090550   231   289 D SurfaceFlinger: postEvent(231, v/c=26025)
04-20 15:41:02.091495 12140 12140 V DisplayEventReceiver: call nativeScheduleVsync mReceiverPtr = 548118246464
04-20 15:41:02.091585   231   231 D SurfaceFlinger: requestNextVsync(231)
04-20 15:41:02.091721   231   231 D SurfaceFlinger: requestNextVsync(231)
04-20 15:41:02.091809   231  1738 D SurfaceFlinger: requestNextVsync(12140)
04-20 15:41:02.092017 12140 12140 V ViewRootImpl: ViewRoot performTraversals+ : mFirst = false, this = ViewRoot{93d53d2 Starting logs,ident = 9}
04-20 15:41:02.093924 12140 12140 V ViewRootImpl: ViewRoot performTraversals and draw- : mResizeBuffer = null, mResizeAlpha = 0, this = ViewRoot{93d53d2 Starting logs,ident = 9} frame#48 (cancelDraw = false)
04-20 15:41:02.097600   231   267 D SurfaceFlinger: requestNextVsync(231)
04-20 15:41:02.106807   231   287 D SurfaceFlinger: postEvent(12140, v/c=32188)
04-20 15:41:02.106967   231   289 D SurfaceFlinger: postEvent(231, v/c=26026)
04-20 15:41:02.108095   231   231 D SurfaceFlinger: requestNextVsync(231)
04-20 15:41:02.108261   231   231 D SurfaceFlinger: requestNextVsync(231)
04-20 15:41:02.111522   231   231 I SurfaceFlinger: [Built-in Screen (type:0)] fps:57.516136,dur:1008.41,max:49.28,min:13.00
04-20 15:41:02.112015 12140 12159 D MTKLogger/LogInstance: -->updateStatusBar(), logType=16, titleRes=2131296261, enable=true
04-20 15:41:02.112256 12140 12159 W MTKLogger/LogInstance: Too frequent status bar update request, slow down.
04-20 15:41:02.113214 12140 12140 V DisplayEventReceiver: call nativeScheduleVsync mReceiverPtr = 548118246464
04-20 15:41:02.113622   231   269 D SurfaceFlinger: requestNextVsync(12140)
04-20 15:41:02.113680 12140 12140 V ViewRootImpl: ViewRoot performTraversals+ : mFirst = false, this = ViewRoot{93d53d2 Starting logs,ident = 9}
04-20 15:41:02.116336 12140 12140 V ViewRootImpl: ViewRoot performTraversals and draw- : mResizeBuffer = null, mResizeAlpha = 0, this = ViewRoot{93d53d2 Starting logs,ident = 9} frame#49 (cancelDraw = false)
04-20 15:41:02.122340 12140 12913 D MTKLogger/MTKLoggerService:  mNativeStateHandler receive message, what=1, arg1=16, arg2=1
04-20 15:41:02.122672 12140 12913 D MTKLogger/MTKLoggerService: -->handleLogStateChangeMsg(), mCachedStartStopCmd = 16
04-20 15:41:02.123132   231   287 D SurfaceFlinger: postEvent(12140, v/c=32189)
04-20 15:41:02.123357   231   289 D SurfaceFlinger: postEvent(231, v/c=26027)
04-20 15:41:02.125066 12140 12140 V DisplayEventReceiver: call nativeScheduleVsync mReceiverPtr = 548118246464
04-20 15:41:02.122780 12140 12913 D MTKLogger/MTKLoggerService:  MSG_LOG_STATE_CHANGED, logType=16, result=1, reason=[]
04-20 15:41:02.125315 12140 12913 D MTKLogger/MTKLoggerService: Still waiting start/stop command response, mark it as finished.
04-20 15:41:02.125493 12140 12913 I MTKLogger/MTKLoggerService:  Notify other modules current state with broadcast. mCurrentAffectedLogType=23, currentRunningStatus=23, failReasonStr=[]
04-20 15:41:02.131259   231   267 D SurfaceFlinger: requestNextVsync(12140)
04-20 15:41:02.131719   231   313 D SurfaceFlinger: requestNextVsync(231)
04-20 15:41:02.131722   231   231 D SurfaceFlinger: requestNextVsync(231)
04-20 15:41:02.131761 12140 12140 V ViewRootImpl: ViewRoot performTraversals+ : mFirst = false, this = ViewRoot{93d53d2 Starting logs,ident = 9}
04-20 15:41:02.134985   231   231 I BufferQueueProducer: [FrameBufferSurface_0](this:0x7f7c90e000,id:0,api:1,p:231,c:231) queueBuffer: fps=57.17 dur=1014.60 max=49.26 min=13.02
04-20 15:41:02.136584 12140 12140 V ViewRootImpl: ViewRoot performTraversals and draw- : mResizeBuffer = null, mResizeAlpha = 0, this = ViewRoot{93d53d2 Starting logs,ident = 9} frame#50 (cancelDraw = false)
04-20 15:41:02.140331   231   289 D SurfaceFlinger: postEvent(231, v/c=26028)
04-20 15:41:02.140426   231   287 D SurfaceFlinger: postEvent(12140, v/c=32190)
04-20 15:41:02.142062 12140 12140 V DisplayEventReceiver: call nativeScheduleVsync mReceiverPtr = 548118246464
04-20 15:41:02.142672   231  1039 D SurfaceFlinger: requestNextVsync(231)
04-20 15:41:02.143687 12140 12913 D MTKLogger/MTKLoggerService: -->updateStartRecordingTime(), mCurrentRunningStatus=23
04-20 15:41:02.143841 12140 12913 I MTKLogger/MTKLoggerService: Former log start time is 0, set to current system time.
04-20 15:41:02.144544 12140 12913 V MTKLogger/MTKLoggerService: -->isLogRunning(), logType = 16
04-20 15:41:02.144710 12140 12913 D MTKLogger/GPSLog: Is GPS log running ? true
04-20 15:41:02.144779 12140 12913 V MTKLogger/MTKLoggerService: <--isLogRunning()? true
04-20 15:41:02.144948 12140 12913 V MTKLogger/MTKLoggerService: <--isAnyLogRunning()? true
04-20 15:41:02.145278 12140 12913 D MTKLogger/MTKLoggerService: -->updateLogFolderMonitor(), isLogRunning=true, mLogFolderMonitorThreadStopFlag=true
04-20 15:41:02.145709   231   267 D SurfaceFlinger: requestNextVsync(12140)
04-20 15:41:02.146355 12140 12140 V ViewRootImpl: ViewRoot performTraversals+ : mFirst = false, this = ViewRoot{93d53d2 Starting logs,ident = 9}
04-20 15:41:02.146991 12140 12913 V MTKLogger/MTKLoggerService: Log is running, so start monitor log folder
04-20 15:41:02.147167 12140 12913 V MTKLogger/MTKLoggerService: -->isLogRunning(), logType = 16
04-20 15:41:02.148758 12140 12140 V ViewRootImpl: ViewRoot performTraversals and draw- : mResizeBuffer = null, mResizeAlpha = 0, this = ViewRoot{93d53d2 Starting logs,ident = 9} frame#51 (cancelDraw = false)
04-20 15:41:02.149814 12140 12913 D MTKLogger/GPSLog: Is GPS log running ? true
04-20 15:41:02.149950 12140 12913 V MTKLogger/MTKLoggerService: <--isLogRunning()? true
04-20 15:41:02.150379 12140 12140 D MTKLogger/MainActivity: ACTION_LOG_STATE_CHANGED
04-20 15:41:02.150579 12140 12140 D Dialog  : dismissDialog
04-20 15:41:02.154108 12140 12914 D MTKLogger/MTKLoggerService: Begin to monitor log folder status...
04-20 15:41:02.154372 12140 12914 I MTKLogger/Utils: -->getInternalSdPath()
04-20 15:41:02.155554   231   289 D SurfaceFlinger: postEvent(231, v/c=26029)
04-20 15:41:02.155554   231   287 D SurfaceFlinger: postEvent(12140, v/c=32191)
04-20 15:41:02.156719   231   269 D SurfaceFlinger: requestNextVsync(231)
04-20 15:41:02.156746   231   231 D SurfaceFlinger: requestNextVsync(231)
04-20 15:41:02.150018 12140 12913 V MTKLogger/MTKLoggerService: <--isAnyLogRunning()? true
04-20 15:41:02.158694 12140 12446 D OpenGLRenderer: Flushing caches (mode 0)
04-20 15:41:02.158943 12140 12446 D Surface : Surface::disconnect(this=0x7fad530a00,api=1)
04-20 15:41:02.159436   231  1738 I BufferQueueProducer: [Starting logs](this:0x7f76ccfc00,id:221,api:1,p:-1,c:231) disconnect(P): api 1
04-20 15:41:02.158362 12140 12913 I MTKLogger/Utils: -->getInternalSdPath()
04-20 15:41:02.160053   231  1738 I BufferQueueConsumer: [Starting logs](this:0x7f76ccfc00,id:221,api:1,p:-1,c:231) getReleasedBuffers: returning mask 0xfffffffffffffffb
04-20 15:41:02.160302   231  1738 D GraphicBuffer: free, handle(0x7f7cdde9a0) (w:203 h:729 s:208 f:0x1 u:0x000b00)
04-20 15:41:02.160401   231  1738 I [MALI][Gralloc]: [-]hnd(0x7f7cdde9a0), client(27), share_fd(58)
04-20 15:41:02.162834 12140 12446 D GraphicBuffer: unregister, handle(0x7fad574620) (w:203 h:729 s:208 f:0x1 u:0x000b00)
04-20 15:41:02.163165   964  1843 D AppOps  : noteOperation: allowing code 59 uid 10056 package com.mediatek.mtklogger
04-20 15:41:02.163449   964  1843 D AppOps  : noteOperation: allowing code 60 uid 10056 package com.mediatek.mtklogger
04-20 15:41:02.164892   964  1843 D SettingsInterface:  from settings cache , name = sys_storage_threshold_percentage , value = null
04-20 15:41:02.165077 12140 12446 I [MALI][Gralloc]: [-]r_hnd(0x7fad574620), client(51), share_fd(70)
04-20 15:41:02.165281   964  2088 D AppOps  : noteOperation: allowing code 59 uid 10056 package com.mediatek.mtklogger
04-20 15:41:02.165486 12140 12446 D GraphicBuffer: unregister, handle(0x7fad5723c0) (w:203 h:729 s:208 f:0x1 u:0x000b00)
04-20 15:41:02.165642   964  2088 D AppOps  : noteOperation: allowing code 60 uid 10056 package com.mediatek.mtklogger
04-20 15:41:02.167076 12140 12446 I [MALI][Gralloc]: [-]r_hnd(0x7fad5723c0), client(51), share_fd(71)
04-20 15:41:02.167082   964  1843 D SettingsInterface:  from settings cache , name = sys_storage_threshold_max_bytes , value = null
04-20 15:41:02.168302   964  2088 D SettingsInterface:  from settings cache , name = sys_storage_threshold_percentage , value = null
04-20 15:41:02.168677 12140 12446 D GraphicBuffer: unregister, handle(0x7fad576240) (w:203 h:729 s:208 f:0x1 u:0x000b00)
04-20 15:41:02.168993   964  2088 D SettingsInterface:  from settings cache , name = sys_storage_threshold_max_bytes , value = null
04-20 15:41:02.170271 12140 12913 I MTKLogger/Utils: /storage/emulated/0 is mounted!
04-20 15:41:02.170708 12140 12446 I [MALI][Gralloc]: [-]r_hnd(0x7fad576240), client(51), share_fd(67)
04-20 15:41:02.170919 12140 12446 D GraphicBuffer: unregister, handle(0x7fad576380) (w:203 h:729 s:208 f:0x1 u:0x000b00)
04-20 15:41:02.171751 12140 12446 I [MALI][Gralloc]: [-]r_hnd(0x7fad576380), client(51), share_fd(68)
04-20 15:41:02.171861   231   289 D SurfaceFlinger: postEvent(231, v/c=26030)
04-20 15:41:02.171969 12140 12446 D Surface : Surface::disconnect(this=0x7fad530a00,api=1)
04-20 15:41:02.172559   231   231 D GraphicBuffer: free, handle(0x7f7c8c9820) (w:203 h:729 s:208 f:0x1 u:0x000b00)
04-20 15:41:02.172667   231   231 I [MALI][Gralloc]: [-]hnd(0x7f7c8c9820), client(27), share_fd(63)
04-20 15:41:02.175291 12140 12914 I MTKLogger/Utils: /storage/emulated/0 is mounted!
04-20 15:41:02.176530 12140 12913 I MTKLogger/Utils: Is emulated and volumeInfo.getId() : emulated
04-20 15:41:02.176687 12140 12913 I MTKLogger/Utils: <--getInternalSdPath() : internalPath = /storage/emulated/0
04-20 15:41:02.177174 12140 12913 V MTKLogger: <--getLogPath(), type=internal_sd, string=/storage/emulated/0
04-20 15:41:02.177274 12140 12913 V MTKLogger/Utils: -->setRunnngFileListTree
04-20 15:41:02.179307 12140 12915 I MTKLogger/Utils: -->getInternalSdPath()
04-20 15:41:02.181881   231  1039 I BufferQueueProducer: [Starting logs](this:0x7f76ccfc00,id:221,api:1,p:-1,c:231) disconnect(P): api 1
04-20 15:41:02.182290 12140 12446 D OpenGLRenderer: Flushing caches (mode 0)
04-20 15:41:02.183516 12140 12914 I MTKLogger/Utils: Is emulated and volumeInfo.getId() : emulated
04-20 15:41:02.183859 12140 12914 I MTKLogger/Utils: <--getInternalSdPath() : internalPath = /storage/emulated/0
04-20 15:41:02.184241 12140 12914 V MTKLogger: <--getLogPath(), type=internal_sd, string=/storage/emulated/0
04-20 15:41:02.187232   964  8871 D AppOps  : noteOperation: allowing code 59 uid 10056 package com.mediatek.mtklogger
04-20 15:41:02.187549   964  8871 D AppOps  : noteOperation: allowing code 60 uid 10056 package com.mediatek.mtklogger
04-20 15:41:02.187921   964  1162 D AppOps  : noteOperation: allowing code 59 uid 10056 package com.mediatek.mtklogger
04-20 15:41:02.188172   964  1162 D AppOps  : noteOperation: allowing code 60 uid 10056 package com.mediatek.mtklogger
04-20 15:41:02.188597   964  8871 D SettingsInterface:  from settings cache , name = sys_storage_threshold_percentage , value = null
04-20 15:41:02.192304   964  8871 D SettingsInterface:  from settings cache , name = sys_storage_threshold_max_bytes , value = null
04-20 15:41:02.193181   964  1162 D SettingsInterface:  from settings cache , name = sys_storage_threshold_percentage , value = null
04-20 15:41:02.193806   964  1162 D SettingsInterface:  from settings cache , name = sys_storage_threshold_max_bytes , value = null
04-20 15:41:02.193890 12140 12914 D MTKLogger: -->getAvailableStorageSize(), path=/storage/emulated/0, size=11854MB
04-20 15:41:02.194677 12140 12915 I MTKLogger/Utils: /storage/emulated/0 is mounted!
04-20 15:41:02.196757   964   987 V DisplayEventReceiver: call nativeScheduleVsync mReceiverPtr = 548369566784
04-20 15:41:02.197120 12140 12915 I MTKLogger/Utils: Is emulated and volumeInfo.getId() : emulated
04-20 15:41:02.197220   231   269 D SurfaceFlinger: requestNextVsync(964)
04-20 15:41:02.197273 12140 12915 I MTKLogger/Utils: <--getInternalSdPath() : internalPath = /storage/emulated/0
04-20 15:41:02.197701 12140 12915 V MTKLogger: <--getLogPath(), type=internal_sd, string=/storage/emulated/0
04-20 15:41:02.199031 12140 12140 D WindowClient: Remove from mViews: com.android.internal.policy.PhoneWindow$DecorView{a2b5d6c V.E...... R....... 0,0-729,203}, this = android.view.WindowManagerGlobal@85c4962
04-20 15:41:02.200183 12140 12492 I MTKLogger/Utils: -->getInternalSdPath()
04-20 15:41:02.201279 12140 12140 V DisplayEventReceiver: call nativeScheduleVsync mReceiverPtr = 548118246464
04-20 15:41:02.202252   231  1738 D SurfaceFlinger: requestNextVsync(12140)
04-20 15:41:02.204046   231   287 D SurfaceFlinger: postEvent(12140, v/c=32193)
04-20 15:41:02.204169   231   287 D SurfaceFlinger: postEvent(964, v/c=32193)
04-20 15:41:02.205278 12140 12140 V InputMethodManager: onWindowFocus: null softInputMode=32 first=false flags=#1810100
04-20 15:41:02.206328   964   987 V DisplayEventReceiver: call nativeScheduleVsync mReceiverPtr = 548369566784
04-20 15:41:02.207940   231  1039 D SurfaceFlinger: requestNextVsync(964)
04-20 15:41:02.208490   231  1039 D SurfaceFlinger: requestNextVsync(231)
04-20 15:41:02.212018 12140 12140 V ViewRootImpl: ViewRoot performTraversals+ : mFirst = false, this = ViewRoot{fde04bd com.mediatek.mtklogger/com.mediatek.mtklogger.MainActivity,ident = 3}
04-20 15:41:02.212844   964  2089 D AppOps  : noteOperation: allowing code 59 uid 10056 package com.mediatek.mtklogger
04-20 15:41:02.213163   964  2089 D AppOps  : noteOperation: allowing code 60 uid 10056 package com.mediatek.mtklogger
04-20 15:41:02.213886   964  2089 D SettingsInterface:  from settings cache , name = sys_storage_threshold_percentage , value = null
04-20 15:41:02.214748   964  2089 D SettingsInterface:  from settings cache , name = sys_storage_threshold_max_bytes , value = null
04-20 15:41:02.215815 12140 12492 I MTKLogger/Utils: /storage/emulated/0 is mounted!
04-20 15:41:02.217286 12140 12492 I MTKLogger/Utils: Is emulated and volumeInfo.getId() : emulated
04-20 15:41:02.217453 12140 12492 I MTKLogger/Utils: <--getInternalSdPath() : internalPath = /storage/emulated/0
04-20 15:41:02.217720 12140 12492 V MTKLogger: <--getLogPath(), type=internal_sd, string=/storage/emulated/0
04-20 15:41:02.217896 12140 12492 D MTKLogger/MainActivity:  mSDCardPathStr=/storage/emulated/0
04-20 15:41:02.220283   231   289 D SurfaceFlinger: postEvent(231, v/c=26032)
04-20 15:41:02.227843 12140 12140 V ViewRootImpl: ViewRoot performTraversals and draw- : mResizeBuffer = null, mResizeAlpha = 0, this = ViewRoot{fde04bd com.mediatek.mtklogger/com.mediatek.mtklogger.MainActivity,ident = 3} frame#41 (cancelDraw = false)
04-20 15:41:02.228537 12140 12140 D MTKLogger/MainActivity: -->updateUI(), Update UI Start
04-20 15:41:02.232989   231  1738 D SurfaceFlinger: requestNextVsync(231)
04-20 15:41:02.233132   231  1738 I BufferQueueProducer: [com.mediatek.mtklogger/com.mediatek.mtklogger.MainActivity](this:0x7f76cd6000,id:218,api:1,p:12140,c:231) queueBuffer: fps=1.32 dur=1515.50 max=1250.10 min=265.40
04-20 15:41:02.233664   231   287 D SurfaceFlinger: postEvent(964, v/c=32194)
04-20 15:41:02.233804 12140 12140 V DisplayEventReceiver: call nativeScheduleVsync mReceiverPtr = 548118246464
04-20 15:41:02.234304   231  1039 D SurfaceFlinger: requestNextVsync(12140)
04-20 15:41:02.235179 12140 12140 I MTKLogger/MainActivity: isAutoTest()-> Monkey running flag is false
04-20 15:41:02.235958   964   987 V DisplayEventReceiver: call nativeScheduleVsync mReceiverPtr = 548369566784
04-20 15:41:02.236198 12140 12140 I MTKLogger/MainActivity: isAutoTest()-> isUserAMonkey=false
04-20 15:41:02.236465   231   267 D SurfaceFlinger: requestNextVsync(964)
04-20 15:41:02.236511   231   269 D SurfaceFlinger: requestNextVsync(231)
04-20 15:41:02.236788   231   289 D SurfaceFlinger: postEvent(231, v/c=26033)
04-20 15:41:02.236912   231   287 D SurfaceFlinger: postEvent(12140, v/c=32195)
04-20 15:41:02.236987   231   287 D SurfaceFlinger: postEvent(964, v/c=32195)
04-20 15:41:02.237595 12140 12140 V MTKLogger/MainActivity: -->changeWaitingDialog()
04-20 15:41:02.237941 12140 12140 D MTKLogger/MainActivity: -->needStartLogAtBootTime(), needStart=true
04-20 15:41:02.238119 12140 12140 V MTKLogger/MainActivity: isBootComplete(), isComplete = true, isMTKLoggerServiceInited = true, isBootCompletedDone = true, isShutdownNormal = false, isNeedStartLogAtBootTime = true
04-20 15:41:02.238386 12140 12140 D MTKLogger/MTKLoggerService: <--getGlobalRunningStage(), current stage=0
04-20 15:41:02.238515 12140 12140 D MTKLogger/MainActivity: changeWaitingDialog() -> currentRunningStage is 0
04-20 15:41:02.239756   231   231 D GraphicBuffer: free, handle(0x7f7c8ca040) (w:203 h:729 s:208 f:0x1 u:0x000b00)
04-20 15:41:02.239884   231   231 I [MALI][Gralloc]: [-]hnd(0x7f7c8ca040), client(27), share_fd(64)
04-20 15:41:02.240005 12140 12140 V MTKLogger/MTKLoggerService: -->isLogRunning(), logType = 16
04-20 15:41:02.240215   964   987 V DisplayEventReceiver: call nativeScheduleVsync mReceiverPtr = 548369566784
04-20 15:41:02.240225 12140 12140 D MTKLogger/GPSLog: Is GPS log running ? true
04-20 15:41:02.240322 12140 12140 V MTKLogger/MTKLoggerService: <--isLogRunning()? true
04-20 15:41:02.240861   231  1738 D SurfaceFlinger: requestNextVsync(231)
04-20 15:41:02.242875 12140 12140 V MTKLogger/MTKLoggerService: -->isLogRunning(), logType = 4
04-20 15:41:02.243029   231   267 D SurfaceFlinger: requestNextVsync(964)
04-20 15:41:02.243154 12140 12140 I MTKLogger/LogInstance:  Native log(4) running status=true
04-20 15:41:02.243222 12140 12140 V MTKLogger/MTKLoggerService: <--isLogRunning()? true
04-20 15:41:02.244417 12140 12140 V MTKLogger/MTKLoggerService: -->isLogRunning(), logType = 1
04-20 15:41:02.244604 12140 12140 I MTKLogger/LogInstance:  Native log(1) running status=true
04-20 15:41:02.244675 12140 12140 V MTKLogger/MTKLoggerService: <--isLogRunning()? true
04-20 15:41:02.246956 12140 12140 V MTKLogger/MTKLoggerService: -->isLogRunning(), logType = 2
04-20 15:41:02.247259 12140 12140 I MTKLogger/LogInstance:  Native log(2) running status=true
04-20 15:41:02.247605 12140 12140 D MTKLogger/MultiModemLog/ModemManager: isAnyModemLogConnect ? true
04-20 15:41:02.247749 12140 12140 D MTKLogger/MultiModemLog: Is modm log running ? true
04-20 15:41:02.247828 12140 12140 V MTKLogger/MTKLoggerService: <--isLogRunning()? true
04-20 15:41:02.250642 12140 12140 E MTKLogger/MainActivity: timeString : 0:00:00
04-20 15:41:02.252955   231   289 D SurfaceFlinger: postEvent(231, v/c=26034)
04-20 15:41:02.253099   231   287 D SurfaceFlinger: postEvent(964, v/c=32196)
04-20 15:41:02.253150 12140 12140 D MTKLogger/MainActivity: Build type is eng
04-20 15:41:02.256446 12140 12140 D StrictMode: handleViolation; policy=2621447
04-20 15:41:02.256603   559   582 I EMDLOGGER1: MDL rate:26 KB/s, full count:0
04-20 15:41:02.257430 12140 12140 V ViewRootImpl: ViewRoot performTraversals+ : mFirst = false, this = ViewRoot{fde04bd com.mediatek.mtklogger/com.mediatek.mtklogger.MainActivity,ident = 3}
04-20 15:41:02.260091   964   987 V DisplayEventReceiver: call nativeScheduleVsync mReceiverPtr = 548369566784
04-20 15:41:02.260466   231  1039 D SurfaceFlinger: requestNextVsync(964)
04-20 15:41:02.260687   231   269 D SurfaceFlinger: requestNextVsync(231)
04-20 15:41:02.264551 12140 12917 D MTKLogger/MainActivity: Start a new thread to check whether existing any log now.
04-20 15:41:02.269669   231   289 D SurfaceFlinger: postEvent(231, v/c=26035)
04-20 15:41:02.269814   231   287 D SurfaceFlinger: postEvent(964, v/c=32197)
04-20 15:41:02.273199   964   987 V DisplayEventReceiver: call nativeScheduleVsync mReceiverPtr = 548369566784
04-20 15:41:02.273769   231  1738 D SurfaceFlinger: requestNextVsync(964)
04-20 15:41:02.274070   231   267 D SurfaceFlinger: requestNextVsync(231)
04-20 15:41:02.286237   231   289 D SurfaceFlinger: postEvent(231, v/c=26036)
04-20 15:41:02.286398   231   287 D SurfaceFlinger: postEvent(964, v/c=32198)
04-20 15:41:02.289796   964   987 V DisplayEventReceiver: call nativeScheduleVsync mReceiverPtr = 548369566784
04-20 15:41:02.290200   231  1039 D SurfaceFlinger: requestNextVsync(964)
04-20 15:41:02.290395   231   269 D SurfaceFlinger: requestNextVsync(231)
