04-20 15:41:02.295869 12140 12140 V ViewRootImpl: ViewRoot performTraversals and draw- : mResizeBuffer = null, mResizeAlpha = 0, this = ViewRoot{fde04bd com.mediatek.mtklogger/com.mediatek.mtklogger.MainActivity,ident = 3} frame#42 (cancelDraw = false)
04-20 15:41:02.300680   231  1738 D SurfaceFlinger: requestNextVsync(231)
04-20 15:41:02.302430   231   287 D SurfaceFlinger: postEvent(964, v/c=32199)
04-20 15:41:02.302577   231   289 D SurfaceFlinger: postEvent(231, v/c=26037)
04-20 15:41:02.304994   964   987 V DisplayEventReceiver: call nativeScheduleVsync mReceiverPtr = 548369566784
04-20 15:41:02.305560   231   267 D SurfaceFlinger: requestNextVsync(964)
04-20 15:41:02.306650   231  1039 D SurfaceFlinger: requestNextVsync(231)
04-20 15:41:02.314848 12140 12917 V MTKLogger/MainActivity: Check whether existing any log finish, result=true
04-20 15:41:02.315185 12140 12140 I MTKLogger/MainActivity: Receive check existing log folder done message, result=true
04-20 15:41:02.315355 12140 12140 V MTKLogger/MainActivity: isLogExists=true
04-20 15:41:02.315725 12140 12140 V DisplayEventReceiver: call nativeScheduleVsync mReceiverPtr = 548118246464
04-20 15:41:02.316149   231   269 D SurfaceFlinger: requestNextVsync(12140)
04-20 15:41:02.318678   231   289 D SurfaceFlinger: postEvent(231, v/c=26038)
04-20 15:41:02.318815   231   287 D SurfaceFlinger: postEvent(12140, v/c=32200)
04-20 15:41:02.318907   231   287 D SurfaceFlinger: postEvent(964, v/c=32200)
04-20 15:41:02.320969   964   987 V DisplayEventReceiver: call nativeScheduleVsync mReceiverPtr = 548369566784
04-20 15:41:02.321347   231   313 D SurfaceFlinger: requestNextVsync(964)
04-20 15:41:02.321545   231  1738 D SurfaceFlinger: requestNextVsync(231)
04-20 15:41:02.325170 12140 12140 V ViewRootImpl: ViewRoot performTraversals+ : mFirst = false, this = ViewRoot{fde04bd com.mediatek.mtklogger/com.mediatek.mtklogger.MainActivity,ident = 3}
04-20 15:41:02.329165 12140 12140 V ViewRootImpl: ViewRoot performTraversals and draw- : mResizeBuffer = null, mResizeAlpha = 0, this = ViewRoot{fde04bd com.mediatek.mtklogger/com.mediatek.mtklogger.MainActivity,ident = 3} frame#43 (cancelDraw = false)
04-20 15:41:02.334623   231  1039 D SurfaceFlinger: requestNextVsync(231)
04-20 15:41:02.335240   231   289 D SurfaceFlinger: postEvent(231, v/c=26039)
04-20 15:41:02.335347   231   287 D SurfaceFlinger: postEvent(964, v/c=32201)
04-20 15:41:02.337645   964   987 V DisplayEventReceiver: call nativeScheduleVsync mReceiverPtr = 548369566784
04-20 15:41:02.338336   231   313 D SurfaceFlinger: requestNextVsync(964)
04-20 15:41:02.338670   231  1738 D SurfaceFlinger: requestNextVsync(231)
04-20 15:41:02.351118   231   289 D SurfaceFlinger: postEvent(231, v/c=26040)
04-20 15:41:02.351269   231   287 D SurfaceFlinger: postEvent(964, v/c=32202)
04-20 15:41:02.353148   964   987 V DisplayEventReceiver: call nativeScheduleVsync mReceiverPtr = 548369566784
04-20 15:41:02.353575   231   267 D SurfaceFlinger: requestNextVsync(964)
04-20 15:41:02.353875   231  1039 D SurfaceFlinger: requestNextVsync(231)
04-20 15:41:02.367292 12140 12915 D MTKLogger/Utils: -->setLogFolderToFileTree()
04-20 15:41:02.367413   231   287 D SurfaceFlinger: postEvent(964, v/c=32203)
04-20 15:41:02.367454 12140 12915 D MTKLogger/Utils:  fileList.size = 26 fileTree = /storage/emulated/0/mtklog/running_file_tree.txt
04-20 15:41:02.367574   231   289 D SurfaceFlinger: postEvent(231, v/c=26041)
04-20 15:41:02.369610   964   987 V DisplayEventReceiver: call nativeScheduleVsync mReceiverPtr = 548369566784
04-20 15:41:02.369962   231  1738 D SurfaceFlinger: requestNextVsync(964)
04-20 15:41:02.370257   231   269 D SurfaceFlinger: requestNextVsync(231)
04-20 15:41:02.378848   345 12896 I MobileLogD/dupm: dump sys property
04-20 15:41:02.380109   345 12896 I MobileLogD/dupm: copydump over
04-20 15:41:02.382350 12140 12915 D MTKLogger/Utils: <--setLogFolderToFileTree() fileList.size = 26
04-20 15:41:02.383676   231   289 D SurfaceFlinger: postEvent(231, v/c=26042)
04-20 15:41:02.383675   231   287 D SurfaceFlinger: postEvent(964, v/c=32204)
04-20 15:41:02.385562   964   987 V DisplayEventReceiver: call nativeScheduleVsync mReceiverPtr = 548369566784
04-20 15:41:02.385902   231   313 D SurfaceFlinger: requestNextVsync(964)
04-20 15:41:02.386171   231   267 D SurfaceFlinger: requestNextVsync(231)
04-20 15:41:02.399923   231   289 D SurfaceFlinger: postEvent(231, v/c=26043)
04-20 15:41:02.400031   231   287 D SurfaceFlinger: postEvent(964, v/c=32205)
04-20 15:41:02.401941   964   987 V DisplayEventReceiver: call nativeScheduleVsync mReceiverPtr = 548369566784
04-20 15:41:02.402264   231  1039 D SurfaceFlinger: requestNextVsync(964)
04-20 15:41:02.402556   231  1738 D SurfaceFlinger: requestNextVsync(231)
04-20 15:41:02.416193   231   289 D SurfaceFlinger: postEvent(231, v/c=26044)
04-20 15:41:02.416193   231   287 D SurfaceFlinger: postEvent(964, v/c=32206)
04-20 15:41:02.418075   964   987 V DisplayEventReceiver: call nativeScheduleVsync mReceiverPtr = 548369566784
04-20 15:41:02.418446   231   269 D SurfaceFlinger: requestNextVsync(964)
04-20 15:41:02.418739   231   269 D SurfaceFlinger: requestNextVsync(231)
04-20 15:41:02.432401   231   289 D SurfaceFlinger: postEvent(231, v/c=26045)
04-20 15:41:02.432401   231   287 D SurfaceFlinger: postEvent(964, v/c=32207)
04-20 15:41:02.434246   964   987 V DisplayEventReceiver: call nativeScheduleVsync mReceiverPtr = 548369566784
04-20 15:41:02.434577   231   267 D SurfaceFlinger: requestNextVsync(964)
04-20 15:41:02.448625   231   287 D SurfaceFlinger: postEvent(964, v/c=32208)
04-20 15:41:02.453384   231  1738 D SurfaceFlinger: requestNextVsync(231)
04-20 15:41:02.455323   231   269 D SurfaceFlinger: requestNextVsync(231)
04-20 15:41:02.458527   964   987 V DisplayEventReceiver: call nativeScheduleVsync mReceiverPtr = 548369566784
04-20 15:41:02.458785   231   313 D SurfaceFlinger: requestNextVsync(964)
04-20 15:41:02.464662   231   289 D SurfaceFlinger: postEvent(231, v/c=26047)
04-20 15:41:02.464662   231   287 D SurfaceFlinger: postEvent(964, v/c=32209)
04-20 15:41:02.465075   231   231 I BufferQueueConsumer: [Starting logs](this:0x7f76ccfc00,id:221,api:1,p:-1,c:-1) disconnect(C)
04-20 15:41:02.465629   231   231 I BufferQueue: [Starting logs](this:0x7f76ccfc00,id:221,api:1,p:-1,c:-1) ~BufferQueueCore
04-20 15:41:02.465991   231   231 D GraphicBuffer: free, handle(0x7f7c8c91e0) (w:203 h:729 s:208 f:0x1 u:0x000b00)
04-20 15:41:02.466102   231   231 I [MALI][Gralloc]: [-]hnd(0x7f7c8c91e0), client(27), share_fd(65)
04-20 15:41:02.566600   559 12900 D EMDLOGGER1: Copy DB /system/etc/mddb/BPLGUInfoCustomAppSrcP_MT6735_S00_MOLY_LR9_W1444_MD_LWTG_MP_V79_P9_1_lwg_n to /storage/emulated/0/mtklog/mdlog1/MDLog1_2016_0420_154101/BPLGUInfoCustomAppSrcP_MT6735_S00_MOLY_LR9_W1444_MD_LWTG_MP_V79_P9_1_lwg_n
04-20 15:41:02.647174  2025  2031 I PerfService: PerfServiceNative_getPackName
04-20 15:41:02.647859   964  8871 I libPerfService: perfGetLastBoostPid 12140
04-20 15:41:02.648101   964  8871 D PerfServiceManager: [PerfService] getLastBoostPid 12140 
04-20 15:41:02.648179   964  8871 I libPerfService: perfGetLastBoostPid 12140
04-20 15:41:02.667009   559 12900 D EMDLOGGER1:  MD DB md2_posfix DbgInfo_LR9.W1444.MD.LWTG.MP_JHZ6735_65T_VF_M_MOLY_LR9_W1444_MD_LWTG_MP_V79_P9_2016_04_06_16_37_1_lwg_n
04-20 15:41:02.886888   559 12900 D EMDLOGGER1: Copy DB /system/etc/mddb/DbgInfo_LR9.W1444.MD.LWTG.MP_JHZ6735_65T_VF_M_MOLY_LR9_W1444_MD_LWTG_MP_V79_P9_2016_04_06_16_37_1_lwg_n to /storage/emulated/0/mtklog/mdlog1/MDLog1_2016_0420_154101/DbgInfo_LR9.W1444.MD.LWTG.MP_JHZ6735_65T_VF_M_MOLY_LR9_W1444_MD_LWTG_MP_V79_P9_2016_04_06_16_37_1_lwg_n
04-20 15:41:02.986440   559   574 D EMDLOGGER1: CTRL_reader: incoming SPLM req, msgid=6, token=0, result=0
04-20 15:41:02.986518   559   574 I EMDLOGGER1: [MDLOG] [stats][buf] L1 : data:0x643e last:0x801ea9; (1, 0x2c14, 0x801ea9)(2, 0x18, 0x7f456c)(3, 0x32f, 0x7f436b)PS : data:0x2f5b last:0x801ea9; L2 : data:0x1074 last:0x7f456c; 
04-20 15:41:02.987239   559   574 D EMDLOGGER1: CTRL_reader: incoming SPLM req, msgid=6, token=0, result=0
04-20 15:41:02.987290   559   574 I EMDLOGGER1: [MDLOG] [stats][mux] MCU : data:0x201e4 last:0x801d47; DSP : data:0x0 last:0x7d2fa4; 
04-20 15:41:02.987281   559 12900 D EMDLOGGER1: Copy DB finished.
04-20 15:41:03.003052   360   360 I thermal_repeater: oh, queryMdThermalInfo (0)No such file or directory
04-20 15:41:03.031662   360   360 I thermal_repeater: [recvMdThermalInfo] ret=30, strLen=127,  2, 32767, -127, -1, 32767, 18
04-20 15:41:03.116919 12140 12140 D MTKLogger/LogInstance: -->showLogStatusInNotificationBar(), enable?true, title=MTKLogger is running, summary=GPS log, Network log, Mobile log, Modem log are on., tickerText=GPS log, Network log, Mobile log, Modem log are on., icon=2130837539
04-20 15:41:03.150512 12140 12140 I MTKLogger/LogInstance: Give service foreground priority since log is on
04-20 15:41:03.181114   964   964 D AppOps  : noteOperation: allowing code 11 uid 10056 package com.mediatek.mtklogger
04-20 15:41:03.183496   964  1048 V SQLiteStatements: /data/system/notification_log.db: "INSERT INTO log(flags,when_ms,key,event_time_ms,nid,event_type,priority,event_user_id,pkg,action_count) VALUES (98,1461138063172,'0|com.mediatek.mtklogger|2130837539|null|10056',1461138063172,2130837539,1,0,0,'com.mediatek.mtklogger',0)"
04-20 15:41:03.192650  1102  1142 D StatusBar: onNotificationPosted: StatusBarNotification(pkg=com.mediatek.mtklogger user=UserHandle{0} id=2130837539 tag=null score=0 key=0|com.mediatek.mtklogger|2130837539|null|10056: Notification(pri=0 contentView=com.mediatek.mtklogger/0x1090085 vibrate=null sound=null tick defaults=0x0 flags=0x62 color=0x00000000 vis=PRIVATE))
04-20 15:41:03.193058  1102  1102 D PhoneStatusBar: addNotification key=0|com.mediatek.mtklogger|2130837539|null|10056
04-20 15:41:03.193374  1102  1102 D StatusBar: createNotificationViews(notification=StatusBarNotification(pkg=com.mediatek.mtklogger user=UserHandle{0} id=2130837539 tag=null score=0 key=0|com.mediatek.mtklogger|2130837539|null|10056: Notification(pri=0 contentView=com.mediatek.mtklogger/0x1090085 vibrate=null sound=null tick defaults=0x0 flags=0x62 color=0x00000000 vis=PRIVATE))
04-20 15:41:03.201287  1102  1102 V StatusBar: publicNotification: null
04-20 15:41:03.203687  1102  1102 D ViewGroup: setClipChildren to FALSE!! this = com.android.systemui.statusbar.ExpandableNotificationRow{4331f8 VFE...C.. ......I. 0,0-0,0}
04-20 15:41:03.204524   964  1048 V SQLiteTime: /data/system/notification_log.db: "INSERT INTO log(flags,when_ms,key,event_time_ms,nid,event_type,priority,event_user_id,pkg,action_count) VALUES (?,?,?,?,?,?,?,?,?,?)" took 21.000 ms
04-20 15:41:03.242570  1102  1102 D SettingsInterface:  from settings cache , name = time_12_24 , value = null
04-20 15:41:03.253643  1102  1102 D SettingsInterface:  from settings cache , name = time_12_24 , value = null
04-20 15:41:03.253870 12140 12140 V DisplayEventReceiver: call nativeScheduleVsync mReceiverPtr = 548118246464
04-20 15:41:03.254275   231  1738 D SurfaceFlinger: requestNextVsync(12140)
04-20 15:41:03.256028  1102  1102 D StatusBar: mDeviceProvisioned is true
04-20 15:41:03.256241  1102  1102 D StatusBar: interrupt: false
04-20 15:41:03.256320  1102  1102 D StatusBar: mDeviceProvisioned is true
04-20 15:41:03.256384  1102  1102 D StatusBar: mDeviceProvisioned is true
04-20 15:41:03.256431  1102  1102 D StatusBar: mDeviceProvisioned is true
04-20 15:41:03.256478  1102  1102 D StatusBar: mDeviceProvisioned is true
04-20 15:41:03.256830  1102  1102 D StatusBar: mDeviceProvisioned is true
04-20 15:41:03.256899  1102  1102 D StatusBar: mDeviceProvisioned is true
04-20 15:41:03.256948  1102  1102 D StatusBar: mDeviceProvisioned is true
04-20 15:41:03.256995  1102  1102 D StatusBar: mDeviceProvisioned is true
04-20 15:41:03.257300  1102  1102 V DisplayEventReceiver: call nativeScheduleVsync mReceiverPtr = 548106581952
04-20 15:41:03.257600   231   313 D SurfaceFlinger: requestNextVsync(1102)
04-20 15:41:03.260444   231   287 D SurfaceFlinger: postEvent(12140, v/c=32211)
04-20 15:41:03.260585   231   287 D SurfaceFlinger: postEvent(1102, v/c=32211)
04-20 15:41:03.261169 12140 12140 V ViewRootImpl: ViewRoot performTraversals+ : mFirst = false, this = ViewRoot{fde04bd com.mediatek.mtklogger/com.mediatek.mtklogger.MainActivity,ident = 3}
04-20 15:41:03.262945  1102  1102 D StatusBar: mDeviceProvisioned is true
04-20 15:41:03.263689 12140 12140 V ViewRootImpl: ViewRoot performTraversals and draw- : mResizeBuffer = null, mResizeAlpha = 0, this = ViewRoot{fde04bd com.mediatek.mtklogger/com.mediatek.mtklogger.MainActivity,ident = 3} frame#44 (cancelDraw = false)
04-20 15:41:03.265352  1102  1102 D DefaultStatusBarPlmnPlugin: into supportCustomizeCarrierLabel: false
04-20 15:41:03.265992  1102  1102 D StrictMode: handleViolation; policy=2621447
04-20 15:41:03.266184  1102  1102 D StrictMode: handleViolation; policy=2621447
04-20 15:41:03.266353  1102  1102 D StrictMode: handleViolation; policy=2621447
04-20 15:41:03.266486  1102  1102 D StrictMode: handleViolation; policy=2621447
04-20 15:41:03.266604  1102  1102 D StrictMode: handleViolation; policy=2621447
04-20 15:41:03.266722  1102  1102 D StrictMode: handleViolation; policy=2621447
04-20 15:41:03.266837  1102  1102 D StrictMode: handleViolation; policy=2621447
04-20 15:41:03.266946  1102  1102 D StrictMode: handleViolation; policy=2621447
04-20 15:41:03.267053  1102  1102 D StrictMode: handleViolation; policy=2621447
04-20 15:41:03.267156  1102  1102 D StrictMode: handleViolation; policy=2621447
04-20 15:41:03.267557  1102  1102 V DisplayEventReceiver: call nativeScheduleVsync mReceiverPtr = 548106581952
04-20 15:41:03.268000   231   267 D SurfaceFlinger: requestNextVsync(1102)
04-20 15:41:03.268359  1102  1102 V ViewRootImpl: ViewRoot performTraversals+ : mFirst = false, this = ViewRoot{9bd9b3e StatusBar,ident = 0}
04-20 15:41:03.268704   231  1039 D SurfaceFlinger: requestNextVsync(231)
04-20 15:41:03.268828   231  1039 I BufferQueueProducer: [com.mediatek.mtklogger/com.mediatek.mtklogger.MainActivity](this:0x7f76cd6000,id:218,api:1,p:12140,c:231) queueBuffer: fps=2.90 dur=1035.70 max=934.06 min=33.96
04-20 15:41:03.276714   231   287 D SurfaceFlinger: postEvent(1102, v/c=32212)
04-20 15:41:03.276838   231   289 D SurfaceFlinger: postEvent(231, v/c=26049)
04-20 15:41:03.277381  1102  1102 V ViewRootImpl: ViewRoot performTraversals and draw- : mResizeBuffer = null, mResizeAlpha = 0, this = ViewRoot{9bd9b3e StatusBar,ident = 0} frame#6270 (cancelDraw = false)
04-20 15:41:03.278301  1102  1102 V ViewRootImpl: ViewRoot performTraversals+ : mFirst = false, this = ViewRoot{9bd9b3e StatusBar,ident = 0}
04-20 15:41:03.278501  1102  1102 V ViewRootImpl: ViewRoot performTraversals and draw- : mResizeBuffer = null, mResizeAlpha = 0, this = ViewRoot{9bd9b3e StatusBar,ident = 0} frame#6271 (cancelDraw = false)
04-20 15:41:03.281207   231   313 D SurfaceFlinger: requestNextVsync(231)
04-20 15:41:03.281343   231   313 I BufferQueueProducer: [StatusBar](this:0x7f79f0bc00,id:7,api:1,p:1102,c:231) queueBuffer: fps=0.65 dur=1542.44 max=1542.44 min=1542.44
04-20 15:41:03.285902   231   231 I SurfaceFlinger: [Built-in Screen (type:0)] fps:17.029902,dur:1174.40,max:818.94,min:10.23
04-20 15:41:03.293077   231   289 D SurfaceFlinger: postEvent(231, v/c=26050)
04-20 15:41:03.648948  2025  2031 I PerfService: PerfServiceNative_getPackName
04-20 15:41:03.650599   964  2089 I libPerfService: perfGetLastBoostPid 12140
04-20 15:41:03.651205   964  2089 D PerfServiceManager: [PerfService] getLastBoostPid 12140 
04-20 15:41:03.651432   964  2089 I libPerfService: perfGetLastBoostPid 12140
04-20 15:41:03.915663   964  1059 D PerfServiceManager: [PerfService] MESSAGE_TIMER_RENDER_AWARE_DURATION timeout 
04-20 15:41:04.256724 12140 12140 V DisplayEventReceiver: call nativeScheduleVsync mReceiverPtr = 548118246464
04-20 15:41:04.259137   231   269 D SurfaceFlinger: requestNextVsync(12140)
04-20 15:41:04.267533   231   287 D SurfaceFlinger: postEvent(12140, v/c=32214)
04-20 15:41:04.270413 12140 12140 V ViewRootImpl: ViewRoot performTraversals+ : mFirst = false, this = ViewRoot{fde04bd com.mediatek.mtklogger/com.mediatek.mtklogger.MainActivity,ident = 3}
04-20 15:41:04.298709 12140 12140 V ViewRootImpl: ViewRoot performTraversals and draw- : mResizeBuffer = null, mResizeAlpha = 0, this = ViewRoot{fde04bd com.mediatek.mtklogger/com.mediatek.mtklogger.MainActivity,ident = 3} frame#45 (cancelDraw = false)
04-20 15:41:04.302032   231  1039 D SurfaceFlinger: requestNextVsync(231)
04-20 15:41:04.302168   231  1039 I BufferQueueProducer: [com.mediatek.mtklogger/com.mediatek.mtklogger.MainActivity](this:0x7f76cd6000,id:218,api:1,p:12140,c:231) queueBuffer: fps=0.97 dur=1033.34 max=1033.34 min=1033.34
04-20 15:41:04.316078   231   289 D SurfaceFlinger: postEvent(231, v/c=26052)
04-20 15:41:04.342783   231   231 I SurfaceFlinger: [Built-in Screen (type:0)] fps:1.892362,dur:1056.88,max:1048.52,min:8.36
04-20 15:41:04.654321  2025  2031 I PerfService: PerfServiceNative_getPackName
04-20 15:41:04.655633   964  1927 I libPerfService: perfGetLastBoostPid 12140
04-20 15:41:04.656174   964  1927 D PerfServiceManager: [PerfService] getLastBoostPid 12140 
04-20 15:41:04.656396   964  1927 I libPerfService: perfGetLastBoostPid 12140
04-20 15:41:05.256944 12140 12140 V DisplayEventReceiver: call nativeScheduleVsync mReceiverPtr = 548118246464
04-20 15:41:05.259589   231  1738 D SurfaceFlinger: requestNextVsync(12140)
04-20 15:41:05.274354   231   287 D SurfaceFlinger: postEvent(12140, v/c=32216)
04-20 15:41:05.277084 12140 12140 V ViewRootImpl: ViewRoot performTraversals+ : mFirst = false, this = ViewRoot{fde04bd com.mediatek.mtklogger/com.mediatek.mtklogger.MainActivity,ident = 3}
04-20 15:41:05.300465 12140 12140 V ViewRootImpl: ViewRoot performTraversals and draw- : mResizeBuffer = null, mResizeAlpha = 0, this = ViewRoot{fde04bd com.mediatek.mtklogger/com.mediatek.mtklogger.MainActivity,ident = 3} frame#46 (cancelDraw = false)
04-20 15:41:05.303670   231   269 D SurfaceFlinger: requestNextVsync(231)
04-20 15:41:05.303811   231   269 I BufferQueueProducer: [com.mediatek.mtklogger/com.mediatek.mtklogger.MainActivity](this:0x7f76cd6000,id:218,api:1,p:12140,c:231) queueBuffer: fps=1.00 dur=1001.64 max=1001.64 min=1001.64
04-20 15:41:05.306632   231   289 D SurfaceFlinger: postEvent(231, v/c=26054)
04-20 15:41:05.569799   235   542 D MAL-Daemon: URC = (+ECSQ: 42,34,1,-316,-29,1,1,2,32767
04-20 15:41:05.569799   235   542 D MAL-Daemon: )[void* rilproxy_urc_thread(void*), 961]: 
04-20 15:41:05.570061   235   542 I MAL-Daemon: mdfx_event_do_statistic(): [STATISTIC] TID = 542 has used 0 + 536 bytes!!
04-20 15:41:05.570061   235   542 I MAL-Daemon: [mdfx_event_do_statistic, 150]: 
04-20 15:41:05.570290   235   542 W MAL-Daemon: event_get_last_addr(): No data available!!
04-20 15:41:05.570290   235   542 W MAL-Daemon: [event_get_last_addr, 472]: 
04-20 15:41:05.570534   235   542 I MAL-Daemon: mdfx_event_do_statistic(): [STATISTIC] TID = 542 has used 536  -536 bytes!!
04-20 15:41:05.570534   235   542 I MAL-Daemon: [mdfx_event_do_statistic, 150]: 
04-20 15:41:05.570869   235   542 I MAL-Daemon: mdfx_event_do_statistic(): [STATISTIC] TID = 542 has used 0 + 516 bytes!!
04-20 15:41:05.570869   235   542 I MAL-Daemon: [mdfx_event_do_statistic, 150]: 
04-20 15:41:05.571089   235   542 W MAL-Daemon: event_get_last_addr(): No data available!!
04-20 15:41:05.571089   235   542 W MAL-Daemon: [event_get_last_addr, 472]: 
04-20 15:41:05.571324   235   542 I MAL-Daemon: mdfx_event_do_statistic(): [STATISTIC] TID = 542 has used 516  -516 bytes!!
04-20 15:41:05.571324   235   542 I MAL-Daemon: [mdfx_event_do_statistic, 150]: 
04-20 15:41:05.572080   235   538 I MAL-Daemon: mdfx_event_do_statistic(): [STATISTIC] TID = 538 has used 0 + 536 bytes!!
04-20 15:41:05.572080   235   538 I MAL-Daemon: [mdfx_event_do_statistic, 150]: 
04-20 15:41:05.572301   235   538 I MAL-Daemon: [RDS-I][RU][rds_ru_task] RCV Event: 104 
04-20 15:41:05.572301   235   538 I MAL-Daemon: [rds_ru_task, 413]: 
04-20 15:41:05.572500   235   538 I MAL-Daemon: [RDS-I][RDS][rds_ru_urc_hdlr] get URC: +ECSQ: 42,34,1,-316,-29,1,1,2,32767
04-20 15:41:05.572500   235   538 I MAL-Daemon: 
04-20 15:41:05.572500   235   538 I MAL-Daemon: [rds_ru_urc_hdlr, 1148]: 
04-20 15:41:05.572731   235   538 I MAL-Daemon: [RDS-I][RDS][ru_parse_3gppsigval] 3gppsigval #args act<2>
04-20 15:41:05.572731   235   538 I MAL-Daemon: [ru_parse_3gppsigval, 906]: 
04-20 15:41:05.572948   235   538 I MAL-Daemon: [RDS-I][RDS][RU][rds_ru_urc_hdlr] Update 3GPP STATUS rsrp<-79> regstat<6> 
04-20 15:41:05.572948   235   538 I MAL-Daemon: [rds_ru_urc_hdlr, 1258]: 
04-20 15:41:05.573175   235   538 I MAL-Daemon: mdfx_event_do_statistic(): [STATISTIC] TID = 538 has used 536 + 4104 bytes!!
04-20 15:41:05.573175   235   538 I MAL-Daemon: [mdfx_event_do_statistic, 150]: 
04-20 15:41:05.573398   235   538 I MAL-Daemon: [RDS-I][RDS][RU][rds_ru_urc_hdlr] ru_check_ctx_ptr<0xf6257a88, 0xf6257a88>
04-20 15:41:05.573398   235   538 I MAL-Daemon: [rds_ru_urc_hdlr, 1263]: 
04-20 15:41:05.573641   235   538 I MAL-Daemon: mdfx_event_do_statistic(): [STATISTIC] TID = 538 has used 4640  -4104 bytes!!
04-20 15:41:05.573641   235   538 I MAL-Daemon: [mdfx_event_do_statistic, 150]: 
04-20 15:41:05.573884   235   538 I MAL-Daemon: mdfx_event_do_statistic(): [STATISTIC] TID = 538 has used 536  -536 bytes!!
04-20 15:41:05.573884   235   538 I MAL-Daemon: [mdfx_event_do_statistic, 150]: 
04-20 15:41:05.574131   235   538 I MAL-Daemon: mdfx_event_do_statistic(): [STATISTIC] TID = 538 has used 0 + 4104 bytes!!
04-20 15:41:05.574131   235   538 I MAL-Daemon: [mdfx_event_do_statistic, 150]: 
04-20 15:41:05.574331   235   538 I MAL-Daemon: [RDS-I][RU][rds_ru_task] RCV Event: 605 
04-20 15:41:05.574331   235   538 I MAL-Daemon: [rds_ru_task, 413]: 
04-20 15:41:05.574549   235   538 I MAL-Daemon: [RDS-I][RU][EVENT_RU_DM_3GPP_STATUS_IND] i4ltersrp:-79 u43gpp_status:0x6
04-20 15:41:05.574549   235   538 I MAL-Daemon: [rds_ru_3gpp_status_ind, 823]: 
04-20 15:41:05.574761   235   538 E MAL-Daemon: [RDS-E][RU][EVENT_RU_DM_3GPP_STATUS_IND] Invalid u43gpp_status:0x6
04-20 15:41:05.574761   235   538 E MAL-Daemon: [rds_ru_3gpp_status_ind, 851]: 
04-20 15:41:05.575033   235   538 I MAL-Daemon: [RDS-I][RDS][OP][rds_op_check_feature] operator id(0) check feature<0>, curr_opmsk is <1>, sys_opmsk is <0x0001, 1>
04-20 15:41:05.575033   235   538 I MAL-Daemon: [rds_op_check_feature, 173]: 
04-20 15:41:05.575278   235   538 I MAL-Daemon: [RDS-I][RU][rds_ru_ims_vops_update][RDS IMS] IMS VOPS IE is Disabled, update IMS RPL from Ori:(255, 255) New:(255,255)
04-20 15:41:05.575278   235   538 I MAL-Daemon: [rds_ru_ims_vops_update, 2303]: 
04-20 15:41:05.575550   235   538 I MAL-Daemon: [RDS-I][RU][rds_ru_rpl_gen][RDS] Current policy: fgimsolte_en<0>, fgwfc_en<0>, erdspolicy<3>, i4wifirssih<-75>, i4wifirssil<-85>, i4ltersrph<-106>, i4ltersrpl<-116>
04-20 15:41:05.575550   235   538 I MAL-Daemon: [rds_ru_rpl_gen, 2436]: 
04-20 15:41:05.575790   235   538 I MAL-Daemon: [RDS-I][RU][rds_ru_rpl_gen][RDS] current rds ru status: i4wifirssi<-127>, i4ltersrp<-79>, u4active_ran<0> 
04-20 15:41:05.575790   235   538 I MAL-Daemon: [rds_ru_rpl_gen, 2439]: 
04-20 15:41:05.576025   235   538 I MAL-Daemon: [RDS-I][RU][RDS IMS/MMS][rds_ru_rpl_gen] Ori:(255,255)/(255,255) New:(255,255)/(255,255)
04-20 15:41:05.576025   235   538 I MAL-Daemon: [rds_ru_rpl_gen, 2445]: 
04-20 15:41:05.576251   235   538 I MAL-Daemon: mdfx_event_do_statistic(): [STATISTIC] TID = 538 has used 4104  -4104 bytes!!
04-20 15:41:05.576251   235   538 I MAL-Daemon: [mdfx_event_do_statistic, 150]: 
04-20 15:41:05.576681   235   517 D MAL-Daemon: ati_entity_ati_task_hdl(): AT Cmd Rsp. = "+ECSQ: 42,34,1,-316,-29,1,1,2,32767
04-20 15:41:05.576681   235   517 D MAL-Daemon: "
04-20 15:41:05.576681   235   517 D MAL-Daemon: [ati_entity_atc_task_hdl, 390]: 
04-20 15:41:05.576894   235   517 D MAL-Daemon: ati_entity_ati_task_hdl(): receiving a URC, "+ECSQ: 42,34,1,-316,-29,1,1,2,32767
04-20 15:41:05.576894   235   517 D MAL-Daemon: "!!
04-20 15:41:05.576894   235   517 D MAL-Daemon: [ati_entity_atc_task_hdl, 395]: 
04-20 15:41:05.577197   235   517 I MAL-Daemon: ati_entity_ati_task_hdl(): sening out a ATC or URC "
04-20 15:41:05.577197   235   517 I MAL-Daemon: +ECSQ: 42,34,1,-316,-29,1,1,2,32767
04-20 15:41:05.577197   235   517 I MAL-Daemon: 
04-20 15:41:05.577197   235   517 I MAL-Daemon: " to FD = 10!!
04-20 15:41:05.577197   235   517 I MAL-Daemon: [ati_entity_atc_task_hdl, 499]: 
04-20 15:41:05.577459   235   517 I MAL-Daemon: mdfx_event_do_statistic(): [STATISTIC] TID = 517 has used -1545980  -516 bytes!!
04-20 15:41:05.577459   235   517 I MAL-Daemon: [mdfx_event_do_statistic, 150]: 
04-20 15:41:05.611652  1576  1576 D SettingsInterface:  from settings cache , name = multi_sim_voice_call , value = null
04-20 15:41:05.659445  2025  2031 I PerfService: PerfServiceNative_getPackName
04-20 15:41:05.660180   964  2088 I libPerfService: perfGetLastBoostPid 12140
04-20 15:41:05.660409   964  2088 D PerfServiceManager: [PerfService] getLastBoostPid 12140 
04-20 15:41:05.660464   964  2088 I libPerfService: perfGetLastBoostPid 12140
04-20 15:41:06.258391 12140 12140 V DisplayEventReceiver: call nativeScheduleVsync mReceiverPtr = 548118246464
04-20 15:41:06.261497   231   267 D SurfaceFlinger: requestNextVsync(12140)
04-20 15:41:06.264945   231   287 D SurfaceFlinger: postEvent(12140, v/c=32218)
04-20 15:41:06.270272 12140 12140 V ViewRootImpl: ViewRoot performTraversals+ : mFirst = false, this = ViewRoot{fde04bd com.mediatek.mtklogger/com.mediatek.mtklogger.MainActivity,ident = 3}
04-20 15:41:06.285466   231  1738 D SurfaceFlinger: requestNextVsync(231)
04-20 15:41:06.286961 12140 12140 V ViewRootImpl: ViewRoot performTraversals and draw- : mResizeBuffer = null, mResizeAlpha = 0, this = ViewRoot{fde04bd com.mediatek.mtklogger/com.mediatek.mtklogger.MainActivity,ident = 3} frame#47 (cancelDraw = false)
04-20 15:41:06.297237   231   289 D SurfaceFlinger: postEvent(231, v/c=26056)
04-20 15:41:06.310114   231   231 I SurfaceFlinger: [Built-in Screen (type:0)] fps:1.016607,dur:1967.33,max:991.83,min:975.50
04-20 15:41:06.661888  2025  2031 I PerfService: PerfServiceNative_getPackName
04-20 15:41:06.662992   964  1652 I libPerfService: perfGetLastBoostPid 12140
04-20 15:41:06.663523   964  1652 D PerfServiceManager: [PerfService] getLastBoostPid 12140 
04-20 15:41:06.663741   964  1652 I libPerfService: perfGetLastBoostPid 12140
04-20 15:41:07.257570 12140 12140 V DisplayEventReceiver: call nativeScheduleVsync mReceiverPtr = 548118246464
04-20 15:41:07.260575   231   313 D SurfaceFlinger: requestNextVsync(12140)
04-20 15:41:07.271751   231   287 D SurfaceFlinger: postEvent(12140, v/c=32220)
04-20 15:41:07.274433 12140 12140 V ViewRootImpl: ViewRoot performTraversals+ : mFirst = false, this = ViewRoot{fde04bd com.mediatek.mtklogger/com.mediatek.mtklogger.MainActivity,ident = 3}
04-20 15:41:07.299051 12140 12140 V ViewRootImpl: ViewRoot performTraversals and draw- : mResizeBuffer = null, mResizeAlpha = 0, this = ViewRoot{fde04bd com.mediatek.mtklogger/com.mediatek.mtklogger.MainActivity,ident = 3} frame#48 (cancelDraw = false)
04-20 15:41:07.301702   231   267 D SurfaceFlinger: requestNextVsync(231)
04-20 15:41:07.301843   231   267 I BufferQueueProducer: [com.mediatek.mtklogger/com.mediatek.mtklogger.MainActivity](this:0x7f76cd6000,id:218,api:1,p:12140,c:231) queueBuffer: fps=1.00 dur=1998.03 max=1016.24 min=981.79
04-20 15:41:07.304763   231   289 D SurfaceFlinger: postEvent(231, v/c=26058)
04-20 15:41:07.318166   231   231 I SurfaceFlinger: [Built-in Screen (type:0)] fps:0.992011,dur:1008.05,max:1008.05,min:1008.05
04-20 15:41:07.631501   964  1007 D InputReader: AP_PROF:AppLaunch_dispatchPtr:Down:20456791, ID:0, Index:-1663946816
04-20 15:41:07.632105   964  1007 I PerfService: PerfServiceNative_boostEnableAsync:3
04-20 15:41:07.641106   964  1059 I libPerfService: 3: set freq: 819000
04-20 15:41:07.646479   964  1059 I libPerfService: 3: set: 3
04-20 15:41:07.650766  1102  1102 V ViewRootImpl: enqueueInputEvent: event = MotionEvent { action=ACTION_DOWN, actionButton=0, id[0]=0, x[0]=193.74773, y[0]=55.003662, toolType[0]=TOOL_TYPE_FINGER, buttonState=0, metaState=0, flags=0x0, edgeFlags=0x0, pointerCount=1, historySize=0, eventTime=20456791, downTime=20456791, deviceId=1, source=0x1002 },processImmediately = true,mProcessInputEventsScheduled = false, this = ViewRoot{78da969 NavigationBar,ident = 2}
04-20 15:41:07.652034  1102  1102 I View    : Touch down dispatch to com.android.systemui.statusbar.policy.DeadZone{27763c6 V.ED..... ........ 0,0-768,60 #7f1000be app:id/deadzone}, event = MotionEvent { action=ACTION_DOWN, actionButton=0, id[0]=0, x[0]=193.74773, y[0]=55.003662, toolType[0]=TOOL_TYPE_FINGER, buttonState=0, metaState=0, flags=0x0, edgeFlags=0x0, pointerCount=1, historySize=0, eventTime=20456791, downTime=20456791, deviceId=1, source=0x1002 }
04-20 15:41:07.652524  1102  1102 I View    : Touch down dispatch to com.android.systemui.statusbar.policy.KeyButtonView{16b3c6d V.ED..CL. ........ 80,0-283,60 #7f1000b8 app:id/back}, event = MotionEvent { action=ACTION_DOWN, actionButton=0, id[0]=0, x[0]=113.74773, y[0]=55.003662, toolType[0]=TOOL_TYPE_FINGER, buttonState=0, metaState=0, flags=0x0, edgeFlags=0x0, pointerCount=1, historySize=0, eventTime=20456791, downTime=20456791, deviceId=1, source=0x1002 }
04-20 15:41:07.653881  1102  1102 V DisplayEventReceiver: call nativeScheduleVsync mReceiverPtr = 548106581952
04-20 15:41:07.654323   231  1039 D SurfaceFlinger: requestNextVsync(1102)
04-20 15:41:07.656363   964  1162 D WindowManager: interceptKeyTq keycode=4 interactive=true keyguardActive=false policyFlags=2b000002 down =true canceled = false isWakeKey=false mVolumeDownKeyTriggered =false mVolumeUpKeyTriggered =false result = 1 useHapticFeedback = true isInjected = true
04-20 15:41:07.658652   964  1162 D AppOps  : startOperation: allowing code 3 uid 1000 package android
04-20 15:41:07.661285   231   287 D SurfaceFlinger: postEvent(1102, v/c=32222)
04-20 15:41:07.664330  1102  1102 V ViewRootImpl: App handle pointer event: event = MotionEvent { action=ACTION_DOWN, actionButton=0, id[0]=0, x[0]=193.74773, y[0]=55.003662, toolType[0]=TOOL_TYPE_FINGER, buttonState=0, metaState=0, flags=0x0, edgeFlags=0x0, pointerCount=1, historySize=0, eventTime=20456791, downTime=20456791, deviceId=1, source=0x1002 }, mView = com.android.systemui.statusbar.phone.NavigationBarView{1651cb7 V.E...... ......ID 0,0-768,60}, this = android.view.ViewRootImpl$ViewPostImeInputStage@6913090
04-20 15:41:07.664576  1102  1102 V ViewRootImpl: finishInputEvent: handled = true,event = MotionEvent { action=ACTION_DOWN, actionButton=0, id[0]=0, x[0]=193.74773, y[0]=55.003662, toolType[0]=TOOL_TYPE_FINGER, buttonState=0, metaState=0, flags=0x0, edgeFlags=0x0, pointerCount=1, historySize=0, eventTime=20456791, downTime=20456791, deviceId=1, source=0x1002 }, stage = 10: View Post IME stage, this = ViewRoot{78da969 NavigationBar,ident = 2}
04-20 15:41:07.665496  1102  1102 V ViewRootImpl: enqueueInputEvent: event = MotionEvent { action=ACTION_MOVE, actionButton=0, id[0]=0, x[0]=193.74773, y[0]=55.003662, toolType[0]=TOOL_TYPE_FINGER, buttonState=0, metaState=0, flags=0x0, edgeFlags=0x0, pointerCount=1, historySize=1, eventTime=20456816, downTime=20456791, deviceId=1, source=0x1002 },processImmediately = true,mProcessInputEventsScheduled = false, this = ViewRoot{78da969 NavigationBar,ident = 2}
04-20 15:41:07.665667   964  1006 D lights  : write_int open fd=-1
04-20 15:41:07.666132  1102  1102 V ViewRootImpl: App handle pointer event: event = MotionEvent { action=ACTION_MOVE, actionButton=0, id[0]=0, x[0]=193.74773, y[0]=55.003662, toolType[0]=TOOL_TYPE_FINGER, buttonState=0, metaState=0, flags=0x0, edgeFlags=0x0, pointerCount=1, historySize=1, eventTime=20456816, downTime=20456791, deviceId=1, source=0x1002 }, mView = com.android.systemui.statusbar.phone.NavigationBarView{1651cb7 V.E...... ......ID 0,0-768,60}, this = android.view.ViewRootImpl$ViewPostImeInputStage@6913090
04-20 15:41:07.666378  1102  1102 V ViewRootImpl: finishInputEvent: handled = true,event = MotionEvent { action=ACTION_MOVE, actionButton=0, id[0]=0, x[0]=193.74773, y[0]=55.003662, toolType[0]=TOOL_TYPE_FINGER, buttonState=0, metaState=0, flags=0x0, edgeFlags=0x0, pointerCount=1, historySize=1, eventTime=20456816, downTime=20456791, deviceId=1, source=0x1002 }, stage = 10: View Post IME stage, this = ViewRoot{78da969 NavigationBar,ident = 2}
04-20 15:41:07.666579  1102  1102 V DisplayEventReceiver: call nativeScheduleVsync mReceiverPtr = 548106581952
04-20 15:41:07.666841   964  1006 D WindowManager: interceptKeyTi keyCode=4 down=true repeatCount=0 keyguardOn=false mHomePressed=false canceled=false metaState:0
04-20 15:41:07.666898  1102  1102 V ViewRootImpl: ViewRoot performTraversals+ : mFirst = false, this = ViewRoot{78da969 NavigationBar,ident = 2}
04-20 15:41:07.669039 12140 12140 V ViewRootImpl: enqueueInputEvent: event = KeyEvent { action=ACTION_DOWN, keyCode=KEYCODE_BACK, scanCode=0, metaState=0, flags=0x48, repeatCount=0, eventTime=20456813, downTime=20456813, deviceId=-1, source=0x101 },processImmediately = true,mProcessInputEventsScheduled = false, this = ViewRoot{fde04bd com.mediatek.mtklogger/com.mediatek.mtklogger.MainActivity,ident = 3}
04-20 15:41:07.669185  2025  2031 I PerfService: PerfServiceNative_getPackName
04-20 15:41:07.670259   231  1738 D SurfaceFlinger: requestNextVsync(1102)
04-20 15:41:07.670662   964  1582 I libPerfService: perfGetLastBoostPid 12140
04-20 15:41:07.671054   964  1582 D PerfServiceManager: [PerfService] getLastBoostPid 12140 
04-20 15:41:07.671163   964  1582 I libPerfService: perfGetLastBoostPid 12140
04-20 15:41:07.672442 12140 12140 V ViewRootImpl: App handle key event: event = KeyEvent { action=ACTION_DOWN, keyCode=KEYCODE_BACK, scanCode=0, metaState=0, flags=0x40000048, repeatCount=0, eventTime=20456813, downTime=20456813, deviceId=-1, source=0x101 }, mView = com.android.internal.policy.PhoneWindow$DecorView{caa739a V.E...... R....... 0,0-768,1306}, this = android.view.ViewRootImpl$ViewPostImeInputStage@a7a75e3
04-20 15:41:07.672818 12140 12140 V ViewRootImpl: finishInputEvent: handled = true,event = KeyEvent { action=ACTION_DOWN, keyCode=KEYCODE_BACK, scanCode=0, metaState=0, flags=0x40000048, repeatCount=0, eventTime=20456813, downTime=20456813, deviceId=-1, source=0x101 }, stage = 10: View Post IME stage, this = ViewRoot{fde04bd com.mediatek.mtklogger/com.mediatek.mtklogger.MainActivity,ident = 3}
04-20 15:41:07.673333  1102  1102 V ViewRootImpl: ViewRoot performTraversals and draw- : mResizeBuffer = null, mResizeAlpha = 0, this = ViewRoot{78da969 NavigationBar,ident = 2} frame#372 (cancelDraw = false)
04-20 15:41:07.677554   231   287 D SurfaceFlinger: postEvent(1102, v/c=32223)
04-20 15:41:07.678431  1102  1102 V ViewRootImpl: enqueueInputEvent: event = MotionEvent { action=ACTION_MOVE, actionButton=0, id[0]=0, x[0]=193.74773, y[0]=55.003662, toolType[0]=TOOL_TYPE_FINGER, buttonState=0, metaState=0, flags=0x0, edgeFlags=0x0, pointerCount=1, historySize=1, eventTime=20456832, downTime=20456791, deviceId=1, source=0x1002 },processImmediately = true,mProcessInputEventsScheduled = false, this = ViewRoot{78da969 NavigationBar,ident = 2}
04-20 15:41:07.678547   231  1039 D SurfaceFlinger: requestNextVsync(231)
04-20 15:41:07.678699   231  1039 I BufferQueueProducer: [NavigationBar](this:0x7f76cc8400,id:214,api:1,p:1102,c:231) queueBuffer: fps=0.53 dur=26270.70 max=26038.08 min=10.73
04-20 15:41:07.679105  1102  1102 V ViewRootImpl: App handle pointer event: event = MotionEvent { action=ACTION_MOVE, actionButton=0, id[0]=0, x[0]=193.74773, y[0]=55.003662, toolType[0]=TOOL_TYPE_FINGER, buttonState=0, metaState=0, flags=0x0, edgeFlags=0x0, pointerCount=1, historySize=1, eventTime=20456832, downTime=20456791, deviceId=1, source=0x1002 }, mView = com.android.systemui.statusbar.phone.NavigationBarView{1651cb7 V.E...... ........ 0,0-768,60}, this = android.view.ViewRootImpl$ViewPostImeInputStage@6913090
04-20 15:41:07.679588  1102  1102 V ViewRootImpl: finishInputEvent: handled = true,event = MotionEvent { action=ACTION_MOVE, actionButton=0, id[0]=0, x[0]=193.74773, y[0]=55.003662, toolType[0]=TOOL_TYPE_FINGER, buttonState=0, metaState=0, flags=0x0, edgeFlags=0x0, pointerCount=1, historySize=1, eventTime=20456832, downTime=20456791, deviceId=1, source=0x1002 }, stage = 10: View Post IME stage, this = ViewRoot{78da969 NavigationBar,ident = 2}
04-20 15:41:07.679835   231  1738 D SurfaceFlinger: requestNextVsync(1102)
04-20 15:41:07.679866  1102  1102 V DisplayEventReceiver: call nativeScheduleVsync mReceiverPtr = 548106581952
04-20 15:41:07.680354   231  1738 D SurfaceFlinger: requestNextVsync(1102)
04-20 15:41:07.693740   231   287 D SurfaceFlinger: postEvent(1102, v/c=32224)
04-20 15:41:07.693739   231   289 D SurfaceFlinger: postEvent(231, v/c=26060)
04-20 15:41:07.693926   231   287 D SurfaceFlinger: postEvent(1102, v/c=32224)
04-20 15:41:07.695080  1102  1102 V DisplayEventReceiver: call nativeScheduleVsync mReceiverPtr = 548106581952
04-20 15:41:07.695434   231   313 D SurfaceFlinger: requestNextVsync(1102)
04-20 15:41:07.697823   231   267 D SurfaceFlinger: requestNextVsync(1102)
04-20 15:41:07.701290   231  1738 D SurfaceFlinger: requestNextVsync(231)
04-20 15:41:07.710199   231   287 D SurfaceFlinger: postEvent(1102, v/c=32225)
04-20 15:41:07.710363   231   287 D SurfaceFlinger: postEvent(1102, v/c=32225)
04-20 15:41:07.710392   231   289 D SurfaceFlinger: postEvent(231, v/c=26061)
04-20 15:41:07.711280  1102  1102 V ViewRootImpl: enqueueInputEvent: event = MotionEvent { action=ACTION_MOVE, actionButton=0, id[0]=0, x[0]=193.74773, y[0]=55.003662, toolType[0]=TOOL_TYPE_FINGER, buttonState=0, metaState=0, flags=0x0, edgeFlags=0x0, pointerCount=1, historySize=1, eventTime=20456865, downTime=20456791, deviceId=1, source=0x1002 },processImmediately = true,mProcessInputEventsScheduled = false, this = ViewRoot{78da969 NavigationBar,ident = 2}
04-20 15:41:07.711967  1102  1102 V ViewRootImpl: App handle pointer event: event = MotionEvent { action=ACTION_MOVE, actionButton=0, id[0]=0, x[0]=193.74773, y[0]=55.003662, toolType[0]=TOOL_TYPE_FINGER, buttonState=0, metaState=0, flags=0x0, edgeFlags=0x0, pointerCount=1, historySize=1, eventTime=20456865, downTime=20456791, deviceId=1, source=0x1002 }, mView = com.android.systemui.statusbar.phone.NavigationBarView{1651cb7 V.E...... ........ 0,0-768,60}, this = android.view.ViewRootImpl$ViewPostImeInputStage@6913090
04-20 15:41:07.712233  1102  1102 V ViewRootImpl: finishInputEvent: handled = true,event = MotionEvent { action=ACTION_MOVE, actionButton=0, id[0]=0, x[0]=193.74773, y[0]=55.003662, toolType[0]=TOOL_TYPE_FINGER, buttonState=0, metaState=0, flags=0x0, edgeFlags=0x0, pointerCount=1, historySize=1, eventTime=20456865, downTime=20456791, deviceId=1, source=0x1002 }, stage = 10: View Post IME stage, this = ViewRoot{78da969 NavigationBar,ident = 2}
04-20 15:41:07.712478  1102  1102 V DisplayEventReceiver: call nativeScheduleVsync mReceiverPtr = 548106581952
04-20 15:41:07.712997   231   269 D SurfaceFlinger: requestNextVsync(1102)
04-20 15:41:07.714005   231   313 D SurfaceFlinger: requestNextVsync(1102)
04-20 15:41:07.717439   231  1039 D SurfaceFlinger: requestNextVsync(231)
04-20 15:41:07.726432   231   287 D SurfaceFlinger: postEvent(1102, v/c=32226)
04-20 15:41:07.726433   231   289 D SurfaceFlinger: postEvent(231, v/c=26062)
04-20 15:41:07.726702   231   287 D SurfaceFlinger: postEvent(1102, v/c=32226)
04-20 15:41:07.728323  1102  1102 V ViewRootImpl: enqueueInputEvent: event = MotionEvent { action=ACTION_MOVE, actionButton=0, id[0]=0, x[0]=193.74773, y[0]=55.003662, toolType[0]=TOOL_TYPE_FINGER, buttonState=0, metaState=0, flags=0x0, edgeFlags=0x0, pointerCount=1, historySize=1, eventTime=20456877, downTime=20456791, deviceId=1, source=0x1002 },processImmediately = true,mProcessInputEventsScheduled = false, this = ViewRoot{78da969 NavigationBar,ident = 2}
04-20 15:41:07.730148  1102  1102 V ViewRootImpl: App handle pointer event: event = MotionEvent { action=ACTION_MOVE, actionButton=0, id[0]=0, x[0]=193.74773, y[0]=55.003662, toolType[0]=TOOL_TYPE_FINGER, buttonState=0, metaState=0, flags=0x0, edgeFlags=0x0, pointerCount=1, historySize=1, eventTime=20456877, downTime=20456791, deviceId=1, source=0x1002 }, mView = com.android.systemui.statusbar.phone.NavigationBarView{1651cb7 V.E...... ........ 0,0-768,60}, this = android.view.ViewRootImpl$ViewPostImeInputStage@6913090
04-20 15:41:07.730320   231  1738 D SurfaceFlinger: requestNextVsync(1102)
04-20 15:41:07.730454  1102  1102 V ViewRootImpl: finishInputEvent: handled = true,event = MotionEvent { action=ACTION_MOVE, actionButton=0, id[0]=0, x[0]=193.74773, y[0]=55.003662, toolType[0]=TOOL_TYPE_FINGER, buttonState=0, metaState=0, flags=0x0, edgeFlags=0x0, pointerCount=1, historySize=1, eventTime=20456877, downTime=20456791, deviceId=1, source=0x1002 }, stage = 10: View Post IME stage, this = ViewRoot{78da969 NavigationBar,ident = 2}
04-20 15:41:07.730702  1102  1102 V DisplayEventReceiver: call nativeScheduleVsync mReceiverPtr = 548106581952
04-20 15:41:07.731095   231   269 D SurfaceFlinger: requestNextVsync(1102)
04-20 15:41:07.734731   231   267 D SurfaceFlinger: requestNextVsync(231)
04-20 15:41:07.748830   231   287 D SurfaceFlinger: postEvent(1102, v/c=32227)
04-20 15:41:07.749011   231   287 D SurfaceFlinger: postEvent(1102, v/c=32227)
04-20 15:41:07.749176   231   289 D SurfaceFlinger: postEvent(231, v/c=26063)
04-20 15:41:07.750328  1102  1102 V ViewRootImpl: enqueueInputEvent: event = MotionEvent { action=ACTION_MOVE, actionButton=0, id[0]=0, x[0]=193.74773, y[0]=55.003662, toolType[0]=TOOL_TYPE_FINGER, buttonState=0, metaState=0, flags=0x0, edgeFlags=0x0, pointerCount=1, historySize=1, eventTime=20456904, downTime=20456791, deviceId=1, source=0x1002 },processImmediately = true,mProcessInputEventsScheduled = false, this = ViewRoot{78da969 NavigationBar,ident = 2}
04-20 15:41:07.750975  1102  1102 V ViewRootImpl: App handle pointer event: event = MotionEvent { action=ACTION_MOVE, actionButton=0, id[0]=0, x[0]=193.74773, y[0]=55.003662, toolType[0]=TOOL_TYPE_FINGER, buttonState=0, metaState=0, flags=0x0, edgeFlags=0x0, pointerCount=1, historySize=1, eventTime=20456904, downTime=20456791, deviceId=1, source=0x1002 }, mView = com.android.systemui.statusbar.phone.NavigationBarView{1651cb7 V.E...... ........ 0,0-768,60}, this = android.view.ViewRootImpl$ViewPostImeInputStage@6913090
04-20 15:41:07.751466  1102  1102 V ViewRootImpl: finishInputEvent: handled = true,event = MotionEvent { action=ACTION_MOVE, actionButton=0, id[0]=0, x[0]=193.74773, y[0]=55.003662, toolType[0]=TOOL_TYPE_FINGER, buttonState=0, metaState=0, flags=0x0, edgeFlags=0x0, pointerCount=1, historySize=1, eventTime=20456904, downTime=20456791, deviceId=1, source=0x1002 }, stage = 10: View Post IME stage, this = ViewRoot{78da969 NavigationBar,ident = 2}
04-20 15:41:07.751989  1102  1102 V DisplayEventReceiver: call nativeScheduleVsync mReceiverPtr = 548106581952
04-20 15:41:07.752380   231  1039 D SurfaceFlinger: requestNextVsync(1102)
04-20 15:41:07.752814   231  1738 D SurfaceFlinger: requestNextVsync(1102)
04-20 15:41:07.756340   231   313 D SurfaceFlinger: requestNextVsync(231)
04-20 15:41:07.765018   231   289 D SurfaceFlinger: postEvent(231, v/c=26064)
04-20 15:41:07.765017   231   287 D SurfaceFlinger: postEvent(1102, v/c=32228)
04-20 15:41:07.765202   231   287 D SurfaceFlinger: postEvent(1102, v/c=32228)
04-20 15:41:07.766301  1102  1102 V ViewRootImpl: enqueueInputEvent: event = MotionEvent { action=ACTION_MOVE, actionButton=0, id[0]=0, x[0]=193.74773, y[0]=55.003662, toolType[0]=TOOL_TYPE_FINGER, buttonState=0, metaState=0, flags=0x0, edgeFlags=0x0, pointerCount=1, historySize=1, eventTime=20456917, downTime=20456791, deviceId=1, source=0x1002 },processImmediately = true,mProcessInputEventsScheduled = false, this = ViewRoot{78da969 NavigationBar,ident = 2}
04-20 15:41:07.767895  1102  1102 V ViewRootImpl: App handle pointer event: event = MotionEvent { action=ACTION_MOVE, actionButton=0, id[0]=0, x[0]=193.74773, y[0]=55.003662, toolType[0]=TOOL_TYPE_FINGER, buttonState=0, metaState=0, flags=0x0, edgeFlags=0x0, pointerCount=1, historySize=1, eventTime=20456917, downTime=20456791, deviceId=1, source=0x1002 }, mView = com.android.systemui.statusbar.phone.NavigationBarView{1651cb7 V.E...... ........ 0,0-768,60}, this = android.view.ViewRootImpl$ViewPostImeInputStage@6913090
04-20 15:41:07.768209  1102  1102 V ViewRootImpl: finishInputEvent: handled = true,event = MotionEvent { action=ACTION_MOVE, actionButton=0, id[0]=0, x[0]=193.74773, y[0]=55.003662, toolType[0]=TOOL_TYPE_FINGER, buttonState=0, metaState=0, flags=0x0, edgeFlags=0x0, pointerCount=1, historySize=1, eventTime=20456917, downTime=20456791, deviceId=1, source=0x1002 }, stage = 10: View Post IME stage, this = ViewRoot{78da969 NavigationBar,ident = 2}
04-20 15:41:07.768743  1102  1102 V DisplayEventReceiver: call nativeScheduleVsync mReceiverPtr = 548106581952
04-20 15:41:07.769746   231  1039 D SurfaceFlinger: requestNextVsync(1102)
04-20 15:41:07.769819   231   267 D SurfaceFlinger: requestNextVsync(1102)
04-20 15:41:07.773759   231   313 D SurfaceFlinger: requestNextVsync(231)
04-20 15:41:07.781420   231   287 D SurfaceFlinger: postEvent(1102, v/c=32229)
04-20 15:41:07.781420   231   289 D SurfaceFlinger: postEvent(231, v/c=26065)
04-20 15:41:07.781624   231   287 D SurfaceFlinger: postEvent(1102, v/c=32229)
04-20 15:41:07.783156  1102  1102 V ViewRootImpl: enqueueInputEvent: event = MotionEvent { action=ACTION_MOVE, actionButton=0, id[0]=0, x[0]=193.74773, y[0]=55.003662, toolType[0]=TOOL_TYPE_FINGER, buttonState=0, metaState=0, flags=0x0, edgeFlags=0x0, pointerCount=1, historySize=1, eventTime=20456935, downTime=20456791, deviceId=1, source=0x1002 },processImmediately = true,mProcessInputEventsScheduled = false, this = ViewRoot{78da969 NavigationBar,ident = 2}
04-20 15:41:07.783808  1102  1102 V ViewRootImpl: App handle pointer event: event = MotionEvent { action=ACTION_MOVE, actionButton=0, id[0]=0, x[0]=193.74773, y[0]=55.003662, toolType[0]=TOOL_TYPE_FINGER, buttonState=0, metaState=0, flags=0x0, edgeFlags=0x0, pointerCount=1, historySize=1, eventTime=20456935, downTime=20456791, deviceId=1, source=0x1002 }, mView = com.android.systemui.statusbar.phone.NavigationBarView{1651cb7 V.E...... ........ 0,0-768,60}, this = android.view.ViewRootImpl$ViewPostImeInputStage@6913090
04-20 15:41:07.784081  1102  1102 V ViewRootImpl: finishInputEvent: handled = true,event = MotionEvent { action=ACTION_MOVE, actionButton=0, id[0]=0, x[0]=193.74773, y[0]=55.003662, toolType[0]=TOOL_TYPE_FINGER, buttonState=0, metaState=0, flags=0x0, edgeFlags=0x0, pointerCount=1, historySize=1, eventTime=20456935, downTime=20456791, deviceId=1, source=0x1002 }, stage = 10: View Post IME stage, this = ViewRoot{78da969 NavigationBar,ident = 2}
04-20 15:41:07.784307  1102  1102 V DisplayEventReceiver: call nativeScheduleVsync mReceiverPtr = 548106581952
04-20 15:41:07.785010   231  1039 D SurfaceFlinger: requestNextVsync(1102)
04-20 15:41:07.785441   231  1738 D SurfaceFlinger: requestNextVsync(1102)
04-20 15:41:07.787416   964  1007 D InputReader: AP_PROF:AppLaunch_dispatchPtr:Up:20456947, ID:0, Index:-1663943424
04-20 15:41:07.787682   964  1007 I PerfService: PerfServiceNative_boostEnableTimeoutMsAsync:3, 100
04-20 15:41:07.790405  1102  1102 V ViewRootImpl: enqueueInputEvent: event = MotionEvent { action=ACTION_UP, actionButton=0, id[0]=0, x[0]=193.74773, y[0]=55.003662, toolType[0]=TOOL_TYPE_FINGER, buttonState=0, metaState=0, flags=0x0, edgeFlags=0x0, pointerCount=1, historySize=0, eventTime=20456947, downTime=20456791, deviceId=1, source=0x1002 },processImmediately = true,mProcessInputEventsScheduled = false, this = ViewRoot{78da969 NavigationBar,ident = 2}
04-20 15:41:07.790483   231   269 D SurfaceFlinger: requestNextVsync(231)
04-20 15:41:07.791416  1102  1102 I View    : Touch up dispatch to com.android.systemui.statusbar.policy.KeyButtonView{16b3c6d V.ED..CL. ...P.... 80,0-283,60 #7f1000b8 app:id/back}, event = MotionEvent { action=ACTION_UP, actionButton=0, id[0]=0, x[0]=113.74773, y[0]=55.003662, toolType[0]=TOOL_TYPE_FINGER, buttonState=0, metaState=0, flags=0x0, edgeFlags=0x0, pointerCount=1, historySize=0, eventTime=20456947, downTime=20456791, deviceId=1, source=0x1002 }
04-20 15:41:07.797916   231   287 D SurfaceFlinger: postEvent(1102, v/c=32230)
04-20 15:41:07.797925   231   289 D SurfaceFlinger: postEvent(231, v/c=26066)
04-20 15:41:07.798125   231   287 D SurfaceFlinger: postEvent(1102, v/c=32230)
04-20 15:41:07.801707   231   313 D SurfaceFlinger: requestNextVsync(1102)
04-20 15:41:07.804989   231  1738 D SurfaceFlinger: requestNextVsync(231)
04-20 15:41:07.808243   964  1844 D WindowManager: interceptKeyTq keycode=4 interactive=true keyguardActive=false policyFlags=2b000002 down =false canceled = false isWakeKey=false mVolumeDownKeyTriggered =false mVolumeUpKeyTriggered =false result = 1 useHapticFeedback = false isInjected = true
04-20 15:41:07.808908   964  1006 D WindowManager: interceptKeyTi keyCode=4 down=false repeatCount=0 keyguardOn=false mHomePressed=false canceled=false metaState:0
