04-20 15:41:07.810327 12140 12140 V ViewRootImpl: enqueueInputEvent: event = KeyEvent { action=ACTION_UP, keyCode=KEYCODE_BACK, scanCode=0, metaState=0, flags=0x48, repeatCount=0, eventTime=20456967, downTime=20456813, deviceId=-1, source=0x101 },processImmediately = true,mProcessInputEventsScheduled = false, this = ViewRoot{fde04bd com.mediatek.mtklogger/com.mediatek.mtklogger.MainActivity,ident = 3}
04-20 15:41:07.811057  1102  1102 D SettingsInterface:  from settings cache , name = sound_effects_enabled , value = 0
04-20 15:41:07.811504  1102  1102 V ViewRootImpl: App handle pointer event: event = MotionEvent { action=ACTION_UP, actionButton=0, id[0]=0, x[0]=193.74773, y[0]=55.003662, toolType[0]=TOOL_TYPE_FINGER, buttonState=0, metaState=0, flags=0x0, edgeFlags=0x0, pointerCount=1, historySize=0, eventTime=20456947, downTime=20456791, deviceId=1, source=0x1002 }, mView = com.android.systemui.statusbar.phone.NavigationBarView{1651cb7 V.E...... .......D 0,0-768,60}, this = android.view.ViewRootImpl$ViewPostImeInputStage@6913090
04-20 15:41:07.811749  1102  1102 V ViewRootImpl: finishInputEvent: handled = true,event = MotionEvent { action=ACTION_UP, actionButton=0, id[0]=0, x[0]=193.74773, y[0]=55.003662, toolType[0]=TOOL_TYPE_FINGER, buttonState=0, metaState=0, flags=0x0, edgeFlags=0x0, pointerCount=1, historySize=0, eventTime=20456947, downTime=20456791, deviceId=1, source=0x1002 }, stage = 10: View Post IME stage, this = ViewRoot{78da969 NavigationBar,ident = 2}
04-20 15:41:07.812352  1102  1102 V ViewRootImpl: ViewRoot performTraversals+ : mFirst = false, this = ViewRoot{78da969 NavigationBar,ident = 2}
04-20 15:41:07.814152   231   289 D SurfaceFlinger: postEvent(231, v/c=26067)
04-20 15:41:07.814314   231   287 D SurfaceFlinger: postEvent(1102, v/c=32231)
04-20 15:41:07.816898  1102  1102 V ViewRootImpl: ViewRoot performTraversals and draw- : mResizeBuffer = null, mResizeAlpha = 0, this = ViewRoot{78da969 NavigationBar,ident = 2} frame#373 (cancelDraw = false)
04-20 15:41:07.819532   231   269 D SurfaceFlinger: requestNextVsync(231)
04-20 15:41:07.820147   231   313 D SurfaceFlinger: requestNextVsync(1102)
04-20 15:41:07.823709   964   987 V DisplayEventReceiver: call nativeScheduleVsync mReceiverPtr = 548369566784
04-20 15:41:07.824039   231   267 D SurfaceFlinger: requestNextVsync(964)
04-20 15:41:07.824630   231   313 D SurfaceFlinger: requestNextVsync(231)
04-20 15:41:07.829212   964  1747 I BufferQueue: [unnamed-964-68](this:0x7f987e5400,id:68,api:0,p:-1,c:-1) BufferQueue core=(964:system_server)
04-20 15:41:07.829895   964  1747 D BufferQueueDump: [unnamed-964-68] this:0x7f9bd1c040, value:0x7f9325d75c, iLen:6
04-20 15:41:07.830239   964  1747 I BufferQueueConsumer: [unnamed-964-68](this:0x7f987e5400,id:68,api:0,p:-1,c:964) connect(C): consumer=(964:system_server) controlledByApp=false
04-20 15:41:07.830317   964  1747 D BufferQueueDump: [unnamed-964-68] this:0x7f9bd1c040, value:0x7f9325d78c, iLen:6
04-20 15:41:07.830367   231   287 D SurfaceFlinger: postEvent(964, v/c=32232)
04-20 15:41:07.830388   964  1747 I BufferQueueConsumer: [unnamed-964-68](this:0x7f987e5400,id:68,api:0,p:-1,c:964) setConsumerName: unnamed-964-68
04-20 15:41:07.830455   964  1747 D BufferQueueDump: [ScreenshotClient] this:0x7f9bd1c040, value:0x7f9325d7ec, iLen:6
04-20 15:41:07.830472   231   287 D SurfaceFlinger: postEvent(1102, v/c=32232)
04-20 15:41:07.830492   231   289 D SurfaceFlinger: postEvent(231, v/c=26068)
04-20 15:41:07.830974   964  1747 I BufferQueueConsumer: [ScreenshotClient](this:0x7f987e5400,id:68,api:0,p:-1,c:964) setConsumerName: ScreenshotClient
04-20 15:41:07.832749   231   231 D Surface : Surface::connect(this=0x7f7a6d2c00,api=1)
04-20 15:41:07.833500   964  1747 I BufferQueueProducer: [ScreenshotClient](this:0x7f987e5400,id:68,api:1,p:231,c:964) connect(P): api=1 producer=(231:/system/bin/surfaceflinger) producerControlledByApp=false
04-20 15:41:07.834189   231   267 D SurfaceFlinger: requestNextVsync(1102)
04-20 15:41:07.834653   964  1747 I BufferQueueProducer: [ScreenshotClient](this:0x7f987e5400,id:68,api:1,p:231,c:964) new GraphicBuffer needed
04-20 15:41:07.836544   231   269 I [MALI][Gralloc]: [+]hnd(0x7f7cdde180), client(27), share_fd(56), hnd->flags:4
04-20 15:41:07.836681   231   269 D GraphicBuffer: alloc, handle(0x7f7cdde180) (w:450 h:450 s:464 f:0x1 u:0x000333) err(0)
04-20 15:41:07.837737   231  1039 D SurfaceFlinger: requestNextVsync(231)
04-20 15:41:07.839179   964  1747 I [MALI][Gralloc]: [+]r_hnd(0x7f97dfa6c0), client(102), share_fd(172)
04-20 15:41:07.839412   964  1747 D GraphicBuffer: register, handle(0x7f97dfa6c0) (w:450 h:450 s:464 f:0x1 u:0x000333)
04-20 15:41:07.839832   231   267 D GraphicBuffer: free, handle(0x7f7cdde180) (w:450 h:450 s:464 f:0x1 u:0x000333)
04-20 15:41:07.839973   231   267 I [MALI][Gralloc]: [-]hnd(0x7f7cdde180), client(27), share_fd(56)
04-20 15:41:07.841505   231   231 I [MALI][Gralloc]: [+]r_hnd(0x7f7cdde360), client(27), share_fd(57)
04-20 15:41:07.841602   231   231 D GraphicBuffer: register, handle(0x7f7cdde360) (w:450 h:450 s:464 f:0x1 u:0x000333)
04-20 15:41:07.845587   231   231 D Surface : Surface::disconnect(this=0x7f7a6d2c00,api=1)
04-20 15:41:07.846467   231   277 D GraphicBuffer: unregister, handle(0x7f7cdde360) (w:450 h:450 s:464 f:0x1 u:0x000333)
04-20 15:41:07.846574   231   287 D SurfaceFlinger: postEvent(1102, v/c=32233)
04-20 15:41:07.846744   231   289 D SurfaceFlinger: postEvent(231, v/c=26069)
04-20 15:41:07.847270   231   277 I [MALI][Gralloc]: [-]r_hnd(0x7f7cdde360), client(27), share_fd(57)
04-20 15:41:07.847768   964  1747 I BufferQueueProducer: [ScreenshotClient](this:0x7f987e5400,id:68,api:1,p:-1,c:964) disconnect(P): api 1
04-20 15:41:07.848307   964  1747 I BufferQueueConsumer: [ScreenshotClient](this:0x7f987e5400,id:68,api:1,p:-1,c:964) getReleasedBuffers: returning mask 0xffffffffffffffff
04-20 15:41:07.848775   231   231 D SurfaceFlinger: requestNextVsync(231)
04-20 15:41:07.850749   231  1738 D SurfaceFlinger: requestNextVsync(1102)
04-20 15:41:07.851500   964   972 I System  : FinalizerDaemon: finalize objects = 815
04-20 15:41:07.853393   964   987 V DisplayEventReceiver: call nativeScheduleVsync mReceiverPtr = 548369566784
04-20 15:41:07.853874   231   267 D SurfaceFlinger: requestNextVsync(964)
04-20 15:41:07.855153   231  1738 D SurfaceFlinger: requestNextVsync(231)
04-20 15:41:07.858416   964  1747 I BufferQueueConsumer: [ScreenshotClient](this:0x7f987e5400,id:68,api:1,p:-1,c:-1) disconnect(C)
04-20 15:41:07.858977   964  1747 D GraphicBuffer: unregister, handle(0x7f97dfa6c0) (w:450 h:450 s:464 f:0x1 u:0x000333)
04-20 15:41:07.860339   964  1747 I [MALI][Gralloc]: [-]r_hnd(0x7f97dfa6c0), client(102), share_fd(172)
04-20 15:41:07.860610   964  1747 I BufferQueue: [ScreenshotClient](this:0x7f987e5400,id:68,api:1,p:-1,c:-1) ~BufferQueueCore
04-20 15:41:07.862920   231   287 D SurfaceFlinger: postEvent(964, v/c=32234)
04-20 15:41:07.863024   231   287 D SurfaceFlinger: postEvent(1102, v/c=32234)
04-20 15:41:07.863062   231   289 D SurfaceFlinger: postEvent(231, v/c=26070)
04-20 15:41:07.864893   964   987 V DisplayEventReceiver: call nativeScheduleVsync mReceiverPtr = 548369566784
04-20 15:41:07.865357   231  1738 D SurfaceFlinger: requestNextVsync(964)
04-20 15:41:07.866684   231   313 D SurfaceFlinger: requestNextVsync(1102)
04-20 15:41:07.867830 12140 12140 V ViewRootImpl: App handle key event: event = KeyEvent { action=ACTION_UP, keyCode=KEYCODE_BACK, scanCode=0, metaState=0, flags=0x248, repeatCount=0, eventTime=20456967, downTime=20456813, deviceId=-1, source=0x101 }, mView = com.android.internal.policy.PhoneWindow$DecorView{caa739a V.E...... R....... 0,0-768,1306}, this = android.view.ViewRootImpl$ViewPostImeInputStage@a7a75e3
04-20 15:41:07.868173 12140 12140 V ViewRootImpl: finishInputEvent: handled = true,event = KeyEvent { action=ACTION_UP, keyCode=KEYCODE_BACK, scanCode=0, metaState=0, flags=0x248, repeatCount=0, eventTime=20456967, downTime=20456813, deviceId=-1, source=0x101 }, stage = 10: View Post IME stage, this = ViewRoot{fde04bd com.mediatek.mtklogger/com.mediatek.mtklogger.MainActivity,ident = 3}
04-20 15:41:07.868791 12140 12140 D MTKLogger/MainActivity: onPause
04-20 15:41:07.872423   231  1738 D SurfaceFlinger: requestNextVsync(231)
04-20 15:41:07.877132   964  1059 I libPerfService: 1: set freq: 1300000
04-20 15:41:07.877474   964  1059 I libPerfService: 1: set: 4
04-20 15:41:07.879197   231   287 D SurfaceFlinger: postEvent(964, v/c=32235)
04-20 15:41:07.879302   231   287 D SurfaceFlinger: postEvent(1102, v/c=32235)
04-20 15:41:07.879300   231   289 D SurfaceFlinger: postEvent(231, v/c=26071)
04-20 15:41:07.882908   964  8872 D AppOps  : noteOperation: allowing code 59 uid 1000 package com.android.settings
04-20 15:41:07.882934   231   269 D SurfaceFlinger: requestNextVsync(1102)
04-20 15:41:07.883395   964  8872 D AppOps  : noteOperation: allowing code 60 uid 1000 package com.android.settings
04-20 15:41:07.889268   964  1059 D PerfServiceManager: [PerfService] MESSAGE_TIMEOUT:103 
04-20 15:41:07.890277   964  1059 I libPerfService: 3: set freq: 1300000
04-20 15:41:07.890366   964  1059 I libPerfService: 3: set vcore level: 0
04-20 15:41:07.891658   231   313 D SurfaceFlinger: requestNextVsync(231)
04-20 15:41:07.895483   231   287 D SurfaceFlinger: postEvent(1102, v/c=32236)
04-20 15:41:07.895839   231   289 D SurfaceFlinger: postEvent(231, v/c=26072)
04-20 15:41:07.899254   231  1039 D SurfaceFlinger: requestNextVsync(1102)
04-20 15:41:07.901710   964   987 D WindowClient: Add to mViews: com.android.internal.policy.PhoneWindow$DecorView{d354171 V.E...... R.....ID 0,0-0,0}, this = android.view.WindowManagerGlobal@8f48134
04-20 15:41:07.902244   231   269 D SurfaceFlinger: requestNextVsync(231)
04-20 15:41:07.903463   964   987 D ViewRootImpl: hardware acceleration is disabled, fakeHwAccelerated = true, HardwareRenderer.sRendererDisabled = false, forceHwAccelerated = false, HardwareRenderer.sSystemRendererDisabled = false, this = ViewRoot{13e9f2e Starting com.android.settings,ident = 21}
04-20 15:41:07.907770   964   987 V ViewRootImpl: ViewRoot performTraversals+ : mFirst = true, this = ViewRoot{13e9f2e Starting com.android.settings,ident = 21}
04-20 15:41:07.911932   231   287 D SurfaceFlinger: postEvent(1102, v/c=32237)
04-20 15:41:07.912073   231   289 D SurfaceFlinger: postEvent(231, v/c=26073)
04-20 15:41:07.915491   231   267 D SurfaceFlinger: requestNextVsync(1102)
04-20 15:41:07.918576   231   269 D SurfaceFlinger: requestNextVsync(231)
04-20 15:41:07.922856   964   987 V ViewRootImpl: ViewRoot performTraversals and draw- : mResizeBuffer = null, mResizeAlpha = 0, this = ViewRoot{13e9f2e Starting com.android.settings,ident = 21} frame#-999 (cancelDraw = true)
04-20 15:41:07.925386   964   987 V DisplayEventReceiver: call nativeScheduleVsync mReceiverPtr = 548369566784
04-20 15:41:07.925743   231   267 D SurfaceFlinger: requestNextVsync(964)
04-20 15:41:07.926010   231   313 D SurfaceFlinger: requestNextVsync(231)
04-20 15:41:07.927903   231   287 D SurfaceFlinger: postEvent(964, v/c=32238)
04-20 15:41:07.928050   231   287 D SurfaceFlinger: postEvent(1102, v/c=32238)
04-20 15:41:07.928411   231   289 D SurfaceFlinger: postEvent(231, v/c=26074)
04-20 15:41:07.930392   964   987 V DisplayEventReceiver: call nativeScheduleVsync mReceiverPtr = 548369566784
04-20 15:41:07.930705   231  1039 D SurfaceFlinger: requestNextVsync(964)
04-20 15:41:07.931621   231   269 D SurfaceFlinger: requestNextVsync(1102)
04-20 15:41:07.934074   231   313 D SurfaceFlinger: requestNextVsync(231)
04-20 15:41:07.944103   231   287 D SurfaceFlinger: postEvent(964, v/c=32239)
04-20 15:41:07.944103   231   289 D SurfaceFlinger: postEvent(231, v/c=26075)
04-20 15:41:07.944255   231   287 D SurfaceFlinger: postEvent(1102, v/c=32239)
04-20 15:41:07.945692   964   987 V DisplayEventReceiver: call nativeScheduleVsync mReceiverPtr = 548369566784
04-20 15:41:07.946116   231  1738 D SurfaceFlinger: requestNextVsync(964)
04-20 15:41:07.947953   231   267 D SurfaceFlinger: requestNextVsync(1102)
04-20 15:41:07.950702   231  1738 D SurfaceFlinger: requestNextVsync(231)
04-20 15:41:07.960310   231   289 D SurfaceFlinger: postEvent(231, v/c=26076)
04-20 15:41:07.960310   231   287 D SurfaceFlinger: postEvent(964, v/c=32240)
04-20 15:41:07.960452   231   287 D SurfaceFlinger: postEvent(1102, v/c=32240)
04-20 15:41:07.962072   964   987 V DisplayEventReceiver: call nativeScheduleVsync mReceiverPtr = 548369566784
04-20 15:41:07.962525   231  1039 D SurfaceFlinger: requestNextVsync(964)
04-20 15:41:07.964114   231   267 D SurfaceFlinger: requestNextVsync(1102)
04-20 15:41:07.966505   231  1738 D SurfaceFlinger: requestNextVsync(231)
04-20 15:41:07.976572   231   287 D SurfaceFlinger: postEvent(964, v/c=32241)
04-20 15:41:07.976572   231   289 D SurfaceFlinger: postEvent(231, v/c=26077)
04-20 15:41:07.976709   231   287 D SurfaceFlinger: postEvent(1102, v/c=32241)
04-20 15:41:07.978278   964   987 V DisplayEventReceiver: call nativeScheduleVsync mReceiverPtr = 548369566784
04-20 15:41:07.978608   231  1039 D SurfaceFlinger: requestNextVsync(964)
04-20 15:41:07.980390   231   267 D SurfaceFlinger: requestNextVsync(1102)
04-20 15:41:07.982815   231  1738 D SurfaceFlinger: requestNextVsync(231)
04-20 15:41:07.992827   231   287 D SurfaceFlinger: postEvent(964, v/c=32242)
04-20 15:41:07.992826   231   289 D SurfaceFlinger: postEvent(231, v/c=26078)
04-20 15:41:07.992966   231   287 D SurfaceFlinger: postEvent(1102, v/c=32242)
04-20 15:41:07.994495   964   987 V DisplayEventReceiver: call nativeScheduleVsync mReceiverPtr = 548369566784
04-20 15:41:07.994818   231  1039 D SurfaceFlinger: requestNextVsync(964)
04-20 15:41:07.996637   231   267 D SurfaceFlinger: requestNextVsync(1102)
04-20 15:41:07.998999   231  1738 D SurfaceFlinger: requestNextVsync(231)
04-20 15:41:08.002587 12919 12919 I art     : Late-enabling JIT
04-20 15:41:08.009101   231   287 D SurfaceFlinger: postEvent(964, v/c=32243)
04-20 15:41:08.009101   231   289 D SurfaceFlinger: postEvent(231, v/c=26079)
04-20 15:41:08.009255   231   287 D SurfaceFlinger: postEvent(1102, v/c=32243)
04-20 15:41:08.011208   964   987 V DisplayEventReceiver: call nativeScheduleVsync mReceiverPtr = 548369566784
04-20 15:41:08.011643   231  1039 D SurfaceFlinger: requestNextVsync(964)
04-20 15:41:08.012905   231   267 D SurfaceFlinger: requestNextVsync(1102)
04-20 15:41:08.015449   231  1738 D SurfaceFlinger: requestNextVsync(231)
04-20 15:41:08.018405 12919 12919 I art     : JIT created with code_cache_capacity=4MB compile_threshold=1000
04-20 15:41:08.025377   231   287 D SurfaceFlinger: postEvent(964, v/c=32244)
04-20 15:41:08.025378   231   289 D SurfaceFlinger: postEvent(231, v/c=26080)
04-20 15:41:08.025525   231   287 D SurfaceFlinger: postEvent(1102, v/c=32244)
04-20 15:41:08.027085   964   987 V DisplayEventReceiver: call nativeScheduleVsync mReceiverPtr = 548369566784
04-20 15:41:08.027638   231   269 D SurfaceFlinger: requestNextVsync(964)
04-20 15:41:08.029179   231   313 D SurfaceFlinger: requestNextVsync(1102)
04-20 15:41:08.031980   231  1039 D SurfaceFlinger: requestNextVsync(231)
04-20 15:41:08.037735   360   360 I thermal_repeater: select timeout
04-20 15:41:08.041633   231   289 D SurfaceFlinger: postEvent(231, v/c=26081)
04-20 15:41:08.041632   231   287 D SurfaceFlinger: postEvent(964, v/c=32245)
04-20 15:41:08.041796   231   287 D SurfaceFlinger: postEvent(1102, v/c=32245)
04-20 15:41:08.043240   964   987 V DisplayEventReceiver: call nativeScheduleVsync mReceiverPtr = 548369566784
04-20 15:41:08.043840   231   267 D SurfaceFlinger: requestNextVsync(964)
04-20 15:41:08.045417   231  1738 D SurfaceFlinger: requestNextVsync(1102)
04-20 15:41:08.047814   231   267 D SurfaceFlinger: requestNextVsync(231)
04-20 15:41:08.057904   231   289 D SurfaceFlinger: postEvent(231, v/c=26082)
04-20 15:41:08.057905   231   287 D SurfaceFlinger: postEvent(964, v/c=32246)
04-20 15:41:08.058072   231   287 D SurfaceFlinger: postEvent(1102, v/c=32246)
04-20 15:41:08.060540   964   987 V DisplayEventReceiver: call nativeScheduleVsync mReceiverPtr = 548369566784
04-20 15:41:08.060993   231   269 D SurfaceFlinger: requestNextVsync(964)
04-20 15:41:08.061737   231  1738 D SurfaceFlinger: requestNextVsync(1102)
04-20 15:41:08.064088 12919 12919 I art     : Starting a blocking GC Explicit
04-20 15:41:08.064536   231   267 D SurfaceFlinger: requestNextVsync(231)
04-20 15:41:08.074147   231   289 D SurfaceFlinger: postEvent(231, v/c=26083)
04-20 15:41:08.074147   231   287 D SurfaceFlinger: postEvent(964, v/c=32247)
04-20 15:41:08.074316   231   287 D SurfaceFlinger: postEvent(1102, v/c=32247)
04-20 15:41:08.075869   964   987 V DisplayEventReceiver: call nativeScheduleVsync mReceiverPtr = 548369566784
04-20 15:41:08.076214   231   313 D SurfaceFlinger: requestNextVsync(964)
04-20 15:41:08.077937   231  1738 D SurfaceFlinger: requestNextVsync(1102)
04-20 15:41:08.080691   231   267 D SurfaceFlinger: requestNextVsync(231)
04-20 15:41:08.090385   231   287 D SurfaceFlinger: postEvent(964, v/c=32248)
04-20 15:41:08.090384   231   289 D SurfaceFlinger: postEvent(231, v/c=26084)
04-20 15:41:08.090548   231   287 D SurfaceFlinger: postEvent(1102, v/c=32248)
04-20 15:41:08.092184   964   987 V DisplayEventReceiver: call nativeScheduleVsync mReceiverPtr = 548369566784
04-20 15:41:08.092583   231   313 D SurfaceFlinger: requestNextVsync(964)
04-20 15:41:08.094240   231  1738 D SurfaceFlinger: requestNextVsync(1102)
04-20 15:41:08.095917 12919 12919 I art     : Explicit concurrent mark sweep GC freed 11333(550KB) AllocSpace objects, 0(0B) LOS objects, 74% free, 345KB/1369KB, paused 167us total 31.405ms
04-20 15:41:08.096259 12919 12929 I System  : FinalizerDaemon: finalize objects = 1
04-20 15:41:08.097398   231   267 D SurfaceFlinger: requestNextVsync(231)
04-20 15:41:08.106665   231   287 D SurfaceFlinger: postEvent(964, v/c=32249)
04-20 15:41:08.106666   231   289 D SurfaceFlinger: postEvent(231, v/c=26085)
04-20 15:41:08.106827   231   287 D SurfaceFlinger: postEvent(1102, v/c=32249)
04-20 15:41:08.108576   964   987 V DisplayEventReceiver: call nativeScheduleVsync mReceiverPtr = 548369566784
04-20 15:41:08.108942   231   313 D SurfaceFlinger: requestNextVsync(964)
04-20 15:41:08.110461   231  1738 D SurfaceFlinger: requestNextVsync(1102)
04-20 15:41:08.112969   231   267 D SurfaceFlinger: requestNextVsync(231)
04-20 15:41:08.121951   964   976 D InputReader: InputReader:: getSwitchState lock 
04-20 15:41:08.122052   964   976 D InputReader: InputReader::getStateLocked:: return 
04-20 15:41:08.122946   231   289 D SurfaceFlinger: postEvent(231, v/c=26086)
04-20 15:41:08.123134   231   287 D SurfaceFlinger: postEvent(964, v/c=32250)
04-20 15:41:08.123214   231   287 D SurfaceFlinger: postEvent(1102, v/c=32250)
04-20 15:41:08.124699   964   976 I libPerfService: perfSetFavorPid - pid:12919, 3277
04-20 15:41:08.124634   964   987 V DisplayEventReceiver: call nativeScheduleVsync mReceiverPtr = 548369566784
04-20 15:41:08.125775   231   269 D SurfaceFlinger: requestNextVsync(964)
04-20 15:41:08.126489   964   987 V ViewRootImpl: ViewRoot performTraversals+ : mFirst = false, this = ViewRoot{13e9f2e Starting com.android.settings,ident = 21}
04-20 15:41:08.127407   231   267 D SurfaceFlinger: requestNextVsync(1102)
04-20 15:41:08.129978   231   269 D SurfaceFlinger: requestNextVsync(231)
04-20 15:41:08.130230   231   231 I BufferQueue: [unnamed-231-222](this:0x7f76ccfc00,id:222,api:0,p:-1,c:-1) BufferQueue core=(231:/system/bin/surfaceflinger)
04-20 15:41:08.130492   231   231 D BufferQueueDump: [unnamed-231-222] this:0x7f7cde9b80, value:0x7fcddd658c, iLen:6
04-20 15:41:08.130722   231   231 I BufferQueueConsumer: [unnamed-231-222](this:0x7f76ccfc00,id:222,api:0,p:-1,c:231) connect(C): consumer=(231:/system/bin/surfaceflinger) controlledByApp=false
04-20 15:41:08.130785   231   231 D BufferQueueDump: [unnamed-231-222] this:0x7f7cde9b80, value:0x7fcddd65ac, iLen:6
04-20 15:41:08.130842   231   231 I BufferQueueConsumer: [unnamed-231-222](this:0x7f76ccfc00,id:222,api:0,p:-1,c:231) setConsumerName: unnamed-231-222
04-20 15:41:08.130898   231   231 D BufferQueueDump: [Starting com.android.settings] this:0x7f7cde9b80, value:0x7fcddd661c, iLen:6
04-20 15:41:08.130951   231   231 I BufferQueueConsumer: [Starting com.android.settings](this:0x7f76ccfc00,id:222,api:0,p:-1,c:231) setConsumerName: Starting com.android.settings
04-20 15:41:08.131016   231   231 I BufferQueueConsumer: [Starting com.android.settings](this:0x7f76ccfc00,id:222,api:0,p:-1,c:231) setDefaultBufferSize: width=768 height=1366
04-20 15:41:08.131088   231   231 D SurfaceFlinger: requestNextVsync(231)
04-20 15:41:08.132165   231   231 D SurfaceFlinger: requestNextVsync(231)
04-20 15:41:08.132330   231   231 D SurfaceFlinger: requestNextVsync(231)
04-20 15:41:08.133469   231   313 D SurfaceFlinger: requestNextVsync(231)
04-20 15:41:08.139136   231   287 D SurfaceFlinger: postEvent(964, v/c=32251)
04-20 15:41:08.139257   231   287 D SurfaceFlinger: postEvent(1102, v/c=32251)
04-20 15:41:08.139472   231   289 D SurfaceFlinger: postEvent(231, v/c=26087)
04-20 15:41:08.141578   964   987 D Surface : Surface::connect(this=0x7f96012800,api=2)
04-20 15:41:08.142234   231   269 I BufferQueueProducer: [Starting com.android.settings](this:0x7f76ccfc00,id:222,api:2,p:964,c:231) connect(P): api=2 producer=(964:system_server) producerControlledByApp=false
04-20 15:41:08.142956   231   267 I BufferQueueProducer: [Starting com.android.settings](this:0x7f76ccfc00,id:222,api:2,p:964,c:231) new GraphicBuffer needed
04-20 15:41:08.143183   231  1738 D SurfaceFlinger: requestNextVsync(1102)
04-20 15:41:08.146179   231  1738 D SurfaceFlinger: requestNextVsync(231)
04-20 15:41:08.148903   231   267 I [MALI][Gralloc]: [+]hnd(0x7f7cdde180), client(27), share_fd(58), hnd->flags:4
04-20 15:41:08.149021   231   267 D GraphicBuffer: alloc, handle(0x7f7cdde180) (w:768 h:1366 s:768 f:0x1 u:0x000933) err(0)
04-20 15:41:08.151237   964   987 I [MALI][Gralloc]: [+]r_hnd(0x7f99d498c0), client(102), share_fd(185)
04-20 15:41:08.151413   964   987 D GraphicBuffer: register, handle(0x7f99d498c0) (w:768 h:1366 s:768 f:0x1 u:0x000933)
04-20 15:41:08.155728   231   289 D SurfaceFlinger: postEvent(231, v/c=26088)
04-20 15:41:08.155728   231   287 D SurfaceFlinger: postEvent(1102, v/c=32252)
04-20 15:41:08.158395   231   313 D SurfaceFlinger: requestNextVsync(231)
04-20 15:41:08.159201   231  1039 D SurfaceFlinger: requestNextVsync(1102)
04-20 15:41:08.159791   964   987 V ViewRootImpl: ViewRoot performTraversals and draw- : mResizeBuffer = null, mResizeAlpha = 0, this = ViewRoot{13e9f2e Starting com.android.settings,ident = 21} frame#-999 (cancelDraw = false)
04-20 15:41:08.162006   231   267 D SurfaceFlinger: requestNextVsync(231)
04-20 15:41:08.162305   964   987 V DisplayEventReceiver: call nativeScheduleVsync mReceiverPtr = 548369566784
04-20 15:41:08.162621   231   269 D SurfaceFlinger: requestNextVsync(964)
04-20 15:41:08.163750   231   267 D SurfaceFlinger: requestNextVsync(231)
04-20 15:41:08.164367   964   987 V ViewRootImpl: ViewRoot performTraversals+ : mFirst = false, this = ViewRoot{13e9f2e Starting com.android.settings,ident = 21}
04-20 15:41:08.165529   964   987 V ViewRootImpl: ViewRoot performTraversals and draw- : mResizeBuffer = null, mResizeAlpha = 0, this = ViewRoot{13e9f2e Starting com.android.settings,ident = 21} frame#-999 (cancelDraw = false)
04-20 15:41:08.171659   231   287 D SurfaceFlinger: postEvent(964, v/c=32253)
04-20 15:41:08.171665   231   289 D SurfaceFlinger: postEvent(231, v/c=26089)
04-20 15:41:08.171807   231   287 D SurfaceFlinger: postEvent(1102, v/c=32253)
04-20 15:41:08.174522 12140 12140 V DisplayEventReceiver: call nativeScheduleVsync mReceiverPtr = 548118246464
04-20 15:41:08.175003   231  1738 D SurfaceFlinger: requestNextVsync(12140)
04-20 15:41:08.175451   231   313 D SurfaceFlinger: requestNextVsync(1102)
04-20 15:41:08.178340   231   267 D SurfaceFlinger: requestNextVsync(231)
04-20 15:41:08.186380  1102  1102 D PhoneStatusBar: setSystemUiVisibility vis=8600 mask=ffffffff oldVal=0 newVal=8600 diff=8600
04-20 15:41:08.186693  1102  1102 V DisplayEventReceiver: call nativeScheduleVsync mReceiverPtr = 548106581952
04-20 15:41:08.187029   231  1738 D SurfaceFlinger: requestNextVsync(1102)
04-20 15:41:08.187462   231  1738 D SurfaceFlinger: requestNextVsync(231)
04-20 15:41:08.187920   231   287 D SurfaceFlinger: postEvent(12140, v/c=32254)
04-20 15:41:08.188057   231   287 D SurfaceFlinger: postEvent(1102, v/c=32254)
04-20 15:41:08.188141   231   287 D SurfaceFlinger: postEvent(1102, v/c=32254)
04-20 15:41:08.188252   231   289 D SurfaceFlinger: postEvent(231, v/c=26090)
04-20 15:41:08.188905 12140 12140 V ViewRootImpl: ViewRoot performTraversals+ : mFirst = false, this = ViewRoot{fde04bd com.mediatek.mtklogger/com.mediatek.mtklogger.MainActivity,ident = 3}
04-20 15:41:08.190873 12140 12446 D OpenGLRenderer: Flushing caches (mode 0)
04-20 15:41:08.191215 12140 12446 D Surface : Surface::disconnect(this=0x7fad52e000,api=1)
04-20 15:41:08.191812   231   267 I BufferQueueProducer: [com.mediatek.mtklogger/com.mediatek.mtklogger.MainActivity](this:0x7f76cd6000,id:218,api:1,p:-1,c:231) disconnect(P): api 1
04-20 15:41:08.191912  1102  1102 D PhoneStatusBar: hiding the MENU button
04-20 15:41:08.192201   231   313 D SurfaceFlinger: requestNextVsync(1102)
04-20 15:41:08.192323  1102  1102 V DisplayEventReceiver: call nativeScheduleVsync mReceiverPtr = 548106581952
04-20 15:41:08.192378   231   267 I BufferQueueConsumer: [com.mediatek.mtklogger/com.mediatek.mtklogger.MainActivity](this:0x7f76cd6000,id:218,api:1,p:-1,c:231) getReleasedBuffers: returning mask 0xffffffffffffffff
04-20 15:41:08.192640   231   267 D GraphicBuffer: free, handle(0x7f7cddea40) (w:1306 h:768 s:1312 f:0x1 u:0x000b00)
04-20 15:41:08.192598   231  1738 D SurfaceFlinger: requestNextVsync(1102)
04-20 15:41:08.192587  1102  1102 V ViewRootImpl: ViewRoot performTraversals+ : mFirst = false, this = ViewRoot{9bd9b3e StatusBar,ident = 0}
04-20 15:41:08.192882   231   267 I [MALI][Gralloc]: [-]hnd(0x7f7cddea40), client(27), share_fd(30)
04-20 15:41:08.193160   231   267 D GraphicBuffer: free, handle(0x7f7c8c9c80) (w:1306 h:768 s:1312 f:0x1 u:0x000b00)
04-20 15:41:08.193354 12919 12919 W System  : ClassLoader referenced unknown path: /system/priv-app/Settings/lib/arm64
04-20 15:41:08.193379   231   267 I [MALI][Gralloc]: [-]hnd(0x7f7c8c9c80), client(27), share_fd(50)
04-20 15:41:08.193626   231   267 D GraphicBuffer: free, handle(0x7f7c8c9dc0) (w:1306 h:768 s:1312 f:0x1 u:0x000b00)
04-20 15:41:08.193774   231   267 I [MALI][Gralloc]: [-]hnd(0x7f7c8c9dc0), client(27), share_fd(67)
04-20 15:41:08.194849 12140 12446 D GraphicBuffer: unregister, handle(0x7fad5749e0) (w:1306 h:768 s:1312 f:0x1 u:0x000b00)
04-20 15:41:08.196367 12140 12446 I [MALI][Gralloc]: [-]r_hnd(0x7fad5749e0), client(51), share_fd(69)
04-20 15:41:08.196989 12140 12446 D GraphicBuffer: unregister, handle(0x7fad575660) (w:1306 h:768 s:1312 f:0x1 u:0x000b00)
04-20 15:41:08.197718   964   987 V DisplayEventReceiver: call nativeScheduleVsync mReceiverPtr = 548369566784
04-20 15:41:08.198529   231   313 D SurfaceFlinger: requestNextVsync(964)
04-20 15:41:08.198617   231   267 D SurfaceFlinger: requestNextVsync(231)
04-20 15:41:08.198634 12140 12446 I [MALI][Gralloc]: [-]r_hnd(0x7fad575660), client(51), share_fd(63)
04-20 15:41:08.198956 12140 12446 D GraphicBuffer: unregister, handle(0x7fad573180) (w:1306 h:768 s:1312 f:0x1 u:0x000b00)
04-20 15:41:08.201038 12140 12446 I [MALI][Gralloc]: [-]r_hnd(0x7fad573180), client(51), share_fd(61)
04-20 15:41:08.201550 12140 12446 D GraphicBuffer: unregister, handle(0x7fad574940) (w:1306 h:768 s:1312 f:0x1 u:0x000b00)
04-20 15:41:08.203329 12140 12446 I [MALI][Gralloc]: [-]r_hnd(0x7fad574940), client(51), share_fd(64)
04-20 15:41:08.203477 12140 12446 D Surface : Surface::disconnect(this=0x7fad52e000,api=1)
04-20 15:41:08.203771   231   269 I BufferQueueProducer: [com.mediatek.mtklogger/com.mediatek.mtklogger.MainActivity](this:0x7f76cd6000,id:218,api:1,p:-1,c:231) disconnect(P): api 1
04-20 15:41:08.204200   231   287 D SurfaceFlinger: postEvent(964, v/c=32255)
04-20 15:41:08.204285   231   287 D SurfaceFlinger: postEvent(1102, v/c=32255)
04-20 15:41:08.204353   231   287 D SurfaceFlinger: postEvent(1102, v/c=32255)
04-20 15:41:08.204459   231   289 D SurfaceFlinger: postEvent(231, v/c=26091)
04-20 15:41:08.205415   231   267 D SurfaceFlinger: requestNextVsync(231)
04-20 15:41:08.205552   231   267 I BufferQueueProducer: [StatusBar](this:0x7f79f0bc00,id:7,api:1,p:1102,c:231) queueBuffer: fps=0.20 dur=4924.21 max=4924.21 min=4924.21
04-20 15:41:08.195602  1102  1102 V ViewRootImpl: ViewRoot performTraversals and draw- : mResizeBuffer = null, mResizeAlpha = 0, this = ViewRoot{9bd9b3e StatusBar,ident = 0} frame#6272 (cancelDraw = false)
04-20 15:41:08.207767  1102  1102 V ViewRootImpl: ViewRoot performTraversals+ : mFirst = false, this = ViewRoot{78da969 NavigationBar,ident = 2}
04-20 15:41:08.208872   231  1039 D SurfaceFlinger: requestNextVsync(1102)
04-20 15:41:08.208872   231   231 I BufferQueueProducer: [FrameBufferSurface_0](this:0x7f7c90e000,id:0,api:1,p:231,c:231) queueBuffer: fps=2.14 dur=6073.89 max=5854.22 min=10.46
04-20 15:41:08.209561   964   987 V DisplayEventReceiver: call nativeScheduleVsync mReceiverPtr = 548369566784
04-20 15:41:08.210275   231   267 D SurfaceFlinger: requestNextVsync(964)
04-20 15:41:08.210666   231  1738 D SurfaceFlinger: requestNextVsync(231)
04-20 15:41:08.213124 12140 12446 D OpenGLRenderer: Flushing caches (mode 0)
04-20 15:41:08.213313   231  1039 D SurfaceFlinger: requestNextVsync(231)
04-20 15:41:08.215755  1102  1102 V ViewRootImpl: ViewRoot performTraversals and draw- : mResizeBuffer = null, mResizeAlpha = 0, this = ViewRoot{78da969 NavigationBar,ident = 2} frame#374 (cancelDraw = false)
04-20 15:41:08.216505  1102  1102 V DisplayEventReceiver: call nativeScheduleVsync mReceiverPtr = 548106581952
04-20 15:41:08.216880   231   313 D SurfaceFlinger: requestNextVsync(1102)
04-20 15:41:08.216900  1102  1102 V ViewRootImpl: ViewRoot performTraversals+ : mFirst = false, this = ViewRoot{9bd9b3e StatusBar,ident = 0}
04-20 15:41:08.217861   231  1738 D SurfaceFlinger: requestNextVsync(231)
04-20 15:41:08.220433   231   289 D SurfaceFlinger: postEvent(231, v/c=26092)
04-20 15:41:08.220433   231   287 D SurfaceFlinger: postEvent(964, v/c=32256)
04-20 15:41:08.220806   231   287 D SurfaceFlinger: postEvent(1102, v/c=32256)
04-20 15:41:08.220873   231   287 D SurfaceFlinger: postEvent(1102, v/c=32256)
04-20 15:41:08.222585  1102  1102 V ViewRootImpl: ViewRoot performTraversals and draw- : mResizeBuffer = null, mResizeAlpha = 0, this = ViewRoot{9bd9b3e StatusBar,ident = 0} frame#6273 (cancelDraw = false)
04-20 15:41:08.222754  1102  1102 V ViewRootImpl: ViewRoot performTraversals+ : mFirst = false, this = ViewRoot{78da969 NavigationBar,ident = 2}
04-20 15:41:08.222793   231   231 D SurfaceFlinger: requestNextVsync(231)
04-20 15:41:08.223037   231   231 D SurfaceFlinger: requestNextVsync(231)
04-20 15:41:08.229591 12140 12140 V ViewRootImpl: ViewRoot performTraversals and draw- : mResizeBuffer = null, mResizeAlpha = 0, this = ViewRoot{fde04bd com.mediatek.mtklogger/com.mediatek.mtklogger.MainActivity,ident = 3} frame#-999 (cancelDraw = true)
04-20 15:41:08.230716   964   987 V DisplayEventReceiver: call nativeScheduleVsync mReceiverPtr = 548369566784
04-20 15:41:08.231493   231   313 D SurfaceFlinger: requestNextVsync(964)
04-20 15:41:08.231868   231  1738 D SurfaceFlinger: requestNextVsync(231)
04-20 15:41:08.232403   231  1738 D SurfaceFlinger: requestNextVsync(231)
04-20 15:41:08.233881  1102  1102 V ViewRootImpl: ViewRoot performTraversals and draw- : mResizeBuffer = null, mResizeAlpha = 0, this = ViewRoot{78da969 NavigationBar,ident = 2} frame#375 (cancelDraw = false)
04-20 15:41:08.234609  1102  1102 V PhoneStatusBarPolicy: updateManagedProfile: mManagedProfileFocused: false mKeyguardVisible: false
04-20 15:41:08.235299  1102  1102 V DisplayEventReceiver: call nativeScheduleVsync mReceiverPtr = 548106581952
04-20 15:41:08.235693   231   267 D SurfaceFlinger: requestNextVsync(1102)
04-20 15:41:08.236177  1102  1102 V ViewRootImpl: ViewRoot performTraversals+ : mFirst = false, this = ViewRoot{9bd9b3e StatusBar,ident = 0}
04-20 15:41:08.236709   231   289 D SurfaceFlinger: postEvent(231, v/c=26093)
04-20 15:41:08.236709   231   287 D SurfaceFlinger: postEvent(964, v/c=32257)
04-20 15:41:08.237012   231   287 D SurfaceFlinger: postEvent(1102, v/c=32257)
04-20 15:41:08.239077   231  1738 D SurfaceFlinger: requestNextVsync(231)
04-20 15:41:08.239735   231   231 D SurfaceFlinger: requestNextVsync(231)
04-20 15:41:08.239864   231   231 D SurfaceFlinger: requestNextVsync(231)
04-20 15:41:08.240055   964   987 V DisplayEventReceiver: call nativeScheduleVsync mReceiverPtr = 548369566784
04-20 15:41:08.240629   231   269 D SurfaceFlinger: requestNextVsync(964)
04-20 15:41:08.241109  1102  1102 V ViewRootImpl: ViewRoot performTraversals and draw- : mResizeBuffer = null, mResizeAlpha = 0, this = ViewRoot{9bd9b3e StatusBar,ident = 0} frame#6274 (cancelDraw = false)
04-20 15:41:08.241253   231   313 D SurfaceFlinger: requestNextVsync(231)
04-20 15:41:08.241974  1102  1102 V ViewRootImpl: ViewRoot performTraversals+ : mFirst = false, this = ViewRoot{78da969 NavigationBar,ident = 2}
04-20 15:41:08.244035   231  1039 D SurfaceFlinger: requestNextVsync(231)
04-20 15:41:08.245244  1102  1102 V ViewRootImpl: ViewRoot performTraversals and draw- : mResizeBuffer = null, mResizeAlpha = 0, this = ViewRoot{78da969 NavigationBar,ident = 2} frame#376 (cancelDraw = false)
04-20 15:41:08.247120  1102  1102 V DisplayEventReceiver: call nativeScheduleVsync mReceiverPtr = 548106581952
04-20 15:41:08.247785  1102  1102 V ViewRootImpl: ViewRoot performTraversals+ : mFirst = false, this = ViewRoot{9bd9b3e StatusBar,ident = 0}
04-20 15:41:08.247846   231   269 D SurfaceFlinger: requestNextVsync(1102)
04-20 15:41:08.250507   231   313 D SurfaceFlinger: requestNextVsync(231)
04-20 15:41:08.251662  1102  1102 V ViewRootImpl: ViewRoot performTraversals and draw- : mResizeBuffer = null, mResizeAlpha = 0, this = ViewRoot{9bd9b3e StatusBar,ident = 0} frame#6275 (cancelDraw = false)
04-20 15:41:08.251862  1102  1102 V ViewRootImpl: ViewRoot performTraversals+ : mFirst = false, this = ViewRoot{78da969 NavigationBar,ident = 2}
04-20 15:41:08.253086   231   287 D SurfaceFlinger: postEvent(964, v/c=32258)
04-20 15:41:08.253087   231   289 D SurfaceFlinger: postEvent(231, v/c=26094)
04-20 15:41:08.253228   231   287 D SurfaceFlinger: postEvent(1102, v/c=32258)
04-20 15:41:08.255386   231   231 D SurfaceFlinger: requestNextVsync(231)
04-20 15:41:08.255580   231   231 D SurfaceFlinger: requestNextVsync(231)
04-20 15:41:08.257114   964   987 V DisplayEventReceiver: call nativeScheduleVsync mReceiverPtr = 548369566784
04-20 15:41:08.258018   231   269 D SurfaceFlinger: requestNextVsync(231)
04-20 15:41:08.258212   231   267 D SurfaceFlinger: requestNextVsync(231)
04-20 15:41:08.258682   231  1738 D SurfaceFlinger: requestNextVsync(964)
04-20 15:41:08.261477  1102  1102 V ViewRootImpl: ViewRoot performTraversals and draw- : mResizeBuffer = null, mResizeAlpha = 0, this = ViewRoot{78da969 NavigationBar,ident = 2} frame#377 (cancelDraw = false)
04-20 15:41:08.262736  1102  1102 V DisplayEventReceiver: call nativeScheduleVsync mReceiverPtr = 548106581952
04-20 15:41:08.263369   231   313 D SurfaceFlinger: requestNextVsync(1102)
04-20 15:41:08.263819  1102  1102 V ViewRootImpl: ViewRoot performTraversals+ : mFirst = false, this = ViewRoot{9bd9b3e StatusBar,ident = 0}
04-20 15:41:08.265092 12919 12919 D SQLiteDatabase: Open database
04-20 15:41:08.265092 12919 12919 D SQLiteDatabase: java.lang.Throwable: stacktrace
04-20 15:41:08.265092 12919 12919 D SQLiteDatabase: 	at android.database.sqlite.SQLiteDatabase.open(SQLiteDatabase.java:815)
04-20 15:41:08.265092 12919 12919 D SQLiteDatabase: 	at android.database.sqlite.SQLiteDatabase.openDatabase(SQLiteDatabase.java:714)
04-20 15:41:08.265092 12919 12919 D SQLiteDatabase: 	at android.app.ContextImpl.openOrCreateDatabase(ContextImpl.java:576)
04-20 15:41:08.265092 12919 12919 D SQLiteDatabase: 	at android.content.ContextWrapper.openOrCreateDatabase(ContextWrapper.java:269)
04-20 15:41:08.265092 12919 12919 D SQLiteDatabase: 	at android.database.sqlite.SQLiteOpenHelper.getDatabaseLocked(SQLiteOpenHelper.java:223)
04-20 15:41:08.265092 12919 12919 D SQLiteDatabase: 	at android.database.sqlite.SQLiteOpenHelper.getWritableDatabase(SQLiteOpenHelper.java:163)
04-20 15:41:08.265092 12919 12919 D SQLiteDatabase: 	at com.mediatek.beam.BeamShareProvider.onCreate(BeamShareProvider.java:113)
04-20 15:41:08.265092 12919 12919 D SQLiteDatabase: 	at android.content.ContentProvider.attachInfo(ContentProvider.java:1801)
04-20 15:41:08.265092 12919 12919 D SQLiteDatabase: 	at android.content.ContentProvider.attachInfo(ContentProvider.java:1776)
04-20 15:41:08.265092 12919 12919 D SQLiteDatabase: 	at android.app.ActivityThread.installProvider(ActivityThread.java:5427)
04-20 15:41:08.265092 12919 12919 D SQLiteDatabase: 	at android.app.ActivityThread.installContentProviders(ActivityThread.java:5000)
04-20 15:41:08.265092 12919 12919 D SQLiteDatabase: 	at android.app.ActivityThread.handleBindApplication(ActivityThread.java:4940)
04-20 15:41:08.265092 12919 12919 D SQLiteDatabase: 	at android.app.ActivityThread.-wrap1(ActivityThread.java)
04-20 15:41:08.265092 12919 12919 D SQLiteDatabase: 	at android.app.ActivityThread$H.handleMessage(ActivityThread.java:1549)
04-20 15:41:08.265092 12919 12919 D SQLiteDatabase: 	at android.os.Handler.dispatchMessage(Handler.java:111)
04-20 15:41:08.265092 12919 12919 D SQLiteDatabase: 	at android.os.Looper.loop(Looper.java:207)
04-20 15:41:08.265092 12919 12919 D SQLiteDatabase: 	at android.app.ActivityThread.main(ActivityThread.java:5728)
04-20 15:41:08.265092 12919 12919 D SQLiteDatabase: 	at java.lang.reflect.Method.invoke(Native Method)
04-20 15:41:08.265092 12919 12919 D SQLiteDatabase: 	at com.android.internal.os.ZygoteInit$MethodAndArgsCaller.run(ZygoteInit.java:789)
04-20 15:41:08.265092 12919 12919 D SQLiteDatabase: 	at com.android.internal.os.ZygoteInit.main(ZygoteInit.java:679)
04-20 15:41:08.265273   231  1039 D SurfaceFlinger: requestNextVsync(231)
04-20 15:41:08.266429  1102  1102 V ViewRootImpl: ViewRoot performTraversals and draw- : mResizeBuffer = null, mResizeAlpha = 0, this = ViewRoot{9bd9b3e StatusBar,ident = 0} frame#6276 (cancelDraw = false)
04-20 15:41:08.266739  1102  1102 V ViewRootImpl: ViewRoot performTraversals+ : mFirst = false, this = ViewRoot{78da969 NavigationBar,ident = 2}
04-20 15:41:08.269217   231   287 D SurfaceFlinger: postEvent(964, v/c=32259)
04-20 15:41:08.269702   231   287 D SurfaceFlinger: postEvent(1102, v/c=32259)
04-20 15:41:08.269849   231   289 D SurfaceFlinger: postEvent(231, v/c=26095)
04-20 15:41:08.271380 12919 12919 V SQLiteStatements: /data/user/0/com.android.settings/databases/share.db: "PRAGMA page_size"
04-20 15:41:08.271780   231   231 D SurfaceFlinger: requestNextVsync(231)
04-20 15:41:08.271917   231   231 D SurfaceFlinger: requestNextVsync(231)
04-20 15:41:08.271941 12919 12919 V SQLiteStatements: /data/user/0/com.android.settings/databases/share.db: "PRAGMA foreign_keys"
04-20 15:41:08.272046   231   269 D SurfaceFlinger: requestNextVsync(231)
04-20 15:41:08.273760   964   987 V DisplayEventReceiver: call nativeScheduleVsync mReceiverPtr = 548369566784
04-20 15:41:08.274442  1102  1102 V ViewRootImpl: ViewRoot performTraversals and draw- : mResizeBuffer = null, mResizeAlpha = 0, this = ViewRoot{78da969 NavigationBar,ident = 2} frame#378 (cancelDraw = false)
04-20 15:41:08.274778 12919 12919 V SQLiteStatements: /data/user/0/com.android.settings/databases/share.db: "PRAGMA journal_mode"
04-20 15:41:08.275234   231   267 D SurfaceFlinger: requestNextVsync(964)
04-20 15:41:08.275411 12919 12919 V SQLiteStatements: /data/user/0/com.android.settings/databases/share.db: "PRAGMA journal_mode=PERSIST"
04-20 15:41:08.276009   231   267 D SurfaceFlinger: requestNextVsync(231)
04-20 15:41:08.276258 12919 12919 V SQLiteStatements: /data/user/0/com.android.settings/databases/share.db: "PRAGMA synchronous"
04-20 15:41:08.275955  1102  1102 V DisplayEventReceiver: call nativeScheduleVsync mReceiverPtr = 548106581952
04-20 15:41:08.277400 12919 12919 V SQLiteStatements: /data/user/0/com.android.settings/databases/share.db: "PRAGMA journal_size_limit"
04-20 15:41:08.278573 12919 12919 V SQLiteStatements: /data/user/0/com.android.settings/databases/share.db: "PRAGMA journal_size_limit=524288"
04-20 15:41:08.278666   231  1738 D SurfaceFlinger: requestNextVsync(1102)
04-20 15:41:08.278729  1102  1102 V ViewRootImpl: ViewRoot performTraversals+ : mFirst = false, this = ViewRoot{9bd9b3e StatusBar,ident = 0}
04-20 15:41:08.279982 12919 12919 V SQLiteStatements: /data/user/0/com.android.settings/databases/share.db: "PRAGMA wal_autocheckpoint"
04-20 15:41:08.280660   231   313 D SurfaceFlinger: requestNextVsync(231)
04-20 15:41:08.280947 12919 12919 V SQLiteStatements: /data/user/0/com.android.settings/databases/share.db: "PRAGMA wal_autocheckpoint=100"
04-20 15:41:08.281739  1102  1102 V ViewRootImpl: ViewRoot performTraversals and draw- : mResizeBuffer = null, mResizeAlpha = 0, this = ViewRoot{9bd9b3e StatusBar,ident = 0} frame#6277 (cancelDraw = false)
04-20 15:41:08.281998  1102  1102 V ViewRootImpl: ViewRoot performTraversals+ : mFirst = false, this = ViewRoot{78da969 NavigationBar,ident = 2}
04-20 15:41:08.282216 12919 12919 V SQLiteStatements: /data/user/0/com.android.settings/databases/share.db: "CREATE TABLE IF NOT EXISTS android_metadata (locale TEXT)"
04-20 15:41:08.283285 12919 12919 V SQLiteTime: /data/user/0/com.android.settings/databases/share.db: "CREATE TABLE IF NOT EXISTS android_metadata (locale TEXT)" took 1.000 ms
04-20 15:41:08.284242 12919 12919 V SQLiteStatements: /data/user/0/com.android.settings/databases/share.db: "SELECT locale FROM android_metadata UNION SELECT NULL ORDER BY locale DESC LIMIT 1"
04-20 15:41:08.285668   231   289 D SurfaceFlinger: postEvent(231, v/c=26096)
04-20 15:41:08.286107   231   287 D SurfaceFlinger: postEvent(964, v/c=32260)
04-20 15:41:08.286218   231   287 D SurfaceFlinger: postEvent(1102, v/c=32260)
04-20 15:41:08.287651 12919 12919 V SQLiteStatements: /data/user/0/com.android.settings/databases/share.db: "PRAGMA user_version;"
04-20 15:41:08.288285   231   269 D SurfaceFlinger: requestNextVsync(231)
04-20 15:41:08.288435   231   231 D SurfaceFlinger: requestNextVsync(231)
04-20 15:41:08.288566   231   231 D SurfaceFlinger: requestNextVsync(231)
04-20 15:41:08.288765   964   987 V DisplayEventReceiver: call nativeScheduleVsync mReceiverPtr = 548369566784
04-20 15:41:08.290677   231   313 D SurfaceFlinger: requestNextVsync(964)
04-20 15:41:08.291908   231  1039 D SurfaceFlinger: requestNextVsync(231)
04-20 15:41:08.292997  1102  1102 V ViewRootImpl: ViewRoot performTraversals and draw- : mResizeBuffer = null, mResizeAlpha = 0, this = ViewRoot{78da969 NavigationBar,ident = 2} frame#379 (cancelDraw = false)
04-20 15:41:08.295404  1102  1102 V DisplayEventReceiver: call nativeScheduleVsync mReceiverPtr = 548106581952
04-20 15:41:08.296257   231   313 D SurfaceFlinger: requestNextVsync(1102)
04-20 15:41:08.296928  1102  1102 V ViewRootImpl: ViewRoot performTraversals+ : mFirst = false, this = ViewRoot{9bd9b3e StatusBar,ident = 0}
04-20 15:41:08.299088   231  1738 D SurfaceFlinger: requestNextVsync(231)
04-20 15:41:08.300712  1102  1102 V ViewRootImpl: ViewRoot performTraversals and draw- : mResizeBuffer = null, mResizeAlpha = 0, this = ViewRoot{9bd9b3e StatusBar,ident = 0} frame#6278 (cancelDraw = false)
04-20 15:41:08.300893  1102  1102 V ViewRootImpl: ViewRoot performTraversals+ : mFirst = false, this = ViewRoot{78da969 NavigationBar,ident = 2}
04-20 15:41:08.301781   231   289 D SurfaceFlinger: postEvent(231, v/c=26097)
04-20 15:41:08.301826   231   287 D SurfaceFlinger: postEvent(964, v/c=32261)
04-20 15:41:08.301920   231   287 D SurfaceFlinger: postEvent(1102, v/c=32261)
04-20 15:41:08.303573   231   231 D SurfaceFlinger: requestNextVsync(231)
04-20 15:41:08.303716   231   231 D SurfaceFlinger: requestNextVsync(231)
04-20 15:41:08.304038   964   987 V DisplayEventReceiver: call nativeScheduleVsync mReceiverPtr = 548369566784
04-20 15:41:08.304410   231  1039 D SurfaceFlinger: requestNextVsync(964)
04-20 15:41:08.305509   231  1039 D SurfaceFlinger: requestNextVsync(231)
04-20 15:41:08.306568   231   313 D SurfaceFlinger: requestNextVsync(231)
04-20 15:41:08.308073  1102  1102 V ViewRootImpl: ViewRoot performTraversals and draw- : mResizeBuffer = null, mResizeAlpha = 0, this = ViewRoot{78da969 NavigationBar,ident = 2} frame#380 (cancelDraw = false)
04-20 15:41:08.310733  1102  1102 V DisplayEventReceiver: call nativeScheduleVsync mReceiverPtr = 548106581952
04-20 15:41:08.311300  1102  1102 V ViewRootImpl: ViewRoot performTraversals+ : mFirst = false, this = ViewRoot{9bd9b3e StatusBar,ident = 0}
04-20 15:41:08.311365   231   269 D SurfaceFlinger: requestNextVsync(1102)
04-20 15:41:08.311839   231  1039 D SurfaceFlinger: requestNextVsync(231)
04-20 15:41:08.313018  1102  1102 V ViewRootImpl: ViewRoot performTraversals and draw- : mResizeBuffer = null, mResizeAlpha = 0, this = ViewRoot{9bd9b3e StatusBar,ident = 0} frame#6279 (cancelDraw = false)
04-20 15:41:08.313267  1102  1102 V ViewRootImpl: ViewRoot performTraversals+ : mFirst = false, this = ViewRoot{78da969 NavigationBar,ident = 2}
04-20 15:41:08.317928   231   287 D SurfaceFlinger: postEvent(964, v/c=32262)
04-20 15:41:08.318070   231   287 D SurfaceFlinger: postEvent(1102, v/c=32262)
04-20 15:41:08.318142   231   289 D SurfaceFlinger: postEvent(231, v/c=26098)
04-20 15:41:08.319259   231  1738 D SurfaceFlinger: requestNextVsync(231)
04-20 15:41:08.320113   231   231 D SurfaceFlinger: requestNextVsync(231)
04-20 15:41:08.320293   231   231 D SurfaceFlinger: requestNextVsync(231)
04-20 15:41:08.322092   964   987 V DisplayEventReceiver: call nativeScheduleVsync mReceiverPtr = 548369566784
04-20 15:41:08.322602   231  1039 D SurfaceFlinger: requestNextVsync(964)
04-20 15:41:08.322937   231   313 D SurfaceFlinger: requestNextVsync(231)
04-20 15:41:08.323056  1102  1102 V ViewRootImpl: ViewRoot performTraversals and draw- : mResizeBuffer = null, mResizeAlpha = 0, this = ViewRoot{78da969 NavigationBar,ident = 2} frame#381 (cancelDraw = false)
04-20 15:41:08.323827   231   231 I SurfaceFlinger: [Built-in Screen (type:0)] fps:38.781155,dur:1005.64,max:377.38,min:5.66
04-20 15:41:08.325105   231  1738 D SurfaceFlinger: requestNextVsync(231)
04-20 15:41:08.326383  1102  1102 V DisplayEventReceiver: call nativeScheduleVsync mReceiverPtr = 548106581952
04-20 15:41:08.326922   231   267 D SurfaceFlinger: requestNextVsync(1102)
04-20 15:41:08.327011  1102  1102 V ViewRootImpl: ViewRoot performTraversals+ : mFirst = false, this = ViewRoot{9bd9b3e StatusBar,ident = 0}
04-20 15:41:08.328641  1102  1102 V ViewRootImpl: ViewRoot performTraversals and draw- : mResizeBuffer = null, mResizeAlpha = 0, this = ViewRoot{9bd9b3e StatusBar,ident = 0} frame#6280 (cancelDraw = false)
04-20 15:41:08.328906  1102  1102 V ViewRootImpl: ViewRoot performTraversals+ : mFirst = false, this = ViewRoot{78da969 NavigationBar,ident = 2}
04-20 15:41:08.333552   231  1039 D SurfaceFlinger: requestNextVsync(231)
04-20 15:41:08.334370   231   289 D SurfaceFlinger: postEvent(231, v/c=26099)
04-20 15:41:08.334501   231   287 D SurfaceFlinger: postEvent(964, v/c=32263)
04-20 15:41:08.334570   231  1738 D SurfaceFlinger: requestNextVsync(1102)
04-20 15:41:08.334596   231   287 D SurfaceFlinger: postEvent(1102, v/c=32263)
04-20 15:41:08.335395   231   231 D SurfaceFlinger: requestNextVsync(231)
04-20 15:41:08.334973  1102  1102 V ViewRootImpl: ViewRoot performTraversals and draw- : mResizeBuffer = null, mResizeAlpha = 0, this = ViewRoot{78da969 NavigationBar,ident = 2} frame#382 (cancelDraw = false)
04-20 15:41:08.336202   231   231 D SurfaceFlinger: requestNextVsync(231)
04-20 15:41:08.336341   231   231 D SurfaceFlinger: requestNextVsync(231)
04-20 15:41:08.337091   964   987 V DisplayEventReceiver: call nativeScheduleVsync mReceiverPtr = 548369566784
04-20 15:41:08.337553   231   267 D SurfaceFlinger: requestNextVsync(964)
04-20 15:41:08.337756   231   269 D SurfaceFlinger: requestNextVsync(231)
04-20 15:41:08.339711  1102  1102 V DisplayEventReceiver: call nativeScheduleVsync mReceiverPtr = 548106581952
04-20 15:41:08.340107  1102  1102 V ViewRootImpl: ViewRoot performTraversals+ : mFirst = false, this = ViewRoot{9bd9b3e StatusBar,ident = 0}
04-20 15:41:08.340094   231  1039 D SurfaceFlinger: requestNextVsync(1102)
04-20 15:41:08.342769  1102  1102 V ViewRootImpl: ViewRoot performTraversals and draw- : mResizeBuffer = null, mResizeAlpha = 0, this = ViewRoot{9bd9b3e StatusBar,ident = 0} frame#6281 (cancelDraw = false)
04-20 15:41:08.343274  1102  1102 V ViewRootImpl: ViewRoot performTraversals+ : mFirst = false, this = ViewRoot{78da969 NavigationBar,ident = 2}
04-20 15:41:08.348801   231   267 D SurfaceFlinger: requestNextVsync(231)
04-20 15:41:08.350441   231   287 D SurfaceFlinger: postEvent(964, v/c=32264)
04-20 15:41:08.350589   231   287 D SurfaceFlinger: postEvent(1102, v/c=32264)
04-20 15:41:08.350658   231   287 D SurfaceFlinger: postEvent(1102, v/c=32264)
04-20 15:41:08.350769   231   289 D SurfaceFlinger: postEvent(231, v/c=26100)
04-20 15:41:08.351799   231   231 D SurfaceFlinger: requestNextVsync(231)
04-20 15:41:08.352665   231   231 D SurfaceFlinger: requestNextVsync(231)
