----- timezone:GMT
04-20 15:40:47.374518   964   976 V WindowManager: Changing focus from Window{d64195d u0 com.mediatek.mtklogger/com.mediatek.mtklogger.LogFolderListActivity} to Window{823ca1e u0 Clearing log} Callers=com.android.server.wm.WindowManagerService.addWindow:2811 com.android.server.wm.Session.addToDisplay:171 android.view.IWindowSession$Stub.onTransact:124 com.android.server.wm.Session.onTransact:133 
04-20 15:40:47.374823   964   976 D WindowManager: Input focus has changed to Window{823ca1e u0 Clearing log}
04-20 15:40:47.376553   964   987 I WindowManager: Focus moving from Window{d64195d u0 com.mediatek.mtklogger/com.mediatek.mtklogger.LogFolderListActivity} to Window{823ca1e u0 Clearing log}
04-20 15:40:47.376688   964   987 I WindowManager: Gaining focus: Window{823ca1e u0 Clearing log}
04-20 15:40:47.448730   964  1844 V WindowManager: Looking for focus: 9 = Window{fa8f8e8 u0 StatusBar}, flags=-2122055608, canReceive=false
04-20 15:40:47.448932   964  1844 V WindowManager: findFocusedWindow: Found new focus @ 5 = Window{823ca1e u0 Clearing log}
04-20 15:40:47.472125   964  1652 I WindowStateAnimator:   CREATE SURFACE Surface(name=Clearing log) IN SESSION android.view.SurfaceSession@d8a1e1e: pid=12140 format=-2 flags=0x4 / WindowStateAnimator{1661715 Clearing log}
04-20 15:40:47.472905   964  1652 V WindowManager: Looking for focus: 9 = Window{fa8f8e8 u0 StatusBar}, flags=-2122055608, canReceive=false
04-20 15:40:47.473129   964  1652 V WindowManager: findFocusedWindow: Found new focus @ 5 = Window{823ca1e u0 Clearing log}
04-20 15:40:47.543841   964  1747 V WindowStateAnimator: finishDrawingLocked: mDrawState=COMMIT_DRAW_PENDING WindowStateAnimator{1661715 Clearing log} in Surface(name=Clearing log)
04-20 15:40:47.560345   964   987 I WindowManager: Losing delayed focus: Window{d64195d u0 com.mediatek.mtklogger/com.mediatek.mtklogger.LogFolderListActivity EXITING}
04-20 15:40:47.910153   964   975 V WindowManager: Remove Window{823ca1e u0 Clearing log} client=cdee59, surface=Surface(name=Clearing log) Callers=com.android.server.wm.WindowManagerService.removeWindow:2900 com.android.server.wm.Session.remove:190 android.view.IWindowSession$Stub.onTransact:242 com.android.server.wm.Session.onTransact:133 
04-20 15:40:47.912303   964   975 V WindowManager: Looking for focus: 8 = Window{fa8f8e8 u0 StatusBar}, flags=-2122055608, canReceive=false
04-20 15:40:47.912597   964   975 V WindowManager: findFocusedWindow: Found new focus @ 3 = Window{a41f8e9 u0 com.mediatek.mtklogger/com.mediatek.mtklogger.LogFolderListActivity}
04-20 15:40:47.913559   964   975 V WindowManager: Changing focus from Window{823ca1e u0 Clearing log EXITING} to Window{a41f8e9 u0 com.mediatek.mtklogger/com.mediatek.mtklogger.LogFolderListActivity} Callers=com.android.server.wm.WindowManagerService.removeWindowLocked:2973 com.android.server.wm.WindowManagerService.removeWindow:2900 com.android.server.wm.Session.remove:190 android.view.IWindowSession$Stub.onTransact:242 
04-20 15:40:47.913832   964   975 D WindowManager: Input focus has changed to Window{a41f8e9 u0 com.mediatek.mtklogger/com.mediatek.mtklogger.LogFolderListActivity}
04-20 15:40:47.918669   964   987 I WindowManager: Focus moving from Window{823ca1e u0 Clearing log EXITING} to Window{a41f8e9 u0 com.mediatek.mtklogger/com.mediatek.mtklogger.LogFolderListActivity}
04-20 15:40:47.918844   964   987 I WindowManager: Gaining focus: Window{a41f8e9 u0 com.mediatek.mtklogger/com.mediatek.mtklogger.LogFolderListActivity}
04-20 15:40:47.919131   964   987 I WindowManager: Losing focus: Window{823ca1e u0 Clearing log EXITING}
04-20 15:40:47.923524   964   979 D ActivityManager: ACT-Finishing activity token=Token{c295d22 ActivityRecord{ad99aed u0 com.mediatek.mtklogger/.LogFolderListActivity t55}}, result=0, data=null
04-20 15:40:47.924081   964   979 D ActivityManager: ACT-AM_FINISH_ACTIVITY ActivityRecord{ad99aed u0 com.mediatek.mtklogger/.LogFolderListActivity t55 f} task:TaskRecord{4bbc8ae #55 A=com.mediatek.mtklogger U=0 sz=2} app-request
04-20 15:40:47.926624   964   979 V WindowManager: Looking for focus: 8 = Window{fa8f8e8 u0 StatusBar}, flags=-2122055608, canReceive=false
04-20 15:40:47.926889   964   979 V WindowManager: findFocusedWindow: Found new focus @ 3 = Window{a41f8e9 u0 com.mediatek.mtklogger/com.mediatek.mtklogger.LogFolderListActivity}
04-20 15:40:47.935084   964   979 V WindowManager: Set focused app to: AppWindowToken{6bd1299 token=Token{41ed2e5 ActivityRecord{5838d29 u0 com.mediatek.mtklogger/.MainActivity t55}}} old focus=AppWindowToken{24933b3 token=Token{c295d22 ActivityRecord{ad99aed u0 com.mediatek.mtklogger/.LogFolderListActivity t55}}} moveFocusNow=true
04-20 15:40:47.936590   964   979 V WindowManager: Looking for focus: 8 = Window{fa8f8e8 u0 StatusBar}, flags=-2122055608, canReceive=false
04-20 15:40:47.936903   964   979 V WindowManager: findFocusedWindow: Found new focus @ 3 = Window{a41f8e9 u0 com.mediatek.mtklogger/com.mediatek.mtklogger.LogFolderListActivity}
04-20 15:40:47.938674   964   979 V WindowManager: setAppVisibility(Token{c295d22 ActivityRecord{ad99aed u0 com.mediatek.mtklogger/.LogFolderListActivity t55 f}}, visible=false): mNextAppTransition=TRANSIT_ACTIVITY_CLOSE hidden=false hiddenRequested=false Callers=com.android.server.am.ActivityStack.finishActivityLocked:3438 com.android.server.am.ActivityStack.requestFinishActivityLocked:3266 com.android.server.am.ActivityManagerService.finishActivity:4556 android.app.ActivityManagerNative.onTransact:356 com.android.server.am.ActivityManagerService.onTransact:2621 android.os.Binder.execTransact:458 
04-20 15:40:47.939288   964   979 D ActivityManager: ACT-AM_PAUSE_ACTIVITY ActivityRecord{ad99aed u0 com.mediatek.mtklogger/.LogFolderListActivity t55 f}
04-20 15:40:47.940710   964   979 D PowerManagerService: acquireWakeLockInternal: lock=193877478, flags=0x1, tag="*launch*", ws=WorkSource{10056}, uid=1000, pid=964
04-20 15:40:47.940993   964   979 D PowerManagerService: updateWakeLockSummaryLocked: mWakefulness=Awake, mWakeLockSummary=0x1
04-20 15:40:47.941544   964   979 D PowerManagerService: updateUserActivitySummaryLocked: mWakefulness=Awake, mUserActivitySummary=0x1, nextTimeout=20489296 (in 52194 ms)
04-20 15:40:47.941948   964   979 D DisplayPowerController: requestPowerState: policy=BRIGHT, useProximitySensor=false, screenBrightness=102, screenAutoBrightnessAdjustment=0.0, brightnessSetByUser=true, useAutoBrightness=false, blockScreenOn=false, lowPowerMode=false, boostScreenBrightness=false, dozeScreenBrightness=-1, dozeScreenState=UNKNOWN, waitForNegativeProximity=false
04-20 15:40:47.942060   964   979 I PowerManagerService: setBrightness mButtonLight 0.
04-20 15:40:47.942283   964   979 D PowerManagerService: updateDisplayPowerStateLocked: mDisplayReady=true, policy=3, mWakefulness=1, mWakeLockSummary=0x1, mUserActivitySummary=0x1, mBootCompleted=true, mScreenBrightnessBoostInProgress=false
04-20 15:40:47.942594   964   979 D PowerManagerService: Acquiring suspend blocker "PowerManagerService.WakeLocks".
04-20 15:40:47.942950   964   979 D PowerManagerNotifier: onWakeLockAcquired: flags=1, tag="*launch*", packageName=android, ownerUid=1000, ownerPid=964, workSource=WorkSource{10056}
04-20 15:40:47.970188   964  2088 V InputMethodManagerService: windowGainedFocus: android.os.BinderProxy@74f7e07 controlFlags=#1 softInputMode=#10 windowFlags=#1810100
04-20 15:40:47.970634   964  2088 W InputMethodManagerService: Window already focused, ignoring focus gain of: com.android.internal.view.IInputMethodClient$Stub$Proxy@2be6a2a attribute=null, token = android.os.BinderProxy@65dbd70
04-20 15:40:47.975047   964  8872 V ActivityManager: bindService: Intent { act=android.media.IMediaScannerService cmp=com.android.providers.media/.MediaScannerService } type=null conn=android.os.BinderProxy@5e8301b flags=0x1 callerApp=ProcessRecord{f460492 12140:com.mediatek.mtklogger/u0a56}
04-20 15:40:47.976416 12140 12140 D ActivityThread: ACT-AM_ON_PAUSE_CALLED ActivityRecord{5f41ecc token=android.os.BinderProxy@81b7515 {com.mediatek.mtklogger/com.mediatek.mtklogger.LogFolderListActivity}}
04-20 15:40:47.976927   964  8872 V ActivityManager: >>> EXECUTING create of ServiceRecord{41e0f91 u0 com.android.providers.media/.MediaScannerService} in app ProcessRecord{7442e21 12739:android.process.media/u0a7}
04-20 15:40:47.981356   964  8872 V ActivityManager: AMS Creating service ServiceRecord{41e0f91 u0 com.android.providers.media/.MediaScannerService}
04-20 15:40:47.982095   964  8872 V ActivityManager: >>> EXECUTING bind of ServiceRecord{41e0f91 u0 com.android.providers.media/.MediaScannerService} in app ProcessRecord{7442e21 12739:android.process.media/u0a7}
04-20 15:40:47.982916   964  8872 D ActivityManager: SVC-Binding service: ServiceRecord{41e0f91 u0 com.android.providers.media/.MediaScannerService}, app=ProcessRecord{7442e21 12739:android.process.media/u0a7}, activity=null
04-20 15:40:47.984362   964  1652 D ActivityManager: ACT-paused: token=Token{c295d22 ActivityRecord{ad99aed u0 com.mediatek.mtklogger/.LogFolderListActivity t55 f}}, timeout=false
04-20 15:40:47.985403 12739 12739 D ActivityThread: SVC-Creating service: CreateServiceData{token=android.os.BinderProxy@6d9b8c4 className=com.android.providers.media.MediaScannerService packageName=com.android.providers.media intent=null}
04-20 15:40:47.989257   964  1652 V WindowManager: setAppVisibility(Token{c295d22 ActivityRecord{ad99aed u0 com.mediatek.mtklogger/.LogFolderListActivity t55 f}}, visible=false): mNextAppTransition=TRANSIT_ACTIVITY_CLOSE hidden=false hiddenRequested=true Callers=com.android.server.am.ActivityStack.resumeTopActivityInnerLocked:2139 com.android.server.am.ActivityStack.resumeTopActivityLocked:1816 com.android.server.am.ActivityStackSupervisor.resumeTopActivitiesLocked:3097 com.android.server.am.ActivityStack.completePauseLocked:1195 com.android.server.am.ActivityStack.activityPausedLocked:1061 com.android.server.am.ActivityManagerService.activityPaused:7208 
04-20 15:40:47.991865   964  1652 V WindowManager: setAppVisibility(Token{41ed2e5 ActivityRecord{5838d29 u0 com.mediatek.mtklogger/.MainActivity t55}}, visible=true): mNextAppTransition=TRANSIT_ACTIVITY_CLOSE hidden=true hiddenRequested=true Callers=com.android.server.am.ActivityStack.resumeTopActivityInnerLocked:2195 com.android.server.am.ActivityStack.resumeTopActivityLocked:1816 com.android.server.am.ActivityStackSupervisor.resumeTopActivitiesLocked:3097 com.android.server.am.ActivityStack.completePauseLocked:1195 com.android.server.am.ActivityStack.activityPausedLocked:1061 com.android.server.am.ActivityManagerService.activityPaused:7208 
04-20 15:40:47.998568   964  1652 D ActivityManager: ACT-AM_RESUME_ACTIVITY ActivityRecord{5838d29 u0 com.mediatek.mtklogger/.MainActivity t55} task:55
04-20 15:40:48.004389   964  1652 D ActivityManager: Delay resumeKeyDispatchingLocked() to avoid deadlock.
04-20 15:40:48.008057 12140 12140 D ActivityThread: ACT-PAUSE_ACTIVITY_FINISHING handled : 0 / android.os.BinderProxy@81b7515
04-20 15:40:48.008681 12739 12739 D ActivityThread: SVC-CREATE_SERVICE handled : 0 / CreateServiceData{token=android.os.BinderProxy@6d9b8c4 className=com.android.providers.media.MediaScannerService packageName=com.android.providers.media intent=null}
04-20 15:40:48.008959   964  1663 D ActivityManager: SVC-Executing service done: ServiceRecord{41e0f91 u0 com.android.providers.media/.MediaScannerService}, type=0, startId=0, res=0
04-20 15:40:48.009970 12739 12739 V ActivityThread: handleBindService s=com.android.providers.media.MediaScannerService@c9793ad rebind=false
04-20 15:40:48.011647   964  1663 V ActivityManager: <<< DONE EXECUTING ServiceRecord{41e0f91 u0 com.android.providers.media/.MediaScannerService}: nesting=2, inDestroying=false, app=ProcessRecord{7442e21 12739:android.process.media/u0a7}
04-20 15:40:48.015685   964  1670 V ActivityManager: <<< DONE EXECUTING ServiceRecord{41e0f91 u0 com.android.providers.media/.MediaScannerService}: nesting=1, inDestroying=false, app=ProcessRecord{7442e21 12739:android.process.media/u0a7}
04-20 15:40:48.018303 12140 12140 V ActivityThread: Performing resume of ActivityRecord{aee38bc token=android.os.BinderProxy@a1fa045 {com.mediatek.mtklogger/com.mediatek.mtklogger.MainActivity}}
04-20 15:40:48.024730 12739 12739 D ActivityThread: SVC-BIND_SERVICE handled : 0 / BindServiceData{token=android.os.BinderProxy@6d9b8c4 intent=Intent { act=android.media.IMediaScannerService cmp=com.android.providers.media/.MediaScannerService }}
04-20 15:40:48.031693 12140 12140 D ActivityThread: ACT-AM_ON_RESUME_CALLED ActivityRecord{aee38bc token=android.os.BinderProxy@a1fa045 {com.mediatek.mtklogger/com.mediatek.mtklogger.MainActivity}}
04-20 15:40:48.031852 12140 12140 V ActivityThread: Resume ActivityRecord{aee38bc token=android.os.BinderProxy@a1fa045 {com.mediatek.mtklogger/com.mediatek.mtklogger.MainActivity}} started activity: false, hideForNow: false, finished: false
04-20 15:40:48.031983 12140 12140 V ActivityThread: Resuming ActivityRecord{aee38bc token=android.os.BinderProxy@a1fa045 {com.mediatek.mtklogger/com.mediatek.mtklogger.MainActivity}} with isForward=false
04-20 15:40:48.043183 12140 12140 V ActivityThread: Scheduling idle handler for ActivityRecord{aee38bc token=android.os.BinderProxy@a1fa045 {com.mediatek.mtklogger/com.mediatek.mtklogger.MainActivity}}
04-20 15:40:48.045189 12140 12140 D ActivityThread: ACT-RESUME_ACTIVITY handled : 0 / android.os.BinderProxy@a1fa045
04-20 15:40:48.050114   964  2089 V ActivityManager: startService: Intent { cmp=com.android.providers.media/.MediaScannerService (has extras) } callerApp=ProcessRecord{7442e21 12739:android.process.media/u0a7}
04-20 15:40:48.050936   964  2089 V ActivityManager: Sending arguments to: ServiceRecord{41e0f91 u0 com.android.providers.media/.MediaScannerService} android.content.Intent$FilterComparison@3bd44ba0 args=Intent { cmp=com.android.providers.media/.MediaScannerService (has extras) }
04-20 15:40:48.051142   964  2089 V ActivityManager: >>> EXECUTING start of ServiceRecord{41e0f91 u0 com.android.providers.media/.MediaScannerService} in app ProcessRecord{7442e21 12739:android.process.media/u0a7}
04-20 15:40:48.052933   964  2089 D ActivityManager: SVC-Sent arguments: ServiceRecord{41e0f91 u0 com.android.providers.media/.MediaScannerService}, app=ProcessRecord{7442e21 12739:android.process.media/u0a7}, args=Intent { cmp=com.android.providers.media/.MediaScannerService (has extras) }, flags=0
04-20 15:40:48.053880 12739 12739 D ActivityThread: SVC-Calling onStartCommand: com.android.providers.media.MediaScannerService@c9793ad, flags=0, startId=1
04-20 15:40:48.057066   964  1747 I WindowManager: Relayout Window{7d0bd72 u0 com.mediatek.mtklogger/com.mediatek.mtklogger.MainActivity}: oldVis=8 newVis=0
04-20 15:40:48.059814   964  1747 I WindowStateAnimator:   CREATE SURFACE Surface(name=com.mediatek.mtklogger/com.mediatek.mtklogger.MainActivity) IN SESSION android.view.SurfaceSession@d8a1e1e: pid=12140 format=-1 flags=0x404 / WindowStateAnimator{5c595c3 com.mediatek.mtklogger/com.mediatek.mtklogger.MainActivity}
04-20 15:40:48.061417   964  1747 V WindowManager: Looking for focus: 8 = Window{fa8f8e8 u0 StatusBar}, flags=-2122055608, canReceive=false
04-20 15:40:48.061738   964  1747 V WindowManager: findFocusedWindow: Found new focus @ 2 = Window{7d0bd72 u0 com.mediatek.mtklogger/com.mediatek.mtklogger.MainActivity}
04-20 15:40:48.062485   964  1747 V WindowManager: Changing focus from Window{a41f8e9 u0 com.mediatek.mtklogger/com.mediatek.mtklogger.LogFolderListActivity} to Window{7d0bd72 u0 com.mediatek.mtklogger/com.mediatek.mtklogger.MainActivity} Callers=com.android.server.wm.WindowManagerService.relayoutWindow:3588 com.android.server.wm.Session.relayout:201 android.view.IWindowSession$Stub.onTransact:284 com.android.server.wm.Session.onTransact:133 
04-20 15:40:48.062840   964  1747 D WindowManager: Input focus has changed to Window{7d0bd72 u0 com.mediatek.mtklogger/com.mediatek.mtklogger.MainActivity}
04-20 15:40:48.065592   964  1652 D ActivityManager: SVC-Executing service done: ServiceRecord{41e0f91 u0 com.android.providers.media/.MediaScannerService}, type=1, startId=1, res=3
04-20 15:40:48.065805   964  1652 V ActivityManager: <<< DONE EXECUTING ServiceRecord{41e0f91 u0 com.android.providers.media/.MediaScannerService}: nesting=1, inDestroying=false, app=ProcessRecord{7442e21 12739:android.process.media/u0a7}
04-20 15:40:48.067014 12739 12739 D ActivityThread: SVC-SERVICE_ARGS handled : 0 / ServiceArgsData{token=android.os.BinderProxy@6d9b8c4 startId=1 args=Intent { cmp=com.android.providers.media/.MediaScannerService (has extras) }}
04-20 15:40:48.073461   964   987 I WindowManager: Focus moving from Window{a41f8e9 u0 com.mediatek.mtklogger/com.mediatek.mtklogger.LogFolderListActivity} to Window{7d0bd72 u0 com.mediatek.mtklogger/com.mediatek.mtklogger.MainActivity}
04-20 15:40:48.073611   964   987 I WindowManager: Gaining focus: Window{7d0bd72 u0 com.mediatek.mtklogger/com.mediatek.mtklogger.MainActivity}
04-20 15:40:48.113940   964   975 V AlarmManager: APP set(PendingIntent{a5db1da: PendingIntentRecord{eb1560b com.google.android.gms startService}}) : type=0 triggerAtTime=1461138058112 win=-1 tElapsed=41994996 maxElapsed=41994996 interval=0 flags=0x0
04-20 15:40:48.115145   964   975 D AlarmManager:  whichBatch = -1
04-20 15:40:48.115396   964   975 D AlarmManager: set alarm to RTC 41994996
04-20 15:40:48.117692   964  1582 V ActivityManager: startService: Intent { cmp=com.google.android.gms/com.google.android.libraries.social.mediamonitor.MediaMonitorIntentService (has extras) } callerApp=ProcessRecord{42a4f56 12626:com.google.android.gms/u0a10}
04-20 15:40:48.119636   964  1582 V ActivityManager: >>> EXECUTING create of ServiceRecord{13b2ce8 u0 com.google.android.gms/com.google.android.libraries.social.mediamonitor.MediaMonitorIntentService} in app ProcessRecord{42a4f56 12626:com.google.android.gms/u0a10}
04-20 15:40:48.122659   964  1582 V ActivityManager: AMS Creating service ServiceRecord{13b2ce8 u0 com.google.android.gms/com.google.android.libraries.social.mediamonitor.MediaMonitorIntentService}
04-20 15:40:48.123661   964  1582 V ActivityManager: Sending arguments to: ServiceRecord{13b2ce8 u0 com.google.android.gms/com.google.android.libraries.social.mediamonitor.MediaMonitorIntentService} android.content.Intent$FilterComparison@8a88b3b6 args=Intent { cmp=com.google.android.gms/com.google.android.libraries.social.mediamonitor.MediaMonitorIntentService (has extras) }
04-20 15:40:48.123838   964  1582 V ActivityManager: >>> EXECUTING start of ServiceRecord{13b2ce8 u0 com.google.android.gms/com.google.android.libraries.social.mediamonitor.MediaMonitorIntentService} in app ProcessRecord{42a4f56 12626:com.google.android.gms/u0a10}
04-20 15:40:48.125139   964  1582 D ActivityManager: SVC-Sent arguments: ServiceRecord{13b2ce8 u0 com.google.android.gms/com.google.android.libraries.social.mediamonitor.MediaMonitorIntentService}, app=ProcessRecord{42a4f56 12626:com.google.android.gms/u0a10}, args=Intent { cmp=com.google.android.gms/com.google.android.libraries.social.mediamonitor.MediaMonitorIntentService (has extras) }, flags=0
04-20 15:40:48.128627   964  2089 D PowerManagerService: acquireWakeLockInternal: lock=22085377, flags=0x1, tag="wake:com.google.android.gms/com.google.android.libraries.social.mediamonitor.MediaMonitorIntentService", ws=null, uid=10010, pid=12626
04-20 15:40:48.128943   964  2089 D PowerManagerService: updateWakeLockSummaryLocked: mWakefulness=Awake, mWakeLockSummary=0x1
04-20 15:40:48.129245   964  2089 D PowerManagerService: updateUserActivitySummaryLocked: mWakefulness=Awake, mUserActivitySummary=0x1, nextTimeout=20489296 (in 52007 ms)
04-20 15:40:48.129816   964  2089 D DisplayPowerController: requestPowerState: policy=BRIGHT, useProximitySensor=false, screenBrightness=102, screenAutoBrightnessAdjustment=0.0, brightnessSetByUser=true, useAutoBrightness=false, blockScreenOn=false, lowPowerMode=false, boostScreenBrightness=false, dozeScreenBrightness=-1, dozeScreenState=UNKNOWN, waitForNegativeProximity=false
04-20 15:40:48.129959   964  2089 I PowerManagerService: setBrightness mButtonLight 0.
04-20 15:40:48.130188   964  2089 D PowerManagerService: updateDisplayPowerStateLocked: mDisplayReady=true, policy=3, mWakefulness=1, mWakeLockSummary=0x1, mUserActivitySummary=0x1, mBootCompleted=true, mScreenBrightnessBoostInProgress=false
04-20 15:40:48.130566   964  2089 D PowerManagerNotifier: onWakeLockAcquired: flags=1, tag="wake:com.google.android.gms/com.google.android.libraries.social.mediamonitor.MediaMonitorIntentService", packageName=com.google.android.gms, ownerUid=10010, ownerPid=12626, workSource=null
04-20 15:40:48.131272 12626 12626 D ActivityThread: SVC-Creating service: CreateServiceData{token=android.os.BinderProxy@ac68294 className=com.google.android.libraries.social.mediamonitor.MediaMonitorIntentService packageName=com.google.android.gms intent=null}
04-20 15:40:48.131921   964   976 V InputMethodManagerService: windowGainedFocus: android.os.BinderProxy@74f7e07 controlFlags=#104 softInputMode=#20 windowFlags=#1810100
04-20 15:40:48.186892   964   976 D ActivityManager: SVC-Executing service done: ServiceRecord{13b2ce8 u0 com.google.android.gms/com.google.android.libraries.social.mediamonitor.MediaMonitorIntentService}, type=0, startId=0, res=0
04-20 15:40:48.187091 12626 12626 D ActivityThread: SVC-CREATE_SERVICE handled : 0 / CreateServiceData{token=android.os.BinderProxy@ac68294 className=com.google.android.libraries.social.mediamonitor.MediaMonitorIntentService packageName=com.google.android.gms intent=null}
04-20 15:40:48.187222   964   976 V ActivityManager: <<< DONE EXECUTING ServiceRecord{13b2ce8 u0 com.google.android.gms/com.google.android.libraries.social.mediamonitor.MediaMonitorIntentService}: nesting=2, inDestroying=false, app=ProcessRecord{42a4f56 12626:com.google.android.gms/u0a10}
04-20 15:40:48.187598 12626 12626 D ActivityThread: SVC-Calling onStartCommand: com.google.android.libraries.social.mediamonitor.MediaMonitorIntentService@4c6e13d, flags=0, startId=1
04-20 15:40:48.188234 12626 12626 D ActivityThread: SVC-SERVICE_ARGS handled : 0 / ServiceArgsData{token=android.os.BinderProxy@ac68294 startId=1 args=Intent { cmp=com.google.android.gms/com.google.android.libraries.social.mediamonitor.MediaMonitorIntentService (has extras) }}
04-20 15:40:48.188266   964  1670 D ActivityManager: SVC-Executing service done: ServiceRecord{13b2ce8 u0 com.google.android.gms/com.google.android.libraries.social.mediamonitor.MediaMonitorIntentService}, type=1, startId=1, res=2
04-20 15:40:48.188530   964  1670 V ActivityManager: <<< DONE EXECUTING ServiceRecord{13b2ce8 u0 com.google.android.gms/com.google.android.libraries.social.mediamonitor.MediaMonitorIntentService}: nesting=1, inDestroying=false, app=ProcessRecord{42a4f56 12626:com.google.android.gms/u0a10}
04-20 15:40:48.192338   964  1670 D ActivityManager: getContentProviderImpl: from caller=android.app.ApplicationThreadProxy@8f511a6 (pid=12626, userId=0) to get content provider media cpr=ContentProviderRecord{cd22994 u0 com.android.providers.media/.MediaProvider}
04-20 15:40:48.195515   964   975 V WindowStateAnimator: finishDrawingLocked: mDrawState=COMMIT_DRAW_PENDING WindowStateAnimator{5c595c3 com.mediatek.mtklogger/com.mediatek.mtklogger.MainActivity} in Surface(name=com.mediatek.mtklogger/com.mediatek.mtklogger.MainActivity)
04-20 15:40:48.196512 12626 12814 D ActivityThread: holder:android.app.IActivityManager$ContentProviderHolder@37cad32, holder.provider:android.content.ContentProviderProxy@f872a83
04-20 15:40:48.202628   964   987 V WindowManager: **** GOOD TO GO
04-20 15:40:48.213483   964   987 V WindowManager: Looking for focus: 7 = Window{fa8f8e8 u0 StatusBar}, flags=-2122055608, canReceive=false
04-20 15:40:48.213900   964   987 V WindowManager: findFocusedWindow: Found new focus @ 2 = Window{7d0bd72 u0 com.mediatek.mtklogger/com.mediatek.mtklogger.MainActivity}
04-20 15:40:48.214610   964   987 D WindowManager: notifyActivityDrawnForKeyguard: waiting=false Callers=com.android.server.wm.WindowManagerService.handleAppTransitionReadyLocked:10079 com.android.server.wm.WindowManagerService.performLayoutAndPlaceSurfacesLockedInner:10699 com.android.server.wm.WindowManagerService.performLayoutAndPlaceSurfacesLockedLoop:9443 com.android.server.wm.WindowManagerService.performLayoutAndPlaceSurfacesLocked:9390 com.android.server.wm.WindowManagerService.-wrap8:-1 
04-20 15:40:48.227404   964   987 I WindowManager: Losing delayed focus: Window{a41f8e9 u0 com.mediatek.mtklogger/com.mediatek.mtklogger.LogFolderListActivity}
04-20 15:40:48.254656   964  1652 V WindowManager: Looking for focus: 7 = Window{fa8f8e8 u0 StatusBar}, flags=-2122055608, canReceive=false
04-20 15:40:48.254936   964  1652 V WindowManager: findFocusedWindow: Found new focus @ 2 = Window{7d0bd72 u0 com.mediatek.mtklogger/com.mediatek.mtklogger.MainActivity}
04-20 15:40:48.267129   964   979 D PowerManagerService: releaseWakeLockInternal: lock=193877478 [*launch*], flags=0x0, total_time=326ms
04-20 15:40:48.267391   964   979 D PowerManagerNotifier: onWakeLockReleased: flags=1, tag="*launch*", packageName=android, ownerUid=1000, ownerPid=964, workSource=WorkSource{10056}
04-20 15:40:48.267713   964   979 D PowerManagerService: updateWakeLockSummaryLocked: mWakefulness=Awake, mWakeLockSummary=0x1
04-20 15:40:48.268017   964   979 D PowerManagerService: updateUserActivitySummaryLocked: mWakefulness=Awake, mUserActivitySummary=0x1, nextTimeout=20489296 (in 51868 ms)
04-20 15:40:48.268375   964   979 D DisplayPowerController: requestPowerState: policy=BRIGHT, useProximitySensor=false, screenBrightness=102, screenAutoBrightnessAdjustment=0.0, brightnessSetByUser=true, useAutoBrightness=false, blockScreenOn=false, lowPowerMode=false, boostScreenBrightness=false, dozeScreenBrightness=-1, dozeScreenState=UNKNOWN, waitForNegativeProximity=false
04-20 15:40:48.268480   964   979 I PowerManagerService: setBrightness mButtonLight 0.
04-20 15:40:48.268664   964   979 D PowerManagerService: updateDisplayPowerStateLocked: mDisplayReady=true, policy=3, mWakefulness=1, mWakeLockSummary=0x1, mUserActivitySummary=0x1, mBootCompleted=true, mScreenBrightnessBoostInProgress=false
04-20 15:40:48.277238   964   976 V ActivityManager: startService: Intent { cmp=com.android.providers.media/.MediaScannerService (has extras) } callerApp=ProcessRecord{7442e21 12739:android.process.media/u0a7}
04-20 15:40:48.278080   964   976 V ActivityManager: Sending arguments to: ServiceRecord{41e0f91 u0 com.android.providers.media/.MediaScannerService} android.content.Intent$FilterComparison@3bd44ba0 args=Intent { cmp=com.android.providers.media/.MediaScannerService (has extras) }
04-20 15:40:48.278259   964   976 V ActivityManager: >>> EXECUTING start of ServiceRecord{41e0f91 u0 com.android.providers.media/.MediaScannerService} in app ProcessRecord{7442e21 12739:android.process.media/u0a7}
04-20 15:40:48.279859   964   976 D ActivityManager: SVC-Sent arguments: ServiceRecord{41e0f91 u0 com.android.providers.media/.MediaScannerService}, app=ProcessRecord{7442e21 12739:android.process.media/u0a7}, args=Intent { cmp=com.android.providers.media/.MediaScannerService (has extras) }, flags=0
04-20 15:40:48.280762 12739 12739 D ActivityThread: SVC-Calling onStartCommand: com.android.providers.media.MediaScannerService@c9793ad, flags=0, startId=2
04-20 15:40:48.290397   964  1844 D ActivityManager: SVC-Executing service done: ServiceRecord{41e0f91 u0 com.android.providers.media/.MediaScannerService}, type=1, startId=2, res=3
04-20 15:40:48.290639   964  1844 V ActivityManager: <<< DONE EXECUTING ServiceRecord{41e0f91 u0 com.android.providers.media/.MediaScannerService}: nesting=1, inDestroying=false, app=ProcessRecord{7442e21 12739:android.process.media/u0a7}
04-20 15:40:48.290978 12739 12739 D ActivityThread: SVC-SERVICE_ARGS handled : 0 / ServiceArgsData{token=android.os.BinderProxy@6d9b8c4 startId=2 args=Intent { cmp=com.android.providers.media/.MediaScannerService (has extras) }}
04-20 15:40:48.314287   964   979 D ActivityManager: getContentProviderImpl: from caller=android.app.ApplicationThreadProxy@98d8d39 (pid=12626, userId=0) to get content provider media cpr=ContentProviderRecord{cd22994 u0 com.android.providers.media/.MediaProvider}
04-20 15:40:48.316185 12626 12814 D ActivityThread: holder:android.app.IActivityManager$ContentProviderHolder@d9dfaf5, holder.provider:android.content.ContentProviderProxy@d38b08a
04-20 15:40:48.325638   964   976 D ActivityManager: getContentProviderImpl: from caller=android.app.ApplicationThreadProxy@562af7e (pid=12626, userId=0) to get content provider media cpr=ContentProviderRecord{cd22994 u0 com.android.providers.media/.MediaProvider}
04-20 15:40:48.328936 12626 12814 D ActivityThread: holder:android.app.IActivityManager$ContentProviderHolder@ba966fb, holder.provider:android.content.ContentProviderProxy@5a38318
04-20 15:40:48.356938   964  2089 D ActivityManager: getContentProviderImpl: from caller=android.app.ApplicationThreadProxy@5f14cdf (pid=12626, userId=0) to get content provider media cpr=ContentProviderRecord{cd22994 u0 com.android.providers.media/.MediaProvider}
04-20 15:40:48.358772 12626 12814 D ActivityThread: holder:android.app.IActivityManager$ContentProviderHolder@5f94b56, holder.provider:android.content.ContentProviderProxy@a9d77d7
04-20 15:40:48.404693   964  1670 D PowerManagerService: releaseWakeLockInternal: lock=22085377 [wake:com.google.android.gms/com.google.android.libraries.social.mediamonitor.MediaMonitorIntentService], flags=0x0, total_time=275ms
04-20 15:40:48.405148   964  1670 D PowerManagerNotifier: onWakeLockReleased: flags=1, tag="wake:com.google.android.gms/com.google.android.libraries.social.mediamonitor.MediaMonitorIntentService", packageName=com.google.android.gms, ownerUid=10010, ownerPid=12626, workSource=null
04-20 15:40:48.405902   964  1670 D PowerManagerService: updateWakeLockSummaryLocked: mWakefulness=Awake, mWakeLockSummary=0x0
04-20 15:40:48.406309   964  1670 D PowerManagerService: updateUserActivitySummaryLocked: mWakefulness=Awake, mUserActivitySummary=0x1, nextTimeout=20489296 (in 51730 ms)
04-20 15:40:48.406761   964  1670 D DisplayPowerController: requestPowerState: policy=BRIGHT, useProximitySensor=false, screenBrightness=102, screenAutoBrightnessAdjustment=0.0, brightnessSetByUser=true, useAutoBrightness=false, blockScreenOn=false, lowPowerMode=false, boostScreenBrightness=false, dozeScreenBrightness=-1, dozeScreenState=UNKNOWN, waitForNegativeProximity=false
04-20 15:40:48.406885   964  1670 I PowerManagerService: setBrightness mButtonLight 0.
04-20 15:40:48.407120   964  1670 D PowerManagerService: updateDisplayPowerStateLocked: mDisplayReady=true, policy=3, mWakefulness=1, mWakeLockSummary=0x0, mUserActivitySummary=0x1, mBootCompleted=true, mScreenBrightnessBoostInProgress=false
04-20 15:40:48.407307   964  1670 D PowerManagerService: Releasing suspend blocker "PowerManagerService.WakeLocks".
04-20 15:40:48.410253   964  2088 V ActivityManager: >>> EXECUTING destroy of ServiceRecord{13b2ce8 u0 com.google.android.gms/com.google.android.libraries.social.mediamonitor.MediaMonitorIntentService} in app ProcessRecord{42a4f56 12626:com.google.android.gms/u0a10}
04-20 15:40:48.412663 12626 12626 D ActivityThread: SVC-Destroying service: com.google.android.libraries.social.mediamonitor.MediaMonitorIntentService@4c6e13d
04-20 15:40:48.414630   964  1747 D ActivityManager: SVC-Executing service done: ServiceRecord{13b2ce8 u0 com.google.android.gms/com.google.android.libraries.social.mediamonitor.MediaMonitorIntentService}, type=2, startId=0, res=0
04-20 15:40:48.414933   964  1747 V ActivityManager: <<< DONE EXECUTING ServiceRecord{13b2ce8 u0 com.google.android.gms/com.google.android.libraries.social.mediamonitor.MediaMonitorIntentService}: nesting=1, inDestroying=true, app=ProcessRecord{42a4f56 12626:com.google.android.gms/u0a10}
04-20 15:40:48.415371 12626 12626 D ActivityThread: SVC-STOP_SERVICE handled : 0 / android.os.BinderProxy@ac68294
04-20 15:40:48.445166   964  1844 V ActivityManager: startService: Intent { cmp=com.android.providers.media/.MediaScannerService (has extras) } callerApp=ProcessRecord{7442e21 12739:android.process.media/u0a7}
04-20 15:40:48.446083   964  1844 V ActivityManager: Sending arguments to: ServiceRecord{41e0f91 u0 com.android.providers.media/.MediaScannerService} android.content.Intent$FilterComparison@3bd44ba0 args=Intent { cmp=com.android.providers.media/.MediaScannerService (has extras) }
04-20 15:40:48.446236   964  1844 V ActivityManager: >>> EXECUTING start of ServiceRecord{41e0f91 u0 com.android.providers.media/.MediaScannerService} in app ProcessRecord{7442e21 12739:android.process.media/u0a7}
04-20 15:40:48.447614   964  1844 D ActivityManager: SVC-Sent arguments: ServiceRecord{41e0f91 u0 com.android.providers.media/.MediaScannerService}, app=ProcessRecord{7442e21 12739:android.process.media/u0a7}, args=Intent { cmp=com.android.providers.media/.MediaScannerService (has extras) }, flags=0
04-20 15:40:48.448526 12739 12739 D ActivityThread: SVC-Calling onStartCommand: com.android.providers.media.MediaScannerService@c9793ad, flags=0, startId=3
04-20 15:40:48.459731 12739 12739 D ActivityThread: SVC-SERVICE_ARGS handled : 0 / ServiceArgsData{token=android.os.BinderProxy@6d9b8c4 startId=3 args=Intent { cmp=com.android.providers.media/.MediaScannerService (has extras) }}
04-20 15:40:48.459969   964  1162 D ActivityManager: SVC-Executing service done: ServiceRecord{41e0f91 u0 com.android.providers.media/.MediaScannerService}, type=1, startId=3, res=3
04-20 15:40:48.460209   964  1162 V ActivityManager: <<< DONE EXECUTING ServiceRecord{41e0f91 u0 com.android.providers.media/.MediaScannerService}: nesting=1, inDestroying=false, app=ProcessRecord{7442e21 12739:android.process.media/u0a7}
04-20 15:40:48.486603   964   987 D ActivityManager: ACT-windowsVisible(): ActivityRecord{5838d29 u0 com.mediatek.mtklogger/.MainActivity t55}
04-20 15:40:48.486863   964   987 D ActivityManager: ACT-IDLE_NOW_MSG from windowsVisible() for idle: ActivityRecord{5838d29 u0 com.mediatek.mtklogger/.MainActivity t55}
04-20 15:40:48.487629   964   982 D ActivityManager: ACT-Removing activity from finish-imm: token=ActivityRecord{ad99aed u0 com.mediatek.mtklogger/.LogFolderListActivity t55 f}, app=com.mediatek.mtklogger
04-20 15:40:48.489141   964   987 V WindowManager: Looking for focus: 7 = Window{fa8f8e8 u0 StatusBar}, flags=-2122055608, canReceive=false
04-20 15:40:48.489464   964   987 V WindowManager: findFocusedWindow: Found new focus @ 2 = Window{7d0bd72 u0 com.mediatek.mtklogger/com.mediatek.mtklogger.MainActivity}
04-20 15:40:48.507214   964   975 V WindowManager: Looking for focus: 6 = Window{fa8f8e8 u0 StatusBar}, flags=-2122055608, canReceive=false
04-20 15:40:48.507422   964   975 V WindowManager: findFocusedWindow: Found new focus @ 2 = Window{7d0bd72 u0 com.mediatek.mtklogger/com.mediatek.mtklogger.MainActivity}
04-20 15:40:48.509213 12140 12140 D ActivityThread: ACT-DESTROY_ACTIVITY handled : 1 / android.os.BinderProxy@81b7515
04-20 15:40:48.510905 12140 12140 E ActivityThread: Activity com.mediatek.mtklogger.LogFolderListActivity has leaked ServiceConnection android.media.MediaScannerConnection@da0bc1a that was originally bound here
04-20 15:40:48.510905 12140 12140 E ActivityThread: android.app.ServiceConnectionLeaked: Activity com.mediatek.mtklogger.LogFolderListActivity has leaked ServiceConnection android.media.MediaScannerConnection@da0bc1a that was originally bound here
04-20 15:40:48.510905 12140 12140 E ActivityThread: 	at android.app.LoadedApk$ServiceDispatcher.<init>(LoadedApk.java:1133)
04-20 15:40:48.510905 12140 12140 E ActivityThread: 	at android.app.LoadedApk.getServiceDispatcher(LoadedApk.java:1027)
04-20 15:40:48.510905 12140 12140 E ActivityThread: 	at android.app.ContextImpl.bindServiceCommon(ContextImpl.java:1308)
04-20 15:40:48.510905 12140 12140 E ActivityThread: 	at android.app.ContextImpl.bindService(ContextImpl.java:1291)
04-20 15:40:48.510905 12140 12140 E ActivityThread: 	at android.content.ContextWrapper.bindService(ContextWrapper.java:604)
04-20 15:40:48.510905 12140 12140 E ActivityThread: 	at android.media.MediaScannerConnection.connect(MediaScannerConnection.java:125)
04-20 15:40:48.510905 12140 12140 E ActivityThread: 	at android.media.MediaScannerConnection.scanFile(MediaScannerConnection.java:244)
04-20 15:40:48.510905 12140 12140 E ActivityThread: 	at com.mediatek.mtklogger.utils.Utils.updateLogFilesInMediaProviderSync(Utils.java:1693)
04-20 15:40:48.510905 12140 12140 E ActivityThread: 	at com.mediatek.mtklogger.utils.Utils.updateLogFilesInMediaProviderSync(Utils.java:1662)
04-20 15:40:48.510905 12140 12140 E ActivityThread: 	at com.mediatek.mtklogger.utils.Utils.-wrap0(Utils.java)
04-20 15:40:48.510905 12140 12140 E ActivityThread: 	at com.mediatek.mtklogger.utils.Utils$1.run(Utils.java:1629)
04-20 15:40:48.513837   964  1663 D ActivityManager: SVC-Unbinding service: ServiceRecord{41e0f91 u0 com.android.providers.media/.MediaScannerService}, app=ProcessRecord{7442e21 12739:android.process.media/u0a7}
04-20 15:40:48.514213   964  1663 V ActivityManager: >>> EXECUTING unbind of ServiceRecord{41e0f91 u0 com.android.providers.media/.MediaScannerService} in app ProcessRecord{7442e21 12739:android.process.media/u0a7}
04-20 15:40:48.518412 12739 12739 D ActivityThread: SVC-UNBIND_SERVICE handled : 0 / BindServiceData{token=android.os.BinderProxy@6d9b8c4 intent=Intent { act=android.media.IMediaScannerService cmp=com.android.providers.media/.MediaScannerService }}
04-20 15:40:48.519753   964   979 D ActivityManager: SVC-Executing service done: ServiceRecord{41e0f91 u0 com.android.providers.media/.MediaScannerService}, type=0, startId=0, res=0
04-20 15:40:48.520614   964   979 V ActivityManager: <<< DONE EXECUTING ServiceRecord{41e0f91 u0 com.android.providers.media/.MediaScannerService}: nesting=1, inDestroying=false, app=ProcessRecord{7442e21 12739:android.process.media/u0a7}
04-20 15:40:48.713024   964  2088 V ActivityManager: >>> EXECUTING destroy of ServiceRecord{41e0f91 u0 com.android.providers.media/.MediaScannerService} in app ProcessRecord{7442e21 12739:android.process.media/u0a7}
04-20 15:40:48.714087   964  8872 V ActivityManager: startService: Intent { cmp=com.android.providers.media/.MediaScannerService (has extras) } callerApp=ProcessRecord{7442e21 12739:android.process.media/u0a7}
04-20 15:40:48.714280 12739 12739 D ActivityThread: SVC-Destroying service: com.android.providers.media.MediaScannerService@c9793ad
04-20 15:40:48.715712   964  8872 V ActivityManager: >>> EXECUTING create of ServiceRecord{a3dd2c u0 com.android.providers.media/.MediaScannerService} in app ProcessRecord{7442e21 12739:android.process.media/u0a7}
04-20 15:40:48.717425   964  8872 V ActivityManager: AMS Creating service ServiceRecord{a3dd2c u0 com.android.providers.media/.MediaScannerService}
04-20 15:40:48.718409   964  8872 V ActivityManager: Sending arguments to: ServiceRecord{a3dd2c u0 com.android.providers.media/.MediaScannerService} android.content.Intent$FilterComparison@5e49f425 args=Intent { cmp=com.android.providers.media/.MediaScannerService (has extras) }
04-20 15:40:48.718601   964  8872 V ActivityManager: >>> EXECUTING start of ServiceRecord{a3dd2c u0 com.android.providers.media/.MediaScannerService} in app ProcessRecord{7442e21 12739:android.process.media/u0a7}
04-20 15:40:48.719184   964  8872 D ActivityManager: SVC-Sent arguments: ServiceRecord{a3dd2c u0 com.android.providers.media/.MediaScannerService}, app=ProcessRecord{7442e21 12739:android.process.media/u0a7}, args=Intent { cmp=com.android.providers.media/.MediaScannerService (has extras) }, flags=0
04-20 15:40:48.720455 12739 12739 D ActivityThread: SVC-STOP_SERVICE handled : 0 / android.os.BinderProxy@6d9b8c4
04-20 15:40:48.720672   964  1582 D ActivityManager: SVC-Executing service done: ServiceRecord{41e0f91 u0 com.android.providers.media/.MediaScannerService}, type=2, startId=0, res=0
04-20 15:40:48.720847   964  1582 V ActivityManager: <<< DONE EXECUTING ServiceRecord{41e0f91 u0 com.android.providers.media/.MediaScannerService}: nesting=1, inDestroying=true, app=ProcessRecord{7442e21 12739:android.process.media/u0a7}
04-20 15:40:48.721200 12739 12739 D ActivityThread: SVC-Creating service: CreateServiceData{token=android.os.BinderProxy@d1f5c51 className=com.android.providers.media.MediaScannerService packageName=com.android.providers.media intent=null}
04-20 15:40:48.733613 12739 12739 D ActivityThread: SVC-CREATE_SERVICE handled : 0 / CreateServiceData{token=android.os.BinderProxy@d1f5c51 className=com.android.providers.media.MediaScannerService packageName=com.android.providers.media intent=null}
04-20 15:40:48.733759   964  8871 D ActivityManager: SVC-Executing service done: ServiceRecord{a3dd2c u0 com.android.providers.media/.MediaScannerService}, type=0, startId=0, res=0
04-20 15:40:48.733967   964  8871 V ActivityManager: <<< DONE EXECUTING ServiceRecord{a3dd2c u0 com.android.providers.media/.MediaScannerService}: nesting=2, inDestroying=false, app=ProcessRecord{7442e21 12739:android.process.media/u0a7}
04-20 15:40:48.734731 12739 12739 D ActivityThread: SVC-Calling onStartCommand: com.android.providers.media.MediaScannerService@c212cb6, flags=0, startId=1
04-20 15:40:48.849857 12739 12739 D ActivityThread: SVC-SERVICE_ARGS handled : 0 / ServiceArgsData{token=android.os.BinderProxy@d1f5c51 startId=1 args=Intent { cmp=com.android.providers.media/.MediaScannerService (has extras) }}
04-20 15:40:48.849879   964  1663 D ActivityManager: SVC-Executing service done: ServiceRecord{a3dd2c u0 com.android.providers.media/.MediaScannerService}, type=1, startId=1, res=3
04-20 15:40:48.850462   964  1663 V ActivityManager: <<< DONE EXECUTING ServiceRecord{a3dd2c u0 com.android.providers.media/.MediaScannerService}: nesting=1, inDestroying=false, app=ProcessRecord{7442e21 12739:android.process.media/u0a7}
04-20 15:40:49.072266   964  1747 V ActivityManager: >>> EXECUTING destroy of ServiceRecord{a3dd2c u0 com.android.providers.media/.MediaScannerService} in app ProcessRecord{7442e21 12739:android.process.media/u0a7}
04-20 15:40:49.074622   964   976 V ActivityManager: startService: Intent { cmp=com.android.providers.media/.MediaScannerService (has extras) } callerApp=ProcessRecord{7442e21 12739:android.process.media/u0a7}
04-20 15:40:49.075261 12739 12739 D ActivityThread: SVC-Destroying service: com.android.providers.media.MediaScannerService@c212cb6
04-20 15:40:49.078730   964   976 V ActivityManager: >>> EXECUTING create of ServiceRecord{307a018 u0 com.android.providers.media/.MediaScannerService} in app ProcessRecord{7442e21 12739:android.process.media/u0a7}
04-20 15:40:49.083321   964   976 V ActivityManager: AMS Creating service ServiceRecord{307a018 u0 com.android.providers.media/.MediaScannerService}
04-20 15:40:49.085516   964   976 V ActivityManager: Sending arguments to: ServiceRecord{307a018 u0 com.android.providers.media/.MediaScannerService} android.content.Intent$FilterComparison@5e49f425 args=Intent { cmp=com.android.providers.media/.MediaScannerService (has extras) }
04-20 15:40:49.085945   964   976 V ActivityManager: >>> EXECUTING start of ServiceRecord{307a018 u0 com.android.providers.media/.MediaScannerService} in app ProcessRecord{7442e21 12739:android.process.media/u0a7}
04-20 15:40:49.087339   964   976 D ActivityManager: SVC-Sent arguments: ServiceRecord{307a018 u0 com.android.providers.media/.MediaScannerService}, app=ProcessRecord{7442e21 12739:android.process.media/u0a7}, args=Intent { cmp=com.android.providers.media/.MediaScannerService (has extras) }, flags=0
04-20 15:40:49.089573 12739 12739 D ActivityThread: SVC-STOP_SERVICE handled : 0 / android.os.BinderProxy@d1f5c51
04-20 15:40:49.090023   964  1652 D ActivityManager: SVC-Executing service done: ServiceRecord{a3dd2c u0 com.android.providers.media/.MediaScannerService}, type=2, startId=0, res=0
04-20 15:40:49.090468   964  1652 V ActivityManager: <<< DONE EXECUTING ServiceRecord{a3dd2c u0 com.android.providers.media/.MediaScannerService}: nesting=1, inDestroying=true, app=ProcessRecord{7442e21 12739:android.process.media/u0a7}
04-20 15:40:49.091169 12739 12739 D ActivityThread: SVC-Creating service: CreateServiceData{token=android.os.BinderProxy@aee38bc className=com.android.providers.media.MediaScannerService packageName=com.android.providers.media intent=null}
04-20 15:40:49.122689   964  1927 D ActivityManager: SVC-Executing service done: ServiceRecord{307a018 u0 com.android.providers.media/.MediaScannerService}, type=0, startId=0, res=0
04-20 15:40:49.123161   964  1927 V ActivityManager: <<< DONE EXECUTING ServiceRecord{307a018 u0 com.android.providers.media/.MediaScannerService}: nesting=2, inDestroying=false, app=ProcessRecord{7442e21 12739:android.process.media/u0a7}
04-20 15:40:49.124773 12739 12739 D ActivityThread: SVC-CREATE_SERVICE handled : 0 / CreateServiceData{token=android.os.BinderProxy@aee38bc className=com.android.providers.media.MediaScannerService packageName=com.android.providers.media intent=null}
04-20 15:40:49.127025 12739 12739 D ActivityThread: SVC-Calling onStartCommand: com.android.providers.media.MediaScannerService@a1fa045, flags=0, startId=1
04-20 15:40:49.235104 12739 12739 D ActivityThread: SVC-SERVICE_ARGS handled : 0 / ServiceArgsData{token=android.os.BinderProxy@aee38bc startId=1 args=Intent { cmp=com.android.providers.media/.MediaScannerService (has extras) }}
04-20 15:40:49.235257   964  1844 D ActivityManager: SVC-Executing service done: ServiceRecord{307a018 u0 com.android.providers.media/.MediaScannerService}, type=1, startId=1, res=3
04-20 15:40:49.235427   964  1844 V ActivityManager: <<< DONE EXECUTING ServiceRecord{307a018 u0 com.android.providers.media/.MediaScannerService}: nesting=1, inDestroying=false, app=ProcessRecord{7442e21 12739:android.process.media/u0a7}
04-20 15:40:49.252312   964  1006 D PowerManagerService: userActivityFromNative
04-20 15:40:49.252567   964  1006 D PowerManagerService: userActivityNoUpdateLocked: eventTime=20438411, event=2, flags=0x0, uid=1000
04-20 15:40:49.252752   964  1006 D PowerManagerNotifier: onUserActivity: event=2, uid=1000
04-20 15:40:49.253160   964  1006 D PowerManagerService: updateUserActivitySummaryLocked: mWakefulness=Awake, mUserActivitySummary=0x1, nextTimeout=20491411 (in 52998 ms)
04-20 15:40:49.253587   964  1006 D DisplayPowerController: requestPowerState: policy=BRIGHT, useProximitySensor=false, screenBrightness=102, screenAutoBrightnessAdjustment=0.0, brightnessSetByUser=true, useAutoBrightness=false, blockScreenOn=false, lowPowerMode=false, boostScreenBrightness=false, dozeScreenBrightness=-1, dozeScreenState=UNKNOWN, waitForNegativeProximity=false
04-20 15:40:49.253677   964  1006 I PowerManagerService: setBrightness mButtonLight 0.
04-20 15:40:49.253861   964  1006 D PowerManagerService: updateDisplayPowerStateLocked: mDisplayReady=true, policy=3, mWakefulness=1, mWakeLockSummary=0x0, mUserActivitySummary=0x1, mBootCompleted=true, mScreenBrightnessBoostInProgress=false
04-20 15:40:49.261347   964   979 D NotificationService: clearEffects
04-20 15:40:49.397953   964  1663 V WindowManager: Looking for focus: 6 = Window{fa8f8e8 u0 StatusBar}, flags=-2121924544, canReceive=true
04-20 15:40:49.398124   964  1663 V WindowManager: findFocusedWindow: Found new focus @ 6 = Window{fa8f8e8 u0 StatusBar}
04-20 15:40:49.398807   964  1663 V WindowManager: Changing focus from Window{7d0bd72 u0 com.mediatek.mtklogger/com.mediatek.mtklogger.MainActivity} to Window{fa8f8e8 u0 StatusBar} Callers=com.android.server.wm.WindowManagerService.relayoutWindow:3588 com.android.server.wm.Session.relayout:201 android.view.IWindowSession$Stub.onTransact:284 com.android.server.wm.Session.onTransact:133 
04-20 15:40:49.399076   964  1663 D WindowManager: Input focus has changed to Window{fa8f8e8 u0 StatusBar}
04-20 15:40:49.404742   964   987 I WindowManager: Focus moving from Window{7d0bd72 u0 com.mediatek.mtklogger/com.mediatek.mtklogger.MainActivity} to Window{fa8f8e8 u0 StatusBar}
04-20 15:40:49.404866   964   987 I WindowManager: Gaining focus: Window{fa8f8e8 u0 StatusBar}
04-20 15:40:49.405156   964   987 I WindowManager: Losing focus: Window{7d0bd72 u0 com.mediatek.mtklogger/com.mediatek.mtklogger.MainActivity}
04-20 15:40:49.414963   964  8872 V ActivityManager: >>> EXECUTING destroy of ServiceRecord{307a018 u0 com.android.providers.media/.MediaScannerService} in app ProcessRecord{7442e21 12739:android.process.media/u0a7}
04-20 15:40:49.417086 12739 12739 D ActivityThread: SVC-Destroying service: com.android.providers.media.MediaScannerService@a1fa045
04-20 15:40:49.417231   964  2089 V ActivityManager: startService: Intent { cmp=com.android.providers.media/.MediaScannerService (has extras) } callerApp=ProcessRecord{7442e21 12739:android.process.media/u0a7}
04-20 15:40:49.418829   964  2089 V ActivityManager: >>> EXECUTING create of ServiceRecord{3b34b73 u0 com.android.providers.media/.MediaScannerService} in app ProcessRecord{7442e21 12739:android.process.media/u0a7}
04-20 15:40:49.420685   964   983 V SettingsProvider: packageValueForCallResult, name = user_setup_complete, value : 1
04-20 15:40:49.424375   964  2089 V ActivityManager: AMS Creating service ServiceRecord{3b34b73 u0 com.android.providers.media/.MediaScannerService}
04-20 15:40:49.427321   964  2089 V ActivityManager: Sending arguments to: ServiceRecord{3b34b73 u0 com.android.providers.media/.MediaScannerService} android.content.Intent$FilterComparison@5e49f425 args=Intent { cmp=com.android.providers.media/.MediaScannerService (has extras) }
