04-20 15:40:57.168616   964  1670 V ActivityManager: >>> EXECUTING create of ServiceRecord{15cf736 u0 com.android.providers.media/.MediaScannerService} in app ProcessRecord{7442e21 12739:android.process.media/u0a7}
04-20 15:40:57.170624   964  1670 V ActivityManager: AMS Creating service ServiceRecord{15cf736 u0 com.android.providers.media/.MediaScannerService}
04-20 15:40:57.171574   964  1670 V ActivityManager: Sending arguments to: ServiceRecord{15cf736 u0 com.android.providers.media/.MediaScannerService} android.content.Intent$FilterComparison@5e49f425 args=Intent { cmp=com.android.providers.media/.MediaScannerService (has extras) }
04-20 15:40:57.171780   964  1670 V ActivityManager: >>> EXECUTING start of ServiceRecord{15cf736 u0 com.android.providers.media/.MediaScannerService} in app ProcessRecord{7442e21 12739:android.process.media/u0a7}
04-20 15:40:57.172782   964  1670 D ActivityManager: SVC-Sent arguments: ServiceRecord{15cf736 u0 com.android.providers.media/.MediaScannerService}, app=ProcessRecord{7442e21 12739:android.process.media/u0a7}, args=Intent { cmp=com.android.providers.media/.MediaScannerService (has extras) }, flags=0
04-20 15:40:57.175853   964  1844 D ActivityManager: SVC-Executing service done: ServiceRecord{daf5e6a u0 com.android.providers.media/.MediaScannerService}, type=2, startId=0, res=0
04-20 15:40:57.176061   964  1844 V ActivityManager: <<< DONE EXECUTING ServiceRecord{daf5e6a u0 com.android.providers.media/.MediaScannerService}: nesting=1, inDestroying=true, app=ProcessRecord{7442e21 12739:android.process.media/u0a7}
04-20 15:40:57.176500 12739 12739 D ActivityThread: SVC-STOP_SERVICE handled : 0 / android.os.BinderProxy@9b30d23
04-20 15:40:57.177404 12739 12739 D ActivityThread: SVC-Creating service: CreateServiceData{token=android.os.BinderProxy@5c64a76 className=com.android.providers.media.MediaScannerService packageName=com.android.providers.media intent=null}
04-20 15:40:57.188528   964   976 V WindowManager: Remove Window{5bf9668 u0 com.android.settings/com.android.settings.deviceinfo.UsbModeChooserActivity} client=147758b, surface=Surface(name=com.android.settings/com.android.settings.deviceinfo.UsbModeChooserActivity) Callers=com.android.server.wm.WindowManagerService.removeWindow:2900 com.android.server.wm.Session.remove:190 android.view.IWindowSession$Stub.onTransact:242 com.android.server.wm.Session.onTransact:133 
04-20 15:40:57.190387   964   976 V WindowManager: Looking for focus: 8 = Window{fa8f8e8 u0 StatusBar}, flags=-2122055608, canReceive=false
04-20 15:40:57.190589   964   976 V WindowManager: findFocusedWindow: Found new focus @ 3 = Window{e9cca80 u0 com.android.settings/com.android.settings.deviceinfo.UsbModeChooserActivity}
04-20 15:40:57.191441   964   976 V WindowManager: Changing focus from Window{5bf9668 u0 com.android.settings/com.android.settings.deviceinfo.UsbModeChooserActivity EXITING} to Window{e9cca80 u0 com.android.settings/com.android.settings.deviceinfo.UsbModeChooserActivity} Callers=com.android.server.wm.WindowManagerService.removeWindowLocked:2973 com.android.server.wm.WindowManagerService.removeWindow:2900 com.android.server.wm.Session.remove:190 android.view.IWindowSession$Stub.onTransact:242 
04-20 15:40:57.191720   964   976 D WindowManager: Input focus has changed to Window{e9cca80 u0 com.android.settings/com.android.settings.deviceinfo.UsbModeChooserActivity}
04-20 15:40:57.197677   964   987 I WindowManager: Focus moving from Window{5bf9668 u0 com.android.settings/com.android.settings.deviceinfo.UsbModeChooserActivity EXITING} to Window{e9cca80 u0 com.android.settings/com.android.settings.deviceinfo.UsbModeChooserActivity}
04-20 15:40:57.197820   964   987 I WindowManager: Gaining focus: Window{e9cca80 u0 com.android.settings/com.android.settings.deviceinfo.UsbModeChooserActivity}
04-20 15:40:57.197823   964  8872 D ActivityManager: SVC-Executing service done: ServiceRecord{15cf736 u0 com.android.providers.media/.MediaScannerService}, type=0, startId=0, res=0
04-20 15:40:57.198042   964  8872 V ActivityManager: <<< DONE EXECUTING ServiceRecord{15cf736 u0 com.android.providers.media/.MediaScannerService}: nesting=2, inDestroying=false, app=ProcessRecord{7442e21 12739:android.process.media/u0a7}
04-20 15:40:57.198114   964   987 I WindowManager: Losing focus: Window{5bf9668 u0 com.android.settings/com.android.settings.deviceinfo.UsbModeChooserActivity EXITING}
04-20 15:40:57.198501 12739 12739 D ActivityThread: SVC-CREATE_SERVICE handled : 0 / CreateServiceData{token=android.os.BinderProxy@5c64a76 className=com.android.providers.media.MediaScannerService packageName=com.android.providers.media intent=null}
04-20 15:40:57.199601 12739 12739 D ActivityThread: SVC-Calling onStartCommand: com.android.providers.media.MediaScannerService@d61d877, flags=0, startId=1
04-20 15:40:57.203876 12837 12837 W ViewRootImpl: Dropping event due to root view being removed: MotionEvent { action=ACTION_MOVE, actionButton=0, id[0]=0, x[0]=480.3498, y[0]=624.2531, toolType[0]=TOOL_TYPE_FINGER, buttonState=0, metaState=0, flags=0x0, edgeFlags=0x0, pointerCount=1, historySize=0, eventTime=20446336, downTime=20446317, deviceId=1, source=0x1002 }
04-20 15:40:57.207315   964  2088 V InputMethodManagerService: windowGainedFocus: android.os.BinderProxy@2029f5a controlFlags=#104 softInputMode=#120 windowFlags=#1800002
04-20 15:40:57.213159   964   975 D ActivityManager: ACT-Finishing activity token=Token{ee4f7aa ActivityRecord{78209d9 u0 com.android.settings/.deviceinfo.UsbModeChooserActivity t57}}, result=0, data=null
04-20 15:40:57.213733   964   975 D ActivityManager: ACT-AM_FINISH_ACTIVITY ActivityRecord{78209d9 u0 com.android.settings/.deviceinfo.UsbModeChooserActivity t57 f} task:TaskRecord{8347f9e #57 I=com.android.settings/.deviceinfo.UsbModeChooserActivity U=0 sz=1} app-request
04-20 15:40:57.219931   964   975 V WindowManager: Looking for focus: 8 = Window{fa8f8e8 u0 StatusBar}, flags=-2122055608, canReceive=false
04-20 15:40:57.220177   964   975 V WindowManager: findFocusedWindow: Found new focus @ 3 = Window{e9cca80 u0 com.android.settings/com.android.settings.deviceinfo.UsbModeChooserActivity}
04-20 15:40:57.224088   964   975 V WindowManager: Set focused app to: AppWindowToken{6bd1299 token=Token{41ed2e5 ActivityRecord{5838d29 u0 com.mediatek.mtklogger/.MainActivity t55}}} old focus=AppWindowToken{a55ef38 token=Token{ee4f7aa ActivityRecord{78209d9 u0 com.android.settings/.deviceinfo.UsbModeChooserActivity t57}}} moveFocusNow=true
04-20 15:40:57.225717   964   975 V WindowManager: Looking for focus: 8 = Window{fa8f8e8 u0 StatusBar}, flags=-2122055608, canReceive=false
04-20 15:40:57.225990   964   975 V WindowManager: findFocusedWindow: Found new focus @ 3 = Window{e9cca80 u0 com.android.settings/com.android.settings.deviceinfo.UsbModeChooserActivity}
04-20 15:40:57.227749   964   975 V WindowManager: setAppVisibility(Token{ee4f7aa ActivityRecord{78209d9 u0 com.android.settings/.deviceinfo.UsbModeChooserActivity t57 f}}, visible=false): mNextAppTransition=TRANSIT_TASK_CLOSE hidden=false hiddenRequested=false Callers=com.android.server.am.ActivityStack.finishActivityLocked:3438 com.android.server.am.ActivityStack.requestFinishActivityLocked:3266 com.android.server.am.ActivityManagerService.finishActivity:4556 android.app.ActivityManagerNative.onTransact:356 com.android.server.am.ActivityManagerService.onTransact:2621 android.os.Binder.execTransact:458 
04-20 15:40:57.255009   964   975 D ActivityManager: ACT-AM_PAUSE_ACTIVITY ActivityRecord{78209d9 u0 com.android.settings/.deviceinfo.UsbModeChooserActivity t57 f}
04-20 15:40:57.256521   964   975 D PowerManagerService: acquireWakeLockInternal: lock=193877478, flags=0x1, tag="*launch*", ws=WorkSource{1000}, uid=1000, pid=964
04-20 15:40:57.256825   964   975 D PowerManagerService: updateWakeLockSummaryLocked: mWakefulness=Awake, mWakeLockSummary=0x1
04-20 15:40:57.257127   964   975 D PowerManagerService: updateUserActivitySummaryLocked: mWakefulness=Awake, mUserActivitySummary=0x1, nextTimeout=20499317 (in 52900 ms)
04-20 15:40:57.257568   964   975 D DisplayPowerController: requestPowerState: policy=BRIGHT, useProximitySensor=false, screenBrightness=102, screenAutoBrightnessAdjustment=0.0, brightnessSetByUser=true, useAutoBrightness=false, blockScreenOn=false, lowPowerMode=false, boostScreenBrightness=false, dozeScreenBrightness=-1, dozeScreenState=UNKNOWN, waitForNegativeProximity=false
04-20 15:40:57.257659   964   975 I PowerManagerService: setBrightness mButtonLight 0.
04-20 15:40:57.257840   964   975 D PowerManagerService: updateDisplayPowerStateLocked: mDisplayReady=true, policy=3, mWakefulness=1, mWakeLockSummary=0x1, mUserActivitySummary=0x1, mBootCompleted=true, mScreenBrightnessBoostInProgress=false
04-20 15:40:57.258103   964   975 D PowerManagerService: Acquiring suspend blocker "PowerManagerService.WakeLocks".
04-20 15:40:57.258547   964   975 D PowerManagerNotifier: onWakeLockAcquired: flags=1, tag="*launch*", packageName=android, ownerUid=1000, ownerPid=964, workSource=WorkSource{1000}
04-20 15:40:57.262283 12837 12837 D ActivityThread: ACT-AM_ON_PAUSE_CALLED ActivityRecord{ab17fdb token=android.os.BinderProxy@ea5a78 {com.android.settings/com.android.settings.deviceinfo.UsbModeChooserActivity}}
04-20 15:40:57.263488   964   979 D ActivityManager: ACT-paused: token=Token{ee4f7aa ActivityRecord{78209d9 u0 com.android.settings/.deviceinfo.UsbModeChooserActivity t57 f}}, timeout=false
04-20 15:40:57.265915   964   979 D PowerManagerService: updateWakeLockWorkSourceInternal: lock=193877478 [*launch*], ws=WorkSource{10056}
04-20 15:40:57.266303   964   979 D PowerManagerNotifier: onWakeLockChanging: flags=1, tag="*launch*", packageName=android, ownerUid=1000, ownerPid=964, workSource=WorkSource{10056}
04-20 15:40:57.269208   964   979 V WindowManager: setAppVisibility(Token{ee4f7aa ActivityRecord{78209d9 u0 com.android.settings/.deviceinfo.UsbModeChooserActivity t57 f}}, visible=false): mNextAppTransition=TRANSIT_TASK_CLOSE hidden=false hiddenRequested=true Callers=com.android.server.am.ActivityStack.resumeTopActivityInnerLocked:2096 com.android.server.am.ActivityStack.resumeTopActivityLocked:1816 com.android.server.am.ActivityStackSupervisor.resumeTopActivitiesLocked:3097 com.android.server.am.ActivityStack.completePauseLocked:1195 com.android.server.am.ActivityStack.activityPausedLocked:1061 com.android.server.am.ActivityManagerService.activityPaused:7208 
04-20 15:40:57.271547   964   979 V WindowManager: setAppVisibility(Token{ee4f7aa ActivityRecord{78209d9 u0 com.android.settings/.deviceinfo.UsbModeChooserActivity t57 f}}, visible=false): mNextAppTransition=TRANSIT_TASK_CLOSE hidden=false hiddenRequested=true Callers=com.android.server.am.ActivityStack.resumeTopActivityInnerLocked:2139 com.android.server.am.ActivityStack.resumeTopActivityLocked:1816 com.android.server.am.ActivityStackSupervisor.resumeTopActivitiesLocked:3097 com.android.server.am.ActivityStack.completePauseLocked:1195 com.android.server.am.ActivityStack.activityPausedLocked:1061 com.android.server.am.ActivityManagerService.activityPaused:7208 
04-20 15:40:57.272852   964   979 V WindowManager: setAppVisibility(Token{41ed2e5 ActivityRecord{5838d29 u0 com.mediatek.mtklogger/.MainActivity t55}}, visible=true): mNextAppTransition=TRANSIT_TASK_CLOSE hidden=false hiddenRequested=false Callers=com.android.server.am.ActivityStack.resumeTopActivityInnerLocked:2195 com.android.server.am.ActivityStack.resumeTopActivityLocked:1816 com.android.server.am.ActivityStackSupervisor.resumeTopActivitiesLocked:3097 com.android.server.am.ActivityStack.completePauseLocked:1195 com.android.server.am.ActivityStack.activityPausedLocked:1061 com.android.server.am.ActivityManagerService.activityPaused:7208 
04-20 15:40:57.277006   964   979 D ActivityManager: ACT-AM_RESUME_ACTIVITY ActivityRecord{5838d29 u0 com.mediatek.mtklogger/.MainActivity t55} task:55
04-20 15:40:57.278001 12140 12140 V ActivityThread: Performing resume of ActivityRecord{aee38bc token=android.os.BinderProxy@a1fa045 {com.mediatek.mtklogger/com.mediatek.mtklogger.MainActivity}}
04-20 15:40:57.278030   964   979 D WindowManager: notifyActivityDrawnForKeyguard: waiting=false Callers=com.android.server.am.ActivityStackSupervisor.notifyActivityDrawnForKeyguard:440 com.android.server.am.ActivityStack.completeResumeLocked:1262 com.android.server.am.ActivityStack.resumeTopActivityInnerLocked:2347 com.android.server.am.ActivityStack.resumeTopActivityLocked:1816 com.android.server.am.ActivityStackSupervisor.resumeTopActivitiesLocked:3097 
04-20 15:40:57.280540   964   979 V WindowManager: **** GOOD TO GO
04-20 15:40:57.287108   964   979 V WindowManager: Looking for focus: 8 = Window{fa8f8e8 u0 StatusBar}, flags=-2122055608, canReceive=false
04-20 15:40:57.287474   964   979 V WindowManager: findFocusedWindow: Found new focus @ 2 = Window{7d0bd72 u0 com.mediatek.mtklogger/com.mediatek.mtklogger.MainActivity}
04-20 15:40:57.288361   964   979 V WindowManager: Changing focus from Window{e9cca80 u0 com.android.settings/com.android.settings.deviceinfo.UsbModeChooserActivity} to Window{7d0bd72 u0 com.mediatek.mtklogger/com.mediatek.mtklogger.MainActivity} Callers=com.android.server.wm.WindowManagerService.handleAppTransitionReadyLocked:10077 com.android.server.wm.WindowManagerService.performLayoutAndPlaceSurfacesLockedInner:10699 com.android.server.wm.WindowManagerService.performLayoutAndPlaceSurfacesLockedLoop:9443 com.android.server.wm.WindowManagerService.performLayoutAndPlaceSurfacesLocked:9390 
04-20 15:40:57.288717   964   979 D WindowManager: Input focus has changed to Window{7d0bd72 u0 com.mediatek.mtklogger/com.mediatek.mtklogger.MainActivity}
04-20 15:40:57.291131   964   979 D WindowManager: notifyActivityDrawnForKeyguard: waiting=false Callers=com.android.server.wm.WindowManagerService.handleAppTransitionReadyLocked:10079 com.android.server.wm.WindowManagerService.performLayoutAndPlaceSurfacesLockedInner:10699 com.android.server.wm.WindowManagerService.performLayoutAndPlaceSurfacesLockedLoop:9443 com.android.server.wm.WindowManagerService.performLayoutAndPlaceSurfacesLocked:9390 com.android.server.wm.WindowManagerService.executeAppTransition:4585 
04-20 15:40:57.297564   964   979 D ActivityManager: Delay resumeKeyDispatchingLocked() to avoid deadlock.
04-20 15:40:57.299025 12837 12837 D ActivityThread: ACT-PAUSE_ACTIVITY_FINISHING handled : 0 / android.os.BinderProxy@ea5a78
04-20 15:40:57.301711   964   987 I WindowManager: Focus moving from Window{e9cca80 u0 com.android.settings/com.android.settings.deviceinfo.UsbModeChooserActivity} to Window{7d0bd72 u0 com.mediatek.mtklogger/com.mediatek.mtklogger.MainActivity}
04-20 15:40:57.301878   964   987 I WindowManager: Gaining focus: Window{7d0bd72 u0 com.mediatek.mtklogger/com.mediatek.mtklogger.MainActivity}
04-20 15:40:57.304062   964   987 I WindowManager: Losing focus: Window{e9cca80 u0 com.android.settings/com.android.settings.deviceinfo.UsbModeChooserActivity}
04-20 15:40:57.322349 12739 12739 D ActivityThread: SVC-SERVICE_ARGS handled : 0 / ServiceArgsData{token=android.os.BinderProxy@5c64a76 startId=1 args=Intent { cmp=com.android.providers.media/.MediaScannerService (has extras) }}
04-20 15:40:57.322920   964   976 D ActivityManager: SVC-Executing service done: ServiceRecord{15cf736 u0 com.android.providers.media/.MediaScannerService}, type=1, startId=1, res=3
04-20 15:40:57.323115   964   976 V ActivityManager: <<< DONE EXECUTING ServiceRecord{15cf736 u0 com.android.providers.media/.MediaScannerService}: nesting=1, inDestroying=false, app=ProcessRecord{7442e21 12739:android.process.media/u0a7}
04-20 15:40:57.327796 12140 12140 D ActivityThread: ACT-AM_ON_RESUME_CALLED ActivityRecord{aee38bc token=android.os.BinderProxy@a1fa045 {com.mediatek.mtklogger/com.mediatek.mtklogger.MainActivity}}
04-20 15:40:57.327936 12140 12140 V ActivityThread: Resume ActivityRecord{aee38bc token=android.os.BinderProxy@a1fa045 {com.mediatek.mtklogger/com.mediatek.mtklogger.MainActivity}} started activity: false, hideForNow: false, finished: false
04-20 15:40:57.328062 12140 12140 V ActivityThread: Resuming ActivityRecord{aee38bc token=android.os.BinderProxy@a1fa045 {com.mediatek.mtklogger/com.mediatek.mtklogger.MainActivity}} with isForward=false
04-20 15:40:57.328492 12140 12140 V ActivityThread: Scheduling idle handler for ActivityRecord{aee38bc token=android.os.BinderProxy@a1fa045 {com.mediatek.mtklogger/com.mediatek.mtklogger.MainActivity}}
04-20 15:40:57.330570 12140 12140 D ActivityThread: ACT-RESUME_ACTIVITY handled : 0 / android.os.BinderProxy@a1fa045
04-20 15:40:57.336472   964  8872 V WindowManager: Looking for focus: 8 = Window{fa8f8e8 u0 StatusBar}, flags=-2122055608, canReceive=false
04-20 15:40:57.336697   964  8872 V WindowManager: findFocusedWindow: Found new focus @ 2 = Window{7d0bd72 u0 com.mediatek.mtklogger/com.mediatek.mtklogger.MainActivity}
04-20 15:40:57.337466   964   979 V InputMethodManagerService: windowGainedFocus: android.os.BinderProxy@74f7e07 controlFlags=#100 softInputMode=#20 windowFlags=#1810100
04-20 15:40:57.455491   964  2088 D PowerManagerService: releaseWakeLockInternal: lock=193877478 [*launch*], flags=0x0, total_time=198ms
04-20 15:40:57.455991   964  2088 D PowerManagerNotifier: onWakeLockReleased: flags=1, tag="*launch*", packageName=android, ownerUid=1000, ownerPid=964, workSource=WorkSource{10056}
04-20 15:40:57.456501   964  2088 D PowerManagerService: updateWakeLockSummaryLocked: mWakefulness=Awake, mWakeLockSummary=0x0
04-20 15:40:57.456914   964  2088 D PowerManagerService: updateUserActivitySummaryLocked: mWakefulness=Awake, mUserActivitySummary=0x1, nextTimeout=20499317 (in 52700 ms)
04-20 15:40:57.458129   964  2088 D DisplayPowerController: requestPowerState: policy=BRIGHT, useProximitySensor=false, screenBrightness=102, screenAutoBrightnessAdjustment=0.0, brightnessSetByUser=true, useAutoBrightness=false, blockScreenOn=false, lowPowerMode=false, boostScreenBrightness=false, dozeScreenBrightness=-1, dozeScreenState=UNKNOWN, waitForNegativeProximity=false
04-20 15:40:57.458278   964  2088 I PowerManagerService: setBrightness mButtonLight 0.
04-20 15:40:57.458557   964  2088 D PowerManagerService: updateDisplayPowerStateLocked: mDisplayReady=true, policy=3, mWakefulness=1, mWakeLockSummary=0x0, mUserActivitySummary=0x1, mBootCompleted=true, mScreenBrightnessBoostInProgress=false
04-20 15:40:57.459054   964  2088 D PowerManagerService: Releasing suspend blocker "PowerManagerService.WakeLocks".
04-20 15:40:57.460718   964  2088 D ActivityManager: ACT-Removing activity from finish-imm: token=ActivityRecord{78209d9 u0 com.android.settings/.deviceinfo.UsbModeChooserActivity t57 f}, app=com.android.settings
04-20 15:40:57.481465   964  1843 V WindowManager: Looking for focus: 7 = Window{fa8f8e8 u0 StatusBar}, flags=-2122055608, canReceive=false
04-20 15:40:57.482244   964  1843 V WindowManager: findFocusedWindow: Found new focus @ 2 = Window{7d0bd72 u0 com.mediatek.mtklogger/com.mediatek.mtklogger.MainActivity}
04-20 15:40:57.487769 12837 12837 D ActivityThread: ACT-DESTROY_ACTIVITY handled : 1 / android.os.BinderProxy@ea5a78
04-20 15:40:57.558467   964   987 V WindowManager: Looking for focus: 6 = Window{fa8f8e8 u0 StatusBar}, flags=-2122055608, canReceive=false
04-20 15:40:57.558674   964   987 V WindowManager: findFocusedWindow: Found new focus @ 2 = Window{7d0bd72 u0 com.mediatek.mtklogger/com.mediatek.mtklogger.MainActivity}
04-20 15:40:57.585265   964  8872 V ActivityManager: >>> EXECUTING destroy of ServiceRecord{15cf736 u0 com.android.providers.media/.MediaScannerService} in app ProcessRecord{7442e21 12739:android.process.media/u0a7}
04-20 15:40:57.586484   964  1670 V ActivityManager: startService: Intent { cmp=com.android.providers.media/.MediaScannerService (has extras) } callerApp=ProcessRecord{7442e21 12739:android.process.media/u0a7}
04-20 15:40:57.586606 12739 12739 D ActivityThread: SVC-Destroying service: com.android.providers.media.MediaScannerService@d61d877
04-20 15:40:57.588140   964  1670 V ActivityManager: >>> EXECUTING create of ServiceRecord{1f659ca u0 com.android.providers.media/.MediaScannerService} in app ProcessRecord{7442e21 12739:android.process.media/u0a7}
04-20 15:40:57.590181   964  1670 V ActivityManager: AMS Creating service ServiceRecord{1f659ca u0 com.android.providers.media/.MediaScannerService}
04-20 15:40:57.591070   964  1670 V ActivityManager: Sending arguments to: ServiceRecord{1f659ca u0 com.android.providers.media/.MediaScannerService} android.content.Intent$FilterComparison@5e49f425 args=Intent { cmp=com.android.providers.media/.MediaScannerService (has extras) }
04-20 15:40:57.591250   964  1670 V ActivityManager: >>> EXECUTING start of ServiceRecord{1f659ca u0 com.android.providers.media/.MediaScannerService} in app ProcessRecord{7442e21 12739:android.process.media/u0a7}
04-20 15:40:57.591830   964  1670 D ActivityManager: SVC-Sent arguments: ServiceRecord{1f659ca u0 com.android.providers.media/.MediaScannerService}, app=ProcessRecord{7442e21 12739:android.process.media/u0a7}, args=Intent { cmp=com.android.providers.media/.MediaScannerService (has extras) }, flags=0
04-20 15:40:57.592973 12739 12739 D ActivityThread: SVC-STOP_SERVICE handled : 0 / android.os.BinderProxy@5c64a76
04-20 15:40:57.593127   964   979 D ActivityManager: SVC-Executing service done: ServiceRecord{15cf736 u0 com.android.providers.media/.MediaScannerService}, type=2, startId=0, res=0
04-20 15:40:57.593307   964   979 V ActivityManager: <<< DONE EXECUTING ServiceRecord{15cf736 u0 com.android.providers.media/.MediaScannerService}: nesting=1, inDestroying=true, app=ProcessRecord{7442e21 12739:android.process.media/u0a7}
04-20 15:40:57.593723 12739 12739 D ActivityThread: SVC-Creating service: CreateServiceData{token=android.os.BinderProxy@db70105 className=com.android.providers.media.MediaScannerService packageName=com.android.providers.media intent=null}
04-20 15:40:57.607620 12739 12739 D ActivityThread: SVC-CREATE_SERVICE handled : 0 / CreateServiceData{token=android.os.BinderProxy@db70105 className=com.android.providers.media.MediaScannerService packageName=com.android.providers.media intent=null}
04-20 15:40:57.607780   964  2088 D ActivityManager: SVC-Executing service done: ServiceRecord{1f659ca u0 com.android.providers.media/.MediaScannerService}, type=0, startId=0, res=0
04-20 15:40:57.607963   964  2088 V ActivityManager: <<< DONE EXECUTING ServiceRecord{1f659ca u0 com.android.providers.media/.MediaScannerService}: nesting=2, inDestroying=false, app=ProcessRecord{7442e21 12739:android.process.media/u0a7}
04-20 15:40:57.608725 12739 12739 D ActivityThread: SVC-Calling onStartCommand: com.android.providers.media.MediaScannerService@819255a, flags=0, startId=1
04-20 15:40:57.716403 12739 12739 D ActivityThread: SVC-SERVICE_ARGS handled : 0 / ServiceArgsData{token=android.os.BinderProxy@db70105 startId=1 args=Intent { cmp=com.android.providers.media/.MediaScannerService (has extras) }}
04-20 15:40:57.716557   964  1843 D ActivityManager: SVC-Executing service done: ServiceRecord{1f659ca u0 com.android.providers.media/.MediaScannerService}, type=1, startId=1, res=3
04-20 15:40:57.716762   964  1843 V ActivityManager: <<< DONE EXECUTING ServiceRecord{1f659ca u0 com.android.providers.media/.MediaScannerService}: nesting=1, inDestroying=false, app=ProcessRecord{7442e21 12739:android.process.media/u0a7}
04-20 15:40:57.789675   964  1843 V ActivityManager: >>> EXECUTING destroy of ServiceRecord{1f659ca u0 com.android.providers.media/.MediaScannerService} in app ProcessRecord{7442e21 12739:android.process.media/u0a7}
04-20 15:40:57.790922   964  1670 V ActivityManager: startService: Intent { cmp=com.android.providers.media/.MediaScannerService (has extras) } callerApp=ProcessRecord{7442e21 12739:android.process.media/u0a7}
04-20 15:40:57.791196 12739 12739 D ActivityThread: SVC-Destroying service: com.android.providers.media.MediaScannerService@819255a
04-20 15:40:57.792513   964  1670 V ActivityManager: >>> EXECUTING create of ServiceRecord{5084896 u0 com.android.providers.media/.MediaScannerService} in app ProcessRecord{7442e21 12739:android.process.media/u0a7}
04-20 15:40:57.794199   964  1670 V ActivityManager: AMS Creating service ServiceRecord{5084896 u0 com.android.providers.media/.MediaScannerService}
04-20 15:40:57.795111   964  1670 V ActivityManager: Sending arguments to: ServiceRecord{5084896 u0 com.android.providers.media/.MediaScannerService} android.content.Intent$FilterComparison@5e49f425 args=Intent { cmp=com.android.providers.media/.MediaScannerService (has extras) }
04-20 15:40:57.795286   964  1670 V ActivityManager: >>> EXECUTING start of ServiceRecord{5084896 u0 com.android.providers.media/.MediaScannerService} in app ProcessRecord{7442e21 12739:android.process.media/u0a7}
04-20 15:40:57.795948   964  1670 D ActivityManager: SVC-Sent arguments: ServiceRecord{5084896 u0 com.android.providers.media/.MediaScannerService}, app=ProcessRecord{7442e21 12739:android.process.media/u0a7}, args=Intent { cmp=com.android.providers.media/.MediaScannerService (has extras) }, flags=0
04-20 15:40:57.797035 12739 12739 D ActivityThread: SVC-STOP_SERVICE handled : 0 / android.os.BinderProxy@db70105
04-20 15:40:57.797274   964  1652 D ActivityManager: SVC-Executing service done: ServiceRecord{1f659ca u0 com.android.providers.media/.MediaScannerService}, type=2, startId=0, res=0
04-20 15:40:57.797439   964  1652 V ActivityManager: <<< DONE EXECUTING ServiceRecord{1f659ca u0 com.android.providers.media/.MediaScannerService}: nesting=1, inDestroying=true, app=ProcessRecord{7442e21 12739:android.process.media/u0a7}
04-20 15:40:57.797768 12739 12739 D ActivityThread: SVC-Creating service: CreateServiceData{token=android.os.BinderProxy@1b5d903 className=com.android.providers.media.MediaScannerService packageName=com.android.providers.media intent=null}
04-20 15:40:57.810754 12739 12739 D ActivityThread: SVC-CREATE_SERVICE handled : 0 / CreateServiceData{token=android.os.BinderProxy@1b5d903 className=com.android.providers.media.MediaScannerService packageName=com.android.providers.media intent=null}
04-20 15:40:57.810926   964  1162 D ActivityManager: SVC-Executing service done: ServiceRecord{5084896 u0 com.android.providers.media/.MediaScannerService}, type=0, startId=0, res=0
04-20 15:40:57.811151   964  1162 V ActivityManager: <<< DONE EXECUTING ServiceRecord{5084896 u0 com.android.providers.media/.MediaScannerService}: nesting=2, inDestroying=false, app=ProcessRecord{7442e21 12739:android.process.media/u0a7}
04-20 15:40:57.811910 12739 12739 D ActivityThread: SVC-Calling onStartCommand: com.android.providers.media.MediaScannerService@dde8080, flags=0, startId=1
04-20 15:40:57.919317 12739 12739 D ActivityThread: SVC-SERVICE_ARGS handled : 0 / ServiceArgsData{token=android.os.BinderProxy@1b5d903 startId=1 args=Intent { cmp=com.android.providers.media/.MediaScannerService (has extras) }}
04-20 15:40:57.919614   964  1582 D ActivityManager: SVC-Executing service done: ServiceRecord{5084896 u0 com.android.providers.media/.MediaScannerService}, type=1, startId=1, res=3
04-20 15:40:57.919796   964  1582 V ActivityManager: <<< DONE EXECUTING ServiceRecord{5084896 u0 com.android.providers.media/.MediaScannerService}: nesting=1, inDestroying=false, app=ProcessRecord{7442e21 12739:android.process.media/u0a7}
04-20 15:40:58.014371   964  1843 V ActivityManager: >>> EXECUTING destroy of ServiceRecord{5084896 u0 com.android.providers.media/.MediaScannerService} in app ProcessRecord{7442e21 12739:android.process.media/u0a7}
04-20 15:40:58.015689   964  1670 V ActivityManager: startService: Intent { cmp=com.android.providers.media/.MediaScannerService (has extras) } callerApp=ProcessRecord{7442e21 12739:android.process.media/u0a7}
04-20 15:40:58.016114 12739 12739 D ActivityThread: SVC-Destroying service: com.android.providers.media.MediaScannerService@dde8080
04-20 15:40:58.017366   964  1670 V ActivityManager: >>> EXECUTING create of ServiceRecord{f785822 u0 com.android.providers.media/.MediaScannerService} in app ProcessRecord{7442e21 12739:android.process.media/u0a7}
04-20 15:40:58.019157   964  1670 V ActivityManager: AMS Creating service ServiceRecord{f785822 u0 com.android.providers.media/.MediaScannerService}
04-20 15:40:58.020408   964  1670 V ActivityManager: Sending arguments to: ServiceRecord{f785822 u0 com.android.providers.media/.MediaScannerService} android.content.Intent$FilterComparison@5e49f425 args=Intent { cmp=com.android.providers.media/.MediaScannerService (has extras) }
04-20 15:40:58.020627   964  1670 V ActivityManager: >>> EXECUTING start of ServiceRecord{f785822 u0 com.android.providers.media/.MediaScannerService} in app ProcessRecord{7442e21 12739:android.process.media/u0a7}
04-20 15:40:58.021224   964  1670 D ActivityManager: SVC-Sent arguments: ServiceRecord{f785822 u0 com.android.providers.media/.MediaScannerService}, app=ProcessRecord{7442e21 12739:android.process.media/u0a7}, args=Intent { cmp=com.android.providers.media/.MediaScannerService (has extras) }, flags=0
04-20 15:40:58.022727 12739 12739 D ActivityThread: SVC-STOP_SERVICE handled : 0 / android.os.BinderProxy@1b5d903
04-20 15:40:58.022990   964  1652 D ActivityManager: SVC-Executing service done: ServiceRecord{5084896 u0 com.android.providers.media/.MediaScannerService}, type=2, startId=0, res=0
04-20 15:40:58.023170   964  1652 V ActivityManager: <<< DONE EXECUTING ServiceRecord{5084896 u0 com.android.providers.media/.MediaScannerService}: nesting=1, inDestroying=true, app=ProcessRecord{7442e21 12739:android.process.media/u0a7}
04-20 15:40:58.023674 12739 12739 D ActivityThread: SVC-Creating service: CreateServiceData{token=android.os.BinderProxy@e1c3bd6 className=com.android.providers.media.MediaScannerService packageName=com.android.providers.media intent=null}
04-20 15:40:58.036481 12739 12739 D ActivityThread: SVC-CREATE_SERVICE handled : 0 / CreateServiceData{token=android.os.BinderProxy@e1c3bd6 className=com.android.providers.media.MediaScannerService packageName=com.android.providers.media intent=null}
04-20 15:40:58.036684   964  2089 D ActivityManager: SVC-Executing service done: ServiceRecord{f785822 u0 com.android.providers.media/.MediaScannerService}, type=0, startId=0, res=0
04-20 15:40:58.036900   964  2089 V ActivityManager: <<< DONE EXECUTING ServiceRecord{f785822 u0 com.android.providers.media/.MediaScannerService}: nesting=2, inDestroying=false, app=ProcessRecord{7442e21 12739:android.process.media/u0a7}
04-20 15:40:58.037355 12739 12739 D ActivityThread: SVC-Calling onStartCommand: com.android.providers.media.MediaScannerService@9c4de57, flags=0, startId=1
04-20 15:40:58.112542   964  1001 D AlarmManager: set alarm to RTC 41997438
04-20 15:40:58.112705   964  1001 V AlarmManager: openLteGateSuccess = false
04-20 15:40:58.112872   964  1001 V AlarmManager: socktUnblockingTimeElapsed(ms): 257333 < mMinimumPeriod_BlockSocket: 300000
04-20 15:40:58.113133   964  1001 D AlarmManager: wakeup alarm = Alarm{de7d46e type 0 when 1461138058112 com.google.android.gms}; package = com.google.android.gmsneedGrouping = false
04-20 15:40:58.113448   964  1001 I ActivityManager: [Background Service Priority Adjustment] Set callerFg as false for service.getFlags():260
04-20 15:40:58.115103   964  1001 V ActivityManager: >>> EXECUTING create of ServiceRecord{983270f u0 com.google.android.gms/com.google.android.libraries.social.mediamonitor.MediaMonitorIntentService} in app ProcessRecord{42a4f56 12626:com.google.android.gms/u0a10}
04-20 15:40:58.117693   964  1001 V ActivityManager: AMS Creating service ServiceRecord{983270f u0 com.google.android.gms/com.google.android.libraries.social.mediamonitor.MediaMonitorIntentService}
04-20 15:40:58.118636   964  1001 V ActivityManager: Sending arguments to: ServiceRecord{983270f u0 com.google.android.gms/com.google.android.libraries.social.mediamonitor.MediaMonitorIntentService} android.content.Intent$FilterComparison@8a88b3b6 args=Intent { flg=0x104 cmp=com.google.android.gms/com.google.android.libraries.social.mediamonitor.MediaMonitorIntentService (has extras) }
04-20 15:40:58.118821   964  1001 V ActivityManager: >>> EXECUTING start of ServiceRecord{983270f u0 com.google.android.gms/com.google.android.libraries.social.mediamonitor.MediaMonitorIntentService} in app ProcessRecord{42a4f56 12626:com.google.android.gms/u0a10}
04-20 15:40:58.119711   964  1001 D ActivityManager: SVC-Sent arguments: ServiceRecord{983270f u0 com.google.android.gms/com.google.android.libraries.social.mediamonitor.MediaMonitorIntentService}, app=ProcessRecord{42a4f56 12626:com.google.android.gms/u0a10}, args=Intent { flg=0x104 cmp=com.google.android.gms/com.google.android.libraries.social.mediamonitor.MediaMonitorIntentService (has extras) }, flags=0
04-20 15:40:58.119726 12626 12626 D ActivityThread: SVC-Creating service: CreateServiceData{token=android.os.BinderProxy@c9793ad className=com.google.android.libraries.social.mediamonitor.MediaMonitorIntentService packageName=com.google.android.gms intent=null}
04-20 15:40:58.120242   964  1001 V AlarmManager: sending alarm Alarm{de7d46e type 0 when 1461138058112 com.google.android.gms} success
04-20 15:40:58.120344   964   964 D AlarmManager: onSendFinished begin
04-20 15:40:58.120713   964  1001 D PowerManagerService: acquireWakeLockInternal: lock=47640520, flags=0x1, tag="*alarm*", ws=WorkSource{10010}, uid=1000, pid=964
04-20 15:40:58.120958   964  1001 D PowerManagerService: updateWakeLockSummaryLocked: mWakefulness=Awake, mWakeLockSummary=0x1
04-20 15:40:58.121268   964  1001 D PowerManagerService: updateUserActivitySummaryLocked: mWakefulness=Awake, mUserActivitySummary=0x1, nextTimeout=20499317 (in 52036 ms)
04-20 15:40:58.121723   964  1001 D DisplayPowerController: requestPowerState: policy=BRIGHT, useProximitySensor=false, screenBrightness=102, screenAutoBrightnessAdjustment=0.0, brightnessSetByUser=true, useAutoBrightness=false, blockScreenOn=false, lowPowerMode=false, boostScreenBrightness=false, dozeScreenBrightness=-1, dozeScreenState=UNKNOWN, waitForNegativeProximity=false
04-20 15:40:58.121828   964  1001 I PowerManagerService: setBrightness mButtonLight 0.
04-20 15:40:58.122044   964  1001 D PowerManagerService: updateDisplayPowerStateLocked: mDisplayReady=true, policy=3, mWakefulness=1, mWakeLockSummary=0x1, mUserActivitySummary=0x1, mBootCompleted=true, mScreenBrightnessBoostInProgress=false
04-20 15:40:58.122246   964  1001 D PowerManagerService: Acquiring suspend blocker "PowerManagerService.WakeLocks".
04-20 15:40:58.122621   964  1001 D PowerManagerNotifier: onWakeLockAcquired: flags=1, tag="*alarm*", packageName=android, ownerUid=1000, ownerPid=964, workSource=WorkSource{10010}
04-20 15:40:58.123801   964   964 D PowerManagerService: releaseWakeLockInternal: lock=47640520 [*alarm*], flags=0x0, total_time=3ms
04-20 15:40:58.124072   964   964 D PowerManagerNotifier: onWakeLockReleased: flags=1, tag="*alarm*", packageName=android, ownerUid=1000, ownerPid=964, workSource=WorkSource{10010}
04-20 15:40:58.124353   964   964 D PowerManagerService: updateWakeLockSummaryLocked: mWakefulness=Awake, mWakeLockSummary=0x0
04-20 15:40:58.124622   964   964 D PowerManagerService: updateUserActivitySummaryLocked: mWakefulness=Awake, mUserActivitySummary=0x1, nextTimeout=20499317 (in 52032 ms)
04-20 15:40:58.124950   964   964 D DisplayPowerController: requestPowerState: policy=BRIGHT, useProximitySensor=false, screenBrightness=102, screenAutoBrightnessAdjustment=0.0, brightnessSetByUser=true, useAutoBrightness=false, blockScreenOn=false, lowPowerMode=false, boostScreenBrightness=false, dozeScreenBrightness=-1, dozeScreenState=UNKNOWN, waitForNegativeProximity=false
04-20 15:40:58.125036   964   964 I PowerManagerService: setBrightness mButtonLight 0.
04-20 15:40:58.125256   964   964 D PowerManagerService: updateDisplayPowerStateLocked: mDisplayReady=true, policy=3, mWakefulness=1, mWakeLockSummary=0x0, mUserActivitySummary=0x1, mBootCompleted=true, mScreenBrightnessBoostInProgress=false
04-20 15:40:58.125425   964   964 D PowerManagerService: Releasing suspend blocker "PowerManagerService.WakeLocks".
04-20 15:40:58.146576 12739 12739 D ActivityThread: SVC-SERVICE_ARGS handled : 0 / ServiceArgsData{token=android.os.BinderProxy@e1c3bd6 startId=1 args=Intent { cmp=com.android.providers.media/.MediaScannerService (has extras) }}
04-20 15:40:58.146844   964   976 D ActivityManager: SVC-Executing service done: ServiceRecord{f785822 u0 com.android.providers.media/.MediaScannerService}, type=1, startId=1, res=3
04-20 15:40:58.147060   964   976 V ActivityManager: <<< DONE EXECUTING ServiceRecord{f785822 u0 com.android.providers.media/.MediaScannerService}: nesting=1, inDestroying=false, app=ProcessRecord{7442e21 12739:android.process.media/u0a7}
04-20 15:40:58.155781 12626 12626 D ActivityThread: SVC-CREATE_SERVICE handled : 0 / CreateServiceData{token=android.os.BinderProxy@c9793ad className=com.google.android.libraries.social.mediamonitor.MediaMonitorIntentService packageName=com.google.android.gms intent=null}
04-20 15:40:58.155870   964  1652 D ActivityManager: SVC-Executing service done: ServiceRecord{983270f u0 com.google.android.gms/com.google.android.libraries.social.mediamonitor.MediaMonitorIntentService}, type=0, startId=0, res=0
04-20 15:40:58.156049   964  1652 V ActivityManager: <<< DONE EXECUTING ServiceRecord{983270f u0 com.google.android.gms/com.google.android.libraries.social.mediamonitor.MediaMonitorIntentService}: nesting=2, inDestroying=false, app=ProcessRecord{42a4f56 12626:com.google.android.gms/u0a10}
04-20 15:40:58.156330 12626 12626 D ActivityThread: SVC-Calling onStartCommand: com.google.android.libraries.social.mediamonitor.MediaMonitorIntentService@56c6e2, flags=0, startId=1
04-20 15:40:58.156901 12626 12626 D ActivityThread: SVC-SERVICE_ARGS handled : 0 / ServiceArgsData{token=android.os.BinderProxy@c9793ad startId=1 args=Intent { flg=0x104 cmp=com.google.android.gms/com.google.android.libraries.social.mediamonitor.MediaMonitorIntentService (has extras) }}
04-20 15:40:58.156929   964  8871 D ActivityManager: SVC-Executing service done: ServiceRecord{983270f u0 com.google.android.gms/com.google.android.libraries.social.mediamonitor.MediaMonitorIntentService}, type=1, startId=1, res=2
04-20 15:40:58.157110   964  8871 V ActivityManager: <<< DONE EXECUTING ServiceRecord{983270f u0 com.google.android.gms/com.google.android.libraries.social.mediamonitor.MediaMonitorIntentService}: nesting=1, inDestroying=false, app=ProcessRecord{42a4f56 12626:com.google.android.gms/u0a10}
04-20 15:40:58.158082   964  1162 D ActivityManager: getContentProviderImpl: from caller=android.app.ApplicationThreadProxy@5a421a5 (pid=12626, userId=0) to get content provider media cpr=ContentProviderRecord{cd22994 u0 com.android.providers.media/.MediaProvider}
04-20 15:40:58.160023 12626 12888 D ActivityThread: holder:android.app.IActivityManager$ContentProviderHolder@a57ba73, holder.provider:android.content.ContentProviderProxy@a1b9d30
04-20 15:40:58.222433   964  2088 D ActivityManager: getContentProviderImpl: from caller=android.app.ApplicationThreadProxy@3c0c97a (pid=12626, userId=0) to get content provider media cpr=ContentProviderRecord{cd22994 u0 com.android.providers.media/.MediaProvider}
04-20 15:40:58.224190 12626 12888 D ActivityThread: holder:android.app.IActivityManager$ContentProviderHolder@5a48b65, holder.provider:android.content.ContentProviderProxy@ea6503a
04-20 15:40:58.244073   964  2088 D ActivityManager: getContentProviderImpl: from caller=android.app.ApplicationThreadProxy@4d5252b (pid=12626, userId=0) to get content provider media cpr=ContentProviderRecord{cd22994 u0 com.android.providers.media/.MediaProvider}
04-20 15:40:58.245820 12626 12888 D ActivityThread: holder:android.app.IActivityManager$ContentProviderHolder@b09e248, holder.provider:android.content.ContentProviderProxy@1d778e1
04-20 15:40:58.248030   964  1663 V ActivityManager: >>> EXECUTING destroy of ServiceRecord{f785822 u0 com.android.providers.media/.MediaScannerService} in app ProcessRecord{7442e21 12739:android.process.media/u0a7}
04-20 15:40:58.249259   964   975 V ActivityManager: startService: Intent { cmp=com.android.providers.media/.MediaScannerService (has extras) } callerApp=ProcessRecord{7442e21 12739:android.process.media/u0a7}
04-20 15:40:58.249859 12739 12739 D ActivityThread: SVC-Destroying service: com.android.providers.media.MediaScannerService@9c4de57
04-20 15:40:58.251104   964   975 V ActivityManager: >>> EXECUTING create of ServiceRecord{a561d88 u0 com.android.providers.media/.MediaScannerService} in app ProcessRecord{7442e21 12739:android.process.media/u0a7}
04-20 15:40:58.253049   964   975 V ActivityManager: AMS Creating service ServiceRecord{a561d88 u0 com.android.providers.media/.MediaScannerService}
04-20 15:40:58.253927   964   975 V ActivityManager: Sending arguments to: ServiceRecord{a561d88 u0 com.android.providers.media/.MediaScannerService} android.content.Intent$FilterComparison@5e49f425 args=Intent { cmp=com.android.providers.media/.MediaScannerService (has extras) }
04-20 15:40:58.254109   964   975 V ActivityManager: >>> EXECUTING start of ServiceRecord{a561d88 u0 com.android.providers.media/.MediaScannerService} in app ProcessRecord{7442e21 12739:android.process.media/u0a7}
04-20 15:40:58.254695   964   975 D ActivityManager: SVC-Sent arguments: ServiceRecord{a561d88 u0 com.android.providers.media/.MediaScannerService}, app=ProcessRecord{7442e21 12739:android.process.media/u0a7}, args=Intent { cmp=com.android.providers.media/.MediaScannerService (has extras) }, flags=0
04-20 15:40:58.257017   964  1927 D ActivityManager: getContentProviderImpl: from caller=android.app.ApplicationThreadProxy@2da3321 (pid=12626, userId=0) to get content provider media cpr=ContentProviderRecord{cd22994 u0 com.android.providers.media/.MediaProvider}
04-20 15:40:58.257278 12739 12739 D ActivityThread: SVC-STOP_SERVICE handled : 0 / android.os.BinderProxy@e1c3bd6
04-20 15:40:58.257404   964  1670 D ActivityManager: SVC-Executing service done: ServiceRecord{f785822 u0 com.android.providers.media/.MediaScannerService}, type=2, startId=0, res=0
04-20 15:40:58.257728   964  1670 V ActivityManager: <<< DONE EXECUTING ServiceRecord{f785822 u0 com.android.providers.media/.MediaScannerService}: nesting=1, inDestroying=true, app=ProcessRecord{7442e21 12739:android.process.media/u0a7}
04-20 15:40:58.257980 12739 12739 D ActivityThread: SVC-Creating service: CreateServiceData{token=android.os.BinderProxy@bb25ec8 className=com.android.providers.media.MediaScannerService packageName=com.android.providers.media intent=null}
04-20 15:40:58.258836 12626 12888 D ActivityThread: holder:android.app.IActivityManager$ContentProviderHolder@e993606, holder.provider:android.content.ContentProviderProxy@45604c7
04-20 15:40:58.272394 12739 12739 D ActivityThread: SVC-CREATE_SERVICE handled : 0 / CreateServiceData{token=android.os.BinderProxy@bb25ec8 className=com.android.providers.media.MediaScannerService packageName=com.android.providers.media intent=null}
04-20 15:40:58.272434   964  1663 D ActivityManager: SVC-Executing service done: ServiceRecord{a561d88 u0 com.android.providers.media/.MediaScannerService}, type=0, startId=0, res=0
04-20 15:40:58.272602   964  1663 V ActivityManager: <<< DONE EXECUTING ServiceRecord{a561d88 u0 com.android.providers.media/.MediaScannerService}: nesting=2, inDestroying=false, app=ProcessRecord{7442e21 12739:android.process.media/u0a7}
04-20 15:40:58.274444 12739 12739 D ActivityThread: SVC-Calling onStartCommand: com.android.providers.media.MediaScannerService@7994686, flags=0, startId=1
04-20 15:40:58.278107   964   976 D ActivityManager: getContentProviderImpl: from caller=android.app.ApplicationThreadProxy@705e05d (pid=12626, userId=0) to get content provider media cpr=ContentProviderRecord{cd22994 u0 com.android.providers.media/.MediaProvider}
04-20 15:40:58.280029 12626 12888 D ActivityThread: holder:android.app.IActivityManager$ContentProviderHolder@df1c21d, holder.provider:android.content.ContentProviderProxy@882ac92
04-20 15:40:58.300871   964  1162 D ActivityManager: getContentProviderImpl: from caller=android.app.ApplicationThreadProxy@3170ea3 (pid=12626, userId=0) to get content provider media cpr=ContentProviderRecord{cd22994 u0 com.android.providers.media/.MediaProvider}
04-20 15:40:58.302805 12626 12888 D ActivityThread: holder:android.app.IActivityManager$ContentProviderHolder@5a8b260, holder.provider:android.content.ContentProviderProxy@56d6319
04-20 15:40:58.310404   964  8871 V ActivityManager: >>> EXECUTING destroy of ServiceRecord{983270f u0 com.google.android.gms/com.google.android.libraries.social.mediamonitor.MediaMonitorIntentService} in app ProcessRecord{42a4f56 12626:com.google.android.gms/u0a10}
04-20 15:40:58.311808 12626 12626 D ActivityThread: SVC-Destroying service: com.google.android.libraries.social.mediamonitor.MediaMonitorIntentService@56c6e2
04-20 15:40:58.312453 12626 12626 D ActivityThread: SVC-STOP_SERVICE handled : 0 / android.os.BinderProxy@c9793ad
04-20 15:40:58.312596   964  1844 D ActivityManager: SVC-Executing service done: ServiceRecord{983270f u0 com.google.android.gms/com.google.android.libraries.social.mediamonitor.MediaMonitorIntentService}, type=2, startId=0, res=0
04-20 15:40:58.312774   964  1844 V ActivityManager: <<< DONE EXECUTING ServiceRecord{983270f u0 com.google.android.gms/com.google.android.libraries.social.mediamonitor.MediaMonitorIntentService}: nesting=1, inDestroying=true, app=ProcessRecord{42a4f56 12626:com.google.android.gms/u0a10}
04-20 15:40:58.382081 12739 12739 D ActivityThread: SVC-SERVICE_ARGS handled : 0 / ServiceArgsData{token=android.os.BinderProxy@bb25ec8 startId=1 args=Intent { cmp=com.android.providers.media/.MediaScannerService (has extras) }}
04-20 15:40:58.382219   964  1747 D ActivityManager: SVC-Executing service done: ServiceRecord{a561d88 u0 com.android.providers.media/.MediaScannerService}, type=1, startId=1, res=3
04-20 15:40:58.382403   964  1747 V ActivityManager: <<< DONE EXECUTING ServiceRecord{a561d88 u0 com.android.providers.media/.MediaScannerService}: nesting=1, inDestroying=false, app=ProcessRecord{7442e21 12739:android.process.media/u0a7}
04-20 15:40:58.474907   964  1843 V ActivityManager: >>> EXECUTING destroy of ServiceRecord{a561d88 u0 com.android.providers.media/.MediaScannerService} in app ProcessRecord{7442e21 12739:android.process.media/u0a7}
04-20 15:40:58.476018   964   975 V ActivityManager: startService: Intent { cmp=com.android.providers.media/.MediaScannerService (has extras) } callerApp=ProcessRecord{7442e21 12739:android.process.media/u0a7}
04-20 15:40:58.476262 12739 12739 D ActivityThread: SVC-Destroying service: com.android.providers.media.MediaScannerService@7994686
04-20 15:40:58.477623   964   975 V ActivityManager: >>> EXECUTING create of ServiceRecord{c5915a0 u0 com.android.providers.media/.MediaScannerService} in app ProcessRecord{7442e21 12739:android.process.media/u0a7}
04-20 15:40:58.479588   964   975 V ActivityManager: AMS Creating service ServiceRecord{c5915a0 u0 com.android.providers.media/.MediaScannerService}
04-20 15:40:58.480538   964   975 V ActivityManager: Sending arguments to: ServiceRecord{c5915a0 u0 com.android.providers.media/.MediaScannerService} android.content.Intent$FilterComparison@5e49f425 args=Intent { cmp=com.android.providers.media/.MediaScannerService (has extras) }
04-20 15:40:58.480719   964   975 V ActivityManager: >>> EXECUTING start of ServiceRecord{c5915a0 u0 com.android.providers.media/.MediaScannerService} in app ProcessRecord{7442e21 12739:android.process.media/u0a7}
04-20 15:40:58.481297   964   975 D ActivityManager: SVC-Sent arguments: ServiceRecord{c5915a0 u0 com.android.providers.media/.MediaScannerService}, app=ProcessRecord{7442e21 12739:android.process.media/u0a7}, args=Intent { cmp=com.android.providers.media/.MediaScannerService (has extras) }, flags=0
04-20 15:40:58.482233 12739 12739 D ActivityThread: SVC-STOP_SERVICE handled : 0 / android.os.BinderProxy@bb25ec8
04-20 15:40:58.482379   964   976 D ActivityManager: SVC-Executing service done: ServiceRecord{a561d88 u0 com.android.providers.media/.MediaScannerService}, type=2, startId=0, res=0
04-20 15:40:58.482545   964   976 V ActivityManager: <<< DONE EXECUTING ServiceRecord{a561d88 u0 com.android.providers.media/.MediaScannerService}: nesting=1, inDestroying=true, app=ProcessRecord{7442e21 12739:android.process.media/u0a7}
04-20 15:40:58.482931 12739 12739 D ActivityThread: SVC-Creating service: CreateServiceData{token=android.os.BinderProxy@4c9255 className=com.android.providers.media.MediaScannerService packageName=com.android.providers.media intent=null}
04-20 15:40:58.495868 12739 12739 D ActivityThread: SVC-CREATE_SERVICE handled : 0 / CreateServiceData{token=android.os.BinderProxy@4c9255 className=com.android.providers.media.MediaScannerService packageName=com.android.providers.media intent=null}
04-20 15:40:58.496013   964  8871 D ActivityManager: SVC-Executing service done: ServiceRecord{c5915a0 u0 com.android.providers.media/.MediaScannerService}, type=0, startId=0, res=0
04-20 15:40:58.496185   964  8871 V ActivityManager: <<< DONE EXECUTING ServiceRecord{c5915a0 u0 com.android.providers.media/.MediaScannerService}: nesting=2, inDestroying=false, app=ProcessRecord{7442e21 12739:android.process.media/u0a7}
04-20 15:40:58.496699 12739 12739 D ActivityThread: SVC-Calling onStartCommand: com.android.providers.media.MediaScannerService@7ee646a, flags=0, startId=1
04-20 15:40:58.604705 12739 12739 D ActivityThread: SVC-SERVICE_ARGS handled : 0 / ServiceArgsData{token=android.os.BinderProxy@4c9255 startId=1 args=Intent { cmp=com.android.providers.media/.MediaScannerService (has extras) }}
