04-20 15:41:11.662332   964   982 D BroadcastQueue: BDC-Delivering broadcast: Intent { act=android.intent.action.BATTERY_CHANGED flg=0x60000010 (has extras) }, queue=background, ordered=false, filter=BroadcastFilter{507ebc1 u0 ReceiverList{a7ad4a8 12919 com.android.settings/1000/u0 remote:d8bc4cb}}, receiver=null
04-20 15:41:11.662487 12739 12739 D ActivityThread: BDC-Calling onReceive: intent=Intent { act=android.intent.action.BATTERY_CHANGED flg=0x60000010 (has extras) }, ordered=true, receiver=android.mtp.MtpDatabase$1@fc37693, IIntentReceiver=ba4e8ef
04-20 15:41:11.663234   964   982 D BroadcastQueue: Non-ordered [background] BroadcastRecord{2cf6e16 u-1 android.intent.action.BATTERY_CHANGED}, 17 receivers, Total: 26, Waiting: 1, Processing: 25
04-20 15:41:11.663833 12919 12919 D ActivityThread: BDC-Calling onReceive: intent=Intent { act=android.intent.action.BATTERY_CHANGED flg=0x60000010 (has extras) }, ordered=true, receiver=com.android.settings.SettingsActivity$1@d1a7fe9, IIntentReceiver=69b6e53
04-20 15:41:13.859960   964  1006 D PowerManagerService: userActivityFromNative
04-20 15:41:13.860688   964  1006 D PowerManagerService: userActivityNoUpdateLocked: eventTime=20463015, event=2, flags=0x0, uid=1000
04-20 15:41:13.861418   964  1006 D PowerManagerNotifier: onUserActivity: event=2, uid=1000
04-20 15:41:13.862774   964  1006 D PowerManagerService: updateUserActivitySummaryLocked: mWakefulness=Awake, mUserActivitySummary=0x9, nextTimeout=20464813 (in 1790 ms)
04-20 15:41:13.864197   964  1006 D DisplayPowerController: requestPowerState: policy=BRIGHT, useProximitySensor=false, screenBrightness=102, screenAutoBrightnessAdjustment=0.0, brightnessSetByUser=true, useAutoBrightness=false, blockScreenOn=false, lowPowerMode=false, boostScreenBrightness=false, dozeScreenBrightness=-1, dozeScreenState=UNKNOWN, waitForNegativeProximity=false
04-20 15:41:13.864641   964  1006 I PowerManagerService: setBrightness mButtonLight, screenBrightness=102
04-20 15:41:13.865349   964  1006 D PowerManagerService: updateDisplayPowerStateLocked: mDisplayReady=true, policy=3, mWakefulness=1, mWakeLockSummary=0x0, mUserActivitySummary=0x9, mBootCompleted=true, mScreenBrightnessBoostInProgress=false
04-20 15:41:14.071612   964   979 D ActivityManager: getContentProviderImpl: from caller=android.app.ApplicationThreadProxy@de40233 (pid=12919, userId=0) to get content provider settings cpr=ContentProviderRecord{3099187 u0 com.android.providers.settings/.SettingsProvider}
04-20 15:41:14.073931   964   979 D ActivityManager: getContentProviderImpl: updateLruProcessLocked cpr.proc=ProcessRecord{7b8ebd8 964:system/1000}
04-20 15:41:14.076330 12919 12919 D ActivityThread: holder:android.app.IActivityManager$ContentProviderHolder@3153e16, holder.provider:android.content.ContentProviderProxy@3fa5397
04-20 15:41:14.077828   964  1747 V SettingsProvider: packageValueForCallResult, name = sound_effects_enabled, value : 0
04-20 15:41:14.093646   964  1652 D UsbDeviceManager: setCurrentFunctions(rndis)
04-20 15:41:14.094131   964   984 D UsbDeviceManager: setEnabledFunctions functions=rndis, forceRestart=false
04-20 15:41:14.094462   964   984 D UsbDeviceManager: jlink oldFunctions =mtp,adb    oldoldFunctionsApplied=true
04-20 15:41:14.094705   964   984 D UsbDeviceManager: applyAcmFunction - sys.usb.acm_idx=,mAcmPortIdx=
04-20 15:41:14.095029   964   984 D UsbDeviceManager: applyAcmFunction - functions: rndis,adb
04-20 15:41:14.095178   964   984 I UsbDeviceManager: Setting USB config to rndis,adb
04-20 15:41:14.095338   964   984 D UsbDeviceManager: setUsbConfig(none)
04-20 15:41:14.147540   964   984 D UsbDeviceManager: setUsbConfig(rndis,adb)
04-20 15:41:14.165602   338   955 D SocketClient: SocketClient sendData done: 600 Iface added rndis0
04-20 15:41:14.166727   964  1014 D NetdConnector: RCV <- {600 Iface added rndis0}
04-20 15:41:14.168243   964   984 D NetworkManagement: onEvent:600 Iface added rndis0:4
04-20 15:41:14.176342   338   956 D NetlinkEvent: clear RA flag done
04-20 15:41:14.176568   338   956 D SocketClient: SocketClient sendData done: 600 Iface linkstate rndis0 down
04-20 15:41:14.177750   964  1014 D NetdConnector: RCV <- {600 Iface linkstate rndis0 down}
04-20 15:41:14.181342   964   984 D NetworkManagement: onEvent:600 Iface linkstate rndis0 down:5
04-20 15:41:14.189337   964   986 V ActivityManager: Broadcast sticky: Intent { act=android.net.conn.TETHER_STATE_CHANGED flg=0x24000010 (has extras) } ordered=false userid=-1 callerApp=ProcessRecord{7b8ebd8 964:system/1000}
04-20 15:41:14.194690   964   982 V BroadcastQueue: Processing parallel broadcast [background] BroadcastRecord{666f6fa u-1 android.net.conn.TETHER_STATE_CHANGED}, 5 receivers
04-20 15:41:14.195582   964   982 D BroadcastQueue: BroadcastRecord{666f6fa u-1 android.net.conn.TETHER_STATE_CHANGED}, #0 BroadcastFilter{4357fbc u0 ReceiverList{8b09faf 964 system/1000/u0 local:4334b8e}}
04-20 15:41:14.195992   964   982 D BroadcastQueue: BDC-Delivering broadcast: Intent { act=android.net.conn.TETHER_STATE_CHANGED flg=0x24000010 (has extras) }, queue=background, ordered=false, filter=BroadcastFilter{4357fbc u0 ReceiverList{8b09faf 964 system/1000/u0 local:4334b8e}}, receiver=null
04-20 15:41:14.198303   964   964 D ActivityThread: BDC-Calling onReceive: intent=Intent { act=android.net.conn.TETHER_STATE_CHANGED flg=0x24000010 (has extras) }, ordered=true, receiver=com.android.server.wifi.WifiStateMachine$2@8adcf89, IIntentReceiver=4334b8e
04-20 15:41:14.198602   964   982 D BroadcastQueue: BroadcastRecord{666f6fa u-1 android.net.conn.TETHER_STATE_CHANGED}, #1 BroadcastFilter{c06b294 u0 ReceiverList{5fdf6e7 964 system/1000/u0 local:a3f1ca6}}
04-20 15:41:14.198956   964   982 D BroadcastQueue: BDC-Delivering broadcast: Intent { act=android.net.conn.TETHER_STATE_CHANGED flg=0x24000010 (has extras) }, queue=background, ordered=false, filter=BroadcastFilter{c06b294 u0 ReceiverList{5fdf6e7 964 system/1000/u0 local:a3f1ca6}}, receiver=null
04-20 15:41:14.199947   964   982 D BroadcastQueue: BroadcastRecord{666f6fa u-1 android.net.conn.TETHER_STATE_CHANGED}, #2 BroadcastFilter{a9e8f1 u0 ReceiverList{c7ec898 1576 com.android.phone/1001/u0 remote:278527b}}
04-20 15:41:14.200076   964  1023 D ActivityThread: BDC-Calling onReceive: intent=Intent { act=android.net.conn.TETHER_STATE_CHANGED flg=0x24000010 (has extras) }, ordered=true, receiver=com.android.server.net.NetworkStatsService$1@ea05601, IIntentReceiver=a3f1ca6
04-20 15:41:14.200325   964   982 D BroadcastQueue: BDC-Delivering broadcast: Intent { act=android.net.conn.TETHER_STATE_CHANGED flg=0x24000010 (has extras) }, queue=background, ordered=false, filter=BroadcastFilter{a9e8f1 u0 ReceiverList{c7ec898 1576 com.android.phone/1001/u0 remote:278527b}}, receiver=null
04-20 15:41:14.200652   964  1023 D PowerManagerService: acquireWakeLockInternal: lock=244581547, flags=0x1, tag="NetworkStats", ws=null, uid=1000, pid=964
04-20 15:41:14.200843   964  1023 D PowerManagerService: updateWakeLockSummaryLocked: mWakefulness=Awake, mWakeLockSummary=0x1
04-20 15:41:14.201063   964   982 D BroadcastQueue: BroadcastRecord{666f6fa u-1 android.net.conn.TETHER_STATE_CHANGED}, #3 BroadcastFilter{78acad1 u0 ReceiverList{d7085f8 1576 com.android.phone/1001/u0 remote:50f295b}}
04-20 15:41:14.201106   964  1023 D PowerManagerService: updateUserActivitySummaryLocked: mWakefulness=Awake, mUserActivitySummary=0x9, nextTimeout=20464813 (in 1452 ms)
04-20 15:41:14.201407   964   982 D BroadcastQueue: BDC-Delivering broadcast: Intent { act=android.net.conn.TETHER_STATE_CHANGED flg=0x24000010 (has extras) }, queue=background, ordered=false, filter=BroadcastFilter{78acad1 u0 ReceiverList{d7085f8 1576 com.android.phone/1001/u0 remote:50f295b}}, receiver=null
04-20 15:41:14.201623  1576  1576 D ActivityThread: BDC-Calling onReceive: intent=Intent { act=android.net.conn.TETHER_STATE_CHANGED flg=0x24000010 (has extras) }, ordered=true, receiver=com.mediatek.internal.telephony.dataconnection.FdManager$1@8cc18b4, IIntentReceiver=2112613
04-20 15:41:14.202126   964   982 D BroadcastQueue: BroadcastRecord{666f6fa u-1 android.net.conn.TETHER_STATE_CHANGED}, #4 BroadcastFilter{f4e2390 u0 ReceiverList{400de53 12919 com.android.settings/1000/u0 remote:e08e42}}
04-20 15:41:14.202456   964   982 D BroadcastQueue: BDC-Delivering broadcast: Intent { act=android.net.conn.TETHER_STATE_CHANGED flg=0x24000010 (has extras) }, queue=background, ordered=false, filter=BroadcastFilter{f4e2390 u0 ReceiverList{400de53 12919 com.android.settings/1000/u0 remote:e08e42}}, receiver=null
04-20 15:41:14.204194   964   982 D BroadcastQueue: Non-ordered [background] BroadcastRecord{666f6fa u-1 android.net.conn.TETHER_STATE_CHANGED}, 5 receivers, Total: 12, Waiting: 2, Processing: 10
04-20 15:41:14.205401   964  1023 D DisplayPowerController: requestPowerState: policy=BRIGHT, useProximitySensor=false, screenBrightness=102, screenAutoBrightnessAdjustment=0.0, brightnessSetByUser=true, useAutoBrightness=false, blockScreenOn=false, lowPowerMode=false, boostScreenBrightness=false, dozeScreenBrightness=-1, dozeScreenState=UNKNOWN, waitForNegativeProximity=false
04-20 15:41:14.205619   964  1023 I PowerManagerService: setBrightness mButtonLight, screenBrightness=102
04-20 15:41:14.205903   964  1023 D PowerManagerService: updateDisplayPowerStateLocked: mDisplayReady=true, policy=3, mWakefulness=1, mWakeLockSummary=0x1, mUserActivitySummary=0x9, mBootCompleted=true, mScreenBrightnessBoostInProgress=false
04-20 15:41:14.206099   964  1023 D PowerManagerService: Acquiring suspend blocker "PowerManagerService.WakeLocks".
04-20 15:41:14.206423   964  1023 D PowerManagerNotifier: onWakeLockAcquired: flags=1, tag="NetworkStats", packageName=android, ownerUid=1000, ownerPid=964, workSource=null
04-20 15:41:14.207056   964  1023 V NetworkStats: performPollLocked(flags=0x1)
04-20 15:41:14.207131   964  1162 D PowerManagerService: acquireWakeLockInternal: lock=48088840, flags=0x1, tag="RILJ", ws=null, uid=1001, pid=1576
04-20 15:41:14.207411   964  1162 D PowerManagerService: updateWakeLockSummaryLocked: mWakefulness=Awake, mWakeLockSummary=0x1
04-20 15:41:14.207677   964  1162 D PowerManagerService: updateUserActivitySummaryLocked: mWakefulness=Awake, mUserActivitySummary=0x9, nextTimeout=20464813 (in 1445 ms)
04-20 15:41:14.208032   964  1162 D DisplayPowerController: requestPowerState: policy=BRIGHT, useProximitySensor=false, screenBrightness=102, screenAutoBrightnessAdjustment=0.0, brightnessSetByUser=true, useAutoBrightness=false, blockScreenOn=false, lowPowerMode=false, boostScreenBrightness=false, dozeScreenBrightness=-1, dozeScreenState=UNKNOWN, waitForNegativeProximity=false
04-20 15:41:14.208163   964  1162 I PowerManagerService: setBrightness mButtonLight, screenBrightness=102
04-20 15:41:14.208344   964  1162 D PowerManagerService: updateDisplayPowerStateLocked: mDisplayReady=true, policy=3, mWakefulness=1, mWakeLockSummary=0x1, mUserActivitySummary=0x9, mBootCompleted=true, mScreenBrightnessBoostInProgress=false
04-20 15:41:14.208546   964  1162 D PowerManagerNotifier: onWakeLockAcquired: flags=1, tag="RILJ", packageName=com.android.phone, ownerUid=1001, ownerPid=1576, workSource=null
04-20 15:41:14.210030   964  1023 D NetdConnector: SND -> {400 bandwidth gettetherstats}
04-20 15:41:14.210737  1576  1576 D ActivityThread: BDC-Calling onReceive: intent=Intent { act=android.net.conn.TETHER_STATE_CHANGED flg=0x24000010 (has extras) }, ordered=true, receiver=com.mediatek.internal.telephony.dataconnection.FdManager$1@b5bbe58, IIntentReceiver=b17c009
04-20 15:41:14.213772   338   963 D FrameworkListener: dispatchCommand data = (400 bandwidth gettetherstats)
04-20 15:41:14.222780 12919 12919 D ActivityThread: BDC-Calling onReceive: intent=Intent { act=android.net.conn.TETHER_STATE_CHANGED flg=0x24000010 (has extras) }, ordered=true, receiver=com.android.settings.TetherSettings$TetherChangeReceiver@a1f0bb1, IIntentReceiver=725f05d
04-20 15:41:14.224587   964  1843 D PowerManagerService: releaseWakeLockInternal: lock=48088840 [RILJ], flags=0x0, total_time=18ms
04-20 15:41:14.224905   964  1843 D PowerManagerNotifier: onWakeLockReleased: flags=1, tag="RILJ", packageName=com.android.phone, ownerUid=1001, ownerPid=1576, workSource=null
04-20 15:41:14.225298   964  1843 D PowerManagerService: updateWakeLockSummaryLocked: mWakefulness=Awake, mWakeLockSummary=0x1
04-20 15:41:14.225616   964  1843 D PowerManagerService: updateUserActivitySummaryLocked: mWakefulness=Awake, mUserActivitySummary=0x9, nextTimeout=20464813 (in 1427 ms)
04-20 15:41:14.225926   964  1843 D DisplayPowerController: requestPowerState: policy=BRIGHT, useProximitySensor=false, screenBrightness=102, screenAutoBrightnessAdjustment=0.0, brightnessSetByUser=true, useAutoBrightness=false, blockScreenOn=false, lowPowerMode=false, boostScreenBrightness=false, dozeScreenBrightness=-1, dozeScreenState=UNKNOWN, waitForNegativeProximity=false
04-20 15:41:14.226039   964  1843 I PowerManagerService: setBrightness mButtonLight, screenBrightness=102
04-20 15:41:14.226219   964  1843 D PowerManagerService: updateDisplayPowerStateLocked: mDisplayReady=true, policy=3, mWakefulness=1, mWakeLockSummary=0x1, mUserActivitySummary=0x9, mBootCompleted=true, mScreenBrightnessBoostInProgress=false
04-20 15:41:14.303578   338   963 D SocketClient: SocketClient sendData done: 114 400 rndis0 wlan0 0 0 0 0
04-20 15:41:14.303693   338   963 D SocketClient: SocketClient sendData done: 200 400 Tethering stats list completed
04-20 15:41:14.304113   964  1014 D NetdConnector: RCV <- {114 400 rndis0 wlan0 0 0 0 0}
04-20 15:41:14.305723   964  1014 D NetdConnector: RCV <- {200 400 Tethering stats list completed}
04-20 15:41:14.307008   964  1023 D NetdConnector: RMV <- {114 400 rndis0 wlan0 0 0 0 0}
04-20 15:41:14.308185   964  1023 D NetdConnector: RMV <- {200 400 Tethering stats list completed}
04-20 15:41:14.317070   964  1023 W NetworkStatsRecorder: unknown interfaces [wlan0, rndis0, lo, p2p0], ignoring those stats
04-20 15:41:14.317692   964  1023 W NetworkStatsRecorder: unknown interfaces [wlan0, rndis0, lo, p2p0], ignoring those stats
04-20 15:41:14.319426   964  1023 D NetworkStatsRecorder: vpnArray:[Lcom.android.internal.net.VpnInfo;@d9d88c6
04-20 15:41:14.320675   964  1023 W NetworkStatsRecorder: unknown interfaces [wlan0, rndis0, lo, p2p0], ignoring those stats
04-20 15:41:14.321865   964  1023 D NetworkStatsRecorder: vpnArray:[Lcom.android.internal.net.VpnInfo;@d9d88c6
04-20 15:41:14.322895   964  1023 W NetworkStatsRecorder: unknown interfaces [wlan0, rndis0, lo, p2p0], ignoring those stats
04-20 15:41:14.323858   964  1023 V NetworkStats: performPollLocked() took 116ms
04-20 15:41:14.328316   964  1023 V ActivityManager: Broadcast: Intent { act=com.android.server.action.NETWORK_STATS_UPDATED flg=0x40000010 } ordered=false userid=-1 callerApp=ProcessRecord{7b8ebd8 964:system/1000}
04-20 15:41:14.329216   964  1023 D PowerManagerService: releaseWakeLockInternal: lock=244581547 [NetworkStats], flags=0x0, total_time=128ms
04-20 15:41:14.329216   964   982 V BroadcastQueue: Processing parallel broadcast [background] BroadcastRecord{ae3c087 u-1 com.android.server.action.NETWORK_STATS_UPDATED}, 1 receivers
04-20 15:41:14.329873   964  1023 D PowerManagerNotifier: onWakeLockReleased: flags=1, tag="NetworkStats", packageName=android, ownerUid=1000, ownerPid=964, workSource=null
04-20 15:41:14.330052   964   982 D BroadcastQueue: BroadcastRecord{ae3c087 u-1 com.android.server.action.NETWORK_STATS_UPDATED}, #0 BroadcastFilter{96c44cb u0 ReceiverList{808239a 964 system/1000/u0 local:6a61045}}
04-20 15:41:14.330363   964  1023 D PowerManagerService: updateWakeLockSummaryLocked: mWakefulness=Awake, mWakeLockSummary=0x0
04-20 15:41:14.330463   964   982 D BroadcastQueue: BDC-Delivering broadcast: Intent { act=com.android.server.action.NETWORK_STATS_UPDATED flg=0x40000010 }, queue=background, ordered=false, filter=BroadcastFilter{96c44cb u0 ReceiverList{808239a 964 system/1000/u0 local:6a61045}}, receiver=null
04-20 15:41:14.330713   964  1023 D PowerManagerService: updateUserActivitySummaryLocked: mWakefulness=Awake, mUserActivitySummary=0x9, nextTimeout=20464813 (in 1322 ms)
04-20 15:41:14.331180   964  1038 D ActivityThread: BDC-Calling onReceive: intent=Intent { act=com.android.server.action.NETWORK_STATS_UPDATED flg=0x40000010 }, ordered=true, receiver=com.android.server.net.NetworkPolicyManagerService$8@4c868bc, IIntentReceiver=6a61045
04-20 15:41:14.331276   964   982 D BroadcastQueue: Non-ordered [background] BroadcastRecord{ae3c087 u-1 com.android.server.action.NETWORK_STATS_UPDATED}, 1 receivers, Total: 2, Waiting: 0, Processing: 2
04-20 15:41:14.331371   964  1038 V NetworkPolicy: updateNetworkEnabledLocked()
04-20 15:41:14.331399   964  1023 D DisplayPowerController: requestPowerState: policy=BRIGHT, useProximitySensor=false, screenBrightness=102, screenAutoBrightnessAdjustment=0.0, brightnessSetByUser=true, useAutoBrightness=false, blockScreenOn=false, lowPowerMode=false, boostScreenBrightness=false, dozeScreenBrightness=-1, dozeScreenState=UNKNOWN, waitForNegativeProximity=false
04-20 15:41:14.331567   964  1023 I PowerManagerService: setBrightness mButtonLight, screenBrightness=102
04-20 15:41:14.332300   964  1023 D PowerManagerService: updateDisplayPowerStateLocked: mDisplayReady=true, policy=3, mWakefulness=1, mWakeLockSummary=0x0, mUserActivitySummary=0x9, mBootCompleted=true, mScreenBrightnessBoostInProgress=false
04-20 15:41:14.332540   964  1023 D PowerManagerService: Releasing suspend blocker "PowerManagerService.WakeLocks".
04-20 15:41:14.333232   964  1038 V NetworkPolicy: updateNotificationsLocked()
04-20 15:41:14.363119   964  1051 V UsbDeviceManager: USB UEVENT: {USB_STATE=DISCONNECTED, SUBSYSTEM=android_usb, SEQNUM=10022, ACTION=change, DEVPATH=/devices/virtual/android_usb/android0}
04-20 15:41:14.490005   964  1051 V UsbDeviceManager: USB UEVENT: {USB_STATE=CONNECTED, SUBSYSTEM=android_usb, SEQNUM=10023, ACTION=change, DEVPATH=/devices/virtual/android_usb/android0}
04-20 15:41:14.492360   964  1051 V UsbDeviceManager: USB UEVENT: {USB_STATE=CONFIGURED, SUBSYSTEM=android_usb, SEQNUM=10024, ACTION=change, DEVPATH=/devices/virtual/android_usb/android0}
04-20 15:41:14.502200   964   984 V NotificationService: enqueueNotificationInternal: pkg=android id=17040347 notification=Notification(pri=-2 contentView=null vibrate=null sound=null tick defaults=0x0 flags=0x2 color=0xff607d8b vis=PUBLIC)
04-20 15:41:14.504158   964   964 I ValidateNoPeople: skipping global notification
04-20 15:41:14.504757   964   964 V MoMS.NotificationController: notifications are enabled for android
04-20 15:41:14.507966   964   984 D UsbDeviceManager: broadcasting Intent { act=android.hardware.usb.action.USB_STATE flg=0x30000000 (has extras) } connected: true configured: false
04-20 15:41:14.508716   964   964 V NotificationService: pkg=android canInterrupt=false intercept=false
04-20 15:41:14.509619   964   984 V ActivityManager: Broadcast sticky: Intent { act=android.hardware.usb.action.USB_STATE flg=0x30000010 (has extras) } ordered=false userid=-1 callerApp=ProcessRecord{7b8ebd8 964:system/1000}
04-20 15:41:14.512118   964   982 V BroadcastQueue: Processing parallel broadcast [foreground] BroadcastRecord{131de23 u-1 android.hardware.usb.action.USB_STATE}, 5 receivers
04-20 15:41:14.512289   964   984 D UsbDeviceManager: broadcasting Intent { act=android.hardware.usb.action.USB_STATE flg=0x30000000 (has extras) } connected: true configured: true
04-20 15:41:14.512477   964   982 D BroadcastQueue: BroadcastRecord{131de23 u-1 android.hardware.usb.action.USB_STATE}, #0 BroadcastFilter{b57ea93 u0 ReceiverList{8b72382 964 system/1000/u0 local:9f15c64}}
04-20 15:41:14.512819   964   982 D BroadcastQueue: BDC-Delivering broadcast: Intent { act=android.hardware.usb.action.USB_STATE flg=0x30000010 (has extras) }, queue=foreground, ordered=false, filter=BroadcastFilter{b57ea93 u0 ReceiverList{8b72382 964 system/1000/u0 local:9f15c64}}, receiver=null
04-20 15:41:14.513805   964   982 D BroadcastQueue: BroadcastRecord{131de23 u-1 android.hardware.usb.action.USB_STATE}, #1 BroadcastFilter{a0bc3b9 u0 ReceiverList{e77b180 964 system/1000/u0 local:7212e03}}
04-20 15:41:14.514212   964   982 D BroadcastQueue: BDC-Delivering broadcast: Intent { act=android.hardware.usb.action.USB_STATE flg=0x30000010 (has extras) }, queue=foreground, ordered=false, filter=BroadcastFilter{a0bc3b9 u0 ReceiverList{e77b180 964 system/1000/u0 local:7212e03}}, receiver=null
04-20 15:41:14.514703   964   982 D BroadcastQueue: BroadcastRecord{131de23 u-1 android.hardware.usb.action.USB_STATE}, #2 BroadcastFilter{593472f u0 ReceiverList{4e1e10e 964 system/1000/u0 local:a4b4b09}}
04-20 15:41:14.515695   964   982 D BroadcastQueue: BDC-Delivering broadcast: Intent { act=android.hardware.usb.action.USB_STATE flg=0x30000010 (has extras) }, queue=foreground, ordered=false, filter=BroadcastFilter{593472f u0 ReceiverList{4e1e10e 964 system/1000/u0 local:a4b4b09}}, receiver=null
04-20 15:41:14.515694   964  1008 D ActivityThread: BDC-Calling onReceive: intent=Intent { act=android.hardware.usb.action.USB_STATE flg=0x30000010 (has extras) }, ordered=true, receiver=com.android.server.MountService$4@bf68eb2, IIntentReceiver=7212e03
04-20 15:41:14.516020   964  1008 I MountService: mUsbReceiver onReceive, intent=Intent { act=android.hardware.usb.action.USB_STATE flg=0x30000010 (has extras) }
04-20 15:41:14.516156   964  1008 I MountService: notifyShareAvailabilityChange, isConnected=false
04-20 15:41:14.516301   964   982 D BroadcastQueue: BroadcastRecord{131de23 u-1 android.hardware.usb.action.USB_STATE}, #3 BroadcastFilter{ece2f1b u0 ReceiverList{d91052a 1102 com.android.systemui/10022/u0 remote:dc63e15}}
04-20 15:41:14.516682   964   982 D BroadcastQueue: BDC-Delivering broadcast: Intent { act=android.hardware.usb.action.USB_STATE flg=0x30000010 (has extras) }, queue=foreground, ordered=false, filter=BroadcastFilter{ece2f1b u0 ReceiverList{d91052a 1102 com.android.systemui/10022/u0 remote:dc63e15}}, receiver=null
04-20 15:41:14.522328   964   982 D BroadcastQueue: BroadcastRecord{131de23 u-1 android.hardware.usb.action.USB_STATE}, #4 BroadcastFilter{d6d4c8e u0 ReceiverList{400de53 12919 com.android.settings/1000/u0 remote:e08e42}}
04-20 15:41:14.523564   964   982 D BroadcastQueue: BDC-Delivering broadcast: Intent { act=android.hardware.usb.action.USB_STATE flg=0x30000010 (has extras) }, queue=foreground, ordered=false, filter=BroadcastFilter{d6d4c8e u0 ReceiverList{400de53 12919 com.android.settings/1000/u0 remote:e08e42}}, receiver=null
04-20 15:41:14.524456   964   982 D BroadcastQueue: Non-ordered [foreground] BroadcastRecord{131de23 u-1 android.hardware.usb.action.USB_STATE}, 5 receivers, Total: 12, Waiting: 0, Processing: 12
04-20 15:41:14.524819   964   982 V BroadcastQueue: Processing ordered broadcast [foreground] BroadcastRecord{5fc6f20 u-1 android.hardware.usb.action.USB_STATE}, 2 receivers
04-20 15:41:14.525264   964   982 D BroadcastQueue: BroadcastRecord{5fc6f20 u-1 android.hardware.usb.action.USB_STATE}, #0 ActivityInfo{79828cd com.mediatek.mtklogger.framework.LogReceiver}
04-20 15:41:14.525539 12919 12919 D ActivityThread: BDC-Calling onReceive: intent=Intent { act=android.hardware.usb.action.USB_STATE flg=0x30000010 (has extras) }, ordered=true, receiver=com.android.settings.TetherSettings$TetherChangeReceiver@a1f0bb1, IIntentReceiver=725f05d
04-20 15:41:14.530553  1102  1102 D ActivityThread: BDC-Calling onReceive: intent=Intent { act=android.hardware.usb.action.USB_STATE flg=0x30000010 (has extras) }, ordered=true, receiver=com.android.systemui.usb.StorageNotification$4@999b52b, IIntentReceiver=7a81049
04-20 15:41:14.532691   964   982 D BroadcastQueue: BDC-Delivering broadcast: Intent { act=android.hardware.usb.action.USB_STATE flg=0x30000010 cmp=com.mediatek.mtklogger/.framework.LogReceiver (has extras) }, queue=foreground, ordered=false, app=ProcessRecord{f460492 12140:com.mediatek.mtklogger/u0a56}, receiver=android.os.BinderProxy@e21f4ce
04-20 15:41:14.535047   964   984 V ActivityManager: Broadcast sticky: Intent { act=android.hardware.usb.action.USB_STATE flg=0x30000010 (has extras) } ordered=false userid=-1 callerApp=ProcessRecord{7b8ebd8 964:system/1000}
04-20 15:41:14.536140 12140 12140 D ActivityThread: BDC-Calling onReceive: intent=Intent { act=android.hardware.usb.action.USB_STATE flg=0x30000010 cmp=com.mediatek.mtklogger/.framework.LogReceiver (has extras) }, receiver=com.mediatek.mtklogger.framework.LogReceiver@f72ff6
04-20 15:41:14.538899   964   982 V BroadcastQueue: Processing parallel broadcast [foreground] BroadcastRecord{91740d9 u-1 android.hardware.usb.action.USB_STATE}, 5 receivers
04-20 15:41:14.539236   964   982 D BroadcastQueue: BroadcastRecord{91740d9 u-1 android.hardware.usb.action.USB_STATE}, #0 BroadcastFilter{b57ea93 u0 ReceiverList{8b72382 964 system/1000/u0 local:9f15c64}}
04-20 15:41:14.539836   964   982 D BroadcastQueue: BDC-Delivering broadcast: Intent { act=android.hardware.usb.action.USB_STATE flg=0x30000010 (has extras) }, queue=foreground, ordered=false, filter=BroadcastFilter{b57ea93 u0 ReceiverList{8b72382 964 system/1000/u0 local:9f15c64}}, receiver=null
04-20 15:41:14.540375   964   982 D BroadcastQueue: BroadcastRecord{91740d9 u-1 android.hardware.usb.action.USB_STATE}, #1 BroadcastFilter{a0bc3b9 u0 ReceiverList{e77b180 964 system/1000/u0 local:7212e03}}
04-20 15:41:14.540808   964   982 D BroadcastQueue: BDC-Delivering broadcast: Intent { act=android.hardware.usb.action.USB_STATE flg=0x30000010 (has extras) }, queue=foreground, ordered=false, filter=BroadcastFilter{a0bc3b9 u0 ReceiverList{e77b180 964 system/1000/u0 local:7212e03}}, receiver=null
04-20 15:41:14.542069 12140 12140 D ActivityThread: BDC-RECEIVER handled : 0 / ReceiverData{intent=Intent { act=android.hardware.usb.action.USB_STATE flg=0x30000010 cmp=com.mediatek.mtklogger/.framework.LogReceiver (has extras) } packageName=com.mediatek.mtklogger resultCode=-1 resultData=null resultExtras=null}
04-20 15:41:14.545867   964   982 D BroadcastQueue: BroadcastRecord{91740d9 u-1 android.hardware.usb.action.USB_STATE}, #2 BroadcastFilter{593472f u0 ReceiverList{4e1e10e 964 system/1000/u0 local:a4b4b09}}
04-20 15:41:14.546437   964   982 D BroadcastQueue: BDC-Delivering broadcast: Intent { act=android.hardware.usb.action.USB_STATE flg=0x30000010 (has extras) }, queue=foreground, ordered=false, filter=BroadcastFilter{593472f u0 ReceiverList{4e1e10e 964 system/1000/u0 local:a4b4b09}}, receiver=null
04-20 15:41:14.547007   964   982 D BroadcastQueue: BroadcastRecord{91740d9 u-1 android.hardware.usb.action.USB_STATE}, #3 BroadcastFilter{ece2f1b u0 ReceiverList{d91052a 1102 com.android.systemui/10022/u0 remote:dc63e15}}
04-20 15:41:14.547398   964   982 D BroadcastQueue: BDC-Delivering broadcast: Intent { act=android.hardware.usb.action.USB_STATE flg=0x30000010 (has extras) }, queue=foreground, ordered=false, filter=BroadcastFilter{ece2f1b u0 ReceiverList{d91052a 1102 com.android.systemui/10022/u0 remote:dc63e15}}, receiver=null
04-20 15:41:14.552942   964   982 D BroadcastQueue: BroadcastRecord{91740d9 u-1 android.hardware.usb.action.USB_STATE}, #4 BroadcastFilter{d6d4c8e u0 ReceiverList{400de53 12919 com.android.settings/1000/u0 remote:e08e42}}
04-20 15:41:14.553423   964  1844 D ActivityManager: BDC-Finishing receiver: android.os.BinderProxy@e21f4ce
04-20 15:41:14.554503   964   982 D BroadcastQueue: BDC-Delivering broadcast: Intent { act=android.hardware.usb.action.USB_STATE flg=0x30000010 (has extras) }, queue=foreground, ordered=false, filter=BroadcastFilter{d6d4c8e u0 ReceiverList{400de53 12919 com.android.settings/1000/u0 remote:e08e42}}, receiver=null
04-20 15:41:14.555715   964   982 D BroadcastQueue: Non-ordered [foreground] BroadcastRecord{91740d9 u-1 android.hardware.usb.action.USB_STATE}, 5 receivers, Total: 17, Waiting: 0, Processing: 17
04-20 15:41:14.556710   964  1008 V ActivityManager: Broadcast: Intent { act=android.intent.action.UMS_DISCONNECTED flg=0x10 } ordered=false userid=-1 callerApp=ProcessRecord{7b8ebd8 964:system/1000}
04-20 15:41:14.557966   964   964 D ActivityThread: BDC-Calling onReceive: intent=Intent { act=android.hardware.usb.action.USB_STATE flg=0x30000010 (has extras) }, ordered=true, receiver=com.mediatek.amplus.PowerSavingUtils$PowerSavingReceiver@4c4e5f7, IIntentReceiver=9f15c64
04-20 15:41:14.558230   964  1008 D ActivityThread: BDC-Calling onReceive: intent=Intent { act=android.hardware.usb.action.USB_STATE flg=0x30000010 (has extras) }, ordered=true, receiver=com.android.server.MountService$4@bf68eb2, IIntentReceiver=7212e03
04-20 15:41:14.558412   964  1008 I MountService: mUsbReceiver onReceive, intent=Intent { act=android.hardware.usb.action.USB_STATE flg=0x30000010 (has extras) }
04-20 15:41:14.558546   964  1008 I MountService: notifyShareAvailabilityChange, isConnected=false
04-20 15:41:14.558898   964   964 D ActivityThread: BDC-Calling onReceive: intent=Intent { act=android.hardware.usb.action.USB_STATE flg=0x30000010 (has extras) }, ordered=true, receiver=com.android.server.connectivity.Tethering$StateReceiver@18e8410, IIntentReceiver=a4b4b09
04-20 15:41:14.558954   964  1008 V ActivityManager: Broadcast: Intent { act=android.intent.action.UMS_DISCONNECTED flg=0x10 } ordered=false userid=-1 callerApp=ProcessRecord{7b8ebd8 964:system/1000}
04-20 15:41:14.563198   964  1844 D ActivityManager: BroadcastRecord{5fc6f20 u-1 android.hardware.usb.action.USB_STATE}, spend: 38, android.os.BinderProxy@e21f4ce, ActivityInfo{79828cd com.mediatek.mtklogger.framework.LogReceiver}
04-20 15:41:14.563641   964  1844 D BroadcastQueue: BroadcastRecord{5fc6f20 u-1 android.hardware.usb.action.USB_STATE}, #1 ActivityInfo{44ce325 com.android.providers.media.MtpReceiver}
04-20 15:41:14.571618   964   964 D ActivityThread: BDC-Calling onReceive: intent=Intent { act=android.hardware.usb.action.USB_STATE flg=0x30000010 (has extras) }, ordered=true, receiver=com.mediatek.amplus.PowerSavingUtils$PowerSavingReceiver@4c4e5f7, IIntentReceiver=9f15c64
04-20 15:41:14.572626   964   964 D ActivityThread: BDC-Calling onReceive: intent=Intent { act=android.hardware.usb.action.USB_STATE flg=0x30000010 (has extras) }, ordered=true, receiver=com.android.server.connectivity.Tethering$StateReceiver@18e8410, IIntentReceiver=a4b4b09
04-20 15:41:14.573762   964   964 D NetdConnector: SND -> {401 interface list}
04-20 15:41:14.574203   964  1844 D BroadcastQueue: BDC-Delivering broadcast: Intent { act=android.hardware.usb.action.USB_STATE flg=0x30000010 cmp=com.android.providers.media/.MtpReceiver (has extras) }, queue=foreground, ordered=false, app=ProcessRecord{7442e21 12739:android.process.media/u0a7}, receiver=android.os.BinderProxy@74ac78d
04-20 15:41:14.575637   338   963 D FrameworkListener: dispatchCommand data = (401 interface list)
04-20 15:41:14.575967   338   963 D SocketClient: SocketClient sendData done: 110 401 ccmni6
04-20 15:41:14.576058   338   963 D SocketClient: SocketClient sendData done: 110 401 ccmni7
04-20 15:41:14.576128   338   963 D SocketClient: SocketClient sendData done: 110 401 ccmni5
04-20 15:41:14.576239   338   963 D SocketClient: SocketClient sendData done: 110 401 ccmni0
04-20 15:41:14.576309   338   963 D SocketClient: SocketClient sendData done: 110 401 ccmni1
04-20 15:41:14.576452   338   963 D SocketClient: SocketClient sendData done: 110 401 ccmni3
04-20 15:41:14.576525   338   963 D SocketClient: SocketClient sendData done: 110 401 ccmni4
04-20 15:41:14.576647   338   963 D SocketClient: SocketClient sendData done: 110 401 ccmni2
04-20 15:41:14.576717   338   963 D SocketClient: SocketClient sendData done: 110 401 tunl0
04-20 15:41:14.576785   338   963 D SocketClient: SocketClient sendData done: 110 401 sit0
04-20 15:41:14.577317   338   963 D SocketClient: SocketClient sendData done: 110 401 ifb0
04-20 15:41:14.577286 12739 12739 D ActivityThread: BDC-Calling onReceive: intent=Intent { act=android.hardware.usb.action.USB_STATE flg=0x30000010 cmp=com.android.providers.media/.MtpReceiver (has extras) }, receiver=com.android.providers.media.MtpReceiver@7bae7d4
04-20 15:41:14.577351   964  1014 D NetdConnector: RCV <- {110 401 ccmni6}
04-20 15:41:14.577417   338   963 D SocketClient: SocketClient sendData done: 110 401 ifb1
04-20 15:41:14.577541   338   963 D SocketClient: SocketClient sendData done: 110 401 lo
04-20 15:41:14.577614   338   963 D SocketClient: SocketClient sendData done: 110 401 ip6tnl0
04-20 15:41:14.577681   338   963 D SocketClient: SocketClient sendData done: 110 401 rndis0
04-20 15:41:14.577791   338   963 D SocketClient: SocketClient sendData done: 200 401 Interface list completed
04-20 15:41:14.579173   964   964 D NetdConnector: RMV <- {110 401 ccmni6}
04-20 15:41:14.579195   964  1014 D NetdConnector: RCV <- {110 401 ccmni7}
04-20 15:41:14.582050   964   964 D NetdConnector: RMV <- {110 401 ccmni7}
04-20 15:41:14.581524   964  1014 D NetdConnector: RCV <- {110 401 ccmni5}
04-20 15:41:14.584727   964  1014 D NetdConnector: RCV <- {110 401 ccmni0}
04-20 15:41:14.585265  1102  1102 D ActivityThread: BDC-Calling onReceive: intent=Intent { act=android.hardware.usb.action.USB_STATE flg=0x30000010 (has extras) }, ordered=true, receiver=com.android.systemui.usb.StorageNotification$4@999b52b, IIntentReceiver=7a81049
04-20 15:41:14.586012   964   964 D NetdConnector: RMV <- {110 401 ccmni5}
04-20 15:41:14.586283   964  1014 D NetdConnector: RCV <- {110 401 ccmni1}
04-20 15:41:14.587145   964   964 D NetdConnector: RMV <- {110 401 ccmni0}
04-20 15:41:14.587672   964  1844 D ActivityManager: SVC-Stopping service: ServiceRecord{4f60144 u0 com.android.providers.media/.MtpService}, app=ProcessRecord{7442e21 12739:android.process.media/u0a7}
04-20 15:41:14.590332   964  1014 D NetdConnector: RCV <- {110 401 ccmni3}
04-20 15:41:14.591336   964   964 D NetdConnector: RMV <- {110 401 ccmni1}
04-20 15:41:14.592440   964  1014 D NetdConnector: RCV <- {110 401 ccmni4}
04-20 15:41:14.593116   964   964 D NetdConnector: RMV <- {110 401 ccmni3}
04-20 15:41:14.594168   964  1014 D NetdConnector: RCV <- {110 401 ccmni2}
04-20 15:41:14.595050   964  1663 D ActivityManager: SVC-Unbinding service: ServiceRecord{4f60144 u0 com.android.providers.media/.MtpService}, app=ProcessRecord{7442e21 12739:android.process.media/u0a7}
04-20 15:41:14.595098   964   964 D NetdConnector: RMV <- {110 401 ccmni4}
04-20 15:41:14.595301   964  1663 V ActivityManager: >>> EXECUTING unbind of ServiceRecord{4f60144 u0 com.android.providers.media/.MtpService} in app ProcessRecord{7442e21 12739:android.process.media/u0a7}
04-20 15:41:14.598029   964  1014 D NetdConnector: RCV <- {110 401 tunl0}
04-20 15:41:14.598205   964   964 D NetdConnector: RMV <- {110 401 ccmni2}
04-20 15:41:14.599263   964  1014 D NetdConnector: RCV <- {110 401 sit0}
04-20 15:41:14.600262   964   964 D NetdConnector: RMV <- {110 401 tunl0}
04-20 15:41:14.601658   964  1663 V ActivityManager: >>> EXECUTING destroy of ServiceRecord{4f60144 u0 com.android.providers.media/.MtpService} in app ProcessRecord{7442e21 12739:android.process.media/u0a7}
04-20 15:41:14.603349   964  1014 D NetdConnector: RCV <- {110 401 ifb0}
04-20 15:41:14.603928 12739 12739 D ActivityThread: BDC-RECEIVER handled : 0 / ReceiverData{intent=Intent { act=android.hardware.usb.action.USB_STATE flg=0x30000010 cmp=com.android.providers.media/.MtpReceiver (has extras) } packageName=com.android.providers.media resultCode=0 resultData=null resultExtras=null}
04-20 15:41:14.604300   964   964 D NetdConnector: RMV <- {110 401 sit0}
04-20 15:41:14.604983 12739 12739 D ActivityThread: SVC-UNBIND_SERVICE handled : 0 / BindServiceData{token=android.os.BinderProxy@d4fb1f7 intent=Intent { cmp=com.android.providers.media/.MtpService }}
04-20 15:41:14.605154   964  1843 D ActivityManager: BDC-Finishing receiver: android.os.BinderProxy@74ac78d
04-20 15:41:14.605507 12739 12739 D ActivityThread: SVC-Destroying service: com.android.providers.media.MtpService@f323864
04-20 15:41:14.605561   964  1843 D ActivityManager: BroadcastRecord{5fc6f20 u-1 android.hardware.usb.action.USB_STATE}, spend: 42, android.os.BinderProxy@74ac78d, ActivityInfo{44ce325 com.android.providers.media.MtpReceiver}
04-20 15:41:14.605987   964  1843 D BroadcastQueue: Non-ordered [foreground] BroadcastRecord{5fc6f20 u-1 android.hardware.usb.action.USB_STATE}, 2 receivers, Total: 94, Waiting: 13, Processing: 81
04-20 15:41:14.606309   964  1843 V BroadcastQueue: Processing ordered broadcast [foreground] BroadcastRecord{642ee9b u-1 android.hardware.usb.action.USB_STATE}, 2 receivers
04-20 15:41:14.606689   964  1843 D BroadcastQueue: BroadcastRecord{642ee9b u-1 android.hardware.usb.action.USB_STATE}, #0 ActivityInfo{79828cd com.mediatek.mtklogger.framework.LogReceiver}
04-20 15:41:14.606941   964   964 D NetdConnector: RMV <- {110 401 ifb0}
04-20 15:41:14.608262   964  1014 D NetdConnector: RCV <- {110 401 ifb1}
04-20 15:41:14.609857   964   964 D NetdConnector: RMV <- {110 401 ifb1}
04-20 15:41:14.613356   964  1014 D NetdConnector: RCV <- {110 401 lo}
04-20 15:41:14.613921   964  1843 D BroadcastQueue: BDC-Delivering broadcast: Intent { act=android.hardware.usb.action.USB_STATE flg=0x30000010 cmp=com.mediatek.mtklogger/.framework.LogReceiver (has extras) }, queue=foreground, ordered=false, app=ProcessRecord{f460492 12140:com.mediatek.mtklogger/u0a56}, receiver=android.os.BinderProxy@e21f4ce
04-20 15:41:14.616860   964   964 D NetdConnector: RMV <- {110 401 lo}
04-20 15:41:14.620550   964  1014 D NetdConnector: RCV <- {110 401 ip6tnl0}
04-20 15:41:14.621994   964  1014 D NetdConnector: RCV <- {110 401 rndis0}
04-20 15:41:14.623352   964  1014 D NetdConnector: RCV <- {200 401 Interface list completed}
04-20 15:41:14.623610   964  1843 D ActivityManager: SVC-Executing service done: ServiceRecord{4f60144 u0 com.android.providers.media/.MtpService}, type=0, startId=0, res=0
04-20 15:41:14.623795   964  1843 V ActivityManager: <<< DONE EXECUTING ServiceRecord{4f60144 u0 com.android.providers.media/.MtpService}: nesting=2, inDestroying=true, app=ProcessRecord{7442e21 12739:android.process.media/u0a7}
04-20 15:41:14.625501 12140 12140 D ActivityThread: BDC-Calling onReceive: intent=Intent { act=android.hardware.usb.action.USB_STATE flg=0x30000010 cmp=com.mediatek.mtklogger/.framework.LogReceiver (has extras) }, receiver=com.mediatek.mtklogger.framework.LogReceiver@8208ff7
04-20 15:41:14.625603   964  1747 D ActivityManager: SVC-Executing service done: ServiceRecord{4f60144 u0 com.android.providers.media/.MtpService}, type=2, startId=0, res=0
04-20 15:41:14.625795   964  1747 V ActivityManager: <<< DONE EXECUTING ServiceRecord{4f60144 u0 com.android.providers.media/.MtpService}: nesting=1, inDestroying=true, app=ProcessRecord{7442e21 12739:android.process.media/u0a7}
04-20 15:41:14.627939 12739 12739 D ActivityThread: SVC-STOP_SERVICE handled : 0 / android.os.BinderProxy@d4fb1f7
04-20 15:41:14.629885 12739 12739 E ActivityThread: Service com.android.providers.media.MtpService has leaked IntentReceiver com.android.providers.media.MtpService$3@6e8aacd that was originally registered here. Are you missing a call to unregisterReceiver()?
04-20 15:41:14.629885 12739 12739 E ActivityThread: android.app.IntentReceiverLeaked: Service com.android.providers.media.MtpService has leaked IntentReceiver com.android.providers.media.MtpService$3@6e8aacd that was originally registered here. Are you missing a call to unregisterReceiver()?
04-20 15:41:14.629885 12739 12739 E ActivityThread: 	at android.app.LoadedApk$ReceiverDispatcher.<init>(LoadedApk.java:959)
04-20 15:41:14.629885 12739 12739 E ActivityThread: 	at android.app.LoadedApk.getReceiverDispatcher(LoadedApk.java:728)
04-20 15:41:14.629885 12739 12739 E ActivityThread: 	at android.app.ContextImpl.registerReceiverInternal(ContextImpl.java:1177)
04-20 15:41:14.629885 12739 12739 E ActivityThread: 	at android.app.ContextImpl.registerReceiver(ContextImpl.java:1157)
04-20 15:41:14.629885 12739 12739 E ActivityThread: 	at android.app.ContextImpl.registerReceiver(ContextImpl.java:1151)
04-20 15:41:14.629885 12739 12739 E ActivityThread: 	at android.content.ContextWrapper.registerReceiver(ContextWrapper.java:554)
04-20 15:41:14.629885 12739 12739 E ActivityThread: 	at com.android.providers.media.MtpService.onCreate(MtpService.java:101)
04-20 15:41:14.629885 12739 12739 E ActivityThread: 	at android.app.ActivityThread.handleCreateService(ActivityThread.java:3067)
04-20 15:41:14.629885 12739 12739 E ActivityThread: 	at android.app.ActivityThread.-wrap4(ActivityThread.java)
04-20 15:41:14.629885 12739 12739 E ActivityThread: 	at android.app.ActivityThread$H.handleMessage(ActivityThread.java:1571)
04-20 15:41:14.629885 12739 12739 E ActivityThread: 	at android.os.Handler.dispatchMessage(Handler.java:111)
04-20 15:41:14.629885 12739 12739 E ActivityThread: 	at android.os.Looper.loop(Looper.java:207)
04-20 15:41:14.629885 12739 12739 E ActivityThread: 	at android.app.ActivityThread.main(ActivityThread.java:5728)
04-20 15:41:14.629885 12739 12739 E ActivityThread: 	at java.lang.reflect.Method.invoke(Native Method)
04-20 15:41:14.629885 12739 12739 E ActivityThread: 	at com.android.internal.os.ZygoteInit$MethodAndArgsCaller.run(ZygoteInit.java:789)
04-20 15:41:14.629885 12739 12739 E ActivityThread: 	at com.android.internal.os.ZygoteInit.main(ZygoteInit.java:679)
04-20 15:41:14.630247 12140 12140 D ActivityThread: BDC-RECEIVER handled : 0 / ReceiverData{intent=Intent { act=android.hardware.usb.action.USB_STATE flg=0x30000010 cmp=com.mediatek.mtklogger/.framework.LogReceiver (has extras) } packageName=com.mediatek.mtklogger resultCode=-1 resultData=null resultExtras=null}
04-20 15:41:14.631532   964   964 D NetdConnector: RMV <- {110 401 ip6tnl0}
04-20 15:41:14.633485   964   964 D NetdConnector: RMV <- {110 401 rndis0}
04-20 15:41:14.634955   964   964 D NetdConnector: RMV <- {200 401 Interface list completed}
04-20 15:41:14.647361   964  1747 D ActivityManager: BDC-Finishing receiver: android.os.BinderProxy@e21f4ce
04-20 15:41:14.647818   964  1747 D ActivityManager: BroadcastRecord{642ee9b u-1 android.hardware.usb.action.USB_STATE}, spend: 42, android.os.BinderProxy@e21f4ce, ActivityInfo{79828cd com.mediatek.mtklogger.framework.LogReceiver}
04-20 15:41:14.648679   964  1747 D BroadcastQueue: BroadcastRecord{642ee9b u-1 android.hardware.usb.action.USB_STATE}, #1 ActivityInfo{44ce325 com.android.providers.media.MtpReceiver}
04-20 15:41:14.655753   964   986 D NetdConnector: SND -> {402 interface list}
04-20 15:41:14.657191   338   963 D FrameworkListener: dispatchCommand data = (402 interface list)
04-20 15:41:14.657469   338   963 D SocketClient: SocketClient sendData done: 110 402 ccmni6
04-20 15:41:14.657553   338   963 D SocketClient: SocketClient sendData done: 110 402 ccmni7
04-20 15:41:14.657654   338   963 D SocketClient: SocketClient sendData done: 110 402 ccmni5
04-20 15:41:14.657721   338   963 D SocketClient: SocketClient sendData done: 110 402 ccmni0
04-20 15:41:14.657788   338   963 D SocketClient: SocketClient sendData done: 110 402 ccmni1
04-20 15:41:14.657858   338   963 D SocketClient: SocketClient sendData done: 110 402 ccmni3
04-20 15:41:14.657926   338   963 D SocketClient: SocketClient sendData done: 110 402 ccmni4
04-20 15:41:14.658017   338   963 D SocketClient: SocketClient sendData done: 110 402 ccmni2
04-20 15:41:14.658097   338   963 D SocketClient: SocketClient sendData done: 110 402 tunl0
04-20 15:41:14.658165   338   963 D SocketClient: SocketClient sendData done: 110 402 sit0
04-20 15:41:14.658233   338   963 D SocketClient: SocketClient sendData done: 110 402 ifb0
04-20 15:41:14.658304   338   963 D SocketClient: SocketClient sendData done: 110 402 ifb1
04-20 15:41:14.658394   338   963 D SocketClient: SocketClient sendData done: 110 402 lo
04-20 15:41:14.658464   338   963 D SocketClient: SocketClient sendData done: 110 402 ip6tnl0
04-20 15:41:14.658533   338   963 D SocketClient: SocketClient sendData done: 110 402 rndis0
04-20 15:41:14.658639   338   963 D SocketClient: SocketClient sendData done: 200 402 Interface list completed
04-20 15:41:14.663930   964  1014 D NetdConnector: RCV <- {110 402 ccmni6}
04-20 15:41:14.667128   964  1014 D NetdConnector: RCV <- {110 402 ccmni7}
04-20 15:41:14.668342   964   986 D NetdConnector: RMV <- {110 402 ccmni6}
04-20 15:41:14.669653   964  1747 D BroadcastQueue: BDC-Delivering broadcast: Intent { act=android.hardware.usb.action.USB_STATE flg=0x30000010 cmp=com.android.providers.media/.MtpReceiver (has extras) }, queue=foreground, ordered=false, app=ProcessRecord{7442e21 12739:android.process.media/u0a7}, receiver=android.os.BinderProxy@74ac78d
04-20 15:41:14.670651   964   986 D NetdConnector: RMV <- {110 402 ccmni7}
04-20 15:41:14.670720   964  1014 D NetdConnector: RCV <- {110 402 ccmni5}
04-20 15:41:14.672117 12739 12739 D ActivityThread: BDC-Calling onReceive: intent=Intent { act=android.hardware.usb.action.USB_STATE flg=0x30000010 cmp=com.android.providers.media/.MtpReceiver (has extras) }, receiver=com.android.providers.media.MtpReceiver@f2f7d7d
04-20 15:41:14.676637 12739 12739 D ActivityThread: BDC-RECEIVER handled : 0 / ReceiverData{intent=Intent { act=android.hardware.usb.action.USB_STATE flg=0x30000010 cmp=com.android.providers.media/.MtpReceiver (has extras) } packageName=com.android.providers.media resultCode=0 resultData=null resultExtras=null}
04-20 15:41:14.676795   964  1162 D ActivityManager: BDC-Finishing receiver: android.os.BinderProxy@74ac78d
04-20 15:41:14.679962   964  1162 D ActivityManager: BroadcastRecord{642ee9b u-1 android.hardware.usb.action.USB_STATE}, spend: 32, android.os.BinderProxy@74ac78d, ActivityInfo{44ce325 com.android.providers.media.MtpReceiver}
04-20 15:41:14.680465   964  1162 D BroadcastQueue: Non-ordered [foreground] BroadcastRecord{642ee9b u-1 android.hardware.usb.action.USB_STATE}, 2 receivers, Total: 142, Waiting: 68, Processing: 74
04-20 15:41:14.684596   964  1014 D NetdConnector: RCV <- {110 402 ccmni0}
04-20 15:41:14.687260   964  1014 D NetdConnector: RCV <- {110 402 ccmni1}
04-20 15:41:14.688599   964  1014 D NetdConnector: RCV <- {110 402 ccmni3}
04-20 15:41:14.690271   964  1014 D NetdConnector: RCV <- {110 402 ccmni4}
04-20 15:41:14.693145   964   986 D NetdConnector: RMV <- {110 402 ccmni5}
04-20 15:41:14.694277   964   986 D NetdConnector: RMV <- {110 402 ccmni0}
04-20 15:41:14.695156   964  1014 D NetdConnector: RCV <- {110 402 ccmni2}
04-20 15:41:14.698198   964   986 D NetdConnector: RMV <- {110 402 ccmni1}
04-20 15:41:14.700821   964   986 D NetdConnector: RMV <- {110 402 ccmni3}
04-20 15:41:14.701086   964  1014 D NetdConnector: RCV <- {110 402 tunl0}
04-20 15:41:14.702046   964   986 D NetdConnector: RMV <- {110 402 ccmni4}
04-20 15:41:14.703233   964   986 D NetdConnector: RMV <- {110 402 ccmni2}
04-20 15:41:14.705295   964  1014 D NetdConnector: RCV <- {110 402 sit0}
04-20 15:41:14.706144   964   986 D NetdConnector: RMV <- {110 402 tunl0}
04-20 15:41:14.707525   964  1014 D NetdConnector: RCV <- {110 402 ifb0}
04-20 15:41:14.709124 12919 12919 D ActivityThread: BDC-Calling onReceive: intent=Intent { act=android.hardware.usb.action.USB_STATE flg=0x30000010 (has extras) }, ordered=true, receiver=com.android.settings.TetherSettings$TetherChangeReceiver@a1f0bb1, IIntentReceiver=725f05d
04-20 15:41:14.709806   964   986 D NetdConnector: RMV <- {110 402 sit0}
04-20 15:41:14.713199   964  1014 D NetdConnector: RCV <- {110 402 ifb1}
04-20 15:41:14.714461   964  1014 D NetdConnector: RCV <- {110 402 lo}
04-20 15:41:14.716156   964  1014 D NetdConnector: RCV <- {110 402 ip6tnl0}
04-20 15:41:14.716359   964   986 D NetdConnector: RMV <- {110 402 ifb0}
04-20 15:41:14.718276   964  1014 D NetdConnector: RCV <- {110 402 rndis0}
04-20 15:41:14.720218   964  1014 D NetdConnector: RCV <- {200 402 Interface list completed}
04-20 15:41:14.720662   964   986 D NetdConnector: RMV <- {110 402 ifb1}
04-20 15:41:14.721720   964   986 D NetdConnector: RMV <- {110 402 lo}
04-20 15:41:14.722785   964   986 D NetdConnector: RMV <- {110 402 ip6tnl0}
04-20 15:41:14.725041   964   986 D NetdConnector: RMV <- {110 402 rndis0}
04-20 15:41:14.726500   964   986 D NetdConnector: RMV <- {200 402 Interface list completed}
04-20 15:41:14.730992   964   986 D NetdConnector: SND -> {403 interface getcfg rndis0}
04-20 15:41:14.732496   338   963 D FrameworkListener: dispatchCommand data = (403 interface getcfg rndis0)
04-20 15:41:14.733061   338   963 D SocketClient: SocketClient sendData done: 213 403 12:85:a4:c2:37:ef 0.0.0.0 0 down broadcast multicast
04-20 15:41:14.733854   964  1014 D NetdConnector: RCV <- {213 403 12:85:a4:c2:37:ef 0.0.0.0 0 down broadcast multicast}
04-20 15:41:14.735381   964   986 D NetdConnector: RMV <- {213 403 12:85:a4:c2:37:ef 0.0.0.0 0 down broadcast multicast}
04-20 15:41:14.738938   964   986 D NetworkManagement: Enter setInterfaceConfig, iface=rndis0
04-20 15:41:14.740077   964   986 D NetdConnector: SND -> {404 interface setcfg rndis0 192.168.42.129 24 up multicast broadcast}
04-20 15:41:14.741730   338   963 D FrameworkListener: dispatchCommand data = (404 interface setcfg rndis0 192.168.42.129 24 up multicast broadcast)
04-20 15:41:14.742648   338   956 D NetlinkEvent: parseIfAddrMessage: if:rndis0; ADDRESS 192.168.42.129;VALID=1;
04-20 15:41:14.742850   338   956 D SocketClient: SocketClient sendData done: 614 Address updated 192.168.42.129/24 rndis0 128 0 1
04-20 15:41:14.743045   338   956 D SocketClient: SocketClient sendData done: 600 Iface linkstate rndis0 up
04-20 15:41:14.743335   964  1014 D NetdConnector: RCV <- {614 Address updated 192.168.42.129/24 rndis0 128 0 1}
04-20 15:41:14.743906   338   956 D SocketClient: SocketClient sendData done: 616 Route updated fe80::/64 dev rndis0
