04-20 15:40:58.604816   964  1747 D ActivityManager: SVC-Executing service done: ServiceRecord{c5915a0 u0 com.android.providers.media/.MediaScannerService}, type=1, startId=1, res=3
04-20 15:40:58.605004   964  1747 V ActivityManager: <<< DONE EXECUTING ServiceRecord{c5915a0 u0 com.android.providers.media/.MediaScannerService}: nesting=1, inDestroying=false, app=ProcessRecord{7442e21 12739:android.process.media/u0a7}
04-20 15:40:58.696373   964  1670 V ActivityManager: >>> EXECUTING destroy of ServiceRecord{c5915a0 u0 com.android.providers.media/.MediaScannerService} in app ProcessRecord{7442e21 12739:android.process.media/u0a7}
04-20 15:40:58.697566   964   976 V ActivityManager: startService: Intent { cmp=com.android.providers.media/.MediaScannerService (has extras) } callerApp=ProcessRecord{7442e21 12739:android.process.media/u0a7}
04-20 15:40:58.697844 12739 12739 D ActivityThread: SVC-Destroying service: com.android.providers.media.MediaScannerService@7ee646a
04-20 15:40:58.699145   964   976 V ActivityManager: >>> EXECUTING create of ServiceRecord{bc9ebcc u0 com.android.providers.media/.MediaScannerService} in app ProcessRecord{7442e21 12739:android.process.media/u0a7}
04-20 15:40:58.701203   964   976 V ActivityManager: AMS Creating service ServiceRecord{bc9ebcc u0 com.android.providers.media/.MediaScannerService}
04-20 15:40:58.702205   964   976 V ActivityManager: Sending arguments to: ServiceRecord{bc9ebcc u0 com.android.providers.media/.MediaScannerService} android.content.Intent$FilterComparison@5e49f425 args=Intent { cmp=com.android.providers.media/.MediaScannerService (has extras) }
04-20 15:40:58.702387   964   976 V ActivityManager: >>> EXECUTING start of ServiceRecord{bc9ebcc u0 com.android.providers.media/.MediaScannerService} in app ProcessRecord{7442e21 12739:android.process.media/u0a7}
04-20 15:40:58.702965   964   976 D ActivityManager: SVC-Sent arguments: ServiceRecord{bc9ebcc u0 com.android.providers.media/.MediaScannerService}, app=ProcessRecord{7442e21 12739:android.process.media/u0a7}, args=Intent { cmp=com.android.providers.media/.MediaScannerService (has extras) }, flags=0
04-20 15:40:58.704257 12739 12739 D ActivityThread: SVC-STOP_SERVICE handled : 0 / android.os.BinderProxy@4c9255
04-20 15:40:58.704434   964  1652 D ActivityManager: SVC-Executing service done: ServiceRecord{c5915a0 u0 com.android.providers.media/.MediaScannerService}, type=2, startId=0, res=0
04-20 15:40:58.704620   964  1652 V ActivityManager: <<< DONE EXECUTING ServiceRecord{c5915a0 u0 com.android.providers.media/.MediaScannerService}: nesting=1, inDestroying=true, app=ProcessRecord{7442e21 12739:android.process.media/u0a7}
04-20 15:40:58.705209 12739 12739 D ActivityThread: SVC-Creating service: CreateServiceData{token=android.os.BinderProxy@9e52010 className=com.android.providers.media.MediaScannerService packageName=com.android.providers.media intent=null}
04-20 15:40:58.718790 12739 12739 D ActivityThread: SVC-CREATE_SERVICE handled : 0 / CreateServiceData{token=android.os.BinderProxy@9e52010 className=com.android.providers.media.MediaScannerService packageName=com.android.providers.media intent=null}
04-20 15:40:58.718950   964  2089 D ActivityManager: SVC-Executing service done: ServiceRecord{bc9ebcc u0 com.android.providers.media/.MediaScannerService}, type=0, startId=0, res=0
04-20 15:40:58.719135   964  2089 V ActivityManager: <<< DONE EXECUTING ServiceRecord{bc9ebcc u0 com.android.providers.media/.MediaScannerService}: nesting=2, inDestroying=false, app=ProcessRecord{7442e21 12739:android.process.media/u0a7}
04-20 15:40:58.719837 12739 12739 D ActivityThread: SVC-Calling onStartCommand: com.android.providers.media.MediaScannerService@2b3b709, flags=0, startId=1
04-20 15:40:58.827378 12739 12739 D ActivityThread: SVC-SERVICE_ARGS handled : 0 / ServiceArgsData{token=android.os.BinderProxy@9e52010 startId=1 args=Intent { cmp=com.android.providers.media/.MediaScannerService (has extras) }}
04-20 15:40:58.827533   964  1162 D ActivityManager: SVC-Executing service done: ServiceRecord{bc9ebcc u0 com.android.providers.media/.MediaScannerService}, type=1, startId=1, res=3
04-20 15:40:58.827723   964  1162 V ActivityManager: <<< DONE EXECUTING ServiceRecord{bc9ebcc u0 com.android.providers.media/.MediaScannerService}: nesting=1, inDestroying=false, app=ProcessRecord{7442e21 12739:android.process.media/u0a7}
04-20 15:40:58.900737   964  2088 V ActivityManager: >>> EXECUTING destroy of ServiceRecord{bc9ebcc u0 com.android.providers.media/.MediaScannerService} in app ProcessRecord{7442e21 12739:android.process.media/u0a7}
04-20 15:40:58.901992 12739 12739 D ActivityThread: SVC-Destroying service: com.android.providers.media.MediaScannerService@2b3b709
04-20 15:40:58.903526 12739 12739 D ActivityThread: SVC-STOP_SERVICE handled : 0 / android.os.BinderProxy@9e52010
04-20 15:40:58.903601   964  1663 D ActivityManager: SVC-Executing service done: ServiceRecord{bc9ebcc u0 com.android.providers.media/.MediaScannerService}, type=2, startId=0, res=0
04-20 15:40:58.903768   964  1663 V ActivityManager: <<< DONE EXECUTING ServiceRecord{bc9ebcc u0 com.android.providers.media/.MediaScannerService}: nesting=1, inDestroying=true, app=ProcessRecord{7442e21 12739:android.process.media/u0a7}
04-20 15:41:00.001785   964  1001 V AlarmManager: openLteGateSuccess = false
04-20 15:41:00.003426   964  1001 V ActivityManager: Broadcast: Intent { act=android.intent.action.TIME_TICK flg=0x50000114 (has extras) } ordered=true userid=-1 callerApp=null
04-20 15:41:00.011908   964   982 V BroadcastQueue: Processing ordered broadcast [foreground] BroadcastRecord{98ff8b8 u-1 android.intent.action.TIME_TICK}, 11 receivers
04-20 15:41:00.013288   964   982 D BroadcastQueue: BroadcastRecord{98ff8b8 u-1 android.intent.action.TIME_TICK}, #0 BroadcastFilter{aae3a85 u0 ReceiverList{309d3fc 964 system/1000/u0 local:e0c9cef}}
04-20 15:41:00.014873   964   982 D BroadcastQueue: BDC-Delivering broadcast: Intent { act=android.intent.action.TIME_TICK flg=0x50000114 (has extras) }, queue=foreground, ordered=true, filter=BroadcastFilter{aae3a85 u0 ReceiverList{309d3fc 964 system/1000/u0 local:e0c9cef}}, receiver=android.app.LoadedApk$ReceiverDispatcher$InnerReceiver@e0c9cef
04-20 15:41:00.019103   964   964 D ActivityThread: BDC-Calling onReceive: intent=Intent { act=android.intent.action.TIME_TICK flg=0x50000114 (has extras) }, ordered=true, receiver=com.android.server.AlarmManagerService$ClockReceiver@637f5ce, IIntentReceiver=e0c9cef
04-20 15:41:00.021309   964  1001 V AlarmManager: sending alarm Alarm{ff7c9f6 type 3 when 41996884 android} success
04-20 15:41:00.022936   964  1001 D PowerManagerService: acquireWakeLockInternal: lock=47640520, flags=0x40000001, tag="*alarm*", ws=WorkSource{1000}, uid=1000, pid=964
04-20 15:41:00.023657   964  1001 D PowerManagerService: updateWakeLockSummaryLocked: mWakefulness=Awake, mWakeLockSummary=0x1
04-20 15:41:00.025791   964  1001 D PowerManagerService: updateUserActivitySummaryLocked: mWakefulness=Awake, mUserActivitySummary=0x1, nextTimeout=20499317 (in 50131 ms)
04-20 15:41:00.027367   964  1001 D DisplayPowerController: requestPowerState: policy=BRIGHT, useProximitySensor=false, screenBrightness=102, screenAutoBrightnessAdjustment=0.0, brightnessSetByUser=true, useAutoBrightness=false, blockScreenOn=false, lowPowerMode=false, boostScreenBrightness=false, dozeScreenBrightness=-1, dozeScreenState=UNKNOWN, waitForNegativeProximity=false
04-20 15:41:00.027646   964  1001 I PowerManagerService: setBrightness mButtonLight 0.
04-20 15:41:00.028345   964  1001 D PowerManagerService: updateDisplayPowerStateLocked: mDisplayReady=true, policy=3, mWakefulness=1, mWakeLockSummary=0x1, mUserActivitySummary=0x1, mBootCompleted=true, mScreenBrightnessBoostInProgress=false
04-20 15:41:00.030503   964  1001 D PowerManagerService: Acquiring suspend blocker "PowerManagerService.WakeLocks".
04-20 15:41:00.030890   964  1001 D PowerManagerNotifier: onWakeLockAcquired: flags=1073741825, tag="*alarm*", packageName=android, ownerUid=1000, ownerPid=964, workSource=WorkSource{1000}
04-20 15:41:00.031716   964   964 V AlarmManager: APP set(PendingIntent{6b0190b: PendingIntentRecord{a1e33e8 android broadcastIntent}}) : type=3 triggerAtTime=42056884 win=0 tElapsed=42056884 maxElapsed=42056884 interval=0 flags=0x1
04-20 15:41:00.032197   964   964 D AlarmManager:  whichBatch = -1
04-20 15:41:00.032377   964   964 D ActivityThread: BDC-Calling finishReceiver: IIntentReceiver=e0c9cef
04-20 15:41:00.032592   964   964 D ActivityManager: BDC-Finishing receiver: android.app.LoadedApk$ReceiverDispatcher$InnerReceiver@e0c9cef
04-20 15:41:00.032960   964   964 D ActivityManager: BroadcastRecord{98ff8b8 u-1 android.intent.action.TIME_TICK}, spend: 22, android.app.LoadedApk$ReceiverDispatcher$InnerReceiver@e0c9cef, BroadcastFilter{aae3a85 u0 ReceiverList{309d3fc 964 system/1000/u0 local:e0c9cef}}
04-20 15:41:00.033254   964   964 D BroadcastQueue: BroadcastRecord{98ff8b8 u-1 android.intent.action.TIME_TICK}, #1 BroadcastFilter{ef7156b u0 ReceiverList{8ef52ba 1102 com.android.systemui/10022/u0 remote:83e07e5}}
04-20 15:41:00.034222   964   964 D BroadcastQueue: BDC-Delivering broadcast: Intent { act=android.intent.action.TIME_TICK flg=0x50000114 (has extras) }, queue=foreground, ordered=true, filter=BroadcastFilter{ef7156b u0 ReceiverList{8ef52ba 1102 com.android.systemui/10022/u0 remote:83e07e5}}, receiver=android.os.BinderProxy@83e07e5
04-20 15:41:00.036739  1102  1102 D ActivityThread: BDC-Calling onReceive: intent=Intent { act=android.intent.action.TIME_TICK flg=0x50000114 (has extras) }, ordered=true, receiver=com.android.keyguard.KeyguardUpdateMonitor$3@16e0f53, IIntentReceiver=6cc051e
04-20 15:41:00.036975  1102  1102 D ActivityThread: BDC-Calling finishReceiver: IIntentReceiver=6cc051e
04-20 15:41:00.037901   964   975 D ActivityManager: BDC-Finishing receiver: android.os.BinderProxy@83e07e5
04-20 15:41:00.041377   964   975 D ActivityManager: BroadcastRecord{98ff8b8 u-1 android.intent.action.TIME_TICK}, spend: 8, android.os.BinderProxy@83e07e5, BroadcastFilter{ef7156b u0 ReceiverList{8ef52ba 1102 com.android.systemui/10022/u0 remote:83e07e5}}
04-20 15:41:00.041723   964   975 D BroadcastQueue: BroadcastRecord{98ff8b8 u-1 android.intent.action.TIME_TICK}, #2 BroadcastFilter{6969fb9 u0 ReceiverList{5347d80 1102 com.android.systemui/10022/u0 remote:ae1aa03}}
04-20 15:41:00.042129   964   975 D BroadcastQueue: BDC-Delivering broadcast: Intent { act=android.intent.action.TIME_TICK flg=0x50000114 (has extras) }, queue=foreground, ordered=true, filter=BroadcastFilter{6969fb9 u0 ReceiverList{5347d80 1102 com.android.systemui/10022/u0 remote:ae1aa03}}, receiver=android.os.BinderProxy@ae1aa03
04-20 15:41:00.044879  1102  1102 D ActivityThread: BDC-Calling onReceive: intent=Intent { act=android.intent.action.TIME_TICK flg=0x50000114 (has extras) }, ordered=true, receiver=com.android.systemui.statusbar.KeyguardIndicationController$2@9e52010, IIntentReceiver=e049307
04-20 15:41:00.045011  1102  1102 D ActivityThread: BDC-Calling finishReceiver: IIntentReceiver=e049307
04-20 15:41:00.045987   964  1927 D ActivityManager: BDC-Finishing receiver: android.os.BinderProxy@ae1aa03
04-20 15:41:00.046393   964  1927 D ActivityManager: BroadcastRecord{98ff8b8 u-1 android.intent.action.TIME_TICK}, spend: 4, android.os.BinderProxy@ae1aa03, BroadcastFilter{6969fb9 u0 ReceiverList{5347d80 1102 com.android.systemui/10022/u0 remote:ae1aa03}}
04-20 15:41:00.046691   964  1927 D BroadcastQueue: BroadcastRecord{98ff8b8 u-1 android.intent.action.TIME_TICK}, #3 BroadcastFilter{6971f54 u-1 ReceiverList{b8d1ea7 1102 com.android.systemui/10022/u-1 remote:ef70b66}}
04-20 15:41:00.047145   964  1927 D BroadcastQueue: BDC-Delivering broadcast: Intent { act=android.intent.action.TIME_TICK flg=0x50000114 (has extras) }, queue=foreground, ordered=true, filter=BroadcastFilter{6971f54 u-1 ReceiverList{b8d1ea7 1102 com.android.systemui/10022/u-1 remote:ef70b66}}, receiver=android.os.BinderProxy@ef70b66
04-20 15:41:00.050273  1102  1102 D ActivityThread: BDC-Calling onReceive: intent=Intent { act=android.intent.action.TIME_TICK flg=0x50000114 (has extras) }, ordered=true, receiver=com.android.systemui.statusbar.policy.Clock$1@a21c826, IIntentReceiver=c9c9a5d
04-20 15:41:00.054742  1102  1102 D ActivityThread: BDC-Calling finishReceiver: IIntentReceiver=c9c9a5d
04-20 15:41:00.055384   964  1844 D ActivityManager: BDC-Finishing receiver: android.os.BinderProxy@ef70b66
04-20 15:41:00.056217   964  1844 D ActivityManager: BroadcastRecord{98ff8b8 u-1 android.intent.action.TIME_TICK}, spend: 9, android.os.BinderProxy@ef70b66, BroadcastFilter{6971f54 u-1 ReceiverList{b8d1ea7 1102 com.android.systemui/10022/u-1 remote:ef70b66}}
04-20 15:41:00.056549   964  1844 D BroadcastQueue: BroadcastRecord{98ff8b8 u-1 android.intent.action.TIME_TICK}, #4 BroadcastFilter{b9ac1a2 u0 ReceiverList{a57c16d 1102 com.android.systemui/10022/u0 remote:d6b0584}}
04-20 15:41:00.056979   964  1844 D BroadcastQueue: BDC-Delivering broadcast: Intent { act=android.intent.action.TIME_TICK flg=0x50000114 (has extras) }, queue=foreground, ordered=true, filter=BroadcastFilter{b9ac1a2 u0 ReceiverList{a57c16d 1102 com.android.systemui/10022/u0 remote:d6b0584}}, receiver=android.os.BinderProxy@d6b0584
04-20 15:41:00.070476  1102  1102 D ActivityThread: BDC-Calling onReceive: intent=Intent { act=android.intent.action.TIME_TICK flg=0x50000114 (has extras) }, ordered=true, receiver=com.mediatek.keyguard.Clock.ClockView$TimeChangedReceiver@9e7f803, IIntentReceiver=dcd58a3
04-20 15:41:00.070597  1102  1102 D ActivityThread: BDC-Calling finishReceiver: IIntentReceiver=dcd58a3
04-20 15:41:00.071324   964  1747 D ActivityManager: BDC-Finishing receiver: android.os.BinderProxy@d6b0584
04-20 15:41:00.074228   964  1747 D ActivityManager: BroadcastRecord{98ff8b8 u-1 android.intent.action.TIME_TICK}, spend: 15, android.os.BinderProxy@d6b0584, BroadcastFilter{b9ac1a2 u0 ReceiverList{a57c16d 1102 com.android.systemui/10022/u0 remote:d6b0584}}
04-20 15:41:00.074623   964  1747 D BroadcastQueue: BroadcastRecord{98ff8b8 u-1 android.intent.action.TIME_TICK}, #5 BroadcastFilter{91ad752 u0 ReceiverList{df8dfdd 1102 com.android.systemui/10022/u0 remote:1dcd7b4}}
04-20 15:41:00.075060   964  1747 D BroadcastQueue: BDC-Delivering broadcast: Intent { act=android.intent.action.TIME_TICK flg=0x50000114 (has extras) }, queue=foreground, ordered=true, filter=BroadcastFilter{91ad752 u0 ReceiverList{df8dfdd 1102 com.android.systemui/10022/u0 remote:1dcd7b4}}, receiver=android.os.BinderProxy@1dcd7b4
04-20 15:41:00.078291  1102  1102 D ActivityThread: BDC-Calling onReceive: intent=Intent { act=android.intent.action.TIME_TICK flg=0x50000114 (has extras) }, ordered=true, receiver=android.widget.TextClock$2@aa7b380, IIntentReceiver=dd2dbff
04-20 15:41:00.078611  1102  1102 D ActivityThread: BDC-Calling finishReceiver: IIntentReceiver=dd2dbff
04-20 15:41:00.079486   964  8872 D ActivityManager: BDC-Finishing receiver: android.os.BinderProxy@1dcd7b4
04-20 15:41:00.079897   964  8872 D ActivityManager: BroadcastRecord{98ff8b8 u-1 android.intent.action.TIME_TICK}, spend: 5, android.os.BinderProxy@1dcd7b4, BroadcastFilter{91ad752 u0 ReceiverList{df8dfdd 1102 com.android.systemui/10022/u0 remote:1dcd7b4}}
04-20 15:41:00.080198   964  8872 D BroadcastQueue: BroadcastRecord{98ff8b8 u-1 android.intent.action.TIME_TICK}, #6 BroadcastFilter{6b7702f u0 ReceiverList{ac90e0e 1102 com.android.systemui/10022/u0 remote:9cf0c09}}
04-20 15:41:00.080629   964  8872 D BroadcastQueue: BDC-Delivering broadcast: Intent { act=android.intent.action.TIME_TICK flg=0x50000114 (has extras) }, queue=foreground, ordered=true, filter=BroadcastFilter{6b7702f u0 ReceiverList{ac90e0e 1102 com.android.systemui/10022/u0 remote:9cf0c09}}, receiver=android.os.BinderProxy@9cf0c09
04-20 15:41:00.086005  1102  1102 D ActivityThread: BDC-Calling onReceive: intent=Intent { act=android.intent.action.TIME_TICK flg=0x50000114 (has extras) }, ordered=true, receiver=com.android.systemui.statusbar.policy.DateView$1@a8286d6, IIntentReceiver=d0db815
04-20 15:41:00.086305  1102  1102 D ActivityThread: BDC-Calling finishReceiver: IIntentReceiver=d0db815
04-20 15:41:00.087023   964  1162 D ActivityManager: BDC-Finishing receiver: android.os.BinderProxy@9cf0c09
04-20 15:41:00.087428   964  1162 D ActivityManager: BroadcastRecord{98ff8b8 u-1 android.intent.action.TIME_TICK}, spend: 7, android.os.BinderProxy@9cf0c09, BroadcastFilter{6b7702f u0 ReceiverList{ac90e0e 1102 com.android.systemui/10022/u0 remote:9cf0c09}}
04-20 15:41:00.087727   964  1162 D BroadcastQueue: BroadcastRecord{98ff8b8 u-1 android.intent.action.TIME_TICK}, #7 BroadcastFilter{70f3341 u0 ReceiverList{17c8a28 1102 com.android.systemui/10022/u0 remote:c54e04b}}
04-20 15:41:00.088682   964  1162 D BroadcastQueue: BDC-Delivering broadcast: Intent { act=android.intent.action.TIME_TICK flg=0x50000114 (has extras) }, queue=foreground, ordered=true, filter=BroadcastFilter{70f3341 u0 ReceiverList{17c8a28 1102 com.android.systemui/10022/u0 remote:c54e04b}}, receiver=android.os.BinderProxy@c54e04b
04-20 15:41:00.091614  1102  1102 D ActivityThread: BDC-Calling onReceive: intent=Intent { act=android.intent.action.TIME_TICK flg=0x50000114 (has extras) }, ordered=true, receiver=com.android.systemui.statusbar.policy.DateView$1@e2ccd57, IIntentReceiver=683391b
04-20 15:41:00.091919  1102  1102 D ActivityThread: BDC-Calling finishReceiver: IIntentReceiver=683391b
04-20 15:41:00.092615   964  2088 D ActivityManager: BDC-Finishing receiver: android.os.BinderProxy@c54e04b
04-20 15:41:00.093023   964  2088 D ActivityManager: BroadcastRecord{98ff8b8 u-1 android.intent.action.TIME_TICK}, spend: 5, android.os.BinderProxy@c54e04b, BroadcastFilter{70f3341 u0 ReceiverList{17c8a28 1102 com.android.systemui/10022/u0 remote:c54e04b}}
04-20 15:41:00.093320   964  2088 D BroadcastQueue: BroadcastRecord{98ff8b8 u-1 android.intent.action.TIME_TICK}, #8 BroadcastFilter{db6929c u0 ReceiverList{8d0b20f 1102 com.android.systemui/10022/u0 remote:918ab6e}}
04-20 15:41:00.093735   964  2088 D BroadcastQueue: BDC-Delivering broadcast: Intent { act=android.intent.action.TIME_TICK flg=0x50000114 (has extras) }, queue=foreground, ordered=true, filter=BroadcastFilter{db6929c u0 ReceiverList{8d0b20f 1102 com.android.systemui/10022/u0 remote:918ab6e}}, receiver=android.os.BinderProxy@918ab6e
04-20 15:41:00.097054  1102  1102 D ActivityThread: BDC-Calling onReceive: intent=Intent { act=android.intent.action.TIME_TICK flg=0x50000114 (has extras) }, ordered=true, receiver=android.widget.TextClock$2@6d0a52d, IIntentReceiver=91ec091
04-20 15:41:00.099714  1102  1102 D ActivityThread: BDC-Calling finishReceiver: IIntentReceiver=91ec091
04-20 15:41:00.100459   964  1843 D ActivityManager: BDC-Finishing receiver: android.os.BinderProxy@918ab6e
04-20 15:41:00.100884   964  1843 D ActivityManager: BroadcastRecord{98ff8b8 u-1 android.intent.action.TIME_TICK}, spend: 8, android.os.BinderProxy@918ab6e, BroadcastFilter{db6929c u0 ReceiverList{8d0b20f 1102 com.android.systemui/10022/u0 remote:918ab6e}}
04-20 15:41:00.101185   964  1843 D BroadcastQueue: BroadcastRecord{98ff8b8 u-1 android.intent.action.TIME_TICK}, #9 BroadcastFilter{48f435d u0 ReceiverList{89934 1102 com.android.systemui/10022/u0 remote:312d407}}
04-20 15:41:00.101606   964  1843 D BroadcastQueue: BDC-Delivering broadcast: Intent { act=android.intent.action.TIME_TICK flg=0x50000114 (has extras) }, queue=foreground, ordered=true, filter=BroadcastFilter{48f435d u0 ReceiverList{89934 1102 com.android.systemui/10022/u0 remote:312d407}}, receiver=android.os.BinderProxy@312d407
04-20 15:41:00.114539  1102  1102 D ActivityThread: BDC-Calling onReceive: intent=Intent { act=android.intent.action.TIME_TICK flg=0x50000114 (has extras) }, ordered=true, receiver=android.widget.TextClock$2@6f83a62, IIntentReceiver=f124bf7
04-20 15:41:00.116317  1102  1102 D ActivityThread: BDC-Calling finishReceiver: IIntentReceiver=f124bf7
04-20 15:41:00.116999   964   975 D ActivityManager: BDC-Finishing receiver: android.os.BinderProxy@312d407
04-20 15:41:00.117399   964   975 D ActivityManager: BroadcastRecord{98ff8b8 u-1 android.intent.action.TIME_TICK}, spend: 16, android.os.BinderProxy@312d407, BroadcastFilter{48f435d u0 ReceiverList{89934 1102 com.android.systemui/10022/u0 remote:312d407}}
04-20 15:41:00.117747   964   975 D BroadcastQueue: BroadcastRecord{98ff8b8 u-1 android.intent.action.TIME_TICK}, #10 BroadcastFilter{f84a38e u0 ReceiverList{38d8789 1102 com.android.systemui/10022/u0 remote:eb9e290}}
04-20 15:41:00.118172   964   975 D BroadcastQueue: BDC-Delivering broadcast: Intent { act=android.intent.action.TIME_TICK flg=0x50000114 (has extras) }, queue=foreground, ordered=true, filter=BroadcastFilter{f84a38e u0 ReceiverList{38d8789 1102 com.android.systemui/10022/u0 remote:eb9e290}}, receiver=android.os.BinderProxy@eb9e290
04-20 15:41:00.134450  1102  1102 D ActivityThread: BDC-Calling onReceive: intent=Intent { act=android.intent.action.TIME_TICK flg=0x50000114 (has extras) }, ordered=true, receiver=android.widget.DateTimeView$ReceiverInfo$1@e4fb851, IIntentReceiver=45dd4cd
04-20 15:41:00.134559  1102  1102 D ActivityThread: BDC-Calling finishReceiver: IIntentReceiver=45dd4cd
04-20 15:41:00.135302   964  1927 D ActivityManager: BDC-Finishing receiver: android.os.BinderProxy@eb9e290
04-20 15:41:00.135712   964  1927 D ActivityManager: BroadcastRecord{98ff8b8 u-1 android.intent.action.TIME_TICK}, spend: 18, android.os.BinderProxy@eb9e290, BroadcastFilter{f84a38e u0 ReceiverList{38d8789 1102 com.android.systemui/10022/u0 remote:eb9e290}}
04-20 15:41:00.136193   964  1927 D BroadcastQueue: Ordered [foreground] BroadcastRecord{98ff8b8 u-1 android.intent.action.TIME_TICK}, 11 receivers, Total: 127, Waiting: 2, Processing: 125
04-20 15:41:00.139693   964   964 D AlarmManager: onSendFinished begin
04-20 15:41:00.143250   964   964 D PowerManagerService: releaseWakeLockInternal: lock=47640520 [*alarm*], flags=0x0, total_time=117ms
04-20 15:41:00.143551   964   964 D PowerManagerNotifier: onWakeLockReleased: flags=1073741825, tag="*alarm*", packageName=android, ownerUid=1000, ownerPid=964, workSource=WorkSource{1000}
04-20 15:41:00.143836   964   964 D PowerManagerService: updateWakeLockSummaryLocked: mWakefulness=Awake, mWakeLockSummary=0x0
04-20 15:41:00.144425   964   964 D PowerManagerService: updateUserActivitySummaryLocked: mWakefulness=Awake, mUserActivitySummary=0x1, nextTimeout=20499317 (in 50012 ms)
04-20 15:41:00.144748   964   964 D DisplayPowerController: requestPowerState: policy=BRIGHT, useProximitySensor=false, screenBrightness=102, screenAutoBrightnessAdjustment=0.0, brightnessSetByUser=true, useAutoBrightness=false, blockScreenOn=false, lowPowerMode=false, boostScreenBrightness=false, dozeScreenBrightness=-1, dozeScreenState=UNKNOWN, waitForNegativeProximity=false
04-20 15:41:00.144830   964   964 I PowerManagerService: setBrightness mButtonLight 0.
04-20 15:41:00.144998   964   964 D PowerManagerService: updateDisplayPowerStateLocked: mDisplayReady=true, policy=3, mWakefulness=1, mWakeLockSummary=0x0, mUserActivitySummary=0x1, mBootCompleted=true, mScreenBrightnessBoostInProgress=false
04-20 15:41:00.145455   964   964 D PowerManagerService: Releasing suspend blocker "PowerManagerService.WakeLocks".
04-20 15:41:00.554395   964  1001 D AlarmManager: set alarm to RTC 42485290
04-20 15:41:00.554559   964  1001 D AlarmManager: set alarm to RTC 42056884
04-20 15:41:00.554655   964  1001 V AlarmManager: openLteGateSuccess = false
04-20 15:41:00.554786   964  1001 V AlarmManager: socktUnblockingTimeElapsed(ms): 259775 < mMinimumPeriod_BlockSocket: 300000
04-20 15:41:00.555020   964  1001 D AlarmManager: wakeup alarm = Alarm{6a49acd type 2 when 41997438 com.android.bluetooth}; package = com.android.bluetoothneedGrouping = false
04-20 15:41:00.555486   964  1001 V ActivityManager: Broadcast: Intent { act=com.android.bluetooth.btservice.action.ALARM_WAKEUP flg=0x114 (has extras) } ordered=true userid=0 callerApp=null
04-20 15:41:00.557650   964   982 V BroadcastQueue: Processing ordered broadcast [background] BroadcastRecord{2ce8f82 u0 com.android.bluetooth.btservice.action.ALARM_WAKEUP}, 1 receivers
04-20 15:41:00.558056   964   982 D BroadcastQueue: BroadcastRecord{2ce8f82 u0 com.android.bluetooth.btservice.action.ALARM_WAKEUP}, #0 BroadcastFilter{636877f u0 ReceiverList{b23b09e 9526 com.android.bluetooth/1002/u0 remote:adb5ed9}}
04-20 15:41:00.558724   964   982 D BroadcastQueue: BDC-Delivering broadcast: Intent { act=com.android.bluetooth.btservice.action.ALARM_WAKEUP flg=0x114 (has extras) }, queue=background, ordered=true, filter=BroadcastFilter{636877f u0 ReceiverList{b23b09e 9526 com.android.bluetooth/1002/u0 remote:adb5ed9}}, receiver=android.os.BinderProxy@adb5ed9
04-20 15:41:00.560129  9526  9526 D ActivityThread: BDC-Calling onReceive: intent=Intent { act=com.android.bluetooth.btservice.action.ALARM_WAKEUP flg=0x114 (has extras) }, ordered=true, receiver=com.android.bluetooth.btservice.AdapterService$2@ea5a78, IIntentReceiver=69a47a4
04-20 15:41:00.560280  9526  9526 D ActivityThread: BDC-Calling finishReceiver: IIntentReceiver=69a47a4
04-20 15:41:00.561595   964  1844 D ActivityManager: BDC-Finishing receiver: android.os.BinderProxy@adb5ed9
04-20 15:41:00.562006   964  1844 D ActivityManager: BroadcastRecord{2ce8f82 u0 com.android.bluetooth.btservice.action.ALARM_WAKEUP}, spend: 4, android.os.BinderProxy@adb5ed9, BroadcastFilter{636877f u0 ReceiverList{b23b09e 9526 com.android.bluetooth/1002/u0 remote:adb5ed9}}
04-20 15:41:00.562482   964  1844 D BroadcastQueue: Ordered [background] BroadcastRecord{2ce8f82 u0 com.android.bluetooth.btservice.action.ALARM_WAKEUP}, 1 receivers, Total: 5, Waiting: 1, Processing: 4
04-20 15:41:00.567885   964   979 D PowerManagerService: acquireWakeLockInternal: lock=37283475, flags=0x1, tag="bluedroid_timer", ws=null, uid=1002, pid=9526
04-20 15:41:00.568145   964   979 D PowerManagerService: updateWakeLockSummaryLocked: mWakefulness=Awake, mWakeLockSummary=0x1
04-20 15:41:00.568594   964   979 D PowerManagerService: updateUserActivitySummaryLocked: mWakefulness=Awake, mUserActivitySummary=0x1, nextTimeout=20499317 (in 49588 ms)
04-20 15:41:00.568909   964   979 D DisplayPowerController: requestPowerState: policy=BRIGHT, useProximitySensor=false, screenBrightness=102, screenAutoBrightnessAdjustment=0.0, brightnessSetByUser=true, useAutoBrightness=false, blockScreenOn=false, lowPowerMode=false, boostScreenBrightness=false, dozeScreenBrightness=-1, dozeScreenState=UNKNOWN, waitForNegativeProximity=false
04-20 15:41:00.568981   964   979 I PowerManagerService: setBrightness mButtonLight 0.
04-20 15:41:00.569148   964   979 D PowerManagerService: updateDisplayPowerStateLocked: mDisplayReady=true, policy=3, mWakefulness=1, mWakeLockSummary=0x1, mUserActivitySummary=0x1, mBootCompleted=true, mScreenBrightnessBoostInProgress=false
04-20 15:41:00.569540   964   979 D PowerManagerService: Acquiring suspend blocker "PowerManagerService.WakeLocks".
04-20 15:41:00.569763   964   979 D PowerManagerNotifier: onWakeLockAcquired: flags=1, tag="bluedroid_timer", packageName=com.android.bluetooth, ownerUid=1002, ownerPid=9526, workSource=null
04-20 15:41:00.571444   964  1001 V AlarmManager: sending alarm Alarm{6a49acd type 2 when 41997438 com.android.bluetooth} success
04-20 15:41:00.572359   964  1001 D PowerManagerService: acquireWakeLockInternal: lock=47640520, flags=0x1, tag="*alarm*", ws=WorkSource{1002}, uid=1000, pid=964
04-20 15:41:00.583019   964  1001 D PowerManagerService: updateWakeLockSummaryLocked: mWakefulness=Awake, mWakeLockSummary=0x1
04-20 15:41:00.584254   964  1001 D PowerManagerService: updateUserActivitySummaryLocked: mWakefulness=Awake, mUserActivitySummary=0x1, nextTimeout=20499317 (in 49573 ms)
04-20 15:41:00.584603   964  1001 D DisplayPowerController: requestPowerState: policy=BRIGHT, useProximitySensor=false, screenBrightness=102, screenAutoBrightnessAdjustment=0.0, brightnessSetByUser=true, useAutoBrightness=false, blockScreenOn=false, lowPowerMode=false, boostScreenBrightness=false, dozeScreenBrightness=-1, dozeScreenState=UNKNOWN, waitForNegativeProximity=false
04-20 15:41:00.584678   964  1001 I PowerManagerService: setBrightness mButtonLight 0.
04-20 15:41:00.584849   964  1001 D PowerManagerService: updateDisplayPowerStateLocked: mDisplayReady=true, policy=3, mWakefulness=1, mWakeLockSummary=0x1, mUserActivitySummary=0x1, mBootCompleted=true, mScreenBrightnessBoostInProgress=false
04-20 15:41:00.585654   964  1001 D PowerManagerNotifier: onWakeLockAcquired: flags=1, tag="*alarm*", packageName=android, ownerUid=1000, ownerPid=964, workSource=WorkSource{1002}
04-20 15:41:00.586946   964   964 D AlarmManager: onSendFinished begin
04-20 15:41:00.589601   964   964 D PowerManagerService: releaseWakeLockInternal: lock=47640520 [*alarm*], flags=0x0, total_time=16ms
04-20 15:41:00.589857   964   964 D PowerManagerNotifier: onWakeLockReleased: flags=1, tag="*alarm*", packageName=android, ownerUid=1000, ownerPid=964, workSource=WorkSource{1002}
04-20 15:41:00.590091   964   964 D PowerManagerService: updateWakeLockSummaryLocked: mWakefulness=Awake, mWakeLockSummary=0x1
04-20 15:41:00.590874   964   964 D PowerManagerService: updateUserActivitySummaryLocked: mWakefulness=Awake, mUserActivitySummary=0x1, nextTimeout=20499317 (in 49566 ms)
04-20 15:41:00.591198   964   964 D DisplayPowerController: requestPowerState: policy=BRIGHT, useProximitySensor=false, screenBrightness=102, screenAutoBrightnessAdjustment=0.0, brightnessSetByUser=true, useAutoBrightness=false, blockScreenOn=false, lowPowerMode=false, boostScreenBrightness=false, dozeScreenBrightness=-1, dozeScreenState=UNKNOWN, waitForNegativeProximity=false
04-20 15:41:00.591273   964   964 I PowerManagerService: setBrightness mButtonLight 0.
04-20 15:41:00.591444   964   964 D PowerManagerService: updateDisplayPowerStateLocked: mDisplayReady=true, policy=3, mWakefulness=1, mWakeLockSummary=0x1, mUserActivitySummary=0x1, mBootCompleted=true, mScreenBrightnessBoostInProgress=false
04-20 15:41:00.634122   964  2089 D PowerManagerService: releaseWakeLockInternal: lock=37283475 [bluedroid_timer], flags=0x0, total_time=66ms
04-20 15:41:00.634428   964  2089 D PowerManagerNotifier: onWakeLockReleased: flags=1, tag="bluedroid_timer", packageName=com.android.bluetooth, ownerUid=1002, ownerPid=9526, workSource=null
04-20 15:41:00.634808   964  2089 D PowerManagerService: updateWakeLockSummaryLocked: mWakefulness=Awake, mWakeLockSummary=0x0
04-20 15:41:00.635864   964  2089 D PowerManagerService: updateUserActivitySummaryLocked: mWakefulness=Awake, mUserActivitySummary=0x1, nextTimeout=20499317 (in 49521 ms)
04-20 15:41:00.636201   964  2089 D DisplayPowerController: requestPowerState: policy=BRIGHT, useProximitySensor=false, screenBrightness=102, screenAutoBrightnessAdjustment=0.0, brightnessSetByUser=true, useAutoBrightness=false, blockScreenOn=false, lowPowerMode=false, boostScreenBrightness=false, dozeScreenBrightness=-1, dozeScreenState=UNKNOWN, waitForNegativeProximity=false
04-20 15:41:00.636277   964  2089 I PowerManagerService: setBrightness mButtonLight 0.
04-20 15:41:00.636446   964  2089 D PowerManagerService: updateDisplayPowerStateLocked: mDisplayReady=true, policy=3, mWakefulness=1, mWakeLockSummary=0x0, mUserActivitySummary=0x1, mBootCompleted=true, mScreenBrightnessBoostInProgress=false
04-20 15:41:00.636923   964  2089 D PowerManagerService: Releasing suspend blocker "PowerManagerService.WakeLocks".
04-20 15:41:00.696107   964  1006 D PowerManagerService: userActivityFromNative
04-20 15:41:00.696347   964  1006 D PowerManagerService: userActivityNoUpdateLocked: eventTime=20449854, event=2, flags=0x0, uid=1000
04-20 15:41:00.696470   964  1006 D PowerManagerNotifier: onUserActivity: event=2, uid=1000
04-20 15:41:00.696851   964  1006 D PowerManagerService: updateUserActivitySummaryLocked: mWakefulness=Awake, mUserActivitySummary=0x1, nextTimeout=20502854 (in 52997 ms)
04-20 15:41:00.697231   964  1006 D DisplayPowerController: requestPowerState: policy=BRIGHT, useProximitySensor=false, screenBrightness=102, screenAutoBrightnessAdjustment=0.0, brightnessSetByUser=true, useAutoBrightness=false, blockScreenOn=false, lowPowerMode=false, boostScreenBrightness=false, dozeScreenBrightness=-1, dozeScreenState=UNKNOWN, waitForNegativeProximity=false
04-20 15:41:00.697306   964  1006 I PowerManagerService: setBrightness mButtonLight 0.
04-20 15:41:00.697477   964  1006 D PowerManagerService: updateDisplayPowerStateLocked: mDisplayReady=true, policy=3, mWakefulness=1, mWakeLockSummary=0x0, mUserActivitySummary=0x1, mBootCompleted=true, mScreenBrightnessBoostInProgress=false
04-20 15:41:00.889909   964  1162 D WindowManager: addWindowToListInOrderLocked: win=Window{85a21ce u0 Starting logs} Callers=com.android.server.wm.WindowManagerService.addWindow:2771 com.android.server.wm.Session.addToDisplay:171 android.view.IWindowSession$Stub.onTransact:124 com.android.server.wm.Session.onTransact:133 
04-20 15:41:00.890148   964  1162 V WindowManager: not Base app: Adding window Window{85a21ce u0 Starting logs} at 3 of 8
04-20 15:41:00.890379   964  1162 V WindowManager: Looking for focus: 7 = Window{fa8f8e8 u0 StatusBar}, flags=-2122055608, canReceive=false
04-20 15:41:00.890600   964  1162 V WindowManager: findFocusedWindow: Found new focus @ 3 = Window{85a21ce u0 Starting logs}
04-20 15:41:00.891227   964  1162 V WindowManager: Changing focus from Window{7d0bd72 u0 com.mediatek.mtklogger/com.mediatek.mtklogger.MainActivity} to Window{85a21ce u0 Starting logs} Callers=com.android.server.wm.WindowManagerService.addWindow:2811 com.android.server.wm.Session.addToDisplay:171 android.view.IWindowSession$Stub.onTransact:124 com.android.server.wm.Session.onTransact:133 
04-20 15:41:00.891501   964  1162 D WindowManager: Input focus has changed to Window{85a21ce u0 Starting logs}
04-20 15:41:00.892963   964   987 I WindowManager: Focus moving from Window{7d0bd72 u0 com.mediatek.mtklogger/com.mediatek.mtklogger.MainActivity} to Window{85a21ce u0 Starting logs}
04-20 15:41:00.893133   964   987 I WindowManager: Gaining focus: Window{85a21ce u0 Starting logs}
04-20 15:41:01.004631   964  1663 I WindowStateAnimator:   CREATE SURFACE Surface(name=Starting logs) IN SESSION android.view.SurfaceSession@d8a1e1e: pid=12140 format=-2 flags=0x4 / WindowStateAnimator{80158ef Starting logs}
04-20 15:41:01.005824   964  1663 V WindowManager: Looking for focus: 7 = Window{fa8f8e8 u0 StatusBar}, flags=-2122055608, canReceive=false
04-20 15:41:01.006042   964  1663 V WindowManager: findFocusedWindow: Found new focus @ 3 = Window{85a21ce u0 Starting logs}
04-20 15:41:01.024457   964  1478 W Watchdog: SWT Watchdog after wait current time:20450184
04-20 15:41:01.024898   964  1478 W Watchdog: **Get SF Time **1
04-20 15:41:01.025224   964  1478 W Watchdog: SWT Watchdog before synchronized:20450185
04-20 15:41:01.025330   964  1478 W Watchdog: SWT Watchdog after synchronized:20450185
04-20 15:41:01.026631   964  1478 W Watchdog: SWT Watchdog before wait timeout:30000
04-20 15:41:01.026797   964  1478 W Watchdog: SWT Watchdog before wait current time:20450187
04-20 15:41:01.026896   964  1478 W Watchdog: SWT Watchdog before wait start:20450187
04-20 15:41:01.026948   964  1478 W Watchdog: SWT Watchdog before wait CHECK_INTERVAL:30000
04-20 15:41:01.063283   964  1670 V WindowStateAnimator: finishDrawingLocked: mDrawState=COMMIT_DRAW_PENDING WindowStateAnimator{80158ef Starting logs} in Surface(name=Starting logs)
04-20 15:41:01.081079   964   987 I WindowManager: Losing delayed focus: Window{7d0bd72 u0 com.mediatek.mtklogger/com.mediatek.mtklogger.MainActivity}
04-20 15:41:01.176921   964  1843 V AlarmManager: APP set(PendingIntent{a4effe8: PendingIntentRecord{b0bd601 com.android.bluetooth broadcastIntent}}) : type=2 triggerAtTime=42897479 win=0 tElapsed=42897479 maxElapsed=42897479 interval=0 flags=0x9
04-20 15:41:01.177450   964  1843 D AlarmManager:  whichBatch = -1
04-20 15:41:01.668663   964   964 V ActivityManager: Broadcast sticky: Intent { act=android.intent.action.BATTERY_CHANGED flg=0x60000010 (has extras) } ordered=false userid=-1 callerApp=null
04-20 15:41:01.678998   964   982 V BroadcastQueue: Processing parallel broadcast [background] BroadcastRecord{91576e7 u-1 android.intent.action.BATTERY_CHANGED}, 16 receivers
04-20 15:41:01.680214   964   982 D BroadcastQueue: BroadcastRecord{91576e7 u-1 android.intent.action.BATTERY_CHANGED}, #0 BroadcastFilter{9dc89ef u0 ReceiverList{2cf76ce 964 system/1000/u0 local:93e9fc9}}
04-20 15:41:01.681742   964   982 D BroadcastQueue: BDC-Delivering broadcast: Intent { act=android.intent.action.BATTERY_CHANGED flg=0x60000010 (has extras) }, queue=background, ordered=false, filter=BroadcastFilter{9dc89ef u0 ReceiverList{2cf76ce 964 system/1000/u0 local:93e9fc9}}, receiver=null
04-20 15:41:01.682710   964   990 D ActivityThread: BDC-Calling onReceive: intent=Intent { act=android.intent.action.BATTERY_CHANGED flg=0x60000010 (has extras) }, ordered=true, receiver=com.android.server.power.PowerManagerService$BatteryReceiver@51b33d0, IIntentReceiver=93e9fc9
04-20 15:41:01.683067   964   990 D PowerManagerService: updateIsPoweredLocked: wasPowered=true, mIsPowered=true, oldPlugType=2, mPlugType=2, mBatteryLevel=83
04-20 15:41:01.683781   964   982 D BroadcastQueue: BroadcastRecord{91576e7 u-1 android.intent.action.BATTERY_CHANGED}, #1 BroadcastFilter{9cc0862 u0 ReceiverList{7aeb2d 964 system/1000/u0 local:c5dbe44}}
04-20 15:41:01.684222   964   982 D BroadcastQueue: BDC-Delivering broadcast: Intent { act=android.intent.action.BATTERY_CHANGED flg=0x60000010 (has extras) }, queue=background, ordered=false, filter=BroadcastFilter{9cc0862 u0 ReceiverList{7aeb2d 964 system/1000/u0 local:c5dbe44}}, receiver=null
04-20 15:41:01.685732   964   982 D BroadcastQueue: BroadcastRecord{91576e7 u-1 android.intent.action.BATTERY_CHANGED}, #2 BroadcastFilter{eec4c26 u0 ReceiverList{50e9381 964 system/1000/u0 local:2d84368}}
04-20 15:41:01.686253   964   982 D BroadcastQueue: BDC-Delivering broadcast: Intent { act=android.intent.action.BATTERY_CHANGED flg=0x60000010 (has extras) }, queue=background, ordered=false, filter=BroadcastFilter{eec4c26 u0 ReceiverList{50e9381 964 system/1000/u0 local:2d84368}}, receiver=null
04-20 15:41:01.686812   964   982 D BroadcastQueue: BroadcastRecord{91576e7 u-1 android.intent.action.BATTERY_CHANGED}, #3 BroadcastFilter{ab74444 u0 ReceiverList{f940157 964 system/1000/u0 local:8f60ad6}}
04-20 15:41:01.687308   964   982 D BroadcastQueue: BDC-Delivering broadcast: Intent { act=android.intent.action.BATTERY_CHANGED flg=0x60000010 (has extras) }, queue=background, ordered=false, filter=BroadcastFilter{ab74444 u0 ReceiverList{f940157 964 system/1000/u0 local:8f60ad6}}, receiver=null
04-20 15:41:01.687836   964   982 D BroadcastQueue: BroadcastRecord{91576e7 u-1 android.intent.action.BATTERY_CHANGED}, #4 BroadcastFilter{ef7156b u0 ReceiverList{8ef52ba 1102 com.android.systemui/10022/u0 remote:83e07e5}}
04-20 15:41:01.688300   964   982 D BroadcastQueue: BDC-Delivering broadcast: Intent { act=android.intent.action.BATTERY_CHANGED flg=0x60000010 (has extras) }, queue=background, ordered=false, filter=BroadcastFilter{ef7156b u0 ReceiverList{8ef52ba 1102 com.android.systemui/10022/u0 remote:83e07e5}}, receiver=null
04-20 15:41:01.690740   964   964 D ActivityThread: BDC-Calling onReceive: intent=Intent { act=android.intent.action.BATTERY_CHANGED flg=0x60000010 (has extras) }, ordered=true, receiver=com.android.server.UiModeManagerService$3@2402357, IIntentReceiver=c5dbe44
04-20 15:41:01.691773   964   964 D ActivityThread: BDC-Calling onReceive: intent=Intent { act=android.intent.action.BATTERY_CHANGED flg=0x60000010 (has extras) }, ordered=true, receiver=com.android.server.DeviceIdleController$1@7d2b68b, IIntentReceiver=2d84368
04-20 15:41:01.693230   964   964 D ActivityThread: BDC-Calling onReceive: intent=Intent { act=android.intent.action.BATTERY_CHANGED flg=0x60000010 (has extras) }, ordered=true, receiver=com.android.server.wifi.WifiServiceImpl$1@a225ef1, IIntentReceiver=8f60ad6
04-20 15:41:01.693557   964   964 D WifiService: onReceive, action:android.intent.action.BATTERY_CHANGED
04-20 15:41:01.694217   964  1043 D WifiController: ApStaDisabledState{ when=0 what=155652 arg1=2 target=com.android.internal.util.StateMachine$SmHandler }
04-20 15:41:01.694598   964  1043 D WifiController: DefaultState{ when=-1ms what=155652 arg1=2 target=com.android.internal.util.StateMachine$SmHandler }
04-20 15:41:01.694770   964  1043 D WifiController: battery changed pluggedType: 2
04-20 15:41:01.696531  1102  1102 D ActivityThread: BDC-Calling onReceive: intent=Intent { act=android.intent.action.BATTERY_CHANGED flg=0x60000010 (has extras) }, ordered=true, receiver=com.android.keyguard.KeyguardUpdateMonitor$3@16e0f53, IIntentReceiver=6cc051e
04-20 15:41:01.697966   964   982 D BroadcastQueue: BroadcastRecord{91576e7 u-1 android.intent.action.BATTERY_CHANGED}, #5 BroadcastFilter{ac4a1ce u0 ReceiverList{e7196c9 1102 com.android.systemui/10022/u0 remote:9f3a6d0}}
04-20 15:41:01.698427   964   982 D BroadcastQueue: BDC-Delivering broadcast: Intent { act=android.intent.action.BATTERY_CHANGED flg=0x60000010 (has extras) }, queue=background, ordered=false, filter=BroadcastFilter{ac4a1ce u0 ReceiverList{e7196c9 1102 com.android.systemui/10022/u0 remote:9f3a6d0}}, receiver=null
04-20 15:41:01.701410  1102  1102 D ActivityThread: BDC-Calling onReceive: intent=Intent { act=android.intent.action.BATTERY_CHANGED flg=0x60000010 (has extras) }, ordered=true, receiver=com.android.systemui.power.PowerUI$Receiver@37c7907, IIntentReceiver=f3db51f
04-20 15:41:01.701824  1102  1102 D PowerUI : buckets   .....20 .. 15 .. 5
04-20 15:41:01.701929  1102  1102 D PowerUI : level          83 --> 83
04-20 15:41:01.701987  1102  1102 D PowerUI : status         2 --> 2
04-20 15:41:01.702039  1102  1102 D PowerUI : plugType       2 --> 2
04-20 15:41:01.702090  1102  1102 D PowerUI : invalidCharger 0 --> 0
04-20 15:41:01.702142  1102  1102 D PowerUI : bucket         1 --> 1
04-20 15:41:01.702195  1102  1102 D PowerUI : plugged        true --> true
04-20 15:41:01.702421  1102  1102 D PowerUI.Notification: dismissing low battery warning: level=83
04-20 15:41:01.702510  1102  1102 D PowerUI.Notification: updateNotification mWarning=false mPlaySound=false mSaver=false mInvalidCharger=false
04-20 15:41:01.700025   964   982 D BroadcastQueue: BroadcastRecord{91576e7 u-1 android.intent.action.BATTERY_CHANGED}, #6 BroadcastFilter{dd9c3c5 u0 ReceiverList{974ba3c 1102 com.android.systemui/10022/u0 remote:bd6342f}}
04-20 15:41:01.710557   964   982 D BroadcastQueue: BDC-Delivering broadcast: Intent { act=android.intent.action.BATTERY_CHANGED flg=0x60000010 (has extras) }, queue=background, ordered=false, filter=BroadcastFilter{dd9c3c5 u0 ReceiverList{974ba3c 1102 com.android.systemui/10022/u0 remote:bd6342f}}, receiver=null
04-20 15:41:01.711594   964   982 D BroadcastQueue: BroadcastRecord{91576e7 u-1 android.intent.action.BATTERY_CHANGED}, #7 BroadcastFilter{c44a0a8 u0 ReceiverList{c6d40cb 1102 com.android.systemui/10022/u0 remote:abf8f9a}}
04-20 15:41:01.712035   964   982 D BroadcastQueue: BDC-Delivering broadcast: Intent { act=android.intent.action.BATTERY_CHANGED flg=0x60000010 (has extras) }, queue=background, ordered=false, filter=BroadcastFilter{c44a0a8 u0 ReceiverList{c6d40cb 1102 com.android.systemui/10022/u0 remote:abf8f9a}}, receiver=null
04-20 15:41:01.712765  1102  1102 D ActivityThread: BDC-Calling onReceive: intent=Intent { act=android.intent.action.BATTERY_CHANGED flg=0x60000010 (has extras) }, ordered=true, receiver=com.android.systemui.statusbar.policy.BatteryController@15f932f, IIntentReceiver=7a8d970
04-20 15:41:01.713693   964   982 D BroadcastQueue: BroadcastRecord{91576e7 u-1 android.intent.action.BATTERY_CHANGED}, #8 BroadcastFilter{563b902 u0 ReceiverList{6167a4d 1102 com.android.systemui/10022/u0 remote:d3f95e4}}
04-20 15:41:01.714128   964   982 D BroadcastQueue: BDC-Delivering broadcast: Intent { act=android.intent.action.BATTERY_CHANGED flg=0x60000010 (has extras) }, queue=background, ordered=false, filter=BroadcastFilter{563b902 u0 ReceiverList{6167a4d 1102 com.android.systemui/10022/u0 remote:d3f95e4}}, receiver=null
04-20 15:41:01.714997   964   982 D BroadcastQueue: BroadcastRecord{91576e7 u-1 android.intent.action.BATTERY_CHANGED}, #9 BroadcastFilter{a9e8f1 u0 ReceiverList{c7ec898 1576 com.android.phone/1001/u0 remote:278527b}}
04-20 15:41:01.715390  1102  1102 D ActivityThread: BDC-Calling onReceive: intent=Intent { act=android.intent.action.BATTERY_CHANGED flg=0x60000010 (has extras) }, ordered=true, receiver=com.android.systemui.BatteryMeterView$BatteryTracker@5fc7f81, IIntentReceiver=42408b
04-20 15:41:01.716121  1102  1102 D ActivityThread: BDC-Calling onReceive: intent=Intent { act=android.intent.action.BATTERY_CHANGED flg=0x60000010 (has extras) }, ordered=true, receiver=com.android.systemui.BatteryMeterView$BatteryTracker@29487ac, IIntentReceiver=a22aa75
04-20 15:41:01.719757   964   982 D BroadcastQueue: BDC-Delivering broadcast: Intent { act=android.intent.action.BATTERY_CHANGED flg=0x60000010 (has extras) }, queue=background, ordered=false, filter=BroadcastFilter{a9e8f1 u0 ReceiverList{c7ec898 1576 com.android.phone/1001/u0 remote:278527b}}, receiver=null
04-20 15:41:01.720935   964   982 D BroadcastQueue: BroadcastRecord{91576e7 u-1 android.intent.action.BATTERY_CHANGED}, #10 BroadcastFilter{64ab3d1 u0 ReceiverList{b0a72f8 1102 com.android.systemui/10022/u0 remote:458aa5b}}
04-20 15:41:01.721460  1576  1576 D ActivityThread: BDC-Calling onReceive: intent=Intent { act=android.intent.action.BATTERY_CHANGED flg=0x60000010 (has extras) }, ordered=true, receiver=com.mediatek.internal.telephony.dataconnection.FdManager$1@8cc18b4, IIntentReceiver=2112613
04-20 15:41:01.722938   964   982 D BroadcastQueue: BDC-Delivering broadcast: Intent { act=android.intent.action.BATTERY_CHANGED flg=0x60000010 (has extras) }, queue=background, ordered=false, filter=BroadcastFilter{64ab3d1 u0 ReceiverList{b0a72f8 1102 com.android.systemui/10022/u0 remote:458aa5b}}, receiver=null
04-20 15:41:01.724297   964   982 D BroadcastQueue: BroadcastRecord{91576e7 u-1 android.intent.action.BATTERY_CHANGED}, #11 BroadcastFilter{78acad1 u0 ReceiverList{d7085f8 1576 com.android.phone/1001/u0 remote:50f295b}}
04-20 15:41:01.724942   964   982 D BroadcastQueue: BDC-Delivering broadcast: Intent { act=android.intent.action.BATTERY_CHANGED flg=0x60000010 (has extras) }, queue=background, ordered=false, filter=BroadcastFilter{78acad1 u0 ReceiverList{d7085f8 1576 com.android.phone/1001/u0 remote:50f295b}}, receiver=null
04-20 15:41:01.725878  1102  1102 D ActivityThread: BDC-Calling onReceive: intent=Intent { act=android.intent.action.BATTERY_CHANGED flg=0x60000010 (has extras) }, ordered=true, receiver=com.android.systemui.BatteryMeterView$BatteryTracker@8634af1, IIntentReceiver=7caa5f3
04-20 15:41:01.727578   964   982 D BroadcastQueue: BroadcastRecord{91576e7 u-1 android.intent.action.BATTERY_CHANGED}, #12 BroadcastFilter{ac55590 u0 ReceiverList{6ed9853 1529 com.google.android.gms.persistent/10010/u0 remote:103f042}}
04-20 15:41:01.728052   964   982 D BroadcastQueue: BDC-Delivering broadcast: Intent { act=android.intent.action.BATTERY_CHANGED flg=0x60000010 (has extras) }, queue=background, ordered=false, filter=BroadcastFilter{ac55590 u0 ReceiverList{6ed9853 1529 com.google.android.gms.persistent/10010/u0 remote:103f042}}, receiver=null
04-20 15:41:01.728436  1576  1576 D ActivityThread: BDC-Calling onReceive: intent=Intent { act=android.intent.action.BATTERY_CHANGED flg=0x60000010 (has extras) }, ordered=true, receiver=com.mediatek.internal.telephony.dataconnection.FdManager$1@b5bbe58, IIntentReceiver=b17c009
04-20 15:41:01.730220   964   982 D BroadcastQueue: BroadcastRecord{91576e7 u-1 android.intent.action.BATTERY_CHANGED}, #13 BroadcastFilter{b595e4b u0 ReceiverList{e7bb31a 1529 com.google.android.gms.persistent/10010/u0 remote:a782dc5}}
04-20 15:41:01.730649   964   982 D BroadcastQueue: BDC-Delivering broadcast: Intent { act=android.intent.action.BATTERY_CHANGED flg=0x60000010 (has extras) }, queue=background, ordered=false, filter=BroadcastFilter{b595e4b u0 ReceiverList{e7bb31a 1529 com.google.android.gms.persistent/10010/u0 remote:a782dc5}}, receiver=null
04-20 15:41:01.731672   964   982 D BroadcastQueue: BroadcastRecord{91576e7 u-1 android.intent.action.BATTERY_CHANGED}, #14 BroadcastFilter{2666d57 u0 ReceiverList{b1ea6d6 9526 com.android.bluetooth/1002/u0 remote:75beaf1}}
04-20 15:41:01.732517   964   982 D BroadcastQueue: BDC-Delivering broadcast: Intent { act=android.intent.action.BATTERY_CHANGED flg=0x60000010 (has extras) }, queue=background, ordered=false, filter=BroadcastFilter{2666d57 u0 ReceiverList{b1ea6d6 9526 com.android.bluetooth/1002/u0 remote:75beaf1}}, receiver=null
04-20 15:41:01.733543   964   982 D BroadcastQueue: BroadcastRecord{91576e7 u-1 android.intent.action.BATTERY_CHANGED}, #15 BroadcastFilter{987bf47 u0 ReceiverList{7eb4a86 12739 android.process.media/10007/u0 remote:88b0f61}}
04-20 15:41:01.733983   964   982 D BroadcastQueue: BDC-Delivering broadcast: Intent { act=android.intent.action.BATTERY_CHANGED flg=0x60000010 (has extras) }, queue=background, ordered=false, filter=BroadcastFilter{987bf47 u0 ReceiverList{7eb4a86 12739 android.process.media/10007/u0 remote:88b0f61}}, receiver=null
04-20 15:41:01.735367  1529  1855 D ActivityThread: BDC-Calling onReceive: intent=Intent { act=android.intent.action.BATTERY_CHANGED flg=0x60000010 (has extras) }, ordered=true, receiver=com.google.android.location.fused.as@6e8aacd, IIntentReceiver=237902c
