04-20 15:36:42.970000  2031  2031 I auditd  : type=1400 audit(0.0:189): avc: denied { getattr } for comm="GpuAppSpectator" path="/proc/12583/cmdline" dev="proc" ino=92529 scontext=u:r:gas_srv:s0 tcontext=u:r:system_app:s0 tclass=file permissive=1
04-20 15:36:43.224372 12583 12583 I am_on_resume_called: [0,com.android.settings.deviceinfo.UsbModeChooserActivity]
04-20 15:36:43.583903   964   987 I am_activity_launch_time: [0,208997404,com.android.settings/.deviceinfo.UsbModeChooserActivity,657,657]
04-20 15:36:44.689067   964  8871 I am_finish_activity: [0,208997404,56,com.android.settings/.deviceinfo.UsbModeChooserActivity,app-request]
04-20 15:36:44.691360   964  8871 I am_home_stack_moved: [0,0,10,10,finishActivity adjustFocus setFocusedActivity]
04-20 15:36:44.691576   964  8871 I wm_task_moved: [56,1,2]
04-20 15:36:44.697384   964  8871 I am_focused_activity: [0,com.mediatek.mtklogger/.MainActivity]
04-20 15:36:44.719912   964  8871 I am_pause_activity: [0,208997404,com.android.settings/.deviceinfo.UsbModeChooserActivity]
04-20 15:36:44.734892 12583 12583 I am_on_paused_called: [0,com.android.settings.deviceinfo.UsbModeChooserActivity]
04-20 15:36:44.752354   964  2088 I am_resume_activity: [0,92507433,55,com.mediatek.mtklogger/.MainActivity]
04-20 15:36:44.789113 12140 12140 I am_on_resume_called: [0,com.mediatek.mtklogger.MainActivity]
04-20 15:36:44.901870   231   231 I sf_frame_dur: [com.android.settings/com.android.settings.deviceinfo.UsbModeChooserActivity,0,0,0,1,0,0,0]
04-20 15:36:44.945616   964  1670 I am_destroy_activity: [0,208997404,56,com.android.settings/.deviceinfo.UsbModeChooserActivity,finish-imm]
04-20 15:36:45.008188   964   987 I wm_task_removed: [56,removeAppToken: last token]
04-20 15:36:45.008308   964   987 I wm_task_removed: [56,removeTask]
04-20 15:36:45.120321   964   964 I notification_cancel: [1000,964,android,17303171,NULL,-1,0,0,8,NULL]
04-20 15:36:45.121409   964   964 I notification_canceled: [-1|android|17303171|null|1000,8,127847,127847,3353]
04-20 15:36:45.132822   964  8872 I notification_expansion: [0|com.mediatek.security|1200|null|1000,0,1,5302586,5302586,2860]
04-20 15:36:45.181256   964   964 I notification_cancel: [1000,964,android,17040347,NULL,-1,0,0,8,NULL]
04-20 15:36:45.182391   964   964 I notification_canceled: [-1|android|17040347|null|1000,8,4482,4482,2909]
04-20 15:36:45.186892   964   964 I notification_enqueue: [1000,964,android,17040348,NULL,-1,Notification(pri=-2 contentView=null vibrate=null sound=null tick defaults=0x0 flags=0x2 color=0xff607d8b vis=PUBLIC),0]
04-20 15:36:45.202459   964  1023 I netstats_mobile_sample: [0,0,0,0,0,0,0,0,0,0,0,0,-1]
04-20 15:36:45.203597   964  1023 I netstats_wifi_sample: [156067,1593,295347,9846,123363,1275,247080,2550,123363,1275,247080,2550,-1]
04-20 15:36:45.311696   964  1023 I netstats_mobile_sample: [0,0,0,0,0,0,0,0,0,0,0,0,-1]
04-20 15:36:45.312835   964  1023 I netstats_wifi_sample: [156067,1593,295347,9846,123363,1275,247080,2550,123363,1275,247080,2550,-1]
04-20 15:36:46.066612   964   964 I notification_cancel: [10022,1102,com.android.systemui,2131755032,low_battery,-1,0,64,8,NULL]
04-20 15:36:47.207643   964   964 I notification_cancel: [10022,1102,com.android.systemui,2131755032,low_battery,-1,0,64,8,NULL]
04-20 15:36:52.268139  1602  1602 I sqlite_mem_released: 0
04-20 15:36:52.268319  1602  1602 I force_gc: mem
04-20 15:36:57.271202  1618  1618 I force_gc: mem
04-20 15:37:05.150829  1529  1529 I sqlite_mem_released: 0
04-20 15:37:05.151021  1529  1529 I force_gc: mem
04-20 15:37:10.158115  2236  2236 I sqlite_mem_released: 10240
04-20 15:37:10.159278  2236  2236 I force_gc: mem
04-20 15:37:13.807065  1576  1807 I dvm_lock_sample: [com.android.phone,0,RILReceiver0,10,RIL.java,2880,-,2868,2]
04-20 15:37:13.962150   964   981 I am_pss  : [12739,10007,android.process.media,11025408,9154560]
04-20 15:37:17.232014   964   964 I notification_cancel: [10022,1102,com.android.systemui,2131755032,low_battery,-1,0,64,8,NULL]
04-20 15:37:22.280763  1493  1493 I sqlite_mem_released: 0
04-20 15:37:22.281272  1493  1493 I force_gc: mem
04-20 15:37:27.234016   964   964 I notification_cancel: [10022,1102,com.android.systemui,2131755032,low_battery,-1,0,64,8,NULL]
04-20 15:37:32.284797  9526  9526 I sqlite_mem_released: 0
04-20 15:37:32.285235  9526  9526 I force_gc: mem
04-20 15:37:37.288999  1654  1654 I sqlite_mem_released: 0
04-20 15:37:37.290375  1654  1654 I force_gc: mem
04-20 15:37:37.540000  1067  1067 I auditd  : type=1400 audit(0.0:190): avc: denied { open } for comm="PhotonicModulat" path="/sys/devices/platform/leds-mt65xx/leds/lcd-backlight/brightness" dev="sysfs" ino=11474 scontext=u:r:system_server:s0 tcontext=u:object_r:sys_lcd_brightness_file:s0 tclass=file permissive=1
04-20 15:37:42.296219 11134 11134 I sqlite_mem_released: 0
04-20 15:37:42.296766 11134 11134 I force_gc: mem
04-20 15:37:44.555624   964   990 I power_sleep_requested: 0
04-20 15:37:44.665542   964   964 I am_pause_activity: [0,92507433,com.mediatek.mtklogger/.MainActivity]
04-20 15:37:44.731929 12140 12140 I am_on_paused_called: [0,com.mediatek.mtklogger.MainActivity]
04-20 15:37:44.735712   964   982 I am_focused_activity: [0,com.mediatek.mtklogger/.MainActivity]
04-20 15:37:44.779904   964   981 I am_pss  : [12583,1000,com.android.settings,29470720,25568256]
04-20 15:37:44.811312   964   981 I am_pss  : [12626,10010,com.google.android.gms,21172224,16846848]
04-20 15:37:45.278907   964   964 I power_screen_state: [0,3,0,0]
04-20 15:37:45.279022   964   964 I screen_toggled: 0
04-20 15:37:45.279152   964   964 I sysui_histogram: [screen_timeout,60]
04-20 15:37:45.280353   964   964 I power_screen_broadcast_send: 1
04-20 15:37:45.473181   964   964 I power_screen_broadcast_done: [0,192,1]
04-20 15:37:47.228404   964   964 I notification_cancel: [10022,1102,com.android.systemui,2131755032,low_battery,-1,0,64,8,NULL]
04-20 15:37:49.664376   964  8872 I notification_expansion: [0|com.mediatek.security|1200|null|1000,0,0,5367118,5367118,67392]
04-20 15:37:49.737900  1102  1102 I sysui_status_bar_state: [1,1,0,0,0,1]
04-20 15:37:49.817189   231   231 I sf_frame_dur: [NavigationBar,737,21,2,3,6,5,3]
04-20 15:37:55.261285 11064 11064 I sqlite_mem_released: 0
04-20 15:37:55.261488 11064 11064 I force_gc: mem
04-20 15:37:57.209009   964   964 I notification_cancel: [10022,1102,com.android.systemui,2131755032,low_battery,-1,0,64,8,NULL]
04-20 15:38:05.170730 11046 11046 I sqlite_mem_released: 0
04-20 15:38:05.170941 11046 11046 I force_gc: mem
04-20 15:38:07.218370   964   964 I notification_cancel: [10022,1102,com.android.systemui,2131755032,low_battery,-1,0,64,8,NULL]
04-20 15:38:11.658372   964   964 I notification_cancel: [10022,1102,com.android.systemui,2131755032,low_battery,-1,0,64,8,NULL]
04-20 15:38:15.454455   964   990 I dvm_lock_sample: [system_server,1,PowerManagerService,5,MessageQueue.java,330,-,553,1]
04-20 15:38:20.466117 11148 11148 I sqlite_mem_released: 0
04-20 15:38:20.466320 11148 11148 I force_gc: mem
04-20 15:38:21.680131   964   964 I notification_cancel: [10022,1102,com.android.systemui,2131755032,low_battery,-1,0,64,8,NULL]
04-20 15:38:26.730943 11658 11658 I sqlite_mem_released: 0
04-20 15:38:26.731065 11658 11658 I force_gc: mem
04-20 15:38:31.668805   964   964 I notification_cancel: [10022,1102,com.android.systemui,2131755032,low_battery,-1,0,64,8,NULL]
04-20 15:38:36.715114 12140 12140 I sqlite_mem_released: 0
04-20 15:38:36.715923 12140 12140 I force_gc: mem
04-20 15:38:41.644949   964   979 I battery_level: [83,3936,310]
04-20 15:38:41.688157   964   964 I notification_cancel: [10022,1102,com.android.systemui,2131755032,low_battery,-1,0,64,8,NULL]
04-20 15:38:51.668607   964   964 I notification_cancel: [10022,1102,com.android.systemui,2131755032,low_battery,-1,0,64,8,NULL]
04-20 15:39:00.247923   964   981 I am_pss  : [12140,10056,com.mediatek.mtklogger,37567488,34493440]
04-20 15:39:01.668823   964   964 I notification_cancel: [10022,1102,com.android.systemui,2131755032,low_battery,-1,0,64,8,NULL]
04-20 15:39:11.668203   964   964 I notification_cancel: [10022,1102,com.android.systemui,2131755032,low_battery,-1,0,64,8,NULL]
04-20 15:39:21.668665   964   964 I notification_cancel: [10022,1102,com.android.systemui,2131755032,low_battery,-1,0,64,8,NULL]
04-20 15:39:31.671554   964   964 I notification_cancel: [10022,1102,com.android.systemui,2131755032,low_battery,-1,0,64,8,NULL]
04-20 15:39:41.668615   964   964 I notification_cancel: [10022,1102,com.android.systemui,2131755032,low_battery,-1,0,64,8,NULL]
04-20 15:39:51.668171   964   964 I notification_cancel: [10022,1102,com.android.systemui,2131755032,low_battery,-1,0,64,8,NULL]
04-20 15:40:01.678675   964   964 I notification_cancel: [10022,1102,com.android.systemui,2131755032,low_battery,-1,0,64,8,NULL]
04-20 15:40:11.677900   964   964 I notification_cancel: [10022,1102,com.android.systemui,2131755032,low_battery,-1,0,64,8,NULL]
04-20 15:40:21.677824   964   964 I notification_cancel: [10022,1102,com.android.systemui,2131755032,low_battery,-1,0,64,8,NULL]
04-20 15:40:31.678494   964   964 I notification_cancel: [10022,1102,com.android.systemui,2131755032,low_battery,-1,0,64,8,NULL]
04-20 15:40:39.658468   964   964 I power_screen_state: [1,0,0,0]
04-20 15:40:39.658609   964   964 I screen_toggled: 1
04-20 15:40:39.661425  1102  1102 I sysui_histogram: [note_load,3]
04-20 15:40:39.662866   964  8871 I notification_panel_revealed: 3
04-20 15:40:39.667704   964   964 I power_screen_broadcast_send: 1
04-20 15:40:39.673877   964  1670 I notification_visibility: [0|com.mediatek.security|1200|null|1000,1,5537127,5537127,0,0]
04-20 15:40:39.674241   964  1670 I notification_visibility: [-1|android|17040353|null|1000,1,238963,238963,0,1]
04-20 15:40:40.098303   231   231 I sf_frame_dur: [ColorFade,12,7,2,1,0,0,0]
04-20 15:40:40.234664   964  1747 I am_proc_died: [0,12583,com.android.settings]
04-20 15:40:40.253050   964   964 I power_screen_broadcast_done: [1,585,1]
04-20 15:40:41.029230  1102  1102 I sysui_lockscreen_gesture: [1,364,2400]
04-20 15:40:41.177570   964  1162 I notification_visibility: [0|com.mediatek.security|1200|null|1000,0,5538631,5538631,0,0]
04-20 15:40:41.177986   964  1162 I notification_visibility: [-1|android|17040353|null|1000,0,240466,240466,0,1]
04-20 15:40:41.179070   964  1927 I notification_panel_hidden: []
04-20 15:40:41.184283  1102  1102 I screen_toggled: 2
04-20 15:40:41.187818  1102  1102 I screen_toggled: 2
04-20 15:40:41.207653   964  1844 I am_resume_activity: [0,92507433,55,com.mediatek.mtklogger/.MainActivity]
04-20 15:40:41.236293 12140 12140 I am_on_resume_called: [0,com.mediatek.mtklogger.MainActivity]
04-20 15:40:41.272006   964  1582 I notification_expansion: [0|com.mediatek.security|1200|null|1000,0,1,5538725,5538725,1598]
04-20 15:40:41.285658  1102  1102 I sysui_status_bar_state: [0,0,0,0,0,1]
04-20 15:40:41.659131   964   964 I notification_cancel: [10022,1102,com.android.systemui,2131755032,low_battery,-1,0,64,8,NULL]
04-20 15:40:42.824206   964  1162 I am_home_stack_moved: [0,0,10,10,sourceStackToFront]
04-20 15:40:42.824452   964  1162 I wm_task_moved: [55,1,1]
04-20 15:40:42.828272   964  1162 I am_create_activity: [0,182033133,55,com.mediatek.mtklogger/.LogFolderListActivity,NULL,NULL,NULL,0]
04-20 15:40:42.829975   964  1162 I am_pause_activity: [0,92507433,com.mediatek.mtklogger/.MainActivity]
04-20 15:40:42.834008   964  1162 I am_home_stack_moved: [0,0,10,10,startedActivity setFocusedActivity]
04-20 15:40:42.834238   964  1162 I wm_task_moved: [55,1,1]
04-20 15:40:42.842206   964  1162 I am_focused_activity: [0,com.mediatek.mtklogger/.LogFolderListActivity]
04-20 15:40:42.854528 12140 12140 I am_on_paused_called: [0,com.mediatek.mtklogger.MainActivity]
04-20 15:40:42.861260   964   976 I am_restart_activity: [0,182033133,55,com.mediatek.mtklogger/.LogFolderListActivity]
04-20 15:40:42.957066 12140 12140 I am_on_resume_called: [0,com.mediatek.mtklogger.LogFolderListActivity]
04-20 15:40:43.330468   964   987 I am_activity_launch_time: [0,182033133,com.mediatek.mtklogger/.LogFolderListActivity,474,474]
04-20 15:40:43.589262   231   231 I sf_frame_dur: [com.mediatek.mtklogger/com.mediatek.mtklogger.MainActivity,2,2,3,1,2,7,4]
04-20 15:40:45.691292 12140 12140 I menu_item_selected: [0,Clear All]
04-20 15:40:47.719427   231   231 I sf_frame_dur: [com.mediatek.mtklogger/com.mediatek.mtklogger.LogFolderListActivity,7,2,0,0,1,1,0]
04-20 15:40:47.923797   964   979 I am_finish_activity: [0,182033133,55,com.mediatek.mtklogger/.LogFolderListActivity,app-request]
04-20 15:40:47.925902   964   979 I am_home_stack_moved: [0,0,10,10,finishActivity adjustFocus setFocusedActivity]
04-20 15:40:47.926158   964   979 I wm_task_moved: [55,1,1]
04-20 15:40:47.937125   964   979 I am_focused_activity: [0,com.mediatek.mtklogger/.MainActivity]
04-20 15:40:47.939079   964   979 I am_pause_activity: [0,182033133,com.mediatek.mtklogger/.LogFolderListActivity]
04-20 15:40:47.975026 12140 12140 I am_on_paused_called: [0,com.mediatek.mtklogger.LogFolderListActivity]
04-20 15:40:47.997966   964  1652 I am_resume_activity: [0,92507433,55,com.mediatek.mtklogger/.MainActivity]
04-20 15:40:48.031442 12140 12140 I am_on_resume_called: [0,com.mediatek.mtklogger.MainActivity]
04-20 15:40:48.190685   231   231 I sf_frame_dur: [Clearing log,3,1,0,0,0,0,0]
04-20 15:40:48.487457   964   982 I am_destroy_activity: [0,182033133,55,com.mediatek.mtklogger/.LogFolderListActivity,finish-imm]
04-20 15:40:48.499844   231   231 I sf_frame_dur: [com.mediatek.mtklogger/com.mediatek.mtklogger.LogFolderListActivity,10,2,1,0,0,1,2]
04-20 15:40:49.254353  1102  1102 I sysui_panelholder_touch: [0,241,5]
04-20 15:40:49.257395  1102  1102 I sysui_count: [panel_open,1]
04-20 15:40:49.260618  1102  1102 I sysui_histogram: [note_load,3]
04-20 15:40:49.261177   964   979 I notification_panel_revealed: 3
04-20 15:40:49.265011   964  1162 I notification_visibility: [0|com.mediatek.security|1200|null|1000,1,5546718,5546718,0,0]
04-20 15:40:49.816372   964  8872 I notification_visibility: [-1|android|17040348|null|1000,1,244630,244630,0,2]
04-20 15:40:49.816727   964  8872 I notification_visibility: [-1|android|17040353|null|1000,1,249105,249105,0,1]
04-20 15:40:51.668054   964   964 I notification_cancel: [10022,1102,com.android.systemui,2131755032,low_battery,-1,0,64,8,NULL]
04-20 15:40:53.955170   964  2088 I notification_visibility: [0|com.mediatek.security|1200|null|1000,0,5551409,5551409,0,0]
04-20 15:40:53.955466   964  2088 I notification_visibility: [-1|android|17040348|null|1000,0,248769,248769,0,2]
04-20 15:40:53.955691   964  2088 I notification_visibility: [-1|android|17040353|null|1000,0,253244,253244,0,1]
04-20 15:40:53.956082   964  1670 I am_home_stack_moved: [0,0,10,10,startingNewTask]
04-20 15:40:53.956261   964  1670 I wm_task_moved: [55,1,1]
04-20 15:40:53.956587   964  1582 I notification_panel_hidden: []
04-20 15:40:53.962607   964  1670 I am_create_task: [0,57]
04-20 15:40:53.963208   964  1670 I am_create_activity: [0,125962713,57,com.android.settings/.deviceinfo.UsbModeChooserActivity,android.intent.action.MAIN,NULL,NULL,276856832]
04-20 15:40:53.969917   964  1670 I wm_task_created: [57,10]
04-20 15:40:53.970095   964  1670 I wm_task_moved: [57,1,2]
04-20 15:40:54.020230   964  1670 I am_pause_activity: [0,92507433,com.mediatek.mtklogger/.MainActivity]
04-20 15:40:54.033904   964  1670 I am_home_stack_moved: [0,0,10,10,startedActivity setFocusedActivity]
04-20 15:40:54.034426   964  1670 I wm_task_moved: [57,1,2]
04-20 15:40:54.052562   964  1670 I am_focused_activity: [0,com.android.settings/.deviceinfo.UsbModeChooserActivity]
04-20 15:40:54.056444 12140 12140 I am_on_paused_called: [0,com.mediatek.mtklogger.MainActivity]
04-20 15:40:54.057601   964  1652 I notification_clicked: [-1|android|17040348|null|1000,248871,248871,4241]
04-20 15:40:54.058441   964   964 I notification_cancel: [10022,1102,android,17040348,NULL,-1,16,64,1,NULL]
04-20 15:40:54.058611   964   964 I sysui_histogram: [note_click_longevity,4]
04-20 15:40:54.101072   964  8872 I am_proc_start: [0,12837,1000,com.android.settings,activity,com.android.settings/.deviceinfo.UsbModeChooserActivity]
04-20 15:40:54.323423   964  1747 I am_proc_bound: [0,12837,com.android.settings]
04-20 15:40:54.335479   964  1747 I am_restart_activity: [0,125962713,57,com.android.settings/.deviceinfo.UsbModeChooserActivity]
04-20 15:40:54.610000  2031  2031 I auditd  : type=1400 audit(0.0:191): avc: denied { read } for comm="GpuAppSpectator" name="cmdline" dev="proc" ino=93036 scontext=u:r:gas_srv:s0 tcontext=u:r:system_app:s0 tclass=file permissive=1
04-20 15:40:54.610000  2031  2031 I auditd  : type=1400 audit(0.0:192): avc: denied { open } for comm="GpuAppSpectator" path="/proc/12837/cmdline" dev="proc" ino=93036 scontext=u:r:gas_srv:s0 tcontext=u:r:system_app:s0 tclass=file permissive=1
04-20 15:40:54.610000  2031  2031 I auditd  : type=1400 audit(0.0:193): avc: denied { getattr } for comm="GpuAppSpectator" path="/proc/12837/cmdline" dev="proc" ino=93036 scontext=u:r:gas_srv:s0 tcontext=u:r:system_app:s0 tclass=file permissive=1
04-20 15:40:54.712150   964  1747 I force_gc: Binder
04-20 15:40:54.915968 12837 12837 I am_on_resume_called: [0,com.android.settings.deviceinfo.UsbModeChooserActivity]
04-20 15:40:55.281010   964   987 I am_activity_launch_time: [0,125962713,com.android.settings/.deviceinfo.UsbModeChooserActivity,1222,1222]
04-20 15:40:57.213412   964   975 I am_finish_activity: [0,125962713,57,com.android.settings/.deviceinfo.UsbModeChooserActivity,app-request]
04-20 15:40:57.216394   964   975 I am_home_stack_moved: [0,0,10,10,finishActivity adjustFocus setFocusedActivity]
04-20 15:40:57.219452   964   975 I wm_task_moved: [57,1,2]
04-20 15:40:57.226183   964   975 I am_focused_activity: [0,com.mediatek.mtklogger/.MainActivity]
04-20 15:40:57.254726   964   975 I am_pause_activity: [0,125962713,com.android.settings/.deviceinfo.UsbModeChooserActivity]
04-20 15:40:57.261941 12837 12837 I am_on_paused_called: [0,com.android.settings.deviceinfo.UsbModeChooserActivity]
04-20 15:40:57.276807   964   979 I am_resume_activity: [0,92507433,55,com.mediatek.mtklogger/.MainActivity]
04-20 15:40:57.327596 12140 12140 I am_on_resume_called: [0,com.mediatek.mtklogger.MainActivity]
04-20 15:40:57.409741   231   231 I sf_frame_dur: [com.android.settings/com.android.settings.deviceinfo.UsbModeChooserActivity,9,1,1,1,0,0,1]
04-20 15:40:57.460446   964  2088 I am_destroy_activity: [0,125962713,57,com.android.settings/.deviceinfo.UsbModeChooserActivity,finish-imm]
04-20 15:40:57.530502   964   987 I wm_task_removed: [57,removeAppToken: last token]
04-20 15:40:57.530612   964   987 I wm_task_removed: [57,removeTask]
04-20 15:41:00.522831   964   964 I free_storage_changed: 12437061632
04-20 15:41:01.705563   964   964 I notification_cancel: [10022,1102,com.android.systemui,2131755032,low_battery,-1,0,64,8,NULL]
04-20 15:41:01.886324   964  2088 I am_proc_died: [0,12837,com.android.settings]
04-20 15:41:02.465499   231   231 I sf_frame_dur: [Starting logs,38,4,0,0,1,0,0]
04-20 15:41:03.175209   964   964 I notification_enqueue: [10056,12140,com.mediatek.mtklogger,2130837539,NULL,0,Notification(pri=0 contentView=com.mediatek.mtklogger/0x1090085 vibrate=null sound=null tick defaults=0x0 flags=0x60 color=0x00000000 vis=PRIVATE),0]
04-20 15:41:03.260629   964  8871 I notification_expansion: [0|com.mediatek.mtklogger|2130837539|null|10056,0,1,88,88,0]
04-20 15:41:03.262130   964  1162 I notification_expansion: [0|com.mediatek.security|1200|null|1000,0,0,5560716,5560716,13998]
04-20 15:41:07.813408   964  1747 I am_finish_activity: [0,92507433,55,com.mediatek.mtklogger/.MainActivity,app-request]
04-20 15:41:07.816071   964  1747 I am_home_stack_moved: [0,0,10,10,finishActivity adjustFocus setFocusedActivity]
04-20 15:41:07.817692   964  1747 I wm_task_moved: [55,1,1]
04-20 15:41:07.825962   964  1747 I am_focused_activity: [0,com.android.settings/.SubSettings]
04-20 15:41:07.861212   964  1747 I am_pause_activity: [0,92507433,com.mediatek.mtklogger/.MainActivity]
04-20 15:41:07.873965 12140 12140 I am_on_paused_called: [0,com.mediatek.mtklogger.MainActivity]
04-20 15:41:07.920929   964  8872 I am_proc_start: [0,12919,1000,com.android.settings,activity,com.android.settings/.SubSettings]
04-20 15:41:08.116028   964   976 I am_proc_bound: [0,12919,com.android.settings]
04-20 15:41:08.126584   964   976 I am_restart_activity: [0,84175906,54,com.android.settings/.SubSettings]
04-20 15:41:08.660000  2031  2031 I auditd  : type=1400 audit(0.0:194): avc: denied { read } for comm="GpuAppSpectator" name="cmdline" dev="proc" ino=93128 scontext=u:r:gas_srv:s0 tcontext=u:r:system_app:s0 tclass=file permissive=1
04-20 15:41:08.660000  2031  2031 I auditd  : type=1400 audit(0.0:195): avc: denied { open } for comm="GpuAppSpectator" path="/proc/12919/cmdline" dev="proc" ino=93128 scontext=u:r:gas_srv:s0 tcontext=u:r:system_app:s0 tclass=file permissive=1
04-20 15:41:08.660000  2031  2031 I auditd  : type=1400 audit(0.0:196): avc: denied { getattr } for comm="GpuAppSpectator" path="/proc/12919/cmdline" dev="proc" ino=93128 scontext=u:r:gas_srv:s0 tcontext=u:r:system_app:s0 tclass=file permissive=1
04-20 15:41:08.920232   231   231 I sf_frame_dur: [com.mediatek.mtklogger/com.mediatek.mtklogger.MainActivity,1,1,2,0,0,4,3]
04-20 15:41:09.188201 12919 12919 I sysui_view_visibility: [90,100]
04-20 15:41:09.188551 12919 12919 I am_on_resume_called: [0,com.android.settings.SubSettings]
04-20 15:41:09.773584   964   987 I am_activity_launch_time: [0,84175906,com.android.settings/.SubSettings,1895,1895]
04-20 15:41:09.921268   964  1844 I am_destroy_activity: [0,92507433,55,com.mediatek.mtklogger/.MainActivity,finish-imm]
04-20 15:41:09.996000   964   981 I am_pss  : [12739,10007,android.process.media,11860992,9998336]
04-20 15:41:10.163532   964   975 I wm_task_removed: [55,removeAppToken: last token]
04-20 15:41:10.163869   964   975 I wm_task_removed: [55,removeTask]
04-20 15:41:11.646962   964   964 I notification_cancel: [10022,1102,com.android.systemui,2131755032,low_battery,-1,0,64,8,NULL]
04-20 15:41:14.325423   964  1023 I netstats_mobile_sample: [0,0,0,0,0,0,0,0,0,0,0,0,-1]
04-20 15:41:14.326695   964  1023 I netstats_wifi_sample: [156067,1593,295347,9846,123363,1275,247080,2550,123363,1275,247080,2550,-1]
04-20 15:41:14.491380   964   964 I notification_cancel: [1000,964,android,17040348,NULL,-1,0,0,8,NULL]
04-20 15:41:14.492594   964   964 I notification_canceled: [-1|android|17040348|null|1000,8,269306,269306,24676]
04-20 15:41:14.503752   964   964 I notification_enqueue: [1000,964,android,17040347,NULL,-1,Notification(pri=-2 contentView=null vibrate=null sound=null tick defaults=0x0 flags=0x2 color=0xff607d8b vis=PUBLIC),0]
04-20 15:41:14.582160   964  1582 I dvm_lock_sample: [system_server,1,Binder_5,5,ActivityManagerService.java,21884,-,20875,1]
04-20 15:41:14.680000  2031  2031 I auditd  : type=1400 audit(0.0:197): avc: denied { read } for comm="GpuAppSpectator" name="cmdline" dev="proc" ino=93128 scontext=u:r:gas_srv:s0 tcontext=u:r:system_app:s0 tclass=file permissive=1
04-20 15:41:14.680000  2031  2031 I auditd  : type=1400 audit(0.0:198): avc: denied { open } for comm="GpuAppSpectator" path="/proc/12919/cmdline" dev="proc" ino=93128 scontext=u:r:gas_srv:s0 tcontext=u:r:system_app:s0 tclass=file permissive=1
04-20 15:41:14.680000  2031  2031 I auditd  : type=1400 audit(0.0:199): avc: denied { getattr } for comm="GpuAppSpectator" path="/proc/12919/cmdline" dev="proc" ino=93128 scontext=u:r:gas_srv:s0 tcontext=u:r:system_app:s0 tclass=file permissive=1
04-20 15:41:14.867847   964  1023 I netstats_mobile_sample: [0,0,0,0,0,0,0,0,0,0,0,0,-1]
04-20 15:41:14.868962   964  1023 I netstats_wifi_sample: [156067,1593,295347,9846,123363,1275,247080,2550,123363,1275,247080,2550,-1]
04-20 15:41:15.093771   964   964 I notification_enqueue: [1000,964,android,17303171,NULL,-1,Notification(pri=0 contentView=null vibrate=null sound=null defaults=0x0 flags=0x2 color=0xff607d8b category=status vis=PUBLIC),0]
04-20 15:41:15.158260   964  1023 I netstats_mobile_sample: [0,0,0,0,0,0,0,0,0,0,0,0,-1]
04-20 15:41:15.166754   964  1023 I netstats_wifi_sample: [156067,1593,295347,9846,123363,1275,247080,2550,123363,1275,247080,2550,-1]
04-20 15:41:15.240742   964  2089 I notification_expansion: [-1|android|17303171|null|1000,0,1,147,147,0]
04-20 15:41:15.242162   964  1582 I notification_expansion: [0|com.mediatek.mtklogger|2130837539|null|10056,0,0,12070,12070,0]
04-20 15:41:15.403422   964   964 I notification_cancel: [10022,1102,com.android.systemui,2131755032,low_battery,-1,0,64,8,NULL]
04-20 15:41:16.565375   964   964 I notification_cancel: [10022,1102,com.android.systemui,2131755032,low_battery,-1,0,64,8,NULL]
04-20 15:41:22.953825   964  2089 I battery_status: [4,2,1,0,Li-ion]
04-20 15:41:23.053616   964   964 I notification_cancel: [10022,1102,com.android.systemui,2131755032,low_battery,-1,0,64,8,NULL]
04-20 15:41:23.063392   964   976 I battery_level: [82,3988,300]
04-20 15:41:23.083942   964   964 I notification_cancel: [10022,1102,com.android.systemui,2131755032,low_battery,-1,0,64,8,NULL]
04-20 15:41:23.181422   964   981 I am_pss  : [12919,1000,com.android.settings,38917120,35492864]
04-20 15:41:23.222624   964  2089 I am_proc_start: [0,12976,1000,com.fw.upgrade.sysoper,broadcast,com.fw.upgrade.sysoper/com.adups.fota.sysoper.TaskReceiver]
04-20 15:41:23.412261   964  8871 I am_proc_bound: [0,12976,com.fw.upgrade.sysoper]
04-20 15:41:23.661954   964  1844 I am_proc_died: [0,12976,com.fw.upgrade.sysoper]
04-20 15:41:23.949867   964   964 I notification_cancel: [1000,964,android,17040347,NULL,-1,0,0,8,NULL]
04-20 15:41:23.951202   964   964 I notification_canceled: [-1|android|17040347|null|1000,8,9448,9448,0]
04-20 15:41:23.951858   964   964 I notification_cancel: [1000,964,android,17040353,NULL,-1,0,0,8,NULL]
04-20 15:41:23.952878   964   964 I notification_canceled: [-1|android|17040353|null|1000,8,283241,283241,34136]
04-20 15:41:25.090107  1102  1102 I sysui_panelholder_touch: [0,215,0]
04-20 15:41:25.094496  1102  1102 I sysui_count: [panel_open,1]
04-20 15:41:25.100404  1102  1102 I sysui_histogram: [note_load,3]
04-20 15:41:25.101080   964   976 I notification_panel_revealed: 3
04-20 15:41:25.105723   964   975 I notification_visibility: [-1|android|17303171|null|1000,1,10012,10012,0,0]
04-20 15:41:25.606788   964  1582 I notification_visibility: [0|com.mediatek.security|1200|null|1000,1,5583060,5583060,0,2]
04-20 15:41:25.607245   964  1582 I notification_visibility: [0|com.mediatek.mtklogger|2130837539|null|10056,1,22435,22435,0,1]
04-20 15:41:27.190749   964  1844 I notification_visibility: [0|com.mediatek.security|1200|null|1000,0,5584644,5584644,0,2]
04-20 15:41:27.191125   964  1844 I notification_visibility: [-1|android|17303171|null|1000,0,12098,12098,0,0]
04-20 15:41:27.191539   964  1844 I notification_visibility: [0|com.mediatek.mtklogger|2130837539|null|10056,0,24019,24019,0,1]
04-20 15:41:27.194287   964  1670 I am_home_stack_moved: [0,0,10,10,startingNewTask]
04-20 15:41:27.194517   964  1670 I wm_task_moved: [54,1,0]
04-20 15:41:27.197498   964  1663 I notification_panel_hidden: []
04-20 15:41:27.200497   964  1670 I am_create_task: [0,58]
04-20 15:41:27.201745   964  1670 I am_create_activity: [0,206178079,58,com.mediatek.mtklogger/.MainActivity,NULL,NULL,NULL,268435456]
04-20 15:41:27.215815   964  1670 I wm_task_created: [58,10]
04-20 15:41:27.216045   964  1670 I wm_task_moved: [58,1,1]
04-20 15:41:27.280405   964  1670 I am_pause_activity: [0,84175906,com.android.settings/.SubSettings]
04-20 15:41:27.284984 12919 12919 I sysui_view_visibility: [90,0]
04-20 15:41:27.304951   964  1670 I am_home_stack_moved: [0,0,10,10,startedActivity setFocusedActivity]
04-20 15:41:27.305190   964  1670 I wm_task_moved: [58,1,1]
04-20 15:41:27.320757   964  1670 I am_focused_activity: [0,com.mediatek.mtklogger/.MainActivity]
04-20 15:41:27.327820 12919 12919 I am_on_paused_called: [0,com.android.settings.SubSettings]
04-20 15:41:27.330224   964  1670 I notification_clicked: [0|com.mediatek.mtklogger|2130837539|null|10056,24158,24158,1723]
04-20 15:41:27.332152   964   964 I notification_cancel: [10022,1102,com.mediatek.mtklogger,2130837539,NULL,0,16,64,1,NULL]
04-20 15:41:27.332353   964   964 I sysui_histogram: [note_click_longevity,0]
04-20 15:41:27.346672   964  1747 I am_restart_activity: [0,206178079,58,com.mediatek.mtklogger/.MainActivity]
04-20 15:41:27.663635 12140 12140 I am_on_resume_called: [0,com.mediatek.mtklogger.MainActivity]
04-20 15:41:28.011819   964   987 I am_activity_launch_time: [0,206178079,com.mediatek.mtklogger/.MainActivity,680,680]
04-20 15:41:28.108320   231   231 I sf_frame_dur: [com.android.settings/com.android.settings.SubSettings,116,1,2,1,2,1,3]
04-20 15:41:30.528972   964   964 I free_storage_changed: 12424552448
04-20 15:41:33.092927   964   964 I notification_cancel: [10022,1102,com.android.systemui,2131755032,low_battery,-1,0,64,8,NULL]
04-20 15:41:33.514678   964   964 I notification_cancel: [1000,964,com.mediatek.mtklogger,2130837539,NULL,0,0,0,8,NULL]
04-20 15:41:33.516022   964   964 I notification_canceled: [0|com.mediatek.mtklogger|2130837539|null|10056,8,30343,30343,7908]
04-20 15:41:33.529834   964   964 I notification_enqueue: [10056,12140,com.mediatek.mtklogger,2130837539,NULL,0,Notification(pri=0 contentView=com.mediatek.mtklogger/0x1090085 vibrate=null sound=null tick defaults=0x0 flags=0x60 color=0x00000000 vis=PRIVATE),0]
04-20 15:41:33.697198   964  1843 I notification_expansion: [0|com.mediatek.mtklogger|2130837539|null|10056,0,1,172,172,0]
04-20 15:41:33.707783   964   976 I notification_expansion: [-1|android|17303171|null|1000,0,0,18614,18614,8602]
04-20 15:41:36.646175   964   964 I notification_cancel: [10056,12140,com.mediatek.mtklogger,2130837521,NULL,0,0,64,8,NULL]
04-20 15:41:36.966215   231   231 I sf_frame_dur: [Stopping logs,272,4,0,0,1,0,0]
04-20 15:41:37.640398   964   964 I notification_cancel: [1000,964,com.mediatek.mtklogger,2130837539,NULL,0,0,0,8,NULL]
04-20 15:41:37.641618   964   964 I notification_canceled: [0|com.mediatek.mtklogger|2130837539|null|10056,8,4116,4116,0]
04-20 15:41:37.650316   964   976 I notification_expansion: [-1|android|17303171|null|1000,0,1,22557,22557,12545]
04-20 15:41:37.716740   964   981 I am_pss  : [12140,10056,com.mediatek.mtklogger,39650304,36529152]
04-20 15:41:39.898311   964   975 I force_gc: Binder
04-20 15:41:40.137509   964   979 I battery_discharge: [17184,83,82]
04-20 15:41:40.137594   964   979 I battery_status: [2,2,1,2,Li-ion]
04-20 15:41:40.210461   964   964 I notification_cancel: [10022,1102,com.android.systemui,2131755032,low_battery,-1,0,64,8,NULL]
04-20 15:41:40.458037   964   964 I notification_enqueue: [1000,964,android,17040347,NULL,-1,Notification(pri=-2 contentView=null vibrate=null sound=null tick defaults=0x0 flags=0x2 color=0xff607d8b vis=PUBLIC),0]
04-20 15:41:40.464768   964   964 I notification_enqueue: [1000,964,android,17040353,NULL,-1,Notification(pri=-1 contentView=null vibrate=null sound=null tick defaults=0x0 flags=0x2 color=0xff607d8b vis=PUBLIC),0]
04-20 15:41:41.993608  1102  1102 I sysui_panelholder_touch: [0,326,0]
04-20 15:41:41.997316  1102  1102 I sysui_count: [panel_open,1]
04-20 15:41:42.002731  1102  1102 I sysui_histogram: [note_load,4]
04-20 15:41:42.003540   964  8872 I notification_panel_revealed: 4
04-20 15:41:42.008754   964  1582 I notification_visibility: [-1|android|17303171|null|1000,1,26915,26915,0,0]
04-20 15:41:42.482990   964   964 I notification_cancel: [10022,1102,com.android.systemui,2131755032,low_battery,-1,0,64,8,NULL]
04-20 15:41:42.515371   964  2088 I notification_visibility: [0|com.mediatek.security|1200|null|1000,1,5599969,5599969,0,1]
04-20 15:41:42.515732   964  2088 I notification_visibility: [-1|android|17040353|null|1000,1,2051,2051,0,2]
04-20 15:41:42.516161   964  2088 I notification_visibility: [-1|android|17040347|null|1000,1,2059,2059,0,3]
04-20 15:41:43.154730   964  1747 I notification_visibility: [0|com.mediatek.security|1200|null|1000,0,5600608,5600608,0,1]
04-20 15:41:43.155134   964  1747 I notification_visibility: [-1|android|17303171|null|1000,0,28062,28062,0,0]
04-20 15:41:43.155495   964  1747 I notification_visibility: [-1|android|17040353|null|1000,0,2691,2691,0,2]
04-20 15:41:43.155872   964  1747 I notification_visibility: [-1|android|17040347|null|1000,0,2698,2698,0,3]
04-20 15:41:43.156985   964  2088 I notification_panel_hidden: []
04-20 15:41:43.157213   964  1844 I am_home_stack_moved: [0,0,10,10,startingNewTask]
04-20 15:41:43.157491   964  1844 I wm_task_moved: [58,1,1]
04-20 15:41:43.163997   964  1844 I am_create_task: [0,59]
04-20 15:41:43.165067   964  1844 I am_create_activity: [0,39048430,59,com.android.settings/.deviceinfo.UsbModeChooserActivity,android.intent.action.MAIN,NULL,NULL,276856832]
04-20 15:41:43.172974   964  1844 I wm_task_created: [59,10]
04-20 15:41:43.173231   964  1844 I wm_task_moved: [59,1,2]
04-20 15:41:43.207164   964  1844 I am_pause_activity: [0,206178079,com.mediatek.mtklogger/.MainActivity]
04-20 15:41:43.215464   964  1844 I am_home_stack_moved: [0,0,10,10,startedActivity setFocusedActivity]
04-20 15:41:43.215731   964  1844 I wm_task_moved: [59,1,2]
04-20 15:41:43.230580   964  1844 I am_focused_activity: [0,com.android.settings/.deviceinfo.UsbModeChooserActivity]
04-20 15:41:43.234465 12140 12140 I am_on_paused_called: [0,com.mediatek.mtklogger.MainActivity]
04-20 15:41:43.235155   964  1162 I notification_clicked: [-1|android|17040347|null|1000,2778,2778,719]
04-20 15:41:43.235732   964   964 I notification_cancel: [10022,1102,android,17040347,NULL,-1,16,64,1,NULL]
04-20 15:41:43.235850   964   964 I sysui_histogram: [note_click_longevity,0]
04-20 15:41:43.244348   964  8871 I am_restart_activity: [0,39048430,59,com.android.settings/.deviceinfo.UsbModeChooserActivity]
04-20 15:41:43.564796 12919 12919 I am_on_resume_called: [0,com.android.settings.deviceinfo.UsbModeChooserActivity]
04-20 15:41:43.887480   964   987 I am_activity_launch_time: [0,39048430,com.android.settings/.deviceinfo.UsbModeChooserActivity,651,651]
04-20 15:41:45.115059   964  8872 I am_finish_activity: [0,39048430,59,com.android.settings/.deviceinfo.UsbModeChooserActivity,app-request]
04-20 15:41:45.116978   964  8872 I am_home_stack_moved: [0,0,10,10,finishActivity adjustFocus setFocusedActivity]
04-20 15:41:45.117177   964  8872 I wm_task_moved: [59,1,2]
04-20 15:41:45.123600   964  8872 I am_focused_activity: [0,com.mediatek.mtklogger/.MainActivity]
04-20 15:41:45.146924   964  8872 I am_pause_activity: [0,39048430,com.android.settings/.deviceinfo.UsbModeChooserActivity]
04-20 15:41:45.168565 12919 12919 I am_on_paused_called: [0,com.android.settings.deviceinfo.UsbModeChooserActivity]
04-20 15:41:45.204487   964  1670 I am_resume_activity: [0,206178079,58,com.mediatek.mtklogger/.MainActivity]
04-20 15:41:45.267031 12140 12140 I am_on_resume_called: [0,com.mediatek.mtklogger.MainActivity]
04-20 15:41:45.323382   231   231 I sf_frame_dur: [com.android.settings/com.android.settings.deviceinfo.UsbModeChooserActivity,0,0,1,1,0,1,0]
04-20 15:41:45.387203   964  1162 I am_destroy_activity: [0,39048430,59,com.android.settings/.deviceinfo.UsbModeChooserActivity,finish-imm]
04-20 15:41:45.475914   964   964 I notification_cancel: [1000,964,android,17303171,NULL,-1,0,0,8,NULL]
04-20 15:41:45.477651   964   964 I notification_canceled: [-1|android|17303171|null|1000,8,30384,30384,3469]
04-20 15:41:45.492679   964  2089 I notification_expansion: [0|com.mediatek.security|1200|null|1000,0,1,5602946,5602946,2977]
04-20 15:41:45.497154   964   987 I wm_task_removed: [59,removeAppToken: last token]
04-20 15:41:45.501928   964   987 I wm_task_removed: [59,removeTask]
04-20 15:41:45.517678   964   964 I notification_cancel: [1000,964,android,17040347,NULL,-1,0,0,8,NULL]
04-20 15:41:45.523648   964   964 I notification_canceled: [-1|android|17040347|null|1000,8,5066,5066,3007]
04-20 15:41:45.530254   964   964 I notification_enqueue: [1000,964,android,17040348,NULL,-1,Notification(pri=-2 contentView=null vibrate=null sound=null tick defaults=0x0 flags=0x2 color=0xff607d8b vis=PUBLIC),0]
04-20 15:41:45.613861   964  1023 I netstats_mobile_sample: [0,0,0,0,0,0,0,0,0,0,0,0,-1]
04-20 15:41:45.615068   964  1023 I netstats_wifi_sample: [156067,1593,295347,9846,123363,1275,247080,2550,123363,1275,247080,2550,-1]
04-20 15:41:45.695231   964  1023 I netstats_mobile_sample: [0,0,0,0,0,0,0,0,0,0,0,0,-1]
04-20 15:41:45.696351   964  1023 I netstats_wifi_sample: [156067,1593,295347,9846,123363,1275,247080,2550,123363,1275,247080,2550,-1]
04-20 15:41:46.416056   964   964 I notification_cancel: [10022,1102,com.android.systemui,2131755032,low_battery,-1,0,64,8,NULL]
04-20 15:41:47.592016   964   964 I notification_cancel: [10022,1102,com.android.systemui,2131755032,low_battery,-1,0,64,8,NULL]
04-20 15:41:57.614354   964   964 I notification_cancel: [10022,1102,com.android.systemui,2131755032,low_battery,-1,0,64,8,NULL]
04-20 15:42:07.560360   964   964 I notification_cancel: [10022,1102,com.android.systemui,2131755032,low_battery,-1,0,64,8,NULL]
04-20 15:42:08.875010   964   981 I am_pss  : [12739,10007,android.process.media,12027904,10166272]
04-20 15:42:17.572094   964   964 I notification_cancel: [10022,1102,com.android.systemui,2131755032,low_battery,-1,0,64,8,NULL]
04-20 15:42:21.170988   964   981 I am_pss  : [12919,1000,com.android.settings,23634944,20149248]
04-20 15:42:21.200807   964   981 I am_pss  : [12626,10010,com.google.android.gms,21400576,17043456]
04-20 15:42:27.572129   964   964 I notification_cancel: [10022,1102,com.android.systemui,2131755032,low_battery,-1,0,64,8,NULL]
04-20 15:42:37.574239   964   964 I notification_cancel: [10022,1102,com.android.systemui,2131755032,low_battery,-1,0,64,8,NULL]
04-20 15:42:37.940000  1067  1067 I auditd  : type=1400 audit(0.0:200): avc: denied { open } for comm="PhotonicModulat" path="/sys/devices/platform/leds-mt65xx/leds/lcd-backlight/brightness" dev="sysfs" ino=11474 scontext=u:r:system_server:s0 tcontext=u:object_r:sys_lcd_brightness_file:s0 tclass=file permissive=1
04-20 15:42:44.950910   964   990 I power_sleep_requested: 0
04-20 15:42:45.055842   964   964 I am_pause_activity: [0,206178079,com.mediatek.mtklogger/.MainActivity]
04-20 15:42:45.178914   964  8871 I dvm_lock_sample: [system_server,1,Binder_F,116,ActivityManagerService.java,17501,-,11171,23]
04-20 15:42:45.183582 12140 12140 I am_on_paused_called: [0,com.mediatek.mtklogger.MainActivity]
04-20 15:42:45.187254   964   982 I am_focused_activity: [0,com.mediatek.mtklogger/.MainActivity]
04-20 15:42:45.719249   964   964 I power_screen_state: [0,3,0,0]
04-20 15:42:45.719322   964   964 I screen_toggled: 0
04-20 15:42:45.719570   964   964 I sysui_histogram: [screen_timeout,60]
04-20 15:42:45.720490   964   964 I power_screen_broadcast_send: 1
04-20 15:42:45.908129   964   964 I power_screen_broadcast_done: [0,187,1]
04-20 15:42:47.568800   964   964 I notification_cancel: [10022,1102,com.android.systemui,2131755032,low_battery,-1,0,64,8,NULL]
04-20 15:42:50.007392   964   964 I dvm_lock_sample: [system_server,1,main,17,AlarmManagerService.java,3077,-,2766,3]
04-20 15:42:50.055331   964  1652 I notification_expansion: [0|com.mediatek.security|1200|null|1000,0,0,5667509,5667509,67540]
04-20 15:42:50.129044  1102  1102 I sysui_status_bar_state: [1,1,0,0,0,1]
04-20 15:42:50.222518   231   231 I sf_frame_dur: [NavigationBar,49,4,0,0,1,0,0]
04-20 15:42:57.544605   964  1747 I battery_level: [83,3957,310]
04-20 15:42:57.596316   964   964 I notification_cancel: [10022,1102,com.android.systemui,2131755032,low_battery,-1,0,64,8,NULL]
04-20 15:43:30.873137   964   964 I power_screen_state: [1,0,0,0]
04-20 15:43:30.873385   964   964 I screen_toggled: 1
04-20 15:43:30.874250   964   964 I power_screen_broadcast_send: 1
04-20 15:43:31.025311  1102  1102 I sysui_histogram: [note_load,3]
04-20 15:43:31.025945   964  1843 I notification_panel_revealed: 3
04-20 15:43:31.036633   964  1844 I notification_visibility: [0|com.mediatek.security|1200|null|1000,1,5708490,5708490,0,0]
04-20 15:43:31.036948   964  1844 I notification_visibility: [-1|android|17040353|null|1000,1,110572,110572,0,1]
04-20 15:43:31.224691   231   231 I sf_frame_dur: [ColorFade,14,6,2,0,0,0,0]
04-20 15:43:31.403521   964   964 I power_screen_broadcast_done: [1,530,1]
04-20 15:43:32.053647   964   979 I notification_visibility: [-1|android|17040353|null|1000,0,111588,111588,0,1]
04-20 15:43:32.071334  1102  1102 I sysui_lockscreen_gesture: [1,295,3479]
04-20 15:43:32.210706   964  1652 I notification_visibility: [0|com.mediatek.security|1200|null|1000,0,5709664,5709664,0,0]
04-20 15:43:32.211706   964  1663 I notification_panel_hidden: []
04-20 15:43:32.216616  1102  1102 I screen_toggled: 2
04-20 15:43:32.220999  1102  1102 I screen_toggled: 2
04-20 15:43:32.241892   964  1582 I am_resume_activity: [0,206178079,58,com.mediatek.mtklogger/.MainActivity]
04-20 15:43:32.269468 12140 12140 I am_on_resume_called: [0,com.mediatek.mtklogger.MainActivity]
04-20 15:43:32.312921   964  1844 I notification_expansion: [0|com.mediatek.security|1200|null|1000,0,1,5709766,5709766,1276]
04-20 15:43:32.329775  1102  1102 I sysui_status_bar_state: [0,0,0,0,0,1]
04-20 15:43:32.773329   964   981 I am_meminfo: [130027520,25718784,42958848,298229760,54549504]
04-20 15:43:32.811125   964   981 I am_pss  : [9526,1002,com.android.bluetooth,20579328,19267584]
04-20 15:43:32.847176   964   981 I am_pss  : [1493,10052,com.android.inputmethod.latin,15585280,13042688]
04-20 15:43:32.876086   964   981 I am_pss  : [11658,10016,com.android.mms,11492352,9535488]
04-20 15:43:32.908600   964   981 I am_pss  : [2236,10010,com.google.process.gapps,17092608,14045184]
04-20 15:43:32.943398   964   981 I am_pss  : [1529,10010,com.google.android.gms.persistent,18988032,15441920]
04-20 15:43:32.970760   964   981 I am_pss  : [11148,10075,org.simalliance.openmobileapi.eseterminal,5519360,4112384]
04-20 15:43:32.998353   964   981 I am_pss  : [11046,10073,org.simalliance.openmobileapi.uicc2terminal,5552128,4136960]
04-20 15:43:33.025651   964   981 I am_pss  : [11064,10072,org.simalliance.openmobileapi.uicc1terminal,5556224,4141056]
04-20 15:43:33.053521   964   981 I am_pss  : [11134,10070,org.simalliance.openmobileapi.service:remote,5696512,4280320]
04-20 15:43:33.081612   964   981 I am_pss  : [1618,1000,com.mediatek.nlpservice,4872192,3465216]
04-20 15:43:33.109859   964   981 I am_pss  : [1602,1001,com.mediatek.ims,5200896,3756032]
04-20 15:43:33.137020   964   981 I am_pss  : [1586,1001,com.mediatek.gba,4166656,2785280]
04-20 15:43:33.174581   964   981 I am_pss  : [1576,1001,com.android.phone,19255296,17358848]
04-20 15:43:33.203074   964   981 I am_pss  : [1483,10023,com.google.android.googlequicksearchbox:interactor,5126144,3706880]
04-20 15:43:33.247691   964   981 I am_pss  : [1102,10022,com.android.systemui,59288576,55854080]
04-20 15:43:33.331465   964   981 I am_pss  : [964,1000,system,60185600,57136128]
04-20 15:43:33.769653  1102  1102 I sysui_panelholder_touch: [0,181,2]
04-20 15:43:33.772555  1102  1102 I sysui_count: [panel_open,1]
04-20 15:43:33.775362  1102  1102 I sysui_histogram: [note_load,3]
04-20 15:43:33.775906   964  8872 I notification_panel_revealed: 3
04-20 15:43:33.779651   964  1844 I notification_visibility: [0|com.mediatek.security|1200|null|1000,1,5711233,5711233,0,0]
04-20 15:43:34.280955   964  1844 I notification_visibility: [-1|android|17040348|null|1000,1,108751,108751,0,2]
04-20 15:43:34.281291   964  1844 I notification_visibility: [-1|android|17040353|null|1000,1,113817,113817,0,1]
04-20 15:43:35.150514   964  1747 I notification_visibility: [0|com.mediatek.security|1200|null|1000,0,5712604,5712604,0,0]
04-20 15:43:35.151007   964  1747 I notification_visibility: [-1|android|17040348|null|1000,0,109621,109621,0,2]
04-20 15:43:35.151364   964  1747 I notification_visibility: [-1|android|17040353|null|1000,0,114687,114687,0,1]
04-20 15:43:35.151433   964  1652 I am_home_stack_moved: [0,0,10,10,startingNewTask]
04-20 15:43:35.151685   964  1652 I wm_task_moved: [58,1,1]
04-20 15:43:35.152992   964  8872 I notification_panel_hidden: []
04-20 15:43:35.159844   964  1652 I am_create_task: [0,60]
04-20 15:43:35.162064   964  1652 I am_create_activity: [0,195185781,60,com.android.settings/.deviceinfo.UsbModeChooserActivity,android.intent.action.MAIN,NULL,NULL,276856832]
04-20 15:43:35.173451   964  1652 I wm_task_created: [60,10]
04-20 15:43:35.177434   964  1652 I wm_task_moved: [60,1,2]
04-20 15:43:35.216357   964  1652 I am_pause_activity: [0,206178079,com.mediatek.mtklogger/.MainActivity]
04-20 15:43:35.222061   964  1652 I am_home_stack_moved: [0,0,10,10,startedActivity setFocusedActivity]
04-20 15:43:35.222276   964  1652 I wm_task_moved: [60,1,2]
04-20 15:43:35.233302   964  1652 I am_focused_activity: [0,com.android.settings/.deviceinfo.UsbModeChooserActivity]
04-20 15:43:35.236133 12140 12140 I am_on_paused_called: [0,com.mediatek.mtklogger.MainActivity]
04-20 15:43:35.237822   964  1844 I notification_clicked: [-1|android|17040348|null|1000,109708,109708,957]
04-20 15:43:35.238370   964   964 I notification_cancel: [10022,1102,android,17040348,NULL,-1,16,64,1,NULL]
04-20 15:43:35.238536   964   964 I sysui_histogram: [note_click_longevity,1]
04-20 15:43:35.249980   964  8872 I am_restart_activity: [0,195185781,60,com.android.settings/.deviceinfo.UsbModeChooserActivity]
04-20 15:43:35.261367   964  1927 I dvm_lock_sample: [system_server,1,Binder_C,5,ActivityManagerService.java,9747,-,7205,1]
04-20 15:43:35.429165 12919 12919 I am_on_resume_called: [0,com.android.settings.deviceinfo.UsbModeChooserActivity]
04-20 15:43:35.733101   964   987 I am_activity_launch_time: [0,195185781,com.android.settings/.deviceinfo.UsbModeChooserActivity,494,494]
04-20 15:43:37.297750   964  2088 I am_finish_activity: [0,195185781,60,com.android.settings/.deviceinfo.UsbModeChooserActivity,app-request]
04-20 15:43:37.300657   964  2088 I am_home_stack_moved: [0,0,10,10,finishActivity adjustFocus setFocusedActivity]
04-20 15:43:37.300883   964  2088 I wm_task_moved: [60,1,2]
04-20 15:43:37.307536   964  2088 I am_focused_activity: [0,com.mediatek.mtklogger/.MainActivity]
04-20 15:43:37.336925   964  2088 I am_pause_activity: [0,195185781,com.android.settings/.deviceinfo.UsbModeChooserActivity]
04-20 15:43:37.347734 12919 12919 I am_on_paused_called: [0,com.android.settings.deviceinfo.UsbModeChooserActivity]
04-20 15:43:37.362566   964   975 I am_resume_activity: [0,206178079,58,com.mediatek.mtklogger/.MainActivity]
04-20 15:43:37.425759 12140 12140 I am_on_resume_called: [0,com.mediatek.mtklogger.MainActivity]
04-20 15:43:37.500532   231   231 I sf_frame_dur: [com.android.settings/com.android.settings.deviceinfo.UsbModeChooserActivity,6,0,1,0,0,0,1]
04-20 15:43:37.567779   964   964 I notification_cancel: [10022,1102,com.android.systemui,2131755032,low_battery,-1,0,64,8,NULL]
04-20 15:43:37.595815   964  1843 I dvm_lock_sample: [system_server,0,Binder_A,51,ActivityManagerService.java,6872,BroadcastQueue.java,713,10]
04-20 15:43:37.600783   964  1843 I am_destroy_activity: [0,195185781,60,com.android.settings/.deviceinfo.UsbModeChooserActivity,finish-imm]
04-20 15:43:37.709792   964  8872 I wm_task_removed: [60,removeAppToken: last token]
04-20 15:43:37.709981   964  8872 I wm_task_removed: [60,removeTask]
04-20 15:43:38.322295   964  1582 I am_finish_activity: [0,206178079,58,com.mediatek.mtklogger/.MainActivity,app-request]
04-20 15:43:38.324343   964  1582 I am_home_stack_moved: [0,0,10,10,finishActivity adjustFocus setFocusedActivity]
04-20 15:43:38.324611   964  1582 I wm_task_moved: [58,1,1]
04-20 15:43:38.331476   964  1582 I am_focused_activity: [0,com.android.settings/.SubSettings]
04-20 15:43:38.354529   964  1582 I am_pause_activity: [0,206178079,com.mediatek.mtklogger/.MainActivity]
04-20 15:43:38.361629 12140 12140 I am_on_paused_called: [0,com.mediatek.mtklogger.MainActivity]
04-20 15:43:38.375512   964  2088 I am_resume_activity: [0,84175906,54,com.android.settings/.SubSettings]
04-20 15:43:38.436832   964   981 I am_pss  : [12140,10056,com.mediatek.mtklogger,40403968,37245952]
04-20 15:43:38.469756 12919 12919 I sysui_view_visibility: [90,100]
04-20 15:43:38.470006 12919 12919 I am_on_resume_called: [0,com.android.settings.SubSettings]
04-20 15:43:39.402924   231   231 I sf_frame_dur: [com.mediatek.mtklogger/com.mediatek.mtklogger.MainActivity,2,2,3,0,2,8,6]
04-20 15:43:39.423926   964   982 I am_destroy_activity: [0,206178079,58,com.mediatek.mtklogger/.MainActivity,finish-imm]
04-20 15:43:39.532197   964  1670 I wm_task_removed: [58,removeAppToken: last token]
04-20 15:43:39.532434   964  1670 I wm_task_removed: [58,removeTask]
04-20 15:43:41.436530   964  1023 I netstats_mobile_sample: [0,0,0,0,0,0,0,0,0,0,0,0,-1]
04-20 15:43:41.438323   964  1023 I netstats_wifi_sample: [156067,1593,295347,9846,123363,1275,247080,2550,123363,1275,247080,2550,-1]
04-20 15:43:41.618472   964   964 I notification_cancel: [1000,964,android,17040348,NULL,-1,0,0,8,NULL]
04-20 15:43:41.619685   964   964 I notification_canceled: [-1|android|17040348|null|1000,8,116090,116090,7339]
04-20 15:43:41.626313   964   964 I notification_enqueue: [1000,964,android,17040347,NULL,-1,Notification(pri=-2 contentView=null vibrate=null sound=null tick defaults=0x0 flags=0x2 color=0xff607d8b vis=PUBLIC),0]
04-20 15:43:41.931906   964  1023 I netstats_mobile_sample: [0,0,0,0,0,0,0,0,0,0,0,0,-1]
04-20 15:43:41.933112   964  1023 I netstats_wifi_sample: [156067,1593,295347,9846,123363,1275,247080,2550,123363,1275,247080,2550,-1]
