04-20 15:33:33.736292 12212 12212 I sysui_view_visibility: [90,100]
04-20 15:33:33.736625 12212 12212 I am_on_resume_called: [0,com.android.settings.SubSettings]
04-20 15:33:34.145318   964   987 I am_activity_launch_time: [0,198483777,com.android.settings/.SubSettings,806,806]
04-20 15:33:34.383317   231   231 I sf_frame_dur: [com.android.settings/com.android.settings.SubSettings,53,1,2,0,0,1,0]
04-20 15:33:37.230000  2031  2031 I auditd  : type=1400 audit(0.0:174): avc: denied { read } for comm="GpuAppSpectator" name="cmdline" dev="proc" ino=91156 scontext=u:r:gas_srv:s0 tcontext=u:r:system_app:s0 tclass=file permissive=1
04-20 15:33:37.230000  2031  2031 I auditd  : type=1400 audit(0.0:175): avc: denied { open } for comm="GpuAppSpectator" path="/proc/12212/cmdline" dev="proc" ino=91156 scontext=u:r:gas_srv:s0 tcontext=u:r:system_app:s0 tclass=file permissive=1
04-20 15:33:37.230000  2031  2031 I auditd  : type=1400 audit(0.0:176): avc: denied { getattr } for comm="GpuAppSpectator" path="/proc/12212/cmdline" dev="proc" ino=91156 scontext=u:r:gas_srv:s0 tcontext=u:r:system_app:s0 tclass=file permissive=1
04-20 15:33:37.380426   964  1023 I netstats_mobile_sample: [0,0,0,0,0,0,0,0,0,0,0,0,-1]
04-20 15:33:37.381676   964  1023 I netstats_wifi_sample: [156067,1593,295347,9846,123363,1275,247080,2550,123363,1275,247080,2550,-1]
04-20 15:33:37.535757   964   964 I notification_cancel: [1000,964,android,17040348,NULL,-1,0,0,8,NULL]
04-20 15:33:37.536899   964   964 I notification_canceled: [-1|android|17040348|null|1000,8,393457,393457,0]
04-20 15:33:37.545696   964   964 I notification_enqueue: [1000,964,android,17040347,NULL,-1,Notification(pri=-2 contentView=null vibrate=null sound=null tick defaults=0x0 flags=0x2 color=0xff607d8b vis=PUBLIC),0]
04-20 15:33:37.708760   964   981 I am_pss  : [12212,1000,com.android.settings,45839360,41499648]
04-20 15:33:37.760594   964   981 I am_pss  : [12140,10056,com.mediatek.mtklogger,7739392,6234112]
04-20 15:33:37.872914   964  1023 I netstats_mobile_sample: [0,0,0,0,0,0,0,0,0,0,0,0,-1]
04-20 15:33:37.874192   964  1023 I netstats_wifi_sample: [156067,1593,295347,9846,123363,1275,247080,2550,123363,1275,247080,2550,-1]
04-20 15:33:38.110701   964   964 I notification_enqueue: [1000,964,android,17303171,NULL,-1,Notification(pri=0 contentView=null vibrate=null sound=null defaults=0x0 flags=0x2 color=0xff607d8b category=status vis=PUBLIC),0]
04-20 15:33:38.163358   964  1023 I netstats_mobile_sample: [0,0,0,0,0,0,0,0,0,0,0,0,-1]
04-20 15:33:38.164589   964  1023 I netstats_wifi_sample: [156067,1593,295347,9846,123363,1275,247080,2550,123363,1275,247080,2550,-1]
04-20 15:33:38.256247   964  1162 I notification_expansion: [-1|android|17303171|null|1000,0,1,146,146,0]
04-20 15:33:38.257519   964  1670 I notification_expansion: [0|com.mediatek.security|1200|null|1000,0,0,5115711,5115711,42556]
04-20 15:33:38.429944   964   964 I notification_cancel: [10022,1102,com.android.systemui,2131755032,low_battery,-1,0,64,8,NULL]
04-20 15:33:39.620124   964   964 I notification_cancel: [10022,1102,com.android.systemui,2131755032,low_battery,-1,0,64,8,NULL]
04-20 15:33:44.684142  1483  1483 I sqlite_mem_released: 0
04-20 15:33:44.684498  1483  1483 I force_gc: mem
04-20 15:33:44.830688  1102  1102 I sysui_panelholder_touch: [0,244,0]
04-20 15:33:44.834813  1102  1102 I sysui_count: [panel_open,1]
04-20 15:33:44.838620  1102  1102 I sysui_histogram: [note_load,4]
04-20 15:33:44.840013   964  1844 I notification_panel_revealed: 4
04-20 15:33:44.845640   964  1843 I notification_visibility: [-1|android|17303171|null|1000,1,6735,6735,0,0]
04-20 15:33:45.402302   964  2089 I notification_visibility: [0|com.mediatek.security|1200|null|1000,1,5122856,5122856,0,1]
04-20 15:33:45.402702   964  2089 I notification_visibility: [-1|android|17040353|null|1000,1,405171,405171,0,2]
04-20 15:33:45.403028   964  2089 I notification_visibility: [-1|android|17040347|null|1000,1,7857,7857,0,3]
04-20 15:33:49.571975   964   964 I notification_cancel: [10022,1102,com.android.systemui,2131755032,low_battery,-1,0,64,8,NULL]
04-20 15:33:50.000296  1102  1102 I sysui_view_visibility: [111,100]
04-20 15:33:50.000472  1102  1102 I sysui_view_visibility: [126,100]
04-20 15:33:50.000577  1102  1102 I sysui_view_visibility: [113,100]
04-20 15:33:50.000689  1102  1102 I sysui_view_visibility: [118,100]
04-20 15:33:50.000802  1102  1102 I sysui_view_visibility: [115,100]
04-20 15:33:50.000924  1102  1102 I sysui_view_visibility: [112,100]
04-20 15:33:50.001034  1102  1102 I sysui_view_visibility: [123,100]
04-20 15:33:50.001145  1102  1102 I sysui_view_visibility: [119,100]
04-20 15:33:50.001255  1102  1102 I sysui_view_visibility: [122,100]
04-20 15:33:50.001365  1102  1102 I sysui_view_visibility: [114,100]
04-20 15:33:50.001482  1102  1102 I sysui_view_visibility: [111,100]
04-20 15:33:51.772005  1102  1102 I sysui_view_visibility: [111,0]
04-20 15:33:52.569656   964  1162 I notification_visibility: [0|com.mediatek.security|1200|null|1000,0,5130023,5130023,0,1]
04-20 15:33:52.569965   964  1162 I notification_visibility: [-1|android|17303171|null|1000,0,14459,14459,0,0]
04-20 15:33:52.570202   964  1162 I notification_visibility: [-1|android|17040353|null|1000,0,412339,412339,0,2]
04-20 15:33:52.570431   964  1162 I notification_visibility: [-1|android|17040347|null|1000,0,15025,15025,0,3]
04-20 15:33:52.571264   964  1843 I notification_panel_hidden: []
04-20 15:33:54.650386  1576  1576 I sqlite_mem_released: 0
04-20 15:33:54.650749  1576  1576 I force_gc: mem
04-20 15:33:55.291466   964   981 I am_pss  : [12191,10013,com.google.android.partnersetup,5779456,4341760]
04-20 15:33:57.159184  1576  1807 I dvm_lock_sample: [com.android.phone,0,RILReceiver0,7,RIL.java,2880,-,2868,1]
04-20 15:33:59.596831   964   964 I notification_cancel: [10022,1102,com.android.systemui,2131755032,low_battery,-1,0,64,8,NULL]
04-20 15:34:00.182799   964   981 I am_pss  : [1654,10014,com.android.launcher3,30222336,27077632]
04-20 15:34:03.117295   964   964 I notification_cancel: [1000,964,android,17303171,NULL,-1,0,0,8,NULL]
04-20 15:34:03.118498   964   964 I notification_canceled: [-1|android|17303171|null|1000,8,25008,25008,18273]
04-20 15:34:03.154771   964  2088 I notification_expansion: [0|com.mediatek.security|1200|null|1000,0,1,5140608,5140608,17752]
04-20 15:34:03.213743   964  1023 I netstats_mobile_sample: [0,0,0,0,0,0,0,0,0,0,0,0,-1]
04-20 15:34:03.214938   964  1023 I netstats_wifi_sample: [156067,1593,295347,9846,123363,1275,247080,2550,123363,1275,247080,2550,-1]
04-20 15:34:03.323689   964  1023 I netstats_mobile_sample: [0,0,0,0,0,0,0,0,0,0,0,0,-1]
04-20 15:34:03.324898   964  1023 I netstats_wifi_sample: [156067,1593,295347,9846,123363,1275,247080,2550,123363,1275,247080,2550,-1]
04-20 15:34:03.420105   964  1023 I netstats_mobile_sample: [0,0,0,0,0,0,0,0,0,0,0,0,-1]
04-20 15:34:03.421691   964  1023 I netstats_wifi_sample: [156067,1593,295347,9846,123363,1275,247080,2550,123363,1275,247080,2550,-1]
04-20 15:34:04.285617   964   964 I notification_cancel: [10022,1102,com.android.systemui,2131755032,low_battery,-1,0,64,8,NULL]
04-20 15:34:04.320000  2031  2031 I auditd  : type=1400 audit(0.0:177): avc: denied { read } for comm="GpuAppSpectator" name="cmdline" dev="proc" ino=91156 scontext=u:r:gas_srv:s0 tcontext=u:r:system_app:s0 tclass=file permissive=1
04-20 15:34:04.320000  2031  2031 I auditd  : type=1400 audit(0.0:178): avc: denied { open } for comm="GpuAppSpectator" path="/proc/12212/cmdline" dev="proc" ino=91156 scontext=u:r:gas_srv:s0 tcontext=u:r:system_app:s0 tclass=file permissive=1
04-20 15:34:04.320000  2031  2031 I auditd  : type=1400 audit(0.0:179): avc: denied { getattr } for comm="GpuAppSpectator" path="/proc/12212/cmdline" dev="proc" ino=91156 scontext=u:r:gas_srv:s0 tcontext=u:r:system_app:s0 tclass=file permissive=1
04-20 15:34:05.450043   964   964 I notification_cancel: [10022,1102,com.android.systemui,2131755032,low_battery,-1,0,64,8,NULL]
04-20 15:34:10.506927  1586  1586 I sqlite_mem_released: 0
04-20 15:34:10.507320  1586  1586 I force_gc: mem
04-20 15:34:15.431815   964  8871 I battery_level: [82,3996,300]
04-20 15:34:15.582169   964   964 I notification_cancel: [10022,1102,com.android.systemui,2131755032,low_battery,-1,0,64,8,NULL]
04-20 15:34:20.607433  1602  1602 I sqlite_mem_released: 0
04-20 15:34:20.608466  1602  1602 I force_gc: mem
04-20 15:34:25.435856   964   964 I notification_cancel: [10022,1102,com.android.systemui,2131755032,low_battery,-1,0,64,8,NULL]
04-20 15:34:30.527879  1618  1618 I force_gc: mem
04-20 15:34:35.437516   964   964 I notification_cancel: [10022,1102,com.android.systemui,2131755032,low_battery,-1,0,64,8,NULL]
04-20 15:34:36.613913   964  1023 I netstats_mobile_sample: [0,0,0,0,0,0,0,0,0,0,0,0,-1]
04-20 15:34:36.615309   964  1023 I netstats_wifi_sample: [156067,1593,295347,9846,123363,1275,247080,2550,123363,1275,247080,2550,-1]
04-20 15:34:36.863414   964   981 I am_pss  : [11934,10007,android.process.media,11728896,9834496]
04-20 15:34:36.876505   964  1582 I dvm_lock_sample: [system_server,1,Binder_5,50,Tethering.java,1075,-,862,10]
04-20 15:34:37.037616   964  1023 I netstats_mobile_sample: [0,0,0,0,0,0,0,0,0,0,0,0,-1]
04-20 15:34:37.038790   964  1023 I netstats_wifi_sample: [156067,1593,295347,9846,123363,1275,247080,2550,123363,1275,247080,2550,-1]
04-20 15:34:37.275201   964   964 I notification_enqueue: [1000,964,android,17303171,NULL,-1,Notification(pri=0 contentView=null vibrate=null sound=null defaults=0x0 flags=0x2 color=0xff607d8b category=status vis=PUBLIC),0]
04-20 15:34:37.343444   964  1023 I netstats_mobile_sample: [0,0,0,0,0,0,0,0,0,0,0,0,-1]
04-20 15:34:37.344635   964  1023 I netstats_wifi_sample: [156067,1593,295347,9846,123363,1275,247080,2550,123363,1275,247080,2550,-1]
04-20 15:34:37.412592   964  1162 I notification_expansion: [-1|android|17303171|null|1000,0,1,138,138,0]
04-20 15:34:37.413683   964  1582 I notification_expansion: [0|com.mediatek.security|1200|null|1000,0,0,5174867,5174867,52011]
04-20 15:34:37.673666   964   964 I notification_cancel: [10022,1102,com.android.systemui,2131755032,low_battery,-1,0,64,8,NULL]
04-20 15:34:38.822475   964   964 I notification_cancel: [10022,1102,com.android.systemui,2131755032,low_battery,-1,0,64,8,NULL]
04-20 15:34:43.872823  1529  1529 I sqlite_mem_released: 0
04-20 15:34:43.873250  1529  1529 I force_gc: mem
04-20 15:34:48.831595   964   964 I notification_cancel: [10022,1102,com.android.systemui,2131755032,low_battery,-1,0,64,8,NULL]
04-20 15:34:53.892560  2236  2236 I sqlite_mem_released: 10240
04-20 15:34:53.892924  2236  2236 I force_gc: mem
04-20 15:34:58.833843   964   964 I notification_cancel: [10022,1102,com.android.systemui,2131755032,low_battery,-1,0,64,8,NULL]
04-20 15:35:00.190036   964   981 I am_pss  : [964,1000,system,60549120,56957952]
04-20 15:35:00.232889   964   981 I am_pss  : [1102,10022,com.android.systemui,58081280,54586368]
04-20 15:35:00.260223   964   981 I am_pss  : [1618,1000,com.mediatek.nlpservice,4873216,3465216]
04-20 15:35:00.287944   964   981 I am_pss  : [1602,1001,com.mediatek.ims,5198848,3756032]
04-20 15:35:00.314805   964   981 I am_pss  : [1586,1001,com.mediatek.gba,4169728,2789376]
04-20 15:35:00.351463   964   981 I am_pss  : [1576,1001,com.android.phone,19022848,17080320]
04-20 15:35:05.126181  1493  1493 I sqlite_mem_released: 0
04-20 15:35:05.126310  1493  1493 I force_gc: mem
04-20 15:35:08.858716   964   964 I notification_cancel: [10022,1102,com.android.systemui,2131755032,low_battery,-1,0,64,8,NULL]
04-20 15:35:13.939798  9526  9526 I sqlite_mem_released: 0
04-20 15:35:13.940165  9526  9526 I force_gc: mem
04-20 15:35:17.140146  1102  1102 I sysui_panelholder_touch: [0,433,0]
04-20 15:35:17.143959  1102  1102 I sysui_count: [panel_open,1]
04-20 15:35:17.148966  1102  1102 I sysui_histogram: [note_load,4]
04-20 15:35:17.149893   964  1844 I notification_panel_revealed: 4
04-20 15:35:17.153998   964  2088 I notification_visibility: [-1|android|17303171|null|1000,1,39879,39879,0,0]
04-20 15:35:17.665190   964  2088 I notification_visibility: [0|com.mediatek.security|1200|null|1000,1,5215119,5215119,0,1]
04-20 15:35:17.665556   964  2088 I notification_visibility: [-1|android|17040353|null|1000,1,497434,497434,0,2]
04-20 15:35:17.665862   964  2088 I notification_visibility: [-1|android|17040347|null|1000,1,100120,100120,0,3]
04-20 15:35:18.814114   964   964 I notification_cancel: [10022,1102,com.android.systemui,2131755032,low_battery,-1,0,64,8,NULL]
04-20 15:35:19.877218   964   975 I notification_visibility: [0|com.mediatek.security|1200|null|1000,0,5217331,5217331,0,1]
04-20 15:35:19.877525   964   975 I notification_visibility: [-1|android|17303171|null|1000,0,42603,42603,0,0]
04-20 15:35:19.877771   964   975 I notification_visibility: [-1|android|17040353|null|1000,0,499646,499646,0,2]
04-20 15:35:19.878011   964   975 I notification_visibility: [-1|android|17040347|null|1000,0,102332,102332,0,3]
04-20 15:35:19.878790   964  1670 I notification_panel_hidden: []
04-20 15:35:22.192671   964  2089 I am_finish_activity: [0,198483777,50,com.android.settings/.SubSettings,app-request]
04-20 15:35:22.196144   964  2089 I am_home_stack_moved: [0,0,8,8,finishActivity adjustFocus setFocusedActivity]
04-20 15:35:22.196524   964  2089 I wm_task_moved: [50,1,0]
04-20 15:35:22.208892   964  2089 I am_focused_activity: [0,com.android.settings/.SubSettings]
04-20 15:35:22.210852   964  2089 I am_pause_activity: [0,198483777,com.android.settings/.SubSettings]
04-20 15:35:22.218494 12212 12212 I sysui_view_visibility: [90,0]
04-20 15:35:22.225050 12212 12212 I am_on_paused_called: [0,com.android.settings.SubSettings]
04-20 15:35:22.239527   964   979 I am_resume_activity: [0,222125163,50,com.android.settings/.SubSettings]
04-20 15:35:22.279907 12212 12212 I sysui_view_visibility: [110,100]
04-20 15:35:22.317359 12212 12212 I am_on_resume_called: [0,com.android.settings.SubSettings]
04-20 15:35:22.703210   964   982 I am_destroy_activity: [0,198483777,50,com.android.settings/.SubSettings,finish-imm]
04-20 15:35:22.714463   231   231 I sf_frame_dur: [com.android.settings/com.android.settings.SubSettings,194,2,4,2,2,3,8]
04-20 15:35:23.609333   964  1582 I am_finish_activity: [0,222125163,50,com.android.settings/.SubSettings,app-request]
04-20 15:35:23.612898   964  1582 I am_home_stack_moved: [0,0,8,8,finishActivity adjustFocus setFocusedActivity]
04-20 15:35:23.613206   964  1582 I wm_task_moved: [50,1,0]
04-20 15:35:23.621946   964  1582 I am_focused_activity: [0,com.android.settings/.Settings]
04-20 15:35:23.623914   964  1582 I am_pause_activity: [0,222125163,com.android.settings/.SubSettings]
04-20 15:35:23.633484 12212 12212 I sysui_view_visibility: [110,0]
04-20 15:35:23.652270 12212 12212 I am_on_paused_called: [0,com.android.settings.SubSettings]
04-20 15:35:23.660095   964  1843 I am_resume_activity: [0,180856481,50,com.android.settings/.Settings]
04-20 15:35:23.669856 12212 12212 I sysui_view_visibility: [1,100]
04-20 15:35:23.694520 12212 12212 I sysui_view_visibility: [35,100]
04-20 15:35:23.697453 12212 12212 I am_on_resume_called: [0,com.android.settings.Settings]
04-20 15:35:24.388732   964  1652 I am_proc_died: [0,12191,com.google.android.partnersetup]
04-20 15:35:24.685278   964   982 I am_destroy_activity: [0,222125163,50,com.android.settings/.SubSettings,finish-imm]
04-20 15:35:24.697874   231   231 I sf_frame_dur: [com.android.settings/com.android.settings.SubSettings,0,1,0,0,0,0,1]
04-20 15:35:26.357343   964   976 I am_finish_activity: [0,180856481,50,com.android.settings/.Settings,app-request]
04-20 15:35:26.390555   964   976 I am_pause_activity: [0,180856481,com.android.settings/.Settings]
04-20 15:35:26.401331 12212 12212 I sysui_view_visibility: [35,0]
04-20 15:35:26.402621 12212 12212 I sysui_view_visibility: [1,0]
04-20 15:35:26.409050 12212 12212 I am_on_paused_called: [0,com.android.settings.Settings]
04-20 15:35:26.413312   964  1844 I am_home_stack_moved: [0,1,0,0,noMoreActivities setFocusedActivity]
04-20 15:35:26.413516   964  1844 I wm_task_moved: [31,1,0]
04-20 15:35:26.422949   964  1844 I am_focused_activity: [0,com.android.launcher3/.Launcher]
04-20 15:35:26.434227   964  1844 I am_resume_activity: [0,104862808,31,com.android.launcher3/.Launcher]
04-20 15:35:26.441380   964   982 I am_destroy_activity: [0,180856481,50,com.android.settings/.Settings,finish-imm]
04-20 15:35:26.450998   964 12318 I dvm_lock_sample: [system_server,0,Thread-579,8,ActivityStack.java,5137,ActivityStackSupervisor.java,4476,1]
04-20 15:35:26.463782  1654  1654 I am_on_resume_called: [0,com.android.launcher3.Launcher]
04-20 15:35:26.565992   964   976 I am_home_stack_moved: [0,1,0,0,activityDestroyed leftTaskHistoryEmpty]
04-20 15:35:27.034487   964   987 I wm_stack_removed: 8
04-20 15:35:27.035862   964   987 I wm_task_removed: [50,removeAppToken: last token]
04-20 15:35:27.036002   964   987 I wm_task_removed: [50,removeTask]
04-20 15:35:27.042134   231   231 I sf_frame_dur: [com.android.settings/com.android.settings.Settings,10,0,1,0,1,1,0]
04-20 15:35:28.072253   964  2089 I wm_stack_created: [9,0,0,0,0]
04-20 15:35:28.088790   964  2089 I am_home_stack_moved: [0,0,9,9,startingNewTask]
04-20 15:35:28.089742   964  2089 I am_create_task: [0,51]
04-20 15:35:28.090493   964  2089 I am_create_activity: [0,148713568,51,com.android.dialer/.DialtactsActivity,android.intent.action.MAIN,NULL,NULL,270532608]
04-20 15:35:28.099782   964  2089 I wm_task_created: [51,9]
04-20 15:35:28.100033   964  2089 I wm_task_moved: [51,1,0]
04-20 15:35:28.101382   964  2089 I am_pause_activity: [0,104862808,com.android.launcher3/.Launcher]
04-20 15:35:28.107381   964  2089 I am_home_stack_moved: [0,0,9,9,startedActivity setFocusedActivity]
04-20 15:35:28.107617   964  2089 I wm_task_moved: [51,1,0]
04-20 15:35:28.115144   964  2089 I am_focused_activity: [0,com.android.dialer/.DialtactsActivity]
04-20 15:35:28.127112  1654  1654 I am_on_paused_called: [0,com.android.launcher3.Launcher]
04-20 15:35:28.186133   964  1843 I am_proc_start: [0,12321,10006,com.android.dialer,activity,com.android.dialer/.DialtactsActivity]
04-20 15:35:28.416975   964  1582 I am_proc_bound: [0,12321,com.android.dialer]
04-20 15:35:28.427858   964  1582 I am_restart_activity: [0,148713568,51,com.android.dialer/.DialtactsActivity]
04-20 15:35:28.450080   964   982 I dvm_lock_sample: [system_server,1,ActivityManager,25,ActivityStackSupervisor.java,4476,ActivityManagerService.java,6860,5]
04-20 15:35:28.694077   964   976 I am_proc_died: [0,11934,android.process.media]
04-20 15:35:28.828132   964   964 I notification_cancel: [10022,1102,com.android.systemui,2131755032,low_battery,-1,0,64,8,NULL]
04-20 15:35:28.828204   231   231 I sf_frame_dur: [com.android.launcher3/com.android.launcher3.Launcher,13,2,0,0,0,0,1]
04-20 15:35:29.105759   964   964 I notification_cancel: [10006,12321,com.android.dialer,135331910,NULL,0,0,64,8,NULL]
04-20 15:35:29.168948 12321 12321 I am_on_resume_called: [0,com.android.dialer.DialtactsActivity]
04-20 15:35:29.206243   964  2089 I am_proc_start: [0,12341,10003,android.process.acore,content provider,com.android.providers.contacts/.VoicemailContentProvider]
04-20 15:35:29.207165   964   983 I dvm_lock_sample: [system_server,1,android.ui,35,ActivityManagerService.java,3995,-,10272,7]
04-20 15:35:29.389573   964  1582 I am_proc_bound: [0,12341,android.process.acore]
04-20 15:35:29.961218   964  1670 I am_proc_died: [0,12212,com.android.settings]
04-20 15:35:29.966705   964  1670 I am_low_memory: 20
04-20 15:35:30.274691   964   987 I am_activity_launch_time: [0,148713568,com.android.dialer/.DialtactsActivity,2123,2123]
04-20 15:35:35.475891   964   964 I force_gc: mem
04-20 15:35:38.587420   964   981 I am_pss  : [12321,10006,com.android.dialer,54497280,50560000]
04-20 15:35:38.812955   964   964 I notification_cancel: [10022,1102,com.android.systemui,2131755032,low_battery,-1,0,64,8,NULL]
04-20 15:35:39.265664   964   982 I am_proc_start: [0,12407,1001,com.mediatek.engineermode,broadcast,com.mediatek.engineermode/.EngineerModeReceiver]
04-20 15:35:39.484203   964   976 I am_proc_bound: [0,12407,com.mediatek.engineermode]
04-20 15:35:39.535958   964   981 I am_pss  : [12341,10003,android.process.acore,17718272,15634432]
04-20 15:35:39.612041   964  1927 I am_home_stack_moved: [0,0,9,9,startingNewTask]
04-20 15:35:39.612226   964  1927 I wm_task_moved: [51,1,0]
04-20 15:35:39.616736   964  1927 I am_create_task: [0,52]
04-20 15:35:39.617436   964  1927 I am_create_activity: [0,139707735,52,com.mediatek.engineermode/.EngineerMode,NULL,NULL,NULL,268435456]
04-20 15:35:39.618352   964  1927 I wm_task_created: [52,9]
04-20 15:35:39.618578   964  1927 I wm_task_moved: [52,1,1]
04-20 15:35:39.643156   964  1927 I am_pause_activity: [0,148713568,com.android.dialer/.DialtactsActivity]
04-20 15:35:39.652258   964  1927 I am_home_stack_moved: [0,0,9,9,startedActivity setFocusedActivity]
04-20 15:35:39.657144   964  1927 I wm_task_moved: [52,1,1]
04-20 15:35:39.666049   964   964 I notification_cancel: [10006,12321,com.android.dialer,135331910,NULL,0,0,64,8,NULL]
04-20 15:35:39.672423   964  1927 I am_focused_activity: [0,com.mediatek.engineermode/.EngineerMode]
04-20 15:35:39.675987 12321 12321 I am_on_paused_called: [0,com.android.dialer.DialtactsActivity]
04-20 15:35:39.707771   964  1844 I am_restart_activity: [0,139707735,52,com.mediatek.engineermode/.EngineerMode]
04-20 15:35:39.760000  2031  2031 I auditd  : type=1400 audit(0.0:180): avc: denied { search } for comm="GpuAppSpectator" name="12407" dev="proc" ino=90695 scontext=u:r:gas_srv:s0 tcontext=u:r:radio:s0 tclass=dir permissive=1
04-20 15:35:39.760000  2031  2031 I auditd  : type=1400 audit(0.0:181): avc: denied { read } for comm="GpuAppSpectator" name="cmdline" dev="proc" ino=89649 scontext=u:r:gas_srv:s0 tcontext=u:r:radio:s0 tclass=file permissive=1
04-20 15:35:39.760000  2031  2031 I auditd  : type=1400 audit(0.0:182): avc: denied { open } for comm="GpuAppSpectator" path="/proc/12407/cmdline" dev="proc" ino=89649 scontext=u:r:gas_srv:s0 tcontext=u:r:radio:s0 tclass=file permissive=1
04-20 15:35:39.760000  2031  2031 I auditd  : type=1400 audit(0.0:183): avc: denied { getattr } for comm="GpuAppSpectator" path="/proc/12407/cmdline" dev="proc" ino=89649 scontext=u:r:gas_srv:s0 tcontext=u:r:radio:s0 tclass=file permissive=1
04-20 15:35:40.412613 12407 12407 I am_on_resume_called: [0,com.mediatek.engineermode.EngineerMode]
04-20 15:35:40.485475   231   231 I sf_frame_dur: [com.android.dialer/com.android.dialer.DialtactsActivity,435,15,6,0,2,1,0]
04-20 15:35:41.198576   964   987 I am_activity_launch_time: [0,139707735,com.mediatek.engineermode/.EngineerMode,1501,1501]
04-20 15:35:41.719667   964   964 I notification_cancel: [1000,964,com.android.server.telecom,1,NULL,0,0,0,8,NULL]
04-20 15:35:41.835897   964   964 I notification_cancel: [10006,12321,com.android.dialer,1,DefaultVoicemailNotifier,0,0,64,8,NULL]
04-20 15:35:46.686889  1102  1102 I sqlite_mem_released: 0
04-20 15:35:46.687874  1102  1102 I force_gc: mem
04-20 15:35:48.505164   964  2088 I am_home_stack_moved: [0,0,9,9,startingNewTask]
04-20 15:35:48.505422   964  2088 I wm_task_moved: [52,1,1]
04-20 15:35:48.511561   964  2088 I am_create_task: [0,53]
04-20 15:35:48.512562   964  2088 I am_create_activity: [0,166586955,53,com.mediatek.mtklogger/.MainActivity,android.intent.action.MAIN,NULL,NULL,268435456]
04-20 15:35:48.513641   964  2088 I wm_task_created: [53,9]
04-20 15:35:48.513856   964  2088 I wm_task_moved: [53,1,2]
04-20 15:35:48.538816   964  2088 I am_pause_activity: [0,139707735,com.mediatek.engineermode/.EngineerMode]
04-20 15:35:48.572728   964  2088 I am_home_stack_moved: [0,0,9,9,startedActivity setFocusedActivity]
04-20 15:35:48.572917   964  2088 I wm_task_moved: [53,1,2]
04-20 15:35:48.583707   964  2088 I am_focused_activity: [0,com.mediatek.mtklogger/.MainActivity]
04-20 15:35:48.593113 12407 12407 I am_on_paused_called: [0,com.mediatek.engineermode.EngineerMode]
04-20 15:35:48.609818   964   976 I am_restart_activity: [0,166586955,53,com.mediatek.mtklogger/.MainActivity]
04-20 15:35:48.808583   964   964 I notification_cancel: [10022,1102,com.android.systemui,2131755032,low_battery,-1,0,64,8,NULL]
04-20 15:35:49.018201 12140 12140 I am_on_resume_called: [0,com.mediatek.mtklogger.MainActivity]
04-20 15:35:49.361879   231   231 I sf_frame_dur: [com.mediatek.engineermode/com.mediatek.engineermode.EngineerMode,151,2,2,6,5,1,1]
04-20 15:35:49.730840   964   987 I am_activity_launch_time: [0,166586955,com.mediatek.mtklogger/.MainActivity,1131,1131]
04-20 15:35:53.173326   964  1844 I am_proc_died: [0,12321,com.android.dialer]
04-20 15:35:53.815097   964   979 I am_proc_died: [0,12341,android.process.acore]
04-20 15:35:53.837730   964   979 I am_low_memory: 19
04-20 15:35:53.947895   964  8872 I dvm_lock_sample: [system_server,1,Binder_10,25,MountService.java,2952,-,2952,5]
04-20 15:35:54.191041   231   231 I sf_frame_dur: [Starting logs,31,4,0,0,1,0,0]
04-20 15:35:54.918486   964   964 I notification_enqueue: [10056,12140,com.mediatek.mtklogger,2130837539,NULL,0,Notification(pri=0 contentView=com.mediatek.mtklogger/0x1090085 vibrate=null sound=null tick defaults=0x0 flags=0x60 color=0x00000000 vis=PRIVATE),0]
04-20 15:35:55.009239   964  1582 I notification_expansion: [0|com.mediatek.mtklogger|2130837539|null|10056,0,1,92,92,0]
04-20 15:35:55.011041   964  1747 I notification_expansion: [-1|android|17303171|null|1000,0,0,77736,77736,37857]
04-20 15:35:56.623591   964  1844 I am_finish_activity: [0,166586955,53,com.mediatek.mtklogger/.MainActivity,app-request]
04-20 15:35:56.626803   964  1844 I am_home_stack_moved: [0,0,9,9,finishActivity adjustFocus setFocusedActivity]
04-20 15:35:56.627039   964  1844 I wm_task_moved: [53,1,2]
04-20 15:35:56.636941   964  1844 I am_focused_activity: [0,com.mediatek.engineermode/.EngineerMode]
04-20 15:35:56.668208   964  1844 I am_pause_activity: [0,166586955,com.mediatek.mtklogger/.MainActivity]
04-20 15:35:56.684972 12140 12140 I am_on_paused_called: [0,com.mediatek.mtklogger.MainActivity]
04-20 15:35:56.707144   964  1670 I am_resume_activity: [0,139707735,52,com.mediatek.engineermode/.EngineerMode]
04-20 15:35:56.748775 12407 12407 I am_on_resume_called: [0,com.mediatek.engineermode.EngineerMode]
04-20 15:35:56.960561   964  1927 I am_finish_activity: [0,139707735,52,com.mediatek.engineermode/.EngineerMode,app-request]
04-20 15:35:56.964626   964  1927 I am_home_stack_moved: [0,0,9,9,finishActivity adjustFocus setFocusedActivity]
04-20 15:35:56.964894   964  1927 I wm_task_moved: [53,1,2]
04-20 15:35:56.970326   964  1927 I am_focused_activity: [0,com.android.dialer/.DialtactsActivity]
04-20 15:35:56.997628   964  1927 I am_pause_activity: [0,139707735,com.mediatek.engineermode/.EngineerMode]
04-20 15:35:57.007971 12407 12407 I am_on_paused_called: [0,com.mediatek.engineermode.EngineerMode]
04-20 15:35:57.109501   964  2088 I am_proc_start: [0,12503,10006,com.android.dialer,activity,com.android.dialer/.DialtactsActivity]
04-20 15:35:57.376416   964  8871 I am_proc_bound: [0,12503,com.android.dialer]
04-20 15:35:57.393321   964  8871 I am_restart_activity: [0,148713568,51,com.android.dialer/.DialtactsActivity]
04-20 15:35:57.637892   231   231 I sf_frame_dur: [com.mediatek.mtklogger/com.mediatek.mtklogger.MainActivity,1,1,0,1,1,1,2]
04-20 15:35:58.643983   964  8871 I am_proc_start: [0,12523,10003,android.process.acore,content provider,com.android.providers.contacts/.CallLogProvider]
04-20 15:35:58.820455   964   964 I notification_cancel: [10022,1102,com.android.systemui,2131755032,low_battery,-1,0,64,8,NULL]
04-20 15:35:58.891717   964  1747 I am_proc_bound: [0,12523,android.process.acore]
04-20 15:35:58.940515   964   981 I am_pss  : [12140,10056,com.mediatek.mtklogger,22993920,20018176]
04-20 15:35:59.294102   964   964 I notification_cancel: [10006,12503,com.android.dialer,135331910,NULL,0,0,64,8,NULL]
04-20 15:35:59.363382   964   964 I notification_cancel: [1000,964,com.android.server.telecom,1,NULL,0,0,0,8,NULL]
04-20 15:35:59.446523 12503 12503 I am_on_resume_called: [0,com.android.dialer.DialtactsActivity]
04-20 15:35:59.622906 12503 12522 I dvm_lock_sample: [com.android.dialer,0,AsyncQueryWorker,42,ActivityThread.java,5444,Binder.java,-2,8]
04-20 15:35:59.732330   964   964 I notification_cancel: [1000,964,com.android.server.telecom,1,NULL,0,0,0,8,NULL]
04-20 15:36:00.424081   964   964 I free_storage_changed: 12425424896
04-20 15:36:00.476781   964   964 I notification_cancel: [10006,12503,com.android.dialer,1,DefaultVoicemailNotifier,0,0,64,8,NULL]
04-20 15:36:00.636969   964   987 I am_activity_launch_time: [0,148713568,com.android.dialer/.DialtactsActivity,3614,3614]
04-20 15:36:00.726151   964   964 I notification_cancel: [10006,12503,com.android.dialer,1,DefaultVoicemailNotifier,0,0,64,8,NULL]
04-20 15:36:01.007495   964   981 I am_pss  : [1654,10014,com.android.launcher3,28608512,25217024]
04-20 15:36:01.034978   964  1747 I am_destroy_activity: [0,166586955,53,com.mediatek.mtklogger/.MainActivity,finish-imm]
04-20 15:36:01.041044   964  1747 I am_destroy_activity: [0,139707735,52,com.mediatek.engineermode/.EngineerMode,finish-idle]
04-20 15:36:01.067620   964   979 I wm_task_removed: [53,removeAppToken: last token]
04-20 15:36:01.068121   964   979 I wm_task_removed: [53,removeTask]
04-20 15:36:01.103746   964  1663 I wm_task_removed: [52,removeAppToken: last token]
04-20 15:36:01.104122   964  1663 I wm_task_removed: [52,removeTask]
04-20 15:36:01.980862   964  2088 I am_proc_died: [0,12407,com.mediatek.engineermode]
04-20 15:36:01.984354   964  2088 I am_low_memory: 20
04-20 15:36:02.541686   964  1670 I am_finish_activity: [0,148713568,51,com.android.dialer/.DialtactsActivity,app-request]
04-20 15:36:02.576574   964  1670 I am_pause_activity: [0,148713568,com.android.dialer/.DialtactsActivity]
04-20 15:36:02.591049   964   964 I notification_cancel: [10006,12503,com.android.dialer,135331910,NULL,0,0,64,8,NULL]
04-20 15:36:02.594020 12503 12503 I am_on_paused_called: [0,com.android.dialer.DialtactsActivity]
04-20 15:36:02.596262   964  1843 I am_home_stack_moved: [0,1,0,0,noMoreActivities setFocusedActivity]
04-20 15:36:02.596549   964  1843 I wm_task_moved: [31,1,0]
04-20 15:36:02.607797   964  1843 I am_focused_activity: [0,com.android.launcher3/.Launcher]
04-20 15:36:02.625908   964  1843 I am_resume_activity: [0,104862808,31,com.android.launcher3/.Launcher]
04-20 15:36:02.632277   964   982 I am_destroy_activity: [0,148713568,51,com.android.dialer/.DialtactsActivity,finish-imm]
04-20 15:36:02.654374  1654  1654 I am_on_resume_called: [0,com.android.launcher3.Launcher]
04-20 15:36:02.698710   964   964 I notification_cancel: [1000,964,com.android.server.telecom,1,NULL,0,0,0,8,NULL]
04-20 15:36:02.849762   964  2089 I am_home_stack_moved: [0,1,0,0,activityDestroyed leftTaskHistoryEmpty]
04-20 15:36:02.963006   964   964 I notification_cancel: [10006,12503,com.android.dialer,1,DefaultVoicemailNotifier,0,0,64,8,NULL]
04-20 15:36:03.242359   964   987 I wm_stack_removed: 9
04-20 15:36:03.243744   964   987 I wm_task_removed: [51,removeAppToken: last token]
04-20 15:36:03.243879   964   987 I wm_task_removed: [51,removeTask]
04-20 15:36:03.249079   231   231 I sf_frame_dur: [com.android.dialer/com.android.dialer.DialtactsActivity,59,1,1,1,1,0,0]
04-20 15:36:05.292495   964  1663 I wm_stack_created: [10,0,0,0,0]
04-20 15:36:05.312823   964  1663 I am_home_stack_moved: [0,0,10,10,startingNewTask]
04-20 15:36:05.313421   964  1663 I am_create_task: [0,54]
04-20 15:36:05.314085   964  1663 I am_create_activity: [0,79295855,54,com.android.settings/.Settings,android.intent.action.MAIN,NULL,NULL,270532608]
04-20 15:36:05.314993   964  1663 I wm_task_created: [54,10]
04-20 15:36:05.315187   964  1663 I wm_task_moved: [54,1,0]
04-20 15:36:05.317815   964  1663 I am_pause_activity: [0,104862808,com.android.launcher3/.Launcher]
04-20 15:36:05.327337   964  1663 I am_home_stack_moved: [0,0,10,10,startedActivity setFocusedActivity]
04-20 15:36:05.327569   964  1663 I wm_task_moved: [54,1,0]
04-20 15:36:05.336542   964  1663 I am_focused_activity: [0,com.android.settings/.Settings]
04-20 15:36:05.352116  1654  1654 I am_on_paused_called: [0,com.android.launcher3.Launcher]
04-20 15:36:05.405652   964  1670 I am_proc_start: [0,12583,1000,com.android.settings,activity,com.android.settings/.Settings]
04-20 15:36:05.602711   964  1843 I am_proc_bound: [0,12583,com.android.settings]
04-20 15:36:05.617635   964  1843 I am_restart_activity: [0,79295855,54,com.android.settings/.Settings]
04-20 15:36:05.840000  2031  2031 I auditd  : type=1400 audit(0.0:184): avc: denied { read } for comm="GpuAppSpectator" name="cmdline" dev="proc" ino=92529 scontext=u:r:gas_srv:s0 tcontext=u:r:system_app:s0 tclass=file permissive=1
04-20 15:36:05.850000  2031  2031 I auditd  : type=1400 audit(0.0:185): avc: denied { open } for comm="GpuAppSpectator" path="/proc/12583/cmdline" dev="proc" ino=92529 scontext=u:r:gas_srv:s0 tcontext=u:r:system_app:s0 tclass=file permissive=1
04-20 15:36:05.850000  2031  2031 I auditd  : type=1400 audit(0.0:186): avc: denied { getattr } for comm="GpuAppSpectator" path="/proc/12583/cmdline" dev="proc" ino=92529 scontext=u:r:gas_srv:s0 tcontext=u:r:system_app:s0 tclass=file permissive=1
04-20 15:36:06.012720   231   231 I sf_frame_dur: [com.android.launcher3/com.android.launcher3.Launcher,12,2,0,0,0,0,1]
04-20 15:36:06.164735 12583 12583 I sysui_view_visibility: [1,100]
04-20 15:36:06.210337 12583 12583 I sysui_view_visibility: [35,100]
04-20 15:36:06.212660 12583 12583 I am_on_resume_called: [0,com.android.settings.Settings]
04-20 15:36:07.535303   964   987 I am_activity_launch_time: [0,79295855,com.android.settings/.Settings,2168,2168]
04-20 15:36:07.588385   964  1843 I am_proc_died: [0,12523,android.process.acore]
04-20 15:36:08.837420   964   964 I notification_cancel: [10022,1102,com.android.systemui,2131755032,low_battery,-1,0,64,8,NULL]
04-20 15:36:09.078332   964   976 I am_home_stack_moved: [0,0,10,10,sourceStackToFront]
04-20 15:36:09.078546   964   976 I wm_task_moved: [54,1,0]
04-20 15:36:09.083701   964   976 I am_create_activity: [0,146205604,54,com.android.settings/.SubSettings,android.intent.action.MAIN,NULL,NULL,0]
04-20 15:36:09.085115   964   976 I am_pause_activity: [0,79295855,com.android.settings/.Settings]
04-20 15:36:09.089904   964   976 I am_home_stack_moved: [0,0,10,10,startedActivity setFocusedActivity]
04-20 15:36:09.090095   964   976 I wm_task_moved: [54,1,0]
04-20 15:36:09.097733   964   976 I am_focused_activity: [0,com.android.settings/.SubSettings]
04-20 15:36:09.105184 12583 12583 I sysui_view_visibility: [35,0]
04-20 15:36:09.106469 12583 12583 I sysui_view_visibility: [1,0]
04-20 15:36:09.111756 12583 12583 I am_on_paused_called: [0,com.android.settings.Settings]
04-20 15:36:09.119705   964  1670 I am_restart_activity: [0,146205604,54,com.android.settings/.SubSettings]
04-20 15:36:09.645489 12583 12583 I sysui_view_visibility: [110,100]
04-20 15:36:09.714084 12583 12583 I am_on_resume_called: [0,com.android.settings.SubSettings]
04-20 15:36:10.238904   964   987 I am_activity_launch_time: [0,146205604,com.android.settings/.SubSettings,1125,1125]
04-20 15:36:10.317914   964  1843 I am_proc_died: [0,12503,com.android.dialer]
04-20 15:36:10.326087   964  1843 I am_low_memory: 19
04-20 15:36:10.466267   231   231 I sf_frame_dur: [com.android.settings/com.android.settings.Settings,84,8,0,3,0,2,0]
04-20 15:36:11.648925   964   976 I am_home_stack_moved: [0,0,10,10,sourceStackToFront]
04-20 15:36:11.649101   964   976 I wm_task_moved: [54,1,0]
04-20 15:36:11.655109   964   976 I am_create_activity: [0,84175906,54,com.android.settings/.SubSettings,android.intent.action.MAIN,NULL,NULL,0]
04-20 15:36:11.656744   964   976 I am_pause_activity: [0,146205604,com.android.settings/.SubSettings]
04-20 15:36:11.661807   964   976 I am_home_stack_moved: [0,0,10,10,startedActivity setFocusedActivity]
04-20 15:36:11.662013   964   976 I wm_task_moved: [54,1,0]
04-20 15:36:11.669766   964   976 I am_focused_activity: [0,com.android.settings/.SubSettings]
04-20 15:36:11.683113 12583 12583 I sysui_view_visibility: [110,0]
04-20 15:36:11.695487 12583 12583 I am_on_paused_called: [0,com.android.settings.SubSettings]
04-20 15:36:11.702678   964  1670 I am_restart_activity: [0,84175906,54,com.android.settings/.SubSettings]
04-20 15:36:11.711135   964   982 I dvm_lock_sample: [system_server,1,ActivityManager,10,ActivityStackSupervisor.java,4476,ActivityManagerService.java,7205,2]
04-20 15:36:12.131914 12583 12583 I sysui_view_visibility: [90,100]
04-20 15:36:12.132224 12583 12583 I am_on_resume_called: [0,com.android.settings.SubSettings]
04-20 15:36:12.493262   964   987 I am_activity_launch_time: [0,84175906,com.android.settings/.SubSettings,796,796]
04-20 15:36:12.726767   231   231 I sf_frame_dur: [com.android.settings/com.android.settings.SubSettings,58,2,0,0,1,1,0]
04-20 15:36:17.191333   964  1747 I battery_status: [4,2,1,0,Li-ion]
04-20 15:36:17.320462   964   964 I notification_cancel: [10022,1102,com.android.systemui,2131755032,low_battery,-1,0,64,8,NULL]
04-20 15:36:17.406358   964   982 I am_proc_start: [0,12626,10010,com.google.android.gms,broadcast,com.google.android.gms/com.google.android.libraries.social.autobackup.AutoBackupEnvironment$BatteryReceiver]
04-20 15:36:17.464419   964   964 I notification_cancel: [10022,1102,com.android.systemui,2131755032,low_battery,-1,0,64,8,NULL]
04-20 15:36:17.596581   964   976 I am_proc_bound: [0,12626,com.google.android.gms]
04-20 15:36:17.663817   964   981 I am_pss  : [12583,1000,com.android.settings,46291968,42296320]
04-20 15:36:18.127733   964   964 I notification_cancel: [10010,12626,com.google.android.gms,10436,NOT_LMP,0,0,64,8,NULL]
04-20 15:36:18.128978   964   964 I notification_cancel: [10010,12626,com.google.android.gms,39789,NOT_LMP,0,0,64,8,NULL]
04-20 15:36:18.184259   964   964 I notification_cancel: [1000,964,android,17040347,NULL,-1,0,0,8,NULL]
04-20 15:36:18.185430   964   964 I notification_canceled: [-1|android|17040347|null|1000,8,160640,160640,60520]
04-20 15:36:18.186031   964   964 I notification_cancel: [1000,964,android,17040353,NULL,-1,0,0,8,NULL]
04-20 15:36:18.186985   964   964 I notification_canceled: [-1|android|17040353|null|1000,8,557955,557955,60521]
04-20 15:36:18.248364   964  8872 I dvm_lock_sample: [system_server,1,Binder_10,36,ActivityManagerService.java,21884,BroadcastQueue.java,713,7]
04-20 15:36:18.348756   964  2088 I am_proc_start: [0,12642,10007,android.process.media,broadcast,com.android.providers.media/.MtpReceiver]
04-20 15:36:18.591905   964  1162 I am_proc_start: [0,12656,1000,com.fw.upgrade.sysoper,broadcast,com.fw.upgrade.sysoper/com.adups.fota.sysoper.TaskReceiver]
04-20 15:36:18.620838   964  1844 I am_proc_bound: [0,12642,android.process.media]
04-20 15:36:18.850624   964  2088 I dvm_lock_sample: [system_server,1,Binder_D,12,ActivityManagerService.java,10830,-,16878,2]
04-20 15:36:18.851328   964  1670 I am_proc_bound: [0,12656,com.fw.upgrade.sysoper]
04-20 15:36:19.182301   964  8872 I am_proc_died: [0,12656,com.fw.upgrade.sysoper]
04-20 15:36:19.187245   964  8872 I am_low_memory: 21
04-20 15:36:19.384455   964   979 I notification_cancel_all: [10007,12642,com.android.providers.downloads,0,0,64,9,NULL]
04-20 15:36:19.486344   964  8871 I am_proc_start: [0,12685,10010,com.google.android.gms.wearable,service,com.google.android.gms/.wearable.service.WearableService]
04-20 15:36:19.633093   964   964 I notification_cancel: [10010,12626,com.google.android.gms,10436,NULL,0,0,64,8,NULL]
04-20 15:36:19.690914   964  1747 I am_proc_bound: [0,12685,com.google.android.gms.wearable]
04-20 15:36:19.866644   964  1747 I am_proc_died: [0,12642,android.process.media]
04-20 15:36:19.872677   964  1747 I am_low_memory: 21
04-20 15:36:19.889601   964   964 I notification_cancel: [10010,12685,com.google.android.gms,10436,NOT_LMP,0,0,64,8,NULL]
04-20 15:36:19.890889   964   964 I notification_cancel: [10010,12685,com.google.android.gms,39789,NOT_LMP,0,0,64,8,NULL]
04-20 15:36:20.307848   964   964 I notification_cancel: [10022,1102,com.android.systemui,2131755032,low_battery,-1,0,64,8,NULL]
04-20 15:36:20.323863  1102  1102 I sysui_panelholder_touch: [0,142,0]
04-20 15:36:20.327570  1102  1102 I sysui_count: [panel_open,1]
04-20 15:36:20.334344  1102  1102 I sysui_histogram: [note_load,3]
04-20 15:36:20.334928   964  1927 I notification_panel_revealed: 3
04-20 15:36:20.339721   964  1747 I notification_visibility: [0|com.mediatek.mtklogger|2130837539|null|10056,1,25422,25422,0,0]
04-20 15:36:20.846669   964  2089 I notification_visibility: [0|com.mediatek.security|1200|null|1000,1,5278300,5278300,0,2]
04-20 15:36:20.847055   964  2089 I notification_visibility: [-1|android|17303171|null|1000,1,103572,103572,0,1]
04-20 15:36:22.100595   964  2089 I am_home_stack_moved: [0,0,10,10,startingNewTask]
04-20 15:36:22.100868   964  2089 I wm_task_moved: [54,1,0]
04-20 15:36:22.101032   964   975 I notification_visibility: [0|com.mediatek.security|1200|null|1000,0,5279554,5279554,0,2]
04-20 15:36:22.101420   964   975 I notification_visibility: [-1|android|17303171|null|1000,0,104827,104827,0,1]
04-20 15:36:22.101891   964   975 I notification_visibility: [0|com.mediatek.mtklogger|2130837539|null|10056,0,27184,27184,0,0]
04-20 15:36:22.103112   964  8871 I notification_panel_hidden: []
04-20 15:36:22.110313   964  2089 I am_create_task: [0,55]
04-20 15:36:22.111108   964  2089 I am_create_activity: [0,92507433,55,com.mediatek.mtklogger/.MainActivity,NULL,NULL,NULL,268435456]
04-20 15:36:22.123922   964  2089 I wm_task_created: [55,10]
04-20 15:36:22.124194   964  2089 I wm_task_moved: [55,1,1]
04-20 15:36:22.165684   964  2089 I am_pause_activity: [0,84175906,com.android.settings/.SubSettings]
04-20 15:36:22.176491   964  2089 I am_home_stack_moved: [0,0,10,10,startedActivity setFocusedActivity]
04-20 15:36:22.176722   964  2089 I wm_task_moved: [55,1,1]
04-20 15:36:22.179642 12583 12583 I sysui_view_visibility: [90,0]
04-20 15:36:22.203837   964  2089 I am_focused_activity: [0,com.mediatek.mtklogger/.MainActivity]
04-20 15:36:22.208396   964  1582 I notification_clicked: [0|com.mediatek.mtklogger|2130837539|null|10056,27291,27291,1869]
04-20 15:36:22.209182   964   964 I notification_cancel: [10022,1102,com.mediatek.mtklogger,2130837539,NULL,0,16,64,1,NULL]
04-20 15:36:22.209792 12583 12583 I am_on_paused_called: [0,com.android.settings.SubSettings]
04-20 15:36:22.209467   964   964 I sysui_histogram: [note_click_longevity,0]
04-20 15:36:22.245921   964   975 I am_restart_activity: [0,92507433,55,com.mediatek.mtklogger/.MainActivity]
04-20 15:36:22.592041 12140 12140 I am_on_resume_called: [0,com.mediatek.mtklogger.MainActivity]
04-20 15:36:22.978366   964   987 I am_activity_launch_time: [0,92507433,com.mediatek.mtklogger/.MainActivity,743,743]
04-20 15:36:23.050644   231   231 I sf_frame_dur: [com.android.settings/com.android.settings.SubSettings,43,3,1,1,1,1,2]
04-20 15:36:26.681785   964   964 I notification_cancel: [1000,964,com.mediatek.mtklogger,2130837539,NULL,0,0,0,8,NULL]
04-20 15:36:26.683149   964   964 I notification_canceled: [0|com.mediatek.mtklogger|2130837539|null|10056,8,31766,31766,6344]
04-20 15:36:26.690305   964   964 I notification_enqueue: [10056,12140,com.mediatek.mtklogger,2130837539,NULL,0,Notification(pri=0 contentView=com.mediatek.mtklogger/0x1090085 vibrate=null sound=null tick defaults=0x0 flags=0x60 color=0x00000000 vis=PRIVATE),0]
04-20 15:36:26.701111   964  1162 I notification_expansion: [-1|android|17303171|null|1000,0,1,109426,109426,5854]
04-20 15:36:26.839805   964  1663 I notification_expansion: [0|com.mediatek.mtklogger|2130837539|null|10056,0,1,150,150,0]
04-20 15:36:26.842281   964  2088 I notification_expansion: [-1|android|17303171|null|1000,0,0,109568,109568,5996]
04-20 15:36:28.056720  1483  1483 I sqlite_mem_released: 0
04-20 15:36:28.056925  1483  1483 I force_gc: mem
04-20 15:36:29.815259   964   964 I notification_cancel: [10056,12140,com.mediatek.mtklogger,2130837521,NULL,0,0,64,8,NULL]
04-20 15:36:29.987257   964   975 I am_proc_start: [0,12739,10007,android.process.media,service,com.android.providers.media/.MediaScannerService]
04-20 15:36:30.122767   231   231 I sf_frame_dur: [Stopping logs,274,2,0,0,1,0,0]
04-20 15:36:30.177371   964  1844 I am_proc_bound: [0,12739,android.process.media]
04-20 15:36:30.315175   964   964 I notification_cancel: [10022,1102,com.android.systemui,2131755032,low_battery,-1,0,64,8,NULL]
04-20 15:36:30.426833   964   964 I free_storage_changed: 12422533120
04-20 15:36:30.695007   964   979 I notification_cancel_all: [10007,12739,com.android.providers.downloads,0,0,64,9,NULL]
04-20 15:36:30.796596   964   964 I notification_cancel: [1000,964,com.mediatek.mtklogger,2130837539,NULL,0,0,0,8,NULL]
04-20 15:36:30.797885   964   964 I notification_canceled: [0|com.mediatek.mtklogger|2130837539|null|10056,8,4108,4108,0]
04-20 15:36:30.805357   964  1582 I notification_expansion: [-1|android|17303171|null|1000,0,1,113531,113531,9959]
04-20 15:36:31.391836   964  1582 I am_proc_died: [0,12685,com.google.android.gms.wearable]
04-20 15:36:33.291103   964  8872 I force_gc: Binder
04-20 15:36:34.408851   964   981 I am_pss  : [12140,10056,com.mediatek.mtklogger,36927488,33883136]
04-20 15:36:35.333749  1576  1576 I sqlite_mem_released: 0
04-20 15:36:35.334292  1576  1576 I force_gc: mem
04-20 15:36:40.343273  1586  1586 I sqlite_mem_released: 0
04-20 15:36:40.343906  1586  1586 I force_gc: mem
04-20 15:36:40.389930   964  1663 I battery_status: [2,2,1,2,Li-ion]
04-20 15:36:40.519301   964   964 I notification_cancel: [10022,1102,com.android.systemui,2131755032,low_battery,-1,0,64,8,NULL]
04-20 15:36:40.587509   964   981 I am_pss  : [1654,10014,com.android.launcher3,29102080,26178560]
04-20 15:36:40.701588   964   964 I notification_enqueue: [1000,964,android,17040347,NULL,-1,Notification(pri=-2 contentView=null vibrate=null sound=null tick defaults=0x0 flags=0x2 color=0xff607d8b vis=PUBLIC),0]
04-20 15:36:40.711873   964   964 I notification_enqueue: [1000,964,android,17040353,NULL,-1,Notification(pri=-1 contentView=null vibrate=null sound=null tick defaults=0x0 flags=0x2 color=0xff607d8b vis=PUBLIC),0]
04-20 15:36:40.918708   964  1927 I dvm_lock_sample: [system_server,1,Binder_C,8,PackageManagerService.java,3435,-,2995,1]
04-20 15:36:41.753335  1102  1102 I sysui_panelholder_touch: [0,232,0]
04-20 15:36:41.757176  1102  1102 I sysui_count: [panel_open,1]
04-20 15:36:41.762073  1102  1102 I sysui_histogram: [note_load,4]
04-20 15:36:41.762846   964  1843 I notification_panel_revealed: 4
04-20 15:36:41.768316   964  1747 I notification_visibility: [-1|android|17303171|null|1000,1,124494,124494,0,0]
04-20 15:36:42.272625   964  1747 I notification_visibility: [0|com.mediatek.security|1200|null|1000,1,5299726,5299726,0,1]
04-20 15:36:42.273019   964  1747 I notification_visibility: [-1|android|17040353|null|1000,1,1561,1561,0,2]
04-20 15:36:42.273384   964  1747 I notification_visibility: [-1|android|17040347|null|1000,1,1573,1573,0,3]
04-20 15:36:42.718521   964   964 I notification_cancel: [10022,1102,com.android.systemui,2131755032,low_battery,-1,0,64,8,NULL]
04-20 15:36:42.833298   964  1747 I notification_visibility: [0|com.mediatek.security|1200|null|1000,0,5300287,5300287,0,1]
04-20 15:36:42.833565   964  1747 I notification_visibility: [-1|android|17303171|null|1000,0,125559,125559,0,0]
04-20 15:36:42.833934   964  1747 I notification_visibility: [-1|android|17040353|null|1000,0,2122,2122,0,2]
04-20 15:36:42.834173   964  1747 I notification_visibility: [-1|android|17040347|null|1000,0,2134,2134,0,3]
04-20 15:36:42.834317   964  1927 I am_home_stack_moved: [0,0,10,10,startingNewTask]
04-20 15:36:42.834515   964  1927 I wm_task_moved: [55,1,1]
04-20 15:36:42.835679   964  2088 I notification_panel_hidden: []
04-20 15:36:42.841854   964  1927 I am_create_task: [0,56]
04-20 15:36:42.842869   964  1927 I am_create_activity: [0,208997404,56,com.android.settings/.deviceinfo.UsbModeChooserActivity,android.intent.action.MAIN,NULL,NULL,276856832]
04-20 15:36:42.853223   964  1927 I wm_task_created: [56,10]
04-20 15:36:42.854042   964  1927 I wm_task_moved: [56,1,2]
04-20 15:36:42.889700   964  1927 I am_pause_activity: [0,92507433,com.mediatek.mtklogger/.MainActivity]
04-20 15:36:42.898473   964  1927 I am_home_stack_moved: [0,0,10,10,startedActivity setFocusedActivity]
04-20 15:36:42.898766   964  1927 I wm_task_moved: [56,1,2]
04-20 15:36:42.916362   964  1927 I am_focused_activity: [0,com.android.settings/.deviceinfo.UsbModeChooserActivity]
04-20 15:36:42.922761 12140 12140 I am_on_paused_called: [0,com.mediatek.mtklogger.MainActivity]
04-20 15:36:42.925505   964  1670 I notification_clicked: [-1|android|17040347|null|1000,2225,2225,652]
04-20 15:36:42.926348   964   964 I notification_cancel: [10022,1102,android,17040347,NULL,-1,16,64,1,NULL]
04-20 15:36:42.926514   964   964 I sysui_histogram: [note_click_longevity,0]
04-20 15:36:42.936003   964   979 I am_restart_activity: [0,208997404,56,com.android.settings/.deviceinfo.UsbModeChooserActivity]
04-20 15:36:42.970000  2031  2031 I auditd  : type=1400 audit(0.0:187): avc: denied { read } for comm="GpuAppSpectator" name="cmdline" dev="proc" ino=92529 scontext=u:r:gas_srv:s0 tcontext=u:r:system_app:s0 tclass=file permissive=1
04-20 15:36:42.970000  2031  2031 I auditd  : type=1400 audit(0.0:188): avc: denied { open } for comm="GpuAppSpectator" path="/proc/12583/cmdline" dev="proc" ino=92529 scontext=u:r:gas_srv:s0 tcontext=u:r:system_app:s0 tclass=file permissive=1
