04-20 16:06:00.357848   964   981 I am_pss  : [1602,1001,com.mediatek.ims,4737024,3534848]
04-20 16:06:00.391020   964   981 I am_pss  : [1586,1001,com.mediatek.gba,3866624,2723840]
04-20 16:06:00.435578   964   981 I am_pss  : [1576,1001,com.android.phone,18745344,16670720]
04-20 16:06:45.183092   964   964 I notification_cancel: [10022,1102,com.android.systemui,2131755032,low_battery,-1,0,64,8,NULL]
04-20 16:07:35.185657   964   964 I notification_cancel: [10022,1102,com.android.systemui,2131755032,low_battery,-1,0,64,8,NULL]
04-20 16:08:25.186950   964   964 I notification_cancel: [10022,1102,com.android.systemui,2131755032,low_battery,-1,0,64,8,NULL]
04-20 16:09:15.184218   964   964 I notification_cancel: [10022,1102,com.android.systemui,2131755032,low_battery,-1,0,64,8,NULL]
04-20 16:09:35.150456   964  1843 I battery_level: [85,4044,300]
04-20 16:09:35.185878   964   964 I notification_cancel: [10022,1102,com.android.systemui,2131755032,low_battery,-1,0,64,8,NULL]
04-20 16:09:35.230112   964  6934 I dvm_lock_sample: [system_server,0,SyncHandler-1,6,MessageQueue.java,330,-,553,1]
04-20 16:09:55.174276   964   964 I notification_cancel: [10022,1102,com.android.systemui,2131755032,low_battery,-1,0,64,8,NULL]
04-20 16:10:45.200710   964   964 I notification_cancel: [10022,1102,com.android.systemui,2131755032,low_battery,-1,0,64,8,NULL]
04-20 16:11:15.173987   964   964 I notification_cancel: [10022,1102,com.android.systemui,2131755032,low_battery,-1,0,64,8,NULL]
04-20 16:12:05.182573   964   964 I notification_cancel: [10022,1102,com.android.systemui,2131755032,low_battery,-1,0,64,8,NULL]
04-20 16:12:55.174436   964   964 I notification_cancel: [10022,1102,com.android.systemui,2131755032,low_battery,-1,0,64,8,NULL]
04-20 16:13:55.174086   964   964 I notification_cancel: [10022,1102,com.android.systemui,2131755032,low_battery,-1,0,64,8,NULL]
04-20 16:14:02.303416   964  2088 I battery_status: [4,2,1,0,Li-ion]
04-20 16:14:02.433072   964   964 I dvm_lock_sample: [system_server,1,main,98,ActivityManagerService.java,18200,BroadcastQueue.java,713,19]
04-20 16:14:02.447904   964   964 I power_screen_state: [1,0,0,0]
04-20 16:14:02.448118   964   964 I screen_toggled: 1
04-20 16:14:02.450365   964   964 I power_screen_broadcast_send: 1
04-20 16:14:02.458605  1102  1102 I sysui_histogram: [note_load,3]
04-20 16:14:02.460499   964  2088 I notification_panel_revealed: 3
04-20 16:14:02.463582   964   964 I notification_cancel: [10022,1102,com.android.systemui,2131755032,low_battery,-1,0,64,8,NULL]
04-20 16:14:02.475694   964   979 I notification_visibility: [0|com.mediatek.security|1200|null|1000,1,1658523,1658523,0,0]
04-20 16:14:02.476102   964   979 I notification_visibility: [-1|android|17040353|null|1000,1,1239307,1239307,0,1]
04-20 16:14:02.612319   964   964 I notification_cancel: [10022,1102,com.android.systemui,2131755032,low_battery,-1,0,64,8,NULL]
04-20 16:14:02.635398   964  2089 I dvm_lock_sample: [system_server,1,Binder_E,81,BatteryStatsService.java,397,-,886,16]
04-20 16:14:02.770000  1067  1067 I auditd  : type=1400 audit(0.0:233): avc: denied { open } for comm="PhotonicModulat" path="/sys/devices/platform/leds-mt65xx/leds/lcd-backlight/brightness" dev="sysfs" ino=11474 scontext=u:r:system_server:s0 tcontext=u:object_r:sys_lcd_brightness_file:s0 tclass=file permissive=1
04-20 16:14:02.781461   231   231 I sf_frame_dur: [ColorFade,11,8,4,0,0,0,0]
04-20 16:14:02.875233   964  2088 I am_proc_start: [0,14563,1000,com.fw.upgrade.sysoper,broadcast,com.fw.upgrade.sysoper/com.adups.fota.sysoper.TaskReceiver]
04-20 16:14:03.121950   964  2089 I am_proc_bound: [0,14563,com.fw.upgrade.sysoper]
04-20 16:14:03.197011   964  8871 I am_proc_died: [0,14429,com.android.gallery3d]
04-20 16:14:03.318628   964   964 I notification_cancel: [1000,964,android,17040347,NULL,-1,0,0,8,NULL]
04-20 16:14:03.319881   964   964 I notification_canceled: [-1|android|17040347|null|1000,8,1240169,1240169,0]
04-20 16:14:03.320854   964   964 I notification_cancel: [1000,964,android,17040353,NULL,-1,0,0,8,NULL]
04-20 16:14:03.322137   964   964 I notification_canceled: [-1|android|17040353|null|1000,8,1240153,1240153,846]
04-20 16:14:03.434010   964   964 I power_screen_broadcast_done: [1,983,1]
04-20 16:14:03.506133   964  1844 I am_proc_start: [0,14581,10007,android.process.media,broadcast,com.android.providers.media/.MtpReceiver]
04-20 16:14:03.511597   964  1747 I am_proc_died: [0,14563,com.fw.upgrade.sysoper]
04-20 16:14:03.682173   964   981 I am_meminfo: [136859648,28049408,44548096,301920256,52728832]
04-20 16:14:03.721179   964   981 I am_pss  : [12919,1000,com.android.settings,56548352,51698688]
04-20 16:14:03.723337   964  1652 I am_proc_bound: [0,14581,android.process.media]
04-20 16:14:03.763724   964   981 I am_pss  : [9526,1002,com.android.bluetooth,16642048,15335424]
04-20 16:14:03.804667   964   981 I am_pss  : [1654,10014,com.android.launcher3,32816128,29928448]
04-20 16:14:03.842389   964   981 I am_pss  : [1493,10052,com.android.inputmethod.latin,14817280,12356608]
04-20 16:14:03.880529   964   981 I am_pss  : [2236,10010,com.google.process.gapps,16610304,14262272]
04-20 16:14:03.916787   964   981 I am_pss  : [1529,10010,com.google.android.gms.persistent,17954816,15405056]
04-20 16:14:03.945488   964   981 I am_pss  : [14258,10016,com.android.mms,11211776,9379840]
04-20 16:14:03.972826   964   981 I am_pss  : [14208,10072,org.simalliance.openmobileapi.uicc1terminal,5161984,4030464]
04-20 16:14:04.000303   964   981 I am_pss  : [11148,10075,org.simalliance.openmobileapi.eseterminal,5376000,4235264]
04-20 16:14:04.027721   964   981 I am_pss  : [11046,10073,org.simalliance.openmobileapi.uicc2terminal,5378048,4243456]
04-20 16:14:04.055508   964   981 I am_pss  : [14194,10070,org.simalliance.openmobileapi.service:remote,5266432,4116480]
04-20 16:14:04.085224   964   981 I am_pss  : [13110,10056,com.mediatek.mtklogger,7486464,6262784]
04-20 16:14:04.112826   964   981 I am_pss  : [1618,1000,com.mediatek.nlpservice,4398080,3231744]
04-20 16:14:04.141307   964   981 I am_pss  : [1602,1001,com.mediatek.ims,4729856,3530752]
04-20 16:14:04.168660   964   981 I am_pss  : [1586,1001,com.mediatek.gba,3865600,2723840]
04-20 16:14:04.206630   964   981 I am_pss  : [1576,1001,com.android.phone,18326528,16687104]
04-20 16:14:04.234710   964   981 I am_pss  : [1483,10023,com.google.android.googlequicksearchbox:interactor,4942848,3760128]
04-20 16:14:04.239281   964  2089 I notification_cancel_all: [10007,14581,com.android.providers.downloads,0,0,64,9,NULL]
04-20 16:14:04.282612   964   981 I am_pss  : [1102,10022,com.android.systemui,60076032,56282112]
04-20 16:14:04.366497   964   981 I am_pss  : [964,1000,system,61818880,58563584]
04-20 16:14:08.900000  2031  2031 I auditd  : type=1400 audit(0.0:234): avc: denied { read } for comm="GpuAppSpectator" name="cmdline" dev="proc" ino=93128 scontext=u:r:gas_srv:s0 tcontext=u:r:system_app:s0 tclass=file permissive=1
04-20 16:14:08.900000  2031  2031 I auditd  : type=1400 audit(0.0:235): avc: denied { open } for comm="GpuAppSpectator" path="/proc/12919/cmdline" dev="proc" ino=93128 scontext=u:r:gas_srv:s0 tcontext=u:r:system_app:s0 tclass=file permissive=1
04-20 16:14:08.900000  2031  2031 I auditd  : type=1400 audit(0.0:236): avc: denied { getattr } for comm="GpuAppSpectator" path="/proc/12919/cmdline" dev="proc" ino=93128 scontext=u:r:gas_srv:s0 tcontext=u:r:system_app:s0 tclass=file permissive=1
04-20 16:14:12.509774   964   964 I notification_cancel: [10022,1102,com.android.systemui,2131755032,low_battery,-1,0,64,8,NULL]
04-20 16:14:17.686607   964   990 I power_sleep_requested: 0
04-20 16:14:18.466201   964   964 I power_screen_state: [0,3,0,0]
04-20 16:14:18.466273   964   964 I screen_toggled: 0
04-20 16:14:18.466358   964   964 I sysui_histogram: [screen_timeout,60]
04-20 16:14:18.467257   964   964 I power_screen_broadcast_send: 1
04-20 16:14:18.468597   964  1927 I notification_visibility: [0|com.mediatek.security|1200|null|1000,0,1674516,1674516,0,0]
04-20 16:14:18.469623   964  1844 I notification_panel_hidden: []
04-20 16:14:18.681119   964   964 I power_screen_broadcast_done: [0,214,1]
04-20 16:20:02.192732   964  1582 I am_proc_start: [0,14604,10036,com.android.deskclock,broadcast,com.android.deskclock/com.android.alarmclock.DigitalAppWidgetProvider]
04-20 16:20:02.295592 14448 14605 I aggregation: 1461140402295
04-20 16:20:02.420996   964  2089 I am_proc_bound: [0,14604,com.android.deskclock]
04-20 16:20:02.525448   964  1663 I am_proc_died: [0,14483,com.android.quicksearchbox]
04-20 16:27:01.147157   964   981 I am_pss  : [12919,1000,com.android.settings,56412160,51579904]
04-20 16:27:01.195065   964   981 I am_pss  : [9526,1002,com.android.bluetooth,16622592,15323136]
04-20 16:27:01.236059   964   981 I am_pss  : [1493,10052,com.android.inputmethod.latin,14767104,12336128]
04-20 16:27:01.276201   964   981 I am_pss  : [2236,10010,com.google.process.gapps,16630784,14303232]
04-20 16:27:01.311266   964   981 I am_pss  : [14258,10016,com.android.mms,11211776,9388032]
04-20 16:27:01.346890   964   981 I am_pss  : [13110,10056,com.mediatek.mtklogger,7487488,6262784]
04-20 16:29:35.039362   964   981 I am_pss  : [1529,10010,com.google.android.gms.persistent,17798144,15273984]
04-20 16:29:35.072864   964   981 I am_pss  : [14208,10072,org.simalliance.openmobileapi.uicc1terminal,5166080,4034560]
04-20 16:29:35.106187   964   981 I am_pss  : [11148,10075,org.simalliance.openmobileapi.eseterminal,5379072,4239360]
04-20 16:29:35.139489   964   981 I am_pss  : [11046,10073,org.simalliance.openmobileapi.uicc2terminal,5384192,4247552]
04-20 16:29:35.173419   964   981 I am_pss  : [14194,10070,org.simalliance.openmobileapi.service:remote,5267456,4116480]
04-20 16:29:35.207900   964   981 I am_pss  : [1483,10023,com.google.android.googlequicksearchbox:interactor,4944896,3764224]
04-20 16:31:00.770078   964  1747 I battery_status: [2,2,1,2,Li-ion]
04-20 16:31:00.925896   964   964 I dvm_lock_sample: [system_server,1,main,93,ActivityManagerService.java,18200,BroadcastQueue.java,713,18]
04-20 16:31:00.943262   964   964 I power_screen_state: [1,0,0,0]
04-20 16:31:00.943403   964   964 I screen_toggled: 1
04-20 16:31:00.949557   964   964 I power_screen_broadcast_send: 1
04-20 16:31:00.950687  1102  1102 I sysui_histogram: [note_load,1]
04-20 16:31:00.951782   964  1652 I notification_panel_revealed: 1
04-20 16:31:00.955322   964  1670 I notification_visibility: [0|com.mediatek.security|1200|null|1000,1,2677003,2677003,0,0]
04-20 16:31:00.991278   964   964 I notification_cancel: [10022,1102,com.android.systemui,2131755032,low_battery,-1,0,64,8,NULL]
04-20 16:31:01.156965   964   964 I notification_enqueue: [1000,964,android,17040347,NULL,-1,Notification(pri=-2 contentView=null vibrate=null sound=null tick defaults=0x0 flags=0x2 color=0xff607d8b vis=PUBLIC),0]
04-20 16:31:01.169398   964   964 I notification_enqueue: [1000,964,android,17040353,NULL,-1,Notification(pri=-1 contentView=null vibrate=null sound=null tick defaults=0x0 flags=0x2 color=0xff607d8b vis=PUBLIC),0]
04-20 16:31:01.285169   964   975 I dvm_lock_sample: [system_server,1,Binder_1,22,ActivityManagerService.java,21884,-,17116,4]
04-20 16:31:01.287973   964  1927 I dvm_lock_sample: [system_server,0,Binder_C,18,ActivityManagerService.java,17162,-,17116,3]
04-20 16:31:01.304165   231   231 I sf_frame_dur: [ColorFade,16,6,1,0,0,0,0]
04-20 16:31:01.330000  1067  1067 I auditd  : type=1400 audit(0.0:237): avc: denied { open } for comm="PhotonicModulat" path="/sys/devices/platform/leds-mt65xx/leds/lcd-backlight/brightness" dev="sysfs" ino=11474 scontext=u:r:system_server:s0 tcontext=u:object_r:sys_lcd_brightness_file:s0 tclass=file permissive=1
04-20 16:31:01.694944   964  1663 I notification_visibility: [-1|android|17040353|null|1000,1,526,526,0,1]
04-20 16:31:01.963124   964   964 I power_screen_broadcast_done: [1,1013,1]
04-20 16:31:02.044674  1102  1102 I sysui_lockscreen_gesture: [1,176,3136]
04-20 16:31:02.230385   964  1162 I notification_visibility: [0|com.mediatek.security|1200|null|1000,0,2678278,2678278,0,0]
04-20 16:31:02.230668   964  1162 I notification_visibility: [-1|android|17040353|null|1000,0,1062,1062,0,1]
04-20 16:31:02.231470   964  1927 I notification_panel_hidden: []
04-20 16:31:02.234996  1102  1102 I screen_toggled: 2
04-20 16:31:02.237550  1102  1102 I screen_toggled: 2
04-20 16:31:02.258139   964   976 I am_resume_activity: [0,179133189,54,com.android.settings/.SubSettings]
04-20 16:31:02.321091   964  1747 I notification_expansion: [0|com.mediatek.security|1200|null|1000,0,1,2678369,2678369,1366]
04-20 16:31:02.341142  1102  1102 I sysui_status_bar_state: [0,0,0,0,0,1]
04-20 16:31:02.352574 12919 12919 I sysui_view_visibility: [90,100]
04-20 16:31:02.352900 12919 12919 I am_on_resume_called: [0,com.android.settings.SubSettings]
04-20 16:31:02.411789   964   987 I dvm_lock_sample: [system_server,1,android.display,5,WindowAnimator.java,127,WindowManagerService.java,3323,1]
04-20 16:31:03.079460   964   964 I notification_cancel: [10022,1102,com.android.systemui,2131755032,low_battery,-1,0,64,8,NULL]
04-20 16:31:04.777402   964  1844 I am_finish_activity: [0,179133189,54,com.android.settings/.SubSettings,app-request]
04-20 16:31:04.779824   964  1844 I am_home_stack_moved: [0,0,10,10,finishActivity adjustFocus setFocusedActivity]
04-20 16:31:04.780088   964  1844 I wm_task_moved: [54,1,0]
04-20 16:31:04.790378   964  1844 I am_focused_activity: [0,com.android.settings/.SubSettings]
04-20 16:31:04.791975   964  1844 I am_pause_activity: [0,179133189,com.android.settings/.SubSettings]
04-20 16:31:04.796947 12919 12919 I sysui_view_visibility: [90,0]
04-20 16:31:04.805811 12919 12919 I am_on_paused_called: [0,com.android.settings.SubSettings]
04-20 16:31:04.813435   964  8872 I am_resume_activity: [0,18947249,54,com.android.settings/.SubSettings]
04-20 16:31:04.848427 12919 12919 I sysui_view_visibility: [110,100]
04-20 16:31:04.886315 12919 12919 I am_on_resume_called: [0,com.android.settings.SubSettings]
04-20 16:31:05.256266   964   982 I am_destroy_activity: [0,179133189,54,com.android.settings/.SubSettings,finish-imm]
04-20 16:31:05.268488   231   231 I sf_frame_dur: [com.android.settings/com.android.settings.SubSettings,572,9,5,2,1,3,9]
04-20 16:31:05.303467   964   981 I am_pss  : [1654,10014,com.android.launcher3,32405504,29182976]
04-20 16:31:13.105626   964   964 I notification_cancel: [10022,1102,com.android.systemui,2131755032,low_battery,-1,0,64,8,NULL]
04-20 16:31:23.081726   964   964 I notification_cancel: [10022,1102,com.android.systemui,2131755032,low_battery,-1,0,64,8,NULL]
04-20 16:31:26.337964   964   975 I am_home_stack_moved: [0,0,10,10,sourceStackToFront]
04-20 16:31:26.338246   964   975 I wm_task_moved: [54,1,0]
04-20 16:31:26.344389   964   975 I am_create_activity: [0,248781005,54,com.android.settings/.SubSettings,android.intent.action.MAIN,NULL,NULL,0]
04-20 16:31:26.347258   964   975 I am_pause_activity: [0,18947249,com.android.settings/.SubSettings]
04-20 16:31:26.353321   964   975 I am_home_stack_moved: [0,0,10,10,startedActivity setFocusedActivity]
04-20 16:31:26.353569   964   975 I wm_task_moved: [54,1,0]
04-20 16:31:26.363472   964   975 I am_focused_activity: [0,com.android.settings/.SubSettings]
04-20 16:31:26.370131 12919 12919 I sysui_view_visibility: [110,0]
04-20 16:31:26.384017 12919 12919 I am_on_paused_called: [0,com.android.settings.SubSettings]
04-20 16:31:26.392661   964  2089 I am_restart_activity: [0,248781005,54,com.android.settings/.SubSettings]
04-20 16:31:26.450196   964   981 I am_pss  : [9526,1002,com.android.bluetooth,16630784,15331328]
04-20 16:31:26.482185   964   981 I am_pss  : [14604,10036,com.android.deskclock,6974464,5292032]
04-20 16:31:26.703418 12919 12919 I sysui_view_visibility: [90,100]
04-20 16:31:26.703796 12919 12919 I am_on_resume_called: [0,com.android.settings.SubSettings]
04-20 16:31:26.985646   964   987 I am_activity_launch_time: [0,248781005,com.android.settings/.SubSettings,600,600]
04-20 16:31:27.218104   231   231 I sf_frame_dur: [com.android.settings/com.android.settings.SubSettings,52,1,0,0,0,0,2]
04-20 16:31:28.758694   964   975 I am_finish_activity: [0,248781005,54,com.android.settings/.SubSettings,app-request]
04-20 16:31:28.760931   964   975 I am_home_stack_moved: [0,0,10,10,finishActivity adjustFocus setFocusedActivity]
04-20 16:31:28.761392   964   975 I wm_task_moved: [54,1,0]
04-20 16:31:28.769037   964   975 I am_focused_activity: [0,com.android.settings/.SubSettings]
04-20 16:31:28.771052   964   975 I am_pause_activity: [0,248781005,com.android.settings/.SubSettings]
04-20 16:31:28.782115 12919 12919 I sysui_view_visibility: [90,0]
04-20 16:31:28.789331 12919 12919 I am_on_paused_called: [0,com.android.settings.SubSettings]
04-20 16:31:28.800167   964  1663 I am_resume_activity: [0,18947249,54,com.android.settings/.SubSettings]
04-20 16:31:28.837573 12919 12919 I sysui_view_visibility: [110,100]
04-20 16:31:28.874444 12919 12919 I am_on_resume_called: [0,com.android.settings.SubSettings]
04-20 16:31:29.237780   964   982 I am_destroy_activity: [0,248781005,54,com.android.settings/.SubSettings,finish-imm]
04-20 16:31:29.250772   231   231 I sf_frame_dur: [com.android.settings/com.android.settings.SubSettings,31,3,2,1,1,1,0]
04-20 16:31:29.437362   964  1162 I am_finish_activity: [0,18947249,54,com.android.settings/.SubSettings,app-request]
04-20 16:31:29.439139   964  1162 I am_home_stack_moved: [0,0,10,10,finishActivity adjustFocus setFocusedActivity]
04-20 16:31:29.439342   964  1162 I wm_task_moved: [54,1,0]
04-20 16:31:29.448952   964  1162 I am_focused_activity: [0,com.android.settings/.Settings]
04-20 16:31:29.450428   964  1162 I am_pause_activity: [0,18947249,com.android.settings/.SubSettings]
04-20 16:31:29.457361 12919 12919 I sysui_view_visibility: [110,0]
04-20 16:31:29.479477 12919 12919 I am_on_paused_called: [0,com.android.settings.SubSettings]
04-20 16:31:29.487414   964   975 I am_resume_activity: [0,79295855,54,com.android.settings/.Settings]
04-20 16:31:29.503532 12919 12919 I sysui_view_visibility: [1,100]
04-20 16:31:29.528226 12919 12919 I sysui_view_visibility: [35,100]
04-20 16:31:29.530684 12919 12919 I am_on_resume_called: [0,com.android.settings.Settings]
04-20 16:31:30.124943   964  2089 I am_proc_died: [0,14524,com.google.android.gms:car]
04-20 16:31:30.130730   964  8871 I dvm_lock_sample: [system_server,1,Binder_F,18,WindowManagerService.java,8764,-,8221,3]
04-20 16:31:30.408748   964   982 I am_destroy_activity: [0,18947249,54,com.android.settings/.SubSettings,finish-imm]
04-20 16:31:30.420606   231   231 I sf_frame_dur: [com.android.settings/com.android.settings.SubSettings,33,2,1,1,1,0,0]
04-20 16:31:33.139818   964   964 I notification_cancel: [10022,1102,com.android.systemui,2131755032,low_battery,-1,0,64,8,NULL]
04-20 16:31:35.073100   964  1843 I am_home_stack_moved: [0,0,10,10,sourceStackToFront]
04-20 16:31:35.073369   964  1843 I wm_task_moved: [54,1,0]
04-20 16:31:35.079522   964  1843 I am_create_activity: [0,175297205,54,com.android.settings/.SubSettings,android.intent.action.MAIN,NULL,NULL,0]
04-20 16:31:35.081347   964  1843 I am_pause_activity: [0,79295855,com.android.settings/.Settings]
04-20 16:31:35.088242   964  1843 I am_home_stack_moved: [0,0,10,10,startedActivity setFocusedActivity]
04-20 16:31:35.088466   964  1843 I wm_task_moved: [54,1,0]
04-20 16:31:35.098767   964  1843 I am_focused_activity: [0,com.android.settings/.SubSettings]
04-20 16:31:35.104900 12919 12919 I sysui_view_visibility: [35,0]
04-20 16:31:35.106378 12919 12919 I sysui_view_visibility: [1,0]
04-20 16:31:35.111738 12919 12919 I am_on_paused_called: [0,com.android.settings.Settings]
04-20 16:31:35.121024   964   975 I am_restart_activity: [0,175297205,54,com.android.settings/.SubSettings]
04-20 16:31:35.170436   964   981 I am_pss  : [14581,10007,android.process.media,8774656,7172096]
04-20 16:31:35.372503 12919 12919 I sysui_view_visibility: [110,100]
04-20 16:31:35.418302 12919 12919 I am_on_resume_called: [0,com.android.settings.SubSettings]
04-20 16:31:35.702593   964   987 I am_activity_launch_time: [0,175297205,com.android.settings/.SubSettings,587,587]
04-20 16:31:35.931622   231   231 I sf_frame_dur: [com.android.settings/com.android.settings.Settings,40,8,1,0,1,1,2]
04-20 16:31:36.955452   964  1843 I am_home_stack_moved: [0,0,10,10,sourceStackToFront]
04-20 16:31:36.955758   964  1843 I wm_task_moved: [54,1,0]
04-20 16:31:36.961566   964  1843 I am_create_activity: [0,177593499,54,com.android.settings/.SubSettings,android.intent.action.MAIN,NULL,NULL,0]
04-20 16:31:36.964416   964  1843 I am_pause_activity: [0,175297205,com.android.settings/.SubSettings]
04-20 16:31:36.970107   964  1843 I am_home_stack_moved: [0,0,10,10,startedActivity setFocusedActivity]
04-20 16:31:36.970305   964  1843 I wm_task_moved: [54,1,0]
04-20 16:31:36.980244   964  1843 I am_focused_activity: [0,com.android.settings/.SubSettings]
04-20 16:31:36.986417 12919 12919 I sysui_view_visibility: [110,0]
04-20 16:31:36.999606 12919 12919 I am_on_paused_called: [0,com.android.settings.SubSettings]
04-20 16:31:37.007506   964  1582 I am_restart_activity: [0,177593499,54,com.android.settings/.SubSettings]
04-20 16:31:37.058918   964   981 I am_pss  : [14448,10010,com.google.android.gms,19335168,14180352]
04-20 16:31:37.296750 12919 12919 I sysui_view_visibility: [90,100]
04-20 16:31:37.297041 12919 12919 I am_on_resume_called: [0,com.android.settings.SubSettings]
04-20 16:31:37.586563   964   987 I am_activity_launch_time: [0,177593499,com.android.settings/.SubSettings,585,585]
04-20 16:31:37.818380   231   231 I sf_frame_dur: [com.android.settings/com.android.settings.SubSettings,41,2,1,0,0,1,0]
04-20 16:31:43.121883   964   964 I notification_cancel: [10022,1102,com.android.systemui,2131755032,low_battery,-1,0,64,8,NULL]
04-20 16:31:53.110978   964   964 I notification_cancel: [10022,1102,com.android.systemui,2131755032,low_battery,-1,0,64,8,NULL]
04-20 16:32:03.125537   964   964 I notification_cancel: [10022,1102,com.android.systemui,2131755032,low_battery,-1,0,64,8,NULL]
04-20 16:32:10.110384   964  1652 I battery_status: [4,2,1,0,Li-ion]
04-20 16:32:10.232676   964   964 I dvm_lock_sample: [system_server,1,main,91,ActivityManagerService.java,18200,BroadcastQueue.java,713,18]
04-20 16:32:10.238613   964   964 I notification_cancel: [10022,1102,com.android.systemui,2131755032,low_battery,-1,0,64,8,NULL]
04-20 16:32:10.258533   964   964 I notification_cancel: [10022,1102,com.android.systemui,2131755032,low_battery,-1,0,64,8,NULL]
04-20 16:32:10.398061   964   975 I am_proc_start: [0,14651,1000,com.fw.upgrade.sysoper,broadcast,com.fw.upgrade.sysoper/com.adups.fota.sysoper.TaskReceiver]
04-20 16:32:10.616585   964  2089 I am_proc_bound: [0,14651,com.fw.upgrade.sysoper]
04-20 16:32:10.637553   964   983 I dvm_lock_sample: [system_server,1,android.ui,14,ActivityManagerService.java,3932,-,6860,2]
04-20 16:32:10.874824   964   975 I am_proc_died: [0,14651,com.fw.upgrade.sysoper]
04-20 16:32:11.155775   964   964 I notification_cancel: [1000,964,android,17040347,NULL,-1,0,0,8,NULL]
04-20 16:32:11.156906   964   964 I notification_canceled: [-1|android|17040347|null|1000,8,70000,70000,0]
04-20 16:32:11.157585   964   964 I notification_cancel: [1000,964,android,17040353,NULL,-1,0,0,8,NULL]
04-20 16:32:11.158635   964   964 I notification_canceled: [-1|android|17040353|null|1000,8,69990,69990,69464]
04-20 16:32:14.768925   964  1023 I netstats_mobile_sample: [0,0,0,0,0,0,0,0,0,0,0,0,-1]
04-20 16:32:14.769984   964  1023 I netstats_wifi_sample: [156067,1593,295347,9846,123363,1275,247080,2550,123363,1275,247080,2550,-1]
04-20 16:32:20.265809   964   964 I notification_cancel: [10022,1102,com.android.systemui,2131755032,low_battery,-1,0,64,8,NULL]
04-20 16:32:20.760000  2031  2031 I auditd  : type=1400 audit(0.0:238): avc: denied { read } for comm="GpuAppSpectator" name="cmdline" dev="proc" ino=93128 scontext=u:r:gas_srv:s0 tcontext=u:r:system_app:s0 tclass=file permissive=1
04-20 16:32:20.760000  2031  2031 I auditd  : type=1400 audit(0.0:239): avc: denied { open } for comm="GpuAppSpectator" path="/proc/12919/cmdline" dev="proc" ino=93128 scontext=u:r:gas_srv:s0 tcontext=u:r:system_app:s0 tclass=file permissive=1
04-20 16:32:20.760000  2031  2031 I auditd  : type=1400 audit(0.0:240): avc: denied { getattr } for comm="GpuAppSpectator" path="/proc/12919/cmdline" dev="proc" ino=93128 scontext=u:r:gas_srv:s0 tcontext=u:r:system_app:s0 tclass=file permissive=1
04-20 16:32:30.265449   964   964 I notification_cancel: [10022,1102,com.android.systemui,2131755032,low_battery,-1,0,64,8,NULL]
04-20 16:32:40.284716   964   964 I notification_cancel: [10022,1102,com.android.systemui,2131755032,low_battery,-1,0,64,8,NULL]
04-20 16:32:45.968544   964   983 I configuration_changed: 1152
04-20 16:32:46.030528   964   983 I am_relaunch_resume_activity: [0,177593499,54,com.android.settings/.SubSettings]
04-20 16:32:46.034492 12919 12919 I sysui_view_visibility: [90,0]
04-20 16:32:46.086211   964  1844 I dvm_lock_sample: [system_server,1,Binder_B,51,ActivityManagerService.java,17501,-,18567,10]
04-20 16:32:46.105308 12919 12919 I am_on_paused_called: [0,com.android.settings.SubSettings]
04-20 16:32:46.293534   964  1670 I am_proc_start: [0,14671,10003,android.process.acore,content provider,com.android.providers.contacts/.ContactsProvider2]
04-20 16:32:46.349667   231   231 I sf_frame_dur: [com.android.settings/com.android.settings.SubSettings,42,1,0,0,1,1,1]
04-20 16:32:46.512158   964   976 I am_proc_bound: [0,14671,android.process.acore]
04-20 16:32:46.565299   964   981 I am_pss  : [14448,10010,com.google.android.gms,19364864,14249984]
04-20 16:32:46.594091   964   981 I am_pss  : [1618,1000,com.mediatek.nlpservice,4415488,3248128]
04-20 16:32:46.594360 12919 12919 I sysui_view_visibility: [90,100]
04-20 16:32:46.594631 12919 12919 I am_on_resume_called: [0,com.android.settings.SubSettings]
04-20 16:32:46.622997   964   981 I am_pss  : [1602,1001,com.mediatek.ims,4733952,3534848]
04-20 16:32:46.651262   964   981 I am_pss  : [1586,1001,com.mediatek.gba,3887104,2744320]
04-20 16:32:46.696322   964   981 I am_pss  : [1576,1001,com.android.phone,18270208,16629760]
04-20 16:32:46.744753   964   981 I am_pss  : [1102,10022,com.android.systemui,50867200,47062016]
04-20 16:32:46.840691   964   981 I am_pss  : [964,1000,system,61428736,58170368]
04-20 16:32:47.119709   964  8872 I am_proc_died: [0,14508,com.google.android.gms.wearable]
04-20 16:32:47.570231   964  1162 I battery_status: [2,2,1,2,Li-ion]
04-20 16:32:47.608066   964   964 I notification_cancel: [10022,1102,com.android.systemui,2131755032,low_battery,-1,0,64,8,NULL]
04-20 16:32:47.700508   964   990 I dvm_lock_sample: [system_server,1,PowerManagerService,51,PowerManagerService.java,2059,-,944,10]
04-20 16:32:47.880849   964   964 I notification_enqueue: [1000,964,android,17040347,NULL,-1,Notification(pri=-2 contentView=null vibrate=null sound=null tick defaults=0x0 flags=0x2 color=0xff607d8b vis=PUBLIC),0]
04-20 16:32:47.886459   964   964 I notification_enqueue: [1000,964,android,17040353,NULL,-1,Notification(pri=-1 contentView=null vibrate=null sound=null tick defaults=0x0 flags=0x2 color=0xff607d8b vis=PUBLIC),0]
04-20 16:32:47.997290   964  1843 I dvm_lock_sample: [system_server,1,Binder_A,6,PackageManagerService.java,3435,-,2995,1]
04-20 16:32:49.886647   964   964 I notification_cancel: [10022,1102,com.android.systemui,2131755032,low_battery,-1,0,64,8,NULL]
04-20 16:32:52.572841   964  1023 I netstats_mobile_sample: [0,0,0,0,0,0,0,0,0,0,0,0,-1]
04-20 16:32:52.574142   964  1023 I netstats_wifi_sample: [156067,1593,295347,9846,123363,1275,247080,2550,123363,1275,247080,2550,-1]
04-20 16:32:53.001893   964  1023 I netstats_mobile_sample: [0,0,0,0,0,0,0,0,0,0,0,0,-1]
04-20 16:32:53.003839   964  1023 I netstats_wifi_sample: [156067,1593,295347,9846,123363,1275,247080,2550,123363,1275,247080,2550,-1]
04-20 16:32:53.239176   964   964 I notification_enqueue: [1000,964,android,17303171,NULL,-1,Notification(pri=0 contentView=null vibrate=null sound=null defaults=0x0 flags=0x2 color=0xff607d8b category=status vis=PUBLIC),0]
04-20 16:32:53.300084   964  1023 I netstats_mobile_sample: [0,0,0,0,0,0,0,0,0,0,0,0,-1]
04-20 16:32:53.301514   964  1023 I netstats_wifi_sample: [156067,1593,295347,9846,123363,1275,247080,2550,123363,1275,247080,2550,-1]
04-20 16:32:53.415839   964  1747 I notification_expansion: [-1|android|17303171|null|1000,0,1,177,177,0]
04-20 16:32:53.417061   964  2088 I notification_expansion: [0|com.mediatek.security|1200|null|1000,0,0,2789464,2789464,112461]
04-20 16:32:53.598371   964   964 I notification_cancel: [10022,1102,com.android.systemui,2131755032,low_battery,-1,0,64,8,NULL]
04-20 16:32:54.767681   964   964 I notification_cancel: [10022,1102,com.android.systemui,2131755032,low_battery,-1,0,64,8,NULL]
04-20 16:32:57.197593   964  1747 I battery_status: [4,2,1,0,Li-ion]
04-20 16:32:57.197664   964  1747 I battery_level: [84,3964,300]
04-20 16:32:57.250091   964   964 I notification_cancel: [10022,1102,com.android.systemui,2131755032,low_battery,-1,0,64,8,NULL]
04-20 16:32:57.359204   964   964 I notification_cancel: [10022,1102,com.android.systemui,2131755032,low_battery,-1,0,64,8,NULL]
04-20 16:32:57.412476   964  1663 I am_proc_start: [0,14718,1000,com.fw.upgrade.sysoper,broadcast,com.fw.upgrade.sysoper/com.adups.fota.sysoper.TaskReceiver]
04-20 16:32:57.597372   964   976 I am_proc_bound: [0,14718,com.fw.upgrade.sysoper]
04-20 16:32:57.737853   964  1927 I am_proc_died: [0,14464,com.google.android.partnersetup]
04-20 16:32:57.895025   964   979 I am_proc_died: [0,14718,com.fw.upgrade.sysoper]
04-20 16:32:57.940000  2031  2031 I auditd  : type=1400 audit(0.0:241): avc: denied { read } for comm="GpuAppSpectator" name="cmdline" dev="proc" ino=93128 scontext=u:r:gas_srv:s0 tcontext=u:r:system_app:s0 tclass=file permissive=1
04-20 16:32:57.940000  2031  2031 I auditd  : type=1400 audit(0.0:242): avc: denied { open } for comm="GpuAppSpectator" path="/proc/12919/cmdline" dev="proc" ino=93128 scontext=u:r:gas_srv:s0 tcontext=u:r:system_app:s0 tclass=file permissive=1
04-20 16:32:57.940000  2031  2031 I auditd  : type=1400 audit(0.0:243): avc: denied { getattr } for comm="GpuAppSpectator" path="/proc/12919/cmdline" dev="proc" ino=93128 scontext=u:r:gas_srv:s0 tcontext=u:r:system_app:s0 tclass=file permissive=1
04-20 16:32:58.197499   964   964 I notification_cancel: [1000,964,android,17040347,NULL,-1,0,0,8,NULL]
04-20 16:32:58.203346   964   964 I notification_canceled: [-1|android|17040347|null|1000,8,10323,10323,0]
04-20 16:32:58.205623   964   964 I notification_cancel: [1000,964,android,17040353,NULL,-1,0,0,8,NULL]
04-20 16:32:58.210199   964   964 I notification_canceled: [-1|android|17040353|null|1000,8,10324,10324,0]
04-20 16:33:03.229775   964   981 I am_meminfo: [132644864,30113792,44855296,296083456,51894272]
04-20 16:33:03.265969   964   981 I am_pss  : [12919,1000,com.android.settings,62048256,57043968]
04-20 16:33:03.296837   964   981 I am_pss  : [9526,1002,com.android.bluetooth,16290816,14991360]
04-20 16:33:03.331764   964   981 I am_pss  : [1654,10014,com.android.launcher3,31988736,28204032]
04-20 16:33:03.371294   964   981 I am_pss  : [1493,10052,com.android.inputmethod.latin,14877696,12360704]
04-20 16:33:03.401663   964   981 I am_pss  : [14448,10010,com.google.android.gms,22203392,17854464]
04-20 16:33:03.430132   964   981 I am_pss  : [14581,10007,android.process.media,8934400,7290880]
04-20 16:33:03.459361   964   981 I am_pss  : [13110,10056,com.mediatek.mtklogger,7775232,6451200]
04-20 16:33:03.491604   964   981 I am_pss  : [2236,10010,com.google.process.gapps,17262592,14368768]
04-20 16:33:03.526447   964   981 I am_pss  : [1529,10010,com.google.android.gms.persistent,18692096,15278080]
04-20 16:33:03.555962   964   981 I am_pss  : [14671,10003,android.process.acore,13378560,11579392]
04-20 16:33:03.584663   964   981 I am_pss  : [14258,10016,com.android.mms,11472896,9482240]
04-20 16:33:03.612212   964   981 I am_pss  : [14604,10036,com.android.deskclock,7142400,5316608]
04-20 16:33:03.639882   964   981 I am_pss  : [14208,10072,org.simalliance.openmobileapi.uicc1terminal,5312512,4079616]
04-20 16:33:03.667274   964   981 I am_pss  : [11148,10075,org.simalliance.openmobileapi.eseterminal,5544960,4300800]
04-20 16:33:03.694827   964   981 I am_pss  : [11046,10073,org.simalliance.openmobileapi.uicc2terminal,5541888,4304896]
04-20 16:33:03.722666   964   981 I am_pss  : [14194,10070,org.simalliance.openmobileapi.service:remote,5413888,4157440]
04-20 16:33:03.750243   964   981 I am_pss  : [1618,1000,com.mediatek.nlpservice,4517888,3248128]
04-20 16:33:03.787562   964   981 I am_pss  : [1602,1001,com.mediatek.ims,4837376,3534848]
04-20 16:33:03.815700   964   981 I am_pss  : [1586,1001,com.mediatek.gba,3998720,2752512]
04-20 16:33:03.853922   964   981 I am_pss  : [1576,1001,com.android.phone,18388992,16658432]
04-20 16:33:03.882730   964   981 I am_pss  : [1483,10023,com.google.android.googlequicksearchbox:interactor,5049344,3764224]
04-20 16:33:03.926118   964   981 I am_pss  : [1102,10022,com.android.systemui,51156992,47283200]
04-20 16:33:04.011844   964   981 I am_pss  : [964,1000,system,58887168,56065024]
04-20 16:33:06.743860   964   964 I notification_cancel: [1000,964,android,17303171,NULL,-1,0,0,8,NULL]
04-20 16:33:06.745445   964   964 I notification_canceled: [-1|android|17303171|null|1000,8,13507,13507,0]
04-20 16:33:06.777747   964  1844 I notification_expansion: [0|com.mediatek.security|1200|null|1000,0,1,2802825,2802825,125822]
04-20 16:33:06.873224   964  1023 I netstats_mobile_sample: [0,0,0,0,0,0,0,0,0,0,0,0,-1]
04-20 16:33:06.874897   964  1023 I netstats_wifi_sample: [156067,1593,295347,9846,123363,1275,247080,2550,123363,1275,247080,2550,-1]
04-20 16:33:06.962749   964  1023 I netstats_mobile_sample: [0,0,0,0,0,0,0,0,0,0,0,0,-1]
04-20 16:33:06.963926   964  1023 I netstats_wifi_sample: [156067,1593,295347,9846,123363,1275,247080,2550,123363,1275,247080,2550,-1]
04-20 16:33:07.040878   964  1023 I netstats_mobile_sample: [0,0,0,0,0,0,0,0,0,0,0,0,-1]
04-20 16:33:07.041982   964  1023 I netstats_wifi_sample: [156067,1593,295347,9846,123363,1275,247080,2550,123363,1275,247080,2550,-1]
04-20 16:33:07.293296   964   964 I notification_cancel: [10022,1102,com.android.systemui,2131755032,low_battery,-1,0,64,8,NULL]
04-20 16:33:16.379503   964  1162 I battery_status: [2,2,1,2,Li-ion]
04-20 16:33:16.499055   964   964 I dvm_lock_sample: [system_server,1,main,94,ActivityManagerService.java,18200,BroadcastQueue.java,713,18]
04-20 16:33:16.507394   964   964 I notification_cancel: [10022,1102,com.android.systemui,2131755032,low_battery,-1,0,64,8,NULL]
04-20 16:33:16.634015   964   981 I dvm_lock_sample: [system_server,0,android.bg,45,ActivityManagerService.java,2257,-,16878,9]
04-20 16:33:16.634204   964   981 I am_pss  : [12919,1000,com.android.settings,62801920,57797632]
04-20 16:33:16.695007   964   964 I notification_enqueue: [1000,964,android,17040347,NULL,-1,Notification(pri=-2 contentView=null vibrate=null sound=null tick defaults=0x0 flags=0x2 color=0xff607d8b vis=PUBLIC),0]
04-20 16:33:16.713534   964   964 I notification_enqueue: [1000,964,android,17040353,NULL,-1,Notification(pri=-1 contentView=null vibrate=null sound=null tick defaults=0x0 flags=0x2 color=0xff607d8b vis=PUBLIC),0]
04-20 16:33:18.576538  1102  1102 I sysui_panelholder_touch: [0,716,5]
04-20 16:33:18.587857  1102  1102 I sysui_count: [panel_open,1]
04-20 16:33:18.591192  1102  1102 I sysui_histogram: [note_load,3]
04-20 16:33:18.591911   964  1162 I notification_panel_revealed: 3
04-20 16:33:18.597718   964  1844 I notification_visibility: [0|com.mediatek.security|1200|null|1000,1,2814645,2814645,0,0]
04-20 16:33:18.749168   964   964 I notification_cancel: [10022,1102,com.android.systemui,2131755032,low_battery,-1,0,64,8,NULL]
04-20 16:33:19.132942   964  2089 I notification_visibility: [-1|android|17040353|null|1000,1,2420,2420,0,1]
04-20 16:33:19.133205   964  2089 I notification_visibility: [-1|android|17040347|null|1000,1,2439,2439,0,2]
04-20 16:33:20.582708   964  2089 I notification_visibility: [0|com.mediatek.security|1200|null|1000,0,2816630,2816630,0,0]
04-20 16:33:20.583147   964  2089 I notification_visibility: [-1|android|17040353|null|1000,0,3871,3871,0,1]
04-20 16:33:20.583519   964  2089 I notification_visibility: [-1|android|17040347|null|1000,0,3889,3889,0,2]
04-20 16:33:20.585361   964  1162 I notification_panel_hidden: []
04-20 16:33:20.595416   964  8871 I am_home_stack_moved: [0,0,10,10,startingNewTask]
04-20 16:33:20.602933   964  8871 I wm_task_moved: [54,1,0]
04-20 16:33:20.614653   964  8871 I am_create_task: [0,61]
04-20 16:33:20.615693   964  8871 I am_create_activity: [0,259199957,61,com.android.settings/.deviceinfo.UsbModeChooserActivity,android.intent.action.MAIN,NULL,NULL,276856832]
04-20 16:33:20.616736   964  8871 I wm_task_created: [61,10]
04-20 16:33:20.616965   964  8871 I wm_task_moved: [61,1,1]
04-20 16:33:20.650353   964  8871 I am_pause_activity: [0,177593499,com.android.settings/.SubSettings]
04-20 16:33:20.652797 12919 12919 I sysui_view_visibility: [90,0]
04-20 16:33:20.658253   964  8871 I am_home_stack_moved: [0,0,10,10,startedActivity setFocusedActivity]
04-20 16:33:20.658506   964  8871 I wm_task_moved: [61,1,1]
04-20 16:33:20.669808   964  8871 I am_focused_activity: [0,com.android.settings/.deviceinfo.UsbModeChooserActivity]
04-20 16:33:20.676581 12919 12919 I am_on_paused_called: [0,com.android.settings.SubSettings]
04-20 16:33:20.678015   964  1670 I notification_clicked: [-1|android|17040347|null|1000,3983,3983,1544]
04-20 16:33:20.679061   964   964 I notification_cancel: [10022,1102,android,17040347,NULL,-1,16,64,1,NULL]
04-20 16:33:20.679273   964   964 I sysui_histogram: [note_click_longevity,0]
04-20 16:33:20.686762   964  1652 I am_restart_activity: [0,259199957,61,com.android.settings/.deviceinfo.UsbModeChooserActivity]
04-20 16:33:20.828328 12919 12919 I am_on_resume_called: [0,com.android.settings.deviceinfo.UsbModeChooserActivity]
04-20 16:33:21.129654   964   987 I am_activity_launch_time: [0,259199957,com.android.settings/.deviceinfo.UsbModeChooserActivity,448,448]
04-20 16:33:22.321113   964  1747 I am_finish_activity: [0,259199957,61,com.android.settings/.deviceinfo.UsbModeChooserActivity,app-request]
04-20 16:33:22.323486   964  1747 I am_home_stack_moved: [0,0,10,10,finishActivity adjustFocus setFocusedActivity]
04-20 16:33:22.323710   964  1747 I wm_task_moved: [61,1,1]
04-20 16:33:22.332925   964  1747 I am_focused_activity: [0,com.android.settings/.SubSettings]
04-20 16:33:22.361888   964  1747 I am_pause_activity: [0,259199957,com.android.settings/.deviceinfo.UsbModeChooserActivity]
04-20 16:33:22.372766 12919 12919 I am_on_paused_called: [0,com.android.settings.deviceinfo.UsbModeChooserActivity]
04-20 16:33:22.386913   964  1670 I am_resume_activity: [0,177593499,54,com.android.settings/.SubSettings]
04-20 16:33:22.468064 12919 12919 I sysui_view_visibility: [90,100]
04-20 16:33:22.468480 12919 12919 I am_on_resume_called: [0,com.android.settings.SubSettings]
04-20 16:33:22.509997   964  1652 I am_destroy_activity: [0,259199957,61,com.android.settings/.deviceinfo.UsbModeChooserActivity,finish-imm]
04-20 16:33:22.523890   231   231 I sf_frame_dur: [com.android.settings/com.android.settings.deviceinfo.UsbModeChooserActivity,0,0,0,0,1,0,0]
04-20 16:33:22.697771   964  8871 I wm_task_removed: [61,removeAppToken: last token]
04-20 16:33:22.697945   964  8871 I wm_task_removed: [61,removeTask]
04-20 16:33:22.722151   964   964 I notification_cancel: [1000,964,android,17040347,NULL,-1,0,0,8,NULL]
04-20 16:33:22.723409   964   964 I notification_canceled: [-1|android|17040347|null|1000,8,6029,6029,3590]
04-20 16:33:22.729643   964   964 I notification_enqueue: [1000,964,android,17040348,NULL,-1,Notification(pri=-2 contentView=null vibrate=null sound=null tick defaults=0x0 flags=0x2 color=0xff607d8b vis=PUBLIC),0]
04-20 16:33:23.070000  2031  2031 I auditd  : type=1400 audit(0.0:244): avc: denied { read } for comm="GpuAppSpectator" name="cmdline" dev="proc" ino=93128 scontext=u:r:gas_srv:s0 tcontext=u:r:system_app:s0 tclass=file permissive=1
04-20 16:33:23.070000  2031  2031 I auditd  : type=1400 audit(0.0:245): avc: denied { open } for comm="GpuAppSpectator" path="/proc/12919/cmdline" dev="proc" ino=93128 scontext=u:r:gas_srv:s0 tcontext=u:r:system_app:s0 tclass=file permissive=1
04-20 16:33:23.070000  2031  2031 I auditd  : type=1400 audit(0.0:246): avc: denied { getattr } for comm="GpuAppSpectator" path="/proc/12919/cmdline" dev="proc" ino=93128 scontext=u:r:gas_srv:s0 tcontext=u:r:system_app:s0 tclass=file permissive=1
04-20 16:33:23.609330   964   964 I notification_cancel: [10022,1102,com.android.systemui,2131755032,low_battery,-1,0,64,8,NULL]
04-20 16:33:23.831641   964   976 I am_finish_activity: [0,177593499,54,com.android.settings/.SubSettings,app-request]
04-20 16:33:23.834025   964   976 I am_home_stack_moved: [0,0,10,10,finishActivity adjustFocus setFocusedActivity]
04-20 16:33:23.834244   964   976 I wm_task_moved: [54,1,0]
04-20 16:33:23.839846   964   976 I am_focused_activity: [0,com.android.settings/.SubSettings]
04-20 16:33:23.841684   964   976 I am_pause_activity: [0,177593499,com.android.settings/.SubSettings]
04-20 16:33:23.847386 12919 12919 I sysui_view_visibility: [90,0]
04-20 16:33:23.851833 12919 12919 I am_on_paused_called: [0,com.android.settings.SubSettings]
04-20 16:33:23.859955   964  8872 I am_relaunch_resume_activity: [0,175297205,54,com.android.settings/.SubSettings]
04-20 16:33:23.903733   964   981 I am_pss  : [9526,1002,com.android.bluetooth,16385024,15085568]
04-20 16:33:23.942550   964   981 I am_pss  : [1493,10052,com.android.inputmethod.latin,14879744,12364800]
04-20 16:33:23.984378   964   981 I am_pss  : [13110,10056,com.mediatek.mtklogger,7877632,6553600]
04-20 16:33:24.025856   964   981 I am_pss  : [2236,10010,com.google.process.gapps,17280000,14385152]
04-20 16:33:24.073037   964   981 I am_pss  : [1529,10010,com.google.android.gms.persistent,18752512,15339520]
04-20 16:33:24.107467   964   981 I am_pss  : [14258,10016,com.android.mms,11469824,9474048]
04-20 16:33:24.140927   964   981 I am_pss  : [14208,10072,org.simalliance.openmobileapi.uicc1terminal,5313536,4079616]
04-20 16:33:24.176068   964   981 I am_pss  : [11148,10075,org.simalliance.openmobileapi.eseterminal,5545984,4300800]
04-20 16:33:24.208803   964   981 I am_pss  : [11046,10073,org.simalliance.openmobileapi.uicc2terminal,5542912,4304896]
04-20 16:33:24.239033   964   981 I am_pss  : [14194,10070,org.simalliance.openmobileapi.service:remote,5414912,4157440]
04-20 16:33:24.273193   964   981 I am_pss  : [1483,10023,com.google.android.googlequicksearchbox:interactor,5050368,3764224]
04-20 16:33:24.274796 12919 12919 I sysui_view_visibility: [110,100]
04-20 16:33:24.309461 12919 12919 I am_on_resume_called: [0,com.android.settings.SubSettings]
04-20 16:33:24.745807   964   964 I notification_cancel: [10022,1102,com.android.systemui,2131755032,low_battery,-1,0,64,8,NULL]
04-20 16:33:24.804718   964   982 I am_destroy_activity: [0,177593499,54,com.android.settings/.SubSettings,finish-imm]
04-20 16:33:24.816541   231   231 I sf_frame_dur: [com.android.settings/com.android.settings.SubSettings,199,6,2,2,2,0,7]
04-20 16:33:25.804112   964  1652 I am_finish_activity: [0,175297205,54,com.android.settings/.SubSettings,app-request]
04-20 16:33:25.807680   964  1652 I am_home_stack_moved: [0,0,10,10,finishActivity adjustFocus setFocusedActivity]
04-20 16:33:25.807969   964  1652 I wm_task_moved: [54,1,0]
04-20 16:33:25.818784   964  1652 I am_focused_activity: [0,com.android.settings/.Settings]
04-20 16:33:25.821643   964  1652 I am_pause_activity: [0,175297205,com.android.settings/.SubSettings]
04-20 16:33:25.829392 12919 12919 I sysui_view_visibility: [110,0]
04-20 16:33:25.845630 12919 12919 I am_on_paused_called: [0,com.android.settings.SubSettings]
04-20 16:33:25.854766   964   979 I am_relaunch_resume_activity: [0,79295855,54,com.android.settings/.Settings]
04-20 16:33:26.048463 12919 12919 I sysui_view_visibility: [1,100]
04-20 16:33:26.072146 12919 12919 I sysui_view_visibility: [35,100]
04-20 16:33:26.074753 12919 12919 I am_on_resume_called: [0,com.android.settings.Settings]
04-20 16:33:26.819885   964   982 I am_destroy_activity: [0,175297205,54,com.android.settings/.SubSettings,finish-imm]
04-20 16:33:26.832554   231   231 I sf_frame_dur: [com.android.settings/com.android.settings.SubSettings,9,1,1,1,1,0,1]
04-20 16:33:27.656130   964  1747 I am_finish_activity: [0,79295855,54,com.android.settings/.Settings,app-request]
04-20 16:33:27.693858   964  1747 I am_pause_activity: [0,79295855,com.android.settings/.Settings]
04-20 16:33:27.702762 12919 12919 I sysui_view_visibility: [35,0]
04-20 16:33:27.704155 12919 12919 I sysui_view_visibility: [1,0]
04-20 16:33:27.708669 12919 12919 I am_on_paused_called: [0,com.android.settings.Settings]
04-20 16:33:27.710537   964  1162 I am_home_stack_moved: [0,1,0,0,noMoreActivities setFocusedActivity]
04-20 16:33:27.710876   964  1162 I wm_task_moved: [31,1,0]
04-20 16:33:27.721258   964  1162 I am_focused_activity: [0,com.android.launcher3/.Launcher]
04-20 16:33:27.737481   964  1162 I am_relaunch_resume_activity: [0,104862808,31,com.android.launcher3/.Launcher]
04-20 16:33:27.745668   964   982 I am_destroy_activity: [0,79295855,54,com.android.settings/.Settings,finish-imm]
04-20 16:33:27.828994   964   976 I am_home_stack_moved: [0,1,0,0,activityDestroyed leftTaskHistoryEmpty]
04-20 16:33:28.061590   964   982 I am_proc_start: [0,14782,10023,com.google.android.googlequicksearchbox:search,broadcast,com.google.android.googlequicksearchbox/.SearchWidgetProvider]
04-20 16:33:28.080192  1654  1654 I am_on_resume_called: [0,com.android.launcher3.Launcher]
04-20 16:33:28.281080   964  1843 I am_proc_bound: [0,14782,com.google.android.googlequicksearchbox:search]
04-20 16:33:28.331388   964  1843 I am_proc_died: [0,14604,com.android.deskclock]
04-20 16:33:28.586754   964  1844 I am_proc_died: [0,14671,android.process.acore]
04-20 16:33:28.841783   964   976 I am_proc_died: [0,14448,com.google.android.gms]
04-20 16:33:29.077736  1102  1102 I sysui_panelholder_touch: [0,731,5]
04-20 16:33:29.082020  1102  1102 I sysui_count: [panel_open,1]
04-20 16:33:29.096668  1102  1102 I sysui_histogram: [note_load,3]
04-20 16:33:29.104044   964  1652 I dvm_lock_sample: [system_server,1,Binder_6,14,UserManagerService.java,414,PackageManagerService.java,4977,2]
04-20 16:33:29.104886   964  2089 I notification_panel_revealed: 3
04-20 16:33:29.116054   964  2088 I notification_visibility: [0|com.mediatek.security|1200|null|1000,1,2825163,2825163,0,0]
04-20 16:33:29.249468   964   987 I wm_stack_removed: 10
04-20 16:33:29.252047   964   987 I wm_task_removed: [54,removeAppToken: last token]
04-20 16:33:29.252195   964   987 I wm_task_removed: [54,removeTask]
04-20 16:33:29.256530   231   231 I sf_frame_dur: [com.android.settings/com.android.settings.Settings,0,0,1,0,0,0,1]
04-20 16:33:29.609512   964  1162 I dvm_lock_sample: [system_server,1,Binder_4,339,UserManagerService.java,414,PackageManagerService.java,5707,67]
04-20 16:33:29.609993   964  1927 I dvm_lock_sample: [system_server,1,Binder_C,326,UserManagerService.java,414,PackageManagerService.java,5707,65]
04-20 16:33:29.648844   964  1670 I am_proc_start: [0,14801,10013,com.google.android.partnersetup,content provider,com.google.android.partnersetup/.RlzAppProvider]
04-20 16:33:29.654111   964  2089 I dvm_lock_sample: [system_server,1,Binder_E,213,ActivityManagerService.java,10272,-,10272,42]
04-20 16:33:29.656715   964   976 I dvm_lock_sample: [system_server,1,Binder_2,205,ActivityManagerService.java,17352,-,10272,41]
04-20 16:33:29.668311   964  1844 I notification_visibility: [-1|android|17040353|null|1000,1,12956,12956,0,1]
04-20 16:33:29.925603   964  1844 I am_proc_bound: [0,14801,com.google.android.partnersetup]
04-20 16:33:29.947855   964  1652 I dvm_lock_sample: [system_server,1,Binder_6,17,UserManagerService.java,414,PackageManagerService.java,2995,3]
04-20 16:33:30.176406   964  8871 I notification_visibility: [-1|android|17040348|null|1000,1,7448,7448,0,2]
04-20 16:33:31.275047   964  1747 I notification_visibility: [0|com.mediatek.security|1200|null|1000,0,2827322,2827322,0,0]
04-20 16:33:31.275403   964  1747 I notification_visibility: [-1|android|17040348|null|1000,0,8547,8547,0,2]
04-20 16:33:31.275686   964  1747 I notification_visibility: [-1|android|17040353|null|1000,0,14563,14563,0,1]
04-20 16:33:31.276693   964  2089 I notification_panel_hidden: []
04-20 16:33:32.128064   964  2089 I wm_stack_created: [11,0,0,0,0]
04-20 16:33:32.141344   964  2089 I am_home_stack_moved: [0,0,11,11,startingNewTask]
04-20 16:33:32.141816   964  2089 I am_create_task: [0,62]
04-20 16:33:32.142949   964  2089 I am_create_activity: [0,264939726,62,com.android.contacts/.activities.PeopleActivity,android.intent.action.MAIN,NULL,NULL,270532608]
04-20 16:33:32.151111   964  2089 I wm_task_created: [62,11]
04-20 16:33:32.151431   964  2089 I wm_task_moved: [62,1,0]
04-20 16:33:32.153292   964  2089 I am_pause_activity: [0,104862808,com.android.launcher3/.Launcher]
04-20 16:33:32.162192   964  2089 I am_home_stack_moved: [0,0,11,11,startedActivity setFocusedActivity]
04-20 16:33:32.162553   964  2089 I wm_task_moved: [62,1,0]
04-20 16:33:32.171249   964  2089 I am_focused_activity: [0,com.android.contacts/.activities.PeopleActivity]
04-20 16:33:32.186193  1654  1654 I am_on_paused_called: [0,com.android.launcher3.Launcher]
