04-20 16:35:53.950000  1067  1067 I auditd  : type=1400 audit(0.0:258): avc: denied { open } for comm="PhotonicModulat" path="/sys/devices/platform/leds-mt65xx/leds/lcd-backlight/brightness" dev="sysfs" ino=11474 scontext=u:r:system_server:s0 tcontext=u:object_r:sys_lcd_brightness_file:s0 tclass=file permissive=1
04-20 16:35:57.300368  2236  2236 I sqlite_mem_released: 10240
04-20 16:35:57.300855  2236  2236 I force_gc: mem
04-20 16:36:00.084996   964   981 I am_pss  : [15287,1000,com.android.settings,30092288,25588736]
04-20 16:36:00.121072   964   981 I am_pss  : [15524,10010,com.google.android.gms,18784256,13598720]
04-20 16:36:00.151082   964   981 I am_pss  : [15577,10010,com.google.android.gms.wearable,11883520,7340032]
04-20 16:36:00.191773   964   981 I am_pss  : [15541,10007,android.process.media,11264000,9494528]
04-20 16:36:00.968662   964   990 I power_sleep_requested: 0
04-20 16:36:01.066723   964   964 I am_pause_activity: [0,234905232,com.mediatek.mtklogger/.MainActivity]
04-20 16:36:01.123391   964   983 I dvm_lock_sample: [system_server,1,android.ui,46,ActivityManagerService.java,3932,-,11171,9]
04-20 16:36:01.126579 13110 13110 I am_on_paused_called: [0,com.mediatek.mtklogger.MainActivity]
04-20 16:36:01.131589   964   982 I am_focused_activity: [0,com.mediatek.mtklogger/.MainActivity]
04-20 16:36:01.235381   964   979 I am_proc_died: [0,15577,com.google.android.gms.wearable]
04-20 16:36:01.375611   964   979 I am_proc_died: [0,15524,com.google.android.gms]
04-20 16:36:01.389086   964   979 I am_low_memory: 20
04-20 16:36:01.741851   964   964 I power_screen_state: [0,3,0,0]
04-20 16:36:01.741914   964   964 I screen_toggled: 0
04-20 16:36:01.742004   964   964 I sysui_histogram: [screen_timeout,60]
04-20 16:36:01.743026   964   964 I power_screen_broadcast_send: 1
04-20 16:36:01.744441   964  1663 I notification_visibility: [-1|android|17040348|null|1000,0,61542,61542,0,1]
04-20 16:36:01.744748   964  1663 I notification_visibility: [-1|android|17040353|null|1000,0,61525,61525,0,0]
04-20 16:36:01.745827   964  1843 I notification_panel_hidden: []
04-20 16:36:01.942900   964   964 I power_screen_broadcast_done: [0,200,1]
04-20 16:36:02.211181   964   964 I notification_cancel: [10022,1102,com.android.systemui,2131755032,low_battery,-1,0,64,8,NULL]
04-20 16:36:06.054100   964  1652 I notification_expansion: [-1|android|17040353|null|1000,0,0,65835,65835,64599]
04-20 16:36:06.078283  1102  1102 I sysui_status_bar_state: [1,1,0,0,0,1]
04-20 16:36:06.145325   231   231 I sf_frame_dur: [NavigationBar,576,13,3,5,3,5,7]
04-20 16:36:11.603113   964   964 I force_gc: mem
04-20 16:36:12.227542   964   964 I notification_cancel: [10022,1102,com.android.systemui,2131755032,low_battery,-1,0,64,8,NULL]
04-20 16:36:17.254877  1102  1102 I sqlite_mem_released: 0
04-20 16:36:17.256805  1102  1102 I force_gc: mem
04-20 16:36:22.202081   964   964 I notification_cancel: [10022,1102,com.android.systemui,2131755032,low_battery,-1,0,64,8,NULL]
04-20 16:36:27.246855  1483  1483 I sqlite_mem_released: 0
04-20 16:36:27.247000  1483  1483 I force_gc: mem
04-20 16:36:32.211704   964   964 I notification_cancel: [10022,1102,com.android.systemui,2131755032,low_battery,-1,0,64,8,NULL]
04-20 16:36:37.263514  1576  1576 I sqlite_mem_released: 0
04-20 16:36:37.263659  1576  1576 I force_gc: mem
04-20 16:36:42.168018   964  1927 I battery_level: [85,3919,310]
04-20 16:36:42.278302   964   964 I notification_cancel: [10022,1102,com.android.systemui,2131755032,low_battery,-1,0,64,8,NULL]
04-20 16:36:47.271683  1586  1586 I sqlite_mem_released: 0
04-20 16:36:47.271821  1586  1586 I force_gc: mem
04-20 16:36:52.312923   964   964 I notification_cancel: [10022,1102,com.android.systemui,2131755032,low_battery,-1,0,64,8,NULL]
04-20 16:36:57.352115  1602  1602 I sqlite_mem_released: 0
04-20 16:36:57.352255  1602  1602 I force_gc: mem
04-20 16:37:02.208231   964   964 I notification_cancel: [10022,1102,com.android.systemui,2131755032,low_battery,-1,0,64,8,NULL]
04-20 16:37:07.259113  1618  1618 I force_gc: mem
04-20 16:37:12.213259   964   964 I notification_cancel: [10022,1102,com.android.systemui,2131755032,low_battery,-1,0,64,8,NULL]
04-20 16:37:17.257671  1529  1529 I sqlite_mem_released: 0
04-20 16:37:17.257810  1529  1529 I force_gc: mem
04-20 16:37:22.202907   964   964 I notification_cancel: [10022,1102,com.android.systemui,2131755032,low_battery,-1,0,64,8,NULL]
04-20 16:37:27.249275  2236  2236 I sqlite_mem_released: 0
04-20 16:37:27.249418  2236  2236 I force_gc: mem
04-20 16:37:32.210740   964   964 I notification_cancel: [10022,1102,com.android.systemui,2131755032,low_battery,-1,0,64,8,NULL]
04-20 16:37:37.257100  1493  1493 I sqlite_mem_released: 0
04-20 16:37:37.257271  1493  1493 I force_gc: mem
04-20 16:37:42.213331   964   964 I notification_cancel: [10022,1102,com.android.systemui,2131755032,low_battery,-1,0,64,8,NULL]
04-20 16:37:47.265161  9526  9526 I sqlite_mem_released: 0
04-20 16:37:47.265366  9526  9526 I force_gc: mem
04-20 16:37:52.210806   964   964 I notification_cancel: [10022,1102,com.android.systemui,2131755032,low_battery,-1,0,64,8,NULL]
04-20 16:37:57.256784 13110 13110 I sqlite_mem_released: 0
04-20 16:37:57.259045 13110 13110 I force_gc: mem
04-20 16:38:00.140438   964   981 I am_pss  : [13110,10056,com.mediatek.mtklogger,38762496,35349504]
04-20 16:38:02.217605   964   964 I notification_cancel: [10022,1102,com.android.systemui,2131755032,low_battery,-1,0,64,8,NULL]
04-20 16:38:07.240021 14194 14194 I sqlite_mem_released: 0
04-20 16:38:07.241009 14194 14194 I force_gc: mem
04-20 16:38:12.203382   964   964 I notification_cancel: [10022,1102,com.android.systemui,2131755032,low_battery,-1,0,64,8,NULL]
04-20 16:38:17.249475 11046 11046 I sqlite_mem_released: 0
04-20 16:38:17.249665 11046 11046 I force_gc: mem
04-20 16:38:22.200897   964   964 I notification_cancel: [10022,1102,com.android.systemui,2131755032,low_battery,-1,0,64,8,NULL]
04-20 16:38:27.249734 11148 11148 I sqlite_mem_released: 0
04-20 16:38:27.249933 11148 11148 I force_gc: mem
04-20 16:38:32.215835   964   964 I notification_cancel: [10022,1102,com.android.systemui,2131755032,low_battery,-1,0,64,8,NULL]
04-20 16:38:37.268259 14208 14208 I sqlite_mem_released: 0
04-20 16:38:37.269127 14208 14208 I force_gc: mem
04-20 16:38:42.203934   964   964 I notification_cancel: [10022,1102,com.android.systemui,2131755032,low_battery,-1,0,64,8,NULL]
04-20 16:38:47.250567 14258 14258 I sqlite_mem_released: 0
04-20 16:38:47.251278 14258 14258 I force_gc: mem
04-20 16:38:52.211045   964   964 I notification_cancel: [10022,1102,com.android.systemui,2131755032,low_battery,-1,0,64,8,NULL]
04-20 16:38:57.253312  1654  1654 I sqlite_mem_released: 0
04-20 16:38:57.255066  1654  1654 I force_gc: mem
04-20 16:39:02.213245   964   964 I notification_cancel: [10022,1102,com.android.systemui,2131755032,low_battery,-1,0,64,8,NULL]
04-20 16:39:07.256392 15287 15287 I force_gc: mem
04-20 16:39:12.213481   964   964 I notification_cancel: [10022,1102,com.android.systemui,2131755032,low_battery,-1,0,64,8,NULL]
04-20 16:39:17.254869 15541 15541 I sqlite_mem_released: 204800
04-20 16:39:17.255581 15541 15541 I force_gc: mem
04-20 16:39:22.210906   964   964 I notification_cancel: [10022,1102,com.android.systemui,2131755032,low_battery,-1,0,64,8,NULL]
04-20 16:39:32.208057   964   964 I notification_cancel: [10022,1102,com.android.systemui,2131755032,low_battery,-1,0,64,8,NULL]
04-20 16:39:42.213215   964   964 I notification_cancel: [10022,1102,com.android.systemui,2131755032,low_battery,-1,0,64,8,NULL]
04-20 16:39:52.213492   964   964 I notification_cancel: [10022,1102,com.android.systemui,2131755032,low_battery,-1,0,64,8,NULL]
04-20 16:40:02.215976   964   964 I notification_cancel: [10022,1102,com.android.systemui,2131755032,low_battery,-1,0,64,8,NULL]
04-20 16:40:12.213452   964   964 I notification_cancel: [10022,1102,com.android.systemui,2131755032,low_battery,-1,0,64,8,NULL]
04-20 16:40:22.223657   964   964 I notification_cancel: [10022,1102,com.android.systemui,2131755032,low_battery,-1,0,64,8,NULL]
04-20 16:40:32.212209   964   964 I notification_cancel: [10022,1102,com.android.systemui,2131755032,low_battery,-1,0,64,8,NULL]
04-20 16:40:42.225075   964   964 I notification_cancel: [10022,1102,com.android.systemui,2131755032,low_battery,-1,0,64,8,NULL]
04-20 16:40:52.210840   964   964 I notification_cancel: [10022,1102,com.android.systemui,2131755032,low_battery,-1,0,64,8,NULL]
04-20 16:41:02.223178   964   964 I notification_cancel: [10022,1102,com.android.systemui,2131755032,low_battery,-1,0,64,8,NULL]
04-20 16:41:12.205152   964   964 I notification_cancel: [10022,1102,com.android.systemui,2131755032,low_battery,-1,0,64,8,NULL]
04-20 16:41:39.367015   964   964 I power_screen_state: [1,0,0,0]
04-20 16:41:39.367153   964   964 I screen_toggled: 1
04-20 16:41:39.368107   964   964 I power_screen_broadcast_send: 1
04-20 16:41:39.372540  1102  1102 I sysui_histogram: [note_load,2]
04-20 16:41:39.373986   964  1670 I notification_panel_revealed: 2
04-20 16:41:39.379263   964  1663 I notification_visibility: [-1|android|17040353|null|1000,1,399160,399160,0,0]
04-20 16:41:39.709413   231   231 I sf_frame_dur: [ColorFade,15,7,2,1,0,0,0]
04-20 16:41:39.869812   964   964 I power_screen_broadcast_done: [1,502,1]
04-20 16:41:40.663547  1102  1102 I sysui_lockscreen_gesture: [1,353,2933]
04-20 16:41:40.771497   964  1843 I notification_visibility: [-1|android|17040353|null|1000,0,400552,400552,0,0]
04-20 16:41:40.772318   964  1582 I notification_panel_hidden: []
04-20 16:41:40.777857  1102  1102 I screen_toggled: 2
04-20 16:41:40.781298  1102  1102 I screen_toggled: 2
04-20 16:41:40.807680   964  8871 I am_resume_activity: [0,234905232,69,com.mediatek.mtklogger/.MainActivity]
04-20 16:41:40.860752 13110 13110 I am_on_resume_called: [0,com.mediatek.mtklogger.MainActivity]
04-20 16:41:40.881129   964   979 I notification_expansion: [-1|android|17040353|null|1000,0,1,400662,400662,1502]
04-20 16:41:40.893363  1102  1102 I sysui_status_bar_state: [0,0,0,0,0,1]
04-20 16:41:41.109889  1102  1102 I sysui_panelholder_touch: [0,709,0]
04-20 16:41:41.114115  1102  1102 I sysui_count: [panel_open,1]
04-20 16:41:41.116462  1102  1102 I sysui_histogram: [note_load,2]
04-20 16:41:41.117031   964  1162 I notification_panel_revealed: 2
04-20 16:41:41.121107   964  1652 I notification_visibility: [-1|android|17040353|null|1000,1,400902,400902,0,0]
04-20 16:41:42.201392   964   964 I notification_cancel: [10022,1102,com.android.systemui,2131755032,low_battery,-1,0,64,8,NULL]
04-20 16:41:43.035881   964  8871 I notification_visibility: [-1|android|17040353|null|1000,0,402816,402816,0,0]
04-20 16:41:43.036910   964  1844 I notification_panel_hidden: []
04-20 16:41:44.475818   964  1843 I am_finish_activity: [0,234905232,69,com.mediatek.mtklogger/.MainActivity,app-request]
04-20 16:41:44.478086   964  1843 I am_home_stack_moved: [0,0,14,14,finishActivity adjustFocus setFocusedActivity]
04-20 16:41:44.478419   964  1843 I wm_task_moved: [69,1,1]
04-20 16:41:44.486714   964  1843 I am_focused_activity: [0,com.android.settings/.SubSettings]
04-20 16:41:44.515380   964  1843 I am_pause_activity: [0,234905232,com.mediatek.mtklogger/.MainActivity]
04-20 16:41:44.525646 13110 13110 I am_on_paused_called: [0,com.mediatek.mtklogger.MainActivity]
04-20 16:41:44.571435   964  8872 I configuration_changed: 1152
04-20 16:41:44.648869   964  8872 I am_resume_activity: [0,44512204,67,com.android.settings/.SubSettings]
04-20 16:41:44.800505 15287 15287 I sysui_view_visibility: [90,100]
04-20 16:41:44.800958 15287 15287 I am_on_resume_called: [0,com.android.settings.SubSettings]
04-20 16:41:44.924339   964  1582 I am_proc_start: [0,15618,10003,android.process.acore,content provider,com.android.providers.contacts/.ContactsProvider2]
04-20 16:41:45.142279   231   231 I sf_frame_dur: [com.mediatek.mtklogger/com.mediatek.mtklogger.MainActivity,1,2,1,1,2,6,5]
04-20 16:41:45.195256   964  1663 I am_proc_bound: [0,15618,android.process.acore]
04-20 16:41:45.253319   964  2088 I am_destroy_activity: [0,234905232,69,com.mediatek.mtklogger/.MainActivity,finish-imm]
04-20 16:41:45.240000  2031  2031 I auditd  : type=1400 audit(0.0:259): avc: denied { read } for comm="GpuAppSpectator" name="cmdline" dev="proc" ino=104887 scontext=u:r:gas_srv:s0 tcontext=u:r:system_app:s0 tclass=file permissive=1
04-20 16:41:45.240000  2031  2031 I auditd  : type=1400 audit(0.0:260): avc: denied { open } for comm="GpuAppSpectator" path="/proc/15287/cmdline" dev="proc" ino=104887 scontext=u:r:gas_srv:s0 tcontext=u:r:system_app:s0 tclass=file permissive=1
04-20 16:41:45.240000  2031  2031 I auditd  : type=1400 audit(0.0:261): avc: denied { getattr } for comm="GpuAppSpectator" path="/proc/15287/cmdline" dev="proc" ino=104887 scontext=u:r:gas_srv:s0 tcontext=u:r:system_app:s0 tclass=file permissive=1
04-20 16:41:45.563682   964  1843 I wm_task_removed: [69,removeAppToken: last token]
04-20 16:41:45.579177   964  1843 I wm_task_removed: [69,removeTask]
04-20 16:41:49.858250   964  1843 I am_proc_died: [0,15618,android.process.acore]
04-20 16:41:49.865094   964  1843 I am_low_memory: 20
04-20 16:41:50.290679   964  1663 I battery_status: [4,2,1,0,Li-ion]
04-20 16:41:50.362127   964   964 I notification_cancel: [10022,1102,com.android.systemui,2131755032,low_battery,-1,0,64,8,NULL]
04-20 16:41:50.395439   964   982 I am_proc_start: [0,15642,10010,com.google.android.gms,broadcast,com.google.android.gms/com.google.android.libraries.social.autobackup.AutoBackupEnvironment$BatteryReceiver]
04-20 16:41:50.408644   964   964 I notification_cancel: [10022,1102,com.android.systemui,2131755032,low_battery,-1,0,64,8,NULL]
04-20 16:41:50.610198   964  1843 I am_proc_bound: [0,15642,com.google.android.gms]
04-20 16:41:50.941153   964   982 I dvm_lock_sample: [system_server,1,ActivityManager,501,ActivityManagerService.java,2647,-,16316,100]
04-20 16:41:51.175744   964   964 I notification_cancel: [10010,15642,com.google.android.gms,10436,NOT_LMP,0,0,64,8,NULL]
04-20 16:41:51.176825   964   964 I notification_cancel: [10010,15642,com.google.android.gms,39789,NOT_LMP,0,0,64,8,NULL]
04-20 16:41:51.291003   964   964 I notification_cancel: [1000,964,android,17040348,NULL,-1,0,0,8,NULL]
04-20 16:41:51.292186   964   964 I notification_canceled: [-1|android|17040348|null|1000,8,411090,411090,409837]
04-20 16:41:51.292959   964   964 I notification_cancel: [1000,964,android,17040353,NULL,-1,0,0,8,NULL]
04-20 16:41:51.294030   964   964 I notification_canceled: [-1|android|17040353|null|1000,8,411074,411074,10172]
04-20 16:41:51.535929   964  2089 I am_proc_start: [0,15660,1000,com.fw.upgrade.sysoper,broadcast,com.fw.upgrade.sysoper/com.adups.fota.sysoper.TaskReceiver]
04-20 16:41:51.811771   964  1582 I am_proc_bound: [0,15660,com.fw.upgrade.sysoper]
04-20 16:41:51.993392   964  1747 I am_proc_died: [0,13110,com.mediatek.mtklogger]
04-20 16:41:51.994495   964  1747 I am_schedule_service_restart: [0,com.mediatek.mtklogger/.framework.MTKLoggerService,1000]
04-20 16:41:52.104445   964  1670 I am_proc_died: [0,15660,com.fw.upgrade.sysoper]
04-20 16:41:52.383865   964  1670 I am_proc_start: [0,15684,10010,com.google.android.gms.wearable,service,com.google.android.gms/.wearable.service.WearableService]
04-20 16:41:52.533662   964   964 I notification_cancel: [10010,15642,com.google.android.gms,10436,NULL,0,0,64,8,NULL]
04-20 16:41:52.578182   964   976 I am_proc_bound: [0,15684,com.google.android.gms.wearable]
04-20 16:41:52.779898   964   964 I notification_cancel: [10010,15684,com.google.android.gms,10436,NOT_LMP,0,0,64,8,NULL]
04-20 16:41:52.781837   964   964 I notification_cancel: [10010,15684,com.google.android.gms,39789,NOT_LMP,0,0,64,8,NULL]
04-20 16:41:53.025424   964   982 I am_proc_start: [0,15705,10056,com.mediatek.mtklogger,service,com.mediatek.mtklogger/.framework.MTKLoggerService]
04-20 16:41:53.233972   964   975 I am_proc_bound: [0,15705,com.mediatek.mtklogger]
04-20 16:41:53.260000  2031  2031 I auditd  : type=1400 audit(0.0:262): avc: denied { read } for comm="GpuAppSpectator" name="cmdline" dev="proc" ino=104887 scontext=u:r:gas_srv:s0 tcontext=u:r:system_app:s0 tclass=file permissive=1
04-20 16:41:53.260000  2031  2031 I auditd  : type=1400 audit(0.0:263): avc: denied { open } for comm="GpuAppSpectator" path="/proc/15287/cmdline" dev="proc" ino=104887 scontext=u:r:gas_srv:s0 tcontext=u:r:system_app:s0 tclass=file permissive=1
04-20 16:41:53.260000  2031  2031 I auditd  : type=1400 audit(0.0:264): avc: denied { getattr } for comm="GpuAppSpectator" path="/proc/15287/cmdline" dev="proc" ino=104887 scontext=u:r:gas_srv:s0 tcontext=u:r:system_app:s0 tclass=file permissive=1
04-20 16:41:58.029163   964   981 I am_pss  : [15287,1000,com.android.settings,48012288,42998784]
04-20 16:41:58.053149   964   964 I force_gc: mem
04-20 16:42:00.353719   964   964 I notification_cancel: [10022,1102,com.android.systemui,2131755032,low_battery,-1,0,64,8,NULL]
04-20 16:42:05.374043  1102  1102 I sqlite_mem_released: 0
04-20 16:42:05.379960  1102  1102 I force_gc: mem
04-20 16:42:10.398594   964   964 I notification_cancel: [10022,1102,com.android.systemui,2131755032,low_battery,-1,0,64,8,NULL]
04-20 16:42:15.454003  1483  1483 I sqlite_mem_released: 0
04-20 16:42:15.454383  1483  1483 I force_gc: mem
04-20 16:42:20.394097   964   964 I notification_cancel: [10022,1102,com.android.systemui,2131755032,low_battery,-1,0,64,8,NULL]
04-20 16:42:21.607372   964   981 I am_pss  : [15705,10056,com.mediatek.mtklogger,7351296,5926912]
04-20 16:42:21.636463   964   981 I am_pss  : [15541,10007,android.process.media,11446272,9658368]
04-20 16:42:26.597234  1576  1576 I sqlite_mem_released: 0
04-20 16:42:26.597606  1576  1576 I force_gc: mem
04-20 16:42:30.379055   964  1582 I battery_level: [84,4009,300]
04-20 16:42:30.515768   964   964 I notification_cancel: [10022,1102,com.android.systemui,2131755032,low_battery,-1,0,64,8,NULL]
04-20 16:42:35.536184  1586  1586 I sqlite_mem_released: 0
04-20 16:42:35.536555  1586  1586 I force_gc: mem
04-20 16:42:36.501008   964   981 I am_pss  : [15642,10010,com.google.android.gms,17703936,12472320]
04-20 16:42:36.529904   964   981 I am_pss  : [15684,10010,com.google.android.gms.wearable,11884544,7327744]
04-20 16:42:40.395740   964   964 I notification_cancel: [10022,1102,com.android.systemui,2131755032,low_battery,-1,0,64,8,NULL]
04-20 16:42:43.330000  1067  1067 I auditd  : type=1400 audit(0.0:265): avc: denied { open } for comm="PhotonicModulat" path="/sys/devices/platform/leds-mt65xx/leds/lcd-backlight/brightness" dev="sysfs" ino=11474 scontext=u:r:system_server:s0 tcontext=u:object_r:sys_lcd_brightness_file:s0 tclass=file permissive=1
04-20 16:42:45.455365  1602  1602 I sqlite_mem_released: 0
04-20 16:42:45.455810  1602  1602 I force_gc: mem
04-20 16:42:50.337156   964   990 I power_sleep_requested: 0
04-20 16:42:50.472749   964   964 I am_pause_activity: [0,44512204,com.android.settings/.SubSettings]
04-20 16:42:50.482743 15287 15287 I sysui_view_visibility: [90,0]
04-20 16:42:50.526851   964   979 I dvm_lock_sample: [system_server,1,Binder_3,144,ActivityManagerService.java,7367,-,11171,28]
04-20 16:42:50.527288   964   982 I dvm_lock_sample: [system_server,1,ActivityManager,68,ActivityManagerService.java,1724,-,11171,13]
04-20 16:42:50.543010   964   964 I notification_cancel: [10022,1102,com.android.systemui,2131755032,low_battery,-1,0,64,8,NULL]
04-20 16:42:50.574900 15287 15287 I am_on_paused_called: [0,com.android.settings.SubSettings]
04-20 16:42:50.578512   964   982 I am_focused_activity: [0,com.android.settings/.SubSettings]
04-20 16:42:51.122000   964   964 I power_screen_state: [0,3,0,0]
04-20 16:42:51.122076   964   964 I screen_toggled: 0
04-20 16:42:51.122160   964   964 I sysui_histogram: [screen_timeout,60]
04-20 16:42:51.123356   964   964 I power_screen_broadcast_send: 1
04-20 16:42:51.318164   964   964 I power_screen_broadcast_done: [0,194,1]
04-20 16:42:55.580792  1102  1102 I sysui_status_bar_state: [1,1,0,0,0,1]
04-20 16:42:55.682954   231   231 I sf_frame_dur: [NavigationBar,35,10,1,0,0,0,1]
04-20 16:45:15.158650   964   982 I am_proc_start: [0,15736,10036,com.android.deskclock,broadcast,com.android.deskclock/com.android.alarmclock.DigitalAppWidgetProvider]
04-20 16:45:15.356253   964  1747 I am_proc_bound: [0,15736,com.android.deskclock]
04-20 16:45:15.852361   964   981 I am_meminfo: [134803456,22913024,48709632,297906176,67365888]
04-20 16:45:15.894093   964   981 I am_pss  : [15287,1000,com.android.settings,49227776,44801024]
04-20 16:45:15.931317   964   981 I am_pss  : [9526,1002,com.android.bluetooth,13377536,12087296]
04-20 16:45:15.974083   964   981 I am_pss  : [1654,10014,com.android.launcher3,28644352,25545728]
04-20 16:45:16.014352   964   981 I am_pss  : [1493,10052,com.android.inputmethod.latin,14681088,12147712]
04-20 16:45:16.049207   964   981 I am_pss  : [14258,10016,com.android.mms,10855424,8896512]
04-20 16:45:50.052583   964   981 I am_pss  : [15642,10010,com.google.android.gms,17617920,12476416]
04-20 16:45:50.087648   964   981 I am_pss  : [15684,10010,com.google.android.gms.wearable,11797504,7327744]
04-20 16:45:50.125209   964   981 I am_pss  : [15705,10056,com.mediatek.mtklogger,7286784,5931008]
04-20 16:45:50.165039   964   981 I am_pss  : [2236,10010,com.google.process.gapps,16438272,13840384]
04-20 16:45:50.207735   964   981 I am_pss  : [1529,10010,com.google.android.gms.persistent,17984512,15073280]
04-20 16:45:50.243110   964   981 I am_pss  : [15541,10007,android.process.media,11381760,9658368]
04-20 16:45:50.276984   964   981 I am_pss  : [14208,10072,org.simalliance.openmobileapi.uicc1terminal,5514240,4272128]
04-20 16:45:50.310532   964   981 I am_pss  : [11148,10075,org.simalliance.openmobileapi.eseterminal,4426752,3186688]
04-20 16:45:50.344368   964   981 I am_pss  : [11046,10073,org.simalliance.openmobileapi.uicc2terminal,4339712,3108864]
04-20 16:45:50.378468   964   981 I am_pss  : [14194,10070,org.simalliance.openmobileapi.service:remote,5547008,4284416]
04-20 16:45:50.412196   964   981 I am_pss  : [1618,1000,com.mediatek.nlpservice,4452352,3190784]
04-20 16:45:50.446700   964   981 I am_pss  : [1602,1001,com.mediatek.ims,4801536,3506176]
04-20 16:45:50.480289   964   981 I am_pss  : [1586,1001,com.mediatek.gba,3870720,2633728]
04-20 16:45:50.525482   964   981 I am_pss  : [1576,1001,com.android.phone,17408000,15667200]
04-20 16:45:50.559941   964   981 I am_pss  : [1483,10023,com.google.android.googlequicksearchbox:interactor,4887552,3612672]
04-20 16:45:50.612184   964   981 I am_pss  : [1102,10022,com.android.systemui,63520768,59579392]
04-20 16:45:50.710879   964   981 I am_pss  : [964,1000,system,69642240,66776064]
04-20 16:47:53.030744   964   964 I power_screen_state: [1,0,0,0]
04-20 16:47:53.030905   964   964 I screen_toggled: 1
04-20 16:47:53.033024  1102  1102 I sysui_histogram: [note_load,0]
04-20 16:47:53.033979   964   979 I notification_panel_revealed: 0
04-20 16:47:53.034593   964   964 I power_screen_broadcast_send: 1
04-20 16:47:53.345767   231   231 I sf_frame_dur: [ColorFade,25,1,2,0,0,0,0]
04-20 16:47:53.616663   964   964 I power_screen_broadcast_done: [1,582,1]
04-20 16:47:55.021566  1102  1102 I sysui_view_visibility: [111,100]
04-20 16:47:55.021750  1102  1102 I sysui_view_visibility: [126,100]
04-20 16:47:55.021853  1102  1102 I sysui_view_visibility: [113,100]
04-20 16:47:55.021961  1102  1102 I sysui_view_visibility: [118,100]
04-20 16:47:55.022059  1102  1102 I sysui_view_visibility: [115,100]
04-20 16:47:55.022159  1102  1102 I sysui_view_visibility: [112,100]
04-20 16:47:55.022524  1102  1102 I sysui_view_visibility: [123,100]
04-20 16:47:55.022653  1102  1102 I sysui_view_visibility: [119,100]
04-20 16:47:55.022760  1102  1102 I sysui_view_visibility: [114,100]
04-20 16:47:55.022877  1102  1102 I sysui_view_visibility: [111,100]
04-20 16:47:58.556731   964  1927 I battery_discharge: [368266,85,84]
04-20 16:47:58.556836   964  1927 I battery_status: [2,2,1,2,Li-ion]
04-20 16:47:58.588255   964   964 I notification_cancel: [10022,1102,com.android.systemui,2131755032,low_battery,-1,0,64,8,NULL]
04-20 16:47:58.825614  1102  1102 I sysui_view_visibility: [111,0]
04-20 16:47:58.866024   964   964 I notification_enqueue: [1000,964,android,17040348,NULL,-1,Notification(pri=-2 contentView=null vibrate=null sound=null tick defaults=0x0 flags=0x2 color=0xff607d8b vis=PUBLIC),0]
04-20 16:47:58.895897   964   964 I notification_enqueue: [1000,964,android,17040353,NULL,-1,Notification(pri=-1 contentView=null vibrate=null sound=null tick defaults=0x0 flags=0x2 color=0xff607d8b vis=PUBLIC),0]
04-20 16:47:59.237346   964  1652 I dvm_lock_sample: [system_server,1,Binder_6,10,PackageManagerService.java,3435,-,2995,2]
04-20 16:47:59.257471   964  1670 I am_proc_died: [0,15684,com.google.android.gms.wearable]
04-20 16:47:59.360586   964  1844 I notification_visibility: [-1|android|17040353|null|1000,1,465,465,0,0]
04-20 16:48:00.886098   964   964 I notification_cancel: [10022,1102,com.android.systemui,2131755032,low_battery,-1,0,64,8,NULL]
04-20 16:48:05.906190  1618  1618 I force_gc: mem
04-20 16:48:09.062681   964   990 I power_sleep_requested: 0
04-20 16:48:09.798684   964   964 I power_screen_state: [0,3,0,0]
04-20 16:48:09.798803   964   964 I screen_toggled: 0
04-20 16:48:09.798892   964   964 I sysui_histogram: [screen_timeout,60]
04-20 16:48:09.800280   964   964 I power_screen_broadcast_send: 1
04-20 16:48:09.801017   964  1582 I notification_visibility: [-1|android|17040353|null|1000,0,10905,10905,0,0]
04-20 16:48:09.801986   964   975 I notification_panel_hidden: []
04-20 16:48:10.013868   964   964 I power_screen_broadcast_done: [0,213,1]
04-20 16:48:10.874539   964   964 I notification_cancel: [10022,1102,com.android.systemui,2131755032,low_battery,-1,0,64,8,NULL]
04-20 16:48:15.898606  2236  2236 I sqlite_mem_released: 10240
04-20 16:48:15.898751  2236  2236 I force_gc: mem
04-20 16:48:20.911027  1529  1529 I sqlite_mem_released: 0
04-20 16:48:20.911172  1529  1529 I force_gc: mem
04-20 16:48:25.915376 14258 14258 I sqlite_mem_released: 0
04-20 16:48:25.915463 14258 14258 I force_gc: mem
04-20 16:48:30.920384  1493  1493 I sqlite_mem_released: 0
04-20 16:48:30.920528  1493  1493 I force_gc: mem
04-20 16:48:35.925975  9526  9526 I sqlite_mem_released: 0
04-20 16:48:35.926118  9526  9526 I force_gc: mem
04-20 16:48:40.932882 15287 15287 I force_gc: mem
04-20 16:48:45.937026 14194 14194 I sqlite_mem_released: 0
04-20 16:48:45.937167 14194 14194 I force_gc: mem
04-20 16:48:50.889506   964   964 I notification_cancel: [10022,1102,com.android.systemui,2131755032,low_battery,-1,0,64,8,NULL]
04-20 16:48:55.935922 11046 11046 I sqlite_mem_released: 0
04-20 16:48:55.936064 11046 11046 I force_gc: mem
04-20 16:49:00.109846   964   981 I am_pss  : [15287,1000,com.android.settings,48484352,43969536]
04-20 16:49:00.169675   964   981 I am_pss  : [9526,1002,com.android.bluetooth,13332480,12042240]
04-20 16:49:00.210948   964   981 I am_pss  : [1654,10014,com.android.launcher3,28722176,25562112]
04-20 16:49:00.250886   964   981 I am_pss  : [1493,10052,com.android.inputmethod.latin,14699520,12102656]
04-20 16:49:00.287170   964   981 I am_pss  : [15642,10010,com.google.android.gms,21510144,17104896]
04-20 16:49:00.326017   964   981 I am_pss  : [2236,10010,com.google.process.gapps,16786432,13811712]
04-20 16:49:00.361366   964   981 I am_pss  : [15541,10007,android.process.media,11008000,9220096]
04-20 16:49:00.396603   964   981 I am_pss  : [15705,10056,com.mediatek.mtklogger,7628800,6205440]
04-20 16:49:00.437977   964   981 I am_pss  : [1529,10010,com.google.android.gms.persistent,18412544,14917632]
04-20 16:49:00.472503   964   981 I am_pss  : [14258,10016,com.android.mms,10915840,8867840]
04-20 16:49:00.505854   964   981 I am_pss  : [15736,10036,com.android.deskclock,7483392,5955584]
04-20 16:49:00.539157   964   981 I am_pss  : [14208,10072,org.simalliance.openmobileapi.uicc1terminal,5579776,4272128]
04-20 16:49:00.572600   964   981 I am_pss  : [11148,10075,org.simalliance.openmobileapi.eseterminal,4490240,3186688]
04-20 16:49:00.605938   964   981 I am_pss  : [11046,10073,org.simalliance.openmobileapi.uicc2terminal,4404224,3108864]
04-20 16:49:00.639507   964   981 I am_pss  : [14194,10070,org.simalliance.openmobileapi.service:remote,5585920,4255744]
04-20 16:49:00.673590   964   981 I am_pss  : [1483,10023,com.google.android.googlequicksearchbox:interactor,4962304,3620864]
04-20 16:49:05.172829 11148 11148 I sqlite_mem_released: 0
04-20 16:49:05.172976 11148 11148 I force_gc: mem
04-20 16:49:10.178471 14208 14208 I sqlite_mem_released: 0
04-20 16:49:10.178618 14208 14208 I force_gc: mem
04-20 16:49:10.840852   964  8872 I battery_level: [85,3986,300]
04-20 16:49:10.878164   964   964 I notification_cancel: [10022,1102,com.android.systemui,2131755032,low_battery,-1,0,64,8,NULL]
04-20 16:49:15.944520 15541 15541 I sqlite_mem_released: 10240
04-20 16:49:15.944665 15541 15541 I force_gc: mem
04-20 16:49:20.949651  1654  1654 I sqlite_mem_released: 0
04-20 16:49:20.949799  1654  1654 I force_gc: mem
04-20 16:49:40.873219   964   964 I notification_cancel: [10022,1102,com.android.systemui,2131755032,low_battery,-1,0,64,8,NULL]
04-20 16:50:00.191482   964   981 I am_pss  : [964,1000,system,69435392,66513920]
04-20 16:50:00.243606   964   981 I am_pss  : [1102,10022,com.android.systemui,68598784,64601088]
04-20 16:50:00.277082   964   981 I am_pss  : [1618,1000,com.mediatek.nlpservice,4521984,3194880]
04-20 16:50:00.311184   964   981 I am_pss  : [1602,1001,com.mediatek.ims,4936704,3575808]
04-20 16:50:00.344663   964   981 I am_pss  : [1586,1001,com.mediatek.gba,3941376,2637824]
04-20 16:50:00.389028   964   981 I am_pss  : [1576,1001,com.android.phone,17590272,15785984]
04-20 16:50:02.843718 15642 15771 I aggregation: 1461142202843
04-20 16:50:10.862844   964   964 I notification_cancel: [10022,1102,com.android.systemui,2131755032,low_battery,-1,0,64,8,NULL]
04-20 16:50:40.873378   964   964 I notification_cancel: [10022,1102,com.android.systemui,2131755032,low_battery,-1,0,64,8,NULL]
04-20 16:51:00.135003   964   981 I am_pss  : [15642,10010,com.google.android.gms,22523904,18104320]
04-20 16:51:20.883103   964   964 I notification_cancel: [10022,1102,com.android.systemui,2131755032,low_battery,-1,0,64,8,NULL]
04-20 16:51:30.872555   964   964 I notification_cancel: [10022,1102,com.android.systemui,2131755032,low_battery,-1,0,64,8,NULL]
04-20 16:51:40.886206   964   964 I notification_cancel: [10022,1102,com.android.systemui,2131755032,low_battery,-1,0,64,8,NULL]
04-20 16:51:50.872633   964   964 I notification_cancel: [10022,1102,com.android.systemui,2131755032,low_battery,-1,0,64,8,NULL]
04-20 16:52:00.884410   964   964 I notification_cancel: [10022,1102,com.android.systemui,2131755032,low_battery,-1,0,64,8,NULL]
04-20 16:52:10.886107   964   964 I notification_cancel: [10022,1102,com.android.systemui,2131755032,low_battery,-1,0,64,8,NULL]
04-20 16:52:20.874981   964   964 I notification_cancel: [10022,1102,com.android.systemui,2131755032,low_battery,-1,0,64,8,NULL]
04-20 16:52:30.246840   964  1670 I am_proc_died: [0,14194,org.simalliance.openmobileapi.service:remote]
04-20 16:52:30.273163   964  1670 I am_schedule_service_restart: [0,org.simalliance.openmobileapi.service/.SmartcardService,1000]
04-20 16:52:30.777498   964   981 I am_meminfo: [151015424,18345984,48730112,295534592,62970880]
04-20 16:52:30.826507   964   981 I am_pss  : [15287,1000,com.android.settings,48549888,43965440]
04-20 16:52:30.860233   964   964 I notification_cancel: [10022,1102,com.android.systemui,2131755032,low_battery,-1,0,64,8,NULL]
04-20 16:52:30.897418   964   981 I am_pss  : [9526,1002,com.android.bluetooth,13353984,12062720]
04-20 16:52:30.947031   964   981 I am_pss  : [1654,10014,com.android.launcher3,28637184,25418752]
04-20 16:52:30.994504   964   981 I am_pss  : [1493,10052,com.android.inputmethod.latin,14766080,12106752]
04-20 16:52:31.055735   964   981 I am_pss  : [15642,10010,com.google.android.gms,22668288,18108416]
04-20 16:52:31.071870   964  1927 I am_proc_died: [0,11046,org.simalliance.openmobileapi.uicc2terminal]
04-20 16:52:31.104498   964   981 I am_pss  : [2236,10010,com.google.process.gapps,16827392,13725696]
04-20 16:52:31.145175   964   981 I am_pss  : [15541,10007,android.process.media,11318272,9392128]
04-20 16:52:31.185643   964   981 I am_pss  : [15705,10056,com.mediatek.mtklogger,7778304,6209536]
04-20 16:52:31.234871   964   981 I am_pss  : [1529,10010,com.google.android.gms.persistent,18557952,14934016]
04-20 16:52:31.315492   964   982 I am_proc_start: [0,15775,10070,org.simalliance.openmobileapi.service:remote,service,org.simalliance.openmobileapi.service/.SmartcardService]
04-20 16:52:31.316970   964   981 I am_pss  : [14258,10016,com.android.mms,11056128,8863744]
04-20 16:52:31.354789   964   981 I am_pss  : [15736,10036,com.android.deskclock,7575552,5955584]
04-20 16:52:31.395739   964   981 I am_pss  : [14208,10072,org.simalliance.openmobileapi.uicc1terminal,5705728,4296704]
04-20 16:52:31.435945   964   981 I am_pss  : [1618,1000,com.mediatek.nlpservice,4612096,3198976]
04-20 16:52:31.475486   964   981 I am_pss  : [1602,1001,com.mediatek.ims,5022720,3575808]
04-20 16:52:31.511337   964   981 I am_pss  : [1586,1001,com.mediatek.gba,4017152,2637824]
04-20 16:52:31.552002   964  1582 I am_proc_bound: [0,15775,org.simalliance.openmobileapi.service:remote]
04-20 16:52:31.566802   964   981 I am_pss  : [1576,1001,com.android.phone,17653760,15777792]
04-20 16:52:31.601354   964   981 I am_pss  : [1483,10023,com.google.android.googlequicksearchbox:interactor,5036032,3620864]
04-20 16:52:31.692447   964  1582 I am_proc_start: [0,15789,10073,org.simalliance.openmobileapi.uicc2terminal,service,org.simalliance.openmobileapi.uicc2terminal/.Uicc2Terminal]
04-20 16:52:31.695229   964   983 I dvm_lock_sample: [system_server,1,android.ui,38,ActivityManagerService.java,3995,-,17116,7]
04-20 16:52:31.697303   964   981 I am_pss  : [1102,10022,com.android.systemui,68998144,64936960]
04-20 16:52:31.781511   964  1670 I am_proc_died: [0,15736,com.android.deskclock]
04-20 16:52:31.817213   964   981 I am_pss  : [964,1000,system,69385216,66423808]
04-20 16:52:31.917501   964  8871 I am_proc_bound: [0,15789,org.simalliance.openmobileapi.uicc2terminal]
04-20 16:52:40.875888   964   964 I notification_cancel: [10022,1102,com.android.systemui,2131755032,low_battery,-1,0,64,8,NULL]
04-20 16:52:50.872445   964   964 I notification_cancel: [10022,1102,com.android.systemui,2131755032,low_battery,-1,0,64,8,NULL]
04-20 16:53:00.140180   964   981 I am_pss  : [15287,1000,com.android.settings,48593920,43973632]
04-20 16:53:00.177489   964   981 I am_pss  : [9526,1002,com.android.bluetooth,13347840,12058624]
04-20 16:53:00.217323   964   981 I am_pss  : [1493,10052,com.android.inputmethod.latin,14778368,12110848]
04-20 16:53:00.250454   964   981 I am_pss  : [15789,10073,org.simalliance.openmobileapi.uicc2terminal,5291008,3878912]
04-20 16:53:00.283669   964   981 I am_pss  : [11148,10075,org.simalliance.openmobileapi.eseterminal,4627456,3252224]
04-20 16:53:00.317010   964   981 I am_pss  : [14208,10072,org.simalliance.openmobileapi.uicc1terminal,5748736,4345856]
04-20 16:53:00.350803   964   981 I am_pss  : [15775,10070,org.simalliance.openmobileapi.service:remote,5446656,4050944]
04-20 16:53:00.389662   964   981 I am_pss  : [2236,10010,com.google.process.gapps,16746496,13701120]
04-20 16:53:00.425105   964   981 I am_pss  : [15541,10007,android.process.media,11301888,9433088]
04-20 16:53:00.460192   964   981 I am_pss  : [15705,10056,com.mediatek.mtklogger,7711744,6221824]
04-20 16:53:00.501529   964   981 I am_pss  : [1529,10010,com.google.android.gms.persistent,18502656,14934016]
04-20 16:53:00.536094   964   981 I am_pss  : [14258,10016,com.android.mms,11023360,8863744]
04-20 16:53:00.570301   964   981 I am_pss  : [1483,10023,com.google.android.googlequicksearchbox:interactor,5033984,3620864]
04-20 16:53:00.853293   964   964 I notification_cancel: [10022,1102,com.android.systemui,2131755032,low_battery,-1,0,64,8,NULL]
04-20 16:53:10.881049   964   964 I notification_cancel: [10022,1102,com.android.systemui,2131755032,low_battery,-1,0,64,8,NULL]
04-20 16:53:30.872662   964   964 I notification_cancel: [10022,1102,com.android.systemui,2131755032,low_battery,-1,0,64,8,NULL]
04-20 16:54:00.110375   964   981 I am_pss  : [1654,10014,com.android.launcher3,28576768,25349120]
04-20 16:54:00.193186   964   981 I am_pss  : [15642,10010,com.google.android.gms,22635520,18108416]
04-20 16:54:00.859259   964   964 I notification_cancel: [10022,1102,com.android.systemui,2131755032,low_battery,-1,0,64,8,NULL]
04-20 16:54:30.887737   964   964 I notification_cancel: [10022,1102,com.android.systemui,2131755032,low_battery,-1,0,64,8,NULL]
04-20 16:55:00.198984   964   981 I am_pss  : [964,1000,system,69460992,66468864]
04-20 16:55:00.250729   964   981 I am_pss  : [1102,10022,com.android.systemui,69570560,65502208]
04-20 16:55:00.284265   964   981 I am_pss  : [1618,1000,com.mediatek.nlpservice,4600832,3203072]
04-20 16:55:00.318313   964   981 I am_pss  : [1602,1001,com.mediatek.ims,5009408,3575808]
04-20 16:55:00.351302   964   981 I am_pss  : [1586,1001,com.mediatek.gba,4012032,2637824]
04-20 16:55:00.395883   964   981 I am_pss  : [1576,1001,com.android.phone,17660928,15785984]
04-20 16:55:09.864583   964  1670 I battery_level: [86,4052,290]
04-20 16:55:09.904877   964   964 I notification_cancel: [10022,1102,com.android.systemui,2131755032,low_battery,-1,0,64,8,NULL]
04-20 16:55:49.886309   964   964 I notification_cancel: [10022,1102,com.android.systemui,2131755032,low_battery,-1,0,64,8,NULL]
04-20 16:56:29.873609   964   964 I notification_cancel: [10022,1102,com.android.systemui,2131755032,low_battery,-1,0,64,8,NULL]
04-20 16:56:59.879840   964   964 I notification_cancel: [10022,1102,com.android.systemui,2131755032,low_battery,-1,0,64,8,NULL]
04-20 16:57:29.895121   964   964 I notification_cancel: [10022,1102,com.android.systemui,2131755032,low_battery,-1,0,64,8,NULL]
04-20 16:58:09.887064   964   964 I notification_cancel: [10022,1102,com.android.systemui,2131755032,low_battery,-1,0,64,8,NULL]
04-20 16:58:49.873223   964   964 I notification_cancel: [10022,1102,com.android.systemui,2131755032,low_battery,-1,0,64,8,NULL]
04-20 16:59:19.890042   964   964 I notification_cancel: [10022,1102,com.android.systemui,2131755032,low_battery,-1,0,64,8,NULL]
04-20 16:59:59.882201   964   964 I notification_cancel: [10022,1102,com.android.systemui,2131755032,low_battery,-1,0,64,8,NULL]
04-20 17:00:01.086297   964   982 I am_proc_start: [0,15806,10036,com.android.deskclock,broadcast,com.android.deskclock/com.android.alarmclock.DigitalAppWidgetProvider]
04-20 17:00:01.259840   964   975 I am_proc_bound: [0,15806,com.android.deskclock]
04-20 17:00:01.406781   964  1747 I am_proc_died: [0,14258,com.android.mms]
04-20 17:00:01.407781   964  1747 I am_schedule_service_restart: [0,com.android.mms/.transaction.NoneService,1000]
04-20 17:00:01.553066  2236 15821 I gtalk_connection: 16974847
04-20 17:00:02.450078   964   982 I am_proc_start: [0,15823,10016,com.android.mms,service,com.android.mms/.transaction.NoneService]
04-20 17:00:02.626944   964  1582 I am_proc_bound: [0,15823,com.android.mms]
04-20 17:00:03.360000  2031  2031 I auditd  : type=1400 audit(0.0:266): avc: denied { read } for comm="GpuAppSpectator" name="cmdline" dev="proc" ino=104887 scontext=u:r:gas_srv:s0 tcontext=u:r:system_app:s0 tclass=file permissive=1
04-20 17:00:03.360000  2031  2031 I auditd  : type=1400 audit(0.0:267): avc: denied { open } for comm="GpuAppSpectator" path="/proc/15287/cmdline" dev="proc" ino=104887 scontext=u:r:gas_srv:s0 tcontext=u:r:system_app:s0 tclass=file permissive=1
04-20 17:00:03.360000  2031  2031 I auditd  : type=1400 audit(0.0:268): avc: denied { getattr } for comm="GpuAppSpectator" path="/proc/15287/cmdline" dev="proc" ino=104887 scontext=u:r:gas_srv:s0 tcontext=u:r:system_app:s0 tclass=file permissive=1
04-20 17:00:23.215981   964   981 I am_pss  : [15823,10016,com.android.mms,10323968,7925760]
04-20 17:00:39.882957   964   964 I notification_cancel: [10022,1102,com.android.systemui,2131755032,low_battery,-1,0,64,8,NULL]
04-20 17:01:00.164868   964   981 I am_pss  : [15806,10036,com.android.deskclock,7418880,5902336]
04-20 17:01:19.913422   964   964 I notification_cancel: [10022,1102,com.android.systemui,2131755032,low_battery,-1,0,64,8,NULL]
04-20 17:01:59.883241   964   964 I notification_cancel: [10022,1102,com.android.systemui,2131755032,low_battery,-1,0,64,8,NULL]
04-20 17:02:14.803708   964  1023 I netstats_mobile_sample: [0,0,0,0,0,0,0,0,0,0,0,0,-1]
04-20 17:02:14.806102   964  1023 I netstats_wifi_sample: [156067,1593,295347,9846,123363,1275,247080,2550,123363,1275,247080,2550,-1]
04-20 17:02:49.875403   964   964 I notification_cancel: [10022,1102,com.android.systemui,2131755032,low_battery,-1,0,64,8,NULL]
04-20 17:03:09.853596   964  1582 I battery_level: [87,4064,290]
04-20 17:03:09.910424   964   964 I notification_cancel: [10022,1102,com.android.systemui,2131755032,low_battery,-1,0,64,8,NULL]
04-20 17:03:29.884151   964   964 I notification_cancel: [10022,1102,com.android.systemui,2131755032,low_battery,-1,0,64,8,NULL]
04-20 17:04:19.883140   964   964 I notification_cancel: [10022,1102,com.android.systemui,2131755032,low_battery,-1,0,64,8,NULL]
04-20 17:05:00.105211   964   981 I am_pss  : [15642,10010,com.google.android.gms,22643712,18251776]
04-20 17:05:09.881955   964   964 I notification_cancel: [10022,1102,com.android.systemui,2131755032,low_battery,-1,0,64,8,NULL]
04-20 17:05:59.872469   964   964 I notification_cancel: [10022,1102,com.android.systemui,2131755032,low_battery,-1,0,64,8,NULL]
04-20 17:06:49.882196   964   964 I notification_cancel: [10022,1102,com.android.systemui,2131755032,low_battery,-1,0,64,8,NULL]
04-20 17:07:29.885016   964   964 I notification_cancel: [10022,1102,com.android.systemui,2131755032,low_battery,-1,0,64,8,NULL]
04-20 17:07:31.663054   964   964 I power_screen_state: [1,0,0,0]
04-20 17:07:31.663194   964   964 I screen_toggled: 1
04-20 17:07:31.665929  1102  1102 I sysui_histogram: [note_load,2]
04-20 17:07:31.667363   964   975 I notification_panel_revealed: 2
04-20 17:07:31.672377   964   964 I power_screen_broadcast_send: 1
04-20 17:07:31.675801   964  1162 I notification_visibility: [-1|android|17040353|null|1000,1,1172780,1172780,0,0]
04-20 17:07:31.917965   964  8871 I am_proc_died: [0,15806,com.android.deskclock]
04-20 17:07:31.970000  1067  1067 I auditd  : type=1400 audit(0.0:269): avc: denied { open } for comm="PhotonicModulat" path="/sys/devices/platform/leds-mt65xx/leds/lcd-backlight/brightness" dev="sysfs" ino=11474 scontext=u:r:system_server:s0 tcontext=u:object_r:sys_lcd_brightness_file:s0 tclass=file permissive=1
04-20 17:07:31.982579   231   231 I sf_frame_dur: [ColorFade,28,1,1,0,0,0,0]
04-20 17:07:32.210159   964   964 I power_screen_broadcast_done: [1,538,1]
04-20 17:07:32.579883  1102  1102 I sysui_lockscreen_gesture: [1,246,2318]
04-20 17:07:32.685294   964  1927 I notification_visibility: [-1|android|17040353|null|1000,0,1173790,1173790,0,0]
04-20 17:07:32.686359   964  1844 I notification_panel_hidden: []
04-20 17:07:32.690943  1102  1102 I screen_toggled: 2
04-20 17:07:32.694563  1102  1102 I screen_toggled: 2
04-20 17:07:32.718465   964   975 I am_resume_activity: [0,44512204,67,com.android.settings/.SubSettings]
04-20 17:07:32.794135   964  1652 I notification_expansion: [-1|android|17040353|null|1000,0,1,1173899,1173899,1119]
04-20 17:07:32.807346  1102  1102 I sysui_status_bar_state: [0,0,0,0,0,1]
04-20 17:07:32.883051 15287 15287 I sysui_view_visibility: [90,100]
04-20 17:07:32.883350 15287 15287 I am_on_resume_called: [0,com.android.settings.SubSettings]
04-20 17:07:33.301213   964   981 I am_meminfo: [151056384,22974464,48762880,294817792,55408640]
04-20 17:07:33.338824   964   981 I am_pss  : [15287,1000,com.android.settings,47885312,43256832]
04-20 17:07:33.373306   964   981 I am_pss  : [1654,10014,com.android.launcher3,28568576,25336832]
04-20 17:07:33.406845   964   981 I am_pss  : [1493,10052,com.android.inputmethod.latin,14782464,12114944]
04-20 17:07:33.436288   964   981 I am_pss  : [15541,10007,android.process.media,11514880,9646080]
04-20 17:07:33.463961   964   981 I am_pss  : [15789,10073,org.simalliance.openmobileapi.uicc2terminal,5302272,3895296]
04-20 17:07:33.492003   964   981 I am_pss  : [11148,10075,org.simalliance.openmobileapi.eseterminal,4627456,3252224]
04-20 17:07:33.519493   964   981 I am_pss  : [14208,10072,org.simalliance.openmobileapi.uicc1terminal,5750784,4349952]
04-20 17:07:33.547921   964   981 I am_pss  : [15775,10070,org.simalliance.openmobileapi.service:remote,5451776,4055040]
04-20 17:07:33.580359   964   981 I am_pss  : [2236,10010,com.google.process.gapps,16710656,13664256]
04-20 17:07:33.609896   964   981 I am_pss  : [15705,10056,com.mediatek.mtklogger,7710720,6221824]
04-20 17:07:33.645207   964   981 I am_pss  : [1529,10010,com.google.android.gms.persistent,18493440,14925824]
04-20 17:07:33.673117   964   981 I am_pss  : [1618,1000,com.mediatek.nlpservice,4614144,3211264]
04-20 17:07:33.701406   964   981 I am_pss  : [1602,1001,com.mediatek.ims,5013504,3575808]
04-20 17:07:33.729115   964   981 I am_pss  : [1586,1001,com.mediatek.gba,4016128,2637824]
04-20 17:07:33.767021   964   981 I am_pss  : [1576,1001,com.android.phone,17915904,16039936]
04-20 17:07:33.795421   964   981 I am_pss  : [1483,10023,com.google.android.googlequicksearchbox:interactor,5037056,3620864]
04-20 17:07:33.838784   964   981 I am_pss  : [1102,10022,com.android.systemui,59694080,55612416]
04-20 17:07:33.921363   964   981 I am_pss  : [964,1000,system,58209280,55217152]
04-20 17:07:36.961442  1102  1102 I sysui_panelholder_touch: [0,796,5]
04-20 17:07:36.965246  1102  1102 I sysui_count: [panel_open,1]
04-20 17:07:36.968800  1102  1102 I sysui_histogram: [note_load,2]
04-20 17:07:36.969700   964  2088 I notification_panel_revealed: 2
04-20 17:07:36.975585   964   979 I notification_visibility: [-1|android|17040353|null|1000,1,1178080,1178080,0,0]
04-20 17:07:37.478765   964  1162 I notification_visibility: [-1|android|17040348|null|1000,1,1178613,1178613,0,1]
04-20 17:07:39.272444   964  2088 I am_finish_activity: [0,44512204,67,com.android.settings/.SubSettings,app-request]
04-20 17:07:39.274552   964  2088 I am_home_stack_moved: [0,0,14,14,finishActivity adjustFocus setFocusedActivity]
04-20 17:07:39.274763   964  2088 I wm_task_moved: [67,1,0]
04-20 17:07:39.282590   964  2088 I am_focused_activity: [0,com.android.settings/.SubSettings]
04-20 17:07:39.284174   964  2088 I am_pause_activity: [0,44512204,com.android.settings/.SubSettings]
04-20 17:07:39.293163 15287 15287 I sysui_view_visibility: [90,0]
04-20 17:07:39.300896 15287 15287 I am_on_paused_called: [0,com.android.settings.SubSettings]
04-20 17:07:39.316223   964  1747 I am_relaunch_resume_activity: [0,200880935,67,com.android.settings/.SubSettings]
04-20 17:07:39.387129   964  1927 I notification_visibility: [-1|android|17040348|null|1000,0,1180522,1180522,0,1]
04-20 17:07:39.387425   964  1927 I notification_visibility: [-1|android|17040353|null|1000,0,1180492,1180492,0,0]
04-20 17:07:39.388235   964  2088 I notification_panel_hidden: []
04-20 17:07:39.845482 15287 15287 I sysui_view_visibility: [110,100]
04-20 17:07:39.855916   964   964 I notification_cancel: [10022,1102,com.android.systemui,2131755032,low_battery,-1,0,64,8,NULL]
04-20 17:07:39.899687 15287 15287 I am_on_resume_called: [0,com.android.settings.SubSettings]
04-20 17:07:40.478121   964   982 I am_destroy_activity: [0,44512204,67,com.android.settings/.SubSettings,finish-imm]
04-20 17:07:40.482426   231   231 I sf_frame_dur: [com.android.settings/com.android.settings.SubSettings,40,1,4,1,0,1,7]
04-20 17:07:40.655551   964   975 I am_finish_activity: [0,200880935,67,com.android.settings/.SubSettings,app-request]
04-20 17:07:40.657949   964   975 I am_home_stack_moved: [0,0,14,14,finishActivity adjustFocus setFocusedActivity]
04-20 17:07:40.658148   964   975 I wm_task_moved: [67,1,0]
04-20 17:07:40.668117   964   975 I am_focused_activity: [0,com.android.settings/.Settings]
04-20 17:07:40.671710   964   975 I am_pause_activity: [0,200880935,com.android.settings/.SubSettings]
04-20 17:07:40.687711 15287 15287 I sysui_view_visibility: [110,0]
04-20 17:07:40.713013 15287 15287 I am_on_paused_called: [0,com.android.settings.SubSettings]
04-20 17:07:40.721129   964  1843 I am_relaunch_resume_activity: [0,119919223,67,com.android.settings/.Settings]
04-20 17:07:40.958182 15287 15287 I sysui_view_visibility: [1,100]
04-20 17:07:40.983670 15287 15287 I sysui_view_visibility: [35,100]
04-20 17:07:40.986290 15287 15287 I am_on_resume_called: [0,com.android.settings.Settings]
04-20 17:07:41.915372   964  1747 I am_proc_died: [0,15642,com.google.android.gms]
04-20 17:07:41.927572   964  1747 I am_low_memory: 20
04-20 17:07:41.997986   964   982 I am_destroy_activity: [0,200880935,67,com.android.settings/.SubSettings,finish-imm]
04-20 17:07:42.010021   231   231 I sf_frame_dur: [com.android.settings/com.android.settings.SubSettings,0,2,1,0,2,1,0]
04-20 17:07:47.004127   964   964 I force_gc: mem
04-20 17:07:49.685019   964   981 I am_pss  : [15287,1000,com.android.settings,55514112,50670592]
04-20 17:07:49.863018   964   964 I notification_cancel: [10022,1102,com.android.systemui,2131755032,low_battery,-1,0,64,8,NULL]
04-20 17:07:54.884421  1102  1102 I sqlite_mem_released: 0
04-20 17:07:54.892291  1102  1102 I force_gc: mem
04-20 17:07:59.880433   964   964 I notification_cancel: [10022,1102,com.android.systemui,2131755032,low_battery,-1,0,64,8,NULL]
