04-20 17:08:39.940779   964   987 V DisplayEventReceiver: call nativeScheduleVsync mReceiverPtr = 548369566784
04-20 17:08:39.941109   231   269 D SurfaceFlinger: requestNextVsync(964)
04-20 17:08:39.941250   231  1039 D SurfaceFlinger: requestNextVsync(231)
04-20 17:08:39.943143   231   313 D SurfaceFlinger: requestNextVsync(1102)
04-20 17:08:39.943691 16004 16021 D OpenGLRenderer: -- init (key = 0x0000000000000001)
04-20 17:08:39.945477 16004 16021 D OpenGLRenderer: -- init (key = 0x0000000800000003)
04-20 17:08:39.947209 16004 16021 D OpenGLRenderer: -- init (key = 0x0000020000000008)
04-20 17:08:39.947570   231   267 I [MALI][Gralloc]: [+]hnd(0x7f7c8ca360), client(27), share_fd(57), hnd->flags:4
04-20 17:08:39.947657   231   267 D GraphicBuffer: alloc, handle(0x7f7c8ca360) (w:768 h:1306 s:768 f:0x1 u:0x000900) err(0)
04-20 17:08:39.948017 16004 16021 D Surface : Surface::connect(this=0x7fad52e000,api=1)
04-20 17:08:39.948182   231  1039 D SurfaceFlinger: requestNextVsync(231)
04-20 17:08:39.948469   231  1738 I BufferQueueProducer: [com.mediatek.engineermode/com.mediatek.engineermode.EngineerMode](this:0x7f76cd6000,id:349,api:1,p:16004,c:231) connect(P): api=1 producer=(16004:com.mediatek.engineermode) producerControlledByApp=true
04-20 17:08:39.948775 16004 16021 W libEGL  : [ANDROID_RECORDABLE] format: 1
04-20 17:08:39.950166 16004 16021 D mali_winsys: new_window_surface returns 0x3000
04-20 17:08:39.953128   231   267 I [MALI][Gralloc]: [+]hnd(0x7f7c8c91e0), client(27), share_fd(73), hnd->flags:4
04-20 17:08:39.953224   231   267 D GraphicBuffer: alloc, handle(0x7f7c8c91e0) (w:768 h:1306 s:768 f:0x1 u:0x000900) err(0)
04-20 17:08:39.953395   231   267 D BufferQueueProducer: [com.mediatek.engineermode/com.mediatek.engineermode.EngineerMode](this:0x7f76cd6000,id:349,api:1,p:16004,c:231) allocateBuffers: allocating from 4 buffers up to 4 buffers
04-20 17:08:39.955175   231   287 D SurfaceFlinger: postEvent(964, v/c=45388)
04-20 17:08:39.955347   231   287 D SurfaceFlinger: postEvent(1102, v/c=45388)
04-20 17:08:39.955474   231   289 D SurfaceFlinger: postEvent(231, v/c=36782)
04-20 17:08:39.955513 16004 16004 V ViewRootImpl: ViewRoot performTraversals and draw- : mResizeBuffer = null, mResizeAlpha = 0, this = ViewRoot{b020229 com.mediatek.engineermode/com.mediatek.engineermode.EngineerMode,ident = 0} frame#174 (cancelDraw = false)
04-20 17:08:39.956490   231   231 D SurfaceFlinger: requestNextVsync(231)
04-20 17:08:39.956652   231   231 D SurfaceFlinger: requestNextVsync(231)
04-20 17:08:39.956793 16004 16004 V ViewRootImpl: ViewRoot performTraversals+ : mFirst = false, this = ViewRoot{b020229 com.mediatek.engineermode/com.mediatek.engineermode.EngineerMode,ident = 0}
04-20 17:08:39.956944   964   987 V DisplayEventReceiver: call nativeScheduleVsync mReceiverPtr = 548369566784
04-20 17:08:39.957285   231  1738 D SurfaceFlinger: requestNextVsync(964)
04-20 17:08:39.957654   231  1738 D SurfaceFlinger: requestNextVsync(231)
04-20 17:08:39.959193   231  1039 D SurfaceFlinger: requestNextVsync(1102)
04-20 17:08:39.962160   231   313 D SurfaceFlinger: requestNextVsync(231)
04-20 17:08:39.966634 16004 16004 V DisplayEventReceiver: call nativeScheduleVsync mReceiverPtr = 548132282368
04-20 17:08:39.967026   231   269 D SurfaceFlinger: requestNextVsync(16004)
04-20 17:08:39.971418   231   289 D SurfaceFlinger: postEvent(231, v/c=36783)
04-20 17:08:39.971418   231   287 D SurfaceFlinger: postEvent(16004, v/c=45389)
04-20 17:08:39.971557   231   287 D SurfaceFlinger: postEvent(964, v/c=45389)
04-20 17:08:39.971630   231   287 D SurfaceFlinger: postEvent(1102, v/c=45389)
04-20 17:08:39.972494   231   231 D SurfaceFlinger: requestNextVsync(231)
04-20 17:08:39.972670   231   231 D SurfaceFlinger: requestNextVsync(231)
04-20 17:08:39.973363   964   987 V DisplayEventReceiver: call nativeScheduleVsync mReceiverPtr = 548369566784
04-20 17:08:39.974080   231  1738 D SurfaceFlinger: requestNextVsync(964)
04-20 17:08:39.974418   231  1039 D SurfaceFlinger: requestNextVsync(231)
04-20 17:08:39.975367   231   267 D SurfaceFlinger: requestNextVsync(1102)
04-20 17:08:39.975771   231   313 I BufferQueueProducer: [com.mediatek.engineermode/com.mediatek.engineermode.EngineerMode](this:0x7f76cd6000,id:349,api:1,p:16004,c:231) new GraphicBuffer needed
04-20 17:08:39.975857   231   313 D GraphicBuffer: free, handle(0x7f7c8c91e0) (w:768 h:1306 s:768 f:0x1 u:0x000900)
04-20 17:08:39.976045   231   313 I [MALI][Gralloc]: [-]hnd(0x7f7c8c91e0), client(27), share_fd(73)
04-20 17:08:39.979393   231   267 D SurfaceFlinger: requestNextVsync(231)
04-20 17:08:39.983052   231   313 I [MALI][Gralloc]: [+]hnd(0x7f7c8c91e0), client(27), share_fd(28), hnd->flags:4
04-20 17:08:39.983146   231   313 D GraphicBuffer: alloc, handle(0x7f7c8c91e0) (w:1306 h:768 s:1312 f:0x1 u:0x000b00) err(0)
04-20 17:08:39.985048 16004 16021 I [MALI][Gralloc]: [+]r_hnd(0x7fad60ec80), client(28), share_fd(37)
04-20 17:08:39.985187 16004 16021 D GraphicBuffer: register, handle(0x7fad60ec80) (w:1306 h:768 s:1312 f:0x1 u:0x000b00)
04-20 17:08:39.987682   231   287 D SurfaceFlinger: postEvent(964, v/c=45390)
04-20 17:08:39.987818   231   287 D SurfaceFlinger: postEvent(1102, v/c=45390)
04-20 17:08:39.987954   231   289 D SurfaceFlinger: postEvent(231, v/c=36784)
04-20 17:08:39.989056   964  1007 D InputReader: AP_PROF:AppLaunch_dispatchPtr:Down:24115124, ID:0, Index:-1663946816
04-20 17:08:39.989140   231   231 D SurfaceFlinger: requestNextVsync(231)
04-20 17:08:39.989289   964  1007 I PerfService: PerfServiceNative_boostEnableAsync:3
04-20 17:08:39.989281   231   231 D SurfaceFlinger: requestNextVsync(231)
04-20 17:08:39.990594  1102  1102 V ViewRootImpl: enqueueInputEvent: event = MotionEvent { action=ACTION_DOWN, actionButton=0, id[0]=0, x[0]=194.74643, y[0]=45.010986, toolType[0]=TOOL_TYPE_FINGER, buttonState=0, metaState=0, flags=0x0, edgeFlags=0x0, pointerCount=1, historySize=0, eventTime=24115124, downTime=24115124, deviceId=1, source=0x1002 },processImmediately = true,mProcessInputEventsScheduled = false, this = ViewRoot{78da969 NavigationBar,ident = 2}
04-20 17:08:39.991297  1102  1102 I View    : Touch down dispatch to com.android.systemui.statusbar.policy.DeadZone{27763c6 V.ED..... ........ 0,0-768,60 #7f1000be app:id/deadzone}, event = MotionEvent { action=ACTION_DOWN, actionButton=0, id[0]=0, x[0]=194.74643, y[0]=45.010986, toolType[0]=TOOL_TYPE_FINGER, buttonState=0, metaState=0, flags=0x0, edgeFlags=0x0, pointerCount=1, historySize=0, eventTime=24115124, downTime=24115124, deviceId=1, source=0x1002 }
04-20 17:08:39.991920  1102  1102 I View    : Touch down dispatch to com.android.systemui.statusbar.policy.KeyButtonView{16b3c6d V.ED..CL. ........ 80,0-283,60 #7f1000b8 app:id/back}, event = MotionEvent { action=ACTION_DOWN, actionButton=0, id[0]=0, x[0]=114.74643, y[0]=45.010986, toolType[0]=TOOL_TYPE_FINGER, buttonState=0, metaState=0, flags=0x0, edgeFlags=0x0, pointerCount=1, historySize=0, eventTime=24115124, downTime=24115124, deviceId=1, source=0x1002 }
04-20 17:08:39.992200   231   269 D SurfaceFlinger: requestNextVsync(1102)
04-20 17:08:39.992332  1102  1102 V DisplayEventReceiver: call nativeScheduleVsync mReceiverPtr = 548106581952
04-20 17:08:39.992770   231   313 D SurfaceFlinger: requestNextVsync(1102)
04-20 17:08:39.992895   964   987 V DisplayEventReceiver: call nativeScheduleVsync mReceiverPtr = 548369566784
04-20 17:08:39.993721   231   267 D SurfaceFlinger: requestNextVsync(964)
04-20 17:08:39.994293   231   269 D SurfaceFlinger: requestNextVsync(231)
04-20 17:08:39.996881   964  2089 D WindowManager: interceptKeyTq keycode=4 interactive=true keyguardActive=false policyFlags=2b000002 down =true canceled = false isWakeKey=false mVolumeDownKeyTriggered =false mVolumeUpKeyTriggered =false result = 1 useHapticFeedback = true isInjected = true
04-20 17:08:39.997310   231  1039 D SurfaceFlinger: requestNextVsync(231)
04-20 17:08:39.997882   231  1039 D SurfaceFlinger: requestNextVsync(231)
04-20 17:08:39.999929   964  2089 D AppOps  : startOperation: allowing code 3 uid 1000 package android
04-20 17:08:40.000438 16004 16004 V ViewRootImpl: ViewRoot performTraversals and draw- : mResizeBuffer = null, mResizeAlpha = 0, this = ViewRoot{b020229 com.mediatek.engineermode/com.mediatek.engineermode.EngineerMode,ident = 0} frame#175 (cancelDraw = false)
04-20 17:08:40.003705   964  1006 D WindowManager: interceptKeyTi keyCode=4 down=true repeatCount=0 keyguardOn=false mHomePressed=false canceled=false metaState:0
04-20 17:08:40.004105   231   289 D SurfaceFlinger: postEvent(231, v/c=36785)
04-20 17:08:40.004258   231   287 D SurfaceFlinger: postEvent(964, v/c=45391)
04-20 17:08:40.004340   231   287 D SurfaceFlinger: postEvent(1102, v/c=45391)
04-20 17:08:40.004428   231   287 D SurfaceFlinger: postEvent(1102, v/c=45391)
04-20 17:08:40.005719   231   231 D SurfaceFlinger: requestNextVsync(231)
04-20 17:08:40.005874   231   231 D SurfaceFlinger: requestNextVsync(231)
04-20 17:08:40.006531  1102  1102 V ViewRootImpl: App handle pointer event: event = MotionEvent { action=ACTION_DOWN, actionButton=0, id[0]=0, x[0]=194.74643, y[0]=45.010986, toolType[0]=TOOL_TYPE_FINGER, buttonState=0, metaState=0, flags=0x0, edgeFlags=0x0, pointerCount=1, historySize=0, eventTime=24115124, downTime=24115124, deviceId=1, source=0x1002 }, mView = com.android.systemui.statusbar.phone.NavigationBarView{1651cb7 V.E...... .......D 0,0-768,60}, this = android.view.ViewRootImpl$ViewPostImeInputStage@6913090
04-20 17:08:40.006828  1102  1102 V ViewRootImpl: finishInputEvent: handled = true,event = MotionEvent { action=ACTION_DOWN, actionButton=0, id[0]=0, x[0]=194.74643, y[0]=45.010986, toolType[0]=TOOL_TYPE_FINGER, buttonState=0, metaState=0, flags=0x0, edgeFlags=0x0, pointerCount=1, historySize=0, eventTime=24115124, downTime=24115124, deviceId=1, source=0x1002 }, stage = 10: View Post IME stage, this = ViewRoot{78da969 NavigationBar,ident = 2}
04-20 17:08:40.007754  1102  1102 V ViewRootImpl: ViewRoot performTraversals+ : mFirst = false, this = ViewRoot{78da969 NavigationBar,ident = 2}
04-20 17:08:40.008685   231   269 D SurfaceFlinger: requestNextVsync(1102)
04-20 17:08:40.013329   231  1738 D SurfaceFlinger: requestNextVsync(231)
04-20 17:08:40.015676  1102  1102 V ViewRootImpl: ViewRoot performTraversals and draw- : mResizeBuffer = null, mResizeAlpha = 0, this = ViewRoot{78da969 NavigationBar,ident = 2} frame#615 (cancelDraw = false)
04-20 17:08:40.017425  1102  1102 V DisplayEventReceiver: call nativeScheduleVsync mReceiverPtr = 548106581952
04-20 17:08:40.018226 15705 15705 V DisplayEventReceiver: call nativeScheduleVsync mReceiverPtr = 548119844608
04-20 17:08:40.018642   231   313 D SurfaceFlinger: requestNextVsync(1102)
04-20 17:08:40.018880   231   267 D SurfaceFlinger: requestNextVsync(15705)
04-20 17:08:40.020236   231   287 D SurfaceFlinger: postEvent(15705, v/c=45392)
04-20 17:08:40.020236   231   289 D SurfaceFlinger: postEvent(231, v/c=36786)
04-20 17:08:40.020392   231   287 D SurfaceFlinger: postEvent(1102, v/c=45392)
04-20 17:08:40.020479   231   287 D SurfaceFlinger: postEvent(1102, v/c=45392)
04-20 17:08:40.021306   231   231 D SurfaceFlinger: requestNextVsync(231)
04-20 17:08:40.021393 15705 15705 V ViewRootImpl: ViewRoot performTraversals+ : mFirst = false, this = ViewRoot{b490057 com.mediatek.mtklogger/com.mediatek.mtklogger.MainActivity,ident = 0}
04-20 17:08:40.021467   231   231 D SurfaceFlinger: requestNextVsync(231)
04-20 17:08:40.023155  1102  1102 V ViewRootImpl: enqueueInputEvent: event = MotionEvent { action=ACTION_MOVE, actionButton=0, id[0]=0, x[0]=194.74643, y[0]=45.010986, toolType[0]=TOOL_TYPE_FINGER, buttonState=0, metaState=0, flags=0x0, edgeFlags=0x0, pointerCount=1, historySize=1, eventTime=24115151, downTime=24115124, deviceId=1, source=0x1002 },processImmediately = true,mProcessInputEventsScheduled = false, this = ViewRoot{78da969 NavigationBar,ident = 2}
04-20 17:08:40.023565 15705 16040 D OpenGLRenderer: Flushing caches (mode 0)
04-20 17:08:40.024211   231  1738 D SurfaceFlinger: requestNextVsync(1102)
04-20 17:08:40.024474 15705 16040 D Surface : Surface::disconnect(this=0x7fad52e000,api=1)
04-20 17:08:40.024719   231   269 I BufferQueueProducer: [com.mediatek.mtklogger/com.mediatek.mtklogger.MainActivity](this:0x7f76cd2400,id:346,api:1,p:-1,c:231) disconnect(P): api 1
04-20 17:08:40.025272   231   269 I BufferQueueConsumer: [com.mediatek.mtklogger/com.mediatek.mtklogger.MainActivity](this:0x7f76cd2400,id:346,api:1,p:-1,c:231) getReleasedBuffers: returning mask 0xffffffffffffffff
04-20 17:08:40.025548   231   269 D GraphicBuffer: free, handle(0x7f7c8c9a00) (w:1306 h:768 s:1312 f:0x1 u:0x000b00)
04-20 17:08:40.025731   231   269 I [MALI][Gralloc]: [-]hnd(0x7f7c8c9a00), client(27), share_fd(30)
04-20 17:08:40.026073   231   269 D GraphicBuffer: free, handle(0x7f7c8c9aa0) (w:1306 h:768 s:1312 f:0x1 u:0x000b00)
04-20 17:08:40.026256   231   269 I [MALI][Gralloc]: [-]hnd(0x7f7c8c9aa0), client(27), share_fd(32)
04-20 17:08:40.026518   231   269 D GraphicBuffer: free, handle(0x7f7c8c9c80) (w:1306 h:768 s:1312 f:0x1 u:0x000b00)
04-20 17:08:40.026702   231   269 I [MALI][Gralloc]: [-]hnd(0x7f7c8c9c80), client(27), share_fd(81)
04-20 17:08:40.027942 15705 16040 D GraphicBuffer: unregister, handle(0x7fad4dc0e0) (w:1306 h:768 s:1312 f:0x1 u:0x000b00)
04-20 17:08:40.028844  1102  1102 V ViewRootImpl: App handle pointer event: event = MotionEvent { action=ACTION_MOVE, actionButton=0, id[0]=0, x[0]=194.74643, y[0]=45.010986, toolType[0]=TOOL_TYPE_FINGER, buttonState=0, metaState=0, flags=0x0, edgeFlags=0x0, pointerCount=1, historySize=1, eventTime=24115151, downTime=24115124, deviceId=1, source=0x1002 }, mView = com.android.systemui.statusbar.phone.NavigationBarView{1651cb7 V.E...... ........ 0,0-768,60}, this = android.view.ViewRootImpl$ViewPostImeInputStage@6913090
04-20 17:08:40.029120  1102  1102 V ViewRootImpl: finishInputEvent: handled = true,event = MotionEvent { action=ACTION_MOVE, actionButton=0, id[0]=0, x[0]=194.74643, y[0]=45.010986, toolType[0]=TOOL_TYPE_FINGER, buttonState=0, metaState=0, flags=0x0, edgeFlags=0x0, pointerCount=1, historySize=1, eventTime=24115151, downTime=24115124, deviceId=1, source=0x1002 }, stage = 10: View Post IME stage, this = ViewRoot{78da969 NavigationBar,ident = 2}
04-20 17:08:40.029816 15705 16040 I [MALI][Gralloc]: [-]r_hnd(0x7fad4dc0e0), client(45), share_fd(53)
04-20 17:08:40.029353  1102  1102 V DisplayEventReceiver: call nativeScheduleVsync mReceiverPtr = 548106581952
04-20 17:08:40.030176 15705 16040 D GraphicBuffer: unregister, handle(0x7fad4dc720) (w:1306 h:768 s:1312 f:0x1 u:0x000b00)
04-20 17:08:40.030475   231   267 D SurfaceFlinger: requestNextVsync(231)
04-20 17:08:40.030921   231   313 D SurfaceFlinger: requestNextVsync(1102)
04-20 17:08:40.031411 15705 16040 I [MALI][Gralloc]: [-]r_hnd(0x7fad4dc720), client(45), share_fd(54)
04-20 17:08:40.032234 15705 16040 D GraphicBuffer: unregister, handle(0x7fad4dc220) (w:1306 h:768 s:1312 f:0x1 u:0x000b00)
04-20 17:08:40.033593 15705 16040 I [MALI][Gralloc]: [-]r_hnd(0x7fad4dc220), client(45), share_fd(57)
04-20 17:08:40.034148 15705 16040 D GraphicBuffer: unregister, handle(0x7fad4dd4e0) (w:1306 h:768 s:1312 f:0x1 u:0x000b00)
04-20 17:08:40.035133 15705 16040 I [MALI][Gralloc]: [-]r_hnd(0x7fad4dd4e0), client(45), share_fd(55)
04-20 17:08:40.035294 15705 16040 D Surface : Surface::disconnect(this=0x7fad52e000,api=1)
04-20 17:08:40.035655   231  1039 I BufferQueueProducer: [com.mediatek.mtklogger/com.mediatek.mtklogger.MainActivity](this:0x7f76cd2400,id:346,api:1,p:-1,c:231) disconnect(P): api 1
04-20 17:08:40.035958 15705 16040 D OpenGLRenderer: Flushing caches (mode 0)
04-20 17:08:40.036473   231   289 D SurfaceFlinger: postEvent(231, v/c=36787)
04-20 17:08:40.036476   231   287 D SurfaceFlinger: postEvent(1102, v/c=45393)
04-20 17:08:40.036614   231   287 D SurfaceFlinger: postEvent(1102, v/c=45393)
04-20 17:08:40.037534 16004 16004 V InputMethodManager: onWindowFocus: android.widget.ListView{1501a80 VFED.VC.. .F....ID 0,0-768,1166 #102000a android:id/list} softInputMode=16 first=true flags=#1810100
04-20 17:08:40.037538   231   231 D SurfaceFlinger: requestNextVsync(231)
04-20 17:08:40.038042 16004 16004 V InputMethodManager: START INPUT: android.widget.ListView{1501a80 VFED.VC.. .F....ID 0,0-768,1166 #102000a android:id/list} ic=null tba=android.view.inputmethod.EditorInfo@f5d65e5 controlFlags=#105
04-20 17:08:40.038038   231   231 D SurfaceFlinger: requestNextVsync(231)
04-20 17:08:40.040399   231   313 D SurfaceFlinger: requestNextVsync(1102)
04-20 17:08:40.044761   231  1039 D SurfaceFlinger: requestNextVsync(231)
04-20 17:08:40.047814  1102  1102 V ViewRootImpl: enqueueInputEvent: event = MotionEvent { action=ACTION_MOVE, actionButton=0, id[0]=0, x[0]=194.74643, y[0]=45.010986, toolType[0]=TOOL_TYPE_FINGER, buttonState=0, metaState=0, flags=0x0, edgeFlags=0x0, pointerCount=1, historySize=1, eventTime=24115167, downTime=24115124, deviceId=1, source=0x1002 },processImmediately = true,mProcessInputEventsScheduled = false, this = ViewRoot{78da969 NavigationBar,ident = 2}
04-20 17:08:40.049200  1102  1102 V ViewRootImpl: App handle pointer event: event = MotionEvent { action=ACTION_MOVE, actionButton=0, id[0]=0, x[0]=194.74643, y[0]=45.010986, toolType[0]=TOOL_TYPE_FINGER, buttonState=0, metaState=0, flags=0x0, edgeFlags=0x0, pointerCount=1, historySize=1, eventTime=24115167, downTime=24115124, deviceId=1, source=0x1002 }, mView = com.android.systemui.statusbar.phone.NavigationBarView{1651cb7 V.E...... ........ 0,0-768,60}, this = android.view.ViewRootImpl$ViewPostImeInputStage@6913090
04-20 17:08:40.049462  1102  1102 V ViewRootImpl: finishInputEvent: handled = true,event = MotionEvent { action=ACTION_MOVE, actionButton=0, id[0]=0, x[0]=194.74643, y[0]=45.010986, toolType[0]=TOOL_TYPE_FINGER, buttonState=0, metaState=0, flags=0x0, edgeFlags=0x0, pointerCount=1, historySize=1, eventTime=24115167, downTime=24115124, deviceId=1, source=0x1002 }, stage = 10: View Post IME stage, this = ViewRoot{78da969 NavigationBar,ident = 2}
04-20 17:08:40.049708  1102  1102 V DisplayEventReceiver: call nativeScheduleVsync mReceiverPtr = 548106581952
04-20 17:08:40.050258   231  1738 D SurfaceFlinger: requestNextVsync(1102)
04-20 17:08:40.052698   231   289 D SurfaceFlinger: postEvent(231, v/c=36788)
04-20 17:08:40.052697   231   287 D SurfaceFlinger: postEvent(1102, v/c=45394)
04-20 17:08:40.052825   231   287 D SurfaceFlinger: postEvent(1102, v/c=45394)
04-20 17:08:40.053597  1102  1102 V DisplayEventReceiver: call nativeScheduleVsync mReceiverPtr = 548106581952
04-20 17:08:40.053995   231   231 D SurfaceFlinger: requestNextVsync(231)
04-20 17:08:40.054141   231   231 D SurfaceFlinger: requestNextVsync(231)
04-20 17:08:40.055122   231  1039 D SurfaceFlinger: requestNextVsync(1102)
04-20 17:08:40.056442   231   313 D SurfaceFlinger: requestNextVsync(1102)
04-20 17:08:40.059578   231   269 D SurfaceFlinger: requestNextVsync(231)
04-20 17:08:40.061788 15705 15705 V ViewRootImpl: ViewRoot performTraversals and draw- : mResizeBuffer = null, mResizeAlpha = 0, this = ViewRoot{b490057 com.mediatek.mtklogger/com.mediatek.mtklogger.MainActivity,ident = 0} frame#-999 (cancelDraw = true)
04-20 17:08:40.064274 16004 16004 V ViewRootImpl: enqueueInputEvent: event = KeyEvent { action=ACTION_DOWN, keyCode=KEYCODE_BACK, scanCode=0, metaState=0, flags=0x48, repeatCount=0, eventTime=24115128, downTime=24115128, deviceId=-1, source=0x101 },processImmediately = true,mProcessInputEventsScheduled = false, this = ViewRoot{b020229 com.mediatek.engineermode/com.mediatek.engineermode.EngineerMode,ident = 0}
04-20 17:08:40.066155   964   987 V DisplayEventReceiver: call nativeScheduleVsync mReceiverPtr = 548369566784
04-20 17:08:40.066593   231   313 D SurfaceFlinger: requestNextVsync(964)
04-20 17:08:40.067172   231   313 D SurfaceFlinger: requestNextVsync(231)
04-20 17:08:40.068390 16004 16004 V ViewRootImpl: ViewRoot performTraversals+ : mFirst = false, this = ViewRoot{b020229 com.mediatek.engineermode/com.mediatek.engineermode.EngineerMode,ident = 0}
04-20 17:08:40.069035   231   289 D SurfaceFlinger: postEvent(231, v/c=36789)
04-20 17:08:40.069200   231   287 D SurfaceFlinger: postEvent(964, v/c=45395)
04-20 17:08:40.069281   231   287 D SurfaceFlinger: postEvent(1102, v/c=45395)
04-20 17:08:40.069361   231   287 D SurfaceFlinger: postEvent(1102, v/c=45395)
04-20 17:08:40.070098  1102  1102 V ViewRootImpl: enqueueInputEvent: event = MotionEvent { action=ACTION_MOVE, actionButton=0, id[0]=0, x[0]=194.74643, y[0]=45.010986, toolType[0]=TOOL_TYPE_FINGER, buttonState=0, metaState=0, flags=0x0, edgeFlags=0x0, pointerCount=1, historySize=1, eventTime=24115199, downTime=24115124, deviceId=1, source=0x1002 },processImmediately = true,mProcessInputEventsScheduled = false, this = ViewRoot{78da969 NavigationBar,ident = 2}
04-20 17:08:40.070471   231   231 D SurfaceFlinger: requestNextVsync(231)
04-20 17:08:40.070623   231   231 D SurfaceFlinger: requestNextVsync(231)
04-20 17:08:40.070705  1102  1102 V ViewRootImpl: App handle pointer event: event = MotionEvent { action=ACTION_MOVE, actionButton=0, id[0]=0, x[0]=194.74643, y[0]=45.010986, toolType[0]=TOOL_TYPE_FINGER, buttonState=0, metaState=0, flags=0x0, edgeFlags=0x0, pointerCount=1, historySize=1, eventTime=24115199, downTime=24115124, deviceId=1, source=0x1002 }, mView = com.android.systemui.statusbar.phone.NavigationBarView{1651cb7 V.E...... ........ 0,0-768,60}, this = android.view.ViewRootImpl$ViewPostImeInputStage@6913090
04-20 17:08:40.070900  1102  1102 V ViewRootImpl: finishInputEvent: handled = true,event = MotionEvent { action=ACTION_MOVE, actionButton=0, id[0]=0, x[0]=194.74643, y[0]=45.010986, toolType[0]=TOOL_TYPE_FINGER, buttonState=0, metaState=0, flags=0x0, edgeFlags=0x0, pointerCount=1, historySize=1, eventTime=24115199, downTime=24115124, deviceId=1, source=0x1002 }, stage = 10: View Post IME stage, this = ViewRoot{78da969 NavigationBar,ident = 2}
04-20 17:08:40.071278  1102  1102 V DisplayEventReceiver: call nativeScheduleVsync mReceiverPtr = 548106581952
04-20 17:08:40.071804   231   269 D SurfaceFlinger: requestNextVsync(1102)
04-20 17:08:40.073897  1102  1102 V PhoneStatusBarPolicy: updateManagedProfile: mManagedProfileFocused: false mKeyguardVisible: false
04-20 17:08:40.075106   231   313 D SurfaceFlinger: requestNextVsync(1102)
04-20 17:08:40.078885   964   987 V DisplayEventReceiver: call nativeScheduleVsync mReceiverPtr = 548369566784
04-20 17:08:40.079584   231   269 D SurfaceFlinger: requestNextVsync(231)
04-20 17:08:40.079646   231   267 D SurfaceFlinger: requestNextVsync(964)
04-20 17:08:40.079717   231   313 D SurfaceFlinger: requestNextVsync(231)
04-20 17:08:40.085264   231   287 D SurfaceFlinger: postEvent(964, v/c=45396)
04-20 17:08:40.085286   231   289 D SurfaceFlinger: postEvent(231, v/c=36790)
04-20 17:08:40.085502   231   287 D SurfaceFlinger: postEvent(1102, v/c=45396)
04-20 17:08:40.085585   231   287 D SurfaceFlinger: postEvent(1102, v/c=45396)
04-20 17:08:40.086468   231   231 D SurfaceFlinger: requestNextVsync(231)
04-20 17:08:40.086630   231   231 D SurfaceFlinger: requestNextVsync(231)
04-20 17:08:40.087527 16004 16004 V DisplayEventReceiver: call nativeScheduleVsync mReceiverPtr = 548132282368
04-20 17:08:40.088838   231  1738 D SurfaceFlinger: requestNextVsync(16004)
04-20 17:08:40.089385   964   987 V DisplayEventReceiver: call nativeScheduleVsync mReceiverPtr = 548369566784
04-20 17:08:40.089675  1102  1102 V ViewRootImpl: enqueueInputEvent: event = MotionEvent { action=ACTION_MOVE, actionButton=0, id[0]=0, x[0]=194.74643, y[0]=45.010986, toolType[0]=TOOL_TYPE_FINGER, buttonState=0, metaState=0, flags=0x0, edgeFlags=0x0, pointerCount=1, historySize=1, eventTime=24115212, downTime=24115124, deviceId=1, source=0x1002 },processImmediately = true,mProcessInputEventsScheduled = false, this = ViewRoot{78da969 NavigationBar,ident = 2}
04-20 17:08:40.089739   231  1039 D SurfaceFlinger: requestNextVsync(1102)
04-20 17:08:40.090003   231  1738 D SurfaceFlinger: requestNextVsync(964)
04-20 17:08:40.090206   231  1039 D SurfaceFlinger: requestNextVsync(231)
04-20 17:08:40.091566  1102  1102 V ViewRootImpl: App handle pointer event: event = MotionEvent { action=ACTION_MOVE, actionButton=0, id[0]=0, x[0]=194.74643, y[0]=45.010986, toolType[0]=TOOL_TYPE_FINGER, buttonState=0, metaState=0, flags=0x0, edgeFlags=0x0, pointerCount=1, historySize=1, eventTime=24115212, downTime=24115124, deviceId=1, source=0x1002 }, mView = com.android.systemui.statusbar.phone.NavigationBarView{1651cb7 V.E...... ........ 0,0-768,60}, this = android.view.ViewRootImpl$ViewPostImeInputStage@6913090
04-20 17:08:40.091873  1102  1102 V ViewRootImpl: finishInputEvent: handled = true,event = MotionEvent { action=ACTION_MOVE, actionButton=0, id[0]=0, x[0]=194.74643, y[0]=45.010986, toolType[0]=TOOL_TYPE_FINGER, buttonState=0, metaState=0, flags=0x0, edgeFlags=0x0, pointerCount=1, historySize=1, eventTime=24115212, downTime=24115124, deviceId=1, source=0x1002 }, stage = 10: View Post IME stage, this = ViewRoot{78da969 NavigationBar,ident = 2}
04-20 17:08:40.092079   231  1039 I BufferQueueProducer: [com.mediatek.engineermode/com.mediatek.engineermode.EngineerMode](this:0x7f76cd6000,id:349,api:1,p:16004,c:231) new GraphicBuffer needed
04-20 17:08:40.092163   231  1039 D GraphicBuffer: free, handle(0x7f7c8ca360) (w:768 h:1306 s:768 f:0x1 u:0x000900)
04-20 17:08:40.092154  1102  1102 V DisplayEventReceiver: call nativeScheduleVsync mReceiverPtr = 548106581952
04-20 17:08:40.092332   231  1039 I [MALI][Gralloc]: [-]hnd(0x7f7c8ca360), client(27), share_fd(57)
04-20 17:08:40.093425   231   267 D SurfaceFlinger: requestNextVsync(1102)
04-20 17:08:40.091496 16004 16004 V ViewRootImpl: ViewRoot performTraversals and draw- : mResizeBuffer = null, mResizeAlpha = 0, this = ViewRoot{b020229 com.mediatek.engineermode/com.mediatek.engineermode.EngineerMode,ident = 0} frame#176 (cancelDraw = false)
04-20 17:08:40.096505   231   313 D SurfaceFlinger: requestNextVsync(231)
04-20 17:08:40.097019 16004 16004 I View    : Key down dispatch to android.widget.ListView{1501a80 VFED.VC.. .F....ID 0,0-768,1166 #102000a android:id/list}, event = KeyEvent { action=ACTION_DOWN, keyCode=KEYCODE_BACK, scanCode=0, metaState=0, flags=0x48, repeatCount=0, eventTime=24115128, downTime=24115128, deviceId=-1, source=0x101 }
04-20 17:08:40.097625 16004 16004 V ViewRootImpl: App handle key event: event = KeyEvent { action=ACTION_DOWN, keyCode=KEYCODE_BACK, scanCode=0, metaState=0, flags=0x40000048, repeatCount=0, eventTime=24115128, downTime=24115128, deviceId=-1, source=0x101 }, mView = com.android.internal.policy.PhoneWindow$DecorView{42020ea V.E...... R......D 0,0-768,1306}, this = android.view.ViewRootImpl$ViewPostImeInputStage@f9e07d8
04-20 17:08:40.098001 16004 16004 V ViewRootImpl: finishInputEvent: handled = true,event = KeyEvent { action=ACTION_DOWN, keyCode=KEYCODE_BACK, scanCode=0, metaState=0, flags=0x40000048, repeatCount=0, eventTime=24115128, downTime=24115128, deviceId=-1, source=0x101 }, stage = 10: View Post IME stage, this = ViewRoot{b020229 com.mediatek.engineermode/com.mediatek.engineermode.EngineerMode,ident = 0}
04-20 17:08:40.100367   231  1039 I [MALI][Gralloc]: [+]hnd(0x7f7c8ca360), client(27), share_fd(32), hnd->flags:4
04-20 17:08:40.100483   231  1039 D GraphicBuffer: alloc, handle(0x7f7c8ca360) (w:1306 h:768 s:1312 f:0x1 u:0x000b00) err(0)
04-20 17:08:40.101427   231   289 D SurfaceFlinger: postEvent(231, v/c=36791)
04-20 17:08:40.101412   231   287 D SurfaceFlinger: postEvent(16004, v/c=45397)
04-20 17:08:40.101612   231   287 D SurfaceFlinger: postEvent(964, v/c=45397)
04-20 17:08:40.101698   231   287 D SurfaceFlinger: postEvent(1102, v/c=45397)
04-20 17:08:40.101774   231   287 D SurfaceFlinger: postEvent(1102, v/c=45397)
04-20 17:08:40.102610   231   231 D SurfaceFlinger: requestNextVsync(231)
04-20 17:08:40.102632 16004 16004 V ViewRootImpl: ViewRoot performTraversals+ : mFirst = false, this = ViewRoot{b020229 com.mediatek.engineermode/com.mediatek.engineermode.EngineerMode,ident = 0}
04-20 17:08:40.102781   231   231 D SurfaceFlinger: requestNextVsync(231)
04-20 17:08:40.102884 16004 16004 V ViewRootImpl: ViewRoot performTraversals and draw- : mResizeBuffer = null, mResizeAlpha = 0, this = ViewRoot{b020229 com.mediatek.engineermode/com.mediatek.engineermode.EngineerMode,ident = 0} frame#177 (cancelDraw = false)
04-20 17:08:40.103043 16004 16021 I [MALI][Gralloc]: [+]r_hnd(0x7fa9b2a100), client(28), share_fd(39)
04-20 17:08:40.103103 16004 16021 D GraphicBuffer: register, handle(0x7fa9b2a100) (w:1306 h:768 s:1312 f:0x1 u:0x000b00)
04-20 17:08:40.104200   964   987 V DisplayEventReceiver: call nativeScheduleVsync mReceiverPtr = 548369566784
04-20 17:08:40.104626   231   269 D SurfaceFlinger: requestNextVsync(964)
04-20 17:08:40.105249   231   269 D SurfaceFlinger: requestNextVsync(231)
04-20 17:08:40.106015   231   313 D SurfaceFlinger: requestNextVsync(1102)
04-20 17:08:40.106016   964  1007 D InputReader: AP_PROF:AppLaunch_dispatchPtr:Up:24115242, ID:0, Index:-1663943424
04-20 17:08:40.106188   964  1007 I PerfService: PerfServiceNative_boostEnableTimeoutMsAsync:3, 100
04-20 17:08:40.107528  1102  1102 V ViewRootImpl: enqueueInputEvent: event = MotionEvent { action=ACTION_MOVE, actionButton=0, id[0]=0, x[0]=194.74643, y[0]=45.010986, toolType[0]=TOOL_TYPE_FINGER, buttonState=0, metaState=0, flags=0x0, edgeFlags=0x0, pointerCount=1, historySize=0, eventTime=24115222, downTime=24115124, deviceId=1, source=0x1002 },processImmediately = true,mProcessInputEventsScheduled = false, this = ViewRoot{78da969 NavigationBar,ident = 2}
04-20 17:08:40.109533  1102  1102 V ViewRootImpl: App handle pointer event: event = MotionEvent { action=ACTION_MOVE, actionButton=0, id[0]=0, x[0]=194.74643, y[0]=45.010986, toolType[0]=TOOL_TYPE_FINGER, buttonState=0, metaState=0, flags=0x0, edgeFlags=0x0, pointerCount=1, historySize=0, eventTime=24115222, downTime=24115124, deviceId=1, source=0x1002 }, mView = com.android.systemui.statusbar.phone.NavigationBarView{1651cb7 V.E...... ........ 0,0-768,60}, this = android.view.ViewRootImpl$ViewPostImeInputStage@6913090
04-20 17:08:40.109296   231  1039 D SurfaceFlinger: requestNextVsync(231)
04-20 17:08:40.109945  1102  1102 V ViewRootImpl: finishInputEvent: handled = true,event = MotionEvent { action=ACTION_MOVE, actionButton=0, id[0]=0, x[0]=194.74643, y[0]=45.010986, toolType[0]=TOOL_TYPE_FINGER, buttonState=0, metaState=0, flags=0x0, edgeFlags=0x0, pointerCount=1, historySize=0, eventTime=24115222, downTime=24115124, deviceId=1, source=0x1002 }, stage = 10: View Post IME stage, this = ViewRoot{78da969 NavigationBar,ident = 2}
04-20 17:08:40.110533  1102  1102 V ViewRootImpl: enqueueInputEvent: event = MotionEvent { action=ACTION_UP, actionButton=0, id[0]=0, x[0]=194.74643, y[0]=45.010986, toolType[0]=TOOL_TYPE_FINGER, buttonState=0, metaState=0, flags=0x0, edgeFlags=0x0, pointerCount=1, historySize=0, eventTime=24115242, downTime=24115124, deviceId=1, source=0x1002 },processImmediately = true,mProcessInputEventsScheduled = false, this = ViewRoot{78da969 NavigationBar,ident = 2}
04-20 17:08:40.113131  1102  1102 I View    : Touch up dispatch to com.android.systemui.statusbar.policy.KeyButtonView{16b3c6d V.ED..CL. ...P.... 80,0-283,60 #7f1000b8 app:id/back}, event = MotionEvent { action=ACTION_UP, actionButton=0, id[0]=0, x[0]=114.74643, y[0]=45.010986, toolType[0]=TOOL_TYPE_FINGER, buttonState=0, metaState=0, flags=0x0, edgeFlags=0x0, pointerCount=1, historySize=0, eventTime=24115242, downTime=24115124, deviceId=1, source=0x1002 }
04-20 17:08:40.114028   231  1738 D SurfaceFlinger: requestNextVsync(231)
04-20 17:08:40.117635   231   287 D SurfaceFlinger: postEvent(964, v/c=45398)
04-20 17:08:40.117635   231   289 D SurfaceFlinger: postEvent(231, v/c=36792)
04-20 17:08:40.117772   231   287 D SurfaceFlinger: postEvent(1102, v/c=45398)
04-20 17:08:40.119614   231   231 D SurfaceFlinger: requestNextVsync(231)
04-20 17:08:40.119766   231   231 D SurfaceFlinger: requestNextVsync(231)
04-20 17:08:40.120331   964   987 V DisplayEventReceiver: call nativeScheduleVsync mReceiverPtr = 548369566784
04-20 17:08:40.120880   231   269 D SurfaceFlinger: requestNextVsync(964)
04-20 17:08:40.120950   231   313 D SurfaceFlinger: requestNextVsync(231)
04-20 17:08:40.121593   231  1738 D SurfaceFlinger: requestNextVsync(1102)
04-20 17:08:40.124171  1102  1102 V DisplayEventReceiver: call nativeScheduleVsync mReceiverPtr = 548106581952
04-20 17:08:40.124347   231   269 D SurfaceFlinger: requestNextVsync(231)
04-20 17:08:40.124583   231  1738 D SurfaceFlinger: requestNextVsync(1102)
04-20 17:08:40.126357   964  8871 D WindowManager: interceptKeyTq keycode=4 interactive=true keyguardActive=false policyFlags=2b000002 down =false canceled = false isWakeKey=false mVolumeDownKeyTriggered =false mVolumeUpKeyTriggered =false result = 1 useHapticFeedback = false isInjected = true
04-20 17:08:40.128576   964  1006 D WindowManager: interceptKeyTi keyCode=4 down=false repeatCount=0 keyguardOn=false mHomePressed=false canceled=false metaState:0
04-20 17:08:40.128877  1102  1102 D SettingsInterface:  from settings cache , name = sound_effects_enabled , value = 0
04-20 17:08:40.129478 16004 16004 V ViewRootImpl: enqueueInputEvent: event = KeyEvent { action=ACTION_UP, keyCode=KEYCODE_BACK, scanCode=0, metaState=0, flags=0x48, repeatCount=0, eventTime=24115260, downTime=24115128, deviceId=-1, source=0x101 },processImmediately = true,mProcessInputEventsScheduled = false, this = ViewRoot{b020229 com.mediatek.engineermode/com.mediatek.engineermode.EngineerMode,ident = 0}
04-20 17:08:40.129478  1102  1102 V ViewRootImpl: App handle pointer event: event = MotionEvent { action=ACTION_UP, actionButton=0, id[0]=0, x[0]=194.74643, y[0]=45.010986, toolType[0]=TOOL_TYPE_FINGER, buttonState=0, metaState=0, flags=0x0, edgeFlags=0x0, pointerCount=1, historySize=0, eventTime=24115242, downTime=24115124, deviceId=1, source=0x1002 }, mView = com.android.systemui.statusbar.phone.NavigationBarView{1651cb7 V.E...... .......D 0,0-768,60}, this = android.view.ViewRootImpl$ViewPostImeInputStage@6913090
04-20 17:08:40.129825  1102  1102 V ViewRootImpl: finishInputEvent: handled = true,event = MotionEvent { action=ACTION_UP, actionButton=0, id[0]=0, x[0]=194.74643, y[0]=45.010986, toolType[0]=TOOL_TYPE_FINGER, buttonState=0, metaState=0, flags=0x0, edgeFlags=0x0, pointerCount=1, historySize=0, eventTime=24115242, downTime=24115124, deviceId=1, source=0x1002 }, stage = 10: View Post IME stage, this = ViewRoot{78da969 NavigationBar,ident = 2}
04-20 17:08:40.130081  1102  1102 V ViewRootImpl: ViewRoot performTraversals+ : mFirst = false, this = ViewRoot{78da969 NavigationBar,ident = 2}
04-20 17:08:40.131502  1102  1102 V ViewRootImpl: ViewRoot performTraversals and draw- : mResizeBuffer = null, mResizeAlpha = 0, this = ViewRoot{78da969 NavigationBar,ident = 2} frame#616 (cancelDraw = false)
04-20 17:08:40.131748 16004 16004 I View    : Key up dispatch to android.widget.ListView{1501a80 VFED.VC.. .F....ID 0,0-768,1166 #102000a android:id/list}, event = KeyEvent { action=ACTION_UP, keyCode=KEYCODE_BACK, scanCode=0, metaState=0, flags=0x48, repeatCount=0, eventTime=24115260, downTime=24115128, deviceId=-1, source=0x101 }
04-20 17:08:40.134041   231   289 D SurfaceFlinger: postEvent(231, v/c=36793)
04-20 17:08:40.134144   231   287 D SurfaceFlinger: postEvent(964, v/c=45399)
04-20 17:08:40.134226   231   287 D SurfaceFlinger: postEvent(1102, v/c=45399)
04-20 17:08:40.134334   231   287 D SurfaceFlinger: postEvent(1102, v/c=45399)
04-20 17:08:40.135062   231   231 D SurfaceFlinger: requestNextVsync(231)
04-20 17:08:40.135206   231   231 D SurfaceFlinger: requestNextVsync(231)
04-20 17:08:40.137202   964   987 V DisplayEventReceiver: call nativeScheduleVsync mReceiverPtr = 548369566784
04-20 17:08:40.137527   231  1039 D SurfaceFlinger: requestNextVsync(964)
04-20 17:08:40.137733   231   313 D SurfaceFlinger: requestNextVsync(231)
04-20 17:08:40.137819   231   269 D SurfaceFlinger: requestNextVsync(1102)
04-20 17:08:40.142939   231  1039 D SurfaceFlinger: requestNextVsync(231)
04-20 17:08:40.147374   964  1747 I BufferQueue: [unnamed-964-107](this:0x7f9bc5a400,id:107,api:0,p:-1,c:-1) BufferQueue core=(964:system_server)
04-20 17:08:40.147608   964  1747 D BufferQueueDump: [unnamed-964-107] this:0x7f9bd1d800, value:0x7f9325d75c, iLen:6
04-20 17:08:40.147854   964  1747 I BufferQueueConsumer: [unnamed-964-107](this:0x7f9bc5a400,id:107,api:0,p:-1,c:964) connect(C): consumer=(964:system_server) controlledByApp=false
04-20 17:08:40.147915   964  1747 D BufferQueueDump: [unnamed-964-107] this:0x7f9bd1d800, value:0x7f9325d78c, iLen:6
04-20 17:08:40.147971   964  1747 I BufferQueueConsumer: [unnamed-964-107](this:0x7f9bc5a400,id:107,api:0,p:-1,c:964) setConsumerName: unnamed-964-107
04-20 17:08:40.148046   964  1747 D BufferQueueDump: [ScreenshotClient] this:0x7f9bd1d800, value:0x7f9325d7ec, iLen:6
04-20 17:08:40.148101   964  1747 I BufferQueueConsumer: [ScreenshotClient](this:0x7f9bc5a400,id:107,api:0,p:-1,c:964) setConsumerName: ScreenshotClient
04-20 17:08:40.148789   231   231 D Surface : Surface::connect(this=0x7f7a6d2c00,api=1)
04-20 17:08:40.149314   964  1747 I BufferQueueProducer: [ScreenshotClient](this:0x7f9bc5a400,id:107,api:1,p:231,c:964) connect(P): api=1 producer=(231:/system/bin/surfaceflinger) producerControlledByApp=false
04-20 17:08:40.149718   964  1747 I BufferQueueProducer: [ScreenshotClient](this:0x7f9bc5a400,id:107,api:1,p:231,c:964) new GraphicBuffer needed
04-20 17:08:40.150138   231   289 D SurfaceFlinger: postEvent(231, v/c=36794)
04-20 17:08:40.150137   231   287 D SurfaceFlinger: postEvent(964, v/c=45400)
04-20 17:08:40.150287   231   287 D SurfaceFlinger: postEvent(1102, v/c=45400)
04-20 17:08:40.150966   231  1039 I [MALI][Gralloc]: [+]hnd(0x7f7cddf1c0), client(27), share_fd(71), hnd->flags:4
04-20 17:08:40.151045   231  1039 D GraphicBuffer: alloc, handle(0x7f7cddf1c0) (w:450 h:450 s:464 f:0x1 u:0x000333) err(0)
04-20 17:08:40.152394   964  1747 I [MALI][Gralloc]: [+]r_hnd(0x7f97986380), client(102), share_fd(173)
04-20 17:08:40.152524   964  1747 D GraphicBuffer: register, handle(0x7f97986380) (w:450 h:450 s:464 f:0x1 u:0x000333)
04-20 17:08:40.153017   231  1738 D GraphicBuffer: free, handle(0x7f7cddf1c0) (w:450 h:450 s:464 f:0x1 u:0x000333)
04-20 17:08:40.153138   231  1738 I [MALI][Gralloc]: [-]hnd(0x7f7cddf1c0), client(27), share_fd(71)
04-20 17:08:40.154071   231   313 D SurfaceFlinger: requestNextVsync(1102)
04-20 17:08:40.154073   231   231 I [MALI][Gralloc]: [+]r_hnd(0x7f7c8ca040), client(27), share_fd(75)
04-20 17:08:40.154254   231   231 D GraphicBuffer: register, handle(0x7f7c8ca040) (w:450 h:450 s:464 f:0x1 u:0x000333)
04-20 17:08:40.157149   231   231 D Surface : Surface::disconnect(this=0x7f7a6d2c00,api=1)
04-20 17:08:40.157442   964  1747 I BufferQueueProducer: [ScreenshotClient](this:0x7f9bc5a400,id:107,api:1,p:-1,c:964) disconnect(P): api 1
04-20 17:08:40.157885   964  1747 I BufferQueueConsumer: [ScreenshotClient](this:0x7f9bc5a400,id:107,api:1,p:-1,c:964) getReleasedBuffers: returning mask 0xffffffffffffffff
04-20 17:08:40.158231   231   277 D GraphicBuffer: unregister, handle(0x7f7c8ca040) (w:450 h:450 s:464 f:0x1 u:0x000333)
04-20 17:08:40.158991   231   277 I [MALI][Gralloc]: [-]r_hnd(0x7f7c8ca040), client(27), share_fd(75)
04-20 17:08:40.159816   231   231 D SurfaceFlinger: requestNextVsync(231)
04-20 17:08:40.159999   231   231 D SurfaceFlinger: requestNextVsync(231)
04-20 17:08:40.161639   964   987 V DisplayEventReceiver: call nativeScheduleVsync mReceiverPtr = 548369566784
04-20 17:08:40.162282   231  1738 D SurfaceFlinger: requestNextVsync(964)
04-20 17:08:40.162377   231   269 D SurfaceFlinger: requestNextVsync(231)
04-20 17:08:40.162764   964  1747 I BufferQueueConsumer: [ScreenshotClient](this:0x7f9bc5a400,id:107,api:1,p:-1,c:-1) disconnect(C)
04-20 17:08:40.163222   964  1747 D GraphicBuffer: unregister, handle(0x7f97986380) (w:450 h:450 s:464 f:0x1 u:0x000333)
04-20 17:08:40.164398   964  1747 I [MALI][Gralloc]: [-]r_hnd(0x7f97986380), client(102), share_fd(173)
04-20 17:08:40.164689   964  1747 I BufferQueue: [ScreenshotClient](this:0x7f9bc5a400,id:107,api:1,p:-1,c:-1) ~BufferQueueCore
04-20 17:08:40.166421   231   289 D SurfaceFlinger: postEvent(231, v/c=36795)
04-20 17:08:40.166481   231   287 D SurfaceFlinger: postEvent(964, v/c=45401)
04-20 17:08:40.166574   231   287 D SurfaceFlinger: postEvent(1102, v/c=45401)
04-20 17:08:40.170076 16004 16004 V ViewRootImpl: App handle key event: event = KeyEvent { action=ACTION_UP, keyCode=KEYCODE_BACK, scanCode=0, metaState=0, flags=0x248, repeatCount=0, eventTime=24115260, downTime=24115128, deviceId=-1, source=0x101 }, mView = com.android.internal.policy.PhoneWindow$DecorView{42020ea V.E...... R......D 0,0-768,1306}, this = android.view.ViewRootImpl$ViewPostImeInputStage@f9e07d8
04-20 17:08:40.170280   231  1738 D SurfaceFlinger: requestNextVsync(1102)
04-20 17:08:40.170639 16004 16004 V ViewRootImpl: finishInputEvent: handled = true,event = KeyEvent { action=ACTION_UP, keyCode=KEYCODE_BACK, scanCode=0, metaState=0, flags=0x248, repeatCount=0, eventTime=24115260, downTime=24115128, deviceId=-1, source=0x101 }, stage = 10: View Post IME stage, this = ViewRoot{b020229 com.mediatek.engineermode/com.mediatek.engineermode.EngineerMode,ident = 0}
04-20 17:08:40.171374   231   231 I BufferQueueProducer: [FrameBufferSurface_0](this:0x7f7c90e000,id:0,api:1,p:231,c:231) queueBuffer: fps=5.99 dur=1836.15 max=1641.15 min=13.84
04-20 17:08:40.176741   231  1039 D SurfaceFlinger: requestNextVsync(231)
04-20 17:08:40.178318   964   987 V DisplayEventReceiver: call nativeScheduleVsync mReceiverPtr = 548369566784
04-20 17:08:40.178643   231   313 D SurfaceFlinger: requestNextVsync(964)
04-20 17:08:40.178783   231  1738 D SurfaceFlinger: requestNextVsync(231)
04-20 17:08:40.182638   231   289 D SurfaceFlinger: postEvent(231, v/c=36796)
04-20 17:08:40.182638   231   287 D SurfaceFlinger: postEvent(964, v/c=45402)
04-20 17:08:40.182764   231   287 D SurfaceFlinger: postEvent(1102, v/c=45402)
04-20 17:08:40.186571   231   313 D SurfaceFlinger: requestNextVsync(1102)
04-20 17:08:40.190124   231   269 D SurfaceFlinger: requestNextVsync(231)
04-20 17:08:40.194038   964   987 V DisplayEventReceiver: call nativeScheduleVsync mReceiverPtr = 548369566784
04-20 17:08:40.194241   964  1844 D AppOps  : noteOperation: allowing code 59 uid 10006 package com.android.dialer
04-20 17:08:40.194440   231  1039 D SurfaceFlinger: requestNextVsync(964)
04-20 17:08:40.194623   964  1844 D AppOps  : noteOperation: allowing code 60 uid 10006 package com.android.dialer
04-20 17:08:40.194697   231   267 D SurfaceFlinger: requestNextVsync(231)
04-20 17:08:40.199088   231   287 D SurfaceFlinger: postEvent(964, v/c=45403)
04-20 17:08:40.199088   231   289 D SurfaceFlinger: postEvent(231, v/c=36797)
04-20 17:08:40.199288   231   287 D SurfaceFlinger: postEvent(1102, v/c=45403)
04-20 17:08:40.203500   231  1738 D SurfaceFlinger: requestNextVsync(1102)
04-20 17:08:40.206541   964  1007 D InputReader: AP_PROF:AppLaunch_dispatchPtr:Down:24115342, ID:0, Index:-1663946816
04-20 17:08:40.206815   964  1007 I PerfService: PerfServiceNative_boostEnableAsync:3
04-20 17:08:40.208578  1102  1102 V ViewRootImpl: enqueueInputEvent: event = MotionEvent { action=ACTION_DOWN, actionButton=0, id[0]=0, x[0]=197.74252, y[0]=45.010986, toolType[0]=TOOL_TYPE_FINGER, buttonState=0, metaState=0, flags=0x0, edgeFlags=0x0, pointerCount=1, historySize=0, eventTime=24115342, downTime=24115342, deviceId=1, source=0x1002 },processImmediately = true,mProcessInputEventsScheduled = false, this = ViewRoot{78da969 NavigationBar,ident = 2}
04-20 17:08:40.209181   231  1039 D SurfaceFlinger: requestNextVsync(231)
04-20 17:08:40.209933  1102  1102 I View    : Touch down dispatch to com.android.systemui.statusbar.policy.DeadZone{27763c6 V.ED..... ........ 0,0-768,60 #7f1000be app:id/deadzone}, event = MotionEvent { action=ACTION_DOWN, actionButton=0, id[0]=0, x[0]=197.74252, y[0]=45.010986, toolType[0]=TOOL_TYPE_FINGER, buttonState=0, metaState=0, flags=0x0, edgeFlags=0x0, pointerCount=1, historySize=0, eventTime=24115342, downTime=24115342, deviceId=1, source=0x1002 }
04-20 17:08:40.210557  1102  1102 I View    : Touch down dispatch to com.android.systemui.statusbar.policy.KeyButtonView{16b3c6d V.ED..CL. ........ 80,0-283,60 #7f1000b8 app:id/back}, event = MotionEvent { action=ACTION_DOWN, actionButton=0, id[0]=0, x[0]=117.74252, y[0]=45.010986, toolType[0]=TOOL_TYPE_FINGER, buttonState=0, metaState=0, flags=0x0, edgeFlags=0x0, pointerCount=1, historySize=0, eventTime=24115342, downTime=24115342, deviceId=1, source=0x1002 }
04-20 17:08:40.211203  1102  1102 V DisplayEventReceiver: call nativeScheduleVsync mReceiverPtr = 548106581952
04-20 17:08:40.212182   231   267 D SurfaceFlinger: requestNextVsync(1102)
04-20 17:08:40.215315   231   289 D SurfaceFlinger: postEvent(231, v/c=36798)
04-20 17:08:40.216341   964   976 D WindowManager: interceptKeyTq keycode=4 interactive=true keyguardActive=false policyFlags=2b000002 down =true canceled = false isWakeKey=false mVolumeDownKeyTriggered =false mVolumeUpKeyTriggered =false result = 1 useHapticFeedback = true isInjected = true
04-20 17:08:40.216878   231   287 D SurfaceFlinger: postEvent(1102, v/c=45404)
04-20 17:08:40.217013   231   287 D SurfaceFlinger: postEvent(1102, v/c=45404)
04-20 17:08:40.219177   964   976 D AppOps  : startOperation: allowing code 3 uid 1000 package android
04-20 17:08:40.220354   231   313 D SurfaceFlinger: requestNextVsync(1102)
04-20 17:08:40.221969   964   987 D WindowClient: Add to mViews: com.android.internal.policy.PhoneWindow$DecorView{425e4c9 V.E...... R.....ID 0,0-0,0}, this = android.view.WindowManagerGlobal@8f48134
04-20 17:08:40.222743   964   987 D ViewRootImpl: hardware acceleration is disabled, fakeHwAccelerated = true, HardwareRenderer.sRendererDisabled = false, forceHwAccelerated = false, HardwareRenderer.sSystemRendererDisabled = false, this = ViewRoot{f912a6 Starting com.android.dialer,ident = 37}
04-20 17:08:40.224359   231   269 D SurfaceFlinger: requestNextVsync(231)
04-20 17:08:40.228846   964  1006 D WindowManager: interceptKeyTi keyCode=4 down=true repeatCount=0 keyguardOn=false mHomePressed=false canceled=false metaState:0
04-20 17:08:40.230103  1102  1102 V ViewRootImpl: App handle pointer event: event = MotionEvent { action=ACTION_DOWN, actionButton=0, id[0]=0, x[0]=197.74252, y[0]=45.010986, toolType[0]=TOOL_TYPE_FINGER, buttonState=0, metaState=0, flags=0x0, edgeFlags=0x0, pointerCount=1, historySize=0, eventTime=24115342, downTime=24115342, deviceId=1, source=0x1002 }, mView = com.android.systemui.statusbar.phone.NavigationBarView{1651cb7 V.E...... .......D 0,0-768,60}, this = android.view.ViewRootImpl$ViewPostImeInputStage@6913090
04-20 17:08:40.230394  1102  1102 V ViewRootImpl: finishInputEvent: handled = true,event = MotionEvent { action=ACTION_DOWN, actionButton=0, id[0]=0, x[0]=197.74252, y[0]=45.010986, toolType[0]=TOOL_TYPE_FINGER, buttonState=0, metaState=0, flags=0x0, edgeFlags=0x0, pointerCount=1, historySize=0, eventTime=24115342, downTime=24115342, deviceId=1, source=0x1002 }, stage = 10: View Post IME stage, this = ViewRoot{78da969 NavigationBar,ident = 2}
04-20 17:08:40.231184  1102  1102 V DisplayEventReceiver: call nativeScheduleVsync mReceiverPtr = 548106581952
04-20 17:08:40.231476   231   289 D SurfaceFlinger: postEvent(231, v/c=36799)
04-20 17:08:40.231540   231  1039 D SurfaceFlinger: requestNextVsync(1102)
04-20 17:08:40.231613   231   287 D SurfaceFlinger: postEvent(1102, v/c=45405)
04-20 17:08:40.231894  1102  1102 V ViewRootImpl: ViewRoot performTraversals+ : mFirst = false, this = ViewRoot{78da969 NavigationBar,ident = 2}
04-20 17:08:40.233740  1102  1102 V ViewRootImpl: ViewRoot performTraversals and draw- : mResizeBuffer = null, mResizeAlpha = 0, this = ViewRoot{78da969 NavigationBar,ident = 2} frame#617 (cancelDraw = false)
04-20 17:08:40.238703   231   313 D SurfaceFlinger: requestNextVsync(231)
04-20 17:08:40.240089   231  1738 D SurfaceFlinger: requestNextVsync(1102)
04-20 17:08:40.240885   964   987 V ViewRootImpl: ViewRoot performTraversals+ : mFirst = true, this = ViewRoot{f912a6 Starting com.android.dialer,ident = 37}
04-20 17:08:40.244852 16004 16004 V ViewRootImpl: enqueueInputEvent: event = KeyEvent { action=ACTION_DOWN, keyCode=KEYCODE_BACK, scanCode=0, metaState=0, flags=0x48, repeatCount=0, eventTime=24115346, downTime=24115346, deviceId=-1, source=0x101 },processImmediately = true,mProcessInputEventsScheduled = false, this = ViewRoot{b020229 com.mediatek.engineermode/com.mediatek.engineermode.EngineerMode,ident = 0}
04-20 17:08:40.247361 16004 16004 V DisplayEventReceiver: call nativeScheduleVsync mReceiverPtr = 548132282368
04-20 17:08:40.247787   231   289 D SurfaceFlinger: postEvent(231, v/c=36800)
04-20 17:08:40.247881   231   287 D SurfaceFlinger: postEvent(1102, v/c=45406)
04-20 17:08:40.247969   231   287 D SurfaceFlinger: postEvent(1102, v/c=45406)
04-20 17:08:40.248804  1102  1102 V ViewRootImpl: enqueueInputEvent: event = MotionEvent { action=ACTION_MOVE, actionButton=0, id[0]=0, x[0]=197.74252, y[0]=45.010986, toolType[0]=TOOL_TYPE_FINGER, buttonState=0, metaState=0, flags=0x0, edgeFlags=0x0, pointerCount=1, historySize=1, eventTime=24115378, downTime=24115342, deviceId=1, source=0x1002 },processImmediately = true,mProcessInputEventsScheduled = false, this = ViewRoot{78da969 NavigationBar,ident = 2}
