04-20 17:08:28.054163   231   289 D SurfaceFlinger: postEvent(231, v/c=36548)
04-20 17:08:28.056056 16004 16004 V DisplayEventReceiver: call nativeScheduleVsync mReceiverPtr = 548132282368
04-20 17:08:28.056750   231   313 D SurfaceFlinger: requestNextVsync(16004)
04-20 17:08:28.057627 16004 16004 V ViewRootImpl: ViewRoot performTraversals+ : mFirst = false, this = ViewRoot{b020229 com.mediatek.engineermode/com.mediatek.engineermode.EngineerMode,ident = 0}
04-20 17:08:28.058883 16004 16004 V ViewRootImpl: ViewRoot performTraversals and draw- : mResizeBuffer = null, mResizeAlpha = 0, this = ViewRoot{b020229 com.mediatek.engineermode/com.mediatek.engineermode.EngineerMode,ident = 0} frame#143 (cancelDraw = false)
04-20 17:08:28.062533   231   267 D SurfaceFlinger: requestNextVsync(231)
04-20 17:08:28.070171   231   289 D SurfaceFlinger: postEvent(231, v/c=36549)
04-20 17:08:28.070171   231   287 D SurfaceFlinger: postEvent(16004, v/c=45144)
04-20 17:08:28.071720 16004 16004 V DisplayEventReceiver: call nativeScheduleVsync mReceiverPtr = 548132282368
04-20 17:08:28.072219   231   269 D SurfaceFlinger: requestNextVsync(16004)
04-20 17:08:28.072695 16004 16004 V ViewRootImpl: ViewRoot performTraversals+ : mFirst = false, this = ViewRoot{b020229 com.mediatek.engineermode/com.mediatek.engineermode.EngineerMode,ident = 0}
04-20 17:08:28.074436 16004 16004 V ViewRootImpl: ViewRoot performTraversals and draw- : mResizeBuffer = null, mResizeAlpha = 0, this = ViewRoot{b020229 com.mediatek.engineermode/com.mediatek.engineermode.EngineerMode,ident = 0} frame#144 (cancelDraw = false)
04-20 17:08:28.078332   231   313 D SurfaceFlinger: requestNextVsync(231)
04-20 17:08:28.086319   231   289 D SurfaceFlinger: postEvent(231, v/c=36550)
04-20 17:08:28.086320   231   287 D SurfaceFlinger: postEvent(16004, v/c=45145)
04-20 17:08:28.087517 16004 16004 V DisplayEventReceiver: call nativeScheduleVsync mReceiverPtr = 548132282368
04-20 17:08:28.088189 16004 16004 V ViewRootImpl: ViewRoot performTraversals+ : mFirst = false, this = ViewRoot{b020229 com.mediatek.engineermode/com.mediatek.engineermode.EngineerMode,ident = 0}
04-20 17:08:28.088253   231  1039 D SurfaceFlinger: requestNextVsync(16004)
04-20 17:08:28.089790 16004 16004 V ViewRootImpl: ViewRoot performTraversals and draw- : mResizeBuffer = null, mResizeAlpha = 0, this = ViewRoot{b020229 com.mediatek.engineermode/com.mediatek.engineermode.EngineerMode,ident = 0} frame#145 (cancelDraw = false)
04-20 17:08:28.093358   231   269 D SurfaceFlinger: requestNextVsync(231)
04-20 17:08:28.102569   231   289 D SurfaceFlinger: postEvent(231, v/c=36551)
04-20 17:08:28.102569   231   287 D SurfaceFlinger: postEvent(16004, v/c=45146)
04-20 17:08:28.104112 16004 16004 V DisplayEventReceiver: call nativeScheduleVsync mReceiverPtr = 548132282368
04-20 17:08:28.104528   231  1738 D SurfaceFlinger: requestNextVsync(16004)
04-20 17:08:28.105312 16004 16004 V ViewRootImpl: ViewRoot performTraversals+ : mFirst = false, this = ViewRoot{b020229 com.mediatek.engineermode/com.mediatek.engineermode.EngineerMode,ident = 0}
04-20 17:08:28.106831 16004 16004 V ViewRootImpl: ViewRoot performTraversals and draw- : mResizeBuffer = null, mResizeAlpha = 0, this = ViewRoot{b020229 com.mediatek.engineermode/com.mediatek.engineermode.EngineerMode,ident = 0} frame#146 (cancelDraw = false)
04-20 17:08:28.110546   231  1039 D SurfaceFlinger: requestNextVsync(231)
04-20 17:08:28.118811   231   289 D SurfaceFlinger: postEvent(231, v/c=36552)
04-20 17:08:28.118812   231   287 D SurfaceFlinger: postEvent(16004, v/c=45147)
04-20 17:08:28.120024 16004 16004 V DisplayEventReceiver: call nativeScheduleVsync mReceiverPtr = 548132282368
04-20 17:08:28.120707 16004 16004 V ViewRootImpl: ViewRoot performTraversals+ : mFirst = false, this = ViewRoot{b020229 com.mediatek.engineermode/com.mediatek.engineermode.EngineerMode,ident = 0}
04-20 17:08:28.120778   231   267 D SurfaceFlinger: requestNextVsync(16004)
04-20 17:08:28.122675 16004 16004 V ViewRootImpl: ViewRoot performTraversals and draw- : mResizeBuffer = null, mResizeAlpha = 0, this = ViewRoot{b020229 com.mediatek.engineermode/com.mediatek.engineermode.EngineerMode,ident = 0} frame#147 (cancelDraw = false)
04-20 17:08:28.126853   231  1738 D SurfaceFlinger: requestNextVsync(231)
04-20 17:08:28.135069   231   289 D SurfaceFlinger: postEvent(231, v/c=36553)
04-20 17:08:28.135070   231   287 D SurfaceFlinger: postEvent(16004, v/c=45148)
04-20 17:08:28.136355 16004 16004 V DisplayEventReceiver: call nativeScheduleVsync mReceiverPtr = 548132282368
04-20 17:08:28.136718   231   313 D SurfaceFlinger: requestNextVsync(16004)
04-20 17:08:28.137286 16004 16004 V ViewRootImpl: ViewRoot performTraversals+ : mFirst = false, this = ViewRoot{b020229 com.mediatek.engineermode/com.mediatek.engineermode.EngineerMode,ident = 0}
04-20 17:08:28.139324 16004 16004 V ViewRootImpl: ViewRoot performTraversals and draw- : mResizeBuffer = null, mResizeAlpha = 0, this = ViewRoot{b020229 com.mediatek.engineermode/com.mediatek.engineermode.EngineerMode,ident = 0} frame#148 (cancelDraw = false)
04-20 17:08:28.142990   231   267 D SurfaceFlinger: requestNextVsync(231)
04-20 17:08:28.151317   231   287 D SurfaceFlinger: postEvent(16004, v/c=45149)
04-20 17:08:28.151317   231   289 D SurfaceFlinger: postEvent(231, v/c=36554)
04-20 17:08:28.152690 16004 16004 I EM/PrefsFragment: setUserVisibleHint : false index of 5
04-20 17:08:28.153044 16004 16004 I EM/PrefsFragment: setUserVisibleHint : false index of 3
04-20 17:08:28.153260 16004 16004 I EM/PrefsFragment: setUserVisibleHint : true index of 4
04-20 17:08:28.154565 16004 16004 D PreferenceFragment: addPreferencesFromResource, resId = 2130968582, this = PrefsFragment{6848fb2 #4 id=0x7f0b03b9 4}
04-20 17:08:28.154806 16004 16004 D PreferenceManager: inflateFromResource
04-20 17:08:28.156274 16004 16004 D PreferenceGroup: addPreference, child key = battery_log, child title = BatteryLog, key = null, title = null
04-20 17:08:28.156600 16004 16004 V Preference: isEnabled, mEnabled = true, mDependencyMet = true, mParentDependencyMet = true, key = null, title = null
04-20 17:08:28.156828 16004 16004 D Preference: onParentChanged, mParentDependencyMet = true, disableChild = false, key = battery_log, title = BatteryLog
04-20 17:08:28.157646 16004 16004 D PreferenceGroup: addPreference, child key = debug_utils, child title = Debug Utils, key = null, title = null
04-20 17:08:28.157899 16004 16004 V Preference: isEnabled, mEnabled = true, mDependencyMet = true, mParentDependencyMet = true, key = null, title = null
04-20 17:08:28.158119 16004 16004 D Preference: onParentChanged, mParentDependencyMet = true, disableChild = false, key = debug_utils, title = Debug Utils
04-20 17:08:28.158855 16004 16004 D PreferenceGroup: addPreference, child key = modem_warning, child title = Modem Warning Setting, key = null, title = null
04-20 17:08:28.159304 16004 16004 V Preference: isEnabled, mEnabled = true, mDependencyMet = true, mParentDependencyMet = true, key = null, title = null
04-20 17:08:28.159592 16004 16004 D Preference: onParentChanged, mParentDependencyMet = true, disableChild = false, key = modem_warning, title = Modem Warning Setting
04-20 17:08:28.160437 16004 16004 D PreferenceGroup: addPreference, child key = mtk_logger, child title = MTKLogger, key = null, title = null
04-20 17:08:28.160685 16004 16004 V Preference: isEnabled, mEnabled = true, mDependencyMet = true, mParentDependencyMet = true, key = null, title = null
04-20 17:08:28.160904 16004 16004 D Preference: onParentChanged, mParentDependencyMet = true, disableChild = false, key = mtk_logger, title = MTKLogger
04-20 17:08:28.161651 16004 16004 D PreferenceGroup: addPreference, child key = ext_md_logger, child title = ExtModemLog, key = null, title = null
04-20 17:08:28.161894 16004 16004 V Preference: isEnabled, mEnabled = true, mDependencyMet = true, mParentDependencyMet = true, key = null, title = null
04-20 17:08:28.162112 16004 16004 D Preference: onParentChanged, mParentDependencyMet = true, disableChild = false, key = ext_md_logger, title = ExtModemLog
04-20 17:08:28.162846 16004 16004 D PreferenceGroup: addPreference, child key = atci, child title = ATCI, key = null, title = null
04-20 17:08:28.163087 16004 16004 V Preference: isEnabled, mEnabled = true, mDependencyMet = true, mParentDependencyMet = true, key = null, title = null
04-20 17:08:28.163303 16004 16004 D Preference: onParentChanged, mParentDependencyMet = true, disableChild = false, key = atci, title = ATCI
04-20 17:08:28.164323 16004 16004 D PreferenceGroup: addPreference, child key = modem_debug, child title = Modem Reset Delay Setting, key = null, title = null
04-20 17:08:28.164585 16004 16004 V Preference: isEnabled, mEnabled = true, mDependencyMet = true, mParentDependencyMet = true, key = null, title = null
04-20 17:08:28.164805 16004 16004 D Preference: onParentChanged, mParentDependencyMet = true, disableChild = false, key = modem_debug, title = Modem Reset Delay Setting
04-20 17:08:28.165656 16004 16004 D PreferenceFragment: postBindPreferences, this = PrefsFragment{6848fb2 #4 id=0x7f0b03b9 4}
04-20 17:08:28.166377 16004 16004 I EM_ModemCategory: mode = 1
04-20 17:08:28.166686 16004 16004 D SettingsInterface:  from settings cache , name = nfc_controller_code , value = null
04-20 17:08:28.167034 16004 16004 D PreferenceGroup: removePreferenceInt, child key = ext_md_logger, child title = ExtModemLog, key = null, title = null
04-20 17:08:28.167594 16004 16004 I EM/PrefsFragment: sIsVoiceCapable : true
04-20 17:08:28.168866 16004 16004 I EM/PrefsFragment: bWifiOnly: false
04-20 17:08:28.169320 16004 16004 I EM/PrefsFragment: sIsVoiceCapable : true
04-20 17:08:28.170386 16004 16004 I EM/PrefsFragment: bWifiOnly: false
04-20 17:08:28.171597 16004 16004 I EM/PrefsFragment: bWifiOnly: false
04-20 17:08:28.171967 16004 16004 I EM/PrefsFragment: ChipSupport.getChip(): 66
04-20 17:08:28.238662 16004 16004 I EM/PrefsFragment: ro.mtk_usb_cba_support is 0
04-20 17:08:28.239150 16004 16004 I EM/PrefsFragment: Not show entry for DEVREG.
04-20 17:08:28.241755   342   831 D AudioFlinger: +getParameters(): MTK_VOW_SUPPORT
04-20 17:08:28.241894   342   831 D AudioALSAHardware: +getParameters(), key = MTK_VOW_SUPPORT
04-20 17:08:28.242016   342   831 D AudioALSAHardware: -getParameters(), return "MTK_VOW_SUPPORT=false"
04-20 17:08:28.242134   342   831 I str_params: key: 'MTK_VOW_SUPPORT' value: ''
04-20 17:08:28.245902  1102  1102 D StatusBar: Close float panel.
04-20 17:08:28.246088  1102  1102 D StatusBar: closeFloatPanel: mFloatPanelView = null,visible = 0, shown = null
04-20 17:08:28.247304 16004 16004 V Preference: setEnabled, mEnabled = true, enabled = true, key = battery_log, title = BatteryLog
04-20 17:08:28.250265 16004 16004 V Preference: setEnabled, mEnabled = true, enabled = true, key = debug_utils, title = Debug Utils
04-20 17:08:28.253463 16004 16004 V Preference: setEnabled, mEnabled = true, enabled = true, key = modem_warning, title = Modem Warning Setting
04-20 17:08:28.256547 16004 16004 V Preference: setEnabled, mEnabled = true, enabled = true, key = mtk_logger, title = MTKLogger
04-20 17:08:28.259671 16004 16004 V Preference: setEnabled, mEnabled = true, enabled = true, key = atci, title = ATCI
04-20 17:08:28.262420 16004 16004 V Preference: setEnabled, mEnabled = true, enabled = true, key = modem_debug, title = Modem Reset Delay Setting
04-20 17:08:28.263450 16004 16004 V DisplayEventReceiver: call nativeScheduleVsync mReceiverPtr = 548132282368
04-20 17:08:28.264105   231   269 D SurfaceFlinger: requestNextVsync(16004)
04-20 17:08:28.265218   231   287 D SurfaceFlinger: postEvent(16004, v/c=45151)
04-20 17:08:28.270118 16004 16004 V ViewRootImpl: ViewRoot performTraversals+ : mFirst = false, this = ViewRoot{b020229 com.mediatek.engineermode/com.mediatek.engineermode.EngineerMode,ident = 0}
04-20 17:08:28.276633 16004 16004 V ViewRootImpl: ViewRoot performTraversals and draw- : mResizeBuffer = null, mResizeAlpha = 0, this = ViewRoot{b020229 com.mediatek.engineermode/com.mediatek.engineermode.EngineerMode,ident = 0} frame#149 (cancelDraw = false)
04-20 17:08:28.278486 16004 16004 D StrictMode: handleViolation; policy=2621447
04-20 17:08:28.278829 16004 16004 D StrictMode: handleViolation; policy=2621447
04-20 17:08:28.279085 16004 16004 D StrictMode: handleViolation; policy=2621447
04-20 17:08:28.280822   231   313 D SurfaceFlinger: requestNextVsync(231)
04-20 17:08:28.281449 16004 16004 D PreferenceFragment: bindPreferences, this = PrefsFragment{6848fb2 #4 id=0x7f0b03b9 4}
04-20 17:08:28.281916   231   289 D SurfaceFlinger: postEvent(231, v/c=36556)
04-20 17:08:28.284709 16004 16004 V ViewRootImpl: ViewRoot performTraversals+ : mFirst = false, this = ViewRoot{b020229 com.mediatek.engineermode/com.mediatek.engineermode.EngineerMode,ident = 0}
04-20 17:08:28.287340 16004 16004 V DisplayEventReceiver: call nativeScheduleVsync mReceiverPtr = 548132282368
04-20 17:08:28.287789   231  1039 D SurfaceFlinger: requestNextVsync(16004)
04-20 17:08:28.290988 16004 16004 D ListView: mSelectorRect.setEmpty in layoutChildren this=android.widget.ListView{574058b VFED.VC.. ......ID 0,0-768,1166 #102000a android:id/list}
04-20 17:08:28.297838   231   287 D SurfaceFlinger: postEvent(16004, v/c=45153)
04-20 17:08:28.314484 16004 16004 V Preference: isEnabled, mEnabled = true, mDependencyMet = true, mParentDependencyMet = true, key = battery_log, title = BatteryLog
04-20 17:08:28.339367 16004 16004 V Preference: isEnabled, mEnabled = true, mDependencyMet = true, mParentDependencyMet = true, key = debug_utils, title = Debug Utils
04-20 17:08:28.358797 16004 16004 V Preference: isEnabled, mEnabled = true, mDependencyMet = true, mParentDependencyMet = true, key = modem_warning, title = Modem Warning Setting
04-20 17:08:28.360883  2025  2031 I PerfService: PerfServiceNative_getPackName
04-20 17:08:28.361426   964  1927 I libPerfService: perfGetLastBoostPid 16004
04-20 17:08:28.361623   964  1927 D PerfServiceManager: [PerfService] getLastBoostPid 16004 
04-20 17:08:28.361695   964  1927 I libPerfService: perfGetLastBoostPid 16004
04-20 17:08:28.375231 16004 16004 V Preference: isEnabled, mEnabled = true, mDependencyMet = true, mParentDependencyMet = true, key = mtk_logger, title = MTKLogger
04-20 17:08:28.381262   964  1059 D PerfServiceManager: [PerfService] MESSAGE_TIMEOUT:105 
04-20 17:08:28.381741   964  1059 I libPerfService: 5: set: 1
04-20 17:08:28.382022   964  1059 I libPerfService: 5: set freq: 0
04-20 17:08:28.382085   964  1059 I libPerfService: 5: set vcore level: 0
04-20 17:08:28.382777   964  1059 D PerfServiceManager: [PerfService] set utilization:0.8 
04-20 17:08:28.389561 16004 16004 V Preference: isEnabled, mEnabled = true, mDependencyMet = true, mParentDependencyMet = true, key = atci, title = ATCI
04-20 17:08:28.403604 16004 16004 V Preference: isEnabled, mEnabled = true, mDependencyMet = true, mParentDependencyMet = true, key = modem_debug, title = Modem Reset Delay Setting
04-20 17:08:28.409536 16004 16004 D ListView: mSelectorRect.setEmpty in layoutChildren this=android.widget.ListView{1501a80 VFED.VC.. .F....ID 0,0-768,1166 #102000a android:id/list}
04-20 17:08:28.426147 16004 16004 V ViewRootImpl: ViewRoot performTraversals and draw- : mResizeBuffer = null, mResizeAlpha = 0, this = ViewRoot{b020229 com.mediatek.engineermode/com.mediatek.engineermode.EngineerMode,ident = 0} frame#150 (cancelDraw = false)
04-20 17:08:28.426887 16004 16004 D StrictMode: handleViolation; policy=2621447
04-20 17:08:28.427288 16004 16004 D StrictMode: handleViolation; policy=2621447
04-20 17:08:28.427500 16004 16004 D StrictMode: handleViolation; policy=2621447
04-20 17:08:28.427670 16004 16004 D StrictMode: handleViolation; policy=2621447
04-20 17:08:28.427852 16004 16004 D StrictMode: handleViolation; policy=2621447
04-20 17:08:28.428022 16004 16004 D StrictMode: handleViolation; policy=2621447
04-20 17:08:28.428286 16004 16004 D StrictMode: handleViolation; policy=2621447
04-20 17:08:28.428463 16004 16004 D StrictMode: handleViolation; policy=2621447
04-20 17:08:28.428625 16004 16004 D StrictMode: handleViolation; policy=2621447
04-20 17:08:28.428786 16004 16004 D StrictMode: handleViolation; policy=2621447
04-20 17:08:28.430024 16004 16004 V ViewRootImpl: ViewRoot performTraversals+ : mFirst = false, this = ViewRoot{b020229 com.mediatek.engineermode/com.mediatek.engineermode.EngineerMode,ident = 0}
04-20 17:08:28.430391 16004 16004 V ViewRootImpl: ViewRoot performTraversals and draw- : mResizeBuffer = null, mResizeAlpha = 0, this = ViewRoot{b020229 com.mediatek.engineermode/com.mediatek.engineermode.EngineerMode,ident = 0} frame#151 (cancelDraw = false)
04-20 17:08:28.431123 16004 16004 V InputMethodManager: START INPUT: android.widget.ListView{1501a80 VFED.VC.. .F...... 0,0-768,1166 #102000a android:id/list} ic=null tba=android.view.inputmethod.EditorInfo@ecf08f3 controlFlags=#100
04-20 17:08:28.432267   231   269 D SurfaceFlinger: requestNextVsync(231)
04-20 17:08:28.443962   231   289 D SurfaceFlinger: postEvent(231, v/c=36558)
04-20 17:08:28.482266 16004 16004 V DisplayEventReceiver: call nativeScheduleVsync mReceiverPtr = 548132282368
04-20 17:08:28.482601   231  1738 D SurfaceFlinger: requestNextVsync(16004)
04-20 17:08:28.492673   231   287 D SurfaceFlinger: postEvent(16004, v/c=45155)
04-20 17:08:28.493407 16004 16004 V ViewRootImpl: ViewRoot performTraversals+ : mFirst = false, this = ViewRoot{b020229 com.mediatek.engineermode/com.mediatek.engineermode.EngineerMode,ident = 0}
04-20 17:08:28.496096 16004 16004 V DisplayEventReceiver: call nativeScheduleVsync mReceiverPtr = 548132282368
04-20 17:08:28.496452   231   313 D SurfaceFlinger: requestNextVsync(16004)
04-20 17:08:28.498964 16004 16004 V ViewRootImpl: ViewRoot performTraversals and draw- : mResizeBuffer = null, mResizeAlpha = 0, this = ViewRoot{b020229 com.mediatek.engineermode/com.mediatek.engineermode.EngineerMode,ident = 0} frame#152 (cancelDraw = false)
04-20 17:08:28.502556   231   267 D SurfaceFlinger: requestNextVsync(231)
04-20 17:08:28.508918   231   287 D SurfaceFlinger: postEvent(16004, v/c=45156)
04-20 17:08:28.508918   231   289 D SurfaceFlinger: postEvent(231, v/c=36560)
04-20 17:08:28.509881 16004 16004 V ViewRootImpl: ViewRoot performTraversals+ : mFirst = false, this = ViewRoot{b020229 com.mediatek.engineermode/com.mediatek.engineermode.EngineerMode,ident = 0}
04-20 17:08:28.511655 16004 16004 V DisplayEventReceiver: call nativeScheduleVsync mReceiverPtr = 548132282368
04-20 17:08:28.511983   231   269 D SurfaceFlinger: requestNextVsync(16004)
04-20 17:08:28.512911 16004 16004 V ViewRootImpl: ViewRoot performTraversals and draw- : mResizeBuffer = null, mResizeAlpha = 0, this = ViewRoot{b020229 com.mediatek.engineermode/com.mediatek.engineermode.EngineerMode,ident = 0} frame#153 (cancelDraw = false)
04-20 17:08:28.516676   231   313 D SurfaceFlinger: requestNextVsync(231)
04-20 17:08:28.525303   231   287 D SurfaceFlinger: postEvent(16004, v/c=45157)
04-20 17:08:28.525303   231   289 D SurfaceFlinger: postEvent(231, v/c=36561)
04-20 17:08:28.526190 16004 16004 V ViewRootImpl: ViewRoot performTraversals+ : mFirst = false, this = ViewRoot{b020229 com.mediatek.engineermode/com.mediatek.engineermode.EngineerMode,ident = 0}
04-20 17:08:28.527593 16004 16004 V DisplayEventReceiver: call nativeScheduleVsync mReceiverPtr = 548132282368
04-20 17:08:28.528124   231  1039 D SurfaceFlinger: requestNextVsync(16004)
04-20 17:08:28.529133 16004 16004 V ViewRootImpl: ViewRoot performTraversals and draw- : mResizeBuffer = null, mResizeAlpha = 0, this = ViewRoot{b020229 com.mediatek.engineermode/com.mediatek.engineermode.EngineerMode,ident = 0} frame#154 (cancelDraw = false)
04-20 17:08:28.532549   231   269 D SurfaceFlinger: requestNextVsync(231)
04-20 17:08:28.532706   231   269 I BufferQueueProducer: [com.mediatek.engineermode/com.mediatek.engineermode.EngineerMode](this:0x7f76cd2400,id:340,api:1,p:16004,c:231) queueBuffer: fps=42.72 dur=1006.63 max=151.42 min=12.65
04-20 17:08:28.541554   231   287 D SurfaceFlinger: postEvent(16004, v/c=45158)
04-20 17:08:28.541554   231   289 D SurfaceFlinger: postEvent(231, v/c=36562)
04-20 17:08:28.542448 16004 16004 V ViewRootImpl: ViewRoot performTraversals+ : mFirst = false, this = ViewRoot{b020229 com.mediatek.engineermode/com.mediatek.engineermode.EngineerMode,ident = 0}
04-20 17:08:28.542853   231   231 I SurfaceFlinger: [Built-in Screen (type:0)] fps:42.680183,dur:1007.49,max:161.33,min:15.98
04-20 17:08:28.543595 16004 16004 V DisplayEventReceiver: call nativeScheduleVsync mReceiverPtr = 548132282368
04-20 17:08:28.544347   231  1738 D SurfaceFlinger: requestNextVsync(16004)
04-20 17:08:28.545205 16004 16004 V ViewRootImpl: ViewRoot performTraversals and draw- : mResizeBuffer = null, mResizeAlpha = 0, this = ViewRoot{b020229 com.mediatek.engineermode/com.mediatek.engineermode.EngineerMode,ident = 0} frame#155 (cancelDraw = false)
04-20 17:08:28.548656   231  1039 D SurfaceFlinger: requestNextVsync(231)
04-20 17:08:28.557875   231   287 D SurfaceFlinger: postEvent(16004, v/c=45159)
04-20 17:08:28.557881   231   289 D SurfaceFlinger: postEvent(231, v/c=36563)
04-20 17:08:28.559289 16004 16004 V ViewRootImpl: ViewRoot performTraversals+ : mFirst = false, this = ViewRoot{b020229 com.mediatek.engineermode/com.mediatek.engineermode.EngineerMode,ident = 0}
04-20 17:08:28.561154 16004 16004 V DisplayEventReceiver: call nativeScheduleVsync mReceiverPtr = 548132282368
04-20 17:08:28.561738   231   267 D SurfaceFlinger: requestNextVsync(16004)
04-20 17:08:28.563682 16004 16004 V ViewRootImpl: ViewRoot performTraversals and draw- : mResizeBuffer = null, mResizeAlpha = 0, this = ViewRoot{b020229 com.mediatek.engineermode/com.mediatek.engineermode.EngineerMode,ident = 0} frame#156 (cancelDraw = false)
04-20 17:08:28.570008   231  1738 D SurfaceFlinger: requestNextVsync(231)
04-20 17:08:28.574351   231   287 D SurfaceFlinger: postEvent(16004, v/c=45160)
04-20 17:08:28.574470   231   289 D SurfaceFlinger: postEvent(231, v/c=36564)
04-20 17:08:28.575999 16004 16004 V ViewRootImpl: ViewRoot performTraversals+ : mFirst = false, this = ViewRoot{b020229 com.mediatek.engineermode/com.mediatek.engineermode.EngineerMode,ident = 0}
04-20 17:08:28.578072 16004 16004 V DisplayEventReceiver: call nativeScheduleVsync mReceiverPtr = 548132282368
04-20 17:08:28.578792   231   313 D SurfaceFlinger: requestNextVsync(16004)
04-20 17:08:28.580160 16004 16004 V ViewRootImpl: ViewRoot performTraversals and draw- : mResizeBuffer = null, mResizeAlpha = 0, this = ViewRoot{b020229 com.mediatek.engineermode/com.mediatek.engineermode.EngineerMode,ident = 0} frame#157 (cancelDraw = false)
04-20 17:08:28.586868   231   267 D SurfaceFlinger: requestNextVsync(231)
04-20 17:08:28.590534   231   287 D SurfaceFlinger: postEvent(16004, v/c=45161)
04-20 17:08:28.590599   231   289 D SurfaceFlinger: postEvent(231, v/c=36565)
04-20 17:08:28.591842 16004 16004 V ViewRootImpl: ViewRoot performTraversals+ : mFirst = false, this = ViewRoot{b020229 com.mediatek.engineermode/com.mediatek.engineermode.EngineerMode,ident = 0}
04-20 17:08:28.594070 16004 16004 V DisplayEventReceiver: call nativeScheduleVsync mReceiverPtr = 548132282368
04-20 17:08:28.594627   231   269 D SurfaceFlinger: requestNextVsync(16004)
04-20 17:08:28.597014 16004 16004 V ViewRootImpl: ViewRoot performTraversals and draw- : mResizeBuffer = null, mResizeAlpha = 0, this = ViewRoot{b020229 com.mediatek.engineermode/com.mediatek.engineermode.EngineerMode,ident = 0} frame#158 (cancelDraw = false)
04-20 17:08:28.603674   231   313 D SurfaceFlinger: requestNextVsync(231)
04-20 17:08:28.606842   231   289 D SurfaceFlinger: postEvent(231, v/c=36566)
04-20 17:08:28.606843   231   287 D SurfaceFlinger: postEvent(16004, v/c=45162)
04-20 17:08:28.608747 16004 16004 V ViewRootImpl: ViewRoot performTraversals+ : mFirst = false, this = ViewRoot{b020229 com.mediatek.engineermode/com.mediatek.engineermode.EngineerMode,ident = 0}
04-20 17:08:28.610625 16004 16004 V DisplayEventReceiver: call nativeScheduleVsync mReceiverPtr = 548132282368
04-20 17:08:28.611179   231  1039 D SurfaceFlinger: requestNextVsync(16004)
04-20 17:08:28.612728 16004 16004 V ViewRootImpl: ViewRoot performTraversals and draw- : mResizeBuffer = null, mResizeAlpha = 0, this = ViewRoot{b020229 com.mediatek.engineermode/com.mediatek.engineermode.EngineerMode,ident = 0} frame#159 (cancelDraw = false)
04-20 17:08:28.618869   231   269 D SurfaceFlinger: requestNextVsync(231)
04-20 17:08:28.622991   231   287 D SurfaceFlinger: postEvent(16004, v/c=45163)
04-20 17:08:28.623087   231   289 D SurfaceFlinger: postEvent(231, v/c=36567)
04-20 17:08:28.625866 16004 16004 V ViewRootImpl: ViewRoot performTraversals+ : mFirst = false, this = ViewRoot{b020229 com.mediatek.engineermode/com.mediatek.engineermode.EngineerMode,ident = 0}
04-20 17:08:28.628639 16004 16004 V DisplayEventReceiver: call nativeScheduleVsync mReceiverPtr = 548132282368
04-20 17:08:28.629185   231  1738 D SurfaceFlinger: requestNextVsync(16004)
04-20 17:08:28.630726 16004 16004 V ViewRootImpl: ViewRoot performTraversals and draw- : mResizeBuffer = null, mResizeAlpha = 0, this = ViewRoot{b020229 com.mediatek.engineermode/com.mediatek.engineermode.EngineerMode,ident = 0} frame#160 (cancelDraw = false)
04-20 17:08:28.637299   231  1039 D SurfaceFlinger: requestNextVsync(231)
04-20 17:08:28.639252   231   289 D SurfaceFlinger: postEvent(231, v/c=36568)
04-20 17:08:28.639252   231   287 D SurfaceFlinger: postEvent(16004, v/c=45164)
04-20 17:08:28.640680 16004 16004 V ViewRootImpl: ViewRoot performTraversals+ : mFirst = false, this = ViewRoot{b020229 com.mediatek.engineermode/com.mediatek.engineermode.EngineerMode,ident = 0}
04-20 17:08:28.642724 16004 16004 V DisplayEventReceiver: call nativeScheduleVsync mReceiverPtr = 548132282368
04-20 17:08:28.643428   231   267 D SurfaceFlinger: requestNextVsync(16004)
04-20 17:08:28.645526 16004 16004 V ViewRootImpl: ViewRoot performTraversals and draw- : mResizeBuffer = null, mResizeAlpha = 0, this = ViewRoot{b020229 com.mediatek.engineermode/com.mediatek.engineermode.EngineerMode,ident = 0} frame#161 (cancelDraw = false)
04-20 17:08:28.651860   231  1738 D SurfaceFlinger: requestNextVsync(231)
04-20 17:08:28.655355   231   287 D SurfaceFlinger: postEvent(16004, v/c=45165)
04-20 17:08:28.655365   231   289 D SurfaceFlinger: postEvent(231, v/c=36569)
04-20 17:08:28.657666 16004 16004 V ViewRootImpl: ViewRoot performTraversals+ : mFirst = false, this = ViewRoot{b020229 com.mediatek.engineermode/com.mediatek.engineermode.EngineerMode,ident = 0}
04-20 17:08:28.659921 16004 16004 V DisplayEventReceiver: call nativeScheduleVsync mReceiverPtr = 548132282368
04-20 17:08:28.660416   231   313 D SurfaceFlinger: requestNextVsync(16004)
04-20 17:08:28.661967 16004 16004 V ViewRootImpl: ViewRoot performTraversals and draw- : mResizeBuffer = null, mResizeAlpha = 0, this = ViewRoot{b020229 com.mediatek.engineermode/com.mediatek.engineermode.EngineerMode,ident = 0} frame#162 (cancelDraw = false)
04-20 17:08:28.668143   231   267 D SurfaceFlinger: requestNextVsync(231)
04-20 17:08:28.671858   231   287 D SurfaceFlinger: postEvent(16004, v/c=45166)
04-20 17:08:28.671923   231   289 D SurfaceFlinger: postEvent(231, v/c=36570)
04-20 17:08:28.676419 16004 16004 V ViewRootImpl: ViewRoot performTraversals+ : mFirst = false, this = ViewRoot{b020229 com.mediatek.engineermode/com.mediatek.engineermode.EngineerMode,ident = 0}
04-20 17:08:28.678196 16004 16004 V DisplayEventReceiver: call nativeScheduleVsync mReceiverPtr = 548132282368
04-20 17:08:28.678708   231   269 D SurfaceFlinger: requestNextVsync(16004)
04-20 17:08:28.680425 16004 16004 V ViewRootImpl: ViewRoot performTraversals and draw- : mResizeBuffer = null, mResizeAlpha = 0, this = ViewRoot{b020229 com.mediatek.engineermode/com.mediatek.engineermode.EngineerMode,ident = 0} frame#163 (cancelDraw = false)
04-20 17:08:28.686319   231   313 D SurfaceFlinger: requestNextVsync(231)
04-20 17:08:28.688286   231   287 D SurfaceFlinger: postEvent(16004, v/c=45167)
04-20 17:08:28.688287   231   289 D SurfaceFlinger: postEvent(231, v/c=36571)
04-20 17:08:28.689673 16004 16004 V ViewRootImpl: ViewRoot performTraversals+ : mFirst = false, this = ViewRoot{b020229 com.mediatek.engineermode/com.mediatek.engineermode.EngineerMode,ident = 0}
04-20 17:08:28.692781 16004 16004 V DisplayEventReceiver: call nativeScheduleVsync mReceiverPtr = 548132282368
04-20 17:08:28.693333   231  1039 D SurfaceFlinger: requestNextVsync(16004)
04-20 17:08:28.694946 16004 16004 V ViewRootImpl: ViewRoot performTraversals and draw- : mResizeBuffer = null, mResizeAlpha = 0, this = ViewRoot{b020229 com.mediatek.engineermode/com.mediatek.engineermode.EngineerMode,ident = 0} frame#164 (cancelDraw = false)
04-20 17:08:28.701064   231   269 D SurfaceFlinger: requestNextVsync(231)
04-20 17:08:28.704468   231   289 D SurfaceFlinger: postEvent(231, v/c=36572)
04-20 17:08:28.704469   231   287 D SurfaceFlinger: postEvent(16004, v/c=45168)
04-20 17:08:28.706708 16004 16004 V ViewRootImpl: ViewRoot performTraversals+ : mFirst = false, this = ViewRoot{b020229 com.mediatek.engineermode/com.mediatek.engineermode.EngineerMode,ident = 0}
04-20 17:08:28.708623 16004 16004 V DisplayEventReceiver: call nativeScheduleVsync mReceiverPtr = 548132282368
04-20 17:08:28.709113   231  1738 D SurfaceFlinger: requestNextVsync(16004)
04-20 17:08:28.710607 16004 16004 V ViewRootImpl: ViewRoot performTraversals and draw- : mResizeBuffer = null, mResizeAlpha = 0, this = ViewRoot{b020229 com.mediatek.engineermode/com.mediatek.engineermode.EngineerMode,ident = 0} frame#165 (cancelDraw = false)
04-20 17:08:28.716886   231  1039 D SurfaceFlinger: requestNextVsync(231)
04-20 17:08:28.720662   231   287 D SurfaceFlinger: postEvent(16004, v/c=45169)
04-20 17:08:28.721190   231   289 D SurfaceFlinger: postEvent(231, v/c=36573)
04-20 17:08:28.722175 16004 16004 V ViewRootImpl: ViewRoot performTraversals+ : mFirst = false, this = ViewRoot{b020229 com.mediatek.engineermode/com.mediatek.engineermode.EngineerMode,ident = 0}
04-20 17:08:28.724235 16004 16004 V DisplayEventReceiver: call nativeScheduleVsync mReceiverPtr = 548132282368
04-20 17:08:28.725504   231   267 D SurfaceFlinger: requestNextVsync(16004)
04-20 17:08:28.726582 16004 16004 V ViewRootImpl: ViewRoot performTraversals and draw- : mResizeBuffer = null, mResizeAlpha = 0, this = ViewRoot{b020229 com.mediatek.engineermode/com.mediatek.engineermode.EngineerMode,ident = 0} frame#166 (cancelDraw = false)
04-20 17:08:28.732735   231  1738 D SurfaceFlinger: requestNextVsync(231)
04-20 17:08:28.736998   231   289 D SurfaceFlinger: postEvent(231, v/c=36574)
04-20 17:08:28.737265   231   287 D SurfaceFlinger: postEvent(16004, v/c=45170)
04-20 17:08:28.739022 16004 16004 V ViewRootImpl: ViewRoot performTraversals+ : mFirst = false, this = ViewRoot{b020229 com.mediatek.engineermode/com.mediatek.engineermode.EngineerMode,ident = 0}
04-20 17:08:28.741857 16004 16004 V DisplayEventReceiver: call nativeScheduleVsync mReceiverPtr = 548132282368
04-20 17:08:28.742369   231   313 D SurfaceFlinger: requestNextVsync(16004)
04-20 17:08:28.743365 16004 16004 V ViewRootImpl: ViewRoot performTraversals and draw- : mResizeBuffer = null, mResizeAlpha = 0, this = ViewRoot{b020229 com.mediatek.engineermode/com.mediatek.engineermode.EngineerMode,ident = 0} frame#167 (cancelDraw = false)
04-20 17:08:28.749591   231   267 D SurfaceFlinger: requestNextVsync(231)
04-20 17:08:28.753155   231   289 D SurfaceFlinger: postEvent(231, v/c=36575)
04-20 17:08:28.753157   231   287 D SurfaceFlinger: postEvent(16004, v/c=45171)
04-20 17:08:28.755687 16004 16004 V ViewRootImpl: ViewRoot performTraversals+ : mFirst = false, this = ViewRoot{b020229 com.mediatek.engineermode/com.mediatek.engineermode.EngineerMode,ident = 0}
04-20 17:08:28.758894 16004 16004 V ViewRootImpl: ViewRoot performTraversals and draw- : mResizeBuffer = null, mResizeAlpha = 0, this = ViewRoot{b020229 com.mediatek.engineermode/com.mediatek.engineermode.EngineerMode,ident = 0} frame#168 (cancelDraw = false)
04-20 17:08:28.765036   231  1738 D SurfaceFlinger: requestNextVsync(231)
04-20 17:08:28.769502   231   289 D SurfaceFlinger: postEvent(231, v/c=36576)
04-20 17:08:29.023580  1576  1596 I System  : FinalizerDaemon: finalize objects = 14
04-20 17:08:29.049560 15913 15923 I System  : FinalizerDaemon: finalize objects = 1566
04-20 17:08:29.088044 15933 15942 I System  : FinalizerDaemon: finalize objects = 65
04-20 17:08:29.267450   360   360 I thermal_repeater: oh, queryMdThermalInfo (0)No such file or directory
04-20 17:08:29.279904   360   360 I thermal_repeater: [recvMdThermalInfo] ret=30, strLen=127,  2, 32767, -127, -1, 32767, 18
04-20 17:08:29.362500  2025  2031 I PerfService: PerfServiceNative_getPackName
04-20 17:08:29.363329   964  1162 I libPerfService: perfGetLastBoostPid 16004
04-20 17:08:29.363646   964  1162 D PerfServiceManager: [PerfService] getLastBoostPid 16004 
04-20 17:08:29.363918   964  1162 I libPerfService: perfGetLastBoostPid 16004
04-20 17:08:29.490764   964  1007 D InputReader: AP_PROF:AppLaunch_dispatchPtr:Down:24104626, ID:0, Index:-1663946816
04-20 17:08:29.491124   964  1007 I PerfService: PerfServiceNative_boostEnableAsync:3
04-20 17:08:29.495131  1102  1102 V ViewRootImpl: enqueueInputEvent: event = MotionEvent { action=ACTION_OUTSIDE, actionButton=0, id[0]=0, x[0]=0.0, y[0]=0.0, toolType[0]=TOOL_TYPE_FINGER, buttonState=0, metaState=0, flags=0x0, edgeFlags=0x0, pointerCount=1, historySize=0, eventTime=24104626, downTime=24104626, deviceId=1, source=0x1002 },processImmediately = true,mProcessInputEventsScheduled = false, this = ViewRoot{78da969 NavigationBar,ident = 2}
04-20 17:08:29.496194  1102  1102 V ViewRootImpl: finishInputEvent: handled = false,event = MotionEvent { action=ACTION_OUTSIDE, actionButton=0, id[0]=0, x[0]=0.0, y[0]=0.0, toolType[0]=TOOL_TYPE_FINGER, buttonState=0, metaState=0, flags=0x0, edgeFlags=0x0, pointerCount=1, historySize=0, eventTime=24104626, downTime=24104626, deviceId=1, source=0x1002 }, stage = 11: Synthetic input stage, this = ViewRoot{78da969 NavigationBar,ident = 2}
04-20 17:08:29.501494   964  1059 I libPerfService: 3: set freq: 819000
04-20 17:08:29.501800  1102  1102 V ViewRootImpl: enqueueInputEvent: event = MotionEvent { action=ACTION_OUTSIDE, actionButton=0, id[0]=0, x[0]=0.0, y[0]=0.0, toolType[0]=TOOL_TYPE_FINGER, buttonState=0, metaState=0, flags=0x0, edgeFlags=0x0, pointerCount=1, historySize=0, eventTime=24104626, downTime=24104626, deviceId=1, source=0x1002 },processImmediately = true,mProcessInputEventsScheduled = false, this = ViewRoot{9bd9b3e StatusBar,ident = 0}
04-20 17:08:29.501894   964  1059 I libPerfService: 3: set: 3
04-20 17:08:29.502771 16004 16004 V ViewRootImpl: enqueueInputEvent: event = MotionEvent { action=ACTION_DOWN, actionButton=0, id[0]=0, x[0]=145.81013, y[0]=449.6708, toolType[0]=TOOL_TYPE_FINGER, buttonState=0, metaState=0, flags=0x0, edgeFlags=0x0, pointerCount=1, historySize=0, eventTime=24104626, downTime=24104626, deviceId=1, source=0x1002 },processImmediately = true,mProcessInputEventsScheduled = false, this = ViewRoot{b020229 com.mediatek.engineermode/com.mediatek.engineermode.EngineerMode,ident = 0}
04-20 17:08:29.504740  1102  1102 V ViewRootImpl: finishInputEvent: handled = false,event = MotionEvent { action=ACTION_OUTSIDE, actionButton=0, id[0]=0, x[0]=0.0, y[0]=0.0, toolType[0]=TOOL_TYPE_FINGER, buttonState=0, metaState=0, flags=0x0, edgeFlags=0x0, pointerCount=1, historySize=0, eventTime=24104626, downTime=24104626, deviceId=1, source=0x1002 }, stage = 11: Synthetic input stage, this = ViewRoot{9bd9b3e StatusBar,ident = 0}
04-20 17:08:29.506858 16004 16004 I View    : Touch down dispatch to android.widget.LinearLayout{9118513 V.E...... ........ 30,243-738,323}, event = MotionEvent { action=ACTION_DOWN, actionButton=0, id[0]=0, x[0]=115.810135, y[0]=66.67081, toolType[0]=TOOL_TYPE_FINGER, buttonState=0, metaState=0, flags=0x0, edgeFlags=0x0, pointerCount=1, historySize=0, eventTime=24104626, downTime=24104626, deviceId=1, source=0x1002 }
04-20 17:08:29.507845 16004 16004 I View    : Touch down dispatch to android.widget.ListView{1501a80 VFED.VC.. .F...... 0,0-768,1166 #102000a android:id/list}, event = MotionEvent { action=ACTION_DOWN, actionButton=0, id[0]=0, x[0]=145.81013, y[0]=309.6708, toolType[0]=TOOL_TYPE_FINGER, buttonState=0, metaState=0, flags=0x0, edgeFlags=0x0, pointerCount=1, historySize=0, eventTime=24104626, downTime=24104626, deviceId=1, source=0x1002 }
04-20 17:08:29.509193 16004 16004 V ViewRootImpl: App handle pointer event: event = MotionEvent { action=ACTION_DOWN, actionButton=0, id[0]=0, x[0]=145.81013, y[0]=449.6708, toolType[0]=TOOL_TYPE_FINGER, buttonState=0, metaState=0, flags=0x0, edgeFlags=0x0, pointerCount=1, historySize=0, eventTime=24104626, downTime=24104626, deviceId=1, source=0x1002 }, mView = com.android.internal.policy.PhoneWindow$DecorView{42020ea V.E...... R......D 0,0-768,1306}, this = android.view.ViewRootImpl$ViewPostImeInputStage@f9e07d8
04-20 17:08:29.509843 16004 16004 V ViewRootImpl: finishInputEvent: handled = true,event = MotionEvent { action=ACTION_DOWN, actionButton=0, id[0]=0, x[0]=145.81013, y[0]=449.6708, toolType[0]=TOOL_TYPE_FINGER, buttonState=0, metaState=0, flags=0x0, edgeFlags=0x0, pointerCount=1, historySize=0, eventTime=24104626, downTime=24104626, deviceId=1, source=0x1002 }, stage = 10: View Post IME stage, this = ViewRoot{b020229 com.mediatek.engineermode/com.mediatek.engineermode.EngineerMode,ident = 0}
04-20 17:08:29.510333 16004 16004 V DisplayEventReceiver: call nativeScheduleVsync mReceiverPtr = 548132282368
04-20 17:08:29.510731   231   313 D SurfaceFlinger: requestNextVsync(16004)
04-20 17:08:29.516369   231   287 D SurfaceFlinger: postEvent(16004, v/c=45173)
04-20 17:08:29.517807 16004 16004 V ViewRootImpl: enqueueInputEvent: event = MotionEvent { action=ACTION_MOVE, actionButton=0, id[0]=0, x[0]=145.81013, y[0]=449.6708, toolType[0]=TOOL_TYPE_FINGER, buttonState=0, metaState=0, flags=0x0, edgeFlags=0x0, pointerCount=1, historySize=1, eventTime=24104647, downTime=24104626, deviceId=1, source=0x1002 },processImmediately = true,mProcessInputEventsScheduled = false, this = ViewRoot{b020229 com.mediatek.engineermode/com.mediatek.engineermode.EngineerMode,ident = 0}
04-20 17:08:29.520332 16004 16004 V ViewRootImpl: App handle pointer event: event = MotionEvent { action=ACTION_MOVE, actionButton=0, id[0]=0, x[0]=145.81013, y[0]=449.6708, toolType[0]=TOOL_TYPE_FINGER, buttonState=0, metaState=0, flags=0x0, edgeFlags=0x0, pointerCount=1, historySize=1, eventTime=24104647, downTime=24104626, deviceId=1, source=0x1002 }, mView = com.android.internal.policy.PhoneWindow$DecorView{42020ea V.E...... R......D 0,0-768,1306}, this = android.view.ViewRootImpl$ViewPostImeInputStage@f9e07d8
04-20 17:08:29.520909 16004 16004 V ViewRootImpl: finishInputEvent: handled = true,event = MotionEvent { action=ACTION_MOVE, actionButton=0, id[0]=0, x[0]=145.81013, y[0]=449.6708, toolType[0]=TOOL_TYPE_FINGER, buttonState=0, metaState=0, flags=0x0, edgeFlags=0x0, pointerCount=1, historySize=1, eventTime=24104647, downTime=24104626, deviceId=1, source=0x1002 }, stage = 10: View Post IME stage, this = ViewRoot{b020229 com.mediatek.engineermode/com.mediatek.engineermode.EngineerMode,ident = 0}
04-20 17:08:29.521300 16004 16004 V DisplayEventReceiver: call nativeScheduleVsync mReceiverPtr = 548132282368
04-20 17:08:29.521665   231  1039 D SurfaceFlinger: requestNextVsync(16004)
04-20 17:08:29.532646   231   287 D SurfaceFlinger: postEvent(16004, v/c=45174)
04-20 17:08:29.533479 16004 16004 V DisplayEventReceiver: call nativeScheduleVsync mReceiverPtr = 548132282368
04-20 17:08:29.534002   231   267 D SurfaceFlinger: requestNextVsync(16004)
04-20 17:08:29.548887   231   287 D SurfaceFlinger: postEvent(16004, v/c=45175)
04-20 17:08:29.550229 16004 16004 V ViewRootImpl: enqueueInputEvent: event = MotionEvent { action=ACTION_MOVE, actionButton=0, id[0]=0, x[0]=145.81013, y[0]=449.6708, toolType[0]=TOOL_TYPE_FINGER, buttonState=0, metaState=0, flags=0x0, edgeFlags=0x0, pointerCount=1, historySize=1, eventTime=24104679, downTime=24104626, deviceId=1, source=0x1002 },processImmediately = true,mProcessInputEventsScheduled = false, this = ViewRoot{b020229 com.mediatek.engineermode/com.mediatek.engineermode.EngineerMode,ident = 0}
04-20 17:08:29.552731 16004 16004 V ViewRootImpl: App handle pointer event: event = MotionEvent { action=ACTION_MOVE, actionButton=0, id[0]=0, x[0]=145.81013, y[0]=449.6708, toolType[0]=TOOL_TYPE_FINGER, buttonState=0, metaState=0, flags=0x0, edgeFlags=0x0, pointerCount=1, historySize=1, eventTime=24104679, downTime=24104626, deviceId=1, source=0x1002 }, mView = com.android.internal.policy.PhoneWindow$DecorView{42020ea V.E...... R......D 0,0-768,1306}, this = android.view.ViewRootImpl$ViewPostImeInputStage@f9e07d8
04-20 17:08:29.553314 16004 16004 V ViewRootImpl: finishInputEvent: handled = true,event = MotionEvent { action=ACTION_MOVE, actionButton=0, id[0]=0, x[0]=145.81013, y[0]=449.6708, toolType[0]=TOOL_TYPE_FINGER, buttonState=0, metaState=0, flags=0x0, edgeFlags=0x0, pointerCount=1, historySize=1, eventTime=24104679, downTime=24104626, deviceId=1, source=0x1002 }, stage = 10: View Post IME stage, this = ViewRoot{b020229 com.mediatek.engineermode/com.mediatek.engineermode.EngineerMode,ident = 0}
04-20 17:08:29.553728 16004 16004 V DisplayEventReceiver: call nativeScheduleVsync mReceiverPtr = 548132282368
04-20 17:08:29.554219   231   269 D SurfaceFlinger: requestNextVsync(16004)
04-20 17:08:29.565115   231   287 D SurfaceFlinger: postEvent(16004, v/c=45176)
04-20 17:08:29.566624 16004 16004 V ViewRootImpl: enqueueInputEvent: event = MotionEvent { action=ACTION_MOVE, actionButton=0, id[0]=0, x[0]=145.81013, y[0]=449.6708, toolType[0]=TOOL_TYPE_FINGER, buttonState=0, metaState=0, flags=0x0, edgeFlags=0x0, pointerCount=1, historySize=1, eventTime=24104691, downTime=24104626, deviceId=1, source=0x1002 },processImmediately = true,mProcessInputEventsScheduled = false, this = ViewRoot{b020229 com.mediatek.engineermode/com.mediatek.engineermode.EngineerMode,ident = 0}
04-20 17:08:29.567366   964  1007 D InputReader: AP_PROF:AppLaunch_dispatchPtr:Up:24104703, ID:0, Index:-1663943424
04-20 17:08:29.567513   964  1007 I PerfService: PerfServiceNative_boostEnableTimeoutMsAsync:3, 100
04-20 17:08:29.569489 16004 16004 V ViewRootImpl: App handle pointer event: event = MotionEvent { action=ACTION_MOVE, actionButton=0, id[0]=0, x[0]=145.81013, y[0]=449.6708, toolType[0]=TOOL_TYPE_FINGER, buttonState=0, metaState=0, flags=0x0, edgeFlags=0x0, pointerCount=1, historySize=1, eventTime=24104691, downTime=24104626, deviceId=1, source=0x1002 }, mView = com.android.internal.policy.PhoneWindow$DecorView{42020ea V.E...... R......D 0,0-768,1306}, this = android.view.ViewRootImpl$ViewPostImeInputStage@f9e07d8
04-20 17:08:29.570138 16004 16004 V ViewRootImpl: finishInputEvent: handled = true,event = MotionEvent { action=ACTION_MOVE, actionButton=0, id[0]=0, x[0]=145.81013, y[0]=449.6708, toolType[0]=TOOL_TYPE_FINGER, buttonState=0, metaState=0, flags=0x0, edgeFlags=0x0, pointerCount=1, historySize=1, eventTime=24104691, downTime=24104626, deviceId=1, source=0x1002 }, stage = 10: View Post IME stage, this = ViewRoot{b020229 com.mediatek.engineermode/com.mediatek.engineermode.EngineerMode,ident = 0}
04-20 17:08:29.571084 16004 16004 V ViewRootImpl: enqueueInputEvent: event = MotionEvent { action=ACTION_UP, actionButton=0, id[0]=0, x[0]=145.81013, y[0]=449.6708, toolType[0]=TOOL_TYPE_FINGER, buttonState=0, metaState=0, flags=0x0, edgeFlags=0x0, pointerCount=1, historySize=0, eventTime=24104703, downTime=24104626, deviceId=1, source=0x1002 },processImmediately = true,mProcessInputEventsScheduled = false, this = ViewRoot{b020229 com.mediatek.engineermode/com.mediatek.engineermode.EngineerMode,ident = 0}
04-20 17:08:29.573354 16004 16004 I View    : Touch up dispatch to android.widget.ListView{1501a80 VFED.VC.. .F...... 0,0-768,1166 #102000a android:id/list}, event = MotionEvent { action=ACTION_UP, actionButton=0, id[0]=0, x[0]=145.81013, y[0]=309.6708, toolType[0]=TOOL_TYPE_FINGER, buttonState=0, metaState=0, flags=0x0, edgeFlags=0x0, pointerCount=1, historySize=0, eventTime=24104703, downTime=24104626, deviceId=1, source=0x1002 }
04-20 17:08:29.574591 16004 16004 D AbsListView: Touch up: touch mode = 0,mScrollY = 0,mLastY = -2147483648,mMotionPosition = 3,mFirstPosition = 0,mDataChanged = false,adatper size = 6,this = android.widget.ListView{1501a80 VFED.VC.. .F...... 0,0-768,1166 #102000a android:id/list}
04-20 17:08:29.587170 16004 16004 V DisplayEventReceiver: call nativeScheduleVsync mReceiverPtr = 548132282368
04-20 17:08:29.587579   231  1738 D SurfaceFlinger: requestNextVsync(16004)
04-20 17:08:29.591928 16004 16004 V ViewRootImpl: App handle pointer event: event = MotionEvent { action=ACTION_UP, actionButton=0, id[0]=0, x[0]=145.81013, y[0]=449.6708, toolType[0]=TOOL_TYPE_FINGER, buttonState=0, metaState=0, flags=0x0, edgeFlags=0x0, pointerCount=1, historySize=0, eventTime=24104703, downTime=24104626, deviceId=1, source=0x1002 }, mView = com.android.internal.policy.PhoneWindow$DecorView{42020ea V.E...... R......D 0,0-768,1306}, this = android.view.ViewRootImpl$ViewPostImeInputStage@f9e07d8
04-20 17:08:29.592585 16004 16004 V ViewRootImpl: finishInputEvent: handled = true,event = MotionEvent { action=ACTION_UP, actionButton=0, id[0]=0, x[0]=145.81013, y[0]=449.6708, toolType[0]=TOOL_TYPE_FINGER, buttonState=0, metaState=0, flags=0x0, edgeFlags=0x0, pointerCount=1, historySize=0, eventTime=24104703, downTime=24104626, deviceId=1, source=0x1002 }, stage = 10: View Post IME stage, this = ViewRoot{b020229 com.mediatek.engineermode/com.mediatek.engineermode.EngineerMode,ident = 0}
04-20 17:08:29.593118 16004 16004 V ViewRootImpl: ViewRoot performTraversals+ : mFirst = false, this = ViewRoot{b020229 com.mediatek.engineermode/com.mediatek.engineermode.EngineerMode,ident = 0}
04-20 17:08:29.597578   231   287 D SurfaceFlinger: postEvent(16004, v/c=45178)
04-20 17:08:29.598224 16004 16004 V ViewRootImpl: ViewRoot performTraversals and draw- : mResizeBuffer = null, mResizeAlpha = 0, this = ViewRoot{b020229 com.mediatek.engineermode/com.mediatek.engineermode.EngineerMode,ident = 0} frame#169 (cancelDraw = false)
04-20 17:08:29.607105   231  1039 D SurfaceFlinger: requestNextVsync(231)
04-20 17:08:29.607284   231  1039 I BufferQueueProducer: [com.mediatek.engineermode/com.mediatek.engineermode.EngineerMode](this:0x7f76cd2400,id:340,api:1,p:16004,c:231) queueBuffer: fps=13.96 dur=1074.57 max=842.04 min=14.57
04-20 17:08:29.613898   231   289 D SurfaceFlinger: postEvent(231, v/c=36578)
04-20 17:08:29.622923   231   231 I SurfaceFlinger: [Built-in Screen (type:0)] fps:13.888103,dur:1080.06,max:851.18,min:15.67
04-20 17:08:29.656706 16004 16004 V DisplayEventReceiver: call nativeScheduleVsync mReceiverPtr = 548132282368
04-20 17:08:29.657262   231   267 D SurfaceFlinger: requestNextVsync(16004)
04-20 17:08:29.661418 16004 16004 V Preference: isEnabled, mEnabled = true, mDependencyMet = true, mParentDependencyMet = true, key = mtk_logger, title = MTKLogger
04-20 17:08:29.662536   231   287 D SurfaceFlinger: postEvent(16004, v/c=45180)
04-20 17:08:29.668884   964  1059 D PerfServiceManager: [PerfService] MESSAGE_TIMEOUT:103 
04-20 17:08:29.669685   964  1059 I libPerfService: 3: set: 3
04-20 17:08:29.670028   964  1059 I libPerfService: 3: set freq: 819000
04-20 17:08:29.670168   964  1059 I libPerfService: 3: set vcore level: 0
04-20 17:08:29.676377   964   987 V DisplayEventReceiver: call nativeScheduleVsync mReceiverPtr = 548369566784
04-20 17:08:29.676894   231   313 D SurfaceFlinger: requestNextVsync(964)
04-20 17:08:29.678816   231   287 D SurfaceFlinger: postEvent(964, v/c=45181)
04-20 17:08:29.682706   964  1059 I libPerfService: 1: set freq: 1300000
04-20 17:08:29.683031   964  1059 I libPerfService: 1: set: 4
04-20 17:08:29.683640   964   975 I BufferQueue: [unnamed-964-105](this:0x7f968a5000,id:105,api:0,p:-1,c:-1) BufferQueue core=(964:system_server)
04-20 17:08:29.684069   964   975 D BufferQueueDump: [unnamed-964-105] this:0x7f96b1d680, value:0x7f9fb5d62c, iLen:6
04-20 17:08:29.684347   964   975 I BufferQueueConsumer: [unnamed-964-105](this:0x7f968a5000,id:105,api:0,p:-1,c:964) connect(C): consumer=(964:system_server) controlledByApp=false
04-20 17:08:29.684415   964   975 D BufferQueueDump: [unnamed-964-105] this:0x7f96b1d680, value:0x7f9fb5d65c, iLen:6
04-20 17:08:29.684476   964   975 I BufferQueueConsumer: [unnamed-964-105](this:0x7f968a5000,id:105,api:0,p:-1,c:964) setConsumerName: unnamed-964-105
04-20 17:08:29.684586   964   975 D BufferQueueDump: [ScreenshotClient] this:0x7f96b1d680, value:0x7f9fb5d6bc, iLen:6
04-20 17:08:29.684655   964   975 I BufferQueueConsumer: [ScreenshotClient](this:0x7f968a5000,id:105,api:0,p:-1,c:964) setConsumerName: ScreenshotClient
04-20 17:08:29.685437   231   231 D Surface : Surface::connect(this=0x7f7a6d2c00,api=1)
04-20 17:08:29.686043   964   975 I BufferQueueProducer: [ScreenshotClient](this:0x7f968a5000,id:105,api:1,p:231,c:964) connect(P): api=1 producer=(231:/system/bin/surfaceflinger) producerControlledByApp=false
04-20 17:08:29.686395   964   975 I BufferQueueProducer: [ScreenshotClient](this:0x7f968a5000,id:105,api:1,p:231,c:964) new GraphicBuffer needed
04-20 17:08:29.687607   231  1738 I [MALI][Gralloc]: [+]hnd(0x7f7c8c91e0), client(27), share_fd(65), hnd->flags:4
04-20 17:08:29.687681   231  1738 D GraphicBuffer: alloc, handle(0x7f7c8c91e0) (w:450 h:450 s:464 f:0x1 u:0x000333) err(0)
04-20 17:08:29.688976   964   975 I [MALI][Gralloc]: [+]r_hnd(0x7f956a7460), client(102), share_fd(172)
