04-20 17:08:38.030609 15705 15705 V ViewRootImpl: ViewRoot performTraversals and draw- : mResizeBuffer = null, mResizeAlpha = 0, this = ViewRoot{df1c21d ,ident = 2} frame#31 (cancelDraw = false)
04-20 17:08:38.033121   231  1039 D SurfaceFlinger: requestNextVsync(231)
04-20 17:08:38.036423   345 16065 I MobileLogD/dupm: dump /proc/last_kmsg
04-20 17:08:38.036987   231   287 D SurfaceFlinger: postEvent(15705, v/c=45323)
04-20 17:08:38.037155   231   289 D SurfaceFlinger: postEvent(231, v/c=36718)
04-20 17:08:38.038083   231   231 D SurfaceFlinger: requestNextVsync(231)
04-20 17:08:38.038235   231   231 D SurfaceFlinger: requestNextVsync(231)
04-20 17:08:38.038585 15705 15705 V DisplayEventReceiver: call nativeScheduleVsync mReceiverPtr = 548119844608
04-20 17:08:38.039054   231   269 D SurfaceFlinger: requestNextVsync(15705)
04-20 17:08:38.039359 15705 15705 V ViewRootImpl: ViewRoot performTraversals+ : mFirst = false, this = ViewRoot{df1c21d ,ident = 2}
04-20 17:08:38.042702 15705 15705 V ViewRootImpl: ViewRoot performTraversals and draw- : mResizeBuffer = null, mResizeAlpha = 0, this = ViewRoot{df1c21d ,ident = 2} frame#32 (cancelDraw = false)
04-20 17:08:38.046055   231  1738 D SurfaceFlinger: requestNextVsync(231)
04-20 17:08:38.053418   231   287 D SurfaceFlinger: postEvent(15705, v/c=45324)
04-20 17:08:38.053592   231   289 D SurfaceFlinger: postEvent(231, v/c=36719)
04-20 17:08:38.054523 16080 16080 D tcpdump : tcpdump: 
04-20 17:08:38.054636 16080 16080 D tcpdump : listening on any, link-type LINUX_SLL (Linux cooked), capture size 65535 bytes
04-20 17:08:38.054694   231   231 D SurfaceFlinger: requestNextVsync(231)
04-20 17:08:38.054823   231   231 D SurfaceFlinger: requestNextVsync(231)
04-20 17:08:38.055133 15705 15705 V DisplayEventReceiver: call nativeScheduleVsync mReceiverPtr = 548119844608
04-20 17:08:38.055467   231  1039 D SurfaceFlinger: requestNextVsync(15705)
04-20 17:08:38.056004 15705 15705 V ViewRootImpl: ViewRoot performTraversals+ : mFirst = false, this = ViewRoot{df1c21d ,ident = 2}
04-20 17:08:38.059034 15705 15705 V ViewRootImpl: ViewRoot performTraversals and draw- : mResizeBuffer = null, mResizeAlpha = 0, this = ViewRoot{df1c21d ,ident = 2} frame#33 (cancelDraw = false)
04-20 17:08:38.062851   231   267 D SurfaceFlinger: requestNextVsync(231)
04-20 17:08:38.069554   231   289 D SurfaceFlinger: postEvent(231, v/c=36720)
04-20 17:08:38.069554   231   287 D SurfaceFlinger: postEvent(15705, v/c=45325)
04-20 17:08:38.070729   231   231 D SurfaceFlinger: requestNextVsync(231)
04-20 17:08:38.070900   231   231 D SurfaceFlinger: requestNextVsync(231)
04-20 17:08:38.071439 15705 15705 V DisplayEventReceiver: call nativeScheduleVsync mReceiverPtr = 548119844608
04-20 17:08:38.072154   231  1738 D SurfaceFlinger: requestNextVsync(15705)
04-20 17:08:38.073288 15705 15705 V ViewRootImpl: ViewRoot performTraversals+ : mFirst = false, this = ViewRoot{df1c21d ,ident = 2}
04-20 17:08:38.077799 15705 15705 V ViewRootImpl: ViewRoot performTraversals and draw- : mResizeBuffer = null, mResizeAlpha = 0, this = ViewRoot{df1c21d ,ident = 2} frame#34 (cancelDraw = false)
04-20 17:08:38.082119   231   313 D SurfaceFlinger: requestNextVsync(231)
04-20 17:08:38.085792   231   287 D SurfaceFlinger: postEvent(15705, v/c=45326)
04-20 17:08:38.085956   231   289 D SurfaceFlinger: postEvent(231, v/c=36721)
04-20 17:08:38.086959   231   231 D SurfaceFlinger: requestNextVsync(231)
04-20 17:08:38.087175   231   231 D SurfaceFlinger: requestNextVsync(231)
04-20 17:08:38.088043 15705 15705 V DisplayEventReceiver: call nativeScheduleVsync mReceiverPtr = 548119844608
04-20 17:08:38.088425   231   267 D SurfaceFlinger: requestNextVsync(15705)
04-20 17:08:38.088881 15705 15705 V ViewRootImpl: ViewRoot performTraversals+ : mFirst = false, this = ViewRoot{df1c21d ,ident = 2}
04-20 17:08:38.092144 15705 15705 V ViewRootImpl: ViewRoot performTraversals and draw- : mResizeBuffer = null, mResizeAlpha = 0, this = ViewRoot{df1c21d ,ident = 2} frame#35 (cancelDraw = false)
04-20 17:08:38.096822   231   269 D SurfaceFlinger: requestNextVsync(231)
04-20 17:08:38.102120   231   287 D SurfaceFlinger: postEvent(15705, v/c=45327)
04-20 17:08:38.102291   231   289 D SurfaceFlinger: postEvent(231, v/c=36722)
04-20 17:08:38.103241   231   231 D SurfaceFlinger: requestNextVsync(231)
04-20 17:08:38.103375   231   231 D SurfaceFlinger: requestNextVsync(231)
04-20 17:08:38.107966 15705 15705 V DisplayEventReceiver: call nativeScheduleVsync mReceiverPtr = 548119844608
04-20 17:08:38.108418   231   313 D SurfaceFlinger: requestNextVsync(15705)
04-20 17:08:38.109138 15705 15705 V ViewRootImpl: ViewRoot performTraversals+ : mFirst = false, this = ViewRoot{df1c21d ,ident = 2}
04-20 17:08:38.114353 15705 15705 V ViewRootImpl: ViewRoot performTraversals and draw- : mResizeBuffer = null, mResizeAlpha = 0, this = ViewRoot{df1c21d ,ident = 2} frame#36 (cancelDraw = false)
04-20 17:08:38.116615   231  1039 D SurfaceFlinger: requestNextVsync(231)
04-20 17:08:38.118282   231   287 D SurfaceFlinger: postEvent(15705, v/c=45328)
04-20 17:08:38.118445   231   289 D SurfaceFlinger: postEvent(231, v/c=36723)
04-20 17:08:38.119421   231   231 D SurfaceFlinger: requestNextVsync(231)
04-20 17:08:38.119591   231   231 D SurfaceFlinger: requestNextVsync(231)
04-20 17:08:38.119802 15705 15705 V DisplayEventReceiver: call nativeScheduleVsync mReceiverPtr = 548119844608
04-20 17:08:38.120103   231   269 D SurfaceFlinger: requestNextVsync(15705)
04-20 17:08:38.120593 15705 15705 V ViewRootImpl: ViewRoot performTraversals+ : mFirst = false, this = ViewRoot{df1c21d ,ident = 2}
04-20 17:08:38.123089 15705 15705 V ViewRootImpl: ViewRoot performTraversals and draw- : mResizeBuffer = null, mResizeAlpha = 0, this = ViewRoot{df1c21d ,ident = 2} frame#37 (cancelDraw = false)
04-20 17:08:38.127792   231  1738 D SurfaceFlinger: requestNextVsync(231)
04-20 17:08:38.134496   231   289 D SurfaceFlinger: postEvent(231, v/c=36724)
04-20 17:08:38.134496   231   287 D SurfaceFlinger: postEvent(15705, v/c=45329)
04-20 17:08:38.135533   231   231 D SurfaceFlinger: requestNextVsync(231)
04-20 17:08:38.135697   231   231 D SurfaceFlinger: requestNextVsync(231)
04-20 17:08:38.135850 15705 15705 V DisplayEventReceiver: call nativeScheduleVsync mReceiverPtr = 548119844608
04-20 17:08:38.136161   231  1039 D SurfaceFlinger: requestNextVsync(15705)
04-20 17:08:38.136665 15705 15705 V ViewRootImpl: ViewRoot performTraversals+ : mFirst = false, this = ViewRoot{df1c21d ,ident = 2}
04-20 17:08:38.139727 15705 15705 V ViewRootImpl: ViewRoot performTraversals and draw- : mResizeBuffer = null, mResizeAlpha = 0, this = ViewRoot{df1c21d ,ident = 2} frame#38 (cancelDraw = false)
04-20 17:08:38.144424   231   267 D SurfaceFlinger: requestNextVsync(231)
04-20 17:08:38.150819   231   287 D SurfaceFlinger: postEvent(15705, v/c=45330)
04-20 17:08:38.150983   231   289 D SurfaceFlinger: postEvent(231, v/c=36725)
04-20 17:08:38.152094 15705 15705 V DisplayEventReceiver: call nativeScheduleVsync mReceiverPtr = 548119844608
04-20 17:08:38.152082   231   231 D SurfaceFlinger: requestNextVsync(231)
04-20 17:08:38.152603   231   231 D SurfaceFlinger: requestNextVsync(231)
04-20 17:08:38.152878 15705 15705 V ViewRootImpl: ViewRoot performTraversals+ : mFirst = false, this = ViewRoot{df1c21d ,ident = 2}
04-20 17:08:38.155358   231  1738 D SurfaceFlinger: requestNextVsync(15705)
04-20 17:08:38.157929 15705 15705 V ViewRootImpl: ViewRoot performTraversals and draw- : mResizeBuffer = null, mResizeAlpha = 0, this = ViewRoot{df1c21d ,ident = 2} frame#39 (cancelDraw = false)
04-20 17:08:38.160471 15705 15723 I MTKLogger/GPSLog: Handle receive message, what=1
04-20 17:08:38.160991   231   267 D SurfaceFlinger: requestNextVsync(231)
04-20 17:08:38.161043 15705 15723 D MTKLogger/LogInstance: -->getStorageState(), currentLogPathType=internal_sd
04-20 17:08:38.161210 15705 15723 I MTKLogger/Utils: -->getInternalSdPath()
04-20 17:08:38.164320   964  1652 D AppOps  : noteOperation: allowing code 59 uid 10056 package com.mediatek.mtklogger
04-20 17:08:38.164627   964  1652 D AppOps  : noteOperation: allowing code 60 uid 10056 package com.mediatek.mtklogger
04-20 17:08:38.165277   964  1652 D SettingsInterface:  from settings cache , name = sys_storage_threshold_percentage , value = null
04-20 17:08:38.165977   964  1652 D SettingsInterface:  from settings cache , name = sys_storage_threshold_max_bytes , value = null
04-20 17:08:38.166819 15705 15723 I MTKLogger/Utils: /storage/emulated/0 is mounted!
04-20 17:08:38.167099   231   287 D SurfaceFlinger: postEvent(15705, v/c=45331)
04-20 17:08:38.167250   231   289 D SurfaceFlinger: postEvent(231, v/c=36726)
04-20 17:08:38.168217   231   231 D SurfaceFlinger: requestNextVsync(231)
04-20 17:08:38.168497   231   231 D SurfaceFlinger: requestNextVsync(231)
04-20 17:08:38.169017 15705 15705 V DisplayEventReceiver: call nativeScheduleVsync mReceiverPtr = 548119844608
04-20 17:08:38.169544   231  1738 D SurfaceFlinger: requestNextVsync(15705)
04-20 17:08:38.170484 15705 15705 V ViewRootImpl: ViewRoot performTraversals+ : mFirst = false, this = ViewRoot{df1c21d ,ident = 2}
04-20 17:08:38.170854 15705 15723 I MTKLogger/Utils: Is emulated and volumeInfo.getId() : emulated
04-20 17:08:38.171002 15705 15723 I MTKLogger/Utils: <--getInternalSdPath() : internalPath = /storage/emulated/0
04-20 17:08:38.173651 15705 15723 V MTKLogger: <--getLogPath(), type=internal_sd, string=/storage/emulated/0
04-20 17:08:38.177179 15705 15705 V ViewRootImpl: ViewRoot performTraversals and draw- : mResizeBuffer = null, mResizeAlpha = 0, this = ViewRoot{df1c21d ,ident = 2} frame#40 (cancelDraw = false)
04-20 17:08:38.177717   964  1663 D AppOps  : noteOperation: allowing code 59 uid 10056 package com.mediatek.mtklogger
04-20 17:08:38.178179   964  1663 D AppOps  : noteOperation: allowing code 60 uid 10056 package com.mediatek.mtklogger
04-20 17:08:38.179110   964  1663 D SettingsInterface:  from settings cache , name = sys_storage_threshold_percentage , value = null
04-20 17:08:38.179896   964  1663 D SettingsInterface:  from settings cache , name = sys_storage_threshold_max_bytes , value = null
04-20 17:08:38.181409 15705 15723 I MTKLogger/Utils: -->getInternalSdPath()
04-20 17:08:38.181714   231   313 D SurfaceFlinger: requestNextVsync(231)
04-20 17:08:38.183324   231   287 D SurfaceFlinger: postEvent(15705, v/c=45332)
04-20 17:08:38.183325   231   289 D SurfaceFlinger: postEvent(231, v/c=36727)
04-20 17:08:38.184602   231   231 D SurfaceFlinger: requestNextVsync(231)
04-20 17:08:38.184766   231   231 D SurfaceFlinger: requestNextVsync(231)
04-20 17:08:38.186227   964  8872 D AppOps  : noteOperation: allowing code 59 uid 10056 package com.mediatek.mtklogger
04-20 17:08:38.186592   964  8872 D AppOps  : noteOperation: allowing code 60 uid 10056 package com.mediatek.mtklogger
04-20 17:08:38.187433   964  8872 D SettingsInterface:  from settings cache , name = sys_storage_threshold_percentage , value = null
04-20 17:08:38.188245   964  8872 D SettingsInterface:  from settings cache , name = sys_storage_threshold_max_bytes , value = null
04-20 17:08:38.189371 15705 15723 I MTKLogger/Utils: /storage/emulated/0 is mounted!
04-20 17:08:38.189764 15705 15705 V DisplayEventReceiver: call nativeScheduleVsync mReceiverPtr = 548119844608
04-20 17:08:38.190078   231   267 D SurfaceFlinger: requestNextVsync(15705)
04-20 17:08:38.191304 15705 15705 V ViewRootImpl: ViewRoot performTraversals+ : mFirst = false, this = ViewRoot{df1c21d ,ident = 2}
04-20 17:08:38.195068 15705 15723 I MTKLogger/Utils: Is emulated and volumeInfo.getId() : emulated
04-20 17:08:38.195208 15705 15723 I MTKLogger/Utils: <--getInternalSdPath() : internalPath = /storage/emulated/0
04-20 17:08:38.199005 15705 15705 V ViewRootImpl: ViewRoot performTraversals and draw- : mResizeBuffer = null, mResizeAlpha = 0, this = ViewRoot{df1c21d ,ident = 2} frame#41 (cancelDraw = false)
04-20 17:08:38.199631   231   287 D SurfaceFlinger: postEvent(15705, v/c=45333)
04-20 17:08:38.199786   231   289 D SurfaceFlinger: postEvent(231, v/c=36728)
04-20 17:08:38.201957   231  1039 D SurfaceFlinger: requestNextVsync(231)
04-20 17:08:38.195468 15705 15723 V MTKLogger: <--getLogPath(), type=internal_sd, string=/storage/emulated/0
04-20 17:08:38.203972 15705 15723 D MTKLogger: -->getAvailableStorageSize(), path=/storage/emulated/0, size=11826MB
04-20 17:08:38.204087 15705 15723 D MTKLogger/LogInstance: <--getStorageState(), storage is ready for log capture.
04-20 17:08:38.204270 15705 15723 I MTKLogger/Utils: -->getInternalSdPath()
04-20 17:08:38.206234 15705 15705 V DisplayEventReceiver: call nativeScheduleVsync mReceiverPtr = 548119844608
04-20 17:08:38.206603   231   313 D SurfaceFlinger: requestNextVsync(15705)
04-20 17:08:38.207530   964   976 D AppOps  : noteOperation: allowing code 59 uid 10056 package com.mediatek.mtklogger
04-20 17:08:38.207917   964   976 D AppOps  : noteOperation: allowing code 60 uid 10056 package com.mediatek.mtklogger
04-20 17:08:38.208388 15705 15705 V ViewRootImpl: ViewRoot performTraversals+ : mFirst = false, this = ViewRoot{df1c21d ,ident = 2}
04-20 17:08:38.209164   964   976 D SettingsInterface:  from settings cache , name = sys_storage_threshold_percentage , value = null
04-20 17:08:38.210148   964   976 D SettingsInterface:  from settings cache , name = sys_storage_threshold_max_bytes , value = null
04-20 17:08:38.211213 15705 15723 I MTKLogger/Utils: /storage/emulated/0 is mounted!
04-20 17:08:38.212402 15705 15723 I MTKLogger/Utils: Is emulated and volumeInfo.getId() : emulated
04-20 17:08:38.212526 15705 15723 I MTKLogger/Utils: <--getInternalSdPath() : internalPath = /storage/emulated/0
04-20 17:08:38.212781 15705 15723 V MTKLogger: <--getLogPath(), type=internal_sd, string=/storage/emulated/0
04-20 17:08:38.212868 15705 15723 I MTKLogger/LogConnection: -->send cmd: [set_storage_path,/storage/emulated/0] to [gpslogd]
04-20 17:08:38.212948 15705 15723 D MTKLogger/LogConnection: Command builder success
04-20 17:08:38.213254   354   354 D MNLD    : process: epoll_wait() received 1 events
04-20 17:08:38.213506   354   354 D MNLD    : mtklogger2mnl_handler: recv set_storage_path,/storage/emulated/0 from 14
04-20 17:08:38.213587   354   354 D MNLD    : notify_client: write set_storage_path,/storage/emulated/0,1 to client fd 14 
04-20 17:08:38.213658   354   354 D MNLD    : mtklogger2mnl_handler: notify_client,ans = set_storage_path,/storage/emulated/0,1
04-20 17:08:38.213705   354   354 D MNLD    : get_mtklog_path: logpath for mtklogger socket msg: /storage/emulated/0
04-20 17:08:38.213865   354   354 D MNLD    : get_mtklog_path: get_mtklog_path:logpath is /storage/emulated/0/mtklog/gpsdbglog/
04-20 17:08:38.213907 15705 15724 V MTKLogger/LogConnection: Response from native byte size=38
04-20 17:08:38.214056   354   354 D MNLD    : process: mtklogger2mnl_handler: ret = 0
04-20 17:08:38.214544 15705 15724 W art     : Method processed more than once: void com.mediatek.mtklogger.framework.GPSLog$GPSLogConnection.dealWithResponse(byte[], android.os.Handler)
04-20 17:08:38.214811 15705 15724 I MTKLogger/GPSLog: -->dealWithResponse(), resp=set_storage_path,/storage/emulated/0,1
04-20 17:08:38.215169 15705 15705 V ViewRootImpl: ViewRoot performTraversals and draw- : mResizeBuffer = null, mResizeAlpha = 0, this = ViewRoot{df1c21d ,ident = 2} frame#42 (cancelDraw = false)
04-20 17:08:38.215866   231   287 D SurfaceFlinger: postEvent(15705, v/c=45334)
04-20 17:08:38.215861   231   289 D SurfaceFlinger: postEvent(231, v/c=36729)
04-20 17:08:38.217376   231  1738 D SurfaceFlinger: requestNextVsync(231)
04-20 17:08:38.222902 15705 15705 V DisplayEventReceiver: call nativeScheduleVsync mReceiverPtr = 548119844608
04-20 17:08:38.223484   231  1039 D SurfaceFlinger: requestNextVsync(15705)
04-20 17:08:38.223605 15705 15723 I MTKLogger/LogConnection: <--send cmd done : [set_storage_path,/storage/emulated/0] to [gpslogd]
04-20 17:08:38.223836 15705 15723 I MTKLogger/GPSLog: GPS log initialization reason = from_ui
04-20 17:08:38.223904 15705 15723 W MTKLogger/GPSLog: Start command come from UI, change log auto start to true at the same time
04-20 17:08:38.223994 15705 15723 I MTKLogger/LogConnection: -->send cmd: [deep_start,1] to [gpslogd]
04-20 17:08:38.224076 15705 15723 D MTKLogger/LogConnection: Command builder success
04-20 17:08:38.224401   354   354 D MNLD    : process: epoll_wait() received 1 events
04-20 17:08:38.224547   354   354 D MNLD    : mtklogger2mnl_handler: recv deep_start,1 from 14
04-20 17:08:38.224603   354   354 D MNLD    : notify_client: write deep_start,1,1 to client fd 14 
04-20 17:08:38.224677   354   354 D MNLD    : mtklogger2mnl_handler: notify_client,ans = deep_start,1,1
04-20 17:08:38.224724   354   354 D MNLD    : mtklogger2mnl_handler: gps_debuglog_state:1
04-20 17:08:38.224776   354   354 D MNLD    : process: mtklogger2mnl_handler: ret = 0
04-20 17:08:38.224966 15705 15724 V MTKLogger/LogConnection: Response from native byte size=14
04-20 17:08:38.225236 15705 15724 I MTKLogger/GPSLog: -->dealWithResponse(), resp=deep_start,1,1
04-20 17:08:38.226307 15705 15705 V ViewRootImpl: ViewRoot performTraversals+ : mFirst = false, this = ViewRoot{df1c21d ,ident = 2}
04-20 17:08:38.228844 15705 15705 V ViewRootImpl: ViewRoot performTraversals and draw- : mResizeBuffer = null, mResizeAlpha = 0, this = ViewRoot{df1c21d ,ident = 2} frame#43 (cancelDraw = false)
04-20 17:08:38.232090   231   287 D SurfaceFlinger: postEvent(15705, v/c=45335)
04-20 17:08:38.232177   231   289 D SurfaceFlinger: postEvent(231, v/c=36730)
04-20 17:08:38.234225   231   267 D SurfaceFlinger: requestNextVsync(231)
04-20 17:08:38.234799 15705 15723 I MTKLogger/LogConnection: <--send cmd done : [deep_start,1] to [gpslogd]
04-20 17:08:38.234918 15705 15723 D MTKLogger/GPSLog: After sending start command, wait native's resp, not treat it as successfully directly
04-20 17:08:38.235088 15705 15723 I MTKLogger/GPSLog: Handle receive message, what=0
04-20 17:08:38.235185 15705 15723 W MTKLogger/GPSLog: Not supported message: 0
04-20 17:08:38.235318 15705 15723 I MTKLogger/GPSLog: Handle receive message, what=25
04-20 17:08:38.235480 15705 15723 D MTKLogger/GPSLog: Got an update event, new state = 1, reason=null, oldState=0
04-20 17:08:38.235595 15705 15723 I MTKLogger/GPSLog: -->notifyServiceStatus(), status=1,  reason=[]
04-20 17:08:38.235080 15705 15705 V DisplayEventReceiver: call nativeScheduleVsync mReceiverPtr = 548119844608
04-20 17:08:38.236132   231  1738 D SurfaceFlinger: requestNextVsync(15705)
04-20 17:08:38.237066 15705 15705 V ViewRootImpl: ViewRoot performTraversals+ : mFirst = false, this = ViewRoot{df1c21d ,ident = 2}
04-20 17:08:38.240023 15705 15705 V ViewRootImpl: ViewRoot performTraversals and draw- : mResizeBuffer = null, mResizeAlpha = 0, this = ViewRoot{df1c21d ,ident = 2} frame#44 (cancelDraw = false)
04-20 17:08:38.244953   231  1039 D SurfaceFlinger: requestNextVsync(231)
04-20 17:08:38.248523   231   289 D SurfaceFlinger: postEvent(231, v/c=36731)
04-20 17:08:38.248523   231   287 D SurfaceFlinger: postEvent(15705, v/c=45336)
04-20 17:08:38.249685   231   231 D SurfaceFlinger: requestNextVsync(231)
04-20 17:08:38.249836   231   231 D SurfaceFlinger: requestNextVsync(231)
04-20 17:08:38.250024 15705 15705 V DisplayEventReceiver: call nativeScheduleVsync mReceiverPtr = 548119844608
04-20 17:08:38.250348   231   313 D SurfaceFlinger: requestNextVsync(15705)
04-20 17:08:38.250971 15705 15705 V ViewRootImpl: ViewRoot performTraversals+ : mFirst = false, this = ViewRoot{df1c21d ,ident = 2}
04-20 17:08:38.254688 15705 15705 V ViewRootImpl: ViewRoot performTraversals and draw- : mResizeBuffer = null, mResizeAlpha = 0, this = ViewRoot{df1c21d ,ident = 2} frame#45 (cancelDraw = false)
04-20 17:08:38.257209   231   269 D SurfaceFlinger: requestNextVsync(231)
04-20 17:08:38.264652   231   287 D SurfaceFlinger: postEvent(15705, v/c=45337)
04-20 17:08:38.264651   231   289 D SurfaceFlinger: postEvent(231, v/c=36732)
04-20 17:08:38.266118   231   231 D SurfaceFlinger: requestNextVsync(231)
04-20 17:08:38.266311   231   231 D SurfaceFlinger: requestNextVsync(231)
04-20 17:08:38.266505 15705 15723 D MTKLogger/LogInstance: -->updateStatusBar(), logType=16, titleRes=2131296261, enable=true
04-20 17:08:38.268654 15705 15723 W MTKLogger/LogInstance: Too frequent status bar update request, slow down.
04-20 17:08:38.270869 15705 15705 V DisplayEventReceiver: call nativeScheduleVsync mReceiverPtr = 548119844608
04-20 17:08:38.271586   231  1039 D SurfaceFlinger: requestNextVsync(15705)
04-20 17:08:38.272819 15705 15705 V ViewRootImpl: ViewRoot performTraversals+ : mFirst = false, this = ViewRoot{df1c21d ,ident = 2}
04-20 17:08:38.280441   231  1738 D SurfaceFlinger: requestNextVsync(231)
04-20 17:08:38.280571   231  1738 I BufferQueueProducer: [](this:0x7f76cd6000,id:348,api:1,p:15705,c:231) queueBuffer: fps=43.64 dur=1008.34 max=239.05 min=8.29
04-20 17:08:38.281077   231   289 D SurfaceFlinger: postEvent(231, v/c=36733)
04-20 17:08:38.281111   231   287 D SurfaceFlinger: postEvent(15705, v/c=45338)
04-20 17:08:38.282543   231   231 D SurfaceFlinger: requestNextVsync(231)
04-20 17:08:38.282724   231   231 D SurfaceFlinger: requestNextVsync(231)
04-20 17:08:38.284982 15705 15705 V ViewRootImpl: ViewRoot performTraversals and draw- : mResizeBuffer = null, mResizeAlpha = 0, this = ViewRoot{df1c21d ,ident = 2} frame#46 (cancelDraw = false)
04-20 17:08:38.289002 15705 16084 D MTKLogger/MTKLoggerService:  mNativeStateHandler receive message, what=1, arg1=16, arg2=1
04-20 17:08:38.289241 15705 16084 D MTKLogger/MTKLoggerService: -->handleLogStateChangeMsg(), mCachedStartStopCmd = 16
04-20 17:08:38.289369 15705 16084 D MTKLogger/MTKLoggerService:  MSG_LOG_STATE_CHANGED, logType=16, result=1, reason=[]
04-20 17:08:38.289452 15705 16084 D MTKLogger/MTKLoggerService: Still waiting start/stop command response, mark it as finished.
04-20 17:08:38.289763 15705 16084 I MTKLogger/MTKLoggerService:  Notify other modules current state with broadcast. mCurrentAffectedLogType=23, currentRunningStatus=23, failReasonStr=[]
04-20 17:08:38.295118 15705 15705 V DisplayEventReceiver: call nativeScheduleVsync mReceiverPtr = 548119844608
04-20 17:08:38.295973   231   269 D SurfaceFlinger: requestNextVsync(15705)
04-20 17:08:38.297002 15705 16084 D MTKLogger/MTKLoggerService: -->updateStartRecordingTime(), mCurrentRunningStatus=23
04-20 17:08:38.297146 15705 16084 I MTKLogger/MTKLoggerService: Former log start time is 0, set to current system time.
04-20 17:08:38.297301   231   287 D SurfaceFlinger: postEvent(15705, v/c=45339)
04-20 17:08:38.297302   231   289 D SurfaceFlinger: postEvent(231, v/c=36734)
04-20 17:08:38.298128 15705 16084 V MTKLogger/MTKLoggerService: -->isLogRunning(), logType = 16
04-20 17:08:38.302031 15705 16084 D MTKLogger/GPSLog: Is GPS log running ? true
04-20 17:08:38.302165 15705 16084 V MTKLogger/MTKLoggerService: <--isLogRunning()? true
04-20 17:08:38.302235 15705 16084 V MTKLogger/MTKLoggerService: <--isAnyLogRunning()? true
04-20 17:08:38.302322 15705 16084 D MTKLogger/MTKLoggerService: -->updateLogFolderMonitor(), isLogRunning=true, mLogFolderMonitorThreadStopFlag=true
04-20 17:08:38.303691 15705 16084 V MTKLogger/MTKLoggerService: Log is running, so start monitor log folder
04-20 17:08:38.304001 15705 16084 V MTKLogger/MTKLoggerService: -->isLogRunning(), logType = 16
04-20 17:08:38.304178 15705 16084 D MTKLogger/GPSLog: Is GPS log running ? true
04-20 17:08:38.304250 15705 16084 V MTKLogger/MTKLoggerService: <--isLogRunning()? true
04-20 17:08:38.304315 15705 16084 V MTKLogger/MTKLoggerService: <--isAnyLogRunning()? true
04-20 17:08:38.306816 15705 15705 V ViewRootImpl: ViewRoot performTraversals+ : mFirst = false, this = ViewRoot{df1c21d ,ident = 2}
04-20 17:08:38.308174 15705 16084 I MTKLogger/Utils: -->getInternalSdPath()
04-20 17:08:38.313680 15705 15705 V ViewRootImpl: ViewRoot performTraversals and draw- : mResizeBuffer = null, mResizeAlpha = 0, this = ViewRoot{df1c21d ,ident = 2} frame#47 (cancelDraw = false)
04-20 17:08:38.316931   231   267 D SurfaceFlinger: requestNextVsync(231)
04-20 17:08:38.318047 15705 15705 V DisplayEventReceiver: call nativeScheduleVsync mReceiverPtr = 548119844608
04-20 17:08:38.318458   231  1738 D SurfaceFlinger: requestNextVsync(15705)
04-20 17:08:38.320119 15705 16085 D MTKLogger/MTKLoggerService: Begin to monitor log folder status...
04-20 17:08:38.320387 15705 16085 I MTKLogger/Utils: -->getInternalSdPath()
04-20 17:08:38.320870 15705 15705 V ViewRootImpl: ViewRoot performTraversals+ : mFirst = false, this = ViewRoot{df1c21d ,ident = 2}
04-20 17:08:38.322816   964   975 D AppOps  : noteOperation: allowing code 59 uid 10056 package com.mediatek.mtklogger
04-20 17:08:38.323236   964   975 D AppOps  : noteOperation: allowing code 60 uid 10056 package com.mediatek.mtklogger
04-20 17:08:38.323596 15705 15705 V ViewRootImpl: ViewRoot performTraversals and draw- : mResizeBuffer = null, mResizeAlpha = 0, this = ViewRoot{df1c21d ,ident = 2} frame#48 (cancelDraw = false)
04-20 17:08:38.324627   964   975 D SettingsInterface:  from settings cache , name = sys_storage_threshold_percentage , value = null
04-20 17:08:38.326593   231  1039 D SurfaceFlinger: requestNextVsync(231)
04-20 17:08:38.326825   964  1843 D AppOps  : noteOperation: allowing code 59 uid 10056 package com.mediatek.mtklogger
04-20 17:08:38.326902 15705 15705 D MTKLogger/MainActivity: ACTION_LOG_STATE_CHANGED
04-20 17:08:38.327129   964  1843 D AppOps  : noteOperation: allowing code 60 uid 10056 package com.mediatek.mtklogger
04-20 17:08:38.327374 15705 15705 D Dialog  : dismissDialog
04-20 17:08:38.329499   231   287 D SurfaceFlinger: postEvent(15705, v/c=45341)
04-20 17:08:38.329494   231   289 D SurfaceFlinger: postEvent(231, v/c=36736)
04-20 17:08:38.330657   231   231 D SurfaceFlinger: requestNextVsync(231)
04-20 17:08:38.330824   231   231 D SurfaceFlinger: requestNextVsync(231)
04-20 17:08:38.332787 15705 16040 D OpenGLRenderer: Flushing caches (mode 0)
04-20 17:08:38.333183 15705 16040 D Surface : Surface::disconnect(this=0x7fad52ee00,api=1)
04-20 17:08:38.333561   231   313 I BufferQueueProducer: [](this:0x7f76cd6000,id:348,api:1,p:-1,c:231) disconnect(P): api 1
04-20 17:08:38.334400   231   313 I BufferQueueConsumer: [](this:0x7f76cd6000,id:348,api:1,p:-1,c:231) getReleasedBuffers: returning mask 0xfffffffffffffffd
04-20 17:08:38.334833   231   313 D GraphicBuffer: free, handle(0x7f7cdde180) (w:203 h:729 s:208 f:0x1 u:0x000b00)
04-20 17:08:38.334986   231   313 I [MALI][Gralloc]: [-]hnd(0x7f7cdde180), client(27), share_fd(67)
04-20 17:08:38.335184   231   231 I BufferQueueProducer: [FrameBufferSurface_0](this:0x7f7c90e000,id:0,api:1,p:231,c:231) queueBuffer: fps=57.41 dur=1010.21 max=33.90 min=13.31
04-20 17:08:38.335290   231   313 D GraphicBuffer: free, handle(0x7f7c8ca040) (w:203 h:729 s:208 f:0x1 u:0x000b00)
04-20 17:08:38.335409   231   313 I [MALI][Gralloc]: [-]hnd(0x7f7c8ca040), client(27), share_fd(60)
04-20 17:08:38.338648   964   975 D SettingsInterface:  from settings cache , name = sys_storage_threshold_max_bytes , value = null
04-20 17:08:38.339781 15705 16084 I MTKLogger/Utils: /storage/emulated/0 is mounted!
04-20 17:08:38.340169   964  1843 D SettingsInterface:  from settings cache , name = sys_storage_threshold_percentage , value = null
04-20 17:08:38.340280 15705 16040 D GraphicBuffer: unregister, handle(0x7fad4dc180) (w:203 h:729 s:208 f:0x1 u:0x000b00)
04-20 17:08:38.341220   964  1843 D SettingsInterface:  from settings cache , name = sys_storage_threshold_max_bytes , value = null
04-20 17:08:38.341306 15705 16040 I [MALI][Gralloc]: [-]r_hnd(0x7fad4dc180), client(45), share_fd(63)
04-20 17:08:38.341607 15705 16040 D GraphicBuffer: unregister, handle(0x7fad4de160) (w:203 h:729 s:208 f:0x1 u:0x000b00)
04-20 17:08:38.342266 15705 16085 I MTKLogger/Utils: /storage/emulated/0 is mounted!
04-20 17:08:38.342456 15705 16040 I [MALI][Gralloc]: [-]r_hnd(0x7fad4de160), client(45), share_fd(60)
04-20 17:08:38.342688 15705 16040 D GraphicBuffer: unregister, handle(0x7fad4ddf80) (w:203 h:729 s:208 f:0x1 u:0x000b00)
04-20 17:08:38.343616 15705 16040 I [MALI][Gralloc]: [-]r_hnd(0x7fad4ddf80), client(45), share_fd(61)
04-20 17:08:38.343985 15705 16040 D GraphicBuffer: unregister, handle(0x7fad4de200) (w:203 h:729 s:208 f:0x1 u:0x000b00)
04-20 17:08:38.344174 15705 16085 I MTKLogger/Utils: Is emulated and volumeInfo.getId() : emulated
04-20 17:08:38.344174 15705 16084 I MTKLogger/Utils: Is emulated and volumeInfo.getId() : emulated
04-20 17:08:38.344398 15705 16085 I MTKLogger/Utils: <--getInternalSdPath() : internalPath = /storage/emulated/0
04-20 17:08:38.344557 15705 16084 I MTKLogger/Utils: <--getInternalSdPath() : internalPath = /storage/emulated/0
04-20 17:08:38.344850 15705 16085 V MTKLogger: <--getLogPath(), type=internal_sd, string=/storage/emulated/0
04-20 17:08:38.344850 15705 16084 V MTKLogger: <--getLogPath(), type=internal_sd, string=/storage/emulated/0
04-20 17:08:38.344898 15705 16040 I [MALI][Gralloc]: [-]r_hnd(0x7fad4de200), client(45), share_fd(62)
04-20 17:08:38.345352 15705 16084 V MTKLogger/Utils: -->setRunnngFileListTree
04-20 17:08:38.345452 15705 16040 D Surface : Surface::disconnect(this=0x7fad52ee00,api=1)
04-20 17:08:38.345972   231   267 I BufferQueueProducer: [](this:0x7f76cd6000,id:348,api:1,p:-1,c:231) disconnect(P): api 1
04-20 17:08:38.346205   231   289 D SurfaceFlinger: postEvent(231, v/c=36737)
04-20 17:08:38.346405 15705 16040 D OpenGLRenderer: Flushing caches (mode 0)
04-20 17:08:38.352432   964  1747 D AppOps  : noteOperation: allowing code 59 uid 10056 package com.mediatek.mtklogger
04-20 17:08:38.352780   964  1747 D AppOps  : noteOperation: allowing code 60 uid 10056 package com.mediatek.mtklogger
04-20 17:08:38.354133   964  1747 D SettingsInterface:  from settings cache , name = sys_storage_threshold_percentage , value = null
04-20 17:08:38.351221 15705 16086 I MTKLogger/Utils: -->getInternalSdPath()
04-20 17:08:38.357527   964  1747 D SettingsInterface:  from settings cache , name = sys_storage_threshold_max_bytes , value = null
04-20 17:08:38.360379   964  1927 D AppOps  : noteOperation: allowing code 59 uid 10056 package com.mediatek.mtklogger
04-20 17:08:38.360450 15705 16085 D MTKLogger: -->getAvailableStorageSize(), path=/storage/emulated/0, size=11825MB
04-20 17:08:38.360697   964  1927 D AppOps  : noteOperation: allowing code 60 uid 10056 package com.mediatek.mtklogger
04-20 17:08:38.361424   964  1927 D SettingsInterface:  from settings cache , name = sys_storage_threshold_percentage , value = null
04-20 17:08:38.361990   964  1927 D SettingsInterface:  from settings cache , name = sys_storage_threshold_max_bytes , value = null
04-20 17:08:38.363282 15705 16086 I MTKLogger/Utils: /storage/emulated/0 is mounted!
04-20 17:08:38.364871   964   987 V DisplayEventReceiver: call nativeScheduleVsync mReceiverPtr = 548369566784
04-20 17:08:38.365207   231  1039 D SurfaceFlinger: requestNextVsync(964)
04-20 17:08:38.365766 15705 15705 D WindowClient: Remove from mViews: com.android.internal.policy.PhoneWindow$DecorView{6c46a7e V.E...... R....... 0,0-729,203}, this = android.view.WindowManagerGlobal@473a5d6
04-20 17:08:38.369491 15705 16086 I MTKLogger/Utils: Is emulated and volumeInfo.getId() : emulated
04-20 17:08:38.369709 15705 16086 I MTKLogger/Utils: <--getInternalSdPath() : internalPath = /storage/emulated/0
04-20 17:08:38.370053 15705 16086 V MTKLogger: <--getLogPath(), type=internal_sd, string=/storage/emulated/0
04-20 17:08:38.370136 15705 15705 V DisplayEventReceiver: call nativeScheduleVsync mReceiverPtr = 548119844608
04-20 17:08:38.370698   231   313 D SurfaceFlinger: requestNextVsync(15705)
04-20 17:08:38.371455 15705 16087 I MTKLogger/Utils: -->getInternalSdPath()
04-20 17:08:38.376370   964   975 D AppOps  : noteOperation: allowing code 59 uid 10056 package com.mediatek.mtklogger
04-20 17:08:38.376680   964   975 D AppOps  : noteOperation: allowing code 60 uid 10056 package com.mediatek.mtklogger
04-20 17:08:38.377338   964   975 D SettingsInterface:  from settings cache , name = sys_storage_threshold_percentage , value = null
04-20 17:08:38.378300   231   287 D SurfaceFlinger: postEvent(15705, v/c=45343)
04-20 17:08:38.378371   964   975 D SettingsInterface:  from settings cache , name = sys_storage_threshold_max_bytes , value = null
04-20 17:08:38.378394   231   287 D SurfaceFlinger: postEvent(964, v/c=45343)
04-20 17:08:38.379573 15705 15705 V InputMethodManager: onWindowFocus: null softInputMode=32 first=false flags=#1810100
04-20 17:08:38.380404   964   987 V DisplayEventReceiver: call nativeScheduleVsync mReceiverPtr = 548369566784
04-20 17:08:38.380757   231   267 D SurfaceFlinger: requestNextVsync(964)
04-20 17:08:38.381169   231  1738 D SurfaceFlinger: requestNextVsync(231)
04-20 17:08:38.382100 15705 16087 I MTKLogger/Utils: /storage/emulated/0 is mounted!
04-20 17:08:38.384926 15705 16087 I MTKLogger/Utils: Is emulated and volumeInfo.getId() : emulated
04-20 17:08:38.385461 15705 16087 I MTKLogger/Utils: <--getInternalSdPath() : internalPath = /storage/emulated/0
04-20 17:08:38.386797 15705 16087 V MTKLogger: <--getLogPath(), type=internal_sd, string=/storage/emulated/0
04-20 17:08:38.386974 15705 16087 D MTKLogger/MainActivity:  mSDCardPathStr=/storage/emulated/0
04-20 17:08:38.388424 15705 15705 V ViewRootImpl: ViewRoot performTraversals+ : mFirst = false, this = ViewRoot{b490057 com.mediatek.mtklogger/com.mediatek.mtklogger.MainActivity,ident = 0}
04-20 17:08:38.394478   231   289 D SurfaceFlinger: postEvent(231, v/c=36739)
04-20 17:08:38.394481   231   287 D SurfaceFlinger: postEvent(964, v/c=45344)
04-20 17:08:38.399789 15705 15705 V ViewRootImpl: ViewRoot performTraversals and draw- : mResizeBuffer = null, mResizeAlpha = 0, this = ViewRoot{b490057 com.mediatek.mtklogger/com.mediatek.mtklogger.MainActivity,ident = 0} frame#6 (cancelDraw = false)
04-20 17:08:38.401341 15705 15705 D MTKLogger/MainActivity: -->updateUI(), Update UI Start
04-20 17:08:38.402101 15705 15705 V DisplayEventReceiver: call nativeScheduleVsync mReceiverPtr = 548119844608
04-20 17:08:38.402410   231   269 D SurfaceFlinger: requestNextVsync(15705)
04-20 17:08:38.402767  2025  2031 I PerfService: PerfServiceNative_getPackName
04-20 17:08:38.403013   964   987 V DisplayEventReceiver: call nativeScheduleVsync mReceiverPtr = 548369566784
04-20 17:08:38.403358   964  1663 I libPerfService: perfGetLastBoostPid 15705
04-20 17:08:38.403456   231   313 D SurfaceFlinger: requestNextVsync(964)
04-20 17:08:38.403581 15705 15705 I MTKLogger/MainActivity: isAutoTest()-> Monkey running flag is false
04-20 17:08:38.403628   964  1663 D PerfServiceManager: [PerfService] getLastBoostPid 15705 
04-20 17:08:38.403687   231   313 D SurfaceFlinger: requestNextVsync(231)
04-20 17:08:38.403692   964  1663 I libPerfService: perfGetLastBoostPid 15705
04-20 17:08:38.404697 15705 15705 I MTKLogger/MainActivity: isAutoTest()-> isUserAMonkey=false
04-20 17:08:38.406494 15705 15705 V MTKLogger/MainActivity: -->changeWaitingDialog()
04-20 17:08:38.406912 15705 15705 D MTKLogger/MainActivity: -->needStartLogAtBootTime(), needStart=true
04-20 17:08:38.407148 15705 15705 V MTKLogger/MainActivity: isBootComplete(), isComplete = true, isMTKLoggerServiceInited = true, isBootCompletedDone = true, isShutdownNormal = false, isNeedStartLogAtBootTime = true
04-20 17:08:38.407473 15705 15705 D MTKLogger/MTKLoggerService: <--getGlobalRunningStage(), current stage=0
04-20 17:08:38.407624 15705 15705 D MTKLogger/MainActivity: changeWaitingDialog() -> currentRunningStage is 0
04-20 17:08:38.408900   231  1738 D SurfaceFlinger: requestNextVsync(231)
04-20 17:08:38.409022   231  1738 I BufferQueueProducer: [com.mediatek.mtklogger/com.mediatek.mtklogger.MainActivity](this:0x7f76cd2400,id:346,api:1,p:15705,c:231) queueBuffer: fps=1.34 dur=1494.19 max=1216.83 min=277.36
04-20 17:08:38.409222 15705 15705 V MTKLogger/MTKLoggerService: -->isLogRunning(), logType = 16
04-20 17:08:38.409467 15705 15705 D MTKLogger/GPSLog: Is GPS log running ? true
04-20 17:08:38.409543 15705 15705 V MTKLogger/MTKLoggerService: <--isLogRunning()? true
04-20 17:08:38.410762   231   289 D SurfaceFlinger: postEvent(231, v/c=36740)
04-20 17:08:38.410908   231   287 D SurfaceFlinger: postEvent(15705, v/c=45345)
04-20 17:08:38.411013   231   287 D SurfaceFlinger: postEvent(964, v/c=45345)
04-20 17:08:38.412748 15705 15705 V MTKLogger/MTKLoggerService: -->isLogRunning(), logType = 4
04-20 17:08:38.413016 15705 15705 I MTKLogger/LogInstance:  Native log(4) running status=true
04-20 17:08:38.413119 15705 15705 V MTKLogger/MTKLoggerService: <--isLogRunning()? true
04-20 17:08:38.413985   231   231 D GraphicBuffer: free, handle(0x7f7c8c9fa0) (w:203 h:729 s:208 f:0x1 u:0x000b00)
04-20 17:08:38.414141   231   231 I [MALI][Gralloc]: [-]hnd(0x7f7c8c9fa0), client(27), share_fd(73)
04-20 17:08:38.415749 15705 15705 V MTKLogger/MTKLoggerService: -->isLogRunning(), logType = 1
04-20 17:08:38.415989 15705 15705 I MTKLogger/LogInstance:  Native log(1) running status=true
04-20 17:08:38.416081 15705 15705 V MTKLogger/MTKLoggerService: <--isLogRunning()? true
04-20 17:08:38.419788 15705 15705 V MTKLogger/MTKLoggerService: -->isLogRunning(), logType = 2
04-20 17:08:38.420016 15705 15705 I MTKLogger/LogInstance:  Native log(2) running status=true
04-20 17:08:38.420308 15705 15705 D MTKLogger/MultiModemLog/ModemManager: isAnyModemLogConnect ? true
04-20 17:08:38.420459 15705 15705 D MTKLogger/MultiModemLog: Is modm log running ? true
04-20 17:08:38.420539 15705 15705 V MTKLogger/MTKLoggerService: <--isLogRunning()? true
04-20 17:08:38.420923   964   987 V DisplayEventReceiver: call nativeScheduleVsync mReceiverPtr = 548369566784
04-20 17:08:38.421280   231  1039 D SurfaceFlinger: requestNextVsync(964)
04-20 17:08:38.423333 15705 15705 E MTKLogger/MainActivity: timeString : 0:00:00
04-20 17:08:38.426030   231   269 D SurfaceFlinger: requestNextVsync(231)
04-20 17:08:38.427068   231   289 D SurfaceFlinger: postEvent(231, v/c=36741)
04-20 17:08:38.427054 15705 15705 D MTKLogger/MainActivity: Build type is eng
04-20 17:08:38.427190   231   287 D SurfaceFlinger: postEvent(964, v/c=45346)
04-20 17:08:38.430126   964   987 V DisplayEventReceiver: call nativeScheduleVsync mReceiverPtr = 548369566784
04-20 17:08:38.430642   231   267 D SurfaceFlinger: requestNextVsync(964)
04-20 17:08:38.431163   231   267 D SurfaceFlinger: requestNextVsync(231)
04-20 17:08:38.432772 15705 15705 D StrictMode: handleViolation; policy=2621447
04-20 17:08:38.433889 15705 16089 D MTKLogger/MainActivity: Start a new thread to check whether existing any log now.
04-20 17:08:38.437087 15705 15705 V ViewRootImpl: ViewRoot performTraversals+ : mFirst = false, this = ViewRoot{b490057 com.mediatek.mtklogger/com.mediatek.mtklogger.MainActivity,ident = 0}
04-20 17:08:38.443272   231   289 D SurfaceFlinger: postEvent(231, v/c=36742)
04-20 17:08:38.443272   231   287 D SurfaceFlinger: postEvent(964, v/c=45347)
04-20 17:08:38.445452   964   987 V DisplayEventReceiver: call nativeScheduleVsync mReceiverPtr = 548369566784
04-20 17:08:38.445916   231  1738 D SurfaceFlinger: requestNextVsync(964)
04-20 17:08:38.446322   231  1738 D SurfaceFlinger: requestNextVsync(231)
04-20 17:08:38.459511   231   289 D SurfaceFlinger: postEvent(231, v/c=36743)
04-20 17:08:38.459511   231   287 D SurfaceFlinger: postEvent(964, v/c=45348)
04-20 17:08:38.461469   964   987 V DisplayEventReceiver: call nativeScheduleVsync mReceiverPtr = 548369566784
04-20 17:08:38.462299   231   313 D SurfaceFlinger: requestNextVsync(964)
04-20 17:08:38.462625   231   313 D SurfaceFlinger: requestNextVsync(231)
04-20 17:08:38.470053 15705 16089 V MTKLogger/MainActivity: Check whether existing any log finish, result=true
04-20 17:08:38.475734   231   289 D SurfaceFlinger: postEvent(231, v/c=36744)
04-20 17:08:38.475734   231   287 D SurfaceFlinger: postEvent(964, v/c=45349)
04-20 17:08:38.477780   964   987 V DisplayEventReceiver: call nativeScheduleVsync mReceiverPtr = 548369566784
04-20 17:08:38.478319   231  1039 D SurfaceFlinger: requestNextVsync(964)
04-20 17:08:38.478754   231  1039 D SurfaceFlinger: requestNextVsync(231)
04-20 17:08:38.491940   231   289 D SurfaceFlinger: postEvent(231, v/c=36745)
04-20 17:08:38.491941   231   287 D SurfaceFlinger: postEvent(964, v/c=45350)
04-20 17:08:38.494169   964   987 V DisplayEventReceiver: call nativeScheduleVsync mReceiverPtr = 548369566784
04-20 17:08:38.494566   231   269 D SurfaceFlinger: requestNextVsync(964)
04-20 17:08:38.494802   231   313 D SurfaceFlinger: requestNextVsync(231)
04-20 17:08:38.501417 15705 15705 V ViewRootImpl: ViewRoot performTraversals and draw- : mResizeBuffer = null, mResizeAlpha = 0, this = ViewRoot{b490057 com.mediatek.mtklogger/com.mediatek.mtklogger.MainActivity,ident = 0} frame#7 (cancelDraw = false)
04-20 17:08:38.502537 15705 15705 I MTKLogger/MainActivity: Receive check existing log folder done message, result=true
04-20 17:08:38.502939 15705 15705 V MTKLogger/MainActivity: isLogExists=true
04-20 17:08:38.505825 15705 15705 V DisplayEventReceiver: call nativeScheduleVsync mReceiverPtr = 548119844608
04-20 17:08:38.506312   231  1039 D SurfaceFlinger: requestNextVsync(15705)
04-20 17:08:38.508087   231   287 D SurfaceFlinger: postEvent(15705, v/c=45351)
04-20 17:08:38.508081   231   289 D SurfaceFlinger: postEvent(231, v/c=36746)
04-20 17:08:38.508234   231   287 D SurfaceFlinger: postEvent(964, v/c=45351)
04-20 17:08:38.510842   964   987 V DisplayEventReceiver: call nativeScheduleVsync mReceiverPtr = 548369566784
04-20 17:08:38.511821   231   313 D SurfaceFlinger: requestNextVsync(964)
04-20 17:08:38.511973   231   269 D SurfaceFlinger: requestNextVsync(231)
04-20 17:08:38.512134   231   313 D SurfaceFlinger: requestNextVsync(231)
04-20 17:08:38.514405 15705 15705 V ViewRootImpl: ViewRoot performTraversals+ : mFirst = false, this = ViewRoot{b490057 com.mediatek.mtklogger/com.mediatek.mtklogger.MainActivity,ident = 0}
04-20 17:08:38.517116 15705 15705 V ViewRootImpl: ViewRoot performTraversals and draw- : mResizeBuffer = null, mResizeAlpha = 0, this = ViewRoot{b490057 com.mediatek.mtklogger/com.mediatek.mtklogger.MainActivity,ident = 0} frame#8 (cancelDraw = false)
04-20 17:08:38.524285   231   289 D SurfaceFlinger: postEvent(231, v/c=36747)
04-20 17:08:38.524349   231   287 D SurfaceFlinger: postEvent(964, v/c=45352)
04-20 17:08:38.524285   231   269 D SurfaceFlinger: requestNextVsync(231)
04-20 17:08:38.525394   231   231 D SurfaceFlinger: requestNextVsync(231)
04-20 17:08:38.525552   231   231 D SurfaceFlinger: requestNextVsync(231)
04-20 17:08:38.526460   964   987 V DisplayEventReceiver: call nativeScheduleVsync mReceiverPtr = 548369566784
04-20 17:08:38.526897   231  1738 D SurfaceFlinger: requestNextVsync(964)
04-20 17:08:38.527288   231  1738 D SurfaceFlinger: requestNextVsync(231)
04-20 17:08:38.539989   345 16065 I MobileLogD/dupm: dump sys property
04-20 17:08:38.540473   231   287 D SurfaceFlinger: postEvent(964, v/c=45353)
04-20 17:08:38.540475   231   289 D SurfaceFlinger: postEvent(231, v/c=36748)
04-20 17:08:38.542339   964   987 V DisplayEventReceiver: call nativeScheduleVsync mReceiverPtr = 548369566784
04-20 17:08:38.542877   231  1039 D SurfaceFlinger: requestNextVsync(964)
04-20 17:08:38.543133   231  1039 D SurfaceFlinger: requestNextVsync(231)
04-20 17:08:38.544836   345 16065 I MobileLogD/dupm: copydump over
04-20 17:08:38.547117 15705 16086 D MTKLogger/Utils: -->setLogFolderToFileTree()
04-20 17:08:38.547273 15705 16086 D MTKLogger/Utils:  fileList.size = 68 fileTree = /storage/emulated/0/mtklog/running_file_tree.txt
04-20 17:08:38.556665   231   287 D SurfaceFlinger: postEvent(964, v/c=45354)
04-20 17:08:38.556798   231   289 D SurfaceFlinger: postEvent(231, v/c=36749)
04-20 17:08:38.558636   964   987 V DisplayEventReceiver: call nativeScheduleVsync mReceiverPtr = 548369566784
04-20 17:08:38.559006   231   267 D SurfaceFlinger: requestNextVsync(964)
04-20 17:08:38.559200   231  1738 D SurfaceFlinger: requestNextVsync(231)
04-20 17:08:38.563501 15705 16086 D MTKLogger/Utils: <--setLogFolderToFileTree() fileList.size = 68
04-20 17:08:38.572862   231   287 D SurfaceFlinger: postEvent(964, v/c=45355)
04-20 17:08:38.572863   231   289 D SurfaceFlinger: postEvent(231, v/c=36750)
04-20 17:08:38.575008   964   987 V DisplayEventReceiver: call nativeScheduleVsync mReceiverPtr = 548369566784
04-20 17:08:38.575328   231   269 D SurfaceFlinger: requestNextVsync(964)
04-20 17:08:38.575615   231  1039 D SurfaceFlinger: requestNextVsync(231)
04-20 17:08:38.589093   231   287 D SurfaceFlinger: postEvent(964, v/c=45356)
04-20 17:08:38.589275   231   289 D SurfaceFlinger: postEvent(231, v/c=36751)
04-20 17:08:38.590938   964   987 V DisplayEventReceiver: call nativeScheduleVsync mReceiverPtr = 548369566784
04-20 17:08:38.591275   231   313 D SurfaceFlinger: requestNextVsync(964)
04-20 17:08:38.591547   231  1738 D SurfaceFlinger: requestNextVsync(231)
04-20 17:08:38.605253   231   287 D SurfaceFlinger: postEvent(964, v/c=45357)
04-20 17:08:38.605403   231   289 D SurfaceFlinger: postEvent(231, v/c=36752)
04-20 17:08:38.606949   964   987 V DisplayEventReceiver: call nativeScheduleVsync mReceiverPtr = 548369566784
04-20 17:08:38.607292   231   267 D SurfaceFlinger: requestNextVsync(964)
04-20 17:08:38.621991   231   287 D SurfaceFlinger: postEvent(964, v/c=45358)
04-20 17:08:38.624213   231  1039 D SurfaceFlinger: requestNextVsync(231)
04-20 17:08:38.626525   231  1738 D SurfaceFlinger: requestNextVsync(231)
04-20 17:08:38.630611   964   987 V DisplayEventReceiver: call nativeScheduleVsync mReceiverPtr = 548369566784
04-20 17:08:38.630981   231   313 D SurfaceFlinger: requestNextVsync(964)
04-20 17:08:38.638288   231   289 D SurfaceFlinger: postEvent(231, v/c=36754)
04-20 17:08:38.638288   231   287 D SurfaceFlinger: postEvent(964, v/c=45359)
04-20 17:08:38.638741   231   231 I BufferQueueConsumer: [](this:0x7f76cd6000,id:348,api:1,p:-1,c:-1) disconnect(C)
04-20 17:08:38.639349   231   231 I BufferQueue: [](this:0x7f76cd6000,id:348,api:1,p:-1,c:-1) ~BufferQueueCore
04-20 17:08:38.639785   231   231 D GraphicBuffer: free, handle(0x7f7cddf580) (w:203 h:729 s:208 f:0x1 u:0x000b00)
04-20 17:08:38.639925   231   231 I [MALI][Gralloc]: [-]hnd(0x7f7cddf580), client(27), share_fd(71)
04-20 17:08:38.658392   964  1059 D PerfServiceManager: [PerfService] MESSAGE_TIMEOUT:105 
04-20 17:08:38.658798   964  1059 I libPerfService: 5: set: 1
04-20 17:08:38.659049   964  1059 I libPerfService: 5: set freq: 0
04-20 17:08:38.659113   964  1059 I libPerfService: 5: set vcore level: 0
04-20 17:08:38.659803   964  1059 D PerfServiceManager: [PerfService] set utilization:0.8 
04-20 17:08:38.663585   559 16069 D EMDLOGGER1: Copy DB /system/etc/mddb/BPLGUInfoCustomAppSrcP_MT6735_S00_MOLY_LR9_W1444_MD_LWTG_MP_V79_P9_1_lwg_n to /storage/emulated/0/mtklog/mdlog1/MDLog1_2016_0420_170837/BPLGUInfoCustomAppSrcP_MT6735_S00_MOLY_LR9_W1444_MD_LWTG_MP_V79_P9_1_lwg_n
04-20 17:08:38.764148   559 16069 D EMDLOGGER1:  MD DB md2_posfix DbgInfo_LR9.W1444.MD.LWTG.MP_JHZ6735_65T_VF_M_MOLY_LR9_W1444_MD_LWTG_MP_V79_P9_2016_04_06_16_37_1_lwg_n
04-20 17:08:38.997238   559 16069 D EMDLOGGER1: Copy DB /system/etc/mddb/DbgInfo_LR9.W1444.MD.LWTG.MP_JHZ6735_65T_VF_M_MOLY_LR9_W1444_MD_LWTG_MP_V79_P9_2016_04_06_16_37_1_lwg_n to /storage/emulated/0/mtklog/mdlog1/MDLog1_2016_0420_170837/DbgInfo_LR9.W1444.MD.LWTG.MP_JHZ6735_65T_VF_M_MOLY_LR9_W1444_MD_LWTG_MP_V79_P9_2016_04_06_16_37_1_lwg_n
04-20 17:08:39.097811   559 16069 D EMDLOGGER1: Copy DB finished.
04-20 17:08:39.275847 15705 15705 D MTKLogger/LogInstance: -->showLogStatusInNotificationBar(), enable?true, title=MTKLogger , summary=GPS log, Network log, Mobile log, Modem log ., tickerText=GPS log, Network log, Mobile log, Modem log ., icon=2130837539
04-20 17:08:39.285159   360   360 I thermal_repeater: oh, queryMdThermalInfo (0)No such file or directory
04-20 17:08:39.305361   559   574 D EMDLOGGER1: CTRL_reader: incoming SPLM req, msgid=6, token=0, result=0
04-20 17:08:39.305605   559   574 I EMDLOGGER1: [MDLOG] [stats][buf] L1 : data:0x9e last:0x902944; (1, 0x3ec, 0x902944)(3, 0x4a, 0x902944)PS : data:0x436 last:0x902944; L2 : data:0x22 last:0x902944; 
04-20 17:08:39.305943   559   574 D EMDLOGGER1: CTRL_reader: incoming SPLM req, msgid=6, token=0, result=0
04-20 17:08:39.306105   559   574 I EMDLOGGER1: [MDLOG] [stats][mux] MCU : data:0x203c4 last:0x9027c3; DSP : data:0x0 last:0x7d2fa4; 
04-20 17:08:39.313034   360   360 I thermal_repeater: [recvMdThermalInfo] ret=30, strLen=127,  2, 32767, -127, -1, 32767, 18
04-20 17:08:39.319929 15705 15705 I MTKLogger/LogInstance: Give service foreground priority since log is on
04-20 17:08:39.339530   964   981 I memtrack_graphic: graphic_memtrack_get_memory match 4:      ion_mm_heap 1654  6815744   6 ffffffc00ba0f3c0 ffffffc0317b0840.
04-20 17:08:39.339530   964   981 I memtrack_graphic:  : 1654 1654 6815744 6 1135957
04-20 17:08:39.342799   964   964 D AppOps  : noteOperation: allowing code 11 uid 10056 package com.mediatek.mtklogger
04-20 17:08:39.348708   964  1048 V SQLiteStatements: /data/system/notification_log.db: "INSERT INTO log(flags,when_ms,key,event_time_ms,nid,event_type,priority,event_user_id,pkg,action_count) VALUES (98,1461143319335,'0|com.mediatek.mtklogger|2130837539|null|10056',1461143319335,2130837539,1,0,0,'com.mediatek.mtklogger',0)"
04-20 17:08:39.364795  1102 10977 D StatusBar: onNotificationPosted: StatusBarNotification(pkg=com.mediatek.mtklogger user=UserHandle{0} id=2130837539 tag=null score=0 key=0|com.mediatek.mtklogger|2130837539|null|10056: Notification(pri=0 contentView=com.mediatek.mtklogger/0x1090085 vibrate=null sound=null tick defaults=0x0 flags=0x62 color=0x00000000 vis=PRIVATE))
