04-20 17:08:36.894227 15705 15705 V ViewRootImpl: enqueueInputEvent: event = MotionEvent { action=ACTION_MOVE, actionButton=0, id[0]=0, x[0]=389.49286, y[0]=1279.0636, toolType[0]=TOOL_TYPE_FINGER, buttonState=0, metaState=0, flags=0x0, edgeFlags=0x0, pointerCount=1, historySize=2, eventTime=24112023, downTime=24111981, deviceId=1, source=0x1002 },processImmediately = true,mProcessInputEventsScheduled = false, this = ViewRoot{b490057 com.mediatek.mtklogger/com.mediatek.mtklogger.MainActivity,ident = 0}
04-20 17:08:36.896048 15705 15705 V ViewRootImpl: App handle pointer event: event = MotionEvent { action=ACTION_MOVE, actionButton=0, id[0]=0, x[0]=389.49286, y[0]=1279.0636, toolType[0]=TOOL_TYPE_FINGER, buttonState=0, metaState=0, flags=0x0, edgeFlags=0x0, pointerCount=1, historySize=2, eventTime=24112023, downTime=24111981, deviceId=1, source=0x1002 }, mView = com.android.internal.policy.PhoneWindow$DecorView{1ba0090 V.E...... R......D 0,0-768,1306}, this = android.view.ViewRootImpl$ViewPostImeInputStage@381250b
04-20 17:08:36.896639 15705 15705 V ViewRootImpl: finishInputEvent: handled = true,event = MotionEvent { action=ACTION_MOVE, actionButton=0, id[0]=0, x[0]=389.49286, y[0]=1279.0636, toolType[0]=TOOL_TYPE_FINGER, buttonState=0, metaState=0, flags=0x0, edgeFlags=0x0, pointerCount=1, historySize=2, eventTime=24112023, downTime=24111981, deviceId=1, source=0x1002 }, stage = 10: View Post IME stage, this = ViewRoot{b490057 com.mediatek.mtklogger/com.mediatek.mtklogger.MainActivity,ident = 0}
04-20 17:08:36.896996 15705 15705 V DisplayEventReceiver: call nativeScheduleVsync mReceiverPtr = 548119844608
04-20 17:08:36.897353   231  1039 D SurfaceFlinger: requestNextVsync(15705)
04-20 17:08:36.897403 15705 15705 V ViewRootImpl: ViewRoot performTraversals+ : mFirst = false, this = ViewRoot{b490057 com.mediatek.mtklogger/com.mediatek.mtklogger.MainActivity,ident = 0}
04-20 17:08:36.899424 15705 15705 V ViewRootImpl: ViewRoot performTraversals and draw- : mResizeBuffer = null, mResizeAlpha = 0, this = ViewRoot{b490057 com.mediatek.mtklogger/com.mediatek.mtklogger.MainActivity,ident = 0} frame#4 (cancelDraw = false)
04-20 17:08:36.900748   231   269 I BufferQueueProducer: [com.mediatek.mtklogger/com.mediatek.mtklogger.MainActivity](this:0x7f76cd2400,id:346,api:1,p:15705,c:231) new GraphicBuffer needed
04-20 17:08:36.900851   231   269 D GraphicBuffer: free, handle(0x7f7c8c9a00) (w:768 h:1306 s:768 f:0x1 u:0x000900)
04-20 17:08:36.901023   231   269 I [MALI][Gralloc]: [-]hnd(0x7f7c8c9a00), client(27), share_fd(30)
04-20 17:08:36.908207   231   269 I [MALI][Gralloc]: [+]hnd(0x7f7c8c9a00), client(27), share_fd(30), hnd->flags:4
04-20 17:08:36.908313   231   287 D SurfaceFlinger: postEvent(15705, v/c=45267)
04-20 17:08:36.908319   231   269 D GraphicBuffer: alloc, handle(0x7f7c8c9a00) (w:1306 h:768 s:1312 f:0x1 u:0x000b00) err(0)
04-20 17:08:36.909171 15705 15705 V DisplayEventReceiver: call nativeScheduleVsync mReceiverPtr = 548119844608
04-20 17:08:36.909867   231   267 D SurfaceFlinger: requestNextVsync(15705)
04-20 17:08:36.910407 15705 16040 I [MALI][Gralloc]: [+]r_hnd(0x7fad4dc220), client(45), share_fd(57)
04-20 17:08:36.910488 15705 16040 D GraphicBuffer: register, handle(0x7fad4dc220) (w:1306 h:768 s:1312 f:0x1 u:0x000b00)
04-20 17:08:36.914666   231  1738 D SurfaceFlinger: requestNextVsync(231)
04-20 17:08:36.914836   231  1738 I BufferQueueProducer: [com.mediatek.mtklogger/com.mediatek.mtklogger.MainActivity](this:0x7f76cd2400,id:346,api:1,p:15705,c:231) queueBuffer: fps=0.50 dur=6053.20 max=5863.99 min=37.46
04-20 17:08:36.924523   231   289 D SurfaceFlinger: postEvent(231, v/c=36665)
04-20 17:08:36.924523   231   287 D SurfaceFlinger: postEvent(15705, v/c=45268)
04-20 17:08:36.926232 15705 15705 V ViewRootImpl: enqueueInputEvent: event = MotionEvent { action=ACTION_MOVE, actionButton=0, id[0]=0, x[0]=389.49286, y[0]=1279.0636, toolType[0]=TOOL_TYPE_FINGER, buttonState=0, metaState=0, flags=0x0, edgeFlags=0x0, pointerCount=1, historySize=1, eventTime=24112055, downTime=24111981, deviceId=1, source=0x1002 },processImmediately = true,mProcessInputEventsScheduled = false, this = ViewRoot{b490057 com.mediatek.mtklogger/com.mediatek.mtklogger.MainActivity,ident = 0}
04-20 17:08:36.928336 15705 15705 V ViewRootImpl: App handle pointer event: event = MotionEvent { action=ACTION_MOVE, actionButton=0, id[0]=0, x[0]=389.49286, y[0]=1279.0636, toolType[0]=TOOL_TYPE_FINGER, buttonState=0, metaState=0, flags=0x0, edgeFlags=0x0, pointerCount=1, historySize=1, eventTime=24112055, downTime=24111981, deviceId=1, source=0x1002 }, mView = com.android.internal.policy.PhoneWindow$DecorView{1ba0090 V.E...... R....... 0,0-768,1306}, this = android.view.ViewRootImpl$ViewPostImeInputStage@381250b
04-20 17:08:36.928995 15705 15705 V ViewRootImpl: finishInputEvent: handled = true,event = MotionEvent { action=ACTION_MOVE, actionButton=0, id[0]=0, x[0]=389.49286, y[0]=1279.0636, toolType[0]=TOOL_TYPE_FINGER, buttonState=0, metaState=0, flags=0x0, edgeFlags=0x0, pointerCount=1, historySize=1, eventTime=24112055, downTime=24111981, deviceId=1, source=0x1002 }, stage = 10: View Post IME stage, this = ViewRoot{b490057 com.mediatek.mtklogger/com.mediatek.mtklogger.MainActivity,ident = 0}
04-20 17:08:36.929431 15705 15705 V DisplayEventReceiver: call nativeScheduleVsync mReceiverPtr = 548119844608
04-20 17:08:36.929847   231  1039 D SurfaceFlinger: requestNextVsync(15705)
04-20 17:08:36.939255   231   231 I SurfaceFlinger: [Built-in Screen (type:0)] fps:4.298523,dur:6281.23,max:5664.25,min:12.54
04-20 17:08:36.940968   231   287 D SurfaceFlinger: postEvent(15705, v/c=45269)
04-20 17:08:36.942385 15705 15705 V ViewRootImpl: enqueueInputEvent: event = MotionEvent { action=ACTION_MOVE, actionButton=0, id[0]=0, x[0]=389.49286, y[0]=1279.0636, toolType[0]=TOOL_TYPE_FINGER, buttonState=0, metaState=0, flags=0x0, edgeFlags=0x0, pointerCount=1, historySize=1, eventTime=24112066, downTime=24111981, deviceId=1, source=0x1002 },processImmediately = true,mProcessInputEventsScheduled = false, this = ViewRoot{b490057 com.mediatek.mtklogger/com.mediatek.mtklogger.MainActivity,ident = 0}
04-20 17:08:36.942455   964  1007 D InputReader: AP_PROF:AppLaunch_dispatchPtr:Up:24112078, ID:0, Index:-1663943424
04-20 17:08:36.942556   964  1007 I PerfService: PerfServiceNative_boostEnableTimeoutMsAsync:3, 100
04-20 17:08:36.944718 15705 15705 V ViewRootImpl: App handle pointer event: event = MotionEvent { action=ACTION_MOVE, actionButton=0, id[0]=0, x[0]=389.49286, y[0]=1279.0636, toolType[0]=TOOL_TYPE_FINGER, buttonState=0, metaState=0, flags=0x0, edgeFlags=0x0, pointerCount=1, historySize=1, eventTime=24112066, downTime=24111981, deviceId=1, source=0x1002 }, mView = com.android.internal.policy.PhoneWindow$DecorView{1ba0090 V.E...... R....... 0,0-768,1306}, this = android.view.ViewRootImpl$ViewPostImeInputStage@381250b
04-20 17:08:36.945280 15705 15705 V ViewRootImpl: finishInputEvent: handled = true,event = MotionEvent { action=ACTION_MOVE, actionButton=0, id[0]=0, x[0]=389.49286, y[0]=1279.0636, toolType[0]=TOOL_TYPE_FINGER, buttonState=0, metaState=0, flags=0x0, edgeFlags=0x0, pointerCount=1, historySize=1, eventTime=24112066, downTime=24111981, deviceId=1, source=0x1002 }, stage = 10: View Post IME stage, this = ViewRoot{b490057 com.mediatek.mtklogger/com.mediatek.mtklogger.MainActivity,ident = 0}
04-20 17:08:36.946015 15705 15705 V ViewRootImpl: enqueueInputEvent: event = MotionEvent { action=ACTION_UP, actionButton=0, id[0]=0, x[0]=389.49286, y[0]=1279.0636, toolType[0]=TOOL_TYPE_FINGER, buttonState=0, metaState=0, flags=0x0, edgeFlags=0x0, pointerCount=1, historySize=0, eventTime=24112078, downTime=24111981, deviceId=1, source=0x1002 },processImmediately = true,mProcessInputEventsScheduled = false, this = ViewRoot{b490057 com.mediatek.mtklogger/com.mediatek.mtklogger.MainActivity,ident = 0}
04-20 17:08:36.947597 15705 15705 I View    : Touch up dispatch to android.widget.ToggleButton{2a7f4fe VFED..C.. ...P.... 364,0-404,40 #7f0c00b4 app:id/startStopToggleButton}, event = MotionEvent { action=ACTION_UP, actionButton=0, id[0]=0, x[0]=25.492859, y[0]=19.063599, toolType[0]=TOOL_TYPE_FINGER, buttonState=0, metaState=0, flags=0x0, edgeFlags=0x0, pointerCount=1, historySize=0, eventTime=24112078, downTime=24111981, deviceId=1, source=0x1002 }
04-20 17:08:36.948325 15705 15705 V ViewRootImpl: App handle pointer event: event = MotionEvent { action=ACTION_UP, actionButton=0, id[0]=0, x[0]=389.49286, y[0]=1279.0636, toolType[0]=TOOL_TYPE_FINGER, buttonState=0, metaState=0, flags=0x0, edgeFlags=0x0, pointerCount=1, historySize=0, eventTime=24112078, downTime=24111981, deviceId=1, source=0x1002 }, mView = com.android.internal.policy.PhoneWindow$DecorView{1ba0090 V.E...... R....... 0,0-768,1306}, this = android.view.ViewRootImpl$ViewPostImeInputStage@381250b
04-20 17:08:36.948804 15705 15705 V ViewRootImpl: finishInputEvent: handled = true,event = MotionEvent { action=ACTION_UP, actionButton=0, id[0]=0, x[0]=389.49286, y[0]=1279.0636, toolType[0]=TOOL_TYPE_FINGER, buttonState=0, metaState=0, flags=0x0, edgeFlags=0x0, pointerCount=1, historySize=0, eventTime=24112078, downTime=24111981, deviceId=1, source=0x1002 }, stage = 10: View Post IME stage, this = ViewRoot{b490057 com.mediatek.mtklogger/com.mediatek.mtklogger.MainActivity,ident = 0}
04-20 17:08:36.949147 15705 15705 V DisplayEventReceiver: call nativeScheduleVsync mReceiverPtr = 548119844608
04-20 17:08:36.949451   231   269 D SurfaceFlinger: requestNextVsync(15705)
04-20 17:08:36.956973 15705 15705 D MTKLogger/MainActivity: StartStopToggleButton button is clicked!
04-20 17:08:36.957176   231   287 D SurfaceFlinger: postEvent(15705, v/c=45270)
04-20 17:08:36.957193 15705 15705 D MTKLogger/MainActivity: StartStopToggleButton button is checked ? true
04-20 17:08:36.957596 15705 15705 D MTKLogger/MTKLoggerService: -->startRecording(), logTypeCluster=23, reason=from_ui
04-20 17:08:36.957716 15705 15705 I MTKLogger/MTKLoggerService: MTKLoggerService.startRecording() thread name = main
04-20 17:08:36.957835 15705 15705 V MTKLogger/MTKLoggerService: -->isLogRunning(), logType = 16
04-20 17:08:36.958021 15705 15705 D MTKLogger/GPSLog: Is GPS log running ? false
04-20 17:08:36.958101 15705 15705 V MTKLogger/MTKLoggerService: <--isLogRunning()? false
04-20 17:08:36.958199 15705 15705 V MTKLogger/MTKLoggerService: -->isLogRunning(), logType = 4
04-20 17:08:36.958382 15705 15705 I MTKLogger/LogInstance:  Native log(4) running status=false
04-20 17:08:36.958459 15705 15705 V MTKLogger/MTKLoggerService: <--isLogRunning()? false
04-20 17:08:36.958550 15705 15705 V MTKLogger/MTKLoggerService: -->isLogRunning(), logType = 1
04-20 17:08:36.958669 15705 15705 I MTKLogger/LogInstance:  Native log(1) running status=false
04-20 17:08:36.958745 15705 15705 V MTKLogger/MTKLoggerService: <--isLogRunning()? false
04-20 17:08:36.958830 15705 15705 V MTKLogger/MTKLoggerService: -->isLogRunning(), logType = 2
04-20 17:08:36.958949 15705 15705 I MTKLogger/LogInstance:  Native log(2) running status=false
04-20 17:08:36.959085 15705 15705 D MTKLogger/MultiModemLog: Is modm log running ? false
04-20 17:08:36.959162 15705 15705 V MTKLogger/MTKLoggerService: <--isLogRunning()? false
04-20 17:08:36.959253 15705 15705 D MTKLogger/MTKLoggerService: logTypeClusterNeeded = 23
04-20 17:08:36.959582 15705 15705 V MTKLogger/MTKLoggerService: When start recording, for log [16], delay index=4.0
04-20 17:08:36.959822 15705 15705 V MTKLogger/MTKLoggerService: When start recording, for log [4], delay index=2.0
04-20 17:08:36.960028 15705 15705 V MTKLogger/MTKLoggerService: When start recording, for log [1], delay index=0.0
04-20 17:08:36.960253 15705 15705 V MTKLogger/MTKLoggerService: When start recording, for log [2], delay index=1.0
04-20 17:08:36.960345 15705 15727 I MTKLogger/MobileLog: Handle receive message, what=1
04-20 17:08:36.960454 15705 15705 V MTKLogger/MainActivity: -->changeWaitingDialog()
04-20 17:08:36.960529 15705 15727 D MTKLogger/LogInstance: -->getStorageState(), currentLogPathType=internal_sd
04-20 17:08:36.960861 15705 15727 I MTKLogger/Utils: -->getInternalSdPath()
04-20 17:08:36.960922 15705 15705 D MTKLogger/MainActivity: -->needStartLogAtBootTime(), needStart=false
04-20 17:08:36.961080 15705 15705 V MTKLogger/MainActivity: isBootComplete(), isComplete = true, isMTKLoggerServiceInited = true, isBootCompletedDone = true, isShutdownNormal = false, isNeedStartLogAtBootTime = false
04-20 17:08:36.961493 15705 15705 D MTKLogger/MTKLoggerService: <--getGlobalRunningStage(), current stage=1
04-20 17:08:36.961661 15705 15705 D MTKLogger/MainActivity: changeWaitingDialog() -> currentRunningStage is 1
04-20 17:08:36.962013 15705 15705 V MTKLogger/MainActivity: Before show dialog, isFinishingFlag=false
04-20 17:08:36.963667 15705 15705 D Dialog  : show
04-20 17:08:36.964968   964  1844 D AppOps  : noteOperation: allowing code 59 uid 10056 package com.mediatek.mtklogger
04-20 17:08:36.965314   964  1844 D AppOps  : noteOperation: allowing code 60 uid 10056 package com.mediatek.mtklogger
04-20 17:08:36.966119   964  1844 D SettingsInterface:  from settings cache , name = sys_storage_threshold_percentage , value = null
04-20 17:08:36.966775   964  1844 D SettingsInterface:  from settings cache , name = sys_storage_threshold_max_bytes , value = null
04-20 17:08:36.967890 15705 15727 I MTKLogger/Utils: /storage/emulated/0 is mounted!
04-20 17:08:36.968556 15705 15705 D ProgressBar: setMax, old = 100, new = 10000, backtrace = android.widget.ProgressBar.<init>:309 android.widget.ProgressBar.<init>:266 android.widget.ProgressBar.<init>:262 java.lang.reflect.Constructor.newInstance:-2 android.view.LayoutInflater.createView:619 , this = android.widget.ProgressBar{f872a83 V.ED..... ........ 0,0-0,0 #102000d android:id/progress}
04-20 17:08:36.968939 15705 15727 I MTKLogger/Utils: Is emulated and volumeInfo.getId() : emulated
04-20 17:08:36.969075 15705 15727 I MTKLogger/Utils: <--getInternalSdPath() : internalPath = /storage/emulated/0
04-20 17:08:36.969461 15705 15705 D ProgressBar: setProgress, old = 0, new = 0, max = 10000, backtrace = android.widget.ProgressBar.setProgress:1354 android.widget.ProgressBar.<init>:311 android.widget.ProgressBar.<init>:266 android.widget.ProgressBar.<init>:262 java.lang.reflect.Constructor.newInstance:-2 , this = android.widget.ProgressBar{f872a83 V.ED..... ......ID 0,0-0,0 #102000d android:id/progress}
04-20 17:08:36.969521 15705 15727 V MTKLogger: <--getLogPath(), type=internal_sd, string=/storage/emulated/0
04-20 17:08:36.970147 15705 15705 D ProgressBar: setSecondaryProgress, old = 0, new = 0, max = 10000, backtrace = android.widget.ProgressBar.<init>:313 android.widget.ProgressBar.<init>:266 android.widget.ProgressBar.<init>:262 java.lang.reflect.Constructor.newInstance:-2 android.view.LayoutInflater.createView:619 , this = android.widget.ProgressBar{f872a83 V.ED..... ......ID 0,0-0,0 #102000d android:id/progress}
04-20 17:08:36.971804   964  2089 D AppOps  : noteOperation: allowing code 59 uid 10056 package com.mediatek.mtklogger
04-20 17:08:36.972140   964  2089 D AppOps  : noteOperation: allowing code 60 uid 10056 package com.mediatek.mtklogger
04-20 17:08:36.972848   964  2089 D SettingsInterface:  from settings cache , name = sys_storage_threshold_percentage , value = null
04-20 17:08:36.973433   964  2089 D SettingsInterface:  from settings cache , name = sys_storage_threshold_max_bytes , value = null
04-20 17:08:36.974827 15705 15727 I MTKLogger/Utils: -->getInternalSdPath()
04-20 17:08:36.975845   235   542 D MAL-Daemon: URC = (+ECSQ: 44,38,1,-307,-22,1,1,2,32767
04-20 17:08:36.975845   235   542 D MAL-Daemon: )[void* rilproxy_urc_thread(void*), 961]: 
04-20 17:08:36.975933   235   542 I MAL-Daemon: mdfx_event_do_statistic(): [STATISTIC] TID = 542 has used 0 + 516 bytes!!
04-20 17:08:36.975933   235   542 I MAL-Daemon: [mdfx_event_do_statistic, 150]: 
04-20 17:08:36.976061   235   542 W MAL-Daemon: event_get_last_addr(): No data available!!
04-20 17:08:36.976061   235   542 W MAL-Daemon: [event_get_last_addr, 472]: 
04-20 17:08:36.976130   235   542 I MAL-Daemon: mdfx_event_do_statistic(): [STATISTIC] TID = 542 has used 516  -516 bytes!!
04-20 17:08:36.976130   235   542 I MAL-Daemon: [mdfx_event_do_statistic, 150]: 
04-20 17:08:36.976218   235   542 I MAL-Daemon: mdfx_event_do_statistic(): [STATISTIC] TID = 542 has used 0 + 4104 bytes!!
04-20 17:08:36.976218   235   542 I MAL-Daemon: [mdfx_event_do_statistic, 150]: 
04-20 17:08:36.976265   235   538 I MAL-Daemon: mdfx_event_do_statistic(): [STATISTIC] TID = 538 has used 0 + 516 bytes!!
04-20 17:08:36.976265   235   538 I MAL-Daemon: [mdfx_event_do_statistic, 150]: 
04-20 17:08:36.976282   235   542 W MAL-Daemon: event_get_last_addr(): No data available!!
04-20 17:08:36.976282   235   542 W MAL-Daemon: [event_get_last_addr, 472]: 
04-20 17:08:36.976332   235   538 I MAL-Daemon: [RDS-I][RU][rds_ru_task] RCV Event: 104 
04-20 17:08:36.976332   235   538 I MAL-Daemon: [rds_ru_task, 413]: 
04-20 17:08:36.976347   235   542 I MAL-Daemon: mdfx_event_do_statistic(): [STATISTIC] TID = 542 has used 4104  -4104 bytes!!
04-20 17:08:36.976347   235   542 I MAL-Daemon: [mdfx_event_do_statistic, 150]: 
04-20 17:08:36.976388   235   538 I MAL-Daemon: [RDS-I][RDS][rds_ru_urc_hdlr] get URC: +ECSQ: 44,38,1,-307,-22,1,1,2,32767
04-20 17:08:36.976388   235   538 I MAL-Daemon: 
04-20 17:08:36.976388   235   538 I MAL-Daemon: [rds_ru_urc_hdlr, 1148]: 
04-20 17:08:36.976471   235   538 I MAL-Daemon: [RDS-I][RDS][ru_parse_3gppsigval] 3gppsigval #args act<2>
04-20 17:08:36.976471   235   538 I MAL-Daemon: [ru_parse_3gppsigval, 906]: 
04-20 17:08:36.976534   235   538 I MAL-Daemon: [RDS-I][RDS][RU][rds_ru_urc_hdlr] Update 3GPP STATUS rsrp<-77> regstat<6> 
04-20 17:08:36.976534   235   538 I MAL-Daemon: [rds_ru_urc_hdlr, 1258]: 
04-20 17:08:36.976597   235   538 I MAL-Daemon: mdfx_event_do_statistic(): [STATISTIC] TID = 538 has used 516 + 536 bytes!!
04-20 17:08:36.976597   235   538 I MAL-Daemon: [mdfx_event_do_statistic, 150]: 
04-20 17:08:36.976662   235   538 I MAL-Daemon: [RDS-I][RDS][RU][rds_ru_urc_hdlr] ru_check_ctx_ptr<0xf6257a88, 0xf6257a88>
04-20 17:08:36.976662   235   538 I MAL-Daemon: [rds_ru_urc_hdlr, 1263]: 
04-20 17:08:36.976731   235   538 I MAL-Daemon: mdfx_event_do_statistic(): [STATISTIC] TID = 538 has used 1052  -536 bytes!!
04-20 17:08:36.976731   235   538 I MAL-Daemon: [mdfx_event_do_statistic, 150]: 
04-20 17:08:36.976806   235   538 I MAL-Daemon: mdfx_event_do_statistic(): [STATISTIC] TID = 538 has used 516  -516 bytes!!
04-20 17:08:36.976806   235   538 I MAL-Daemon: [mdfx_event_do_statistic, 150]: 
04-20 17:08:36.976878   235   538 I MAL-Daemon: mdfx_event_do_statistic(): [STATISTIC] TID = 538 has used 0 + 536 bytes!!
04-20 17:08:36.976878   235   538 I MAL-Daemon: [mdfx_event_do_statistic, 150]: 
04-20 17:08:36.976935   235   538 I MAL-Daemon: [RDS-I][RU][rds_ru_task] RCV Event: 605 
04-20 17:08:36.976935   235   538 I MAL-Daemon: [rds_ru_task, 413]: 
04-20 17:08:36.976995   235   538 I MAL-Daemon: [RDS-I][RU][EVENT_RU_DM_3GPP_STATUS_IND] i4ltersrp:-77 u43gpp_status:0x6
04-20 17:08:36.976995   235   538 I MAL-Daemon: [rds_ru_3gpp_status_ind, 823]: 
04-20 17:08:36.977085   235   538 E MAL-Daemon: [RDS-E][RU][EVENT_RU_DM_3GPP_STATUS_IND] Invalid u43gpp_status:0x6
04-20 17:08:36.977085   235   538 E MAL-Daemon: [rds_ru_3gpp_status_ind, 851]: 
04-20 17:08:36.977171   235   538 I MAL-Daemon: [RDS-I][RDS][OP][rds_op_check_feature] operator id(0) check feature<0>, curr_opmsk is <1>, sys_opmsk is <0x0001, 1>
04-20 17:08:36.977171   235   538 I MAL-Daemon: [rds_op_check_feature, 173]: 
04-20 17:08:36.977272   235   538 I MAL-Daemon: [RDS-I][RU][rds_ru_ims_vops_update][RDS IMS] IMS VOPS IE is Disabled, update IMS RPL from Ori:(255, 255) New:(255,255)
04-20 17:08:36.977272   235   538 I MAL-Daemon: [rds_ru_ims_vops_update, 2303]: 
04-20 17:08:36.977348   235   538 I MAL-Daemon: [RDS-I][RU][rds_ru_rpl_gen][RDS] Current policy: fgimsolte_en<0>, fgwfc_en<0>, erdspolicy<3>, i4wifirssih<-75>, i4wifirssil<-85>, i4ltersrph<-106>, i4ltersrpl<-116>
04-20 17:08:36.977348   235   538 I MAL-Daemon: [rds_ru_rpl_gen, 2436]: 
04-20 17:08:36.977412   235   538 I MAL-Daemon: [RDS-I][RU][rds_ru_rpl_gen][RDS] current rds ru status: i4wifirssi<-127>, i4ltersrp<-77>, u4active_ran<0> 
04-20 17:08:36.977412   235   538 I MAL-Daemon: [rds_ru_rpl_gen, 2439]: 
04-20 17:08:36.977477   235   538 I MAL-Daemon: [RDS-I][RU][RDS IMS/MMS][rds_ru_rpl_gen] Ori:(255,255)/(255,255) New:(255,255)/(255,255)
04-20 17:08:36.977477   235   538 I MAL-Daemon: [rds_ru_rpl_gen, 2445]: 
04-20 17:08:36.977540   235   538 I MAL-Daemon: mdfx_event_do_statistic(): [STATISTIC] TID = 538 has used 536  -536 bytes!!
04-20 17:08:36.977540   235   538 I MAL-Daemon: [mdfx_event_do_statistic, 150]: 
04-20 17:08:36.977698   235   517 D MAL-Daemon: ati_entity_ati_task_hdl(): AT Cmd Rsp. = "+ECSQ: 44,38,1,-307,-22,1,1,2,32767
04-20 17:08:36.977698   235   517 D MAL-Daemon: "
04-20 17:08:36.977698   235   517 D MAL-Daemon: [ati_entity_atc_task_hdl, 390]: 
04-20 17:08:36.977756   235   517 D MAL-Daemon: ati_entity_ati_task_hdl(): receiving a URC, "+ECSQ: 44,38,1,-307,-22,1,1,2,32767
04-20 17:08:36.977756   235   517 D MAL-Daemon: "!!
04-20 17:08:36.977756   235   517 D MAL-Daemon: [ati_entity_atc_task_hdl, 395]: 
04-20 17:08:36.977879   235   517 I MAL-Daemon: ati_entity_ati_task_hdl(): sening out a ATC or URC "
04-20 17:08:36.977879   235   517 I MAL-Daemon: +ECSQ: 44,38,1,-307,-22,1,1,2,32767
04-20 17:08:36.977879   235   517 I MAL-Daemon: 
04-20 17:08:36.977879   235   517 I MAL-Daemon: " to FD = 10!!
04-20 17:08:36.977879   235   517 I MAL-Daemon: [ati_entity_atc_task_hdl, 499]: 
04-20 17:08:36.978003   235   517 I MAL-Daemon: mdfx_event_do_statistic(): [STATISTIC] TID = 517 has used -1949292  -4104 bytes!!
04-20 17:08:36.978003   235   517 I MAL-Daemon: [mdfx_event_do_statistic, 150]: 
04-20 17:08:36.979897   964  2088 D AppOps  : noteOperation: allowing code 59 uid 10056 package com.mediatek.mtklogger
04-20 17:08:36.980187   964  2088 D AppOps  : noteOperation: allowing code 60 uid 10056 package com.mediatek.mtklogger
04-20 17:08:36.980863   964  2088 D SettingsInterface:  from settings cache , name = sys_storage_threshold_percentage , value = null
04-20 17:08:36.981498   964  2088 D SettingsInterface:  from settings cache , name = sys_storage_threshold_max_bytes , value = null
04-20 17:08:36.982435 15705 15727 I MTKLogger/Utils: /storage/emulated/0 is mounted!
04-20 17:08:36.986179 15705 15727 I MTKLogger/Utils: Is emulated and volumeInfo.getId() : emulated
04-20 17:08:36.986318 15705 15727 I MTKLogger/Utils: <--getInternalSdPath() : internalPath = /storage/emulated/0
04-20 17:08:36.986603 15705 15727 V MTKLogger: <--getLogPath(), type=internal_sd, string=/storage/emulated/0
04-20 17:08:36.987323 15705 15727 D MTKLogger: -->getAvailableStorageSize(), path=/storage/emulated/0, size=11832MB
04-20 17:08:36.987462 15705 15727 D MTKLogger/LogInstance: <--getStorageState(), storage is ready for log capture.
04-20 17:08:36.987913 15705 15727 I MTKLogger/Utils: -->getInternalSdPath()
04-20 17:08:36.990494   964  1927 D AppOps  : noteOperation: allowing code 59 uid 10056 package com.mediatek.mtklogger
04-20 17:08:36.990831   964  1927 D AppOps  : noteOperation: allowing code 60 uid 10056 package com.mediatek.mtklogger
04-20 17:08:36.991495   964  1927 D SettingsInterface:  from settings cache , name = sys_storage_threshold_percentage , value = null
04-20 17:08:36.992023   964  1927 D SettingsInterface:  from settings cache , name = sys_storage_threshold_max_bytes , value = null
04-20 17:08:36.993243 15705 15727 I MTKLogger/Utils: /storage/emulated/0 is mounted!
04-20 17:08:36.994807 15705 15727 I MTKLogger/Utils: Is emulated and volumeInfo.getId() : emulated
04-20 17:08:36.994914 15705 15727 I MTKLogger/Utils: <--getInternalSdPath() : internalPath = /storage/emulated/0
04-20 17:08:36.995166 15705 15727 V MTKLogger: <--getLogPath(), type=internal_sd, string=/storage/emulated/0
04-20 17:08:36.995388 15705 15727 I MTKLogger/LogConnection: -->send cmd: [set_storage_path,/storage/emulated/0] to [mobilelogd]
04-20 17:08:36.995502 15705 15727 D MTKLogger/LogConnection: Command builder success
04-20 17:08:36.996010  1576  1576 D SettingsInterface:  from settings cache , name = multi_sim_voice_call , value = null
04-20 17:08:36.997447   345   475 I MobileLogD: recv set_storage_path,/storage/emulated/0 from 8
04-20 17:08:36.999547   345 16062 I MobileLogD: thread 16062 handle msg
04-20 17:08:36.999654   345 16062 D MobileLogD/lib: write set_storage_path,/storage/emulated/0,1 to client 8 
04-20 17:08:36.999911 15705 15728 V MTKLogger/LogConnection: Response from native byte size=38
04-20 17:08:37.001017   345 16062 D MobileLogD/lib: write to client over
04-20 17:08:37.001830 15705 15728 W art     : Method processed more than once: void com.mediatek.mtklogger.framework.MobileLog$MobileLogConnection.dealWithResponse(byte[], android.os.Handler)
04-20 17:08:37.002084 15705 15728 I MTKLogger/MobileLog: -->dealWithResponse(), resp=set_storage_path,/storage/emulated/0,1
04-20 17:08:37.006111 15705 15727 I MTKLogger/LogConnection: <--send cmd done : [set_storage_path,/storage/emulated/0] to [mobilelogd]
04-20 17:08:37.006262 15705 15727 I MTKLogger/MobileLog: Mobile log initialization reason = from_ui
04-20 17:08:37.006336 15705 15727 W MTKLogger/MobileLog: Start command come from UI, change log auto start to true at the same time
04-20 17:08:37.006413 15705 15727 I MTKLogger/LogConnection: -->send cmd: [deep_start] to [mobilelogd]
04-20 17:08:37.006516 15705 15727 D MTKLogger/LogConnection: Command builder success
04-20 17:08:37.007793   345   475 I MobileLogD: recv deep_start from 8
04-20 17:08:37.009121   345 16063 I MobileLogD: thread 16063 handle msg
04-20 17:08:37.010166   345 16063 I MobileLogD: 'deepstart' mblog
04-20 17:08:37.010292   345 16063 I MobileLogD/lib: create dir /storage/emulated/0/mtklog/mobilelog/APLog_2016_0420_170837/
04-20 17:08:37.017012 15705 15727 I MTKLogger/LogConnection: <--send cmd done : [deep_start] to [mobilelogd]
04-20 17:08:37.017154 15705 15727 D MTKLogger/MobileLog: After sending start command, wait native's resp, not treat it as successfully directly
04-20 17:08:37.017339 15705 15727 I MTKLogger/MobileLog: Handle receive message, what=0
04-20 17:08:37.017436 15705 15727 W MTKLogger/MobileLog: Not supported message: 0
04-20 17:08:37.041992 15705 15705 D WindowClient: Add to mViews: com.android.internal.policy.PhoneWindow$DecorView{6c46a7e V.E...... R.....I. 0,0-0,0}, this = android.view.WindowManagerGlobal@473a5d6
04-20 17:08:37.043620   964  1059 D PerfServiceManager: [PerfService] MESSAGE_TIMEOUT:103 
04-20 17:08:37.044038 15705 16040 D OpenGLRenderer: CanvasContext() 0x7f9e409000
04-20 17:08:37.044469   964  1059 I libPerfService: 3: set: 3
04-20 17:08:37.044717   964  1059 I libPerfService: 3: set freq: 819000
04-20 17:08:37.044775   964  1059 I libPerfService: 3: set vcore level: 0
04-20 17:08:37.045399 15705 15705 D ViewRootImpl: hardware acceleration is enabled, this = ViewRoot{df1c21d ,ident = 2}
04-20 17:08:37.054377 15705 15705 D MTKLogger/MainActivity: Log(16) new auto start value= true, startStopCmdResp=true
04-20 17:08:37.091568 15705 15705 D MTKLogger/MainActivity: Log(4) new auto start value= true, startStopCmdResp=true
04-20 17:08:37.105161 15705 15705 D MTKLogger/MainActivity: Log(1) new auto start value= true, startStopCmdResp=true
04-20 17:08:37.112786   345 16063 I MobileLogD: log dir: /storage/emulated/0/mtklog/mobilelog/APLog_2016_0420_170837/
04-20 17:08:37.116240 15705 15705 D MTKLogger/MainActivity: Log(2) new auto start value= true, startStopCmdResp=true
04-20 17:08:37.119732   345 16063 I MobileLogD/lib: set cur path: /storage/emulated/0/mtklog/mobilelog/APLog_2016_0420_170837/
04-20 17:08:37.126444   345 16065 I MobileLogD/dupm: create thread 16065 do copy dump
04-20 17:08:37.127804   345 16065 I MobileLogD/dupm: change ioprio, default:0,0
04-20 17:08:37.136085 15705 15705 D StrictMode: handleViolation; policy=2621447
04-20 17:08:37.141603 15705 15705 D StrictMode: handleViolation; policy=2621447
04-20 17:08:37.144492   345 16063 E MobileLogD/new: open /dev/scp fail(No such file or directory)
04-20 17:08:37.145532   345 16063 I MobileLogD/new: set main_log rotate size: 22260 KB(prio:5/23)
04-20 17:08:37.146426   345 16063 I MobileLogD/new: set crash_log rotate size: 22260 KB(prio:5/23)
04-20 17:08:37.147375   345 16063 I MobileLogD/new: set sys_log rotate size: 13356 KB(prio:3/23)
04-20 17:08:37.147420 15705 15705 D StrictMode: handleViolation; policy=2621447
04-20 17:08:37.148404   345 16063 I MobileLogD/new: set radio_log rotate size: 13356 KB(prio:3/23)
04-20 17:08:37.149304   345 16063 I MobileLogD/new: set events_log rotate size: 4452 KB(prio:1/23)
04-20 17:08:37.150146   345 16063 I MobileLogD/new: set kernel_log rotate size: 22260 KB(prio:5/23)
04-20 17:08:37.150975   345 16063 I MobileLogD/new: set atf_log rotate size: 4452 KB(prio:1/23)
04-20 17:08:37.153351 15705 15705 D StrictMode: handleViolation; policy=2621447
04-20 17:08:37.159043 15705 15705 D StrictMode: handleViolation; policy=2621447
04-20 17:08:37.164819 15705 15705 D StrictMode: handleViolation; policy=2621447
04-20 17:08:37.170556 15705 15705 D StrictMode: handleViolation; policy=2621447
04-20 17:08:37.176875 15705 15705 D StrictMode: handleViolation; policy=2621447
04-20 17:08:37.182516 15705 15705 D StrictMode: handleViolation; policy=2621447
04-20 17:08:37.182928 15705 15705 D StrictMode: handleViolation; policy=2621447
04-20 17:08:37.184751 15705 15705 V ViewRootImpl: ViewRoot performTraversals+ : mFirst = false, this = ViewRoot{b490057 com.mediatek.mtklogger/com.mediatek.mtklogger.MainActivity,ident = 0}
04-20 17:08:37.187251 15705 15705 V ViewRootImpl: ViewRoot performTraversals and draw- : mResizeBuffer = null, mResizeAlpha = 0, this = ViewRoot{b490057 com.mediatek.mtklogger/com.mediatek.mtklogger.MainActivity,ident = 0} frame#5 (cancelDraw = false)
04-20 17:08:37.187492 15705 15705 V ViewRootImpl: ViewRoot performTraversals+ : mFirst = true, this = ViewRoot{df1c21d ,ident = 2}
04-20 17:08:37.192053   231   267 D SurfaceFlinger: requestNextVsync(231)
04-20 17:08:37.194139 15705 15705 V DisplayEventReceiver: call nativeScheduleVsync mReceiverPtr = 548119844608
04-20 17:08:37.194507   231  1738 D SurfaceFlinger: requestNextVsync(15705)
04-20 17:08:37.207350   231   287 D SurfaceFlinger: postEvent(15705, v/c=45272)
04-20 17:08:37.207434   231   289 D SurfaceFlinger: postEvent(231, v/c=36667)
04-20 17:08:37.213304   231   231 I BufferQueue: [unnamed-231-348](this:0x7f76cd6000,id:348,api:0,p:-1,c:-1) BufferQueue core=(231:/system/bin/surfaceflinger)
04-20 17:08:37.213498   231   231 D BufferQueueDump: [unnamed-231-348] this:0x7f7cde9900, value:0x7fcddd658c, iLen:6
04-20 17:08:37.213700   231   231 I BufferQueueConsumer: [unnamed-231-348](this:0x7f76cd6000,id:348,api:0,p:-1,c:231) connect(C): consumer=(231:/system/bin/surfaceflinger) controlledByApp=false
04-20 17:08:37.213936   231   231 D BufferQueueDump: [unnamed-231-348] this:0x7f7cde9900, value:0x7fcddd65ac, iLen:6
04-20 17:08:37.213997   231   231 I BufferQueueConsumer: [unnamed-231-348](this:0x7f76cd6000,id:348,api:0,p:-1,c:231) setConsumerName: unnamed-231-348
04-20 17:08:37.214056   231   231 D BufferQueueDump: [] this:0x7f7cde9900, value:0x7fcddd661c, iLen:6
04-20 17:08:37.214107   231   231 I BufferQueueConsumer: [](this:0x7f76cd6000,id:348,api:0,p:-1,c:231) setConsumerName: 
04-20 17:08:37.214177   231   231 I BufferQueueConsumer: [](this:0x7f76cd6000,id:348,api:0,p:-1,c:231) setDefaultBufferSize: width=1 height=1
04-20 17:08:37.214288   231   231 D SurfaceFlinger: requestNextVsync(231)
04-20 17:08:37.221938   345 16065 I MobileLogD/dupm: dump /data/misc/mblog/inter_sd_folder
04-20 17:08:37.223691   231   289 D SurfaceFlinger: postEvent(231, v/c=36668)
04-20 17:08:37.223997   231   231 I BufferQueueConsumer: [](this:0x7f76cd6000,id:348,api:0,p:-1,c:231) setDefaultBufferSize: width=729 height=203
04-20 17:08:37.227374   964   987 V DisplayEventReceiver: call nativeScheduleVsync mReceiverPtr = 548369566784
04-20 17:08:37.227713   231  1738 D SurfaceFlinger: requestNextVsync(964)
04-20 17:08:37.234004 15705 15705 D Surface : Surface::allocateBuffers(this=0x7fad52ee00)
04-20 17:08:37.234023 15705 16040 D OpenGLRenderer: CanvasContext() 0x7f9e409000 initialize window=0x7fad52ee10, title=
04-20 17:08:37.234243 15705 16040 D Surface : Surface::connect(this=0x7fad52ee00,api=1)
04-20 17:08:37.234536   231   313 D BufferQueueProducer: [](this:0x7f76cd6000,id:348,api:0,p:-1,c:231) allocateBuffers: allocating from 0 buffers up to 4 buffers
04-20 17:08:37.234804   231   267 I BufferQueueProducer: [](this:0x7f76cd6000,id:348,api:1,p:15705,c:231) connect(P): api=1 producer=(15705:com.mediatek.mtklogger) producerControlledByApp=true
04-20 17:08:37.235087 15705 16040 W libEGL  : [ANDROID_RECORDABLE] format: 1
04-20 17:08:37.235433   231   313 I [MALI][Gralloc]: [+]hnd(0x7f7cdde180), client(27), share_fd(67), hnd->flags:4
04-20 17:08:37.235507   231   313 D GraphicBuffer: alloc, handle(0x7f7cdde180) (w:729 h:203 s:736 f:0x1 u:0x000900) err(0)
04-20 17:08:37.236184 15705 16040 D mali_winsys: new_window_surface returns 0x3000
04-20 17:08:37.236374   231   313 I [MALI][Gralloc]: [+]hnd(0x7f7cddf580), client(27), share_fd(71), hnd->flags:4
04-20 17:08:37.236441   231   313 D GraphicBuffer: alloc, handle(0x7f7cddf580) (w:729 h:203 s:736 f:0x1 u:0x000900) err(0)
04-20 17:08:37.237310   231   313 I [MALI][Gralloc]: [+]hnd(0x7f7c8c9fa0), client(27), share_fd(73), hnd->flags:4
04-20 17:08:37.237371   231   313 D GraphicBuffer: alloc, handle(0x7f7c8c9fa0) (w:729 h:203 s:736 f:0x1 u:0x000900) err(0)
04-20 17:08:37.238208   231   313 I [MALI][Gralloc]: [+]hnd(0x7f7c8ca040), client(27), share_fd(75), hnd->flags:4
04-20 17:08:37.238266   231   313 D GraphicBuffer: alloc, handle(0x7f7c8ca040) (w:729 h:203 s:736 f:0x1 u:0x000900) err(0)
04-20 17:08:37.238409   231   313 D BufferQueueProducer: [](this:0x7f76cd6000,id:348,api:1,p:15705,c:231) allocateBuffers: allocating from 4 buffers up to 4 buffers
04-20 17:08:37.239750   231   287 D SurfaceFlinger: postEvent(964, v/c=45274)
04-20 17:08:37.241524   231   267 D SurfaceFlinger: requestNextVsync(231)
04-20 17:08:37.243393 15705 15705 V ViewRootImpl: ViewRoot performTraversals and draw- : mResizeBuffer = null, mResizeAlpha = 0, this = ViewRoot{df1c21d ,ident = 2} frame#0 (cancelDraw = false)
04-20 17:08:37.246676 15705 15705 V ViewRootImpl: ViewRoot performTraversals+ : mFirst = false, this = ViewRoot{df1c21d ,ident = 2}
04-20 17:08:37.255204 15705 15705 V DisplayEventReceiver: call nativeScheduleVsync mReceiverPtr = 548119844608
04-20 17:08:37.255575   231  1039 D SurfaceFlinger: requestNextVsync(15705)
04-20 17:08:37.256187   231   287 D SurfaceFlinger: postEvent(15705, v/c=45275)
04-20 17:08:37.256331   231   289 D SurfaceFlinger: postEvent(231, v/c=36670)
04-20 17:08:37.261128 15705 15729 I MTKLogger/MultiModemLog: Handle receive message, what=1, msg.arg1=[0]
04-20 17:08:37.261360   231   269 I BufferQueueProducer: [](this:0x7f76cd6000,id:348,api:1,p:15705,c:231) new GraphicBuffer needed
04-20 17:08:37.261433   231   269 D GraphicBuffer: free, handle(0x7f7c8ca040) (w:729 h:203 s:736 f:0x1 u:0x000900)
04-20 17:08:37.261518 15705 15729 D MTKLogger/LogInstance: -->getStorageState(), currentLogPathType=internal_sd
04-20 17:08:37.261538   231   269 I [MALI][Gralloc]: [-]hnd(0x7f7c8ca040), client(27), share_fd(75)
04-20 17:08:37.261699 15705 15729 I MTKLogger/Utils: -->getInternalSdPath()
04-20 17:08:37.262675   231   269 I [MALI][Gralloc]: [+]hnd(0x7f7c8ca040), client(27), share_fd(60), hnd->flags:4
04-20 17:08:37.262798   231   269 D GraphicBuffer: alloc, handle(0x7f7c8ca040) (w:203 h:729 s:208 f:0x1 u:0x000b00) err(0)
04-20 17:08:37.264792 15705 16040 I [MALI][Gralloc]: [+]r_hnd(0x7fad4de160), client(45), share_fd(60)
04-20 17:08:37.264952 15705 16040 D GraphicBuffer: register, handle(0x7fad4de160) (w:203 h:729 s:208 f:0x1 u:0x000b00)
04-20 17:08:37.265420   964  1670 D AppOps  : noteOperation: allowing code 59 uid 10056 package com.mediatek.mtklogger
04-20 17:08:37.265745   964  1670 D AppOps  : noteOperation: allowing code 60 uid 10056 package com.mediatek.mtklogger
04-20 17:08:37.266644   964  1670 D SettingsInterface:  from settings cache , name = sys_storage_threshold_percentage , value = null
04-20 17:08:37.267234   964  1670 D SettingsInterface:  from settings cache , name = sys_storage_threshold_max_bytes , value = null
04-20 17:08:37.268033 15705 15729 I MTKLogger/Utils: /storage/emulated/0 is mounted!
04-20 17:08:37.268943 15705 15729 I MTKLogger/Utils: Is emulated and volumeInfo.getId() : emulated
04-20 17:08:37.269070 15705 15729 I MTKLogger/Utils: <--getInternalSdPath() : internalPath = /storage/emulated/0
04-20 17:08:37.269454 15705 15729 V MTKLogger: <--getLogPath(), type=internal_sd, string=/storage/emulated/0
04-20 17:08:37.271919   964  1844 D AppOps  : noteOperation: allowing code 59 uid 10056 package com.mediatek.mtklogger
04-20 17:08:37.272112   231   313 D SurfaceFlinger: requestNextVsync(231)
04-20 17:08:37.272323   964  1844 D AppOps  : noteOperation: allowing code 60 uid 10056 package com.mediatek.mtklogger
04-20 17:08:37.272732   231   289 D SurfaceFlinger: postEvent(231, v/c=36671)
04-20 17:08:37.273102   964  1844 D SettingsInterface:  from settings cache , name = sys_storage_threshold_percentage , value = null
04-20 17:08:37.273745   964  1844 D SettingsInterface:  from settings cache , name = sys_storage_threshold_max_bytes , value = null
04-20 17:08:37.275961 15705 15705 V ViewRootImpl: ViewRoot performTraversals and draw- : mResizeBuffer = null, mResizeAlpha = 0, this = ViewRoot{df1c21d ,ident = 2} frame#1 (cancelDraw = false)
04-20 17:08:37.276181 15705 15729 I MTKLogger/Utils: -->getInternalSdPath()
04-20 17:08:37.277845 15705 15705 V ViewRootImpl: ViewRoot performTraversals+ : mFirst = false, this = ViewRoot{df1c21d ,ident = 2}
04-20 17:08:37.279770   964  2089 D AppOps  : noteOperation: allowing code 59 uid 10056 package com.mediatek.mtklogger
04-20 17:08:37.280142   964  2089 D AppOps  : noteOperation: allowing code 60 uid 10056 package com.mediatek.mtklogger
04-20 17:08:37.280990   964  2089 D SettingsInterface:  from settings cache , name = sys_storage_threshold_percentage , value = null
04-20 17:08:37.282157   964  2089 D SettingsInterface:  from settings cache , name = sys_storage_threshold_max_bytes , value = null
04-20 17:08:37.282903   964   987 V DisplayEventReceiver: call nativeScheduleVsync mReceiverPtr = 548369566784
04-20 17:08:37.282976 15705 15729 I MTKLogger/Utils: /storage/emulated/0 is mounted!
04-20 17:08:37.283264   231   269 D SurfaceFlinger: requestNextVsync(964)
04-20 17:08:37.284673 15705 15729 I MTKLogger/Utils: Is emulated and volumeInfo.getId() : emulated
04-20 17:08:37.284846 15705 15729 I MTKLogger/Utils: <--getInternalSdPath() : internalPath = /storage/emulated/0
04-20 17:08:37.285196 15705 15729 V MTKLogger: <--getLogPath(), type=internal_sd, string=/storage/emulated/0
04-20 17:08:37.285762 15705 15729 D MTKLogger: -->getAvailableStorageSize(), path=/storage/emulated/0, size=11832MB
04-20 17:08:37.285871 15705 15729 D MTKLogger/LogInstance: <--getStorageState(), storage is ready for log capture.
04-20 17:08:37.286269 15705 15729 I MTKLogger/Utils: -->getInternalSdPath()
04-20 17:08:37.288776   964  2088 D AppOps  : noteOperation: allowing code 59 uid 10056 package com.mediatek.mtklogger
04-20 17:08:37.289028   231   287 D SurfaceFlinger: postEvent(964, v/c=45277)
04-20 17:08:37.289343   964  2088 D AppOps  : noteOperation: allowing code 60 uid 10056 package com.mediatek.mtklogger
04-20 17:08:37.290060   964  2088 D SettingsInterface:  from settings cache , name = sys_storage_threshold_percentage , value = null
04-20 17:08:37.290744   964  2088 D SettingsInterface:  from settings cache , name = sys_storage_threshold_max_bytes , value = null
04-20 17:08:37.292063 15705 15729 I MTKLogger/Utils: /storage/emulated/0 is mounted!
04-20 17:08:37.294435 15705 15729 I MTKLogger/Utils: Is emulated and volumeInfo.getId() : emulated
04-20 17:08:37.294623 15705 15729 I MTKLogger/Utils: <--getInternalSdPath() : internalPath = /storage/emulated/0
04-20 17:08:37.294636   964   987 V DisplayEventReceiver: call nativeScheduleVsync mReceiverPtr = 548369566784
04-20 17:08:37.295578 15705 15729 V MTKLogger: <--getLogPath(), type=internal_sd, string=/storage/emulated/0
04-20 17:08:37.296049 15705 15729 I MTKLogger/LogConnection: -->send cmd: [set_storage_path,/storage/emulated/0] to [com.mediatek.mdlogger.socket1]
04-20 17:08:37.296157 15705 15729 D MTKLogger/LogConnection: Command builder success
04-20 17:08:37.296817   559   576 D EMDLOGGER1: mdlogger select done
04-20 17:08:37.296860   231   267 D SurfaceFlinger: requestNextVsync(964)
04-20 17:08:37.297049   559   576 D EMDLOGGER1: mdlogger begin handle Socket command
04-20 17:08:37.297245   559   576 I EMDLOGGER1: mdlogger receive command set_storage_path,/storage/emulated/0
04-20 17:08:37.297470   231  1039 D SurfaceFlinger: requestNextVsync(231)
04-20 17:08:37.299340   559   576 I EMDLOGGER1: mdlogger send ACK set_storage_path,/storage/emulated/0,1
04-20 17:08:37.299446   559   576 D EMDLOGGER1: mdlogger socket select start
04-20 17:08:37.299699 15705 15731 V MTKLogger/LogConnection: Response from native byte size=38
04-20 17:08:37.301866 15705 15731 W art     : Method processed more than once: void com.mediatek.mtklogger.framework.MultiModemLog$ModemLogConnection.dealWithResponse(byte[], android.os.Handler)
04-20 17:08:37.302272 15705 15731 I MTKLogger/MultiModemLog: -->dealWithResponse(), resp=set_storage_path,/storage/emulated/0,1
04-20 17:08:37.303000 15705 15729 I MTKLogger/LogConnection: <--send cmd done : [set_storage_path,/storage/emulated/0] to [com.mediatek.mdlogger.socket1]
04-20 17:08:37.303495 15705 15729 D MTKLogger/MultiModemLog/ModemManager: <--sendCmd(), cmd=set_storage_path,/storage/emulated/0, result=true
04-20 17:08:37.303690 15705 15729 W MTKLogger/MultiModemLog: Start command come from UI, change log auto start to true at the same time
04-20 17:08:37.303996 15705 15729 D MTKLogger/MultiModemLog: Utils.getModemSize(), 1
04-20 17:08:37.304253 15705 15729 I MTKLogger/LogConnection: -->send cmd: [deep_start,2,2] to [com.mediatek.mdlogger.socket1]
04-20 17:08:37.304544 15705 15729 D MTKLogger/LogConnection: Command builder success
04-20 17:08:37.304806   559   576 D EMDLOGGER1: mdlogger select done
04-20 17:08:37.304945   559   576 D EMDLOGGER1: mdlogger begin handle Socket command
04-20 17:08:37.305090   231   289 D SurfaceFlinger: postEvent(231, v/c=36673)
04-20 17:08:37.305478   231   287 D SurfaceFlinger: postEvent(964, v/c=45278)
04-20 17:08:37.307323   964   987 V DisplayEventReceiver: call nativeScheduleVsync mReceiverPtr = 548369566784
04-20 17:08:37.307356   559   576 I EMDLOGGER1: mdlogger receive command deep_start,2,2
04-20 17:08:37.307491   559   576 D EMDLOGGER1: Handle request: deep start and set auto start.
04-20 17:08:37.307925   231   267 D SurfaceFlinger: requestNextVsync(964)
04-20 17:08:37.308181   231   267 D SurfaceFlinger: requestNextVsync(231)
04-20 17:08:37.308847 15705 15729 I MTKLogger/LogConnection: <--send cmd done : [deep_start,2,2] to [com.mediatek.mdlogger.socket1]
04-20 17:08:37.309240 15705 15729 D MTKLogger/MultiModemLog/ModemManager: <--sendCmd(), cmd=deep_start,2,2, result=true
04-20 17:08:37.309360 15705 15729 D MTKLogger/MultiModemLog: After sending start command, wait native's resp, not treat it as successfully directly
04-20 17:08:37.309495 15705 15729 D MTKLogger/MultiModemLog: StartStopC2KLoggerService isStart ? true
04-20 17:08:37.309590 15705 15729 D MTKLogger/MultiModemLog: The md3 is not support, so it is not support C2KModem!
04-20 17:08:37.309779 15705 15729 I MTKLogger/MultiModemLog: Handle receive message, what=0, msg.arg1=[9]
04-20 17:08:37.309890 15705 15729 W MTKLogger/MultiModemLog: Not supported message: 0
04-20 17:08:37.310640 15705 15705 V DisplayEventReceiver: call nativeScheduleVsync mReceiverPtr = 548119844608
04-20 17:08:37.311039   231   269 D SurfaceFlinger: requestNextVsync(15705)
04-20 17:08:37.315514   231  1738 I BufferQueueProducer: [](this:0x7f76cd6000,id:348,api:1,p:15705,c:231) new GraphicBuffer needed
04-20 17:08:37.315619   231  1738 D GraphicBuffer: free, handle(0x7f7c8c9fa0) (w:729 h:203 s:736 f:0x1 u:0x000900)
04-20 17:08:37.315715   231  1738 I [MALI][Gralloc]: [-]hnd(0x7f7c8c9fa0), client(27), share_fd(73)
04-20 17:08:37.316886   231  1738 I [MALI][Gralloc]: [+]hnd(0x7f7c8c9fa0), client(27), share_fd(73), hnd->flags:4
04-20 17:08:37.316985   231  1738 D GraphicBuffer: alloc, handle(0x7f7c8c9fa0) (w:203 h:729 s:208 f:0x1 u:0x000b00) err(0)
04-20 17:08:37.317729   559   576 D EMDLOGGER1: Set auto start mode: 2
04-20 17:08:37.317816   559   576 I EMDLOGGER1: MDL: START Logging, mode=2
04-20 17:08:37.317866   559   576 D EMDLOGGER1: startMDLogging: no mode change, resume
04-20 17:08:37.317907   559   576 I EMDLOGGER1: MDL: RESUME Logging
04-20 17:08:37.317952   559   576 D EMDLOGGER1: MDCommEngine.resume:start
04-20 17:08:37.318001   559   576 D EMDLOGGER1: LogWriter: Logging is resumed
04-20 17:08:37.318043   559   576 I EMDLOGGER1: init Cather BinPath.
04-20 17:08:37.318402   559   576 D EMDLOGGER1: Normal Mode 0
04-20 17:08:37.318586 15705 16040 I [MALI][Gralloc]: [+]r_hnd(0x7fad4ddf80), client(45), share_fd(61)
04-20 17:08:37.318664 15705 16040 D GraphicBuffer: register, handle(0x7fad4ddf80) (w:203 h:729 s:208 f:0x1 u:0x000b00)
04-20 17:08:37.319032   559   576 I EMDLOGGER1: get sd config path from Log2SD property is internal_sd.
04-20 17:08:37.319095   559   576 D EMDLOGGER1: Get SDSwap internal real Path none
04-20 17:08:37.319668   559   576 D EMDLOGGER1: SD_LOG_ROOT is /storage/emulated/0/mtklog/mdlog1.
04-20 17:08:37.319748   559   576 I EMDLOGGER1: MAL_GetModemSuffix: begin
04-20 17:08:37.319799   559   576 D EMDLOGGER1: CATCHER_FILTER_PATH: /storage/emulated/0/mtklog/mdlog1_config/catcher_filter_1_lwg_n.bin
04-20 17:08:37.319842   559   576 I EMDLOGGER1: Creating compressor thread
04-20 17:08:37.319885   559   576 W EMDLOGGER1: startCompressBufWriterThread: already started!
04-20 17:08:37.319926   559   576 D EMDLOGGER1: Create log file on SD card
04-20 17:08:37.321368   231   287 D SurfaceFlinger: postEvent(15705, v/c=45279)
04-20 17:08:37.321479   231   287 D SurfaceFlinger: postEvent(964, v/c=45279)
04-20 17:08:37.321590   231   289 D SurfaceFlinger: postEvent(231, v/c=36674)
04-20 17:08:37.322147   231   267 D SurfaceFlinger: requestNextVsync(231)
04-20 17:08:37.325006   231   231 I BufferQueueProducer: [FrameBufferSurface_0](this:0x7f7c90e000,id:0,api:1,p:231,c:231) queueBuffer: fps=1.86 dur=6454.68 max=6258.08 min=13.19
04-20 17:08:37.325043   964   987 V DisplayEventReceiver: call nativeScheduleVsync mReceiverPtr = 548369566784
04-20 17:08:37.325598   231  1039 D SurfaceFlinger: requestNextVsync(964)
04-20 17:08:37.325731   231   269 D SurfaceFlinger: requestNextVsync(231)
04-20 17:08:37.327331 15705 15705 V ViewRootImpl: ViewRoot performTraversals and draw- : mResizeBuffer = null, mResizeAlpha = 0, this = ViewRoot{df1c21d ,ident = 2} frame#2 (cancelDraw = false)
04-20 17:08:37.328080   559   576 D EMDLOGGER1: Success to create log folder /storage/emulated/0/mtklog/mdlog1/MDLog1_2016_0420_170837
04-20 17:08:37.328158   559   576 D EMDLOGGER1: Generate log folder tree file, isFolderTrue:1, isNewCreat:0
04-20 17:08:37.329190   559   576 D EMDLOGGER1: File /storage/emulated/0/mtklog/mdlog1/file_tree.txt open.
04-20 17:08:37.329308   559   576 D EMDLOGGER1: Success to write file tree file.
04-20 17:08:37.330633   345 16065 I MobileLogD/dupm: dump /data/misc/mblog/mblog_config
04-20 17:08:37.331198   559   576 D EMDLOGGER1: Move Modem db file to SD folder
04-20 17:08:37.331727   559 16069 D EMDLOGGER1: Copy ExtModem DB start.
04-20 17:08:37.331997   559   576 I EMDLOGGER1: Set name mdl_cp_filter for thread(9d409440)
04-20 17:08:37.332023   559 16069 I EMDLOGGER1: MAL_GetModemSuffix: begin
04-20 17:08:37.332047   559   576 I EMDLOGGER1: Set detach  mdl_cp_filter for thread(9d409440)
04-20 17:08:37.332101   559 16069 D EMDLOGGER1:  MD DB md2_posfix BPLGUInfoCustomAppSrcP_MT6735_S00_MOLY_LR9_W1444_MD_LWTG_MP_V79_P9_1_lwg_n
04-20 17:08:37.332167   559   576 D EMDLOGGER1: Generate version file
04-20 17:08:37.333357 15705 15705 V DisplayEventReceiver: call nativeScheduleVsync mReceiverPtr = 548119844608
04-20 17:08:37.333451   559   576 D EMDLOGGER1: File /storage/emulated/0/mtklog/mdlog1/MDLog1_2016_0420_170837/version_info.txt open.
04-20 17:08:37.333942   231   313 D SurfaceFlinger: requestNextVsync(15705)
04-20 17:08:37.334191 15705 15705 V ViewRootImpl: ViewRoot performTraversals+ : mFirst = false, this = ViewRoot{df1c21d ,ident = 2}
04-20 17:08:37.334503 15705 15705 V ViewRootImpl: ViewRoot performTraversals and draw- : mResizeBuffer = null, mResizeAlpha = 0, this = ViewRoot{df1c21d ,ident = 2} frame#3 (cancelDraw = false)
04-20 17:08:37.334589   559   576 D EMDLOGGER1: MAL_GetModemVersion: 0
04-20 17:08:37.334639   559   576 D EMDLOGGER1: getGsmVersionBaseband(legacy): MD idx is 1
04-20 17:08:37.335008   559   576 D EMDLOGGER1: Modem Version: MOLY.LR9.W1444.MD.LWTG.MP.V79.P9, 2016/04/06 16:37
04-20 17:08:37.335058   559   576 D EMDLOGGER1: Android Version: alps-mp-m0.mp1-V2.39.1_jhz6735.65u.vf.m
04-20 17:08:37.335110   559   576 D EMDLOGGER1: getGsmProjectBaseband: MD idx is 1
04-20 17:08:37.335154   559   576 D EMDLOGGER1: Project Version: JHZ6735_65T_VF_M_HW(LWG_DSDS)
04-20 17:08:37.335402   559   576 D EMDLOGGER1: Success to write version file.
