04-20 17:07:43.232576   964  1747 D TelephonyRegistry: notifyServiceStateForSubscriber Time 20160420T164753Asia/Shanghai(3,110,28800,0,1461142073) mSubId -2 mPhoneId 0  mState 1 1 voice home data home null null null null null null  Unknown Unknown CSS not supported 0 0 RoamInd=-1 DefRoamInd=-1 EmergOnly=true Ril Voice Regist state: 10 Ril Data Regist state: 0 mProprietaryDataRadioTechnology: 0 VoiceRejectCause: -1 DataRejectCause: -1 mCdmaNetWorkMode: 0 IsDataRoamingFromRegistration=false
04-20 17:07:43.234545   964  1747 D TelephonyRegistry: notifyServiceStateForSubscriber Time 20160420T170732Asia/Shanghai(3,110,28800,0,1461143252) mSubId -2 mPhoneId 0  mState 1 1 voice home data home null null null null null null  Unknown Unknown CSS not supported -1 -1 RoamInd=-1 DefRoamInd=-1 EmergOnly=true Ril Voice Regist state: 10 Ril Data Regist state: 0 mProprietaryDataRadioTechnology: 0 VoiceRejectCause: -1 DataRejectCause: -1 mCdmaNetWorkMode: 0 IsDataRoamingFromRegistration=false
04-20 17:07:43.236303   964  1747 D TelephonyRegistry: notifyServiceStateForSubscriber Time 20160420T170735Asia/Shanghai(3,110,28800,0,1461143255) mSubId -2 mPhoneId 0  mState 1 1 voice home data home null null null null null null  Unknown Unknown CSS not supported 0 0 RoamInd=-1 DefRoamInd=-1 EmergOnly=true Ril Voice Regist state: 10 Ril Data Regist state: 0 mProprietaryDataRadioTechnology: 0 VoiceRejectCause: -1 DataRejectCause: -1 mCdmaNetWorkMode: 0 IsDataRoamingFromRegistration=false
04-20 17:07:43.236443   964  1747 D TelephonyRegistry: notifySignalStrengthForSubscriber: ----------------
04-20 17:07:43.237111   964  1747 D SubscriptionManager: [getPhoneId]- return dummy value, subId = -2
04-20 17:07:43.237224   964  1747 D TelephonyRegistry: validatePhoneId: true
04-20 17:07:43.237307   964  1747 D TelephonyRegistry: notifySignalStrengthForSubscriber: valid phoneId=0
04-20 17:07:43.239080  1576  1576 D SubscriptionController: [getPhoneId] asked for default subId=-1
04-20 17:07:43.239407  1576  1576 D SubscriptionController: [getPhoneId]- invalid subId = -1 return = -1
04-20 17:07:43.240235   964  1747 D SubscriptionManager: [getPhoneId]- return dummy value, subId = -2
04-20 17:07:43.240359   964  1747 D TelephonyRegistry: idMatch: rlt=false
04-20 17:07:43.240545   964  1747 D TelephonyRegistry: handleRemoveListLocked: mRemoveList.size()=0
04-20 17:07:43.240813   964  1747 W SignalStrength: SignalStrength get plugin
04-20 17:07:43.241895   964  1747 I use-Rlog/RLOG-GSM: getLTELevel - rsrp:2147483647 snr:2147483647 rsrpIconLevel:-1 snrIconLevel:-1
04-20 17:07:43.242035   964  1747 I use-Rlog/RLOG-GSM: getLTELevel - rssi:99 rssiIconLevel:0
04-20 17:07:43.242100   964  1747 W SignalStrength: SignalStrength get plugin
04-20 17:07:43.242216   964  1747 I use-Rlog/RLOG-GSM:  asu: 14 gsmRscp: -78 out level: 4
04-20 17:07:43.242750   964  1747 D SubscriptionManager: [getPhoneId]- return dummy value, subId = -2
04-20 17:07:43.244215  1576  1576 D SubscriptionController: [getSubId]- sSlotIdxToSubId.size == 0, return DummySubIds slotIdx=0
04-20 17:07:43.244345  1576  1576 D SubscriptionController: getDummySubIds: slotIdx=0 return 2 DummySubIds with each subId=-2
04-20 17:07:43.246501  1576  1576 D GsmSST  : [GsmSST0] handleMessage msg done
04-20 17:07:44.219634   720   736 D RILC    : s_last_wake_timeout_info: 0x7f94583420 reset to NULL
04-20 17:07:44.219770   720   736 D RILC    : userTimerCallback free  p_info: 0x7f94583420
04-20 17:07:44.219893   720   736 D RILC    : userTimerCallback free  p_info->event: 0x7f94583430
04-20 17:07:47.445271   560   560 D RILMUXD : [gsm0710muxd] 3897:main(): Frames received/dropped: 8735/0
04-20 17:07:48.340718   560   706 D RILMUXD : [gsm0710muxd] 1643:gsm0710_base_buffer_get_frame(): Get a complete frame. ch:2, ctrl:239, len:39
04-20 17:07:48.341049   560   706 D RILMUXD : [gsm0710muxd] 2383:extract_frames(): Writing 39 byte frame received on channel 2 to /dev/pts/7
04-20 17:07:48.341367   560   706 D RILMUXD : [gsm0710muxd] 2403:extract_frames(): write() returned. Written 39/39 bytes of frame to /dev/pts/7
04-20 17:07:48.341575   560   706 D RILMUXD : [gsm0710muxd] 2408:extract_frames(): fsync() failed (-1, 22 - Invalid argument)
04-20 17:07:48.344389   720   740 I AT      : AT read end: 39
04-20 17:07:48.344634   720   740 D AT      : AT< +ECSQ: 39,29,1,-325,-40,1,1,2,32767
04-20 17:07:48.344815   720   740 D AT      : RIL_URC_READER Enter processLine:+ECSQ: 39,29,1,-325,-40,1,1,2,32767
04-20 17:07:48.345122   720   740 D RILC    : [MAL_AT] data sent to rild-mal-at is '+ECSQ: 39,29,1,-325,-40,1,1,2,32767'
04-20 17:07:48.345518   720   740 D RILC    : internalRequestTimedCallback malloc p_info: 0x7f945834e0
04-20 17:07:48.345712   720   740 D RILC    : internalRequestTimedCallback malloc p_info->event: 0x7f945834f0
04-20 17:07:48.346071   720   740 D RIL     : Nw URC:+ECSQ: 39,29,1,-325,-40,1,1,2,32767
04-20 17:07:48.346319   720   740 D RIL     : convert3GRssiValue baseband=503 ,isFdd3G=1,isTdd3G=0 ,RSCP_in_qdbm=-325 ,EcN0_in_qdbm=-40
04-20 17:07:48.346536   720   740 D RILC    : callForRilVersion new vendor RIL, version: 10
04-20 17:07:48.346730   720   740 I RILC    : RIL_SOCKET_1 UNSOLICITED: UNSOL_SIGNAL_STRENGTH length:72
04-20 17:07:48.346901   720   740 E RILC    : Send Response to rild-mal
04-20 17:07:48.358957   720   740 E RILC    : Send Response to RIL_SOCKET_1
04-20 17:07:48.360758  1576  1576 D GsmSST  : [GsmSST0] handle EVENT_SIGNAL_STRENGTH_UPDATE
04-20 17:07:48.361297  1576  1576 D GsmSST  : [GsmSST0] onSignalStrengthResult():  LastSignalStrength=SignalStrength: 14 35 -120 -160 -2 0 -1 99 2147483647 -2147483647 2147483647 2147483647 2147483647 gsm|lte 1 -312 -28
04-20 17:07:48.361666  1576  1576 D GsmSST  : [GsmSST0] onSignalStrengthResult():new mSignalStrength=SignalStrength: 14 29 -120 -160 -2 0 -1 99 2147483647 -2147483647 2147483647 2147483647 2147483647 gsm|lte 1 -328 -40
04-20 17:07:48.362137  1576  1576 W SignalStrength: SignalStrength get plugin
04-20 17:07:48.362461  1576  1576 I use-Rlog/RLOG-GSM: getLTELevel - rsrp:2147483647 snr:2147483647 rsrpIconLevel:-1 snrIconLevel:-1
04-20 17:07:48.362720  1576  1576 I use-Rlog/RLOG-GSM: getLTELevel - rssi:99 rssiIconLevel:0
04-20 17:07:48.362952  1576  1576 W SignalStrength: SignalStrength get plugin
04-20 17:07:48.363189  1576  1576 I use-Rlog/RLOG-GSM:  asu: 14 gsmRscp: -82 out level: 4
04-20 17:07:48.363429  1576  1576 D GsmSST  : [GsmSST0] notifySignalStrength: mSignalStrength.getLevel=4
04-20 17:07:48.364980   720   740 I AT      : AT read start
04-20 17:07:48.366273  1576  1576 D SubscriptionController: [getSubId]- sSlotIdxToSubId.size == 0, return DummySubIds slotIdx=0
04-20 17:07:48.366383  1576  1576 D SubscriptionController: getDummySubIds: slotIdx=0 return 2 DummySubIds with each subId=-2
04-20 17:07:48.366527  1576  1576 D DefaultPhoneNotifier: notifySignalStrength: mRegistry=com.android.internal.telephony.ITelephonyRegistry$Stub$Proxy@20f1708 ss=SignalStrength: 14 29 -120 -160 -2 0 -1 99 2147483647 -2147483647 2147483647 2147483647 2147483647 gsm|lte 1 -328 -40 sender=Handler (com.android.internal.telephony.gsm.GSMPhone) {e4ac408}
04-20 17:07:48.368186   964  8871 D TelephonyRegistry: notifySignalStrengthForSubscriber: subId=-2 signalStrength=SignalStrength: 14 29 -120 -160 -2 0 -1 99 2147483647 -2147483647 2147483647 2147483647 2147483647 gsm|lte 1 -328 -40
04-20 17:07:48.368342   964  8871 D TelephonyRegistry: notifySignalStrengthForSubscriber: logSSC.length=5 next=0
04-20 17:07:48.370063   964  8871 D TelephonyRegistry: notifyServiceStateForSubscriber Time 20160420T164236Asia/Shanghai(3,110,28800,0,1461141756) mSubId -2 mPhoneId 0  mState 1 1 voice home data home null null null null null null  Unknown Unknown CSS not supported 0 0 RoamInd=-1 DefRoamInd=-1 EmergOnly=true Ril Voice Regist state: 10 Ril Data Regist state: 0 mProprietaryDataRadioTechnology: 0 VoiceRejectCause: -1 DataRejectCause: -1 mCdmaNetWorkMode: 0 IsDataRoamingFromRegistration=false
04-20 17:07:48.371653   964  8871 D TelephonyRegistry: notifyServiceStateForSubscriber Time 20160420T164753Asia/Shanghai(3,110,28800,0,1461142073) mSubId -2 mPhoneId 0  mState 1 1 voice home data home null null null null null null  Unknown Unknown CSS not supported -1 -1 RoamInd=-1 DefRoamInd=-1 EmergOnly=true Ril Voice Regist state: 10 Ril Data Regist state: 0 mProprietaryDataRadioTechnology: 0 VoiceRejectCause: -1 DataRejectCause: -1 mCdmaNetWorkMode: 0 IsDataRoamingFromRegistration=false
04-20 17:07:48.373218   964  8871 D TelephonyRegistry: notifyServiceStateForSubscriber Time 20160420T164753Asia/Shanghai(3,110,28800,0,1461142073) mSubId -2 mPhoneId 0  mState 1 1 voice home data home null null null null null null  Unknown Unknown CSS not supported 0 0 RoamInd=-1 DefRoamInd=-1 EmergOnly=true Ril Voice Regist state: 10 Ril Data Regist state: 0 mProprietaryDataRadioTechnology: 0 VoiceRejectCause: -1 DataRejectCause: -1 mCdmaNetWorkMode: 0 IsDataRoamingFromRegistration=false
04-20 17:07:48.375587   964  8871 D TelephonyRegistry: notifyServiceStateForSubscriber Time 20160420T170732Asia/Shanghai(3,110,28800,0,1461143252) mSubId -2 mPhoneId 0  mState 1 1 voice home data home null null null null null null  Unknown Unknown CSS not supported -1 -1 RoamInd=-1 DefRoamInd=-1 EmergOnly=true Ril Voice Regist state: 10 Ril Data Regist state: 0 mProprietaryDataRadioTechnology: 0 VoiceRejectCause: -1 DataRejectCause: -1 mCdmaNetWorkMode: 0 IsDataRoamingFromRegistration=false
04-20 17:07:48.377269   964  8871 D TelephonyRegistry: notifyServiceStateForSubscriber Time 20160420T170735Asia/Shanghai(3,110,28800,0,1461143255) mSubId -2 mPhoneId 0  mState 1 1 voice home data home null null null null null null  Unknown Unknown CSS not supported 0 0 RoamInd=-1 DefRoamInd=-1 EmergOnly=true Ril Voice Regist state: 10 Ril Data Regist state: 0 mProprietaryDataRadioTechnology: 0 VoiceRejectCause: -1 DataRejectCause: -1 mCdmaNetWorkMode: 0 IsDataRoamingFromRegistration=false
04-20 17:07:48.377366   964  8871 D TelephonyRegistry: notifySignalStrengthForSubscriber: ----------------
04-20 17:07:48.377632   964  8871 D SubscriptionManager: [getPhoneId]- return dummy value, subId = -2
04-20 17:07:48.377740   964  8871 D TelephonyRegistry: validatePhoneId: true
04-20 17:07:48.377824   964  8871 D TelephonyRegistry: notifySignalStrengthForSubscriber: valid phoneId=0
04-20 17:07:48.379346  1576  1576 D SubscriptionController: [getPhoneId] asked for default subId=-1
04-20 17:07:48.379628  1576  1576 D SubscriptionController: [getPhoneId]- invalid subId = -1 return = -1
04-20 17:07:48.380309   964  8871 D SubscriptionManager: [getPhoneId]- return dummy value, subId = -2
04-20 17:07:48.380422   964  8871 D TelephonyRegistry: idMatch: rlt=false
04-20 17:07:48.380613   964  8871 D TelephonyRegistry: handleRemoveListLocked: mRemoveList.size()=0
04-20 17:07:48.380887   964  8871 W SignalStrength: SignalStrength get plugin
04-20 17:07:48.381135   964  8871 I use-Rlog/RLOG-GSM: getLTELevel - rsrp:2147483647 snr:2147483647 rsrpIconLevel:-1 snrIconLevel:-1
04-20 17:07:48.381239   964  8871 I use-Rlog/RLOG-GSM: getLTELevel - rssi:99 rssiIconLevel:0
04-20 17:07:48.381297   964  8871 W SignalStrength: SignalStrength get plugin
04-20 17:07:48.381417   964  8871 I use-Rlog/RLOG-GSM:  asu: 14 gsmRscp: -82 out level: 4
04-20 17:07:48.381933   964  8871 D SubscriptionManager: [getPhoneId]- return dummy value, subId = -2
04-20 17:07:48.383247  1576  1576 D SubscriptionController: [getSubId]- sSlotIdxToSubId.size == 0, return DummySubIds slotIdx=0
04-20 17:07:48.383362  1576  1576 D SubscriptionController: getDummySubIds: slotIdx=0 return 2 DummySubIds with each subId=-2
04-20 17:07:48.385667  1576  1576 D GsmSST  : [GsmSST0] handleMessage msg done
04-20 17:07:49.137648   720   736 I RILC    : NUMBER:1
04-20 17:07:49.139034   720   736 I RILC    : arg len:14
04-20 17:07:49.140308   720   736 I RILC    : ARGS[0]:THERMAL,0,-1
04-20 17:07:49.140792   720   736 D RILC    : C[locl]> QUERY_MODEM_THERMAL
04-20 17:07:49.141018   720   736 D RILC-MTK: QUERY_MODEM_THERMAL pRI=0x7f9644c3f0 p=0x7f96457500 dispatched to RIL_CMD_PROXY_1
04-20 17:07:49.143121   720   724 I RILC-MTK: RIL_URC_PROXY wakeup
04-20 17:07:49.143353   720   724 I RILC-MTK: RIL_URC_PROXY sleep
04-20 17:07:49.143666   720   726 I RILC-MTK: RIL_CMD_PROXY_2 wakeup
04-20 17:07:49.144060   720   726 I RILC-MTK: RIL_CMD_PROXY_2 sleep
04-20 17:07:49.144403   720   730 I RILC-MTK: RIL_URC2_PROXY wakeup
04-20 17:07:49.144577   720   730 I RILC-MTK: RIL_URC2_PROXY sleep
04-20 17:07:49.144886   720   732 I RILC-MTK: RIL_CMD2_PROXY_2 wakeup
04-20 17:07:49.145056   720   732 I RILC-MTK: RIL_CMD2_PROXY_2 sleep
04-20 17:07:49.145321   720   733 I RILC-MTK: RIL_CMD2_PROXY_1 wakeup
04-20 17:07:49.145491   720   733 I RILC-MTK: RIL_CMD2_PROXY_1 sleep
04-20 17:07:49.145786   720   728 I RILC-MTK: RIL_CMD_PROXY_4 wakeup
04-20 17:07:49.145952   720   728 I RILC-MTK: RIL_CMD_PROXY_4 sleep
04-20 17:07:49.146234   720   731 I RILC-MTK: RIL_CMD2_PROXY_3 wakeup
04-20 17:07:49.146402   720   731 I RILC-MTK: RIL_CMD2_PROXY_3 sleep
04-20 17:07:49.146687   720   729 I RILC-MTK: RIL_ATCI_PROXY wakeup
04-20 17:07:49.146855   720   729 I RILC-MTK: RIL_ATCI_PROXY sleep
04-20 17:07:49.147151   720   734 I RILC-MTK: RIL_CMD2_PROXY_4 wakeup
04-20 17:07:49.147316   720   734 I RILC-MTK: RIL_CMD2_PROXY_4 sleep
04-20 17:07:49.147581   720   735 I RILC-MTK: RIL_ATCI2_PROXY wakeup
04-20 17:07:49.147746   720   735 I RILC-MTK: RIL_ATCI2_PROXY sleep
04-20 17:07:49.148025   720   725 I RILC-MTK: RIL_CMD_PROXY_3 wakeup
04-20 17:07:49.148194   720   725 I RILC-MTK: RIL_CMD_PROXY_3 sleep
04-20 17:07:49.148405   720   727 I RILC-MTK: RIL_CMD_PROXY_1 wakeup
04-20 17:07:49.148580   720   727 D RILC-MTK: proxy id:3, proxyName: RIL_CMD_PROXY_1
04-20 17:07:49.148773   720   727 D RILC-MTK: QUERY_MODEM_THERMAL pRI=0x7f9644c3f0 p=0x7f96457500 execute on RIL_CMD_PROXY_1 using channel 3
04-20 17:07:49.148959   720   727 D RILC    : callOnRequest for new vendor ril
04-20 17:07:49.149135   720   727 D RIL     : onRequest: QUERY_MODEM_THERMAL, datalen = 8
04-20 17:07:49.149297   720   727 D RIL     : radioState:10
04-20 17:07:49.149478   720   727 D RIL     : requestQueryThermal Enter,-1
04-20 17:07:49.149682   720   727 D AT      : getRILChannelCtx subsystem:1, rid:0 channelOffset:0
04-20 17:07:49.149855   720   727 D AT      : AT send on RIL_CMD_READER_3, tid:547975332928
04-20 17:07:49.150018   720   727 D AT      : AT> AT+ETHERMAL
04-20 17:07:49.150174   720   727 I AT      : AT write start
04-20 17:07:49.154872   560   712 D RILMUXD : [gsm0710muxd] 3614:poll_thread(): poll_thread select found
04-20 17:07:49.154939   560   712 D RILMUXD : [gsm0710muxd] 1045:pseudo_device_read(): Enter, LackofAtciChannel=0
04-20 17:07:49.155063   560   712 D RILMUXD : [gsm0710muxd] 657:write_frame(): Sending frame to channel 5
04-20 17:07:49.155182   560   712 D RILMUXD : [gsm0710muxd] 766:write_frame(): Write a frame on channel 5 with length 12
04-20 17:07:49.162799   560   706 D RILMUXD : [gsm0710muxd] 1643:gsm0710_base_buffer_get_frame(): Get a complete frame. ch:5, ctrl:239, len:44
04-20 17:07:49.162871   560   706 D RILMUXD : [gsm0710muxd] 2383:extract_frames(): Writing 44 byte frame received on channel 5 to /dev/pts/10
04-20 17:07:49.162950   560   706 D RILMUXD : [gsm0710muxd] 2403:extract_frames(): write() returned. Written 44/44 bytes of frame to /dev/pts/10
04-20 17:07:49.163135   560   706 D RILMUXD : [gsm0710muxd] 2408:extract_frames(): fsync() failed (-1, 22 - Invalid argument)
04-20 17:07:49.163191   560   706 D RILMUXD : [gsm0710muxd] 1643:gsm0710_base_buffer_get_frame(): Get a complete frame. ch:5, ctrl:239, len:6
04-20 17:07:49.163242   560   706 D RILMUXD : [gsm0710muxd] 2383:extract_frames(): Writing 6 byte frame received on channel 5 to /dev/pts/10
04-20 17:07:49.163300   560   706 D RILMUXD : [gsm0710muxd] 2403:extract_frames(): write() returned. Written 6/6 bytes of frame to /dev/pts/10
04-20 17:07:49.163351   560   706 D RILMUXD : [gsm0710muxd] 2408:extract_frames(): fsync() failed (-1, 22 - Invalid argument)
04-20 17:07:49.163485   720   743 I AT      : AT read end: 50
04-20 17:07:49.163534   720   743 D AT      : AT< +ETHERMAL: 2, 32767, -127, -1, 32767, 18
04-20 17:07:49.163579   720   743 D AT      : RIL_CMD_READER_3 Enter processLine:+ETHERMAL: 2, 32767, -127, -1, 32767, 18
04-20 17:07:49.163627   720   743 D AT      : AT< OK
04-20 17:07:49.163669   720   743 D AT      : RIL_CMD_READER_3 Enter processLine:OK
04-20 17:07:49.163731   720   743 I AT      : AT read start
04-20 17:07:49.164174   720   727 D AT      : response received on RIL_CMD_READER_3, tid:547975332928
04-20 17:07:49.164220   720   727 D RIL     : requestQueryThermal success
04-20 17:07:49.164265   720   727 D RILC    : RequestComplete, RIL_SOCKET_1
04-20 17:07:49.164313   720   727 D RILC    : [THERMAL] local request for THERMAL returned 
04-20 17:07:49.164365   720   727 D RILC    : [THERMAL] s_THERMAL_fd is valid strResult is  2, 32767, -127, -1, 32767, 18
04-20 17:07:49.164450   720   727 D RILC-MTK: proxyLoop free  pRI=0x7f9644c3f0 p=0x7f96457500 
04-20 17:07:49.164501   720   727 D RILC-MTK: proxyLoop free  pRequest=0x7f96452700
04-20 17:07:49.164547   720   727 I RILC-MTK: RIL_CMD_PROXY_1 sleep
04-20 17:07:49.346461   720   736 D RILC    : s_last_wake_timeout_info: 0x7f945834e0 reset to NULL
04-20 17:07:49.346733   720   736 D RILC    : userTimerCallback free  p_info: 0x7f945834e0
04-20 17:07:49.346918   720   736 D RILC    : userTimerCallback free  p_info->event: 0x7f945834f0
04-20 17:07:49.438259   560   706 D RILMUXD : [gsm0710muxd] 1643:gsm0710_base_buffer_get_frame(): Get a complete frame. ch:2, ctrl:239, len:36
04-20 17:07:49.438584   560   706 D RILMUXD : [gsm0710muxd] 2383:extract_frames(): Writing 36 byte frame received on channel 2 to /dev/pts/7
04-20 17:07:49.439405   560   706 D RILMUXD : [gsm0710muxd] 2403:extract_frames(): write() returned. Written 36/36 bytes of frame to /dev/pts/7
04-20 17:07:49.439619   560   706 D RILMUXD : [gsm0710muxd] 2408:extract_frames(): fsync() failed (-1, 22 - Invalid argument)
04-20 17:07:49.439846   560   706 D RILMUXD : [gsm0710muxd] 1643:gsm0710_base_buffer_get_frame(): Get a complete frame. ch:2, ctrl:239, len:42
04-20 17:07:49.440054   560   706 D RILMUXD : [gsm0710muxd] 2383:extract_frames(): Writing 42 byte frame received on channel 2 to /dev/pts/7
04-20 17:07:49.440289   560   706 D RILMUXD : [gsm0710muxd] 2403:extract_frames(): write() returned. Written 42/42 bytes of frame to /dev/pts/7
04-20 17:07:49.440487   560   706 D RILMUXD : [gsm0710muxd] 2408:extract_frames(): fsync() failed (-1, 22 - Invalid argument)
04-20 17:07:49.440702   560   706 D RILMUXD : [gsm0710muxd] 1643:gsm0710_base_buffer_get_frame(): Get a complete frame. ch:2, ctrl:239, len:23
04-20 17:07:49.440908   560   706 D RILMUXD : [gsm0710muxd] 2383:extract_frames(): Writing 23 byte frame received on channel 2 to /dev/pts/7
04-20 17:07:49.441140   560   706 D RILMUXD : [gsm0710muxd] 2403:extract_frames(): write() returned. Written 23/23 bytes of frame to /dev/pts/7
04-20 17:07:49.441340   560   706 D RILMUXD : [gsm0710muxd] 2408:extract_frames(): fsync() failed (-1, 22 - Invalid argument)
04-20 17:07:49.441552   560   706 D RILMUXD : [gsm0710muxd] 1643:gsm0710_base_buffer_get_frame(): Get a complete frame. ch:2, ctrl:239, len:21
04-20 17:07:49.441758   560   706 D RILMUXD : [gsm0710muxd] 2383:extract_frames(): Writing 21 byte frame received on channel 2 to /dev/pts/7
04-20 17:07:49.441998   560   706 D RILMUXD : [gsm0710muxd] 2403:extract_frames(): write() returned. Written 21/21 bytes of frame to /dev/pts/7
04-20 17:07:49.442197   560   706 D RILMUXD : [gsm0710muxd] 2408:extract_frames(): fsync() failed (-1, 22 - Invalid argument)
04-20 17:07:49.445054   720   740 I AT      : AT read end: 122
04-20 17:07:49.445298   720   740 D AT      : AT< +CREG: 0,"A536","0DA03B07",2,0,0
04-20 17:07:49.445482   720   740 D AT      : RIL_URC_READER Enter processLine:+CREG: 0,"A536","0DA03B07",2,0,0
04-20 17:07:49.445805   720   740 D RILC    : [MAL_AT] data sent to rild-mal-at is '+CREG: 0,"A536","0DA03B07",2,0,0'
04-20 17:07:49.446204   720   740 D RILC    : internalRequestTimedCallback malloc p_info: 0x7f94583540
04-20 17:07:49.446397   720   740 D RILC    : internalRequestTimedCallback malloc p_info->event: 0x7f94583550
04-20 17:07:49.446690   720   740 D RIL     : Nw URC:+CREG: 0,"A536","0DA03B07",2,0,0
04-20 17:07:49.446885   720   740 D RIL     : The URC is "A536","0DA03B07",2,0,0
04-20 17:07:49.447071   720   740 D RIL     : convertRegState() uiRegState=0 , uiRet=0 
04-20 17:07:49.452288   720   740 D RIL     : onNetworkStateChanged() , stat=0 , is_cs=1
04-20 17:07:49.452537   720   740 D RIL     : +creg urc <ci>: 228604679
04-20 17:07:49.452731   720   740 D RIL     : bCREGType3Support=1
04-20 17:07:49.452906   720   740 D RIL     : now +creg urc <cause_type>: 0
04-20 17:07:49.453499   720   740 D RIL     : now +creg urc <cause>: 0
04-20 17:07:49.454026   720   740 I RILC    : RIL_SOCKET_1 UNSOLICITED: UNSOL_RESPONSE_VOICE_NETWORK_STATE_CHANGED length:72
04-20 17:07:49.454207   720   740 E RILC    : Send Response to rild-mal
04-20 17:07:49.455617   720   740 E RILC    : Send Response to RIL_SOCKET_1
04-20 17:07:49.457218  1576  1807 V RILJ    : [UNSL]< UNSOL_RESPONSE_VOICE_NETWORK_STATE_CHANGED {0, a536, da03b07, 2, 0} [SUB0]
04-20 17:07:49.458130  1576  1576 D GsmSST  : [GsmSST0] handle EVENT_NETWORK_STATE_CHANGED
04-20 17:07:49.458529  1576  1576 D GsmSST  : [GsmSST0] onNetworkStateChangeResult state:0 lac:42294 cid:228604679 Act:2 cause:0
04-20 17:07:49.458856  1576  1576 I use-Rlog/RLOG-GSM: clear dontUpdateNetworkStateFlag
04-20 17:07:49.459156  1576  1576 D GsmSST  : [GsmSST0] mNewCellLoc Updated, lac:42294 and cid:228604679
04-20 17:07:49.461139  1576  1576 D SubscriptionController: [getSubId]- sSlotIdxToSubId.size == 0, return DummySubIds slotIdx=0
04-20 17:07:49.461435  1576  1576 D SubscriptionController: getDummySubIds: slotIdx=0 return 2 DummySubIds with each subId=-2
04-20 17:07:49.461746  1576  1576 D GsmSST  : [GsmSST0] Invalid subId, return invalid networkType
04-20 17:07:49.462043  1576  1576 D GsmSST  : [GsmSST0] pollState RadioState is RADIO_ON, currentNetworkMode= -1
04-20 17:07:49.462483  1576  1576 D RILJ    : [4847]> OPERATOR [SUB0]
04-20 17:07:49.471934   720   740 D RILC    : s_last_wake_timeout_info: 0x7f94583540, cancel
04-20 17:07:49.472145   720   740 D RILC    : internalRequestTimedCallback malloc p_info: 0x7f945835a0
04-20 17:07:49.472336   720   740 D RILC    : internalRequestTimedCallback malloc p_info->event: 0x7f945835b0
04-20 17:07:49.472653   720   740 D AT      : AT< +CGREG: 0,"A536","0DA03B07",2,"02",0,0
04-20 17:07:49.472834   720   740 D AT      : RIL_URC_READER Enter processLine:+CGREG: 0,"A536","0DA03B07",2,"02",0,0
04-20 17:07:49.473138   720   740 D RILC    : [MAL_AT] data sent to rild-mal-at is '+CGREG: 0,"A536","0DA03B07",2,"02",0,0'
04-20 17:07:49.479488   720   736 D RILC    : Client rild-mal REQUEST: RIL_REQUEST_MAL_PS_RGEGISTRATION_STATE length:96
04-20 17:07:49.479552   720   736 I RILC-MTK: create request 2138: pRequest=0x7f96452760, pRI=0x7f9644c480, p=0x7f96457570, pUCI=0x0
04-20 17:07:49.479599   720   736 D RILC-MTK: RIL_REQUEST_MAL_PS_RGEGISTRATION_STATE pRI=0x7f9644c480 p=0x7f96457570 dispatched to RIL_CMD_PROXY_3
04-20 17:07:49.480229   720   724 I RILC-MTK: RIL_URC_PROXY wakeup
04-20 17:07:49.480276   720   724 I RILC-MTK: RIL_URC_PROXY sleep
04-20 17:07:49.480350   720   726 I RILC-MTK: RIL_CMD_PROXY_2 wakeup
04-20 17:07:49.480391   720   726 I RILC-MTK: RIL_CMD_PROXY_2 sleep
04-20 17:07:49.480462   720   730 I RILC-MTK: RIL_URC2_PROXY wakeup
04-20 17:07:49.480503   720   730 I RILC-MTK: RIL_URC2_PROXY sleep
04-20 17:07:49.480568   720   732 I RILC-MTK: RIL_CMD2_PROXY_2 wakeup
04-20 17:07:49.480610   720   732 I RILC-MTK: RIL_CMD2_PROXY_2 sleep
04-20 17:07:49.480683   720   733 I RILC-MTK: RIL_CMD2_PROXY_1 wakeup
04-20 17:07:49.480725   720   733 I RILC-MTK: RIL_CMD2_PROXY_1 sleep
04-20 17:07:49.480796   720   728 I RILC-MTK: RIL_CMD_PROXY_4 wakeup
04-20 17:07:49.480837   720   728 I RILC-MTK: RIL_CMD_PROXY_4 sleep
04-20 17:07:49.480906   720   731 I RILC-MTK: RIL_CMD2_PROXY_3 wakeup
04-20 17:07:49.480948   720   731 I RILC-MTK: RIL_CMD2_PROXY_3 sleep
04-20 17:07:49.481015   720   729 I RILC-MTK: RIL_ATCI_PROXY wakeup
04-20 17:07:49.481057   720   729 I RILC-MTK: RIL_ATCI_PROXY sleep
04-20 17:07:49.481124   720   734 I RILC-MTK: RIL_CMD2_PROXY_4 wakeup
04-20 17:07:49.481165   720   734 I RILC-MTK: RIL_CMD2_PROXY_4 sleep
04-20 17:07:49.481231   720   735 I RILC-MTK: RIL_ATCI2_PROXY wakeup
04-20 17:07:49.481273   720   735 I RILC-MTK: RIL_ATCI2_PROXY sleep
04-20 17:07:49.481344   720   725 I RILC-MTK: RIL_CMD_PROXY_3 wakeup
04-20 17:07:49.481387   720   725 D RILC-MTK: proxy id:1, proxyName: RIL_CMD_PROXY_3
04-20 17:07:49.481433   720   725 D RILC-MTK: RIL_REQUEST_MAL_PS_RGEGISTRATION_STATE pRI=0x7f9644c480 p=0x7f96457570 execute on RIL_CMD_PROXY_3 using channel 1
04-20 17:07:49.481484   720   725 D RILC    : callOnRequest for new vendor ril
04-20 17:07:49.481529   720   725 D RIL     : onRequest: RIL_REQUEST_MAL_PS_RGEGISTRATION_STATE, datalen = 8
04-20 17:07:49.481569   720   725 D RIL     : radioState:10
04-20 17:07:49.481618   720   725 D RIL     : onMalPsStateChanged: URC is +CGREG: 0,"A536","0DA03B07",2,"02",0,0
04-20 17:07:49.481667   720   725 D RIL     : convertRegState() uiRegState=0 , uiRet=0 
04-20 17:07:49.481709   720   725 D RIL     : onMalPsStateChanged: stat=0
04-20 17:07:49.481798   720   725 I RILC    : RIL_SOCKET_1 UNSOLICITED: UNSOL_RESPONSE_PS_NETWORK_STATE_CHANGED length:16
04-20 17:07:49.481841   720   725 E RILC    : Send Response to rild-mal
04-20 17:07:49.481939   720   725 E RILC    : Send Response to RIL_SOCKET_1
04-20 17:07:49.482034   720   725 D RILC    : s_last_wake_timeout_info: 0x7f945835a0, cancel
04-20 17:07:49.482080   720   725 D RILC    : internalRequestTimedCallback malloc p_info: 0x7f945839c0
04-20 17:07:49.482127   720   725 D RILC    : internalRequestTimedCallback malloc p_info->event: 0x7f945839d0
04-20 17:07:49.482190   720   725 D RILC    : RequestComplete, RIL_SOCKET_1
04-20 17:07:49.482236   720   725 E RILC    : Send Response to rild-mal
04-20 17:07:49.482312   720   725 D RILC-MTK: proxyLoop free  pRI=0x7f9644c480 p=0x7f96457570 
04-20 17:07:49.482358   720   725 D RILC-MTK: proxyLoop free  pRequest=0x7f96452760
04-20 17:07:49.482401   720   725 I RILC-MTK: RIL_CMD_PROXY_3 sleep
04-20 17:07:49.483114  1576  1807 D RILJ    : responseInts numInts=1 [SUB0]
04-20 17:07:49.483190  1576  1807 D RILJ    : responseInts response[0]=0 [SUB0]
04-20 17:07:49.483282  1576  1807 D RILJ    : [UNSL]< UNSOL_RESPONSE_PS_NETWORK_STATE_CHANGED [SUB0]
04-20 17:07:49.483438   720   727 I RILC-MTK: RIL_CMD_PROXY_1 wakeup
04-20 17:07:49.483486   720   727 I RILC-MTK: RIL_CMD_PROXY_1 sleep
04-20 17:07:49.484342   720   740 D RILC    : s_last_wake_timeout_info: 0x7f945839c0, cancel
04-20 17:07:49.484400   720   740 D RILC    : internalRequestTimedCallback malloc p_info: 0x7f94583120
04-20 17:07:49.484449   720   740 D RILC    : internalRequestTimedCallback malloc p_info->event: 0x7f94583130
04-20 17:07:49.484534   720   740 D RIL     : Nw URC:+CGREG: 0,"A536","0DA03B07",2,"02",0,0
04-20 17:07:49.484591   720   740 D RIL     : The URC is "A536","0DA03B07",2,"02",0,0
04-20 17:07:49.484639   720   740 D RIL     : convertRegState() uiRegState=0 , uiRet=0 
04-20 17:07:49.484682   720   740 D RIL     : onNetworkStateChanged() , stat=0 , is_cs=0
04-20 17:07:49.484766   720   740 I RILC    : RIL_SOCKET_1 UNSOLICITED: UNSOL_RESPONSE_PS_NETWORK_STATE_CHANGED length:16
04-20 17:07:49.484811   720   740 E RILC    : Send Response to rild-mal
04-20 17:07:49.492390   720   740 E RILC    : Send Response to RIL_SOCKET_1
04-20 17:07:49.492711  1576  1807 D RILJ    : responseInts numInts=1 [SUB0]
04-20 17:07:49.492778  1576  1807 D RILJ    : responseInts response[0]=0 [SUB0]
04-20 17:07:49.492865  1576  1807 D RILJ    : [UNSL]< UNSOL_RESPONSE_PS_NETWORK_STATE_CHANGED [SUB0]
04-20 17:07:49.493017   720   740 D RILC    : s_last_wake_timeout_info: 0x7f94583120, cancel
04-20 17:07:49.493073   720   740 D RILC    : internalRequestTimedCallback malloc p_info: 0x7f94583780
04-20 17:07:49.493121   720   740 D RILC    : internalRequestTimedCallback malloc p_info->event: 0x7f94583790
04-20 17:07:49.493310   720   740 D AT      : AT< +ESMCI: "46001",1,2
04-20 17:07:49.493356   720   740 D AT      : RIL_URC_READER Enter processLine:+ESMCI: "46001",1,2
04-20 17:07:49.493448   720   740 D RILC    : [MAL_AT] data sent to rild-mal-at is '+ESMCI: "46001",1,2'
04-20 17:07:49.494474   720   740 D RILC    : s_last_wake_timeout_info: 0x7f94583780, cancel
04-20 17:07:49.494523   720   740 D RILC    : internalRequestTimedCallback malloc p_info: 0x7f945837e0
04-20 17:07:49.494568   720   740 D RILC    : internalRequestTimedCallback malloc p_info->event: 0x7f945837f0
04-20 17:07:49.494722   720   740 D RIL     : Nw URC:+ESMCI: "46001",1,2
04-20 17:07:49.494777   720   740 D RIL     : OEM URC:+ESMCI: "46001",1,2
04-20 17:07:49.496553  1576  1576 D RILJ    : [4848]> DATA_REGISTRATION_STATE [SUB0]
04-20 17:07:49.499146   720   736 D RILC    : SOCKET RIL_SOCKET_1 REQUEST: OPERATOR length:8
04-20 17:07:49.499213   720   736 I RILC-MTK: create request 22: pRequest=0x7f964521a0, pRI=0x7f9644c4b0, p=0x7f96456310, pUCI=0x0
04-20 17:07:49.499261   720   736 D RILC-MTK: OPERATOR pRI=0x7f9644c4b0 p=0x7f96456310 dispatched to RIL_CMD_PROXY_3
04-20 17:07:49.499750   720   724 I RILC-MTK: RIL_URC_PROXY wakeup
04-20 17:07:49.499796   720   724 I RILC-MTK: RIL_URC_PROXY sleep
04-20 17:07:49.499860   720   726 I RILC-MTK: RIL_CMD_PROXY_2 wakeup
04-20 17:07:49.499903   720   726 I RILC-MTK: RIL_CMD_PROXY_2 sleep
04-20 17:07:49.499967   720   730 I RILC-MTK: RIL_URC2_PROXY wakeup
04-20 17:07:49.500010   720   730 I RILC-MTK: RIL_URC2_PROXY sleep
04-20 17:07:49.500078   720   732 I RILC-MTK: RIL_CMD2_PROXY_2 wakeup
04-20 17:07:49.500119   720   732 I RILC-MTK: RIL_CMD2_PROXY_2 sleep
04-20 17:07:49.500185   720   733 I RILC-MTK: RIL_CMD2_PROXY_1 wakeup
04-20 17:07:49.500227   720   733 I RILC-MTK: RIL_CMD2_PROXY_1 sleep
04-20 17:07:49.500298   720   728 I RILC-MTK: RIL_CMD_PROXY_4 wakeup
04-20 17:07:49.500339   720   728 I RILC-MTK: RIL_CMD_PROXY_4 sleep
04-20 17:07:49.500406   720   731 I RILC-MTK: RIL_CMD2_PROXY_3 wakeup
04-20 17:07:49.500448   720   731 I RILC-MTK: RIL_CMD2_PROXY_3 sleep
04-20 17:07:49.500514   720   729 I RILC-MTK: RIL_ATCI_PROXY wakeup
04-20 17:07:49.500554   720   729 I RILC-MTK: RIL_ATCI_PROXY sleep
04-20 17:07:49.500622   720   734 I RILC-MTK: RIL_CMD2_PROXY_4 wakeup
04-20 17:07:49.500662   720   734 I RILC-MTK: RIL_CMD2_PROXY_4 sleep
04-20 17:07:49.500735   720   735 I RILC-MTK: RIL_ATCI2_PROXY wakeup
04-20 17:07:49.500776   720   735 I RILC-MTK: RIL_ATCI2_PROXY sleep
04-20 17:07:49.500843   720   725 I RILC-MTK: RIL_CMD_PROXY_3 wakeup
04-20 17:07:49.500889   720   725 D RILC-MTK: proxy id:1, proxyName: RIL_CMD_PROXY_3
04-20 17:07:49.500934   720   725 D RILC-MTK: OPERATOR pRI=0x7f9644c4b0 p=0x7f96456310 execute on RIL_CMD_PROXY_3 using channel 1
04-20 17:07:49.500977   720   725 D RILC    : callOnRequest for new vendor ril
04-20 17:07:49.501023   720   725 D RIL     : onRequest: OPERATOR, datalen = 0
04-20 17:07:49.501064   720   725 D RIL     : radioState:10
04-20 17:07:49.501114   720   725 D AT      : AT send on RIL_CMD_READER_1, tid:547977413696
04-20 17:07:49.501156   720   725 D AT      : AT> AT+COPS?
04-20 17:07:49.501197   720   725 I AT      : AT write start
04-20 17:07:49.501304   720   727 I RILC-MTK: RIL_CMD_PROXY_1 wakeup
04-20 17:07:49.501345   720   727 I RILC-MTK: RIL_CMD_PROXY_1 sleep
04-20 17:07:49.501479   560   710 D RILMUXD : [gsm0710muxd] 3614:poll_thread(): poll_thread select found
04-20 17:07:49.501540   560   710 D RILMUXD : [gsm0710muxd] 1045:pseudo_device_read(): Enter, LackofAtciChannel=0
04-20 17:07:49.501600   560   710 D RILMUXD : [gsm0710muxd] 657:write_frame(): Sending frame to channel 3
04-20 17:07:49.501733   560   710 D RILMUXD : [gsm0710muxd] 766:write_frame(): Write a frame on channel 3 with length 9
04-20 17:07:49.502703  1576  1576 D RILJ    : [4849]> VOICE_REGISTRATION_STATE [SUB0]
04-20 17:07:49.503551   560   706 D RILMUXD : [gsm0710muxd] 1643:gsm0710_base_buffer_get_frame(): Get a complete frame. ch:3, ctrl:239, len:12
04-20 17:07:49.503616   560   706 D RILMUXD : [gsm0710muxd] 2383:extract_frames(): Writing 12 byte frame received on channel 3 to /dev/pts/8
04-20 17:07:49.503700   560   706 D RILMUXD : [gsm0710muxd] 2403:extract_frames(): write() returned. Written 12/12 bytes of frame to /dev/pts/8
04-20 17:07:49.504029   560   706 D RILMUXD : [gsm0710muxd] 2408:extract_frames(): fsync() failed (-1, 22 - Invalid argument)
04-20 17:07:49.504174   560   706 D RILMUXD : [gsm0710muxd] 1643:gsm0710_base_buffer_get_frame(): Get a complete frame. ch:3, ctrl:239, len:6
04-20 17:07:49.504226   560   706 D RILMUXD : [gsm0710muxd] 2383:extract_frames(): Writing 6 byte frame received on channel 3 to /dev/pts/8
04-20 17:07:49.504285   560   706 D RILMUXD : [gsm0710muxd] 2403:extract_frames(): write() returned. Written 6/6 bytes of frame to /dev/pts/8
04-20 17:07:49.504334   560   706 D RILMUXD : [gsm0710muxd] 2408:extract_frames(): fsync() failed (-1, 22 - Invalid argument)
04-20 17:07:49.504469   720   741 I AT      : AT read end: 18
04-20 17:07:49.504520   720   741 D AT      : AT< +COPS: 0
04-20 17:07:49.504564   720   741 D AT      : RIL_CMD_READER_1 Enter processLine:+COPS: 0
04-20 17:07:49.504612   720   741 D AT      : AT< OK
04-20 17:07:49.504653   720   741 D AT      : RIL_CMD_READER_1 Enter processLine:OK
04-20 17:07:49.504718   720   741 I AT      : AT read start
04-20 17:07:49.504804   720   725 D AT      : response received on RIL_CMD_READER_1, tid:547977413696
04-20 17:07:49.504863   720   725 D AT      : AT send on RIL_CMD_READER_1, tid:547977413696
04-20 17:07:49.504904   720   725 D AT      : AT> AT+EOPS?
04-20 17:07:49.504943   720   725 I AT      : AT write start
04-20 17:07:49.505087   560   710 D RILMUXD : [gsm0710muxd] 3614:poll_thread(): poll_thread select found
04-20 17:07:49.505139   560   710 D RILMUXD : [gsm0710muxd] 1045:pseudo_device_read(): Enter, LackofAtciChannel=0
04-20 17:07:49.505194   560   710 D RILMUXD : [gsm0710muxd] 657:write_frame(): Sending frame to channel 3
04-20 17:07:49.505285   560   710 D RILMUXD : [gsm0710muxd] 766:write_frame(): Write a frame on channel 3 with length 9
04-20 17:07:49.505522   720   736 D RILC    : SOCKET RIL_SOCKET_1 REQUEST: DATA_REGISTRATION_STATE length:8
04-20 17:07:49.505584   720   736 I RILC-MTK: create request 21: pRequest=0x7f964521e0, pRI=0x7f9644c5a0, p=0x7f96456380, pUCI=0x0
04-20 17:07:49.505632   720   736 D RILC-MTK: DATA_REGISTRATION_STATE pRI=0x7f9644c5a0 p=0x7f96456380 dispatched to RIL_CMD_PROXY_3
04-20 17:07:49.508830   560   706 D RILMUXD : [gsm0710muxd] 1643:gsm0710_base_buffer_get_frame(): Get a complete frame. ch:3, ctrl:239, len:24
04-20 17:07:49.508896   560   706 D RILMUXD : [gsm0710muxd] 2383:extract_frames(): Writing 24 byte frame received on channel 3 to /dev/pts/8
04-20 17:07:49.508981   560   706 D RILMUXD : [gsm0710muxd] 2403:extract_frames(): write() returned. Written 24/24 bytes of frame to /dev/pts/8
04-20 17:07:49.509033   560   706 D RILMUXD : [gsm0710muxd] 2408:extract_frames(): fsync() failed (-1, 22 - Invalid argument)
04-20 17:07:49.509088   560   706 D RILMUXD : [gsm0710muxd] 1643:gsm0710_base_buffer_get_frame(): Get a complete frame. ch:3, ctrl:239, len:6
04-20 17:07:49.509138   560   706 D RILMUXD : [gsm0710muxd] 2383:extract_frames(): Writing 6 byte frame received on channel 3 to /dev/pts/8
04-20 17:07:49.509200   560   706 D RILMUXD : [gsm0710muxd] 2403:extract_frames(): write() returned. Written 6/6 bytes of frame to /dev/pts/8
04-20 17:07:49.509251   560   706 D RILMUXD : [gsm0710muxd] 2408:extract_frames(): fsync() failed (-1, 22 - Invalid argument)
04-20 17:07:49.509440   720   741 I AT      : AT read end: 30
04-20 17:07:49.509490   720   741 D AT      : AT< +EOPS: 0,2,"46001",0
04-20 17:07:49.509537   720   741 D AT      : RIL_CMD_READER_1 Enter processLine:+EOPS: 0,2,"46001",0
04-20 17:07:49.509589   720   741 D AT      : AT< OK
04-20 17:07:49.509657   720   741 D AT      : RIL_CMD_READER_1 Enter processLine:OK
04-20 17:07:49.509721   720   741 I AT      : AT read start
04-20 17:07:49.509805   720   725 D AT      : response received on RIL_CMD_READER_1, tid:547977413696
04-20 17:07:49.509855   720   725 D RIL     : EOPS Get operator code 46001
04-20 17:07:49.509905   720   725 D RILC    : RequestComplete, RIL_SOCKET_1
04-20 17:07:49.509965   720   725 E RILC    : Send Response to RIL_SOCKET_1
04-20 17:07:49.510077   720   725 D RILC-MTK: proxyLoop free  pRI=0x7f9644c4b0 p=0x7f96456310 
04-20 17:07:49.510123   720   725 D RILC-MTK: proxyLoop free  pRequest=0x7f964521a0
04-20 17:07:49.510421  1576  1807 D RILJ    : [4847]< OPERATOR {46001} [SUB0]
04-20 17:07:49.510863  1576  1576 D RILJ    : [4850]> QUERY_NETWORK_SELECTION_MODE [SUB0]
04-20 17:07:49.514663   720   724 I RILC-MTK: RIL_URC_PROXY wakeup
04-20 17:07:49.514725   720   724 I RILC-MTK: RIL_URC_PROXY sleep
04-20 17:07:49.514800   720   727 I RILC-MTK: RIL_CMD_PROXY_1 wakeup
04-20 17:07:49.514841   720   727 I RILC-MTK: RIL_CMD_PROXY_1 sleep
04-20 17:07:49.514916   720   729 I RILC-MTK: RIL_ATCI_PROXY wakeup
04-20 17:07:49.514960   720   729 I RILC-MTK: RIL_ATCI_PROXY sleep
04-20 17:07:49.515037   720   733 I RILC-MTK: RIL_CMD2_PROXY_1 wakeup
04-20 17:07:49.515080   720   733 I RILC-MTK: RIL_CMD2_PROXY_1 sleep
04-20 17:07:49.515152   720   726 I RILC-MTK: RIL_CMD_PROXY_2 wakeup
04-20 17:07:49.515194   720   726 I RILC-MTK: RIL_CMD_PROXY_2 sleep
04-20 17:07:49.515272   720   734 I RILC-MTK: RIL_CMD2_PROXY_4 wakeup
04-20 17:07:49.515314   720   734 I RILC-MTK: RIL_CMD2_PROXY_4 sleep
04-20 17:07:49.515385   720   731 I RILC-MTK: RIL_CMD2_PROXY_3 wakeup
04-20 17:07:49.515425   720   731 I RILC-MTK: RIL_CMD2_PROXY_3 sleep
04-20 17:07:49.515498   720   730 I RILC-MTK: RIL_URC2_PROXY wakeup
04-20 17:07:49.515541   720   730 I RILC-MTK: RIL_URC2_PROXY sleep
04-20 17:07:49.515617   720   728 I RILC-MTK: RIL_CMD_PROXY_4 wakeup
04-20 17:07:49.515660   720   728 I RILC-MTK: RIL_CMD_PROXY_4 sleep
04-20 17:07:49.515732   720   732 I RILC-MTK: RIL_CMD2_PROXY_2 wakeup
04-20 17:07:49.515773   720   732 I RILC-MTK: RIL_CMD2_PROXY_2 sleep
04-20 17:07:49.515847   720   735 I RILC-MTK: RIL_ATCI2_PROXY wakeup
04-20 17:07:49.515888   720   735 I RILC-MTK: RIL_ATCI2_PROXY sleep
04-20 17:07:49.515951   720   725 D RILC-MTK: proxy id:1, proxyName: RIL_CMD_PROXY_3
04-20 17:07:49.515999   720   725 D RILC-MTK: DATA_REGISTRATION_STATE pRI=0x7f9644c5a0 p=0x7f96456380 execute on RIL_CMD_PROXY_3 using channel 1
04-20 17:07:49.516041   720   725 D RILC    : callOnRequest for new vendor ril
04-20 17:07:49.516088   720   725 D RIL     : onRequest: DATA_REGISTRATION_STATE, datalen = 0
04-20 17:07:49.516134   720   725 D RIL     : radioState:10
04-20 17:07:49.516196   720   725 D AT      : AT send on RIL_CMD_READER_1, tid:547977413696
04-20 17:07:49.516239   720   725 D AT      : AT> AT+CGREG?
04-20 17:07:49.516279   720   725 I AT      : AT write start
04-20 17:07:49.516471   560   710 D RILMUXD : [gsm0710muxd] 3614:poll_thread(): poll_thread select found
04-20 17:07:49.516531   560   710 D RILMUXD : [gsm0710muxd] 1045:pseudo_device_read(): Enter, LackofAtciChannel=0
04-20 17:07:49.516591   560   710 D RILMUXD : [gsm0710muxd] 657:write_frame(): Sending frame to channel 3
04-20 17:07:49.516689   560   710 D RILMUXD : [gsm0710muxd] 766:write_frame(): Write a frame on channel 3 with length 10
04-20 17:07:49.516886   720   736 D RILC    : SOCKET RIL_SOCKET_1 REQUEST: VOICE_REGISTRATION_STATE length:8
04-20 17:07:49.516942   720   736 I RILC-MTK: create request 20: pRequest=0x7f96452220, pRI=0x7f9644c720, p=0x7f96456a80, pUCI=0x0
04-20 17:07:49.516986   720   736 D RILC-MTK: VOICE_REGISTRATION_STATE pRI=0x7f9644c720 p=0x7f96456a80 dispatched to RIL_CMD_PROXY_3
04-20 17:07:49.517552   720   724 I RILC-MTK: RIL_URC_PROXY wakeup
04-20 17:07:49.517601   720   724 I RILC-MTK: RIL_URC_PROXY sleep
04-20 17:07:49.517823   720   727 I RILC-MTK: RIL_CMD_PROXY_1 wakeup
04-20 17:07:49.517866   720   727 I RILC-MTK: RIL_CMD_PROXY_1 sleep
04-20 17:07:49.517930   720   733 I RILC-MTK: RIL_CMD2_PROXY_1 wakeup
04-20 17:07:49.517975   720   733 I RILC-MTK: RIL_CMD2_PROXY_1 sleep
04-20 17:07:49.518045   720   726 I RILC-MTK: RIL_CMD_PROXY_2 wakeup
04-20 17:07:49.518109   720   726 I RILC-MTK: RIL_CMD_PROXY_2 sleep
04-20 17:07:49.518180   720   731 I RILC-MTK: RIL_CMD2_PROXY_3 wakeup
04-20 17:07:49.518220   720   731 I RILC-MTK: RIL_CMD2_PROXY_3 sleep
04-20 17:07:49.518289   720   734 I RILC-MTK: RIL_CMD2_PROXY_4 wakeup
04-20 17:07:49.518335   720   734 I RILC-MTK: RIL_CMD2_PROXY_4 sleep
04-20 17:07:49.518407   720   729 I RILC-MTK: RIL_ATCI_PROXY wakeup
04-20 17:07:49.518448   720   729 I RILC-MTK: RIL_ATCI_PROXY sleep
04-20 17:07:49.518515   720   732 I RILC-MTK: RIL_CMD2_PROXY_2 wakeup
04-20 17:07:49.518559   720   732 I RILC-MTK: RIL_CMD2_PROXY_2 sleep
04-20 17:07:49.518627   720   735 I RILC-MTK: RIL_ATCI2_PROXY wakeup
04-20 17:07:49.518668   720   735 I RILC-MTK: RIL_ATCI2_PROXY sleep
04-20 17:07:49.518734   720   728 I RILC-MTK: RIL_CMD_PROXY_4 wakeup
04-20 17:07:49.518773   720   728 I RILC-MTK: RIL_CMD_PROXY_4 sleep
04-20 17:07:49.518827   720   730 I RILC-MTK: RIL_URC2_PROXY wakeup
04-20 17:07:49.518883   720   730 I RILC-MTK: RIL_URC2_PROXY sleep
04-20 17:07:49.518974   560   706 D RILMUXD : [gsm0710muxd] 1643:gsm0710_base_buffer_get_frame(): Get a complete frame. ch:3, ctrl:239, len:44
04-20 17:07:49.519032   560   706 D RILMUXD : [gsm0710muxd] 2383:extract_frames(): Writing 44 byte frame received on channel 3 to /dev/pts/8
04-20 17:07:49.519113   560   706 D RILMUXD : [gsm0710muxd] 2403:extract_frames(): write() returned. Written 44/44 bytes of frame to /dev/pts/8
04-20 17:07:49.519168   560   706 D RILMUXD : [gsm0710muxd] 2408:extract_frames(): fsync() failed (-1, 22 - Invalid argument)
04-20 17:07:49.519224   560   706 D RILMUXD : [gsm0710muxd] 1643:gsm0710_base_buffer_get_frame(): Get a complete frame. ch:3, ctrl:239, len:6
04-20 17:07:49.519274   560   706 D RILMUXD : [gsm0710muxd] 2383:extract_frames(): Writing 6 byte frame received on channel 3 to /dev/pts/8
04-20 17:07:49.519329   560   706 D RILMUXD : [gsm0710muxd] 2403:extract_frames(): write() returned. Written 6/6 bytes of frame to /dev/pts/8
04-20 17:07:49.519376   560   706 D RILMUXD : [gsm0710muxd] 2408:extract_frames(): fsync() failed (-1, 22 - Invalid argument)
04-20 17:07:49.519493   720   741 I AT      : AT read end: 50
04-20 17:07:49.519540   720   741 D AT      : AT< +CGREG: 3,0,"A536","0DA03B07",2,"02",0,0
04-20 17:07:49.519586   720   741 D AT      : RIL_CMD_READER_1 Enter processLine:+CGREG: 3,0,"A536","0DA03B07",2,"02",0,0
04-20 17:07:49.519632   720   741 D AT      : AT< OK
04-20 17:07:49.519673   720   741 D AT      : RIL_CMD_READER_1 Enter processLine:OK
04-20 17:07:49.519740   720   741 I AT      : AT read start
04-20 17:07:49.519819   720   725 D AT      : response received on RIL_CMD_READER_1, tid:547977413696
04-20 17:07:49.519870   720   725 D RIL     : convertRegState() uiRegState=0 , uiRet=0 
04-20 17:07:49.519910   720   725 D RIL     : dontChangeCgregFormat=0
04-20 17:07:49.519950   720   725 E RIL     : it is short CREG CGREG
04-20 17:07:49.520002   720   725 E RIL     : rid: 0
04-20 17:07:49.520048   720   725 D RIL     : RestrictedStateChanged: 22
04-20 17:07:49.520094   720   725 D RIL     : isSimInserted(): rid: 0, sim_inserted_status: 0
04-20 17:07:49.520136   720   725 D RIL     : isSimInserted(): pivotSim = 1 ,0
04-20 17:07:49.520178   720   725 D RIL     : isSimInserted(): simInserted = 0
04-20 17:07:49.520224   720   725 D RILC    : RequestComplete, RIL_SOCKET_1
04-20 17:07:49.520281   720   725 E RILC    : Send Response to RIL_SOCKET_1
04-20 17:07:49.520386   720   725 D RILC-MTK: proxyLoop free  pRI=0x7f9644c5a0 p=0x7f96456380 
04-20 17:07:49.520436   720   725 D RILC-MTK: proxyLoop free  pRequest=0x7f964521e0
04-20 17:07:49.520484   720   725 D RILC-MTK: proxy id:1, proxyName: RIL_CMD_PROXY_3
04-20 17:07:49.520530   720   725 D RILC-MTK: VOICE_REGISTRATION_STATE pRI=0x7f9644c720 p=0x7f96456a80 execute on RIL_CMD_PROXY_3 using channel 1
04-20 17:07:49.520573   720   725 D RILC    : callOnRequest for new vendor ril
04-20 17:07:49.520616   720   725 D RIL     : onRequest: VOICE_REGISTRATION_STATE, datalen = 0
04-20 17:07:49.520658   720   725 D RIL     : radioState:10
04-20 17:07:49.520706   720   725 D AT      : AT send on RIL_CMD_READER_1, tid:547977413696
04-20 17:07:49.520747   720   725 D AT      : AT> AT+CREG?
04-20 17:07:49.520785   720   725 I AT      : AT write start
04-20 17:07:49.521156  1576  1807 D RILJ    : [4848]< DATA_REGISTRATION_STATE {0, -1, -1, 0} [SUB0]
04-20 17:07:49.521345   560   710 D RILMUXD : [gsm0710muxd] 3614:poll_thread(): poll_thread select found
04-20 17:07:49.521399   560   710 D RILMUXD : [gsm0710muxd] 1045:pseudo_device_read(): Enter, LackofAtciChannel=0
04-20 17:07:49.521459   560   710 D RILMUXD : [gsm0710muxd] 657:write_frame(): Sending frame to channel 3
04-20 17:07:49.521560   560   710 D RILMUXD : [gsm0710muxd] 766:write_frame(): Write a frame on channel 3 with length 9
04-20 17:07:49.522497   560   706 D RILMUXD : [gsm0710muxd] 1643:gsm0710_base_buffer_get_frame(): Get a complete frame. ch:3, ctrl:239, len:38
04-20 17:07:49.522557   560   706 D RILMUXD : [gsm0710muxd] 2383:extract_frames(): Writing 38 byte frame received on channel 3 to /dev/pts/8
04-20 17:07:49.522637   560   706 D RILMUXD : [gsm0710muxd] 2403:extract_frames(): write() returned. Written 38/38 bytes of frame to /dev/pts/8
04-20 17:07:49.522821   560   706 D RILMUXD : [gsm0710muxd] 2408:extract_frames(): fsync() failed (-1, 22 - Invalid argument)
04-20 17:07:49.522876   560   706 D RILMUXD : [gsm0710muxd] 1643:gsm0710_base_buffer_get_frame(): Get a complete frame. ch:3, ctrl:239, len:6
04-20 17:07:49.522925   560   706 D RILMUXD : [gsm0710muxd] 2383:extract_frames(): Writing 6 byte frame received on channel 3 to /dev/pts/8
04-20 17:07:49.522981   560   706 D RILMUXD : [gsm0710muxd] 2403:extract_frames(): write() returned. Written 6/6 bytes of frame to /dev/pts/8
04-20 17:07:49.523037   560   706 D RILMUXD : [gsm0710muxd] 2408:extract_frames(): fsync() failed (-1, 22 - Invalid argument)
04-20 17:07:49.523155   720   741 I AT      : AT read end: 44
04-20 17:07:49.523205   720   741 D AT      : AT< +CREG: 3,0,"A536","0DA03B07",2,0,0
04-20 17:07:49.523250   720   741 D AT      : RIL_CMD_READER_1 Enter processLine:+CREG: 3,0,"A536","0DA03B07",2,0,0
04-20 17:07:49.523299   720   741 D AT      : AT< OK
04-20 17:07:49.523344   720   741 D AT      : RIL_CMD_READER_1 Enter processLine:OK
04-20 17:07:49.523409   720   741 I AT      : AT read start
04-20 17:07:49.523487   720   725 D AT      : response received on RIL_CMD_READER_1, tid:547977413696
04-20 17:07:49.523538   720   725 D RIL     : convertRegState() uiRegState=0 , uiRet=0 
04-20 17:07:49.523578   720   725 D RIL     : dontChangeFormat=0
04-20 17:07:49.523626   720   725 E RIL     : it is short CREG CGREG
04-20 17:07:49.523676   720   725 E RIL     : rid: 0
04-20 17:07:49.523719   720   725 D RIL     : RestrictedStateChanged: 22
04-20 17:07:49.523945   720   725 D RIL     : isSimInserted(): rid: 0, sim_inserted_status: 0
04-20 17:07:49.523990   720   725 D RIL     : isSimInserted(): pivotSim = 1 ,0
04-20 17:07:49.524036   720   725 D RIL     : isSimInserted(): simInserted = 0
04-20 17:07:49.524080   720   725 D RIL     : convertToRilRegState() uiRegState=0 , uiRet=10 
04-20 17:07:49.524126   720   725 D RILC    : RequestComplete, RIL_SOCKET_1
04-20 17:07:49.524182   720   725 E RILC    : Send Response to RIL_SOCKET_1
04-20 17:07:49.524562  1576  1807 D RILJ    : [4849]< VOICE_REGISTRATION_STATE {10, -1, -1, 0} [SUB0]
04-20 17:07:49.524711   720   725 D RILC-MTK: proxyLoop free  pRI=0x7f9644c720 p=0x7f96456a80 
04-20 17:07:49.524761   720   725 D RILC-MTK: proxyLoop free  pRequest=0x7f96452220
04-20 17:07:49.524808   720   725 I RILC-MTK: RIL_CMD_PROXY_3 sleep
04-20 17:07:49.524965   720   736 D RILC    : SOCKET RIL_SOCKET_1 REQUEST: QUERY_NETWORK_SELECTION_MODE length:8
04-20 17:07:49.525022   720   736 I RILC-MTK: create request 45: pRequest=0x7f96452240, pRI=0x7f9644c930, p=0x7f96456cb0, pUCI=0x0
04-20 17:07:49.525068   720   736 D RILC-MTK: QUERY_NETWORK_SELECTION_MODE pRI=0x7f9644c930 p=0x7f96456cb0 dispatched to RIL_CMD_PROXY_3
04-20 17:07:49.525452   720   724 I RILC-MTK: RIL_URC_PROXY wakeup
04-20 17:07:49.525498   720   724 I RILC-MTK: RIL_URC_PROXY sleep
04-20 17:07:49.525565   720   733 I RILC-MTK: RIL_CMD2_PROXY_1 wakeup
04-20 17:07:49.525605   720   733 I RILC-MTK: RIL_CMD2_PROXY_1 sleep
04-20 17:07:49.525668   720   727 I RILC-MTK: RIL_CMD_PROXY_1 wakeup
04-20 17:07:49.525707   720   727 I RILC-MTK: RIL_CMD_PROXY_1 sleep
04-20 17:07:49.525778   720   731 I RILC-MTK: RIL_CMD2_PROXY_3 wakeup
04-20 17:07:49.525821   720   731 I RILC-MTK: RIL_CMD2_PROXY_3 sleep
04-20 17:07:49.525888   720   732 I RILC-MTK: RIL_CMD2_PROXY_2 wakeup
04-20 17:07:49.525929   720   732 I RILC-MTK: RIL_CMD2_PROXY_2 sleep
04-20 17:07:49.525996   720   728 I RILC-MTK: RIL_CMD_PROXY_4 wakeup
04-20 17:07:49.526040   720   728 I RILC-MTK: RIL_CMD_PROXY_4 sleep
04-20 17:07:49.526106   720   729 I RILC-MTK: RIL_ATCI_PROXY wakeup
04-20 17:07:49.526146   720   729 I RILC-MTK: RIL_ATCI_PROXY sleep
04-20 17:07:49.526212   720   734 I RILC-MTK: RIL_CMD2_PROXY_4 wakeup
04-20 17:07:49.526252   720   734 I RILC-MTK: RIL_CMD2_PROXY_4 sleep
04-20 17:07:49.526330   720   735 I RILC-MTK: RIL_ATCI2_PROXY wakeup
