04-20 17:07:49.595332   720   725 D RIL     : isSimInserted(): simInserted = 0
04-20 17:07:49.595376   720   725 D RIL     : convertToRilRegState() uiRegState=0 , uiRet=10 
04-20 17:07:49.595421   720   725 D RILC    : RequestComplete, RIL_SOCKET_1
04-20 17:07:49.595480   720   725 E RILC    : Send Response to RIL_SOCKET_1
04-20 17:07:49.595589   720   725 D RILC-MTK: proxyLoop free  pRI=0x7f9644cb40 p=0x7f96457110 
04-20 17:07:49.595636   720   725 D RILC-MTK: proxyLoop free  pRequest=0x7f96452620
04-20 17:07:49.595683   720   725 D RILC-MTK: proxy id:1, proxyName: RIL_CMD_PROXY_3
04-20 17:07:49.595728   720   725 D RILC-MTK: QUERY_NETWORK_SELECTION_MODE pRI=0x7f9644cb70 p=0x7f96457180 execute on RIL_CMD_PROXY_3 using channel 1
04-20 17:07:49.595772   720   725 D RILC    : callOnRequest for new vendor ril
04-20 17:07:49.595815   720   725 D RIL     : onRequest: QUERY_NETWORK_SELECTION_MODE, datalen = 0
04-20 17:07:49.595847  1576  1807 D RILJ    : [4857]< VOICE_REGISTRATION_STATE {10, -1, -1, 0} [SUB0]
04-20 17:07:49.595856   720   725 D RIL     : radioState:10
04-20 17:07:49.595979   720   725 D AT      : AT send on RIL_CMD_READER_1, tid:547977413696
04-20 17:07:49.596020   720   725 D AT      : AT> AT+COPS?
04-20 17:07:49.596062   720   725 I AT      : AT write start
04-20 17:07:49.596189  1576  1576 D GsmSST  : [GsmSST0] handle EVENT_POLL_STATE_REGISTRATION
04-20 17:07:49.596232   560   710 D RILMUXD : [gsm0710muxd] 3614:poll_thread(): poll_thread select found
04-20 17:07:49.596257  1576  1576 D GsmSST  : [GsmSST0] set Lac to previous value
04-20 17:07:49.596290   560   710 D RILMUXD : [gsm0710muxd] 1045:pseudo_device_read(): Enter, LackofAtciChannel=0
04-20 17:07:49.596321  1576  1576 D GsmSST  : [GsmSST0] set Cid to previous value
04-20 17:07:49.596350   560   710 D RILMUXD : [gsm0710muxd] 657:write_frame(): Sending frame to channel 3
04-20 17:07:49.596438  1576  1576 D GsmSST  : [GsmSST0] EVENT_POLL_STATE_REGISTRATION mSS getRilVoiceRadioTechnology:0, regState:10, NewSS RilVoiceRadioTechnology:0, lac:42294, cid:228606779
04-20 17:07:49.596452   560   710 D RILMUXD : [gsm0710muxd] 766:write_frame(): Write a frame on channel 3 with length 9
04-20 17:07:49.596567  1576  1576 D PHONE   : [ServiceState] setVoiceRegState=1
04-20 17:07:49.596619  1576  1576 E PHONE   : [ServiceState] setState deprecated use setVoiceRegState()
04-20 17:07:49.596757  1576  1576 D GsmSST  : [GsmSST0] regState = 10isVoiceCapable = truemEmergencyOnly = true
04-20 17:07:49.596811  1576  1576 D GsmSST  : [GsmSST0] states.length > 3
04-20 17:07:49.596870  1576  1576 D GsmSST  : [GsmSST0] handleMessage msg done
04-20 17:07:49.597270   560   706 D RILMUXD : [gsm0710muxd] 1643:gsm0710_base_buffer_get_frame(): Get a complete frame. ch:3, ctrl:239, len:12
04-20 17:07:49.597368   560   706 D RILMUXD : [gsm0710muxd] 2383:extract_frames(): Writing 12 byte frame received on channel 3 to /dev/pts/8
04-20 17:07:49.597448   560   706 D RILMUXD : [gsm0710muxd] 2403:extract_frames(): write() returned. Written 12/12 bytes of frame to /dev/pts/8
04-20 17:07:49.597500   560   706 D RILMUXD : [gsm0710muxd] 2408:extract_frames(): fsync() failed (-1, 22 - Invalid argument)
04-20 17:07:49.597554   560   706 D RILMUXD : [gsm0710muxd] 1643:gsm0710_base_buffer_get_frame(): Get a complete frame. ch:3, ctrl:239, len:6
04-20 17:07:49.597603   560   706 D RILMUXD : [gsm0710muxd] 2383:extract_frames(): Writing 6 byte frame received on channel 3 to /dev/pts/8
04-20 17:07:49.597660   560   706 D RILMUXD : [gsm0710muxd] 2403:extract_frames(): write() returned. Written 6/6 bytes of frame to /dev/pts/8
04-20 17:07:49.597708   560   706 D RILMUXD : [gsm0710muxd] 2408:extract_frames(): fsync() failed (-1, 22 - Invalid argument)
04-20 17:07:49.597836   720   741 I AT      : AT read end: 18
04-20 17:07:49.597888   720   741 D AT      : AT< +COPS: 0
04-20 17:07:49.597934   720   741 D AT      : RIL_CMD_READER_1 Enter processLine:+COPS: 0
04-20 17:07:49.597978   720   741 D AT      : AT< OK
04-20 17:07:49.598019   720   741 D AT      : RIL_CMD_READER_1 Enter processLine:OK
04-20 17:07:49.598077   720   741 I AT      : AT read start
04-20 17:07:49.598124   720   725 D AT      : response received on RIL_CMD_READER_1, tid:547977413696
04-20 17:07:49.598179   720   725 D RILC    : RequestComplete, RIL_SOCKET_1
04-20 17:07:49.598236   720   725 E RILC    : Send Response to RIL_SOCKET_1
04-20 17:07:49.598339   720   725 D RILC-MTK: proxyLoop free  pRI=0x7f9644cb70 p=0x7f96457180 
04-20 17:07:49.598386   720   725 D RILC-MTK: proxyLoop free  pRequest=0x7f96452680
04-20 17:07:49.598428   720   725 I RILC-MTK: RIL_CMD_PROXY_3 sleep
04-20 17:07:49.598517  1576  1807 D RILJ    : responseInts numInts=1 [SUB0]
04-20 17:07:49.598589  1576  1807 D RILJ    : responseInts response[0]=0 [SUB0]
04-20 17:07:49.598689  1576  1807 D RILJ    : [4858]< QUERY_NETWORK_SELECTION_MODE {0} [SUB0]
04-20 17:07:49.598943  1576  1576 D GsmSST  : [GsmSST0] handle EVENT_POLL_STATE_NETWORK_SELECTION_MODE
04-20 17:07:49.599052  1576  1576 D GsmSST  : [GsmSST0] set raoming=false,mGsmRoaming= false,mDataRoaming= false
04-20 17:07:49.599767  1576  1576 D SubscriptionController: [getSubId]- sSlotIdxToSubId.size == 0, return DummySubIds slotIdx=0
04-20 17:07:49.599857  1576  1576 D SubscriptionController: getDummySubIds: slotIdx=0 return 2 DummySubIds with each subId=-2
04-20 17:07:49.600956  1576  1576 D SubscriptionManager: [getPhoneId]- return dummy value, subId = -2
04-20 17:07:49.601213  1576  1576 D GsmSST  : [GsmSST0] mLastCsNetworkType=0, mLastPsNetworkType= 0, mNewSS VoiceRadioTechnology= 0, mSS VoiceRadioTechnology= 0, mNewSS DataRadioTechnology= 0, mSS DataRadioTechnology= 0
04-20 17:07:49.601316  1576  1576 D GsmSST  : [GsmSST0] pollStateDone(): don't change network type and wait for new event
04-20 17:07:49.601387  1576  1576 D PHONE   : [ServiceState] setDataRadioTechnology=0
04-20 17:07:49.601573  1576  1576 D GsmSST  : [GsmSST0] Poll ServiceState done:  oldSS=[1 1 voice home data home null null null null null null  Unknown Unknown CSS not supported 0 0 RoamInd=-1 DefRoamInd=-1 EmergOnly=true Ril Voice Regist state: 10 Ril Data Regist state: 0 mProprietaryDataRadioTechnology: 0 VoiceRejectCause: -1 DataRejectCause: -1 mCdmaNetWorkMode: 0 IsDataRoamingFromRegistration=false] newSS=[1 1 voice home data home null null null null null null  Unknown Unknown CSS not supported -1 -1 RoamInd=-1 DefRoamInd=-1 EmergOnly=true Ril Voice Regist state: 10 Ril Data Regist state: 0 mProprietaryDataRadioTechnology: 0 VoiceRejectCause: -1 DataRejectCause: -1 mCdmaNetWorkMode: 0 IsDataRoamingFromRegistration=false] oldMaxDataCalls=1 mNewMaxDataCalls=1 oldReasonDataDenied=-1 mNewReasonDataDenied=-1
04-20 17:07:49.601807  1576  1576 D GsmSST  : [GsmSST0] pollStateDone,hasRegistered:false,hasDeregistered:false,hasGprsAttached:false,hasRilVoiceRadioTechnologyChanged:false,hasRilDataRadioTechnologyChanged:false,hasVoiceRegStateChanged:false,hasDataRegStateChanged:false,hasChanged:true,hasVoiceRoamingOn:false,hasVoiceRoamingOff:false,hasDataRoamingOn:false,hasDataRoamingOff:false,hasLocationChanged:true,hasLacChanged:false,sReceiveNitz:false
04-20 17:07:49.601946  1576  1576 D GsmSST  : [GsmSST0] No matched EONS and No CPHS ONS
04-20 17:07:49.602201  1576  1576 D GsmSST  : [GsmSST0] updateSpnDisplay mVoiceCapable=true mEmergencyOnly=true mCi.getRadioState().isOn()=true getVoiceRegState()=1 getDataRegState()1
04-20 17:07:49.602270  1576  1576 D GsmSST  : [GsmSST0] updateSpnDisplay show mEmergencyOnly
04-20 17:07:49.603037  1576  1576 D SubscriptionController: [getSubId]- sSlotIdxToSubId.size == 0, return DummySubIds slotIdx=0
04-20 17:07:49.603129  1576  1576 D SubscriptionController: getDummySubIds: slotIdx=0 return 2 DummySubIds with each subId=-2
04-20 17:07:49.603199  1576  1576 D GsmSST  : [GsmSST0] updateAllOpertorInfo with realPlmn:null
04-20 17:07:49.604208  1576  1576 D TelephonyManager: getTelephonyProperty prop value= 
04-20 17:07:49.604403  1576  1576 D TelephonyManager: setTelephonyProperty: success phoneId=0 property=gsm.operator.numeric value:  propVal=
04-20 17:07:49.604979  1576  1576 D GsmSST  : [GsmSST0] operatorNumeric is null
04-20 17:07:49.605139  1576  1576 D TelephonyManager: setTelephonyProperty: success phoneId=0 property=gsm.operator.iso-country value:  propVal=
04-20 17:07:49.605748  1576  1576 D TelephonyManager: setTelephonyProperty: success phoneId=0 property=gsm.operator.isroaming value: false propVal=false,false
04-20 17:07:49.606336  1576  1576 D GsmSST  : [GsmSST0] Broadcasting ServiceState : 1 1 voice home data home null null null null null null  Unknown Unknown CSS not supported -1 -1 RoamInd=-1 DefRoamInd=-1 EmergOnly=true Ril Voice Regist state: 10 Ril Data Regist state: 0 mProprietaryDataRadioTechnology: 0 VoiceRejectCause: -1 DataRejectCause: -1 mCdmaNetWorkMode: 0 IsDataRoamingFromRegistration=false
04-20 17:07:49.606563  1576  1576 D GSMPhone: [GSMPhone] getServiceState : getState() : 1 getDataRegState() : 1
04-20 17:07:49.606705  1576  1576 D PhoneBase: networkType=UNKNOWN
04-20 17:07:49.606791  1576  1576 D PhoneBase: isVideoEnabled: false
04-20 17:07:49.606866  1576  1576 D GSMPhone: [GSMPhone] getServiceState : getState() : 1 getDataRegState() : 1
04-20 17:07:49.606955  1576  1576 D SubscriptionController: [getSubId]- sSlotIdxToSubId.size == 0, return DummySubIds slotIdx=0
04-20 17:07:49.607029  1576  1576 D SubscriptionController: getDummySubIds: slotIdx=0 return 2 DummySubIds with each subId=-2
04-20 17:07:49.607231  1576  1576 D DefaultPhoneNotifier: nofityServiceState: mRegistry=com.android.internal.telephony.ITelephonyRegistry$Stub$Proxy@20f1708 ss=1 1 voice home data home null null null null null null  Unknown Unknown CSS not supported -1 -1 RoamInd=-1 DefRoamInd=-1 EmergOnly=true Ril Voice Regist state: 10 Ril Data Regist state: 0 mProprietaryDataRadioTechnology: 0 VoiceRejectCause: -1 DataRejectCause: -1 mCdmaNetWorkMode: 0 IsDataRoamingFromRegistration=false sender=Handler (com.android.internal.telephony.gsm.GSMPhone) {e4ac408} phondId=0 subId=-2
04-20 17:07:49.608349   964  8871 D TelephonyRegistry: notifyServiceStateForSubscriber: subId=-2 phoneId=0 state=1 1 voice home data home null null null null null null  Unknown Unknown CSS not supported -1 -1 RoamInd=-1 DefRoamInd=-1 EmergOnly=true Ril Voice Regist state: 10 Ril Data Regist state: 0 mProprietaryDataRadioTechnology: 0 VoiceRejectCause: -1 DataRejectCause: -1 mCdmaNetWorkMode: 0 IsDataRoamingFromRegistration=false
04-20 17:07:49.608504   964  8871 D TelephonyRegistry: validatePhoneId: true
04-20 17:07:49.608839   964  8871 D TelephonyRegistry: notifyServiceStateForSubscriber: logSSC.length=5 next=1
04-20 17:07:49.610593   964  8871 D TelephonyRegistry: notifyServiceStateForSubscriber Time 20160420T164753Asia/Shanghai(3,110,28800,0,1461142073) mSubId -2 mPhoneId 0  mState 1 1 voice home data home null null null null null null  Unknown Unknown CSS not supported -1 -1 RoamInd=-1 DefRoamInd=-1 EmergOnly=true Ril Voice Regist state: 10 Ril Data Regist state: 0 mProprietaryDataRadioTechnology: 0 VoiceRejectCause: -1 DataRejectCause: -1 mCdmaNetWorkMode: 0 IsDataRoamingFromRegistration=false
04-20 17:07:49.612188   964  8871 D TelephonyRegistry: notifyServiceStateForSubscriber Time 20160420T164753Asia/Shanghai(3,110,28800,0,1461142073) mSubId -2 mPhoneId 0  mState 1 1 voice home data home null null null null null null  Unknown Unknown CSS not supported 0 0 RoamInd=-1 DefRoamInd=-1 EmergOnly=true Ril Voice Regist state: 10 Ril Data Regist state: 0 mProprietaryDataRadioTechnology: 0 VoiceRejectCause: -1 DataRejectCause: -1 mCdmaNetWorkMode: 0 IsDataRoamingFromRegistration=false
04-20 17:07:49.613917   964  8871 D TelephonyRegistry: notifyServiceStateForSubscriber Time 20160420T170732Asia/Shanghai(3,110,28800,0,1461143252) mSubId -2 mPhoneId 0  mState 1 1 voice home data home null null null null null null  Unknown Unknown CSS not supported -1 -1 RoamInd=-1 DefRoamInd=-1 EmergOnly=true Ril Voice Regist state: 10 Ril Data Regist state: 0 mProprietaryDataRadioTechnology: 0 VoiceRejectCause: -1 DataRejectCause: -1 mCdmaNetWorkMode: 0 IsDataRoamingFromRegistration=false
04-20 17:07:49.615585   964  8871 D TelephonyRegistry: notifyServiceStateForSubscriber Time 20160420T170735Asia/Shanghai(3,110,28800,0,1461143255) mSubId -2 mPhoneId 0  mState 1 1 voice home data home null null null null null null  Unknown Unknown CSS not supported 0 0 RoamInd=-1 DefRoamInd=-1 EmergOnly=true Ril Voice Regist state: 10 Ril Data Regist state: 0 mProprietaryDataRadioTechnology: 0 VoiceRejectCause: -1 DataRejectCause: -1 mCdmaNetWorkMode: 0 IsDataRoamingFromRegistration=false
04-20 17:07:49.617163   964  8871 D TelephonyRegistry: notifyServiceStateForSubscriber Time 20160420T170749Asia/Shanghai(3,110,28800,0,1461143269) mSubId -2 mPhoneId 0  mState 1 1 voice home data home null null null null null null  Unknown Unknown CSS not supported -1 -1 RoamInd=-1 DefRoamInd=-1 EmergOnly=true Ril Voice Regist state: 10 Ril Data Regist state: 0 mProprietaryDataRadioTechnology: 0 VoiceRejectCause: -1 DataRejectCause: -1 mCdmaNetWorkMode: 0 IsDataRoamingFromRegistration=false
04-20 17:07:49.617265   964  8871 D TelephonyRegistry: notifyServiceStateForSubscriber: ----------------
04-20 17:07:49.618343  1576  1576 D SubscriptionController: [getPhoneId] asked for default subId=-1
04-20 17:07:49.618619  1576  1576 D SubscriptionController: [getPhoneId]- invalid subId = -1 return = -1
04-20 17:07:49.619089   964  8871 D SubscriptionManager: [getPhoneId]- return dummy value, subId = -2
04-20 17:07:49.619202   964  8871 D TelephonyRegistry: idMatch: rlt=false
04-20 17:07:49.620150  1576  1576 D SubscriptionController: [getPhoneId] asked for default subId=-1
04-20 17:07:49.620389  1576  1576 D SubscriptionController: [getPhoneId]- invalid subId = -1 return = -1
04-20 17:07:49.620834   964  8871 D SubscriptionManager: [getPhoneId]- return dummy value, subId = -2
04-20 17:07:49.620936   964  8871 D TelephonyRegistry: idMatch: rlt=false
04-20 17:07:49.621867  1576  1576 D SubscriptionController: [getPhoneId] asked for default subId=-1
04-20 17:07:49.622117  1576  1576 D SubscriptionController: [getPhoneId]- invalid subId = -1 return = -1
04-20 17:07:49.622582   964  8871 D SubscriptionManager: [getPhoneId]- return dummy value, subId = -2
04-20 17:07:49.622683   964  8871 D TelephonyRegistry: idMatch: rlt=false
04-20 17:07:49.623595  1576  1576 D SubscriptionController: [getPhoneId] asked for default subId=-1
04-20 17:07:49.623935  1576  1576 D SubscriptionController: [getPhoneId]- invalid subId = -1 return = -1
04-20 17:07:49.624435   964  8871 D SubscriptionManager: [getPhoneId]- return dummy value, subId = -2
04-20 17:07:49.624539   964  8871 D TelephonyRegistry: idMatch: rlt=false
04-20 17:07:49.624659   964  8871 D TelephonyRegistry: handleRemoveListLocked: mRemoveList.size()=0
04-20 17:07:49.625804   964  8871 D SubscriptionManager: [getSlotId]- fail, subId = -1
04-20 17:07:49.626561  1576  1576 D SubscriptionController: [getSlotId]- subId invalid
04-20 17:07:49.627496  1576  1576 D SubscriptionController: getSimStateForSlotIdx:  simState=ABSENT ordinal=1
04-20 17:07:49.627770   964  8871 D SubscriptionManager: getSimStateForSubscriber: simState=1 slotIdx=0
04-20 17:07:49.628533  1576  1576 D SubscriptionController: getSimStateForSlotIdx:  simState=ABSENT ordinal=1
04-20 17:07:49.628797   964  8871 D SubscriptionManager: getSimStateForSubscriber: simState=1 slotIdx=1
04-20 17:07:49.629067   964  8871 D TelephonyManager: getSimState: default sim:-1, all SIMs absent, return state as absent
04-20 17:07:49.629737   964  8871 D SubscriptionManager: [getPhoneId]- return dummy value, subId = -2
04-20 17:07:49.630502  1576  1576 D SubscriptionController: [getSubId]- sSlotIdxToSubId.size == 0, return DummySubIds slotIdx=0
04-20 17:07:49.630599  1576  1576 D SubscriptionController: getDummySubIds: slotIdx=0 return 2 DummySubIds with each subId=-2
04-20 17:07:49.633620  1576  1576 D GsmSST  : [GsmSST0] old:1 ,mPsRegState:1,new:1
04-20 17:07:49.633882  1576  1576 D SubscriptionController: [getSubId]- sSlotIdxToSubId.size == 0, return DummySubIds slotIdx=0
04-20 17:07:49.633966  1576  1576 D SubscriptionController: getDummySubIds: slotIdx=0 return 2 DummySubIds with each subId=-2
04-20 17:07:49.634118  1576  1576 D GsmSST  : [GsmSST0] getCellLocation(): X good mCellLoc=[42294,228604679,-1]
04-20 17:07:49.635180   964  2088 D TelephonyRegistry: notifyCellLocationForSubscriber: subId=-2 cellLocation=Bundle[mParcelledData.dataSize=88]
04-20 17:07:49.635441   964  2088 D TelephonyRegistry: notifyCellLocationForSubscriber: subId=-2 cellLocation=Bundle[mParcelledData.dataSize=88]
04-20 17:07:49.635688   964  2088 D SubscriptionManager: [getPhoneId]- return dummy value, subId = -2
04-20 17:07:49.635810   964  2088 D TelephonyRegistry: validatePhoneId: true
04-20 17:07:49.648043   964  2088 D TelephonyRegistry: validateEventsAndUserLocked: valid=false r.callerUserId=0 foregroundUser=0 r.events=8192 events=16
04-20 17:07:49.648412   964  2088 D TelephonyRegistry: validateEventsAndUserLocked: valid=false r.callerUserId=0 foregroundUser=0 r.events=449 events=16
04-20 17:07:49.648649   964  2088 D TelephonyRegistry: validateEventsAndUserLocked: valid=false r.callerUserId=0 foregroundUser=0 r.events=32 events=16
04-20 17:07:49.648861   964  2088 D TelephonyRegistry: validateEventsAndUserLocked: valid=false r.callerUserId=0 foregroundUser=0 r.events=32 events=16
04-20 17:07:49.649045   964  2088 D TelephonyRegistry: validateEventsAndUserLocked: valid=false r.callerUserId=0 foregroundUser=0 r.events=0 events=16
04-20 17:07:49.649230   964  2088 D TelephonyRegistry: validateEventsAndUserLocked: valid=false r.callerUserId=0 foregroundUser=0 r.events=0 events=16
04-20 17:07:49.649408   964  2088 D TelephonyRegistry: validateEventsAndUserLocked: valid=false r.callerUserId=0 foregroundUser=0 r.events=32 events=16
04-20 17:07:49.649578   964  2088 D TelephonyRegistry: validateEventsAndUserLocked: valid=false r.callerUserId=0 foregroundUser=0 r.events=0 events=16
04-20 17:07:49.649748   964  2088 D TelephonyRegistry: validateEventsAndUserLocked: valid=false r.callerUserId=0 foregroundUser=0 r.events=0 events=16
04-20 17:07:49.650015   964  2088 D TelephonyRegistry: validateEventsAndUserLocked: valid=false r.callerUserId=0 foregroundUser=0 r.events=0 events=16
04-20 17:07:49.650234   964  2088 D TelephonyRegistry: validateEventsAndUserLocked: valid=false r.callerUserId=0 foregroundUser=0 r.events=65536 events=16
04-20 17:07:49.650412   964  2088 D TelephonyRegistry: validateEventsAndUserLocked: valid=false r.callerUserId=0 foregroundUser=0 r.events=1 events=16
04-20 17:07:49.650591   964  2088 D TelephonyRegistry: validateEventsAndUserLocked: valid=false r.callerUserId=0 foregroundUser=0 r.events=0 events=16
04-20 17:07:49.650728  1576  1918 D SubscriptionController: [getActiveSubInfoList]+
04-20 17:07:49.650778   964  2088 D TelephonyRegistry: validateEventsAndUserLocked: valid=false r.callerUserId=0 foregroundUser=0 r.events=0 events=16
04-20 17:07:49.650970   964  2088 D TelephonyRegistry: validateEventsAndUserLocked: valid=false r.callerUserId=0 foregroundUser=0 r.events=65536 events=16
04-20 17:07:49.651154   964  2088 D TelephonyRegistry: validateEventsAndUserLocked: valid=false r.callerUserId=0 foregroundUser=0 r.events=32 events=16
04-20 17:07:49.651345   964  2088 D TelephonyRegistry: validateEventsAndUserLocked: valid=false r.callerUserId=0 foregroundUser=0 r.events=0 events=16
04-20 17:07:49.651575   964  2088 D TelephonyRegistry: validateEventsAndUserLocked: valid=false r.callerUserId=0 foregroundUser=0 r.events=0 events=16
04-20 17:07:49.651850   964  2088 D TelephonyRegistry: validateEventsAndUserLocked: valid=false r.callerUserId=0 foregroundUser=0 r.events=0 events=16
04-20 17:07:49.652019  1576  1918 D SubscriptionController: [getActiveSubInfoList] Sub Controller not ready
04-20 17:07:49.652055   964  2088 D TelephonyRegistry: validateEventsAndUserLocked: valid=true r.callerUserId=0 foregroundUser=0 r.events=1104 events=16
04-20 17:07:49.652247   964  2088 D TelephonyRegistry: validateEventsAndUserLocked: valid=false r.callerUserId=0 foregroundUser=0 r.events=512 events=16
04-20 17:07:49.652446   964  2088 D TelephonyRegistry: validateEventsAndUserLocked: valid=false r.callerUserId=0 foregroundUser=0 r.events=1 events=16
04-20 17:07:49.652639   964  2088 D TelephonyRegistry: validateEventsAndUserLocked: valid=false r.callerUserId=0 foregroundUser=0 r.events=0 events=16
04-20 17:07:49.652808   964  2088 D TelephonyRegistry: validateEventsAndUserLocked: valid=false r.callerUserId=0 foregroundUser=0 r.events=1 events=16
04-20 17:07:49.652898   964  2088 D TelephonyRegistry: handleRemoveListLocked: mRemoveList.size()=0
04-20 17:07:49.653280  1576  1576 D GsmSST  : [GsmSST0] handleMessage msg done
04-20 17:07:49.653901  1576  1576 D CallManager:  handleMessage (EVENT_SERVICE_STATE_CHANGED)
04-20 17:07:49.654519  1576  1576 D PHONE   : [WPOM][Receiver]+
04-20 17:07:49.654613  1576  1576 D PHONE   : [WPOM]Action: android.intent.action.SERVICE_STATE
04-20 17:07:49.654833  1576  1607 D SubscriptionController: [getActiveSubInfoList]+
04-20 17:07:49.655257  1576  1576 D PHONE   : [WPOM]slotId: 0, Icc Card Type Unknown
04-20 17:07:49.655375  1576  1576 D PHONE   : [WPOM]sMajorSim: 0
04-20 17:07:49.655494  1576  1576 D PHONE   : [WPOM]FDD CSFB
04-20 17:07:49.655566  1576  1576 D PHONE   : [WPOM]sPlmnSs: null
04-20 17:07:49.655634  1576  1576 D PHONE   : [WPOM]sVoiceRegState: STATE_OUT_OF_SERVICE
04-20 17:07:49.655708  1576  1576 D PHONE   : [WPOM]sRilVoiceRegState: REGISTRATION_STATE_NOT_REGISTERED_AND_NOT_SEARCHING_EMERGENCY_CALL_ENABLED
04-20 17:07:49.655777  1576  1576 D PHONE   : [WPOM]sRilVoiceRadioTech: Unknown
04-20 17:07:49.655843  1576  1576 D PHONE   : [WPOM]sDataRegState: STATE_OUT_OF_SERVICE
04-20 17:07:49.655926  1576  1576 D PHONE   : [WPOM]sRilDataRegState: REGISTRATION_STATE_NOT_REGISTERED_AND_NOT_SEARCHING
04-20 17:07:49.655996  1576  1576 D PHONE   : [WPOM]sRilDataRadioTech: Unknown
04-20 17:07:49.656063  1576  1576 D PHONE   : [WPOM]sIsAutoSelectEnable: true
04-20 17:07:49.656115  1576  1607 D SubscriptionController: [getActiveSubInfoList] Sub Controller not ready
04-20 17:07:49.656130  1576  1576 D PHONE   : [WPOM]sRadioTechModeForWp: 0
04-20 17:07:49.656205  1576  1576 D PHONE   : [WPOM]noService: true
04-20 17:07:49.656266  1576  1576 D PHONE   : [WPOM][handleNoService]+ Can not find service
04-20 17:07:49.656328  1576  1576 D PHONE   : [WPOM]Type0 user
04-20 17:07:49.656384  1576  1576 D PHONE   : [WPOM]REGION_DOMESTIC
04-20 17:07:49.656476  1576  1576 D PHONE   : [WPOM]FDD CSFB
04-20 17:07:49.656544  1576  1576 D PHONE   : [WPOM]IccState not ready
04-20 17:07:49.656685  1576  1576 D PHONE   : [WPOM][handleNoService]-
04-20 17:07:49.656744  1576  1576 D PHONE   : [WPOM][Receiver]-
04-20 17:07:49.866288  1576  1576 D FdManager: [GDCT][phoneId0]onReceive: action=android.intent.action.BATTERY_CHANGED
04-20 17:07:49.868520  1576  1576 D FdManager: [GDCT][phoneId1]onReceive: action=android.intent.action.BATTERY_CHANGED
04-20 17:07:50.447737   720   736 D RILC    : s_last_wake_timeout_info: 0x7f94583900 
04-20 17:07:50.448021   720   736 D RILC    : userTimerCallback free  p_info: 0x7f94583540
04-20 17:07:50.448207   720   736 D RILC    : userTimerCallback free  p_info->event: 0x7f94583550
04-20 17:07:50.473101   720   736 D RILC    : s_last_wake_timeout_info: 0x7f94583900 
04-20 17:07:50.473350   720   736 D RILC    : userTimerCallback free  p_info: 0x7f945835a0
04-20 17:07:50.473536   720   736 D RILC    : userTimerCallback free  p_info->event: 0x7f945835b0
04-20 17:07:50.483689   720   736 D RILC    : s_last_wake_timeout_info: 0x7f94583900 
04-20 17:07:50.484056   720   736 D RILC    : userTimerCallback free  p_info: 0x7f945839c0
04-20 17:07:50.484244   720   736 D RILC    : userTimerCallback free  p_info->event: 0x7f945839d0
04-20 17:07:50.485206   720   736 D RILC    : s_last_wake_timeout_info: 0x7f94583900 
04-20 17:07:50.485437   720   736 D RILC    : userTimerCallback free  p_info: 0x7f94583120
04-20 17:07:50.485621   720   736 D RILC    : userTimerCallback free  p_info->event: 0x7f94583130
04-20 17:07:50.493482   720   736 D RILC    : s_last_wake_timeout_info: 0x7f94583900 
04-20 17:07:50.493923   720   736 D RILC    : userTimerCallback free  p_info: 0x7f94583780
04-20 17:07:50.494113   720   736 D RILC    : userTimerCallback free  p_info->event: 0x7f94583790
04-20 17:07:50.495063   720   736 D RILC    : s_last_wake_timeout_info: 0x7f94583900 
04-20 17:07:50.495305   720   736 D RILC    : userTimerCallback free  p_info: 0x7f945837e0
04-20 17:07:50.495490   720   736 D RILC    : userTimerCallback free  p_info->event: 0x7f945837f0
04-20 17:07:50.537878   720   736 D RILC    : s_last_wake_timeout_info: 0x7f94583900 
04-20 17:07:50.538144   720   736 D RILC    : userTimerCallback free  p_info: 0x7f945838a0
04-20 17:07:50.538331   720   736 D RILC    : userTimerCallback free  p_info->event: 0x7f945838b0
04-20 17:07:50.555988   720   736 D RILC    : s_last_wake_timeout_info: 0x7f94583900 reset to NULL
04-20 17:07:50.556249   720   736 D RILC    : userTimerCallback free  p_info: 0x7f94583900
04-20 17:07:50.556432   720   736 D RILC    : userTimerCallback free  p_info->event: 0x7f94583910
04-20 17:07:52.445829   560   560 D RILMUXD : [gsm0710muxd] 3897:main(): Frames received/dropped: 8772/0
04-20 17:07:55.023160   560   706 D RILMUXD : [gsm0710muxd] 1643:gsm0710_base_buffer_get_frame(): Get a complete frame. ch:2, ctrl:239, len:39
04-20 17:07:55.023262   560   706 D RILMUXD : [gsm0710muxd] 2383:extract_frames(): Writing 39 byte frame received on channel 2 to /dev/pts/7
04-20 17:07:55.023344   560   706 D RILMUXD : [gsm0710muxd] 2403:extract_frames(): write() returned. Written 39/39 bytes of frame to /dev/pts/7
04-20 17:07:55.023396   560   706 D RILMUXD : [gsm0710muxd] 2408:extract_frames(): fsync() failed (-1, 22 - Invalid argument)
04-20 17:07:55.024122   720   740 I AT      : AT read end: 39
04-20 17:07:55.024190   720   740 D AT      : AT< +ECSQ: 42,35,1,-314,-27,1,1,2,32767
04-20 17:07:55.024235   720   740 D AT      : RIL_URC_READER Enter processLine:+ECSQ: 42,35,1,-314,-27,1,1,2,32767
04-20 17:07:55.024334   720   740 D RILC    : [MAL_AT] data sent to rild-mal-at is '+ECSQ: 42,35,1,-314,-27,1,1,2,32767'
04-20 17:07:55.024496   720   740 D RILC    : internalRequestTimedCallback malloc p_info: 0x7f94583960
04-20 17:07:55.024543   720   740 D RILC    : internalRequestTimedCallback malloc p_info->event: 0x7f94583970
04-20 17:07:55.024628   720   740 D RIL     : Nw URC:+ECSQ: 42,35,1,-314,-27,1,1,2,32767
04-20 17:07:55.024694   720   740 D RIL     : convert3GRssiValue baseband=503 ,isFdd3G=1,isTdd3G=0 ,RSCP_in_qdbm=-314 ,EcN0_in_qdbm=-27
04-20 17:07:55.024748   720   740 D RILC    : callForRilVersion new vendor RIL, version: 10
04-20 17:07:55.024795   720   740 I RILC    : RIL_SOCKET_1 UNSOLICITED: UNSOL_SIGNAL_STRENGTH length:72
04-20 17:07:55.024836   720   740 E RILC    : Send Response to rild-mal
04-20 17:07:55.024930   720   740 E RILC    : Send Response to RIL_SOCKET_1
04-20 17:07:55.025023   720   740 I AT      : AT read start
04-20 17:07:55.028136  1576  1576 D GsmSST  : [GsmSST0] handle EVENT_SIGNAL_STRENGTH_UPDATE
04-20 17:07:55.028313  1576  1576 D GsmSST  : [GsmSST0] onSignalStrengthResult():  LastSignalStrength=SignalStrength: 14 29 -120 -160 -2 0 -1 99 2147483647 -2147483647 2147483647 2147483647 2147483647 gsm|lte 1 -328 -40
04-20 17:07:55.028424  1576  1576 D GsmSST  : [GsmSST0] onSignalStrengthResult():new mSignalStrength=SignalStrength: 14 35 -120 -160 -2 0 -1 99 2147483647 -2147483647 2147483647 2147483647 2147483647 gsm|lte 1 -316 -27
04-20 17:07:55.028646  1576  1576 W SignalStrength: SignalStrength get plugin
04-20 17:07:55.028791  1576  1576 I use-Rlog/RLOG-GSM: getLTELevel - rsrp:2147483647 snr:2147483647 rsrpIconLevel:-1 snrIconLevel:-1
04-20 17:07:55.028857  1576  1576 I use-Rlog/RLOG-GSM: getLTELevel - rssi:99 rssiIconLevel:0
04-20 17:07:55.028919  1576  1576 W SignalStrength: SignalStrength get plugin
04-20 17:07:55.028980  1576  1576 I use-Rlog/RLOG-GSM:  asu: 14 gsmRscp: -79 out level: 4
04-20 17:07:55.029042  1576  1576 D GsmSST  : [GsmSST0] notifySignalStrength: mSignalStrength.getLevel=4
04-20 17:07:55.029134  1576  1576 D SubscriptionController: [getSubId]- sSlotIdxToSubId.size == 0, return DummySubIds slotIdx=0
04-20 17:07:55.029202  1576  1576 D SubscriptionController: getDummySubIds: slotIdx=0 return 2 DummySubIds with each subId=-2
04-20 17:07:55.029320  1576  1576 D DefaultPhoneNotifier: notifySignalStrength: mRegistry=com.android.internal.telephony.ITelephonyRegistry$Stub$Proxy@20f1708 ss=SignalStrength: 14 35 -120 -160 -2 0 -1 99 2147483647 -2147483647 2147483647 2147483647 2147483647 gsm|lte 1 -316 -27 sender=Handler (com.android.internal.telephony.gsm.GSMPhone) {e4ac408}
04-20 17:07:55.030526   964  1663 D TelephonyRegistry: notifySignalStrengthForSubscriber: subId=-2 signalStrength=SignalStrength: 14 35 -120 -160 -2 0 -1 99 2147483647 -2147483647 2147483647 2147483647 2147483647 gsm|lte 1 -316 -27
04-20 17:07:55.030658   964  1663 D TelephonyRegistry: notifySignalStrengthForSubscriber: logSSC.length=5 next=1
04-20 17:07:55.032336   964  1663 D TelephonyRegistry: notifyServiceStateForSubscriber Time 20160420T164753Asia/Shanghai(3,110,28800,0,1461142073) mSubId -2 mPhoneId 0  mState 1 1 voice home data home null null null null null null  Unknown Unknown CSS not supported -1 -1 RoamInd=-1 DefRoamInd=-1 EmergOnly=true Ril Voice Regist state: 10 Ril Data Regist state: 0 mProprietaryDataRadioTechnology: 0 VoiceRejectCause: -1 DataRejectCause: -1 mCdmaNetWorkMode: 0 IsDataRoamingFromRegistration=false
04-20 17:07:55.038001   964  1663 D TelephonyRegistry: notifyServiceStateForSubscriber Time 20160420T164753Asia/Shanghai(3,110,28800,0,1461142073) mSubId -2 mPhoneId 0  mState 1 1 voice home data home null null null null null null  Unknown Unknown CSS not supported 0 0 RoamInd=-1 DefRoamInd=-1 EmergOnly=true Ril Voice Regist state: 10 Ril Data Regist state: 0 mProprietaryDataRadioTechnology: 0 VoiceRejectCause: -1 DataRejectCause: -1 mCdmaNetWorkMode: 0 IsDataRoamingFromRegistration=false
04-20 17:07:55.039788   964  1663 D TelephonyRegistry: notifyServiceStateForSubscriber Time 20160420T170732Asia/Shanghai(3,110,28800,0,1461143252) mSubId -2 mPhoneId 0  mState 1 1 voice home data home null null null null null null  Unknown Unknown CSS not supported -1 -1 RoamInd=-1 DefRoamInd=-1 EmergOnly=true Ril Voice Regist state: 10 Ril Data Regist state: 0 mProprietaryDataRadioTechnology: 0 VoiceRejectCause: -1 DataRejectCause: -1 mCdmaNetWorkMode: 0 IsDataRoamingFromRegistration=false
04-20 17:07:55.041782   964  1663 D TelephonyRegistry: notifyServiceStateForSubscriber Time 20160420T170735Asia/Shanghai(3,110,28800,0,1461143255) mSubId -2 mPhoneId 0  mState 1 1 voice home data home null null null null null null  Unknown Unknown CSS not supported 0 0 RoamInd=-1 DefRoamInd=-1 EmergOnly=true Ril Voice Regist state: 10 Ril Data Regist state: 0 mProprietaryDataRadioTechnology: 0 VoiceRejectCause: -1 DataRejectCause: -1 mCdmaNetWorkMode: 0 IsDataRoamingFromRegistration=false
04-20 17:07:55.043374   964  1663 D TelephonyRegistry: notifyServiceStateForSubscriber Time 20160420T170749Asia/Shanghai(3,110,28800,0,1461143269) mSubId -2 mPhoneId 0  mState 1 1 voice home data home null null null null null null  Unknown Unknown CSS not supported -1 -1 RoamInd=-1 DefRoamInd=-1 EmergOnly=true Ril Voice Regist state: 10 Ril Data Regist state: 0 mProprietaryDataRadioTechnology: 0 VoiceRejectCause: -1 DataRejectCause: -1 mCdmaNetWorkMode: 0 IsDataRoamingFromRegistration=false
04-20 17:07:55.043462   964  1663 D TelephonyRegistry: notifySignalStrengthForSubscriber: ----------------
04-20 17:07:55.043623   964  1663 D SubscriptionManager: [getPhoneId]- return dummy value, subId = -2
04-20 17:07:55.043728   964  1663 D TelephonyRegistry: validatePhoneId: true
04-20 17:07:55.044187   964  1663 D TelephonyRegistry: notifySignalStrengthForSubscriber: valid phoneId=0
04-20 17:07:55.045525  1576  1576 D SubscriptionController: [getPhoneId] asked for default subId=-1
04-20 17:07:55.045827  1576  1576 D SubscriptionController: [getPhoneId]- invalid subId = -1 return = -1
04-20 17:07:55.046512   964  1663 D SubscriptionManager: [getPhoneId]- return dummy value, subId = -2
04-20 17:07:55.046627   964  1663 D TelephonyRegistry: idMatch: rlt=false
04-20 17:07:55.046811   964  1663 D TelephonyRegistry: handleRemoveListLocked: mRemoveList.size()=0
04-20 17:07:55.047075   964  1663 W SignalStrength: SignalStrength get plugin
04-20 17:07:55.047313   964  1663 I use-Rlog/RLOG-GSM: getLTELevel - rsrp:2147483647 snr:2147483647 rsrpIconLevel:-1 snrIconLevel:-1
04-20 17:07:55.047409   964  1663 I use-Rlog/RLOG-GSM: getLTELevel - rssi:99 rssiIconLevel:0
04-20 17:07:55.047467   964  1663 W SignalStrength: SignalStrength get plugin
04-20 17:07:55.047578   964  1663 I use-Rlog/RLOG-GSM:  asu: 14 gsmRscp: -79 out level: 4
04-20 17:07:55.048130   964  1663 D SubscriptionManager: [getPhoneId]- return dummy value, subId = -2
04-20 17:07:55.049420  1576  1576 D SubscriptionController: [getSubId]- sSlotIdxToSubId.size == 0, return DummySubIds slotIdx=0
04-20 17:07:55.049537  1576  1576 D SubscriptionController: getDummySubIds: slotIdx=0 return 2 DummySubIds with each subId=-2
04-20 17:07:55.051658  1576  1576 D GsmSST  : [GsmSST0] handleMessage msg done
04-20 17:07:56.025999   720   736 D RILC    : s_last_wake_timeout_info: 0x7f94583960 reset to NULL
04-20 17:07:56.026293   720   736 D RILC    : userTimerCallback free  p_info: 0x7f94583960
04-20 17:07:56.026485   720   736 D RILC    : userTimerCallback free  p_info->event: 0x7f94583970
04-20 17:07:57.446424   560   560 D RILMUXD : [gsm0710muxd] 3897:main(): Frames received/dropped: 8773/0
04-20 17:07:59.175833   720   736 I RILC    : NUMBER:1
04-20 17:07:59.176854   720   736 I RILC    : arg len:14
04-20 17:07:59.177576   720   736 I RILC    : ARGS[0]:THERMAL,0,-1
04-20 17:07:59.178067   720   736 D RILC    : C[locl]> QUERY_MODEM_THERMAL
04-20 17:07:59.178304   720   736 D RILC-MTK: QUERY_MODEM_THERMAL pRI=0x7f9644cba0 p=0x7f964562a0 dispatched to RIL_CMD_PROXY_1
04-20 17:07:59.180864   720   735 I RILC-MTK: RIL_ATCI2_PROXY wakeup
04-20 17:07:59.181112   720   735 I RILC-MTK: RIL_ATCI2_PROXY sleep
04-20 17:07:59.181390   720   732 I RILC-MTK: RIL_CMD2_PROXY_2 wakeup
04-20 17:07:59.181563   720   732 I RILC-MTK: RIL_CMD2_PROXY_2 sleep
04-20 17:07:59.181844   720   728 I RILC-MTK: RIL_CMD_PROXY_4 wakeup
04-20 17:07:59.182008   720   728 I RILC-MTK: RIL_CMD_PROXY_4 sleep
04-20 17:07:59.182308   720   729 I RILC-MTK: RIL_ATCI_PROXY wakeup
04-20 17:07:59.182480   720   729 I RILC-MTK: RIL_ATCI_PROXY sleep
04-20 17:07:59.182864   720   734 I RILC-MTK: RIL_CMD2_PROXY_4 wakeup
04-20 17:07:59.183034   720   734 I RILC-MTK: RIL_CMD2_PROXY_4 sleep
04-20 17:07:59.183316   720   724 I RILC-MTK: RIL_URC_PROXY wakeup
04-20 17:07:59.183484   720   724 I RILC-MTK: RIL_URC_PROXY sleep
04-20 17:07:59.183956   720   726 I RILC-MTK: RIL_CMD_PROXY_2 wakeup
04-20 17:07:59.184127   720   726 I RILC-MTK: RIL_CMD_PROXY_2 sleep
04-20 17:07:59.184438   720   730 I RILC-MTK: RIL_URC2_PROXY wakeup
04-20 17:07:59.184605   720   730 I RILC-MTK: RIL_URC2_PROXY sleep
04-20 17:07:59.184876   720   733 I RILC-MTK: RIL_CMD2_PROXY_1 wakeup
04-20 17:07:59.185043   720   733 I RILC-MTK: RIL_CMD2_PROXY_1 sleep
04-20 17:07:59.185350   720   727 I RILC-MTK: RIL_CMD_PROXY_1 wakeup
04-20 17:07:59.185528   720   727 D RILC-MTK: proxy id:3, proxyName: RIL_CMD_PROXY_1
04-20 17:07:59.185717   720   727 D RILC-MTK: QUERY_MODEM_THERMAL pRI=0x7f9644cba0 p=0x7f964562a0 execute on RIL_CMD_PROXY_1 using channel 3
04-20 17:07:59.185897   720   727 D RILC    : callOnRequest for new vendor ril
04-20 17:07:59.186072   720   727 D RIL     : onRequest: QUERY_MODEM_THERMAL, datalen = 8
04-20 17:07:59.186882   720   731 I RILC-MTK: RIL_CMD2_PROXY_3 wakeup
04-20 17:07:59.187054   720   731 I RILC-MTK: RIL_CMD2_PROXY_3 sleep
04-20 17:07:59.187291   720   725 I RILC-MTK: RIL_CMD_PROXY_3 wakeup
04-20 17:07:59.187455   720   725 I RILC-MTK: RIL_CMD_PROXY_3 sleep
04-20 17:07:59.191157   720   727 D RIL     : radioState:10
04-20 17:07:59.191359   720   727 D RIL     : requestQueryThermal Enter,-1
04-20 17:07:59.191560   720   727 D AT      : getRILChannelCtx subsystem:1, rid:0 channelOffset:0
04-20 17:07:59.191733   720   727 D AT      : AT send on RIL_CMD_READER_3, tid:547975332928
04-20 17:07:59.191900   720   727 D AT      : AT> AT+ETHERMAL
04-20 17:07:59.192113   720   727 I AT      : AT write start
04-20 17:07:59.192830   560   712 D RILMUXD : [gsm0710muxd] 3614:poll_thread(): poll_thread select found
04-20 17:07:59.193047   560   712 D RILMUXD : [gsm0710muxd] 1045:pseudo_device_read(): Enter, LackofAtciChannel=0
04-20 17:07:59.193379   560   712 D RILMUXD : [gsm0710muxd] 657:write_frame(): Sending frame to channel 5
04-20 17:07:59.194856   560   712 D RILMUXD : [gsm0710muxd] 766:write_frame(): Write a frame on channel 5 with length 12
04-20 17:07:59.201140   560   706 D RILMUXD : [gsm0710muxd] 1643:gsm0710_base_buffer_get_frame(): Get a complete frame. ch:5, ctrl:239, len:44
04-20 17:07:59.201213   560   706 D RILMUXD : [gsm0710muxd] 2383:extract_frames(): Writing 44 byte frame received on channel 5 to /dev/pts/10
04-20 17:07:59.201416   560   706 D RILMUXD : [gsm0710muxd] 2403:extract_frames(): write() returned. Written 44/44 bytes of frame to /dev/pts/10
04-20 17:07:59.201469   560   706 D RILMUXD : [gsm0710muxd] 2408:extract_frames(): fsync() failed (-1, 22 - Invalid argument)
04-20 17:07:59.201524   560   706 D RILMUXD : [gsm0710muxd] 1643:gsm0710_base_buffer_get_frame(): Get a complete frame. ch:5, ctrl:239, len:6
04-20 17:07:59.201574   560   706 D RILMUXD : [gsm0710muxd] 2383:extract_frames(): Writing 6 byte frame received on channel 5 to /dev/pts/10
04-20 17:07:59.201630   560   706 D RILMUXD : [gsm0710muxd] 2403:extract_frames(): write() returned. Written 6/6 bytes of frame to /dev/pts/10
04-20 17:07:59.201678   560   706 D RILMUXD : [gsm0710muxd] 2408:extract_frames(): fsync() failed (-1, 22 - Invalid argument)
04-20 17:07:59.201816   720   743 I AT      : AT read end: 50
04-20 17:07:59.201864   720   743 D AT      : AT< +ETHERMAL: 2, 32767, -127, -1, 32767, 18
04-20 17:07:59.201908   720   743 D AT      : RIL_CMD_READER_3 Enter processLine:+ETHERMAL: 2, 32767, -127, -1, 32767, 18
04-20 17:07:59.201955   720   743 D AT      : AT< OK
04-20 17:07:59.201996   720   743 D AT      : RIL_CMD_READER_3 Enter processLine:OK
04-20 17:07:59.202059   720   743 I AT      : AT read start
04-20 17:07:59.202135   720   727 D AT      : response received on RIL_CMD_READER_3, tid:547975332928
04-20 17:07:59.202180   720   727 D RIL     : requestQueryThermal success
04-20 17:07:59.202224   720   727 D RILC    : RequestComplete, RIL_SOCKET_1
04-20 17:07:59.202269   720   727 D RILC    : [THERMAL] local request for THERMAL returned 
04-20 17:07:59.202323   720   727 D RILC    : [THERMAL] s_THERMAL_fd is valid strResult is  2, 32767, -127, -1, 32767, 18
04-20 17:07:59.202413   720   727 D RILC-MTK: proxyLoop free  pRI=0x7f9644cba0 p=0x7f964562a0 
04-20 17:07:59.202664   720   727 D RILC-MTK: proxyLoop free  pRequest=0x7f964521a0
04-20 17:07:59.202706   720   727 I RILC-MTK: RIL_CMD_PROXY_1 sleep
04-20 17:07:59.912445  1576  1576 D FdManager: [GDCT][phoneId0]onReceive: action=android.intent.action.BATTERY_CHANGED
04-20 17:07:59.917796  1576  1576 D FdManager: [GDCT][phoneId1]onReceive: action=android.intent.action.BATTERY_CHANGED
04-20 17:08:00.143872   560   706 D RILMUXD : [gsm0710muxd] 1643:gsm0710_base_buffer_get_frame(): Get a complete frame. ch:2, ctrl:239, len:39
04-20 17:08:00.143972   560   706 D RILMUXD : [gsm0710muxd] 2383:extract_frames(): Writing 39 byte frame received on channel 2 to /dev/pts/7
04-20 17:08:00.144064   560   706 D RILMUXD : [gsm0710muxd] 2403:extract_frames(): write() returned. Written 39/39 bytes of frame to /dev/pts/7
04-20 17:08:00.144115   560   706 D RILMUXD : [gsm0710muxd] 2408:extract_frames(): fsync() failed (-1, 22 - Invalid argument)
04-20 17:08:00.144254   720   740 I AT      : AT read end: 39
04-20 17:08:00.144317   720   740 D AT      : AT< +ECSQ: 43,37,1,-311,-23,1,1,2,32767
04-20 17:08:00.144364   720   740 D AT      : RIL_URC_READER Enter processLine:+ECSQ: 43,37,1,-311,-23,1,1,2,32767
04-20 17:08:00.144465   720   740 D RILC    : [MAL_AT] data sent to rild-mal-at is '+ECSQ: 43,37,1,-311,-23,1,1,2,32767'
04-20 17:08:00.144566   720   740 D RILC    : internalRequestTimedCallback malloc p_info: 0x7f94583ba0
04-20 17:08:00.144622   720   740 D RILC    : internalRequestTimedCallback malloc p_info->event: 0x7f94583bb0
04-20 17:08:00.144716   720   740 D RIL     : Nw URC:+ECSQ: 43,37,1,-311,-23,1,1,2,32767
04-20 17:08:00.144824   720   740 D RIL     : convert3GRssiValue baseband=503 ,isFdd3G=1,isTdd3G=0 ,RSCP_in_qdbm=-311 ,EcN0_in_qdbm=-23
04-20 17:08:00.144881   720   740 D RILC    : callForRilVersion new vendor RIL, version: 10
04-20 17:08:00.146811   720   740 I RILC    : RIL_SOCKET_1 UNSOLICITED: UNSOL_SIGNAL_STRENGTH length:72
04-20 17:08:00.146855   720   740 E RILC    : Send Response to rild-mal
04-20 17:08:00.146977   720   740 E RILC    : Send Response to RIL_SOCKET_1
04-20 17:08:00.147079   720   740 I AT      : AT read start
04-20 17:08:00.147837  1576  1576 D GsmSST  : [GsmSST0] handle EVENT_SIGNAL_STRENGTH_UPDATE
04-20 17:08:00.148027  1576  1576 D GsmSST  : [GsmSST0] onSignalStrengthResult():  LastSignalStrength=SignalStrength: 14 35 -120 -160 -2 0 -1 99 2147483647 -2147483647 2147483647 2147483647 2147483647 gsm|lte 1 -316 -27
04-20 17:08:00.148129  1576  1576 D GsmSST  : [GsmSST0] onSignalStrengthResult():new mSignalStrength=SignalStrength: 14 37 -120 -160 -2 0 -1 99 2147483647 -2147483647 2147483647 2147483647 2147483647 gsm|lte 1 -312 -23
04-20 17:08:00.148324  1576  1576 W SignalStrength: SignalStrength get plugin
04-20 17:08:00.148424  1576  1576 I use-Rlog/RLOG-GSM: getLTELevel - rsrp:2147483647 snr:2147483647 rsrpIconLevel:-1 snrIconLevel:-1
04-20 17:08:00.148488  1576  1576 I use-Rlog/RLOG-GSM: getLTELevel - rssi:99 rssiIconLevel:0
04-20 17:08:00.148548  1576  1576 W SignalStrength: SignalStrength get plugin
04-20 17:08:00.148609  1576  1576 I use-Rlog/RLOG-GSM:  asu: 14 gsmRscp: -78 out level: 4
04-20 17:08:00.148671  1576  1576 D GsmSST  : [GsmSST0] notifySignalStrength: mSignalStrength.getLevel=4
04-20 17:08:00.148771  1576  1576 D SubscriptionController: [getSubId]- sSlotIdxToSubId.size == 0, return DummySubIds slotIdx=0
04-20 17:08:00.148840  1576  1576 D SubscriptionController: getDummySubIds: slotIdx=0 return 2 DummySubIds with each subId=-2
04-20 17:08:00.149051  1576  1576 D DefaultPhoneNotifier: notifySignalStrength: mRegistry=com.android.internal.telephony.ITelephonyRegistry$Stub$Proxy@20f1708 ss=SignalStrength: 14 37 -120 -160 -2 0 -1 99 2147483647 -2147483647 2147483647 2147483647 2147483647 gsm|lte 1 -312 -23 sender=Handler (com.android.internal.telephony.gsm.GSMPhone) {e4ac408}
04-20 17:08:00.150227   964  1747 D TelephonyRegistry: notifySignalStrengthForSubscriber: subId=-2 signalStrength=SignalStrength: 14 37 -120 -160 -2 0 -1 99 2147483647 -2147483647 2147483647 2147483647 2147483647 gsm|lte 1 -312 -23
04-20 17:08:00.150401   964  1747 D TelephonyRegistry: notifySignalStrengthForSubscriber: logSSC.length=5 next=1
04-20 17:08:00.152154   964  1747 D TelephonyRegistry: notifyServiceStateForSubscriber Time 20160420T164753Asia/Shanghai(3,110,28800,0,1461142073) mSubId -2 mPhoneId 0  mState 1 1 voice home data home null null null null null null  Unknown Unknown CSS not supported -1 -1 RoamInd=-1 DefRoamInd=-1 EmergOnly=true Ril Voice Regist state: 10 Ril Data Regist state: 0 mProprietaryDataRadioTechnology: 0 VoiceRejectCause: -1 DataRejectCause: -1 mCdmaNetWorkMode: 0 IsDataRoamingFromRegistration=false
04-20 17:08:00.153916   964  1747 D TelephonyRegistry: notifyServiceStateForSubscriber Time 20160420T164753Asia/Shanghai(3,110,28800,0,1461142073) mSubId -2 mPhoneId 0  mState 1 1 voice home data home null null null null null null  Unknown Unknown CSS not supported 0 0 RoamInd=-1 DefRoamInd=-1 EmergOnly=true Ril Voice Regist state: 10 Ril Data Regist state: 0 mProprietaryDataRadioTechnology: 0 VoiceRejectCause: -1 DataRejectCause: -1 mCdmaNetWorkMode: 0 IsDataRoamingFromRegistration=false
04-20 17:08:00.155621   964  1747 D TelephonyRegistry: notifyServiceStateForSubscriber Time 20160420T170732Asia/Shanghai(3,110,28800,0,1461143252) mSubId -2 mPhoneId 0  mState 1 1 voice home data home null null null null null null  Unknown Unknown CSS not supported -1 -1 RoamInd=-1 DefRoamInd=-1 EmergOnly=true Ril Voice Regist state: 10 Ril Data Regist state: 0 mProprietaryDataRadioTechnology: 0 VoiceRejectCause: -1 DataRejectCause: -1 mCdmaNetWorkMode: 0 IsDataRoamingFromRegistration=false
04-20 17:08:00.157331   964  1747 D TelephonyRegistry: notifyServiceStateForSubscriber Time 20160420T170735Asia/Shanghai(3,110,28800,0,1461143255) mSubId -2 mPhoneId 0  mState 1 1 voice home data home null null null null null null  Unknown Unknown CSS not supported 0 0 RoamInd=-1 DefRoamInd=-1 EmergOnly=true Ril Voice Regist state: 10 Ril Data Regist state: 0 mProprietaryDataRadioTechnology: 0 VoiceRejectCause: -1 DataRejectCause: -1 mCdmaNetWorkMode: 0 IsDataRoamingFromRegistration=false
04-20 17:08:00.159010   964  1747 D TelephonyRegistry: notifyServiceStateForSubscriber Time 20160420T170749Asia/Shanghai(3,110,28800,0,1461143269) mSubId -2 mPhoneId 0  mState 1 1 voice home data home null null null null null null  Unknown Unknown CSS not supported -1 -1 RoamInd=-1 DefRoamInd=-1 EmergOnly=true Ril Voice Regist state: 10 Ril Data Regist state: 0 mProprietaryDataRadioTechnology: 0 VoiceRejectCause: -1 DataRejectCause: -1 mCdmaNetWorkMode: 0 IsDataRoamingFromRegistration=false
04-20 17:08:00.159137   964  1747 D TelephonyRegistry: notifySignalStrengthForSubscriber: ----------------
04-20 17:08:00.159396   964  1747 D SubscriptionManager: [getPhoneId]- return dummy value, subId = -2
04-20 17:08:00.159516   964  1747 D TelephonyRegistry: validatePhoneId: true
04-20 17:08:00.159607   964  1747 D TelephonyRegistry: notifySignalStrengthForSubscriber: valid phoneId=0
04-20 17:08:00.160666  1576  1576 D SubscriptionController: [getPhoneId] asked for default subId=-1
04-20 17:08:00.160951  1576  1576 D SubscriptionController: [getPhoneId]- invalid subId = -1 return = -1
04-20 17:08:00.161437   964  1747 D SubscriptionManager: [getPhoneId]- return dummy value, subId = -2
04-20 17:08:00.161539   964  1747 D TelephonyRegistry: idMatch: rlt=false
04-20 17:08:00.161793   964  1747 D TelephonyRegistry: handleRemoveListLocked: mRemoveList.size()=0
04-20 17:08:00.162098   964  1747 W SignalStrength: SignalStrength get plugin
04-20 17:08:00.162360   964  1747 I use-Rlog/RLOG-GSM: getLTELevel - rsrp:2147483647 snr:2147483647 rsrpIconLevel:-1 snrIconLevel:-1
04-20 17:08:00.162467   964  1747 I use-Rlog/RLOG-GSM: getLTELevel - rssi:99 rssiIconLevel:0
04-20 17:08:00.162532   964  1747 W SignalStrength: SignalStrength get plugin
04-20 17:08:00.162641   964  1747 I use-Rlog/RLOG-GSM:  asu: 14 gsmRscp: -78 out level: 4
04-20 17:08:00.163172   964  1747 D SubscriptionManager: [getPhoneId]- return dummy value, subId = -2
04-20 17:08:00.164260  1576  1576 D SubscriptionController: [getSubId]- sSlotIdxToSubId.size == 0, return DummySubIds slotIdx=0
04-20 17:08:00.164376  1576  1576 D SubscriptionController: getDummySubIds: slotIdx=0 return 2 DummySubIds with each subId=-2
04-20 17:08:00.166403  1576  1576 D GsmSST  : [GsmSST0] handleMessage msg done
04-20 17:08:01.146111   720   736 D RILC    : s_last_wake_timeout_info: 0x7f94583ba0 reset to NULL
04-20 17:08:01.146408   720   736 D RILC    : userTimerCallback free  p_info: 0x7f94583ba0
04-20 17:08:01.146593   720   736 D RILC    : userTimerCallback free  p_info->event: 0x7f94583bb0
04-20 17:08:02.447679   560   560 D RILMUXD : [gsm0710muxd] 3897:main(): Frames received/dropped: 8776/0
04-20 17:08:03.796307   560   706 D RILMUXD : [gsm0710muxd] 1643:gsm0710_base_buffer_get_frame(): Get a complete frame. ch:2, ctrl:239, len:36
04-20 17:08:03.796408   560   706 D RILMUXD : [gsm0710muxd] 2383:extract_frames(): Writing 36 byte frame received on channel 2 to /dev/pts/7
04-20 17:08:03.796498   560   706 D RILMUXD : [gsm0710muxd] 2403:extract_frames(): write() returned. Written 36/36 bytes of frame to /dev/pts/7
04-20 17:08:03.796556   560   706 D RILMUXD : [gsm0710muxd] 2408:extract_frames(): fsync() failed (-1, 22 - Invalid argument)
04-20 17:08:03.796723   720   740 I AT      : AT read end: 36
04-20 17:08:03.796781   720   740 D AT      : AT< +CREG: 0,"A536","0DA0433B",2,0,0
04-20 17:08:03.796831   720   740 D AT      : RIL_URC_READER Enter processLine:+CREG: 0,"A536","0DA0433B",2,0,0
04-20 17:08:03.796990   720   740 D RILC    : [MAL_AT] data sent to rild-mal-at is '+CREG: 0,"A536","0DA0433B",2,0,0'
04-20 17:08:03.797165   720   740 D RILC    : internalRequestTimedCallback malloc p_info: 0x7f94583060
04-20 17:08:03.797220   720   740 D RILC    : internalRequestTimedCallback malloc p_info->event: 0x7f94583070
04-20 17:08:03.797325   720   740 D RIL     : Nw URC:+CREG: 0,"A536","0DA0433B",2,0,0
04-20 17:08:03.797383   720   740 D RIL     : The URC is "A536","0DA0433B",2,0,0
04-20 17:08:03.797435   720   740 D RIL     : convertRegState() uiRegState=0 , uiRet=0 
04-20 17:08:03.797480   720   740 D RIL     : onNetworkStateChanged() , stat=0 , is_cs=1
04-20 17:08:03.797539   720   740 D RIL     : +creg urc <ci>: 228606779
04-20 17:08:03.797587   720   740 D RIL     : bCREGType3Support=1
04-20 17:08:03.797630   720   740 D RIL     : now +creg urc <cause_type>: 0
