04-20 17:08:03.797674   720   740 D RIL     : now +creg urc <cause>: 0
04-20 17:08:03.797770   720   740 I RILC    : RIL_SOCKET_1 UNSOLICITED: UNSOL_RESPONSE_VOICE_NETWORK_STATE_CHANGED length:72
04-20 17:08:03.797816   720   740 E RILC    : Send Response to rild-mal
04-20 17:08:03.797938   720   740 E RILC    : Send Response to RIL_SOCKET_1
04-20 17:08:03.798033   720   740 D RILC    : s_last_wake_timeout_info: 0x7f94583060, cancel
04-20 17:08:03.798082   720   740 D RILC    : internalRequestTimedCallback malloc p_info: 0x7f94583180
04-20 17:08:03.798129   720   740 D RILC    : internalRequestTimedCallback malloc p_info->event: 0x7f94583190
04-20 17:08:03.798204   720   740 I AT      : AT read start
04-20 17:08:03.799103   560   706 D RILMUXD : [gsm0710muxd] 1643:gsm0710_base_buffer_get_frame(): Get a complete frame. ch:2, ctrl:239, len:42
04-20 17:08:03.799176   560   706 D RILMUXD : [gsm0710muxd] 2383:extract_frames(): Writing 42 byte frame received on channel 2 to /dev/pts/7
04-20 17:08:03.799278   560   706 D RILMUXD : [gsm0710muxd] 2403:extract_frames(): write() returned. Written 42/42 bytes of frame to /dev/pts/7
04-20 17:08:03.799339   560   706 D RILMUXD : [gsm0710muxd] 2408:extract_frames(): fsync() failed (-1, 22 - Invalid argument)
04-20 17:08:03.799406   560   706 D RILMUXD : [gsm0710muxd] 1643:gsm0710_base_buffer_get_frame(): Get a complete frame. ch:2, ctrl:239, len:23
04-20 17:08:03.799461   560   706 D RILMUXD : [gsm0710muxd] 2383:extract_frames(): Writing 23 byte frame received on channel 2 to /dev/pts/7
04-20 17:08:03.799526   560   706 D RILMUXD : [gsm0710muxd] 2403:extract_frames(): write() returned. Written 23/23 bytes of frame to /dev/pts/7
04-20 17:08:03.799580   560   706 D RILMUXD : [gsm0710muxd] 2408:extract_frames(): fsync() failed (-1, 22 - Invalid argument)
04-20 17:08:03.799647  1576  1807 V RILJ    : [UNSL]< UNSOL_RESPONSE_VOICE_NETWORK_STATE_CHANGED {0, a536, da0433b, 2, 0} [SUB0]
04-20 17:08:03.800083  1576  1576 D GsmSST  : [GsmSST0] handle EVENT_NETWORK_STATE_CHANGED
04-20 17:08:03.800253  1576  1576 D GsmSST  : [GsmSST0] onNetworkStateChangeResult state:0 lac:42294 cid:228606779 Act:2 cause:0
04-20 17:08:03.800378  1576  1576 I use-Rlog/RLOG-GSM: clear dontUpdateNetworkStateFlag
04-20 17:08:03.800481  1576  1576 D GsmSST  : [GsmSST0] mNewCellLoc Updated, lac:42294 and cid:228606779
04-20 17:08:03.801815  1576  1576 D SubscriptionController: [getSubId]- sSlotIdxToSubId.size == 0, return DummySubIds slotIdx=0
04-20 17:08:03.801928  1576  1576 D SubscriptionController: getDummySubIds: slotIdx=0 return 2 DummySubIds with each subId=-2
04-20 17:08:03.802029  1576  1576 D GsmSST  : [GsmSST0] Invalid subId, return invalid networkType
04-20 17:08:03.802142  1576  1576 D GsmSST  : [GsmSST0] pollState RadioState is RADIO_ON, currentNetworkMode= -1
04-20 17:08:03.802288  1576  1576 D RILJ    : [4859]> OPERATOR [SUB0]
04-20 17:08:03.799641   560   706 D RILMUXD : [gsm0710muxd] 1643:gsm0710_base_buffer_get_frame(): Get a complete frame. ch:2, ctrl:239, len:21
04-20 17:08:03.804038   560   706 D RILMUXD : [gsm0710muxd] 2383:extract_frames(): Writing 21 byte frame received on channel 2 to /dev/pts/7
04-20 17:08:03.804122   560   706 D RILMUXD : [gsm0710muxd] 2403:extract_frames(): write() returned. Written 21/21 bytes of frame to /dev/pts/7
04-20 17:08:03.804173   560   706 D RILMUXD : [gsm0710muxd] 2408:extract_frames(): fsync() failed (-1, 22 - Invalid argument)
04-20 17:08:03.806617   720   740 I AT      : AT read end: 86
04-20 17:08:03.806700   720   740 D AT      : AT< +CGREG: 0,"A536","0DA0433B",2,"02",0,0
04-20 17:08:03.806749   720   740 D AT      : RIL_URC_READER Enter processLine:+CGREG: 0,"A536","0DA0433B",2,"02",0,0
04-20 17:08:03.806854   720   740 D RILC    : [MAL_AT] data sent to rild-mal-at is '+CGREG: 0,"A536","0DA0433B",2,"02",0,0'
04-20 17:08:03.806956   720   740 D RILC    : s_last_wake_timeout_info: 0x7f94583180, cancel
04-20 17:08:03.807005   720   740 D RILC    : internalRequestTimedCallback malloc p_info: 0x7f945830c0
04-20 17:08:03.807056   720   740 D RILC    : internalRequestTimedCallback malloc p_info->event: 0x7f945830d0
04-20 17:08:03.807156   720   740 D RIL     : Nw URC:+CGREG: 0,"A536","0DA0433B",2,"02",0,0
04-20 17:08:03.807334   720   740 D RIL     : The URC is "A536","0DA0433B",2,"02",0,0
04-20 17:08:03.807407   720   740 D RIL     : convertRegState() uiRegState=0 , uiRet=0 
04-20 17:08:03.807453   720   740 D RIL     : onNetworkStateChanged() , stat=0 , is_cs=0
04-20 17:08:03.807711   720   740 I RILC    : RIL_SOCKET_1 UNSOLICITED: UNSOL_RESPONSE_PS_NETWORK_STATE_CHANGED length:16
04-20 17:08:03.807759   720   740 E RILC    : Send Response to rild-mal
04-20 17:08:03.807881   720   740 E RILC    : Send Response to RIL_SOCKET_1
04-20 17:08:03.807978   720   740 D RILC    : s_last_wake_timeout_info: 0x7f945830c0, cancel
04-20 17:08:03.808074   720   740 D RILC    : internalRequestTimedCallback malloc p_info: 0x7f94583360
04-20 17:08:03.808132   720   740 D RILC    : internalRequestTimedCallback malloc p_info->event: 0x7f94583370
04-20 17:08:03.808234   720   740 D AT      : AT< +ESMCI: "46001",1,2
04-20 17:08:03.808236  1576  1807 D RILJ    : responseInts numInts=1 [SUB0]
04-20 17:08:03.808289   720   740 D AT      : RIL_URC_READER Enter processLine:+ESMCI: "46001",1,2
04-20 17:08:03.808324  1576  1807 D RILJ    : responseInts response[0]=0 [SUB0]
04-20 17:08:03.808378   720   740 D RILC    : [MAL_AT] data sent to rild-mal-at is '+ESMCI: "46001",1,2'
04-20 17:08:03.808480   720   740 D RILC    : s_last_wake_timeout_info: 0x7f94583360, cancel
04-20 17:08:03.808534   720   740 D RILC    : internalRequestTimedCallback malloc p_info: 0x7f945833c0
04-20 17:08:03.808588   720   740 D RILC    : internalRequestTimedCallback malloc p_info->event: 0x7f945833d0
04-20 17:08:03.808656   720   740 D RIL     : Nw URC:+ESMCI: "46001",1,2
04-20 17:08:03.809099  1576  1576 D RILJ    : [4860]> DATA_REGISTRATION_STATE [SUB0]
04-20 17:08:03.810960   720   736 D RILC    : SOCKET RIL_SOCKET_1 REQUEST: OPERATOR length:8
04-20 17:08:03.811058   720   736 I RILC-MTK: create request 22: pRequest=0x7f96452220, pRI=0x7f9644c390, p=0x7f96456310, pUCI=0x0
04-20 17:08:03.811113   720   736 D RILC-MTK: OPERATOR pRI=0x7f9644c390 p=0x7f96456310 dispatched to RIL_CMD_PROXY_3
04-20 17:08:03.811408   720   736 D RILC    : Client rild-mal REQUEST: RIL_REQUEST_MAL_PS_RGEGISTRATION_STATE length:96
04-20 17:08:03.811466   720   736 I RILC-MTK: create request 2138: pRequest=0x7f96452240, pRI=0x7f9644c450, p=0x7f96456380, pUCI=0x0
04-20 17:08:03.811599   720   736 D RILC-MTK: 1:OPERATOR pRI=0x7f9644c390 p=0x7f96456310 is queued in RIL_CMD_PROXY_3
04-20 17:08:03.811654   720   736 D RILC-MTK: **** the last executed cmd for RIL_CMD_PROXY_3 is QUERY_NETWORK_SELECTION_MODE ****
04-20 17:08:03.811704   720   736 D RILC-MTK: Request pRI=0x7f9644c450 to RIL_CMD_PROXY_3 is busy. total:2 requests pending
04-20 17:08:03.811842   720   731 I RILC-MTK: RIL_CMD2_PROXY_3 wakeup
04-20 17:08:03.811895   720   731 I RILC-MTK: RIL_CMD2_PROXY_3 sleep
04-20 17:08:03.811946   720   728 I RILC-MTK: RIL_CMD_PROXY_4 wakeup
04-20 17:08:03.812025   720   728 I RILC-MTK: RIL_CMD_PROXY_4 sleep
04-20 17:08:03.812093   720   729 I RILC-MTK: RIL_ATCI_PROXY wakeup
04-20 17:08:03.812113  1576  1576 D RILJ    : [4861]> VOICE_REGISTRATION_STATE [SUB0]
04-20 17:08:03.812141   720   729 I RILC-MTK: RIL_ATCI_PROXY sleep
04-20 17:08:03.812208   720   734 I RILC-MTK: RIL_CMD2_PROXY_4 wakeup
04-20 17:08:03.812328   720   734 I RILC-MTK: RIL_CMD2_PROXY_4 sleep
04-20 17:08:03.812397   720   724 I RILC-MTK: RIL_URC_PROXY wakeup
04-20 17:08:03.812518   720   724 I RILC-MTK: RIL_URC_PROXY sleep
04-20 17:08:03.812586   720   726 I RILC-MTK: RIL_CMD_PROXY_2 wakeup
04-20 17:08:03.812631   720   726 I RILC-MTK: RIL_CMD_PROXY_2 sleep
04-20 17:08:03.812700   720   730 I RILC-MTK: RIL_URC2_PROXY wakeup
04-20 17:08:03.812746   720   730 I RILC-MTK: RIL_URC2_PROXY sleep
04-20 17:08:03.812813   720   733 I RILC-MTK: RIL_CMD2_PROXY_1 wakeup
04-20 17:08:03.812862   720   733 I RILC-MTK: RIL_CMD2_PROXY_1 sleep
04-20 17:08:03.812951   720   735 I RILC-MTK: RIL_ATCI2_PROXY wakeup
04-20 17:08:03.812997   720   735 I RILC-MTK: RIL_ATCI2_PROXY sleep
04-20 17:08:03.813059   720   732 I RILC-MTK: RIL_CMD2_PROXY_2 wakeup
04-20 17:08:03.813103   720   732 I RILC-MTK: RIL_CMD2_PROXY_2 sleep
04-20 17:08:03.808448  1576  1807 D RILJ    : [UNSL]< UNSOL_RESPONSE_PS_NETWORK_STATE_CHANGED [SUB0]
04-20 17:08:03.808711   720   740 D RIL     : OEM URC:+ESMCI: "46001",1,2
04-20 17:08:03.811375   720   725 I RILC-MTK: RIL_CMD_PROXY_3 wakeup
04-20 17:08:03.813985   720   736 D RILC    : SOCKET RIL_SOCKET_1 REQUEST: DATA_REGISTRATION_STATE length:8
04-20 17:08:03.815313   720   740 D RIL     : onSwitchModemCauseInformation, delay information: "46001",1,2
04-20 17:08:03.815370   720   740 D AT      : AT< +ECOPS: 1,"46001"
04-20 17:08:03.815479   720   740 D AT      : RIL_URC_READER Enter processLine:+ECOPS: 1,"46001"
04-20 17:08:03.815584   720   740 D RILC    : [MAL_AT] data sent to rild-mal-at is '+ECOPS: 1,"46001"'
04-20 17:08:03.815695   720   740 D RILC    : s_last_wake_timeout_info: 0x7f945833c0, cancel
04-20 17:08:03.815781   720   725 D RILC-MTK: proxy id:1, proxyName: RIL_CMD_PROXY_3
04-20 17:08:03.815834   720   725 D RILC-MTK: OPERATOR pRI=0x7f9644c390 p=0x7f96456310 execute on RIL_CMD_PROXY_3 using channel 1
04-20 17:08:03.815884   720   725 D RILC    : callOnRequest for new vendor ril
04-20 17:08:03.815935   720   725 D RIL     : onRequest: OPERATOR, datalen = 0
04-20 17:08:03.815980   720   725 D RIL     : radioState:10
04-20 17:08:03.816036   720   725 D AT      : AT send on RIL_CMD_READER_1, tid:547977413696
04-20 17:08:03.816050   720   740 D RILC    : internalRequestTimedCallback malloc p_info: 0x7f945834e0
04-20 17:08:03.816084   720   725 D AT      : AT> AT+COPS?
04-20 17:08:03.816108   720   740 D RILC    : internalRequestTimedCallback malloc p_info->event: 0x7f945834f0
04-20 17:08:03.816128   720   725 I AT      : AT write start
04-20 17:08:03.811602   720   727 I RILC-MTK: RIL_CMD_PROXY_1 wakeup
04-20 17:08:03.816654   560   710 D RILMUXD : [gsm0710muxd] 3614:poll_thread(): poll_thread select found
04-20 17:08:03.816729   720   727 I RILC-MTK: RIL_CMD_PROXY_1 sleep
04-20 17:08:03.816738   560   710 D RILMUXD : [gsm0710muxd] 1045:pseudo_device_read(): Enter, LackofAtciChannel=0
04-20 17:08:03.816806   560   710 D RILMUXD : [gsm0710muxd] 657:write_frame(): Sending frame to channel 3
04-20 17:08:03.816945   560   710 D RILMUXD : [gsm0710muxd] 766:write_frame(): Write a frame on channel 3 with length 9
04-20 17:08:03.814065   720   736 I RILC-MTK: create request 21: pRequest=0x7f964522a0, pRI=0x7f9644c4b0, p=0x7f964565b0, pUCI=0x0
04-20 17:08:03.816182   720   740 D RIL     : Nw URC:+ECOPS: 1,"46001"
04-20 17:08:03.817576   720   736 D RILC-MTK: 1:RIL_REQUEST_MAL_PS_RGEGISTRATION_STATE pRI=0x7f9644c450 p=0x7f96456380 is queued in RIL_CMD_PROXY_3
04-20 17:08:03.817631   720   736 D RILC-MTK: **** the last executed cmd for RIL_CMD_PROXY_3 is OPERATOR ****
04-20 17:08:03.817683   720   736 D RILC-MTK: Request pRI=0x7f9644c4b0 to RIL_CMD_PROXY_3 is busy. total:2 requests pending
04-20 17:08:03.817819   720   736 D RILC    : SOCKET RIL_SOCKET_1 REQUEST: VOICE_REGISTRATION_STATE length:8
04-20 17:08:03.817867  1576  1576 D RILJ    : [4862]> QUERY_NETWORK_SELECTION_MODE [SUB0]
04-20 17:08:03.817889   720   736 I RILC-MTK: create request 20: pRequest=0x7f96452400, pRI=0x7f9644c570, p=0x7f96456a80, pUCI=0x0
04-20 17:08:03.818260   720   736 D RILC-MTK: 1:RIL_REQUEST_MAL_PS_RGEGISTRATION_STATE pRI=0x7f9644c450 p=0x7f96456380 is queued in RIL_CMD_PROXY_3
04-20 17:08:03.818310   720   736 D RILC-MTK: 2:DATA_REGISTRATION_STATE pRI=0x7f9644c4b0 p=0x7f964565b0 is queued in RIL_CMD_PROXY_3
04-20 17:08:03.818422   720   736 D RILC-MTK: **** the last executed cmd for RIL_CMD_PROXY_3 is OPERATOR ****
04-20 17:08:03.818799   560   706 D RILMUXD : [gsm0710muxd] 1643:gsm0710_base_buffer_get_frame(): Get a complete frame. ch:3, ctrl:239, len:12
04-20 17:08:03.818814   720   740 D RIL     : onPlmnListChanged= 1, 46001
04-20 17:08:03.818975   720   736 D RILC-MTK: Request pRI=0x7f9644c570 to RIL_CMD_PROXY_3 is busy. total:3 requests pending
04-20 17:08:03.819010   560   706 D RILMUXD : [gsm0710muxd] 2383:extract_frames(): Writing 12 byte frame received on channel 3 to /dev/pts/8
04-20 17:08:03.819106   560   706 D RILMUXD : [gsm0710muxd] 2403:extract_frames(): write() returned. Written 12/12 bytes of frame to /dev/pts/8
04-20 17:08:03.819163   560   706 D RILMUXD : [gsm0710muxd] 2408:extract_frames(): fsync() failed (-1, 22 - Invalid argument)
04-20 17:08:03.819228   560   706 D RILMUXD : [gsm0710muxd] 1643:gsm0710_base_buffer_get_frame(): Get a complete frame. ch:3, ctrl:239, len:6
04-20 17:08:03.819282   560   706 D RILMUXD : [gsm0710muxd] 2383:extract_frames(): Writing 6 byte frame received on channel 3 to /dev/pts/8
04-20 17:08:03.819315   720   740 I RILC    : RIL_SOCKET_1 UNSOLICITED: RIL_UNSOL_RESPONSE_PLMN_CHANGED length:28
04-20 17:08:03.819344   560   706 D RILMUXD : [gsm0710muxd] 2403:extract_frames(): write() returned. Written 6/6 bytes of frame to /dev/pts/8
04-20 17:08:03.819361   720   740 E RILC    : Send Response to rild-mal
04-20 17:08:03.819391   560   706 D RILMUXD : [gsm0710muxd] 2408:extract_frames(): fsync() failed (-1, 22 - Invalid argument)
04-20 17:08:03.819459   720   740 E RILC    : Send Response to RIL_SOCKET_1
04-20 17:08:03.819554   720   740 D RILC    : s_last_wake_timeout_info: 0x7f945834e0, cancel
04-20 17:08:03.819567   720   741 I AT      : AT read end: 18
04-20 17:08:03.819601   720   740 D RILC    : internalRequestTimedCallback malloc p_info: 0x7f94583540
04-20 17:08:03.819610   720   741 D AT      : AT< +COPS: 0
04-20 17:08:03.819753   720   741 D AT      : RIL_CMD_READER_1 Enter processLine:+COPS: 0
04-20 17:08:03.819809   720   741 D AT      : AT< OK
04-20 17:08:03.819857   720   741 D AT      : RIL_CMD_READER_1 Enter processLine:OK
04-20 17:08:03.820018   720   741 I AT      : AT read start
04-20 17:08:03.820151   720   725 D AT      : response received on RIL_CMD_READER_1, tid:547977413696
04-20 17:08:03.820193  1576  1807 V RILJ    : [UNSL]< RIL_UNSOL_RESPONSE_PLMN_CHANGED {46001} [SUB0]
04-20 17:08:03.820218   720   725 D AT      : AT send on RIL_CMD_READER_1, tid:547977413696
04-20 17:08:03.820263   720   725 D AT      : AT> AT+EOPS?
04-20 17:08:03.820302   720   725 I AT      : AT write start
04-20 17:08:03.820312  1576  1807 D RILJ    : ECOPS,notify mPlmnChangeNotificationRegistrant [SUB0]
04-20 17:08:03.820489   720   740 D RILC    : internalRequestTimedCallback malloc p_info->event: 0x7f94583550
04-20 17:08:03.820546   560   710 D RILMUXD : [gsm0710muxd] 3614:poll_thread(): poll_thread select found
04-20 17:08:03.820607   560   710 D RILMUXD : [gsm0710muxd] 1045:pseudo_device_read(): Enter, LackofAtciChannel=0
04-20 17:08:03.820669   560   710 D RILMUXD : [gsm0710muxd] 657:write_frame(): Sending frame to channel 3
04-20 17:08:03.820678   720   740 I AT      : AT read start
04-20 17:08:03.821379   560   710 D RILMUXD : [gsm0710muxd] 766:write_frame(): Write a frame on channel 3 with length 9
04-20 17:08:03.822522   560   706 D RILMUXD : [gsm0710muxd] 1643:gsm0710_base_buffer_get_frame(): Get a complete frame. ch:3, ctrl:239, len:24
04-20 17:08:03.822614   560   706 D RILMUXD : [gsm0710muxd] 2383:extract_frames(): Writing 24 byte frame received on channel 3 to /dev/pts/8
04-20 17:08:03.822771   560   706 D RILMUXD : [gsm0710muxd] 2403:extract_frames(): write() returned. Written 24/24 bytes of frame to /dev/pts/8
04-20 17:08:03.822838   560   706 D RILMUXD : [gsm0710muxd] 2408:extract_frames(): fsync() failed (-1, 22 - Invalid argument)
04-20 17:08:03.822994   720   741 I AT      : AT read end: 24
04-20 17:08:03.823052   720   741 D AT      : AT< +EOPS: 0,2,"46001",0
04-20 17:08:03.823099   720   741 D AT      : RIL_CMD_READER_1 Enter processLine:+EOPS: 0,2,"46001",0
04-20 17:08:03.823150   720   741 I AT      : AT read start
04-20 17:08:03.823166   560   706 D RILMUXD : [gsm0710muxd] 1643:gsm0710_base_buffer_get_frame(): Get a complete frame. ch:3, ctrl:239, len:6
04-20 17:08:03.823224   560   706 D RILMUXD : [gsm0710muxd] 2383:extract_frames(): Writing 6 byte frame received on channel 3 to /dev/pts/8
04-20 17:08:03.823306   560   706 D RILMUXD : [gsm0710muxd] 2403:extract_frames(): write() returned. Written 6/6 bytes of frame to /dev/pts/8
04-20 17:08:03.823393   560   706 D RILMUXD : [gsm0710muxd] 2408:extract_frames(): fsync() failed (-1, 22 - Invalid argument)
04-20 17:08:03.823576   720   741 I AT      : AT read end: 6
04-20 17:08:03.823619   720   741 D AT      : AT< OK
04-20 17:08:03.823662   720   741 D AT      : RIL_CMD_READER_1 Enter processLine:OK
04-20 17:08:03.823731   720   741 I AT      : AT read start
04-20 17:08:03.823952   720   725 D AT      : response received on RIL_CMD_READER_1, tid:547977413696
04-20 17:08:03.824005   720   725 D RIL     : EOPS Get operator code 46001
04-20 17:08:03.824051   720   725 D RILC    : RequestComplete, RIL_SOCKET_1
04-20 17:08:03.824113   720   725 E RILC    : Send Response to RIL_SOCKET_1
04-20 17:08:03.824222   720   725 D RILC-MTK: proxyLoop free  pRI=0x7f9644c390 p=0x7f96456310 
04-20 17:08:03.824269   720   725 D RILC-MTK: proxyLoop free  pRequest=0x7f96452220
04-20 17:08:03.824316   720   725 D RILC-MTK: proxy id:1, proxyName: RIL_CMD_PROXY_3
04-20 17:08:03.824363   720   725 D RILC-MTK: RIL_REQUEST_MAL_PS_RGEGISTRATION_STATE pRI=0x7f9644c450 p=0x7f96456380 execute on RIL_CMD_PROXY_3 using channel 1
04-20 17:08:03.824415   720   725 D RILC    : callOnRequest for new vendor ril
04-20 17:08:03.824461   720   725 D RIL     : onRequest: RIL_REQUEST_MAL_PS_RGEGISTRATION_STATE, datalen = 8
04-20 17:08:03.824502   720   725 D RIL     : radioState:10
04-20 17:08:03.824553   720   725 D RIL     : onMalPsStateChanged: URC is +CGREG: 0,"A536","0DA0433B",2,"02",0,0
04-20 17:08:03.824603   720   725 D RIL     : convertRegState() uiRegState=0 , uiRet=0 
04-20 17:08:03.824644   720   725 D RIL     : onMalPsStateChanged: stat=0
04-20 17:08:03.824697  1576  1807 D RILJ    : [4859]< OPERATOR {46001} [SUB0]
04-20 17:08:03.824729   720   725 I RILC    : RIL_SOCKET_1 UNSOLICITED: UNSOL_RESPONSE_PS_NETWORK_STATE_CHANGED length:16
04-20 17:08:03.824774   720   725 E RILC    : Send Response to rild-mal
04-20 17:08:03.824886   720   725 E RILC    : Send Response to RIL_SOCKET_1
04-20 17:08:03.824963   720   725 D RILC    : s_last_wake_timeout_info: 0x7f94583540, cancel
04-20 17:08:03.825010   720   725 D RILC    : internalRequestTimedCallback malloc p_info: 0x7f94583420
04-20 17:08:03.825056   720   725 D RILC    : internalRequestTimedCallback malloc p_info->event: 0x7f94583430
04-20 17:08:03.825149   720   725 D RILC    : RequestComplete, RIL_SOCKET_1
04-20 17:08:03.825205   720   725 E RILC    : Send Response to rild-mal
04-20 17:08:03.825288   720   725 D RILC-MTK: proxyLoop free  pRI=0x7f9644c450 p=0x7f96456380 
04-20 17:08:03.825339   720   725 D RILC-MTK: proxyLoop free  pRequest=0x7f96452240
04-20 17:08:03.825384   720   725 D RILC-MTK: proxy id:1, proxyName: RIL_CMD_PROXY_3
04-20 17:08:03.825468   720   725 D RILC-MTK: DATA_REGISTRATION_STATE pRI=0x7f9644c4b0 p=0x7f964565b0 execute on RIL_CMD_PROXY_3 using channel 1
04-20 17:08:03.825511   720   725 D RILC    : callOnRequest for new vendor ril
04-20 17:08:03.825556   720   725 D RIL     : onRequest: DATA_REGISTRATION_STATE, datalen = 0
04-20 17:08:03.825598   720   725 D RIL     : radioState:10
04-20 17:08:03.825665   720   725 D AT      : AT send on RIL_CMD_READER_1, tid:547977413696
04-20 17:08:03.825753   720   725 D AT      : AT> AT+CGREG?
04-20 17:08:03.825795   720   725 I AT      : AT write start
04-20 17:08:03.826521   560   710 D RILMUXD : [gsm0710muxd] 3614:poll_thread(): poll_thread select found
04-20 17:08:03.826579   560   710 D RILMUXD : [gsm0710muxd] 1045:pseudo_device_read(): Enter, LackofAtciChannel=0
04-20 17:08:03.826643   560   710 D RILMUXD : [gsm0710muxd] 657:write_frame(): Sending frame to channel 3
04-20 17:08:03.826746   560   710 D RILMUXD : [gsm0710muxd] 766:write_frame(): Write a frame on channel 3 with length 10
04-20 17:08:03.827195  1576  1576 D GsmSST  : [GsmSST0] handleMessage msg done
04-20 17:08:03.827522  1576  1576 D GsmSST  : [GsmSST0] handle EVENT_PS_NETWORK_STATE_CHANGED
04-20 17:08:03.827643  1576  1807 D RILJ    : responseInts numInts=1 [SUB0]
04-20 17:08:03.827678  1576  1576 D GsmSST  : [GsmSST0] mPsRegState:1,new:1,result:0
04-20 17:08:03.827693   720   736 D RILC    : SOCKET RIL_SOCKET_1 REQUEST: QUERY_NETWORK_SELECTION_MODE length:8
04-20 17:08:03.827715  1576  1807 D RILJ    : responseInts response[0]=0 [SUB0]
04-20 17:08:03.827769   720   736 I RILC-MTK: create request 45: pRequest=0x7f964526a0, pRI=0x7f9644c660, p=0x7f96456cb0, pUCI=0x0
04-20 17:08:03.827804  1576  1807 D RILJ    : [UNSL]< UNSOL_RESPONSE_PS_NETWORK_STATE_CHANGED [SUB0]
04-20 17:08:03.827821   720   736 D RILC-MTK: 1:VOICE_REGISTRATION_STATE pRI=0x7f9644c570 p=0x7f96456a80 is queued in RIL_CMD_PROXY_3
04-20 17:08:03.827874   720   736 D RILC-MTK: **** the last executed cmd for RIL_CMD_PROXY_3 is DATA_REGISTRATION_STATE ****
04-20 17:08:03.827924   720   736 D RILC-MTK: Request pRI=0x7f9644c660 to RIL_CMD_PROXY_3 is busy. total:2 requests pending
04-20 17:08:03.832673  1576  1576 D SubscriptionController: [getSubId]- sSlotIdxToSubId.size == 0, return DummySubIds slotIdx=0
04-20 17:08:03.833013   560   706 D RILMUXD : [gsm0710muxd] 1643:gsm0710_base_buffer_get_frame(): Get a complete frame. ch:3, ctrl:239, len:44
04-20 17:08:03.833377   560   706 D RILMUXD : [gsm0710muxd] 2383:extract_frames(): Writing 44 byte frame received on channel 3 to /dev/pts/8
04-20 17:08:03.833475   560   706 D RILMUXD : [gsm0710muxd] 2403:extract_frames(): write() returned. Written 44/44 bytes of frame to /dev/pts/8
04-20 17:08:03.833531   560   706 D RILMUXD : [gsm0710muxd] 2408:extract_frames(): fsync() failed (-1, 22 - Invalid argument)
04-20 17:08:03.833600   560   706 D RILMUXD : [gsm0710muxd] 1643:gsm0710_base_buffer_get_frame(): Get a complete frame. ch:3, ctrl:239, len:6
04-20 17:08:03.833653   560   706 D RILMUXD : [gsm0710muxd] 2383:extract_frames(): Writing 6 byte frame received on channel 3 to /dev/pts/8
04-20 17:08:03.833716   560   706 D RILMUXD : [gsm0710muxd] 2403:extract_frames(): write() returned. Written 6/6 bytes of frame to /dev/pts/8
04-20 17:08:03.833851   560   706 D RILMUXD : [gsm0710muxd] 2408:extract_frames(): fsync() failed (-1, 22 - Invalid argument)
04-20 17:08:03.834372   720   741 I AT      : AT read end: 50
04-20 17:08:03.834467   720   741 D AT      : AT< +CGREG: 3,0,"A536","0DA0433B",2,"02",0,0
04-20 17:08:03.834502  1576  1576 D SubscriptionController: getDummySubIds: slotIdx=0 return 2 DummySubIds with each subId=-2
04-20 17:08:03.834516   720   741 D AT      : RIL_CMD_READER_1 Enter processLine:+CGREG: 3,0,"A536","0DA0433B",2,"02",0,0
04-20 17:08:03.834613   720   741 D AT      : AT< OK
04-20 17:08:03.834659   720   741 D AT      : RIL_CMD_READER_1 Enter processLine:OK
04-20 17:08:03.834671  1576  1576 D GsmSST  : [GsmSST0] Invalid subId, return invalid networkType
04-20 17:08:03.834769   720   741 I AT      : AT read start
04-20 17:08:03.834804  1576  1576 D GsmSST  : [GsmSST0] pollState RadioState is RADIO_ON, currentNetworkMode= -1
04-20 17:08:03.834984  1576  1576 D RILJ    : [4863]> OPERATOR [SUB0]
04-20 17:08:03.835228   720   725 D AT      : response received on RIL_CMD_READER_1, tid:547977413696
04-20 17:08:03.835292   720   725 D RIL     : convertRegState() uiRegState=0 , uiRet=0 
04-20 17:08:03.835364   720   725 D RIL     : dontChangeCgregFormat=0
04-20 17:08:03.835405   720   725 E RIL     : it is short CREG CGREG
04-20 17:08:03.835465   720   725 E RIL     : rid: 0
04-20 17:08:03.835509   720   725 D RIL     : RestrictedStateChanged: 22
04-20 17:08:03.835556   720   725 D RIL     : isSimInserted(): rid: 0, sim_inserted_status: 0
04-20 17:08:03.835601   720   725 D RIL     : isSimInserted(): pivotSim = 1 ,0
04-20 17:08:03.835646   720   725 D RIL     : isSimInserted(): simInserted = 0
04-20 17:08:03.835695   720   725 D RILC    : RequestComplete, RIL_SOCKET_1
04-20 17:08:03.835756   720   725 E RILC    : Send Response to RIL_SOCKET_1
04-20 17:08:03.835880   720   725 D RILC-MTK: proxyLoop free  pRI=0x7f9644c4b0 p=0x7f964565b0 
04-20 17:08:03.835930   720   725 D RILC-MTK: proxyLoop free  pRequest=0x7f964522a0
04-20 17:08:03.835976   720   725 D RILC-MTK: proxy id:1, proxyName: RIL_CMD_PROXY_3
04-20 17:08:03.836021   720   725 D RILC-MTK: VOICE_REGISTRATION_STATE pRI=0x7f9644c570 p=0x7f96456a80 execute on RIL_CMD_PROXY_3 using channel 1
04-20 17:08:03.836064   720   725 D RILC    : callOnRequest for new vendor ril
04-20 17:08:03.836106   720   725 D RIL     : onRequest: VOICE_REGISTRATION_STATE, datalen = 0
04-20 17:08:03.836289   720   725 D RIL     : radioState:10
04-20 17:08:03.836377  1576  1807 D RILJ    : [4860]< DATA_REGISTRATION_STATE {0, -1, -1, 0} [SUB0]
04-20 17:08:03.836415   720   725 D AT      : AT send on RIL_CMD_READER_1, tid:547977413696
04-20 17:08:03.836460   720   725 D AT      : AT> AT+CREG?
04-20 17:08:03.836499   720   725 I AT      : AT write start
04-20 17:08:03.836685   560   710 D RILMUXD : [gsm0710muxd] 3614:poll_thread(): poll_thread select found
04-20 17:08:03.836745   560   710 D RILMUXD : [gsm0710muxd] 1045:pseudo_device_read(): Enter, LackofAtciChannel=0
04-20 17:08:03.836817   560   710 D RILMUXD : [gsm0710muxd] 657:write_frame(): Sending frame to channel 3
04-20 17:08:03.836979   560   710 D RILMUXD : [gsm0710muxd] 766:write_frame(): Write a frame on channel 3 with length 8
04-20 17:08:03.837153   560   710 D RILMUXD : [gsm0710muxd] 3614:poll_thread(): poll_thread select found
04-20 17:08:03.837217   560   710 D RILMUXD : [gsm0710muxd] 1045:pseudo_device_read(): Enter, LackofAtciChannel=0
04-20 17:08:03.837285   560   710 D RILMUXD : [gsm0710muxd] 657:write_frame(): Sending frame to channel 3
04-20 17:08:03.837383   560   710 D RILMUXD : [gsm0710muxd] 766:write_frame(): Write a frame on channel 3 with length 1
04-20 17:08:03.838456   560   706 D RILMUXD : [gsm0710muxd] 1643:gsm0710_base_buffer_get_frame(): Get a complete frame. ch:3, ctrl:239, len:38
04-20 17:08:03.838525   560   706 D RILMUXD : [gsm0710muxd] 2383:extract_frames(): Writing 38 byte frame received on channel 3 to /dev/pts/8
04-20 17:08:03.838709   720   741 I AT      : AT read end: 38
04-20 17:08:03.838806   720   741 D AT      : AT< +CREG: 3,0,"A536","0DA0433B",2,0,0
04-20 17:08:03.838855   720   741 D AT      : RIL_CMD_READER_1 Enter processLine:+CREG: 3,0,"A536","0DA0433B",2,0,0
04-20 17:08:03.838909   720   741 I AT      : AT read start
04-20 17:08:03.839001   560   706 D RILMUXD : [gsm0710muxd] 2403:extract_frames(): write() returned. Written 38/38 bytes of frame to /dev/pts/8
04-20 17:08:03.839065   560   706 D RILMUXD : [gsm0710muxd] 2408:extract_frames(): fsync() failed (-1, 22 - Invalid argument)
04-20 17:08:03.839132   560   706 D RILMUXD : [gsm0710muxd] 1643:gsm0710_base_buffer_get_frame(): Get a complete frame. ch:3, ctrl:239, len:1
04-20 17:08:03.839184   560   706 D RILMUXD : [gsm0710muxd] 2383:extract_frames(): Writing 1 byte frame received on channel 3 to /dev/pts/8
04-20 17:08:03.839336   720   741 I AT      : AT read end: 1
04-20 17:08:03.839381   720   741 I AT      : AT read start
04-20 17:08:03.839455   560   706 D RILMUXD : [gsm0710muxd] 2403:extract_frames(): write() returned. Written 1/1 bytes of frame to /dev/pts/8
04-20 17:08:03.839510   560   706 D RILMUXD : [gsm0710muxd] 2408:extract_frames(): fsync() failed (-1, 22 - Invalid argument)
04-20 17:08:03.839572   560   706 D RILMUXD : [gsm0710muxd] 1643:gsm0710_base_buffer_get_frame(): Get a complete frame. ch:3, ctrl:239, len:5
04-20 17:08:03.839625   560   706 D RILMUXD : [gsm0710muxd] 2383:extract_frames(): Writing 5 byte frame received on channel 3 to /dev/pts/8
04-20 17:08:03.839772   720   741 I AT      : AT read end: 5
04-20 17:08:03.839822   720   741 D AT      : AT< OK
04-20 17:08:03.839869   720   741 D AT      : RIL_CMD_READER_1 Enter processLine:OK
04-20 17:08:03.839945   720   741 I AT      : AT read start
04-20 17:08:03.840039   720   725 D AT      : response received on RIL_CMD_READER_1, tid:547977413696
04-20 17:08:03.840039   560   706 D RILMUXD : [gsm0710muxd] 2403:extract_frames(): write() returned. Written 5/5 bytes of frame to /dev/pts/8
04-20 17:08:03.840139   720   725 D RIL     : convertRegState() uiRegState=0 , uiRet=0 
04-20 17:08:03.840162   560   706 D RILMUXD : [gsm0710muxd] 2408:extract_frames(): fsync() failed (-1, 22 - Invalid argument)
04-20 17:08:03.840181   720   725 D RIL     : dontChangeFormat=0
04-20 17:08:03.840225   720   725 E RIL     : it is short CREG CGREG
04-20 17:08:03.840283   720   725 E RIL     : rid: 0
04-20 17:08:03.840325   720   725 D RIL     : RestrictedStateChanged: 22
04-20 17:08:03.840368   720   725 D RIL     : isSimInserted(): rid: 0, sim_inserted_status: 0
04-20 17:08:03.840409   720   725 D RIL     : isSimInserted(): pivotSim = 1 ,0
04-20 17:08:03.840450   720   725 D RIL     : isSimInserted(): simInserted = 0
04-20 17:08:03.840498   720   725 D RIL     : convertToRilRegState() uiRegState=0 , uiRet=10 
04-20 17:08:03.840546   720   725 D RILC    : RequestComplete, RIL_SOCKET_1
04-20 17:08:03.840606   720   725 E RILC    : Send Response to RIL_SOCKET_1
04-20 17:08:03.840700   720   725 D RILC-MTK: proxyLoop free  pRI=0x7f9644c570 p=0x7f96456a80 
04-20 17:08:03.840744   720   725 D RILC-MTK: proxyLoop free  pRequest=0x7f96452400
04-20 17:08:03.840787   720   725 D RILC-MTK: proxy id:1, proxyName: RIL_CMD_PROXY_3
04-20 17:08:03.840834   720   725 D RILC-MTK: QUERY_NETWORK_SELECTION_MODE pRI=0x7f9644c660 p=0x7f96456cb0 execute on RIL_CMD_PROXY_3 using channel 1
04-20 17:08:03.840876   720   725 D RILC    : callOnRequest for new vendor ril
04-20 17:08:03.840920   720   725 D RIL     : onRequest: QUERY_NETWORK_SELECTION_MODE, datalen = 0
04-20 17:08:03.840957   720   725 D RIL     : radioState:10
04-20 17:08:03.841004   720   725 D AT      : AT send on RIL_CMD_READER_1, tid:547977413696
04-20 17:08:03.841046   720   725 D AT      : AT> AT+COPS?
04-20 17:08:03.841085   720   725 I AT      : AT write start
04-20 17:08:03.841285   560   710 D RILMUXD : [gsm0710muxd] 3614:poll_thread(): poll_thread select found
04-20 17:08:03.841350   560   710 D RILMUXD : [gsm0710muxd] 1045:pseudo_device_read(): Enter, LackofAtciChannel=0
04-20 17:08:03.841424   560   710 D RILMUXD : [gsm0710muxd] 657:write_frame(): Sending frame to channel 3
04-20 17:08:03.841534   560   710 D RILMUXD : [gsm0710muxd] 766:write_frame(): Write a frame on channel 3 with length 8
04-20 17:08:03.841554  1576  1576 D RILJ    : [4864]> DATA_REGISTRATION_STATE [SUB0]
04-20 17:08:03.841778   720   736 D RILC    : SOCKET RIL_SOCKET_1 REQUEST: OPERATOR length:8
04-20 17:08:03.841808   560   710 D RILMUXD : [gsm0710muxd] 3614:poll_thread(): poll_thread select found
04-20 17:08:03.841863   560   710 D RILMUXD : [gsm0710muxd] 1045:pseudo_device_read(): Enter, LackofAtciChannel=0
04-20 17:08:03.841871   720   736 I RILC-MTK: create request 22: pRequest=0x7f96452760, pRI=0x7f9644c720, p=0x7f964572d0, pUCI=0x0
04-20 17:08:03.841941   560   710 D RILMUXD : [gsm0710muxd] 657:write_frame(): Sending frame to channel 3
04-20 17:08:03.842046   560   710 D RILMUXD : [gsm0710muxd] 766:write_frame(): Write a frame on channel 3 with length 1
04-20 17:08:03.842329   720   736 D RILC-MTK: OPERATOR pRI=0x7f9644c720 p=0x7f964572d0 dispatched to RIL_CMD_PROXY_3
04-20 17:08:03.842586   720   727 I RILC-MTK: RIL_CMD_PROXY_1 wakeup
04-20 17:08:03.842635   720   728 I RILC-MTK: RIL_CMD_PROXY_4 wakeup
04-20 17:08:03.842848   720   727 I RILC-MTK: RIL_CMD_PROXY_1 sleep
04-20 17:08:03.842930   720   728 I RILC-MTK: RIL_CMD_PROXY_4 sleep
04-20 17:08:03.843024   720   729 I RILC-MTK: RIL_ATCI_PROXY wakeup
04-20 17:08:03.843067   720   729 I RILC-MTK: RIL_ATCI_PROXY sleep
04-20 17:08:03.843143   720   734 I RILC-MTK: RIL_CMD2_PROXY_4 wakeup
04-20 17:08:03.843186   720   734 I RILC-MTK: RIL_CMD2_PROXY_4 sleep
04-20 17:08:03.843267   720   724 I RILC-MTK: RIL_URC_PROXY wakeup
04-20 17:08:03.843307   720   724 I RILC-MTK: RIL_URC_PROXY sleep
04-20 17:08:03.843387   720   726 I RILC-MTK: RIL_CMD_PROXY_2 wakeup
04-20 17:08:03.843428   720   726 I RILC-MTK: RIL_CMD_PROXY_2 sleep
04-20 17:08:03.843501   720   730 I RILC-MTK: RIL_URC2_PROXY wakeup
04-20 17:08:03.843542   720   730 I RILC-MTK: RIL_URC2_PROXY sleep
04-20 17:08:03.843617   720   733 I RILC-MTK: RIL_CMD2_PROXY_1 wakeup
04-20 17:08:03.843658   720   733 I RILC-MTK: RIL_CMD2_PROXY_1 sleep
04-20 17:08:03.843733   720   735 I RILC-MTK: RIL_ATCI2_PROXY wakeup
04-20 17:08:03.843939   720   735 I RILC-MTK: RIL_ATCI2_PROXY sleep
04-20 17:08:03.844017   720   732 I RILC-MTK: RIL_CMD2_PROXY_2 wakeup
04-20 17:08:03.844050   720   731 I RILC-MTK: RIL_CMD2_PROXY_3 wakeup
04-20 17:08:03.844057   720   732 I RILC-MTK: RIL_CMD2_PROXY_2 sleep
04-20 17:08:03.844193   720   731 I RILC-MTK: RIL_CMD2_PROXY_3 sleep
04-20 17:08:03.844215   560   706 D RILMUXD : [gsm0710muxd] 1643:gsm0710_base_buffer_get_frame(): Get a complete frame. ch:3, ctrl:239, len:12
04-20 17:08:03.844279   560   706 D RILMUXD : [gsm0710muxd] 2383:extract_frames(): Writing 12 byte frame received on channel 3 to /dev/pts/8
04-20 17:08:03.844370   560   706 D RILMUXD : [gsm0710muxd] 2403:extract_frames(): write() returned. Written 12/12 bytes of frame to /dev/pts/8
04-20 17:08:03.844422   560   706 D RILMUXD : [gsm0710muxd] 2408:extract_frames(): fsync() failed (-1, 22 - Invalid argument)
04-20 17:08:03.844483   560   706 D RILMUXD : [gsm0710muxd] 1643:gsm0710_base_buffer_get_frame(): Get a complete frame. ch:3, ctrl:239, len:6
04-20 17:08:03.844535   560   706 D RILMUXD : [gsm0710muxd] 2383:extract_frames(): Writing 6 byte frame received on channel 3 to /dev/pts/8
04-20 17:08:03.844596   560   706 D RILMUXD : [gsm0710muxd] 2403:extract_frames(): write() returned. Written 6/6 bytes of frame to /dev/pts/8
04-20 17:08:03.844643   560   706 D RILMUXD : [gsm0710muxd] 2408:extract_frames(): fsync() failed (-1, 22 - Invalid argument)
04-20 17:08:03.844789  1576  1576 D RILJ    : [4865]> VOICE_REGISTRATION_STATE [SUB0]
04-20 17:08:03.844813   720   741 I AT      : AT read end: 18
04-20 17:08:03.844865   720   741 D AT      : AT< +COPS: 0
04-20 17:08:03.844914   720   741 D AT      : RIL_CMD_READER_1 Enter processLine:+COPS: 0
04-20 17:08:03.844966   720   741 D AT      : AT< OK
04-20 17:08:03.844995   720   736 D RILC    : SOCKET RIL_SOCKET_1 REQUEST: DATA_REGISTRATION_STATE length:8
04-20 17:08:03.845009   720   741 D AT      : RIL_CMD_READER_1 Enter processLine:OK
04-20 17:08:03.845053   720   736 I RILC-MTK: create request 21: pRequest=0x7f96452420, pRI=0x7f9644c7e0, p=0x7f96457570, pUCI=0x0
04-20 17:08:03.845070   720   741 I AT      : AT read start
04-20 17:08:03.845222   720   736 D RILC-MTK: 1:OPERATOR pRI=0x7f9644c720 p=0x7f964572d0 is queued in RIL_CMD_PROXY_3
04-20 17:08:03.845259  1576  1807 D RILJ    : [4861]< VOICE_REGISTRATION_STATE {10, -1, -1, 0} [SUB0]
04-20 17:08:03.845272   720   736 D RILC-MTK: **** the last executed cmd for RIL_CMD_PROXY_3 is QUERY_NETWORK_SELECTION_MODE ****
04-20 17:08:03.845284   720   725 D AT      : response received on RIL_CMD_READER_1, tid:547977413696
04-20 17:08:03.845331   720   736 D RILC-MTK: Request pRI=0x7f9644c7e0 to RIL_CMD_PROXY_3 is busy. total:2 requests pending
04-20 17:08:03.850562   720   725 D RILC    : RequestComplete, RIL_SOCKET_1
04-20 17:08:03.850648  1576  1576 D RILJ    : [4866]> QUERY_NETWORK_SELECTION_MODE [SUB0]
04-20 17:08:03.850699   720   725 E RILC    : Send Response to RIL_SOCKET_1
04-20 17:08:03.850806   720   725 D RILC-MTK: proxyLoop free  pRI=0x7f9644c660 p=0x7f96456cb0 
04-20 17:08:03.850855   720   725 D RILC-MTK: proxyLoop free  pRequest=0x7f964526a0
04-20 17:08:03.850898   720   736 D RILC    : SOCKET RIL_SOCKET_1 REQUEST: VOICE_REGISTRATION_STATE length:8
04-20 17:08:03.850902   720   725 D RILC-MTK: proxy id:1, proxyName: RIL_CMD_PROXY_3
04-20 17:08:03.851079   720   736 I RILC-MTK: create request 20: pRequest=0x7f96452440, pRI=0x7f9644c870, p=0x7f964563f0, pUCI=0x0
04-20 17:08:03.851601   720   736 D RILC-MTK: 1:DATA_REGISTRATION_STATE pRI=0x7f9644c7e0 p=0x7f96457570 is queued in RIL_CMD_PROXY_3
04-20 17:08:03.851604   720   725 D RILC-MTK: OPERATOR pRI=0x7f9644c720 p=0x7f964572d0 execute on RIL_CMD_PROXY_3 using channel 1
04-20 17:08:03.851748   720   736 D RILC-MTK: **** the last executed cmd for RIL_CMD_PROXY_3 is OPERATOR ****
04-20 17:08:03.851752   720   725 D RILC    : callOnRequest for new vendor ril
04-20 17:08:03.851847   720   736 D RILC-MTK: Request pRI=0x7f9644c870 to RIL_CMD_PROXY_3 is busy. total:2 requests pending
04-20 17:08:03.852307   720   725 D RIL     : onRequest: OPERATOR, datalen = 0
04-20 17:08:03.852351   720   725 D RIL     : radioState:10
04-20 17:08:03.853438   720   725 D AT      : AT send on RIL_CMD_READER_1, tid:547977413696
04-20 17:08:03.853483   720   725 D AT      : AT> AT+COPS?
04-20 17:08:03.853523   720   725 I AT      : AT write start
04-20 17:08:03.853729   560   710 D RILMUXD : [gsm0710muxd] 3614:poll_thread(): poll_thread select found
04-20 17:08:03.853891   560   710 D RILMUXD : [gsm0710muxd] 1045:pseudo_device_read(): Enter, LackofAtciChannel=0
04-20 17:08:03.853963   560   710 D RILMUXD : [gsm0710muxd] 657:write_frame(): Sending frame to channel 3
04-20 17:08:03.854068   560   710 D RILMUXD : [gsm0710muxd] 766:write_frame(): Write a frame on channel 3 with length 9
04-20 17:08:03.854589  1576  1576 D GsmSST  : [GsmSST0] handleMessage msg done
04-20 17:08:03.854807  1576  1807 D RILJ    : responseInts numInts=1 [SUB0]
04-20 17:08:03.854911  1576  1807 D RILJ    : responseInts response[0]=0 [SUB0]
04-20 17:08:03.854918  1576  1576 D PHONE   : [WPOM]handleMessage : <EVENT_REG_PLMN_CHANGED_1>
04-20 17:08:03.855039   720   736 D RILC    : SOCKET RIL_SOCKET_1 REQUEST: QUERY_NETWORK_SELECTION_MODE length:8
04-20 17:08:03.855105  1576  1807 D RILJ    : [4862]< QUERY_NETWORK_SELECTION_MODE {0} [SUB0]
04-20 17:08:03.855235   720   736 I RILC-MTK: create request 45: pRequest=0x7f96452460, pRI=0x7f9644c480, p=0x7f96456460, pUCI=0x0
04-20 17:08:03.855288   720   736 D RILC-MTK: 1:DATA_REGISTRATION_STATE pRI=0x7f9644c7e0 p=0x7f96457570 is queued in RIL_CMD_PROXY_3
04-20 17:08:03.855333   720   736 D RILC-MTK: 2:VOICE_REGISTRATION_STATE pRI=0x7f9644c870 p=0x7f964563f0 is queued in RIL_CMD_PROXY_3
04-20 17:08:03.855400   720   736 D RILC-MTK: **** the last executed cmd for RIL_CMD_PROXY_3 is OPERATOR ****
04-20 17:08:03.855449   720   736 D RILC-MTK: Request pRI=0x7f9644c480 to RIL_CMD_PROXY_3 is busy. total:3 requests pending
04-20 17:08:03.855493  1576  1576 D PHONE   : [WPP_UTIL][getMajorSim]: 0
04-20 17:08:03.855614   560   706 D RILMUXD : [gsm0710muxd] 1643:gsm0710_base_buffer_get_frame(): Get a complete frame. ch:3, ctrl:239, len:12
04-20 17:08:03.855682   560   706 D RILMUXD : [gsm0710muxd] 2383:extract_frames(): Writing 12 byte frame received on channel 3 to /dev/pts/8
04-20 17:08:03.855704  1576  1576 D PHONE   : [WPOM]Slot:0 sMajorSim:0
04-20 17:08:03.855771   560   706 D RILMUXD : [gsm0710muxd] 2403:extract_frames(): write() returned. Written 12/12 bytes of frame to /dev/pts/8
04-20 17:08:03.855775  1576  1576 D PHONE   : [WPOM]plmnString[0]=46001
04-20 17:08:03.855876  1576  1576 D PHONE   : [WPOM][getRegion] REGION_DOMESTIC
04-20 17:08:03.855883   720   741 I AT      : AT read end: 12
04-20 17:08:03.855887   560   706 D RILMUXD : [gsm0710muxd] 2408:extract_frames(): fsync() failed (-1, 22 - Invalid argument)
04-20 17:08:03.856028   720   741 D AT      : AT< +COPS: 0
04-20 17:08:03.856043   560   706 D RILMUXD : [gsm0710muxd] 1643:gsm0710_base_buffer_get_frame(): Get a complete frame. ch:3, ctrl:239, len:6
04-20 17:08:03.856073   720   741 D AT      : RIL_CMD_READER_1 Enter processLine:+COPS: 0
04-20 17:08:03.856093   560   706 D RILMUXD : [gsm0710muxd] 2383:extract_frames(): Writing 6 byte frame received on channel 3 to /dev/pts/8
04-20 17:08:03.856122   720   741 I AT      : AT read start
04-20 17:08:03.856175   560   706 D RILMUXD : [gsm0710muxd] 2403:extract_frames(): write() returned. Written 6/6 bytes of frame to /dev/pts/8
04-20 17:08:03.856227   560   706 D RILMUXD : [gsm0710muxd] 2408:extract_frames(): fsync() failed (-1, 22 - Invalid argument)
04-20 17:08:03.856242  1576  1576 D GsmSST  : [GsmSST0] handle EVENT_POLL_STATE_OPERATOR
04-20 17:08:03.856331  1576  1576 E GsmSST  : [GsmSST0] handlePollStateResult return due to (ar.userObj != mPollingContext)
04-20 17:08:03.856360   720   741 I AT      : AT read end: 6
04-20 17:08:03.856389  1576  1576 D GsmSST  : [GsmSST0] handleMessage msg done
04-20 17:08:03.856405   720   741 D AT      : AT< OK
04-20 17:08:03.856474   720   741 D AT      : RIL_CMD_READER_1 Enter processLine:OK
04-20 17:08:03.856552   720   741 I AT      : AT read start
04-20 17:08:03.856575  1576  1576 D GsmSST  : [GsmSST0] handle EVENT_PS_NETWORK_STATE_CHANGED
04-20 17:08:03.856647   720   725 D AT      : response received on RIL_CMD_READER_1, tid:547977413696
04-20 17:08:03.856665  1576  1576 D GsmSST  : [GsmSST0] mPsRegState:1,new:1,result:0
04-20 17:08:03.856711   720   725 D AT      : AT send on RIL_CMD_READER_1, tid:547977413696
04-20 17:08:03.856752   720   725 D AT      : AT> AT+EOPS?
04-20 17:08:03.856794   720   725 I AT      : AT write start
04-20 17:08:03.857035   560   710 D RILMUXD : [gsm0710muxd] 3614:poll_thread(): poll_thread select found
04-20 17:08:03.857107   560   710 D RILMUXD : [gsm0710muxd] 1045:pseudo_device_read(): Enter, LackofAtciChannel=0
04-20 17:08:03.857171   560   710 D RILMUXD : [gsm0710muxd] 657:write_frame(): Sending frame to channel 3
04-20 17:08:03.857281   560   710 D RILMUXD : [gsm0710muxd] 766:write_frame(): Write a frame on channel 3 with length 9
04-20 17:08:03.857551  1576  1576 D SubscriptionController: [getSubId]- sSlotIdxToSubId.size == 0, return DummySubIds slotIdx=0
04-20 17:08:03.857635  1576  1576 D SubscriptionController: getDummySubIds: slotIdx=0 return 2 DummySubIds with each subId=-2
04-20 17:08:03.857909  1576  1576 D GsmSST  : [GsmSST0] Invalid subId, return invalid networkType
04-20 17:08:03.858131  1576  1576 D GsmSST  : [GsmSST0] pollState RadioState is RADIO_ON, currentNetworkMode= -1
04-20 17:08:03.858431   560   706 D RILMUXD : [gsm0710muxd] 1643:gsm0710_base_buffer_get_frame(): Get a complete frame. ch:3, ctrl:239, len:24
04-20 17:08:03.858499   560   706 D RILMUXD : [gsm0710muxd] 2383:extract_frames(): Writing 24 byte frame received on channel 3 to /dev/pts/8
04-20 17:08:03.858551  1576  1576 D RILJ    : [4867]> OPERATOR [SUB0]
04-20 17:08:03.858596   560   706 D RILMUXD : [gsm0710muxd] 2403:extract_frames(): write() returned. Written 24/24 bytes of frame to /dev/pts/8
04-20 17:08:03.858651   560   706 D RILMUXD : [gsm0710muxd] 2408:extract_frames(): fsync() failed (-1, 22 - Invalid argument)
04-20 17:08:03.858872   720   741 I AT      : AT read end: 24
04-20 17:08:03.858906   560   706 D RILMUXD : [gsm0710muxd] 1643:gsm0710_base_buffer_get_frame(): Get a complete frame. ch:3, ctrl:239, len:6
04-20 17:08:03.858930   720   741 D AT      : AT< +EOPS: 0,2,"46001",0
04-20 17:08:03.858961   560   706 D RILMUXD : [gsm0710muxd] 2383:extract_frames(): Writing 6 byte frame received on channel 3 to /dev/pts/8
04-20 17:08:03.858974   720   741 D AT      : RIL_CMD_READER_1 Enter processLine:+EOPS: 0,2,"46001",0
04-20 17:08:03.859028   720   741 I AT      : AT read start
04-20 17:08:03.859048   560   706 D RILMUXD : [gsm0710muxd] 2403:extract_frames(): write() returned. Written 6/6 bytes of frame to /dev/pts/8
04-20 17:08:03.859097   560   706 D RILMUXD : [gsm0710muxd] 2408:extract_frames(): fsync() failed (-1, 22 - Invalid argument)
04-20 17:08:03.859211   720   741 I AT      : AT read end: 6
04-20 17:08:03.859255   720   741 D AT      : AT< OK
04-20 17:08:03.859298   720   741 D AT      : RIL_CMD_READER_1 Enter processLine:OK
04-20 17:08:03.859359   720   741 I AT      : AT read start
04-20 17:08:03.859426   720   725 D AT      : response received on RIL_CMD_READER_1, tid:547977413696
04-20 17:08:03.859484   720   725 D RIL     : EOPS Get operator code 46001
04-20 17:08:03.859530   720   725 D RILC    : RequestComplete, RIL_SOCKET_1
04-20 17:08:03.859596   720   725 E RILC    : Send Response to RIL_SOCKET_1
04-20 17:08:03.859713   720   725 D RILC-MTK: proxyLoop free  pRI=0x7f9644c720 p=0x7f964572d0 
04-20 17:08:03.859763   720   725 D RILC-MTK: proxyLoop free  pRequest=0x7f96452760
04-20 17:08:03.859808   720   725 D RILC-MTK: proxy id:1, proxyName: RIL_CMD_PROXY_3
04-20 17:08:03.860117   720   725 D RILC-MTK: DATA_REGISTRATION_STATE pRI=0x7f9644c7e0 p=0x7f96457570 execute on RIL_CMD_PROXY_3 using channel 1
04-20 17:08:03.860169   720   725 D RILC    : callOnRequest for new vendor ril
04-20 17:08:03.860232   720   725 D RIL     : onRequest: DATA_REGISTRATION_STATE, datalen = 0
04-20 17:08:03.860277   720   725 D RIL     : radioState:10
04-20 17:08:03.860344   720   725 D AT      : AT send on RIL_CMD_READER_1, tid:547977413696
04-20 17:08:03.860454  1576  1807 D RILJ    : [4863]< OPERATOR {46001} [SUB0]
04-20 17:08:03.860488   720   725 D AT      : AT> AT+CGREG?
04-20 17:08:03.860576   720   725 I AT      : AT write start
04-20 17:08:03.860779   560   710 D RILMUXD : [gsm0710muxd] 3614:poll_thread(): poll_thread select found
04-20 17:08:03.860846   560   710 D RILMUXD : [gsm0710muxd] 1045:pseudo_device_read(): Enter, LackofAtciChannel=0
04-20 17:08:03.860922   560   710 D RILMUXD : [gsm0710muxd] 657:write_frame(): Sending frame to channel 3
04-20 17:08:03.861029   560   710 D RILMUXD : [gsm0710muxd] 766:write_frame(): Write a frame on channel 3 with length 9
04-20 17:08:03.861207   560   710 D RILMUXD : [gsm0710muxd] 3614:poll_thread(): poll_thread select found
04-20 17:08:03.861259   560   710 D RILMUXD : [gsm0710muxd] 1045:pseudo_device_read(): Enter, LackofAtciChannel=0
04-20 17:08:03.861324   560   710 D RILMUXD : [gsm0710muxd] 657:write_frame(): Sending frame to channel 3
04-20 17:08:03.861542   560   710 D RILMUXD : [gsm0710muxd] 766:write_frame(): Write a frame on channel 3 with length 1
04-20 17:08:03.862153  1576  1576 D RILJ    : [4868]> DATA_REGISTRATION_STATE [SUB0]
04-20 17:08:03.864682   720   736 D RILC    : SOCKET RIL_SOCKET_1 REQUEST: OPERATOR length:8
04-20 17:08:03.864771   720   736 I RILC-MTK: create request 22: pRequest=0x7f96452500, pRI=0x7f9644c8d0, p=0x7f96456f50, pUCI=0x0
04-20 17:08:03.864820   720   736 D RILC-MTK: 1:VOICE_REGISTRATION_STATE pRI=0x7f9644c870 p=0x7f964563f0 is queued in RIL_CMD_PROXY_3
04-20 17:08:03.864905   720   736 D RILC-MTK: 2:QUERY_NETWORK_SELECTION_MODE pRI=0x7f9644c480 p=0x7f96456460 is queued in RIL_CMD_PROXY_3
04-20 17:08:03.864952   720   736 D RILC-MTK: **** the last executed cmd for RIL_CMD_PROXY_3 is DATA_REGISTRATION_STATE ****
04-20 17:08:03.864998   720   736 D RILC-MTK: Request pRI=0x7f9644c8d0 to RIL_CMD_PROXY_3 is busy. total:3 requests pending
04-20 17:08:03.865547   560   706 D RILMUXD : [gsm0710muxd] 1643:gsm0710_base_buffer_get_frame(): Get a complete frame. ch:3, ctrl:239, len:44
04-20 17:08:03.865617   560   706 D RILMUXD : [gsm0710muxd] 2383:extract_frames(): Writing 44 byte frame received on channel 3 to /dev/pts/8
04-20 17:08:03.865715   560   706 D RILMUXD : [gsm0710muxd] 2403:extract_frames(): write() returned. Written 44/44 bytes of frame to /dev/pts/8
04-20 17:08:03.865766   560   706 D RILMUXD : [gsm0710muxd] 2408:extract_frames(): fsync() failed (-1, 22 - Invalid argument)
04-20 17:08:03.865826   560   706 D RILMUXD : [gsm0710muxd] 1643:gsm0710_base_buffer_get_frame(): Get a complete frame. ch:3, ctrl:239, len:6
04-20 17:08:03.865880   560   706 D RILMUXD : [gsm0710muxd] 2383:extract_frames(): Writing 6 byte frame received on channel 3 to /dev/pts/8
04-20 17:08:03.865940   560   706 D RILMUXD : [gsm0710muxd] 2403:extract_frames(): write() returned. Written 6/6 bytes of frame to /dev/pts/8
04-20 17:08:03.865990   560   706 D RILMUXD : [gsm0710muxd] 2408:extract_frames(): fsync() failed (-1, 22 - Invalid argument)
04-20 17:08:03.866138   720   741 I AT      : AT read end: 50
04-20 17:08:03.866198   720   741 D AT      : AT< +CGREG: 3,0,"A536","0DA0433B",2,"02",0,0
04-20 17:08:03.866249   720   741 D AT      : RIL_CMD_READER_1 Enter processLine:+CGREG: 3,0,"A536","0DA0433B",2,"02",0,0
04-20 17:08:03.866306   720   741 D AT      : AT< OK
04-20 17:08:03.866351   720   741 D AT      : RIL_CMD_READER_1 Enter processLine:OK
04-20 17:08:03.866421   720   741 I AT      : AT read start
04-20 17:08:03.866564   720   725 D AT      : response received on RIL_CMD_READER_1, tid:547977413696
04-20 17:08:03.866630   720   725 D RIL     : convertRegState() uiRegState=0 , uiRet=0 
04-20 17:08:03.866676   720   725 D RIL     : dontChangeCgregFormat=0
04-20 17:08:03.866721   720   725 E RIL     : it is short CREG CGREG
04-20 17:08:03.866777   720   725 E RIL     : rid: 0
04-20 17:08:03.866827   720   725 D RIL     : RestrictedStateChanged: 22
04-20 17:08:03.866878   720   725 D RIL     : isSimInserted(): rid: 0, sim_inserted_status: 0
04-20 17:08:03.866924   720   725 D RIL     : isSimInserted(): pivotSim = 1 ,0
04-20 17:08:03.866969   720   725 D RIL     : isSimInserted(): simInserted = 0
04-20 17:08:03.867022   720   725 D RILC    : RequestComplete, RIL_SOCKET_1
04-20 17:08:03.867087   720   725 E RILC    : Send Response to RIL_SOCKET_1
04-20 17:08:03.867187   720   725 D RILC-MTK: proxyLoop free  pRI=0x7f9644c7e0 p=0x7f96457570 
04-20 17:08:03.867251   720   725 D RILC-MTK: proxyLoop free  pRequest=0x7f96452420
04-20 17:08:03.867300   720   725 D RILC-MTK: proxy id:1, proxyName: RIL_CMD_PROXY_3
