----- timezone:GMT
04-20 17:07:35.834247  1576  1576 D GsmSST  : [GsmSST0] set Cid to previous value
04-20 17:07:35.834270   560   710 D RILMUXD : [gsm0710muxd] 657:write_frame(): Sending frame to channel 3
04-20 17:07:35.834356  1576  1576 D GsmSST  : [GsmSST0] EVENT_POLL_STATE_REGISTRATION mSS getRilVoiceRadioTechnology:0, regState:10, NewSS RilVoiceRadioTechnology:0, lac:42294, cid:228604679
04-20 17:07:35.834373   560   710 D RILMUXD : [gsm0710muxd] 766:write_frame(): Write a frame on channel 3 with length 8
04-20 17:07:35.834504  1576  1576 D PHONE   : [ServiceState] setVoiceRegState=1
04-20 17:07:35.834512   560   710 D RILMUXD : [gsm0710muxd] 3614:poll_thread(): poll_thread select found
04-20 17:07:35.834591  1576  1576 E PHONE   : [ServiceState] setState deprecated use setVoiceRegState()
04-20 17:07:35.834628   560   710 D RILMUXD : [gsm0710muxd] 1045:pseudo_device_read(): Enter, LackofAtciChannel=0
04-20 17:07:35.834686   560   710 D RILMUXD : [gsm0710muxd] 657:write_frame(): Sending frame to channel 3
04-20 17:07:35.834736  1576  1576 D GsmSST  : [GsmSST0] regState = 10isVoiceCapable = truemEmergencyOnly = true
04-20 17:07:35.834778   560   710 D RILMUXD : [gsm0710muxd] 766:write_frame(): Write a frame on channel 3 with length 1
04-20 17:07:35.834789  1576  1576 D GsmSST  : [GsmSST0] states.length > 3
04-20 17:07:35.834850  1576  1576 D GsmSST  : [GsmSST0] handleMessage msg done
04-20 17:07:35.835647   560   706 D RILMUXD : [gsm0710muxd] 1643:gsm0710_base_buffer_get_frame(): Get a complete frame. ch:3, ctrl:239, len:12
04-20 17:07:35.835742   560   706 D RILMUXD : [gsm0710muxd] 2383:extract_frames(): Writing 12 byte frame received on channel 3 to /dev/pts/8
04-20 17:07:35.835859   560   706 D RILMUXD : [gsm0710muxd] 2403:extract_frames(): write() returned. Written 12/12 bytes of frame to /dev/pts/8
04-20 17:07:35.835888   720   741 I AT      : AT read end: 12
04-20 17:07:35.835939   560   706 D RILMUXD : [gsm0710muxd] 2408:extract_frames(): fsync() failed (-1, 22 - Invalid argument)
04-20 17:07:35.835940   720   741 D AT      : AT< +COPS: 0
04-20 17:07:35.836014   560   706 D RILMUXD : [gsm0710muxd] 1643:gsm0710_base_buffer_get_frame(): Get a complete frame. ch:3, ctrl:239, len:6
04-20 17:07:35.836031   720   741 D AT      : RIL_CMD_READER_1 Enter processLine:+COPS: 0
04-20 17:07:35.836063   560   706 D RILMUXD : [gsm0710muxd] 2383:extract_frames(): Writing 6 byte frame received on channel 3 to /dev/pts/8
04-20 17:07:35.836079   720   741 I AT      : AT read start
04-20 17:07:35.836202   560   706 D RILMUXD : [gsm0710muxd] 2403:extract_frames(): write() returned. Written 6/6 bytes of frame to /dev/pts/8
04-20 17:07:35.836209   720   741 I AT      : AT read end: 6
04-20 17:07:35.836312   560   706 D RILMUXD : [gsm0710muxd] 2408:extract_frames(): fsync() failed (-1, 22 - Invalid argument)
04-20 17:07:35.836329   720   741 D AT      : AT< OK
04-20 17:07:35.836371   720   741 D AT      : RIL_CMD_READER_1 Enter processLine:OK
04-20 17:07:35.836425   720   741 I AT      : AT read start
04-20 17:07:35.836471   720   725 D AT      : response received on RIL_CMD_READER_1, tid:547977413696
04-20 17:07:35.836524   720   725 D RILC    : RequestComplete, RIL_SOCKET_1
04-20 17:07:35.836587   720   725 E RILC    : Send Response to RIL_SOCKET_1
04-20 17:07:35.836704   720   725 D RILC-MTK: proxyLoop free  pRI=0x7f9644cae0 p=0x7f964572d0 
04-20 17:07:35.836755   720   725 D RILC-MTK: proxyLoop free  pRequest=0x7f96452680
04-20 17:07:35.836796   720   725 I RILC-MTK: RIL_CMD_PROXY_3 sleep
04-20 17:07:35.836881  1576  1807 D RILJ    : responseInts numInts=1 [SUB0]
04-20 17:07:35.836962  1576  1807 D RILJ    : responseInts response[0]=0 [SUB0]
04-20 17:07:35.837069  1576  1807 D RILJ    : [4846]< QUERY_NETWORK_SELECTION_MODE {0} [SUB0]
04-20 17:07:35.837316  1576  1576 D GsmSST  : [GsmSST0] handle EVENT_POLL_STATE_NETWORK_SELECTION_MODE
04-20 17:07:35.837430  1576  1576 D GsmSST  : [GsmSST0] set raoming=false,mGsmRoaming= false,mDataRoaming= false
04-20 17:07:35.838083  1576  1576 D SubscriptionController: [getSubId]- sSlotIdxToSubId.size == 0, return DummySubIds slotIdx=0
04-20 17:07:35.838203  1576  1576 D SubscriptionController: getDummySubIds: slotIdx=0 return 2 DummySubIds with each subId=-2
04-20 17:07:35.839504  1576  1576 D SubscriptionManager: [getPhoneId]- return dummy value, subId = -2
04-20 17:07:35.839756  1576  1576 D GsmSST  : [GsmSST0] mLastCsNetworkType=0, mLastPsNetworkType= 0, mNewSS VoiceRadioTechnology= 0, mSS VoiceRadioTechnology= 0, mNewSS DataRadioTechnology= 0, mSS DataRadioTechnology= 0
04-20 17:07:35.839833  1576  1576 D GsmSST  : [GsmSST0] pollStateDone(): don't change network type and wait for new event
04-20 17:07:35.839905  1576  1576 D PHONE   : [ServiceState] setDataRadioTechnology=0
04-20 17:07:35.840099  1576  1576 D GsmSST  : [GsmSST0] Poll ServiceState done:  oldSS=[1 1 voice home data home null null null null null null  Unknown Unknown CSS not supported -1 -1 RoamInd=-1 DefRoamInd=-1 EmergOnly=true Ril Voice Regist state: 10 Ril Data Regist state: 0 mProprietaryDataRadioTechnology: 0 VoiceRejectCause: -1 DataRejectCause: -1 mCdmaNetWorkMode: 0 IsDataRoamingFromRegistration=false] newSS=[1 1 voice home data home null null null null null null  Unknown Unknown CSS not supported 0 0 RoamInd=-1 DefRoamInd=-1 EmergOnly=true Ril Voice Regist state: 10 Ril Data Regist state: 0 mProprietaryDataRadioTechnology: 0 VoiceRejectCause: -1 DataRejectCause: -1 mCdmaNetWorkMode: 0 IsDataRoamingFromRegistration=false] oldMaxDataCalls=1 mNewMaxDataCalls=1 oldReasonDataDenied=-1 mNewReasonDataDenied=-1
04-20 17:07:35.840498  1576  1576 D GsmSST  : [GsmSST0] pollStateDone,hasRegistered:false,hasDeregistered:false,hasGprsAttached:false,hasRilVoiceRadioTechnologyChanged:false,hasRilDataRadioTechnologyChanged:false,hasVoiceRegStateChanged:false,hasDataRegStateChanged:false,hasChanged:true,hasVoiceRoamingOn:false,hasVoiceRoamingOff:false,hasDataRoamingOn:false,hasDataRoamingOff:false,hasLocationChanged:true,hasLacChanged:false,sReceiveNitz:false
04-20 17:07:35.840650  1576  1576 D GsmSST  : [GsmSST0] No matched EONS and No CPHS ONS
04-20 17:07:35.840906  1576  1576 D GsmSST  : [GsmSST0] updateSpnDisplay mVoiceCapable=true mEmergencyOnly=true mCi.getRadioState().isOn()=true getVoiceRegState()=1 getDataRegState()1
04-20 17:07:35.840976  1576  1576 D GsmSST  : [GsmSST0] updateSpnDisplay show mEmergencyOnly
04-20 17:07:35.841745  1576  1576 D SubscriptionController: [getSubId]- sSlotIdxToSubId.size == 0, return DummySubIds slotIdx=0
04-20 17:07:35.841838  1576  1576 D SubscriptionController: getDummySubIds: slotIdx=0 return 2 DummySubIds with each subId=-2
04-20 17:07:35.841906  1576  1576 D GsmSST  : [GsmSST0] updateAllOpertorInfo with realPlmn:null
04-20 17:07:35.842735  1576  1576 D TelephonyManager: getTelephonyProperty prop value= 
04-20 17:07:35.842885  1576  1576 D TelephonyManager: setTelephonyProperty: success phoneId=0 property=gsm.operator.numeric value:  propVal=
04-20 17:07:35.843412  1576  1576 D GsmSST  : [GsmSST0] operatorNumeric is null
04-20 17:07:35.843561  1576  1576 D TelephonyManager: setTelephonyProperty: success phoneId=0 property=gsm.operator.iso-country value:  propVal=
04-20 17:07:35.844518  1576  1576 D TelephonyManager: setTelephonyProperty: success phoneId=0 property=gsm.operator.isroaming value: false propVal=false,false
04-20 17:07:35.845241  1576  1576 D GsmSST  : [GsmSST0] Broadcasting ServiceState : 1 1 voice home data home null null null null null null  Unknown Unknown CSS not supported 0 0 RoamInd=-1 DefRoamInd=-1 EmergOnly=true Ril Voice Regist state: 10 Ril Data Regist state: 0 mProprietaryDataRadioTechnology: 0 VoiceRejectCause: -1 DataRejectCause: -1 mCdmaNetWorkMode: 0 IsDataRoamingFromRegistration=false
04-20 17:07:35.845408  1576  1576 D GSMPhone: [GSMPhone] getServiceState : getState() : 1 getDataRegState() : 1
04-20 17:07:35.845584  1576  1576 D PhoneBase: networkType=UNKNOWN
04-20 17:07:35.845673  1576  1576 D PhoneBase: isVideoEnabled: false
04-20 17:07:35.845752  1576  1576 D GSMPhone: [GSMPhone] getServiceState : getState() : 1 getDataRegState() : 1
04-20 17:07:35.845853  1576  1576 D SubscriptionController: [getSubId]- sSlotIdxToSubId.size == 0, return DummySubIds slotIdx=0
04-20 17:07:35.845922  1576  1576 D SubscriptionController: getDummySubIds: slotIdx=0 return 2 DummySubIds with each subId=-2
04-20 17:07:35.846147  1576  1576 D DefaultPhoneNotifier: nofityServiceState: mRegistry=com.android.internal.telephony.ITelephonyRegistry$Stub$Proxy@20f1708 ss=1 1 voice home data home null null null null null null  Unknown Unknown CSS not supported 0 0 RoamInd=-1 DefRoamInd=-1 EmergOnly=true Ril Voice Regist state: 10 Ril Data Regist state: 0 mProprietaryDataRadioTechnology: 0 VoiceRejectCause: -1 DataRejectCause: -1 mCdmaNetWorkMode: 0 IsDataRoamingFromRegistration=false sender=Handler (com.android.internal.telephony.gsm.GSMPhone) {e4ac408} phondId=0 subId=-2
04-20 17:07:35.847285   964  2089 D TelephonyRegistry: notifyServiceStateForSubscriber: subId=-2 phoneId=0 state=1 1 voice home data home null null null null null null  Unknown Unknown CSS not supported 0 0 RoamInd=-1 DefRoamInd=-1 EmergOnly=true Ril Voice Regist state: 10 Ril Data Regist state: 0 mProprietaryDataRadioTechnology: 0 VoiceRejectCause: -1 DataRejectCause: -1 mCdmaNetWorkMode: 0 IsDataRoamingFromRegistration=false
04-20 17:07:35.847475   964  2089 D TelephonyRegistry: validatePhoneId: true
04-20 17:07:35.847861   964  2089 D TelephonyRegistry: notifyServiceStateForSubscriber: logSSC.length=5 next=0
04-20 17:07:35.849501   964  2089 D TelephonyRegistry: notifyServiceStateForSubscriber Time 20160420T164236Asia/Shanghai(3,110,28800,0,1461141756) mSubId -2 mPhoneId 0  mState 1 1 voice home data home null null null null null null  Unknown Unknown CSS not supported 0 0 RoamInd=-1 DefRoamInd=-1 EmergOnly=true Ril Voice Regist state: 10 Ril Data Regist state: 0 mProprietaryDataRadioTechnology: 0 VoiceRejectCause: -1 DataRejectCause: -1 mCdmaNetWorkMode: 0 IsDataRoamingFromRegistration=false
04-20 17:07:35.851159   964  2089 D TelephonyRegistry: notifyServiceStateForSubscriber Time 20160420T164753Asia/Shanghai(3,110,28800,0,1461142073) mSubId -2 mPhoneId 0  mState 1 1 voice home data home null null null null null null  Unknown Unknown CSS not supported -1 -1 RoamInd=-1 DefRoamInd=-1 EmergOnly=true Ril Voice Regist state: 10 Ril Data Regist state: 0 mProprietaryDataRadioTechnology: 0 VoiceRejectCause: -1 DataRejectCause: -1 mCdmaNetWorkMode: 0 IsDataRoamingFromRegistration=false
04-20 17:07:35.852785   964  2089 D TelephonyRegistry: notifyServiceStateForSubscriber Time 20160420T164753Asia/Shanghai(3,110,28800,0,1461142073) mSubId -2 mPhoneId 0  mState 1 1 voice home data home null null null null null null  Unknown Unknown CSS not supported 0 0 RoamInd=-1 DefRoamInd=-1 EmergOnly=true Ril Voice Regist state: 10 Ril Data Regist state: 0 mProprietaryDataRadioTechnology: 0 VoiceRejectCause: -1 DataRejectCause: -1 mCdmaNetWorkMode: 0 IsDataRoamingFromRegistration=false
04-20 17:07:35.854611   964  2089 D TelephonyRegistry: notifyServiceStateForSubscriber Time 20160420T170732Asia/Shanghai(3,110,28800,0,1461143252) mSubId -2 mPhoneId 0  mState 1 1 voice home data home null null null null null null  Unknown Unknown CSS not supported -1 -1 RoamInd=-1 DefRoamInd=-1 EmergOnly=true Ril Voice Regist state: 10 Ril Data Regist state: 0 mProprietaryDataRadioTechnology: 0 VoiceRejectCause: -1 DataRejectCause: -1 mCdmaNetWorkMode: 0 IsDataRoamingFromRegistration=false
04-20 17:07:35.856685   964  2089 D TelephonyRegistry: notifyServiceStateForSubscriber Time 20160420T170735Asia/Shanghai(3,110,28800,0,1461143255) mSubId -2 mPhoneId 0  mState 1 1 voice home data home null null null null null null  Unknown Unknown CSS not supported 0 0 RoamInd=-1 DefRoamInd=-1 EmergOnly=true Ril Voice Regist state: 10 Ril Data Regist state: 0 mProprietaryDataRadioTechnology: 0 VoiceRejectCause: -1 DataRejectCause: -1 mCdmaNetWorkMode: 0 IsDataRoamingFromRegistration=false
04-20 17:07:35.856823   964  2089 D TelephonyRegistry: notifyServiceStateForSubscriber: ----------------
04-20 17:07:35.857959  1576  1576 D SubscriptionController: [getPhoneId] asked for default subId=-1
04-20 17:07:35.858242  1576  1576 D SubscriptionController: [getPhoneId]- invalid subId = -1 return = -1
04-20 17:07:35.858881   964  2089 D SubscriptionManager: [getPhoneId]- return dummy value, subId = -2
04-20 17:07:35.858989   964  2089 D TelephonyRegistry: idMatch: rlt=false
04-20 17:07:35.860084  1576  1576 D SubscriptionController: [getPhoneId] asked for default subId=-1
04-20 17:07:35.860343  1576  1576 D SubscriptionController: [getPhoneId]- invalid subId = -1 return = -1
04-20 17:07:35.860803   964  2089 D SubscriptionManager: [getPhoneId]- return dummy value, subId = -2
04-20 17:07:35.860935   964  2089 D TelephonyRegistry: idMatch: rlt=false
04-20 17:07:35.861935  1576  1576 D SubscriptionController: [getPhoneId] asked for default subId=-1
04-20 17:07:35.862174  1576  1576 D SubscriptionController: [getPhoneId]- invalid subId = -1 return = -1
04-20 17:07:35.862700   964  2089 D SubscriptionManager: [getPhoneId]- return dummy value, subId = -2
04-20 17:07:35.862818   964  2089 D TelephonyRegistry: idMatch: rlt=false
04-20 17:07:35.863940  1576  1576 D SubscriptionController: [getPhoneId] asked for default subId=-1
04-20 17:07:35.864197  1576  1576 D SubscriptionController: [getPhoneId]- invalid subId = -1 return = -1
04-20 17:07:35.864724   964  2089 D SubscriptionManager: [getPhoneId]- return dummy value, subId = -2
04-20 17:07:35.864831   964  2089 D TelephonyRegistry: idMatch: rlt=false
04-20 17:07:35.864932   964  2089 D TelephonyRegistry: handleRemoveListLocked: mRemoveList.size()=0
04-20 17:07:35.866095   964  2089 D SubscriptionManager: [getSlotId]- fail, subId = -1
04-20 17:07:35.866759  1576  1576 D SubscriptionController: [getSlotId]- subId invalid
04-20 17:07:35.867680  1576  1576 D SubscriptionController: getSimStateForSlotIdx:  simState=ABSENT ordinal=1
04-20 17:07:35.867965   964  2089 D SubscriptionManager: getSimStateForSubscriber: simState=1 slotIdx=0
04-20 17:07:35.868932  1576  1576 D SubscriptionController: getSimStateForSlotIdx:  simState=ABSENT ordinal=1
04-20 17:07:35.869283   964  2089 D SubscriptionManager: getSimStateForSubscriber: simState=1 slotIdx=1
04-20 17:07:35.869560   964  2089 D TelephonyManager: getSimState: default sim:-1, all SIMs absent, return state as absent
04-20 17:07:35.870195   964  2089 D SubscriptionManager: [getPhoneId]- return dummy value, subId = -2
04-20 17:07:35.871026  1576  1576 D SubscriptionController: [getSubId]- sSlotIdxToSubId.size == 0, return DummySubIds slotIdx=0
04-20 17:07:35.871124  1576  1576 D SubscriptionController: getDummySubIds: slotIdx=0 return 2 DummySubIds with each subId=-2
04-20 17:07:35.874508  1576  1576 D GsmSST  : [GsmSST0] old:1 ,mPsRegState:1,new:1
04-20 17:07:35.874639  1576  1576 D SubscriptionController: [getSubId]- sSlotIdxToSubId.size == 0, return DummySubIds slotIdx=0
04-20 17:07:35.874712  1576  1576 D SubscriptionController: getDummySubIds: slotIdx=0 return 2 DummySubIds with each subId=-2
04-20 17:07:35.874852  1576  1576 D GsmSST  : [GsmSST0] getCellLocation(): X good mCellLoc=[42294,228606779,-1]
04-20 17:07:35.875832   964  1670 D TelephonyRegistry: notifyCellLocationForSubscriber: subId=-2 cellLocation=Bundle[mParcelledData.dataSize=88]
04-20 17:07:35.876060   964  1670 D TelephonyRegistry: notifyCellLocationForSubscriber: subId=-2 cellLocation=Bundle[mParcelledData.dataSize=88]
04-20 17:07:35.876229   964  1670 D SubscriptionManager: [getPhoneId]- return dummy value, subId = -2
04-20 17:07:35.876346   964  1670 D TelephonyRegistry: validatePhoneId: true
04-20 17:07:35.889639   964  1670 D TelephonyRegistry: validateEventsAndUserLocked: valid=false r.callerUserId=0 foregroundUser=0 r.events=8192 events=16
04-20 17:07:35.889943   964  1670 D TelephonyRegistry: validateEventsAndUserLocked: valid=false r.callerUserId=0 foregroundUser=0 r.events=449 events=16
04-20 17:07:35.890171   964  1670 D TelephonyRegistry: validateEventsAndUserLocked: valid=false r.callerUserId=0 foregroundUser=0 r.events=32 events=16
04-20 17:07:35.890356   964  1670 D TelephonyRegistry: validateEventsAndUserLocked: valid=false r.callerUserId=0 foregroundUser=0 r.events=32 events=16
04-20 17:07:35.890533   964  1670 D TelephonyRegistry: validateEventsAndUserLocked: valid=false r.callerUserId=0 foregroundUser=0 r.events=0 events=16
04-20 17:07:35.890707   964  1670 D TelephonyRegistry: validateEventsAndUserLocked: valid=false r.callerUserId=0 foregroundUser=0 r.events=0 events=16
04-20 17:07:35.890879   964  1670 D TelephonyRegistry: validateEventsAndUserLocked: valid=false r.callerUserId=0 foregroundUser=0 r.events=32 events=16
04-20 17:07:35.891057   964  1670 D TelephonyRegistry: validateEventsAndUserLocked: valid=false r.callerUserId=0 foregroundUser=0 r.events=0 events=16
04-20 17:07:35.891240   964  1670 D TelephonyRegistry: validateEventsAndUserLocked: valid=false r.callerUserId=0 foregroundUser=0 r.events=0 events=16
04-20 17:07:35.891265  1576 13209 D SubscriptionController: [getActiveSubInfoList]+
04-20 17:07:35.891416   964  1670 D TelephonyRegistry: validateEventsAndUserLocked: valid=false r.callerUserId=0 foregroundUser=0 r.events=0 events=16
04-20 17:07:35.891955   964  1670 D TelephonyRegistry: validateEventsAndUserLocked: valid=false r.callerUserId=0 foregroundUser=0 r.events=65536 events=16
04-20 17:07:35.892510   964  1670 D TelephonyRegistry: validateEventsAndUserLocked: valid=false r.callerUserId=0 foregroundUser=0 r.events=1 events=16
04-20 17:07:35.892659  1576 13209 D SubscriptionController: [getActiveSubInfoList] Sub Controller not ready
04-20 17:07:35.892720   964  1670 D TelephonyRegistry: validateEventsAndUserLocked: valid=false r.callerUserId=0 foregroundUser=0 r.events=0 events=16
04-20 17:07:35.892893   964  1670 D TelephonyRegistry: validateEventsAndUserLocked: valid=false r.callerUserId=0 foregroundUser=0 r.events=0 events=16
04-20 17:07:35.893095   964  1670 D TelephonyRegistry: validateEventsAndUserLocked: valid=false r.callerUserId=0 foregroundUser=0 r.events=65536 events=16
04-20 17:07:35.893285   964  1670 D TelephonyRegistry: validateEventsAndUserLocked: valid=false r.callerUserId=0 foregroundUser=0 r.events=32 events=16
04-20 17:07:35.893463   964  1670 D TelephonyRegistry: validateEventsAndUserLocked: valid=false r.callerUserId=0 foregroundUser=0 r.events=0 events=16
04-20 17:07:35.893635   964  1670 D TelephonyRegistry: validateEventsAndUserLocked: valid=false r.callerUserId=0 foregroundUser=0 r.events=0 events=16
04-20 17:07:35.893902   964  1670 D TelephonyRegistry: validateEventsAndUserLocked: valid=false r.callerUserId=0 foregroundUser=0 r.events=0 events=16
04-20 17:07:35.894109   964  1670 D TelephonyRegistry: validateEventsAndUserLocked: valid=true r.callerUserId=0 foregroundUser=0 r.events=1104 events=16
04-20 17:07:35.894335   964  1670 D TelephonyRegistry: validateEventsAndUserLocked: valid=false r.callerUserId=0 foregroundUser=0 r.events=512 events=16
04-20 17:07:35.894512   964  1670 D TelephonyRegistry: validateEventsAndUserLocked: valid=false r.callerUserId=0 foregroundUser=0 r.events=1 events=16
04-20 17:07:35.894684   964  1670 D TelephonyRegistry: validateEventsAndUserLocked: valid=false r.callerUserId=0 foregroundUser=0 r.events=0 events=16
04-20 17:07:35.894857   964  1670 D TelephonyRegistry: validateEventsAndUserLocked: valid=false r.callerUserId=0 foregroundUser=0 r.events=1 events=16
04-20 17:07:35.894955   964  1670 D TelephonyRegistry: handleRemoveListLocked: mRemoveList.size()=0
04-20 17:07:35.895276  1576  1608 D SubscriptionController: [getActiveSubInfoList]+
04-20 17:07:35.895288  1576  1576 D GsmSST  : [GsmSST0] handleMessage msg done
04-20 17:07:35.895688  1576  1576 D CallManager:  handleMessage (EVENT_SERVICE_STATE_CHANGED)
04-20 17:07:35.896183  1576  1576 D PHONE   : [WPOM][Receiver]+
04-20 17:07:35.896260  1576  1576 D PHONE   : [WPOM]Action: android.intent.action.SERVICE_STATE
04-20 17:07:35.896619  1576  1608 D SubscriptionController: [getActiveSubInfoList] Sub Controller not ready
04-20 17:07:35.896821  1576  1576 D PHONE   : [WPOM]slotId: 0, Icc Card Type Unknown
04-20 17:07:35.896902  1576  1576 D PHONE   : [WPOM]sMajorSim: 0
04-20 17:07:35.897013  1576  1576 D PHONE   : [WPOM]FDD CSFB
04-20 17:07:35.897090  1576  1576 D PHONE   : [WPOM]sPlmnSs: null
04-20 17:07:35.897161  1576  1576 D PHONE   : [WPOM]sVoiceRegState: STATE_OUT_OF_SERVICE
04-20 17:07:35.897230  1576  1576 D PHONE   : [WPOM]sRilVoiceRegState: REGISTRATION_STATE_NOT_REGISTERED_AND_NOT_SEARCHING_EMERGENCY_CALL_ENABLED
04-20 17:07:35.897297  1576  1576 D PHONE   : [WPOM]sRilVoiceRadioTech: Unknown
04-20 17:07:35.897378  1576  1576 D PHONE   : [WPOM]sDataRegState: STATE_OUT_OF_SERVICE
04-20 17:07:35.897448  1576  1576 D PHONE   : [WPOM]sRilDataRegState: REGISTRATION_STATE_NOT_REGISTERED_AND_NOT_SEARCHING
04-20 17:07:35.897546  1576  1576 D PHONE   : [WPOM]sRilDataRadioTech: Unknown
04-20 17:07:35.897611  1576  1576 D PHONE   : [WPOM]sIsAutoSelectEnable: true
04-20 17:07:35.897700  1576  1576 D PHONE   : [WPOM]sRadioTechModeForWp: 0
04-20 17:07:35.897848  1576  1576 D PHONE   : [WPOM]noService: true
04-20 17:07:35.897907  1576  1576 D PHONE   : [WPOM][handleNoService]+ Can not find service
04-20 17:07:35.898020  1576  1576 D PHONE   : [WPOM]Type0 user
04-20 17:07:35.898077  1576  1576 D PHONE   : [WPOM]REGION_DOMESTIC
04-20 17:07:35.898169  1576  1576 D PHONE   : [WPOM]FDD CSFB
04-20 17:07:35.898239  1576  1576 D PHONE   : [WPOM]IccState not ready
04-20 17:07:35.898310  1576  1576 D PHONE   : [WPOM][handleNoService]-
04-20 17:07:35.898365  1576  1576 D PHONE   : [WPOM][Receiver]-
04-20 17:07:36.647319   720   736 D RILC    : s_last_wake_timeout_info: 0x7f945830c0 
04-20 17:07:36.647621   720   736 D RILC    : userTimerCallback free  p_info: 0x7f945838a0
04-20 17:07:36.647805   720   736 D RILC    : userTimerCallback free  p_info->event: 0x7f945838b0
04-20 17:07:36.688141   720   736 D RILC    : s_last_wake_timeout_info: 0x7f945830c0 
04-20 17:07:36.688416   720   736 D RILC    : userTimerCallback free  p_info: 0x7f94583120
04-20 17:07:36.688604   720   736 D RILC    : userTimerCallback free  p_info->event: 0x7f94583130
04-20 17:07:36.701194   720   736 D RILC    : s_last_wake_timeout_info: 0x7f945830c0 
04-20 17:07:36.701464   720   736 D RILC    : userTimerCallback free  p_info: 0x7f94583060
04-20 17:07:36.701653   720   736 D RILC    : userTimerCallback free  p_info->event: 0x7f94583070
04-20 17:07:36.714373   720   736 D RILC    : s_last_wake_timeout_info: 0x7f945830c0 
04-20 17:07:36.714595   720   736 D RILC    : userTimerCallback free  p_info: 0x7f94583180
04-20 17:07:36.714774   720   736 D RILC    : userTimerCallback free  p_info->event: 0x7f94583190
04-20 17:07:36.720012   720   736 D RILC    : s_last_wake_timeout_info: 0x7f945830c0 
04-20 17:07:36.720292   720   736 D RILC    : userTimerCallback free  p_info: 0x7f94583360
04-20 17:07:36.720480   720   736 D RILC    : userTimerCallback free  p_info->event: 0x7f94583370
04-20 17:07:36.735858   720   736 D RILC    : s_last_wake_timeout_info: 0x7f945830c0 reset to NULL
04-20 17:07:36.735950   720   736 D RILC    : userTimerCallback free  p_info: 0x7f945830c0
04-20 17:07:36.735995   720   736 D RILC    : userTimerCallback free  p_info->event: 0x7f945830d0
04-20 17:07:37.236532  1102  1754 D SubscriptionManager: [getPhoneId]- return dummy value, subId = -1
04-20 17:07:37.236802  1102  1754 D TelephonyManager: getTelephonyProperty prop value= 
04-20 17:07:37.258946  1576  2110 D GSMPhone: [GSMPhone] getServiceState : getState() : 1 getDataRegState() : 1
04-20 17:07:37.260242  1576  2110 D DCT     : [0]fetchDunApn: config_tether_apndata dunSetting=null
04-20 17:07:37.260442  1576  2110 D DCT     : [0]hasMatchedTetherApnSetting: APN=null
04-20 17:07:37.271187  1102  1754 D SubscriptionManager: [getPhoneId]- return dummy value, subId = -1
04-20 17:07:37.271334  1102  1754 D TelephonyManager: getTelephonyProperty prop value= 
04-20 17:07:37.274378  1102  1754 D SubscriptionManager: [getPhoneId]- return dummy value, subId = -1
04-20 17:07:37.274632  1102  1754 D TelephonyManager: getTelephonyProperty prop value= 
04-20 17:07:37.277883  1102  1754 D SubscriptionManager: [getPhoneId]- return dummy value, subId = -1
04-20 17:07:37.278102  1102  1754 D TelephonyManager: getTelephonyProperty prop value= 
04-20 17:07:37.444574   560   560 D RILMUXD : [gsm0710muxd] 3897:main(): Frames received/dropped: 8731/0
04-20 17:07:38.107576   560   706 D RILMUXD : [gsm0710muxd] 1643:gsm0710_base_buffer_get_frame(): Get a complete frame. ch:2, ctrl:239, len:39
04-20 17:07:38.107688   560   706 D RILMUXD : [gsm0710muxd] 2383:extract_frames(): Writing 39 byte frame received on channel 2 to /dev/pts/7
04-20 17:07:38.107814   560   706 D RILMUXD : [gsm0710muxd] 2403:extract_frames(): write() returned. Written 39/39 bytes of frame to /dev/pts/7
04-20 17:07:38.107891   560   706 D RILMUXD : [gsm0710muxd] 2408:extract_frames(): fsync() failed (-1, 22 - Invalid argument)
04-20 17:07:38.108079   720   740 I AT      : AT read end: 39
04-20 17:07:38.108167   720   740 D AT      : AT< +ECSQ: 43,37,1,-310,-23,1,1,2,32767
04-20 17:07:38.108241   720   740 D AT      : RIL_URC_READER Enter processLine:+ECSQ: 43,37,1,-310,-23,1,1,2,32767
04-20 17:07:38.108376   720   740 D RILC    : [MAL_AT] data sent to rild-mal-at is '+ECSQ: 43,37,1,-310,-23,1,1,2,32767'
04-20 17:07:38.108527   720   740 D RILC    : internalRequestTimedCallback malloc p_info: 0x7f945833c0
04-20 17:07:38.108614   720   740 D RILC    : internalRequestTimedCallback malloc p_info->event: 0x7f945833d0
04-20 17:07:38.108774   720   740 D RIL     : Nw URC:+ECSQ: 43,37,1,-310,-23,1,1,2,32767
04-20 17:07:38.108871   720   740 D RIL     : convert3GRssiValue baseband=503 ,isFdd3G=1,isTdd3G=0 ,RSCP_in_qdbm=-310 ,EcN0_in_qdbm=-23
04-20 17:07:38.108953   720   740 D RILC    : callForRilVersion new vendor RIL, version: 10
04-20 17:07:38.109029   720   740 I RILC    : RIL_SOCKET_1 UNSOLICITED: UNSOL_SIGNAL_STRENGTH length:72
04-20 17:07:38.109094   720   740 E RILC    : Send Response to rild-mal
04-20 17:07:38.109226   720   740 E RILC    : Send Response to RIL_SOCKET_1
04-20 17:07:38.109369   720   740 I AT      : AT read start
04-20 17:07:38.110250  1576  1576 D GsmSST  : [GsmSST0] handle EVENT_SIGNAL_STRENGTH_UPDATE
04-20 17:07:38.111001  1576  1576 D GsmSST  : [GsmSST0] onSignalStrengthResult():  LastSignalStrength=SignalStrength: 14 34 -120 -160 -2 0 -1 99 2147483647 -2147483647 2147483647 2147483647 2147483647 gsm|lte 1 -320 -29
04-20 17:07:38.111148  1576  1576 D GsmSST  : [GsmSST0] onSignalStrengthResult():new mSignalStrength=SignalStrength: 14 37 -120 -160 -2 0 -1 99 2147483647 -2147483647 2147483647 2147483647 2147483647 gsm|lte 1 -312 -23
04-20 17:07:38.111512  1576  1576 W SignalStrength: SignalStrength get plugin
04-20 17:07:38.111903  1576  1576 I use-Rlog/RLOG-GSM: getLTELevel - rsrp:2147483647 snr:2147483647 rsrpIconLevel:-1 snrIconLevel:-1
04-20 17:07:38.112019  1576  1576 I use-Rlog/RLOG-GSM: getLTELevel - rssi:99 rssiIconLevel:0
04-20 17:07:38.112142  1576  1576 W SignalStrength: SignalStrength get plugin
04-20 17:07:38.112249  1576  1576 I use-Rlog/RLOG-GSM:  asu: 14 gsmRscp: -78 out level: 4
04-20 17:07:38.112357  1576  1576 D GsmSST  : [GsmSST0] notifySignalStrength: mSignalStrength.getLevel=4
04-20 17:07:38.112520  1576  1576 D SubscriptionController: [getSubId]- sSlotIdxToSubId.size == 0, return DummySubIds slotIdx=0
04-20 17:07:38.112637  1576  1576 D SubscriptionController: getDummySubIds: slotIdx=0 return 2 DummySubIds with each subId=-2
04-20 17:07:38.112939  1576  1576 D DefaultPhoneNotifier: notifySignalStrength: mRegistry=com.android.internal.telephony.ITelephonyRegistry$Stub$Proxy@20f1708 ss=SignalStrength: 14 37 -120 -160 -2 0 -1 99 2147483647 -2147483647 2147483647 2147483647 2147483647 gsm|lte 1 -312 -23 sender=Handler (com.android.internal.telephony.gsm.GSMPhone) {e4ac408}
04-20 17:07:38.114614   964  8872 D TelephonyRegistry: notifySignalStrengthForSubscriber: subId=-2 signalStrength=SignalStrength: 14 37 -120 -160 -2 0 -1 99 2147483647 -2147483647 2147483647 2147483647 2147483647 gsm|lte 1 -312 -23
04-20 17:07:38.114823   964  8872 D TelephonyRegistry: notifySignalStrengthForSubscriber: logSSC.length=5 next=0
04-20 17:07:38.117583   964  8872 D TelephonyRegistry: notifyServiceStateForSubscriber Time 20160420T164236Asia/Shanghai(3,110,28800,0,1461141756) mSubId -2 mPhoneId 0  mState 1 1 voice home data home null null null null null null  Unknown Unknown CSS not supported 0 0 RoamInd=-1 DefRoamInd=-1 EmergOnly=true Ril Voice Regist state: 10 Ril Data Regist state: 0 mProprietaryDataRadioTechnology: 0 VoiceRejectCause: -1 DataRejectCause: -1 mCdmaNetWorkMode: 0 IsDataRoamingFromRegistration=false
04-20 17:07:38.120125   964  8872 D TelephonyRegistry: notifyServiceStateForSubscriber Time 20160420T164753Asia/Shanghai(3,110,28800,0,1461142073) mSubId -2 mPhoneId 0  mState 1 1 voice home data home null null null null null null  Unknown Unknown CSS not supported -1 -1 RoamInd=-1 DefRoamInd=-1 EmergOnly=true Ril Voice Regist state: 10 Ril Data Regist state: 0 mProprietaryDataRadioTechnology: 0 VoiceRejectCause: -1 DataRejectCause: -1 mCdmaNetWorkMode: 0 IsDataRoamingFromRegistration=false
04-20 17:07:38.122645   964  8872 D TelephonyRegistry: notifyServiceStateForSubscriber Time 20160420T164753Asia/Shanghai(3,110,28800,0,1461142073) mSubId -2 mPhoneId 0  mState 1 1 voice home data home null null null null null null  Unknown Unknown CSS not supported 0 0 RoamInd=-1 DefRoamInd=-1 EmergOnly=true Ril Voice Regist state: 10 Ril Data Regist state: 0 mProprietaryDataRadioTechnology: 0 VoiceRejectCause: -1 DataRejectCause: -1 mCdmaNetWorkMode: 0 IsDataRoamingFromRegistration=false
04-20 17:07:38.125271   964  8872 D TelephonyRegistry: notifyServiceStateForSubscriber Time 20160420T170732Asia/Shanghai(3,110,28800,0,1461143252) mSubId -2 mPhoneId 0  mState 1 1 voice home data home null null null null null null  Unknown Unknown CSS not supported -1 -1 RoamInd=-1 DefRoamInd=-1 EmergOnly=true Ril Voice Regist state: 10 Ril Data Regist state: 0 mProprietaryDataRadioTechnology: 0 VoiceRejectCause: -1 DataRejectCause: -1 mCdmaNetWorkMode: 0 IsDataRoamingFromRegistration=false
04-20 17:07:38.127755   964  8872 D TelephonyRegistry: notifyServiceStateForSubscriber Time 20160420T170735Asia/Shanghai(3,110,28800,0,1461143255) mSubId -2 mPhoneId 0  mState 1 1 voice home data home null null null null null null  Unknown Unknown CSS not supported 0 0 RoamInd=-1 DefRoamInd=-1 EmergOnly=true Ril Voice Regist state: 10 Ril Data Regist state: 0 mProprietaryDataRadioTechnology: 0 VoiceRejectCause: -1 DataRejectCause: -1 mCdmaNetWorkMode: 0 IsDataRoamingFromRegistration=false
04-20 17:07:38.127904   964  8872 D TelephonyRegistry: notifySignalStrengthForSubscriber: ----------------
04-20 17:07:38.128281   964  8872 D SubscriptionManager: [getPhoneId]- return dummy value, subId = -2
04-20 17:07:38.128459   964  8872 D TelephonyRegistry: validatePhoneId: true
04-20 17:07:38.128598   964  8872 D TelephonyRegistry: notifySignalStrengthForSubscriber: valid phoneId=0
04-20 17:07:38.129992  1576  1576 D SubscriptionController: [getPhoneId] asked for default subId=-1
04-20 17:07:38.130373  1576  1576 D SubscriptionController: [getPhoneId]- invalid subId = -1 return = -1
04-20 17:07:38.131022   964  8872 D SubscriptionManager: [getPhoneId]- return dummy value, subId = -2
04-20 17:07:38.131169   964  8872 D TelephonyRegistry: idMatch: rlt=false
04-20 17:07:38.131615   964  8872 D TelephonyRegistry: handleRemoveListLocked: mRemoveList.size()=0
04-20 17:07:38.132019   964  8872 W SignalStrength: SignalStrength get plugin
04-20 17:07:38.132390   964  8872 I use-Rlog/RLOG-GSM: getLTELevel - rsrp:2147483647 snr:2147483647 rsrpIconLevel:-1 snrIconLevel:-1
04-20 17:07:38.132554   964  8872 I use-Rlog/RLOG-GSM: getLTELevel - rssi:99 rssiIconLevel:0
04-20 17:07:38.132653   964  8872 W SignalStrength: SignalStrength get plugin
04-20 17:07:38.132844   964  8872 I use-Rlog/RLOG-GSM:  asu: 14 gsmRscp: -78 out level: 4
04-20 17:07:38.133603   964  8872 D SubscriptionManager: [getPhoneId]- return dummy value, subId = -2
04-20 17:07:38.135266  1576  1576 D SubscriptionController: [getSubId]- sSlotIdxToSubId.size == 0, return DummySubIds slotIdx=0
04-20 17:07:38.135422  1576  1576 D SubscriptionController: getDummySubIds: slotIdx=0 return 2 DummySubIds with each subId=-2
04-20 17:07:38.138034  1576  1576 D GsmSST  : [GsmSST0] handleMessage msg done
04-20 17:07:39.109895   720   736 D RILC    : s_last_wake_timeout_info: 0x7f945833c0 reset to NULL
04-20 17:07:39.109991   720   736 D RILC    : userTimerCallback free  p_info: 0x7f945833c0
04-20 17:07:39.110046   720   736 D RILC    : userTimerCallback free  p_info->event: 0x7f945833d0
04-20 17:07:39.113500   720   736 I RILC    : NUMBER:1
04-20 17:07:39.113591   720   736 I RILC    : arg len:14
04-20 17:07:39.113661   720   736 I RILC    : ARGS[0]:THERMAL,0,-1
04-20 17:07:39.113957   720   736 D RILC    : C[locl]> QUERY_MODEM_THERMAL
04-20 17:07:39.114045   720   736 D RILC-MTK: QUERY_MODEM_THERMAL pRI=0x7f9644c360 p=0x7f96457490 dispatched to RIL_CMD_PROXY_1
04-20 17:07:39.114341   720   724 I RILC-MTK: RIL_URC_PROXY wakeup
04-20 17:07:39.114396   720   724 I RILC-MTK: RIL_URC_PROXY sleep
04-20 17:07:39.114511   720   726 I RILC-MTK: RIL_CMD_PROXY_2 wakeup
04-20 17:07:39.114546   720   730 I RILC-MTK: RIL_URC2_PROXY wakeup
04-20 17:07:39.114583   720   726 I RILC-MTK: RIL_CMD_PROXY_2 sleep
04-20 17:07:39.114695   720   728 I RILC-MTK: RIL_CMD_PROXY_4 wakeup
04-20 17:07:39.114756   720   730 I RILC-MTK: RIL_URC2_PROXY sleep
04-20 17:07:39.114811   720   732 I RILC-MTK: RIL_CMD2_PROXY_2 wakeup
04-20 17:07:39.114852   720   734 I RILC-MTK: RIL_CMD2_PROXY_4 wakeup
04-20 17:07:39.114880   720   732 I RILC-MTK: RIL_CMD2_PROXY_2 sleep
04-20 17:07:39.114969   720   733 I RILC-MTK: RIL_CMD2_PROXY_1 wakeup
04-20 17:07:39.115006   720   729 I RILC-MTK: RIL_ATCI_PROXY wakeup
04-20 17:07:39.115042   720   733 I RILC-MTK: RIL_CMD2_PROXY_1 sleep
04-20 17:07:39.115140   720   728 I RILC-MTK: RIL_CMD_PROXY_4 sleep
04-20 17:07:39.115304   720   731 I RILC-MTK: RIL_CMD2_PROXY_3 wakeup
04-20 17:07:39.115334   720   725 I RILC-MTK: RIL_CMD_PROXY_3 wakeup
04-20 17:07:39.115355   720   731 I RILC-MTK: RIL_CMD2_PROXY_3 sleep
04-20 17:07:39.115447   720   729 I RILC-MTK: RIL_ATCI_PROXY sleep
04-20 17:07:39.115536   720   734 I RILC-MTK: RIL_CMD2_PROXY_4 sleep
04-20 17:07:39.115815   720   735 I RILC-MTK: RIL_ATCI2_PROXY wakeup
04-20 17:07:39.115872   720   735 I RILC-MTK: RIL_ATCI2_PROXY sleep
04-20 17:07:39.115946   720   727 I RILC-MTK: RIL_CMD_PROXY_1 wakeup
04-20 17:07:39.116026   720   727 D RILC-MTK: proxy id:3, proxyName: RIL_CMD_PROXY_1
04-20 17:07:39.116085   720   727 D RILC-MTK: QUERY_MODEM_THERMAL pRI=0x7f9644c360 p=0x7f96457490 execute on RIL_CMD_PROXY_1 using channel 3
04-20 17:07:39.116148   720   727 D RILC    : callOnRequest for new vendor ril
04-20 17:07:39.116203   720   727 D RIL     : onRequest: QUERY_MODEM_THERMAL, datalen = 8
04-20 17:07:39.116251   720   727 D RIL     : radioState:10
04-20 17:07:39.116315   720   727 D RIL     : requestQueryThermal Enter,-1
04-20 17:07:39.116382   720   727 D AT      : getRILChannelCtx subsystem:1, rid:0 channelOffset:0
04-20 17:07:39.116437   720   727 D AT      : AT send on RIL_CMD_READER_3, tid:547975332928
04-20 17:07:39.116486   720   727 D AT      : AT> AT+ETHERMAL
04-20 17:07:39.116631   720   727 I AT      : AT write start
04-20 17:07:39.116903   560   712 D RILMUXD : [gsm0710muxd] 3614:poll_thread(): poll_thread select found
04-20 17:07:39.116977   560   712 D RILMUXD : [gsm0710muxd] 1045:pseudo_device_read(): Enter, LackofAtciChannel=0
04-20 17:07:39.117052   720   725 I RILC-MTK: RIL_CMD_PROXY_3 sleep
04-20 17:07:39.117053   560   712 D RILMUXD : [gsm0710muxd] 657:write_frame(): Sending frame to channel 5
04-20 17:07:39.117222   560   712 D RILMUXD : [gsm0710muxd] 766:write_frame(): Write a frame on channel 5 with length 12
04-20 17:07:39.125000   560   706 D RILMUXD : [gsm0710muxd] 1643:gsm0710_base_buffer_get_frame(): Get a complete frame. ch:5, ctrl:239, len:44
04-20 17:07:39.125169   560   706 D RILMUXD : [gsm0710muxd] 2383:extract_frames(): Writing 44 byte frame received on channel 5 to /dev/pts/10
04-20 17:07:39.125282   560   706 D RILMUXD : [gsm0710muxd] 2403:extract_frames(): write() returned. Written 44/44 bytes of frame to /dev/pts/10
04-20 17:07:39.125350   560   706 D RILMUXD : [gsm0710muxd] 2408:extract_frames(): fsync() failed (-1, 22 - Invalid argument)
04-20 17:07:39.125425   560   706 D RILMUXD : [gsm0710muxd] 1643:gsm0710_base_buffer_get_frame(): Get a complete frame. ch:5, ctrl:239, len:6
04-20 17:07:39.125487   560   706 D RILMUXD : [gsm0710muxd] 2383:extract_frames(): Writing 6 byte frame received on channel 5 to /dev/pts/10
04-20 17:07:39.125561   560   706 D RILMUXD : [gsm0710muxd] 2403:extract_frames(): write() returned. Written 6/6 bytes of frame to /dev/pts/10
04-20 17:07:39.125624   560   706 D RILMUXD : [gsm0710muxd] 2408:extract_frames(): fsync() failed (-1, 22 - Invalid argument)
04-20 17:07:39.125913   720   743 I AT      : AT read end: 50
04-20 17:07:39.126000   720   743 D AT      : AT< +ETHERMAL: 2, 32767, -127, -1, 32767, 18
04-20 17:07:39.126057   720   743 D AT      : RIL_CMD_READER_3 Enter processLine:+ETHERMAL: 2, 32767, -127, -1, 32767, 18
04-20 17:07:39.126207   720   743 D AT      : AT< OK
04-20 17:07:39.126261   720   743 D AT      : RIL_CMD_READER_3 Enter processLine:OK
04-20 17:07:39.126345   720   743 I AT      : AT read start
04-20 17:07:39.126446   720   727 D AT      : response received on RIL_CMD_READER_3, tid:547975332928
04-20 17:07:39.126501   720   727 D RIL     : requestQueryThermal success
04-20 17:07:39.126554   720   727 D RILC    : RequestComplete, RIL_SOCKET_1
04-20 17:07:39.126610   720   727 D RILC    : [THERMAL] local request for THERMAL returned 
04-20 17:07:39.126678   720   727 D RILC    : [THERMAL] s_THERMAL_fd is valid strResult is  2, 32767, -127, -1, 32767, 18
04-20 17:07:39.126949   720   727 D RILC-MTK: proxyLoop free  pRI=0x7f9644c360 p=0x7f96457490 
04-20 17:07:39.127015   720   727 D RILC-MTK: proxyLoop free  pRequest=0x7f96452740
04-20 17:07:39.127066   720   727 I RILC-MTK: RIL_CMD_PROXY_1 sleep
04-20 17:07:39.533380  1576  2107 D GSMPhone: [GSMPhone] getServiceState : getState() : 1 getDataRegState() : 1
04-20 17:07:39.533642  1576  2107 D DCT     : [0]fetchDunApn: config_tether_apndata dunSetting=null
04-20 17:07:39.533702  1576  2107 D DCT     : [0]hasMatchedTetherApnSetting: APN=null
04-20 17:07:39.542347  1576 13209 D GSMPhone: [GSMPhone] getServiceState : getState() : 1 getDataRegState() : 1
04-20 17:07:39.542697  1576 13209 D DCT     : [0]fetchDunApn: config_tether_apndata dunSetting=null
04-20 17:07:39.542775  1576 13209 D DCT     : [0]hasMatchedTetherApnSetting: APN=null
04-20 17:07:39.550414  1576  1607 D GSMPhone: [GSMPhone] getServiceState : getState() : 1 getDataRegState() : 1
04-20 17:07:39.550627  1576  1607 D DCT     : [0]fetchDunApn: config_tether_apndata dunSetting=null
04-20 17:07:39.550695  1576  1607 D DCT     : [0]hasMatchedTetherApnSetting: APN=null
04-20 17:07:39.558315  1576  2107 D GSMPhone: [GSMPhone] getServiceState : getState() : 1 getDataRegState() : 1
04-20 17:07:39.558619  1576  2107 D DCT     : [0]fetchDunApn: config_tether_apndata dunSetting=null
04-20 17:07:39.558693  1576  2107 D DCT     : [0]hasMatchedTetherApnSetting: APN=null
04-20 17:07:39.858173  1576  1576 D FdManager: [GDCT][phoneId0]onReceive: action=android.intent.action.BATTERY_CHANGED
04-20 17:07:39.860716  1576  1576 D FdManager: [GDCT][phoneId1]onReceive: action=android.intent.action.BATTERY_CHANGED
04-20 17:07:39.878608   964  1670 D TelephonyRegistry: listen: E pkg=com.android.settings events=0x20 notifyNow=true subId=2147483647 myUserId=0 callerUserId=0
04-20 17:07:39.878764   964  1670 D TelephonyRegistry: listen: add new record
04-20 17:07:39.879895  1576  1607 D SubscriptionController: [getPhoneId] asked for default subId=-1
04-20 17:07:39.880219  1576  1607 D SubscriptionController: [getPhoneId]- invalid subId = -1 return = -1
04-20 17:07:39.881047   964  1670 D TelephonyRegistry: listen:  Register r={callingPackage=com.android.settings binder=android.os.BinderProxy@bf50a03 callback=com.android.internal.telephony.IPhoneStateListener$Stub$Proxy@1b45d80 onSubscriptionsChangedListenererCallback=null callerUserId=0 subId=2147483647 phoneId=-1 events=20 canReadPhoneState=true} r.subId=2147483647 phoneId=-1
04-20 17:07:39.881211   964  1670 D TelephonyRegistry: listen: logSSC.length=5 next=0
04-20 17:07:39.883212   964  1670 D TelephonyRegistry: notifyServiceStateForSubscriber Time 20160420T164236Asia/Shanghai(3,110,28800,0,1461141756) mSubId -2 mPhoneId 0  mState 1 1 voice home data home null null null null null null  Unknown Unknown CSS not supported 0 0 RoamInd=-1 DefRoamInd=-1 EmergOnly=true Ril Voice Regist state: 10 Ril Data Regist state: 0 mProprietaryDataRadioTechnology: 0 VoiceRejectCause: -1 DataRejectCause: -1 mCdmaNetWorkMode: 0 IsDataRoamingFromRegistration=false
04-20 17:07:39.885025   964  1670 D TelephonyRegistry: notifyServiceStateForSubscriber Time 20160420T164753Asia/Shanghai(3,110,28800,0,1461142073) mSubId -2 mPhoneId 0  mState 1 1 voice home data home null null null null null null  Unknown Unknown CSS not supported -1 -1 RoamInd=-1 DefRoamInd=-1 EmergOnly=true Ril Voice Regist state: 10 Ril Data Regist state: 0 mProprietaryDataRadioTechnology: 0 VoiceRejectCause: -1 DataRejectCause: -1 mCdmaNetWorkMode: 0 IsDataRoamingFromRegistration=false
04-20 17:07:39.886668   964  1670 D TelephonyRegistry: notifyServiceStateForSubscriber Time 20160420T164753Asia/Shanghai(3,110,28800,0,1461142073) mSubId -2 mPhoneId 0  mState 1 1 voice home data home null null null null null null  Unknown Unknown CSS not supported 0 0 RoamInd=-1 DefRoamInd=-1 EmergOnly=true Ril Voice Regist state: 10 Ril Data Regist state: 0 mProprietaryDataRadioTechnology: 0 VoiceRejectCause: -1 DataRejectCause: -1 mCdmaNetWorkMode: 0 IsDataRoamingFromRegistration=false
04-20 17:07:39.888422   964  1670 D TelephonyRegistry: notifyServiceStateForSubscriber Time 20160420T170732Asia/Shanghai(3,110,28800,0,1461143252) mSubId -2 mPhoneId 0  mState 1 1 voice home data home null null null null null null  Unknown Unknown CSS not supported -1 -1 RoamInd=-1 DefRoamInd=-1 EmergOnly=true Ril Voice Regist state: 10 Ril Data Regist state: 0 mProprietaryDataRadioTechnology: 0 VoiceRejectCause: -1 DataRejectCause: -1 mCdmaNetWorkMode: 0 IsDataRoamingFromRegistration=false
04-20 17:07:39.890042   964  1670 D TelephonyRegistry: notifyServiceStateForSubscriber Time 20160420T170735Asia/Shanghai(3,110,28800,0,1461143255) mSubId -2 mPhoneId 0  mState 1 1 voice home data home null null null null null null  Unknown Unknown CSS not supported 0 0 RoamInd=-1 DefRoamInd=-1 EmergOnly=true Ril Voice Regist state: 10 Ril Data Regist state: 0 mProprietaryDataRadioTechnology: 0 VoiceRejectCause: -1 DataRejectCause: -1 mCdmaNetWorkMode: 0 IsDataRoamingFromRegistration=false
04-20 17:07:39.890139   964  1670 D TelephonyRegistry: listen: ----------------
04-20 17:07:39.890263   964  1670 D TelephonyRegistry: validatePhoneId: false
04-20 17:07:39.893112  1576  1918 D SubscriptionController: [getActiveSubInfoCount]+
04-20 17:07:39.893912  1576  1918 D SubscriptionController: [getActiveSubInfoList]+
04-20 17:07:39.895052  1576  1918 D SubscriptionController: [getActiveSubInfoList] Sub Controller not ready
04-20 17:07:39.895332  1576  1918 D SubscriptionController: [getActiveSubInfoCount] records null
04-20 17:07:40.130137  1576  2107 D SubscriptionController: [getActiveSubInfoCount]+
04-20 17:07:40.130791  1576  2107 D SubscriptionController: [getActiveSubInfoList]+
04-20 17:07:40.132042  1576  2107 D SubscriptionController: [getActiveSubInfoList] Sub Controller not ready
04-20 17:07:40.132348  1576  2107 D SubscriptionController: [getActiveSubInfoCount] records null
04-20 17:07:40.705543   964  1927 D TelephonyRegistry: listen: E pkg=com.android.settings events=0x0 notifyNow=true subId=2147483647 myUserId=0 callerUserId=0
04-20 17:07:40.705644   964  1927 D TelephonyRegistry: listen: Unregister
04-20 17:07:40.705946   964  1927 D TelephonyRegistry: remove: binder=android.os.BinderProxy@bf50a03r.callingPackagecom.android.settingsr.callbackcom.android.internal.telephony.IPhoneStateListener$Stub$Proxy@1b45d80
04-20 17:07:42.444845   560   560 D RILMUXD : [gsm0710muxd] 3897:main(): Frames received/dropped: 8734/0
04-20 17:07:43.215147   560   706 D RILMUXD : [gsm0710muxd] 1643:gsm0710_base_buffer_get_frame(): Get a complete frame. ch:2, ctrl:239, len:39
04-20 17:07:43.215263   560   706 D RILMUXD : [gsm0710muxd] 2383:extract_frames(): Writing 39 byte frame received on channel 2 to /dev/pts/7
04-20 17:07:43.216398   560   706 D RILMUXD : [gsm0710muxd] 2403:extract_frames(): write() returned. Written 39/39 bytes of frame to /dev/pts/7
04-20 17:07:43.216477   560   706 D RILMUXD : [gsm0710muxd] 2408:extract_frames(): fsync() failed (-1, 22 - Invalid argument)
04-20 17:07:43.217656   720   740 I AT      : AT read end: 39
04-20 17:07:43.217733   720   740 D AT      : AT< +ECSQ: 43,35,1,-312,-28,1,1,2,32767
04-20 17:07:43.217778   720   740 D AT      : RIL_URC_READER Enter processLine:+ECSQ: 43,35,1,-312,-28,1,1,2,32767
04-20 17:07:43.217880   720   740 D RILC    : [MAL_AT] data sent to rild-mal-at is '+ECSQ: 43,35,1,-312,-28,1,1,2,32767'
04-20 17:07:43.217980   720   740 D RILC    : internalRequestTimedCallback malloc p_info: 0x7f94583420
04-20 17:07:43.218028   720   740 D RILC    : internalRequestTimedCallback malloc p_info->event: 0x7f94583430
04-20 17:07:43.218120   720   740 D RIL     : Nw URC:+ECSQ: 43,35,1,-312,-28,1,1,2,32767
04-20 17:07:43.218185   720   740 D RIL     : convert3GRssiValue baseband=503 ,isFdd3G=1,isTdd3G=0 ,RSCP_in_qdbm=-312 ,EcN0_in_qdbm=-28
04-20 17:07:43.218241   720   740 D RILC    : callForRilVersion new vendor RIL, version: 10
04-20 17:07:43.218289   720   740 I RILC    : RIL_SOCKET_1 UNSOLICITED: UNSOL_SIGNAL_STRENGTH length:72
04-20 17:07:43.218334   720   740 E RILC    : Send Response to rild-mal
04-20 17:07:43.218422   720   740 E RILC    : Send Response to RIL_SOCKET_1
04-20 17:07:43.218511   720   740 I AT      : AT read start
04-20 17:07:43.222371  1576  1576 D GsmSST  : [GsmSST0] handle EVENT_SIGNAL_STRENGTH_UPDATE
04-20 17:07:43.222552  1576  1576 D GsmSST  : [GsmSST0] onSignalStrengthResult():  LastSignalStrength=SignalStrength: 14 37 -120 -160 -2 0 -1 99 2147483647 -2147483647 2147483647 2147483647 2147483647 gsm|lte 1 -312 -23
04-20 17:07:43.222651  1576  1576 D GsmSST  : [GsmSST0] onSignalStrengthResult():new mSignalStrength=SignalStrength: 14 35 -120 -160 -2 0 -1 99 2147483647 -2147483647 2147483647 2147483647 2147483647 gsm|lte 1 -312 -28
04-20 17:07:43.222811  1576  1576 W SignalStrength: SignalStrength get plugin
04-20 17:07:43.222905  1576  1576 I use-Rlog/RLOG-GSM: getLTELevel - rsrp:2147483647 snr:2147483647 rsrpIconLevel:-1 snrIconLevel:-1
04-20 17:07:43.222968  1576  1576 I use-Rlog/RLOG-GSM: getLTELevel - rssi:99 rssiIconLevel:0
04-20 17:07:43.223027  1576  1576 W SignalStrength: SignalStrength get plugin
04-20 17:07:43.223089  1576  1576 I use-Rlog/RLOG-GSM:  asu: 14 gsmRscp: -78 out level: 4
04-20 17:07:43.223148  1576  1576 D GsmSST  : [GsmSST0] notifySignalStrength: mSignalStrength.getLevel=4
04-20 17:07:43.223403  1576  1576 D SubscriptionController: [getSubId]- sSlotIdxToSubId.size == 0, return DummySubIds slotIdx=0
04-20 17:07:43.223472  1576  1576 D SubscriptionController: getDummySubIds: slotIdx=0 return 2 DummySubIds with each subId=-2
04-20 17:07:43.223594  1576  1576 D DefaultPhoneNotifier: notifySignalStrength: mRegistry=com.android.internal.telephony.ITelephonyRegistry$Stub$Proxy@20f1708 ss=SignalStrength: 14 35 -120 -160 -2 0 -1 99 2147483647 -2147483647 2147483647 2147483647 2147483647 gsm|lte 1 -312 -28 sender=Handler (com.android.internal.telephony.gsm.GSMPhone) {e4ac408}
04-20 17:07:43.224952   964  1747 D TelephonyRegistry: notifySignalStrengthForSubscriber: subId=-2 signalStrength=SignalStrength: 14 35 -120 -160 -2 0 -1 99 2147483647 -2147483647 2147483647 2147483647 2147483647 gsm|lte 1 -312 -28
04-20 17:07:43.225091   964  1747 D TelephonyRegistry: notifySignalStrengthForSubscriber: logSSC.length=5 next=0
04-20 17:07:43.229343   964  1747 D TelephonyRegistry: notifyServiceStateForSubscriber Time 20160420T164236Asia/Shanghai(3,110,28800,0,1461141756) mSubId -2 mPhoneId 0  mState 1 1 voice home data home null null null null null null  Unknown Unknown CSS not supported 0 0 RoamInd=-1 DefRoamInd=-1 EmergOnly=true Ril Voice Regist state: 10 Ril Data Regist state: 0 mProprietaryDataRadioTechnology: 0 VoiceRejectCause: -1 DataRejectCause: -1 mCdmaNetWorkMode: 0 IsDataRoamingFromRegistration=false
04-20 17:07:43.231013   964  1747 D TelephonyRegistry: notifyServiceStateForSubscriber Time 20160420T164753Asia/Shanghai(3,110,28800,0,1461142073) mSubId -2 mPhoneId 0  mState 1 1 voice home data home null null null null null null  Unknown Unknown CSS not supported -1 -1 RoamInd=-1 DefRoamInd=-1 EmergOnly=true Ril Voice Regist state: 10 Ril Data Regist state: 0 mProprietaryDataRadioTechnology: 0 VoiceRejectCause: -1 DataRejectCause: -1 mCdmaNetWorkMode: 0 IsDataRoamingFromRegistration=false
