04-20 17:08:06.071267   964   982 D BroadcastQueue: BroadcastRecord{60fb6d7 u0 com.android.launcher3.action.LAUNCH}, #0 ActivityInfo{a06ca58 com.google.android.search.core.icingsync.ApplicationLaunchReceiver}
04-20 17:08:06.071694   964   982 W BroadcastQueue: Permission Denial: broadcasting Intent { act=com.android.launcher3.action.LAUNCH flg=0x10 (has extras) } from com.android.launcher3 (pid=1654, uid=10014) requires com.google.android.launcher.permission.RECEIVE_LAUNCH_BROADCASTS due to receiver com.google.android.googlequicksearchbox/com.google.android.search.core.icingsync.ApplicationLaunchReceiver
04-20 17:08:06.072144   964   982 D BroadcastQueue: Non-ordered [background] BroadcastRecord{60fb6d7 u0 com.android.launcher3.action.LAUNCH}, 1 receivers, Total: 2, Waiting: 0, Processing: 2
04-20 17:08:06.077308  1654  1654 D ActivityThread: ACT-AM_ON_PAUSE_CALLED ActivityRecord{42020ea token=android.os.BinderProxy@ab17fdb {com.android.launcher3/com.android.launcher3.Launcher}}
04-20 17:08:06.078456   964  1162 D ActivityManager: ACT-paused: token=Token{115e96 ActivityRecord{6401458 u0 com.android.launcher3/.Launcher t31}}, timeout=false
04-20 17:08:06.078770   964  1162 D ActivityManager: ACT-IDLE_NOW_MSG from completePauseLocked for mStoppingActivities.size() > 3
04-20 17:08:06.116097   964   987 V WindowStateAnimator: finishDrawingLocked: mDrawState=COMMIT_DRAW_PENDING WindowStateAnimator{e12656 Starting com.android.dialer} in Surface(name=Starting com.android.dialer)
04-20 17:08:06.117632   964   987 I WindowManager: Focus moving from Window{e846a21 u0 com.android.launcher3/com.android.launcher3.Launcher} to null
04-20 17:08:06.117774   964   987 I WindowManager: Losing focus: Window{e846a21 u0 com.android.launcher3/com.android.launcher3.Launcher}
04-20 17:08:06.141910   964  1162 I ActivityManager: Start proc 15913:com.android.dialer/u0a6 for activity com.android.dialer/.DialtactsActivity
04-20 17:08:06.142167   964  1162 D ActivityManager: Delay resumeKeyDispatchingLocked() to avoid deadlock.
04-20 17:08:06.143540  1654  1654 D ActivityThread: ACT-PAUSE_ACTIVITY handled : 1 / android.os.BinderProxy@ab17fdb
04-20 17:08:06.358288   964  1670 D ActivityManager: ACT-attachApplication pid 15913 to thread android.app.ApplicationThreadProxy@6596aad
04-20 17:08:06.362273   964  1670 V WindowManager: setAppVisibility(Token{f5187a6 ActivityRecord{e4932e8 u0 com.android.dialer/.DialtactsActivity t70}}, visible=true): mNextAppTransition=TRANSIT_TASK_OPEN hidden=true hiddenRequested=true Callers=com.android.server.am.ActivityStackSupervisor.realStartActivityLocked:1293 com.android.server.am.ActivityStackSupervisor.attachApplicationLocked:717 com.android.server.am.ActivityManagerService.attachApplicationLocked:6794 com.android.server.am.ActivityManagerService.attachApplication:6863 android.app.ActivityManagerNative.onTransact:513 com.android.server.am.ActivityManagerService.onTransact:2621 
04-20 17:08:06.364632   964  1670 V WindowManager: setAppVisibility(Token{115e96 ActivityRecord{6401458 u0 com.android.launcher3/.Launcher t31}}, visible=false): mNextAppTransition=TRANSIT_TASK_OPEN hidden=false hiddenRequested=false Callers=com.android.server.am.ActivityStack.setVisible:1295 com.android.server.am.ActivityStack.ensureActivitiesVisibleLocked:1654 com.android.server.am.ActivityStackSupervisor.ensureActivitiesVisibleLocked:3722 com.android.server.am.ActivityManagerService.updateConfigurationLocked:18749 com.android.server.am.ActivityStackSupervisor.realStartActivityLocked:1309 com.android.server.am.ActivityStackSupervisor.attachApplicationLocked:717 
04-20 17:08:06.368965   964  1670 D ActivityManager: ACT-AM_RESTART_ACTIVITY ActivityRecord{e4932e8 u0 com.android.dialer/.DialtactsActivity t70} Task:70
04-20 17:08:06.372708   964  1670 V WindowManager: **** GOOD TO GO
04-20 17:08:06.377290   964  1670 V WindowManager: Looking for focus: 6 = Window{fa8f8e8 u0 StatusBar}, flags=-2122055608, canReceive=false
04-20 17:08:06.377441   964  1670 V WindowManager: findFocusedWindow: No focusable windows.
04-20 17:08:06.378190   964  1670 D WindowManager: notifyActivityDrawnForKeyguard: waiting=false Callers=com.android.server.wm.WindowManagerService.handleAppTransitionReadyLocked:10079 com.android.server.wm.WindowManagerService.performLayoutAndPlaceSurfacesLockedInner:10699 com.android.server.wm.WindowManagerService.performLayoutAndPlaceSurfacesLockedLoop:9443 com.android.server.wm.WindowManagerService.performLayoutAndPlaceSurfacesLocked:9390 com.android.server.wm.WindowManagerService.executeAppTransition:4585 
04-20 17:08:06.387772   964   983 V NetworkStats: setKernelCounterSet uid=10006 set=1
04-20 17:08:06.401532   964  2089 V WindowManager: Looking for focus: 6 = Window{fa8f8e8 u0 StatusBar}, flags=-2122055608, canReceive=false
04-20 17:08:06.401739   964  2089 V WindowManager: findFocusedWindow: No focusable windows.
04-20 17:08:06.500939 15913 15913 D ActivityThread: BIND_APPLICATION handled : 0 / AppBindData{appInfo=ApplicationInfo{42020ea com.android.dialer}}
04-20 17:08:06.502914 15913 15913 V ActivityThread: Handling launch of ActivityRecord{c294551 token=android.os.BinderProxy@e5761b6 {com.android.dialer/com.android.dialer.DialtactsActivity}} startsNotResumed=false
04-20 17:08:06.543661 15913 15913 V ActivityThread: ActivityRecord{c294551 token=android.os.BinderProxy@e5761b6 {com.android.dialer/com.android.dialer.DialtactsActivity}}: app=com.android.dialer.DialerApplication@50bf192, appName=com.android.dialer, pkg=com.android.dialer, comp={com.android.dialer/com.android.dialer.DialtactsActivity}, dir=/system/priv-app/Dialer/Dialer.apk
04-20 17:08:06.746141   964   987 V WindowManager: Looking for focus: 6 = Window{fa8f8e8 u0 StatusBar}, flags=-2122055608, canReceive=false
04-20 17:08:06.746289   964   987 V WindowManager: findFocusedWindow: No focusable windows.
04-20 17:08:06.908383 15913 15913 V ActivityThread: Performing resume of ActivityRecord{c294551 token=android.os.BinderProxy@e5761b6 {com.android.dialer/com.android.dialer.DialtactsActivity}}
04-20 17:08:06.946419   964  1844 W Telecom : : No account found for the calling user
04-20 17:08:06.953123 15913 15913 D StatusBarManager: Hide SIM indicator from com.android.dialer.
04-20 17:08:07.013609 15913 15913 D ActivityThread: ACT-AM_ON_RESUME_CALLED ActivityRecord{c294551 token=android.os.BinderProxy@e5761b6 {com.android.dialer/com.android.dialer.DialtactsActivity}}
04-20 17:08:07.014013 15913 15913 V ActivityThread: Resume ActivityRecord{c294551 token=android.os.BinderProxy@e5761b6 {com.android.dialer/com.android.dialer.DialtactsActivity}} started activity: false, hideForNow: false, finished: false
04-20 17:08:07.014672   964  1843 D ActivityManager: getContentProviderImpl: from caller=android.app.ApplicationThreadProxy@cea4265 (pid=15913, userId=0) to get content provider com.android.voicemail cpr=null
04-20 17:08:07.052043   964  1843 I ActivityManager: Start proc 15933:android.process.acore/u0a3 for content provider com.android.providers.contacts/.VoicemailContentProvider
04-20 17:08:07.052861   964   983 V NetworkStats: setKernelCounterSet uid=10003 set=1
04-20 17:08:07.060351   964  1927 D WindowManager: addWindowToListInOrderLocked: win=Window{d419fe1 u0 com.android.dialer/com.android.dialer.DialtactsActivity} Callers=com.android.server.wm.WindowManagerService.addWindow:2771 com.android.server.wm.Session.addToDisplay:171 android.view.IWindowSession$Stub.onTransact:124 com.android.server.wm.Session.onTransact:133 
04-20 17:08:07.063165 15913 15913 V ActivityThread: Resuming ActivityRecord{c294551 token=android.os.BinderProxy@e5761b6 {com.android.dialer/com.android.dialer.DialtactsActivity}} with isForward=true
04-20 17:08:07.064147 15913 15913 V ActivityThread: Scheduling idle handler for ActivityRecord{c294551 token=android.os.BinderProxy@e5761b6 {com.android.dialer/com.android.dialer.DialtactsActivity}}
04-20 17:08:07.065736 15913 15913 D ActivityThread: ACT-LAUNCH_ACTIVITY handled : 0 / ActivityRecord{c294551 token=android.os.BinderProxy@e5761b6 {com.android.dialer/com.android.dialer.DialtactsActivity}}
04-20 17:08:07.269140   964  1670 D ActivityManager: ACT-attachApplication pid 15933 to thread android.app.ApplicationThreadProxy@cadd106
04-20 17:08:07.302564   964  1043 D WifiService: Client connection lost with reason: 4
04-20 17:08:07.306766   964  1652 D DisplayManagerService: Display listener for pid 15287 died.
04-20 17:08:07.316204   964  1582 I ActivityManager: Process com.android.settings (pid 15287) has died
04-20 17:08:07.316489   964  1582 D ActivityManager: SVC-handleAppDiedLocked: app = ProcessRecord{5e63064 15287:com.android.settings/1000}, app.pid = 15287
04-20 17:08:07.317199   964  1582 D ActivityManager: removeDyingProviderLocked: cpr=ContentProviderRecord{c5603c7 u0 com.android.settings/.search.SettingsSearchIndexablesProvider} always=false inLaunching=false
04-20 17:08:07.317569   964  1582 D ActivityManager: removeDyingProviderLocked: cpr=ContentProviderRecord{8b06df4 u0 com.android.settings/com.mediatek.beam.BeamShareProvider} always=false inLaunching=false
04-20 17:08:07.317857   964  1582 D ActivityManager: removeDyingProviderLocked: cpr=ContentProviderRecord{357591d u0 com.android.settings/android.support.v4.content.FileProvider} always=false inLaunching=false
04-20 17:08:07.318095   964  1582 D ActivityManager: SVC-mBroadcastQueues: com.android.server.am.BroadcastQueue@849ef70
04-20 17:08:07.318236   964  1582 D ActivityManager: SVC-mBroadcastQueues: com.android.server.am.BroadcastQueue@f0f42e9
04-20 17:08:07.337769 15933 15933 D ActivityThread: installProvider: context.getPackageName()=com.android.providers.contacts
04-20 17:08:07.342143 15933 15933 D ActivityThread: installProvider: context.getPackageName()=com.android.providers.contacts
04-20 17:08:07.362807   964  1663 D ActivityManager: getContentProviderImpl: from caller=android.app.ApplicationThreadProxy@2c5f792 (pid=15913, userId=0) to get content provider com.android.contacts cpr=null
04-20 17:08:07.363736   964  1663 D ActivityManager: Installing in existing process ProcessRecord{ca51563 15933:android.process.acore/u0a3}
04-20 17:08:07.679710 15933 15933 D ActivityThread: installProvider: context.getPackageName()=com.android.providers.contacts
04-20 17:08:07.756126   964  1747 I WindowManager: Relayout Window{d419fe1 u0 com.android.dialer/com.android.dialer.DialtactsActivity}: oldVis=4 newVis=0
04-20 17:08:07.759744   964  1747 I WindowStateAnimator:   CREATE SURFACE Surface(name=com.android.dialer/com.android.dialer.DialtactsActivity) IN SESSION android.view.SurfaceSession@c607560: pid=15913 format=-1 flags=0x404 / WindowStateAnimator{1156a19 com.android.dialer/com.android.dialer.DialtactsActivity}
04-20 17:08:07.761082   964  1747 V WindowManager: Looking for focus: 7 = Window{fa8f8e8 u0 StatusBar}, flags=-2122055608, canReceive=false
04-20 17:08:07.761415   964  1747 V WindowManager: findFocusedWindow: Found new focus @ 2 = Window{d419fe1 u0 com.android.dialer/com.android.dialer.DialtactsActivity}
04-20 17:08:07.762189   964  1747 V WindowManager: Changing focus from null to Window{d419fe1 u0 com.android.dialer/com.android.dialer.DialtactsActivity} Callers=com.android.server.wm.WindowManagerService.relayoutWindow:3588 com.android.server.wm.Session.relayout:201 android.view.IWindowSession$Stub.onTransact:284 com.android.server.wm.Session.onTransact:133 
04-20 17:08:07.762887   964  1747 D WindowManager: Input focus has changed to Window{d419fe1 u0 com.android.dialer/com.android.dialer.DialtactsActivity}
04-20 17:08:07.790537   964   987 I WindowManager: Focus moving from null to Window{d419fe1 u0 com.android.dialer/com.android.dialer.DialtactsActivity}
04-20 17:08:07.790674   964   987 I WindowManager: Gaining focus: Window{d419fe1 u0 com.android.dialer/com.android.dialer.DialtactsActivity}
04-20 17:08:07.818361   964  8872 D ActivityManager: getContentProviderImpl: from caller=android.app.ApplicationThreadProxy@4c7fade (pid=15933, userId=0) to get content provider settings cpr=ContentProviderRecord{3099187 u0 com.android.providers.settings/.SettingsProvider}
04-20 17:08:07.818782   964  8872 D ActivityManager: getContentProviderImpl: updateLruProcessLocked cpr.proc=ProcessRecord{7b8ebd8 964:system/1000}
04-20 17:08:07.821154 15933 15950 D ActivityThread: holder:android.app.IActivityManager$ContentProviderHolder@289f316, holder.provider:android.content.ContentProviderProxy@5d16497
04-20 17:08:07.837177 15933 15933 D ActivityThread: installProvider: context.getPackageName()=com.android.providers.contacts
04-20 17:08:07.897378 15933 15933 D ActivityThread: installProvider: context.getPackageName()=com.android.providers.contacts
04-20 17:08:07.915870 15933 15933 D ActivityThread: installProvider: context.getPackageName()=com.android.providers.contacts
04-20 17:08:07.946163   964   976 D ActivityManager: publishContentProviders: from caller=android.app.ApplicationThreadProxy@4016cb7 (pid=15933)
04-20 17:08:07.951209 15913 15948 D ActivityThread: holder:android.app.IActivityManager$ContentProviderHolder@ac68294, holder.provider:android.content.ContentProviderProxy@4c6e13d
04-20 17:08:07.952895 15913 15930 D ActivityThread: holder:android.app.IActivityManager$ContentProviderHolder@37cad32, holder.provider:android.content.ContentProviderProxy@f872a83
04-20 17:08:07.952931 15933 15933 D ActivityThread: BIND_APPLICATION handled : 0 / AppBindData{appInfo=ApplicationInfo{10a6bfa com.android.providers.contacts}}
04-20 17:08:08.006378   964  1652 D ActivityManager: getContentProviderImpl: from caller=android.app.ApplicationThreadProxy@453c24 (pid=15913, userId=0) to get content provider call_log cpr=ContentProviderRecord{da5c38d u0 com.android.providers.contacts/.CallLogProvider}
04-20 17:08:08.006882   964  1652 D ActivityManager: getContentProviderImpl: updateLruProcessLocked cpr.proc=ProcessRecord{ca51563 15933:android.process.acore/u0a3}
04-20 17:08:08.010017 15913 15930 D ActivityThread: holder:android.app.IActivityManager$ContentProviderHolder@ac6bda9, holder.provider:android.content.ContentProviderProxy@e1e6f2e
04-20 17:08:08.038353   964   979 V WindowStateAnimator: finishDrawingLocked: mDrawState=COMMIT_DRAW_PENDING WindowStateAnimator{1156a19 com.android.dialer/com.android.dialer.DialtactsActivity} in Surface(name=com.android.dialer/com.android.dialer.DialtactsActivity)
04-20 17:08:08.048082   964  8872 V InputMethodManagerService: windowGainedFocus: android.os.BinderProxy@9cc13eb controlFlags=#105 softInputMode=#133 windowFlags=#81810100
04-20 17:08:08.050175   964   987 D ActivityManager: ACT-windowsVisible(): ActivityRecord{e4932e8 u0 com.android.dialer/.DialtactsActivity t70}
04-20 17:08:08.053102   964   987 V WindowManager: Looking for focus: 7 = Window{fa8f8e8 u0 StatusBar}, flags=-2122055608, canReceive=false
04-20 17:08:08.053377   964   987 V WindowManager: findFocusedWindow: Found new focus @ 2 = Window{d419fe1 u0 com.android.dialer/com.android.dialer.DialtactsActivity}
04-20 17:08:08.061492   964  1670 D ActivityManager: getContentProviderImpl: from caller=android.app.ApplicationThreadProxy@7d6d78e (pid=15913, userId=0) to get content provider com.android.contacts cpr=ContentProviderRecord{1fb3baf u0 com.android.providers.contacts/.ContactsProvider2}
04-20 17:08:08.061933   964  1670 D ActivityManager: getContentProviderImpl: updateLruProcessLocked cpr.proc=ProcessRecord{ca51563 15933:android.process.acore/u0a3}
04-20 17:08:08.067376 15913 15969 D ActivityThread: holder:android.app.IActivityManager$ContentProviderHolder@45604c7, holder.provider:android.content.ContentProviderProxy@6fedaf4
04-20 17:08:08.136136   964  1162 D PowerManagerService: releaseWakeLockInternal: lock=193877478 [*launch*], flags=0x0, total_time=2087ms
04-20 17:08:08.136507   964  1162 D PowerManagerNotifier: onWakeLockReleased: flags=1, tag="*launch*", packageName=android, ownerUid=1000, ownerPid=964, workSource=WorkSource{10006}
04-20 17:08:08.136860   964  1162 D PowerManagerService: updateWakeLockSummaryLocked: mWakefulness=Awake, mWakeLockSummary=0x0
04-20 17:08:08.137544   964  1162 D PowerManagerService: updateUserActivitySummaryLocked: mWakefulness=Awake, mUserActivitySummary=0x9, nextTimeout=24086392 (in 3119 ms)
04-20 17:08:08.138000   964  1162 D DisplayPowerController: requestPowerState: policy=BRIGHT, useProximitySensor=false, screenBrightness=102, screenAutoBrightnessAdjustment=0.0, brightnessSetByUser=true, useAutoBrightness=false, blockScreenOn=false, lowPowerMode=false, boostScreenBrightness=false, dozeScreenBrightness=-1, dozeScreenState=UNKNOWN, waitForNegativeProximity=false
04-20 17:08:08.138158   964  1162 I PowerManagerService: setBrightness mButtonLight, screenBrightness=102
04-20 17:08:08.138366   964  1162 D PowerManagerService: updateDisplayPowerStateLocked: mDisplayReady=true, policy=3, mWakefulness=1, mWakeLockSummary=0x0, mUserActivitySummary=0x9, mBootCompleted=true, mScreenBrightnessBoostInProgress=false
04-20 17:08:08.138581   964  1162 D PowerManagerService: Releasing suspend blocker "PowerManagerService.WakeLocks".
04-20 17:08:08.143526   964  1162 V WindowManager: setAppVisibility(Token{115e96 ActivityRecord{6401458 u0 com.android.launcher3/.Launcher t31}}, visible=false): mNextAppTransition=TRANSIT_UNSET hidden=true hiddenRequested=true Callers=com.android.server.am.ActivityStack.stopActivityLocked:3202 com.android.server.am.ActivityStackSupervisor.activityIdleInternalLocked:2958 com.android.server.am.ActivityManagerService.activityIdle:6876 android.app.ActivityManagerNative.onTransact:528 com.android.server.am.ActivityManagerService.onTransact:2621 android.os.Binder.execTransact:458 
04-20 17:08:08.148404  1654  1654 V ActivityThread: Finishing stop of ActivityRecord{42020ea token=android.os.BinderProxy@ab17fdb {com.android.launcher3/com.android.launcher3.Launcher}}: show=false win=com.android.internal.policy.PhoneWindow@c14f622
04-20 17:08:08.152822  1654  1654 D ActivityThread: ACT-STOP_ACTIVITY_HIDE handled : 0 / android.os.BinderProxy@ab17fdb
04-20 17:08:09.440655   964  1006 D PowerManagerService: userActivityFromNative
04-20 17:08:09.441509   964  1006 D PowerManagerService: userActivityNoUpdateLocked: eventTime=24084572, event=2, flags=0x0, uid=1000
04-20 17:08:09.442193   964  1006 D PowerManagerNotifier: onUserActivity: event=2, uid=1000
04-20 17:08:09.443563   964  1006 D PowerManagerService: updateUserActivitySummaryLocked: mWakefulness=Awake, mUserActivitySummary=0x9, nextTimeout=24086392 (in 1813 ms)
04-20 17:08:09.460171   964  1006 D DisplayPowerController: requestPowerState: policy=BRIGHT, useProximitySensor=false, screenBrightness=102, screenAutoBrightnessAdjustment=0.0, brightnessSetByUser=true, useAutoBrightness=false, blockScreenOn=false, lowPowerMode=false, boostScreenBrightness=false, dozeScreenBrightness=-1, dozeScreenState=UNKNOWN, waitForNegativeProximity=false
04-20 17:08:09.460404   964  1006 I PowerManagerService: setBrightness mButtonLight, screenBrightness=102
04-20 17:08:09.460676   964  1006 D PowerManagerService: updateDisplayPowerStateLocked: mDisplayReady=true, policy=3, mWakefulness=1, mWakeLockSummary=0x0, mUserActivitySummary=0x9, mBootCompleted=true, mScreenBrightnessBoostInProgress=false
04-20 17:08:09.550697   964  1663 D ActivityManager: getContentProviderImpl: from caller=android.app.ApplicationThreadProxy@e90f1a7 (pid=15913, userId=0) to get content provider settings cpr=ContentProviderRecord{3099187 u0 com.android.providers.settings/.SettingsProvider}
04-20 17:08:09.553411   964  1663 D ActivityManager: getContentProviderImpl: updateLruProcessLocked cpr.proc=ProcessRecord{7b8ebd8 964:system/1000}
04-20 17:08:09.555510 15913 15913 D ActivityThread: holder:android.app.IActivityManager$ContentProviderHolder@804489, holder.provider:android.content.ContentProviderProxy@6751c8e
04-20 17:08:09.556756   964  1843 V SettingsProvider: packageValueForCallResult, name = sound_effects_enabled, value : 0
04-20 17:08:09.610892   964  8871 V SettingsProvider: packageValueForCallResult, name = wfc_ims_enabled, value : 0
04-20 17:08:09.838323   964   964 V ActivityManager: Broadcast sticky: Intent { act=android.intent.action.BATTERY_CHANGED flg=0x60000010 (has extras) } ordered=false userid=-1 callerApp=null
04-20 17:08:09.841094   964   982 V BroadcastQueue: Processing parallel broadcast [background] BroadcastRecord{13223c0 u-1 android.intent.action.BATTERY_CHANGED}, 16 receivers
04-20 17:08:09.841545   964   982 D BroadcastQueue: BroadcastRecord{13223c0 u-1 android.intent.action.BATTERY_CHANGED}, #0 BroadcastFilter{9dc89ef u0 ReceiverList{2cf76ce 964 system/1000/u0 local:93e9fc9}}
04-20 17:08:09.841944   964   982 D BroadcastQueue: BDC-Delivering broadcast: Intent { act=android.intent.action.BATTERY_CHANGED flg=0x60000010 (has extras) }, queue=background, ordered=false, filter=BroadcastFilter{9dc89ef u0 ReceiverList{2cf76ce 964 system/1000/u0 local:93e9fc9}}, receiver=null
04-20 17:08:09.842446   964   982 D BroadcastQueue: BroadcastRecord{13223c0 u-1 android.intent.action.BATTERY_CHANGED}, #1 BroadcastFilter{9cc0862 u0 ReceiverList{7aeb2d 964 system/1000/u0 local:c5dbe44}}
04-20 17:08:09.842629   964   990 D ActivityThread: BDC-Calling onReceive: intent=Intent { act=android.intent.action.BATTERY_CHANGED flg=0x60000010 (has extras) }, ordered=true, receiver=com.android.server.power.PowerManagerService$BatteryReceiver@51b33d0, IIntentReceiver=93e9fc9
04-20 17:08:09.842929   964   982 D BroadcastQueue: BDC-Delivering broadcast: Intent { act=android.intent.action.BATTERY_CHANGED flg=0x60000010 (has extras) }, queue=background, ordered=false, filter=BroadcastFilter{9cc0862 u0 ReceiverList{7aeb2d 964 system/1000/u0 local:c5dbe44}}, receiver=null
04-20 17:08:09.843229   964   990 D PowerManagerService: updateIsPoweredLocked: wasPowered=true, mIsPowered=true, oldPlugType=2, mPlugType=2, mBatteryLevel=87
04-20 17:08:09.844510   964   982 D BroadcastQueue: BroadcastRecord{13223c0 u-1 android.intent.action.BATTERY_CHANGED}, #2 BroadcastFilter{eec4c26 u0 ReceiverList{50e9381 964 system/1000/u0 local:2d84368}}
04-20 17:08:09.844972   964   982 D BroadcastQueue: BDC-Delivering broadcast: Intent { act=android.intent.action.BATTERY_CHANGED flg=0x60000010 (has extras) }, queue=background, ordered=false, filter=BroadcastFilter{eec4c26 u0 ReceiverList{50e9381 964 system/1000/u0 local:2d84368}}, receiver=null
04-20 17:08:09.845373   964   982 D BroadcastQueue: BroadcastRecord{13223c0 u-1 android.intent.action.BATTERY_CHANGED}, #3 BroadcastFilter{ab74444 u0 ReceiverList{f940157 964 system/1000/u0 local:8f60ad6}}
04-20 17:08:09.845730   964   982 D BroadcastQueue: BDC-Delivering broadcast: Intent { act=android.intent.action.BATTERY_CHANGED flg=0x60000010 (has extras) }, queue=background, ordered=false, filter=BroadcastFilter{ab74444 u0 ReceiverList{f940157 964 system/1000/u0 local:8f60ad6}}, receiver=null
04-20 17:08:09.846058   964   964 D ActivityThread: BDC-Calling onReceive: intent=Intent { act=android.intent.action.BATTERY_CHANGED flg=0x60000010 (has extras) }, ordered=true, receiver=com.android.server.UiModeManagerService$3@2402357, IIntentReceiver=c5dbe44
04-20 17:08:09.846102   964   982 D BroadcastQueue: BroadcastRecord{13223c0 u-1 android.intent.action.BATTERY_CHANGED}, #4 BroadcastFilter{ef7156b u0 ReceiverList{8ef52ba 1102 com.android.systemui/10022/u0 remote:83e07e5}}
04-20 17:08:09.846429   964   982 D BroadcastQueue: BDC-Delivering broadcast: Intent { act=android.intent.action.BATTERY_CHANGED flg=0x60000010 (has extras) }, queue=background, ordered=false, filter=BroadcastFilter{ef7156b u0 ReceiverList{8ef52ba 1102 com.android.systemui/10022/u0 remote:83e07e5}}, receiver=null
04-20 17:08:09.847524   964   964 D ActivityThread: BDC-Calling onReceive: intent=Intent { act=android.intent.action.BATTERY_CHANGED flg=0x60000010 (has extras) }, ordered=true, receiver=com.android.server.DeviceIdleController$1@7d2b68b, IIntentReceiver=2d84368
04-20 17:08:09.848456   964   982 D BroadcastQueue: BroadcastRecord{13223c0 u-1 android.intent.action.BATTERY_CHANGED}, #5 BroadcastFilter{ac4a1ce u0 ReceiverList{e7196c9 1102 com.android.systemui/10022/u0 remote:9f3a6d0}}
04-20 17:08:09.848465  1102  1102 D ActivityThread: BDC-Calling onReceive: intent=Intent { act=android.intent.action.BATTERY_CHANGED flg=0x60000010 (has extras) }, ordered=true, receiver=com.android.keyguard.KeyguardUpdateMonitor$3@16e0f53, IIntentReceiver=6cc051e
04-20 17:08:09.848928   964   982 D BroadcastQueue: BDC-Delivering broadcast: Intent { act=android.intent.action.BATTERY_CHANGED flg=0x60000010 (has extras) }, queue=background, ordered=false, filter=BroadcastFilter{ac4a1ce u0 ReceiverList{e7196c9 1102 com.android.systemui/10022/u0 remote:9f3a6d0}}, receiver=null
04-20 17:08:09.850350   964   964 D ActivityThread: BDC-Calling onReceive: intent=Intent { act=android.intent.action.BATTERY_CHANGED flg=0x60000010 (has extras) }, ordered=true, receiver=com.android.server.wifi.WifiServiceImpl$1@a225ef1, IIntentReceiver=8f60ad6
04-20 17:08:09.850897   964   982 D BroadcastQueue: BroadcastRecord{13223c0 u-1 android.intent.action.BATTERY_CHANGED}, #6 BroadcastFilter{dd9c3c5 u0 ReceiverList{974ba3c 1102 com.android.systemui/10022/u0 remote:bd6342f}}
04-20 17:08:09.851265  1102  1102 D ActivityThread: BDC-Calling onReceive: intent=Intent { act=android.intent.action.BATTERY_CHANGED flg=0x60000010 (has extras) }, ordered=true, receiver=com.android.systemui.power.PowerUI$Receiver@37c7907, IIntentReceiver=f3db51f
04-20 17:08:09.851289   964   982 D BroadcastQueue: BDC-Delivering broadcast: Intent { act=android.intent.action.BATTERY_CHANGED flg=0x60000010 (has extras) }, queue=background, ordered=false, filter=BroadcastFilter{dd9c3c5 u0 ReceiverList{974ba3c 1102 com.android.systemui/10022/u0 remote:bd6342f}}, receiver=null
04-20 17:08:09.851560  1102  1102 D PowerUI : buckets   .....20 .. 15 .. 5
04-20 17:08:09.851636  1102  1102 D PowerUI : level          87 --> 87
04-20 17:08:09.851688  1102  1102 D PowerUI : status         2 --> 2
04-20 17:08:09.851739  1102  1102 D PowerUI : plugType       2 --> 2
04-20 17:08:09.851793  1102  1102 D PowerUI : invalidCharger 0 --> 0
04-20 17:08:09.852216   964   982 D BroadcastQueue: BroadcastRecord{13223c0 u-1 android.intent.action.BATTERY_CHANGED}, #7 BroadcastFilter{c44a0a8 u0 ReceiverList{c6d40cb 1102 com.android.systemui/10022/u0 remote:abf8f9a}}
04-20 17:08:09.852465  1102  1102 D PowerUI : bucket         1 --> 1
04-20 17:08:09.852538  1102  1102 D PowerUI : plugged        true --> true
04-20 17:08:09.852621   964   982 D BroadcastQueue: BDC-Delivering broadcast: Intent { act=android.intent.action.BATTERY_CHANGED flg=0x60000010 (has extras) }, queue=background, ordered=false, filter=BroadcastFilter{c44a0a8 u0 ReceiverList{c6d40cb 1102 com.android.systemui/10022/u0 remote:abf8f9a}}, receiver=null
04-20 17:08:09.852715  1102  1102 D PowerUI.Notification: dismissing low battery warning: level=87
04-20 17:08:09.852791  1102  1102 D PowerUI.Notification: updateNotification mWarning=false mPlaySound=false mSaver=false mInvalidCharger=false
04-20 17:08:09.853943   964   964 D WifiService: onReceive, action:android.intent.action.BATTERY_CHANGED
04-20 17:08:09.854726   964  1043 D WifiController: ApStaDisabledState{ when=0 what=155652 arg1=2 target=com.android.internal.util.StateMachine$SmHandler }
04-20 17:08:09.855068   964  1043 D WifiController: DefaultState{ when=-1ms what=155652 arg1=2 target=com.android.internal.util.StateMachine$SmHandler }
04-20 17:08:09.855189   964  1043 D WifiController: battery changed pluggedType: 2
04-20 17:08:09.861808  1102  1102 D ActivityThread: BDC-Calling onReceive: intent=Intent { act=android.intent.action.BATTERY_CHANGED flg=0x60000010 (has extras) }, ordered=true, receiver=com.android.systemui.statusbar.policy.BatteryController@15f932f, IIntentReceiver=7a8d970
04-20 17:08:09.863092   964   982 D BroadcastQueue: BroadcastRecord{13223c0 u-1 android.intent.action.BATTERY_CHANGED}, #8 BroadcastFilter{563b902 u0 ReceiverList{6167a4d 1102 com.android.systemui/10022/u0 remote:d3f95e4}}
04-20 17:08:09.863209  1102  1102 D ActivityThread: BDC-Calling onReceive: intent=Intent { act=android.intent.action.BATTERY_CHANGED flg=0x60000010 (has extras) }, ordered=true, receiver=com.android.systemui.BatteryMeterView$BatteryTracker@5fc7f81, IIntentReceiver=42408b
04-20 17:08:09.863583   964   982 D BroadcastQueue: BDC-Delivering broadcast: Intent { act=android.intent.action.BATTERY_CHANGED flg=0x60000010 (has extras) }, queue=background, ordered=false, filter=BroadcastFilter{563b902 u0 ReceiverList{6167a4d 1102 com.android.systemui/10022/u0 remote:d3f95e4}}, receiver=null
04-20 17:08:09.869647   964   982 D BroadcastQueue: BroadcastRecord{13223c0 u-1 android.intent.action.BATTERY_CHANGED}, #9 BroadcastFilter{a9e8f1 u0 ReceiverList{c7ec898 1576 com.android.phone/1001/u0 remote:278527b}}
04-20 17:08:09.870203   964   982 D BroadcastQueue: BDC-Delivering broadcast: Intent { act=android.intent.action.BATTERY_CHANGED flg=0x60000010 (has extras) }, queue=background, ordered=false, filter=BroadcastFilter{a9e8f1 u0 ReceiverList{c7ec898 1576 com.android.phone/1001/u0 remote:278527b}}, receiver=null
04-20 17:08:09.877463   964   982 D BroadcastQueue: BroadcastRecord{13223c0 u-1 android.intent.action.BATTERY_CHANGED}, #10 BroadcastFilter{64ab3d1 u0 ReceiverList{b0a72f8 1102 com.android.systemui/10022/u0 remote:458aa5b}}
04-20 17:08:09.877944   964   982 D BroadcastQueue: BDC-Delivering broadcast: Intent { act=android.intent.action.BATTERY_CHANGED flg=0x60000010 (has extras) }, queue=background, ordered=false, filter=BroadcastFilter{64ab3d1 u0 ReceiverList{b0a72f8 1102 com.android.systemui/10022/u0 remote:458aa5b}}, receiver=null
04-20 17:08:09.878313  1576  1576 D ActivityThread: BDC-Calling onReceive: intent=Intent { act=android.intent.action.BATTERY_CHANGED flg=0x60000010 (has extras) }, ordered=true, receiver=com.mediatek.internal.telephony.dataconnection.FdManager$1@8cc18b4, IIntentReceiver=2112613
04-20 17:08:09.879443   964   982 D BroadcastQueue: BroadcastRecord{13223c0 u-1 android.intent.action.BATTERY_CHANGED}, #11 BroadcastFilter{78acad1 u0 ReceiverList{d7085f8 1576 com.android.phone/1001/u0 remote:50f295b}}
04-20 17:08:09.879891   964   982 D BroadcastQueue: BDC-Delivering broadcast: Intent { act=android.intent.action.BATTERY_CHANGED flg=0x60000010 (has extras) }, queue=background, ordered=false, filter=BroadcastFilter{78acad1 u0 ReceiverList{d7085f8 1576 com.android.phone/1001/u0 remote:50f295b}}, receiver=null
04-20 17:08:09.880958   964   982 D BroadcastQueue: BroadcastRecord{13223c0 u-1 android.intent.action.BATTERY_CHANGED}, #12 BroadcastFilter{ac55590 u0 ReceiverList{6ed9853 1529 com.google.android.gms.persistent/10010/u0 remote:103f042}}
04-20 17:08:09.881466   964   982 D BroadcastQueue: BDC-Delivering broadcast: Intent { act=android.intent.action.BATTERY_CHANGED flg=0x60000010 (has extras) }, queue=background, ordered=false, filter=BroadcastFilter{ac55590 u0 ReceiverList{6ed9853 1529 com.google.android.gms.persistent/10010/u0 remote:103f042}}, receiver=null
04-20 17:08:09.881926  1576  1576 D ActivityThread: BDC-Calling onReceive: intent=Intent { act=android.intent.action.BATTERY_CHANGED flg=0x60000010 (has extras) }, ordered=true, receiver=com.mediatek.internal.telephony.dataconnection.FdManager$1@b5bbe58, IIntentReceiver=b17c009
04-20 17:08:09.882492   964   982 D BroadcastQueue: BroadcastRecord{13223c0 u-1 android.intent.action.BATTERY_CHANGED}, #13 BroadcastFilter{b595e4b u0 ReceiverList{e7bb31a 1529 com.google.android.gms.persistent/10010/u0 remote:a782dc5}}
04-20 17:08:09.882901   964   982 D BroadcastQueue: BDC-Delivering broadcast: Intent { act=android.intent.action.BATTERY_CHANGED flg=0x60000010 (has extras) }, queue=background, ordered=false, filter=BroadcastFilter{b595e4b u0 ReceiverList{e7bb31a 1529 com.google.android.gms.persistent/10010/u0 remote:a782dc5}}, receiver=null
04-20 17:08:09.883120  1529  1855 D ActivityThread: BDC-Calling onReceive: intent=Intent { act=android.intent.action.BATTERY_CHANGED flg=0x60000010 (has extras) }, ordered=true, receiver=com.google.android.location.fused.as@6e8aacd, IIntentReceiver=237902c
04-20 17:08:09.884756   964   982 D BroadcastQueue: BroadcastRecord{13223c0 u-1 android.intent.action.BATTERY_CHANGED}, #14 BroadcastFilter{2666d57 u0 ReceiverList{b1ea6d6 9526 com.android.bluetooth/1002/u0 remote:75beaf1}}
04-20 17:08:09.885353   964   982 D BroadcastQueue: BDC-Delivering broadcast: Intent { act=android.intent.action.BATTERY_CHANGED flg=0x60000010 (has extras) }, queue=background, ordered=false, filter=BroadcastFilter{2666d57 u0 ReceiverList{b1ea6d6 9526 com.android.bluetooth/1002/u0 remote:75beaf1}}, receiver=null
04-20 17:08:09.885707  1529  1529 D ActivityThread: BDC-Calling onReceive: intent=Intent { act=android.intent.action.BATTERY_CHANGED flg=0x60000010 (has extras) }, ordered=true, receiver=com.google.android.location.os.real.z@29bb4, IIntentReceiver=6803b52
04-20 17:08:09.887377   964   982 D BroadcastQueue: BroadcastRecord{13223c0 u-1 android.intent.action.BATTERY_CHANGED}, #15 BroadcastFilter{e3a6521 u0 ReceiverList{72fd788 15541 android.process.media/10007/u0 remote:e79872b}}
04-20 17:08:09.887916   964   982 D BroadcastQueue: BDC-Delivering broadcast: Intent { act=android.intent.action.BATTERY_CHANGED flg=0x60000010 (has extras) }, queue=background, ordered=false, filter=BroadcastFilter{e3a6521 u0 ReceiverList{72fd788 15541 android.process.media/10007/u0 remote:e79872b}}, receiver=null
04-20 17:08:09.888344  9526  9526 D ActivityThread: BDC-Calling onReceive: intent=Intent { act=android.intent.action.BATTERY_CHANGED flg=0x60000010 (has extras) }, ordered=true, receiver=com.android.bluetooth.hfp.HeadsetService$1@deeda3e, IIntentReceiver=4c8674d
04-20 17:08:09.889078   964   982 D BroadcastQueue: Non-ordered [background] BroadcastRecord{13223c0 u-1 android.intent.action.BATTERY_CHANGED}, 16 receivers, Total: 48, Waiting: 0, Processing: 48
04-20 17:08:09.890862 15541 15541 D ActivityThread: BDC-Calling onReceive: intent=Intent { act=android.intent.action.BATTERY_CHANGED flg=0x60000010 (has extras) }, ordered=true, receiver=android.mtp.MtpDatabase$1@df1c21d, IIntentReceiver=21affde
04-20 17:08:09.895910  1102  1102 D ActivityThread: BDC-Calling onReceive: intent=Intent { act=android.intent.action.BATTERY_CHANGED flg=0x60000010 (has extras) }, ordered=true, receiver=com.android.systemui.BatteryMeterView$BatteryTracker@29487ac, IIntentReceiver=a22aa75
04-20 17:08:09.897668  1102  1102 D ActivityThread: BDC-Calling onReceive: intent=Intent { act=android.intent.action.BATTERY_CHANGED flg=0x60000010 (has extras) }, ordered=true, receiver=com.android.systemui.BatteryMeterView$BatteryTracker@8634af1, IIntentReceiver=7caa5f3
04-20 17:08:10.027245   964  1747 D PowerManagerService: acquireWakeLockInternal: lock=208346037, flags=0x1, tag="AudioMix", ws=null, uid=1013, pid=0
04-20 17:08:10.028112   964  1747 D PowerManagerService: updateWakeLockSummaryLocked: mWakefulness=Awake, mWakeLockSummary=0x1
04-20 17:08:10.028484   964  1747 D PowerManagerService: updateUserActivitySummaryLocked: mWakefulness=Awake, mUserActivitySummary=0x9, nextTimeout=24086392 (in 1228 ms)
04-20 17:08:10.028874   964  1747 D DisplayPowerController: requestPowerState: policy=BRIGHT, useProximitySensor=false, screenBrightness=102, screenAutoBrightnessAdjustment=0.0, brightnessSetByUser=true, useAutoBrightness=false, blockScreenOn=false, lowPowerMode=false, boostScreenBrightness=false, dozeScreenBrightness=-1, dozeScreenState=UNKNOWN, waitForNegativeProximity=false
04-20 17:08:10.028916 15913 15913 D AudioTrack: audiotrack 0x7fb34d5980 set Type 8, rate 0, fmt 1, chn 1, fcnt 0, flags 0004
04-20 17:08:10.029022   964  1747 I PowerManagerService: setBrightness mButtonLight, screenBrightness=102
04-20 17:08:10.029232   964  1747 D PowerManagerService: updateDisplayPowerStateLocked: mDisplayReady=true, policy=3, mWakefulness=1, mWakeLockSummary=0x1, mUserActivitySummary=0x9, mBootCompleted=true, mScreenBrightnessBoostInProgress=false
04-20 17:08:10.029458   964  1747 D PowerManagerService: Acquiring suspend blocker "PowerManagerService.WakeLocks".
04-20 17:08:10.029822   964  1747 D PowerManagerNotifier: onWakeLockAcquired: flags=1, tag="AudioMix", packageName=media, ownerUid=1013, ownerPid=0, workSource=null
04-20 17:08:10.032299   964  1747 D PowerManagerService: acquireWakeLockInternal: lock=252322378, flags=0x1, tag="AudioMix", ws=null, uid=1013, pid=0
04-20 17:08:10.033342   964  1747 D PowerManagerService: updateWakeLockSummaryLocked: mWakefulness=Awake, mWakeLockSummary=0x1
04-20 17:08:10.034008   964  1747 D PowerManagerService: updateUserActivitySummaryLocked: mWakefulness=Awake, mUserActivitySummary=0x9, nextTimeout=24086392 (in 1223 ms)
04-20 17:08:10.034419   964  1747 D DisplayPowerController: requestPowerState: policy=BRIGHT, useProximitySensor=false, screenBrightness=102, screenAutoBrightnessAdjustment=0.0, brightnessSetByUser=true, useAutoBrightness=false, blockScreenOn=false, lowPowerMode=false, boostScreenBrightness=false, dozeScreenBrightness=-1, dozeScreenState=UNKNOWN, waitForNegativeProximity=false
04-20 17:08:10.034599   964  1747 I PowerManagerService: setBrightness mButtonLight, screenBrightness=102
04-20 17:08:10.034812   964  1747 D PowerManagerService: updateDisplayPowerStateLocked: mDisplayReady=true, policy=3, mWakefulness=1, mWakeLockSummary=0x1, mUserActivitySummary=0x9, mBootCompleted=true, mScreenBrightnessBoostInProgress=false
04-20 17:08:10.035279   964  1747 D PowerManagerNotifier: onWakeLockAcquired: flags=1, tag="AudioMix", packageName=media, ownerUid=1013, ownerPid=0, workSource=null
04-20 17:08:10.040315 15913 15913 D AudioTrackCenter: addTrack, trackId:0x7f9affd000, frameCount:512, sampleRate:44100, trackPtr:0x7fb34d5980
04-20 17:08:10.058392   964  1162 V SettingsProvider: packageValueForCallResult, name = dtmf_tone, value : 1
04-20 17:08:10.060783   964  2089 V SettingsProvider: packageValueForCallResult, name = haptic_feedback_enabled, value : 1
04-20 17:08:10.327791   964  1006 D PowerManagerService: userActivityFromNative
04-20 17:08:10.328128   964  1006 D PowerManagerService: userActivityNoUpdateLocked: eventTime=24085462, event=2, flags=0x0, uid=1000
04-20 17:08:10.328271   964  1006 D PowerManagerNotifier: onUserActivity: event=2, uid=1000
04-20 17:08:10.328753   964  1006 D PowerManagerService: updateUserActivitySummaryLocked: mWakefulness=Awake, mUserActivitySummary=0x9, nextTimeout=24086392 (in 928 ms)
04-20 17:08:10.329246   964  1006 D DisplayPowerController: requestPowerState: policy=BRIGHT, useProximitySensor=false, screenBrightness=102, screenAutoBrightnessAdjustment=0.0, brightnessSetByUser=true, useAutoBrightness=false, blockScreenOn=false, lowPowerMode=false, boostScreenBrightness=false, dozeScreenBrightness=-1, dozeScreenState=UNKNOWN, waitForNegativeProximity=false
04-20 17:08:10.329411   964  1006 I PowerManagerService: setBrightness mButtonLight, screenBrightness=102
04-20 17:08:10.329709   964  1006 D PowerManagerService: updateDisplayPowerStateLocked: mDisplayReady=true, policy=3, mWakefulness=1, mWakeLockSummary=0x1, mUserActivitySummary=0x9, mBootCompleted=true, mScreenBrightnessBoostInProgress=false
04-20 17:08:11.257869   964   990 D PowerManagerService: handleUserActivityTimeout
04-20 17:08:11.258985   964   990 D PowerManagerService: updateUserActivitySummaryLocked: mWakefulness=Awake, mUserActivitySummary=0x1, nextTimeout=24138462 (in 52068 ms)
04-20 17:08:11.259945   964   990 D DisplayPowerController: requestPowerState: policy=BRIGHT, useProximitySensor=false, screenBrightness=102, screenAutoBrightnessAdjustment=0.0, brightnessSetByUser=true, useAutoBrightness=false, blockScreenOn=false, lowPowerMode=false, boostScreenBrightness=false, dozeScreenBrightness=-1, dozeScreenState=UNKNOWN, waitForNegativeProximity=false
04-20 17:08:11.260483   964   990 I PowerManagerService: setBrightness mButtonLight 0.
04-20 17:08:11.260771   964   990 D PowerManagerService: updateDisplayPowerStateLocked: mDisplayReady=true, policy=3, mWakefulness=1, mWakeLockSummary=0x1, mUserActivitySummary=0x1, mBootCompleted=true, mScreenBrightnessBoostInProgress=false
04-20 17:08:11.261089   964  1006 D PowerManagerService: userActivityFromNative
04-20 17:08:11.261394   964  1006 D PowerManagerService: userActivityNoUpdateLocked: eventTime=24086392, event=2, flags=0x0, uid=1000
04-20 17:08:11.261584   964  1006 D PowerManagerNotifier: onUserActivity: event=2, uid=1000
04-20 17:08:11.262140   964  1006 D PowerManagerService: updateUserActivitySummaryLocked: mWakefulness=Awake, mUserActivitySummary=0x1, nextTimeout=24139392 (in 52994 ms)
04-20 17:08:11.262635   964  1006 D DisplayPowerController: requestPowerState: policy=BRIGHT, useProximitySensor=false, screenBrightness=102, screenAutoBrightnessAdjustment=0.0, brightnessSetByUser=true, useAutoBrightness=false, blockScreenOn=false, lowPowerMode=false, boostScreenBrightness=false, dozeScreenBrightness=-1, dozeScreenState=UNKNOWN, waitForNegativeProximity=false
04-20 17:08:11.262849   964  1006 I PowerManagerService: setBrightness mButtonLight 0.
04-20 17:08:11.263190   964  1006 D PowerManagerService: updateDisplayPowerStateLocked: mDisplayReady=true, policy=3, mWakefulness=1, mWakeLockSummary=0x1, mUserActivitySummary=0x1, mBootCompleted=true, mScreenBrightnessBoostInProgress=false
04-20 17:08:11.306149   964  1843 D PowerManagerService: acquireWakeLockInternal: lock=221862968, flags=0x1, tag="*vibrator*", ws=WorkSource{10006}, uid=1000, pid=964
04-20 17:08:11.306436   964  1843 D PowerManagerService: updateWakeLockSummaryLocked: mWakefulness=Awake, mWakeLockSummary=0x1
04-20 17:08:11.306869   964  1843 D PowerManagerService: updateUserActivitySummaryLocked: mWakefulness=Awake, mUserActivitySummary=0x1, nextTimeout=24139392 (in 52950 ms)
04-20 17:08:11.307380   964  1843 D DisplayPowerController: requestPowerState: policy=BRIGHT, useProximitySensor=false, screenBrightness=102, screenAutoBrightnessAdjustment=0.0, brightnessSetByUser=true, useAutoBrightness=false, blockScreenOn=false, lowPowerMode=false, boostScreenBrightness=false, dozeScreenBrightness=-1, dozeScreenState=UNKNOWN, waitForNegativeProximity=false
04-20 17:08:11.307513   964  1843 I PowerManagerService: setBrightness mButtonLight 0.
04-20 17:08:11.307810   964  1843 D PowerManagerService: updateDisplayPowerStateLocked: mDisplayReady=true, policy=3, mWakefulness=1, mWakeLockSummary=0x1, mUserActivitySummary=0x1, mBootCompleted=true, mScreenBrightnessBoostInProgress=false
04-20 17:08:11.308250   964  1843 D PowerManagerNotifier: onWakeLockAcquired: flags=1, tag="*vibrator*", packageName=android, ownerUid=1000, ownerPid=964, workSource=WorkSource{10006}
04-20 17:08:11.372041   964 15976 D PowerManagerService: releaseWakeLockInternal: lock=221862968 [*vibrator*], flags=0x0, total_time=65ms
04-20 17:08:11.372467   964 15976 D PowerManagerNotifier: onWakeLockReleased: flags=1, tag="*vibrator*", packageName=android, ownerUid=1000, ownerPid=964, workSource=WorkSource{10006}
04-20 17:08:11.373027   964 15976 D PowerManagerService: updateWakeLockSummaryLocked: mWakefulness=Awake, mWakeLockSummary=0x1
04-20 17:08:11.373363   964 15976 D PowerManagerService: updateUserActivitySummaryLocked: mWakefulness=Awake, mUserActivitySummary=0x1, nextTimeout=24139392 (in 52883 ms)
04-20 17:08:11.374117   964 15976 D DisplayPowerController: requestPowerState: policy=BRIGHT, useProximitySensor=false, screenBrightness=102, screenAutoBrightnessAdjustment=0.0, brightnessSetByUser=true, useAutoBrightness=false, blockScreenOn=false, lowPowerMode=false, boostScreenBrightness=false, dozeScreenBrightness=-1, dozeScreenState=UNKNOWN, waitForNegativeProximity=false
04-20 17:08:11.374254   964 15976 I PowerManagerService: setBrightness mButtonLight 0.
04-20 17:08:11.374502   964 15976 D PowerManagerService: updateDisplayPowerStateLocked: mDisplayReady=true, policy=3, mWakefulness=1, mWakeLockSummary=0x1, mUserActivitySummary=0x1, mBootCompleted=true, mScreenBrightnessBoostInProgress=false
04-20 17:08:11.410515   964  1582 V ActivityManager: Broadcast sticky: Intent { act=android.intent.action.SIG_STR flg=0x20000010 (has extras) } ordered=false userid=-1 callerApp=ProcessRecord{7b8ebd8 964:system/1000}
04-20 17:08:11.562626 15913 15974 D AudioTrack: audiotrack 0x7fb34d5980 stop done
04-20 17:08:11.575905   964  2089 D PowerManagerService: acquireWakeLockInternal: lock=221862968, flags=0x1, tag="*vibrator*", ws=WorkSource{10006}, uid=1000, pid=964
04-20 17:08:11.576107   964  2089 D PowerManagerService: updateWakeLockSummaryLocked: mWakefulness=Awake, mWakeLockSummary=0x1
04-20 17:08:11.576368   964  2089 D PowerManagerService: updateUserActivitySummaryLocked: mWakefulness=Awake, mUserActivitySummary=0x1, nextTimeout=24139392 (in 52680 ms)
04-20 17:08:11.576702   964  2089 D DisplayPowerController: requestPowerState: policy=BRIGHT, useProximitySensor=false, screenBrightness=102, screenAutoBrightnessAdjustment=0.0, brightnessSetByUser=true, useAutoBrightness=false, blockScreenOn=false, lowPowerMode=false, boostScreenBrightness=false, dozeScreenBrightness=-1, dozeScreenState=UNKNOWN, waitForNegativeProximity=false
04-20 17:08:11.576783   964  2089 I PowerManagerService: setBrightness mButtonLight 0.
04-20 17:08:11.576961   964  2089 D PowerManagerService: updateDisplayPowerStateLocked: mDisplayReady=true, policy=3, mWakefulness=1, mWakeLockSummary=0x1, mUserActivitySummary=0x1, mBootCompleted=true, mScreenBrightnessBoostInProgress=false
04-20 17:08:11.577300   964  2089 D PowerManagerNotifier: onWakeLockAcquired: flags=1, tag="*vibrator*", packageName=android, ownerUid=1000, ownerPid=964, workSource=WorkSource{10006}
04-20 17:08:11.640602   964 15978 D PowerManagerService: releaseWakeLockInternal: lock=221862968 [*vibrator*], flags=0x0, total_time=64ms
04-20 17:08:11.640956   964 15978 D PowerManagerNotifier: onWakeLockReleased: flags=1, tag="*vibrator*", packageName=android, ownerUid=1000, ownerPid=964, workSource=WorkSource{10006}
04-20 17:08:11.641297   964 15978 D PowerManagerService: updateWakeLockSummaryLocked: mWakefulness=Awake, mWakeLockSummary=0x1
04-20 17:08:11.641669   964 15978 D PowerManagerService: updateUserActivitySummaryLocked: mWakefulness=Awake, mUserActivitySummary=0x1, nextTimeout=24139392 (in 52615 ms)
04-20 17:08:11.642235   964 15978 D DisplayPowerController: requestPowerState: policy=BRIGHT, useProximitySensor=false, screenBrightness=102, screenAutoBrightnessAdjustment=0.0, brightnessSetByUser=true, useAutoBrightness=false, blockScreenOn=false, lowPowerMode=false, boostScreenBrightness=false, dozeScreenBrightness=-1, dozeScreenState=UNKNOWN, waitForNegativeProximity=false
04-20 17:08:11.642347   964 15978 I PowerManagerService: setBrightness mButtonLight 0.
04-20 17:08:11.642606   964 15978 D PowerManagerService: updateDisplayPowerStateLocked: mDisplayReady=true, policy=3, mWakefulness=1, mWakeLockSummary=0x1, mUserActivitySummary=0x1, mBootCompleted=true, mScreenBrightnessBoostInProgress=false
04-20 17:08:11.661499 15913 15974 D AudioTrack: audiotrack 0x7fb34d5980 stop done
04-20 17:08:12.167456   964  1006 D PowerManagerService: userActivityFromNative
04-20 17:08:12.167869   964  1006 D PowerManagerService: userActivityNoUpdateLocked: eventTime=24087301, event=2, flags=0x0, uid=1000
04-20 17:08:12.168090   964  1006 D PowerManagerNotifier: onUserActivity: event=2, uid=1000
04-20 17:08:12.168732   964  1006 D PowerManagerService: updateUserActivitySummaryLocked: mWakefulness=Awake, mUserActivitySummary=0x1, nextTimeout=24140301 (in 52997 ms)
04-20 17:08:12.169314   964  1006 D DisplayPowerController: requestPowerState: policy=BRIGHT, useProximitySensor=false, screenBrightness=102, screenAutoBrightnessAdjustment=0.0, brightnessSetByUser=true, useAutoBrightness=false, blockScreenOn=false, lowPowerMode=false, boostScreenBrightness=false, dozeScreenBrightness=-1, dozeScreenState=UNKNOWN, waitForNegativeProximity=false
04-20 17:08:12.169522   964  1006 I PowerManagerService: setBrightness mButtonLight 0.
04-20 17:08:12.169850   964  1006 D PowerManagerService: updateDisplayPowerStateLocked: mDisplayReady=true, policy=3, mWakefulness=1, mWakeLockSummary=0x1, mUserActivitySummary=0x1, mBootCompleted=true, mScreenBrightnessBoostInProgress=false
04-20 17:08:12.216387   964  2089 D PowerManagerService: acquireWakeLockInternal: lock=221862968, flags=0x1, tag="*vibrator*", ws=WorkSource{10006}, uid=1000, pid=964
04-20 17:08:12.216596   964  2089 D PowerManagerService: updateWakeLockSummaryLocked: mWakefulness=Awake, mWakeLockSummary=0x1
04-20 17:08:12.216863   964  2089 D PowerManagerService: updateUserActivitySummaryLocked: mWakefulness=Awake, mUserActivitySummary=0x1, nextTimeout=24140301 (in 52948 ms)
04-20 17:08:12.217183   964  2089 D DisplayPowerController: requestPowerState: policy=BRIGHT, useProximitySensor=false, screenBrightness=102, screenAutoBrightnessAdjustment=0.0, brightnessSetByUser=true, useAutoBrightness=false, blockScreenOn=false, lowPowerMode=false, boostScreenBrightness=false, dozeScreenBrightness=-1, dozeScreenState=UNKNOWN, waitForNegativeProximity=false
04-20 17:08:12.217270   964  2089 I PowerManagerService: setBrightness mButtonLight 0.
04-20 17:08:12.217468   964  2089 D PowerManagerService: updateDisplayPowerStateLocked: mDisplayReady=true, policy=3, mWakefulness=1, mWakeLockSummary=0x1, mUserActivitySummary=0x1, mBootCompleted=true, mScreenBrightnessBoostInProgress=false
04-20 17:08:12.217764   964  2089 D PowerManagerNotifier: onWakeLockAcquired: flags=1, tag="*vibrator*", packageName=android, ownerUid=1000, ownerPid=964, workSource=WorkSource{10006}
04-20 17:08:12.282335   964 15979 D PowerManagerService: releaseWakeLockInternal: lock=221862968 [*vibrator*], flags=0x0, total_time=66ms
