----- timezone:GMT
04-20 17:08:03.397988   964  1670 I PowerManagerService: setBrightness mButtonLight, screenBrightness=102
04-20 17:08:03.398242   964  1670 D PowerManagerService: updateDisplayPowerStateLocked: mDisplayReady=true, policy=3, mWakefulness=1, mWakeLockSummary=0x1, mUserActivitySummary=0x9, mBootCompleted=true, mScreenBrightnessBoostInProgress=false
04-20 17:08:03.399574   964  1670 D PowerManagerService: Acquiring suspend blocker "PowerManagerService.WakeLocks".
04-20 17:08:03.400089   964  1670 D PowerManagerNotifier: onWakeLockAcquired: flags=1, tag="*launch*", packageName=android, ownerUid=1000, ownerPid=964, workSource=WorkSource{1000}
04-20 17:08:03.409330 15287 15287 D ActivityThread: ACT-AM_ON_PAUSE_CALLED ActivityRecord{ab17fdb token=android.os.BinderProxy@ea5a78 {com.android.settings/com.android.settings.Settings}}
04-20 17:08:03.410428   964  8871 D ActivityManager: ACT-paused: token=Token{48ff4d ActivityRecord{725d277 u0 com.android.settings/.Settings t67 f}}, timeout=false
04-20 17:08:03.410684   964  8871 D ActivityManager: ACT-IDLE_NOW_MSG from finishCurrentActivityLocked for mStoppingActivities.size() > 3
04-20 17:08:03.412082   964  8871 V WindowManager: Looking for focus: 6 = Window{fa8f8e8 u0 StatusBar}, flags=-2122055608, canReceive=false
04-20 17:08:03.412324   964  8871 V WindowManager: findFocusedWindow: No focusable windows.
04-20 17:08:03.413381   964  8871 V WindowManager: Changing focus from Window{3f2c74 u0 com.android.settings/com.android.settings.Settings} to null Callers=com.android.server.wm.WindowManagerService.moveStackWindowsLocked:5405 com.android.server.wm.WindowManagerService.moveTaskToTop:5444 com.android.server.am.ActivityStack.moveToFront:599 com.android.server.am.ActivityStackSupervisor.setFocusedStack:2009 
04-20 17:08:03.414723   964  8871 D WindowManager: Input focus has changed to null
04-20 17:08:03.418706   964   987 I WindowManager: Focus moving from Window{3f2c74 u0 com.android.settings/com.android.settings.Settings} to null
04-20 17:08:03.418871   964   987 I WindowManager: Losing focus: Window{3f2c74 u0 com.android.settings/com.android.settings.Settings}
04-20 17:08:03.418962   964  8871 V WindowManager: Set focused app to: AppWindowToken{2be50b3 token=Token{115e96 ActivityRecord{6401458 u0 com.android.launcher3/.Launcher t31}}} old focus=AppWindowToken{11b5e68 token=Token{48ff4d ActivityRecord{725d277 u0 com.android.settings/.Settings t67}}} moveFocusNow=true
04-20 17:08:03.420734   964  8871 V WindowManager: Looking for focus: 6 = Window{fa8f8e8 u0 StatusBar}, flags=-2122055608, canReceive=false
04-20 17:08:03.420860   964  8871 V WindowManager: findFocusedWindow: No focusable windows.
04-20 17:08:03.421546   964  8871 D PowerManagerService: updateWakeLockWorkSourceInternal: lock=193877478 [*launch*], ws=WorkSource{10014}
04-20 17:08:03.421824   964  8871 D PowerManagerNotifier: onWakeLockChanging: flags=1, tag="*launch*", packageName=android, ownerUid=1000, ownerPid=964, workSource=WorkSource{10014}
04-20 17:08:03.425996   964  8871 V WindowManager: setAppVisibility(Token{115e96 ActivityRecord{6401458 u0 com.android.launcher3/.Launcher t31}}, visible=true): mNextAppTransition=TRANSIT_TASK_CLOSE hidden=true hiddenRequested=true Callers=com.android.server.am.ActivityStack.resumeTopActivityInnerLocked:2195 com.android.server.am.ActivityStack.resumeTopActivityLocked:1816 com.android.server.am.ActivityStack.resumeTopActivityLocked:1793 com.android.server.am.ActivityStackSupervisor.resumeTopActivitiesLocked:3110 com.android.server.am.ActivityStack.completePauseLocked:1195 com.android.server.am.ActivityStack.activityPausedLocked:1061 
04-20 17:08:03.433540   964  8871 D ActivityManager: ACT-Relaunching: ActivityRecord{6401458 u0 com.android.launcher3/.Launcher t31} with results=null newIntents=null andResume=true
04-20 17:08:03.437575   964  8871 D ActivityManager: Delay resumeKeyDispatchingLocked() to avoid deadlock.
04-20 17:08:03.438862   964   982 D PowerManagerService: releaseWakeLockInternal: lock=193877478 [*launch*], flags=0x0, total_time=42ms
04-20 17:08:03.439042 15287 15287 D ActivityThread: ACT-PAUSE_ACTIVITY_FINISHING handled : 0 / android.os.BinderProxy@ea5a78
04-20 17:08:03.439127   964   982 D PowerManagerNotifier: onWakeLockReleased: flags=1, tag="*launch*", packageName=android, ownerUid=1000, ownerPid=964, workSource=WorkSource{10014}
04-20 17:08:03.439432   964   982 D PowerManagerService: updateWakeLockSummaryLocked: mWakefulness=Awake, mWakeLockSummary=0x0
04-20 17:08:03.439756   964   982 D PowerManagerService: updateUserActivitySummaryLocked: mWakefulness=Awake, mUserActivitySummary=0x9, nextTimeout=24086392 (in 7817 ms)
04-20 17:08:03.440162   964   982 D DisplayPowerController: requestPowerState: policy=BRIGHT, useProximitySensor=false, screenBrightness=102, screenAutoBrightnessAdjustment=0.0, brightnessSetByUser=true, useAutoBrightness=false, blockScreenOn=false, lowPowerMode=false, boostScreenBrightness=false, dozeScreenBrightness=-1, dozeScreenState=UNKNOWN, waitForNegativeProximity=false
04-20 17:08:03.440305   964   982 I PowerManagerService: setBrightness mButtonLight, screenBrightness=102
04-20 17:08:03.440535   964   982 D PowerManagerService: updateDisplayPowerStateLocked: mDisplayReady=true, policy=3, mWakefulness=1, mWakeLockSummary=0x0, mUserActivitySummary=0x9, mBootCompleted=true, mScreenBrightnessBoostInProgress=false
04-20 17:08:03.440754   964   982 D PowerManagerService: Releasing suspend blocker "PowerManagerService.WakeLocks".
04-20 17:08:03.441326   964   982 D ActivityManager: ACT-Removing activity from finish-imm: token=ActivityRecord{725d277 u0 com.android.settings/.Settings t67 f}, app=com.android.settings
04-20 17:08:03.446754   964  1843 V WindowManager: Looking for focus: 6 = Window{fa8f8e8 u0 StatusBar}, flags=-2122055608, canReceive=false
04-20 17:08:03.446884   964  1843 V WindowManager: findFocusedWindow: No focusable windows.
04-20 17:08:03.474743   964  8872 V WindowManager: Looking for focus: 5 = Window{fa8f8e8 u0 StatusBar}, flags=-2122055608, canReceive=false
04-20 17:08:03.474845   964  8872 V WindowManager: findFocusedWindow: No focusable windows.
04-20 17:08:03.477604  1654  1654 V ActivityThread: Handling launch of ActivityRecord{42020ea token=android.os.BinderProxy@ab17fdb {com.android.launcher3/com.android.launcher3.Launcher}} startsNotResumed=false
04-20 17:08:03.479349  1654  1654 V ActivityThread: ActivityRecord{42020ea token=android.os.BinderProxy@ab17fdb {com.android.launcher3/com.android.launcher3.Launcher}}: app=android.app.Application@c294551, appName=com.android.launcher3, pkg=com.android.launcher3, comp={com.android.launcher3/com.android.launcher3.Launcher}, dir=/system/priv-app/Launcher3/Launcher3.apk
04-20 17:08:03.675814   964  2089 V WindowManager: Looking for focus: 5 = Window{fa8f8e8 u0 StatusBar}, flags=-2122055608, canReceive=false
04-20 17:08:03.675938   964  2089 V WindowManager: findFocusedWindow: No focusable windows.
04-20 17:08:03.680563 15287 15287 D ActivityThread: ACT-DESTROY_ACTIVITY handled : 1 / android.os.BinderProxy@ea5a78
04-20 17:08:03.686115   964  1663 V ActivityManager: Broadcast: Intent { act=android.appwidget.action.APPWIDGET_UPDATE_OPTIONS flg=0x10 cmp=com.google.android.googlequicksearchbox/.SearchWidgetProvider (has extras) } ordered=false userid=0 callerApp=ProcessRecord{7b8ebd8 964:system/1000}
04-20 17:08:03.688142   964   982 V BroadcastQueue: Processing ordered broadcast [background] BroadcastRecord{207e69c u0 android.appwidget.action.APPWIDGET_UPDATE_OPTIONS}, 1 receivers
04-20 17:08:03.688598   964   982 D BroadcastQueue: BroadcastRecord{207e69c u0 android.appwidget.action.APPWIDGET_UPDATE_OPTIONS}, #0 ActivityInfo{1c217b2 com.google.android.googlequicksearchbox.SearchWidgetProvider}
04-20 17:08:03.727544   964   982 I ActivityManager: Start proc 15875:com.google.android.googlequicksearchbox:search/u0a23 for broadcast com.google.android.googlequicksearchbox/.SearchWidgetProvider
04-20 17:08:03.803624   964   976 D PowerManagerService: acquireWakeLockInternal: lock=125175421, flags=0x1, tag="RILJ", ws=null, uid=1001, pid=1576
04-20 17:08:03.804309   964   976 D PowerManagerService: updateWakeLockSummaryLocked: mWakefulness=Awake, mWakeLockSummary=0x1
04-20 17:08:03.804884   964   976 D PowerManagerService: updateUserActivitySummaryLocked: mWakefulness=Awake, mUserActivitySummary=0x9, nextTimeout=24086392 (in 7451 ms)
04-20 17:08:03.805385   964   976 D DisplayPowerController: requestPowerState: policy=BRIGHT, useProximitySensor=false, screenBrightness=102, screenAutoBrightnessAdjustment=0.0, brightnessSetByUser=true, useAutoBrightness=false, blockScreenOn=false, lowPowerMode=false, boostScreenBrightness=false, dozeScreenBrightness=-1, dozeScreenState=UNKNOWN, waitForNegativeProximity=false
04-20 17:08:03.805560   964   976 I PowerManagerService: setBrightness mButtonLight, screenBrightness=102
04-20 17:08:03.805754   964   976 D PowerManagerService: updateDisplayPowerStateLocked: mDisplayReady=true, policy=3, mWakefulness=1, mWakeLockSummary=0x1, mUserActivitySummary=0x9, mBootCompleted=true, mScreenBrightnessBoostInProgress=false
04-20 17:08:03.805962   964   976 D PowerManagerService: Acquiring suspend blocker "PowerManagerService.WakeLocks".
04-20 17:08:03.806305   964   976 D PowerManagerNotifier: onWakeLockAcquired: flags=1, tag="RILJ", packageName=com.android.phone, ownerUid=1001, ownerPid=1576, workSource=null
04-20 17:08:03.810024   964  1747 D PowerManagerService: acquireWakeLockInternal: lock=125175421, flags=0x1, tag="RILJ", ws=null, uid=1001, pid=1576
04-20 17:08:03.810278   964  1747 D PowerManagerService: updateWakeLockSummaryLocked: mWakefulness=Awake, mWakeLockSummary=0x1
04-20 17:08:03.810642   964  1747 D PowerManagerService: updateUserActivitySummaryLocked: mWakefulness=Awake, mUserActivitySummary=0x9, nextTimeout=24086392 (in 7446 ms)
04-20 17:08:03.811007   964  1747 D DisplayPowerController: requestPowerState: policy=BRIGHT, useProximitySensor=false, screenBrightness=102, screenAutoBrightnessAdjustment=0.0, brightnessSetByUser=true, useAutoBrightness=false, blockScreenOn=false, lowPowerMode=false, boostScreenBrightness=false, dozeScreenBrightness=-1, dozeScreenState=UNKNOWN, waitForNegativeProximity=false
04-20 17:08:03.811145   964  1747 I PowerManagerService: setBrightness mButtonLight, screenBrightness=102
04-20 17:08:03.811330   964  1747 D PowerManagerService: updateDisplayPowerStateLocked: mDisplayReady=true, policy=3, mWakefulness=1, mWakeLockSummary=0x1, mUserActivitySummary=0x9, mBootCompleted=true, mScreenBrightnessBoostInProgress=false
04-20 17:08:03.813722   964  1162 D PowerManagerService: acquireWakeLockInternal: lock=125175421, flags=0x1, tag="RILJ", ws=null, uid=1001, pid=1576
04-20 17:08:03.814077   964  1162 D PowerManagerService: updateWakeLockSummaryLocked: mWakefulness=Awake, mWakeLockSummary=0x1
04-20 17:08:03.814505   964  1162 D PowerManagerService: updateUserActivitySummaryLocked: mWakefulness=Awake, mUserActivitySummary=0x9, nextTimeout=24086392 (in 7442 ms)
04-20 17:08:03.814847   964  1162 D DisplayPowerController: requestPowerState: policy=BRIGHT, useProximitySensor=false, screenBrightness=102, screenAutoBrightnessAdjustment=0.0, brightnessSetByUser=true, useAutoBrightness=false, blockScreenOn=false, lowPowerMode=false, boostScreenBrightness=false, dozeScreenBrightness=-1, dozeScreenState=UNKNOWN, waitForNegativeProximity=false
04-20 17:08:03.814983   964  1162 I PowerManagerService: setBrightness mButtonLight, screenBrightness=102
04-20 17:08:03.815186   964  1162 D PowerManagerService: updateDisplayPowerStateLocked: mDisplayReady=true, policy=3, mWakefulness=1, mWakeLockSummary=0x1, mUserActivitySummary=0x9, mBootCompleted=true, mScreenBrightnessBoostInProgress=false
04-20 17:08:03.818858   964  1844 D WindowManager: setAppOrientation to -1, app:AppWindowToken{2be50b3 token=Token{115e96 ActivityRecord{6401458 u0 com.android.launcher3/.Launcher t31}}}
04-20 17:08:03.822550   964   979 D PowerManagerService: acquireWakeLockInternal: lock=125175421, flags=0x1, tag="RILJ", ws=null, uid=1001, pid=1576
04-20 17:08:03.822881   964   979 D PowerManagerService: updateWakeLockSummaryLocked: mWakefulness=Awake, mWakeLockSummary=0x1
04-20 17:08:03.823412   964   979 D PowerManagerService: updateUserActivitySummaryLocked: mWakefulness=Awake, mUserActivitySummary=0x9, nextTimeout=24086392 (in 7433 ms)
04-20 17:08:03.823742   964   979 D DisplayPowerController: requestPowerState: policy=BRIGHT, useProximitySensor=false, screenBrightness=102, screenAutoBrightnessAdjustment=0.0, brightnessSetByUser=true, useAutoBrightness=false, blockScreenOn=false, lowPowerMode=false, boostScreenBrightness=false, dozeScreenBrightness=-1, dozeScreenState=UNKNOWN, waitForNegativeProximity=false
04-20 17:08:03.824035   964   979 I PowerManagerService: setBrightness mButtonLight, screenBrightness=102
04-20 17:08:03.824246   964   979 D PowerManagerService: updateDisplayPowerStateLocked: mDisplayReady=true, policy=3, mWakefulness=1, mWakeLockSummary=0x1, mUserActivitySummary=0x9, mBootCompleted=true, mScreenBrightnessBoostInProgress=false
04-20 17:08:03.838351   964  1652 D PowerManagerService: acquireWakeLockInternal: lock=125175421, flags=0x1, tag="RILJ", ws=null, uid=1001, pid=1576
04-20 17:08:03.838619   964  1652 D PowerManagerService: updateWakeLockSummaryLocked: mWakefulness=Awake, mWakeLockSummary=0x1
04-20 17:08:03.838933   964  1652 D PowerManagerService: updateUserActivitySummaryLocked: mWakefulness=Awake, mUserActivitySummary=0x9, nextTimeout=24086392 (in 7417 ms)
04-20 17:08:03.839265   964  1652 D DisplayPowerController: requestPowerState: policy=BRIGHT, useProximitySensor=false, screenBrightness=102, screenAutoBrightnessAdjustment=0.0, brightnessSetByUser=true, useAutoBrightness=false, blockScreenOn=false, lowPowerMode=false, boostScreenBrightness=false, dozeScreenBrightness=-1, dozeScreenState=UNKNOWN, waitForNegativeProximity=false
04-20 17:08:03.839402   964  1652 I PowerManagerService: setBrightness mButtonLight, screenBrightness=102
04-20 17:08:03.839592   964  1652 D PowerManagerService: updateDisplayPowerStateLocked: mDisplayReady=true, policy=3, mWakefulness=1, mWakeLockSummary=0x1, mUserActivitySummary=0x9, mBootCompleted=true, mScreenBrightnessBoostInProgress=false
04-20 17:08:03.842506   964  2089 D PowerManagerService: acquireWakeLockInternal: lock=125175421, flags=0x1, tag="RILJ", ws=null, uid=1001, pid=1576
04-20 17:08:03.842721   964  2089 D PowerManagerService: updateWakeLockSummaryLocked: mWakefulness=Awake, mWakeLockSummary=0x1
04-20 17:08:03.843104   964  2089 D PowerManagerService: updateUserActivitySummaryLocked: mWakefulness=Awake, mUserActivitySummary=0x9, nextTimeout=24086392 (in 7413 ms)
04-20 17:08:03.843552   964  2089 D DisplayPowerController: requestPowerState: policy=BRIGHT, useProximitySensor=false, screenBrightness=102, screenAutoBrightnessAdjustment=0.0, brightnessSetByUser=true, useAutoBrightness=false, blockScreenOn=false, lowPowerMode=false, boostScreenBrightness=false, dozeScreenBrightness=-1, dozeScreenState=UNKNOWN, waitForNegativeProximity=false
04-20 17:08:03.843685   964  2089 I PowerManagerService: setBrightness mButtonLight, screenBrightness=102
04-20 17:08:03.844098   964  2089 D PowerManagerService: updateDisplayPowerStateLocked: mDisplayReady=true, policy=3, mWakefulness=1, mWakeLockSummary=0x1, mUserActivitySummary=0x9, mBootCompleted=true, mScreenBrightnessBoostInProgress=false
04-20 17:08:03.848608   964  1927 D PowerManagerService: acquireWakeLockInternal: lock=125175421, flags=0x1, tag="RILJ", ws=null, uid=1001, pid=1576
04-20 17:08:03.848888   964  1927 D PowerManagerService: updateWakeLockSummaryLocked: mWakefulness=Awake, mWakeLockSummary=0x1
04-20 17:08:03.849235   964  1927 D PowerManagerService: updateUserActivitySummaryLocked: mWakefulness=Awake, mUserActivitySummary=0x9, nextTimeout=24086392 (in 7407 ms)
04-20 17:08:03.849604   964  1927 D DisplayPowerController: requestPowerState: policy=BRIGHT, useProximitySensor=false, screenBrightness=102, screenAutoBrightnessAdjustment=0.0, brightnessSetByUser=true, useAutoBrightness=false, blockScreenOn=false, lowPowerMode=false, boostScreenBrightness=false, dozeScreenBrightness=-1, dozeScreenState=UNKNOWN, waitForNegativeProximity=false
04-20 17:08:03.849748   964  1927 I PowerManagerService: setBrightness mButtonLight, screenBrightness=102
04-20 17:08:03.849948   964  1927 D PowerManagerService: updateDisplayPowerStateLocked: mDisplayReady=true, policy=3, mWakefulness=1, mWakeLockSummary=0x1, mUserActivitySummary=0x9, mBootCompleted=true, mScreenBrightnessBoostInProgress=false
04-20 17:08:03.851598   964  1663 D PowerManagerService: acquireWakeLockInternal: lock=125175421, flags=0x1, tag="RILJ", ws=null, uid=1001, pid=1576
04-20 17:08:03.851696  1654  1654 V ActivityThread: Performing resume of ActivityRecord{42020ea token=android.os.BinderProxy@ab17fdb {com.android.launcher3/com.android.launcher3.Launcher}}
04-20 17:08:03.852026   964  1663 D PowerManagerService: updateWakeLockSummaryLocked: mWakefulness=Awake, mWakeLockSummary=0x1
04-20 17:08:03.852333   964  1663 D PowerManagerService: updateUserActivitySummaryLocked: mWakefulness=Awake, mUserActivitySummary=0x9, nextTimeout=24086392 (in 7404 ms)
04-20 17:08:03.853035   964  1663 D DisplayPowerController: requestPowerState: policy=BRIGHT, useProximitySensor=false, screenBrightness=102, screenAutoBrightnessAdjustment=0.0, brightnessSetByUser=true, useAutoBrightness=false, blockScreenOn=false, lowPowerMode=false, boostScreenBrightness=false, dozeScreenBrightness=-1, dozeScreenState=UNKNOWN, waitForNegativeProximity=false
04-20 17:08:03.853214   964  1663 I PowerManagerService: setBrightness mButtonLight, screenBrightness=102
04-20 17:08:03.853423   964  1663 D PowerManagerService: updateDisplayPowerStateLocked: mDisplayReady=true, policy=3, mWakefulness=1, mWakeLockSummary=0x1, mUserActivitySummary=0x9, mBootCompleted=true, mScreenBrightnessBoostInProgress=false
04-20 17:08:03.857626  1654  1654 D ActivityThread: ACT-AM_ON_RESUME_CALLED ActivityRecord{42020ea token=android.os.BinderProxy@ab17fdb {com.android.launcher3/com.android.launcher3.Launcher}}
04-20 17:08:03.857902  1654  1654 V ActivityThread: Resume ActivityRecord{42020ea token=android.os.BinderProxy@ab17fdb {com.android.launcher3/com.android.launcher3.Launcher}} started activity: false, hideForNow: false, finished: false
04-20 17:08:03.859602   964  1670 D PowerManagerService: acquireWakeLockInternal: lock=125175421, flags=0x1, tag="RILJ", ws=null, uid=1001, pid=1576
04-20 17:08:03.859856   964  1670 D PowerManagerService: updateWakeLockSummaryLocked: mWakefulness=Awake, mWakeLockSummary=0x1
04-20 17:08:03.860163   964  1670 D PowerManagerService: updateUserActivitySummaryLocked: mWakefulness=Awake, mUserActivitySummary=0x9, nextTimeout=24086392 (in 7396 ms)
04-20 17:08:03.860983   964  1670 D DisplayPowerController: requestPowerState: policy=BRIGHT, useProximitySensor=false, screenBrightness=102, screenAutoBrightnessAdjustment=0.0, brightnessSetByUser=true, useAutoBrightness=false, blockScreenOn=false, lowPowerMode=false, boostScreenBrightness=false, dozeScreenBrightness=-1, dozeScreenState=UNKNOWN, waitForNegativeProximity=false
04-20 17:08:03.861132   964  1670 I PowerManagerService: setBrightness mButtonLight, screenBrightness=102
04-20 17:08:03.861327   964  1670 D PowerManagerService: updateDisplayPowerStateLocked: mDisplayReady=true, policy=3, mWakefulness=1, mWakeLockSummary=0x1, mUserActivitySummary=0x9, mBootCompleted=true, mScreenBrightnessBoostInProgress=false
04-20 17:08:03.863324   964  1747 D PowerManagerService: acquireWakeLockInternal: lock=125175421, flags=0x1, tag="RILJ", ws=null, uid=1001, pid=1576
04-20 17:08:03.863553   964  1747 D PowerManagerService: updateWakeLockSummaryLocked: mWakefulness=Awake, mWakeLockSummary=0x1
04-20 17:08:03.865414   964  1747 D PowerManagerService: updateUserActivitySummaryLocked: mWakefulness=Awake, mUserActivitySummary=0x9, nextTimeout=24086392 (in 7391 ms)
04-20 17:08:03.865833   964  1747 D DisplayPowerController: requestPowerState: policy=BRIGHT, useProximitySensor=false, screenBrightness=102, screenAutoBrightnessAdjustment=0.0, brightnessSetByUser=true, useAutoBrightness=false, blockScreenOn=false, lowPowerMode=false, boostScreenBrightness=false, dozeScreenBrightness=-1, dozeScreenState=UNKNOWN, waitForNegativeProximity=false
04-20 17:08:03.865981   964  1747 I PowerManagerService: setBrightness mButtonLight, screenBrightness=102
04-20 17:08:03.866210   964  1747 D PowerManagerService: updateDisplayPowerStateLocked: mDisplayReady=true, policy=3, mWakefulness=1, mWakeLockSummary=0x1, mUserActivitySummary=0x9, mBootCompleted=true, mScreenBrightnessBoostInProgress=false
04-20 17:08:03.869449   964  8871 D PowerManagerService: acquireWakeLockInternal: lock=125175421, flags=0x1, tag="RILJ", ws=null, uid=1001, pid=1576
04-20 17:08:03.869721   964  8871 D PowerManagerService: updateWakeLockSummaryLocked: mWakefulness=Awake, mWakeLockSummary=0x1
04-20 17:08:03.870064   964  8871 D PowerManagerService: updateUserActivitySummaryLocked: mWakefulness=Awake, mUserActivitySummary=0x9, nextTimeout=24086392 (in 7386 ms)
04-20 17:08:03.870410   964  8871 D DisplayPowerController: requestPowerState: policy=BRIGHT, useProximitySensor=false, screenBrightness=102, screenAutoBrightnessAdjustment=0.0, brightnessSetByUser=true, useAutoBrightness=false, blockScreenOn=false, lowPowerMode=false, boostScreenBrightness=false, dozeScreenBrightness=-1, dozeScreenState=UNKNOWN, waitForNegativeProximity=false
04-20 17:08:03.870566   964  8871 I PowerManagerService: setBrightness mButtonLight, screenBrightness=102
04-20 17:08:03.870756   964  8871 D PowerManagerService: updateDisplayPowerStateLocked: mDisplayReady=true, policy=3, mWakefulness=1, mWakeLockSummary=0x1, mUserActivitySummary=0x9, mBootCompleted=true, mScreenBrightnessBoostInProgress=false
04-20 17:08:03.872933   964  1843 D PowerManagerService: acquireWakeLockInternal: lock=125175421, flags=0x1, tag="RILJ", ws=null, uid=1001, pid=1576
04-20 17:08:03.873224   964  1843 D PowerManagerService: updateWakeLockSummaryLocked: mWakefulness=Awake, mWakeLockSummary=0x1
04-20 17:08:03.873564   964  1843 D PowerManagerService: updateUserActivitySummaryLocked: mWakefulness=Awake, mUserActivitySummary=0x9, nextTimeout=24086392 (in 7383 ms)
04-20 17:08:03.874036   964  1843 D DisplayPowerController: requestPowerState: policy=BRIGHT, useProximitySensor=false, screenBrightness=102, screenAutoBrightnessAdjustment=0.0, brightnessSetByUser=true, useAutoBrightness=false, blockScreenOn=false, lowPowerMode=false, boostScreenBrightness=false, dozeScreenBrightness=-1, dozeScreenState=UNKNOWN, waitForNegativeProximity=false
04-20 17:08:03.874196   964  1843 I PowerManagerService: setBrightness mButtonLight, screenBrightness=102
04-20 17:08:03.874390   964  1843 D PowerManagerService: updateDisplayPowerStateLocked: mDisplayReady=true, policy=3, mWakefulness=1, mWakeLockSummary=0x1, mUserActivitySummary=0x9, mBootCompleted=true, mScreenBrightnessBoostInProgress=false
04-20 17:08:03.876967   964  2088 D WindowManager: addWindowToListInOrderLocked: win=Window{e846a21 u0 com.android.launcher3/com.android.launcher3.Launcher} Callers=com.android.server.wm.WindowManagerService.addWindow:2771 com.android.server.wm.Session.addToDisplay:171 android.view.IWindowSession$Stub.onTransact:124 com.android.server.wm.Session.onTransact:133 
04-20 17:08:03.880778  1654  1654 V ActivityThread: Resuming ActivityRecord{42020ea token=android.os.BinderProxy@ab17fdb {com.android.launcher3/com.android.launcher3.Launcher}} with isForward=true
04-20 17:08:03.881320  1654  1654 V ActivityThread: Scheduling idle handler for ActivityRecord{42020ea token=android.os.BinderProxy@ab17fdb {com.android.launcher3/com.android.launcher3.Launcher}}
04-20 17:08:03.882692  1654  1654 D ActivityThread: ACT-RELAUNCH_ACTIVITY handled : 0 / ActivityRecord{3b73b50 token=android.os.BinderProxy@ab17fdb no component name}
04-20 17:08:03.906834   964  1927 D PowerManagerService: releaseWakeLockInternal: lock=125175421 [RILJ], flags=0x0, total_time=102ms
04-20 17:08:03.907187   964  1927 D PowerManagerNotifier: onWakeLockReleased: flags=1, tag="RILJ", packageName=com.android.phone, ownerUid=1001, ownerPid=1576, workSource=null
04-20 17:08:03.907594   964  1927 D PowerManagerService: updateWakeLockSummaryLocked: mWakefulness=Awake, mWakeLockSummary=0x0
04-20 17:08:03.907912   964  1927 D PowerManagerService: updateUserActivitySummaryLocked: mWakefulness=Awake, mUserActivitySummary=0x9, nextTimeout=24086392 (in 7348 ms)
04-20 17:08:03.908253   964  1927 D DisplayPowerController: requestPowerState: policy=BRIGHT, useProximitySensor=false, screenBrightness=102, screenAutoBrightnessAdjustment=0.0, brightnessSetByUser=true, useAutoBrightness=false, blockScreenOn=false, lowPowerMode=false, boostScreenBrightness=false, dozeScreenBrightness=-1, dozeScreenState=UNKNOWN, waitForNegativeProximity=false
04-20 17:08:03.908399   964  1927 I PowerManagerService: setBrightness mButtonLight, screenBrightness=102
04-20 17:08:03.908587   964  1927 D PowerManagerService: updateDisplayPowerStateLocked: mDisplayReady=true, policy=3, mWakefulness=1, mWakeLockSummary=0x0, mUserActivitySummary=0x9, mBootCompleted=true, mScreenBrightnessBoostInProgress=false
04-20 17:08:03.908790   964  1927 D PowerManagerService: Releasing suspend blocker "PowerManagerService.WakeLocks".
04-20 17:08:03.958621   964  1670 I WindowManager: Relayout Window{e846a21 u0 com.android.launcher3/com.android.launcher3.Launcher}: oldVis=4 newVis=0
04-20 17:08:03.961636   964  1670 I WindowStateAnimator:   CREATE SURFACE Surface(name=com.android.launcher3/com.android.launcher3.Launcher) IN SESSION android.view.SurfaceSession@d67d7b8: pid=1654 format=-2 flags=0x4 / WindowStateAnimator{89c875d com.android.launcher3/com.android.launcher3.Launcher}
04-20 17:08:03.961637   964   976 V ActivityManager: Broadcast sticky: Intent { act=android.intent.action.SERVICE_STATE flg=0x10 (has extras) } ordered=false userid=-1 callerApp=ProcessRecord{7b8ebd8 964:system/1000}
04-20 17:08:03.962522   964  1670 V WindowManager: Looking for focus: 6 = Window{fa8f8e8 u0 StatusBar}, flags=-2122055608, canReceive=false
04-20 17:08:03.962807   964  1670 V WindowManager: findFocusedWindow: Found new focus @ 2 = Window{e846a21 u0 com.android.launcher3/com.android.launcher3.Launcher}
04-20 17:08:03.963408   964  1670 V WindowManager: Changing focus from null to Window{e846a21 u0 com.android.launcher3/com.android.launcher3.Launcher} Callers=com.android.server.wm.WindowManagerService.relayoutWindow:3588 com.android.server.wm.Session.relayout:201 android.view.IWindowSession$Stub.onTransact:284 com.android.server.wm.Session.onTransact:133 
04-20 17:08:03.963687   964  1670 D WindowManager: Input focus has changed to Window{e846a21 u0 com.android.launcher3/com.android.launcher3.Launcher}
04-20 17:08:03.964231   964   982 V BroadcastQueue: Processing parallel broadcast [background] BroadcastRecord{ad228d2 u-1 android.intent.action.SERVICE_STATE}, 7 receivers
04-20 17:08:03.964623   964   982 D BroadcastQueue: BroadcastRecord{ad228d2 u-1 android.intent.action.SERVICE_STATE}, #0 BroadcastFilter{dbd9c95 u0 ReceiverList{4b0344c 964 system/1000/u0 local:8ea0c7f}}
04-20 17:08:03.965097   964   982 D BroadcastQueue: BDC-Delivering broadcast: Intent { act=android.intent.action.SERVICE_STATE flg=0x10 (has extras) }, queue=background, ordered=false, filter=BroadcastFilter{dbd9c95 u0 ReceiverList{4b0344c 964 system/1000/u0 local:8ea0c7f}}, receiver=null
04-20 17:08:03.965557   964   982 D BroadcastQueue: BroadcastRecord{ad228d2 u-1 android.intent.action.SERVICE_STATE}, #1 BroadcastFilter{ef7156b u0 ReceiverList{8ef52ba 1102 com.android.systemui/10022/u0 remote:83e07e5}}
04-20 17:08:03.965927   964   982 D BroadcastQueue: BDC-Delivering broadcast: Intent { act=android.intent.action.SERVICE_STATE flg=0x10 (has extras) }, queue=background, ordered=false, filter=BroadcastFilter{ef7156b u0 ReceiverList{8ef52ba 1102 com.android.systemui/10022/u0 remote:83e07e5}}, receiver=null
04-20 17:08:03.965967   964   964 D ActivityThread: BDC-Calling onReceive: intent=Intent { act=android.intent.action.SERVICE_STATE flg=0x10 (has extras) }, ordered=true, receiver=com.android.server.wifi.WifiStateMachine$10@40e299e, IIntentReceiver=8ea0c7f
04-20 17:08:03.968372   964   982 D BroadcastQueue: BroadcastRecord{ad228d2 u-1 android.intent.action.SERVICE_STATE}, #2 BroadcastFilter{d7819d0 u0 ReceiverList{3dbc593 1102 com.android.systemui/10022/u0 remote:1c58a82}}
04-20 17:08:03.968669  1102  1102 D ActivityThread: BDC-Calling onReceive: intent=Intent { act=android.intent.action.SERVICE_STATE flg=0x10 (has extras) }, ordered=true, receiver=com.android.keyguard.KeyguardUpdateMonitor$3@16e0f53, IIntentReceiver=6cc051e
04-20 17:08:03.968724   964   982 D BroadcastQueue: BDC-Delivering broadcast: Intent { act=android.intent.action.SERVICE_STATE flg=0x10 (has extras) }, queue=background, ordered=false, filter=BroadcastFilter{d7819d0 u0 ReceiverList{3dbc593 1102 com.android.systemui/10022/u0 remote:1c58a82}}, receiver=null
04-20 17:08:03.969875   964   982 D BroadcastQueue: BroadcastRecord{ad228d2 u-1 android.intent.action.SERVICE_STATE}, #3 BroadcastFilter{79eabee u0 ReceiverList{8e2f569 1576 com.android.phone/1001/u0 remote:c2adbf0}}
04-20 17:08:03.970073  1102  1477 D ActivityThread: BDC-Calling onReceive: intent=Intent { act=android.intent.action.SERVICE_STATE flg=0x10 (has extras) }, ordered=true, receiver=com.android.systemui.statusbar.policy.NetworkControllerImpl@9e42d3c, IIntentReceiver=cdc334b
04-20 17:08:03.970315   964   982 D BroadcastQueue: BDC-Delivering broadcast: Intent { act=android.intent.action.SERVICE_STATE flg=0x10 (has extras) }, queue=background, ordered=false, filter=BroadcastFilter{79eabee u0 ReceiverList{8e2f569 1576 com.android.phone/1001/u0 remote:c2adbf0}}, receiver=null
04-20 17:08:03.971395   964   982 D BroadcastQueue: BroadcastRecord{ad228d2 u-1 android.intent.action.SERVICE_STATE}, #4 BroadcastFilter{a51c5a u0 ReceiverList{7ac7405 1576 com.android.phone/1001/u0 remote:f9f037c}}
04-20 17:08:03.971779   964   982 D BroadcastQueue: BDC-Delivering broadcast: Intent { act=android.intent.action.SERVICE_STATE flg=0x10 (has extras) }, queue=background, ordered=false, filter=BroadcastFilter{a51c5a u0 ReceiverList{7ac7405 1576 com.android.phone/1001/u0 remote:f9f037c}}, receiver=null
04-20 17:08:03.972813   964   982 D BroadcastQueue: BroadcastRecord{ad228d2 u-1 android.intent.action.SERVICE_STATE}, #5 BroadcastFilter{6552963 u0 ReceiverList{b99db92 1618 com.mediatek.nlpservice/1000/u0 remote:53c4d1d}}
04-20 17:08:03.973187   964   982 D BroadcastQueue: BDC-Delivering broadcast: Intent { act=android.intent.action.SERVICE_STATE flg=0x10 (has extras) }, queue=background, ordered=false, filter=BroadcastFilter{6552963 u0 ReceiverList{b99db92 1618 com.mediatek.nlpservice/1000/u0 remote:53c4d1d}}, receiver=null
04-20 17:08:03.974357   964   982 D BroadcastQueue: BroadcastRecord{ad228d2 u-1 android.intent.action.SERVICE_STATE}, #6 BroadcastFilter{82f8dbd u0 ReceiverList{1ec1114 15823 com.android.mms/10016/u0 remote:1bbbf67}}
04-20 17:08:03.975149  1618  1618 D ActivityThread: BDC-Calling onReceive: intent=Intent { act=android.intent.action.SERVICE_STATE flg=0x10 (has extras) }, ordered=true, receiver=com.mediatek.lbsutils.LbsUtils$1@42020ea, IIntentReceiver=3be3eb7
04-20 17:08:03.976474   964   982 D BroadcastQueue: BDC-Delivering broadcast: Intent { act=android.intent.action.SERVICE_STATE flg=0x10 (has extras) }, queue=background, ordered=false, filter=BroadcastFilter{82f8dbd u0 ReceiverList{1ec1114 15823 com.android.mms/10016/u0 remote:1bbbf67}}, receiver=null
04-20 17:08:03.977802   964   982 D BroadcastQueue: Non-ordered [background] BroadcastRecord{ad228d2 u-1 android.intent.action.SERVICE_STATE}, 7 receivers, Total: 14, Waiting: 1, Processing: 13
04-20 17:08:03.979250 15823 15823 D ActivityThread: BDC-Calling onReceive: intent=Intent { act=android.intent.action.SERVICE_STATE flg=0x10 (has extras) }, ordered=true, receiver=com.android.mms.util.DownloadManager$2@c6be58d, IIntentReceiver=dee4bfd
04-20 17:08:03.983683  1576  1576 D ActivityThread: BDC-Calling onReceive: intent=Intent { act=android.intent.action.SERVICE_STATE flg=0x10 (has extras) }, ordered=true, receiver=com.mediatek.internal.telephony.worldphone.WorldPhoneOm$1@6e854cb, IIntentReceiver=3cb4d91
04-20 17:08:03.984448   964  1747 D ActivityManager: ACT-attachApplication pid 15875 to thread android.app.ApplicationThreadProxy@186001e
04-20 17:08:03.986566  1576  1576 D ActivityThread: BDC-Calling onReceive: intent=Intent { act=android.intent.action.SERVICE_STATE flg=0x10 (has extras) }, ordered=true, receiver=com.android.phone.PhoneGlobals$PhoneAppBroadcastReceiver@3a7c53e, IIntentReceiver=ccd9656
04-20 17:08:03.990546   964  1747 W ActivityManager: Skip forceProcessStateUpTo() to newState 11
04-20 17:08:03.994655   964  1747 D BroadcastQueue: BDC-Delivering broadcast: Intent { act=android.appwidget.action.APPWIDGET_UPDATE_OPTIONS flg=0x10 cmp=com.google.android.googlequicksearchbox/.SearchWidgetProvider (has extras) }, queue=background, ordered=false, app=ProcessRecord{f4b60ff 15875:com.google.android.googlequicksearchbox:search/u0a23}, receiver=android.os.BinderProxy@ee02ecc
04-20 17:08:03.998084   964   987 I WindowManager: Focus moving from null to Window{e846a21 u0 com.android.launcher3/com.android.launcher3.Launcher}
04-20 17:08:03.998242   964   987 I WindowManager: Gaining focus: Window{e846a21 u0 com.android.launcher3/com.android.launcher3.Launcher}
04-20 17:08:04.150239 15875 15875 D ActivityThread: installProvider: context.getPackageName()=com.google.android.googlequicksearchbox
04-20 17:08:04.158459 15875 15875 D ActivityThread: installProvider: context.getPackageName()=com.google.android.googlequicksearchbox
04-20 17:08:04.163719 15875 15875 D ActivityThread: installProvider: context.getPackageName()=com.google.android.googlequicksearchbox
04-20 17:08:04.192193 15875 15875 D ActivityThread: installProvider: context.getPackageName()=com.google.android.googlequicksearchbox
04-20 17:08:04.195821 15875 15875 D ActivityThread: installProvider: context.getPackageName()=com.google.android.googlequicksearchbox
04-20 17:08:04.198846 15875 15875 D ActivityThread: installProvider: context.getPackageName()=com.google.android.googlequicksearchbox
04-20 17:08:04.205326 15875 15875 D ActivityThread: installProvider: context.getPackageName()=com.google.android.googlequicksearchbox
04-20 17:08:04.227225   964  1844 D ActivityManager: publishContentProviders: from caller=android.app.ApplicationThreadProxy@17e4515 (pid=15875)
04-20 17:08:04.231345 15875 15875 D ActivityThread: BIND_APPLICATION handled : 0 / AppBindData{appInfo=ApplicationInfo{7570d5 com.google.android.googlequicksearchbox}}
04-20 17:08:04.244227 15875 15875 D ActivityThread: BDC-Calling onReceive: intent=Intent { act=android.appwidget.action.APPWIDGET_UPDATE_OPTIONS flg=0x10 cmp=com.google.android.googlequicksearchbox/.SearchWidgetProvider (has extras) }, receiver=com.google.android.googlequicksearchbox.SearchWidgetProvider@ea5a78
04-20 17:08:04.651049   964  2088 D ActivityManager: getContentProviderImpl: from caller=android.app.ApplicationThreadProxy@f0e002a (pid=15875, userId=0) to get content provider com.google.android.partnersetup.rlzappprovider cpr=null
04-20 17:08:04.690016   964  2088 I ActivityManager: Start proc 15894:com.google.android.partnersetup/u0a13 for content provider com.google.android.partnersetup/.RlzAppProvider
04-20 17:08:04.690974   964  1582 D ActivityManager: getContentProviderImpl: from caller=android.app.ApplicationThreadProxy@77f0e1b (pid=15875, userId=0) to get content provider com.google.settings cpr=ContentProviderRecord{a59a1ae u0 com.google.android.gsf/.settings.GoogleSettingsProvider}
04-20 17:08:04.691030   964   983 V NetworkStats: setKernelCounterSet uid=10013 set=1
04-20 17:08:04.691404   964  1582 D ActivityManager: getContentProviderImpl: updateLruProcessLocked cpr.proc=ProcessRecord{28382d 2236:com.google.process.gapps/u0a10}
04-20 17:08:04.695750 15875 15893 D ActivityThread: holder:android.app.IActivityManager$ContentProviderHolder@3c017a1, holder.provider:android.content.ContentProviderProxy@7834dc6
04-20 17:08:04.701502   964   976 V WindowStateAnimator: finishDrawingLocked: mDrawState=COMMIT_DRAW_PENDING WindowStateAnimator{89c875d com.android.launcher3/com.android.launcher3.Launcher} in Surface(name=com.android.launcher3/com.android.launcher3.Launcher)
04-20 17:08:04.709678   964   987 V WindowManager: **** GOOD TO GO
04-20 17:08:04.712205   964  8871 V InputMethodManagerService: windowGainedFocus: android.os.BinderProxy@4a17dac controlFlags=#105 softInputMode=#120 windowFlags=#81910100
04-20 17:08:04.719590   964   987 V WindowManager: Looking for focus: 6 = Window{fa8f8e8 u0 StatusBar}, flags=-2122055608, canReceive=false
04-20 17:08:04.719851   964   987 V WindowManager: findFocusedWindow: Found new focus @ 2 = Window{e846a21 u0 com.android.launcher3/com.android.launcher3.Launcher}
04-20 17:08:04.720508   964   987 D WindowManager: notifyActivityDrawnForKeyguard: waiting=false Callers=com.android.server.wm.WindowManagerService.handleAppTransitionReadyLocked:10079 com.android.server.wm.WindowManagerService.performLayoutAndPlaceSurfacesLockedInner:10699 com.android.server.wm.WindowManagerService.performLayoutAndPlaceSurfacesLockedLoop:9443 com.android.server.wm.WindowManagerService.performLayoutAndPlaceSurfacesLocked:9390 com.android.server.wm.WindowManagerService.-wrap8:-1 
04-20 17:08:04.872281   964   983 V NetworkStats: setKernelCounterSet uid=10013 set=0
04-20 17:08:04.943308   964   975 D ActivityManager: ACT-attachApplication pid 15894 to thread android.app.ApplicationThreadProxy@c32e2fc
04-20 17:08:04.958188   964   987 D ActivityManager: ACT-windowsVisible(): ActivityRecord{6401458 u0 com.android.launcher3/.Launcher t31}
04-20 17:08:05.007969   964  8871 D ActivityManager: BDC-Finishing receiver: android.os.BinderProxy@ee02ecc
04-20 17:08:05.008102 15875 15875 D ActivityThread: BDC-RECEIVER handled : 0 / ReceiverData{intent=Intent { act=android.appwidget.action.APPWIDGET_UPDATE_OPTIONS flg=0x10 cmp=com.google.android.googlequicksearchbox/.SearchWidgetProvider (has extras) } packageName=com.google.android.googlequicksearchbox resultCode=-1 resultData=null resultExtras=null}
04-20 17:08:05.008541   964  8871 D ActivityManager: BroadcastRecord{207e69c u0 android.appwidget.action.APPWIDGET_UPDATE_OPTIONS}, spend: 1321, android.os.BinderProxy@ee02ecc, ActivityInfo{1c217b2 com.google.android.googlequicksearchbox.SearchWidgetProvider}
04-20 17:08:05.009215   964  8871 D BroadcastQueue: Non-ordered [background] BroadcastRecord{207e69c u0 android.appwidget.action.APPWIDGET_UPDATE_OPTIONS}, 1 receivers, Total: 1321, Waiting: 0, Processing: 1321
04-20 17:08:05.009551   964  8871 V BroadcastQueue: Processing ordered broadcast [background] BroadcastRecord{dbb9d85 u-1 android.intent.action.SERVICE_STATE}, 1 receivers
04-20 17:08:05.009911   964  8871 D BroadcastQueue: BroadcastRecord{dbb9d85 u-1 android.intent.action.SERVICE_STATE}, #0 ActivityInfo{1145830 com.mediatek.setting.SimStateMonitor}
04-20 17:08:05.012762 15894 15894 D ActivityThread: installProvider: context.getPackageName()=com.google.android.partnersetup
04-20 17:08:05.026075   964  8871 D BroadcastQueue: BDC-Delivering broadcast: Intent { act=android.intent.action.SERVICE_STATE flg=0x10 cmp=com.android.mms/com.mediatek.setting.SimStateMonitor (has extras) }, queue=background, ordered=false, app=ProcessRecord{f736c4e 15823:com.android.mms/u0a16}, receiver=android.os.BinderProxy@90b7d78
04-20 17:08:05.029676 15894 15894 D ActivityThread: installProvider: context.getPackageName()=com.google.android.partnersetup
04-20 17:08:05.037894   964  1844 D ActivityManager: publishContentProviders: from caller=android.app.ApplicationThreadProxy@cbec7da (pid=15894)
04-20 17:08:05.041056 15894 15894 D ActivityThread: BIND_APPLICATION handled : 0 / AppBindData{appInfo=ApplicationInfo{777ff60 com.google.android.partnersetup}}
04-20 17:08:05.046700 15823 15823 D ActivityThread: BDC-Calling onReceive: intent=Intent { act=android.intent.action.SERVICE_STATE flg=0x10 cmp=com.android.mms/com.mediatek.setting.SimStateMonitor (has extras) }, receiver=com.mediatek.setting.SimStateMonitor@bb255ab
04-20 17:08:05.052584 15875 15892 D ActivityThread: holder:android.app.IActivityManager$ContentProviderHolder@2a0b476, holder.provider:android.content.ContentProviderProxy@eacfa77
04-20 17:08:05.060249   964  1843 D ActivityManager: BDC-Finishing receiver: android.os.BinderProxy@90b7d78
04-20 17:08:05.060297 15823 15823 D ActivityThread: BDC-RECEIVER handled : 0 / ReceiverData{intent=Intent { act=android.intent.action.SERVICE_STATE flg=0x10 cmp=com.android.mms/com.mediatek.setting.SimStateMonitor (has extras) } packageName=com.android.mms resultCode=-1 resultData=null resultExtras=null}
04-20 17:08:05.060707   964  1843 D ActivityManager: BroadcastRecord{dbb9d85 u-1 android.intent.action.SERVICE_STATE}, spend: 51, android.os.BinderProxy@90b7d78, ActivityInfo{1145830 com.mediatek.setting.SimStateMonitor}
04-20 17:08:05.061159   964  1843 D BroadcastQueue: Non-ordered [background] BroadcastRecord{dbb9d85 u-1 android.intent.action.SERVICE_STATE}, 1 receivers, Total: 1098, Waiting: 1046, Processing: 52
04-20 17:08:05.075052   964  1582 D ActivityManager: getContentProviderImpl: from caller=android.app.ApplicationThreadProxy@abbb40b (pid=15894, userId=0) to get content provider com.google.android.gsf.gservices cpr=ContentProviderRecord{66c1f44 u0 com.google.android.gsf/.gservices.GservicesProvider}
04-20 17:08:05.077261 15894 15910 D ActivityThread: holder:android.app.IActivityManager$ContentProviderHolder@e7394de, holder.provider:android.content.ContentProviderProxy@4636bf
04-20 17:08:05.149624   964   987 V WindowManager: Looking for focus: 5 = Window{fa8f8e8 u0 StatusBar}, flags=-2122055608, canReceive=false
04-20 17:08:05.150001   964   987 V WindowManager: findFocusedWindow: Found new focus @ 1 = Window{e846a21 u0 com.android.launcher3/com.android.launcher3.Launcher}
04-20 17:08:05.569571   964  1478 W Watchdog: SWT Watchdog after wait current time:24080705
04-20 17:08:05.570747   964  1478 W Watchdog: **Get SF Time **1
04-20 17:08:05.571876   964  1478 W Watchdog: SWT Watchdog before synchronized:24080707
04-20 17:08:05.572323   964  1478 W Watchdog: SWT Watchdog after synchronized:24080708
04-20 17:08:05.573212   964  1478 W Watchdog: SWT Watchdog before wait timeout:30000
04-20 17:08:05.573648   964  1478 W Watchdog: SWT Watchdog before wait current time:24080709
04-20 17:08:05.574395   964  1478 W Watchdog: SWT Watchdog before wait start:24080709
04-20 17:08:05.574635   964  1478 W Watchdog: SWT Watchdog before wait CHECK_INTERVAL:30000
04-20 17:08:05.900065   964  1006 D PowerManagerService: userActivityFromNative
04-20 17:08:05.900428   964  1006 D PowerManagerService: userActivityNoUpdateLocked: eventTime=24081032, event=2, flags=0x0, uid=1000
04-20 17:08:05.900707   964  1006 D PowerManagerNotifier: onUserActivity: event=2, uid=1000
04-20 17:08:05.901285   964  1006 D PowerManagerService: updateUserActivitySummaryLocked: mWakefulness=Awake, mUserActivitySummary=0x9, nextTimeout=24086392 (in 5355 ms)
04-20 17:08:05.901915   964  1006 D DisplayPowerController: requestPowerState: policy=BRIGHT, useProximitySensor=false, screenBrightness=102, screenAutoBrightnessAdjustment=0.0, brightnessSetByUser=true, useAutoBrightness=false, blockScreenOn=false, lowPowerMode=false, boostScreenBrightness=false, dozeScreenBrightness=-1, dozeScreenState=UNKNOWN, waitForNegativeProximity=false
04-20 17:08:05.902091   964  1006 I PowerManagerService: setBrightness mButtonLight, screenBrightness=102
04-20 17:08:05.902358   964  1006 D PowerManagerService: updateDisplayPowerStateLocked: mDisplayReady=true, policy=3, mWakefulness=1, mWakeLockSummary=0x0, mUserActivitySummary=0x9, mBootCompleted=true, mScreenBrightnessBoostInProgress=false
04-20 17:08:06.000140   964  1747 I ActivityManager: START u0 {act=android.intent.action.MAIN cat=[android.intent.category.LAUNCHER] flg=0x10200000 cmp=com.android.dialer/.DialtactsActivity (has extras)} from uid 10014 from pid 1654 on display 0
04-20 17:08:06.011982   964  1747 I ActivityManager: ACT-launchFlags(original): 0x10200000, launchMode:2, startFlags: 0, doResume:true
04-20 17:08:06.021643   964  1747 V WindowManager: Looking for focus: 5 = Window{fa8f8e8 u0 StatusBar}, flags=-2122055608, canReceive=false
04-20 17:08:06.021890   964  1747 V WindowManager: findFocusedWindow: Found new focus @ 1 = Window{e846a21 u0 com.android.launcher3/com.android.launcher3.Launcher}
04-20 17:08:06.035104   964  1747 D ActivityManager: ACT-AM_CREATE_TASK ActivityRecord{e4932e8 u0 com.android.dialer/.DialtactsActivity t70} task:TaskRecord{a1d8d01 #70 A=com.android.dialer U=0 sz=0}
04-20 17:08:06.035479   964  1747 D ActivityManager: ACT-AM_CREATE_ACTIVITY ActivityRecord{e4932e8 u0 com.android.dialer/.DialtactsActivity t70}TaskRecord{a1d8d01 #70 A=com.android.dialer U=0 sz=0}
04-20 17:08:06.046334   964  1747 D ActivityManager: ACT-AM_PAUSE_ACTIVITY ActivityRecord{6401458 u0 com.android.launcher3/.Launcher t31}
04-20 17:08:06.048399   964  1747 D PowerManagerService: acquireWakeLockInternal: lock=193877478, flags=0x1, tag="*launch*", ws=WorkSource{10006}, uid=1000, pid=964
04-20 17:08:06.048678   964  1747 D PowerManagerService: updateWakeLockSummaryLocked: mWakefulness=Awake, mWakeLockSummary=0x1
04-20 17:08:06.049316   964  1747 D PowerManagerService: updateUserActivitySummaryLocked: mWakefulness=Awake, mUserActivitySummary=0x9, nextTimeout=24086392 (in 5207 ms)
04-20 17:08:06.049703   964  1747 D DisplayPowerController: requestPowerState: policy=BRIGHT, useProximitySensor=false, screenBrightness=102, screenAutoBrightnessAdjustment=0.0, brightnessSetByUser=true, useAutoBrightness=false, blockScreenOn=false, lowPowerMode=false, boostScreenBrightness=false, dozeScreenBrightness=-1, dozeScreenState=UNKNOWN, waitForNegativeProximity=false
04-20 17:08:06.049856   964  1747 I PowerManagerService: setBrightness mButtonLight, screenBrightness=102
04-20 17:08:06.050083   964  1747 D PowerManagerService: updateDisplayPowerStateLocked: mDisplayReady=true, policy=3, mWakefulness=1, mWakeLockSummary=0x1, mUserActivitySummary=0x9, mBootCompleted=true, mScreenBrightnessBoostInProgress=false
04-20 17:08:06.050387   964  1747 D PowerManagerService: Acquiring suspend blocker "PowerManagerService.WakeLocks".
04-20 17:08:06.050707   964  1747 D PowerManagerNotifier: onWakeLockAcquired: flags=1, tag="*launch*", packageName=android, ownerUid=1000, ownerPid=964, workSource=WorkSource{10006}
04-20 17:08:06.055097   964  1747 V WindowManager: Looking for focus: 5 = Window{fa8f8e8 u0 StatusBar}, flags=-2122055608, canReceive=false
04-20 17:08:06.055290   964  1747 V WindowManager: findFocusedWindow: Found new focus @ 1 = Window{e846a21 u0 com.android.launcher3/com.android.launcher3.Launcher}
04-20 17:08:06.060206   964   987 D WindowManager: addWindowToListInOrderLocked: win=Window{7c8db8a u0 Starting com.android.dialer} Callers=com.android.server.wm.WindowManagerService.addWindow:2771 com.android.server.wm.Session.addToDisplay:171 android.view.ViewRootImpl.setView:643 android.view.WindowManagerGlobal.addView:319 
04-20 17:08:06.061740   964  1747 V WindowManager: Set focused app to: AppWindowToken{a25b5fb token=Token{f5187a6 ActivityRecord{e4932e8 u0 com.android.dialer/.DialtactsActivity t70}}} old focus=AppWindowToken{2be50b3 token=Token{115e96 ActivityRecord{6401458 u0 com.android.launcher3/.Launcher t31}}} moveFocusNow=true
04-20 17:08:06.063163   964  1747 V WindowManager: Looking for focus: 6 = Window{fa8f8e8 u0 StatusBar}, flags=-2122055608, canReceive=false
04-20 17:08:06.063398   964  1747 V WindowManager: findFocusedWindow: Reached focused app=AppWindowToken{a25b5fb token=Token{f5187a6 ActivityRecord{e4932e8 u0 com.android.dialer/.DialtactsActivity t70}}}
04-20 17:08:06.064453   964  1747 V WindowManager: Changing focus from Window{e846a21 u0 com.android.launcher3/com.android.launcher3.Launcher} to null Callers=com.android.server.wm.WindowManagerService.setFocusedApp:4469 com.android.server.am.ActivityManagerService.setFocusedActivityLocked:2823 com.android.server.am.ActivityStackSupervisor.startActivityUncheckedLocked:2815 com.android.server.am.ActivityStackSupervisor.startActivityLocked:1821 
04-20 17:08:06.064721   964  1747 D WindowManager: Input focus has changed to null
04-20 17:08:06.068655   964   987 I WindowStateAnimator:   CREATE SURFACE Surface(name=Starting com.android.dialer) IN SESSION android.view.SurfaceSession@cfb7c3d: pid=964 format=-1 flags=0x404 / WindowStateAnimator{e12656 Starting com.android.dialer}
04-20 17:08:06.069059   964  1582 V ActivityManager: Broadcast: Intent { act=com.android.launcher3.action.LAUNCH flg=0x10 (has extras) } ordered=false userid=0 callerApp=ProcessRecord{2f1a840 1654:com.android.launcher3/u0a14}
04-20 17:08:06.069620   964   987 V WindowManager: Looking for focus: 6 = Window{fa8f8e8 u0 StatusBar}, flags=-2122055608, canReceive=false
04-20 17:08:06.069831   964   987 V WindowManager: findFocusedWindow: Reached focused app=AppWindowToken{a25b5fb token=Token{f5187a6 ActivityRecord{e4932e8 u0 com.android.dialer/.DialtactsActivity t70}}}
04-20 17:08:06.070833   964   982 V BroadcastQueue: Processing ordered broadcast [background] BroadcastRecord{60fb6d7 u0 com.android.launcher3.action.LAUNCH}, 1 receivers
