04-20 17:08:23.406245   964  1162 V WindowStateAnimator: finishDrawingLocked: mDrawState=COMMIT_DRAW_PENDING WindowStateAnimator{f55914f com.mediatek.engineermode/com.mediatek.engineermode.EngineerMode} in Surface(name=com.mediatek.engineermode/com.mediatek.engineermode.EngineerMode)
04-20 17:08:23.429170   964   987 V WindowManager: Layouts looping: On entry to LockedInner, mPendingLayoutChanges = 0x1
04-20 17:08:23.430647   964   987 V WindowManager: Layouts looping: after finishPostLayoutPolicyLw, mPendingLayoutChanges = 0x0
04-20 17:08:23.431985   964   987 V WindowManager: Layouts looping: mLayoutNeeded, mPendingLayoutChanges = 0x1
04-20 17:08:23.434739   964   987 V WindowManager: Layouts looping: On entry to LockedInner, mPendingLayoutChanges = 0x1
04-20 17:08:23.436158   964   987 V WindowManager: Layouts looping: after finishPostLayoutPolicyLw, mPendingLayoutChanges = 0x0
04-20 17:08:23.439896   964   987 V WindowManager: Layouts looping: mLayoutNeeded, mPendingLayoutChanges = 0x1
04-20 17:08:23.441940   964   987 E WindowManager: Performed 6 layouts in a row. Skipping
04-20 17:08:23.451422   964  1582 V InputMethodManagerService: windowGainedFocus: android.os.BinderProxy@e4fcbd6 controlFlags=#105 softInputMode=#10 windowFlags=#1810100
04-20 17:08:23.458200   964   987 D ActivityManager: ACT-windowsVisible(): ActivityRecord{a408daa u0 com.mediatek.engineermode/.EngineerMode t71}
04-20 17:08:23.494777   964   987 V WindowStateAnimator: finishDrawingLocked: mDrawState=COMMIT_DRAW_PENDING WindowStateAnimator{ac01714 Starting com.mediatek.engineermode} in Surface(name=Starting com.mediatek.engineermode)
04-20 17:08:23.510015   964   987 V WindowManager: Looking for focus: 7 = Window{fa8f8e8 u0 StatusBar}, flags=-2122055608, canReceive=false
04-20 17:08:23.510272   964   987 V WindowManager: findFocusedWindow: Found new focus @ 3 = Window{ca16d44 u0 com.mediatek.engineermode/com.mediatek.engineermode.EngineerMode}
04-20 17:08:23.515192   964   987 I WindowManager: Screen frozen for +1s541ms due to Window{375c24e u0 Starting com.mediatek.engineermode}
04-20 17:08:23.515449   964   987 V WindowManager: Dismiss!
04-20 17:08:23.530869   964   987 D PowerManagerService: releaseWakeLockInternal: lock=209064499 [SCREEN_FROZEN], flags=0x0, total_time=1559ms
04-20 17:08:23.531186   964   987 D PowerManagerNotifier: onWakeLockReleased: flags=1, tag="SCREEN_FROZEN", packageName=android, ownerUid=1000, ownerPid=964, workSource=null
04-20 17:08:23.531712   964   987 D PowerManagerService: updateWakeLockSummaryLocked: mWakefulness=Awake, mWakeLockSummary=0x1
04-20 17:08:23.532116   964   987 D PowerManagerService: updateUserActivitySummaryLocked: mWakefulness=Awake, mUserActivitySummary=0x1, nextTimeout=24149497 (in 50829 ms)
04-20 17:08:23.532657   964   987 D DisplayPowerController: requestPowerState: policy=BRIGHT, useProximitySensor=false, screenBrightness=102, screenAutoBrightnessAdjustment=0.0, brightnessSetByUser=true, useAutoBrightness=false, blockScreenOn=false, lowPowerMode=false, boostScreenBrightness=false, dozeScreenBrightness=-1, dozeScreenState=UNKNOWN, waitForNegativeProximity=false
04-20 17:08:23.532808   964   987 I PowerManagerService: setBrightness mButtonLight 0.
04-20 17:08:23.533077   964   987 D PowerManagerService: updateDisplayPowerStateLocked: mDisplayReady=true, policy=3, mWakefulness=1, mWakeLockSummary=0x1, mUserActivitySummary=0x1, mBootCompleted=true, mScreenBrightnessBoostInProgress=false
04-20 17:08:23.957649   964   987 I WindowManager:   FREEZE Surface(name=ScreenshotSurface): DESTROY
04-20 17:08:23.979174   964  2089 D PowerManagerService: releaseWakeLockInternal: lock=193877478 [*launch*], flags=0x0, total_time=2069ms
04-20 17:08:23.979535   964  2089 D PowerManagerNotifier: onWakeLockReleased: flags=1, tag="*launch*", packageName=android, ownerUid=1000, ownerPid=964, workSource=WorkSource{1001}
04-20 17:08:23.979843   964  2089 D PowerManagerService: updateWakeLockSummaryLocked: mWakefulness=Awake, mWakeLockSummary=0x1
04-20 17:08:23.980117   964  2089 D PowerManagerService: updateUserActivitySummaryLocked: mWakefulness=Awake, mUserActivitySummary=0x1, nextTimeout=24149497 (in 50381 ms)
04-20 17:08:23.980453   964  2089 D DisplayPowerController: requestPowerState: policy=BRIGHT, useProximitySensor=false, screenBrightness=102, screenAutoBrightnessAdjustment=0.0, brightnessSetByUser=true, useAutoBrightness=false, blockScreenOn=false, lowPowerMode=false, boostScreenBrightness=false, dozeScreenBrightness=-1, dozeScreenState=UNKNOWN, waitForNegativeProximity=false
04-20 17:08:23.980537   964  2089 I PowerManagerService: setBrightness mButtonLight 0.
04-20 17:08:23.981077   964  2089 D PowerManagerService: updateDisplayPowerStateLocked: mDisplayReady=true, policy=3, mWakefulness=1, mWakeLockSummary=0x1, mUserActivitySummary=0x1, mBootCompleted=true, mScreenBrightnessBoostInProgress=false
04-20 17:08:23.982467   964  2089 V WindowManager: setAppVisibility(Token{f5187a6 ActivityRecord{e4932e8 u0 com.android.dialer/.DialtactsActivity t70}}, visible=false): mNextAppTransition=TRANSIT_UNSET hidden=true hiddenRequested=true Callers=com.android.server.am.ActivityStack.stopActivityLocked:3202 com.android.server.am.ActivityStackSupervisor.activityIdleInternalLocked:2958 com.android.server.am.ActivityManagerService.activityIdle:6876 android.app.ActivityManagerNative.onTransact:528 com.android.server.am.ActivityManagerService.onTransact:2621 android.os.Binder.execTransact:458 
04-20 17:08:23.990806   964   983 V NetworkStats: setKernelCounterSet uid=10006 set=0
04-20 17:08:23.991574   964   983 V NetworkStats: setKernelCounterSet uid=10003 set=0
04-20 17:08:24.018104   964  5510 D ActivityManager: getContentProviderImpl: from caller=android.app.ActivityThread$ApplicationThread@ef98b0e (pid=964, userId=0) to get content provider call_log cpr=ContentProviderRecord{da5c38d u0 com.android.providers.contacts/.CallLogProvider}
04-20 17:08:24.018507   964  5510 D ActivityManager: getContentProviderImpl: updateLruProcessLocked cpr.proc=ProcessRecord{ca51563 15933:android.process.acore/u0a3}
04-20 17:08:24.022157   964  5510 D ActivityThread: holder:android.app.IActivityManager$ContentProviderHolder@3d0d686, holder.provider:android.content.ContentProviderProxy@2ec5b47
04-20 17:08:24.025864   964  2089 V ActivityManager: startService: Intent { act=com.android.dialer.calllog.UPDATE_NOTIFICATIONS cmp=com.android.dialer/.calllog.CallLogNotificationsService } callerApp=ProcessRecord{8cf57d9 15913:com.android.dialer/u0a6}
04-20 17:08:24.027455   964  2089 V ActivityManager: >>> EXECUTING create of ServiceRecord{6a43c9d u0 com.android.dialer/.calllog.CallLogNotificationsService} in app ProcessRecord{8cf57d9 15913:com.android.dialer/u0a6}
04-20 17:08:24.030217   964  2089 V ActivityManager: AMS Creating service ServiceRecord{6a43c9d u0 com.android.dialer/.calllog.CallLogNotificationsService}
04-20 17:08:24.031224   964  2089 V ActivityManager: Sending arguments to: ServiceRecord{6a43c9d u0 com.android.dialer/.calllog.CallLogNotificationsService} android.content.Intent$FilterComparison@5672c16e args=Intent { act=com.android.dialer.calllog.UPDATE_NOTIFICATIONS cmp=com.android.dialer/.calllog.CallLogNotificationsService }
04-20 17:08:24.033059   964  2089 V ActivityManager: >>> EXECUTING start of ServiceRecord{6a43c9d u0 com.android.dialer/.calllog.CallLogNotificationsService} in app ProcessRecord{8cf57d9 15913:com.android.dialer/u0a6}
04-20 17:08:24.033620   964  2089 D ActivityManager: SVC-Sent arguments: ServiceRecord{6a43c9d u0 com.android.dialer/.calllog.CallLogNotificationsService}, app=ProcessRecord{8cf57d9 15913:com.android.dialer/u0a6}, args=Intent { act=com.android.dialer.calllog.UPDATE_NOTIFICATIONS cmp=com.android.dialer/.calllog.CallLogNotificationsService }, flags=0
04-20 17:08:24.041200 15913 15913 D AudioTrackCenter: removeTrack, trackPtr:0x7fb34d5980
04-20 17:08:24.045165 15913 15913 V ActivityThread: Finishing stop of ActivityRecord{c294551 token=android.os.BinderProxy@e5761b6 {com.android.dialer/com.android.dialer.DialtactsActivity}}: show=false win=com.android.internal.policy.PhoneWindow@8be4ce5
04-20 17:08:24.054733 15913 15913 D ActivityThread: ACT-STOP_ACTIVITY_HIDE handled : 0 / android.os.BinderProxy@e5761b6
04-20 17:08:24.059336 15913 15913 D ActivityThread: SVC-Creating service: CreateServiceData{token=android.os.BinderProxy@292b3ba className=com.android.dialer.calllog.CallLogNotificationsService packageName=com.android.dialer intent=null}
04-20 17:08:24.106080 15913 15913 D ActivityThread: SVC-CREATE_SERVICE handled : 0 / CreateServiceData{token=android.os.BinderProxy@292b3ba className=com.android.dialer.calllog.CallLogNotificationsService packageName=com.android.dialer intent=null}
04-20 17:08:24.106578 15913 15913 D ActivityThread: SVC-Calling onStartCommand: com.android.dialer.calllog.CallLogNotificationsService@715626b, flags=0, startId=1
04-20 17:08:24.106686   964  1652 D ActivityManager: SVC-Executing service done: ServiceRecord{6a43c9d u0 com.android.dialer/.calllog.CallLogNotificationsService}, type=0, startId=0, res=0
04-20 17:08:24.106897   964  1652 V ActivityManager: <<< DONE EXECUTING ServiceRecord{6a43c9d u0 com.android.dialer/.calllog.CallLogNotificationsService}: nesting=2, inDestroying=false, app=ProcessRecord{8cf57d9 15913:com.android.dialer/u0a6}
04-20 17:08:24.107202 15913 15913 D ActivityThread: SVC-SERVICE_ARGS handled : 0 / ServiceArgsData{token=android.os.BinderProxy@292b3ba startId=1 args=Intent { act=com.android.dialer.calllog.UPDATE_NOTIFICATIONS cmp=com.android.dialer/.calllog.CallLogNotificationsService }}
04-20 17:08:24.107921   964  1652 D ActivityManager: SVC-Executing service done: ServiceRecord{6a43c9d u0 com.android.dialer/.calllog.CallLogNotificationsService}, type=1, startId=1, res=2
04-20 17:08:24.108136   964  1652 V ActivityManager: <<< DONE EXECUTING ServiceRecord{6a43c9d u0 com.android.dialer/.calllog.CallLogNotificationsService}: nesting=1, inDestroying=false, app=ProcessRecord{8cf57d9 15913:com.android.dialer/u0a6}
04-20 17:08:24.140899   964  1652 V ActivityManager: >>> EXECUTING destroy of ServiceRecord{6a43c9d u0 com.android.dialer/.calllog.CallLogNotificationsService} in app ProcessRecord{8cf57d9 15913:com.android.dialer/u0a6}
04-20 17:08:24.142213 15913 15913 D ActivityThread: SVC-Destroying service: com.android.dialer.calllog.CallLogNotificationsService@715626b
04-20 17:08:24.142818 15913 15913 D ActivityThread: SVC-STOP_SERVICE handled : 0 / android.os.BinderProxy@292b3ba
04-20 17:08:24.142996   964  1747 D ActivityManager: SVC-Executing service done: ServiceRecord{6a43c9d u0 com.android.dialer/.calllog.CallLogNotificationsService}, type=2, startId=0, res=0
04-20 17:08:24.143227   964  1747 V ActivityManager: <<< DONE EXECUTING ServiceRecord{6a43c9d u0 com.android.dialer/.calllog.CallLogNotificationsService}: nesting=1, inDestroying=true, app=ProcessRecord{8cf57d9 15913:com.android.dialer/u0a6}
04-20 17:08:24.649914   964  1663 D PowerManagerService: releaseWakeLockInternal: lock=252322378 [AudioMix], flags=0x0, total_time=14616ms
04-20 17:08:24.650249   964  1663 D PowerManagerNotifier: onWakeLockReleased: flags=1, tag="AudioMix", packageName=media, ownerUid=1013, ownerPid=0, workSource=null
04-20 17:08:24.650604   964  1663 D PowerManagerService: updateWakeLockSummaryLocked: mWakefulness=Awake, mWakeLockSummary=0x1
04-20 17:08:24.650910   964  1663 D PowerManagerService: updateUserActivitySummaryLocked: mWakefulness=Awake, mUserActivitySummary=0x1, nextTimeout=24149497 (in 49710 ms)
04-20 17:08:24.651487   964  1663 D DisplayPowerController: requestPowerState: policy=BRIGHT, useProximitySensor=false, screenBrightness=102, screenAutoBrightnessAdjustment=0.0, brightnessSetByUser=true, useAutoBrightness=false, blockScreenOn=false, lowPowerMode=false, boostScreenBrightness=false, dozeScreenBrightness=-1, dozeScreenState=UNKNOWN, waitForNegativeProximity=false
04-20 17:08:24.651581   964  1663 I PowerManagerService: setBrightness mButtonLight 0.
04-20 17:08:24.651776   964  1663 D PowerManagerService: updateDisplayPowerStateLocked: mDisplayReady=true, policy=3, mWakefulness=1, mWakeLockSummary=0x1, mUserActivitySummary=0x1, mBootCompleted=true, mScreenBrightnessBoostInProgress=false
04-20 17:08:24.706153   964  1006 D PowerManagerService: userActivityFromNative
04-20 17:08:24.706412   964  1006 D PowerManagerService: userActivityNoUpdateLocked: eventTime=24099840, event=2, flags=0x0, uid=1000
04-20 17:08:24.706537   964  1006 D PowerManagerNotifier: onUserActivity: event=2, uid=1000
04-20 17:08:24.707012   964  1006 D PowerManagerService: updateUserActivitySummaryLocked: mWakefulness=Awake, mUserActivitySummary=0x1, nextTimeout=24152840 (in 52997 ms)
04-20 17:08:24.707347   964  1006 D DisplayPowerController: requestPowerState: policy=BRIGHT, useProximitySensor=false, screenBrightness=102, screenAutoBrightnessAdjustment=0.0, brightnessSetByUser=true, useAutoBrightness=false, blockScreenOn=false, lowPowerMode=false, boostScreenBrightness=false, dozeScreenBrightness=-1, dozeScreenState=UNKNOWN, waitForNegativeProximity=false
04-20 17:08:24.707428   964  1006 I PowerManagerService: setBrightness mButtonLight 0.
04-20 17:08:24.707604   964  1006 D PowerManagerService: updateDisplayPowerStateLocked: mDisplayReady=true, policy=3, mWakefulness=1, mWakeLockSummary=0x1, mUserActivitySummary=0x1, mBootCompleted=true, mScreenBrightnessBoostInProgress=false
04-20 17:08:26.164151   964  1670 D PowerManagerService: releaseWakeLockInternal: lock=178307113 [AudioMix], flags=0x0, total_time=3011ms
04-20 17:08:26.164475   964  1670 D PowerManagerNotifier: onWakeLockReleased: flags=1, tag="AudioMix", packageName=media, ownerUid=1013, ownerPid=0, workSource=null
04-20 17:08:26.164869   964  1670 D PowerManagerService: updateWakeLockSummaryLocked: mWakefulness=Awake, mWakeLockSummary=0x0
04-20 17:08:26.165499   964  1670 D PowerManagerService: updateUserActivitySummaryLocked: mWakefulness=Awake, mUserActivitySummary=0x1, nextTimeout=24152840 (in 51539 ms)
04-20 17:08:26.165891   964  1670 D DisplayPowerController: requestPowerState: policy=BRIGHT, useProximitySensor=false, screenBrightness=102, screenAutoBrightnessAdjustment=0.0, brightnessSetByUser=true, useAutoBrightness=false, blockScreenOn=false, lowPowerMode=false, boostScreenBrightness=false, dozeScreenBrightness=-1, dozeScreenState=UNKNOWN, waitForNegativeProximity=false
04-20 17:08:26.165998   964  1670 I PowerManagerService: setBrightness mButtonLight 0.
04-20 17:08:26.166200   964  1670 D PowerManagerService: updateDisplayPowerStateLocked: mDisplayReady=true, policy=3, mWakefulness=1, mWakeLockSummary=0x0, mUserActivitySummary=0x1, mBootCompleted=true, mScreenBrightnessBoostInProgress=false
04-20 17:08:26.166394   964  1670 D PowerManagerService: Releasing suspend blocker "PowerManagerService.WakeLocks".
04-20 17:08:26.445550   964  1006 D PowerManagerService: userActivityFromNative
04-20 17:08:26.445848   964  1006 D PowerManagerService: userActivityNoUpdateLocked: eventTime=24101580, event=2, flags=0x0, uid=1000
04-20 17:08:26.445986   964  1006 D PowerManagerNotifier: onUserActivity: event=2, uid=1000
04-20 17:08:26.446433   964  1006 D PowerManagerService: updateUserActivitySummaryLocked: mWakefulness=Awake, mUserActivitySummary=0x1, nextTimeout=24154580 (in 52998 ms)
04-20 17:08:26.446786   964  1006 D DisplayPowerController: requestPowerState: policy=BRIGHT, useProximitySensor=false, screenBrightness=102, screenAutoBrightnessAdjustment=0.0, brightnessSetByUser=true, useAutoBrightness=false, blockScreenOn=false, lowPowerMode=false, boostScreenBrightness=false, dozeScreenBrightness=-1, dozeScreenState=UNKNOWN, waitForNegativeProximity=false
04-20 17:08:26.447464   964  1006 I PowerManagerService: setBrightness mButtonLight 0.
04-20 17:08:26.447678   964  1006 D PowerManagerService: updateDisplayPowerStateLocked: mDisplayReady=true, policy=3, mWakefulness=1, mWakeLockSummary=0x0, mUserActivitySummary=0x1, mBootCompleted=true, mScreenBrightnessBoostInProgress=false
04-20 17:08:26.759882   964  1747 V ActivityManager: Broadcast sticky: Intent { act=android.intent.action.SIG_STR flg=0x20000010 (has extras) } ordered=false userid=-1 callerApp=ProcessRecord{7b8ebd8 964:system/1000}
04-20 17:08:27.395425   964  1006 D PowerManagerService: userActivityFromNative
04-20 17:08:27.395772   964  1006 D PowerManagerService: userActivityNoUpdateLocked: eventTime=24102529, event=2, flags=0x0, uid=1000
04-20 17:08:27.396034   964  1006 D PowerManagerNotifier: onUserActivity: event=2, uid=1000
04-20 17:08:27.396536   964  1006 D PowerManagerService: updateUserActivitySummaryLocked: mWakefulness=Awake, mUserActivitySummary=0x1, nextTimeout=24155529 (in 52997 ms)
04-20 17:08:27.397016   964  1006 D DisplayPowerController: requestPowerState: policy=BRIGHT, useProximitySensor=false, screenBrightness=102, screenAutoBrightnessAdjustment=0.0, brightnessSetByUser=true, useAutoBrightness=false, blockScreenOn=false, lowPowerMode=false, boostScreenBrightness=false, dozeScreenBrightness=-1, dozeScreenState=UNKNOWN, waitForNegativeProximity=false
04-20 17:08:27.397112   964  1006 I PowerManagerService: setBrightness mButtonLight 0.
04-20 17:08:27.397357   964  1006 D PowerManagerService: updateDisplayPowerStateLocked: mDisplayReady=true, policy=3, mWakefulness=1, mWakeLockSummary=0x0, mUserActivitySummary=0x1, mBootCompleted=true, mScreenBrightnessBoostInProgress=false
04-20 17:08:28.988388  1576  1576 D ActivityThread: LOW_MEMORY handled : 0 / null
04-20 17:08:29.494738   964  1006 D PowerManagerService: userActivityFromNative
04-20 17:08:29.495493   964  1006 D PowerManagerService: userActivityNoUpdateLocked: eventTime=24104626, event=2, flags=0x0, uid=1000
04-20 17:08:29.495967   964  1006 D PowerManagerNotifier: onUserActivity: event=2, uid=1000
04-20 17:08:29.497315   964  1006 D PowerManagerService: updateUserActivitySummaryLocked: mWakefulness=Awake, mUserActivitySummary=0x1, nextTimeout=24157626 (in 52993 ms)
04-20 17:08:29.498605   964  1006 D DisplayPowerController: requestPowerState: policy=BRIGHT, useProximitySensor=false, screenBrightness=102, screenAutoBrightnessAdjustment=0.0, brightnessSetByUser=true, useAutoBrightness=false, blockScreenOn=false, lowPowerMode=false, boostScreenBrightness=false, dozeScreenBrightness=-1, dozeScreenState=UNKNOWN, waitForNegativeProximity=false
04-20 17:08:29.498883   964  1006 I PowerManagerService: setBrightness mButtonLight 0.
04-20 17:08:29.499601   964  1006 D PowerManagerService: updateDisplayPowerStateLocked: mDisplayReady=true, policy=3, mWakefulness=1, mWakeLockSummary=0x0, mUserActivitySummary=0x1, mBootCompleted=true, mScreenBrightnessBoostInProgress=false
04-20 17:08:29.660149   964  8871 V SettingsProvider: packageValueForCallResult, name = sound_effects_enabled, value : 0
04-20 17:08:29.663968   964   975 I ActivityManager: START u0 {act=android.intent.action.MAIN cmp=com.mediatek.mtklogger/.MainActivity} from uid 1001 from pid 16004 on display 0
04-20 17:08:29.669572   964   975 I ActivityManager: ACT-launchFlags(original): 0x0, launchMode:2, startFlags: 0, doResume:true
04-20 17:08:29.671036   964   975 V WindowManager: Looking for focus: 7 = Window{fa8f8e8 u0 StatusBar}, flags=-2122055608, canReceive=false
04-20 17:08:29.671481   964   975 V WindowManager: findFocusedWindow: Found new focus @ 3 = Window{ca16d44 u0 com.mediatek.engineermode/com.mediatek.engineermode.EngineerMode}
04-20 17:08:29.677283   964   975 D ActivityManager: ACT-AM_CREATE_TASK ActivityRecord{f0964e3 u0 com.mediatek.mtklogger/.MainActivity t72} task:TaskRecord{e4f4ee0 #72 A=com.mediatek.mtklogger U=0 sz=0}
04-20 17:08:29.677762   964   975 D ActivityManager: ACT-AM_CREATE_ACTIVITY ActivityRecord{f0964e3 u0 com.mediatek.mtklogger/.MainActivity t72}TaskRecord{e4f4ee0 #72 A=com.mediatek.mtklogger U=0 sz=0}
04-20 17:08:29.701663   964   975 D ActivityManager: ACT-AM_PAUSE_ACTIVITY ActivityRecord{a408daa u0 com.mediatek.engineermode/.EngineerMode t71}
04-20 17:08:29.702995   964   975 D PowerManagerService: acquireWakeLockInternal: lock=193877478, flags=0x1, tag="*launch*", ws=WorkSource{10056}, uid=1000, pid=964
04-20 17:08:29.703293   964   975 D PowerManagerService: updateWakeLockSummaryLocked: mWakefulness=Awake, mWakeLockSummary=0x1
04-20 17:08:29.703602   964   975 D PowerManagerService: updateUserActivitySummaryLocked: mWakefulness=Awake, mUserActivitySummary=0x1, nextTimeout=24157626 (in 52787 ms)
04-20 17:08:29.704309   964   975 D DisplayPowerController: requestPowerState: policy=BRIGHT, useProximitySensor=false, screenBrightness=102, screenAutoBrightnessAdjustment=0.0, brightnessSetByUser=true, useAutoBrightness=false, blockScreenOn=false, lowPowerMode=false, boostScreenBrightness=false, dozeScreenBrightness=-1, dozeScreenState=UNKNOWN, waitForNegativeProximity=false
04-20 17:08:29.704420   964   975 I PowerManagerService: setBrightness mButtonLight 0.
04-20 17:08:29.704838   964   975 D PowerManagerService: updateDisplayPowerStateLocked: mDisplayReady=true, policy=3, mWakefulness=1, mWakeLockSummary=0x1, mUserActivitySummary=0x1, mBootCompleted=true, mScreenBrightnessBoostInProgress=false
04-20 17:08:29.705051   964   975 D PowerManagerService: Acquiring suspend blocker "PowerManagerService.WakeLocks".
04-20 17:08:29.705448   964   975 D PowerManagerNotifier: onWakeLockAcquired: flags=1, tag="*launch*", packageName=android, ownerUid=1000, ownerPid=964, workSource=WorkSource{10056}
04-20 17:08:29.707799   964   975 V WindowManager: Looking for focus: 7 = Window{fa8f8e8 u0 StatusBar}, flags=-2122055608, canReceive=false
04-20 17:08:29.707999   964   975 V WindowManager: findFocusedWindow: Found new focus @ 3 = Window{ca16d44 u0 com.mediatek.engineermode/com.mediatek.engineermode.EngineerMode}
04-20 17:08:29.712750   964   987 D WindowManager: addWindowToListInOrderLocked: win=Window{c44dda4 u0 Starting com.mediatek.mtklogger} Callers=com.android.server.wm.WindowManagerService.addWindow:2771 com.android.server.wm.Session.addToDisplay:171 android.view.ViewRootImpl.setView:643 android.view.WindowManagerGlobal.addView:319 
04-20 17:08:29.714737   964   975 V WindowManager: Set focused app to: AppWindowToken{5b2870d token=Token{30d0599 ActivityRecord{f0964e3 u0 com.mediatek.mtklogger/.MainActivity t72}}} old focus=AppWindowToken{abaf6f token=Token{7227538 ActivityRecord{a408daa u0 com.mediatek.engineermode/.EngineerMode t71}}} moveFocusNow=true
04-20 17:08:29.716305   964   975 V WindowManager: Looking for focus: 8 = Window{fa8f8e8 u0 StatusBar}, flags=-2122055608, canReceive=false
04-20 17:08:29.716530   964   975 V WindowManager: findFocusedWindow: Reached focused app=AppWindowToken{5b2870d token=Token{30d0599 ActivityRecord{f0964e3 u0 com.mediatek.mtklogger/.MainActivity t72}}}
04-20 17:08:29.717236   964   975 V WindowManager: Changing focus from Window{ca16d44 u0 com.mediatek.engineermode/com.mediatek.engineermode.EngineerMode} to null Callers=com.android.server.wm.WindowManagerService.setFocusedApp:4469 com.android.server.am.ActivityManagerService.setFocusedActivityLocked:2823 com.android.server.am.ActivityStackSupervisor.startActivityUncheckedLocked:2815 com.android.server.am.ActivityStackSupervisor.startActivityLocked:1821 
04-20 17:08:29.717472   964   975 D WindowManager: Input focus has changed to null
04-20 17:08:29.721522   964   987 I WindowStateAnimator:   CREATE SURFACE Surface(name=Starting com.mediatek.mtklogger) IN SESSION android.view.SurfaceSession@cfb7c3d: pid=964 format=-1 flags=0x404 / WindowStateAnimator{337a6c2 Starting com.mediatek.mtklogger}
04-20 17:08:29.722344   964   987 V WindowManager: Looking for focus: 8 = Window{fa8f8e8 u0 StatusBar}, flags=-2122055608, canReceive=false
04-20 17:08:29.722550   964   987 V WindowManager: findFocusedWindow: Reached focused app=AppWindowToken{5b2870d token=Token{30d0599 ActivityRecord{f0964e3 u0 com.mediatek.mtklogger/.MainActivity t72}}}
04-20 17:08:29.727223 16004 16004 D ActivityThread: ACT-AM_ON_PAUSE_CALLED ActivityRecord{e7394de token=android.os.BinderProxy@4636bf {com.mediatek.engineermode/com.mediatek.engineermode.EngineerMode}}
04-20 17:08:29.728517   964  1652 D ActivityManager: ACT-paused: token=Token{7227538 ActivityRecord{a408daa u0 com.mediatek.engineermode/.EngineerMode t71}}, timeout=false
04-20 17:08:29.738095   964  1652 V WindowManager: setAppVisibility(Token{30d0599 ActivityRecord{f0964e3 u0 com.mediatek.mtklogger/.MainActivity t72}}, visible=true): mNextAppTransition=TRANSIT_TASK_OPEN hidden=true hiddenRequested=true Callers=com.android.server.am.ActivityStackSupervisor.realStartActivityLocked:1293 com.android.server.am.ActivityStackSupervisor.startSpecificActivityLocked:1507 com.android.server.am.ActivityStack.resumeTopActivityInnerLocked:2393 com.android.server.am.ActivityStack.resumeTopActivityLocked:1816 com.android.server.am.ActivityStackSupervisor.resumeTopActivitiesLocked:3097 com.android.server.am.ActivityStack.completePauseLocked:1195 
04-20 17:08:29.740225   964  1652 V WindowManager: setAppVisibility(Token{7227538 ActivityRecord{a408daa u0 com.mediatek.engineermode/.EngineerMode t71}}, visible=false): mNextAppTransition=TRANSIT_TASK_OPEN hidden=false hiddenRequested=false Callers=com.android.server.am.ActivityStack.setVisible:1295 com.android.server.am.ActivityStack.ensureActivitiesVisibleLocked:1654 com.android.server.am.ActivityStackSupervisor.ensureActivitiesVisibleLocked:3722 com.android.server.am.ActivityManagerService.updateConfigurationLocked:18749 com.android.server.am.ActivityStackSupervisor.realStartActivityLocked:1309 com.android.server.am.ActivityStackSupervisor.startSpecificActivityLocked:1507 
04-20 17:08:29.748550   964  1652 D ActivityManager: ACT-AM_RESTART_ACTIVITY ActivityRecord{f0964e3 u0 com.mediatek.mtklogger/.MainActivity t72} Task:72
04-20 17:08:29.753118 15705 15705 V ActivityThread: Handling launch of ActivityRecord{7a6a624 token=android.os.BinderProxy@c6be58d {com.mediatek.mtklogger/com.mediatek.mtklogger.MainActivity}} startsNotResumed=false
04-20 17:08:29.756543   964   987 V WindowStateAnimator: finishDrawingLocked: mDrawState=COMMIT_DRAW_PENDING WindowStateAnimator{337a6c2 Starting com.mediatek.mtklogger} in Surface(name=Starting com.mediatek.mtklogger)
04-20 17:08:29.756648   964  1652 D ActivityManager: Delay resumeKeyDispatchingLocked() to avoid deadlock.
04-20 17:08:29.758056 16004 16004 D ActivityThread: ACT-PAUSE_ACTIVITY handled : 1 / android.os.BinderProxy@4636bf
04-20 17:08:29.762345   964   983 V NetworkStats: setKernelCounterSet uid=10056 set=1
04-20 17:08:29.763581   964   987 I WindowManager: Focus moving from Window{ca16d44 u0 com.mediatek.engineermode/com.mediatek.engineermode.EngineerMode} to null
04-20 17:08:29.763725   964   987 I WindowManager: Losing focus: Window{ca16d44 u0 com.mediatek.engineermode/com.mediatek.engineermode.EngineerMode}
04-20 17:08:29.768004   964   987 V WindowManager: **** GOOD TO GO
04-20 17:08:29.779534   964   987 V WindowManager: Looking for focus: 8 = Window{fa8f8e8 u0 StatusBar}, flags=-2122055608, canReceive=false
04-20 17:08:29.779702   964   987 V WindowManager: findFocusedWindow: No focusable windows.
04-20 17:08:29.780386   964   987 D WindowManager: notifyActivityDrawnForKeyguard: waiting=false Callers=com.android.server.wm.WindowManagerService.handleAppTransitionReadyLocked:10079 com.android.server.wm.WindowManagerService.performLayoutAndPlaceSurfacesLockedInner:10699 com.android.server.wm.WindowManagerService.performLayoutAndPlaceSurfacesLockedLoop:9443 com.android.server.wm.WindowManagerService.performLayoutAndPlaceSurfacesLocked:9390 com.android.server.wm.WindowManagerService.-wrap8:-1 
04-20 17:08:29.781943 15705 15705 V ActivityThread: ActivityRecord{7a6a624 token=android.os.BinderProxy@c6be58d {com.mediatek.mtklogger/com.mediatek.mtklogger.MainActivity}}: app=com.mediatek.mtklogger.MyApplication@16e0f53, appName=com.mediatek.mtklogger, pkg=com.mediatek.mtklogger, comp={com.mediatek.mtklogger/com.mediatek.mtklogger.MainActivity}, dir=/system/app/MTKLogger/MTKLogger.apk
04-20 17:08:29.822193   964  8871 V WindowManager: Looking for focus: 8 = Window{fa8f8e8 u0 StatusBar}, flags=-2122055608, canReceive=false
04-20 17:08:29.822491   964  8871 V WindowManager: findFocusedWindow: No focusable windows.
04-20 17:08:29.841863   964   964 V ActivityManager: Broadcast sticky: Intent { act=android.intent.action.BATTERY_CHANGED flg=0x60000010 (has extras) } ordered=false userid=-1 callerApp=null
04-20 17:08:29.846719   964   982 V BroadcastQueue: Processing parallel broadcast [background] BroadcastRecord{415f128 u-1 android.intent.action.BATTERY_CHANGED}, 16 receivers
04-20 17:08:29.847075   964   982 D BroadcastQueue: BroadcastRecord{415f128 u-1 android.intent.action.BATTERY_CHANGED}, #0 BroadcastFilter{9dc89ef u0 ReceiverList{2cf76ce 964 system/1000/u0 local:93e9fc9}}
04-20 17:08:29.847479   964   982 D BroadcastQueue: BDC-Delivering broadcast: Intent { act=android.intent.action.BATTERY_CHANGED flg=0x60000010 (has extras) }, queue=background, ordered=false, filter=BroadcastFilter{9dc89ef u0 ReceiverList{2cf76ce 964 system/1000/u0 local:93e9fc9}}, receiver=null
04-20 17:08:29.847967   964   982 D BroadcastQueue: BroadcastRecord{415f128 u-1 android.intent.action.BATTERY_CHANGED}, #1 BroadcastFilter{9cc0862 u0 ReceiverList{7aeb2d 964 system/1000/u0 local:c5dbe44}}
04-20 17:08:29.848500   964   990 D ActivityThread: BDC-Calling onReceive: intent=Intent { act=android.intent.action.BATTERY_CHANGED flg=0x60000010 (has extras) }, ordered=true, receiver=com.android.server.power.PowerManagerService$BatteryReceiver@51b33d0, IIntentReceiver=93e9fc9
04-20 17:08:29.848526   964   982 D BroadcastQueue: BDC-Delivering broadcast: Intent { act=android.intent.action.BATTERY_CHANGED flg=0x60000010 (has extras) }, queue=background, ordered=false, filter=BroadcastFilter{9cc0862 u0 ReceiverList{7aeb2d 964 system/1000/u0 local:c5dbe44}}, receiver=null
04-20 17:08:29.848810   964   990 D PowerManagerService: updateIsPoweredLocked: wasPowered=true, mIsPowered=true, oldPlugType=2, mPlugType=2, mBatteryLevel=87
04-20 17:08:29.849014   964   982 D BroadcastQueue: BroadcastRecord{415f128 u-1 android.intent.action.BATTERY_CHANGED}, #2 BroadcastFilter{eec4c26 u0 ReceiverList{50e9381 964 system/1000/u0 local:2d84368}}
04-20 17:08:29.849343   964   964 D ActivityThread: BDC-Calling onReceive: intent=Intent { act=android.intent.action.BATTERY_CHANGED flg=0x60000010 (has extras) }, ordered=true, receiver=com.android.server.UiModeManagerService$3@2402357, IIntentReceiver=c5dbe44
04-20 17:08:29.850708   964   982 D BroadcastQueue: BDC-Delivering broadcast: Intent { act=android.intent.action.BATTERY_CHANGED flg=0x60000010 (has extras) }, queue=background, ordered=false, filter=BroadcastFilter{eec4c26 u0 ReceiverList{50e9381 964 system/1000/u0 local:2d84368}}, receiver=null
04-20 17:08:29.851393   964   982 D BroadcastQueue: BroadcastRecord{415f128 u-1 android.intent.action.BATTERY_CHANGED}, #3 BroadcastFilter{ab74444 u0 ReceiverList{f940157 964 system/1000/u0 local:8f60ad6}}
04-20 17:08:29.851775   964   964 D ActivityThread: BDC-Calling onReceive: intent=Intent { act=android.intent.action.BATTERY_CHANGED flg=0x60000010 (has extras) }, ordered=true, receiver=com.android.server.DeviceIdleController$1@7d2b68b, IIntentReceiver=2d84368
04-20 17:08:29.851889   964   982 D BroadcastQueue: BDC-Delivering broadcast: Intent { act=android.intent.action.BATTERY_CHANGED flg=0x60000010 (has extras) }, queue=background, ordered=false, filter=BroadcastFilter{ab74444 u0 ReceiverList{f940157 964 system/1000/u0 local:8f60ad6}}, receiver=null
04-20 17:08:29.852364   964   982 D BroadcastQueue: BroadcastRecord{415f128 u-1 android.intent.action.BATTERY_CHANGED}, #4 BroadcastFilter{ef7156b u0 ReceiverList{8ef52ba 1102 com.android.systemui/10022/u0 remote:83e07e5}}
04-20 17:08:29.852729   964   964 D ActivityThread: BDC-Calling onReceive: intent=Intent { act=android.intent.action.BATTERY_CHANGED flg=0x60000010 (has extras) }, ordered=true, receiver=com.android.server.wifi.WifiServiceImpl$1@a225ef1, IIntentReceiver=8f60ad6
04-20 17:08:29.852789   964   982 D BroadcastQueue: BDC-Delivering broadcast: Intent { act=android.intent.action.BATTERY_CHANGED flg=0x60000010 (has extras) }, queue=background, ordered=false, filter=BroadcastFilter{ef7156b u0 ReceiverList{8ef52ba 1102 com.android.systemui/10022/u0 remote:83e07e5}}, receiver=null
04-20 17:08:29.853022   964   964 D WifiService: onReceive, action:android.intent.action.BATTERY_CHANGED
04-20 17:08:29.854063   964  1043 D WifiController: ApStaDisabledState{ when=0 what=155652 arg1=2 target=com.android.internal.util.StateMachine$SmHandler }
04-20 17:08:29.854076   964   982 D BroadcastQueue: BroadcastRecord{415f128 u-1 android.intent.action.BATTERY_CHANGED}, #5 BroadcastFilter{ac4a1ce u0 ReceiverList{e7196c9 1102 com.android.systemui/10022/u0 remote:9f3a6d0}}
04-20 17:08:29.854555   964  1043 D WifiController: DefaultState{ when=-1ms what=155652 arg1=2 target=com.android.internal.util.StateMachine$SmHandler }
04-20 17:08:29.854691   964  1043 D WifiController: battery changed pluggedType: 2
04-20 17:08:29.854931   964   982 D BroadcastQueue: BDC-Delivering broadcast: Intent { act=android.intent.action.BATTERY_CHANGED flg=0x60000010 (has extras) }, queue=background, ordered=false, filter=BroadcastFilter{ac4a1ce u0 ReceiverList{e7196c9 1102 com.android.systemui/10022/u0 remote:9f3a6d0}}, receiver=null
04-20 17:08:29.856036  1102  1102 D ActivityThread: BDC-Calling onReceive: intent=Intent { act=android.intent.action.BATTERY_CHANGED flg=0x60000010 (has extras) }, ordered=true, receiver=com.android.keyguard.KeyguardUpdateMonitor$3@16e0f53, IIntentReceiver=6cc051e
04-20 17:08:29.856114   964   982 D BroadcastQueue: BroadcastRecord{415f128 u-1 android.intent.action.BATTERY_CHANGED}, #6 BroadcastFilter{dd9c3c5 u0 ReceiverList{974ba3c 1102 com.android.systemui/10022/u0 remote:bd6342f}}
04-20 17:08:29.856627   964   982 D BroadcastQueue: BDC-Delivering broadcast: Intent { act=android.intent.action.BATTERY_CHANGED flg=0x60000010 (has extras) }, queue=background, ordered=false, filter=BroadcastFilter{dd9c3c5 u0 ReceiverList{974ba3c 1102 com.android.systemui/10022/u0 remote:bd6342f}}, receiver=null
04-20 17:08:29.856965  1102  1102 D ActivityThread: BDC-Calling onReceive: intent=Intent { act=android.intent.action.BATTERY_CHANGED flg=0x60000010 (has extras) }, ordered=true, receiver=com.android.systemui.power.PowerUI$Receiver@37c7907, IIntentReceiver=f3db51f
04-20 17:08:29.857291  1102  1102 D PowerUI : buckets   .....20 .. 15 .. 5
04-20 17:08:29.857370  1102  1102 D PowerUI : level          87 --> 87
04-20 17:08:29.857425  1102  1102 D PowerUI : status         2 --> 2
04-20 17:08:29.857477  1102  1102 D PowerUI : plugType       2 --> 2
04-20 17:08:29.857528  1102  1102 D PowerUI : invalidCharger 0 --> 0
04-20 17:08:29.857577   964   982 D BroadcastQueue: BroadcastRecord{415f128 u-1 android.intent.action.BATTERY_CHANGED}, #7 BroadcastFilter{c44a0a8 u0 ReceiverList{c6d40cb 1102 com.android.systemui/10022/u0 remote:abf8f9a}}
04-20 17:08:29.857579  1102  1102 D PowerUI : bucket         1 --> 1
04-20 17:08:29.857955  1102  1102 D PowerUI : plugged        true --> true
04-20 17:08:29.857989   964   982 D BroadcastQueue: BDC-Delivering broadcast: Intent { act=android.intent.action.BATTERY_CHANGED flg=0x60000010 (has extras) }, queue=background, ordered=false, filter=BroadcastFilter{c44a0a8 u0 ReceiverList{c6d40cb 1102 com.android.systemui/10022/u0 remote:abf8f9a}}, receiver=null
04-20 17:08:29.858177  1102  1102 D PowerUI.Notification: dismissing low battery warning: level=87
04-20 17:08:29.858338  1102  1102 D PowerUI.Notification: updateNotification mWarning=false mPlaySound=false mSaver=false mInvalidCharger=false
04-20 17:08:29.858938   964   982 D BroadcastQueue: BroadcastRecord{415f128 u-1 android.intent.action.BATTERY_CHANGED}, #8 BroadcastFilter{563b902 u0 ReceiverList{6167a4d 1102 com.android.systemui/10022/u0 remote:d3f95e4}}
04-20 17:08:29.860698  1102  1102 D ActivityThread: BDC-Calling onReceive: intent=Intent { act=android.intent.action.BATTERY_CHANGED flg=0x60000010 (has extras) }, ordered=true, receiver=com.android.systemui.statusbar.policy.BatteryController@15f932f, IIntentReceiver=7a8d970
04-20 17:08:29.861262  1102  1102 D ActivityThread: BDC-Calling onReceive: intent=Intent { act=android.intent.action.BATTERY_CHANGED flg=0x60000010 (has extras) }, ordered=true, receiver=com.android.systemui.BatteryMeterView$BatteryTracker@5fc7f81, IIntentReceiver=42408b
04-20 17:08:29.864537   964   982 D BroadcastQueue: BDC-Delivering broadcast: Intent { act=android.intent.action.BATTERY_CHANGED flg=0x60000010 (has extras) }, queue=background, ordered=false, filter=BroadcastFilter{563b902 u0 ReceiverList{6167a4d 1102 com.android.systemui/10022/u0 remote:d3f95e4}}, receiver=null
04-20 17:08:29.865525   964   982 D BroadcastQueue: BroadcastRecord{415f128 u-1 android.intent.action.BATTERY_CHANGED}, #9 BroadcastFilter{a9e8f1 u0 ReceiverList{c7ec898 1576 com.android.phone/1001/u0 remote:278527b}}
04-20 17:08:29.865963   964   982 D BroadcastQueue: BDC-Delivering broadcast: Intent { act=android.intent.action.BATTERY_CHANGED flg=0x60000010 (has extras) }, queue=background, ordered=false, filter=BroadcastFilter{a9e8f1 u0 ReceiverList{c7ec898 1576 com.android.phone/1001/u0 remote:278527b}}, receiver=null
04-20 17:08:29.867059   964   982 D BroadcastQueue: BroadcastRecord{415f128 u-1 android.intent.action.BATTERY_CHANGED}, #10 BroadcastFilter{64ab3d1 u0 ReceiverList{b0a72f8 1102 com.android.systemui/10022/u0 remote:458aa5b}}
04-20 17:08:29.867506  1576  1576 D ActivityThread: BDC-Calling onReceive: intent=Intent { act=android.intent.action.BATTERY_CHANGED flg=0x60000010 (has extras) }, ordered=true, receiver=com.mediatek.internal.telephony.dataconnection.FdManager$1@8cc18b4, IIntentReceiver=2112613
04-20 17:08:29.867643   964   982 D BroadcastQueue: BDC-Delivering broadcast: Intent { act=android.intent.action.BATTERY_CHANGED flg=0x60000010 (has extras) }, queue=background, ordered=false, filter=BroadcastFilter{64ab3d1 u0 ReceiverList{b0a72f8 1102 com.android.systemui/10022/u0 remote:458aa5b}}, receiver=null
04-20 17:08:29.868802   964   982 D BroadcastQueue: BroadcastRecord{415f128 u-1 android.intent.action.BATTERY_CHANGED}, #11 BroadcastFilter{78acad1 u0 ReceiverList{d7085f8 1576 com.android.phone/1001/u0 remote:50f295b}}
04-20 17:08:29.869349   964   982 D BroadcastQueue: BDC-Delivering broadcast: Intent { act=android.intent.action.BATTERY_CHANGED flg=0x60000010 (has extras) }, queue=background, ordered=false, filter=BroadcastFilter{78acad1 u0 ReceiverList{d7085f8 1576 com.android.phone/1001/u0 remote:50f295b}}, receiver=null
04-20 17:08:29.870581   964   982 D BroadcastQueue: BroadcastRecord{415f128 u-1 android.intent.action.BATTERY_CHANGED}, #12 BroadcastFilter{ac55590 u0 ReceiverList{6ed9853 1529 com.google.android.gms.persistent/10010/u0 remote:103f042}}
04-20 17:08:29.871169   964   982 D BroadcastQueue: BDC-Delivering broadcast: Intent { act=android.intent.action.BATTERY_CHANGED flg=0x60000010 (has extras) }, queue=background, ordered=false, filter=BroadcastFilter{ac55590 u0 ReceiverList{6ed9853 1529 com.google.android.gms.persistent/10010/u0 remote:103f042}}, receiver=null
04-20 17:08:29.871206  1576  1576 D ActivityThread: BDC-Calling onReceive: intent=Intent { act=android.intent.action.BATTERY_CHANGED flg=0x60000010 (has extras) }, ordered=true, receiver=com.mediatek.internal.telephony.dataconnection.FdManager$1@b5bbe58, IIntentReceiver=b17c009
04-20 17:08:29.872280   964   982 D BroadcastQueue: BroadcastRecord{415f128 u-1 android.intent.action.BATTERY_CHANGED}, #13 BroadcastFilter{b595e4b u0 ReceiverList{e7bb31a 1529 com.google.android.gms.persistent/10010/u0 remote:a782dc5}}
04-20 17:08:29.872816  1529  1855 D ActivityThread: BDC-Calling onReceive: intent=Intent { act=android.intent.action.BATTERY_CHANGED flg=0x60000010 (has extras) }, ordered=true, receiver=com.google.android.location.fused.as@6e8aacd, IIntentReceiver=237902c
04-20 17:08:29.873405   964   982 D BroadcastQueue: BDC-Delivering broadcast: Intent { act=android.intent.action.BATTERY_CHANGED flg=0x60000010 (has extras) }, queue=background, ordered=false, filter=BroadcastFilter{b595e4b u0 ReceiverList{e7bb31a 1529 com.google.android.gms.persistent/10010/u0 remote:a782dc5}}, receiver=null
04-20 17:08:29.874685   964   982 D BroadcastQueue: BroadcastRecord{415f128 u-1 android.intent.action.BATTERY_CHANGED}, #14 BroadcastFilter{2666d57 u0 ReceiverList{b1ea6d6 9526 com.android.bluetooth/1002/u0 remote:75beaf1}}
04-20 17:08:29.875088  1529  1529 D ActivityThread: BDC-Calling onReceive: intent=Intent { act=android.intent.action.BATTERY_CHANGED flg=0x60000010 (has extras) }, ordered=true, receiver=com.google.android.location.os.real.z@29bb4, IIntentReceiver=6803b52
04-20 17:08:29.875126   964   982 D BroadcastQueue: BDC-Delivering broadcast: Intent { act=android.intent.action.BATTERY_CHANGED flg=0x60000010 (has extras) }, queue=background, ordered=false, filter=BroadcastFilter{2666d57 u0 ReceiverList{b1ea6d6 9526 com.android.bluetooth/1002/u0 remote:75beaf1}}, receiver=null
04-20 17:08:29.876341   964   982 D BroadcastQueue: BroadcastRecord{415f128 u-1 android.intent.action.BATTERY_CHANGED}, #15 BroadcastFilter{e3a6521 u0 ReceiverList{72fd788 15541 android.process.media/10007/u0 remote:e79872b}}
04-20 17:08:29.876731   964   982 D BroadcastQueue: BDC-Delivering broadcast: Intent { act=android.intent.action.BATTERY_CHANGED flg=0x60000010 (has extras) }, queue=background, ordered=false, filter=BroadcastFilter{e3a6521 u0 ReceiverList{72fd788 15541 android.process.media/10007/u0 remote:e79872b}}, receiver=null
04-20 17:08:29.878246  9526  9526 D ActivityThread: BDC-Calling onReceive: intent=Intent { act=android.intent.action.BATTERY_CHANGED flg=0x60000010 (has extras) }, ordered=true, receiver=com.android.bluetooth.hfp.HeadsetService$1@deeda3e, IIntentReceiver=4c8674d
04-20 17:08:29.880501  1102  1102 D ActivityThread: BDC-Calling onReceive: intent=Intent { act=android.intent.action.BATTERY_CHANGED flg=0x60000010 (has extras) }, ordered=true, receiver=com.android.systemui.BatteryMeterView$BatteryTracker@29487ac, IIntentReceiver=a22aa75
04-20 17:08:29.881228  1102  1102 D ActivityThread: BDC-Calling onReceive: intent=Intent { act=android.intent.action.BATTERY_CHANGED flg=0x60000010 (has extras) }, ordered=true, receiver=com.android.systemui.BatteryMeterView$BatteryTracker@8634af1, IIntentReceiver=7caa5f3
04-20 17:08:29.884758   964   982 D BroadcastQueue: Non-ordered [background] BroadcastRecord{415f128 u-1 android.intent.action.BATTERY_CHANGED}, 16 receivers, Total: 38, Waiting: 0, Processing: 38
04-20 17:08:29.886741 15541 15541 D ActivityThread: BDC-Calling onReceive: intent=Intent { act=android.intent.action.BATTERY_CHANGED flg=0x60000010 (has extras) }, ordered=true, receiver=android.mtp.MtpDatabase$1@df1c21d, IIntentReceiver=21affde
04-20 17:08:30.158630 15705 15705 V ActivityThread: Performing resume of ActivityRecord{7a6a624 token=android.os.BinderProxy@c6be58d {com.mediatek.mtklogger/com.mediatek.mtklogger.MainActivity}}
04-20 17:08:30.178311 15705 15705 D ActivityThread: ACT-AM_ON_RESUME_CALLED ActivityRecord{7a6a624 token=android.os.BinderProxy@c6be58d {com.mediatek.mtklogger/com.mediatek.mtklogger.MainActivity}}
04-20 17:08:30.178609 15705 15705 V ActivityThread: Resume ActivityRecord{7a6a624 token=android.os.BinderProxy@c6be58d {com.mediatek.mtklogger/com.mediatek.mtklogger.MainActivity}} started activity: false, hideForNow: false, finished: false
04-20 17:08:30.230985   964  1652 D WindowManager: addWindowToListInOrderLocked: win=Window{603d53b u0 com.mediatek.mtklogger/com.mediatek.mtklogger.MainActivity} Callers=com.android.server.wm.WindowManagerService.addWindow:2771 com.android.server.wm.Session.addToDisplay:171 android.view.IWindowSession$Stub.onTransact:124 com.android.server.wm.Session.onTransact:133 
04-20 17:08:30.234612 15705 15705 V ActivityThread: Resuming ActivityRecord{7a6a624 token=android.os.BinderProxy@c6be58d {com.mediatek.mtklogger/com.mediatek.mtklogger.MainActivity}} with isForward=true
04-20 17:08:30.235444 15705 15705 V ActivityThread: Scheduling idle handler for ActivityRecord{7a6a624 token=android.os.BinderProxy@c6be58d {com.mediatek.mtklogger/com.mediatek.mtklogger.MainActivity}}
04-20 17:08:30.237187 15705 15705 D ActivityThread: ACT-LAUNCH_ACTIVITY handled : 0 / ActivityRecord{7a6a624 token=android.os.BinderProxy@c6be58d {com.mediatek.mtklogger/com.mediatek.mtklogger.MainActivity}}
04-20 17:08:30.277755   964  8871 V ActivityManager: startService: Intent { act=com.mediatek.mtklogger.MTKLoggerService cmp=com.mediatek.mtklogger/.framework.MTKLoggerService } callerApp=ProcessRecord{69d4246 15705:com.mediatek.mtklogger/u0a56}
04-20 17:08:30.278725   964  8871 V ActivityManager: Sending arguments to: ServiceRecord{f81255b u0 com.mediatek.mtklogger/.framework.MTKLoggerService} android.content.Intent$FilterComparison@66cb0885 args=Intent { act=com.mediatek.mtklogger.MTKLoggerService cmp=com.mediatek.mtklogger/.framework.MTKLoggerService }
04-20 17:08:30.278920   964  8871 V ActivityManager: >>> EXECUTING start of ServiceRecord{f81255b u0 com.mediatek.mtklogger/.framework.MTKLoggerService} in app ProcessRecord{69d4246 15705:com.mediatek.mtklogger/u0a56}
04-20 17:08:30.279762   964  8871 D ActivityManager: SVC-Sent arguments: ServiceRecord{f81255b u0 com.mediatek.mtklogger/.framework.MTKLoggerService}, app=ProcessRecord{69d4246 15705:com.mediatek.mtklogger/u0a56}, args=Intent { act=com.mediatek.mtklogger.MTKLoggerService cmp=com.mediatek.mtklogger/.framework.MTKLoggerService }, flags=0
04-20 17:08:30.282140   964  8872 V ActivityManager: bindService: Intent { act=com.mediatek.mtklogger.MTKLoggerService cmp=com.mediatek.mtklogger/.framework.MTKLoggerService } type=null conn=android.os.BinderProxy@13bf458 flags=0x1 callerApp=ProcessRecord{69d4246 15705:com.mediatek.mtklogger/u0a56}
04-20 17:08:30.283206   964  8872 D ActivityManager: SVC-Binding service: ServiceRecord{f81255b u0 com.mediatek.mtklogger/.framework.MTKLoggerService}, app=ProcessRecord{69d4246 15705:com.mediatek.mtklogger/u0a56}, activity=null
04-20 17:08:30.283515   964  8872 V ActivityManager: >>> EXECUTING bind of ServiceRecord{f81255b u0 com.mediatek.mtklogger/.framework.MTKLoggerService} in app ProcessRecord{69d4246 15705:com.mediatek.mtklogger/u0a56}
04-20 17:08:30.423421   964  1843 D WindowManager: addWindowToListInOrderLocked: win=Window{cd08a17 u0 com.mediatek.mtklogger/com.mediatek.mtklogger.MainActivity} Callers=com.android.server.wm.WindowManagerService.addWindow:2771 com.android.server.wm.Session.addToDisplay:171 android.view.IWindowSession$Stub.onTransact:124 com.android.server.wm.Session.onTransact:133 
04-20 17:08:30.424010   964  1843 V WindowManager: Looking for focus: 10 = Window{fa8f8e8 u0 StatusBar}, flags=-2122055608, canReceive=false
04-20 17:08:30.424267   964  1843 V WindowManager: findFocusedWindow: Found new focus @ 5 = Window{cd08a17 u0 com.mediatek.mtklogger/com.mediatek.mtklogger.MainActivity}
04-20 17:08:30.424941   964  1843 V WindowManager: Changing focus from null to Window{cd08a17 u0 com.mediatek.mtklogger/com.mediatek.mtklogger.MainActivity} Callers=com.android.server.wm.WindowManagerService.addWindow:2811 com.android.server.wm.Session.addToDisplay:171 android.view.IWindowSession$Stub.onTransact:124 com.android.server.wm.Session.onTransact:133 
04-20 17:08:30.425254   964  1843 D WindowManager: Input focus has changed to Window{cd08a17 u0 com.mediatek.mtklogger/com.mediatek.mtklogger.MainActivity}
04-20 17:08:30.426940   964   987 I WindowManager: Focus moving from null to Window{cd08a17 u0 com.mediatek.mtklogger/com.mediatek.mtklogger.MainActivity}
04-20 17:08:30.427055   964   987 I WindowManager: Gaining focus: Window{cd08a17 u0 com.mediatek.mtklogger/com.mediatek.mtklogger.MainActivity}
04-20 17:08:30.513901   964   987 V WindowManager: Looking for focus: 10 = Window{fa8f8e8 u0 StatusBar}, flags=-2122055608, canReceive=false
04-20 17:08:30.514159   964   987 V WindowManager: findFocusedWindow: Found new focus @ 5 = Window{cd08a17 u0 com.mediatek.mtklogger/com.mediatek.mtklogger.MainActivity}
04-20 17:08:30.573422   964  1927 I WindowManager: Relayout Window{603d53b u0 com.mediatek.mtklogger/com.mediatek.mtklogger.MainActivity}: oldVis=4 newVis=0
04-20 17:08:30.576035   964  1927 I WindowStateAnimator:   CREATE SURFACE Surface(name=com.mediatek.mtklogger/com.mediatek.mtklogger.MainActivity) IN SESSION android.view.SurfaceSession@3a7fe04: pid=15705 format=-1 flags=0x404 / WindowStateAnimator{9048fed com.mediatek.mtklogger/com.mediatek.mtklogger.MainActivity}
04-20 17:08:30.576869   964  1927 V WindowManager: Looking for focus: 10 = Window{fa8f8e8 u0 StatusBar}, flags=-2122055608, canReceive=false
04-20 17:08:30.577100   964  1927 V WindowManager: findFocusedWindow: Found new focus @ 5 = Window{cd08a17 u0 com.mediatek.mtklogger/com.mediatek.mtklogger.MainActivity}
04-20 17:08:30.641793   964  1652 I WindowStateAnimator:   CREATE SURFACE Surface(name=com.mediatek.mtklogger/com.mediatek.mtklogger.MainActivity) IN SESSION android.view.SurfaceSession@3a7fe04: pid=15705 format=-2 flags=0x4 / WindowStateAnimator{919ae22 com.mediatek.mtklogger/com.mediatek.mtklogger.MainActivity}
04-20 17:08:30.642564   964  1652 V WindowManager: Looking for focus: 10 = Window{fa8f8e8 u0 StatusBar}, flags=-2122055608, canReceive=false
04-20 17:08:30.642785   964  1652 V WindowManager: findFocusedWindow: Found new focus @ 5 = Window{cd08a17 u0 com.mediatek.mtklogger/com.mediatek.mtklogger.MainActivity}
04-20 17:08:30.675681 15705 15705 D ActivityThread: SVC-Calling onStartCommand: com.mediatek.mtklogger.framework.MTKLoggerService@e7394de, flags=0, startId=9
