04-20 17:08:40.052255   964  1843 V WindowManager: Looking for focus: 7 = Window{fa8f8e8 u0 StatusBar}, flags=-2122055608, canReceive=false
04-20 17:08:40.052597   964  1843 V WindowManager: findFocusedWindow: Found new focus @ 2 = Window{ca16d44 u0 com.mediatek.engineermode/com.mediatek.engineermode.EngineerMode}
04-20 17:08:40.072885   964 16094 D PowerManagerService: releaseWakeLockInternal: lock=221862968 [*vibrator*], flags=0x0, total_time=72ms
04-20 17:08:40.073200   964 16094 D PowerManagerNotifier: onWakeLockReleased: flags=1, tag="*vibrator*", packageName=android, ownerUid=1000, ownerPid=964, workSource=WorkSource{1000}
04-20 17:08:40.073562   964 16094 D PowerManagerService: updateWakeLockSummaryLocked: mWakefulness=Awake, mWakeLockSummary=0x1
04-20 17:08:40.074257   964 16094 D PowerManagerService: updateUserActivitySummaryLocked: mWakefulness=Awake, mUserActivitySummary=0x9, nextTimeout=24122714 (in 7504 ms)
04-20 17:08:40.074736   964 16094 D DisplayPowerController: requestPowerState: policy=BRIGHT, useProximitySensor=false, screenBrightness=102, screenAutoBrightnessAdjustment=0.0, brightnessSetByUser=true, useAutoBrightness=false, blockScreenOn=false, lowPowerMode=false, boostScreenBrightness=false, dozeScreenBrightness=-1, dozeScreenState=UNKNOWN, waitForNegativeProximity=false
04-20 17:08:40.074906   964 16094 I PowerManagerService: setBrightness mButtonLight, screenBrightness=102
04-20 17:08:40.075124   964 16094 D PowerManagerService: updateDisplayPowerStateLocked: mDisplayReady=true, policy=3, mWakefulness=1, mWakeLockSummary=0x1, mUserActivitySummary=0x9, mBootCompleted=true, mScreenBrightnessBoostInProgress=false
04-20 17:08:40.086648   964  1006 D PowerManagerService: userActivityFromNative
04-20 17:08:40.086910   964  1006 D PowerManagerService: userActivityNoUpdateLocked: eventTime=24115222, event=2, flags=0x0, uid=1000
04-20 17:08:40.087052   964  1006 D PowerManagerNotifier: onUserActivity: event=2, uid=1000
04-20 17:08:40.087498   964  1006 D PowerManagerService: updateUserActivitySummaryLocked: mWakefulness=Awake, mUserActivitySummary=0x9, nextTimeout=24122714 (in 7491 ms)
04-20 17:08:40.087938   964  1006 D DisplayPowerController: requestPowerState: policy=BRIGHT, useProximitySensor=false, screenBrightness=102, screenAutoBrightnessAdjustment=0.0, brightnessSetByUser=true, useAutoBrightness=false, blockScreenOn=false, lowPowerMode=false, boostScreenBrightness=false, dozeScreenBrightness=-1, dozeScreenState=UNKNOWN, waitForNegativeProximity=false
04-20 17:08:40.088111   964  1006 I PowerManagerService: setBrightness mButtonLight, screenBrightness=102
04-20 17:08:40.088363   964  1006 D PowerManagerService: updateDisplayPowerStateLocked: mDisplayReady=true, policy=3, mWakefulness=1, mWakeLockSummary=0x1, mUserActivitySummary=0x9, mBootCompleted=true, mScreenBrightnessBoostInProgress=false
04-20 17:08:40.106287   964  1162 D PowerManagerService: releaseWakeLockInternal: lock=193877478 [*launch*], flags=0x0, total_time=332ms
04-20 17:08:40.106548   964  1162 D PowerManagerNotifier: onWakeLockReleased: flags=1, tag="*launch*", packageName=android, ownerUid=1000, ownerPid=964, workSource=WorkSource{1001}
04-20 17:08:40.108536   964  1162 D PowerManagerService: updateWakeLockSummaryLocked: mWakefulness=Awake, mWakeLockSummary=0x0
04-20 17:08:40.109294   964  1162 D PowerManagerService: updateUserActivitySummaryLocked: mWakefulness=Awake, mUserActivitySummary=0x9, nextTimeout=24122714 (in 7469 ms)
04-20 17:08:40.109981   964  1162 D DisplayPowerController: requestPowerState: policy=BRIGHT, useProximitySensor=false, screenBrightness=102, screenAutoBrightnessAdjustment=0.0, brightnessSetByUser=true, useAutoBrightness=false, blockScreenOn=false, lowPowerMode=false, boostScreenBrightness=false, dozeScreenBrightness=-1, dozeScreenState=UNKNOWN, waitForNegativeProximity=false
04-20 17:08:40.110570   964  1162 I PowerManagerService: setBrightness mButtonLight, screenBrightness=102
04-20 17:08:40.110865   964  1162 D PowerManagerService: updateDisplayPowerStateLocked: mDisplayReady=true, policy=3, mWakefulness=1, mWakeLockSummary=0x0, mUserActivitySummary=0x9, mBootCompleted=true, mScreenBrightnessBoostInProgress=false
04-20 17:08:40.111368   964  1162 D PowerManagerService: Releasing suspend blocker "PowerManagerService.WakeLocks".
04-20 17:08:40.126627   964  1006 D PowerManagerService: userActivityFromNative
04-20 17:08:40.126876   964  1006 D PowerManagerService: userActivityNoUpdateLocked: eventTime=24115260, event=1, flags=0x0, uid=1000
04-20 17:08:40.127017   964  1006 D PowerManagerNotifier: onUserActivity: event=1, uid=1000
04-20 17:08:40.127442   964  1006 D PowerManagerService: updateUserActivitySummaryLocked: mWakefulness=Awake, mUserActivitySummary=0x9, nextTimeout=24123260 (in 7997 ms)
04-20 17:08:40.127803   964  1006 D DisplayPowerController: requestPowerState: policy=BRIGHT, useProximitySensor=false, screenBrightness=102, screenAutoBrightnessAdjustment=0.0, brightnessSetByUser=true, useAutoBrightness=false, blockScreenOn=false, lowPowerMode=false, boostScreenBrightness=false, dozeScreenBrightness=-1, dozeScreenState=UNKNOWN, waitForNegativeProximity=false
04-20 17:08:40.127965   964  1006 I PowerManagerService: setBrightness mButtonLight, screenBrightness=102
04-20 17:08:40.128152   964  1006 D PowerManagerService: updateDisplayPowerStateLocked: mDisplayReady=true, policy=3, mWakefulness=1, mWakeLockSummary=0x0, mUserActivitySummary=0x9, mBootCompleted=true, mScreenBrightnessBoostInProgress=false
04-20 17:08:40.132966   964  1747 D ActivityManager: ACT-Finishing activity token=Token{7227538 ActivityRecord{a408daa u0 com.mediatek.engineermode/.EngineerMode t71}}, result=0, data=null
04-20 17:08:40.133399   964  1747 D ActivityManager: ACT-AM_FINISH_ACTIVITY ActivityRecord{a408daa u0 com.mediatek.engineermode/.EngineerMode t71 f} task:TaskRecord{4224d9b #71 A=com.mediatek.engineermode U=0 sz=1} app-request
04-20 17:08:40.138778   964  1747 V WindowManager: Looking for focus: 7 = Window{fa8f8e8 u0 StatusBar}, flags=-2122055608, canReceive=false
04-20 17:08:40.138977   964  1747 V WindowManager: findFocusedWindow: Found new focus @ 2 = Window{ca16d44 u0 com.mediatek.engineermode/com.mediatek.engineermode.EngineerMode}
04-20 17:08:40.142786   964  1747 V WindowManager: Set focused app to: AppWindowToken{a25b5fb token=Token{f5187a6 ActivityRecord{e4932e8 u0 com.android.dialer/.DialtactsActivity t70}}} old focus=AppWindowToken{abaf6f token=Token{7227538 ActivityRecord{a408daa u0 com.mediatek.engineermode/.EngineerMode t71}}} moveFocusNow=true
04-20 17:08:40.144280   964  1747 V WindowManager: Looking for focus: 7 = Window{fa8f8e8 u0 StatusBar}, flags=-2122055608, canReceive=false
04-20 17:08:40.144542   964  1747 V WindowManager: findFocusedWindow: Found new focus @ 2 = Window{ca16d44 u0 com.mediatek.engineermode/com.mediatek.engineermode.EngineerMode}
04-20 17:08:40.145919   964  1747 V WindowManager: setAppVisibility(Token{7227538 ActivityRecord{a408daa u0 com.mediatek.engineermode/.EngineerMode t71 f}}, visible=false): mNextAppTransition=TRANSIT_TASK_CLOSE hidden=false hiddenRequested=false Callers=com.android.server.am.ActivityStack.finishActivityLocked:3438 com.android.server.am.ActivityStack.requestFinishActivityLocked:3266 com.android.server.am.ActivityManagerService.finishActivity:4556 android.app.ActivityManagerNative.onTransact:356 com.android.server.am.ActivityManagerService.onTransact:2621 android.os.Binder.execTransact:458 
04-20 17:08:40.165264   964  1747 D ActivityManager: ACT-AM_PAUSE_ACTIVITY ActivityRecord{a408daa u0 com.mediatek.engineermode/.EngineerMode t71 f}
04-20 17:08:40.166248   964  1747 D PowerManagerService: acquireWakeLockInternal: lock=193877478, flags=0x1, tag="*launch*", ws=WorkSource{1001}, uid=1000, pid=964
04-20 17:08:40.166545   964  1747 D PowerManagerService: updateWakeLockSummaryLocked: mWakefulness=Awake, mWakeLockSummary=0x1
04-20 17:08:40.166871   964  1747 D PowerManagerService: updateUserActivitySummaryLocked: mWakefulness=Awake, mUserActivitySummary=0x9, nextTimeout=24123260 (in 7957 ms)
04-20 17:08:40.167325   964  1747 D DisplayPowerController: requestPowerState: policy=BRIGHT, useProximitySensor=false, screenBrightness=102, screenAutoBrightnessAdjustment=0.0, brightnessSetByUser=true, useAutoBrightness=false, blockScreenOn=false, lowPowerMode=false, boostScreenBrightness=false, dozeScreenBrightness=-1, dozeScreenState=UNKNOWN, waitForNegativeProximity=false
04-20 17:08:40.167500   964  1747 I PowerManagerService: setBrightness mButtonLight, screenBrightness=102
04-20 17:08:40.167712   964  1747 D PowerManagerService: updateDisplayPowerStateLocked: mDisplayReady=true, policy=3, mWakefulness=1, mWakeLockSummary=0x1, mUserActivitySummary=0x9, mBootCompleted=true, mScreenBrightnessBoostInProgress=false
04-20 17:08:40.167939   964  1747 D PowerManagerService: Acquiring suspend blocker "PowerManagerService.WakeLocks".
04-20 17:08:40.168551   964  1747 D PowerManagerNotifier: onWakeLockAcquired: flags=1, tag="*launch*", packageName=android, ownerUid=1000, ownerPid=964, workSource=WorkSource{1001}
04-20 17:08:40.172607 16004 16004 D ActivityThread: ACT-AM_ON_PAUSE_CALLED ActivityRecord{e7394de token=android.os.BinderProxy@4636bf {com.mediatek.engineermode/com.mediatek.engineermode.EngineerMode}}
04-20 17:08:40.174581   964  1844 D ActivityManager: ACT-paused: token=Token{7227538 ActivityRecord{a408daa u0 com.mediatek.engineermode/.EngineerMode t71 f}}, timeout=false
04-20 17:08:40.176883   964  1844 D PowerManagerService: updateWakeLockWorkSourceInternal: lock=193877478 [*launch*], ws=WorkSource{10006}
04-20 17:08:40.177165   964  1844 D PowerManagerNotifier: onWakeLockChanging: flags=1, tag="*launch*", packageName=android, ownerUid=1000, ownerPid=964, workSource=WorkSource{10006}
04-20 17:08:40.180350   964  1844 V WindowManager: setAppVisibility(Token{7227538 ActivityRecord{a408daa u0 com.mediatek.engineermode/.EngineerMode t71 f}}, visible=false): mNextAppTransition=TRANSIT_TASK_CLOSE hidden=false hiddenRequested=true Callers=com.android.server.am.ActivityStack.resumeTopActivityInnerLocked:2139 com.android.server.am.ActivityStack.resumeTopActivityLocked:1816 com.android.server.am.ActivityStackSupervisor.resumeTopActivitiesLocked:3097 com.android.server.am.ActivityStack.completePauseLocked:1195 com.android.server.am.ActivityStack.activityPausedLocked:1061 com.android.server.am.ActivityManagerService.activityPaused:7208 
04-20 17:08:40.217894   964   976 V SettingsProvider: packageValueForCallResult, name = haptic_feedback_enabled, value : 1
04-20 17:08:40.219708   964   976 D PowerManagerService: acquireWakeLockInternal: lock=221862968, flags=0x1, tag="*vibrator*", ws=WorkSource{1000}, uid=1000, pid=964
04-20 17:08:40.221311   964   976 D PowerManagerService: updateWakeLockSummaryLocked: mWakefulness=Awake, mWakeLockSummary=0x1
04-20 17:08:40.224114   964   976 D PowerManagerService: updateUserActivitySummaryLocked: mWakefulness=Awake, mUserActivitySummary=0x9, nextTimeout=24123260 (in 7901 ms)
04-20 17:08:40.225495   964   976 D DisplayPowerController: requestPowerState: policy=BRIGHT, useProximitySensor=false, screenBrightness=102, screenAutoBrightnessAdjustment=0.0, brightnessSetByUser=true, useAutoBrightness=false, blockScreenOn=false, lowPowerMode=false, boostScreenBrightness=false, dozeScreenBrightness=-1, dozeScreenState=UNKNOWN, waitForNegativeProximity=false
04-20 17:08:40.225776   964   976 I PowerManagerService: setBrightness mButtonLight, screenBrightness=102
04-20 17:08:40.226054   964   976 D PowerManagerService: updateDisplayPowerStateLocked: mDisplayReady=true, policy=3, mWakefulness=1, mWakeLockSummary=0x1, mUserActivitySummary=0x9, mBootCompleted=true, mScreenBrightnessBoostInProgress=false
04-20 17:08:40.226672   964   976 D PowerManagerNotifier: onWakeLockAcquired: flags=1, tag="*vibrator*", packageName=android, ownerUid=1000, ownerPid=964, workSource=WorkSource{1000}
04-20 17:08:40.235177   964   987 D WindowManager: addWindowToListInOrderLocked: win=Window{8489894 u0 Starting com.android.dialer} Callers=com.android.server.wm.WindowManagerService.addWindow:2771 com.android.server.wm.Session.addToDisplay:171 android.view.ViewRootImpl.setView:643 android.view.WindowManagerGlobal.addView:319 
04-20 17:08:40.240948   964  1844 I ActivityManager: Start proc 16095:com.android.dialer/u0a6 for activity com.android.dialer/.DialtactsActivity
04-20 17:08:40.241369   964  1844 D ActivityManager: Delay resumeKeyDispatchingLocked() to avoid deadlock.
04-20 17:08:40.243569   964   983 V NetworkStats: setKernelCounterSet uid=10006 set=1
04-20 17:08:40.243715 16004 16004 D ActivityThread: ACT-PAUSE_ACTIVITY_FINISHING handled : 0 / android.os.BinderProxy@4636bf
04-20 17:08:40.251246   964   987 V WindowManager: Looking for focus: 8 = Window{fa8f8e8 u0 StatusBar}, flags=-2122055608, canReceive=false
04-20 17:08:40.252763   964   987 V WindowManager: findFocusedWindow: No focusable windows.
04-20 17:08:40.254983   964   987 V WindowManager: Changing focus from Window{ca16d44 u0 com.mediatek.engineermode/com.mediatek.engineermode.EngineerMode} to null Callers=com.android.server.wm.WindowManagerService.relayoutWindow:3588 com.android.server.wm.Session.relayout:201 android.view.ViewRootImpl.relayoutWindow:5962 android.view.ViewRootImpl.performTraversals:1848 
04-20 17:08:40.255283   964   987 D WindowManager: Input focus has changed to null
04-20 17:08:40.271547   964   987 I WindowManager: Focus moving from Window{ca16d44 u0 com.mediatek.engineermode/com.mediatek.engineermode.EngineerMode} to null
04-20 17:08:40.271727   964   987 I WindowManager: Losing focus: Window{ca16d44 u0 com.mediatek.engineermode/com.mediatek.engineermode.EngineerMode}
04-20 17:08:40.291938   964 16096 D PowerManagerService: releaseWakeLockInternal: lock=221862968 [*vibrator*], flags=0x0, total_time=70ms
04-20 17:08:40.292426   964 16096 D PowerManagerNotifier: onWakeLockReleased: flags=1, tag="*vibrator*", packageName=android, ownerUid=1000, ownerPid=964, workSource=WorkSource{1000}
04-20 17:08:40.293042   964 16096 D PowerManagerService: updateWakeLockSummaryLocked: mWakefulness=Awake, mWakeLockSummary=0x1
04-20 17:08:40.293416   964 16096 D PowerManagerService: updateUserActivitySummaryLocked: mWakefulness=Awake, mUserActivitySummary=0x9, nextTimeout=24123260 (in 7831 ms)
04-20 17:08:40.293955   964 16096 D DisplayPowerController: requestPowerState: policy=BRIGHT, useProximitySensor=false, screenBrightness=102, screenAutoBrightnessAdjustment=0.0, brightnessSetByUser=true, useAutoBrightness=false, blockScreenOn=false, lowPowerMode=false, boostScreenBrightness=false, dozeScreenBrightness=-1, dozeScreenState=UNKNOWN, waitForNegativeProximity=false
04-20 17:08:40.294150   964 16096 I PowerManagerService: setBrightness mButtonLight, screenBrightness=102
04-20 17:08:40.294415   964 16096 D PowerManagerService: updateDisplayPowerStateLocked: mDisplayReady=true, policy=3, mWakefulness=1, mWakeLockSummary=0x1, mUserActivitySummary=0x9, mBootCompleted=true, mScreenBrightnessBoostInProgress=false
04-20 17:08:40.562715   964  1663 D ActivityManager: ACT-attachApplication pid 16095 to thread android.app.ApplicationThreadProxy@2a8b883
04-20 17:08:40.571434   964  1663 V WindowManager: setAppVisibility(Token{f5187a6 ActivityRecord{e4932e8 u0 com.android.dialer/.DialtactsActivity t70}}, visible=true): mNextAppTransition=TRANSIT_TASK_CLOSE hidden=true hiddenRequested=true Callers=com.android.server.am.ActivityStackSupervisor.realStartActivityLocked:1293 com.android.server.am.ActivityStackSupervisor.attachApplicationLocked:717 com.android.server.am.ActivityManagerService.attachApplicationLocked:6794 com.android.server.am.ActivityManagerService.attachApplication:6863 android.app.ActivityManagerNative.onTransact:513 com.android.server.am.ActivityManagerService.onTransact:2621 
04-20 17:08:40.573716   964  1663 V WindowManager: setAppVisibility(Token{f5187a6 ActivityRecord{e4932e8 u0 com.android.dialer/.DialtactsActivity t70}}, visible=true): mNextAppTransition=TRANSIT_TASK_CLOSE hidden=true hiddenRequested=false Callers=com.android.server.am.ActivityStack.setVisible:1295 com.android.server.am.ActivityStack.ensureActivitiesVisibleLocked:1556 com.android.server.am.ActivityStackSupervisor.ensureActivitiesVisibleLocked:3722 com.android.server.am.ActivityManagerService.updateConfigurationLocked:18749 com.android.server.am.ActivityStackSupervisor.realStartActivityLocked:1309 com.android.server.am.ActivityStackSupervisor.attachApplicationLocked:717 
04-20 17:08:40.585339   964  1663 D ActivityManager: ACT-AM_RESTART_ACTIVITY ActivityRecord{e4932e8 u0 com.android.dialer/.DialtactsActivity t70} Task:70
04-20 17:08:40.595016   964   987 I WindowManager: Relayout Window{8489894 u0 Starting com.android.dialer}: oldVis=8 newVis=0
04-20 17:08:40.598477   964   987 I WindowStateAnimator:   CREATE SURFACE Surface(name=Starting com.android.dialer) IN SESSION android.view.SurfaceSession@cfb7c3d: pid=964 format=-1 flags=0x404 / WindowStateAnimator{260aa00 Starting com.android.dialer}
04-20 17:08:40.599697   964   987 V WindowManager: Looking for focus: 8 = Window{fa8f8e8 u0 StatusBar}, flags=-2122055608, canReceive=false
04-20 17:08:40.599850   964   987 V WindowManager: findFocusedWindow: No focusable windows.
04-20 17:08:40.633136   964   987 V WindowStateAnimator: finishDrawingLocked: mDrawState=COMMIT_DRAW_PENDING WindowStateAnimator{260aa00 Starting com.android.dialer} in Surface(name=Starting com.android.dialer)
04-20 17:08:40.646273   964   987 V WindowManager: **** GOOD TO GO
04-20 17:08:40.661043   964   987 V WindowManager: Looking for focus: 8 = Window{fa8f8e8 u0 StatusBar}, flags=-2122055608, canReceive=false
04-20 17:08:40.661194   964   987 V WindowManager: findFocusedWindow: No focusable windows.
04-20 17:08:40.663262   964   987 D WindowManager: notifyActivityDrawnForKeyguard: waiting=false Callers=com.android.server.wm.WindowManagerService.handleAppTransitionReadyLocked:10079 com.android.server.wm.WindowManagerService.performLayoutAndPlaceSurfacesLockedInner:10699 com.android.server.wm.WindowManagerService.performLayoutAndPlaceSurfacesLockedLoop:9443 com.android.server.wm.WindowManagerService.performLayoutAndPlaceSurfacesLocked:9390 com.android.server.wm.WindowManagerService.-wrap8:-1 
04-20 17:08:40.687687   964  1670 V WindowManager: Looking for focus: 8 = Window{fa8f8e8 u0 StatusBar}, flags=-2122055608, canReceive=false
04-20 17:08:40.687806   964  1670 V WindowManager: findFocusedWindow: No focusable windows.
04-20 17:08:40.756894 16095 16095 D ActivityThread: BIND_APPLICATION handled : 0 / AppBindData{appInfo=ApplicationInfo{42020ea com.android.dialer}}
04-20 17:08:40.760320 16095 16095 V ActivityThread: Handling launch of ActivityRecord{c294551 token=android.os.BinderProxy@e5761b6 {com.android.dialer/com.android.dialer.DialtactsActivity}} startsNotResumed=false
04-20 17:08:40.824947 16095 16095 V ActivityThread: ActivityRecord{c294551 token=android.os.BinderProxy@e5761b6 {com.android.dialer/com.android.dialer.DialtactsActivity}}: app=com.android.dialer.DialerApplication@50bf192, appName=com.android.dialer, pkg=com.android.dialer, comp={com.android.dialer/com.android.dialer.DialtactsActivity}, dir=/system/priv-app/Dialer/Dialer.apk
04-20 17:08:41.424459   964   987 V WindowManager: Looking for focus: 8 = Window{fa8f8e8 u0 StatusBar}, flags=-2122055608, canReceive=false
04-20 17:08:41.424565   964   987 V WindowManager: findFocusedWindow: No focusable windows.
04-20 17:08:41.789835   964  1006 D PowerManagerService: userActivityFromNative
04-20 17:08:41.790130   964  1006 D PowerManagerService: userActivityNoUpdateLocked: eventTime=24116924, event=2, flags=0x0, uid=1000
04-20 17:08:41.790379   964  1006 D PowerManagerNotifier: onUserActivity: event=2, uid=1000
04-20 17:08:41.790863   964  1006 D PowerManagerService: updateUserActivitySummaryLocked: mWakefulness=Awake, mUserActivitySummary=0x9, nextTimeout=24123260 (in 6333 ms)
04-20 17:08:41.791356   964  1006 D DisplayPowerController: requestPowerState: policy=BRIGHT, useProximitySensor=false, screenBrightness=102, screenAutoBrightnessAdjustment=0.0, brightnessSetByUser=true, useAutoBrightness=false, blockScreenOn=false, lowPowerMode=false, boostScreenBrightness=false, dozeScreenBrightness=-1, dozeScreenState=UNKNOWN, waitForNegativeProximity=false
04-20 17:08:41.791555   964  1006 I PowerManagerService: setBrightness mButtonLight, screenBrightness=102
04-20 17:08:41.791782   964  1006 D PowerManagerService: updateDisplayPowerStateLocked: mDisplayReady=true, policy=3, mWakefulness=1, mWakeLockSummary=0x1, mUserActivitySummary=0x9, mBootCompleted=true, mScreenBrightnessBoostInProgress=false
04-20 17:08:41.795063   964  8871 V SettingsProvider: packageValueForCallResult, name = haptic_feedback_enabled, value : 1
04-20 17:08:41.796658   964  8871 D PowerManagerService: acquireWakeLockInternal: lock=221862968, flags=0x1, tag="*vibrator*", ws=WorkSource{1000}, uid=1000, pid=964
04-20 17:08:41.796901   964  8871 D PowerManagerService: updateWakeLockSummaryLocked: mWakefulness=Awake, mWakeLockSummary=0x1
04-20 17:08:41.797238   964  8871 D PowerManagerService: updateUserActivitySummaryLocked: mWakefulness=Awake, mUserActivitySummary=0x9, nextTimeout=24123260 (in 6327 ms)
04-20 17:08:41.797613   964  8871 D DisplayPowerController: requestPowerState: policy=BRIGHT, useProximitySensor=false, screenBrightness=102, screenAutoBrightnessAdjustment=0.0, brightnessSetByUser=true, useAutoBrightness=false, blockScreenOn=false, lowPowerMode=false, boostScreenBrightness=false, dozeScreenBrightness=-1, dozeScreenState=UNKNOWN, waitForNegativeProximity=false
04-20 17:08:41.797770   964  8871 I PowerManagerService: setBrightness mButtonLight, screenBrightness=102
04-20 17:08:41.798090   964  8871 D PowerManagerService: updateDisplayPowerStateLocked: mDisplayReady=true, policy=3, mWakefulness=1, mWakeLockSummary=0x1, mUserActivitySummary=0x9, mBootCompleted=true, mScreenBrightnessBoostInProgress=false
04-20 17:08:41.798434   964  8871 D PowerManagerNotifier: onWakeLockAcquired: flags=1, tag="*vibrator*", packageName=android, ownerUid=1000, ownerPid=964, workSource=WorkSource{1000}
04-20 17:08:41.799552   964  1006 D PowerManagerService: userActivityFromNative
04-20 17:08:41.799888   964  1006 D PowerManagerService: userActivityNoUpdateLocked: eventTime=24116927, event=1, flags=0x0, uid=1000
04-20 17:08:41.800040   964  1006 D PowerManagerNotifier: onUserActivity: event=1, uid=1000
04-20 17:08:41.800456   964  1006 D PowerManagerService: updateUserActivitySummaryLocked: mWakefulness=Awake, mUserActivitySummary=0x9, nextTimeout=24124927 (in 7991 ms)
04-20 17:08:41.800823   964  1006 D DisplayPowerController: requestPowerState: policy=BRIGHT, useProximitySensor=false, screenBrightness=102, screenAutoBrightnessAdjustment=0.0, brightnessSetByUser=true, useAutoBrightness=false, blockScreenOn=false, lowPowerMode=false, boostScreenBrightness=false, dozeScreenBrightness=-1, dozeScreenState=UNKNOWN, waitForNegativeProximity=false
04-20 17:08:41.800960   964  1006 I PowerManagerService: setBrightness mButtonLight, screenBrightness=102
04-20 17:08:41.801141   964  1006 D PowerManagerService: updateDisplayPowerStateLocked: mDisplayReady=true, policy=3, mWakefulness=1, mWakeLockSummary=0x1, mUserActivitySummary=0x9, mBootCompleted=true, mScreenBrightnessBoostInProgress=false
04-20 17:08:41.824058   964   979 D ActivityManager: getContentProviderImpl: from caller=android.app.ApplicationThreadProxy@6bb4ce2 (pid=16095, userId=0) to get content provider call_log cpr=ContentProviderRecord{da5c38d u0 com.android.providers.contacts/.CallLogProvider}
04-20 17:08:41.825290   964   979 D ActivityManager: getContentProviderImpl: updateLruProcessLocked cpr.proc=ProcessRecord{ca51563 15933:android.process.acore/u0a3}
04-20 17:08:41.826318   964  1747 D DisplayManagerService: Display listener for pid 15933 died.
04-20 17:08:41.836315   964  1844 I ActivityManager: Process android.process.acore (pid 15933) has died
04-20 17:08:41.836661   964  1844 D ActivityManager: SVC-handleAppDiedLocked: app = ProcessRecord{ca51563 15933:android.process.acore/u0a3}, app.pid = 15933
04-20 17:08:41.837051   964  1844 D ActivityManager: removeDyingProviderLocked: cpr=ContentProviderRecord{1fb3baf u0 com.android.providers.contacts/.ContactsProvider2} always=false inLaunching=false
04-20 17:08:41.837458 16095 16114 D ActivityThread: holder:android.app.IActivityManager$ContentProviderHolder@eb7c909, holder.provider:android.content.ContentProviderProxy@977870e
04-20 17:08:41.837588   964  1844 D ActivityManager: removeDyingProviderLocked: cpr=ContentProviderRecord{7f8c873 u0 com.android.providers.contacts/.debug.DumpFileProvider} always=false inLaunching=false
04-20 17:08:41.837951   964  1844 D ActivityManager: removeDyingProviderLocked: cpr=ContentProviderRecord{df29330 u0 com.android.providers.applications/.ApplicationsProvider} always=false inLaunching=false
04-20 17:08:41.838333   964  1844 D ActivityManager: removeDyingProviderLocked: cpr=ContentProviderRecord{417ba9 u0 com.android.providers.userdictionary/.UserDictionaryProvider} always=false inLaunching=false
04-20 17:08:41.838720   964  1844 D ActivityManager: removeDyingProviderLocked: cpr=ContentProviderRecord{d45552e u0 com.android.providers.contacts/.VoicemailContentProvider} always=false inLaunching=false
04-20 17:08:41.838970   964  1844 D ActivityManager: removeDyingProviderLocked: cpr=ContentProviderRecord{da5c38d u0 com.android.providers.contacts/.CallLogProvider} always=false inLaunching=false
04-20 17:08:41.839185 16095 16114 I ActivityThread: Removing dead content provider:android.content.ContentProviderProxy@977870e
04-20 17:08:41.839485   964  1844 D ActivityManager: SVC-mBroadcastQueues: com.android.server.am.BroadcastQueue@849ef70
04-20 17:08:41.839649   964  1844 D ActivityManager: SVC-mBroadcastQueues: com.android.server.am.BroadcastQueue@f0f42e9
04-20 17:08:41.852179   964  1582 D ActivityManager: getContentProviderImpl: from caller=android.app.ApplicationThreadProxy@60d78cf (pid=16095, userId=0) to get content provider call_log cpr=null
04-20 17:08:41.864871   964 16115 D PowerManagerService: releaseWakeLockInternal: lock=221862968 [*vibrator*], flags=0x0, total_time=67ms
04-20 17:08:41.866252   964 16115 D PowerManagerNotifier: onWakeLockReleased: flags=1, tag="*vibrator*", packageName=android, ownerUid=1000, ownerPid=964, workSource=WorkSource{1000}
04-20 17:08:41.866989   964 16115 D PowerManagerService: updateWakeLockSummaryLocked: mWakefulness=Awake, mWakeLockSummary=0x1
04-20 17:08:41.868161   964 16115 D PowerManagerService: updateUserActivitySummaryLocked: mWakefulness=Awake, mUserActivitySummary=0x9, nextTimeout=24124927 (in 7923 ms)
04-20 17:08:41.868802   964 16115 D DisplayPowerController: requestPowerState: policy=BRIGHT, useProximitySensor=false, screenBrightness=102, screenAutoBrightnessAdjustment=0.0, brightnessSetByUser=true, useAutoBrightness=false, blockScreenOn=false, lowPowerMode=false, boostScreenBrightness=false, dozeScreenBrightness=-1, dozeScreenState=UNKNOWN, waitForNegativeProximity=false
04-20 17:08:41.869070   964 16115 I PowerManagerService: setBrightness mButtonLight, screenBrightness=102
04-20 17:08:41.869353   964 16115 D PowerManagerService: updateDisplayPowerStateLocked: mDisplayReady=true, policy=3, mWakefulness=1, mWakeLockSummary=0x1, mUserActivitySummary=0x9, mBootCompleted=true, mScreenBrightnessBoostInProgress=false
04-20 17:08:41.896023   964  1582 I ActivityManager: Start proc 16116:android.process.acore/u0a3 for content provider com.android.providers.contacts/.CallLogProvider
04-20 17:08:41.897159   964   983 V NetworkStats: setKernelCounterSet uid=10003 set=1
04-20 17:08:42.014098   964  1162 V SettingsProvider: packageValueForCallResult, name = haptic_feedback_enabled, value : 1
04-20 17:08:42.015913   964  1162 D PowerManagerService: acquireWakeLockInternal: lock=221862968, flags=0x1, tag="*vibrator*", ws=WorkSource{1000}, uid=1000, pid=964
04-20 17:08:42.016183   964  1162 D PowerManagerService: updateWakeLockSummaryLocked: mWakefulness=Awake, mWakeLockSummary=0x1
04-20 17:08:42.016508   964  1162 D PowerManagerService: updateUserActivitySummaryLocked: mWakefulness=Awake, mUserActivitySummary=0x9, nextTimeout=24124927 (in 7775 ms)
04-20 17:08:42.016964   964  1162 D DisplayPowerController: requestPowerState: policy=BRIGHT, useProximitySensor=false, screenBrightness=102, screenAutoBrightnessAdjustment=0.0, brightnessSetByUser=true, useAutoBrightness=false, blockScreenOn=false, lowPowerMode=false, boostScreenBrightness=false, dozeScreenBrightness=-1, dozeScreenState=UNKNOWN, waitForNegativeProximity=false
04-20 17:08:42.017153   964  1162 I PowerManagerService: setBrightness mButtonLight, screenBrightness=102
04-20 17:08:42.017421   964  1162 D PowerManagerService: updateDisplayPowerStateLocked: mDisplayReady=true, policy=3, mWakefulness=1, mWakeLockSummary=0x1, mUserActivitySummary=0x9, mBootCompleted=true, mScreenBrightnessBoostInProgress=false
04-20 17:08:42.017841   964  1162 D PowerManagerNotifier: onWakeLockAcquired: flags=1, tag="*vibrator*", packageName=android, ownerUid=1000, ownerPid=964, workSource=WorkSource{1000}
04-20 17:08:42.083622   964 16124 D PowerManagerService: releaseWakeLockInternal: lock=221862968 [*vibrator*], flags=0x0, total_time=67ms
04-20 17:08:42.084075   964 16124 D PowerManagerNotifier: onWakeLockReleased: flags=1, tag="*vibrator*", packageName=android, ownerUid=1000, ownerPid=964, workSource=WorkSource{1000}
04-20 17:08:42.084491   964 16124 D PowerManagerService: updateWakeLockSummaryLocked: mWakefulness=Awake, mWakeLockSummary=0x1
04-20 17:08:42.084832   964 16124 D PowerManagerService: updateUserActivitySummaryLocked: mWakefulness=Awake, mUserActivitySummary=0x9, nextTimeout=24124927 (in 7707 ms)
04-20 17:08:42.085285   964 16124 D DisplayPowerController: requestPowerState: policy=BRIGHT, useProximitySensor=false, screenBrightness=102, screenAutoBrightnessAdjustment=0.0, brightnessSetByUser=true, useAutoBrightness=false, blockScreenOn=false, lowPowerMode=false, boostScreenBrightness=false, dozeScreenBrightness=-1, dozeScreenState=UNKNOWN, waitForNegativeProximity=false
04-20 17:08:42.085436   964 16124 I PowerManagerService: setBrightness mButtonLight, screenBrightness=102
04-20 17:08:42.085642   964 16124 D PowerManagerService: updateDisplayPowerStateLocked: mDisplayReady=true, policy=3, mWakefulness=1, mWakeLockSummary=0x1, mUserActivitySummary=0x9, mBootCompleted=true, mScreenBrightnessBoostInProgress=false
04-20 17:08:42.128703   964  1927 D ActivityManager: getContentProviderImpl: from caller=android.app.ApplicationThreadProxy@da5b25c (pid=16095, userId=0) to get content provider com.android.contacts cpr=null
04-20 17:08:42.152700   964  1663 V SettingsProvider: packageValueForCallResult, name = haptic_feedback_enabled, value : 1
04-20 17:08:42.158731   964  1663 D PowerManagerService: acquireWakeLockInternal: lock=221862968, flags=0x1, tag="*vibrator*", ws=WorkSource{1000}, uid=1000, pid=964
04-20 17:08:42.161596   964  1663 D PowerManagerService: updateWakeLockSummaryLocked: mWakefulness=Awake, mWakeLockSummary=0x1
04-20 17:08:42.163022   964  1663 D PowerManagerService: updateUserActivitySummaryLocked: mWakefulness=Awake, mUserActivitySummary=0x9, nextTimeout=24124927 (in 7628 ms)
04-20 17:08:42.163556   964  1663 D DisplayPowerController: requestPowerState: policy=BRIGHT, useProximitySensor=false, screenBrightness=102, screenAutoBrightnessAdjustment=0.0, brightnessSetByUser=true, useAutoBrightness=false, blockScreenOn=false, lowPowerMode=false, boostScreenBrightness=false, dozeScreenBrightness=-1, dozeScreenState=UNKNOWN, waitForNegativeProximity=false
04-20 17:08:42.164560   964  1663 I PowerManagerService: setBrightness mButtonLight, screenBrightness=102
04-20 17:08:42.165824   964  1663 D PowerManagerService: updateDisplayPowerStateLocked: mDisplayReady=true, policy=3, mWakefulness=1, mWakeLockSummary=0x1, mUserActivitySummary=0x9, mBootCompleted=true, mScreenBrightnessBoostInProgress=false
04-20 17:08:42.166323   964  1663 D PowerManagerNotifier: onWakeLockAcquired: flags=1, tag="*vibrator*", packageName=android, ownerUid=1000, ownerPid=964, workSource=WorkSource{1000}
04-20 17:08:42.170214   964  8871 V ActivityManager: Broadcast sticky: Intent { act=android.intent.action.SIG_STR flg=0x20000010 (has extras) } ordered=false userid=-1 callerApp=ProcessRecord{7b8ebd8 964:system/1000}
04-20 17:08:42.184014   964   976 D ActivityManager: ACT-attachApplication pid 16116 to thread android.app.ApplicationThreadProxy@b0d2965
04-20 17:08:42.241503   964 16131 D PowerManagerService: releaseWakeLockInternal: lock=221862968 [*vibrator*], flags=0x0, total_time=82ms
04-20 17:08:42.242143   964 16131 D PowerManagerNotifier: onWakeLockReleased: flags=1, tag="*vibrator*", packageName=android, ownerUid=1000, ownerPid=964, workSource=WorkSource{1000}
04-20 17:08:42.242821   964 16131 D PowerManagerService: updateWakeLockSummaryLocked: mWakefulness=Awake, mWakeLockSummary=0x1
04-20 17:08:42.243414   964 16131 D PowerManagerService: updateUserActivitySummaryLocked: mWakefulness=Awake, mUserActivitySummary=0x9, nextTimeout=24124927 (in 7548 ms)
04-20 17:08:42.245505   964 16131 D DisplayPowerController: requestPowerState: policy=BRIGHT, useProximitySensor=false, screenBrightness=102, screenAutoBrightnessAdjustment=0.0, brightnessSetByUser=true, useAutoBrightness=false, blockScreenOn=false, lowPowerMode=false, boostScreenBrightness=false, dozeScreenBrightness=-1, dozeScreenState=UNKNOWN, waitForNegativeProximity=false
04-20 17:08:42.245757   964 16131 I PowerManagerService: setBrightness mButtonLight, screenBrightness=102
04-20 17:08:42.245990   964 16131 D PowerManagerService: updateDisplayPowerStateLocked: mDisplayReady=true, policy=3, mWakefulness=1, mWakeLockSummary=0x1, mUserActivitySummary=0x9, mBootCompleted=true, mScreenBrightnessBoostInProgress=false
04-20 17:08:42.274395 16116 16116 D ActivityThread: installProvider: context.getPackageName()=com.android.providers.contacts
04-20 17:08:42.280228 16116 16116 D ActivityThread: installProvider: context.getPackageName()=com.android.providers.contacts
04-20 17:08:42.674783   964  2088 V SettingsProvider: packageValueForCallResult, name = haptic_feedback_enabled, value : 1
04-20 17:08:42.676672   964  2088 D PowerManagerService: acquireWakeLockInternal: lock=221862968, flags=0x1, tag="*vibrator*", ws=WorkSource{10022}, uid=1000, pid=964
04-20 17:08:42.676921   964  2088 D PowerManagerService: updateWakeLockSummaryLocked: mWakefulness=Awake, mWakeLockSummary=0x1
04-20 17:08:42.677244   964  2088 D PowerManagerService: updateUserActivitySummaryLocked: mWakefulness=Awake, mUserActivitySummary=0x9, nextTimeout=24124927 (in 7114 ms)
04-20 17:08:42.677606   964  2088 D DisplayPowerController: requestPowerState: policy=BRIGHT, useProximitySensor=false, screenBrightness=102, screenAutoBrightnessAdjustment=0.0, brightnessSetByUser=true, useAutoBrightness=false, blockScreenOn=false, lowPowerMode=false, boostScreenBrightness=false, dozeScreenBrightness=-1, dozeScreenState=UNKNOWN, waitForNegativeProximity=false
04-20 17:08:42.677778   964  2088 I PowerManagerService: setBrightness mButtonLight, screenBrightness=102
04-20 17:08:42.677974   964  2088 D PowerManagerService: updateDisplayPowerStateLocked: mDisplayReady=true, policy=3, mWakefulness=1, mWakeLockSummary=0x1, mUserActivitySummary=0x9, mBootCompleted=true, mScreenBrightnessBoostInProgress=false
04-20 17:08:42.678389   964  2088 D PowerManagerNotifier: onWakeLockAcquired: flags=1, tag="*vibrator*", packageName=android, ownerUid=1000, ownerPid=964, workSource=WorkSource{10022}
04-20 17:08:42.684294   964   975 D ActivityManager: getContentProviderImpl: from caller=android.app.ApplicationThreadProxy@55963a (pid=16095, userId=0) to get content provider com.android.contacts cpr=ContentProviderRecord{312d2eb u0 com.android.providers.contacts/.ContactsProvider2}
04-20 17:08:42.695981 16116 16116 D ActivityThread: installProvider: context.getPackageName()=com.android.providers.contacts
04-20 17:08:42.702699   964  1844 D ActivityManager: getContentProviderImpl: from caller=android.app.ApplicationThreadProxy@8099848 (pid=16095, userId=0) to get content provider com.android.contacts cpr=ContentProviderRecord{312d2eb u0 com.android.providers.contacts/.ContactsProvider2}
04-20 17:08:42.713315   964  8871 D PowerManagerService: acquireWakeLockInternal: lock=137098977, flags=0x1, tag="AudioMix", ws=null, uid=1013, pid=0
04-20 17:08:42.713648   964  8871 D PowerManagerService: updateWakeLockSummaryLocked: mWakefulness=Awake, mWakeLockSummary=0x1
04-20 17:08:42.714332   964  8871 D PowerManagerService: updateUserActivitySummaryLocked: mWakefulness=Awake, mUserActivitySummary=0x9, nextTimeout=24124927 (in 7077 ms)
04-20 17:08:42.714584 16095 16095 D AudioTrack: audiotrack 0x7fb34d6080 set Type 8, rate 0, fmt 1, chn 1, fcnt 0, flags 0004
04-20 17:08:42.714703   964  8871 D DisplayPowerController: requestPowerState: policy=BRIGHT, useProximitySensor=false, screenBrightness=102, screenAutoBrightnessAdjustment=0.0, brightnessSetByUser=true, useAutoBrightness=false, blockScreenOn=false, lowPowerMode=false, boostScreenBrightness=false, dozeScreenBrightness=-1, dozeScreenState=UNKNOWN, waitForNegativeProximity=false
04-20 17:08:42.714883   964  8871 I PowerManagerService: setBrightness mButtonLight, screenBrightness=102
04-20 17:08:42.715103   964  8871 D PowerManagerService: updateDisplayPowerStateLocked: mDisplayReady=true, policy=3, mWakefulness=1, mWakeLockSummary=0x1, mUserActivitySummary=0x9, mBootCompleted=true, mScreenBrightnessBoostInProgress=false
04-20 17:08:42.715835   964  8871 D PowerManagerNotifier: onWakeLockAcquired: flags=1, tag="AudioMix", packageName=media, ownerUid=1013, ownerPid=0, workSource=null
04-20 17:08:42.717730   964  8871 D PowerManagerService: acquireWakeLockInternal: lock=49732614, flags=0x1, tag="AudioMix", ws=null, uid=1013, pid=0
04-20 17:08:42.718827   964  8871 D PowerManagerService: updateWakeLockSummaryLocked: mWakefulness=Awake, mWakeLockSummary=0x1
04-20 17:08:42.719434   964  8871 D PowerManagerService: updateUserActivitySummaryLocked: mWakefulness=Awake, mUserActivitySummary=0x9, nextTimeout=24124927 (in 7072 ms)
04-20 17:08:42.720552   964  8871 D DisplayPowerController: requestPowerState: policy=BRIGHT, useProximitySensor=false, screenBrightness=102, screenAutoBrightnessAdjustment=0.0, brightnessSetByUser=true, useAutoBrightness=false, blockScreenOn=false, lowPowerMode=false, boostScreenBrightness=false, dozeScreenBrightness=-1, dozeScreenState=UNKNOWN, waitForNegativeProximity=false
04-20 17:08:42.720811   964  8871 I PowerManagerService: setBrightness mButtonLight, screenBrightness=102
04-20 17:08:42.721038   964  8871 D PowerManagerService: updateDisplayPowerStateLocked: mDisplayReady=true, policy=3, mWakefulness=1, mWakeLockSummary=0x1, mUserActivitySummary=0x9, mBootCompleted=true, mScreenBrightnessBoostInProgress=false
04-20 17:08:42.722002   964  8871 D PowerManagerNotifier: onWakeLockAcquired: flags=1, tag="AudioMix", packageName=media, ownerUid=1013, ownerPid=0, workSource=null
04-20 17:08:42.723677   964 16136 D PowerManagerService: releaseWakeLockInternal: lock=221862968 [*vibrator*], flags=0x0, total_time=46ms
04-20 17:08:42.724421   964 16136 D PowerManagerNotifier: onWakeLockReleased: flags=1, tag="*vibrator*", packageName=android, ownerUid=1000, ownerPid=964, workSource=WorkSource{10022}
04-20 17:08:42.724822   964 16136 D PowerManagerService: updateWakeLockSummaryLocked: mWakefulness=Awake, mWakeLockSummary=0x1
04-20 17:08:42.725138   964 16136 D PowerManagerService: updateUserActivitySummaryLocked: mWakefulness=Awake, mUserActivitySummary=0x9, nextTimeout=24124927 (in 7066 ms)
04-20 17:08:42.725458 16095 16095 D AudioTrackCenter: addTrack, trackId:0x7f9e102000, frameCount:512, sampleRate:44100, trackPtr:0x7fb34d6080
04-20 17:08:42.725528   964 16136 D DisplayPowerController: requestPowerState: policy=BRIGHT, useProximitySensor=false, screenBrightness=102, screenAutoBrightnessAdjustment=0.0, brightnessSetByUser=true, useAutoBrightness=false, blockScreenOn=false, lowPowerMode=false, boostScreenBrightness=false, dozeScreenBrightness=-1, dozeScreenState=UNKNOWN, waitForNegativeProximity=false
04-20 17:08:42.725694   964 16136 I PowerManagerService: setBrightness mButtonLight, screenBrightness=102
04-20 17:08:42.726431   964 16136 D PowerManagerService: updateDisplayPowerStateLocked: mDisplayReady=true, policy=3, mWakefulness=1, mWakeLockSummary=0x1, mUserActivitySummary=0x9, mBootCompleted=true, mScreenBrightnessBoostInProgress=false
04-20 17:08:42.776795 16095 16095 V ActivityThread: Performing resume of ActivityRecord{c294551 token=android.os.BinderProxy@e5761b6 {com.android.dialer/com.android.dialer.DialtactsActivity}}
04-20 17:08:42.827776   964  8871 W Telecom : : No account found for the calling user
04-20 17:08:42.835212 16095 16095 D StatusBarManager: Hide SIM indicator from com.android.dialer.
04-20 17:08:42.854685 16116 16116 D ActivityThread: installProvider: context.getPackageName()=com.android.providers.contacts
04-20 17:08:42.867409   964  1663 D ActivityManager: getContentProviderImpl: from caller=android.app.ApplicationThreadProxy@3724cdb (pid=16116, userId=0) to get content provider settings cpr=ContentProviderRecord{3099187 u0 com.android.providers.settings/.SettingsProvider}
04-20 17:08:42.867861   964  1663 D ActivityManager: getContentProviderImpl: updateLruProcessLocked cpr.proc=ProcessRecord{7b8ebd8 964:system/1000}
04-20 17:08:42.871499 16116 16134 D ActivityThread: holder:android.app.IActivityManager$ContentProviderHolder@7aa2aa2, holder.provider:android.content.ContentProviderProxy@7bdb333
04-20 17:08:42.910209   964  1544 D ActivityManager: getContentProviderImpl: from caller=android.app.ActivityThread$ApplicationThread@ef98b0e (pid=964, userId=0) to get content provider call_log cpr=ContentProviderRecord{88f5a51 u0 com.android.providers.contacts/.CallLogProvider}
04-20 17:08:42.917313   964  1652 V ActivityManager: startService: Intent { act=com.android.dialer.calllog.UPDATE_NOTIFICATIONS cmp=com.android.dialer/.calllog.CallLogNotificationsService } callerApp=ProcessRecord{e3452b6 16095:com.android.dialer/u0a6}
04-20 17:08:42.918943   964  1652 V ActivityManager: >>> EXECUTING create of ServiceRecord{c3edbb7 u0 com.android.dialer/.calllog.CallLogNotificationsService} in app ProcessRecord{e3452b6 16095:com.android.dialer/u0a6}
04-20 17:08:42.920863   964  1652 V ActivityManager: AMS Creating service ServiceRecord{c3edbb7 u0 com.android.dialer/.calllog.CallLogNotificationsService}
04-20 17:08:42.922566   964  1652 V ActivityManager: Sending arguments to: ServiceRecord{c3edbb7 u0 com.android.dialer/.calllog.CallLogNotificationsService} android.content.Intent$FilterComparison@5672c16e args=Intent { act=com.android.dialer.calllog.UPDATE_NOTIFICATIONS cmp=com.android.dialer/.calllog.CallLogNotificationsService }
04-20 17:08:42.923164   964  1652 V ActivityManager: >>> EXECUTING start of ServiceRecord{c3edbb7 u0 com.android.dialer/.calllog.CallLogNotificationsService} in app ProcessRecord{e3452b6 16095:com.android.dialer/u0a6}
04-20 17:08:42.924299   964  1652 D ActivityManager: SVC-Sent arguments: ServiceRecord{c3edbb7 u0 com.android.dialer/.calllog.CallLogNotificationsService}, app=ProcessRecord{e3452b6 16095:com.android.dialer/u0a6}, args=Intent { act=com.android.dialer.calllog.UPDATE_NOTIFICATIONS cmp=com.android.dialer/.calllog.CallLogNotificationsService }, flags=0
04-20 17:08:42.931545 16116 16116 D ActivityThread: installProvider: context.getPackageName()=com.android.providers.contacts
04-20 17:08:42.939765   964  1843 D ActivityManager: getContentProviderImpl: from caller=android.app.ApplicationThreadProxy@43f7f24 (pid=16095, userId=0) to get content provider call_log cpr=ContentProviderRecord{88f5a51 u0 com.android.providers.contacts/.CallLogProvider}
04-20 17:08:42.941483   964  8872 D ActivityManager: getContentProviderImpl: from caller=android.app.ApplicationThreadProxy@19e4a8d (pid=16095, userId=0) to get content provider settings cpr=ContentProviderRecord{3099187 u0 com.android.providers.settings/.SettingsProvider}
04-20 17:08:42.941888   964  8872 D ActivityManager: getContentProviderImpl: updateLruProcessLocked cpr.proc=ProcessRecord{7b8ebd8 964:system/1000}
04-20 17:08:42.943545 16095 16095 D ActivityThread: holder:android.app.IActivityManager$ContentProviderHolder@460a59d, holder.provider:android.content.ContentProviderProxy@40a8a12
04-20 17:08:42.944947   964   979 V SettingsProvider: packageValueForCallResult, name = dtmf_tone, value : 1
04-20 17:08:42.947630   964  1652 V SettingsProvider: packageValueForCallResult, name = haptic_feedback_enabled, value : 1
04-20 17:08:42.950955 16116 16116 D ActivityThread: installProvider: context.getPackageName()=com.android.providers.contacts
04-20 17:08:42.981383   964  1162 D ActivityManager: publishContentProviders: from caller=android.app.ApplicationThreadProxy@12ae442 (pid=16116)
04-20 17:08:42.983095 16095 16095 D ActivityThread: ACT-AM_ON_RESUME_CALLED ActivityRecord{c294551 token=android.os.BinderProxy@e5761b6 {com.android.dialer/com.android.dialer.DialtactsActivity}}
04-20 17:08:42.984628 16095 16095 V ActivityThread: Resume ActivityRecord{c294551 token=android.os.BinderProxy@e5761b6 {com.android.dialer/com.android.dialer.DialtactsActivity}} started activity: false, hideForNow: false, finished: false
04-20 17:08:42.986668   964  1544 D ActivityThread: holder:android.app.IActivityManager$ContentProviderHolder@ddb7c53, holder.provider:android.content.ContentProviderProxy@1876990
04-20 17:08:42.987515 16095 16137 D ActivityThread: holder:android.app.IActivityManager$ContentProviderHolder@3db300d, holder.provider:android.content.ContentProviderProxy@4059bc2
04-20 17:08:42.987708 16095 16114 D ActivityThread: holder:android.app.IActivityManager$ContentProviderHolder@6728aa4, holder.provider:android.content.ContentProviderProxy@e9fad10
04-20 17:08:42.987782 16095 16113 D ActivityThread: holder:android.app.IActivityManager$ContentProviderHolder@b17c009, holder.provider:android.content.ContentProviderProxy@595b20e
04-20 17:08:42.988885 16095 16138 D ActivityThread: holder:android.app.IActivityManager$ContentProviderHolder@43a8a3c, holder.provider:android.content.ContentProviderProxy@97353c5
04-20 17:08:42.992365 16095 16144 D ActivityThread: holder:android.app.IActivityManager$ContentProviderHolder@8fee11a, holder.provider:android.content.ContentProviderProxy@137f44b
04-20 17:08:43.000139 16116 16116 D ActivityThread: BIND_APPLICATION handled : 0 / AppBindData{appInfo=ApplicationInfo{10a6bfa com.android.providers.contacts}}
04-20 17:08:43.052391   964  1663 D WindowManager: addWindowToListInOrderLocked: win=Window{42f3e45 u0 com.android.dialer/com.android.dialer.DialtactsActivity} Callers=com.android.server.wm.WindowManagerService.addWindow:2771 com.android.server.wm.Session.addToDisplay:171 android.view.IWindowSession$Stub.onTransact:124 com.android.server.wm.Session.onTransact:133 
04-20 17:08:43.055681 16095 16095 V ActivityThread: Resuming ActivityRecord{c294551 token=android.os.BinderProxy@e5761b6 {com.android.dialer/com.android.dialer.DialtactsActivity}} with isForward=false
04-20 17:08:43.056295 16095 16095 V ActivityThread: Scheduling idle handler for ActivityRecord{c294551 token=android.os.BinderProxy@e5761b6 {com.android.dialer/com.android.dialer.DialtactsActivity}}
04-20 17:08:43.068415 16095 16095 D ActivityThread: ACT-LAUNCH_ACTIVITY handled : 0 / ActivityRecord{c294551 token=android.os.BinderProxy@e5761b6 {com.android.dialer/com.android.dialer.DialtactsActivity}}
04-20 17:08:43.087962   964  1652 D ActivityManager: getContentProviderImpl: from caller=android.app.ApplicationThreadProxy@b74b99a (pid=16095, userId=0) to get content provider com.android.voicemail cpr=ContentProviderRecord{85c22cb u0 com.android.providers.contacts/.VoicemailContentProvider}
04-20 17:08:43.088436   964  1652 D ActivityManager: getContentProviderImpl: updateLruProcessLocked cpr.proc=ProcessRecord{5d6daa8 16116:android.process.acore/u0a3}
04-20 17:08:43.090277 16095 16114 D ActivityThread: holder:android.app.IActivityManager$ContentProviderHolder@5807972, holder.provider:android.content.ContentProviderProxy@ce0a1c3
04-20 17:08:43.256131   964  6043 D ActivityManager: getContentProviderImpl: from caller=android.app.ActivityThread$ApplicationThread@ef98b0e (pid=964, userId=0) to get content provider call_log cpr=ContentProviderRecord{88f5a51 u0 com.android.providers.contacts/.CallLogProvider}
04-20 17:08:43.256529   964  6043 D ActivityManager: getContentProviderImpl: updateLruProcessLocked cpr.proc=ProcessRecord{5d6daa8 16116:android.process.acore/u0a3}
04-20 17:08:43.257525   964  6043 D ActivityThread: holder:android.app.IActivityManager$ContentProviderHolder@15056c0, holder.provider:android.content.ContentProviderProxy@1876990
04-20 17:08:43.260661   964   979 V ActivityManager: startService: Intent { act=com.android.dialer.calllog.UPDATE_NOTIFICATIONS cmp=com.android.dialer/.calllog.CallLogNotificationsService } callerApp=ProcessRecord{e3452b6 16095:com.android.dialer/u0a6}
04-20 17:08:43.261711   964   979 V ActivityManager: Sending arguments to: ServiceRecord{c3edbb7 u0 com.android.dialer/.calllog.CallLogNotificationsService} android.content.Intent$FilterComparison@5672c16e args=Intent { act=com.android.dialer.calllog.UPDATE_NOTIFICATIONS cmp=com.android.dialer/.calllog.CallLogNotificationsService }
04-20 17:08:43.261920   964   979 V ActivityManager: >>> EXECUTING start of ServiceRecord{c3edbb7 u0 com.android.dialer/.calllog.CallLogNotificationsService} in app ProcessRecord{e3452b6 16095:com.android.dialer/u0a6}
