----- timezone:GMT
04-20 18:58:05.860450   964   964 I notification_enqueue: [1000,964,android,17040353,NULL,-1,Notification(pri=-1 contentView=null vibrate=null sound=null tick defaults=0x0 flags=0x2 color=0xff607d8b vis=PUBLIC),0]
04-20 18:58:05.880000  1067  1067 I auditd  : type=1400 audit(0.0:399): avc: denied { open } for comm="PhotonicModulat" path="/sys/devices/platform/leds-mt65xx/leds/lcd-backlight/brightness" dev="sysfs" ino=11474 scontext=u:r:system_server:s0 tcontext=u:object_r:sys_lcd_brightness_file:s0 tclass=file permissive=1
04-20 18:58:05.899503   231   231 I sf_frame_dur: [ColorFade,15,6,1,0,0,0,0]
04-20 18:58:06.437153   964   964 I power_screen_broadcast_done: [1,969,1]
04-20 18:58:06.797154   964  2089 I notification_visibility: [-1|android|17040353|null|1000,1,942,942,0,1]
04-20 18:58:07.711990   964   964 I notification_cancel: [10022,1102,com.android.systemui,2131755032,low_battery,-1,0,64,8,NULL]
04-20 18:58:10.469165  1102  1102 I sysui_lockscreen_gesture: [1,230,2438]
04-20 18:58:10.652964   964  8871 I notification_visibility: [-1|android|17303171|null|1000,0,117463,117463,0,0]
04-20 18:58:10.653302   964  8871 I notification_visibility: [-1|android|17040353|null|1000,0,4798,4798,0,1]
04-20 18:58:10.654531   964  1670 I notification_panel_hidden: []
04-20 18:58:10.658599  1102  1102 I screen_toggled: 2
04-20 18:58:10.661548  1102  1102 I screen_toggled: 2
04-20 18:58:10.678292   964  1844 I am_resume_activity: [0,204501975,79,com.android.settings/.SubSettings]
04-20 18:58:10.746393   964  1582 I notification_expansion: [-1|android|17303171|null|1000,0,1,117557,117557,5219]
04-20 18:58:10.757455  1102  1102 I sysui_status_bar_state: [0,0,0,0,0,1]
04-20 18:58:10.826395 17884 17884 I sysui_view_visibility: [90,100]
04-20 18:58:10.827083 17884 17884 I am_on_resume_called: [0,com.android.settings.SubSettings]
04-20 18:58:12.924243  1102  1102 I sysui_panelholder_touch: [0,281,14]
04-20 18:58:12.935908  1102  1102 I sysui_count: [panel_open,1]
04-20 18:58:12.940883  1102  1102 I sysui_histogram: [note_load,3]
04-20 18:58:12.941659   964  1843 I notification_panel_revealed: 3
04-20 18:58:12.946874   964   976 I notification_visibility: [-1|android|17303171|null|1000,1,119757,119757,0,0]
04-20 18:58:13.472631   964  1670 I notification_visibility: [-1|android|17040353|null|1000,1,7617,7617,0,1]
04-20 18:58:13.472996   964  1670 I notification_visibility: [-1|android|17040347|null|1000,1,7691,7691,0,2]
04-20 18:58:14.163834   964  2089 I notification_visibility: [-1|android|17303171|null|1000,0,120974,120974,0,0]
04-20 18:58:14.164033   964  1670 I am_home_stack_moved: [0,0,18,18,startingNewTask]
04-20 18:58:14.164257   964  2089 I notification_visibility: [-1|android|17040353|null|1000,0,8309,8309,0,1]
04-20 18:58:14.164349   964  1670 I wm_task_moved: [79,1,0]
04-20 18:58:14.164646   964  2089 I notification_visibility: [-1|android|17040347|null|1000,0,8383,8383,0,2]
04-20 18:58:14.166620   964  1663 I notification_panel_hidden: []
04-20 18:58:14.171649   964  1670 I am_create_task: [0,85]
04-20 18:58:14.172665   964  1670 I am_create_activity: [0,65440942,85,com.android.settings/.deviceinfo.UsbModeChooserActivity,android.intent.action.MAIN,NULL,NULL,276856832]
04-20 18:58:14.186421   964  1670 I wm_task_created: [85,18]
04-20 18:58:14.186749   964  1670 I wm_task_moved: [85,1,1]
04-20 18:58:14.222199   964  1670 I am_pause_activity: [0,204501975,com.android.settings/.SubSettings]
04-20 18:58:14.225041 17884 17884 I sysui_view_visibility: [90,0]
04-20 18:58:14.232567   964  1670 I am_home_stack_moved: [0,0,18,18,startedActivity setFocusedActivity]
04-20 18:58:14.232827   964  1670 I wm_task_moved: [85,1,1]
04-20 18:58:14.242063   964  1670 I am_focused_activity: [0,com.android.settings/.deviceinfo.UsbModeChooserActivity]
04-20 18:58:14.247392   964  2089 I notification_clicked: [-1|android|17040347|null|1000,8466,8466,775]
04-20 18:58:14.248011   964   964 I notification_cancel: [10022,1102,android,17040347,NULL,-1,16,64,1,NULL]
04-20 18:58:14.248145   964   964 I sysui_histogram: [note_click_longevity,0]
04-20 18:58:14.249116 17884 17884 I am_on_paused_called: [0,com.android.settings.SubSettings]
04-20 18:58:14.255486   964  1663 I am_restart_activity: [0,65440942,85,com.android.settings/.deviceinfo.UsbModeChooserActivity]
04-20 18:58:14.413732 17884 17884 I am_on_resume_called: [0,com.android.settings.deviceinfo.UsbModeChooserActivity]
04-20 18:58:14.644322   964   987 I am_activity_launch_time: [0,65440942,com.android.settings/.deviceinfo.UsbModeChooserActivity,393,393]
04-20 18:58:15.555732   964  1162 I am_finish_activity: [0,65440942,85,com.android.settings/.deviceinfo.UsbModeChooserActivity,app-request]
04-20 18:58:15.557666   964  1162 I am_home_stack_moved: [0,0,18,18,finishActivity adjustFocus setFocusedActivity]
04-20 18:58:15.560272   964  1162 I wm_task_moved: [85,1,1]
04-20 18:58:15.566666   964  1162 I am_focused_activity: [0,com.android.settings/.SubSettings]
04-20 18:58:15.592918   964  1162 I am_pause_activity: [0,65440942,com.android.settings/.deviceinfo.UsbModeChooserActivity]
04-20 18:58:15.614041 17884 17884 I am_on_paused_called: [0,com.android.settings.deviceinfo.UsbModeChooserActivity]
04-20 18:58:15.635274   964  1670 I am_resume_activity: [0,204501975,79,com.android.settings/.SubSettings]
04-20 18:58:15.698096 17884 17884 I sysui_view_visibility: [90,100]
04-20 18:58:15.698539 17884 17884 I am_on_resume_called: [0,com.android.settings.SubSettings]
04-20 18:58:15.753430   964  1844 I am_destroy_activity: [0,65440942,85,com.android.settings/.deviceinfo.UsbModeChooserActivity,finish-imm]
04-20 18:58:15.768849   231   231 I sf_frame_dur: [com.android.settings/com.android.settings.deviceinfo.UsbModeChooserActivity,0,1,0,0,2,0,0]
04-20 18:58:15.922034   964   987 I wm_task_removed: [85,removeAppToken: last token]
04-20 18:58:15.922139   964   987 I wm_task_removed: [85,removeTask]
04-20 18:58:15.953837   964   964 I notification_cancel: [1000,964,android,17303171,NULL,-1,0,0,8,NULL]
04-20 18:58:15.955260   964   964 I notification_canceled: [-1|android|17303171|null|1000,8,122766,122766,3009]
04-20 18:58:15.974378   964  1927 I notification_expansion: [-1|android|17040353|null|1000,0,1,10119,10119,2502]
04-20 18:58:16.014426   964   964 I notification_cancel: [1000,964,android,17040347,NULL,-1,0,0,8,NULL]
04-20 18:58:16.015559   964   964 I notification_canceled: [-1|android|17040347|null|1000,8,10234,10234,2543]
04-20 18:58:16.020682   964   964 I notification_enqueue: [1000,964,android,17040348,NULL,-1,Notification(pri=-2 contentView=null vibrate=null sound=null tick defaults=0x0 flags=0x2 color=0xff607d8b vis=PUBLIC),0]
04-20 18:58:16.057374   964  1023 I netstats_mobile_sample: [0,0,0,0,0,0,0,0,0,0,0,0,-1]
04-20 18:58:16.059362   964  1023 I netstats_wifi_sample: [156067,1593,295347,9846,123363,1275,247080,2550,123363,1275,247080,2550,-1]
04-20 18:58:16.103436   964   986 I dvm_lock_sample: [system_server,0,android.io,14,ActivityManagerService.java,17501,BroadcastQueue.java,713,2]
04-20 18:58:16.186618   964  1023 I netstats_mobile_sample: [0,0,0,0,0,0,0,0,0,0,0,0,-1]
04-20 18:58:16.188948   964  1023 I netstats_wifi_sample: [156067,1593,295347,9846,123363,1275,247080,2550,123363,1275,247080,2550,-1]
04-20 18:58:16.912648   964   964 I notification_cancel: [10022,1102,com.android.systemui,2131755032,low_battery,-1,0,64,8,NULL]
04-20 18:58:18.107663   964   964 I notification_cancel: [10022,1102,com.android.systemui,2131755032,low_battery,-1,0,64,8,NULL]
04-20 18:58:22.060000  2031  2031 I auditd  : type=1400 audit(0.0:400): avc: denied { read } for comm="GpuAppSpectator" name="cmdline" dev="proc" ino=120181 scontext=u:r:gas_srv:s0 tcontext=u:r:system_app:s0 tclass=file permissive=1
04-20 18:58:22.060000  2031  2031 I auditd  : type=1400 audit(0.0:401): avc: denied { open } for comm="GpuAppSpectator" path="/proc/17884/cmdline" dev="proc" ino=120181 scontext=u:r:gas_srv:s0 tcontext=u:r:system_app:s0 tclass=file permissive=1
04-20 18:58:22.060000  2031  2031 I auditd  : type=1400 audit(0.0:402): avc: denied { getattr } for comm="GpuAppSpectator" path="/proc/17884/cmdline" dev="proc" ino=120181 scontext=u:r:gas_srv:s0 tcontext=u:r:system_app:s0 tclass=file permissive=1
04-20 18:58:28.085392   964  1582 I am_finish_activity: [0,204501975,79,com.android.settings/.SubSettings,app-request]
04-20 18:58:28.088475   964  1582 I am_home_stack_moved: [0,0,18,18,finishActivity adjustFocus setFocusedActivity]
04-20 18:58:28.088703   964  1582 I wm_task_moved: [79,1,0]
04-20 18:58:28.095709   964  1582 I am_focused_activity: [0,com.android.settings/.SubSettings]
04-20 18:58:28.097932   964  1582 I am_pause_activity: [0,204501975,com.android.settings/.SubSettings]
04-20 18:58:28.103630 17884 17884 I sysui_view_visibility: [90,0]
04-20 18:58:28.107903 17884 17884 I am_on_paused_called: [0,com.android.settings.SubSettings]
04-20 18:58:28.120564   964  8871 I am_restart_activity: [0,19263774,79,com.android.settings/.SubSettings]
04-20 18:58:28.602206 17884 17884 I sysui_view_visibility: [110,100]
04-20 18:58:28.666396 17884 17884 I am_on_resume_called: [0,com.android.settings.SubSettings]
04-20 18:58:28.937920   231   231 I sf_frame_dur: [com.android.settings/com.android.settings.SubSettings,1476,33,20,6,8,8,50]
04-20 18:58:29.052198   964   987 I am_activity_launch_time: [0,19263774,com.android.settings/.SubSettings,938,938]
04-20 18:58:29.104175   964  1844 I am_destroy_activity: [0,204501975,79,com.android.settings/.SubSettings,finish-imm]
04-20 18:58:30.573228   964  1663 I am_finish_activity: [0,19263774,79,com.android.settings/.SubSettings,app-request]
04-20 18:58:30.575350   964  1663 I am_home_stack_moved: [0,0,18,18,finishActivity adjustFocus setFocusedActivity]
04-20 18:58:30.575568   964  1663 I wm_task_moved: [79,1,0]
04-20 18:58:30.584248   964  1663 I am_focused_activity: [0,com.android.settings/.Settings]
04-20 18:58:30.586287   964  1663 I am_pause_activity: [0,19263774,com.android.settings/.SubSettings]
04-20 18:58:30.593686 17884 17884 I sysui_view_visibility: [110,0]
04-20 18:58:30.611504 17884 17884 I am_on_paused_called: [0,com.android.settings.SubSettings]
04-20 18:58:30.622865   964  1670 I am_restart_activity: [0,53842852,79,com.android.settings/.Settings]
04-20 18:58:30.963710 17884 17884 I sysui_view_visibility: [1,100]
04-20 18:58:30.993214 17884 17884 I sysui_view_visibility: [35,100]
04-20 18:58:30.997445 17884 17884 I am_on_resume_called: [0,com.android.settings.Settings]
04-20 18:58:31.120452   964   981 I am_pss  : [16455,1002,com.android.bluetooth,30236672,28753920]
04-20 18:58:31.750878   231   231 I sf_frame_dur: [com.android.settings/com.android.settings.SubSettings,44,4,1,0,0,1,0]
04-20 18:58:31.872830   964   987 I am_activity_launch_time: [0,53842852,com.android.settings/.Settings,1258,1258]
04-20 18:58:32.059512   964   975 I am_destroy_activity: [0,19263774,79,com.android.settings/.SubSettings,finish-imm]
04-20 18:58:32.209178   964  2088 I am_finish_activity: [0,53842852,79,com.android.settings/.Settings,app-request]
04-20 18:58:32.234546   964  2088 I am_pause_activity: [0,53842852,com.android.settings/.Settings]
04-20 18:58:32.239527 17884 17884 I sysui_view_visibility: [35,0]
04-20 18:58:32.240741 17884 17884 I sysui_view_visibility: [1,0]
04-20 18:58:32.245709 17884 17884 I am_on_paused_called: [0,com.android.settings.Settings]
04-20 18:58:32.247728   964   975 I am_home_stack_moved: [0,1,0,0,noMoreActivities setFocusedActivity]
04-20 18:58:32.247910   964   975 I wm_task_moved: [31,1,0]
04-20 18:58:32.254720   964   975 I am_focused_activity: [0,com.android.launcher3/.Launcher]
04-20 18:58:32.265179   964   975 I am_resume_activity: [0,104862808,31,com.android.launcher3/.Launcher]
04-20 18:58:32.270258   964   982 I am_destroy_activity: [0,53842852,79,com.android.settings/.Settings,finish-imm]
04-20 18:58:32.292906  1654  1654 I am_on_resume_called: [0,com.android.launcher3.Launcher]
04-20 18:58:32.408726   964   975 I am_home_stack_moved: [0,1,0,0,activityDestroyed leftTaskHistoryEmpty]
04-20 18:58:32.934324   964   987 I wm_stack_removed: 18
04-20 18:58:32.935813   964   987 I wm_task_removed: [79,removeAppToken: last token]
04-20 18:58:32.936139   964   987 I wm_task_removed: [79,removeTask]
04-20 18:58:32.940727   231   231 I sf_frame_dur: [com.android.settings/com.android.settings.Settings,0,0,0,0,1,0,0]
04-20 18:58:38.061644   964   964 I notification_cancel: [10022,1102,com.android.systemui,2131755032,low_battery,-1,0,64,8,NULL]
04-20 18:58:41.253414   964  2088 I wm_stack_created: [19,0,0,0,0]
04-20 18:58:41.270118   964  2088 I am_home_stack_moved: [0,0,19,19,startingNewTask]
04-20 18:58:41.270876   964  2088 I am_create_task: [0,86]
04-20 18:58:41.271741   964  2088 I am_create_activity: [0,247720098,86,com.android.settings/.Settings,android.intent.action.MAIN,NULL,NULL,270532608]
04-20 18:58:41.272898   964  2088 I wm_task_created: [86,19]
04-20 18:58:41.273161   964  2088 I wm_task_moved: [86,1,0]
04-20 18:58:41.274989   964  2088 I am_pause_activity: [0,104862808,com.android.launcher3/.Launcher]
04-20 18:58:41.285600   964  2088 I am_home_stack_moved: [0,0,19,19,startedActivity setFocusedActivity]
04-20 18:58:41.285820   964  2088 I wm_task_moved: [86,1,0]
04-20 18:58:41.293990   964  2088 I am_focused_activity: [0,com.android.settings/.Settings]
04-20 18:58:41.304555  1654  1654 I am_on_paused_called: [0,com.android.launcher3.Launcher]
04-20 18:58:41.343223   964  1162 I am_restart_activity: [0,247720098,86,com.android.settings/.Settings]
04-20 18:58:41.353675   964   981 I am_pss  : [17837,10007,android.process.media,10328064,8495104]
04-20 18:58:41.511122 17884 17884 I sysui_view_visibility: [1,100]
04-20 18:58:41.537611 17884 17884 I sysui_view_visibility: [35,100]
04-20 18:58:41.540861 17884 17884 I am_on_resume_called: [0,com.android.settings.Settings]
04-20 18:58:41.610586   964   981 I am_pss  : [17923,10010,com.google.android.gms,22453248,17993728]
04-20 18:58:41.752381   231   231 I sf_frame_dur: [com.android.launcher3/com.android.launcher3.Launcher,66,0,1,2,0,1,1]
04-20 18:58:42.199343   964   987 I am_activity_launch_time: [0,247720098,com.android.settings/.Settings,864,864]
04-20 18:58:43.695075   964  1747 I am_home_stack_moved: [0,0,19,19,sourceStackToFront]
04-20 18:58:43.695289   964  1747 I wm_task_moved: [86,1,0]
04-20 18:58:43.701240   964  1747 I am_create_activity: [0,154119051,86,com.android.settings/.SubSettings,android.intent.action.MAIN,NULL,NULL,0]
04-20 18:58:43.703935   964  1747 I am_pause_activity: [0,247720098,com.android.settings/.Settings]
04-20 18:58:43.708621   964  1747 I am_home_stack_moved: [0,0,19,19,startedActivity setFocusedActivity]
04-20 18:58:43.708832   964  1747 I wm_task_moved: [86,1,0]
04-20 18:58:43.716095   964  1747 I am_focused_activity: [0,com.android.settings/.SubSettings]
04-20 18:58:43.725802 17884 17884 I sysui_view_visibility: [35,0]
04-20 18:58:43.727209 17884 17884 I sysui_view_visibility: [1,0]
04-20 18:58:43.731869 17884 17884 I am_on_paused_called: [0,com.android.settings.Settings]
04-20 18:58:43.739614   964  1844 I am_restart_activity: [0,154119051,86,com.android.settings/.SubSettings]
04-20 18:58:44.066051 17884 17884 I sysui_view_visibility: [110,100]
04-20 18:58:44.102951 17884 17884 I am_on_resume_called: [0,com.android.settings.SubSettings]
04-20 18:58:44.491244   964   987 I am_activity_launch_time: [0,154119051,com.android.settings/.SubSettings,757,757]
04-20 18:58:44.725525   231   231 I sf_frame_dur: [com.android.settings/com.android.settings.Settings,57,3,0,0,1,0,1]
04-20 18:58:45.647660   964  1162 I am_home_stack_moved: [0,0,19,19,sourceStackToFront]
04-20 18:58:45.647931   964  1162 I wm_task_moved: [86,1,0]
04-20 18:58:45.658645   964  1162 I am_create_activity: [0,230482785,86,com.android.settings/.SubSettings,android.intent.action.MAIN,NULL,NULL,0]
04-20 18:58:45.660477   964  1162 I am_pause_activity: [0,154119051,com.android.settings/.SubSettings]
04-20 18:58:45.665695   964  1162 I am_home_stack_moved: [0,0,19,19,startedActivity setFocusedActivity]
04-20 18:58:45.665890   964  1162 I wm_task_moved: [86,1,0]
04-20 18:58:45.675291   964  1162 I am_focused_activity: [0,com.android.settings/.SubSettings]
04-20 18:58:45.682395 17884 17884 I sysui_view_visibility: [110,0]
04-20 18:58:45.694693 17884 17884 I am_on_paused_called: [0,com.android.settings.SubSettings]
04-20 18:58:45.701340   964  2088 I am_restart_activity: [0,230482785,86,com.android.settings/.SubSettings]
04-20 18:58:45.960480 17884 17884 I sysui_view_visibility: [90,100]
04-20 18:58:45.960725 17884 17884 I am_on_resume_called: [0,com.android.settings.SubSettings]
04-20 18:58:46.230660   964   987 I am_activity_launch_time: [0,230482785,com.android.settings/.SubSettings,534,534]
04-20 18:58:46.465691   231   231 I sf_frame_dur: [com.android.settings/com.android.settings.SubSettings,38,3,1,0,0,1,0]
04-20 18:58:48.080969   964   964 I notification_cancel: [10022,1102,com.android.systemui,2131755032,low_battery,-1,0,64,8,NULL]
04-20 18:58:49.091044   964  1023 I netstats_mobile_sample: [0,0,0,0,0,0,0,0,0,0,0,0,-1]
04-20 18:58:49.092123   964  1023 I netstats_wifi_sample: [156067,1593,295347,9846,123363,1275,247080,2550,123363,1275,247080,2550,-1]
04-20 18:58:49.274778   964   964 I notification_cancel: [1000,964,android,17040348,NULL,-1,0,0,8,NULL]
04-20 18:58:49.275882   964   964 I notification_canceled: [-1|android|17040348|null|1000,8,33256,33256,0]
04-20 18:58:49.281914   964   964 I notification_enqueue: [1000,964,android,17040347,NULL,-1,Notification(pri=-2 contentView=null vibrate=null sound=null tick defaults=0x0 flags=0x2 color=0xff607d8b vis=PUBLIC),0]
04-20 18:58:49.585405   964  1023 I netstats_mobile_sample: [0,0,0,0,0,0,0,0,0,0,0,0,-1]
04-20 18:58:49.586586   964  1023 I netstats_wifi_sample: [156067,1593,295347,9846,123363,1275,247080,2550,123363,1275,247080,2550,-1]
04-20 18:58:49.808574   964   964 I notification_enqueue: [1000,964,android,17303171,NULL,-1,Notification(pri=0 contentView=null vibrate=null sound=null defaults=0x0 flags=0x2 color=0xff607d8b category=status vis=PUBLIC),0]
04-20 18:58:49.876018   964  1023 I netstats_mobile_sample: [0,0,0,0,0,0,0,0,0,0,0,0,-1]
04-20 18:58:49.877155   964  1023 I netstats_wifi_sample: [156067,1593,295347,9846,123363,1275,247080,2550,123363,1275,247080,2550,-1]
04-20 18:58:49.932127   964  1927 I notification_expansion: [-1|android|17303171|null|1000,0,1,125,125,0]
04-20 18:58:49.933563   964   979 I notification_expansion: [-1|android|17040353|null|1000,0,0,44078,44078,36461]
04-20 18:58:50.176710   964   964 I notification_cancel: [10022,1102,com.android.systemui,2131755032,low_battery,-1,0,64,8,NULL]
04-20 18:58:51.316079   964   964 I notification_cancel: [10022,1102,com.android.systemui,2131755032,low_battery,-1,0,64,8,NULL]
04-20 18:58:53.200571   964  1582 I battery_status: [4,2,1,0,Li-ion]
04-20 18:58:53.255838   964   964 I notification_cancel: [10022,1102,com.android.systemui,2131755032,low_battery,-1,0,64,8,NULL]
04-20 18:58:53.475182   964   964 I notification_cancel: [10022,1102,com.android.systemui,2131755032,low_battery,-1,0,64,8,NULL]
04-20 18:58:53.550451   964  2088 I am_proc_start: [0,18657,1000,com.fw.upgrade.sysoper,broadcast,com.fw.upgrade.sysoper/com.adups.fota.sysoper.TaskReceiver]
04-20 18:58:53.576120   964   981 I am_pss  : [17884,1000,com.android.settings,57583616,52382720]
04-20 18:58:53.794070   964  1843 I am_proc_bound: [0,18657,com.fw.upgrade.sysoper]
04-20 18:58:53.821878   964  1844 I am_proc_died: [0,17837,android.process.media]
04-20 18:58:53.827184   964  1844 I am_low_memory: 21
04-20 18:58:54.098177   964  8872 I am_proc_died: [0,18657,com.fw.upgrade.sysoper]
04-20 18:58:54.100942   964  8872 I am_low_memory: 20
04-20 18:58:54.140000  2031  2031 I auditd  : type=1400 audit(0.0:403): avc: denied { read } for comm="GpuAppSpectator" name="cmdline" dev="proc" ino=120181 scontext=u:r:gas_srv:s0 tcontext=u:r:system_app:s0 tclass=file permissive=1
04-20 18:58:54.140000  2031  2031 I auditd  : type=1400 audit(0.0:404): avc: denied { open } for comm="GpuAppSpectator" path="/proc/17884/cmdline" dev="proc" ino=120181 scontext=u:r:gas_srv:s0 tcontext=u:r:system_app:s0 tclass=file permissive=1
04-20 18:58:54.140000  2031  2031 I auditd  : type=1400 audit(0.0:405): avc: denied { getattr } for comm="GpuAppSpectator" path="/proc/17884/cmdline" dev="proc" ino=120181 scontext=u:r:gas_srv:s0 tcontext=u:r:system_app:s0 tclass=file permissive=1
04-20 18:58:54.196908   964   964 I notification_cancel: [1000,964,android,17040347,NULL,-1,0,0,8,NULL]
04-20 18:58:54.198075   964   964 I notification_canceled: [-1|android|17040347|null|1000,8,4917,4917,0]
04-20 18:58:54.198755   964   964 I notification_cancel: [1000,964,android,17040353,NULL,-1,0,0,8,NULL]
04-20 18:58:54.199790   964   964 I notification_canceled: [-1|android|17040353|null|1000,8,48344,48344,40727]
04-20 18:58:54.278592   964   975 I am_proc_start: [0,18676,10007,android.process.media,broadcast,com.android.providers.media/.MtpReceiver]
04-20 18:58:54.524094   964  2089 I am_proc_bound: [0,18676,android.process.media]
04-20 18:58:55.027287   964  8872 I notification_cancel_all: [10007,18676,com.android.providers.downloads,0,0,64,9,NULL]
04-20 18:58:59.645841   964  2089 I battery_status: [2,2,1,2,Li-ion]
04-20 18:58:59.678137   964   964 I notification_cancel: [10022,1102,com.android.systemui,2131755032,low_battery,-1,0,64,8,NULL]
04-20 18:58:59.950585   964   964 I notification_enqueue: [1000,964,android,17040347,NULL,-1,Notification(pri=-2 contentView=null vibrate=null sound=null tick defaults=0x0 flags=0x2 color=0xff607d8b vis=PUBLIC),0]
04-20 18:58:59.957348   964   964 I notification_enqueue: [1000,964,android,17040353,NULL,-1,Notification(pri=-1 contentView=null vibrate=null sound=null tick defaults=0x0 flags=0x2 color=0xff607d8b vis=PUBLIC),0]
04-20 18:59:01.997923   964   964 I notification_cancel: [10022,1102,com.android.systemui,2131755032,low_battery,-1,0,64,8,NULL]
04-20 18:59:07.064615   964   964 I force_gc: mem
04-20 18:59:11.998880   964   964 I notification_cancel: [10022,1102,com.android.systemui,2131755032,low_battery,-1,0,64,8,NULL]
04-20 18:59:17.063639  1102  1102 I sqlite_mem_released: 0
04-20 18:59:17.070065  1102  1102 I force_gc: mem
04-20 18:59:21.685144  1102  1102 I sysui_panelholder_touch: [0,374,0]
04-20 18:59:21.695731  1102  1102 I sysui_count: [panel_open,1]
04-20 18:59:21.700726  1102  1102 I sysui_histogram: [note_load,3]
04-20 18:59:21.701523   964  1927 I notification_panel_revealed: 3
04-20 18:59:21.706781   964  1843 I notification_visibility: [-1|android|17303171|null|1000,1,31899,31899,0,0]
04-20 18:59:22.037914   964   964 I notification_cancel: [10022,1102,com.android.systemui,2131755032,low_battery,-1,0,64,8,NULL]
04-20 18:59:22.207166   964  8871 I notification_visibility: [-1|android|17040353|null|1000,1,22252,22252,0,1]
04-20 18:59:22.207449   964  8871 I notification_visibility: [-1|android|17040347|null|1000,1,22258,22258,0,2]
04-20 18:59:22.683666   964  1843 I notification_visibility: [-1|android|17303171|null|1000,0,32876,32876,0,0]
04-20 18:59:22.684105   964  1843 I notification_visibility: [-1|android|17040353|null|1000,0,22728,22728,0,1]
04-20 18:59:22.684483   964  1843 I notification_visibility: [-1|android|17040347|null|1000,0,22735,22735,0,2]
04-20 18:59:22.685543   964  1652 I notification_panel_hidden: []
04-20 18:59:22.685553   964  8871 I am_home_stack_moved: [0,0,19,19,startingNewTask]
04-20 18:59:22.686119   964  8871 I wm_task_moved: [86,1,0]
04-20 18:59:22.694413   964  8871 I am_create_task: [0,87]
04-20 18:59:22.695314   964  8871 I am_create_activity: [0,248478650,87,com.android.settings/.deviceinfo.UsbModeChooserActivity,android.intent.action.MAIN,NULL,NULL,276856832]
04-20 18:59:22.706889   964  8871 I dvm_lock_sample: [system_server,1,Binder_F,11,WindowManagerService.java,5420,-,3323,2]
04-20 18:59:22.712749   964  8871 I wm_task_created: [87,19]
04-20 18:59:22.713032   964  8871 I wm_task_moved: [87,1,1]
04-20 18:59:22.744844   964  8871 I am_pause_activity: [0,230482785,com.android.settings/.SubSettings]
04-20 18:59:22.748251 17884 17884 I sysui_view_visibility: [90,0]
04-20 18:59:22.756514   964  8871 I am_home_stack_moved: [0,0,19,19,startedActivity setFocusedActivity]
04-20 18:59:22.756746   964  8871 I wm_task_moved: [87,1,1]
04-20 18:59:22.766977   964  8871 I am_focused_activity: [0,com.android.settings/.deviceinfo.UsbModeChooserActivity]
04-20 18:59:22.771360   964  1652 I notification_clicked: [-1|android|17040347|null|1000,22822,22822,564]
04-20 18:59:22.772712   964   964 I notification_cancel: [10022,1102,android,17040347,NULL,-1,16,64,1,NULL]
04-20 18:59:22.772900   964   964 I sysui_histogram: [note_click_longevity,0]
04-20 18:59:22.772967 17884 17884 I am_on_paused_called: [0,com.android.settings.SubSettings]
04-20 18:59:22.780211   964   979 I am_restart_activity: [0,248478650,87,com.android.settings/.deviceinfo.UsbModeChooserActivity]
04-20 18:59:22.840411   964   981 I am_pss  : [1654,10014,com.android.launcher3,28495872,25267200]
04-20 18:59:22.998609 17884 17884 I am_on_resume_called: [0,com.android.settings.deviceinfo.UsbModeChooserActivity]
04-20 18:59:23.219206   964   987 I am_activity_launch_time: [0,248478650,com.android.settings/.deviceinfo.UsbModeChooserActivity,444,444]
04-20 18:59:24.261367   964  1843 I am_finish_activity: [0,248478650,87,com.android.settings/.deviceinfo.UsbModeChooserActivity,app-request]
04-20 18:59:24.263296   964  1843 I am_home_stack_moved: [0,0,19,19,finishActivity adjustFocus setFocusedActivity]
04-20 18:59:24.263477   964  1843 I wm_task_moved: [87,1,1]
04-20 18:59:24.272384   964  1843 I am_focused_activity: [0,com.android.settings/.SubSettings]
04-20 18:59:24.294200   964  1843 I am_pause_activity: [0,248478650,com.android.settings/.deviceinfo.UsbModeChooserActivity]
04-20 18:59:24.314152 17884 17884 I am_on_paused_called: [0,com.android.settings.deviceinfo.UsbModeChooserActivity]
04-20 18:59:24.335257   964  1162 I am_resume_activity: [0,230482785,86,com.android.settings/.SubSettings]
04-20 18:59:24.405216 17884 17884 I sysui_view_visibility: [90,100]
04-20 18:59:24.405678 17884 17884 I am_on_resume_called: [0,com.android.settings.SubSettings]
04-20 18:59:24.461743   231   231 I sf_frame_dur: [com.android.settings/com.android.settings.deviceinfo.UsbModeChooserActivity,0,1,0,0,0,1,0]
04-20 18:59:24.470501   964  8872 I am_destroy_activity: [0,248478650,87,com.android.settings/.deviceinfo.UsbModeChooserActivity,finish-imm]
04-20 18:59:24.634280   964   987 I wm_task_removed: [87,removeAppToken: last token]
04-20 18:59:24.639002   964   979 I wm_task_removed: [87,removeTask]
04-20 18:59:24.665403   964   964 I notification_cancel: [1000,964,android,17303171,NULL,-1,0,0,8,NULL]
04-20 18:59:24.666612   964   964 I notification_canceled: [-1|android|17303171|null|1000,8,34859,34859,2960]
04-20 18:59:24.677539   964  1927 I notification_expansion: [-1|android|17040353|null|1000,0,1,24722,24722,2470]
04-20 18:59:24.710860   964   964 I notification_cancel: [1000,964,android,17040347,NULL,-1,0,0,8,NULL]
04-20 18:59:24.711984   964   964 I notification_canceled: [-1|android|17040347|null|1000,8,24762,24762,2504]
04-20 18:59:24.731189   964   964 I notification_enqueue: [1000,964,android,17040348,NULL,-1,Notification(pri=-2 contentView=null vibrate=null sound=null tick defaults=0x0 flags=0x2 color=0xff607d8b vis=PUBLIC),0]
04-20 18:59:24.780341   964  1023 I netstats_mobile_sample: [0,0,0,0,0,0,0,0,0,0,0,0,-1]
04-20 18:59:24.781697   964  1023 I netstats_wifi_sample: [156067,1593,295347,9846,123363,1275,247080,2550,123363,1275,247080,2550,-1]
04-20 18:59:24.882387   964  1023 I netstats_mobile_sample: [0,0,0,0,0,0,0,0,0,0,0,0,-1]
04-20 18:59:24.883793   964  1023 I netstats_wifi_sample: [156067,1593,295347,9846,123363,1275,247080,2550,123363,1275,247080,2550,-1]
04-20 18:59:26.779927   964   964 I notification_cancel: [10022,1102,com.android.systemui,2131755032,low_battery,-1,0,64,8,NULL]
04-20 18:59:30.320000  2031  2031 I auditd  : type=1400 audit(0.0:406): avc: denied { read } for comm="GpuAppSpectator" name="cmdline" dev="proc" ino=120181 scontext=u:r:gas_srv:s0 tcontext=u:r:system_app:s0 tclass=file permissive=1
04-20 18:59:30.320000  2031  2031 I auditd  : type=1400 audit(0.0:407): avc: denied { open } for comm="GpuAppSpectator" path="/proc/17884/cmdline" dev="proc" ino=120181 scontext=u:r:gas_srv:s0 tcontext=u:r:system_app:s0 tclass=file permissive=1
04-20 18:59:30.320000  2031  2031 I auditd  : type=1400 audit(0.0:408): avc: denied { getattr } for comm="GpuAppSpectator" path="/proc/17884/cmdline" dev="proc" ino=120181 scontext=u:r:gas_srv:s0 tcontext=u:r:system_app:s0 tclass=file permissive=1
04-20 18:59:31.844303  1483  1483 I sqlite_mem_released: 0
04-20 18:59:31.844505  1483  1483 I force_gc: mem
04-20 18:59:36.766528   964   964 I notification_cancel: [10022,1102,com.android.systemui,2131755032,low_battery,-1,0,64,8,NULL]
04-20 18:59:36.964092   964   995 I am_proc_start: [0,18736,10005,com.android.defcontainer,service,com.android.defcontainer/.DefaultContainerService]
04-20 18:59:37.146394   964  1747 I am_proc_bound: [0,18736,com.android.defcontainer]
04-20 18:59:37.406911   964   981 I am_pss  : [17923,10010,com.google.android.gms,22199296,17879040]
04-20 18:59:37.593876   964   982 I am_proc_start: [0,18756,10018,com.android.vending,broadcast,com.android.vending/com.google.android.vending.verifier.PackageVerificationReceiver]
04-20 18:59:37.810990   964   975 I am_proc_bound: [0,18756,com.android.vending]
04-20 18:59:39.027578   964   975 I am_proc_start: [0,18788,10010,com.google.android.gms:car,service,com.google.android.gms/.car.CarService]
04-20 18:59:39.129428   964   964 I notification_cancel: [10018,18756,com.android.vending,-1050172287,NULL,0,0,64,8,NULL]
04-20 18:59:39.251511   964  1670 I am_proc_bound: [0,18788,com.google.android.gms:car]
04-20 18:59:39.294927   964  2089 I am_proc_died: [0,17923,com.google.android.gms]
04-20 18:59:39.308041   964  2089 I am_low_memory: 23
04-20 18:59:39.435709   964  1843 I am_proc_start: [0,18806,10010,com.google.android.gms,service,com.google.android.gms/.ads.identifier.service.AdvertisingIdService]
04-20 18:59:39.437612   964  1747 I dvm_lock_sample: [system_server,1,Binder_9,48,ActivityManagerService.java,16878,-,17116,9]
04-20 18:59:39.543743   964   964 I notification_cancel: [10010,18788,com.google.android.gms,10436,NOT_LMP,0,0,64,8,NULL]
04-20 18:59:39.547415   964   964 I notification_cancel: [10010,18788,com.google.android.gms,39789,NOT_LMP,0,0,64,8,NULL]
04-20 18:59:39.631715   964  1927 I am_proc_bound: [0,18806,com.google.android.gms]
04-20 18:59:39.849699   964  1652 I am_proc_died: [0,18756,com.android.vending]
04-20 18:59:39.856852   964  1652 I am_low_memory: 23
04-20 18:59:39.938219   964  1001 I am_proc_start: [0,18823,10018,com.android.vending,service,com.android.vending/com.google.android.finsky.services.DailyHygiene]
04-20 18:59:40.116829   964   964 I notification_cancel: [10010,18788,com.google.android.gms,10436,NULL,0,0,64,8,NULL]
04-20 18:59:40.153468   964  8871 I am_proc_bound: [0,18823,com.android.vending]
04-20 18:59:40.448301   964   964 I notification_cancel: [10010,18806,com.google.android.gms,10436,NOT_LMP,0,0,64,8,NULL]
04-20 18:59:40.449252   964   964 I notification_cancel: [10010,18806,com.google.android.gms,39789,NOT_LMP,0,0,64,8,NULL]
04-20 18:59:41.003043   964  8872 I am_proc_start: [0,18862,10010,com.google.android.gms.wearable,service,com.google.android.gms/.wearable.service.WearableService]
04-20 18:59:41.004857   964  2088 I am_proc_died: [0,18788,com.google.android.gms:car]
04-20 18:59:41.008260   964  2088 I am_low_memory: 23
04-20 18:59:41.063100   964  1652 I am_proc_start: [0,18867,10010,com.google.android.gms:car,service,com.google.android.gms/.car.CarService]
04-20 18:59:41.231116   964   964 I notification_cancel: [10018,18823,com.android.vending,-1050172287,NULL,0,0,64,8,NULL]
04-20 18:59:41.231651   964  2089 I am_proc_bound: [0,18862,com.google.android.gms.wearable]
04-20 18:59:41.314580   964  8872 I am_proc_bound: [0,18867,com.google.android.gms:car]
04-20 18:59:41.533034   964   964 I notification_cancel: [10010,18862,com.google.android.gms,10436,NOT_LMP,0,0,64,8,NULL]
04-20 18:59:41.534426   964   964 I notification_cancel: [10010,18862,com.google.android.gms,39789,NOT_LMP,0,0,64,8,NULL]
04-20 18:59:41.717568   964   964 I notification_cancel: [10010,18806,com.google.android.gms,10436,NULL,0,0,64,8,NULL]
04-20 18:59:41.788983   964   964 I notification_cancel: [10010,18867,com.google.android.gms,10436,NOT_LMP,0,0,64,8,NULL]
04-20 18:59:41.790436   964   964 I notification_cancel: [10010,18867,com.google.android.gms,39789,NOT_LMP,0,0,64,8,NULL]
04-20 18:59:41.795570   964   979 I dvm_lock_sample: [system_server,1,Binder_3,29,ActivityManagerService.java,13303,-,16878,5]
04-20 18:59:42.359724   964   964 I notification_cancel: [10010,18867,com.google.android.gms,10436,NULL,0,0,64,8,NULL]
04-20 18:59:42.715895   964   964 I notification_cancel: [10018,18823,com.android.vending,10436,NULL,0,0,64,8,NULL]
04-20 18:59:42.909575   964   964 I notification_cancel: [10018,18823,com.android.vending,10436,NULL,0,0,64,8,NULL]
04-20 18:59:42.929505   964   964 I notification_cancel: [10018,18823,com.android.vending,10436,NULL,0,0,64,8,NULL]
04-20 18:59:43.044020   964  1652 I am_proc_died: [0,18867,com.google.android.gms:car]
04-20 18:59:43.045172   964  1652 I am_schedule_service_restart: [0,com.google.android.gms/.car.CarService,1000]
04-20 18:59:43.249265   964   964 I free_storage_changed: 12335341568
04-20 18:59:44.081444   964   982 I am_proc_start: [0,18922,10010,com.google.android.gms:car,service,com.google.android.gms/.car.CarService]
04-20 18:59:44.274486   964  8872 I am_proc_bound: [0,18922,com.google.android.gms:car]
04-20 18:59:44.477506   964   964 I notification_cancel: [10010,18922,com.google.android.gms,10436,NOT_LMP,0,0,64,8,NULL]
04-20 18:59:44.479455   964   964 I notification_cancel: [10010,18922,com.google.android.gms,39789,NOT_LMP,0,0,64,8,NULL]
04-20 18:59:44.879651   964   964 I notification_cancel: [10010,18922,com.google.android.gms,10436,NULL,0,0,64,8,NULL]
04-20 18:59:44.890419   964   981 I am_pss  : [18676,10007,android.process.media,9652224,8122368]
04-20 18:59:46.756442   964   964 I notification_cancel: [10022,1102,com.android.systemui,2131755032,low_battery,-1,0,64,8,NULL]
04-20 18:59:47.148393   964  1844 I am_finish_activity: [0,230482785,86,com.android.settings/.SubSettings,app-request]
04-20 18:59:47.151390   964  1844 I am_home_stack_moved: [0,0,19,19,finishActivity adjustFocus setFocusedActivity]
04-20 18:59:47.151597   964  1844 I wm_task_moved: [86,1,0]
04-20 18:59:47.161659   964  1844 I am_focused_activity: [0,com.android.settings/.SubSettings]
04-20 18:59:47.166590   964  1844 I am_pause_activity: [0,230482785,com.android.settings/.SubSettings]
04-20 18:59:47.172537 17884 17884 I sysui_view_visibility: [90,0]
04-20 18:59:47.178664 17884 17884 I am_on_paused_called: [0,com.android.settings.SubSettings]
04-20 18:59:47.189249   964  1747 I am_resume_activity: [0,154119051,86,com.android.settings/.SubSettings]
04-20 18:59:47.231892 17884 17884 I sysui_view_visibility: [110,100]
04-20 18:59:47.271166 17884 17884 I am_on_resume_called: [0,com.android.settings.SubSettings]
04-20 18:59:47.416580   964  1670 I am_proc_died: [0,18823,com.android.vending]
04-20 18:59:47.432430   964  1670 I am_low_memory: 24
04-20 18:59:47.432903   964   983 I dvm_lock_sample: [system_server,1,android.ui,14,ActivityManagerService.java,3932,-,1354,2]
04-20 18:59:47.557721   964  1670 I am_finish_activity: [0,154119051,86,com.android.settings/.SubSettings,app-request]
04-20 18:59:47.567992   964  1670 I am_home_stack_moved: [0,0,19,19,finishActivity adjustFocus setFocusedActivity]
04-20 18:59:47.582459   964  1670 I wm_task_moved: [86,1,0]
04-20 18:59:47.592474   964  1670 I am_focused_activity: [0,com.android.settings/.Settings]
04-20 18:59:47.632439   964  1670 I am_pause_activity: [0,154119051,com.android.settings/.SubSettings]
04-20 18:59:47.645490 17884 17884 I sysui_view_visibility: [110,0]
04-20 18:59:47.678207 17884 17884 I am_on_paused_called: [0,com.android.settings.SubSettings]
04-20 18:59:47.712520   231   231 I sf_frame_dur: [com.android.settings/com.android.settings.SubSettings,126,6,3,3,2,4,3]
04-20 18:59:47.726899   964  1162 I am_resume_activity: [0,247720098,86,com.android.settings/.Settings]
04-20 18:59:47.752391 17884 17884 I sysui_view_visibility: [1,100]
04-20 18:59:47.787659 17884 17884 I sysui_view_visibility: [35,100]
04-20 18:59:47.790384 17884 17884 I am_on_resume_called: [0,com.android.settings.Settings]
04-20 18:59:47.854503   964   979 I am_proc_died: [0,18922,com.google.android.gms:car]
04-20 18:59:47.858844   964   979 I am_low_memory: 23
04-20 18:59:48.182292   964   982 I am_kill : [0,17884,com.android.settings,0,stop com.android.settings]
04-20 18:59:48.343010   964   982 I am_finish_activity: [0,247720098,86,com.android.settings/.Settings,proc died without state saved]
04-20 18:59:48.343263   964   982 I am_focused_activity: [-1,NULL]
04-20 18:59:48.344474   964   982 I am_home_stack_moved: [0,1,0,0,appDied leftTaskHistoryEmpty]
04-20 18:59:48.620458   964   987 I wm_stack_removed: 19
04-20 18:59:48.622252   964   987 I wm_task_removed: [86,removeAppToken: last token]
04-20 18:59:48.622334   964   987 I wm_task_removed: [86,removeTask]
04-20 18:59:48.624413   231   231 I sf_frame_dur: [com.android.settings/com.android.settings.SubSettings,0,0,1,0,0,0,0]
04-20 18:59:49.580476   964   982 I dvm_lock_sample: [system_server,1,ActivityManager,1207,UserManagerService.java,414,PackageManagerService.java,12739,100]
04-20 18:59:50.887444   964  1670 I dvm_lock_sample: [system_server,1,Binder_8,1307,UserManagerService.java,414,PackageManagerService.java,12749,100]
04-20 18:59:50.888113   964  1747 I dvm_lock_sample: [system_server,1,Binder_9,1110,UserManagerService.java,414,PackageManagerService.java,12749,100]
04-20 18:59:50.889498   964   982 I dvm_lock_sample: [system_server,1,ActivityManager,1308,PackageManagerService.java,15283,-,12749,100]
04-20 18:59:50.890337   964  8871 I dvm_lock_sample: [system_server,1,Binder_F,303,UserManagerService.java,414,PackageManagerService.java,12749,60]
04-20 18:59:50.892714   964   981 I dvm_lock_sample: [system_server,0,android.bg,1075,Settings.java,4805,PackageManagerService.java,12749,100]
04-20 18:59:50.904451   964   982 I am_resume_activity: [0,104862808,31,com.android.launcher3/.Launcher]
04-20 18:59:50.926050   964  1652 I dvm_lock_sample: [system_server,1,Binder_6,2625,ActivityManagerService.java,1354,-,1838,100]
04-20 18:59:50.947096   964  2089 I dvm_lock_sample: [system_server,1,Binder_E,55,ActivityManagerService.java,17123,-,1838,11]
04-20 18:59:50.972523  1654  1654 I am_on_resume_called: [0,com.android.launcher3.Launcher]
04-20 18:59:50.997248   964   995 I unknown_sources_enabled: 1
04-20 18:59:51.153172  1654  1654 I force_gc: bg
04-20 18:59:51.161188  1102  1102 I force_gc: bg
04-20 18:59:51.203204   964   964 I notification_cancel_all: [1000,964,com.android.settings,0,0,0,5,NULL]
04-20 18:59:51.313266   964   982 I am_proc_start: [0,18958,10003,android.process.acore,broadcast,com.android.providers.contacts/.PackageIntentReceiver]
04-20 18:59:51.515716   964  1663 I am_proc_bound: [0,18958,android.process.acore]
04-20 18:59:51.830517   964   964 I notification_cancel_all: [1000,964,com.android.settings,0,0,0,5,NULL]
04-20 18:59:52.176518   964  1663 I dvm_lock_sample: [system_server,1,Binder_7,341,PackageManagerService.java,4296,-,5707,68]
04-20 18:59:52.177390   964   981 I dvm_lock_sample: [system_server,0,android.bg,339,UserManagerService.java,414,PackageManagerService.java,5707,67]
04-20 18:59:52.185424   964  1844 I dvm_lock_sample: [system_server,1,Binder_B,137,UserManagerService.java,414,PackageManagerService.java,5707,27]
04-20 18:59:52.303418   964   981 I dvm_lock_sample: [system_server,0,android.bg,10,UserManagerService.java,414,PackageManagerService.java,2995,2]
04-20 18:59:52.803348   964  1670 I am_proc_start: [0,18992,10018,com.android.vending,broadcast,com.android.vending/com.google.android.finsky.receivers.PackageMonitorReceiver$RegisteredReceiver]
04-20 18:59:52.982875   964   981 I am_meminfo: [140369920,47603712,47067136,297066496,59424768]
04-20 18:59:53.047523   964   981 I am_pss  : [1654,10014,com.android.launcher3,44487680,38989824]
04-20 18:59:53.050077   964  1844 I am_proc_bound: [0,18992,com.android.vending]
04-20 18:59:53.088902   964   981 I am_pss  : [16455,1002,com.android.bluetooth,23384064,22134784]
04-20 18:59:53.128285   964   981 I am_pss  : [1493,10052,com.android.inputmethod.latin,15054848,12353536]
04-20 18:59:53.170950   964   981 I am_pss  : [2236,10010,com.google.process.gapps,15531008,12980224]
04-20 18:59:53.204580   964   981 I am_pss  : [18958,10003,android.process.acore,12113920,10428416]
04-20 18:59:53.236264   964   981 I am_pss  : [18736,10005,com.android.defcontainer,5594112,4296704]
04-20 18:59:53.293417   964   981 I am_pss  : [18862,10010,com.google.android.gms.wearable,11676672,7675904]
04-20 18:59:53.338012   964   981 I am_pss  : [1529,10010,com.google.android.gms.persistent,20107264,16941056]
04-20 18:59:53.368711   964   981 I am_pss  : [18676,10007,android.process.media,9864192,8278016]
04-20 18:59:53.409217   964  1162 I wm_stack_created: [20,0,0,0,0]
04-20 18:59:53.422864   964  1162 I am_home_stack_moved: [0,0,20,20,startingNewTask]
04-20 18:59:53.424552   964  1162 I am_create_task: [0,88]
04-20 18:59:53.425362   964  1162 I am_create_activity: [0,161380761,88,com.android.settings/.Settings,android.intent.action.MAIN,NULL,NULL,270532608]
04-20 18:59:53.432516   964  1162 I wm_task_created: [88,20]
04-20 18:59:53.432767   964  1162 I wm_task_moved: [88,1,0]
04-20 18:59:53.434425   964  1162 I am_pause_activity: [0,104862808,com.android.launcher3/.Launcher]
04-20 18:59:53.439623   964  1162 I am_home_stack_moved: [0,0,20,20,startedActivity setFocusedActivity]
04-20 18:59:53.439868   964  1162 I wm_task_moved: [88,1,0]
04-20 18:59:53.449371   964  1162 I am_focused_activity: [0,com.android.settings/.Settings]
04-20 18:59:53.450072   964   981 I am_pss  : [18131,10056,com.mediatek.mtklogger,7924736,6631424]
04-20 18:59:53.463040  1654  1654 I am_on_paused_called: [0,com.android.launcher3.Launcher]
04-20 18:59:53.537454   964  1843 I am_proc_start: [0,19016,1000,com.android.settings,activity,com.android.settings/.Settings]
04-20 18:59:53.544978   964   981 I am_pss  : [18254,10016,com.android.mms,10569728,8413184]
04-20 18:59:53.598148   964   981 I am_pss  : [16957,10075,org.simalliance.openmobileapi.eseterminal,5411840,4268032]
04-20 18:59:53.645296   964   981 I am_pss  : [15789,10073,org.simalliance.openmobileapi.uicc2terminal,4385792,3239936]
04-20 18:59:53.709053   964   981 I am_pss  : [14208,10072,org.simalliance.openmobileapi.uicc1terminal,4366336,3223552]
04-20 18:59:53.803462   964   981 I am_pss  : [18185,10070,org.simalliance.openmobileapi.service:remote,5390336,4227072]
04-20 18:59:53.819186   964   976 I am_proc_bound: [0,19016,com.android.settings]
04-20 18:59:53.835713   964   976 I am_restart_activity: [0,161380761,88,com.android.settings/.Settings]
04-20 18:59:53.874283   964   982 I dvm_lock_sample: [system_server,1,ActivityManager,43,ActivityStackSupervisor.java,4476,ActivityManagerService.java,6860,8]
04-20 18:59:53.877541   964   983 I dvm_lock_sample: [system_server,1,android.ui,45,ActivityManagerService.java,3932,-,6860,9]
04-20 18:59:53.920363   964   981 I am_pss  : [1618,1000,com.mediatek.nlpservice,4196352,3035136]
04-20 18:59:53.992248   964   981 I am_pss  : [1602,1001,com.mediatek.ims,5403648,4026368]
04-20 18:59:54.041371   964   981 I am_pss  : [1586,1001,com.mediatek.gba,3720192,2592768]
04-20 18:59:54.142125   964   981 I am_pss  : [1576,1001,com.android.phone,18466816,16445440]
04-20 18:59:54.192783   964   981 I am_pss  : [1483,10023,com.google.android.googlequicksearchbox:interactor,4548608,3387392]
04-20 18:59:54.264040   231   231 I sf_frame_dur: [com.android.launcher3/com.android.launcher3.Launcher,16,3,2,0,0,0,1]
04-20 18:59:54.312856   964   981 I am_pss  : [1102,10022,com.android.systemui,51261440,47718400]
04-20 18:59:54.370000  2031  2031 I auditd  : type=1400 audit(0.0:409): avc: denied { read } for comm="GpuAppSpectator" name="cmdline" dev="proc" ino=128255 scontext=u:r:gas_srv:s0 tcontext=u:r:system_app:s0 tclass=file permissive=1
04-20 18:59:54.370000  2031  2031 I auditd  : type=1400 audit(0.0:410): avc: denied { open } for comm="GpuAppSpectator" path="/proc/19016/cmdline" dev="proc" ino=128255 scontext=u:r:gas_srv:s0 tcontext=u:r:system_app:s0 tclass=file permissive=1
04-20 18:59:54.370000  2031  2031 I auditd  : type=1400 audit(0.0:411): avc: denied { getattr } for comm="GpuAppSpectator" path="/proc/19016/cmdline" dev="proc" ino=128255 scontext=u:r:gas_srv:s0 tcontext=u:r:system_app:s0 tclass=file permissive=1
04-20 18:59:54.511715   964   981 I am_pss  : [964,1000,system,70029312,63612928]
04-20 18:59:54.573952   964  1844 I am_proc_start: [0,19051,10010,com.google.android.gms:car,service,com.google.android.gms/.car.CarService]
04-20 18:59:54.576685   964  1582 I dvm_lock_sample: [system_server,1,Binder_5,29,ActivityManagerService.java,17352,-,17116,5]
04-20 18:59:54.707606   964   964 I notification_cancel: [10018,18992,com.android.vending,-1050172287,NULL,0,0,64,8,NULL]
04-20 18:59:54.793598 19016 19016 I sysui_view_visibility: [1,100]
04-20 18:59:54.827030   964  1843 I am_proc_bound: [0,19051,com.google.android.gms:car]
04-20 18:59:54.889112 19016 19016 I sysui_view_visibility: [35,100]
04-20 18:59:54.891609 19016 19016 I am_on_resume_called: [0,com.android.settings.Settings]
04-20 18:59:54.951394   964   964 I notification_cancel: [10018,18992,com.android.vending,-1050172287,NULL,0,0,64,8,NULL]
04-20 18:59:55.093683   964  1843 I am_proc_start: [0,19073,10023,com.google.android.googlequicksearchbox:search,broadcast,com.google.android.googlequicksearchbox/com.google.android.search.core.icingsync.IcingCorporaChangedReceiver]
04-20 18:59:55.229571   964   964 I notification_cancel: [10010,19051,com.google.android.gms,10436,NOT_LMP,0,0,64,8,NULL]
04-20 18:59:55.232136   964   964 I notification_cancel: [10010,19051,com.google.android.gms,39789,NOT_LMP,0,0,64,8,NULL]
04-20 18:59:55.387265   964  1843 I am_proc_bound: [0,19073,com.google.android.googlequicksearchbox:search]
04-20 18:59:55.437186   964   976 I am_proc_died: [0,18862,com.google.android.gms.wearable]
04-20 18:59:55.460274   964  1747 I dvm_lock_sample: [system_server,1,Binder_9,45,ActivityManagerService.java,17123,-,6860,9]
04-20 18:59:55.801647   964   964 I notification_cancel: [10010,19051,com.google.android.gms,10436,NULL,0,0,64,8,NULL]
04-20 18:59:55.820425   964  8871 I am_proc_died: [0,18736,com.android.defcontainer]
04-20 18:59:55.989666   964   964 I notification_cancel: [10018,18992,com.android.vending,10436,NULL,0,0,64,8,NULL]
04-20 18:59:56.011893   964  8872 I am_proc_start: [0,19093,10046,com.android.gallery3d,broadcast,com.android.gallery3d/.app.PackagesMonitor]
04-20 18:59:56.093477   964  1652 I am_proc_died: [0,18958,android.process.acore]
04-20 18:59:56.236680   964  1747 I am_proc_bound: [0,19093,com.android.gallery3d]
04-20 18:59:56.571985   964  1663 I am_proc_start: [0,19119,1000,com.android.keychain,broadcast,com.android.keychain/.KeyChainBroadcastReceiver]
04-20 18:59:56.657259   964   987 I am_activity_launch_time: [0,161380761,com.android.settings/.Settings,3164,3164]
04-20 18:59:56.824905   964  1162 I am_proc_bound: [0,19119,com.android.keychain]
04-20 18:59:56.950640   964  1843 I am_proc_start: [0,19139,10003,android.process.acore,broadcast,com.android.providers.contacts/.PackageIntentReceiver]
04-20 18:59:57.075556   964  8871 I am_proc_died: [0,19051,com.google.android.gms:car]
04-20 18:59:57.077062   964  8871 I am_schedule_service_restart: [0,com.google.android.gms/.car.CarService,1000]
04-20 18:59:57.182838   964  8872 I am_proc_bound: [0,19139,android.process.acore]
04-20 18:59:57.864058   964  2088 I am_home_stack_moved: [0,0,20,20,sourceStackToFront]
04-20 18:59:57.864400   964  2088 I wm_task_moved: [88,1,0]
04-20 18:59:57.870244   964  2088 I am_create_activity: [0,47974499,88,com.android.settings/.SubSettings,android.intent.action.MAIN,NULL,NULL,0]
04-20 18:59:57.871802   964  2088 I am_pause_activity: [0,161380761,com.android.settings/.Settings]
04-20 18:59:57.879211   964  2088 I am_home_stack_moved: [0,0,20,20,startedActivity setFocusedActivity]
04-20 18:59:57.879497   964  2088 I wm_task_moved: [88,1,0]
04-20 18:59:57.891078   964  2088 I am_focused_activity: [0,com.android.settings/.SubSettings]
04-20 18:59:57.909335 19016 19016 I sysui_view_visibility: [35,0]
04-20 18:59:57.911754 19016 19016 I sysui_view_visibility: [1,0]
04-20 18:59:57.918430 19016 19016 I am_on_paused_called: [0,com.android.settings.Settings]
04-20 18:59:57.930030   964  1927 I am_restart_activity: [0,47974499,88,com.android.settings/.SubSettings]
04-20 18:59:58.120370   964   982 I am_proc_start: [0,19162,10010,com.google.android.gms:car,service,com.google.android.gms/.car.CarService]
04-20 18:59:58.198041   964  1652 I am_proc_start: [0,19167,10013,com.google.android.partnersetup,broadcast,com.google.android.partnersetup/.RlzPingBroadcastReceiver]
04-20 18:59:58.471153   964  1670 I am_proc_died: [0,18992,com.android.vending]
04-20 18:59:58.564082   964  1162 I am_proc_bound: [0,19162,com.google.android.gms:car]
04-20 18:59:58.592861   964   975 I am_proc_bound: [0,19167,com.google.android.partnersetup]
