04-20 19:39:01.647316   964  1162 I am_proc_died: [0,20578,com.mediatek.engineermode]
04-20 19:39:01.650478   964  1162 I am_low_memory: 21
04-20 19:39:03.146250   964  1652 I am_finish_activity: [0,259511506,93,com.android.dialer/.DialtactsActivity,app-request]
04-20 19:39:03.180010   964  1652 I am_pause_activity: [0,259511506,com.android.dialer/.DialtactsActivity]
04-20 19:39:03.190930   964   964 I notification_cancel: [10006,20844,com.android.dialer,135331910,NULL,0,0,64,8,NULL]
04-20 19:39:03.194819 20844 20844 I am_on_paused_called: [0,com.android.dialer.DialtactsActivity]
04-20 19:39:03.196393   964  1663 I am_home_stack_moved: [0,1,0,0,noMoreActivities setFocusedActivity]
04-20 19:39:03.196553   964  1663 I wm_task_moved: [31,1,0]
04-20 19:39:03.204053   964  1663 I am_focused_activity: [0,com.android.launcher3/.Launcher]
04-20 19:39:03.213769   964  1663 I am_resume_activity: [0,104862808,31,com.android.launcher3/.Launcher]
04-20 19:39:03.219042   964   982 I am_destroy_activity: [0,259511506,93,com.android.dialer/.DialtactsActivity,finish-imm]
04-20 19:39:03.254502  1654  1654 I am_on_resume_called: [0,com.android.launcher3.Launcher]
04-20 19:39:03.313197   964   964 I notification_cancel: [1000,964,com.android.server.telecom,1,NULL,0,0,0,8,NULL]
04-20 19:39:03.461258   964  1844 I am_home_stack_moved: [0,1,0,0,activityDestroyed leftTaskHistoryEmpty]
04-20 19:39:03.634940   964   964 I notification_cancel: [10006,20844,com.android.dialer,1,DefaultVoicemailNotifier,0,0,64,8,NULL]
04-20 19:39:03.865302   964   987 I wm_stack_removed: 23
04-20 19:39:03.867413   964   987 I wm_task_removed: [93,removeAppToken: last token]
04-20 19:39:03.867567   964   987 I wm_task_removed: [93,removeTask]
04-20 19:39:03.872051   231   231 I sf_frame_dur: [com.android.dialer/com.android.dialer.DialtactsActivity,57,1,1,2,1,0,0]
04-20 19:39:05.073578   964  1663 I wm_stack_created: [24,0,0,0,0]
04-20 19:39:05.094222   964  1663 I am_home_stack_moved: [0,0,24,24,startingNewTask]
04-20 19:39:05.094808   964  1663 I am_create_task: [0,97]
04-20 19:39:05.095844   964  1663 I am_create_activity: [0,27662944,97,com.android.settings/.Settings,android.intent.action.MAIN,NULL,NULL,270532608]
04-20 19:39:05.103080   964  1663 I wm_task_created: [97,24]
04-20 19:39:05.103261   964  1663 I wm_task_moved: [97,1,0]
04-20 19:39:05.107819   964  1663 I am_pause_activity: [0,104862808,com.android.launcher3/.Launcher]
04-20 19:39:05.115078   964  1663 I am_home_stack_moved: [0,0,24,24,startedActivity setFocusedActivity]
04-20 19:39:05.115321   964  1663 I wm_task_moved: [97,1,0]
04-20 19:39:05.126843   964  1663 I am_focused_activity: [0,com.android.settings/.Settings]
04-20 19:39:05.151767  1654  1654 I am_on_paused_called: [0,com.android.launcher3.Launcher]
04-20 19:39:05.212933   964  1843 I am_proc_start: [0,20944,1000,com.android.settings,activity,com.android.settings/.Settings]
04-20 19:39:05.217148   964  1162 I dvm_lock_sample: [system_server,1,Binder_4,53,ActivityManagerService.java,17352,-,7205,10]
04-20 19:39:05.356943   964  1663 I force_gc: Binder
04-20 19:39:05.491926   964  1162 I am_proc_bound: [0,20944,com.android.settings]
04-20 19:39:05.509811   964  1162 I am_restart_activity: [0,27662944,97,com.android.settings/.Settings]
04-20 19:39:05.902154   231   231 I sf_frame_dur: [com.android.launcher3/com.android.launcher3.Launcher,16,2,0,0,0,0,1]
04-20 19:39:06.165442 20944 20944 I sysui_view_visibility: [1,100]
04-20 19:39:06.222758 20944 20944 I sysui_view_visibility: [35,100]
04-20 19:39:06.227254 20944 20944 I am_on_resume_called: [0,com.android.settings.Settings]
04-20 19:39:06.240000  2031  2031 I auditd  : type=1400 audit(0.0:460): avc: denied { read } for comm="GpuAppSpectator" name="cmdline" dev="proc" ino=139786 scontext=u:r:gas_srv:s0 tcontext=u:r:system_app:s0 tclass=file permissive=1
04-20 19:39:06.240000  2031  2031 I auditd  : type=1400 audit(0.0:461): avc: denied { open } for comm="GpuAppSpectator" path="/proc/20944/cmdline" dev="proc" ino=139786 scontext=u:r:gas_srv:s0 tcontext=u:r:system_app:s0 tclass=file permissive=1
04-20 19:39:06.240000  2031  2031 I auditd  : type=1400 audit(0.0:462): avc: denied { getattr } for comm="GpuAppSpectator" path="/proc/20944/cmdline" dev="proc" ino=139786 scontext=u:r:gas_srv:s0 tcontext=u:r:system_app:s0 tclass=file permissive=1
04-20 19:39:07.501520   964  1670 I am_proc_died: [0,20871,android.process.acore]
04-20 19:39:07.734919   964   987 I am_activity_launch_time: [0,27662944,com.android.settings/.Settings,2566,2566]
04-20 19:39:09.023251   964  1844 I am_home_stack_moved: [0,0,24,24,sourceStackToFront]
04-20 19:39:09.023539   964  1844 I wm_task_moved: [97,1,0]
04-20 19:39:09.032220   964  1844 I am_create_activity: [0,119963312,97,com.android.settings/.SubSettings,android.intent.action.MAIN,NULL,NULL,0]
04-20 19:39:09.034166   964  1844 I am_pause_activity: [0,27662944,com.android.settings/.Settings]
04-20 19:39:09.039257   964  1844 I am_home_stack_moved: [0,0,24,24,startedActivity setFocusedActivity]
04-20 19:39:09.040637   964  1844 I wm_task_moved: [97,1,0]
04-20 19:39:09.049170   964  1844 I am_focused_activity: [0,com.android.settings/.SubSettings]
04-20 19:39:09.058927 20944 20944 I sysui_view_visibility: [35,0]
04-20 19:39:09.060153 20944 20944 I sysui_view_visibility: [1,0]
04-20 19:39:09.065939 20944 20944 I am_on_paused_called: [0,com.android.settings.Settings]
04-20 19:39:09.074602   964  1663 I am_restart_activity: [0,119963312,97,com.android.settings/.SubSettings]
04-20 19:39:09.423907   964  1747 I force_gc: Binder
04-20 19:39:09.728802 20944 20944 I sysui_view_visibility: [110,100]
04-20 19:39:09.812128 20944 20944 I am_on_resume_called: [0,com.android.settings.SubSettings]
04-20 19:39:09.833727   964   979 I dvm_lock_sample: [system_server,1,Binder_3,5,ActivityManagerService.java,17501,-,16878,1]
04-20 19:39:10.406013   964   987 I am_activity_launch_time: [0,119963312,com.android.settings/.SubSettings,1338,1338]
04-20 19:39:10.556866   964  2089 I am_proc_died: [0,20844,com.android.dialer]
04-20 19:39:10.560475   964  2089 I am_low_memory: 20
04-20 19:39:10.616538   231   231 I sf_frame_dur: [com.android.settings/com.android.settings.Settings,61,3,2,0,2,1,0]
04-20 19:39:11.205825   964   964 I notification_cancel: [10022,1102,com.android.systemui,2131755032,low_battery,-1,0,64,8,NULL]
04-20 19:39:11.220850   964   981 I am_pss  : [16455,1002,com.android.bluetooth,14186496,13201408]
04-20 19:39:11.255055   964   981 I am_pss  : [1493,10052,com.android.inputmethod.latin,14698496,12133376]
04-20 19:39:11.292532   964   981 I am_pss  : [1529,10010,com.google.android.gms.persistent,22665216,19689472]
04-20 19:39:11.325601   964   981 I am_pss  : [2236,10010,com.google.process.gapps,17785856,14761984]
04-20 19:39:11.354600   964   981 I am_pss  : [20425,10016,com.android.mms,11390976,9179136]
04-20 19:39:11.383659   964   981 I am_pss  : [16957,10075,org.simalliance.openmobileapi.eseterminal,4563968,3121152]
04-20 19:39:11.411861   964   981 I am_pss  : [15789,10073,org.simalliance.openmobileapi.uicc2terminal,3592192,2154496]
04-20 19:39:11.440232   964   981 I am_pss  : [14208,10072,org.simalliance.openmobileapi.uicc1terminal,4515840,3076096]
04-20 19:39:11.468673   964   981 I am_pss  : [20350,10070,org.simalliance.openmobileapi.service:remote,5653504,4190208]
04-20 19:39:11.498267   964   981 I am_pss  : [1483,10023,com.google.android.googlequicksearchbox:interactor,3159040,1683456]
04-20 19:39:11.530708   964   981 I am_pss  : [20688,10007,android.process.media,11803648,9932800]
04-20 19:39:11.673258   964  1162 I am_home_stack_moved: [0,0,24,24,sourceStackToFront]
04-20 19:39:11.674951   964  1162 I wm_task_moved: [97,1,0]
04-20 19:39:11.679685   964  1162 I am_create_activity: [0,99385181,97,com.android.settings/.SubSettings,android.intent.action.MAIN,NULL,NULL,0]
04-20 19:39:11.682091   964  1162 I am_pause_activity: [0,119963312,com.android.settings/.SubSettings]
04-20 19:39:11.688469   964  1162 I am_home_stack_moved: [0,0,24,24,startedActivity setFocusedActivity]
04-20 19:39:11.688663   964  1162 I wm_task_moved: [97,1,0]
04-20 19:39:11.697680   964  1162 I am_focused_activity: [0,com.android.settings/.SubSettings]
04-20 19:39:11.716037 20944 20944 I sysui_view_visibility: [110,0]
04-20 19:39:11.731772 20944 20944 I am_on_paused_called: [0,com.android.settings.SubSettings]
04-20 19:39:11.739943   964  2088 I am_restart_activity: [0,99385181,97,com.android.settings/.SubSettings]
04-20 19:39:12.299750 20944 20944 I sysui_view_visibility: [90,100]
04-20 19:39:12.300036 20944 20944 I am_on_resume_called: [0,com.android.settings.SubSettings]
04-20 19:39:12.716885   964   987 I am_activity_launch_time: [0,99385181,com.android.settings/.SubSettings,983,983]
04-20 19:39:12.941881   231   231 I sf_frame_dur: [com.android.settings/com.android.settings.SubSettings,57,2,0,0,3,0,0]
04-20 19:39:13.594482   964  1582 I force_gc: Binder
04-20 19:39:15.126640   964  1023 I netstats_mobile_sample: [0,0,0,0,0,0,0,0,0,0,0,0,-1]
04-20 19:39:15.127897   964  1023 I netstats_wifi_sample: [156067,1593,295347,9846,123363,1275,247080,2550,123363,1275,247080,2550,-1]
04-20 19:39:15.204273   964   964 I notification_cancel: [10022,1102,com.android.systemui,2131755032,low_battery,-1,0,64,8,NULL]
04-20 19:39:15.250000  2031  2031 I auditd  : type=1400 audit(0.0:463): avc: denied { read } for comm="GpuAppSpectator" name="cmdline" dev="proc" ino=139786 scontext=u:r:gas_srv:s0 tcontext=u:r:system_app:s0 tclass=file permissive=1
04-20 19:39:15.250000  2031  2031 I auditd  : type=1400 audit(0.0:464): avc: denied { open } for comm="GpuAppSpectator" path="/proc/20944/cmdline" dev="proc" ino=139786 scontext=u:r:gas_srv:s0 tcontext=u:r:system_app:s0 tclass=file permissive=1
04-20 19:39:15.250000  2031  2031 I auditd  : type=1400 audit(0.0:465): avc: denied { getattr } for comm="GpuAppSpectator" path="/proc/20944/cmdline" dev="proc" ino=139786 scontext=u:r:gas_srv:s0 tcontext=u:r:system_app:s0 tclass=file permissive=1
04-20 19:39:15.297740   964   964 I notification_cancel: [1000,964,android,17040348,NULL,-1,0,0,8,NULL]
04-20 19:39:15.303243   964   964 I notification_canceled: [-1|android|17040348|null|1000,8,24216,24216,0]
04-20 19:39:15.308779   964   964 I notification_enqueue: [1000,964,android,17040347,NULL,-1,Notification(pri=-2 contentView=null vibrate=null sound=null tick defaults=0x0 flags=0x2 color=0xff607d8b vis=PUBLIC),0]
04-20 19:39:15.414877   964   964 I notification_cancel: [10022,1102,com.android.systemui,2131755032,low_battery,-1,0,64,8,NULL]
04-20 19:39:15.479788   964   964 I dvm_lock_sample: [system_server,1,main,14,LocalLog.java,-1,-,-1,2]
04-20 19:39:15.519254   964  1663 I dvm_lock_sample: [system_server,1,Binder_7,40,ActivityManagerService.java,17501,-,18313,8]
04-20 19:39:15.586080   964   964 I notification_cancel: [10022,1102,com.android.systemui,2131755032,low_battery,-1,0,64,8,NULL]
04-20 19:39:15.637568   964   981 I am_pss  : [20944,1000,com.android.settings,47775744,42484736]
04-20 19:39:15.699868   964  1023 I netstats_mobile_sample: [0,0,0,0,0,0,0,0,0,0,0,0,-1]
04-20 19:39:15.701008   964  1023 I netstats_wifi_sample: [156067,1593,295347,9846,123363,1275,247080,2550,123363,1275,247080,2550,-1]
04-20 19:39:15.950582   964   964 I notification_enqueue: [1000,964,android,17303171,NULL,-1,Notification(pri=0 contentView=null vibrate=null sound=null defaults=0x0 flags=0x2 color=0xff607d8b category=status vis=PUBLIC),0]
04-20 19:39:16.026524   964  1023 I netstats_mobile_sample: [0,0,0,0,0,0,0,0,0,0,0,0,-1]
04-20 19:39:16.027740   964  1023 I netstats_wifi_sample: [156067,1593,295347,9846,123363,1275,247080,2550,123363,1275,247080,2550,-1]
04-20 19:39:16.095524   964  8871 I notification_expansion: [-1|android|17303171|null|1000,0,1,146,146,0]
04-20 19:39:16.097879   964  1652 I notification_expansion: [0|com.mediatek.mtklogger|2130837539|null|10056,0,0,20597,20597,0]
04-20 19:39:18.452253   964  2088 I battery_status: [4,2,1,0,Li-ion]
04-20 19:39:18.536738   964   964 I dvm_lock_sample: [system_server,1,main,66,ActivityManagerService.java,18200,BroadcastQueue.java,713,13]
04-20 19:39:18.553745   964   964 I notification_cancel: [10022,1102,com.android.systemui,2131755032,low_battery,-1,0,64,8,NULL]
04-20 19:39:18.686836   964   982 I dvm_lock_sample: [system_server,1,ActivityManager,71,BatteryStatsService.java,259,-,886,14]
04-20 19:39:18.687281   964   982 I am_proc_start: [0,21052,10010,com.google.android.gms,broadcast,com.google.android.gms/com.google.android.libraries.social.autobackup.AutoBackupEnvironment$BatteryReceiver]
04-20 19:39:18.688329   964   964 I dvm_lock_sample: [system_server,1,main,132,ActivityManagerService.java,18200,BroadcastQueue.java,713,26]
04-20 19:39:18.759249   964   964 I notification_cancel: [10022,1102,com.android.systemui,2131755032,low_battery,-1,0,64,8,NULL]
04-20 19:39:18.825161   964   975 I am_proc_bound: [0,21052,com.google.android.gms]
04-20 19:39:19.444445   964   964 I notification_cancel: [1000,964,android,17040347,NULL,-1,0,0,8,NULL]
04-20 19:39:19.445851   964   964 I notification_canceled: [-1|android|17040347|null|1000,8,4137,4137,0]
04-20 19:39:19.446590   964   964 I notification_cancel: [1000,964,android,17040353,NULL,-1,0,0,8,NULL]
04-20 19:39:19.447832   964   964 I notification_canceled: [-1|android|17040353|null|1000,8,94523,94523,31783]
04-20 19:39:19.734812   964   964 I notification_cancel: [10010,21052,com.google.android.gms,10436,NOT_LMP,0,0,64,8,NULL]
04-20 19:39:19.736000   964   964 I notification_cancel: [10010,21052,com.google.android.gms,39789,NOT_LMP,0,0,64,8,NULL]
04-20 19:39:20.020662   964  1927 I am_proc_start: [0,21073,1000,com.fw.upgrade.sysoper,broadcast,com.fw.upgrade.sysoper/com.adups.fota.sysoper.TaskReceiver]
04-20 19:39:20.237206   964  1663 I am_proc_bound: [0,21073,com.fw.upgrade.sysoper]
04-20 19:39:20.575182   964  1670 I am_proc_died: [0,21073,com.fw.upgrade.sysoper]
04-20 19:39:20.580522   964  1670 I am_low_memory: 21
04-20 19:39:20.706400   964   964 I free_storage_changed: 12375588864
04-20 19:39:20.873356   964   976 I force_gc: Binder
04-20 19:39:20.977587   964  8872 I am_proc_start: [0,21104,10010,com.google.android.gms.wearable,service,com.google.android.gms/.wearable.service.WearableService]
04-20 19:39:21.171208   964   964 I notification_cancel: [10010,21052,com.google.android.gms,10436,NULL,0,0,64,8,NULL]
04-20 19:39:21.252611   964  1747 I am_proc_bound: [0,21104,com.google.android.gms.wearable]
04-20 19:39:21.478914   964   964 I notification_cancel: [10010,21104,com.google.android.gms,10436,NOT_LMP,0,0,64,8,NULL]
04-20 19:39:21.481135   964   964 I notification_cancel: [10010,21104,com.google.android.gms,39789,NOT_LMP,0,0,64,8,NULL]
04-20 19:39:23.234026  1102  1102 I sysui_panelholder_touch: [0,404,0]
04-20 19:39:23.237267  1102  1102 I sysui_count: [panel_open,1]
04-20 19:39:23.240943  1102  1102 I sysui_histogram: [note_load,2]
04-20 19:39:23.241812   964  1927 I notification_panel_revealed: 2
04-20 19:39:23.249973   964   976 I notification_visibility: [-1|android|17303171|null|1000,1,7300,7300,0,0]
04-20 19:39:23.762476   964   979 I notification_visibility: [0|com.mediatek.mtklogger|2130837539|null|10056,1,28262,28262,0,1]
04-20 19:39:24.801313   964  8871 I force_gc: Binder
04-20 19:39:26.742020   964   964 I force_gc: mem
04-20 19:39:26.975612   964   976 I notification_visibility: [-1|android|17303171|null|1000,0,11026,11026,0,0]
04-20 19:39:26.976007   964   976 I notification_visibility: [0|com.mediatek.mtklogger|2130837539|null|10056,0,31475,31475,0,1]
04-20 19:39:26.976427   964   975 I am_home_stack_moved: [0,0,24,24,startingNewTask]
04-20 19:39:26.976604   964   975 I wm_task_moved: [97,1,0]
04-20 19:39:26.976986   964  1652 I notification_panel_hidden: []
04-20 19:39:26.983242   964   975 I am_create_task: [0,98]
04-20 19:39:26.984384   964   975 I am_create_activity: [0,171196784,98,com.mediatek.mtklogger/.MainActivity,NULL,NULL,NULL,268435456]
04-20 19:39:26.985416   964   975 I wm_task_created: [98,24]
04-20 19:39:26.985626   964   975 I wm_task_moved: [98,1,1]
04-20 19:39:27.016146   964   975 I am_pause_activity: [0,99385181,com.android.settings/.SubSettings]
04-20 19:39:27.018965 20944 20944 I sysui_view_visibility: [90,0]
04-20 19:39:27.026657   964   975 I am_home_stack_moved: [0,0,24,24,startedActivity setFocusedActivity]
04-20 19:39:27.026936   964   975 I wm_task_moved: [98,1,1]
04-20 19:39:27.040923   964   975 I am_focused_activity: [0,com.mediatek.mtklogger/.MainActivity]
04-20 19:39:27.050529 20944 20944 I am_on_paused_called: [0,com.android.settings.SubSettings]
04-20 19:39:27.052110   964  8872 I notification_clicked: [0|com.mediatek.mtklogger|2130837539|null|10056,31552,31552,3290]
04-20 19:39:27.052823   964   964 I notification_cancel: [10022,1102,com.mediatek.mtklogger,2130837539,NULL,0,16,64,1,NULL]
04-20 19:39:27.053075   964   964 I sysui_histogram: [note_click_longevity,0]
04-20 19:39:27.066573   964   975 I am_restart_activity: [0,171196784,98,com.mediatek.mtklogger/.MainActivity]
04-20 19:39:27.344791   964  1844 I am_proc_died: [0,21104,com.google.android.gms.wearable]
04-20 19:39:27.421084 20174 20174 I am_on_resume_called: [0,com.mediatek.mtklogger.MainActivity]
04-20 19:39:27.874737   964   987 I am_activity_launch_time: [0,171196784,com.mediatek.mtklogger/.MainActivity,822,822]
04-20 19:39:27.917089   231   231 I sf_frame_dur: [com.android.settings/com.android.settings.SubSettings,66,6,2,1,1,2,1]
04-20 19:39:31.503771   964  1670 I force_gc: Binder
04-20 19:39:32.910785  1102  1102 I sqlite_mem_released: 0
04-20 19:39:32.918804  1102  1102 I force_gc: mem
04-20 19:39:33.921763   964   964 I notification_cancel: [1000,964,com.mediatek.mtklogger,2130837539,NULL,0,0,0,8,NULL]
04-20 19:39:33.924781   964   964 I notification_canceled: [0|com.mediatek.mtklogger|2130837539|null|10056,8,38424,38424,10162]
04-20 19:39:33.930608   964   964 I notification_enqueue: [10056,20174,com.mediatek.mtklogger,2130837539,NULL,0,Notification(pri=0 contentView=com.mediatek.mtklogger/0x1090085 vibrate=null sound=null tick defaults=0x0 flags=0x60 color=0x00000000 vis=PRIVATE),0]
04-20 19:39:34.067126   964   979 I notification_expansion: [0|com.mediatek.mtklogger|2130837539|null|10056,0,1,138,138,0]
04-20 19:39:34.073058   964  2088 I notification_expansion: [-1|android|17303171|null|1000,0,0,18123,18123,10823]
04-20 19:39:37.008465   964   975 I force_gc: Binder
04-20 19:39:37.344235   964   981 I am_pss  : [20174,10056,com.mediatek.mtklogger,43619328,40228864]
04-20 19:39:37.675205   964   964 I notification_cancel: [10056,20174,com.mediatek.mtklogger,2130837521,NULL,0,0,64,8,NULL]
04-20 19:39:37.996176   231   231 I sf_frame_dur: [,308,4,0,1,0,0,0]
04-20 19:39:38.403370   964   981 I am_pss  : [1654,10014,com.android.launcher3,26382336,23446528]
04-20 19:39:38.483610   964   964 I notification_cancel: [10022,1102,com.android.systemui,2131755032,low_battery,-1,0,64,8,NULL]
04-20 19:39:38.662965   964   964 I notification_cancel: [1000,964,com.mediatek.mtklogger,2130837539,NULL,0,0,0,8,NULL]
04-20 19:39:38.664178   964   964 I notification_canceled: [0|com.mediatek.mtklogger|2130837539|null|10056,8,4735,4735,0]
04-20 19:39:38.670109   964  1582 I notification_expansion: [-1|android|17303171|null|1000,0,1,22721,22721,15421]
04-20 19:39:41.281992   964  2088 I battery_status: [2,2,1,2,Li-ion]
04-20 19:39:41.354784   964   964 I notification_cancel: [10022,1102,com.android.systemui,2131755032,low_battery,-1,0,64,8,NULL]
04-20 19:39:41.386586   964  2089 I dvm_lock_sample: [system_server,1,Binder_E,62,ActivityManagerService.java,16878,BroadcastQueue.java,713,12]
04-20 19:39:41.550421   964  2088 I force_gc: Binder
04-20 19:39:41.603741   964   964 I notification_enqueue: [1000,964,android,17040347,NULL,-1,Notification(pri=-2 contentView=null vibrate=null sound=null tick defaults=0x0 flags=0x2 color=0xff607d8b vis=PUBLIC),0]
04-20 19:39:41.662174   964   964 I notification_enqueue: [1000,964,android,17040353,NULL,-1,Notification(pri=-1 contentView=null vibrate=null sound=null tick defaults=0x0 flags=0x2 color=0xff607d8b vis=PUBLIC),0]
04-20 19:39:42.865655 20174 21219 I dvm_lock_sample: [com.mediatek.mtklogger,0,Thread-2504,5184,Utils.java,-1,Thread.java,-2,100]
04-20 19:39:43.534349  1102  1102 I sysui_panelholder_touch: [0,200,0]
04-20 19:39:43.537249  1102  1102 I sysui_count: [panel_open,1]
04-20 19:39:43.540642  1102  1102 I sysui_histogram: [note_load,3]
04-20 19:39:43.541165   964  1652 I notification_panel_revealed: 3
04-20 19:39:43.545175   964  1844 I notification_visibility: [-1|android|17303171|null|1000,1,27596,27596,0,0]
04-20 19:39:43.679222   964   964 I notification_cancel: [10022,1102,com.android.systemui,2131755032,low_battery,-1,0,64,8,NULL]
04-20 19:39:44.047542   964  1747 I notification_visibility: [-1|android|17040353|null|1000,1,2386,2386,0,1]
04-20 19:39:44.047885   964  1747 I notification_visibility: [-1|android|17040347|null|1000,1,2444,2444,0,2]
04-20 19:39:44.507619   964  1670 I notification_visibility: [-1|android|17303171|null|1000,0,28558,28558,0,0]
04-20 19:39:44.508105   964  1670 I notification_visibility: [-1|android|17040353|null|1000,0,2847,2847,0,1]
04-20 19:39:44.508419   964  1670 I notification_visibility: [-1|android|17040347|null|1000,0,2905,2905,0,2]
04-20 19:39:44.509613   964  1844 I notification_panel_hidden: []
04-20 19:39:44.509786   964   975 I am_home_stack_moved: [0,0,24,24,startingNewTask]
04-20 19:39:44.510062   964   975 I wm_task_moved: [98,1,1]
04-20 19:39:44.517342   964   975 I am_create_task: [0,99]
04-20 19:39:44.518067   964   975 I am_create_activity: [0,223682892,99,com.android.settings/.deviceinfo.UsbModeChooserActivity,android.intent.action.MAIN,NULL,NULL,276856832]
04-20 19:39:44.526117   964   975 I wm_task_created: [99,24]
04-20 19:39:44.526350   964   975 I wm_task_moved: [99,1,2]
04-20 19:39:44.568845   964   975 I am_pause_activity: [0,171196784,com.mediatek.mtklogger/.MainActivity]
04-20 19:39:44.583625   964   975 I am_home_stack_moved: [0,0,24,24,startedActivity setFocusedActivity]
04-20 19:39:44.583899   964   975 I wm_task_moved: [99,1,2]
04-20 19:39:44.596121   964   975 I am_focused_activity: [0,com.android.settings/.deviceinfo.UsbModeChooserActivity]
04-20 19:39:44.600555 20174 20174 I am_on_paused_called: [0,com.mediatek.mtklogger.MainActivity]
04-20 19:39:44.601336   964  8871 I notification_clicked: [-1|android|17040347|null|1000,2998,2998,554]
04-20 19:39:44.602213   964   964 I notification_cancel: [10022,1102,android,17040347,NULL,-1,16,64,1,NULL]
04-20 19:39:44.602364   964   964 I sysui_histogram: [note_click_longevity,0]
04-20 19:39:44.615347   964  1582 I am_restart_activity: [0,223682892,99,com.android.settings/.deviceinfo.UsbModeChooserActivity]
04-20 19:39:44.617215   964  1582 I force_gc: Binder
04-20 19:39:44.968280 20944 20944 I am_on_resume_called: [0,com.android.settings.deviceinfo.UsbModeChooserActivity]
04-20 19:39:45.319799   964   987 I am_activity_launch_time: [0,223682892,com.android.settings/.deviceinfo.UsbModeChooserActivity,717,717]
04-20 19:39:45.330000  2031  2031 I auditd  : type=1400 audit(0.0:466): avc: denied { read } for comm="GpuAppSpectator" name="cmdline" dev="proc" ino=139786 scontext=u:r:gas_srv:s0 tcontext=u:r:system_app:s0 tclass=file permissive=1
04-20 19:39:45.330000  2031  2031 I auditd  : type=1400 audit(0.0:467): avc: denied { open } for comm="GpuAppSpectator" path="/proc/20944/cmdline" dev="proc" ino=139786 scontext=u:r:gas_srv:s0 tcontext=u:r:system_app:s0 tclass=file permissive=1
04-20 19:39:45.330000  2031  2031 I auditd  : type=1400 audit(0.0:468): avc: denied { getattr } for comm="GpuAppSpectator" path="/proc/20944/cmdline" dev="proc" ino=139786 scontext=u:r:gas_srv:s0 tcontext=u:r:system_app:s0 tclass=file permissive=1
04-20 19:39:46.488196   964  1652 I am_finish_activity: [0,223682892,99,com.android.settings/.deviceinfo.UsbModeChooserActivity,app-request]
04-20 19:39:46.490696   964  1652 I am_home_stack_moved: [0,0,24,24,finishActivity adjustFocus setFocusedActivity]
04-20 19:39:46.490935   964  1652 I wm_task_moved: [99,1,2]
04-20 19:39:46.498020   964  1652 I am_focused_activity: [0,com.mediatek.mtklogger/.MainActivity]
04-20 19:39:46.523160   964  1652 I am_pause_activity: [0,223682892,com.android.settings/.deviceinfo.UsbModeChooserActivity]
04-20 19:39:46.562020 20944 20944 I am_on_paused_called: [0,com.android.settings.deviceinfo.UsbModeChooserActivity]
04-20 19:39:46.578289   964  8871 I am_resume_activity: [0,171196784,98,com.mediatek.mtklogger/.MainActivity]
04-20 19:39:46.648137 20174 20174 I am_on_resume_called: [0,com.mediatek.mtklogger.MainActivity]
04-20 19:39:46.695917   231   231 I sf_frame_dur: [com.android.settings/com.android.settings.deviceinfo.UsbModeChooserActivity,0,0,1,1,0,0,0]
04-20 19:39:46.706522   964  1670 I am_destroy_activity: [0,223682892,99,com.android.settings/.deviceinfo.UsbModeChooserActivity,finish-imm]
04-20 19:39:46.841009   964   987 I wm_task_removed: [99,removeAppToken: last token]
04-20 19:39:46.841115   964   987 I wm_task_removed: [99,removeTask]
04-20 19:39:46.892194   964   964 I notification_cancel: [1000,964,android,17303171,NULL,-1,0,0,8,NULL]
04-20 19:39:46.893272   964   964 I notification_canceled: [-1|android|17303171|null|1000,8,30944,30944,3348]
04-20 19:39:46.902848   964  1663 I notification_expansion: [-1|android|17040353|null|1000,0,1,5241,5241,2855]
04-20 19:39:46.924975   964   964 I notification_cancel: [1000,964,android,17040347,NULL,-1,0,0,8,NULL]
04-20 19:39:46.925979   964   964 I notification_canceled: [-1|android|17040347|null|1000,8,5322,5322,2878]
04-20 19:39:46.930748   964   964 I notification_enqueue: [1000,964,android,17040348,NULL,-1,Notification(pri=-2 contentView=null vibrate=null sound=null tick defaults=0x0 flags=0x2 color=0xff607d8b vis=PUBLIC),0]
04-20 19:39:46.949649   964   964 I dvm_lock_sample: [system_server,1,main,15,ActivityManagerService.java,21884,BroadcastQueue.java,713,3]
04-20 19:39:46.999162   964  1023 I netstats_mobile_sample: [0,0,0,0,0,0,0,0,0,0,0,0,-1]
04-20 19:39:47.000334   964  1023 I netstats_wifi_sample: [156067,1593,295347,9846,123363,1275,247080,2550,123363,1275,247080,2550,-1]
04-20 19:39:47.097597   964  1023 I netstats_mobile_sample: [0,0,0,0,0,0,0,0,0,0,0,0,-1]
04-20 19:39:47.098660   964  1023 I netstats_wifi_sample: [156067,1593,295347,9846,123363,1275,247080,2550,123363,1275,247080,2550,-1]
04-20 19:39:48.987834   964   964 I notification_cancel: [10022,1102,com.android.systemui,2131755032,low_battery,-1,0,64,8,NULL]
04-20 19:39:50.721179   964   964 I free_storage_changed: 12372619264
04-20 19:39:54.006934  1483  1483 I sqlite_mem_released: 0
04-20 19:39:54.008660  1483  1483 I force_gc: mem
04-20 19:39:58.984121   964   964 I notification_cancel: [10022,1102,com.android.systemui,2131755032,low_battery,-1,0,64,8,NULL]
04-20 19:40:05.140536  1576  1576 I sqlite_mem_released: 30720
04-20 19:40:05.140715  1576  1576 I force_gc: mem
04-20 19:40:08.983722   964   964 I notification_cancel: [10022,1102,com.android.systemui,2131755032,low_battery,-1,0,64,8,NULL]
04-20 19:40:14.055350  1586  1586 I sqlite_mem_released: 0
04-20 19:40:14.055546  1586  1586 I force_gc: mem
04-20 19:40:18.989086   964   964 I notification_cancel: [10022,1102,com.android.systemui,2131755032,low_battery,-1,0,64,8,NULL]
04-20 19:40:24.052724  1602  1602 I sqlite_mem_released: 0
04-20 19:40:24.053638  1602  1602 I force_gc: mem
04-20 19:40:28.984622   964   964 I notification_cancel: [10022,1102,com.android.systemui,2131755032,low_battery,-1,0,64,8,NULL]
04-20 19:40:34.046330  1618  1618 I force_gc: mem
04-20 19:40:38.984786   964   964 I notification_cancel: [10022,1102,com.android.systemui,2131755032,low_battery,-1,0,64,8,NULL]
04-20 19:40:39.340000  1067  1067 I auditd  : type=1400 audit(0.0:469): avc: denied { open } for comm="PhotonicModulat" path="/sys/devices/platform/leds-mt65xx/leds/lcd-backlight/brightness" dev="sysfs" ino=11474 scontext=u:r:system_server:s0 tcontext=u:object_r:sys_lcd_brightness_file:s0 tclass=file permissive=1
04-20 19:40:44.049367 20174 20174 I sqlite_mem_released: 0
04-20 19:40:44.058860 20174 20174 I force_gc: mem
04-20 19:40:46.348804   964   990 I power_sleep_requested: 0
04-20 19:40:46.421523   964   964 I am_pause_activity: [0,171196784,com.mediatek.mtklogger/.MainActivity]
04-20 19:40:46.520719   964   983 I dvm_lock_sample: [system_server,1,android.ui,97,ActivityManagerService.java,3932,-,11171,19]
04-20 19:40:46.525394 20174 20174 I am_on_paused_called: [0,com.mediatek.mtklogger.MainActivity]
04-20 19:40:46.529655   964   982 I am_focused_activity: [0,com.mediatek.mtklogger/.MainActivity]
04-20 19:40:46.574906   964   981 I am_pss  : [20944,1000,com.android.settings,30464000,25203712]
04-20 19:40:46.606392   964   981 I am_pss  : [21052,10010,com.google.android.gms,21221376,16879616]
04-20 19:40:46.638868   964   981 I am_pss  : [20688,10007,android.process.media,12068864,10235904]
04-20 19:40:47.094092   964   964 I power_screen_state: [0,3,0,0]
04-20 19:40:47.094164   964   964 I screen_toggled: 0
04-20 19:40:47.094249   964   964 I sysui_histogram: [screen_timeout,60]
04-20 19:40:47.095225   964   964 I power_screen_broadcast_send: 1
04-20 19:40:47.290585   964   964 I power_screen_broadcast_done: [0,196,1]
04-20 19:40:48.972621   964   964 I notification_cancel: [10022,1102,com.android.systemui,2131755032,low_battery,-1,0,64,8,NULL]
04-20 19:40:51.469570   964   979 I notification_expansion: [-1|android|17040353|null|1000,0,0,69808,69808,67422]
04-20 19:40:51.541763  1102  1102 I sysui_status_bar_state: [1,1,0,0,0,1]
04-20 19:40:51.551500   964   981 I am_pss  : [1102,10022,com.android.systemui,48292864,44512256]
04-20 19:40:51.585250   964   981 I am_pss  : [1618,1000,com.mediatek.nlpservice,4348928,2953216]
04-20 19:40:51.620105   964   981 I am_pss  : [1602,1001,com.mediatek.ims,5149696,3584000]
04-20 19:40:51.626073   231   231 I sf_frame_dur: [NavigationBar,341,16,0,4,4,0,4]
04-20 19:40:51.654527   964   981 I am_pss  : [1586,1001,com.mediatek.gba,4034560,2658304]
04-20 19:40:51.700493   964   981 I am_pss  : [1576,1001,com.android.phone,17015808,15089664]
04-20 19:40:51.799699   964   981 I am_pss  : [964,1000,system,72046592,68629504]
04-20 19:40:57.064553  1529  1529 I sqlite_mem_released: 0
04-20 19:40:57.064748  1529  1529 I force_gc: mem
04-20 19:40:58.972439   964   964 I notification_cancel: [10022,1102,com.android.systemui,2131755032,low_battery,-1,0,64,8,NULL]
04-20 19:41:05.166107  2236  2236 I sqlite_mem_released: 10240
04-20 19:41:05.166308  2236  2236 I force_gc: mem
04-20 19:41:08.972290   964   964 I notification_cancel: [10022,1102,com.android.systemui,2131755032,low_battery,-1,0,64,8,NULL]
04-20 19:41:14.019184  1493  1493 I sqlite_mem_released: 0
04-20 19:41:14.019395  1493  1493 I force_gc: mem
04-20 19:41:18.972708   964   964 I notification_cancel: [10022,1102,com.android.systemui,2131755032,low_battery,-1,0,64,8,NULL]
04-20 19:41:24.023966 16455 16455 I sqlite_mem_released: 0
04-20 19:41:24.027040 16455 16455 I force_gc: mem
04-20 19:41:28.971675   964   964 I notification_cancel: [10022,1102,com.android.systemui,2131755032,low_battery,-1,0,64,8,NULL]
04-20 19:41:34.018033 20350 20350 I sqlite_mem_released: 0
04-20 19:41:34.018867 20350 20350 I force_gc: mem
04-20 19:41:38.982989   964   964 I notification_cancel: [10022,1102,com.android.systemui,2131755032,low_battery,-1,0,64,8,NULL]
04-20 19:41:44.025108 14208 14208 I sqlite_mem_released: 0
04-20 19:41:44.025334 14208 14208 I force_gc: mem
04-20 19:41:48.972618   964   964 I notification_cancel: [10022,1102,com.android.systemui,2131755032,low_battery,-1,0,64,8,NULL]
04-20 19:41:54.019409 15789 15789 I sqlite_mem_released: 0
04-20 19:41:54.019798 15789 15789 I force_gc: mem
04-20 19:41:58.973367   964   964 I notification_cancel: [10022,1102,com.android.systemui,2131755032,low_battery,-1,0,64,8,NULL]
04-20 19:42:00.145231   964   981 I am_pss  : [20174,10056,com.mediatek.mtklogger,40885248,37450752]
04-20 19:42:05.157274 16957 16957 I sqlite_mem_released: 0
04-20 19:42:05.157501 16957 16957 I force_gc: mem
04-20 19:42:08.990576   964   964 I notification_cancel: [10022,1102,com.android.systemui,2131755032,low_battery,-1,0,64,8,NULL]
04-20 19:42:14.050383 20425 20425 I sqlite_mem_released: 0
04-20 19:42:14.051053 20425 20425 I force_gc: mem
04-20 19:42:18.949299   964   975 I battery_level: [98,4044,300]
04-20 19:42:18.986451   964   964 I notification_cancel: [10022,1102,com.android.systemui,2131755032,low_battery,-1,0,64,8,NULL]
04-20 19:42:24.038790  1654  1654 I sqlite_mem_released: 0
04-20 19:42:24.040599  1654  1654 I force_gc: mem
04-20 19:42:28.982536   964   964 I notification_cancel: [10022,1102,com.android.systemui,2131755032,low_battery,-1,0,64,8,NULL]
04-20 19:42:38.972248   964   964 I notification_cancel: [10022,1102,com.android.systemui,2131755032,low_battery,-1,0,64,8,NULL]
04-20 19:42:47.973361   964   964 I notification_cancel: [10022,1102,com.android.systemui,2131755032,low_battery,-1,0,64,8,NULL]
04-20 19:42:57.972629   964   964 I notification_cancel: [10022,1102,com.android.systemui,2131755032,low_battery,-1,0,64,8,NULL]
04-20 19:43:07.976906   964   964 I notification_cancel: [10022,1102,com.android.systemui,2131755032,low_battery,-1,0,64,8,NULL]
04-20 19:43:17.971691   964   964 I notification_cancel: [10022,1102,com.android.systemui,2131755032,low_battery,-1,0,64,8,NULL]
04-20 19:43:27.975133   964   964 I notification_cancel: [10022,1102,com.android.systemui,2131755032,low_battery,-1,0,64,8,NULL]
04-20 19:43:31.642156   964   964 I power_screen_state: [1,0,0,0]
04-20 19:43:31.642298   964   964 I screen_toggled: 1
04-20 19:43:31.643254   964   964 I power_screen_broadcast_send: 1
04-20 19:43:31.645317  1102  1102 I sysui_histogram: [note_load,2]
04-20 19:43:31.646710   964  8871 I notification_panel_revealed: 2
04-20 19:43:31.722760   964  1747 I notification_visibility: [-1|android|17040353|null|1000,1,230061,230061,0,0]
04-20 19:43:31.995680   231   231 I sf_frame_dur: [ColorFade,13,7,2,1,0,0,0]
04-20 19:43:32.122998   964   964 I power_screen_broadcast_done: [1,480,1]
04-20 19:43:32.629460  1102  1102 I sysui_lockscreen_gesture: [1,278,4059]
04-20 19:43:32.734407   964  1844 I notification_visibility: [-1|android|17040353|null|1000,0,231073,231073,0,0]
04-20 19:43:32.735459   964  2089 I notification_panel_hidden: []
04-20 19:43:32.739782  1102  1102 I screen_toggled: 2
04-20 19:43:32.743063  1102  1102 I screen_toggled: 2
04-20 19:43:32.767293   964  1747 I am_resume_activity: [0,171196784,98,com.mediatek.mtklogger/.MainActivity]
04-20 19:43:32.804370 20174 20174 I am_on_resume_called: [0,com.mediatek.mtklogger.MainActivity]
04-20 19:43:32.829922   964  1582 I notification_expansion: [-1|android|17040353|null|1000,0,1,231168,231168,1107]
04-20 19:43:32.843550  1102  1102 I sysui_status_bar_state: [0,0,0,0,0,1]
04-20 19:43:37.980807   964   964 I notification_cancel: [10022,1102,com.android.systemui,2131755032,low_battery,-1,0,64,8,NULL]
04-20 19:43:47.977401   964   964 I notification_cancel: [10022,1102,com.android.systemui,2131755032,low_battery,-1,0,64,8,NULL]
04-20 19:43:57.985397   964   964 I notification_cancel: [10022,1102,com.android.systemui,2131755032,low_battery,-1,0,64,8,NULL]
04-20 19:44:07.994118   964   964 I notification_cancel: [10022,1102,com.android.systemui,2131755032,low_battery,-1,0,64,8,NULL]
04-20 19:44:17.987340   964   964 I notification_cancel: [10022,1102,com.android.systemui,2131755032,low_battery,-1,0,64,8,NULL]
04-20 19:44:27.986291   964   964 I notification_cancel: [10022,1102,com.android.systemui,2131755032,low_battery,-1,0,64,8,NULL]
04-20 19:44:32.466286   964   990 I power_sleep_requested: 0
04-20 19:44:32.572685   964   964 I am_pause_activity: [0,171196784,com.mediatek.mtklogger/.MainActivity]
04-20 19:44:32.681021 20174 20174 I am_on_paused_called: [0,com.mediatek.mtklogger.MainActivity]
04-20 19:44:32.684918   964   982 I am_focused_activity: [0,com.mediatek.mtklogger/.MainActivity]
04-20 19:44:33.183138   964   964 I power_screen_state: [0,3,0,0]
04-20 19:44:33.183203   964   964 I screen_toggled: 0
04-20 19:44:33.183288   964   964 I sysui_histogram: [screen_timeout,60]
04-20 19:44:33.184514   964   964 I power_screen_broadcast_send: 1
04-20 19:44:33.370864   964   964 I power_screen_broadcast_done: [0,186,1]
04-20 19:44:37.569692   964   976 I notification_expansion: [-1|android|17040353|null|1000,0,0,295908,295908,65847]
04-20 19:44:37.647443  1102  1102 I sysui_status_bar_state: [1,1,0,0,0,1]
04-20 19:44:37.723821   231   231 I sf_frame_dur: [NavigationBar,11,0,0,0,0,0,0]
04-20 19:44:37.950625   964   964 I notification_cancel: [10022,1102,com.android.systemui,2131755032,low_battery,-1,0,64,8,NULL]
04-20 19:44:47.968871   964   964 I notification_cancel: [10022,1102,com.android.systemui,2131755032,low_battery,-1,0,64,8,NULL]
04-20 19:44:57.968437   964   964 I notification_cancel: [10022,1102,com.android.systemui,2131755032,low_battery,-1,0,64,8,NULL]
04-20 19:45:01.049679   964   982 I am_proc_start: [0,21277,10036,com.android.deskclock,broadcast,com.android.deskclock/com.android.alarmclock.DigitalAppWidgetProvider]
04-20 19:45:01.237732   964  1747 I am_proc_bound: [0,21277,com.android.deskclock]
04-20 19:45:01.507973   964  1843 I am_proc_died: [0,20944,com.android.settings]
04-20 19:45:01.508569   964  1927 I dvm_lock_sample: [system_server,0,Binder_C,20,Session.java,152,WindowState.java,1213,4]
04-20 19:45:07.969583   964   964 I notification_cancel: [10022,1102,com.android.systemui,2131755032,low_battery,-1,0,64,8,NULL]
04-20 19:45:17.970751   964   964 I notification_cancel: [10022,1102,com.android.systemui,2131755032,low_battery,-1,0,64,8,NULL]
04-20 19:45:27.971646   964   964 I notification_cancel: [10022,1102,com.android.systemui,2131755032,low_battery,-1,0,64,8,NULL]
04-20 19:45:38.171606   964   964 I notification_cancel: [10022,1102,com.android.systemui,2131755032,low_battery,-1,0,64,8,NULL]
04-20 19:45:58.172804   964   964 I notification_cancel: [10022,1102,com.android.systemui,2131755032,low_battery,-1,0,64,8,NULL]
04-20 19:46:00.156643   964   981 I am_pss  : [21277,10036,com.android.deskclock,7527424,5943296]
04-20 19:46:28.172487   964   964 I notification_cancel: [10022,1102,com.android.systemui,2131755032,low_battery,-1,0,64,8,NULL]
04-20 19:47:08.182084   964   964 I notification_cancel: [10022,1102,com.android.systemui,2131755032,low_battery,-1,0,64,8,NULL]
04-20 19:47:48.172714   964   964 I notification_cancel: [10022,1102,com.android.systemui,2131755032,low_battery,-1,0,64,8,NULL]
04-20 19:48:28.172515   964   964 I notification_cancel: [10022,1102,com.android.systemui,2131755032,low_battery,-1,0,64,8,NULL]
04-20 19:48:38.181512   964   964 I notification_cancel: [10022,1102,com.android.systemui,2131755032,low_battery,-1,0,64,8,NULL]
04-20 19:48:48.181685   964   964 I notification_cancel: [10022,1102,com.android.systemui,2131755032,low_battery,-1,0,64,8,NULL]
04-20 19:48:58.182439   964   964 I notification_cancel: [10022,1102,com.android.systemui,2131755032,low_battery,-1,0,64,8,NULL]
04-20 19:49:08.182996   964   964 I notification_cancel: [10022,1102,com.android.systemui,2131755032,low_battery,-1,0,64,8,NULL]
04-20 19:49:18.182448   964   964 I notification_cancel: [10022,1102,com.android.systemui,2131755032,low_battery,-1,0,64,8,NULL]
04-20 19:49:28.182765   964   964 I notification_cancel: [10022,1102,com.android.systemui,2131755032,low_battery,-1,0,64,8,NULL]
04-20 19:49:37.872080   964   964 I power_screen_state: [1,0,0,0]
04-20 19:49:37.872222   964   964 I screen_toggled: 1
04-20 19:49:37.873162   964   964 I power_screen_broadcast_send: 1
04-20 19:49:37.875631  1102  1102 I sysui_histogram: [note_load,2]
04-20 19:49:37.877050   964  2089 I notification_panel_revealed: 2
04-20 19:49:37.882248   964  1747 I notification_visibility: [-1|android|17040353|null|1000,1,596221,596221,0,0]
04-20 19:49:38.220000  1067  1067 I auditd  : type=1400 audit(0.0:470): avc: denied { open } for comm="PhotonicModulat" path="/sys/devices/platform/leds-mt65xx/leds/lcd-backlight/brightness" dev="sysfs" ino=11474 scontext=u:r:system_server:s0 tcontext=u:object_r:sys_lcd_brightness_file:s0 tclass=file permissive=1
04-20 19:49:38.245428   231   231 I sf_frame_dur: [ColorFade,14,6,4,0,0,0,0]
04-20 19:49:38.322087   964   964 I notification_cancel: [10022,1102,com.android.systemui,2131755032,low_battery,-1,0,64,8,NULL]
04-20 19:49:38.355559   964   964 I power_screen_broadcast_done: [1,483,1]
04-20 19:49:39.050257  1102  1102 I sysui_lockscreen_gesture: [1,342,2359]
04-20 19:49:39.181169   964   976 I notification_visibility: [-1|android|17040353|null|1000,0,597520,597520,0,0]
04-20 19:49:39.182199   964  1162 I notification_panel_hidden: []
04-20 19:49:39.186802  1102  1102 I screen_toggled: 2
04-20 19:49:39.190226  1102  1102 I screen_toggled: 2
04-20 19:49:39.211573   964   979 I am_resume_activity: [0,171196784,98,com.mediatek.mtklogger/.MainActivity]
04-20 19:49:39.242371 20174 20174 I am_on_resume_called: [0,com.mediatek.mtklogger.MainActivity]
04-20 19:49:39.272446   964  1747 I notification_expansion: [-1|android|17040353|null|1000,0,1,597611,597611,1390]
04-20 19:49:39.284420  1102  1102 I sysui_status_bar_state: [0,0,0,0,0,1]
04-20 19:49:39.746398   964   981 I am_meminfo: [149512192,39448576,51105792,295948288,45660160]
04-20 19:49:39.789632   964   981 I am_pss  : [20174,10056,com.mediatek.mtklogger,42762240,39402496]
04-20 19:49:39.822099   964   981 I am_pss  : [16455,1002,com.android.bluetooth,14213120,13250560]
04-20 19:49:39.857142   964   981 I am_pss  : [1654,10014,com.android.launcher3,26540032,23337984]
04-20 19:49:39.890506   964   981 I am_pss  : [1493,10052,com.android.inputmethod.latin,14842880,12172288]
04-20 19:49:39.927709   964   981 I am_pss  : [1529,10010,com.google.android.gms.persistent,20790272,16904192]
04-20 19:49:39.959587  1102  1102 I sysui_panelholder_touch: [0,265,0]
04-20 19:49:39.961607   964   981 I am_pss  : [2236,10010,com.google.process.gapps,16891904,14057472]
04-20 19:49:39.962195  1102  1102 I sysui_count: [panel_open,1]
04-20 19:49:39.965034  1102  1102 I sysui_histogram: [note_load,2]
04-20 19:49:39.965633   964  8871 I notification_panel_revealed: 2
04-20 19:49:39.969648   964  1670 I notification_visibility: [-1|android|17040353|null|1000,1,598308,598308,0,0]
04-20 19:49:39.992122   964   981 I am_pss  : [20425,10016,com.android.mms,11400192,9367552]
04-20 19:49:40.020979   964   981 I am_pss  : [16957,10075,org.simalliance.openmobileapi.eseterminal,4439040,3076096]
04-20 19:49:40.053111   964   981 I am_pss  : [15789,10073,org.simalliance.openmobileapi.uicc2terminal,4383744,3018752]
04-20 19:49:40.094612   964   981 I am_pss  : [14208,10072,org.simalliance.openmobileapi.uicc1terminal,4410368,3043328]
04-20 19:49:40.128237   964   981 I am_pss  : [20350,10070,org.simalliance.openmobileapi.service:remote,5668864,4272128]
04-20 19:49:40.164887   964   981 I am_pss  : [1618,1000,com.mediatek.nlpservice,4348928,2957312]
04-20 19:49:40.196541   964   981 I am_pss  : [1602,1001,com.mediatek.ims,5194752,3600384]
04-20 19:49:40.227102   964   981 I am_pss  : [1586,1001,com.mediatek.gba,4028416,2658304]
04-20 19:49:40.281599   964   981 I am_pss  : [1576,1001,com.android.phone,17367040,15376384]
04-20 19:49:40.313337   964   981 I am_pss  : [1483,10023,com.google.android.googlequicksearchbox:interactor,4752384,3346432]
04-20 19:49:40.363294   964   981 I am_pss  : [1102,10022,com.android.systemui,59037696,55467008]
04-20 19:49:40.453708   964   981 I am_pss  : [964,1000,system,61299712,58248192]
04-20 19:49:40.470643   964  1844 I notification_visibility: [-1|android|17040348|null|1000,1,593540,593540,0,1]
04-20 19:49:41.118121   964  1927 I notification_visibility: [-1|android|17040348|null|1000,0,594188,594188,0,1]
04-20 19:49:41.118428   964  1927 I notification_visibility: [-1|android|17040353|null|1000,0,599457,599457,0,0]
04-20 19:49:41.119410   964  1844 I notification_panel_hidden: []
04-20 19:49:41.119686   964  1652 I am_home_stack_moved: [0,0,24,24,startingNewTask]
04-20 19:49:41.119901   964  1652 I wm_task_moved: [98,1,1]
04-20 19:49:41.125354   964  1652 I am_create_task: [0,100]
04-20 19:49:41.126018   964  1652 I am_create_activity: [0,154173403,100,com.android.settings/.deviceinfo.UsbModeChooserActivity,android.intent.action.MAIN,NULL,NULL,276856832]
04-20 19:49:41.132536   964  1652 I wm_task_created: [100,24]
04-20 19:49:41.135660   964  1652 I wm_task_moved: [100,1,2]
04-20 19:49:41.173830   964  1652 I am_pause_activity: [0,171196784,com.mediatek.mtklogger/.MainActivity]
04-20 19:49:41.180283   964  1652 I am_home_stack_moved: [0,0,24,24,startedActivity setFocusedActivity]
04-20 19:49:41.180556   964  1652 I wm_task_moved: [100,1,2]
04-20 19:49:41.190387   964  1652 I am_focused_activity: [0,com.android.settings/.deviceinfo.UsbModeChooserActivity]
04-20 19:49:41.192483 20174 20174 I am_on_paused_called: [0,com.mediatek.mtklogger.MainActivity]
04-20 19:49:41.195123   964  1747 I notification_clicked: [-1|android|17040348|null|1000,594265,594265,725]
04-20 19:49:41.195741   964   964 I notification_cancel: [10022,1102,android,17040348,NULL,-1,16,64,1,NULL]
04-20 19:49:41.195913   964   964 I sysui_histogram: [note_click_longevity,9]
04-20 19:49:41.235932   964  2088 I am_proc_start: [0,21299,1000,com.android.settings,activity,com.android.settings/.deviceinfo.UsbModeChooserActivity]
04-20 19:49:41.441911   964  1927 I am_proc_bound: [0,21299,com.android.settings]
04-20 19:49:41.453206   964  1927 I am_restart_activity: [0,154173403,100,com.android.settings/.deviceinfo.UsbModeChooserActivity]
04-20 19:49:41.740000  2031  2031 I auditd  : type=1400 audit(0.0:471): avc: denied { read } for comm="GpuAppSpectator" name="cmdline" dev="proc" ino=142575 scontext=u:r:gas_srv:s0 tcontext=u:r:system_app:s0 tclass=file permissive=1
04-20 19:49:41.740000  2031  2031 I auditd  : type=1400 audit(0.0:472): avc: denied { open } for comm="GpuAppSpectator" path="/proc/21299/cmdline" dev="proc" ino=142575 scontext=u:r:gas_srv:s0 tcontext=u:r:system_app:s0 tclass=file permissive=1
04-20 19:49:41.740000  2031  2031 I auditd  : type=1400 audit(0.0:473): avc: denied { getattr } for comm="GpuAppSpectator" path="/proc/21299/cmdline" dev="proc" ino=142575 scontext=u:r:gas_srv:s0 tcontext=u:r:system_app:s0 tclass=file permissive=1
04-20 19:49:41.971363 21299 21299 I am_on_resume_called: [0,com.android.settings.deviceinfo.UsbModeChooserActivity]
04-20 19:49:42.362707   964   987 I am_activity_launch_time: [0,154173403,com.android.settings/.deviceinfo.UsbModeChooserActivity,1167,1167]
04-20 19:49:48.194515   964   964 I notification_cancel: [10022,1102,com.android.systemui,2131755032,low_battery,-1,0,64,8,NULL]
04-20 19:49:50.264654   964  1582 I am_finish_activity: [0,154173403,100,com.android.settings/.deviceinfo.UsbModeChooserActivity,app-request]
04-20 19:49:50.267275   964  1582 I am_home_stack_moved: [0,0,24,24,finishActivity adjustFocus setFocusedActivity]
04-20 19:49:50.267528   964  1582 I wm_task_moved: [100,1,2]
04-20 19:49:50.276591   964  1582 I am_focused_activity: [0,com.mediatek.mtklogger/.MainActivity]
04-20 19:49:50.320922   964  1582 I am_pause_activity: [0,154173403,com.android.settings/.deviceinfo.UsbModeChooserActivity]
04-20 19:49:50.387322 21299 21299 I am_on_paused_called: [0,com.android.settings.deviceinfo.UsbModeChooserActivity]
04-20 19:49:50.410698   964   976 I am_resume_activity: [0,171196784,98,com.mediatek.mtklogger/.MainActivity]
04-20 19:49:50.450225 20174 20174 I am_on_resume_called: [0,com.mediatek.mtklogger.MainActivity]
04-20 19:49:50.461317   964  2088 I am_destroy_activity: [0,154173403,100,com.android.settings/.deviceinfo.UsbModeChooserActivity,finish-imm]
04-20 19:49:50.517666   964   981 I am_pss  : [20174,10056,com.mediatek.mtklogger,41693184,38458368]
04-20 19:49:51.128270   964   987 I wm_task_removed: [100,removeAppToken: last token]
04-20 19:49:51.128420   964   987 I wm_task_removed: [100,removeTask]
04-20 19:49:51.138728   231   231 I sf_frame_dur: [com.android.settings/com.android.settings.deviceinfo.UsbModeChooserActivity,12,2,2,0,0,0,2]
04-20 19:49:52.759540   964   979 I am_home_stack_moved: [0,0,24,24,sourceStackToFront]
04-20 19:49:52.759796   964   979 I wm_task_moved: [98,1,1]
04-20 19:49:52.765176   964   979 I am_create_activity: [0,73755642,98,com.mediatek.mtklogger/.LogFolderListActivity,NULL,NULL,NULL,0]
04-20 19:49:52.767396   964   979 I am_pause_activity: [0,171196784,com.mediatek.mtklogger/.MainActivity]
04-20 19:49:52.771656   964   979 I am_home_stack_moved: [0,0,24,24,startedActivity setFocusedActivity]
04-20 19:49:52.771869   964   979 I wm_task_moved: [98,1,1]
04-20 19:49:52.779366   964   979 I am_focused_activity: [0,com.mediatek.mtklogger/.LogFolderListActivity]
04-20 19:49:52.784254 20174 20174 I am_on_paused_called: [0,com.mediatek.mtklogger.MainActivity]
04-20 19:49:52.791158   964  1663 I am_restart_activity: [0,73755642,98,com.mediatek.mtklogger/.LogFolderListActivity]
04-20 19:49:52.868937 20174 20174 I am_on_resume_called: [0,com.mediatek.mtklogger.LogFolderListActivity]
04-20 19:49:53.129741   964   987 I am_activity_launch_time: [0,73755642,com.mediatek.mtklogger/.LogFolderListActivity,344,344]
04-20 19:49:53.364855   231   231 I sf_frame_dur: [com.mediatek.mtklogger/com.mediatek.mtklogger.MainActivity,3,3,2,2,1,10,8]
04-20 19:49:54.483167  1102  1102 I sysui_panelholder_touch: [0,713,21]
04-20 19:49:54.491554  1102  1102 I sysui_count: [panel_open,1]
04-20 19:49:54.495284  1102  1102 I sysui_histogram: [note_load,2]
04-20 19:49:54.495830   964  1652 I notification_panel_revealed: 2
04-20 19:49:54.499580   964   979 I notification_visibility: [-1|android|17040353|null|1000,1,612838,612838,0,0]
