04-20 19:54:07.867461   964   964 I notification_cancel: [10022,1102,com.android.systemui,2131755032,low_battery,-1,0,64,8,NULL]
04-20 19:54:13.073509  1493  1493 I sqlite_mem_released: 0
04-20 19:54:13.073720  1493  1493 I force_gc: mem
04-20 19:54:17.861818   964   964 I notification_cancel: [10022,1102,com.android.systemui,2131755032,low_battery,-1,0,64,8,NULL]
04-20 19:54:22.908263 16455 16455 I sqlite_mem_released: 0
04-20 19:54:22.908436 16455 16455 I force_gc: mem
04-20 19:54:27.832255   964  1663 I battery_level: [98,4064,300]
04-20 19:54:27.864655   964   964 I notification_cancel: [10022,1102,com.android.systemui,2131755032,low_battery,-1,0,64,8,NULL]
04-20 19:54:32.919370 20350 20350 I sqlite_mem_released: 0
04-20 19:54:32.919608 20350 20350 I force_gc: mem
04-20 19:54:37.867223   964   964 I notification_cancel: [10022,1102,com.android.systemui,2131755032,low_battery,-1,0,64,8,NULL]
04-20 19:54:42.915892 14208 14208 I sqlite_mem_released: 0
04-20 19:54:42.916132 14208 14208 I force_gc: mem
04-20 19:54:47.921117 15789 15789 I sqlite_mem_released: 0
04-20 19:54:47.921357 15789 15789 I force_gc: mem
04-20 19:54:52.925172 16957 16957 I sqlite_mem_released: 0
04-20 19:54:52.925408 16957 16957 I force_gc: mem
04-20 19:54:57.930778 20425 20425 I sqlite_mem_released: 0
04-20 19:54:57.930927 20425 20425 I force_gc: mem
04-20 19:55:00.196344   964   981 I am_pss  : [20174,10056,com.mediatek.mtklogger,41297920,37983232]
04-20 19:55:05.210594  1654  1654 I sqlite_mem_released: 0
04-20 19:55:05.212351  1654  1654 I force_gc: mem
04-20 19:55:37.881358   964   964 I notification_cancel: [10022,1102,com.android.systemui,2131755032,low_battery,-1,0,64,8,NULL]
04-20 19:55:47.867048   964   964 I notification_cancel: [10022,1102,com.android.systemui,2131755032,low_battery,-1,0,64,8,NULL]
04-20 19:55:57.865230   964   964 I notification_cancel: [10022,1102,com.android.systemui,2131755032,low_battery,-1,0,64,8,NULL]
04-20 19:56:07.877343   964   964 I notification_cancel: [10022,1102,com.android.systemui,2131755032,low_battery,-1,0,64,8,NULL]
04-20 19:56:17.863311   964   964 I notification_cancel: [10022,1102,com.android.systemui,2131755032,low_battery,-1,0,64,8,NULL]
04-20 19:56:27.866752   964   964 I notification_cancel: [10022,1102,com.android.systemui,2131755032,low_battery,-1,0,64,8,NULL]
04-20 19:56:37.871755   964   964 I notification_cancel: [10022,1102,com.android.systemui,2131755032,low_battery,-1,0,64,8,NULL]
04-20 19:56:47.868523   964   964 I notification_cancel: [10022,1102,com.android.systemui,2131755032,low_battery,-1,0,64,8,NULL]
04-20 19:56:48.022561   964   964 I power_screen_state: [1,0,0,0]
04-20 19:56:48.022703   964   964 I screen_toggled: 1
04-20 19:56:48.025390  1102  1102 I sysui_histogram: [note_load,2]
04-20 19:56:48.026833   964  2088 I notification_panel_revealed: 2
04-20 19:56:48.034193   964   964 I power_screen_broadcast_send: 1
04-20 19:56:48.075783   964  1844 I notification_visibility: [-1|android|17040353|null|1000,1,254226,254226,0,0]
04-20 19:56:48.402809   231   231 I sf_frame_dur: [ColorFade,13,6,2,0,0,0,1]
04-20 19:56:48.507177   964   964 I power_screen_broadcast_done: [1,473,1]
04-20 19:56:49.240354  1102  1102 I sysui_lockscreen_gesture: [1,471,2801]
04-20 19:56:49.323141   964   976 I notification_visibility: [-1|android|17040353|null|1000,0,255473,255473,0,0]
04-20 19:56:49.324311   964  1747 I notification_panel_hidden: []
04-20 19:56:49.328585  1102  1102 I screen_toggled: 2
04-20 19:56:49.333150  1102  1102 I screen_toggled: 2
04-20 19:56:49.356503   964  2088 I am_resume_activity: [0,112548854,102,com.mediatek.mtklogger/.MainActivity]
04-20 19:56:49.394520 20174 20174 I am_on_resume_called: [0,com.mediatek.mtklogger.MainActivity]
04-20 19:56:49.412653   964  1843 I notification_expansion: [-1|android|17040353|null|1000,0,1,255563,255563,1337]
04-20 19:56:49.424655  1102  1102 I sysui_status_bar_state: [0,0,0,0,0,1]
04-20 19:56:50.562561  1102  1102 I sysui_panelholder_touch: [0,701,0]
04-20 19:56:50.565226  1102  1102 I sysui_count: [panel_open,1]
04-20 19:56:50.567908  1102  1102 I sysui_histogram: [note_load,2]
04-20 19:56:50.568452   964  2089 I notification_panel_revealed: 2
04-20 19:56:50.572162   964   979 I notification_visibility: [-1|android|17040353|null|1000,1,256722,256722,0,0]
04-20 19:56:51.071688   964  2089 I notification_visibility: [-1|android|17040348|null|1000,1,253385,253385,0,1]
04-20 19:56:52.630513   964   975 I notification_visibility: [-1|android|17040348|null|1000,0,254944,254944,0,1]
04-20 19:56:52.630892   964   975 I notification_visibility: [-1|android|17040353|null|1000,0,258781,258781,0,0]
04-20 19:56:52.632424   964   976 I notification_panel_hidden: []
04-20 19:56:57.888693   964   964 I notification_cancel: [10022,1102,com.android.systemui,2131755032,low_battery,-1,0,64,8,NULL]
04-20 19:57:07.869312   964   964 I notification_cancel: [10022,1102,com.android.systemui,2131755032,low_battery,-1,0,64,8,NULL]
04-20 19:57:17.878856   964   964 I notification_cancel: [10022,1102,com.android.systemui,2131755032,low_battery,-1,0,64,8,NULL]
04-20 19:57:27.886774   964   964 I notification_cancel: [10022,1102,com.android.systemui,2131755032,low_battery,-1,0,64,8,NULL]
04-20 19:57:37.867556   964   964 I notification_cancel: [10022,1102,com.android.systemui,2131755032,low_battery,-1,0,64,8,NULL]
04-20 19:57:47.878257   964   964 I notification_cancel: [10022,1102,com.android.systemui,2131755032,low_battery,-1,0,64,8,NULL]
04-20 19:57:52.410251   964   990 I power_sleep_requested: 0
04-20 19:57:52.505470   964   964 I am_pause_activity: [0,112548854,com.mediatek.mtklogger/.MainActivity]
04-20 19:57:52.553615 20174 20174 I am_on_paused_called: [0,com.mediatek.mtklogger.MainActivity]
04-20 19:57:52.559454   964   982 I am_focused_activity: [0,com.mediatek.mtklogger/.MainActivity]
04-20 19:57:53.122778   964   964 I power_screen_state: [0,3,0,0]
04-20 19:57:53.122839   964   964 I screen_toggled: 0
04-20 19:57:53.123003   964   964 I sysui_histogram: [screen_timeout,60]
04-20 19:57:53.124545   964   964 I power_screen_broadcast_send: 1
04-20 19:57:53.311431   964   964 I power_screen_broadcast_done: [0,186,1]
04-20 19:57:57.500591   964   976 I notification_expansion: [-1|android|17040353|null|1000,0,0,323651,323651,66929]
04-20 19:57:57.579926  1102  1102 I sysui_status_bar_state: [1,1,0,0,0,1]
04-20 19:57:57.675151   231   231 I sf_frame_dur: [NavigationBar,11,0,0,0,0,0,0]
04-20 19:57:58.063370   964   964 I notification_cancel: [10022,1102,com.android.systemui,2131755032,low_battery,-1,0,64,8,NULL]
04-20 19:58:08.072087   964   964 I notification_cancel: [10022,1102,com.android.systemui,2131755032,low_battery,-1,0,64,8,NULL]
04-20 19:58:18.074925   964   964 I notification_cancel: [10022,1102,com.android.systemui,2131755032,low_battery,-1,0,64,8,NULL]
04-20 19:58:28.062197   964   964 I notification_cancel: [10022,1102,com.android.systemui,2131755032,low_battery,-1,0,64,8,NULL]
04-20 19:58:38.071908   964   964 I notification_cancel: [10022,1102,com.android.systemui,2131755032,low_battery,-1,0,64,8,NULL]
04-20 19:58:58.072483   964   964 I notification_cancel: [10022,1102,com.android.systemui,2131755032,low_battery,-1,0,64,8,NULL]
04-20 19:59:38.072551   964   964 I notification_cancel: [10022,1102,com.android.systemui,2131755032,low_battery,-1,0,64,8,NULL]
04-20 20:00:00.060556   964  1001 I am_proc_start: [0,22122,1000,com.system.ftools,service,com.system.ftools/.util.FoSvc]
04-20 20:00:00.348695   964  1582 I am_proc_died: [0,14208,org.simalliance.openmobileapi.uicc1terminal]
04-20 20:00:00.349928   964  1582 I am_schedule_service_restart: [0,org.simalliance.openmobileapi.uicc1terminal/.Uicc1Terminal,1000]
04-20 20:00:00.358837   964  1663 I am_proc_bound: [0,22122,com.system.ftools]
04-20 20:00:00.626019   964  1582 I am_proc_died: [0,15789,org.simalliance.openmobileapi.uicc2terminal]
04-20 20:00:00.627040   964  1582 I am_schedule_service_restart: [0,org.simalliance.openmobileapi.uicc2terminal/.Uicc2Terminal,10723]
04-20 20:00:01.042339   964   982 I am_proc_start: [0,22138,10036,com.android.deskclock,broadcast,com.android.deskclock/com.android.alarmclock.DigitalAppWidgetProvider]
04-20 20:00:01.250735   964  1663 I am_proc_bound: [0,22138,com.android.deskclock]
04-20 20:00:01.389609   964   982 I am_proc_start: [0,22152,10072,org.simalliance.openmobileapi.uicc1terminal,service,org.simalliance.openmobileapi.uicc1terminal/.Uicc1Terminal]
04-20 20:00:01.471231   964  1663 I am_proc_died: [0,20350,org.simalliance.openmobileapi.service:remote]
04-20 20:00:01.477269   964  1663 I am_schedule_service_restart: [0,org.simalliance.openmobileapi.service/.SmartcardService,1000]
04-20 20:00:01.629149   964  1747 I am_proc_bound: [0,22152,org.simalliance.openmobileapi.uicc1terminal]
04-20 20:00:01.870145   964   981 I am_meminfo: [152592384,21446656,51417088,297975808,57507840]
04-20 20:00:01.914608   964   981 I am_pss  : [20174,10056,com.mediatek.mtklogger,42415104,39117824]
04-20 20:00:01.954400   964   981 I am_pss  : [21907,1000,com.android.settings,30626816,25568256]
04-20 20:00:01.991952   964   981 I am_pss  : [16455,1002,com.android.bluetooth,13687808,12759040]
04-20 20:00:02.033408   964   981 I am_pss  : [1654,10014,com.android.launcher3,25233408,22377472]
04-20 20:00:02.073753   964   981 I am_pss  : [1493,10052,com.android.inputmethod.latin,14230528,11838464]
04-20 20:00:02.107031   964   981 I am_pss  : [22138,10036,com.android.deskclock,7343104,5844992]
04-20 20:00:02.140395   964   981 I am_pss  : [22122,1000,com.system.ftools,7084032,5709824]
04-20 20:00:02.182658   964   981 I am_pss  : [1529,10010,com.google.android.gms.persistent,19291136,16134144]
04-20 20:00:02.221775   964   981 I am_pss  : [2236,10010,com.google.process.gapps,15991808,13471744]
04-20 20:00:02.258656   964   981 I am_pss  : [21966,10010,com.google.android.gms,18941952,13983744]
04-20 20:00:02.293207   964   981 I am_pss  : [22060,10007,android.process.media,11200512,9445376]
04-20 20:00:02.327721   964   981 I am_pss  : [22006,10010,com.google.android.gms.wearable,11771904,7327744]
04-20 20:00:02.362186   964   981 I am_pss  : [20425,10016,com.android.mms,9748480,7827456]
04-20 20:00:02.396717   964   981 I am_pss  : [1618,1000,com.mediatek.nlpservice,4312064,2994176]
04-20 20:00:02.430961   964   981 I am_pss  : [1602,1001,com.mediatek.ims,5035008,3555328]
04-20 20:00:02.464051   964   981 I am_pss  : [1586,1001,com.mediatek.gba,3937280,2637824]
04-20 20:00:02.514126   964   982 I am_proc_start: [0,22166,10070,org.simalliance.openmobileapi.service:remote,service,org.simalliance.openmobileapi.service/.SmartcardService]
04-20 20:00:02.516667   964   981 I am_pss  : [1576,1001,com.android.phone,16584704,14798848]
04-20 20:00:02.552278   964   981 I am_pss  : [1483,10023,com.google.android.googlequicksearchbox:interactor,4689920,3395584]
04-20 20:00:02.605228   964   981 I am_pss  : [1102,10022,com.android.systemui,52168704,48514048]
04-20 20:00:02.711559   964  1927 I am_proc_bound: [0,22166,org.simalliance.openmobileapi.service:remote]
04-20 20:00:02.723079   964   981 I am_pss  : [964,1000,system,75168768,71906304]
04-20 20:00:02.890299   964  1652 I am_proc_start: [0,22181,10073,org.simalliance.openmobileapi.uicc2terminal,service,org.simalliance.openmobileapi.uicc2terminal/.Uicc2Terminal]
04-20 20:00:02.894728   964  8872 I am_proc_died: [0,22006,com.google.android.gms.wearable]
04-20 20:00:03.092957   964  1663 I am_proc_bound: [0,22181,org.simalliance.openmobileapi.uicc2terminal]
04-20 20:00:18.065404   964   964 I notification_cancel: [10022,1102,com.android.systemui,2131755032,low_battery,-1,0,64,8,NULL]
04-20 20:01:00.165317   964   981 I am_pss  : [20174,10056,com.mediatek.mtklogger,42341376,39105536]
04-20 20:01:00.204948   964   981 I am_pss  : [21907,1000,com.android.settings,30558208,25551872]
04-20 20:01:00.242649   964   981 I am_pss  : [16455,1002,com.android.bluetooth,13696000,12767232]
04-20 20:01:00.284233   964   981 I am_pss  : [1654,10014,com.android.launcher3,25179136,22377472]
04-20 20:01:00.324597   964   981 I am_pss  : [1493,10052,com.android.inputmethod.latin,14177280,11838464]
04-20 20:01:00.357732   964   981 I am_pss  : [22181,10073,org.simalliance.openmobileapi.uicc2terminal,5155840,3887104]
04-20 20:01:00.391159   964   981 I am_pss  : [16957,10075,org.simalliance.openmobileapi.eseterminal,4209664,2965504]
04-20 20:01:00.424854   964   981 I am_pss  : [22166,10070,org.simalliance.openmobileapi.service:remote,5307392,4050944]
04-20 20:01:00.457960   964   981 I am_pss  : [22152,10072,org.simalliance.openmobileapi.uicc1terminal,5164032,3895296]
04-20 20:01:00.491354   964   981 I am_pss  : [22138,10036,com.android.deskclock,7345152,5939200]
04-20 20:01:00.525196   964   981 I am_pss  : [22122,1000,com.system.ftools,10558464,9035776]
04-20 20:01:00.567537   964   981 I am_pss  : [1529,10010,com.google.android.gms.persistent,19842048,16113664]
04-20 20:01:00.606458   964   981 I am_pss  : [2236,10010,com.google.process.gapps,16171008,13459456]
04-20 20:01:00.642772   964   981 I am_pss  : [21966,10010,com.google.android.gms,20950016,16748544]
04-20 20:01:00.677513   964   981 I am_pss  : [22060,10007,android.process.media,11160576,9465856]
04-20 20:01:00.712116   964   981 I am_pss  : [20425,10016,com.android.mms,9676800,7823360]
04-20 20:01:00.746394   964   981 I am_pss  : [1483,10023,com.google.android.googlequicksearchbox:interactor,4682752,3399680]
04-20 20:01:08.072407   964   964 I notification_cancel: [10022,1102,com.android.systemui,2131755032,low_battery,-1,0,64,8,NULL]
04-20 20:01:48.072516   964   964 I notification_cancel: [10022,1102,com.android.systemui,2131755032,low_battery,-1,0,64,8,NULL]
04-20 20:01:58.082409   964   964 I notification_cancel: [10022,1102,com.android.systemui,2131755032,low_battery,-1,0,64,8,NULL]
04-20 20:02:08.072401   964   964 I notification_cancel: [10022,1102,com.android.systemui,2131755032,low_battery,-1,0,64,8,NULL]
04-20 20:02:14.798232   964  1023 I netstats_mobile_sample: [0,0,0,0,0,0,0,0,0,0,0,0,-1]
04-20 20:02:14.799518   964  1023 I netstats_wifi_sample: [156067,1593,295347,9846,123363,1275,247080,2550,123363,1275,247080,2550,-1]
04-20 20:02:14.900220   964   981 I am_pss  : [964,1000,system,75140096,71873536]
04-20 20:02:14.933835   964   981 I am_pss  : [1618,1000,com.mediatek.nlpservice,4267008,2994176]
04-20 20:02:14.968066   964   981 I am_pss  : [1602,1001,com.mediatek.ims,4985856,3551232]
04-20 20:02:15.001060   964   981 I am_pss  : [1586,1001,com.mediatek.gba,3889152,2637824]
04-20 20:02:15.045962   964   981 I am_pss  : [1576,1001,com.android.phone,16552960,14807040]
04-20 20:02:15.097280   964   981 I am_pss  : [1102,10022,com.android.systemui,52205568,48583680]
04-20 20:02:18.062988   964   964 I notification_cancel: [10022,1102,com.android.systemui,2131755032,low_battery,-1,0,64,8,NULL]
04-20 20:02:28.075535   964   964 I notification_cancel: [10022,1102,com.android.systemui,2131755032,low_battery,-1,0,64,8,NULL]
04-20 20:02:38.072010   964   964 I notification_cancel: [10022,1102,com.android.systemui,2131755032,low_battery,-1,0,64,8,NULL]
04-20 20:02:48.074541   964   964 I notification_cancel: [10022,1102,com.android.systemui,2131755032,low_battery,-1,0,64,8,NULL]
04-20 20:02:58.072286   964   964 I notification_cancel: [10022,1102,com.android.systemui,2131755032,low_battery,-1,0,64,8,NULL]
04-20 20:03:18.072705   964   964 I notification_cancel: [10022,1102,com.android.systemui,2131755032,low_battery,-1,0,64,8,NULL]
04-20 20:03:48.076237   964   964 I notification_cancel: [10022,1102,com.android.systemui,2131755032,low_battery,-1,0,64,8,NULL]
04-20 20:04:18.074996   964   964 I notification_cancel: [10022,1102,com.android.systemui,2131755032,low_battery,-1,0,64,8,NULL]
04-20 20:04:48.072618   964   964 I notification_cancel: [10022,1102,com.android.systemui,2131755032,low_battery,-1,0,64,8,NULL]
04-20 20:05:18.072191   964   964 I notification_cancel: [10022,1102,com.android.systemui,2131755032,low_battery,-1,0,64,8,NULL]
04-20 20:05:48.082312   964   964 I notification_cancel: [10022,1102,com.android.systemui,2131755032,low_battery,-1,0,64,8,NULL]
04-20 20:06:28.072646   964   964 I notification_cancel: [10022,1102,com.android.systemui,2131755032,low_battery,-1,0,64,8,NULL]
04-20 20:06:58.072762   964   964 I notification_cancel: [10022,1102,com.android.systemui,2131755032,low_battery,-1,0,64,8,NULL]
04-20 20:07:28.075594   964   964 I notification_cancel: [10022,1102,com.android.systemui,2131755032,low_battery,-1,0,64,8,NULL]
04-20 20:07:57.546834   964  1001 I am_proc_start: [0,22211,1000,.info,service,com.system.ftools/.info.FoSvc2]
04-20 20:07:57.554251   964  1162 I dvm_lock_sample: [system_server,1,Binder_4,49,ActivityManagerService.java,7367,PendingIntentRecord.java,211,9]
04-20 20:07:57.799044   964  1670 I am_proc_bound: [0,22211,.info]
04-20 20:07:57.819051   964   975 I am_proc_died: [0,20425,com.android.mms]
04-20 20:07:57.820052   964   975 I am_schedule_service_restart: [0,com.android.mms/.transaction.NoneService,1000]
04-20 20:07:58.859399   964   982 I am_proc_start: [0,22227,10016,com.android.mms,service,com.android.mms/.transaction.NoneService]
04-20 20:07:59.044807   964  1582 I am_proc_bound: [0,22227,com.android.mms]
04-20 20:07:59.321724   964  8871 I am_proc_died: [0,22122,com.system.ftools]
04-20 20:08:03.317884   964   981 I am_meminfo: [149508096,21598208,51421184,300150784,57507840]
04-20 20:08:03.362537   964   981 I am_pss  : [20174,10056,com.mediatek.mtklogger,42350592,39109632]
04-20 20:08:03.402319   964   981 I am_pss  : [21907,1000,com.android.settings,30588928,25572352]
04-20 20:08:03.439986   964   981 I am_pss  : [16455,1002,com.android.bluetooth,13720576,12791808]
04-20 20:08:03.481722   964   981 I am_pss  : [1654,10014,com.android.launcher3,24940544,22131712]
04-20 20:08:03.522027   964   981 I am_pss  : [1493,10052,com.android.inputmethod.latin,14184448,11838464]
04-20 20:08:03.556675   964   981 I am_pss  : [22227,10016,com.android.mms,10124288,7864320]
04-20 20:08:03.590120   964   981 I am_pss  : [22211,1000,.info,8547328,7221248]
04-20 20:08:03.626855   964   981 I am_pss  : [21966,10010,com.google.android.gms,21284864,17059840]
04-20 20:08:03.669100   964   981 I am_pss  : [1529,10010,com.google.android.gms.persistent,19780608,16048128]
04-20 20:08:03.702176   964   981 I am_pss  : [22181,10073,org.simalliance.openmobileapi.uicc2terminal,5194752,3932160]
04-20 20:08:03.741184   964   981 I am_pss  : [2236,10010,com.google.process.gapps,16201728,13471744]
04-20 20:08:03.774690   964   981 I am_pss  : [16957,10075,org.simalliance.openmobileapi.eseterminal,4208640,2965504]
04-20 20:08:03.808260   964   981 I am_pss  : [22166,10070,org.simalliance.openmobileapi.service:remote,5346304,4091904]
04-20 20:08:03.841404   964   981 I am_pss  : [22152,10072,org.simalliance.openmobileapi.uicc1terminal,5203968,3936256]
04-20 20:08:03.874992   964   981 I am_pss  : [22138,10036,com.android.deskclock,7358464,5939200]
04-20 20:08:03.909567   964   981 I am_pss  : [22060,10007,android.process.media,11122688,9428992]
04-20 20:08:03.943113   964   981 I am_pss  : [1618,1000,com.mediatek.nlpservice,4261888,2994176]
04-20 20:08:03.977514   964   981 I am_pss  : [1602,1001,com.mediatek.ims,4980736,3551232]
04-20 20:08:04.010594   964   981 I am_pss  : [1586,1001,com.mediatek.gba,3897344,2650112]
04-20 20:08:04.055794   964   981 I am_pss  : [1576,1001,com.android.phone,17221632,15060992]
04-20 20:08:04.090582   964   981 I am_pss  : [1483,10023,com.google.android.googlequicksearchbox:interactor,4682752,3399680]
04-20 20:08:04.141982   964   981 I am_pss  : [1102,10022,com.android.systemui,52613120,48976896]
04-20 20:08:04.237113   964   981 I am_pss  : [964,1000,system,75166720,71906304]
04-20 20:08:18.075617   964   964 I notification_cancel: [10022,1102,com.android.systemui,2131755032,low_battery,-1,0,64,8,NULL]
04-20 20:08:58.072557   964   964 I notification_cancel: [10022,1102,com.android.systemui,2131755032,low_battery,-1,0,64,8,NULL]
04-20 20:09:00.136992   964   981 I am_pss  : [20174,10056,com.mediatek.mtklogger,42340352,39093248]
04-20 20:09:00.178574   964   981 I am_pss  : [21907,1000,com.android.settings,30571520,25547776]
04-20 20:09:00.216368   964   981 I am_pss  : [16455,1002,com.android.bluetooth,13724672,12795904]
04-20 20:09:00.257702   964   981 I am_pss  : [1654,10014,com.android.launcher3,24937472,22131712]
04-20 20:09:00.297922   964   981 I am_pss  : [1493,10052,com.android.inputmethod.latin,14182400,11838464]
04-20 20:09:00.332430   964   981 I am_pss  : [22227,10016,com.android.mms,10611712,8310784]
04-20 20:09:00.366222   964   981 I am_pss  : [22211,1000,.info,8543232,7217152]
04-20 20:09:00.402739   964   981 I am_pss  : [21966,10010,com.google.android.gms,21284864,17059840]
04-20 20:09:00.444955   964   981 I am_pss  : [1529,10010,com.google.android.gms.persistent,19782656,16048128]
04-20 20:09:00.477959   964   981 I am_pss  : [22181,10073,org.simalliance.openmobileapi.uicc2terminal,5194752,3932160]
04-20 20:09:00.516812   964   981 I am_pss  : [2236,10010,com.google.process.gapps,16199680,13471744]
04-20 20:09:00.550116   964   981 I am_pss  : [16957,10075,org.simalliance.openmobileapi.eseterminal,4208640,2965504]
04-20 20:09:00.583963   964   981 I am_pss  : [22166,10070,org.simalliance.openmobileapi.service:remote,5347328,4091904]
04-20 20:09:00.617033   964   981 I am_pss  : [22152,10072,org.simalliance.openmobileapi.uicc1terminal,5203968,3936256]
04-20 20:09:00.650263   964   981 I am_pss  : [22138,10036,com.android.deskclock,7359488,5939200]
04-20 20:09:00.684912   964   981 I am_pss  : [22060,10007,android.process.media,11125760,9433088]
04-20 20:09:00.719057   964   981 I am_pss  : [1483,10023,com.google.android.googlequicksearchbox:interactor,4682752,3399680]
04-20 20:09:28.072930   964   964 I notification_cancel: [10022,1102,com.android.systemui,2131755032,low_battery,-1,0,64,8,NULL]
04-20 20:10:08.072245   964   964 I notification_cancel: [10022,1102,com.android.systemui,2131755032,low_battery,-1,0,64,8,NULL]
04-20 20:10:38.073004   964   964 I notification_cancel: [10022,1102,com.android.systemui,2131755032,low_battery,-1,0,64,8,NULL]
04-20 20:11:00.199639   964   981 I am_pss  : [964,1000,system,75061248,71803904]
04-20 20:11:00.250769   964   981 I am_pss  : [1102,10022,com.android.systemui,53046272,49415168]
04-20 20:11:00.284351   964   981 I am_pss  : [1618,1000,com.mediatek.nlpservice,4265984,2994176]
04-20 20:11:00.318503   964   981 I am_pss  : [1602,1001,com.mediatek.ims,4984832,3551232]
04-20 20:11:00.351454   964   981 I am_pss  : [1586,1001,com.mediatek.gba,3901440,2650112]
04-20 20:11:00.396586   964   981 I am_pss  : [1576,1001,com.android.phone,17327104,15151104]
04-20 20:11:08.072133   964   964 I notification_cancel: [10022,1102,com.android.systemui,2131755032,low_battery,-1,0,64,8,NULL]
04-20 20:11:28.049016   964   976 I battery_level: [99,4172,290]
04-20 20:11:28.086764   964   964 I notification_cancel: [10022,1102,com.android.systemui,2131755032,low_battery,-1,0,64,8,NULL]
04-20 20:11:48.072961   964   964 I notification_cancel: [10022,1102,com.android.systemui,2131755032,low_battery,-1,0,64,8,NULL]
04-20 20:11:49.012703   964   964 I power_screen_state: [1,0,0,0]
04-20 20:11:49.012841   964   964 I screen_toggled: 1
04-20 20:11:49.016463  1102  1102 I sysui_histogram: [note_load,2]
04-20 20:11:49.017033   964   975 I notification_panel_revealed: 2
04-20 20:11:49.020731   964  8872 I notification_visibility: [-1|android|17040353|null|1000,1,1155171,1155171,0,0]
04-20 20:11:49.025328   964   964 I power_screen_broadcast_send: 1
04-20 20:11:49.340000  1067  1067 I auditd  : type=1400 audit(0.0:482): avc: denied { open } for comm="PhotonicModulat" path="/sys/devices/platform/leds-mt65xx/leds/lcd-backlight/brightness" dev="sysfs" ino=11474 scontext=u:r:system_server:s0 tcontext=u:object_r:sys_lcd_brightness_file:s0 tclass=file permissive=1
04-20 20:11:49.356880   231   231 I sf_frame_dur: [ColorFade,15,6,3,0,0,0,0]
04-20 20:11:49.516326   964   964 I power_screen_broadcast_done: [1,491,1]
04-20 20:11:49.618441  1102  1102 I sysui_view_visibility: [111,100]
04-20 20:11:49.618582  1102  1102 I sysui_view_visibility: [126,100]
04-20 20:11:49.618652  1102  1102 I sysui_view_visibility: [113,100]
04-20 20:11:49.618737  1102  1102 I sysui_view_visibility: [118,100]
04-20 20:11:49.618808  1102  1102 I sysui_view_visibility: [115,100]
04-20 20:11:49.618882  1102  1102 I sysui_view_visibility: [112,100]
04-20 20:11:49.618958  1102  1102 I sysui_view_visibility: [123,100]
04-20 20:11:49.619028  1102  1102 I sysui_view_visibility: [119,100]
04-20 20:11:49.619139  1102  1102 I sysui_view_visibility: [114,100]
04-20 20:11:49.619217  1102  1102 I sysui_view_visibility: [111,100]
04-20 20:11:49.740132  1102  1102 I sysui_lockscreen_gesture: [8,323,4820]
04-20 20:11:52.371966  1102  1102 I sysui_lockscreen_gesture: [8,0,0]
04-20 20:11:53.229840  1102  1102 I sysui_view_visibility: [111,0]
04-20 20:11:54.230094  1102  1102 I sysui_lockscreen_gesture: [1,623,3833]
04-20 20:11:54.269726   964  1843 I notification_visibility: [-1|android|17040353|null|1000,0,1160420,1160420,0,0]
04-20 20:11:54.270765   964  1663 I notification_panel_hidden: []
04-20 20:11:54.275604  1102  1102 I screen_toggled: 2
04-20 20:11:54.278890  1102  1102 I screen_toggled: 2
04-20 20:11:54.296810   964   976 I am_resume_activity: [0,112548854,102,com.mediatek.mtklogger/.MainActivity]
04-20 20:11:54.328668 20174 20174 I am_on_resume_called: [0,com.mediatek.mtklogger.MainActivity]
04-20 20:11:54.354327   964  1747 I notification_expansion: [-1|android|17040353|null|1000,0,1,1160505,1160505,5334]
04-20 20:11:54.372264  1102  1102 I sysui_status_bar_state: [0,0,0,0,0,1]
04-20 20:11:58.067356   964   964 I notification_cancel: [10022,1102,com.android.systemui,2131755032,low_battery,-1,0,64,8,NULL]
04-20 20:12:02.577092   964   995 I am_proc_start: [0,22277,10005,com.android.defcontainer,service,com.android.defcontainer/.DefaultContainerService]
04-20 20:12:02.768685   964  1747 I am_proc_bound: [0,22277,com.android.defcontainer]
04-20 20:12:02.942425   964   982 I am_proc_start: [0,22292,10018,com.android.vending,broadcast,com.android.vending/com.google.android.vending.verifier.PackageVerificationReceiver]
04-20 20:12:03.006072   964   975 I am_proc_died: [0,22138,com.android.deskclock]
04-20 20:12:03.146489   964   979 I am_proc_bound: [0,22292,com.android.vending]
04-20 20:12:03.531656   964  1844 I am_proc_died: [0,21966,com.google.android.gms]
04-20 20:12:03.875007   964  1652 I am_proc_start: [0,22324,10010,com.google.android.gms:car,service,com.google.android.gms/.car.CarService]
04-20 20:12:03.977386   964   964 I notification_cancel: [10018,22292,com.android.vending,-1050172287,NULL,0,0,64,8,NULL]
04-20 20:12:04.098161   964   975 I am_proc_bound: [0,22324,com.google.android.gms:car]
04-20 20:12:04.261764   964   979 I am_proc_start: [0,22343,10010,com.google.android.gms,service,com.google.android.gms/.ads.identifier.service.AdvertisingIdService]
04-20 20:12:04.350019   964   964 I notification_cancel: [10010,22324,com.google.android.gms,10436,NOT_LMP,0,0,64,8,NULL]
04-20 20:12:04.351123   964   964 I notification_cancel: [10010,22324,com.google.android.gms,39789,NOT_LMP,0,0,64,8,NULL]
04-20 20:12:04.496558   964   979 I am_proc_bound: [0,22343,com.google.android.gms]
04-20 20:12:04.591054   964   976 I am_proc_died: [0,21907,com.android.settings]
04-20 20:12:04.766709   964   964 I notification_cancel: [10010,22324,com.google.android.gms,10436,NULL,0,0,64,8,NULL]
04-20 20:12:04.965969   964   964 I notification_cancel: [10018,22292,com.android.vending,10436,NULL,0,0,64,8,NULL]
04-20 20:12:05.144292   964   964 I notification_cancel: [10010,22343,com.google.android.gms,10436,NOT_LMP,0,0,64,8,NULL]
04-20 20:12:05.145173   964   964 I notification_cancel: [10010,22343,com.google.android.gms,39789,NOT_LMP,0,0,64,8,NULL]
04-20 20:12:05.589905   964  1652 I am_proc_start: [0,22369,10010,com.google.android.gms.wearable,service,com.google.android.gms/.wearable.service.WearableService]
04-20 20:12:05.798232   964   981 I am_meminfo: [145162240,17190912,51593216,305074176,73914368]
04-20 20:12:05.867071   964   981 I am_pss  : [20174,10056,com.mediatek.mtklogger,41260032,38185984]
04-20 20:12:05.867512   964  1927 I am_proc_bound: [0,22369,com.google.android.gms.wearable]
04-20 20:12:06.089490   964   981 I am_pss  : [16455,1002,com.android.bluetooth,13736960,12804096]
04-20 20:12:06.110232   964   964 I notification_cancel: [10010,22343,com.google.android.gms,10436,NULL,0,0,64,8,NULL]
04-20 20:12:06.118355   964  1844 I dvm_lock_sample: [system_server,1,Binder_B,6,UserManagerService.java,414,PackageManagerService.java,2995,1]
04-20 20:12:06.119227   964   964 I notification_cancel: [10010,22369,com.google.android.gms,10436,NOT_LMP,0,0,64,8,NULL]
04-20 20:12:06.121352   964   964 I notification_cancel: [10010,22369,com.google.android.gms,39789,NOT_LMP,0,0,64,8,NULL]
04-20 20:12:06.147672   964   981 I am_pss  : [1654,10014,com.android.launcher3,25016320,22117376]
04-20 20:12:06.185348   964   981 I am_pss  : [1493,10052,com.android.inputmethod.latin,14427136,12065792]
04-20 20:12:06.218844   964   981 I am_pss  : [2236,10010,com.google.process.gapps,15578112,13389824]
04-20 20:12:06.258526   964   981 I am_pss  : [22292,10018,com.android.vending,15995904,13987840]
04-20 20:12:06.298855   964   981 I am_pss  : [22324,10010,com.google.android.gms:car,13588480,9547776]
04-20 20:12:06.336988   964   981 I am_pss  : [22060,10007,android.process.media,11086848,9547776]
04-20 20:12:06.373812   964   981 I am_pss  : [22277,10005,com.android.defcontainer,5497856,4272128]
04-20 20:12:06.434045   964   981 I am_pss  : [1529,10010,com.google.android.gms.persistent,18095104,15462400]
04-20 20:12:06.462484   964   981 I am_pss  : [22227,10016,com.android.mms,11025408,9297920]
04-20 20:12:06.490236   964   981 I am_pss  : [22211,1000,.info,8393728,7188480]
04-20 20:12:06.517368   964   981 I am_pss  : [22181,10073,org.simalliance.openmobileapi.uicc2terminal,5072896,3936256]
04-20 20:12:06.544540   964   981 I am_pss  : [16957,10075,org.simalliance.openmobileapi.eseterminal,4093952,2977792]
04-20 20:12:06.572228   964   981 I am_pss  : [22166,10070,org.simalliance.openmobileapi.service:remote,5224448,4100096]
04-20 20:12:06.599246   964   981 I am_pss  : [22152,10072,org.simalliance.openmobileapi.uicc1terminal,5090304,3952640]
04-20 20:12:06.626776   964   981 I am_pss  : [1618,1000,com.mediatek.nlpservice,4131840,2994176]
04-20 20:12:06.654775   964   981 I am_pss  : [1602,1001,com.mediatek.ims,4880384,3551232]
04-20 20:12:06.681693   964   981 I am_pss  : [1586,1001,com.mediatek.gba,3768320,2650112]
04-20 20:12:06.719233   964   981 I am_pss  : [1576,1001,com.android.phone,16691200,15065088]
04-20 20:12:06.747312   964   981 I am_pss  : [1483,10023,com.google.android.googlequicksearchbox:interactor,4546560,3399680]
04-20 20:12:06.791405   964   981 I am_pss  : [1102,10022,com.android.systemui,48123904,44907520]
04-20 20:12:06.875712   964   981 I am_pss  : [964,1000,system,63176704,60451840]
04-20 20:12:08.074076   964   964 I notification_cancel: [10022,1102,com.android.systemui,2131755032,low_battery,-1,0,64,8,NULL]
04-20 20:12:11.755980   964   979 I am_proc_died: [0,22324,com.google.android.gms:car]
04-20 20:12:11.909016   964   982 I am_finish_activity: [0,135948730,101,com.android.settings/.Settings,force-stop]
04-20 20:12:11.911673   964   982 I am_finish_activity: [0,239174203,101,com.android.settings/.SubSettings,force-stop]
04-20 20:12:11.914602   964   982 I am_finish_activity: [0,199659766,101,com.android.settings/.SubSettings,force-stop]
04-20 20:12:11.917993   964   982 I am_destroy_activity: [0,135948730,101,com.android.settings/.Settings,finish-idle]
04-20 20:12:11.918835   964   982 I am_destroy_activity: [0,239174203,101,com.android.settings/.SubSettings,finish-idle]
04-20 20:12:11.919555   964   982 I am_destroy_activity: [0,199659766,101,com.android.settings/.SubSettings,finish-idle]
04-20 20:12:11.920181   964   982 I wm_task_removed: [101,removeAppToken: last token]
04-20 20:12:11.920368   964   982 I wm_task_removed: [101,removeTask]
04-20 20:12:14.511722   964   981 I dvm_lock_sample: [system_server,0,android.bg,1079,Settings.java,4805,PackageManagerService.java,12749,100]
04-20 20:12:14.538652   964   995 I unknown_sources_enabled: 1
04-20 20:12:14.679872  1654  1654 I force_gc: bg
04-20 20:12:14.707817  1102  1102 I force_gc: bg
04-20 20:12:14.740736   964   964 I notification_cancel_all: [1000,964,com.android.settings,0,0,0,5,NULL]
04-20 20:12:14.897690   964   982 I am_proc_start: [0,22407,10003,android.process.acore,broadcast,com.android.providers.contacts/.PackageIntentReceiver]
04-20 20:12:14.898948   964   995 I dvm_lock_sample: [system_server,0,PackageManager,177,ActivityManagerService.java,18200,BroadcastQueue.java,713,35]
04-20 20:12:15.012419   964   964 I notification_cancel_all: [1000,964,com.android.settings,0,0,0,5,NULL]
04-20 20:12:15.022240   964  1071 I dvm_lock_sample: [system_server,0,LazyTaskWriterThread,101,TaskPersister.java,568,BroadcastQueue.java,713,20]
04-20 20:12:15.094387   964  1670 I am_proc_bound: [0,22407,android.process.acore]
04-20 20:12:15.480189   964  1663 I dvm_lock_sample: [system_server,1,Binder_7,17,PackageManagerService.java,4977,-,2995,3]
04-20 20:12:15.903041   964   981 I am_pss  : [20174,10056,com.mediatek.mtklogger,41404416,38329344]
04-20 20:12:16.586448   964   964 I notification_cancel: [10018,22292,com.android.vending,-1050172287,NULL,0,0,64,8,NULL]
04-20 20:12:16.633021   964  1652 I dvm_lock_sample: [system_server,1,Binder_6,27,ActivityManagerService.java,16878,-,17116,5]
04-20 20:12:16.693002   964  1582 I am_proc_start: [0,22434,10023,com.google.android.googlequicksearchbox:search,broadcast,com.google.android.googlequicksearchbox/com.google.android.search.core.icingsync.IcingCorporaChangedReceiver]
04-20 20:12:16.889189   964  8871 I am_proc_bound: [0,22434,com.google.android.googlequicksearchbox:search]
04-20 20:12:17.376071   964  8871 I am_proc_start: [0,22453,10046,com.android.gallery3d,broadcast,com.android.gallery3d/.app.PackagesMonitor]
04-20 20:12:17.571705   964  1162 I am_proc_bound: [0,22453,com.android.gallery3d]
04-20 20:12:18.042483   964  1663 I am_proc_start: [0,22470,1000,com.android.keychain,broadcast,com.android.keychain/.KeyChainBroadcastReceiver]
04-20 20:12:18.068378   964   964 I notification_cancel: [10022,1102,com.android.systemui,2131755032,low_battery,-1,0,64,8,NULL]
04-20 20:12:18.217487   964  1927 I am_proc_bound: [0,22470,com.android.keychain]
04-20 20:12:18.428393   964  1844 I am_proc_start: [0,22487,10013,com.google.android.partnersetup,broadcast,com.google.android.partnersetup/.RlzPingBroadcastReceiver]
04-20 20:12:18.677962   964  1582 I am_proc_bound: [0,22487,com.google.android.partnersetup]
04-20 20:12:18.725888   964  1582 I am_proc_died: [0,22211,.info]
04-20 20:12:18.854924   964   964 I notification_cancel: [10018,22292,com.android.vending,100959465,NULL,0,0,64,8,NULL]
04-20 20:12:19.139079   964  1670 I am_proc_start: [0,22512,10061,com.android.quicksearchbox,broadcast,com.android.quicksearchbox/.CorporaUpdateReceiver]
04-20 20:12:19.363041   964  1927 I am_proc_bound: [0,22512,com.android.quicksearchbox]
04-20 20:12:19.515702   964  1844 I am_proc_died: [0,22470,com.android.keychain]
04-20 20:12:20.298057   964   964 I notification_cancel: [10023,22434,com.google.android.googlequicksearchbox,10436,NULL,0,0,64,8,NULL]
04-20 20:12:21.451817   964   964 I free_storage_changed: 12355833856
04-20 20:12:23.273192   964  1843 I am_home_stack_moved: [0,0,25,25,sourceStackToFront]
04-20 20:12:23.273582   964  1843 I wm_task_moved: [102,1,0]
04-20 20:12:23.279880   964  1843 I am_create_activity: [0,44745983,102,com.mediatek.mtklogger/.LogFolderListActivity,NULL,NULL,NULL,0]
04-20 20:12:23.281919   964  1843 I am_pause_activity: [0,112548854,com.mediatek.mtklogger/.MainActivity]
04-20 20:12:23.287897   964  1843 I am_home_stack_moved: [0,0,25,25,startedActivity setFocusedActivity]
04-20 20:12:23.288089   964  1843 I wm_task_moved: [102,1,0]
04-20 20:12:23.295524   964  1843 I am_focused_activity: [0,com.mediatek.mtklogger/.LogFolderListActivity]
04-20 20:12:23.299865 20174 20174 I am_on_paused_called: [0,com.mediatek.mtklogger.MainActivity]
04-20 20:12:23.307699   964  2088 I am_restart_activity: [0,44745983,102,com.mediatek.mtklogger/.LogFolderListActivity]
04-20 20:12:23.395172 20174 20174 I am_on_resume_called: [0,com.mediatek.mtklogger.LogFolderListActivity]
04-20 20:12:23.622689   964  1162 I am_proc_died: [0,22369,com.google.android.gms.wearable]
04-20 20:12:23.699538   964   987 I am_activity_launch_time: [0,44745983,com.mediatek.mtklogger/.LogFolderListActivity,397,397]
04-20 20:12:23.938581   231   231 I sf_frame_dur: [com.mediatek.mtklogger/com.mediatek.mtklogger.MainActivity,4,2,2,0,1,5,10]
04-20 20:12:25.297753 20174 20174 I menu_item_selected: [0,]
04-20 20:12:25.447853   964   981 I am_pss  : [2236,10010,com.google.process.gapps,16165888,13656064]
04-20 20:12:25.487200   964   981 I am_pss  : [16455,1002,com.android.bluetooth,13923328,13000704]
04-20 20:12:25.527188   964   981 I am_pss  : [1493,10052,com.android.inputmethod.latin,13997056,11709440]
04-20 20:12:25.573083   964   981 I am_pss  : [1529,10010,com.google.android.gms.persistent,18556928,15020032]
04-20 20:12:25.608597   964   981 I am_pss  : [22060,10007,android.process.media,10999808,9560064]
04-20 20:12:25.644095   964   981 I am_pss  : [22227,10016,com.android.mms,10469376,8347648]
04-20 20:12:25.677106   964   981 I am_pss  : [22181,10073,org.simalliance.openmobileapi.uicc2terminal,5028864,3964928]
04-20 20:12:25.706106   964   981 I am_pss  : [16957,10075,org.simalliance.openmobileapi.eseterminal,4015104,2973696]
04-20 20:12:25.733505   964   981 I am_pss  : [22166,10070,org.simalliance.openmobileapi.service:remote,5167104,4112384]
04-20 20:12:25.760898   964   981 I am_pss  : [22152,10072,org.simalliance.openmobileapi.uicc1terminal,5031936,3964928]
04-20 20:12:25.789279   964   981 I am_pss  : [1483,10023,com.google.android.googlequicksearchbox:interactor,4478976,3387392]
04-20 20:12:26.751627   231   231 I sf_frame_dur: [com.mediatek.mtklogger/com.mediatek.mtklogger.LogFolderListActivity,0,0,0,0,1,0,0]
04-20 20:12:26.997148   964  1652 I am_finish_activity: [0,44745983,102,com.mediatek.mtklogger/.LogFolderListActivity,app-request]
04-20 20:12:26.999491   964  1652 I am_home_stack_moved: [0,0,25,25,finishActivity adjustFocus setFocusedActivity]
04-20 20:12:26.999713   964  1652 I wm_task_moved: [102,1,0]
04-20 20:12:27.006823   964  1652 I am_focused_activity: [0,com.mediatek.mtklogger/.MainActivity]
04-20 20:12:27.009411   964  1652 I am_pause_activity: [0,44745983,com.mediatek.mtklogger/.LogFolderListActivity]
04-20 20:12:27.038280 20174 20174 I am_on_paused_called: [0,com.mediatek.mtklogger.LogFolderListActivity]
04-20 20:12:27.049447   964  1663 I am_resume_activity: [0,112548854,102,com.mediatek.mtklogger/.MainActivity]
04-20 20:12:27.074233 20174 20174 I am_on_resume_called: [0,com.mediatek.mtklogger.MainActivity]
04-20 20:12:27.288770   231   231 I sf_frame_dur: [,9,0,0,0,1,0,0]
04-20 20:12:27.526346   964   982 I am_destroy_activity: [0,44745983,102,com.mediatek.mtklogger/.LogFolderListActivity,finish-imm]
04-20 20:12:27.532131   231   231 I sf_frame_dur: [com.mediatek.mtklogger/com.mediatek.mtklogger.LogFolderListActivity,7,2,1,0,0,1,1]
04-20 20:12:28.092785   964   964 I notification_cancel: [10022,1102,com.android.systemui,2131755032,low_battery,-1,0,64,8,NULL]
04-20 20:12:31.447446   964  2089 I am_proc_died: [0,22277,com.android.defcontainer]
04-20 20:12:31.596620   964  1670 I am_proc_died: [0,22487,com.google.android.partnersetup]
04-20 20:12:32.409098   231   231 I sf_frame_dur: [,45,3,0,0,1,0,0]
04-20 20:12:33.064887   964   964 I notification_enqueue: [10056,20174,com.mediatek.mtklogger,2130837539,NULL,0,Notification(pri=0 contentView=com.mediatek.mtklogger/0x1090085 vibrate=null sound=null tick defaults=0x0 flags=0x60 color=0x00000000 vis=PRIVATE),0]
04-20 20:12:33.231921   964  1162 I notification_expansion: [0|com.mediatek.mtklogger|2130837539|null|10056,0,1,167,167,0]
04-20 20:12:33.233175   964  2088 I notification_expansion: [-1|android|17040353|null|1000,0,0,1199384,1199384,44213]
04-20 20:12:33.273977   964   976 I am_finish_activity: [0,112548854,102,com.mediatek.mtklogger/.MainActivity,app-request]
04-20 20:12:33.313293   964   976 I am_pause_activity: [0,112548854,com.mediatek.mtklogger/.MainActivity]
04-20 20:12:33.328499 20174 20174 I am_on_paused_called: [0,com.mediatek.mtklogger.MainActivity]
04-20 20:12:33.331056   964  2088 I am_home_stack_moved: [0,1,0,0,noMoreActivities setFocusedActivity]
04-20 20:12:33.331292   964  2088 I wm_task_moved: [31,1,0]
04-20 20:12:33.341387   964  2088 I am_focused_activity: [0,com.android.launcher3/.Launcher]
04-20 20:12:33.353251   964  2088 I am_resume_activity: [0,104862808,31,com.android.launcher3/.Launcher]
04-20 20:12:33.363041   964   982 I am_destroy_activity: [0,112548854,102,com.mediatek.mtklogger/.MainActivity,finish-imm]
04-20 20:12:33.389333  1654  1654 I am_on_resume_called: [0,com.android.launcher3.Launcher]
04-20 20:12:33.559042   964   976 I am_home_stack_moved: [0,1,0,0,activityDestroyed leftTaskHistoryEmpty]
04-20 20:12:33.832337   964  1844 I am_proc_died: [0,22292,com.android.vending]
04-20 20:12:33.885363   964  1001 I dvm_lock_sample: [system_server,0,AlarmManager,19,PendingIntentRecord.java,211,ActivityManagerService.java,1354,3]
04-20 20:12:33.950926   964  1001 I am_proc_start: [0,22610,10018,com.android.vending,service,com.android.vending/com.google.android.finsky.services.ContentSyncService]
04-20 20:12:34.049956   964   987 I wm_stack_removed: 25
04-20 20:12:34.051406   964   987 I wm_task_removed: [102,removeAppToken: last token]
04-20 20:12:34.051595   964   987 I wm_task_removed: [102,removeTask]
04-20 20:12:34.053325   231   231 I sf_frame_dur: [com.mediatek.mtklogger/com.mediatek.mtklogger.MainActivity,1,0,0,1,0,1,2]
04-20 20:12:34.214932   964  8871 I am_proc_bound: [0,22610,com.android.vending]
04-20 20:12:34.353273   964  2089 I force_gc: Binder
04-20 20:12:35.321208   964  1843 I am_proc_start: [0,22647,10010,com.google.android.gms:car,service,com.google.android.gms/.car.CarService]
04-20 20:12:35.544744   964   964 I notification_cancel: [10018,22610,com.android.vending,-1050172287,NULL,0,0,64,8,NULL]
04-20 20:12:35.583221   964  1582 I am_proc_bound: [0,22647,com.google.android.gms:car]
04-20 20:12:35.622988   964  8872 I am_proc_died: [0,22407,android.process.acore]
04-20 20:12:35.968951   964   964 I notification_cancel: [10010,22647,com.google.android.gms,10436,NOT_LMP,0,0,64,8,NULL]
04-20 20:12:35.972151   964   964 I notification_cancel: [10010,22647,com.google.android.gms,39789,NOT_LMP,0,0,64,8,NULL]
04-20 20:12:36.406203   964   979 I dvm_lock_sample: [system_server,0,Binder_3,328,UserManagerService.java,414,PackageManagerService.java,5707,65]
04-20 20:12:36.406566   964  1652 I dvm_lock_sample: [system_server,1,Binder_6,326,UserManagerService.java,414,PackageManagerService.java,5707,65]
04-20 20:12:36.407333   964  2089 I dvm_lock_sample: [system_server,1,Binder_E,240,UserManagerService.java,414,PackageManagerService.java,5707,48]
04-20 20:12:36.420296   964  8872 I dvm_lock_sample: [system_server,1,Binder_10,327,ActivityManagerService.java,16937,BroadcastQueue.java,713,65]
04-20 20:12:36.423375   964  2088 I dvm_lock_sample: [system_server,1,Binder_D,329,ActivityManagerService.java,16878,BroadcastQueue.java,713,65]
04-20 20:12:36.494369   964  1927 I am_proc_start: [0,22670,10010,com.google.android.gms.wearable,service,com.google.android.gms/.wearable.service.WearableService]
04-20 20:12:36.784220   964  1747 I am_proc_bound: [0,22670,com.google.android.gms.wearable]
04-20 20:12:36.812670   964  1582 I wm_stack_created: [26,0,0,0,0]
04-20 20:12:36.822046   964   964 I notification_cancel: [10010,22647,com.google.android.gms,10436,NULL,0,0,64,8,NULL]
04-20 20:12:36.842068   964  1582 I am_home_stack_moved: [0,0,26,26,startingNewTask]
04-20 20:12:36.842649   964  1582 I am_create_task: [0,104]
04-20 20:12:36.843284   964  1582 I am_create_activity: [0,208557055,104,com.android.settings/.Settings,android.intent.action.MAIN,NULL,NULL,270532608]
04-20 20:12:36.848891   964  1582 I wm_task_created: [104,26]
04-20 20:12:36.849131   964  1582 I wm_task_moved: [104,1,0]
04-20 20:12:36.851089   964  1582 I am_pause_activity: [0,104862808,com.android.launcher3/.Launcher]
04-20 20:12:36.863015   964  1582 I am_home_stack_moved: [0,0,26,26,startedActivity setFocusedActivity]
04-20 20:12:36.863272   964  1582 I wm_task_moved: [104,1,0]
04-20 20:12:36.874342   964  1582 I am_focused_activity: [0,com.android.settings/.Settings]
04-20 20:12:36.928457  1654  1654 I am_on_paused_called: [0,com.android.launcher3.Launcher]
04-20 20:12:37.002953   964  1582 I am_proc_start: [0,22688,1000,com.android.settings,activity,com.android.settings/.Settings]
04-20 20:12:37.007093   964  1652 I am_proc_died: [0,22453,com.android.gallery3d]
04-20 20:12:37.032532   964  1670 I dvm_lock_sample: [system_server,1,Binder_8,78,ActivityManagerService.java,7584,-,7205,15]
04-20 20:12:37.044518   964   983 I dvm_lock_sample: [system_server,1,android.ui,34,ActivityManagerService.java,3995,-,1354,6]
04-20 20:12:37.153686   964   976 I am_proc_died: [0,22434,com.google.android.googlequicksearchbox:search]
04-20 20:12:37.169524   964   964 I notification_cancel: [10010,22670,com.google.android.gms,10436,NOT_LMP,0,0,64,8,NULL]
04-20 20:12:37.170317   964   964 I notification_cancel: [10010,22670,com.google.android.gms,39789,NOT_LMP,0,0,64,8,NULL]
04-20 20:12:37.385506   964   979 I am_proc_bound: [0,22688,com.android.settings]
04-20 20:12:37.409696   964   964 I notification_cancel: [10018,22610,com.android.vending,10436,NULL,0,0,64,8,NULL]
04-20 20:12:37.428948   964   979 I am_restart_activity: [0,208557055,104,com.android.settings/.Settings]
04-20 20:12:37.533530   964  2089 I dvm_lock_sample: [system_server,1,Binder_E,14,ActivityManagerService.java,10830,-,16878,2]
04-20 20:12:37.748840   964  1844 I dvm_lock_sample: [system_server,1,Binder_B,36,ActivityManagerService.java,10764,-,16878,7]
04-20 20:12:37.800000  2031  2031 I auditd  : type=1400 audit(0.0:483): avc: denied { read } for comm="GpuAppSpectator" name="cmdline" dev="proc" ino=147255 scontext=u:r:gas_srv:s0 tcontext=u:r:system_app:s0 tclass=file permissive=1
04-20 20:12:37.800000  2031  2031 I auditd  : type=1400 audit(0.0:484): avc: denied { open } for comm="GpuAppSpectator" path="/proc/22688/cmdline" dev="proc" ino=147255 scontext=u:r:gas_srv:s0 tcontext=u:r:system_app:s0 tclass=file permissive=1
04-20 20:12:37.800000  2031  2031 I auditd  : type=1400 audit(0.0:485): avc: denied { getattr } for comm="GpuAppSpectator" path="/proc/22688/cmdline" dev="proc" ino=147255 scontext=u:r:gas_srv:s0 tcontext=u:r:system_app:s0 tclass=file permissive=1
04-20 20:12:37.860084   231   231 I sf_frame_dur: [com.android.launcher3/com.android.launcher3.Launcher,93,7,4,0,1,0,1]
04-20 20:12:38.086387   964   964 I notification_cancel: [10022,1102,com.android.systemui,2131755032,low_battery,-1,0,64,8,NULL]
04-20 20:12:38.352582 22688 22688 I sysui_view_visibility: [1,100]
04-20 20:12:38.412873 22688 22688 I sysui_view_visibility: [35,100]
04-20 20:12:38.415558 22688 22688 I am_on_resume_called: [0,com.android.settings.Settings]
04-20 20:12:38.629464   964   979 I am_proc_died: [0,22512,com.android.quicksearchbox]
04-20 20:12:39.950685   964   987 I am_activity_launch_time: [0,208557055,com.android.settings/.Settings,3003,3003]
04-20 20:12:39.962929   964  1747 I am_proc_died: [0,22647,com.google.android.gms:car]
04-20 20:12:39.965193   964  1747 I am_schedule_service_restart: [0,com.google.android.gms/.car.CarService,1000]
04-20 20:12:41.024394   964   982 I am_proc_start: [0,22741,10010,com.google.android.gms:car,service,com.google.android.gms/.car.CarService]
04-20 20:12:41.219493   964  8871 I am_proc_bound: [0,22741,com.google.android.gms:car]
04-20 20:12:41.413923   964  1747 I am_proc_died: [0,22610,com.android.vending]
04-20 20:12:41.420384   964  1747 I am_low_memory: 23
04-20 20:12:41.479617   964   964 I notification_cancel: [10010,22741,com.google.android.gms,10436,NOT_LMP,0,0,64,8,NULL]
04-20 20:12:41.481483   964   964 I notification_cancel: [10010,22741,com.google.android.gms,39789,NOT_LMP,0,0,64,8,NULL]
04-20 20:12:41.908248   964   964 I notification_cancel: [10010,22741,com.google.android.gms,10436,NULL,0,0,64,8,NULL]
04-20 20:12:44.640829   964   979 I am_home_stack_moved: [0,0,26,26,sourceStackToFront]
04-20 20:12:44.641125   964   979 I wm_task_moved: [104,1,0]
04-20 20:12:44.648236   964   979 I am_create_activity: [0,108064327,104,com.android.settings/.SubSettings,android.intent.action.MAIN,NULL,NULL,0]
04-20 20:12:44.651104   964   979 I am_pause_activity: [0,208557055,com.android.settings/.Settings]
04-20 20:12:44.656606   964   979 I am_home_stack_moved: [0,0,26,26,startedActivity setFocusedActivity]
04-20 20:12:44.656800   964   979 I wm_task_moved: [104,1,0]
04-20 20:12:44.664678   964   979 I am_focused_activity: [0,com.android.settings/.SubSettings]
04-20 20:12:44.672144 22688 22688 I sysui_view_visibility: [35,0]
04-20 20:12:44.673354 22688 22688 I sysui_view_visibility: [1,0]
04-20 20:12:44.678635 22688 22688 I am_on_paused_called: [0,com.android.settings.Settings]
04-20 20:12:44.687410   964  1663 I am_restart_activity: [0,108064327,104,com.android.settings/.SubSettings]
04-20 20:12:45.231690 22688 22688 I sysui_view_visibility: [110,100]
