04-20 19:02:31.321021   964  1844 I dvm_lock_sample: [system_server,1,Binder_B,407,ActivityManagerService.java,18200,-,18200,81]
04-20 19:02:31.321425   964  2089 I dvm_lock_sample: [system_server,0,Binder_E,386,ActivityManagerService.java,17162,BroadcastQueue.java,713,77]
04-20 19:02:31.373178   964   981 I am_pss  : [15789,10073,org.simalliance.openmobileapi.uicc2terminal,4244480,3158016]
04-20 19:02:31.417975   964   981 I am_pss  : [14208,10072,org.simalliance.openmobileapi.uicc1terminal,3931136,2846720]
04-20 19:02:31.465008   964   981 I am_pss  : [18185,10070,org.simalliance.openmobileapi.service:remote,5351424,4243456]
04-20 19:02:31.546926   964   981 I am_pss  : [1483,10023,com.google.android.googlequicksearchbox:interactor,4449280,3325952]
04-20 19:02:31.592909   964   981 I am_pss  : [19596,10005,com.android.defcontainer,5504000,4321280]
04-20 19:02:31.779527   964   964 I notification_cancel: [10010,19868,com.google.android.gms,10436,NULL,0,0,64,8,NULL]
04-20 19:02:31.943541   964   964 I notification_cancel: [10018,19836,com.android.vending,10436,NULL,0,0,64,8,NULL]
04-20 19:02:34.492435   964   964 I notification_cancel: [10022,1102,com.android.systemui,2131755032,low_battery,-1,0,64,8,NULL]
04-20 19:02:39.577081 18254 18254 I sqlite_mem_released: 0
04-20 19:02:39.577538 18254 18254 I force_gc: mem
04-20 19:02:44.519874   964   964 I notification_cancel: [10022,1102,com.android.systemui,2131755032,low_battery,-1,0,64,8,NULL]
04-20 19:02:49.580422 18131 18131 I sqlite_mem_released: 0
04-20 19:02:49.580957 18131 18131 I force_gc: mem
04-20 19:02:54.488190   964   964 I notification_cancel: [10022,1102,com.android.systemui,2131755032,low_battery,-1,0,64,8,NULL]
04-20 19:02:59.556927  1654  1654 I sqlite_mem_released: 0
04-20 19:02:59.568086  1654  1654 I force_gc: mem
04-20 19:03:00.139915   964   981 I am_pss  : [1654,10014,com.android.launcher3,26173440,23014400]
04-20 19:03:00.169158   964   981 I am_pss  : [19658,10023,com.google.android.googlequicksearchbox:search,17544192,15613952]
04-20 19:03:04.489708   964   964 I notification_cancel: [10022,1102,com.android.systemui,2131755032,low_battery,-1,0,64,8,NULL]
04-20 19:03:14.488981   964   964 I notification_cancel: [10022,1102,com.android.systemui,2131755032,low_battery,-1,0,64,8,NULL]
04-20 19:03:17.862750   964   976 I battery_status: [4,2,1,0,Li-ion]
04-20 19:03:17.901115   964   964 I notification_cancel: [10022,1102,com.android.systemui,2131755032,low_battery,-1,0,64,8,NULL]
04-20 19:03:17.990577   964   964 I dvm_lock_sample: [system_server,1,main,89,ActivityManagerService.java,18200,BroadcastQueue.java,713,17]
04-20 19:03:18.014818   964   964 I notification_cancel: [10022,1102,com.android.systemui,2131755032,low_battery,-1,0,64,8,NULL]
04-20 19:03:18.126632   964   981 I am_pss  : [19728,10010,com.google.android.gms.wearable,10774528,7368704]
04-20 19:03:18.134077   964   983 I dvm_lock_sample: [system_server,1,android.ui,6,ActivityManagerService.java,3932,-,16878,1]
04-20 19:03:18.173730   964  2088 I am_proc_start: [0,19898,1000,com.fw.upgrade.sysoper,broadcast,com.fw.upgrade.sysoper/com.adups.fota.sysoper.TaskReceiver]
04-20 19:03:18.176311   964   981 I am_pss  : [19836,10018,com.android.vending,15928320,14426112]
04-20 19:03:18.205474   964   981 I am_pss  : [19868,10010,com.google.android.gms:car,12663808,9175040]
04-20 19:03:18.234375   964   981 I am_pss  : [18676,10007,android.process.media,9351168,7933952]
04-20 19:03:18.394726   964  1162 I am_proc_bound: [0,19898,com.fw.upgrade.sysoper]
04-20 19:03:18.413615   964  1162 I dvm_lock_sample: [system_server,1,Binder_4,5,PackageManagerService.java,6753,-,2995,1]
04-20 19:03:18.648373   964  1670 I am_proc_died: [0,19898,com.fw.upgrade.sysoper]
04-20 19:03:18.926333   964   964 I notification_cancel: [1000,964,android,17040347,NULL,-1,0,0,8,NULL]
04-20 19:03:18.927490   964   964 I notification_canceled: [-1|android|17040347|null|1000,8,56103,56103,0]
04-20 19:03:18.928151   964   964 I notification_cancel: [1000,964,android,17040353,NULL,-1,0,0,8,NULL]
04-20 19:03:18.929035   964   964 I notification_canceled: [-1|android|17040353|null|1000,8,147214,147214,90379]
04-20 19:03:31.272719   964  8872 I battery_status: [2,2,1,2,Li-ion]
04-20 19:03:31.373070   964   964 I dvm_lock_sample: [system_server,1,main,72,ActivityManagerService.java,18200,BroadcastQueue.java,713,14]
04-20 19:03:31.381821   964   964 I notification_cancel: [10022,1102,com.android.systemui,2131755032,low_battery,-1,0,64,8,NULL]
04-20 19:03:31.449460   964  1582 I battery_status: [4,2,1,0,Li-ion]
04-20 19:03:31.526317   964   964 I notification_cancel: [10022,1102,com.android.systemui,2131755032,low_battery,-1,0,64,8,NULL]
04-20 19:03:31.625342   964  1582 I dvm_lock_sample: [system_server,1,Binder_5,53,ActiveServices.java,1135,BatteryStatsService.java,886,10]
04-20 19:03:31.826244   964  1670 I am_proc_start: [0,19918,1000,com.fw.upgrade.sysoper,broadcast,com.fw.upgrade.sysoper/com.adups.fota.sysoper.TaskReceiver]
04-20 19:03:32.035245   964  1652 I am_proc_bound: [0,19918,com.fw.upgrade.sysoper]
04-20 19:03:32.043972   964  2089 I battery_status: [2,2,1,2,Li-ion]
04-20 19:03:32.082839   964   964 I dvm_lock_sample: [system_server,1,main,26,ActivityManagerService.java,18200,BroadcastQueue.java,713,5]
04-20 19:03:32.093847   964   964 I notification_cancel: [10022,1102,com.android.systemui,2131755032,low_battery,-1,0,64,8,NULL]
04-20 19:03:32.314464   964  1927 I am_proc_died: [0,19658,com.google.android.googlequicksearchbox:search]
04-20 19:03:32.336977   964  1652 I am_proc_died: [0,19918,com.fw.upgrade.sysoper]
04-20 19:03:32.359181   964   964 I notification_enqueue: [1000,964,android,17040347,NULL,-1,Notification(pri=-2 contentView=null vibrate=null sound=null tick defaults=0x0 flags=0x2 color=0xff607d8b vis=PUBLIC),0]
04-20 19:03:32.369385   964   964 I notification_enqueue: [1000,964,android,17040353,NULL,-1,Notification(pri=-1 contentView=null vibrate=null sound=null tick defaults=0x0 flags=0x2 color=0xff607d8b vis=PUBLIC),0]
04-20 19:03:34.339550   964   964 I notification_cancel: [10022,1102,com.android.systemui,2131755032,low_battery,-1,0,64,8,NULL]
04-20 19:03:38.187026   964  1023 I netstats_mobile_sample: [0,0,0,0,0,0,0,0,0,0,0,0,-1]
04-20 19:03:38.188341   964  1023 I netstats_wifi_sample: [156067,1593,295347,9846,123363,1275,247080,2550,123363,1275,247080,2550,-1]
04-20 19:03:38.290000  2031  2031 I auditd  : type=1400 audit(0.0:422): avc: denied { read } for comm="GpuAppSpectator" name="cmdline" dev="proc" ino=131196 scontext=u:r:gas_srv:s0 tcontext=u:r:system_app:s0 tclass=file permissive=1
04-20 19:03:38.290000  2031  2031 I auditd  : type=1400 audit(0.0:423): avc: denied { open } for comm="GpuAppSpectator" path="/proc/19686/cmdline" dev="proc" ino=131196 scontext=u:r:gas_srv:s0 tcontext=u:r:system_app:s0 tclass=file permissive=1
04-20 19:03:38.290000  2031  2031 I auditd  : type=1400 audit(0.0:424): avc: denied { getattr } for comm="GpuAppSpectator" path="/proc/19686/cmdline" dev="proc" ino=131196 scontext=u:r:gas_srv:s0 tcontext=u:r:system_app:s0 tclass=file permissive=1
04-20 19:03:42.543327   964  1023 I netstats_mobile_sample: [0,0,0,0,0,0,0,0,0,0,0,0,-1]
04-20 19:03:42.544473   964  1023 I netstats_wifi_sample: [156067,1593,295347,9846,123363,1275,247080,2550,123363,1275,247080,2550,-1]
04-20 19:03:44.349613   964   964 I notification_cancel: [10022,1102,com.android.systemui,2131755032,low_battery,-1,0,64,8,NULL]
04-20 19:03:44.851390   964  1023 I netstats_mobile_sample: [0,0,0,0,0,0,0,0,0,0,0,0,-1]
04-20 19:03:44.852907   964  1023 I netstats_wifi_sample: [156067,1593,295347,9846,123363,1275,247080,2550,123363,1275,247080,2550,-1]
04-20 19:03:46.639539   964  1023 I netstats_mobile_sample: [0,0,0,0,0,0,0,0,0,0,0,0,-1]
04-20 19:03:46.640799   964  1023 I netstats_wifi_sample: [156067,1593,295347,9846,123363,1275,247080,2550,123363,1275,247080,2550,-1]
04-20 19:03:48.372725   964  1023 I netstats_mobile_sample: [0,0,0,0,0,0,0,0,0,0,0,0,-1]
04-20 19:03:48.373898   964  1023 I netstats_wifi_sample: [156067,1593,295347,9846,123363,1275,247080,2550,123363,1275,247080,2550,-1]
04-20 19:03:54.351391   964   964 I notification_cancel: [10022,1102,com.android.systemui,2131755032,low_battery,-1,0,64,8,NULL]
04-20 19:04:04.357961   964   964 I notification_cancel: [10022,1102,com.android.systemui,2131755032,low_battery,-1,0,64,8,NULL]
04-20 19:04:14.403285   964   964 I notification_cancel: [10022,1102,com.android.systemui,2131755032,low_battery,-1,0,64,8,NULL]
04-20 19:04:24.356378   964   964 I notification_cancel: [10022,1102,com.android.systemui,2131755032,low_battery,-1,0,64,8,NULL]
04-20 19:04:34.358489   964   964 I notification_cancel: [10022,1102,com.android.systemui,2131755032,low_battery,-1,0,64,8,NULL]
04-20 19:04:40.570000  1067  1067 I auditd  : type=1400 audit(0.0:425): avc: denied { open } for comm="PhotonicModulat" path="/sys/devices/platform/leds-mt65xx/leds/lcd-backlight/brightness" dev="sysfs" ino=11474 scontext=u:r:system_server:s0 tcontext=u:object_r:sys_lcd_brightness_file:s0 tclass=file permissive=1
04-20 19:04:42.419069  1102  1102 I sysui_panelholder_touch: [0,493,0]
04-20 19:04:42.421359  1102  1102 I sysui_count: [panel_open,1]
04-20 19:04:42.428799  1102  1102 I sysui_histogram: [note_load,3]
04-20 19:04:42.429406   964  1843 I notification_panel_revealed: 3
04-20 19:04:42.434479   964  1844 I notification_visibility: [-1|android|17303171|null|1000,1,139069,139069,0,0]
04-20 19:04:42.934781   964  1843 I notification_visibility: [-1|android|17040353|null|1000,1,70566,70566,0,1]
04-20 19:04:42.935388   964  1843 I notification_visibility: [-1|android|17040347|null|1000,1,70577,70577,0,2]
04-20 19:04:43.266939   964  1663 I am_home_stack_moved: [0,0,21,21,startingNewTask]
04-20 19:04:43.267183   964   979 I notification_visibility: [-1|android|17303171|null|1000,0,139902,139902,0,0]
04-20 19:04:43.267211   964  1663 I wm_task_moved: [90,1,0]
04-20 19:04:43.267561   964   979 I notification_visibility: [-1|android|17040353|null|1000,0,70899,70899,0,1]
04-20 19:04:43.268060   964   979 I notification_visibility: [-1|android|17040347|null|1000,0,70909,70909,0,2]
04-20 19:04:43.269469   964  1927 I notification_panel_hidden: []
04-20 19:04:43.273685   964  1663 I am_create_task: [0,91]
04-20 19:04:43.275135   964  1663 I am_create_activity: [0,238035973,91,com.android.settings/.deviceinfo.UsbModeChooserActivity,android.intent.action.MAIN,NULL,NULL,276856832]
04-20 19:04:43.285327   964  1663 I wm_task_created: [91,21]
04-20 19:04:43.285584   964  1663 I wm_task_moved: [91,1,1]
04-20 19:04:43.321383   964  1663 I am_pause_activity: [0,209864260,com.android.settings/.SubSettings]
04-20 19:04:43.323308 19686 19686 I sysui_view_visibility: [90,0]
04-20 19:04:43.329679   964  1663 I am_home_stack_moved: [0,0,21,21,startedActivity setFocusedActivity]
04-20 19:04:43.329915   964  1663 I wm_task_moved: [91,1,1]
04-20 19:04:43.339788   964  1663 I am_focused_activity: [0,com.android.settings/.deviceinfo.UsbModeChooserActivity]
04-20 19:04:43.348254   964  1670 I notification_clicked: [-1|android|17040347|null|1000,70990,70990,413]
04-20 19:04:43.349307   964   964 I notification_cancel: [10022,1102,android,17040347,NULL,-1,16,64,1,NULL]
04-20 19:04:43.349553   964   964 I sysui_histogram: [note_click_longevity,1]
04-20 19:04:43.350317 19686 19686 I am_on_paused_called: [0,com.android.settings.SubSettings]
04-20 19:04:43.358339   964  1843 I am_restart_activity: [0,238035973,91,com.android.settings/.deviceinfo.UsbModeChooserActivity]
04-20 19:04:43.434716   964   981 I am_pss  : [19686,1000,com.android.settings,50043904,45304832]
04-20 19:04:43.473781   964   981 I am_pss  : [19259,10010,com.google.android.gms,24501248,20033536]
04-20 19:04:43.509740   964   981 I am_pss  : [18676,10007,android.process.media,8906752,7397376]
04-20 19:04:43.548700   964   981 I am_pss  : [1618,1000,com.mediatek.nlpservice,4031488,2875392]
04-20 19:04:43.580922   964   981 I am_pss  : [1602,1001,com.mediatek.ims,5121024,3792896]
04-20 19:04:43.612730   964   981 I am_pss  : [1586,1001,com.mediatek.gba,3791872,2658304]
04-20 19:04:43.660338   964   981 I am_pss  : [1576,1001,com.android.phone,17275904,15585280]
04-20 19:04:43.680520 19686 19686 I am_on_resume_called: [0,com.android.settings.deviceinfo.UsbModeChooserActivity]
04-20 19:04:43.733691   964   981 I am_pss  : [1102,10022,com.android.systemui,59076608,55380992]
04-20 19:04:43.847861   964   981 I am_pss  : [964,1000,system,63834112,60472320]
04-20 19:04:43.973593   964   987 I am_activity_launch_time: [0,238035973,com.android.settings/.deviceinfo.UsbModeChooserActivity,621,621]
04-20 19:04:44.322232   964   964 I notification_cancel: [10022,1102,com.android.systemui,2131755032,low_battery,-1,0,64,8,NULL]
04-20 19:04:45.127548   964   976 I am_finish_activity: [0,238035973,91,com.android.settings/.deviceinfo.UsbModeChooserActivity,app-request]
04-20 19:04:45.129512   964   976 I am_home_stack_moved: [0,0,21,21,finishActivity adjustFocus setFocusedActivity]
04-20 19:04:45.131971   964   976 I wm_task_moved: [91,1,1]
04-20 19:04:45.137988   964   976 I am_focused_activity: [0,com.android.settings/.SubSettings]
04-20 19:04:45.161191   964   976 I am_pause_activity: [0,238035973,com.android.settings/.deviceinfo.UsbModeChooserActivity]
04-20 19:04:45.210359 19686 19686 I am_on_paused_called: [0,com.android.settings.deviceinfo.UsbModeChooserActivity]
04-20 19:04:45.227491   964  1844 I am_resume_activity: [0,209864260,90,com.android.settings/.SubSettings]
04-20 19:04:45.326059   231   231 I sf_frame_dur: [com.android.settings/com.android.settings.deviceinfo.UsbModeChooserActivity,0,1,0,0,1,0,0]
04-20 19:04:45.339363 19686 19686 I sysui_view_visibility: [90,100]
04-20 19:04:45.339638 19686 19686 I am_on_resume_called: [0,com.android.settings.SubSettings]
04-20 19:04:45.392916   964  2088 I am_destroy_activity: [0,238035973,91,com.android.settings/.deviceinfo.UsbModeChooserActivity,finish-imm]
04-20 19:04:45.438610   964   964 I notification_cancel: [1000,964,android,17303171,NULL,-1,0,0,8,NULL]
04-20 19:04:45.439828   964   964 I notification_canceled: [-1|android|17303171|null|1000,8,142074,142074,3005]
04-20 19:04:45.454903   964   979 I notification_expansion: [-1|android|17040353|null|1000,0,1,73086,73086,2520]
04-20 19:04:45.527614   964   964 I notification_cancel: [1000,964,android,17040347,NULL,-1,0,0,8,NULL]
04-20 19:04:45.528890   964   964 I notification_canceled: [-1|android|17040347|null|1000,8,73170,73170,2593]
04-20 19:04:45.535833   964   964 I notification_enqueue: [1000,964,android,17040348,NULL,-1,Notification(pri=-2 contentView=null vibrate=null sound=null tick defaults=0x0 flags=0x2 color=0xff607d8b vis=PUBLIC),0]
04-20 19:04:45.573769   964   987 I wm_task_removed: [91,removeAppToken: last token]
04-20 19:04:45.573927   964   987 I wm_task_removed: [91,removeTask]
04-20 19:04:45.586556   964  1023 I netstats_mobile_sample: [0,0,0,0,0,0,0,0,0,0,0,0,-1]
04-20 19:04:45.588100   964  1023 I netstats_wifi_sample: [156067,1593,295347,9846,123363,1275,247080,2550,123363,1275,247080,2550,-1]
04-20 19:04:45.686582   964  1023 I netstats_mobile_sample: [0,0,0,0,0,0,0,0,0,0,0,0,-1]
04-20 19:04:45.687682   964  1023 I netstats_wifi_sample: [156067,1593,295347,9846,123363,1275,247080,2550,123363,1275,247080,2550,-1]
04-20 19:04:46.442403   964   964 I notification_cancel: [10022,1102,com.android.systemui,2131755032,low_battery,-1,0,64,8,NULL]
04-20 19:04:47.584944   964   964 I notification_cancel: [10022,1102,com.android.systemui,2131755032,low_battery,-1,0,64,8,NULL]
04-20 19:04:53.314355   964   975 I am_proc_died: [0,19868,com.google.android.gms:car]
04-20 19:04:53.534245   964  8871 I am_proc_died: [0,19728,com.google.android.gms.wearable]
04-20 19:04:57.584971   964   964 I notification_cancel: [10022,1102,com.android.systemui,2131755032,low_battery,-1,0,64,8,NULL]
04-20 19:05:00.374208   964   982 I am_kill : [0,19686,com.android.settings,0,stop com.android.settings]
04-20 19:05:00.529048   964   982 I am_finish_activity: [0,209864260,90,com.android.settings/.SubSettings,proc died without state saved]
04-20 19:05:00.529265   964   982 I am_focused_activity: [-1,NULL]
04-20 19:05:00.543793   231   231 I sf_frame_dur: [com.android.settings/com.android.settings.SubSettings,557,6,2,1,4,8,7]
04-20 19:05:01.687597   964   982 I dvm_lock_sample: [system_server,1,ActivityManager,1147,UserManagerService.java,414,PackageManagerService.java,12739,100]
04-20 19:05:02.978153   964   982 I dvm_lock_sample: [system_server,1,ActivityManager,1290,PackageManagerService.java,15283,-,12749,100]
04-20 19:05:02.978545   964   981 I dvm_lock_sample: [system_server,0,android.bg,1054,Settings.java,4805,PackageManagerService.java,12749,100]
04-20 19:05:03.021109   964   982 I am_proc_start: [0,19985,1000,com.android.settings,activity,com.android.settings/.SubSettings]
04-20 19:05:03.024272   964   982 I am_finish_activity: [0,123192585,90,com.android.settings/.Settings,force-stop]
04-20 19:05:03.027169   964   982 I am_finish_activity: [0,45484579,90,com.android.settings/.SubSettings,force-stop]
04-20 19:05:03.029724   964   982 I am_home_stack_moved: [0,1,0,0,noMoreActivities setFocusedActivity]
04-20 19:05:03.029898   964   982 I wm_task_moved: [31,1,0]
04-20 19:05:03.034314   964   982 I am_focused_activity: [0,com.android.launcher3/.Launcher]
04-20 19:05:03.042354   964   982 I am_resume_activity: [0,104862808,31,com.android.launcher3/.Launcher]
04-20 19:05:03.047053   964   976 I dvm_lock_sample: [system_server,0,Binder_2,2535,ActivityManagerService.java,1354,-,1838,100]
04-20 19:05:03.054789   964   982 I am_kill : [0,19985,com.android.settings,-100,stop com.android.settings]
04-20 19:05:03.062177   964   987 I dvm_lock_sample: [system_server,1,android.display,2522,ActivityRecord.java,377,ActivityManagerService.java,1838,100]
04-20 19:05:03.062488   964   982 I am_destroy_activity: [0,123192585,90,com.android.settings/.Settings,finish-idle]
04-20 19:05:03.063414   964   982 I am_destroy_activity: [0,45484579,90,com.android.settings/.SubSettings,finish-idle]
04-20 19:05:03.064137   964   982 I wm_task_removed: [90,removeAppToken: last token]
04-20 19:05:03.064336   964   982 I wm_task_removed: [90,removeTask]
04-20 19:05:03.065154   964   982 I am_home_stack_moved: [0,1,0,0,finish-idle hadNoApp leftTaskHistoryEmpty]
04-20 19:05:03.065280   964   982 I wm_stack_removed: 21
04-20 19:05:03.072242   964   983 I dvm_lock_sample: [system_server,1,android.ui,50,ActivityManagerService.java,3932,-,1838,10]
04-20 19:05:03.077445   964   995 I unknown_sources_enabled: 1
04-20 19:05:03.081638  1654  1654 I am_on_resume_called: [0,com.android.launcher3.Launcher]
04-20 19:05:03.261748  1102  1102 I force_gc: bg
04-20 19:05:03.267475   964   982 I dvm_lock_sample: [system_server,1,ActivityManager,26,ActivityStackSupervisor.java,4476,ActivityManagerService.java,18200,5]
04-20 19:05:03.284850   964   964 I notification_cancel_all: [1000,964,com.android.settings,0,0,0,5,NULL]
04-20 19:05:03.318239  1654  1654 I force_gc: bg
04-20 19:05:03.361280   964   982 I am_proc_start: [0,19996,10003,android.process.acore,broadcast,com.android.providers.contacts/.PackageIntentReceiver]
04-20 19:05:03.371525   964   983 I dvm_lock_sample: [system_server,1,android.ui,57,ActivityManagerService.java,3995,BroadcastQueue.java,713,11]
04-20 19:05:03.416516   964   983 I dvm_lock_sample: [system_server,1,android.ui,44,ActivityManagerService.java,3995,BroadcastQueue.java,713,8]
04-20 19:05:03.569478   964   976 I dvm_lock_sample: [system_server,1,Binder_2,10,PackageManagerService.java,4296,-,2995,2]
04-20 19:05:03.582676   964   987 I dvm_lock_sample: [system_server,1,android.display,163,ActivityRecord.java,357,ActivityManagerService.java,18200,32]
04-20 19:05:03.606385   964   979 I am_proc_bound: [0,19996,android.process.acore]
04-20 19:05:03.623849   964   964 I notification_cancel_all: [1000,964,com.android.settings,0,0,0,5,NULL]
04-20 19:05:03.984251   964   979 I dvm_lock_sample: [system_server,1,Binder_3,325,PackageManagerService.java,6753,-,5886,65]
04-20 19:05:03.984750   964  1000 I dvm_lock_sample: [system_server,0,MoMS.HandlerThread,325,PackageManagerService.java,2995,-,5707,65]
04-20 19:05:03.985075   964  1927 I dvm_lock_sample: [system_server,1,Binder_C,325,PackageManagerService.java,4296,-,5707,65]
04-20 19:05:04.007173   964   982 I dvm_lock_sample: [system_server,1,ActivityManager,336,ActivityManagerService.java,2001,-,6860,67]
04-20 19:05:04.008294   964   987 I dvm_lock_sample: [system_server,1,android.display,337,ActivityRecord.java,367,ActivityManagerService.java,6860,67]
04-20 19:05:04.053397   964  1663 I dvm_lock_sample: [system_server,1,Binder_7,7,PackageManagerService.java,14502,UserManagerService.java,414,1]
04-20 19:05:05.010019   964   964 I notification_cancel: [10018,19836,com.android.vending,-1050172287,NULL,0,0,64,8,NULL]
04-20 19:05:05.178607   964   976 I am_proc_start: [0,20024,10023,com.google.android.googlequicksearchbox:search,broadcast,com.google.android.googlequicksearchbox/com.google.android.search.core.icingsync.IcingCorporaChangedReceiver]
04-20 19:05:05.183758   964  8872 I dvm_lock_sample: [system_server,1,Binder_10,40,ActivityManagerService.java,16937,BroadcastQueue.java,713,8]
04-20 19:05:05.322427   964   981 I am_meminfo: [123146240,77721600,49602560,292839424,44874752]
04-20 19:05:05.349277   964   979 I am_proc_bound: [0,20024,com.google.android.googlequicksearchbox:search]
04-20 19:05:05.360574   964   981 I am_pss  : [1654,10014,com.android.launcher3,44831744,38916096]
04-20 19:05:05.393201   964   981 I am_pss  : [16455,1002,com.android.bluetooth,17500160,16441344]
04-20 19:05:05.427729   964   981 I am_pss  : [1493,10052,com.android.inputmethod.latin,14631936,11960320]
04-20 19:05:05.460710   964   981 I am_pss  : [2236,10010,com.google.process.gapps,16723968,13905920]
04-20 19:05:05.490302   964   981 I am_pss  : [19996,10003,android.process.acore,12086272,10416128]
04-20 19:05:05.518343   964   981 I am_pss  : [19596,10005,com.android.defcontainer,5711872,4419584]
04-20 19:05:05.551240   964   981 I am_pss  : [19836,10018,com.android.vending,15919104,13836288]
04-20 19:05:05.601441   964  1652 I am_proc_start: [0,20038,10046,com.android.gallery3d,broadcast,com.android.gallery3d/.app.PackagesMonitor]
04-20 19:05:05.604821   964   981 I am_pss  : [18676,10007,android.process.media,9538560,7995392]
04-20 19:05:05.633900   964   981 I am_pss  : [18131,10056,com.mediatek.mtklogger,7576576,6348800]
04-20 19:05:05.666799   964   981 I am_pss  : [19259,10010,com.google.android.gms,27302912,22327296]
04-20 19:05:05.701609   964   981 I am_pss  : [1529,10010,com.google.android.gms.persistent,20811776,17195008]
04-20 19:05:05.730887   964   981 I am_pss  : [18254,10016,com.android.mms,9392128,7323648]
04-20 19:05:05.759595   964   981 I am_pss  : [16957,10075,org.simalliance.openmobileapi.eseterminal,4114432,2977792]
04-20 19:05:05.788377   964   981 I am_pss  : [15789,10073,org.simalliance.openmobileapi.uicc2terminal,4280320,3145728]
04-20 19:05:05.804115   964  1844 I am_proc_bound: [0,20038,com.android.gallery3d]
04-20 19:05:05.818720   964   981 I am_pss  : [14208,10072,org.simalliance.openmobileapi.uicc1terminal,3952640,2818048]
04-20 19:05:05.847040   964   981 I am_pss  : [18185,10070,org.simalliance.openmobileapi.service:remote,5315584,4157440]
04-20 19:05:05.875408   964   981 I am_pss  : [1618,1000,com.mediatek.nlpservice,3982336,2826240]
04-20 19:05:05.904466   964   981 I am_pss  : [1602,1001,com.mediatek.ims,5141504,3784704]
04-20 19:05:05.932130   964   981 I am_pss  : [1586,1001,com.mediatek.gba,3786752,2658304]
04-20 19:05:05.972200   964   981 I am_pss  : [1576,1001,com.android.phone,17325056,15360000]
04-20 19:05:06.000564   964   981 I am_pss  : [1483,10023,com.google.android.googlequicksearchbox:interactor,4132864,2965504]
04-20 19:05:06.067910   964  1582 I am_proc_start: [0,20053,1000,com.android.keychain,broadcast,com.android.keychain/.KeyChainBroadcastReceiver]
04-20 19:05:06.068855   964   981 I dvm_lock_sample: [system_server,0,android.bg,19,ActivityManagerService.java,2257,BroadcastQueue.java,713,3]
04-20 19:05:06.071590   964   981 I am_pss  : [1102,10022,com.android.systemui,49121280,45645824]
04-20 19:05:06.158860   964   981 I am_pss  : [964,1000,system,69594112,62488576]
04-20 19:05:06.268808   964  1843 I am_proc_bound: [0,20053,com.android.keychain]
04-20 19:05:06.478636   964  2088 I am_proc_start: [0,20070,10013,com.google.android.partnersetup,broadcast,com.google.android.partnersetup/.RlzPingBroadcastReceiver]
04-20 19:05:06.549256   964  1663 I am_proc_start: [0,20077,10010,com.google.android.gms.wearable,service,com.google.android.gms/.wearable.service.WearableControlService]
04-20 19:05:06.677476   964  1670 I am_proc_bound: [0,20070,com.google.android.partnersetup]
04-20 19:05:06.747246   964  2088 I am_proc_bound: [0,20077,com.google.android.gms.wearable]
04-20 19:05:06.881130   964   964 I notification_cancel: [10018,19836,com.android.vending,100959465,NULL,0,0,64,8,NULL]
04-20 19:05:07.035120   964   964 I notification_cancel: [10010,20077,com.google.android.gms,10436,NOT_LMP,0,0,64,8,NULL]
04-20 19:05:07.037056   964   964 I notification_cancel: [10010,20077,com.google.android.gms,39789,NOT_LMP,0,0,64,8,NULL]
04-20 19:05:07.226944   964  8872 I am_proc_start: [0,20108,10061,com.android.quicksearchbox,broadcast,com.android.quicksearchbox/.CorporaUpdateReceiver]
04-20 19:05:07.422666   964  1670 I am_proc_bound: [0,20108,com.android.quicksearchbox]
04-20 19:05:07.590653   964   964 I notification_cancel: [10022,1102,com.android.systemui,2131755032,low_battery,-1,0,64,8,NULL]
04-20 19:05:08.168759   964   975 I dvm_lock_sample: [system_server,1,Binder_1,325,PackageManagerService.java,4289,-,5707,65]
04-20 19:05:08.413443   964   964 I notification_cancel: [10023,20024,com.google.android.googlequicksearchbox,10436,NULL,0,0,64,8,NULL]
04-20 19:05:13.381355   964   964 I free_storage_changed: 12332687360
04-20 19:05:21.936857   964   981 I dvm_lock_sample: [system_server,0,android.bg,37,ActivityManagerService.java,2187,PendingIntentRecord.java,211,7]
04-20 19:05:22.056934   964   981 I am_pss  : [1654,10014,com.android.launcher3,46182400,42258432]
04-20 19:05:27.599286   964   964 I notification_cancel: [10022,1102,com.android.systemui,2131755032,low_battery,-1,0,64,8,NULL]
04-20 19:05:37.598341   964   964 I notification_cancel: [10022,1102,com.android.systemui,2131755032,low_battery,-1,0,64,8,NULL]
04-20 19:05:37.950000  1067  1067 I auditd  : type=1400 audit(0.0:426): avc: denied { open } for comm="PhotonicModulat" path="/sys/devices/platform/leds-mt65xx/leds/lcd-backlight/brightness" dev="sysfs" ino=11474 scontext=u:r:system_server:s0 tcontext=u:object_r:sys_lcd_brightness_file:s0 tclass=file permissive=1
04-20 19:05:38.188084   964  1927 I wm_stack_created: [22,0,0,0,0]
04-20 19:05:38.207215   964  1927 I am_home_stack_moved: [0,0,22,22,startingNewTask]
04-20 19:05:38.207828   964  1927 I am_create_task: [0,92]
04-20 19:05:38.208483   964  1927 I am_create_activity: [0,137367389,92,com.android.settings/.Settings,android.intent.action.MAIN,NULL,NULL,270532608]
04-20 19:05:38.209707   964  1927 I wm_task_created: [92,22]
04-20 19:05:38.209927   964  1927 I wm_task_moved: [92,1,0]
04-20 19:05:38.211877   964  1927 I am_pause_activity: [0,104862808,com.android.launcher3/.Launcher]
04-20 19:05:38.222318   964  1927 I am_home_stack_moved: [0,0,22,22,startedActivity setFocusedActivity]
04-20 19:05:38.222574   964  1927 I wm_task_moved: [92,1,0]
04-20 19:05:38.233345   964  1927 I am_focused_activity: [0,com.android.settings/.Settings]
04-20 19:05:38.244261  1654  1654 I am_on_paused_called: [0,com.android.launcher3.Launcher]
04-20 19:05:38.304412   964  1652 I am_proc_start: [0,20137,1000,com.android.settings,activity,com.android.settings/.Settings]
04-20 19:05:38.309220   964   981 I am_pss  : [16455,1002,com.android.bluetooth,17466368,16441344]
04-20 19:05:38.346382   964   981 I am_pss  : [1493,10052,com.android.inputmethod.latin,14366720,11960320]
04-20 19:05:38.380207   964   981 I am_pss  : [2236,10010,com.google.process.gapps,16185344,13910016]
04-20 19:05:38.416878   964   981 I am_pss  : [1529,10010,com.google.android.gms.persistent,19852288,16826368]
04-20 19:05:38.447794   964   981 I am_pss  : [20108,10061,com.android.quicksearchbox,5702656,4612096]
04-20 19:05:38.483975   964   981 I am_pss  : [19996,10003,android.process.acore,12672000,11280384]
04-20 19:05:38.519392   964   981 I am_pss  : [20038,10046,com.android.gallery3d,8047616,6955008]
04-20 19:05:38.539889   964  2089 I am_proc_bound: [0,20137,com.android.settings]
04-20 19:05:38.557100   964  2089 I am_restart_activity: [0,137367389,92,com.android.settings/.Settings]
04-20 19:05:38.591394   964   981 I am_pss  : [20070,10013,com.google.android.partnersetup,5476352,4497408]
04-20 19:05:38.591958   964   983 I dvm_lock_sample: [system_server,1,android.ui,37,ActivityManagerService.java,3932,-,6860,7]
04-20 19:05:38.623137   964   981 I am_pss  : [20053,1000,com.android.keychain,5346304,4222976]
04-20 19:05:38.660222   964   981 I am_pss  : [19596,10005,com.android.defcontainer,5318656,4284416]
04-20 19:05:38.701384   964   981 I am_pss  : [18676,10007,android.process.media,9218048,7942144]
04-20 19:05:38.736464   964   981 I am_pss  : [18131,10056,com.mediatek.mtklogger,7351296,6348800]
04-20 19:05:38.768661   964   981 I am_pss  : [18254,10016,com.android.mms,9231360,7290880]
04-20 19:05:38.798545   964   981 I am_pss  : [16957,10075,org.simalliance.openmobileapi.eseterminal,3905536,2973696]
04-20 19:05:38.831533   964   981 I am_pss  : [15789,10073,org.simalliance.openmobileapi.uicc2terminal,4077568,3145728]
04-20 19:05:38.861176   964   981 I am_pss  : [14208,10072,org.simalliance.openmobileapi.uicc1terminal,3749888,2818048]
04-20 19:05:38.894610   964   981 I am_pss  : [18185,10070,org.simalliance.openmobileapi.service:remote,5106688,4157440]
04-20 19:05:38.930688   964   981 I am_pss  : [1483,10023,com.google.android.googlequicksearchbox:interactor,3942400,2965504]
04-20 19:05:38.947928   231   231 I sf_frame_dur: [com.android.launcher3/com.android.launcher3.Launcher,15,1,0,1,0,1,1]
04-20 19:05:39.120089 20137 20137 I sysui_view_visibility: [1,100]
04-20 19:05:39.170406 20137 20137 I sysui_view_visibility: [35,100]
04-20 19:05:39.172724 20137 20137 I am_on_resume_called: [0,com.android.settings.Settings]
04-20 19:05:40.092410   964   987 I dvm_lock_sample: [system_server,1,android.display,18,WindowManagerService.java,8149,-,3323,3]
04-20 19:05:40.244221   964  1670 I am_proc_died: [0,18131,com.mediatek.mtklogger]
04-20 19:05:40.245149   964  1670 I am_schedule_service_restart: [0,com.mediatek.mtklogger/.framework.MTKLoggerService,1000]
04-20 19:05:40.283867   964   981 I am_pss  : [20024,10023,com.google.android.googlequicksearchbox:search,17423360,15609856]
04-20 19:05:40.507319   964   987 I am_activity_launch_time: [0,137367389,com.android.settings/.Settings,2244,2244]
04-20 19:05:41.295574   964   982 I am_proc_start: [0,20174,10056,com.mediatek.mtklogger,service,com.mediatek.mtklogger/.framework.MTKLoggerService]
04-20 19:05:41.462541   964  1663 I am_home_stack_moved: [0,0,22,22,sourceStackToFront]
04-20 19:05:41.462723   964  1663 I wm_task_moved: [92,1,0]
04-20 19:05:41.473154   964  1663 I am_create_activity: [0,121828013,92,com.android.settings/.SubSettings,android.intent.action.MAIN,NULL,NULL,0]
04-20 19:05:41.478171   964  1663 I am_pause_activity: [0,137367389,com.android.settings/.Settings]
04-20 19:05:41.485238   964  1663 I am_home_stack_moved: [0,0,22,22,startedActivity setFocusedActivity]
04-20 19:05:41.485449   964  1663 I wm_task_moved: [92,1,0]
04-20 19:05:41.494127   964  1663 I am_focused_activity: [0,com.android.settings/.SubSettings]
04-20 19:05:41.499609   964  1844 I am_proc_bound: [0,20174,com.mediatek.mtklogger]
04-20 19:05:41.503605 20137 20137 I sysui_view_visibility: [35,0]
04-20 19:05:41.509358   964  1844 I am_restart_activity: [0,121828013,92,com.android.settings/.SubSettings]
04-20 19:05:41.522910   964  1582 I dvm_lock_sample: [system_server,1,Binder_5,17,ActivityManagerService.java,17501,-,6860,3]
04-20 19:05:41.523588 20137 20137 I sysui_view_visibility: [1,0]
04-20 19:05:41.534048 20137 20137 I am_on_paused_called: [0,com.android.settings.Settings]
04-20 19:05:41.619691   964   976 I am_proc_died: [0,19596,com.android.defcontainer]
04-20 19:05:41.978382 20137 20137 I sysui_view_visibility: [110,100]
04-20 19:05:42.032218 20137 20137 I am_on_resume_called: [0,com.android.settings.SubSettings]
04-20 19:05:42.308522   964  2089 I am_proc_died: [0,20038,com.android.gallery3d]
04-20 19:05:42.739453   964   987 I am_activity_launch_time: [0,121828013,com.android.settings/.SubSettings,1236,1236]
04-20 19:05:42.979515   231   231 I sf_frame_dur: [com.android.settings/com.android.settings.Settings,31,2,0,1,1,4,0]
04-20 19:05:44.168712   964  2088 I am_home_stack_moved: [0,0,22,22,sourceStackToFront]
04-20 19:05:44.168926   964  2088 I wm_task_moved: [92,1,0]
04-20 19:05:44.173576   964  2088 I am_create_activity: [0,206678078,92,com.android.settings/.SubSettings,android.intent.action.MAIN,NULL,NULL,0]
04-20 19:05:44.175456   964  2088 I am_pause_activity: [0,121828013,com.android.settings/.SubSettings]
04-20 19:05:44.180587   964  2088 I am_home_stack_moved: [0,0,22,22,startedActivity setFocusedActivity]
04-20 19:05:44.180774   964  2088 I wm_task_moved: [92,1,0]
04-20 19:05:44.189444   964  2088 I am_focused_activity: [0,com.android.settings/.SubSettings]
04-20 19:05:44.199042 20137 20137 I sysui_view_visibility: [110,0]
04-20 19:05:44.210825 20137 20137 I am_on_paused_called: [0,com.android.settings.SubSettings]
04-20 19:05:44.218350   964  2089 I am_restart_activity: [0,206678078,92,com.android.settings/.SubSettings]
04-20 19:05:44.264483   964   981 I am_pss  : [19259,10010,com.google.android.gms,25300992,20213760]
04-20 19:05:44.294395   964   981 I am_pss  : [20077,10010,com.google.android.gms.wearable,11508736,7380992]
04-20 19:05:44.625258 20137 20137 I sysui_view_visibility: [90,100]
04-20 19:05:44.625574 20137 20137 I am_on_resume_called: [0,com.android.settings.SubSettings]
04-20 19:05:44.743034   964   987 I dvm_lock_sample: [system_server,1,android.display,26,WindowManagerService.java,8149,-,3323,5]
04-20 19:05:44.971270   964   987 I am_activity_launch_time: [0,206678078,com.android.settings/.SubSettings,759,759]
04-20 19:05:45.049304   964  2088 I am_proc_died: [0,20053,com.android.keychain]
04-20 19:05:45.206497   231   231 I sf_frame_dur: [com.android.settings/com.android.settings.SubSettings,98,5,3,0,0,0,0]
04-20 19:05:47.262600   964   975 I battery_status: [4,2,1,0,Li-ion]
04-20 19:05:47.400111   964   964 I notification_cancel: [10022,1102,com.android.systemui,2131755032,low_battery,-1,0,64,8,NULL]
04-20 19:05:47.494544   964   976 I am_proc_start: [0,20206,1000,com.fw.upgrade.sysoper,broadcast,com.fw.upgrade.sysoper/com.adups.fota.sysoper.TaskReceiver]
04-20 19:05:47.597396   964   964 I notification_cancel: [10022,1102,com.android.systemui,2131755032,low_battery,-1,0,64,8,NULL]
04-20 19:05:47.673873   964  1582 I am_proc_bound: [0,20206,com.fw.upgrade.sysoper]
04-20 19:05:47.703071   964   983 I dvm_lock_sample: [system_server,1,android.ui,17,ActivityManagerService.java,3932,-,6860,3]
04-20 19:05:47.810000  2031  2031 I auditd  : type=1400 audit(0.0:427): avc: denied { read } for comm="GpuAppSpectator" name="cmdline" dev="proc" ino=131820 scontext=u:r:gas_srv:s0 tcontext=u:r:system_app:s0 tclass=file permissive=1
04-20 19:05:47.810000  2031  2031 I auditd  : type=1400 audit(0.0:428): avc: denied { open } for comm="GpuAppSpectator" path="/proc/20137/cmdline" dev="proc" ino=131820 scontext=u:r:gas_srv:s0 tcontext=u:r:system_app:s0 tclass=file permissive=1
04-20 19:05:47.810000  2031  2031 I auditd  : type=1400 audit(0.0:429): avc: denied { getattr } for comm="GpuAppSpectator" path="/proc/20137/cmdline" dev="proc" ino=131820 scontext=u:r:gas_srv:s0 tcontext=u:r:system_app:s0 tclass=file permissive=1
04-20 19:05:47.918974   964  1652 I am_proc_died: [0,19996,android.process.acore]
04-20 19:05:47.944055   964  2089 I am_proc_died: [0,20206,com.fw.upgrade.sysoper]
04-20 19:05:48.256488   964   964 I notification_cancel: [1000,964,android,17040348,NULL,-1,0,0,8,NULL]
04-20 19:05:48.257663   964   964 I notification_canceled: [-1|android|17040348|null|1000,8,62723,62723,0]
04-20 19:05:48.258320   964   964 I notification_cancel: [1000,964,android,17040353,NULL,-1,0,0,8,NULL]
04-20 19:05:48.259300   964   964 I notification_canceled: [-1|android|17040353|null|1000,8,135891,135891,65325]
04-20 19:05:52.985559   964   981 I am_pss  : [20137,1000,com.android.settings,46991360,42458112]
04-20 19:05:53.019677   964   981 I am_pss  : [19836,10018,com.android.vending,16860160,15265792]
04-20 19:05:54.273735   964  1582 I battery_status: [2,2,1,2,Li-ion]
04-20 19:05:54.378769   964   964 I notification_cancel: [10022,1102,com.android.systemui,2131755032,low_battery,-1,0,64,8,NULL]
04-20 19:05:54.581664   964   964 I notification_enqueue: [1000,964,android,17040348,NULL,-1,Notification(pri=-2 contentView=null vibrate=null sound=null tick defaults=0x0 flags=0x2 color=0xff607d8b vis=PUBLIC),0]
04-20 19:05:54.591939   964   964 I notification_enqueue: [1000,964,android,17040353,NULL,-1,Notification(pri=-1 contentView=null vibrate=null sound=null tick defaults=0x0 flags=0x2 color=0xff607d8b vis=PUBLIC),0]
04-20 19:05:54.619267   964  1008 I dvm_lock_sample: [system_server,0,MountService,20,ActivityManagerService.java,18200,BroadcastQueue.java,713,4]
04-20 19:05:54.748246   964  8872 I notification_expansion: [-1|android|17040348|null|1000,0,1,168,168,0]
04-20 19:05:54.861758   964  1663 I notification_expansion: [-1|android|17040353|null|1000,0,1,270,270,0]
04-20 19:05:54.874300   964  1927 I notification_expansion: [-1|android|17040348|null|1000,0,0,294,294,0]
04-20 19:05:55.424380   964  1652 I battery_status: [4,2,1,0,Li-ion]
04-20 19:05:55.474861   964   964 I notification_cancel: [10022,1102,com.android.systemui,2131755032,low_battery,-1,0,64,8,NULL]
04-20 19:05:55.504536   964   964 I notification_cancel: [10022,1102,com.android.systemui,2131755032,low_battery,-1,0,64,8,NULL]
04-20 19:05:55.596903   964   982 I dvm_lock_sample: [system_server,1,ActivityManager,60,ActivityManagerService.java,2686,BatteryStatsService.java,886,12]
04-20 19:05:55.597365   964  2089 I am_proc_start: [0,20232,1000,com.fw.upgrade.sysoper,broadcast,com.fw.upgrade.sysoper/com.adups.fota.sysoper.TaskReceiver]
04-20 19:05:55.789892   964  1747 I am_proc_bound: [0,20232,com.fw.upgrade.sysoper]
04-20 19:05:56.058016   964  1844 I am_proc_died: [0,20232,com.fw.upgrade.sysoper]
04-20 19:05:56.425816   964   964 I notification_cancel: [1000,964,android,17040348,NULL,-1,0,0,8,NULL]
04-20 19:05:56.430680   964   964 I notification_canceled: [-1|android|17040348|null|1000,8,1850,1850,0]
04-20 19:05:56.434667   964   964 I notification_cancel: [1000,964,android,17040353,NULL,-1,0,0,8,NULL]
04-20 19:05:56.451033   964   964 I notification_canceled: [-1|android|17040353|null|1000,8,1859,1859,0]
04-20 19:06:05.499694   964   964 I notification_cancel: [10022,1102,com.android.systemui,2131755032,low_battery,-1,0,64,8,NULL]
04-20 19:06:15.505609   964   964 I notification_cancel: [10022,1102,com.android.systemui,2131755032,low_battery,-1,0,64,8,NULL]
04-20 19:06:25.363385   964  1747 I battery_status: [2,2,1,2,Li-ion]
04-20 19:06:25.490571   964   964 I notification_cancel: [10022,1102,com.android.systemui,2131755032,low_battery,-1,0,64,8,NULL]
04-20 19:06:25.561481   964   981 I am_pss  : [1654,10014,com.android.launcher3,29497344,26283008]
04-20 19:06:25.596703   964   981 I am_pss  : [20174,10056,com.mediatek.mtklogger,7503872,6344704]
04-20 19:06:25.669939   964   964 I notification_enqueue: [1000,964,android,17040348,NULL,-1,Notification(pri=-2 contentView=null vibrate=null sound=null tick defaults=0x0 flags=0x2 color=0xff607d8b vis=PUBLIC),0]
04-20 19:06:25.680741   964   964 I notification_enqueue: [1000,964,android,17040353,NULL,-1,Notification(pri=-1 contentView=null vibrate=null sound=null tick defaults=0x0 flags=0x2 color=0xff607d8b vis=PUBLIC),0]
04-20 19:06:25.851681   964   976 I notification_expansion: [-1|android|17040348|null|1000,0,1,182,182,0]
04-20 19:06:25.999921   964  1844 I notification_expansion: [-1|android|17040353|null|1000,0,1,320,320,0]
04-20 19:06:26.004217   964   976 I notification_expansion: [-1|android|17040348|null|1000,0,0,335,335,0]
04-20 19:06:27.707798   964   964 I notification_cancel: [10022,1102,com.android.systemui,2131755032,low_battery,-1,0,64,8,NULL]
04-20 19:06:37.739300   964   964 I notification_cancel: [10022,1102,com.android.systemui,2131755032,low_battery,-1,0,64,8,NULL]
04-20 19:06:47.707244   964   964 I notification_cancel: [10022,1102,com.android.systemui,2131755032,low_battery,-1,0,64,8,NULL]
04-20 19:06:57.707709   964   964 I notification_cancel: [10022,1102,com.android.systemui,2131755032,low_battery,-1,0,64,8,NULL]
04-20 19:07:00.163390   964   981 I am_pss  : [18676,10007,android.process.media,9036800,7585792]
04-20 19:07:07.698886   964   964 I notification_cancel: [10022,1102,com.android.systemui,2131755032,low_battery,-1,0,64,8,NULL]
04-20 19:07:17.687757   964   964 I notification_cancel: [10022,1102,com.android.systemui,2131755032,low_battery,-1,0,64,8,NULL]
04-20 19:07:18.400000  1067  1067 I auditd  : type=1400 audit(0.0:430): avc: denied { open } for comm="PhotonicModulat" path="/sys/devices/platform/leds-mt65xx/leds/lcd-backlight/brightness" dev="sysfs" ino=11474 scontext=u:r:system_server:s0 tcontext=u:object_r:sys_lcd_brightness_file:s0 tclass=file permissive=1
04-20 19:07:25.412241   964   990 I power_sleep_requested: 0
04-20 19:07:25.514887   964   964 I am_pause_activity: [0,206678078,com.android.settings/.SubSettings]
04-20 19:07:25.528052 20137 20137 I sysui_view_visibility: [90,0]
04-20 19:07:25.594327   964  1663 I dvm_lock_sample: [system_server,1,Binder_7,66,ActivityManagerService.java,17501,-,11171,13]
04-20 19:07:25.600057 20137 20137 I am_on_paused_called: [0,com.android.settings.SubSettings]
04-20 19:07:25.604606   964   982 I am_focused_activity: [0,com.android.settings/.SubSettings]
04-20 19:07:25.646060   964   981 I am_pss  : [19259,10010,com.google.android.gms,25411584,20258816]
04-20 19:07:25.675671   964   981 I am_pss  : [1618,1000,com.mediatek.nlpservice,4092928,2977792]
04-20 19:07:25.705597   964   981 I am_pss  : [1602,1001,com.mediatek.ims,5045248,3776512]
04-20 19:07:25.733855   964   981 I am_pss  : [1586,1001,com.mediatek.gba,3753984,2658304]
04-20 19:07:25.774843   964   981 I am_pss  : [1576,1001,com.android.phone,16815104,15196160]
04-20 19:07:25.823286   964   981 I am_pss  : [1102,10022,com.android.systemui,47571968,43957248]
04-20 19:07:25.925236   964   981 I am_pss  : [964,1000,system,76510208,73251840]
04-20 19:07:26.167887   964   964 I power_screen_state: [0,3,0,0]
04-20 19:07:26.167958   964   964 I screen_toggled: 0
04-20 19:07:26.168103   964   964 I sysui_histogram: [screen_timeout,60]
04-20 19:07:26.169101   964   964 I power_screen_broadcast_send: 1
04-20 19:07:26.410312   964   964 I power_screen_broadcast_done: [0,241,1]
04-20 19:07:27.688921   964   964 I notification_cancel: [10022,1102,com.android.systemui,2131755032,low_battery,-1,0,64,8,NULL]
04-20 19:07:30.546106   964  1652 I notification_expansion: [-1|android|17040353|null|1000,0,0,64866,64866,0]
04-20 19:07:30.625346  1102  1102 I sysui_status_bar_state: [1,1,0,0,0,1]
04-20 19:07:30.735659   231   231 I sf_frame_dur: [NavigationBar,239,4,0,1,0,1,1]
04-20 19:07:37.698254   964   964 I notification_cancel: [10022,1102,com.android.systemui,2131755032,low_battery,-1,0,64,8,NULL]
04-20 19:07:47.695029   964   964 I notification_cancel: [10022,1102,com.android.systemui,2131755032,low_battery,-1,0,64,8,NULL]
04-20 19:07:56.429521   964   981 I am_pss  : [20137,1000,com.android.settings,48283648,43580416]
04-20 19:07:56.467621   964   981 I am_pss  : [16455,1002,com.android.bluetooth,17515520,16490496]
04-20 19:07:57.707617   964   964 I notification_cancel: [10022,1102,com.android.systemui,2131755032,low_battery,-1,0,64,8,NULL]
04-20 19:08:07.705091   964   964 I notification_cancel: [10022,1102,com.android.systemui,2131755032,low_battery,-1,0,64,8,NULL]
04-20 19:08:17.672034   964  1844 I battery_level: [97,4028,300]
04-20 19:08:17.708296   964   964 I notification_cancel: [10022,1102,com.android.systemui,2131755032,low_battery,-1,0,64,8,NULL]
04-20 19:08:27.705436   964   964 I notification_cancel: [10022,1102,com.android.systemui,2131755032,low_battery,-1,0,64,8,NULL]
04-20 19:08:37.694893   964   964 I notification_cancel: [10022,1102,com.android.systemui,2131755032,low_battery,-1,0,64,8,NULL]
04-20 19:08:47.703255   964   964 I notification_cancel: [10022,1102,com.android.systemui,2131755032,low_battery,-1,0,64,8,NULL]
04-20 19:08:57.804952   964   964 I notification_cancel: [10022,1102,com.android.systemui,2131755032,low_battery,-1,0,64,8,NULL]
04-20 19:09:07.695529   964   964 I notification_cancel: [10022,1102,com.android.systemui,2131755032,low_battery,-1,0,64,8,NULL]
04-20 19:09:17.698358   964   964 I notification_cancel: [10022,1102,com.android.systemui,2131755032,low_battery,-1,0,64,8,NULL]
04-20 19:09:26.704734   964   964 I notification_cancel: [10022,1102,com.android.systemui,2131755032,low_battery,-1,0,64,8,NULL]
04-20 19:09:36.699010   964   964 I notification_cancel: [10022,1102,com.android.systemui,2131755032,low_battery,-1,0,64,8,NULL]
04-20 19:09:46.702642   964   964 I notification_cancel: [10022,1102,com.android.systemui,2131755032,low_battery,-1,0,64,8,NULL]
04-20 19:09:56.703419   964   964 I notification_cancel: [10022,1102,com.android.systemui,2131755032,low_battery,-1,0,64,8,NULL]
04-20 19:10:00.060204   964   975 I dvm_lock_sample: [system_server,0,Binder_1,19,ActivityManagerService.java,18313,-,20856,3]
04-20 19:10:04.157457   964   964 I power_screen_state: [1,0,0,0]
04-20 19:10:04.168059   964   964 I screen_toggled: 1
04-20 19:10:04.169635   964   964 I power_screen_broadcast_send: 1
04-20 19:10:04.231140  1102  1102 I sysui_histogram: [note_load,2]
04-20 19:10:04.231900   964  8872 I notification_panel_revealed: 2
04-20 19:10:04.237612   964  1652 I notification_visibility: [-1|android|17040353|null|1000,1,218558,218558,0,0]
04-20 19:10:04.428117   231   231 I sf_frame_dur: [ColorFade,14,7,2,0,0,0,1]
04-20 19:10:04.454211   964  1162 I am_proc_died: [0,20108,com.android.quicksearchbox]
04-20 19:10:04.547445   964   964 I power_screen_broadcast_done: [1,378,1]
04-20 19:10:05.054163  1102  1102 I sysui_lockscreen_gesture: [1,263,4342]
04-20 19:10:05.163283   964  2088 I notification_visibility: [-1|android|17040353|null|1000,0,219484,219484,0,0]
04-20 19:10:05.164490   964  1162 I notification_panel_hidden: []
04-20 19:10:05.169619  1102  1102 I screen_toggled: 2
04-20 19:10:05.173063  1102  1102 I screen_toggled: 2
04-20 19:10:05.209278   964  8872 I am_resume_activity: [0,206678078,92,com.android.settings/.SubSettings]
04-20 19:10:05.284953   964   979 I notification_expansion: [-1|android|17040353|null|1000,0,1,219605,219605,1047]
04-20 19:10:05.295674  1102  1102 I sysui_status_bar_state: [0,0,0,0,0,1]
04-20 19:10:05.375720 20137 20137 I sysui_view_visibility: [90,100]
04-20 19:10:05.376087 20137 20137 I am_on_resume_called: [0,com.android.settings.SubSettings]
04-20 19:10:06.685068   964   964 I notification_cancel: [10022,1102,com.android.systemui,2131755032,low_battery,-1,0,64,8,NULL]
04-20 19:10:16.719385   964   964 I notification_cancel: [10022,1102,com.android.systemui,2131755032,low_battery,-1,0,64,8,NULL]
04-20 19:10:26.701515   964   964 I notification_cancel: [10022,1102,com.android.systemui,2131755032,low_battery,-1,0,64,8,NULL]
04-20 19:10:36.710783   964   964 I notification_cancel: [10022,1102,com.android.systemui,2131755032,low_battery,-1,0,64,8,NULL]
04-20 19:10:46.710204   964   964 I notification_cancel: [10022,1102,com.android.systemui,2131755032,low_battery,-1,0,64,8,NULL]
04-20 19:10:56.712716   964   964 I notification_cancel: [10022,1102,com.android.systemui,2131755032,low_battery,-1,0,64,8,NULL]
04-20 19:11:00.189156   964   981 I am_pss  : [16455,1002,com.android.bluetooth,17822720,16797696]
04-20 19:11:04.949106   964   990 I power_sleep_requested: 0
04-20 19:11:05.067363   964   964 I am_pause_activity: [0,206678078,com.android.settings/.SubSettings]
04-20 19:11:05.069332 20137 20137 I sysui_view_visibility: [90,0]
04-20 19:11:05.154272   964  1663 I dvm_lock_sample: [system_server,1,Binder_7,185,ActivityManagerService.java,7367,-,11171,37]
04-20 19:11:05.162470 20137 20137 I am_on_paused_called: [0,com.android.settings.SubSettings]
04-20 19:11:05.170279   964   982 I am_focused_activity: [0,com.android.settings/.SubSettings]
04-20 19:11:05.695628   964   964 I power_screen_state: [0,3,0,0]
04-20 19:11:05.695690   964   964 I screen_toggled: 0
04-20 19:11:05.695838   964   964 I sysui_histogram: [screen_timeout,60]
04-20 19:11:05.697007   964   964 I power_screen_broadcast_send: 1
04-20 19:11:05.891350   964   964 I power_screen_broadcast_done: [0,194,1]
04-20 19:11:06.696729   964   964 I notification_cancel: [10022,1102,com.android.systemui,2131755032,low_battery,-1,0,64,8,NULL]
04-20 19:11:10.006785   964   964 I dvm_lock_sample: [system_server,1,main,14,AlarmManagerService.java,3077,-,2766,2]
04-20 19:11:10.054179   964  2089 I notification_expansion: [-1|android|17040353|null|1000,0,0,284375,284375,65817]
04-20 19:11:10.124190  1102  1102 I sysui_status_bar_state: [1,1,0,0,0,1]
04-20 19:11:16.692510   964   964 I notification_cancel: [10022,1102,com.android.systemui,2131755032,low_battery,-1,0,64,8,NULL]
