04-20 20:12:31.691999   964  8871 D AppOps  : noteOperation: allowing code 60 uid 10007 package com.android.providers.media
04-20 20:12:31.692662   964  8871 D SettingsInterface:  from settings cache , name = sys_storage_threshold_percentage , value = null
04-20 20:12:31.693187   964  8871 D SettingsInterface:  from settings cache , name = sys_storage_threshold_max_bytes , value = null
04-20 20:12:31.694087   231   287 D SurfaceFlinger: postEvent(20174, v/c=71972)
04-20 20:12:31.694234   231   289 D SurfaceFlinger: postEvent(231, v/c=57895)
04-20 20:12:31.694695 20174 20174 V DisplayEventReceiver: call nativeScheduleVsync mReceiverPtr = 548120459328
04-20 20:12:31.695038 20174 20174 V ViewRootImpl: ViewRoot performTraversals+ : mFirst = false, this = ViewRoot{f93aacc ,ident = 22}
04-20 20:12:31.695237   231   269 D SurfaceFlinger: requestNextVsync(20174)
04-20 20:12:31.696021   231   231 D SurfaceFlinger: requestNextVsync(231)
04-20 20:12:31.696356   231   231 D SurfaceFlinger: requestNextVsync(231)
04-20 20:12:31.697122 20174 20174 V ViewRootImpl: ViewRoot performTraversals and draw- : mResizeBuffer = null, mResizeAlpha = 0, this = ViewRoot{f93aacc ,ident = 22} frame#38 (cancelDraw = false)
04-20 20:12:31.701191 22060 22592 V MediaProvider: attachVolume<<< Already attached external.db
04-20 20:12:31.701228   231  1738 D SurfaceFlinger: requestNextVsync(231)
04-20 20:12:31.706079   964  1843 D AppOps  : noteOperation: allowing code 59 uid 10007 package com.android.providers.media
04-20 20:12:31.706382   964  1843 D AppOps  : noteOperation: allowing code 60 uid 10007 package com.android.providers.media
04-20 20:12:31.707064   964  1843 D SettingsInterface:  from settings cache , name = sys_storage_threshold_percentage , value = null
04-20 20:12:31.707500   964  1843 D SettingsInterface:  from settings cache , name = sys_storage_threshold_max_bytes , value = null
04-20 20:12:31.708421 22060 22592 D MediaProvider: ensureDefaultFolders dcimExist: true
04-20 20:12:31.709386   964  2088 V ContentService: Notifying update of content://media/ for user 0 from observer null, syncToNetwork true
04-20 20:12:31.710015   964  2088 V ContentService: Notified android.database.IContentObserver$Stub$Proxy@f6f85e2 of update at content://media/
04-20 20:12:31.710412   231   287 D SurfaceFlinger: postEvent(20174, v/c=71973)
04-20 20:12:31.710393   964  2088 V ContentService: Notified android.database.IContentObserver$Stub$Proxy@c130d73 of update at content://media/
04-20 20:12:31.710694   231   289 D SurfaceFlinger: postEvent(231, v/c=57896)
04-20 20:12:31.710928   964  2088 V ContentService: Notified android.database.IContentObserver$Stub$Proxy@c27f430 of update at content://media/
04-20 20:12:31.711595   964  2088 V ContentService: Notified android.database.IContentObserver$Stub$Proxy@689c8a9 of update at content://media/
04-20 20:12:31.711801   231   231 D SurfaceFlinger: requestNextVsync(231)
04-20 20:12:31.711950   231   231 D SurfaceFlinger: requestNextVsync(231)
04-20 20:12:31.712181   964  2088 D SyncManager: one-time sync for: null Bundle[{upload=true}] media
04-20 20:12:31.712211 22343 22357 V MediaMonitor: Have service call pending
04-20 20:12:31.712269   964  2088 V SyncManager: scheduleSync: no accounts configured, dropping
04-20 20:12:31.713332 22060 22592 I StagefrightMediaScanner: StagefrightMediaScanner Constructor
04-20 20:12:31.714031 22060 22592 V MediaScanner: setDefaultRingtoneFileNames: ringtone=Ring_Synth_04.ogg,notification=pixiedust.ogg,alarm=Alarm_Classic.ogg
04-20 20:12:31.715829 20174 20174 V DisplayEventReceiver: call nativeScheduleVsync mReceiverPtr = 548120459328
04-20 20:12:31.716242 22343 22357 V MediaMonitor: Have service call pending
04-20 20:12:31.716376 20174 20174 V ViewRootImpl: ViewRoot performTraversals+ : mFirst = false, this = ViewRoot{f93aacc ,ident = 22}
04-20 20:12:31.716758   231   269 D SurfaceFlinger: requestNextVsync(20174)
04-20 20:12:31.718364 20174 20174 V ViewRootImpl: ViewRoot performTraversals and draw- : mResizeBuffer = null, mResizeAlpha = 0, this = ViewRoot{f93aacc ,ident = 22} frame#39 (cancelDraw = false)
04-20 20:12:31.722199   964  8872 D AppOps  : noteOperation: allowing code 59 uid 10007 package com.android.providers.media
04-20 20:12:31.722520   964  8872 D AppOps  : noteOperation: allowing code 60 uid 10007 package com.android.providers.media
04-20 20:12:31.723258 22343 22357 V MediaMonitor: Have service call pending
04-20 20:12:31.723243   964  8872 D SettingsInterface:  from settings cache , name = sys_storage_threshold_percentage , value = null
04-20 20:12:31.726068   964  8872 D SettingsInterface:  from settings cache , name = sys_storage_threshold_max_bytes , value = null
04-20 20:12:31.726431   231  1039 D SurfaceFlinger: requestNextVsync(231)
04-20 20:12:31.726798   231   289 D SurfaceFlinger: postEvent(231, v/c=57897)
04-20 20:12:31.726934   231   287 D SurfaceFlinger: postEvent(20174, v/c=71974)
04-20 20:12:31.727869 20174 20174 V DisplayEventReceiver: call nativeScheduleVsync mReceiverPtr = 548120459328
04-20 20:12:31.728469 20174 20174 V ViewRootImpl: ViewRoot performTraversals+ : mFirst = false, this = ViewRoot{f93aacc ,ident = 22}
04-20 20:12:31.728462   231  1738 D SurfaceFlinger: requestNextVsync(20174)
04-20 20:12:31.729890 22343 22357 V MediaMonitor: Have service call pending
04-20 20:12:31.732982   231   231 D SurfaceFlinger: requestNextVsync(231)
04-20 20:12:31.733144   231   231 D SurfaceFlinger: requestNextVsync(231)
04-20 20:12:31.734453 20174 20174 V ViewRootImpl: ViewRoot performTraversals and draw- : mResizeBuffer = null, mResizeAlpha = 0, this = ViewRoot{f93aacc ,ident = 22} frame#40 (cancelDraw = false)
04-20 20:12:31.736844   964  1747 D AppOps  : noteOperation: allowing code 59 uid 10007 package com.android.providers.media
04-20 20:12:31.737612   964  1747 D AppOps  : noteOperation: allowing code 60 uid 10007 package com.android.providers.media
04-20 20:12:31.740409   231   267 D SurfaceFlinger: requestNextVsync(231)
04-20 20:12:31.741442   964  1747 D SettingsInterface:  from settings cache , name = sys_storage_threshold_percentage , value = null
04-20 20:12:31.742924   231   289 D SurfaceFlinger: postEvent(231, v/c=57898)
04-20 20:12:31.742925   231   287 D SurfaceFlinger: postEvent(20174, v/c=71975)
04-20 20:12:31.744074   231   231 D SurfaceFlinger: requestNextVsync(231)
04-20 20:12:31.744071 20174 20174 V DisplayEventReceiver: call nativeScheduleVsync mReceiverPtr = 548120459328
04-20 20:12:31.744317   231   231 D SurfaceFlinger: requestNextVsync(231)
04-20 20:12:31.744507 20174 20174 V ViewRootImpl: ViewRoot performTraversals+ : mFirst = false, this = ViewRoot{f93aacc ,ident = 22}
04-20 20:12:31.744938   231  1039 D SurfaceFlinger: requestNextVsync(20174)
04-20 20:12:31.747117 20174 20174 V ViewRootImpl: ViewRoot performTraversals and draw- : mResizeBuffer = null, mResizeAlpha = 0, this = ViewRoot{f93aacc ,ident = 22} frame#41 (cancelDraw = false)
04-20 20:12:31.750311   231   269 D SurfaceFlinger: requestNextVsync(231)
04-20 20:12:31.759099   231   289 D SurfaceFlinger: postEvent(231, v/c=57899)
04-20 20:12:31.759260   231   287 D SurfaceFlinger: postEvent(20174, v/c=71976)
04-20 20:12:31.759886 20174 20174 V DisplayEventReceiver: call nativeScheduleVsync mReceiverPtr = 548120459328
04-20 20:12:31.760250   231   231 D SurfaceFlinger: requestNextVsync(231)
04-20 20:12:31.760441   231  1039 D SurfaceFlinger: requestNextVsync(20174)
04-20 20:12:31.760259 20174 20174 V ViewRootImpl: ViewRoot performTraversals+ : mFirst = false, this = ViewRoot{f93aacc ,ident = 22}
04-20 20:12:31.760447   231   231 D SurfaceFlinger: requestNextVsync(231)
04-20 20:12:31.763826 20174 20174 V ViewRootImpl: ViewRoot performTraversals and draw- : mResizeBuffer = null, mResizeAlpha = 0, this = ViewRoot{f93aacc ,ident = 22} frame#42 (cancelDraw = false)
04-20 20:12:31.767941   231   269 D SurfaceFlinger: requestNextVsync(231)
04-20 20:12:31.768950   964  1747 D SettingsInterface:  from settings cache , name = sys_storage_threshold_max_bytes , value = null
04-20 20:12:31.774228   964   976 D AppOps  : noteOperation: allowing code 59 uid 10007 package com.android.providers.media
04-20 20:12:31.774499   231   287 D SurfaceFlinger: postEvent(20174, v/c=71977)
04-20 20:12:31.774674   231   289 D SurfaceFlinger: postEvent(231, v/c=57900)
04-20 20:12:31.775263 20174 20174 V DisplayEventReceiver: call nativeScheduleVsync mReceiverPtr = 548120459328
04-20 20:12:31.775623   231  1039 D SurfaceFlinger: requestNextVsync(20174)
04-20 20:12:31.775795   231   231 D SurfaceFlinger: requestNextVsync(231)
04-20 20:12:31.775936 20174 20174 V ViewRootImpl: ViewRoot performTraversals+ : mFirst = false, this = ViewRoot{f93aacc ,ident = 22}
04-20 20:12:31.776007   231   231 D SurfaceFlinger: requestNextVsync(231)
04-20 20:12:31.778028   964   976 D AppOps  : noteOperation: allowing code 60 uid 10007 package com.android.providers.media
04-20 20:12:31.778131 20174 20174 V ViewRootImpl: ViewRoot performTraversals and draw- : mResizeBuffer = null, mResizeAlpha = 0, this = ViewRoot{f93aacc ,ident = 22} frame#43 (cancelDraw = false)
04-20 20:12:31.780253   964   976 D SettingsInterface:  from settings cache , name = sys_storage_threshold_percentage , value = null
04-20 20:12:31.781922   231  1738 D SurfaceFlinger: requestNextVsync(231)
04-20 20:12:31.785745   964   976 D SettingsInterface:  from settings cache , name = sys_storage_threshold_max_bytes , value = null
04-20 20:12:31.786183  2025  2031 I PerfService: PerfServiceNative_getPackName
04-20 20:12:31.787345   964  1652 I libPerfService: perfGetLastBoostPid 20174
04-20 20:12:31.787564   964  1652 D PerfServiceManager: [PerfService] getLastBoostPid 20174 
04-20 20:12:31.787628   964  1652 I libPerfService: perfGetLastBoostPid 20174
04-20 20:12:31.790966   231   287 D SurfaceFlinger: postEvent(20174, v/c=71978)
04-20 20:12:31.791123   231   289 D SurfaceFlinger: postEvent(231, v/c=57901)
04-20 20:12:31.791742 20174 20174 V DisplayEventReceiver: call nativeScheduleVsync mReceiverPtr = 548120459328
04-20 20:12:31.792098   231   231 D SurfaceFlinger: requestNextVsync(231)
04-20 20:12:31.792131   231   269 D SurfaceFlinger: requestNextVsync(20174)
04-20 20:12:31.792252   231   231 D SurfaceFlinger: requestNextVsync(231)
04-20 20:12:31.792395 20174 20174 V ViewRootImpl: ViewRoot performTraversals+ : mFirst = false, this = ViewRoot{f93aacc ,ident = 22}
04-20 20:12:31.794157 20174 20174 V ViewRootImpl: ViewRoot performTraversals and draw- : mResizeBuffer = null, mResizeAlpha = 0, this = ViewRoot{f93aacc ,ident = 22} frame#44 (cancelDraw = false)
04-20 20:12:31.802508   231  1738 D SurfaceFlinger: requestNextVsync(231)
04-20 20:12:31.801820 22060 22592 V MediaScanner: prescan>>> filePath=/storage/emulated/0/mtklog/mdlog1/MDLog1_2016_0420_195155/MDLog1_2016_0420_195155.muxz.tmp,prescanFiles=true
04-20 20:12:31.807121   231   289 D SurfaceFlinger: postEvent(231, v/c=57902)
04-20 20:12:31.807327   231   287 D SurfaceFlinger: postEvent(20174, v/c=71979)
04-20 20:12:31.808110 20174 20174 V DisplayEventReceiver: call nativeScheduleVsync mReceiverPtr = 548120459328
04-20 20:12:31.808134   231   231 D SurfaceFlinger: requestNextVsync(231)
04-20 20:12:31.808337   231   231 D SurfaceFlinger: requestNextVsync(231)
04-20 20:12:31.808766 20174 20174 V ViewRootImpl: ViewRoot performTraversals+ : mFirst = false, this = ViewRoot{f93aacc ,ident = 22}
04-20 20:12:31.809062   231  1039 D SurfaceFlinger: requestNextVsync(20174)
04-20 20:12:31.813674 20174 20174 V ViewRootImpl: ViewRoot performTraversals and draw- : mResizeBuffer = null, mResizeAlpha = 0, this = ViewRoot{f93aacc ,ident = 22} frame#45 (cancelDraw = false)
04-20 20:12:31.816494   964  8871 D AppOps  : noteOperation: allowing code 59 uid 10007 package com.android.providers.media
04-20 20:12:31.816992   964  8871 D AppOps  : noteOperation: allowing code 60 uid 10007 package com.android.providers.media
04-20 20:12:31.818287   964  8871 D SettingsInterface:  from settings cache , name = sys_storage_threshold_percentage , value = null
04-20 20:12:31.820602   231   313 D SurfaceFlinger: requestNextVsync(231)
04-20 20:12:31.821901   964  8871 D SettingsInterface:  from settings cache , name = sys_storage_threshold_max_bytes , value = null
04-20 20:12:31.823327   231   287 D SurfaceFlinger: postEvent(20174, v/c=71980)
04-20 20:12:31.823380 22060 22592 D SQLiteQueryBuilder: Performing query: SELECT _id, _data, format, date_modified FROM files WHERE (_id>? AND _data=?) ORDER BY _id LIMIT 1000
04-20 20:12:31.823624   231   289 D SurfaceFlinger: postEvent(231, v/c=57903)
04-20 20:12:31.824407 20174 20174 V DisplayEventReceiver: call nativeScheduleVsync mReceiverPtr = 548120459328
04-20 20:12:31.824670   231   231 D SurfaceFlinger: requestNextVsync(231)
04-20 20:12:31.824803   231   231 D SurfaceFlinger: requestNextVsync(231)
04-20 20:12:31.825934   231  1738 D SurfaceFlinger: requestNextVsync(20174)
04-20 20:12:31.827443 20174 20174 V ViewRootImpl: ViewRoot performTraversals+ : mFirst = false, this = ViewRoot{f93aacc ,ident = 22}
04-20 20:12:31.829239 22060 22592 V SQLiteCursor: Cursor open object=63655313
04-20 20:12:31.829239 22060 22592 V SQLiteCursor: java.lang.Throwable: stacktrace
04-20 20:12:31.829239 22060 22592 V SQLiteCursor: 	at android.database.sqlite.SQLiteCursor.<init>(SQLiteCursor.java:117)
04-20 20:12:31.829239 22060 22592 V SQLiteCursor: 	at android.database.sqlite.SQLiteDirectCursorDriver.query(SQLiteDirectCursorDriver.java:50)
04-20 20:12:31.829239 22060 22592 V SQLiteCursor: 	at android.database.sqlite.SQLiteDatabase.rawQueryWithFactory(SQLiteDatabase.java:1346)
04-20 20:12:31.829239 22060 22592 V SQLiteCursor: 	at android.database.sqlite.SQLiteQueryBuilder.query(SQLiteQueryBuilder.java:400)
04-20 20:12:31.829239 22060 22592 V SQLiteCursor: 	at android.database.sqlite.SQLiteQueryBuilder.query(SQLiteQueryBuilder.java:333)
04-20 20:12:31.829239 22060 22592 V SQLiteCursor: 	at com.android.providers.media.MediaProvider.query(MediaProvider.java:3070)
04-20 20:12:31.829239 22060 22592 V SQLiteCursor: 	at android.content.ContentProvider.query(ContentProvider.java:1070)
04-20 20:12:31.829239 22060 22592 V SQLiteCursor: 	at android.content.ContentProvider$Transport.query(ContentProvider.java:249)
04-20 20:12:31.829239 22060 22592 V SQLiteCursor: 	at android.media.MediaScanner.prescan(MediaScanner.java:1389)
04-20 20:12:31.829239 22060 22592 V SQLiteCursor: 	at android.media.MediaScanner.scanSingleFile(MediaScanner.java:1742)
04-20 20:12:31.829239 22060 22592 V SQLiteCursor: 	at com.android.providers.media.MediaScannerService.scanFile(MediaScannerService.java:272)
04-20 20:12:31.829239 22060 22592 V SQLiteCursor: 	at com.android.providers.media.MediaScannerService.handleScanSingleFile(MediaScannerService.java:353)
04-20 20:12:31.829239 22060 22592 V SQLiteCursor: 	at com.android.providers.media.MediaScannerService.-wrap2(MediaScannerService.java)
04-20 20:12:31.829239 22060 22592 V SQLiteCursor: 	at com.android.providers.media.MediaScannerService$ServiceHandler.handleMessage(MediaScannerService.java:316)
04-20 20:12:31.829239 22060 22592 V SQLiteCursor: 	at android.os.Handler.dispatchMessage(Handler.java:111)
04-20 20:12:31.829239 22060 22592 V SQLiteCursor: 	at android.os.Looper.loop(Looper.java:207)
04-20 20:12:31.829239 22060 22592 V SQLiteCursor: 	at com.android.providers.media.MediaScannerService.run(MediaScannerService.java:262)
04-20 20:12:31.829239 22060 22592 V SQLiteCursor: 	at java.lang.Thread.run(Thread.java:818)
04-20 20:12:31.831051 20174 20174 V ViewRootImpl: ViewRoot performTraversals and draw- : mResizeBuffer = null, mResizeAlpha = 0, this = ViewRoot{f93aacc ,ident = 22} frame#46 (cancelDraw = false)
04-20 20:12:31.839546   231   287 D SurfaceFlinger: postEvent(20174, v/c=71981)
04-20 20:12:31.839713   231   289 D SurfaceFlinger: postEvent(231, v/c=57904)
04-20 20:12:31.840533 20174 20174 V DisplayEventReceiver: call nativeScheduleVsync mReceiverPtr = 548120459328
04-20 20:12:31.840855 20174 20174 V ViewRootImpl: ViewRoot performTraversals+ : mFirst = false, this = ViewRoot{f93aacc ,ident = 22}
04-20 20:12:31.840877   231   267 D SurfaceFlinger: requestNextVsync(20174)
04-20 20:12:31.844874   231   313 D SurfaceFlinger: requestNextVsync(231)
04-20 20:12:31.845523 20174 20174 V ViewRootImpl: ViewRoot performTraversals and draw- : mResizeBuffer = null, mResizeAlpha = 0, this = ViewRoot{f93aacc ,ident = 22} frame#47 (cancelDraw = false)
04-20 20:12:31.849672 22060 22592 I CursorWindowStats: Created a new Cursor. # Open Cursors=1 (# cursors opened by this proc=1)
04-20 20:12:31.850172   231  1039 D SurfaceFlinger: requestNextVsync(231)
04-20 20:12:31.850716 22060 22592 V SQLiteStatements: /data/user/0/com.android.providers.media/databases/external.db: "SELECT _id, _data, format, date_modified FROM files WHERE (_id>'-9223372036854775808' AND _data='/storage/emulated/0/mtklog/mdlog1/MDLog1_2016_0420_195155/MDLog1_2016_0420_195155.muxz.tmp') ORDER BY _id LIMIT 1000"
04-20 20:12:31.851776 22060 22592 V SQLiteTime: /data/user/0/com.android.providers.media/databases/external.db: "SELECT _id, _data, format, date_modified FROM files WHERE (_id>? AND _data=?) ORDER BY _id LIMIT 1000" took 1.000 ms
04-20 20:12:31.852106 22060 22592 D SQLiteCursor: received count(*) from native_fill_window: 0
04-20 20:12:31.852232 22060 22592 V SQLiteCursor: Cursor close object=63655313
04-20 20:12:31.855744   231   287 D SurfaceFlinger: postEvent(20174, v/c=71982)
04-20 20:12:31.855922   231   289 D SurfaceFlinger: postEvent(231, v/c=57905)
04-20 20:12:31.856659 20174 20174 V DisplayEventReceiver: call nativeScheduleVsync mReceiverPtr = 548120459328
04-20 20:12:31.856936   231   231 D SurfaceFlinger: requestNextVsync(231)
04-20 20:12:31.857075   231   231 D SurfaceFlinger: requestNextVsync(231)
04-20 20:12:31.857152   231   269 D SurfaceFlinger: requestNextVsync(20174)
04-20 20:12:31.857711 20174 20174 V ViewRootImpl: ViewRoot performTraversals+ : mFirst = false, this = ViewRoot{f93aacc ,ident = 22}
04-20 20:12:31.859141 22060 22592 D SQLiteQueryBuilder: Performing query: SELECT _id FROM images
04-20 20:12:31.859998 20174 20174 V ViewRootImpl: ViewRoot performTraversals and draw- : mResizeBuffer = null, mResizeAlpha = 0, this = ViewRoot{f93aacc ,ident = 22} frame#48 (cancelDraw = false)
04-20 20:12:31.865255   231  1738 D SurfaceFlinger: requestNextVsync(231)
04-20 20:12:31.871317 22060 22592 V SQLiteCursor: Cursor open object=240674038
04-20 20:12:31.871317 22060 22592 V SQLiteCursor: java.lang.Throwable: stacktrace
04-20 20:12:31.871317 22060 22592 V SQLiteCursor: 	at android.database.sqlite.SQLiteCursor.<init>(SQLiteCursor.java:117)
04-20 20:12:31.871317 22060 22592 V SQLiteCursor: 	at android.database.sqlite.SQLiteDirectCursorDriver.query(SQLiteDirectCursorDriver.java:50)
04-20 20:12:31.871317 22060 22592 V SQLiteCursor: 	at android.database.sqlite.SQLiteDatabase.rawQueryWithFactory(SQLiteDatabase.java:1346)
04-20 20:12:31.871317 22060 22592 V SQLiteCursor: 	at android.database.sqlite.SQLiteQueryBuilder.query(SQLiteQueryBuilder.java:400)
04-20 20:12:31.871317 22060 22592 V SQLiteCursor: 	at android.database.sqlite.SQLiteQueryBuilder.query(SQLiteQueryBuilder.java:333)
04-20 20:12:31.871317 22060 22592 V SQLiteCursor: 	at com.android.providers.media.MediaProvider.query(MediaProvider.java:3070)
04-20 20:12:31.871317 22060 22592 V SQLiteCursor: 	at android.content.ContentProvider.query(ContentProvider.java:1070)
04-20 20:12:31.871317 22060 22592 V SQLiteCursor: 	at android.content.ContentProvider$Transport.query(ContentProvider.java:249)
04-20 20:12:31.871317 22060 22592 V SQLiteCursor: 	at android.media.MediaScanner.prescan(MediaScanner.java:1473)
04-20 20:12:31.871317 22060 22592 V SQLiteCursor: 	at android.media.MediaScanner.scanSingleFile(MediaScanner.java:1742)
04-20 20:12:31.871317 22060 22592 V SQLiteCursor: 	at com.android.providers.media.MediaScannerService.scanFile(MediaScannerService.java:272)
04-20 20:12:31.871317 22060 22592 V SQLiteCursor: 	at com.android.providers.media.MediaScannerService.handleScanSingleFile(MediaScannerService.java:353)
04-20 20:12:31.871317 22060 22592 V SQLiteCursor: 	at com.android.providers.media.MediaScannerService.-wrap2(MediaScannerService.java)
04-20 20:12:31.871317 22060 22592 V SQLiteCursor: 	at com.android.providers.media.MediaScannerService$ServiceHandler.handleMessage(MediaScannerService.java:316)
04-20 20:12:31.871317 22060 22592 V SQLiteCursor: 	at android.os.Handler.dispatchMessage(Handler.java:111)
04-20 20:12:31.871317 22060 22592 V SQLiteCursor: 	at android.os.Looper.loop(Looper.java:207)
04-20 20:12:31.871317 22060 22592 V SQLiteCursor: 	at com.android.providers.media.MediaScannerService.run(MediaScannerService.java:262)
04-20 20:12:31.871317 22060 22592 V SQLiteCursor: 	at java.lang.Thread.run(Thread.java:818)
04-20 20:12:31.871649 20174 20192 I MTKLogger/GPSLog: Handle receive message, what=1
04-20 20:12:31.872016   231   287 D SurfaceFlinger: postEvent(20174, v/c=71983)
04-20 20:12:31.872775   231   289 D SurfaceFlinger: postEvent(231, v/c=57906)
04-20 20:12:31.873647 20174 20174 V DisplayEventReceiver: call nativeScheduleVsync mReceiverPtr = 548120459328
04-20 20:12:31.874007   231  1039 D SurfaceFlinger: requestNextVsync(20174)
04-20 20:12:31.874183   231   231 D SurfaceFlinger: requestNextVsync(231)
04-20 20:12:31.874311   231   231 D SurfaceFlinger: requestNextVsync(231)
04-20 20:12:31.871890 20174 20192 D MTKLogger/LogInstance: -->getStorageState(), currentLogPathType=internal_sd
04-20 20:12:31.875114 20174 20192 I MTKLogger/Utils: -->getInternalSdPath()
04-20 20:12:31.874025 20174 20174 V ViewRootImpl: ViewRoot performTraversals+ : mFirst = false, this = ViewRoot{f93aacc ,ident = 22}
04-20 20:12:31.879115 22060 22592 I CursorWindowStats: Created a new Cursor. # Open Cursors=1 (# cursors opened by this proc=1)
04-20 20:12:31.879901 20174 20174 V ViewRootImpl: ViewRoot performTraversals and draw- : mResizeBuffer = null, mResizeAlpha = 0, this = ViewRoot{f93aacc ,ident = 22} frame#49 (cancelDraw = false)
04-20 20:12:31.880317   964  1670 D AppOps  : noteOperation: allowing code 59 uid 10056 package com.mediatek.mtklogger
04-20 20:12:31.880624   964  1670 D AppOps  : noteOperation: allowing code 60 uid 10056 package com.mediatek.mtklogger
04-20 20:12:31.881913   964  1670 D SettingsInterface:  from settings cache , name = sys_storage_threshold_percentage , value = null
04-20 20:12:31.887260   231   313 D SurfaceFlinger: requestNextVsync(231)
04-20 20:12:31.887384   231   313 I BufferQueueProducer: [](this:0x7f76cf6800,id:565,api:1,p:20174,c:231) queueBuffer: fps=46.20 dur=1017.25 max=258.29 min=5.34
04-20 20:12:31.888414   231   287 D SurfaceFlinger: postEvent(20174, v/c=71984)
04-20 20:12:31.888561   231   289 D SurfaceFlinger: postEvent(231, v/c=57907)
04-20 20:12:31.889343 20174 20174 V DisplayEventReceiver: call nativeScheduleVsync mReceiverPtr = 548120459328
04-20 20:12:31.889969   231  1738 D SurfaceFlinger: requestNextVsync(20174)
04-20 20:12:31.890043   231   231 D SurfaceFlinger: requestNextVsync(231)
04-20 20:12:31.890234   231   231 D SurfaceFlinger: requestNextVsync(231)
04-20 20:12:31.890032 20174 20174 V ViewRootImpl: ViewRoot performTraversals+ : mFirst = false, this = ViewRoot{f93aacc ,ident = 22}
04-20 20:12:31.892202 20174 20174 V ViewRootImpl: ViewRoot performTraversals and draw- : mResizeBuffer = null, mResizeAlpha = 0, this = ViewRoot{f93aacc ,ident = 22} frame#50 (cancelDraw = false)
04-20 20:12:31.892379   964  1670 D SettingsInterface:  from settings cache , name = sys_storage_threshold_max_bytes , value = null
04-20 20:12:31.893711 20174 20192 I MTKLogger/Utils: /storage/emulated/0 is mounted!
04-20 20:12:31.896813 20174 20192 I MTKLogger/Utils: Is emulated and volumeInfo.getId() : emulated
04-20 20:12:31.897542 22060 22592 V SQLiteStatements: /data/user/0/com.android.providers.media/databases/external.db: "SELECT _id FROM images"
04-20 20:12:31.897926 22060 22592 V SQLiteTime: /data/user/0/com.android.providers.media/databases/external.db: "SELECT _id FROM images" took 0.000 ms
04-20 20:12:31.898431 20174 20192 I MTKLogger/Utils: <--getInternalSdPath() : internalPath = /storage/emulated/0
04-20 20:12:31.899067 20174 20192 V MTKLogger: <--getLogPath(), type=internal_sd, string=/storage/emulated/0
04-20 20:12:31.900373   231   267 D SurfaceFlinger: requestNextVsync(231)
04-20 20:12:31.898441 22060 22592 D SQLiteCursor: received count(*) from native_fill_window: 0
04-20 20:12:31.900866 22060 22592 V SQLiteCursor: Cursor close object=240674038
04-20 20:12:31.902711   964   979 D AppOps  : noteOperation: allowing code 59 uid 10056 package com.mediatek.mtklogger
04-20 20:12:31.902995   964   979 D AppOps  : noteOperation: allowing code 60 uid 10056 package com.mediatek.mtklogger
04-20 20:12:31.903817   964   979 D SettingsInterface:  from settings cache , name = sys_storage_threshold_percentage , value = null
04-20 20:12:31.904412   231   287 D SurfaceFlinger: postEvent(20174, v/c=71985)
04-20 20:12:31.904635   231   289 D SurfaceFlinger: postEvent(231, v/c=57908)
04-20 20:12:31.905402 20174 20174 V DisplayEventReceiver: call nativeScheduleVsync mReceiverPtr = 548120459328
04-20 20:12:31.905869 20174 20174 V ViewRootImpl: ViewRoot performTraversals+ : mFirst = false, this = ViewRoot{f93aacc ,ident = 22}
04-20 20:12:31.905874   231   231 D SurfaceFlinger: requestNextVsync(231)
04-20 20:12:31.906108   231  1738 D SurfaceFlinger: requestNextVsync(20174)
04-20 20:12:31.906205   231   231 D SurfaceFlinger: requestNextVsync(231)
04-20 20:12:31.907019   964   979 D SettingsInterface:  from settings cache , name = sys_storage_threshold_max_bytes , value = null
04-20 20:12:31.908004 20174 20174 V ViewRootImpl: ViewRoot performTraversals and draw- : mResizeBuffer = null, mResizeAlpha = 0, this = ViewRoot{f93aacc ,ident = 22} frame#51 (cancelDraw = false)
04-20 20:12:31.908678 22060 22592 D SQLiteQueryBuilder: Performing query: SELECT _id FROM video
04-20 20:12:31.909602 20174 20192 I MTKLogger/Utils: -->getInternalSdPath()
04-20 20:12:31.910113 22060 22592 V SQLiteCursor: Cursor open object=111812855
04-20 20:12:31.910113 22060 22592 V SQLiteCursor: java.lang.Throwable: stacktrace
04-20 20:12:31.910113 22060 22592 V SQLiteCursor: 	at android.database.sqlite.SQLiteCursor.<init>(SQLiteCursor.java:117)
04-20 20:12:31.910113 22060 22592 V SQLiteCursor: 	at android.database.sqlite.SQLiteDirectCursorDriver.query(SQLiteDirectCursorDriver.java:50)
04-20 20:12:31.910113 22060 22592 V SQLiteCursor: 	at android.database.sqlite.SQLiteDatabase.rawQueryWithFactory(SQLiteDatabase.java:1346)
04-20 20:12:31.910113 22060 22592 V SQLiteCursor: 	at android.database.sqlite.SQLiteQueryBuilder.query(SQLiteQueryBuilder.java:400)
04-20 20:12:31.910113 22060 22592 V SQLiteCursor: 	at android.database.sqlite.SQLiteQueryBuilder.query(SQLiteQueryBuilder.java:333)
04-20 20:12:31.910113 22060 22592 V SQLiteCursor: 	at com.android.providers.media.MediaProvider.query(MediaProvider.java:3070)
04-20 20:12:31.910113 22060 22592 V SQLiteCursor: 	at android.content.ContentProvider.query(ContentProvider.java:1070)
04-20 20:12:31.910113 22060 22592 V SQLiteCursor: 	at android.content.ContentProvider$Transport.query(ContentProvider.java:249)
04-20 20:12:31.910113 22060 22592 V SQLiteCursor: 	at android.media.MediaScanner.prescan(MediaScanner.java:1481)
04-20 20:12:31.910113 22060 22592 V SQLiteCursor: 	at android.media.MediaScanner.scanSingleFile(MediaScanner.java:1742)
04-20 20:12:31.910113 22060 22592 V SQLiteCursor: 	at com.android.providers.media.MediaScannerService.scanFile(MediaScannerService.java:272)
04-20 20:12:31.910113 22060 22592 V SQLiteCursor: 	at com.android.providers.media.MediaScannerService.handleScanSingleFile(MediaScannerService.java:353)
04-20 20:12:31.910113 22060 22592 V SQLiteCursor: 	at com.android.providers.media.MediaScannerService.-wrap2(MediaScannerService.java)
04-20 20:12:31.910113 22060 22592 V SQLiteCursor: 	at com.android.providers.media.MediaScannerService$ServiceHandler.handleMessage(MediaScannerService.java:316)
04-20 20:12:31.910113 22060 22592 V SQLiteCursor: 	at android.os.Handler.dispatchMessage(Handler.java:111)
04-20 20:12:31.910113 22060 22592 V SQLiteCursor: 	at android.os.Looper.loop(Looper.java:207)
04-20 20:12:31.910113 22060 22592 V SQLiteCursor: 	at com.android.providers.media.MediaScannerService.run(MediaScannerService.java:262)
04-20 20:12:31.910113 22060 22592 V SQLiteCursor: 	at java.lang.Thread.run(Thread.java:818)
04-20 20:12:31.911328   231   267 D SurfaceFlinger: requestNextVsync(231)
04-20 20:12:31.917369   964  1652 D AppOps  : noteOperation: allowing code 59 uid 10056 package com.mediatek.mtklogger
04-20 20:12:31.917719   964  1652 D AppOps  : noteOperation: allowing code 60 uid 10056 package com.mediatek.mtklogger
04-20 20:12:31.918411   964  1652 D SettingsInterface:  from settings cache , name = sys_storage_threshold_percentage , value = null
04-20 20:12:31.919124   964  1652 D SettingsInterface:  from settings cache , name = sys_storage_threshold_max_bytes , value = null
04-20 20:12:31.919892 20174 20192 I MTKLogger/Utils: /storage/emulated/0 is mounted!
04-20 20:12:31.921414 20174 20192 I MTKLogger/Utils: Is emulated and volumeInfo.getId() : emulated
04-20 20:12:31.921516 20174 20192 I MTKLogger/Utils: <--getInternalSdPath() : internalPath = /storage/emulated/0
04-20 20:12:31.921742 20174 20192 V MTKLogger: <--getLogPath(), type=internal_sd, string=/storage/emulated/0
04-20 20:12:31.921961 22060 22592 I CursorWindowStats: Created a new Cursor. # Open Cursors=1 (# cursors opened by this proc=1)
04-20 20:12:31.922287   231   287 D SurfaceFlinger: postEvent(20174, v/c=71986)
04-20 20:12:31.922345 22060 22592 V SQLiteStatements: /data/user/0/com.android.providers.media/databases/external.db: "SELECT _id FROM video"
04-20 20:12:31.922435   231   289 D SurfaceFlinger: postEvent(231, v/c=57909)
04-20 20:12:31.922959 22060 22592 V SQLiteTime: /data/user/0/com.android.providers.media/databases/external.db: "SELECT _id FROM video" took 0.000 ms
04-20 20:12:31.923036 20174 20174 V DisplayEventReceiver: call nativeScheduleVsync mReceiverPtr = 548120459328
04-20 20:12:31.923568   231   231 D SurfaceFlinger: requestNextVsync(231)
04-20 20:12:31.923598 20174 20174 V ViewRootImpl: ViewRoot performTraversals+ : mFirst = false, this = ViewRoot{f93aacc ,ident = 22}
04-20 20:12:31.923664   231  1738 D SurfaceFlinger: requestNextVsync(20174)
04-20 20:12:31.923715   231   231 D SurfaceFlinger: requestNextVsync(231)
04-20 20:12:31.924841 20174 20192 D MTKLogger: -->getAvailableStorageSize(), path=/storage/emulated/0, size=11792MB
04-20 20:12:31.924969 20174 20192 D MTKLogger/LogInstance: <--getStorageState(), storage is ready for log capture.
04-20 20:12:31.925209 20174 20192 I MTKLogger/Utils: -->getInternalSdPath()
04-20 20:12:31.925885 22060 22592 D SQLiteCursor: received count(*) from native_fill_window: 0
04-20 20:12:31.926043 22060 22592 V SQLiteCursor: Cursor close object=111812855
04-20 20:12:31.927209 20174 20174 V ViewRootImpl: ViewRoot performTraversals and draw- : mResizeBuffer = null, mResizeAlpha = 0, this = ViewRoot{f93aacc ,ident = 22} frame#52 (cancelDraw = false)
04-20 20:12:31.930128   964  1843 D AppOps  : noteOperation: allowing code 59 uid 10056 package com.mediatek.mtklogger
04-20 20:12:31.930620   964  1843 D AppOps  : noteOperation: allowing code 60 uid 10056 package com.mediatek.mtklogger
04-20 20:12:31.932008   964  1843 D SettingsInterface:  from settings cache , name = sys_storage_threshold_percentage , value = null
04-20 20:12:31.933062 22060 22592 D SQLiteQueryBuilder: Performing query: SELECT _id FROM audio
04-20 20:12:31.935274   231   267 D SurfaceFlinger: requestNextVsync(231)
04-20 20:12:31.935977 22060 22592 V SQLiteCursor: Cursor open object=42302308
04-20 20:12:31.935977 22060 22592 V SQLiteCursor: java.lang.Throwable: stacktrace
04-20 20:12:31.935977 22060 22592 V SQLiteCursor: 	at android.database.sqlite.SQLiteCursor.<init>(SQLiteCursor.java:117)
04-20 20:12:31.935977 22060 22592 V SQLiteCursor: 	at android.database.sqlite.SQLiteDirectCursorDriver.query(SQLiteDirectCursorDriver.java:50)
04-20 20:12:31.935977 22060 22592 V SQLiteCursor: 	at android.database.sqlite.SQLiteDatabase.rawQueryWithFactory(SQLiteDatabase.java:1346)
04-20 20:12:31.935977 22060 22592 V SQLiteCursor: 	at android.database.sqlite.SQLiteQueryBuilder.query(SQLiteQueryBuilder.java:400)
04-20 20:12:31.935977 22060 22592 V SQLiteCursor: 	at android.database.sqlite.SQLiteQueryBuilder.query(SQLiteQueryBuilder.java:333)
04-20 20:12:31.935977 22060 22592 V SQLiteCursor: 	at com.android.providers.media.MediaProvider.query(MediaProvider.java:3070)
04-20 20:12:31.935977 22060 22592 V SQLiteCursor: 	at android.content.ContentProvider.query(ContentProvider.java:1070)
04-20 20:12:31.935977 22060 22592 V SQLiteCursor: 	at android.content.ContentProvider$Transport.query(ContentProvider.java:249)
04-20 20:12:31.935977 22060 22592 V SQLiteCursor: 	at android.media.MediaScanner.prescan(MediaScanner.java:1489)
04-20 20:12:31.935977 22060 22592 V SQLiteCursor: 	at android.media.MediaScanner.scanSingleFile(MediaScanner.java:1742)
04-20 20:12:31.935977 22060 22592 V SQLiteCursor: 	at com.android.providers.media.MediaScannerService.scanFile(MediaScannerService.java:272)
04-20 20:12:31.935977 22060 22592 V SQLiteCursor: 	at com.android.providers.media.MediaScannerService.handleScanSingleFile(MediaScannerService.java:353)
04-20 20:12:31.935977 22060 22592 V SQLiteCursor: 	at com.android.providers.media.MediaScannerService.-wrap2(MediaScannerService.java)
04-20 20:12:31.935977 22060 22592 V SQLiteCursor: 	at com.android.providers.media.MediaScannerService$ServiceHandler.handleMessage(MediaScannerService.java:316)
04-20 20:12:31.935977 22060 22592 V SQLiteCursor: 	at android.os.Handler.dispatchMessage(Handler.java:111)
04-20 20:12:31.935977 22060 22592 V SQLiteCursor: 	at android.os.Looper.loop(Looper.java:207)
04-20 20:12:31.935977 22060 22592 V SQLiteCursor: 	at com.android.providers.media.MediaScannerService.run(MediaScannerService.java:262)
04-20 20:12:31.935977 22060 22592 V SQLiteCursor: 	at java.lang.Thread.run(Thread.java:818)
04-20 20:12:31.936900   231   287 D SurfaceFlinger: postEvent(20174, v/c=71987)
04-20 20:12:31.937167   231   289 D SurfaceFlinger: postEvent(231, v/c=57910)
04-20 20:12:31.937973 20174 20174 V DisplayEventReceiver: call nativeScheduleVsync mReceiverPtr = 548120459328
04-20 20:12:31.938133   231   231 D SurfaceFlinger: requestNextVsync(231)
04-20 20:12:31.938256   231   231 D SurfaceFlinger: requestNextVsync(231)
04-20 20:12:31.938360   231   313 D SurfaceFlinger: requestNextVsync(20174)
04-20 20:12:31.938682 20174 20174 V ViewRootImpl: ViewRoot performTraversals+ : mFirst = false, this = ViewRoot{f93aacc ,ident = 22}
04-20 20:12:31.940185 20174 20174 V ViewRootImpl: ViewRoot performTraversals and draw- : mResizeBuffer = null, mResizeAlpha = 0, this = ViewRoot{f93aacc ,ident = 22} frame#53 (cancelDraw = false)
04-20 20:12:31.941505   231   231 I BufferQueueProducer: [FrameBufferSurface_0](this:0x7f7c90e000,id:0,api:1,p:231,c:231) queueBuffer: fps=60.60 dur=1006.60 max=31.22 min=8.54
04-20 20:12:31.944353   231   269 D SurfaceFlinger: requestNextVsync(231)
04-20 20:12:31.944633 22060 22592 I CursorWindowStats: Created a new Cursor. # Open Cursors=1 (# cursors opened by this proc=1)
04-20 20:12:31.945580 22060 22592 V SQLiteStatements: /data/user/0/com.android.providers.media/databases/external.db: "SELECT _id FROM audio"
04-20 20:12:31.945880 22060 22592 V SQLiteTime: /data/user/0/com.android.providers.media/databases/external.db: "SELECT _id FROM audio" took 0.000 ms
04-20 20:12:31.946225 22060 22592 D SQLiteCursor: received count(*) from native_fill_window: 0
04-20 20:12:31.946424 22060 22592 V SQLiteCursor: Cursor close object=42302308
04-20 20:12:31.950324 22060 22592 V MediaScanner: prescan<<< imageCount=0,videoCount=0, audioCount=0, lastId=-9223372036854775808,isEmpty=true
04-20 20:12:31.953007   231   287 D SurfaceFlinger: postEvent(20174, v/c=71988)
04-20 20:12:31.953150   231   289 D SurfaceFlinger: postEvent(231, v/c=57911)
04-20 20:12:31.954029 20174 20174 V DisplayEventReceiver: call nativeScheduleVsync mReceiverPtr = 548120459328
04-20 20:12:31.954463   231   231 D SurfaceFlinger: requestNextVsync(231)
04-20 20:12:31.954582   231   231 D SurfaceFlinger: requestNextVsync(231)
04-20 20:12:31.954913   231   267 D SurfaceFlinger: requestNextVsync(20174)
04-20 20:12:31.955372 20174 20174 V ViewRootImpl: ViewRoot performTraversals+ : mFirst = false, this = ViewRoot{f93aacc ,ident = 22}
04-20 20:12:31.957444 20174 20174 V ViewRootImpl: ViewRoot performTraversals and draw- : mResizeBuffer = null, mResizeAlpha = 0, this = ViewRoot{f93aacc ,ident = 22} frame#54 (cancelDraw = false)
04-20 20:12:31.960517   231  1039 D SurfaceFlinger: requestNextVsync(231)
04-20 20:12:31.969188   231   287 D SurfaceFlinger: postEvent(20174, v/c=71989)
04-20 20:12:31.969188   231   289 D SurfaceFlinger: postEvent(231, v/c=57912)
04-20 20:12:31.969932 20174 20174 V DisplayEventReceiver: call nativeScheduleVsync mReceiverPtr = 548120459328
04-20 20:12:31.970284   231   269 D SurfaceFlinger: requestNextVsync(20174)
04-20 20:12:31.970315   231   231 D SurfaceFlinger: requestNextVsync(231)
04-20 20:12:31.970473   231   231 D SurfaceFlinger: requestNextVsync(231)
04-20 20:12:31.970500 20174 20174 V ViewRootImpl: ViewRoot performTraversals+ : mFirst = false, this = ViewRoot{f93aacc ,ident = 22}
04-20 20:12:31.971796 20174 20174 V ViewRootImpl: ViewRoot performTraversals and draw- : mResizeBuffer = null, mResizeAlpha = 0, this = ViewRoot{f93aacc ,ident = 22} frame#55 (cancelDraw = false)
04-20 20:12:31.975754   231  1738 D SurfaceFlinger: requestNextVsync(231)
04-20 20:12:31.978450   964  1843 D SettingsInterface:  from settings cache , name = sys_storage_threshold_max_bytes , value = null
04-20 20:12:31.980335 20174 20192 I MTKLogger/Utils: /storage/emulated/0 is mounted!
04-20 20:12:31.984155 20174 20192 I MTKLogger/Utils: Is emulated and volumeInfo.getId() : emulated
04-20 20:12:31.984292 20174 20192 I MTKLogger/Utils: <--getInternalSdPath() : internalPath = /storage/emulated/0
04-20 20:12:31.984533 20174 20192 V MTKLogger: <--getLogPath(), type=internal_sd, string=/storage/emulated/0
04-20 20:12:31.984676 20174 20192 I MTKLogger/LogConnection: -->send cmd: [set_storage_path,/storage/emulated/0] to [gpslogd]
04-20 20:12:31.984774 20174 20192 D MTKLogger/LogConnection: Command builder success
04-20 20:12:31.985109   354   354 D MNLD    : process: epoll_wait() received 1 events
04-20 20:12:31.985435   354   354 D MNLD    : mtklogger2mnl_handler: recv set_storage_path,/storage/emulated/0 from 14
04-20 20:12:31.985503   354   354 D MNLD    : notify_client: write set_storage_path,/storage/emulated/0,1 to client fd 14 
04-20 20:12:31.985588   354   354 D MNLD    : mtklogger2mnl_handler: notify_client,ans = set_storage_path,/storage/emulated/0,1
04-20 20:12:31.985646   354   354 D MNLD    : get_mtklog_path: logpath for mtklogger socket msg: /storage/emulated/0
04-20 20:12:31.985702   354   354 D MNLD    : get_mtklog_path: get_mtklog_path:logpath is /storage/emulated/0/mtklog/gpsdbglog/
04-20 20:12:31.985839 20174 20193 V MTKLogger/LogConnection: Response from native byte size=38
04-20 20:12:31.985911   354   354 D MNLD    : process: mtklogger2mnl_handler: ret = 0
04-20 20:12:31.986082 20174 20193 I MTKLogger/GPSLog: -->dealWithResponse(), resp=set_storage_path,/storage/emulated/0,1
04-20 20:12:31.986111   231   287 D SurfaceFlinger: postEvent(20174, v/c=71990)
04-20 20:12:31.986106   231   289 D SurfaceFlinger: postEvent(231, v/c=57913)
04-20 20:12:31.986750 20174 20174 V DisplayEventReceiver: call nativeScheduleVsync mReceiverPtr = 548120459328
04-20 20:12:31.987127   231   231 D SurfaceFlinger: requestNextVsync(231)
04-20 20:12:31.987184   231   269 D SurfaceFlinger: requestNextVsync(20174)
04-20 20:12:31.987300   231   231 D SurfaceFlinger: requestNextVsync(231)
04-20 20:12:31.987129 20174 20174 V ViewRootImpl: ViewRoot performTraversals+ : mFirst = false, this = ViewRoot{f93aacc ,ident = 22}
04-20 20:12:31.989038 20174 20174 V ViewRootImpl: ViewRoot performTraversals and draw- : mResizeBuffer = null, mResizeAlpha = 0, this = ViewRoot{f93aacc ,ident = 22} frame#56 (cancelDraw = false)
04-20 20:12:31.993060   231  1738 D SurfaceFlinger: requestNextVsync(231)
04-20 20:12:31.995603 20174 20192 I MTKLogger/LogConnection: <--send cmd done : [set_storage_path,/storage/emulated/0] to [gpslogd]
04-20 20:12:31.996086 20174 20192 I MTKLogger/GPSLog: GPS log initialization reason = from_ui
04-20 20:12:31.996181 20174 20192 W MTKLogger/GPSLog: Start command come from UI, change log auto start to true at the same time
04-20 20:12:31.996300 20174 20192 I MTKLogger/LogConnection: -->send cmd: [deep_start,1] to [gpslogd]
04-20 20:12:31.996427 20174 20192 D MTKLogger/LogConnection: Command builder success
04-20 20:12:31.996924   354   354 D MNLD    : process: epoll_wait() received 1 events
04-20 20:12:31.997118   354   354 D MNLD    : mtklogger2mnl_handler: recv deep_start,1 from 14
04-20 20:12:31.997180   354   354 D MNLD    : notify_client: write deep_start,1,1 to client fd 14 
04-20 20:12:31.997257   354   354 D MNLD    : mtklogger2mnl_handler: notify_client,ans = deep_start,1,1
04-20 20:12:31.997312   354   354 D MNLD    : mtklogger2mnl_handler: gps_debuglog_state:1
04-20 20:12:31.997371   354   354 D MNLD    : process: mtklogger2mnl_handler: ret = 0
04-20 20:12:31.997687 20174 20193 V MTKLogger/LogConnection: Response from native byte size=14
04-20 20:12:31.997980 20174 20193 I MTKLogger/GPSLog: -->dealWithResponse(), resp=deep_start,1,1
04-20 20:12:31.995604 22060 22592 E MediaScanner: scanSingleFile: Not exist path=/storage/emulated/0/mtklog/mdlog1/MDLog1_2016_0420_195155/MDLog1_2016_0420_195155.muxz.tmp
04-20 20:12:32.000393 20174 20633 V MediaScannerConnection: Scanning file /storage/emulated/0/mtklog/mdlog1/MDLog1_2016_0420_195155/file_tree.txt
04-20 20:12:32.001263 22060 22078 D MediaScannerService: IMediaScannerService.scanFile: /storage/emulated/0/mtklog/mdlog1/MDLog1_2016_0420_195155/file_tree.txt mimeType: null
04-20 20:12:32.002424   231   287 D SurfaceFlinger: postEvent(20174, v/c=71991)
04-20 20:12:32.002551   231   289 D SurfaceFlinger: postEvent(231, v/c=57914)
04-20 20:12:32.003165 20174 20174 V DisplayEventReceiver: call nativeScheduleVsync mReceiverPtr = 548120459328
04-20 20:12:32.003676 20174 20174 V ViewRootImpl: ViewRoot performTraversals+ : mFirst = false, this = ViewRoot{f93aacc ,ident = 22}
04-20 20:12:32.004317   231  1039 D SurfaceFlinger: requestNextVsync(20174)
04-20 20:12:32.006188   231   231 D SurfaceFlinger: requestNextVsync(231)
04-20 20:12:32.006326   231   231 D SurfaceFlinger: requestNextVsync(231)
04-20 20:12:32.007394 20174 20192 I MTKLogger/LogConnection: <--send cmd done : [deep_start,1] to [gpslogd]
04-20 20:12:32.007554 20174 20192 D MTKLogger/GPSLog: After sending start command, wait native's resp, not treat it as successfully directly
04-20 20:12:32.007769 20174 20192 I MTKLogger/GPSLog: Handle receive message, what=0
04-20 20:12:32.007860 20174 20192 W MTKLogger/GPSLog: Not supported message: 0
04-20 20:12:32.007985 20174 20192 I MTKLogger/GPSLog: Handle receive message, what=25
04-20 20:12:32.008100 20174 20192 D MTKLogger/GPSLog: Got an update event, new state = 1, reason=null, oldState=0
04-20 20:12:32.008185 20174 20192 I MTKLogger/GPSLog: -->notifyServiceStatus(), status=1,  reason=[]
04-20 20:12:32.015854   231   313 D SurfaceFlinger: requestNextVsync(231)
04-20 20:12:32.016696 20174 20174 V ViewRootImpl: ViewRoot performTraversals and draw- : mResizeBuffer = null, mResizeAlpha = 0, this = ViewRoot{f93aacc ,ident = 22} frame#57 (cancelDraw = false)
04-20 20:12:32.018618   231   287 D SurfaceFlinger: postEvent(20174, v/c=71992)
04-20 20:12:32.018714   231   289 D SurfaceFlinger: postEvent(231, v/c=57915)
04-20 20:12:32.019431 20174 20174 V DisplayEventReceiver: call nativeScheduleVsync mReceiverPtr = 548120459328
04-20 20:12:32.019666   231   231 D SurfaceFlinger: requestNextVsync(231)
04-20 20:12:32.019807   231  1738 D SurfaceFlinger: requestNextVsync(20174)
04-20 20:12:32.019916 20174 20174 V ViewRootImpl: ViewRoot performTraversals+ : mFirst = false, this = ViewRoot{f93aacc ,ident = 22}
04-20 20:12:32.019808   231   231 D SurfaceFlinger: requestNextVsync(231)
04-20 20:12:32.023170 20174 20174 V ViewRootImpl: ViewRoot performTraversals and draw- : mResizeBuffer = null, mResizeAlpha = 0, this = ViewRoot{f93aacc ,ident = 22} frame#58 (cancelDraw = false)
04-20 20:12:32.027672   964  1747 D AppOps  : noteOperation: allowing code 59 uid 10007 package com.android.providers.media
04-20 20:12:32.028226   964  1747 D AppOps  : noteOperation: allowing code 60 uid 10007 package com.android.providers.media
04-20 20:12:32.029456   964  1747 D SettingsInterface:  from settings cache , name = sys_storage_threshold_percentage , value = null
04-20 20:12:32.031123   231   267 D SurfaceFlinger: requestNextVsync(231)
04-20 20:12:32.034605   964  1747 D StrictMode: handleViolation; policy=6815751
04-20 20:12:32.034862   231   287 D SurfaceFlinger: postEvent(20174, v/c=71993)
04-20 20:12:32.035004   231   289 D SurfaceFlinger: postEvent(231, v/c=57916)
04-20 20:12:32.035637 20174 20174 V DisplayEventReceiver: call nativeScheduleVsync mReceiverPtr = 548120459328
04-20 20:12:32.035991   231   231 D SurfaceFlinger: requestNextVsync(231)
04-20 20:12:32.036153   231   231 D SurfaceFlinger: requestNextVsync(231)
04-20 20:12:32.036314 20174 20174 V ViewRootImpl: ViewRoot performTraversals+ : mFirst = false, this = ViewRoot{f93aacc ,ident = 22}
04-20 20:12:32.037070   231   313 D SurfaceFlinger: requestNextVsync(20174)
04-20 20:12:32.040661   964  1747 D SettingsInterface:  from settings cache , name = sys_storage_threshold_max_bytes , value = null
04-20 20:12:32.041241   964  1747 D StrictMode: wrote violations to response parcel; num=1
04-20 20:12:32.041432 20174 20192 D MTKLogger/LogInstance: -->updateStatusBar(), logType=16, titleRes=2131296261, enable=true
04-20 20:12:32.041608 20174 20192 W MTKLogger/LogInstance: Too frequent status bar update request, slow down.
04-20 20:12:32.041922 20174 20174 V ViewRootImpl: ViewRoot performTraversals and draw- : mResizeBuffer = null, mResizeAlpha = 0, this = ViewRoot{f93aacc ,ident = 22} frame#59 (cancelDraw = false)
04-20 20:12:32.044528 22060 22060 D StrictMode: strict mode violation stacks read from binder call.  i=0
04-20 20:12:32.045831 20174 22595 D MTKLogger/MTKLoggerService:  mNativeStateHandler receive message, what=1, arg1=16, arg2=1
04-20 20:12:32.047815 20174 22595 D MTKLogger/MTKLoggerService: -->handleLogStateChangeMsg(), mCachedStartStopCmd = 16
04-20 20:12:32.048497 20174 22595 D MTKLogger/MTKLoggerService:  MSG_LOG_STATE_CHANGED, logType=16, result=1, reason=[]
04-20 20:12:32.048598 20174 22595 D MTKLogger/MTKLoggerService: Still waiting start/stop command response, mark it as finished.
04-20 20:12:32.048790 20174 22595 I MTKLogger/MTKLoggerService:  Notify other modules current state with broadcast. mCurrentAffectedLogType=23, currentRunningStatus=23, failReasonStr=[]
04-20 20:12:32.049886   231   269 D SurfaceFlinger: requestNextVsync(231)
04-20 20:12:32.051314   231   289 D SurfaceFlinger: postEvent(231, v/c=57917)
04-20 20:12:32.051727   231   287 D SurfaceFlinger: postEvent(20174, v/c=71994)
04-20 20:12:32.052355   231   231 D SurfaceFlinger: requestNextVsync(231)
04-20 20:12:32.052494   231   231 D SurfaceFlinger: requestNextVsync(231)
04-20 20:12:32.052731 20174 20174 V DisplayEventReceiver: call nativeScheduleVsync mReceiverPtr = 548120459328
04-20 20:12:32.053763 20174 20174 V ViewRootImpl: ViewRoot performTraversals+ : mFirst = false, this = ViewRoot{f93aacc ,ident = 22}
04-20 20:12:32.054643   231   267 D SurfaceFlinger: requestNextVsync(20174)
04-20 20:12:32.058337 22060 22592 V MediaScannerService: handleMessage: what = 11, startId = 2, arguments = Bundle[{mimetype=null, filepath=/storage/emulated/0/mtklog/mdlog1/MDLog1_2016_0420_195155/file_tree.txt, listener=android.os.BinderProxy@cd7be1b}]
04-20 20:12:32.058794 20174 22595 D MTKLogger/MTKLoggerService: -->updateStartRecordingTime(), mCurrentRunningStatus=23
04-20 20:12:32.058905 20174 22595 I MTKLogger/MTKLoggerService: Former log start time is 0, set to current system time.
04-20 20:12:32.059410 22060 22060 D StrictMode: handleViolation; policy=2621447
04-20 20:12:32.059641 20174 22595 V MTKLogger/MTKLoggerService: -->isLogRunning(), logType = 16
04-20 20:12:32.059759 20174 22595 D MTKLogger/GPSLog: Is GPS log running ? true
04-20 20:12:32.059824 20174 22595 V MTKLogger/MTKLoggerService: <--isLogRunning()? true
04-20 20:12:32.059887 20174 22595 V MTKLogger/MTKLoggerService: <--isAnyLogRunning()? true
04-20 20:12:32.059968 20174 22595 D MTKLogger/MTKLoggerService: -->updateLogFolderMonitor(), isLogRunning=true, mLogFolderMonitorThreadStopFlag=true
04-20 20:12:32.061780 20174 22595 V MTKLogger/MTKLoggerService: Log is running, so start monitor log folder
04-20 20:12:32.062124 20174 22595 V MTKLogger/MTKLoggerService: -->isLogRunning(), logType = 16
04-20 20:12:32.062316 20174 22595 D MTKLogger/GPSLog: Is GPS log running ? true
04-20 20:12:32.062393 20174 22595 V MTKLogger/MTKLoggerService: <--isLogRunning()? true
04-20 20:12:32.062657 20174 22595 V MTKLogger/MTKLoggerService: <--isAnyLogRunning()? true
04-20 20:12:32.062870 20174 22595 I MTKLogger/Utils: -->getInternalSdPath()
04-20 20:12:32.064676 20174 20174 V ViewRootImpl: ViewRoot performTraversals and draw- : mResizeBuffer = null, mResizeAlpha = 0, this = ViewRoot{f93aacc ,ident = 22} frame#60 (cancelDraw = false)
04-20 20:12:32.067688   231   289 D SurfaceFlinger: postEvent(231, v/c=57918)
04-20 20:12:32.067844   231   287 D SurfaceFlinger: postEvent(20174, v/c=71995)
