04-20 20:12:32.071075 22060 22592 V MediaProvider: insertInternal>>>: uri=content://media/, match=300, initValues=name=external
04-20 20:12:32.075838 20174 22596 D MTKLogger/MTKLoggerService: Begin to monitor log folder status...
04-20 20:12:32.076095 20174 22596 I MTKLogger/Utils: -->getInternalSdPath()
04-20 20:12:32.080848   964  8871 D AppOps  : noteOperation: allowing code 59 uid 10056 package com.mediatek.mtklogger
04-20 20:12:32.081323   964  8871 D AppOps  : noteOperation: allowing code 60 uid 10056 package com.mediatek.mtklogger
04-20 20:12:32.082428   964  8871 D SettingsInterface:  from settings cache , name = sys_storage_threshold_percentage , value = null
04-20 20:12:32.082712 16516 16518 D EMDLOGGER1: CTRL_reader: incoming SPLM req, msgid=6, token=0, result=0
04-20 20:12:32.082765 16516 16518 I EMDLOGGER1: [MDLOG] [stats][buf] L1 : data:0x2dd2 last:0x20b412; (1, 0xbd8, 0x20b411)(2, 0x18, 0x1d0646)PS : data:0xbf0 last:0x20b411; L2 : data:0x36e last:0x1d0646; 
04-20 20:12:32.082832 16516 16518 D EMDLOGGER1: CTRL_reader: incoming SPLM req, msgid=6, token=0, result=0
04-20 20:12:32.082872 16516 16518 I EMDLOGGER1: [MDLOG] [stats][mux] MCU : data:0x20124 last:0x20b34a; DSP : data:0x0 last:0x1d0580; 
04-20 20:12:32.084659 20174 20174 D MTKLogger/MainActivity: ACTION_LOG_STATE_CHANGED
04-20 20:12:32.084661   231  1039 D SurfaceFlinger: requestNextVsync(231)
04-20 20:12:32.086062 20174 20174 D Dialog  : dismissDialog
04-20 20:12:32.088809   964  1162 D AppOps  : noteOperation: allowing code 59 uid 10056 package com.mediatek.mtklogger
04-20 20:12:32.089110   964  1162 D AppOps  : noteOperation: allowing code 60 uid 10056 package com.mediatek.mtklogger
04-20 20:12:32.090996 20174 20613 D OpenGLRenderer: Flushing caches (mode 0)
04-20 20:12:32.091042   964  8871 D SettingsInterface:  from settings cache , name = sys_storage_threshold_max_bytes , value = null
04-20 20:12:32.091649 20174 20613 D Surface : Surface::disconnect(this=0x7fad52ee00,api=1)
04-20 20:12:32.092435   964  1162 D SettingsInterface:  from settings cache , name = sys_storage_threshold_percentage , value = null
04-20 20:12:32.092798   231   269 I BufferQueueProducer: [](this:0x7f76cf6800,id:565,api:1,p:-1,c:231) disconnect(P): api 1
04-20 20:12:32.093374   231   269 I BufferQueueConsumer: [](this:0x7f76cf6800,id:565,api:1,p:-1,c:231) getReleasedBuffers: returning mask 0xfffffffffffffffd
04-20 20:12:32.093736   231   269 D GraphicBuffer: free, handle(0x7f7c8c9960) (w:203 h:729 s:208 f:0x1 u:0x000b00)
04-20 20:12:32.093852   231   269 I [MALI][Gralloc]: [-]hnd(0x7f7c8c9960), client(27), share_fd(93)
04-20 20:12:32.094148   231   269 D GraphicBuffer: free, handle(0x7f7c8c9b40) (w:203 h:729 s:208 f:0x1 u:0x000b00)
04-20 20:12:32.094237   231   269 I [MALI][Gralloc]: [-]hnd(0x7f7c8c9b40), client(27), share_fd(75)
04-20 20:12:32.094862   964  1162 D SettingsInterface:  from settings cache , name = sys_storage_threshold_max_bytes , value = null
04-20 20:12:32.095220 20174 20613 D GraphicBuffer: unregister, handle(0x7f9cc16fa0) (w:203 h:729 s:208 f:0x1 u:0x000b00)
04-20 20:12:32.095810 20174 22595 I MTKLogger/Utils: /storage/emulated/0 is mounted!
04-20 20:12:32.096382 20174 22596 I MTKLogger/Utils: /storage/emulated/0 is mounted!
04-20 20:12:32.096944 20174 22595 I MTKLogger/Utils: Is emulated and volumeInfo.getId() : emulated
04-20 20:12:32.097191 20174 20613 I [MALI][Gralloc]: [-]r_hnd(0x7f9cc16fa0), client(55), share_fd(72)
04-20 20:12:32.097570 20174 20613 D GraphicBuffer: unregister, handle(0x7fa9b29d40) (w:203 h:729 s:208 f:0x1 u:0x000b00)
04-20 20:12:32.097792   964  1927 D AppOps  : noteOperation: allowing code 59 uid 10007 package com.android.providers.media
04-20 20:12:32.098106   964  1927 D AppOps  : noteOperation: allowing code 60 uid 10007 package com.android.providers.media
04-20 20:12:32.098501 20174 20613 I [MALI][Gralloc]: [-]r_hnd(0x7fa9b29d40), client(55), share_fd(68)
04-20 20:12:32.098811 20174 20613 D GraphicBuffer: unregister, handle(0x7fa6ceca80) (w:203 h:729 s:208 f:0x1 u:0x000b00)
04-20 20:12:32.098854   964  1927 D SettingsInterface:  from settings cache , name = sys_storage_threshold_percentage , value = null
04-20 20:12:32.099515 20174 22595 I MTKLogger/Utils: <--getInternalSdPath() : internalPath = /storage/emulated/0
04-20 20:12:32.099914 20174 22595 V MTKLogger: <--getLogPath(), type=internal_sd, string=/storage/emulated/0
04-20 20:12:32.099995 20174 22595 V MTKLogger/Utils: -->setRunnngFileListTree
04-20 20:12:32.100154 20174 20613 I [MALI][Gralloc]: [-]r_hnd(0x7fa6ceca80), client(55), share_fd(69)
04-20 20:12:32.100382 20174 20613 D GraphicBuffer: unregister, handle(0x7fa6cee920) (w:203 h:729 s:208 f:0x1 u:0x000b00)
04-20 20:12:32.100641   231   289 D SurfaceFlinger: postEvent(231, v/c=57920)
04-20 20:12:32.101185   231   231 D GraphicBuffer: free, handle(0x7f7c8c98c0) (w:203 h:729 s:208 f:0x1 u:0x000b00)
04-20 20:12:32.101311   231   231 I [MALI][Gralloc]: [-]hnd(0x7f7c8c98c0), client(27), share_fd(55)
04-20 20:12:32.101472 20174 20613 I [MALI][Gralloc]: [-]r_hnd(0x7fa6cee920), client(55), share_fd(71)
04-20 20:12:32.101611 20174 20613 D Surface : Surface::disconnect(this=0x7fad52ee00,api=1)
04-20 20:12:32.103413 20174 22597 I MTKLogger/Utils: -->getInternalSdPath()
04-20 20:12:32.103624   231   267 I BufferQueueProducer: [](this:0x7f76cf6800,id:565,api:1,p:-1,c:231) disconnect(P): api 1
04-20 20:12:32.104004 20174 20613 D OpenGLRenderer: Flushing caches (mode 0)
04-20 20:12:32.104338   964  1927 D SettingsInterface:  from settings cache , name = sys_storage_threshold_max_bytes , value = null
04-20 20:12:32.108159 20174 22596 I MTKLogger/Utils: Is emulated and volumeInfo.getId() : emulated
04-20 20:12:32.108303 20174 22596 I MTKLogger/Utils: <--getInternalSdPath() : internalPath = /storage/emulated/0
04-20 20:12:32.108505   964  1663 D AppOps  : noteOperation: allowing code 59 uid 10056 package com.mediatek.mtklogger
04-20 20:12:32.108730 20174 22596 V MTKLogger: <--getLogPath(), type=internal_sd, string=/storage/emulated/0
04-20 20:12:32.108767   964  1663 D AppOps  : noteOperation: allowing code 60 uid 10056 package com.mediatek.mtklogger
04-20 20:12:32.109587   964  1663 D SettingsInterface:  from settings cache , name = sys_storage_threshold_percentage , value = null
04-20 20:12:32.111957   964  1663 D SettingsInterface:  from settings cache , name = sys_storage_threshold_max_bytes , value = null
04-20 20:12:32.112937 20174 22597 I MTKLogger/Utils: /storage/emulated/0 is mounted!
04-20 20:12:32.113101   345 22575 I MobileLogD/dupm: dump sys property
04-20 20:12:32.114065   964  1844 D AppOps  : noteOperation: allowing code 59 uid 10056 package com.mediatek.mtklogger
04-20 20:12:32.114266 20174 22597 I MTKLogger/Utils: Is emulated and volumeInfo.getId() : emulated
04-20 20:12:32.114373 20174 22597 I MTKLogger/Utils: <--getInternalSdPath() : internalPath = /storage/emulated/0
04-20 20:12:32.114402   964  1844 D AppOps  : noteOperation: allowing code 60 uid 10056 package com.mediatek.mtklogger
04-20 20:12:32.114658 20174 22597 V MTKLogger: <--getLogPath(), type=internal_sd, string=/storage/emulated/0
04-20 20:12:32.115174   964  1844 D SettingsInterface:  from settings cache , name = sys_storage_threshold_percentage , value = null
04-20 20:12:32.115761   964  1844 D SettingsInterface:  from settings cache , name = sys_storage_threshold_max_bytes , value = null
04-20 20:12:32.117141 20174 22596 D MTKLogger: -->getAvailableStorageSize(), path=/storage/emulated/0, size=11790MB
04-20 20:12:32.118310   345 22575 I MobileLogD/dupm: copydump over
04-20 20:12:32.122554   964  2088 D AppOps  : noteOperation: allowing code 59 uid 10007 package com.android.providers.media
04-20 20:12:32.122876   964  2088 D AppOps  : noteOperation: allowing code 60 uid 10007 package com.android.providers.media
04-20 20:12:32.123760   964  2088 D SettingsInterface:  from settings cache , name = sys_storage_threshold_percentage , value = null
04-20 20:12:32.124849   964  2088 D SettingsInterface:  from settings cache , name = sys_storage_threshold_max_bytes , value = null
04-20 20:12:32.128421 22060 22592 V MediaProvider: attachVolume>>> volume=external
04-20 20:12:32.131954   964   987 V DisplayEventReceiver: call nativeScheduleVsync mReceiverPtr = 548369566784
04-20 20:12:32.132327   231  1039 D SurfaceFlinger: requestNextVsync(964)
04-20 20:12:32.133738 20174 20174 D WindowClient: Remove from mViews: com.android.internal.policy.PhoneWindow$DecorView{acd0717 V.E...... R....... 0,0-729,203}, this = android.view.WindowManagerGlobal@239974
04-20 20:12:32.135267 20174 20174 V DisplayEventReceiver: call nativeScheduleVsync mReceiverPtr = 548120459328
04-20 20:12:32.135752   231   269 D SurfaceFlinger: requestNextVsync(20174)
04-20 20:12:32.135854 20174 20658 I MTKLogger/Utils: -->getInternalSdPath()
04-20 20:12:32.139162 20174 20174 V InputMethodManager: onWindowFocus: null softInputMode=32 first=false flags=#1810100
04-20 20:12:32.142720   964  1747 D AppOps  : noteOperation: allowing code 59 uid 10007 package com.android.providers.media
04-20 20:12:32.143013   964  1747 D AppOps  : noteOperation: allowing code 60 uid 10007 package com.android.providers.media
04-20 20:12:32.143903   964  1747 D SettingsInterface:  from settings cache , name = sys_storage_threshold_percentage , value = null
04-20 20:12:32.148300   964  1747 D SettingsInterface:  from settings cache , name = sys_storage_threshold_max_bytes , value = null
04-20 20:12:32.148793   231   287 D SurfaceFlinger: postEvent(20174, v/c=71997)
04-20 20:12:32.148909   231   287 D SurfaceFlinger: postEvent(964, v/c=71997)
04-20 20:12:32.149720 20174 20174 V ViewRootImpl: ViewRoot performTraversals+ : mFirst = false, this = ViewRoot{85fa0fe com.mediatek.mtklogger/com.mediatek.mtklogger.MainActivity,ident = 16}
04-20 20:12:32.150982   964   987 V DisplayEventReceiver: call nativeScheduleVsync mReceiverPtr = 548369566784
04-20 20:12:32.152515   231   267 D SurfaceFlinger: requestNextVsync(964)
04-20 20:12:32.152664   231  1738 D SurfaceFlinger: requestNextVsync(231)
04-20 20:12:32.155161   964   976 D AppOps  : noteOperation: allowing code 59 uid 10056 package com.mediatek.mtklogger
04-20 20:12:32.155535   964   976 D AppOps  : noteOperation: allowing code 60 uid 10056 package com.mediatek.mtklogger
04-20 20:12:32.156898 20174 20174 V ViewRootImpl: ViewRoot performTraversals and draw- : mResizeBuffer = null, mResizeAlpha = 0, this = ViewRoot{85fa0fe com.mediatek.mtklogger/com.mediatek.mtklogger.MainActivity,ident = 16} frame#46 (cancelDraw = false)
04-20 20:12:32.158159 22060 22060 D MediaProvider: handleMessage, sendMessageDelayed
04-20 20:12:32.164381   231   287 D SurfaceFlinger: postEvent(964, v/c=71998)
04-20 20:12:32.164536   231   289 D SurfaceFlinger: postEvent(231, v/c=57922)
04-20 20:12:32.164811   964   976 D SettingsInterface:  from settings cache , name = sys_storage_threshold_percentage , value = null
04-20 20:12:32.166534   231   269 D SurfaceFlinger: requestNextVsync(231)
04-20 20:12:32.166689   231   269 I BufferQueueProducer: [com.mediatek.mtklogger/com.mediatek.mtklogger.MainActivity](this:0x7f76c4e800,id:564,api:1,p:20174,c:231) queueBuffer: fps=1.27 dur=1580.04 max=1343.86 min=236.18
04-20 20:12:32.168892   964   987 V DisplayEventReceiver: call nativeScheduleVsync mReceiverPtr = 548369566784
04-20 20:12:32.170390   231   267 D SurfaceFlinger: requestNextVsync(964)
04-20 20:12:32.171501   231  1738 D SurfaceFlinger: requestNextVsync(231)
04-20 20:12:32.173912   964  2088 D AppOps  : noteOperation: allowing code 59 uid 10007 package com.android.providers.media
04-20 20:12:32.174281   964  2088 D AppOps  : noteOperation: allowing code 60 uid 10007 package com.android.providers.media
04-20 20:12:32.181050   231   287 D SurfaceFlinger: postEvent(964, v/c=71999)
04-20 20:12:32.181233   231   289 D SurfaceFlinger: postEvent(231, v/c=57923)
04-20 20:12:32.182941   964   987 V DisplayEventReceiver: call nativeScheduleVsync mReceiverPtr = 548369566784
04-20 20:12:32.183752   231  1039 D SurfaceFlinger: requestNextVsync(964)
04-20 20:12:32.183830   231   269 D SurfaceFlinger: requestNextVsync(231)
04-20 20:12:32.188833 22060 22069 I StagefrightMediaScanner: StagefrightMediaScanner destructor
04-20 20:12:32.197797   231   287 D SurfaceFlinger: postEvent(964, v/c=72000)
04-20 20:12:32.197981   231   289 D SurfaceFlinger: postEvent(231, v/c=57924)
04-20 20:12:32.199892   964   987 V DisplayEventReceiver: call nativeScheduleVsync mReceiverPtr = 548369566784
04-20 20:12:32.201160   231  1738 D SurfaceFlinger: requestNextVsync(964)
04-20 20:12:32.201195   231  1039 D SurfaceFlinger: requestNextVsync(231)
04-20 20:12:32.207739   964   976 D SettingsInterface:  from settings cache , name = sys_storage_threshold_max_bytes , value = null
04-20 20:12:32.209074   964  2088 D SettingsInterface:  from settings cache , name = sys_storage_threshold_percentage , value = null
04-20 20:12:32.210420 20174 20658 I MTKLogger/Utils: /storage/emulated/0 is mounted!
04-20 20:12:32.211863   964  2088 D SettingsInterface:  from settings cache , name = sys_storage_threshold_max_bytes , value = null
04-20 20:12:32.213626 20174 20658 I MTKLogger/Utils: Is emulated and volumeInfo.getId() : emulated
04-20 20:12:32.213773 20174 20658 I MTKLogger/Utils: <--getInternalSdPath() : internalPath = /storage/emulated/0
04-20 20:12:32.214061   231   287 D SurfaceFlinger: postEvent(964, v/c=72001)
04-20 20:12:32.214192   231   289 D SurfaceFlinger: postEvent(231, v/c=57925)
04-20 20:12:32.214357 20174 20658 V MTKLogger: <--getLogPath(), type=internal_sd, string=/storage/emulated/0
04-20 20:12:32.214576 20174 20658 D MTKLogger/MainActivity:  mSDCardPathStr=/storage/emulated/0
04-20 20:12:32.215172 20174 20174 D MTKLogger/MainActivity: -->updateUI(), Update UI Start
04-20 20:12:32.215714 20174 20174 V DisplayEventReceiver: call nativeScheduleVsync mReceiverPtr = 548120459328
04-20 20:12:32.216057   964   987 V DisplayEventReceiver: call nativeScheduleVsync mReceiverPtr = 548369566784
04-20 20:12:32.216811 20174 20174 I MTKLogger/MainActivity: isAutoTest()-> Monkey running flag is false
04-20 20:12:32.216879   231   269 D SurfaceFlinger: requestNextVsync(20174)
04-20 20:12:32.217057   231   313 D SurfaceFlinger: requestNextVsync(964)
04-20 20:12:32.217278   231  1039 D SurfaceFlinger: requestNextVsync(231)
04-20 20:12:32.219260 20174 20174 I MTKLogger/MainActivity: isAutoTest()-> isUserAMonkey=false
04-20 20:12:32.220487 20174 20174 V MTKLogger/MainActivity: -->changeWaitingDialog()
04-20 20:12:32.220914 20174 20174 D MTKLogger/MainActivity: -->needStartLogAtBootTime(), needStart=true
04-20 20:12:32.221069 20174 20174 V MTKLogger/MainActivity: isBootComplete(), isComplete = true, isMTKLoggerServiceInited = true, isBootCompletedDone = true, isShutdownNormal = false, isNeedStartLogAtBootTime = true
04-20 20:12:32.221860 20174 20174 D MTKLogger/MTKLoggerService: <--getGlobalRunningStage(), current stage=0
04-20 20:12:32.222042 20174 20174 D MTKLogger/MainActivity: changeWaitingDialog() -> currentRunningStage is 0
04-20 20:12:32.224737 20174 20174 V MTKLogger/MTKLoggerService: -->isLogRunning(), logType = 16
04-20 20:12:32.225176 20174 20174 D MTKLogger/GPSLog: Is GPS log running ? true
04-20 20:12:32.226169 20174 20174 V MTKLogger/MTKLoggerService: <--isLogRunning()? true
04-20 20:12:32.227371 20174 20174 V MTKLogger/MTKLoggerService: -->isLogRunning(), logType = 4
04-20 20:12:32.227663 20174 20174 I MTKLogger/LogInstance:  Native log(4) running status=true
04-20 20:12:32.227747 20174 20174 V MTKLogger/MTKLoggerService: <--isLogRunning()? true
04-20 20:12:32.229509 20174 20174 V MTKLogger/MTKLoggerService: -->isLogRunning(), logType = 1
04-20 20:12:32.229694 20174 20174 I MTKLogger/LogInstance:  Native log(1) running status=true
04-20 20:12:32.229765 20174 20174 V MTKLogger/MTKLoggerService: <--isLogRunning()? true
04-20 20:12:32.230304   231   287 D SurfaceFlinger: postEvent(20174, v/c=72002)
04-20 20:12:32.230399   231   287 D SurfaceFlinger: postEvent(964, v/c=72002)
04-20 20:12:32.230524   231   289 D SurfaceFlinger: postEvent(231, v/c=57926)
04-20 20:12:32.231357 20174 20174 V MTKLogger/MTKLoggerService: -->isLogRunning(), logType = 2
04-20 20:12:32.231515 20174 20174 I MTKLogger/LogInstance:  Native log(2) running status=true
04-20 20:12:32.231988 20174 20174 D MTKLogger/MultiModemLog/ModemManager: isAnyModemLogConnect ? true
04-20 20:12:32.232379 20174 20174 D MTKLogger/MultiModemLog: Is modm log running ? true
04-20 20:12:32.232416   964   987 V DisplayEventReceiver: call nativeScheduleVsync mReceiverPtr = 548369566784
04-20 20:12:32.232505 20174 20174 V MTKLogger/MTKLoggerService: <--isLogRunning()? true
04-20 20:12:32.233347   231   269 D SurfaceFlinger: requestNextVsync(964)
04-20 20:12:32.233780   231   269 D SurfaceFlinger: requestNextVsync(231)
04-20 20:12:32.236239 20174 20174 E MTKLogger/MainActivity: timeString : 0:00:00
04-20 20:12:32.240955 20174 20174 D MTKLogger/MainActivity: Build type is eng
04-20 20:12:32.243142 22060 22592 V MediaProvider: attachVolume<<< Already attached external.db
04-20 20:12:32.243410 20174 20174 D StrictMode: handleViolation; policy=2621447
04-20 20:12:32.244062 20174 20174 V ViewRootImpl: ViewRoot performTraversals+ : mFirst = false, this = ViewRoot{85fa0fe com.mediatek.mtklogger/com.mediatek.mtklogger.MainActivity,ident = 16}
04-20 20:12:32.245063 20174 22597 D MTKLogger/Utils: -->setLogFolderToFileTree()
04-20 20:12:32.245228 20174 22597 D MTKLogger/Utils:  fileList.size = 26 fileTree = /storage/emulated/0/mtklog/running_file_tree.txt
04-20 20:12:32.246716   231   287 D SurfaceFlinger: postEvent(964, v/c=72003)
04-20 20:12:32.246875   231   289 D SurfaceFlinger: postEvent(231, v/c=57927)
04-20 20:12:32.248685   964   987 V DisplayEventReceiver: call nativeScheduleVsync mReceiverPtr = 548369566784
04-20 20:12:32.249371   231  1039 D SurfaceFlinger: requestNextVsync(964)
04-20 20:12:32.250707   231  1039 D SurfaceFlinger: requestNextVsync(231)
04-20 20:12:32.251909 20174 22599 D MTKLogger/MainActivity: Start a new thread to check whether existing any log now.
04-20 20:12:32.258244 20174 22597 D MTKLogger/Utils: <--setLogFolderToFileTree() fileList.size = 26
04-20 20:12:32.262936   231   287 D SurfaceFlinger: postEvent(964, v/c=72004)
04-20 20:12:32.263126   231   289 D SurfaceFlinger: postEvent(231, v/c=57928)
04-20 20:12:32.265040   964   987 V DisplayEventReceiver: call nativeScheduleVsync mReceiverPtr = 548369566784
04-20 20:12:32.265582   231   267 D SurfaceFlinger: requestNextVsync(964)
04-20 20:12:32.267158   231  1738 D SurfaceFlinger: requestNextVsync(231)
04-20 20:12:32.272225   964  1927 D AppOps  : noteOperation: allowing code 59 uid 10007 package com.android.providers.media
04-20 20:12:32.272803   964  1927 D AppOps  : noteOperation: allowing code 60 uid 10007 package com.android.providers.media
04-20 20:12:32.273902 20174 22599 V MTKLogger/MainActivity: Check whether existing any log finish, result=true
04-20 20:12:32.274187   964  1927 D SettingsInterface:  from settings cache , name = sys_storage_threshold_percentage , value = null
04-20 20:12:32.279177   231   287 D SurfaceFlinger: postEvent(964, v/c=72005)
04-20 20:12:32.279307   231   289 D SurfaceFlinger: postEvent(231, v/c=57929)
04-20 20:12:32.279669   964  1927 D SettingsInterface:  from settings cache , name = sys_storage_threshold_max_bytes , value = null
04-20 20:12:32.281520   964   987 V DisplayEventReceiver: call nativeScheduleVsync mReceiverPtr = 548369566784
04-20 20:12:32.282065   231   269 D SurfaceFlinger: requestNextVsync(964)
04-20 20:12:32.287006   231  1039 D SurfaceFlinger: requestNextVsync(231)
04-20 20:12:32.289823 22060 22592 D MediaProvider: ensureDefaultFolders dcimExist: true
04-20 20:12:32.292690   964  2089 V ContentService: Notifying update of content://media/ for user 0 from observer null, syncToNetwork true
04-20 20:12:32.293579   964  2089 V ContentService: Notified android.database.IContentObserver$Stub$Proxy@f6f85e2 of update at content://media/
04-20 20:12:32.294053   964  2089 V ContentService: Notified android.database.IContentObserver$Stub$Proxy@c130d73 of update at content://media/
04-20 20:12:32.294768   231   287 D SurfaceFlinger: postEvent(964, v/c=72006)
04-20 20:12:32.294887   231   289 D SurfaceFlinger: postEvent(231, v/c=57930)
04-20 20:12:32.296322 22343 22356 V MediaMonitor: Have service call pending
04-20 20:12:32.297069   964   987 V DisplayEventReceiver: call nativeScheduleVsync mReceiverPtr = 548369566784
04-20 20:12:32.297433   231   313 D SurfaceFlinger: requestNextVsync(964)
04-20 20:12:32.298033   231   267 D SurfaceFlinger: requestNextVsync(231)
04-20 20:12:32.300282   964  2089 V ContentService: Notified android.database.IContentObserver$Stub$Proxy@c27f430 of update at content://media/
04-20 20:12:32.300541 22343 22356 V MediaMonitor: Have service call pending
04-20 20:12:32.300752   964  2089 V ContentService: Notified android.database.IContentObserver$Stub$Proxy@689c8a9 of update at content://media/
04-20 20:12:32.301167   964  2089 D SyncManager: one-time sync for: null Bundle[{upload=true}] media
04-20 20:12:32.301259   964  2089 V SyncManager: scheduleSync: no accounts configured, dropping
04-20 20:12:32.302132 22060 22592 I StagefrightMediaScanner: StagefrightMediaScanner Constructor
04-20 20:12:32.303250 22060 22592 V MediaScanner: setDefaultRingtoneFileNames: ringtone=Ring_Synth_04.ogg,notification=pixiedust.ogg,alarm=Alarm_Classic.ogg
04-20 20:12:32.304427 22343 22356 V MediaMonitor: Have service call pending
04-20 20:12:32.308542 22343 22356 V MediaMonitor: Have service call pending
04-20 20:12:32.310691   964  8871 D AppOps  : noteOperation: allowing code 59 uid 10007 package com.android.providers.media
04-20 20:12:32.311058   964  8871 D AppOps  : noteOperation: allowing code 60 uid 10007 package com.android.providers.media
04-20 20:12:32.311337   231   287 D SurfaceFlinger: postEvent(964, v/c=72007)
04-20 20:12:32.311598 20174 20174 V ViewRootImpl: ViewRoot performTraversals and draw- : mResizeBuffer = null, mResizeAlpha = 0, this = ViewRoot{85fa0fe com.mediatek.mtklogger/com.mediatek.mtklogger.MainActivity,ident = 16} frame#47 (cancelDraw = false)
04-20 20:12:32.312130 20174 20174 I MTKLogger/MainActivity: Receive check existing log folder done message, result=true
04-20 20:12:32.312306 20174 20174 V MTKLogger/MainActivity: isLogExists=true
04-20 20:12:32.312570 20174 20174 V DisplayEventReceiver: call nativeScheduleVsync mReceiverPtr = 548120459328
04-20 20:12:32.312972   231  1738 D SurfaceFlinger: requestNextVsync(20174)
04-20 20:12:32.313320   964   987 V DisplayEventReceiver: call nativeScheduleVsync mReceiverPtr = 548369566784
04-20 20:12:32.313662   231   289 D SurfaceFlinger: postEvent(231, v/c=57931)
04-20 20:12:32.313703   231   269 D SurfaceFlinger: requestNextVsync(964)
04-20 20:12:32.314828   964  8871 D SettingsInterface:  from settings cache , name = sys_storage_threshold_percentage , value = null
04-20 20:12:32.315616   964  8871 D SettingsInterface:  from settings cache , name = sys_storage_threshold_max_bytes , value = null
04-20 20:12:32.315945   231   269 D SurfaceFlinger: requestNextVsync(231)
04-20 20:12:32.320545   231   267 D SurfaceFlinger: requestNextVsync(231)
04-20 20:12:32.322847   964  1670 D AppOps  : noteOperation: allowing code 59 uid 10007 package com.android.providers.media
04-20 20:12:32.323149   964  1670 D AppOps  : noteOperation: allowing code 60 uid 10007 package com.android.providers.media
04-20 20:12:32.323959   964  1670 D SettingsInterface:  from settings cache , name = sys_storage_threshold_percentage , value = null
04-20 20:12:32.324511   964  1670 D SettingsInterface:  from settings cache , name = sys_storage_threshold_max_bytes , value = null
04-20 20:12:32.327263   231   289 D SurfaceFlinger: postEvent(231, v/c=57932)
04-20 20:12:32.327262   231   287 D SurfaceFlinger: postEvent(20174, v/c=72008)
04-20 20:12:32.327484   231   287 D SurfaceFlinger: postEvent(964, v/c=72008)
04-20 20:12:32.328269   964  2088 D AppOps  : noteOperation: allowing code 59 uid 10007 package com.android.providers.media
04-20 20:12:32.328628   964  2088 D AppOps  : noteOperation: allowing code 60 uid 10007 package com.android.providers.media
04-20 20:12:32.329230   964   987 V DisplayEventReceiver: call nativeScheduleVsync mReceiverPtr = 548369566784
04-20 20:12:32.329310   964  2088 D SettingsInterface:  from settings cache , name = sys_storage_threshold_percentage , value = null
04-20 20:12:32.329654   231  1738 D SurfaceFlinger: requestNextVsync(964)
04-20 20:12:32.330158   231  1039 D SurfaceFlinger: requestNextVsync(231)
04-20 20:12:32.330365 20174 20174 V ViewRootImpl: ViewRoot performTraversals+ : mFirst = false, this = ViewRoot{85fa0fe com.mediatek.mtklogger/com.mediatek.mtklogger.MainActivity,ident = 16}
04-20 20:12:32.330617   964  2088 D SettingsInterface:  from settings cache , name = sys_storage_threshold_max_bytes , value = null
04-20 20:12:32.331389 20174 20174 V ViewRootImpl: ViewRoot performTraversals and draw- : mResizeBuffer = null, mResizeAlpha = 0, this = ViewRoot{85fa0fe com.mediatek.mtklogger/com.mediatek.mtklogger.MainActivity,ident = 16} frame#48 (cancelDraw = false)
04-20 20:12:32.333092 22060 22592 V MediaScanner: prescan>>> filePath=/storage/emulated/0/mtklog/mdlog1/MDLog1_2016_0420_195155/file_tree.txt,prescanFiles=true
04-20 20:12:32.336536   231   269 D SurfaceFlinger: requestNextVsync(231)
04-20 20:12:32.338526   964  1843 D AppOps  : noteOperation: allowing code 59 uid 10007 package com.android.providers.media
04-20 20:12:32.338822   964  1843 D AppOps  : noteOperation: allowing code 60 uid 10007 package com.android.providers.media
04-20 20:12:32.339460   964  1843 D SettingsInterface:  from settings cache , name = sys_storage_threshold_percentage , value = null
04-20 20:12:32.339905   964  1843 D SettingsInterface:  from settings cache , name = sys_storage_threshold_max_bytes , value = null
04-20 20:12:32.341228 22060 22592 D SQLiteQueryBuilder: Performing query: SELECT _id, _data, format, date_modified FROM files WHERE (_id>? AND _data=?) ORDER BY _id LIMIT 1000
04-20 20:12:32.342569 22060 22592 V SQLiteCursor: Cursor open object=135339465
04-20 20:12:32.342569 22060 22592 V SQLiteCursor: java.lang.Throwable: stacktrace
04-20 20:12:32.342569 22060 22592 V SQLiteCursor: 	at android.database.sqlite.SQLiteCursor.<init>(SQLiteCursor.java:117)
04-20 20:12:32.342569 22060 22592 V SQLiteCursor: 	at android.database.sqlite.SQLiteDirectCursorDriver.query(SQLiteDirectCursorDriver.java:50)
04-20 20:12:32.342569 22060 22592 V SQLiteCursor: 	at android.database.sqlite.SQLiteDatabase.rawQueryWithFactory(SQLiteDatabase.java:1346)
04-20 20:12:32.342569 22060 22592 V SQLiteCursor: 	at android.database.sqlite.SQLiteQueryBuilder.query(SQLiteQueryBuilder.java:400)
04-20 20:12:32.342569 22060 22592 V SQLiteCursor: 	at android.database.sqlite.SQLiteQueryBuilder.query(SQLiteQueryBuilder.java:333)
04-20 20:12:32.342569 22060 22592 V SQLiteCursor: 	at com.android.providers.media.MediaProvider.query(MediaProvider.java:3070)
04-20 20:12:32.342569 22060 22592 V SQLiteCursor: 	at android.content.ContentProvider.query(ContentProvider.java:1070)
04-20 20:12:32.342569 22060 22592 V SQLiteCursor: 	at android.content.ContentProvider$Transport.query(ContentProvider.java:249)
04-20 20:12:32.342569 22060 22592 V SQLiteCursor: 	at android.media.MediaScanner.prescan(MediaScanner.java:1389)
04-20 20:12:32.342569 22060 22592 V SQLiteCursor: 	at android.media.MediaScanner.scanSingleFile(MediaScanner.java:1742)
04-20 20:12:32.342569 22060 22592 V SQLiteCursor: 	at com.android.providers.media.MediaScannerService.scanFile(MediaScannerService.java:272)
04-20 20:12:32.342569 22060 22592 V SQLiteCursor: 	at com.android.providers.media.MediaScannerService.handleScanSingleFile(MediaScannerService.java:353)
04-20 20:12:32.342569 22060 22592 V SQLiteCursor: 	at com.android.providers.media.MediaScannerService.-wrap2(MediaScannerService.java)
04-20 20:12:32.342569 22060 22592 V SQLiteCursor: 	at com.android.providers.media.MediaScannerService$ServiceHandler.handleMessage(MediaScannerService.java:316)
04-20 20:12:32.342569 22060 22592 V SQLiteCursor: 	at android.os.Handler.dispatchMessage(Handler.java:111)
04-20 20:12:32.342569 22060 22592 V SQLiteCursor: 	at android.os.Looper.loop(Looper.java:207)
04-20 20:12:32.342569 22060 22592 V SQLiteCursor: 	at com.android.providers.media.MediaScannerService.run(MediaScannerService.java:262)
04-20 20:12:32.342569 22060 22592 V SQLiteCursor: 	at java.lang.Thread.run(Thread.java:818)
04-20 20:12:32.343711   231   287 D SurfaceFlinger: postEvent(964, v/c=72009)
04-20 20:12:32.343711   231   289 D SurfaceFlinger: postEvent(231, v/c=57933)
04-20 20:12:32.345551   964   987 V DisplayEventReceiver: call nativeScheduleVsync mReceiverPtr = 548369566784
04-20 20:12:32.345924   231   267 D SurfaceFlinger: requestNextVsync(964)
04-20 20:12:32.346301   231   267 D SurfaceFlinger: requestNextVsync(231)
04-20 20:12:32.346523 22060 22592 I CursorWindowStats: Created a new Cursor. # Open Cursors=1 (# cursors opened by this proc=1)
04-20 20:12:32.347114 22060 22592 V SQLiteStatements: /data/user/0/com.android.providers.media/databases/external.db: "SELECT _id, _data, format, date_modified FROM files WHERE (_id>'-9223372036854775808' AND _data='/storage/emulated/0/mtklog/mdlog1/MDLog1_2016_0420_195155/file_tree.txt') ORDER BY _id LIMIT 1000"
04-20 20:12:32.347519 22060 22592 V SQLiteTime: /data/user/0/com.android.providers.media/databases/external.db: "SELECT _id, _data, format, date_modified FROM files WHERE (_id>? AND _data=?) ORDER BY _id LIMIT 1000" took 1.000 ms
04-20 20:12:32.347779 22060 22592 D SQLiteCursor: received count(*) from native_fill_window: 1
04-20 20:12:32.348461 22060 22592 E MediaScanner: prescan: ErrnoException! path=/storage/emulated/0/mtklog/mdlog1/MDLog1_2016_0420_195155/file_tree.txt
04-20 20:12:32.348723 22060 22592 V SQLiteCursor: Cursor close object=135339465
04-20 20:12:32.351774 22060 22592 D SQLiteQueryBuilder: Performing query: SELECT _id, _data, format, date_modified FROM files WHERE (_id>? AND _data=?) ORDER BY _id LIMIT 1000
04-20 20:12:32.352966 22060 22592 V SQLiteCursor: Cursor open object=148053198
04-20 20:12:32.352966 22060 22592 V SQLiteCursor: java.lang.Throwable: stacktrace
04-20 20:12:32.352966 22060 22592 V SQLiteCursor: 	at android.database.sqlite.SQLiteCursor.<init>(SQLiteCursor.java:117)
04-20 20:12:32.352966 22060 22592 V SQLiteCursor: 	at android.database.sqlite.SQLiteDirectCursorDriver.query(SQLiteDirectCursorDriver.java:50)
04-20 20:12:32.352966 22060 22592 V SQLiteCursor: 	at android.database.sqlite.SQLiteDatabase.rawQueryWithFactory(SQLiteDatabase.java:1346)
04-20 20:12:32.352966 22060 22592 V SQLiteCursor: 	at android.database.sqlite.SQLiteQueryBuilder.query(SQLiteQueryBuilder.java:400)
04-20 20:12:32.352966 22060 22592 V SQLiteCursor: 	at android.database.sqlite.SQLiteQueryBuilder.query(SQLiteQueryBuilder.java:333)
04-20 20:12:32.352966 22060 22592 V SQLiteCursor: 	at com.android.providers.media.MediaProvider.query(MediaProvider.java:3070)
04-20 20:12:32.352966 22060 22592 V SQLiteCursor: 	at android.content.ContentProvider.query(ContentProvider.java:1070)
04-20 20:12:32.352966 22060 22592 V SQLiteCursor: 	at android.content.ContentProvider$Transport.query(ContentProvider.java:249)
04-20 20:12:32.352966 22060 22592 V SQLiteCursor: 	at android.media.MediaScanner.prescan(MediaScanner.java:1389)
04-20 20:12:32.352966 22060 22592 V SQLiteCursor: 	at android.media.MediaScanner.scanSingleFile(MediaScanner.java:1742)
04-20 20:12:32.352966 22060 22592 V SQLiteCursor: 	at com.android.providers.media.MediaScannerService.scanFile(MediaScannerService.java:272)
04-20 20:12:32.352966 22060 22592 V SQLiteCursor: 	at com.android.providers.media.MediaScannerService.handleScanSingleFile(MediaScannerService.java:353)
04-20 20:12:32.352966 22060 22592 V SQLiteCursor: 	at com.android.providers.media.MediaScannerService.-wrap2(MediaScannerService.java)
04-20 20:12:32.352966 22060 22592 V SQLiteCursor: 	at com.android.providers.media.MediaScannerService$ServiceHandler.handleMessage(MediaScannerService.java:316)
04-20 20:12:32.352966 22060 22592 V SQLiteCursor: 	at android.os.Handler.dispatchMessage(Handler.java:111)
04-20 20:12:32.352966 22060 22592 V SQLiteCursor: 	at android.os.Looper.loop(Looper.java:207)
04-20 20:12:32.352966 22060 22592 V SQLiteCursor: 	at com.android.providers.media.MediaScannerService.run(MediaScannerService.java:262)
04-20 20:12:32.352966 22060 22592 V SQLiteCursor: 	at java.lang.Thread.run(Thread.java:818)
04-20 20:12:32.356041 22060 22592 I CursorWindowStats: Created a new Cursor. # Open Cursors=1 (# cursors opened by this proc=1)
04-20 20:12:32.356490 22060 22592 V SQLiteStatements: /data/user/0/com.android.providers.media/databases/external.db: "SELECT _id, _data, format, date_modified FROM files WHERE (_id>'393' AND _data='/storage/emulated/0/mtklog/mdlog1/MDLog1_2016_0420_195155/file_tree.txt') ORDER BY _id LIMIT 1000"
04-20 20:12:32.356719 22060 22592 V SQLiteTime: /data/user/0/com.android.providers.media/databases/external.db: "SELECT _id, _data, format, date_modified FROM files WHERE (_id>? AND _data=?) ORDER BY _id LIMIT 1000" took 0.000 ms
04-20 20:12:32.356936 22060 22592 D SQLiteCursor: received count(*) from native_fill_window: 0
04-20 20:12:32.357039 22060 22592 V SQLiteCursor: Cursor close object=148053198
04-20 20:12:32.359792 22060 22592 V MediaProvider: delete>>>: uri=content://media/external/file?deletedata=false, match=700, userWhere=_id IN (?), whereArgs=[393], caller pid = 22060
04-20 20:12:32.359874   231   287 D SurfaceFlinger: postEvent(964, v/c=72010)
04-20 20:12:32.360004   231   289 D SurfaceFlinger: postEvent(231, v/c=57934)
04-20 20:12:32.360506 22060 22592 V SQLiteStatements: /data/user/0/com.android.providers.media/databases/external.db: "DELETE FROM files WHERE _id IN ('393')"
04-20 20:12:32.360801 22060 22592 V SQLiteStatements: /data/user/0/com.android.providers.media/databases/external.db: "-- TRIGGER files_cleanup"
04-20 20:12:32.361010 22060 22592 D MediaProvider: object removed 393
04-20 20:12:32.361207 22060 22592 V SQLiteStatements: /data/user/0/com.android.providers.media/databases/external.db: "-- TRIGGER audio_playlists_cleanup"
04-20 20:12:32.361681   964   987 V DisplayEventReceiver: call nativeScheduleVsync mReceiverPtr = 548369566784
04-20 20:12:32.362066   231  1039 D SurfaceFlinger: requestNextVsync(964)
04-20 20:12:32.362212   231   313 D SurfaceFlinger: requestNextVsync(231)
04-20 20:12:32.376035   231   289 D SurfaceFlinger: postEvent(231, v/c=57935)
04-20 20:12:32.376034   231   287 D SurfaceFlinger: postEvent(964, v/c=72011)
04-20 20:12:32.377672   964   987 V DisplayEventReceiver: call nativeScheduleVsync mReceiverPtr = 548369566784
04-20 20:12:32.378102   231   269 D SurfaceFlinger: requestNextVsync(964)
04-20 20:12:32.382049 22060 22592 V SQLiteTime: /data/user/0/com.android.providers.media/databases/external.db: "DELETE FROM files WHERE _id IN (?)" took 22.000 ms
04-20 20:12:32.392211   231   287 D SurfaceFlinger: postEvent(964, v/c=72012)
04-20 20:12:32.394422   231  1039 D SurfaceFlinger: requestNextVsync(231)
04-20 20:12:32.396644   231  1738 D SurfaceFlinger: requestNextVsync(231)
04-20 20:12:32.400042   964   987 V DisplayEventReceiver: call nativeScheduleVsync mReceiverPtr = 548369566784
04-20 20:12:32.400327   231   313 D SurfaceFlinger: requestNextVsync(964)
04-20 20:12:32.408288   231   289 D SurfaceFlinger: postEvent(231, v/c=57937)
04-20 20:12:32.408287   231   287 D SurfaceFlinger: postEvent(964, v/c=72013)
04-20 20:12:32.408674   231   231 I BufferQueueConsumer: [](this:0x7f76cf6800,id:565,api:1,p:-1,c:-1) disconnect(C)
04-20 20:12:32.409198   231   231 I BufferQueue: [](this:0x7f76cf6800,id:565,api:1,p:-1,c:-1) ~BufferQueueCore
04-20 20:12:32.409576   231   231 D GraphicBuffer: free, handle(0x7f7cdded60) (w:203 h:729 s:208 f:0x1 u:0x000b00)
04-20 20:12:32.409674   231   231 I [MALI][Gralloc]: [-]hnd(0x7f7cdded60), client(27), share_fd(44)
04-20 20:12:32.425635   964   975 V ContentService: Notifying update of content://media/external for user 0 from observer null, syncToNetwork true
04-20 20:12:32.426395   964   975 V ContentService: Notified android.database.IContentObserver$Stub$Proxy@f6f85e2 of update at content://media/external
04-20 20:12:32.426827   964   975 V ContentService: Notified android.database.IContentObserver$Stub$Proxy@c130d73 of update at content://media/external
04-20 20:12:32.427189   964   975 D SyncManager: one-time sync for: null Bundle[{upload=true}] media
04-20 20:12:32.427290   964   975 V SyncManager: scheduleSync: no accounts configured, dropping
04-20 20:12:32.427697 22060 22592 V MediaProvider: delete<<<: uri=content://media/external/file?deletedata=false, count=1
04-20 20:12:32.428485 22343 22386 V MediaMonitor: Have service call pending
04-20 20:12:32.428775 22060 22592 D SQLiteQueryBuilder: Performing query: SELECT _id FROM images
04-20 20:12:32.430273 22060 22592 V SQLiteCursor: Cursor open object=167655407
04-20 20:12:32.430273 22060 22592 V SQLiteCursor: java.lang.Throwable: stacktrace
04-20 20:12:32.430273 22060 22592 V SQLiteCursor: 	at android.database.sqlite.SQLiteCursor.<init>(SQLiteCursor.java:117)
04-20 20:12:32.430273 22060 22592 V SQLiteCursor: 	at android.database.sqlite.SQLiteDirectCursorDriver.query(SQLiteDirectCursorDriver.java:50)
04-20 20:12:32.430273 22060 22592 V SQLiteCursor: 	at android.database.sqlite.SQLiteDatabase.rawQueryWithFactory(SQLiteDatabase.java:1346)
04-20 20:12:32.430273 22060 22592 V SQLiteCursor: 	at android.database.sqlite.SQLiteQueryBuilder.query(SQLiteQueryBuilder.java:400)
04-20 20:12:32.430273 22060 22592 V SQLiteCursor: 	at android.database.sqlite.SQLiteQueryBuilder.query(SQLiteQueryBuilder.java:333)
04-20 20:12:32.430273 22060 22592 V SQLiteCursor: 	at com.android.providers.media.MediaProvider.query(MediaProvider.java:3070)
04-20 20:12:32.430273 22060 22592 V SQLiteCursor: 	at android.content.ContentProvider.query(ContentProvider.java:1070)
04-20 20:12:32.430273 22060 22592 V SQLiteCursor: 	at android.content.ContentProvider$Transport.query(ContentProvider.java:249)
04-20 20:12:32.430273 22060 22592 V SQLiteCursor: 	at android.media.MediaScanner.prescan(MediaScanner.java:1473)
04-20 20:12:32.430273 22060 22592 V SQLiteCursor: 	at android.media.MediaScanner.scanSingleFile(MediaScanner.java:1742)
04-20 20:12:32.430273 22060 22592 V SQLiteCursor: 	at com.android.providers.media.MediaScannerService.scanFile(MediaScannerService.java:272)
04-20 20:12:32.430273 22060 22592 V SQLiteCursor: 	at com.android.providers.media.MediaScannerService.handleScanSingleFile(MediaScannerService.java:353)
04-20 20:12:32.430273 22060 22592 V SQLiteCursor: 	at com.android.providers.media.MediaScannerService.-wrap2(MediaScannerService.java)
04-20 20:12:32.430273 22060 22592 V SQLiteCursor: 	at com.android.providers.media.MediaScannerService$ServiceHandler.handleMessage(MediaScannerService.java:316)
04-20 20:12:32.430273 22060 22592 V SQLiteCursor: 	at android.os.Handler.dispatchMessage(Handler.java:111)
04-20 20:12:32.430273 22060 22592 V SQLiteCursor: 	at android.os.Looper.loop(Looper.java:207)
04-20 20:12:32.430273 22060 22592 V SQLiteCursor: 	at com.android.providers.media.MediaScannerService.run(MediaScannerService.java:262)
04-20 20:12:32.430273 22060 22592 V SQLiteCursor: 	at java.lang.Thread.run(Thread.java:818)
04-20 20:12:32.431183 22343 22386 V MediaMonitor: Have service call pending
04-20 20:12:32.433751 22060 22592 I CursorWindowStats: Created a new Cursor. # Open Cursors=1 (# cursors opened by this proc=1)
04-20 20:12:32.434176 22060 22592 V SQLiteStatements: /data/user/0/com.android.providers.media/databases/external.db: "SELECT _id FROM images"
04-20 20:12:32.434498 22060 22592 V SQLiteTime: /data/user/0/com.android.providers.media/databases/external.db: "SELECT _id FROM images" took 0.000 ms
04-20 20:12:32.435697 22060 22592 D SQLiteCursor: received count(*) from native_fill_window: 0
04-20 20:12:32.435865 22060 22592 V SQLiteCursor: Cursor close object=167655407
04-20 20:12:32.439150 22060 22592 D SQLiteQueryBuilder: Performing query: SELECT _id FROM video
04-20 20:12:32.440666 22060 22592 V SQLiteCursor: Cursor open object=136499964
04-20 20:12:32.440666 22060 22592 V SQLiteCursor: java.lang.Throwable: stacktrace
04-20 20:12:32.440666 22060 22592 V SQLiteCursor: 	at android.database.sqlite.SQLiteCursor.<init>(SQLiteCursor.java:117)
04-20 20:12:32.440666 22060 22592 V SQLiteCursor: 	at android.database.sqlite.SQLiteDirectCursorDriver.query(SQLiteDirectCursorDriver.java:50)
04-20 20:12:32.440666 22060 22592 V SQLiteCursor: 	at android.database.sqlite.SQLiteDatabase.rawQueryWithFactory(SQLiteDatabase.java:1346)
04-20 20:12:32.440666 22060 22592 V SQLiteCursor: 	at android.database.sqlite.SQLiteQueryBuilder.query(SQLiteQueryBuilder.java:400)
04-20 20:12:32.440666 22060 22592 V SQLiteCursor: 	at android.database.sqlite.SQLiteQueryBuilder.query(SQLiteQueryBuilder.java:333)
04-20 20:12:32.440666 22060 22592 V SQLiteCursor: 	at com.android.providers.media.MediaProvider.query(MediaProvider.java:3070)
04-20 20:12:32.440666 22060 22592 V SQLiteCursor: 	at android.content.ContentProvider.query(ContentProvider.java:1070)
04-20 20:12:32.440666 22060 22592 V SQLiteCursor: 	at android.content.ContentProvider$Transport.query(ContentProvider.java:249)
04-20 20:12:32.440666 22060 22592 V SQLiteCursor: 	at android.media.MediaScanner.prescan(MediaScanner.java:1481)
04-20 20:12:32.440666 22060 22592 V SQLiteCursor: 	at android.media.MediaScanner.scanSingleFile(MediaScanner.java:1742)
04-20 20:12:32.440666 22060 22592 V SQLiteCursor: 	at com.android.providers.media.MediaScannerService.scanFile(MediaScannerService.java:272)
04-20 20:12:32.440666 22060 22592 V SQLiteCursor: 	at com.android.providers.media.MediaScannerService.handleScanSingleFile(MediaScannerService.java:353)
04-20 20:12:32.440666 22060 22592 V SQLiteCursor: 	at com.android.providers.media.MediaScannerService.-wrap2(MediaScannerService.java)
04-20 20:12:32.440666 22060 22592 V SQLiteCursor: 	at com.android.providers.media.MediaScannerService$ServiceHandler.handleMessage(MediaScannerService.java:316)
04-20 20:12:32.440666 22060 22592 V SQLiteCursor: 	at android.os.Handler.dispatchMessage(Handler.java:111)
04-20 20:12:32.440666 22060 22592 V SQLiteCursor: 	at android.os.Looper.loop(Looper.java:207)
04-20 20:12:32.440666 22060 22592 V SQLiteCursor: 	at com.android.providers.media.MediaScannerService.run(MediaScannerService.java:262)
04-20 20:12:32.440666 22060 22592 V SQLiteCursor: 	at java.lang.Thread.run(Thread.java:818)
04-20 20:12:32.443046 22060 22592 I CursorWindowStats: Created a new Cursor. # Open Cursors=1 (# cursors opened by this proc=1)
04-20 20:12:32.443387 22060 22592 V SQLiteStatements: /data/user/0/com.android.providers.media/databases/external.db: "SELECT _id FROM video"
04-20 20:12:32.443823 22060 22592 V SQLiteTime: /data/user/0/com.android.providers.media/databases/external.db: "SELECT _id FROM video" took 0.000 ms
04-20 20:12:32.444074 22060 22592 D SQLiteCursor: received count(*) from native_fill_window: 0
04-20 20:12:32.444179 22060 22592 V SQLiteCursor: Cursor close object=136499964
04-20 20:12:32.447032 22060 22592 D SQLiteQueryBuilder: Performing query: SELECT _id FROM audio
04-20 20:12:32.448233 22060 22592 V SQLiteCursor: Cursor open object=235195781
04-20 20:12:32.448233 22060 22592 V SQLiteCursor: java.lang.Throwable: stacktrace
04-20 20:12:32.448233 22060 22592 V SQLiteCursor: 	at android.database.sqlite.SQLiteCursor.<init>(SQLiteCursor.java:117)
04-20 20:12:32.448233 22060 22592 V SQLiteCursor: 	at android.database.sqlite.SQLiteDirectCursorDriver.query(SQLiteDirectCursorDriver.java:50)
04-20 20:12:32.448233 22060 22592 V SQLiteCursor: 	at android.database.sqlite.SQLiteDatabase.rawQueryWithFactory(SQLiteDatabase.java:1346)
04-20 20:12:32.448233 22060 22592 V SQLiteCursor: 	at android.database.sqlite.SQLiteQueryBuilder.query(SQLiteQueryBuilder.java:400)
04-20 20:12:32.448233 22060 22592 V SQLiteCursor: 	at android.database.sqlite.SQLiteQueryBuilder.query(SQLiteQueryBuilder.java:333)
04-20 20:12:32.448233 22060 22592 V SQLiteCursor: 	at com.android.providers.media.MediaProvider.query(MediaProvider.java:3070)
04-20 20:12:32.448233 22060 22592 V SQLiteCursor: 	at android.content.ContentProvider.query(ContentProvider.java:1070)
04-20 20:12:32.448233 22060 22592 V SQLiteCursor: 	at android.content.ContentProvider$Transport.query(ContentProvider.java:249)
04-20 20:12:32.448233 22060 22592 V SQLiteCursor: 	at android.media.MediaScanner.prescan(MediaScanner.java:1489)
04-20 20:12:32.448233 22060 22592 V SQLiteCursor: 	at android.media.MediaScanner.scanSingleFile(MediaScanner.java:1742)
04-20 20:12:32.448233 22060 22592 V SQLiteCursor: 	at com.android.providers.media.MediaScannerService.scanFile(MediaScannerService.java:272)
04-20 20:12:32.448233 22060 22592 V SQLiteCursor: 	at com.android.providers.media.MediaScannerService.handleScanSingleFile(MediaScannerService.java:353)
04-20 20:12:32.448233 22060 22592 V SQLiteCursor: 	at com.android.providers.media.MediaScannerService.-wrap2(MediaScannerService.java)
04-20 20:12:32.448233 22060 22592 V SQLiteCursor: 	at com.android.providers.media.MediaScannerService$ServiceHandler.handleMessage(MediaScannerService.java:316)
04-20 20:12:32.448233 22060 22592 V SQLiteCursor: 	at android.os.Handler.dispatchMessage(Handler.java:111)
04-20 20:12:32.448233 22060 22592 V SQLiteCursor: 	at android.os.Looper.loop(Looper.java:207)
04-20 20:12:32.448233 22060 22592 V SQLiteCursor: 	at com.android.providers.media.MediaScannerService.run(MediaScannerService.java:262)
04-20 20:12:32.448233 22060 22592 V SQLiteCursor: 	at java.lang.Thread.run(Thread.java:818)
04-20 20:12:32.450746 22060 22592 I CursorWindowStats: Created a new Cursor. # Open Cursors=1 (# cursors opened by this proc=1)
04-20 20:12:32.451090 22060 22592 V SQLiteStatements: /data/user/0/com.android.providers.media/databases/external.db: "SELECT _id FROM audio"
04-20 20:12:32.451307 22060 22592 V SQLiteTime: /data/user/0/com.android.providers.media/databases/external.db: "SELECT _id FROM audio" took 0.000 ms
04-20 20:12:32.451518 22060 22592 D SQLiteCursor: received count(*) from native_fill_window: 0
04-20 20:12:32.451624 22060 22592 V SQLiteCursor: Cursor close object=235195781
04-20 20:12:32.454170 22060 22592 V MediaScanner: prescan<<< imageCount=0,videoCount=0, audioCount=0, lastId=393,isEmpty=false
04-20 20:12:32.454825 22060 22592 E MediaScanner: scanSingleFile: Not exist path=/storage/emulated/0/mtklog/mdlog1/MDLog1_2016_0420_195155/file_tree.txt
04-20 20:12:32.455425 20174 20186 V MediaScannerConnection: Scanning file /storage/emulated/0/mtklog/mdlog1/file_tree.txt
04-20 20:12:32.456144 22060 22072 D MediaScannerService: IMediaScannerService.scanFile: /storage/emulated/0/mtklog/mdlog1/file_tree.txt mimeType: null
04-20 20:12:32.457696 22060 22060 D MediaScannerService: onDestroy
04-20 20:12:32.466358 22060 22060 D MediaScannerService: onCreate: CpuCoreNum = 4, isLowRamDevice = false
04-20 20:12:32.469800   964   975 D AppOps  : noteOperation: allowing code 59 uid 10007 package com.android.providers.media
04-20 20:12:32.470121   964   975 D AppOps  : noteOperation: allowing code 60 uid 10007 package com.android.providers.media
04-20 20:12:32.471029   964   975 D SettingsInterface:  from settings cache , name = sys_storage_threshold_percentage , value = null
04-20 20:12:32.472872   964   975 D StrictMode: handleViolation; policy=6815751
04-20 20:12:32.474864   964   975 D SettingsInterface:  from settings cache , name = sys_storage_threshold_max_bytes , value = null
04-20 20:12:32.475409   964   975 D StrictMode: wrote violations to response parcel; num=1
04-20 20:12:32.476952 22060 22060 D StrictMode: strict mode violation stacks read from binder call.  i=0
04-20 20:12:32.481592 22060 22060 D MediaScannerService: onCreate : mIsThreadPoolEnable = true
04-20 20:12:32.482624 22060 22060 D StrictMode: handleViolation; policy=2621447
04-20 20:12:32.484235 22060 22600 I art     : Waiting for a blocking GC Explicit
04-20 20:12:32.486661 22060 22600 I art     : Starting a blocking GC Explicit
04-20 20:12:32.487709 22060 22069 I StagefrightMediaScanner: StagefrightMediaScanner destructor
04-20 20:12:32.502637 16516 22579 D EMDLOGGER1: Copy DB /system/etc/mddb/BPLGUInfoCustomAppSrcP_MT6735_S00_MOLY_LR9_W1444_MD_LWTG_MP_V79_P9_1_lwg_n to /storage/emulated/0/mtklog/mdlog1/MDLog1_2016_0420_201231/BPLGUInfoCustomAppSrcP_MT6735_S00_MOLY_LR9_W1444_MD_LWTG_MP_V79_P9_1_lwg_n
04-20 20:12:32.508321 22060 22600 I art     : Explicit concurrent mark sweep GC freed 300(15KB) AllocSpace objects, 0(0B) LOS objects, 36% free, 875KB/1387KB, paused 184us total 21.343ms
04-20 20:12:32.515149 22060 22600 V MediaScannerService: service handle finish created
04-20 20:12:32.566880   964 22556 D SettingsInterface:  from settings cache , name = dropbox:system_app_strictmode , value = null
04-20 20:12:32.567146   964 22556 D SettingsInterface:  from settings cache , name = dropbox_age_seconds , value = null
04-20 20:12:32.567332   964 22556 D SettingsInterface:  from settings cache , name = dropbox_max_files , value = null
04-20 20:12:32.567524   964 22556 D SettingsInterface:  from settings cache , name = dropbox_quota_percent , value = null
04-20 20:12:32.567670   964 22556 D SettingsInterface:  from settings cache , name = dropbox_reserve_percent , value = null
04-20 20:12:32.567807   964 22556 D SettingsInterface:  from settings cache , name = dropbox_quota_kb , value = null
04-20 20:12:32.585384   964  1844 D AppOps  : noteOperation: allowing code 59 uid 10007 package com.android.providers.media
