04-20 20:12:30.972472 20174 20199 I MTKLogger/MultiModemLog: Handle receive message, what=1, msg.arg1=[0]
04-20 20:12:30.972904 20174 20199 D MTKLogger/LogInstance: -->getStorageState(), currentLogPathType=internal_sd
04-20 20:12:30.973102 22060 22573 V MediaProvider: delete>>>: uri=content://media/external/file?deletedata=false, match=700, userWhere=_id IN (?), whereArgs=[391], caller pid = 22060
04-20 20:12:30.973117 20174 20199 I MTKLogger/Utils: -->getInternalSdPath()
04-20 20:12:30.974550 22060 22573 V SQLiteStatements: /data/user/0/com.android.providers.media/databases/external.db: "DELETE FROM files WHERE _id IN ('391')"
04-20 20:12:30.974893 22060 22573 V SQLiteStatements: /data/user/0/com.android.providers.media/databases/external.db: "-- TRIGGER files_cleanup"
04-20 20:12:30.975137 22060 22573 D MediaProvider: object removed 391
04-20 20:12:30.975329 22060 22573 V SQLiteStatements: /data/user/0/com.android.providers.media/databases/external.db: "-- TRIGGER audio_playlists_cleanup"
04-20 20:12:30.975818   964  1670 D AppOps  : noteOperation: allowing code 59 uid 10056 package com.mediatek.mtklogger
04-20 20:12:30.976081   964  1670 D AppOps  : noteOperation: allowing code 60 uid 10056 package com.mediatek.mtklogger
04-20 20:12:30.976728   964  1670 D SettingsInterface:  from settings cache , name = sys_storage_threshold_percentage , value = null
04-20 20:12:30.977172   964  1670 D SettingsInterface:  from settings cache , name = sys_storage_threshold_max_bytes , value = null
04-20 20:12:30.977899 20174 20199 I MTKLogger/Utils: /storage/emulated/0 is mounted!
04-20 20:12:30.978145   231   287 D SurfaceFlinger: postEvent(964, v/c=71928)
04-20 20:12:30.978146   231   289 D SurfaceFlinger: postEvent(231, v/c=57851)
04-20 20:12:30.979103 20174 20199 I MTKLogger/Utils: Is emulated and volumeInfo.getId() : emulated
04-20 20:12:30.979234 20174 20199 I MTKLogger/Utils: <--getInternalSdPath() : internalPath = /storage/emulated/0
04-20 20:12:30.979588 20174 20199 V MTKLogger: <--getLogPath(), type=internal_sd, string=/storage/emulated/0
04-20 20:12:30.980126   964   987 V DisplayEventReceiver: call nativeScheduleVsync mReceiverPtr = 548369566784
04-20 20:12:30.980503   231   269 D SurfaceFlinger: requestNextVsync(964)
04-20 20:12:30.980776   231   313 D SurfaceFlinger: requestNextVsync(231)
04-20 20:12:30.982161 22060 22573 V SQLiteTime: /data/user/0/com.android.providers.media/databases/external.db: "DELETE FROM files WHERE _id IN (?)" took 8.000 ms
04-20 20:12:30.983899   964  1844 V ContentService: Notifying update of content://media/external for user 0 from observer null, syncToNetwork true
04-20 20:12:30.983920   964   979 D AppOps  : noteOperation: allowing code 59 uid 10056 package com.mediatek.mtklogger
04-20 20:12:30.984220   964   979 D AppOps  : noteOperation: allowing code 60 uid 10056 package com.mediatek.mtklogger
04-20 20:12:30.984614   964  1844 V ContentService: Notified android.database.IContentObserver$Stub$Proxy@f6f85e2 of update at content://media/external
04-20 20:12:30.984896   964   979 D SettingsInterface:  from settings cache , name = sys_storage_threshold_percentage , value = null
04-20 20:12:30.984971   964  1844 V ContentService: Notified android.database.IContentObserver$Stub$Proxy@c130d73 of update at content://media/external
04-20 20:12:30.985294   964  1844 D SyncManager: one-time sync for: null Bundle[{upload=true}] media
04-20 20:12:30.985394   964  1844 V SyncManager: scheduleSync: no accounts configured, dropping
04-20 20:12:30.985487   964   979 D SettingsInterface:  from settings cache , name = sys_storage_threshold_max_bytes , value = null
04-20 20:12:30.987078 22343 22356 V MediaMonitor: Have service call pending
04-20 20:12:30.987133 22060 22573 V MediaProvider: delete<<<: uri=content://media/external/file?deletedata=false, count=1
04-20 20:12:30.987337 20174 20199 I MTKLogger/Utils: -->getInternalSdPath()
04-20 20:12:30.988515 22060 22573 D SQLiteQueryBuilder: Performing query: SELECT _id FROM images
04-20 20:12:30.990059 22060 22573 V SQLiteCursor: Cursor open object=115143802
04-20 20:12:30.990059 22060 22573 V SQLiteCursor: java.lang.Throwable: stacktrace
04-20 20:12:30.990059 22060 22573 V SQLiteCursor: 	at android.database.sqlite.SQLiteCursor.<init>(SQLiteCursor.java:117)
04-20 20:12:30.990059 22060 22573 V SQLiteCursor: 	at android.database.sqlite.SQLiteDirectCursorDriver.query(SQLiteDirectCursorDriver.java:50)
04-20 20:12:30.990059 22060 22573 V SQLiteCursor: 	at android.database.sqlite.SQLiteDatabase.rawQueryWithFactory(SQLiteDatabase.java:1346)
04-20 20:12:30.990059 22060 22573 V SQLiteCursor: 	at android.database.sqlite.SQLiteQueryBuilder.query(SQLiteQueryBuilder.java:400)
04-20 20:12:30.990059 22060 22573 V SQLiteCursor: 	at android.database.sqlite.SQLiteQueryBuilder.query(SQLiteQueryBuilder.java:333)
04-20 20:12:30.990059 22060 22573 V SQLiteCursor: 	at com.android.providers.media.MediaProvider.query(MediaProvider.java:3070)
04-20 20:12:30.990059 22060 22573 V SQLiteCursor: 	at android.content.ContentProvider.query(ContentProvider.java:1070)
04-20 20:12:30.990059 22060 22573 V SQLiteCursor: 	at android.content.ContentProvider$Transport.query(ContentProvider.java:249)
04-20 20:12:30.990059 22060 22573 V SQLiteCursor: 	at android.media.MediaScanner.prescan(MediaScanner.java:1473)
04-20 20:12:30.990059 22060 22573 V SQLiteCursor: 	at android.media.MediaScanner.scanSingleFile(MediaScanner.java:1742)
04-20 20:12:30.990059 22060 22573 V SQLiteCursor: 	at com.android.providers.media.MediaScannerService.scanFile(MediaScannerService.java:272)
04-20 20:12:30.990059 22060 22573 V SQLiteCursor: 	at com.android.providers.media.MediaScannerService.handleScanSingleFile(MediaScannerService.java:353)
04-20 20:12:30.990059 22060 22573 V SQLiteCursor: 	at com.android.providers.media.MediaScannerService.-wrap2(MediaScannerService.java)
04-20 20:12:30.990059 22060 22573 V SQLiteCursor: 	at com.android.providers.media.MediaScannerService$ServiceHandler.handleMessage(MediaScannerService.java:316)
04-20 20:12:30.990059 22060 22573 V SQLiteCursor: 	at android.os.Handler.dispatchMessage(Handler.java:111)
04-20 20:12:30.990059 22060 22573 V SQLiteCursor: 	at android.os.Looper.loop(Looper.java:207)
04-20 20:12:30.990059 22060 22573 V SQLiteCursor: 	at com.android.providers.media.MediaScannerService.run(MediaScannerService.java:262)
04-20 20:12:30.990059 22060 22573 V SQLiteCursor: 	at java.lang.Thread.run(Thread.java:818)
04-20 20:12:30.991235 22343 22356 V MediaMonitor: Have service call pending
04-20 20:12:30.991952   964   976 D AppOps  : noteOperation: allowing code 59 uid 10056 package com.mediatek.mtklogger
04-20 20:12:30.992213   964   976 D AppOps  : noteOperation: allowing code 60 uid 10056 package com.mediatek.mtklogger
04-20 20:12:30.992861   964   976 D SettingsInterface:  from settings cache , name = sys_storage_threshold_percentage , value = null
04-20 20:12:30.993171 22060 22573 I CursorWindowStats: Created a new Cursor. # Open Cursors=1 (# cursors opened by this proc=1)
04-20 20:12:30.993344   964   976 D SettingsInterface:  from settings cache , name = sys_storage_threshold_max_bytes , value = null
04-20 20:12:30.993728 22060 22573 V SQLiteStatements: /data/user/0/com.android.providers.media/databases/external.db: "SELECT _id FROM images"
04-20 20:12:30.994081 22060 22573 V SQLiteTime: /data/user/0/com.android.providers.media/databases/external.db: "SELECT _id FROM images" took 1.000 ms
04-20 20:12:30.994344 22060 22573 D SQLiteCursor: received count(*) from native_fill_window: 0
04-20 20:12:30.994348 20174 20199 I MTKLogger/Utils: /storage/emulated/0 is mounted!
04-20 20:12:30.994415   231   287 D SurfaceFlinger: postEvent(964, v/c=71929)
04-20 20:12:30.994501 22060 22573 V SQLiteCursor: Cursor close object=115143802
04-20 20:12:30.994556   231   289 D SurfaceFlinger: postEvent(231, v/c=57852)
04-20 20:12:30.995737 20174 20199 I MTKLogger/Utils: Is emulated and volumeInfo.getId() : emulated
04-20 20:12:30.995892 20174 20199 I MTKLogger/Utils: <--getInternalSdPath() : internalPath = /storage/emulated/0
04-20 20:12:30.996154 20174 20199 V MTKLogger: <--getLogPath(), type=internal_sd, string=/storage/emulated/0
04-20 20:12:30.996810   964   987 V DisplayEventReceiver: call nativeScheduleVsync mReceiverPtr = 548369566784
04-20 20:12:30.997254 20174 20199 D MTKLogger: -->getAvailableStorageSize(), path=/storage/emulated/0, size=11797MB
04-20 20:12:30.997377 20174 20199 D MTKLogger/LogInstance: <--getStorageState(), storage is ready for log capture.
04-20 20:12:30.997389   231   267 D SurfaceFlinger: requestNextVsync(964)
04-20 20:12:30.997635 20174 20199 I MTKLogger/Utils: -->getInternalSdPath()
04-20 20:12:30.997650   231   267 D SurfaceFlinger: requestNextVsync(231)
04-20 20:12:30.999515 22060 22573 D SQLiteQueryBuilder: Performing query: SELECT _id FROM video
04-20 20:12:31.000720 22060 22573 V SQLiteCursor: Cursor open object=250442795
04-20 20:12:31.000720 22060 22573 V SQLiteCursor: java.lang.Throwable: stacktrace
04-20 20:12:31.000720 22060 22573 V SQLiteCursor: 	at android.database.sqlite.SQLiteCursor.<init>(SQLiteCursor.java:117)
04-20 20:12:31.000720 22060 22573 V SQLiteCursor: 	at android.database.sqlite.SQLiteDirectCursorDriver.query(SQLiteDirectCursorDriver.java:50)
04-20 20:12:31.000720 22060 22573 V SQLiteCursor: 	at android.database.sqlite.SQLiteDatabase.rawQueryWithFactory(SQLiteDatabase.java:1346)
04-20 20:12:31.000720 22060 22573 V SQLiteCursor: 	at android.database.sqlite.SQLiteQueryBuilder.query(SQLiteQueryBuilder.java:400)
04-20 20:12:31.000720 22060 22573 V SQLiteCursor: 	at android.database.sqlite.SQLiteQueryBuilder.query(SQLiteQueryBuilder.java:333)
04-20 20:12:31.000720 22060 22573 V SQLiteCursor: 	at com.android.providers.media.MediaProvider.query(MediaProvider.java:3070)
04-20 20:12:31.000720 22060 22573 V SQLiteCursor: 	at android.content.ContentProvider.query(ContentProvider.java:1070)
04-20 20:12:31.000720 22060 22573 V SQLiteCursor: 	at android.content.ContentProvider$Transport.query(ContentProvider.java:249)
04-20 20:12:31.000720 22060 22573 V SQLiteCursor: 	at android.media.MediaScanner.prescan(MediaScanner.java:1481)
04-20 20:12:31.000720 22060 22573 V SQLiteCursor: 	at android.media.MediaScanner.scanSingleFile(MediaScanner.java:1742)
04-20 20:12:31.000720 22060 22573 V SQLiteCursor: 	at com.android.providers.media.MediaScannerService.scanFile(MediaScannerService.java:272)
04-20 20:12:31.000720 22060 22573 V SQLiteCursor: 	at com.android.providers.media.MediaScannerService.handleScanSingleFile(MediaScannerService.java:353)
04-20 20:12:31.000720 22060 22573 V SQLiteCursor: 	at com.android.providers.media.MediaScannerService.-wrap2(MediaScannerService.java)
04-20 20:12:31.000720 22060 22573 V SQLiteCursor: 	at com.android.providers.media.MediaScannerService$ServiceHandler.handleMessage(MediaScannerService.java:316)
04-20 20:12:31.000720 22060 22573 V SQLiteCursor: 	at android.os.Handler.dispatchMessage(Handler.java:111)
04-20 20:12:31.000720 22060 22573 V SQLiteCursor: 	at android.os.Looper.loop(Looper.java:207)
04-20 20:12:31.000720 22060 22573 V SQLiteCursor: 	at com.android.providers.media.MediaScannerService.run(MediaScannerService.java:262)
04-20 20:12:31.000720 22060 22573 V SQLiteCursor: 	at java.lang.Thread.run(Thread.java:818)
04-20 20:12:31.001184   964  1663 D AppOps  : noteOperation: allowing code 59 uid 10056 package com.mediatek.mtklogger
04-20 20:12:31.001468   964  1663 D AppOps  : noteOperation: allowing code 60 uid 10056 package com.mediatek.mtklogger
04-20 20:12:31.002750   964  1663 D SettingsInterface:  from settings cache , name = sys_storage_threshold_percentage , value = null
04-20 20:12:31.003705   964  1663 D SettingsInterface:  from settings cache , name = sys_storage_threshold_max_bytes , value = null
04-20 20:12:31.004232 22060 22573 I CursorWindowStats: Created a new Cursor. # Open Cursors=1 (# cursors opened by this proc=1)
04-20 20:12:31.004793 22060 22573 V SQLiteStatements: /data/user/0/com.android.providers.media/databases/external.db: "SELECT _id FROM video"
04-20 20:12:31.004874 20174 20199 I MTKLogger/Utils: /storage/emulated/0 is mounted!
04-20 20:12:31.005141 22060 22573 V SQLiteTime: /data/user/0/com.android.providers.media/databases/external.db: "SELECT _id FROM video" took 1.000 ms
04-20 20:12:31.005475 22060 22573 D SQLiteCursor: received count(*) from native_fill_window: 0
04-20 20:12:31.005607 22060 22573 V SQLiteCursor: Cursor close object=250442795
04-20 20:12:31.006299 20174 20199 I MTKLogger/Utils: Is emulated and volumeInfo.getId() : emulated
04-20 20:12:31.006425 20174 20199 I MTKLogger/Utils: <--getInternalSdPath() : internalPath = /storage/emulated/0
04-20 20:12:31.006673 20174 20199 V MTKLogger: <--getLogPath(), type=internal_sd, string=/storage/emulated/0
04-20 20:12:31.006925 20174 20199 I MTKLogger/LogConnection: -->send cmd: [set_storage_path,/storage/emulated/0] to [com.mediatek.mdlogger.socket1]
04-20 20:12:31.007021 20174 20199 D MTKLogger/LogConnection: Command builder success
04-20 20:12:31.007310 16516 16519 D EMDLOGGER1: mdlogger select done
04-20 20:12:31.007434 16516 16519 D EMDLOGGER1: mdlogger begin handle Socket command
04-20 20:12:31.007536 16516 16519 I EMDLOGGER1: mdlogger receive command set_storage_path,/storage/emulated/0
04-20 20:12:31.008506 16516 16519 I EMDLOGGER1: mdlogger send ACK set_storage_path,/storage/emulated/0,1
04-20 20:12:31.008588 16516 16519 D EMDLOGGER1: mdlogger socket select start
04-20 20:12:31.008681 20174 20201 V MTKLogger/LogConnection: Response from native byte size=38
04-20 20:12:31.008887 20174 20201 I MTKLogger/MultiModemLog: -->dealWithResponse(), resp=set_storage_path,/storage/emulated/0,1
04-20 20:12:31.009335 22060 22573 D SQLiteQueryBuilder: Performing query: SELECT _id FROM audio
04-20 20:12:31.010420 22060 22573 V SQLiteCursor: Cursor open object=146915464
04-20 20:12:31.010420 22060 22573 V SQLiteCursor: java.lang.Throwable: stacktrace
04-20 20:12:31.010420 22060 22573 V SQLiteCursor: 	at android.database.sqlite.SQLiteCursor.<init>(SQLiteCursor.java:117)
04-20 20:12:31.010420 22060 22573 V SQLiteCursor: 	at android.database.sqlite.SQLiteDirectCursorDriver.query(SQLiteDirectCursorDriver.java:50)
04-20 20:12:31.010420 22060 22573 V SQLiteCursor: 	at android.database.sqlite.SQLiteDatabase.rawQueryWithFactory(SQLiteDatabase.java:1346)
04-20 20:12:31.010420 22060 22573 V SQLiteCursor: 	at android.database.sqlite.SQLiteQueryBuilder.query(SQLiteQueryBuilder.java:400)
04-20 20:12:31.010420 22060 22573 V SQLiteCursor: 	at android.database.sqlite.SQLiteQueryBuilder.query(SQLiteQueryBuilder.java:333)
04-20 20:12:31.010420 22060 22573 V SQLiteCursor: 	at com.android.providers.media.MediaProvider.query(MediaProvider.java:3070)
04-20 20:12:31.010420 22060 22573 V SQLiteCursor: 	at android.content.ContentProvider.query(ContentProvider.java:1070)
04-20 20:12:31.010420 22060 22573 V SQLiteCursor: 	at android.content.ContentProvider$Transport.query(ContentProvider.java:249)
04-20 20:12:31.010420 22060 22573 V SQLiteCursor: 	at android.media.MediaScanner.prescan(MediaScanner.java:1489)
04-20 20:12:31.010420 22060 22573 V SQLiteCursor: 	at android.media.MediaScanner.scanSingleFile(MediaScanner.java:1742)
04-20 20:12:31.010420 22060 22573 V SQLiteCursor: 	at com.android.providers.media.MediaScannerService.scanFile(MediaScannerService.java:272)
04-20 20:12:31.010420 22060 22573 V SQLiteCursor: 	at com.android.providers.media.MediaScannerService.handleScanSingleFile(MediaScannerService.java:353)
04-20 20:12:31.010420 22060 22573 V SQLiteCursor: 	at com.android.providers.media.MediaScannerService.-wrap2(MediaScannerService.java)
04-20 20:12:31.010420 22060 22573 V SQLiteCursor: 	at com.android.providers.media.MediaScannerService$ServiceHandler.handleMessage(MediaScannerService.java:316)
04-20 20:12:31.010420 22060 22573 V SQLiteCursor: 	at android.os.Handler.dispatchMessage(Handler.java:111)
04-20 20:12:31.010420 22060 22573 V SQLiteCursor: 	at android.os.Looper.loop(Looper.java:207)
04-20 20:12:31.010420 22060 22573 V SQLiteCursor: 	at com.android.providers.media.MediaScannerService.run(MediaScannerService.java:262)
04-20 20:12:31.010420 22060 22573 V SQLiteCursor: 	at java.lang.Thread.run(Thread.java:818)
04-20 20:12:31.010683   231   289 D SurfaceFlinger: postEvent(231, v/c=57853)
04-20 20:12:31.010685   231   287 D SurfaceFlinger: postEvent(964, v/c=71930)
04-20 20:12:31.012597   964   987 V DisplayEventReceiver: call nativeScheduleVsync mReceiverPtr = 548369566784
04-20 20:12:31.013019   231   269 D SurfaceFlinger: requestNextVsync(964)
04-20 20:12:31.013158   231   313 D SurfaceFlinger: requestNextVsync(231)
04-20 20:12:31.014133 22060 22573 I CursorWindowStats: Created a new Cursor. # Open Cursors=1 (# cursors opened by this proc=1)
04-20 20:12:31.014636 22060 22573 V SQLiteStatements: /data/user/0/com.android.providers.media/databases/external.db: "SELECT _id FROM audio"
04-20 20:12:31.014898 22060 22573 V SQLiteTime: /data/user/0/com.android.providers.media/databases/external.db: "SELECT _id FROM audio" took 0.000 ms
04-20 20:12:31.015212 22060 22573 D SQLiteCursor: received count(*) from native_fill_window: 0
04-20 20:12:31.015325 22060 22573 V SQLiteCursor: Cursor close object=146915464
04-20 20:12:31.017514 20174 20199 I MTKLogger/LogConnection: <--send cmd done : [set_storage_path,/storage/emulated/0] to [com.mediatek.mdlogger.socket1]
04-20 20:12:31.017827 20174 20199 D MTKLogger/MultiModemLog/ModemManager: <--sendCmd(), cmd=set_storage_path,/storage/emulated/0, result=true
04-20 20:12:31.017926 20174 20199 W MTKLogger/MultiModemLog: Start command come from UI, change log auto start to true at the same time
04-20 20:12:31.017931 22060 22573 V MediaScanner: prescan<<< imageCount=0,videoCount=0, audioCount=0, lastId=391,isEmpty=false
04-20 20:12:31.018473 20174 20199 D MTKLogger/MultiModemLog: Utils.getModemSize(), 1
04-20 20:12:31.018775 20174 20199 I MTKLogger/LogConnection: -->send cmd: [deep_start,2,2] to [com.mediatek.mdlogger.socket1]
04-20 20:12:31.018923 20174 20199 D MTKLogger/LogConnection: Command builder success
04-20 20:12:31.019371 22060 22573 E MediaScanner: scanSingleFile: Not exist path=/storage/emulated/0/mtklog/mdlog1/MDLog1_2016_0420_195155/version_info.txt
04-20 20:12:31.019385 16516 16519 D EMDLOGGER1: mdlogger select done
04-20 20:12:31.019639 16516 16519 D EMDLOGGER1: mdlogger begin handle Socket command
04-20 20:12:31.019756 16516 16519 I EMDLOGGER1: mdlogger receive command deep_start,2,2
04-20 20:12:31.019906 16516 16519 D EMDLOGGER1: Handle request: deep start and set auto start.
04-20 20:12:31.020690 20174 20186 V MediaScannerConnection: Scanning file /storage/emulated/0/mtklog/mdlog1/MDLog1_2016_0420_195155/BPLGUInfoCustomAppSrcP_MT6735_S00_MOLY_LR9_W1444_MD_LWTG_MP_V79_P9_1_lwg_n.tmp
04-20 20:12:31.025079 22060 22078 D MediaScannerService: IMediaScannerService.scanFile: /storage/emulated/0/mtklog/mdlog1/MDLog1_2016_0420_195155/BPLGUInfoCustomAppSrcP_MT6735_S00_MOLY_LR9_W1444_MD_LWTG_MP_V79_P9_1_lwg_n.tmp mimeType: null
04-20 20:12:31.025643 22060 22060 D MediaScannerService: onDestroy
04-20 20:12:31.027458   231   289 D SurfaceFlinger: postEvent(231, v/c=57854)
04-20 20:12:31.027458   231   287 D SurfaceFlinger: postEvent(964, v/c=71931)
04-20 20:12:31.029319   964   987 V DisplayEventReceiver: call nativeScheduleVsync mReceiverPtr = 548369566784
04-20 20:12:31.030091 20174 20199 I MTKLogger/LogConnection: <--send cmd done : [deep_start,2,2] to [com.mediatek.mdlogger.socket1]
04-20 20:12:31.030281   231  1039 D SurfaceFlinger: requestNextVsync(964)
04-20 20:12:31.030305 20174 20199 D MTKLogger/MultiModemLog/ModemManager: <--sendCmd(), cmd=deep_start,2,2, result=true
04-20 20:12:31.030337   231   267 D SurfaceFlinger: requestNextVsync(231)
04-20 20:12:31.030378 20174 20199 D MTKLogger/MultiModemLog: After sending start command, wait native's resp, not treat it as successfully directly
04-20 20:12:31.030476 20174 20199 D MTKLogger/MultiModemLog: StartStopC2KLoggerService isStart ? true
04-20 20:12:31.030594 20174 20199 D MTKLogger/MultiModemLog: The md3 is not support, so it is not support C2KModem!
04-20 20:12:31.030784 20174 20199 I MTKLogger/MultiModemLog: Handle receive message, what=0, msg.arg1=[9]
04-20 20:12:31.030903 20174 20199 W MTKLogger/MultiModemLog: Not supported message: 0
04-20 20:12:31.034423 16516 16519 D EMDLOGGER1: Set auto start mode: 2
04-20 20:12:31.034535 16516 16519 I EMDLOGGER1: MDL: START Logging, mode=2
04-20 20:12:31.034587 16516 16519 D EMDLOGGER1: startMDLogging: no mode change, resume
04-20 20:12:31.034651 16516 16519 I EMDLOGGER1: MDL: RESUME Logging
04-20 20:12:31.034726 16516 16519 D EMDLOGGER1: MDCommEngine.resume:start
04-20 20:12:31.034785 16516 16519 D EMDLOGGER1: LogWriter: Logging is resumed
04-20 20:12:31.034827 16516 16519 I EMDLOGGER1: init Cather BinPath.
04-20 20:12:31.035186 16516 16519 D EMDLOGGER1: Normal Mode 0
04-20 20:12:31.036693 16516 16519 I EMDLOGGER1: get sd config path from Log2SD property is internal_sd.
04-20 20:12:31.036846 16516 16519 D EMDLOGGER1: Get SDSwap internal real Path none
04-20 20:12:31.037867 16516 16519 D EMDLOGGER1: SD_LOG_ROOT is /storage/emulated/0/mtklog/mdlog1.
04-20 20:12:31.038038 16516 16519 I EMDLOGGER1: MAL_GetModemSuffix: begin
04-20 20:12:31.038118 16516 16519 D EMDLOGGER1: CATCHER_FILTER_PATH: /storage/emulated/0/mtklog/mdlog1_config/catcher_filter_1_lwg_n.bin
04-20 20:12:31.038175 16516 16519 I EMDLOGGER1: Creating compressor thread
04-20 20:12:31.038241 16516 16519 W EMDLOGGER1: startCompressBufWriterThread: already started!
04-20 20:12:31.038291 16516 16519 D EMDLOGGER1: Create log file on SD card
04-20 20:12:31.040213 16516 16519 D EMDLOGGER1: Success to create log folder /storage/emulated/0/mtklog/mdlog1/MDLog1_2016_0420_201231
04-20 20:12:31.040312 16516 16519 D EMDLOGGER1: Generate log folder tree file, isFolderTrue:1, isNewCreat:0
04-20 20:12:31.041716 20174 20613 D OpenGLRenderer: ~CanvasContext() 0x7f9cbd3800
04-20 20:12:31.041749 16516 16519 D EMDLOGGER1: File /storage/emulated/0/mtklog/mdlog1/file_tree.txt open.
04-20 20:12:31.041844 20174 20613 D OpenGLRenderer: Flushing caches (mode 0)
04-20 20:12:31.041876 16516 16519 D EMDLOGGER1: Success to write file tree file.
04-20 20:12:31.042364 16516 16519 D EMDLOGGER1: Move Modem db file to SD folder
04-20 20:12:31.042749 22060 22060 D MediaScannerService: onCreate: CpuCoreNum = 4, isLowRamDevice = false
04-20 20:12:31.043073 16516 22579 D EMDLOGGER1: Copy ExtModem DB start.
04-20 20:12:31.043214   231   289 D SurfaceFlinger: postEvent(231, v/c=57855)
04-20 20:12:31.043219 20174 20613 D OpenGLRenderer: ~CanvasContext() 0x7f9bd82000
04-20 20:12:31.043232   231   287 D SurfaceFlinger: postEvent(964, v/c=71932)
04-20 20:12:31.043311 20174 20613 D OpenGLRenderer: Flushing caches (mode 0)
04-20 20:12:31.043598 16516 16519 I EMDLOGGER1: Set name mdl_cp_filter for thread(9bc7f440)
04-20 20:12:31.043664 16516 16519 I EMDLOGGER1: Set detach  mdl_cp_filter for thread(9bc7f440)
04-20 20:12:31.043711 16516 16519 D EMDLOGGER1: Generate version file
04-20 20:12:31.044794 16516 22579 I EMDLOGGER1: MAL_GetModemSuffix: begin
04-20 20:12:31.044910 16516 22579 D EMDLOGGER1:  MD DB md2_posfix BPLGUInfoCustomAppSrcP_MT6735_S00_MOLY_LR9_W1444_MD_LWTG_MP_V79_P9_1_lwg_n
04-20 20:12:31.045195   964   987 V DisplayEventReceiver: call nativeScheduleVsync mReceiverPtr = 548369566784
04-20 20:12:31.047430 20174 20613 D OpenGLRenderer: ~CanvasContext() 0x7f9cbd0000
04-20 20:12:31.047537 20174 20613 D OpenGLRenderer: Flushing caches (mode 0)
04-20 20:12:31.048424 16516 16519 D EMDLOGGER1: File /storage/emulated/0/mtklog/mdlog1/MDLog1_2016_0420_201231/version_info.txt open.
04-20 20:12:31.048619 16516 16519 D EMDLOGGER1: MAL_GetModemVersion: 0
04-20 20:12:31.048748 16516 16519 D EMDLOGGER1: getGsmVersionBaseband(legacy): MD idx is 1
04-20 20:12:31.048821 16516 16519 D EMDLOGGER1: Modem Version: MOLY.LR9.W1444.MD.LWTG.MP.V79.P9, 2016/04/06 16:37
04-20 20:12:31.048869 16516 16519 D EMDLOGGER1: Android Version: alps-mp-m0.mp1-V2.39.1_jhz6735.65u.vf.m
04-20 20:12:31.048911 16516 16519 D EMDLOGGER1: getGsmProjectBaseband: MD idx is 1
04-20 20:12:31.048952 16516 16519 D EMDLOGGER1: Project Version: JHZ6735_65T_VF_M_HW(LWG_DSDS)
04-20 20:12:31.049139 16516 16519 D EMDLOGGER1: Success to write version file.
04-20 20:12:31.049464   231   269 D SurfaceFlinger: requestNextVsync(964)
04-20 20:12:31.049741   231  1039 D SurfaceFlinger: requestNextVsync(231)
04-20 20:12:31.050040   345 22575 I MobileLogD/dupm: dump /data/misc/mblog/mblog_config
04-20 20:12:31.053868 16516 16519 D EMDLOGGER1: Open log file /storage/emulated/0/mtklog/mdlog1/MDLog1_2016_0420_201231/MDLog1_2016_0420_201231.muxz.tmp.
04-20 20:12:31.058574 16516 16519 D EMDLOGGER1: Create log files: All 1 log files have been created.
04-20 20:12:31.058680 16516 16519 D EMDLOGGER1: Generate log folder tree file, isFolderTrue:0, isNewCreat:0
04-20 20:12:31.058726 22060 22069 I StagefrightMediaScanner: StagefrightMediaScanner destructor
04-20 20:12:31.059438   231   289 D SurfaceFlinger: postEvent(231, v/c=57856)
04-20 20:12:31.059471   231   287 D SurfaceFlinger: postEvent(964, v/c=71933)
04-20 20:12:31.061514   964   987 V DisplayEventReceiver: call nativeScheduleVsync mReceiverPtr = 548369566784
04-20 20:12:31.061915   231   267 D SurfaceFlinger: requestNextVsync(964)
04-20 20:12:31.062217   231   267 D SurfaceFlinger: requestNextVsync(231)
04-20 20:12:31.065231   964   976 D AppOps  : noteOperation: allowing code 59 uid 10007 package com.android.providers.media
04-20 20:12:31.065559   964   976 D AppOps  : noteOperation: allowing code 60 uid 10007 package com.android.providers.media
04-20 20:12:31.066302   964   976 D SettingsInterface:  from settings cache , name = sys_storage_threshold_percentage , value = null
04-20 20:12:31.066640 16516 16519 D EMDLOGGER1: File /storage/emulated/0/mtklog/mdlog1/MDLog1_2016_0420_201231/file_tree.txt open.
04-20 20:12:31.066761 16516 16519 D EMDLOGGER1: Success to write file tree file.
04-20 20:12:31.068963   964   976 D StrictMode: handleViolation; policy=6815751
04-20 20:12:31.069903 16516 16519 D EMDLOGGER1: MAL_OnLoggingResume
04-20 20:12:31.070181 16516 16519 I EMDLOGGER1: mdlog_reader_thread resume, opening log port
04-20 20:12:31.070241 16516 16519 D EMDLOGGER1: eemcs_port_open: port /dev/ttyC1
04-20 20:12:31.070306   964   976 D SettingsInterface:  from settings cache , name = sys_storage_threshold_max_bytes , value = null
04-20 20:12:31.070499 16516 16519 D EMDLOGGER1: MAL_OnLoggingResume: md_log port opened
04-20 20:12:31.070549 16516 16519 D EMDLOGGER1: MAL_OnLoggingStart: Send SPLM_A2M_AP_LOGGING_IS_READY
04-20 20:12:31.070606 16516 16519 I EMDLOGGER1: splm_send_req: msg=0, plen=4, token=12, retry=5
04-20 20:12:31.070916   964   976 D StrictMode: wrote violations to response parcel; num=1
04-20 20:12:31.071554   964  1059 D PerfServiceManager: [PerfService] MESSAGE_TIMEOUT:105 
04-20 20:12:31.072038   964  1059 I libPerfService: 5: set: 1
04-20 20:12:31.072305   964  1059 I libPerfService: 5: set freq: 0
04-20 20:12:31.072375   964  1059 I libPerfService: 5: set vcore level: 0
04-20 20:12:31.073168   964  1059 D PerfServiceManager: [PerfService] set utilization:0.8 
04-20 20:12:31.074622 22060 22060 D StrictMode: strict mode violation stacks read from binder call.  i=0
04-20 20:12:31.075790   231   289 D SurfaceFlinger: postEvent(231, v/c=57857)
04-20 20:12:31.075983   231   287 D SurfaceFlinger: postEvent(964, v/c=71934)
04-20 20:12:31.077356 22060 22580 I art     : Starting a blocking GC Explicit
04-20 20:12:31.078096   964   987 V DisplayEventReceiver: call nativeScheduleVsync mReceiverPtr = 548369566784
04-20 20:12:31.078913   231   313 D SurfaceFlinger: requestNextVsync(964)
04-20 20:12:31.079046   231   269 D SurfaceFlinger: requestNextVsync(231)
04-20 20:12:31.080047 16516 16518 D EMDLOGGER1: CTRL_reader: incoming SPLM req, msgid=6, token=0, result=0
04-20 20:12:31.080158 16516 16518 I EMDLOGGER1: [MDLOG] Recv LOGGING_IS_READY_V2 (0)! EARLY_LOG (0) PAUSED (1)
04-20 20:12:31.080222 16516 16518 D EMDLOGGER1: CTRL_reader: incoming SPLM req, msgid=6, token=0, result=0
04-20 20:12:31.080263 16516 16518 I EMDLOGGER1: [MDLOG] [MD] Set Logging Mode to SD Card Logging Mode!
04-20 20:12:31.080317 16516 16518 I EMDLOGGER1: CTRL reader: got response, msgid=0 token=12 result=1
04-20 20:12:31.080978 16516 16518 D EMDLOGGER1: CTRL_reader: incoming SPLM req, msgid=6, token=0, result=0
04-20 20:12:31.081047 16516 16518 I EMDLOGGER1: [MDLOG] [SD] Set TOOL_CONNECT to True!
04-20 20:12:31.081406 16516 17485 I EMDLOGGER1: thrMDLogReader: resume from pause state
04-20 20:12:31.081808 16516 16519 I EMDLOGGER1: Set name mdl_seek_filter for thread(9af7f440)
04-20 20:12:31.081861 16516 16519 I EMDLOGGER1: Set detach  mdl_seek_filter for thread(9af7f440)
04-20 20:12:31.082106 16516 17486 I EMDLOGGER1: thrMDLogWriter: resume from pause state
04-20 20:12:31.082560 16516 22581 I EMDLOGGER1: Detect filter thread started!
04-20 20:12:31.083741 16516 16519 D EMDLOGGER1: setproperty debug.mdlogger.Running: 1.
04-20 20:12:31.083850 16516 16519 D EMDLOGGER1: MDCommEngine.resume: done.
04-20 20:12:31.083897 16516 16519 I EMDLOGGER1: Need create log recycle thread.
04-20 20:12:31.084599 16516 16519 I EMDLOGGER1: Set name mdl_recycle for thread(9ae3f440)
04-20 20:12:31.084703 16516 16519 I EMDLOGGER1: Set detach  mdl_recycle for thread(9ae3f440)
04-20 20:12:31.084749 16516 16519 D EMDLOGGER1: resumeLogging: MD engine success to resume log.
04-20 20:12:31.084917 16516 16519 I EMDLOGGER1: mdlogger send ACK deep_start,2,2,1
04-20 20:12:31.084959 16516 22582 I EMDLOGGER1: start Logging Recycle Thread
04-20 20:12:31.084967 16516 16519 D EMDLOGGER1: mdlogger socket select start
04-20 20:12:31.085018 16516 22582 I EMDLOGGER1: start Logging Recycle
04-20 20:12:31.085362 20174 20201 V MTKLogger/LogConnection: Response from native byte size=16
04-20 20:12:31.085767 20174 20201 I MTKLogger/MultiModemLog: -->dealWithResponse(), resp=deep_start,2,2,1
04-20 20:12:31.086335 20174 20199 I MTKLogger/MultiModemLog: Handle receive message, what=25, msg.arg1=[9]
04-20 20:12:31.086640 20174 20199 D MTKLogger/MultiModemLog: Got an update event, new state = 1, reason=null
04-20 20:12:31.086777 20174 20199 I MTKLogger/MultiModemLog: -->notifyServiceStatus(), status=1,  reason=[]
04-20 20:12:31.087815 22060 22060 D MediaScannerService: onCreate : mIsThreadPoolEnable = true
04-20 20:12:31.091962 16516 22582 D EMDLOGGER1: Get recycle size: 2000 M
04-20 20:12:31.092041   231   289 D SurfaceFlinger: postEvent(231, v/c=57858)
04-20 20:12:31.092196   231   287 D SurfaceFlinger: postEvent(964, v/c=71935)
04-20 20:12:31.092317 22060 22060 D StrictMode: handleViolation; policy=2621447
04-20 20:12:31.094344   964   987 V DisplayEventReceiver: call nativeScheduleVsync mReceiverPtr = 548369566784
04-20 20:12:31.094790   231  1738 D SurfaceFlinger: requestNextVsync(964)
04-20 20:12:31.095065   231   267 D SurfaceFlinger: requestNextVsync(231)
04-20 20:12:31.108206   231   287 D SurfaceFlinger: postEvent(964, v/c=71936)
04-20 20:12:31.108206   231   289 D SurfaceFlinger: postEvent(231, v/c=57859)
04-20 20:12:31.110223   964   987 V DisplayEventReceiver: call nativeScheduleVsync mReceiverPtr = 548369566784
04-20 20:12:31.110870   231  1039 D SurfaceFlinger: requestNextVsync(964)
04-20 20:12:31.110947   231   313 D SurfaceFlinger: requestNextVsync(231)
04-20 20:12:31.112191 20174 20199 D MTKLogger/LogInstance: -->updateStatusBar(), logType=2, titleRes=2131296259, enable=true
04-20 20:12:31.114719 20174 22583 D MTKLogger/MTKLoggerService:  mNativeStateHandler receive message, what=1, arg1=2, arg2=1
04-20 20:12:31.114872 20174 22583 D MTKLogger/MTKLoggerService: -->handleLogStateChangeMsg(), mCachedStartStopCmd = 23
04-20 20:12:31.114950 20174 22583 D MTKLogger/MTKLoggerService:  MSG_LOG_STATE_CHANGED, logType=2, result=1, reason=[]
04-20 20:12:31.115009 20174 22583 D MTKLogger/MTKLoggerService: Still waiting start/stop command response, mark it as finished.
04-20 20:12:31.115894 22060 22580 I art     : Explicit concurrent mark sweep GC freed 832(83KB) AllocSpace objects, 0(0B) LOS objects, 36% free, 888KB/1400KB, paused 234us total 38.232ms
04-20 20:12:31.124133 22060 22580 V MediaScannerService: service handle finish created
04-20 20:12:31.124433   231   289 D SurfaceFlinger: postEvent(231, v/c=57860)
04-20 20:12:31.124507   231   287 D SurfaceFlinger: postEvent(964, v/c=71937)
04-20 20:12:31.126207   964   987 V DisplayEventReceiver: call nativeScheduleVsync mReceiverPtr = 548369566784
04-20 20:12:31.126826   231   267 D SurfaceFlinger: requestNextVsync(964)
04-20 20:12:31.127045   231   269 D SurfaceFlinger: requestNextVsync(231)
04-20 20:12:31.140667   231   289 D SurfaceFlinger: postEvent(231, v/c=57861)
04-20 20:12:31.140668   231   287 D SurfaceFlinger: postEvent(964, v/c=71938)
04-20 20:12:31.142754 20174 20174 V DisplayEventReceiver: call nativeScheduleVsync mReceiverPtr = 548120459328
04-20 20:12:31.143052   231  1039 D SurfaceFlinger: requestNextVsync(231)
04-20 20:12:31.143053   231   313 D SurfaceFlinger: requestNextVsync(20174)
04-20 20:12:31.147353   964   987 V DisplayEventReceiver: call nativeScheduleVsync mReceiverPtr = 548369566784
04-20 20:12:31.147611   231   269 D SurfaceFlinger: requestNextVsync(964)
04-20 20:12:31.156935   231   289 D SurfaceFlinger: postEvent(231, v/c=57862)
04-20 20:12:31.156937   231   287 D SurfaceFlinger: postEvent(20174, v/c=71939)
04-20 20:12:31.157174   231   287 D SurfaceFlinger: postEvent(964, v/c=71939)
04-20 20:12:31.157422   345 22575 I MobileLogD/dupm: dump /data/misc/mblog/mblog_history
04-20 20:12:31.158033 20174 20174 V ViewRootImpl: ViewRoot performTraversals+ : mFirst = false, this = ViewRoot{f93aacc ,ident = 22}
04-20 20:12:31.158410 20174 20174 V DisplayEventReceiver: call nativeScheduleVsync mReceiverPtr = 548120459328
04-20 20:12:31.158790   231   313 D SurfaceFlinger: requestNextVsync(20174)
04-20 20:12:31.160162   231  1738 I BufferQueueProducer: [](this:0x7f76cf6800,id:565,api:1,p:20174,c:231) new GraphicBuffer needed
04-20 20:12:31.160264   231  1738 D GraphicBuffer: free, handle(0x7f7c8c9960) (w:729 h:203 s:736 f:0x1 u:0x000900)
04-20 20:12:31.160371   231  1738 I [MALI][Gralloc]: [-]hnd(0x7f7c8c9960), client(27), share_fd(31)
04-20 20:12:31.161408   231  1738 I [MALI][Gralloc]: [+]hnd(0x7f7c8c9960), client(27), share_fd(93), hnd->flags:4
04-20 20:12:31.161503   231  1738 D GraphicBuffer: alloc, handle(0x7f7c8c9960) (w:203 h:729 s:208 f:0x1 u:0x000b00) err(0)
04-20 20:12:31.162332 20174 20174 V ViewRootImpl: ViewRoot performTraversals and draw- : mResizeBuffer = null, mResizeAlpha = 0, this = ViewRoot{f93aacc ,ident = 22} frame#5 (cancelDraw = false)
04-20 20:12:31.163573 20174 20613 I [MALI][Gralloc]: [+]r_hnd(0x7f9cc16fa0), client(55), share_fd(72)
04-20 20:12:31.163721 20174 20613 D GraphicBuffer: register, handle(0x7f9cc16fa0) (w:203 h:729 s:208 f:0x1 u:0x000b00)
04-20 20:12:31.166653   231   269 D SurfaceFlinger: requestNextVsync(231)
04-20 20:12:31.173210   231   289 D SurfaceFlinger: postEvent(231, v/c=57863)
04-20 20:12:31.173215   231   287 D SurfaceFlinger: postEvent(20174, v/c=71940)
04-20 20:12:31.174050 20174 20174 V DisplayEventReceiver: call nativeScheduleVsync mReceiverPtr = 548120459328
04-20 20:12:31.174382   231   313 D SurfaceFlinger: requestNextVsync(20174)
04-20 20:12:31.174399 20174 20174 V ViewRootImpl: ViewRoot performTraversals+ : mFirst = false, this = ViewRoot{f93aacc ,ident = 22}
04-20 20:12:31.175200 20174 20174 V ViewRootImpl: ViewRoot performTraversals and draw- : mResizeBuffer = null, mResizeAlpha = 0, this = ViewRoot{f93aacc ,ident = 22} frame#6 (cancelDraw = false)
04-20 20:12:31.177990   231  1738 D SurfaceFlinger: requestNextVsync(231)
04-20 20:12:31.189427   231   289 D SurfaceFlinger: postEvent(231, v/c=57864)
04-20 20:12:31.189431   231   287 D SurfaceFlinger: postEvent(20174, v/c=71941)
04-20 20:12:31.190079 20174 20174 V DisplayEventReceiver: call nativeScheduleVsync mReceiverPtr = 548120459328
04-20 20:12:31.190396   231   267 D SurfaceFlinger: requestNextVsync(20174)
04-20 20:12:31.190410 20174 20174 V ViewRootImpl: ViewRoot performTraversals+ : mFirst = false, this = ViewRoot{f93aacc ,ident = 22}
04-20 20:12:31.191266 20174 20174 V ViewRootImpl: ViewRoot performTraversals and draw- : mResizeBuffer = null, mResizeAlpha = 0, this = ViewRoot{f93aacc ,ident = 22} frame#7 (cancelDraw = false)
04-20 20:12:31.194255   231   313 D SurfaceFlinger: requestNextVsync(231)
04-20 20:12:31.198976   964  1844 D AppOps  : noteOperation: allowing code 59 uid 10007 package com.android.providers.media
04-20 20:12:31.199446   964  1844 D AppOps  : noteOperation: allowing code 60 uid 10007 package com.android.providers.media
04-20 20:12:31.200571   964  1844 D SettingsInterface:  from settings cache , name = sys_storage_threshold_percentage , value = null
04-20 20:12:31.202280   964  1844 D StrictMode: handleViolation; policy=6815751
04-20 20:12:31.205692   231   287 D SurfaceFlinger: postEvent(20174, v/c=71942)
04-20 20:12:31.205692   231   289 D SurfaceFlinger: postEvent(231, v/c=57865)
04-20 20:12:31.206366 20174 20174 V DisplayEventReceiver: call nativeScheduleVsync mReceiverPtr = 548120459328
04-20 20:12:31.206684   231  1039 D SurfaceFlinger: requestNextVsync(20174)
04-20 20:12:31.206709 20174 20174 V ViewRootImpl: ViewRoot performTraversals+ : mFirst = false, this = ViewRoot{f93aacc ,ident = 22}
04-20 20:12:31.207520 20174 20174 V ViewRootImpl: ViewRoot performTraversals and draw- : mResizeBuffer = null, mResizeAlpha = 0, this = ViewRoot{f93aacc ,ident = 22} frame#8 (cancelDraw = false)
04-20 20:12:31.210299   231   267 D SurfaceFlinger: requestNextVsync(231)
04-20 20:12:31.221954   231   289 D SurfaceFlinger: postEvent(231, v/c=57866)
04-20 20:12:31.221956   231   287 D SurfaceFlinger: postEvent(20174, v/c=71943)
04-20 20:12:31.222779 20174 20174 V DisplayEventReceiver: call nativeScheduleVsync mReceiverPtr = 548120459328
04-20 20:12:31.223114   231   269 D SurfaceFlinger: requestNextVsync(20174)
04-20 20:12:31.224018 20174 20174 V ViewRootImpl: ViewRoot performTraversals+ : mFirst = false, this = ViewRoot{f93aacc ,ident = 22}
04-20 20:12:31.224909 20174 20174 V ViewRootImpl: ViewRoot performTraversals and draw- : mResizeBuffer = null, mResizeAlpha = 0, this = ViewRoot{f93aacc ,ident = 22} frame#9 (cancelDraw = false)
04-20 20:12:31.228162   231  1039 D SurfaceFlinger: requestNextVsync(231)
04-20 20:12:31.234153   964  1844 D SettingsInterface:  from settings cache , name = sys_storage_threshold_max_bytes , value = null
04-20 20:12:31.234720   964  1844 D StrictMode: wrote violations to response parcel; num=1
04-20 20:12:31.235986 22060 22060 D StrictMode: strict mode violation stacks read from binder call.  i=0
04-20 20:12:31.237003 22060 22580 V MediaScannerService: handleMessage: what = 11, startId = 1, arguments = Bundle[{mimetype=null, filepath=/storage/emulated/0/mtklog/mdlog1/MDLog1_2016_0420_195155/BPLGUInfoCustomAppSrcP_MT6735_S00_MOLY_LR9_W1444_MD_LWTG_MP_V79_P9_1_lwg_n.tmp, listener=android.os.BinderProxy@f83b75d}]
04-20 20:12:31.237570 22060 22060 D StrictMode: handleViolation; policy=2621447
04-20 20:12:31.238402   231   289 D SurfaceFlinger: postEvent(231, v/c=57867)
04-20 20:12:31.238402   231   287 D SurfaceFlinger: postEvent(20174, v/c=71944)
04-20 20:12:31.239393 20174 20174 V DisplayEventReceiver: call nativeScheduleVsync mReceiverPtr = 548120459328
04-20 20:12:31.239847 20174 20174 V ViewRootImpl: ViewRoot performTraversals+ : mFirst = false, this = ViewRoot{f93aacc ,ident = 22}
04-20 20:12:31.240152   231  1738 D SurfaceFlinger: requestNextVsync(20174)
04-20 20:12:31.242196 22060 22580 V MediaProvider: insertInternal>>>: uri=content://media/, match=300, initValues=name=external
04-20 20:12:31.242605 20174 20174 V ViewRootImpl: ViewRoot performTraversals and draw- : mResizeBuffer = null, mResizeAlpha = 0, this = ViewRoot{f93aacc ,ident = 22} frame#10 (cancelDraw = false)
04-20 20:12:31.245250   231   269 D SurfaceFlinger: requestNextVsync(231)
04-20 20:12:31.249883   964  1162 D AppOps  : noteOperation: allowing code 59 uid 10007 package com.android.providers.media
04-20 20:12:31.250403   964  1162 D AppOps  : noteOperation: allowing code 60 uid 10007 package com.android.providers.media
04-20 20:12:31.251219   964  1162 D SettingsInterface:  from settings cache , name = sys_storage_threshold_percentage , value = null
04-20 20:12:31.253849   964  1162 D SettingsInterface:  from settings cache , name = sys_storage_threshold_max_bytes , value = null
04-20 20:12:31.254591   231   289 D SurfaceFlinger: postEvent(231, v/c=57868)
04-20 20:12:31.254778   231   287 D SurfaceFlinger: postEvent(20174, v/c=71945)
04-20 20:12:31.255556 20174 20174 V DisplayEventReceiver: call nativeScheduleVsync mReceiverPtr = 548120459328
04-20 20:12:31.255907   231   313 D SurfaceFlinger: requestNextVsync(20174)
04-20 20:12:31.255943 20174 20174 V ViewRootImpl: ViewRoot performTraversals+ : mFirst = false, this = ViewRoot{f93aacc ,ident = 22}
04-20 20:12:31.256831 20174 20174 V ViewRootImpl: ViewRoot performTraversals and draw- : mResizeBuffer = null, mResizeAlpha = 0, this = ViewRoot{f93aacc ,ident = 22} frame#11 (cancelDraw = false)
04-20 20:12:31.260859   231  1738 D SurfaceFlinger: requestNextVsync(231)
04-20 20:12:31.261828   964  1927 D AppOps  : noteOperation: allowing code 59 uid 10007 package com.android.providers.media
04-20 20:12:31.262203   964  1927 D AppOps  : noteOperation: allowing code 60 uid 10007 package com.android.providers.media
04-20 20:12:31.263821   964  1927 D SettingsInterface:  from settings cache , name = sys_storage_threshold_percentage , value = null
04-20 20:12:31.264852   964  1927 D SettingsInterface:  from settings cache , name = sys_storage_threshold_max_bytes , value = null
04-20 20:12:31.266411 22060 22580 V MediaProvider: attachVolume>>> volume=external
04-20 20:12:31.267954   345 22575 I MobileLogD/dupm: dump /proc/bootprof
04-20 20:12:31.269015   964  8871 D AppOps  : noteOperation: allowing code 59 uid 10007 package com.android.providers.media
04-20 20:12:31.269308   964  8871 D AppOps  : noteOperation: allowing code 60 uid 10007 package com.android.providers.media
04-20 20:12:31.269957   964  8871 D SettingsInterface:  from settings cache , name = sys_storage_threshold_percentage , value = null
04-20 20:12:31.270353   964  8871 D SettingsInterface:  from settings cache , name = sys_storage_threshold_max_bytes , value = null
04-20 20:12:31.270821   231   289 D SurfaceFlinger: postEvent(231, v/c=57869)
04-20 20:12:31.270821   231   287 D SurfaceFlinger: postEvent(20174, v/c=71946)
04-20 20:12:31.271712 20174 20174 V DisplayEventReceiver: call nativeScheduleVsync mReceiverPtr = 548120459328
04-20 20:12:31.272331   231   269 D SurfaceFlinger: requestNextVsync(20174)
04-20 20:12:31.272666 20174 20194 I MTKLogger/NetworkLog: Handle receive message, what=1
04-20 20:12:31.272693 20174 20174 V ViewRootImpl: ViewRoot performTraversals+ : mFirst = false, this = ViewRoot{f93aacc ,ident = 22}
04-20 20:12:31.273061 20174 20194 D MTKLogger/LogInstance: -->getStorageState(), currentLogPathType=internal_sd
04-20 20:12:31.273312 20174 20194 I MTKLogger/Utils: -->getInternalSdPath()
04-20 20:12:31.273846 20174 20174 V ViewRootImpl: ViewRoot performTraversals and draw- : mResizeBuffer = null, mResizeAlpha = 0, this = ViewRoot{f93aacc ,ident = 22} frame#12 (cancelDraw = false)
04-20 20:12:31.276393   964  1582 D AppOps  : noteOperation: allowing code 59 uid 10056 package com.mediatek.mtklogger
04-20 20:12:31.276826   964  1582 D AppOps  : noteOperation: allowing code 60 uid 10056 package com.mediatek.mtklogger
04-20 20:12:31.278010   964  1582 D SettingsInterface:  from settings cache , name = sys_storage_threshold_percentage , value = null
04-20 20:12:31.278312   231  1039 D SurfaceFlinger: requestNextVsync(231)
04-20 20:12:31.279697   964  1582 D SettingsInterface:  from settings cache , name = sys_storage_threshold_max_bytes , value = null
04-20 20:12:31.280725 20174 20194 I MTKLogger/Utils: /storage/emulated/0 is mounted!
04-20 20:12:31.280773   964  8872 D AppOps  : noteOperation: allowing code 59 uid 10007 package com.android.providers.media
04-20 20:12:31.281129   964  8872 D AppOps  : noteOperation: allowing code 60 uid 10007 package com.android.providers.media
04-20 20:12:31.282028   964  8872 D SettingsInterface:  from settings cache , name = sys_storage_threshold_percentage , value = null
04-20 20:12:31.282493   964  8872 D SettingsInterface:  from settings cache , name = sys_storage_threshold_max_bytes , value = null
04-20 20:12:31.283355 20174 20194 I MTKLogger/Utils: Is emulated and volumeInfo.getId() : emulated
04-20 20:12:31.283604 20174 20194 I MTKLogger/Utils: <--getInternalSdPath() : internalPath = /storage/emulated/0
04-20 20:12:31.283910 20174 20194 V MTKLogger: <--getLogPath(), type=internal_sd, string=/storage/emulated/0
04-20 20:12:31.283922 22060 22580 V MediaProvider: attachVolume<<< Already attached external.db
04-20 20:12:31.286115   964  2089 D AppOps  : noteOperation: allowing code 59 uid 10007 package com.android.providers.media
04-20 20:12:31.286437   964  2089 D AppOps  : noteOperation: allowing code 60 uid 10007 package com.android.providers.media
04-20 20:12:31.286746   964  1844 D AppOps  : noteOperation: allowing code 59 uid 10056 package com.mediatek.mtklogger
04-20 20:12:31.287036   964  1844 D AppOps  : noteOperation: allowing code 60 uid 10056 package com.mediatek.mtklogger
04-20 20:12:31.287095   231   289 D SurfaceFlinger: postEvent(231, v/c=57870)
04-20 20:12:31.287111   231   287 D SurfaceFlinger: postEvent(20174, v/c=71947)
04-20 20:12:31.287361   964  2089 D SettingsInterface:  from settings cache , name = sys_storage_threshold_percentage , value = null
04-20 20:12:31.287817 20174 20174 V DisplayEventReceiver: call nativeScheduleVsync mReceiverPtr = 548120459328
04-20 20:12:31.287965   964  2089 D SettingsInterface:  from settings cache , name = sys_storage_threshold_max_bytes , value = null
04-20 20:12:31.288395   231   267 D SurfaceFlinger: requestNextVsync(20174)
04-20 20:12:31.288809 20174 20174 V ViewRootImpl: ViewRoot performTraversals+ : mFirst = false, this = ViewRoot{f93aacc ,ident = 22}
04-20 20:12:31.289348   964  1844 D SettingsInterface:  from settings cache , name = sys_storage_threshold_percentage , value = null
04-20 20:12:31.290132 20174 20174 V ViewRootImpl: ViewRoot performTraversals and draw- : mResizeBuffer = null, mResizeAlpha = 0, this = ViewRoot{f93aacc ,ident = 22} frame#13 (cancelDraw = false)
04-20 20:12:31.290171   964  1844 D SettingsInterface:  from settings cache , name = sys_storage_threshold_max_bytes , value = null
04-20 20:12:31.291282 22060 22580 D MediaProvider: ensureDefaultFolders dcimExist: true
04-20 20:12:31.292329 20174 20194 I MTKLogger/Utils: -->getInternalSdPath()
04-20 20:12:31.292726   964   979 V ContentService: Notifying update of content://media/ for user 0 from observer null, syncToNetwork true
04-20 20:12:31.293630   964   979 V ContentService: Notified android.database.IContentObserver$Stub$Proxy@f6f85e2 of update at content://media/
04-20 20:12:31.294137   964   979 V ContentService: Notified android.database.IContentObserver$Stub$Proxy@c130d73 of update at content://media/
04-20 20:12:31.295623   964   979 V ContentService: Notified android.database.IContentObserver$Stub$Proxy@c27f430 of update at content://media/
04-20 20:12:31.296127   231   313 D SurfaceFlinger: requestNextVsync(231)
04-20 20:12:31.296232   964   979 V ContentService: Notified android.database.IContentObserver$Stub$Proxy@689c8a9 of update at content://media/
04-20 20:12:31.296647   964   979 D SyncManager: one-time sync for: null Bundle[{upload=true}] media
04-20 20:12:31.296765   964   979 V SyncManager: scheduleSync: no accounts configured, dropping
04-20 20:12:31.297607 22343 22386 V MediaMonitor: Have service call pending
04-20 20:12:31.297951 22060 22580 I StagefrightMediaScanner: StagefrightMediaScanner Constructor
04-20 20:12:31.298376 22060 22580 V MediaScanner: setDefaultRingtoneFileNames: ringtone=Ring_Synth_04.ogg,notification=pixiedust.ogg,alarm=Alarm_Classic.ogg
04-20 20:12:31.298771   964   975 D AppOps  : noteOperation: allowing code 59 uid 10056 package com.mediatek.mtklogger
04-20 20:12:31.299202   964   975 D AppOps  : noteOperation: allowing code 60 uid 10056 package com.mediatek.mtklogger
04-20 20:12:31.300074   964   975 D SettingsInterface:  from settings cache , name = sys_storage_threshold_percentage , value = null
04-20 20:12:31.301100   964  8871 D AppOps  : noteOperation: allowing code 59 uid 10007 package com.android.providers.media
04-20 20:12:31.301413   964  8871 D AppOps  : noteOperation: allowing code 60 uid 10007 package com.android.providers.media
04-20 20:12:31.301562 22343 22386 V MediaMonitor: Have service call pending
04-20 20:12:31.302829   964   975 D SettingsInterface:  from settings cache , name = sys_storage_threshold_max_bytes , value = null
04-20 20:12:31.303316   231   289 D SurfaceFlinger: postEvent(231, v/c=57871)
04-20 20:12:31.303722   231   287 D SurfaceFlinger: postEvent(20174, v/c=71948)
04-20 20:12:31.304434 22343 22386 V MediaMonitor: Have service call pending
04-20 20:12:31.304434   964  8871 D SettingsInterface:  from settings cache , name = sys_storage_threshold_percentage , value = null
04-20 20:12:31.304728 20174 20174 V DisplayEventReceiver: call nativeScheduleVsync mReceiverPtr = 548120459328
04-20 20:12:31.304760 20174 20194 I MTKLogger/Utils: /storage/emulated/0 is mounted!
04-20 20:12:31.305154   231  1039 D SurfaceFlinger: requestNextVsync(20174)
04-20 20:12:31.305319   964  8871 D SettingsInterface:  from settings cache , name = sys_storage_threshold_max_bytes , value = null
