04-20 20:12:31.306524 20174 20174 V ViewRootImpl: ViewRoot performTraversals+ : mFirst = false, this = ViewRoot{f93aacc ,ident = 22}
04-20 20:12:31.307669 20174 20174 V ViewRootImpl: ViewRoot performTraversals and draw- : mResizeBuffer = null, mResizeAlpha = 0, this = ViewRoot{f93aacc ,ident = 22} frame#14 (cancelDraw = false)
04-20 20:12:31.309171 20174 20194 I MTKLogger/Utils: Is emulated and volumeInfo.getId() : emulated
04-20 20:12:31.309676 22343 22386 V MediaMonitor: Have service call pending
04-20 20:12:31.310174 20174 20194 I MTKLogger/Utils: <--getInternalSdPath() : internalPath = /storage/emulated/0
04-20 20:12:31.310521 20174 20194 V MTKLogger: <--getLogPath(), type=internal_sd, string=/storage/emulated/0
04-20 20:12:31.311320 20174 20194 D MTKLogger: -->getAvailableStorageSize(), path=/storage/emulated/0, size=11795MB
04-20 20:12:31.311430 20174 20194 D MTKLogger/LogInstance: <--getStorageState(), storage is ready for log capture.
04-20 20:12:31.311696 20174 20194 I MTKLogger/Utils: -->getInternalSdPath()
04-20 20:12:31.312501   964  8872 D AppOps  : noteOperation: allowing code 59 uid 10007 package com.android.providers.media
04-20 20:12:31.312942   231   267 D SurfaceFlinger: requestNextVsync(231)
04-20 20:12:31.312993   964  8872 D AppOps  : noteOperation: allowing code 60 uid 10007 package com.android.providers.media
04-20 20:12:31.314354   964  8872 D SettingsInterface:  from settings cache , name = sys_storage_threshold_percentage , value = null
04-20 20:12:31.315602   964  8872 D SettingsInterface:  from settings cache , name = sys_storage_threshold_max_bytes , value = null
04-20 20:12:31.316105   964  1843 D AppOps  : noteOperation: allowing code 59 uid 10056 package com.mediatek.mtklogger
04-20 20:12:31.316392   964  1843 D AppOps  : noteOperation: allowing code 60 uid 10056 package com.mediatek.mtklogger
04-20 20:12:31.317113   964  1843 D SettingsInterface:  from settings cache , name = sys_storage_threshold_percentage , value = null
04-20 20:12:31.317592   964  1843 D SettingsInterface:  from settings cache , name = sys_storage_threshold_max_bytes , value = null
04-20 20:12:31.318268 20174 20194 I MTKLogger/Utils: /storage/emulated/0 is mounted!
04-20 20:12:31.318383   964  1844 D AppOps  : noteOperation: allowing code 59 uid 10007 package com.android.providers.media
04-20 20:12:31.318661   964  1844 D AppOps  : noteOperation: allowing code 60 uid 10007 package com.android.providers.media
04-20 20:12:31.319192 20174 20194 I MTKLogger/Utils: Is emulated and volumeInfo.getId() : emulated
04-20 20:12:31.319296 20174 20194 I MTKLogger/Utils: <--getInternalSdPath() : internalPath = /storage/emulated/0
04-20 20:12:31.319326   964  1844 D SettingsInterface:  from settings cache , name = sys_storage_threshold_percentage , value = null
04-20 20:12:31.319535 20174 20194 V MTKLogger: <--getLogPath(), type=internal_sd, string=/storage/emulated/0
04-20 20:12:31.319740 20174 20194 I MTKLogger/LogConnection: -->send cmd: [set_storage_path,/storage/emulated/0] to [netdiag]
04-20 20:12:31.319830   231   287 D SurfaceFlinger: postEvent(20174, v/c=71949)
04-20 20:12:31.319831   231   289 D SurfaceFlinger: postEvent(231, v/c=57872)
04-20 20:12:31.319840 20174 20194 D MTKLogger/LogConnection: Command builder success
04-20 20:12:31.320439 20174 20174 V DisplayEventReceiver: call nativeScheduleVsync mReceiverPtr = 548120459328
04-20 20:12:31.320748   231   269 D SurfaceFlinger: requestNextVsync(20174)
04-20 20:12:31.320811 20174 20174 V ViewRootImpl: ViewRoot performTraversals+ : mFirst = false, this = ViewRoot{f93aacc ,ident = 22}
04-20 20:12:31.321421   346   372 E Netdiag : select out for fd=6,i=0  
04-20 20:12:31.321634   346   372 E Netdiag : commandlistening handle_message
04-20 20:12:31.321761   346   372 E Netdiag : commandlistening buffer set_storage_path,/storage/emulated/0
04-20 20:12:31.321821   346   372 E Netdiag : FD_CLR fd=6,index i:0
04-20 20:12:31.321870   346   372 D Netdiag : Add listener on socket server whose id=5
04-20 20:12:31.321916   346   372 D Netdiag : Add listener on former received socket client, fd=6
04-20 20:12:31.321958   346   372 E Netdiag : commandlistening unlock exit
04-20 20:12:31.322401 20174 20174 V ViewRootImpl: ViewRoot performTraversals and draw- : mResizeBuffer = null, mResizeAlpha = 0, this = ViewRoot{f93aacc ,ident = 22} frame#15 (cancelDraw = false)
04-20 20:12:31.322870   964  1844 D SettingsInterface:  from settings cache , name = sys_storage_threshold_max_bytes , value = null
04-20 20:12:31.326275   231  1039 D SurfaceFlinger: requestNextVsync(231)
04-20 20:12:31.328606 22060 22580 V MediaScanner: prescan>>> filePath=/storage/emulated/0/mtklog/mdlog1/MDLog1_2016_0420_195155/BPLGUInfoCustomAppSrcP_MT6735_S00_MOLY_LR9_W1444_MD_LWTG_MP_V79_P9_1_lwg_n.tmp,prescanFiles=true
04-20 20:12:31.330516 20174 20194 I MTKLogger/LogConnection: <--send cmd done : [set_storage_path,/storage/emulated/0] to [netdiag]
04-20 20:12:31.330899 20174 20194 I MTKLogger/NetworkLog: limitedPackageSize=0
04-20 20:12:31.331079 20174 20194 I MTKLogger/LogConnection: -->send cmd: [tcpdump_sdcard_start_400] to [netdiag]
04-20 20:12:31.331171 20174 20194 D MTKLogger/LogConnection: Command builder success
04-20 20:12:31.331426   346   372 E Netdiag : select out for fd=6,i=0  
04-20 20:12:31.331482   346   372 E Netdiag : commandlistening handle_message
04-20 20:12:31.331571   346   372 E Netdiag : commandlistening buffer tcpdump_sdcard_start_400
04-20 20:12:31.331616   346   372 E Netdiag : COMMAND = tcpdump
04-20 20:12:31.331662   346   372 E Netdiag : location = sdcard
04-20 20:12:31.331704   346   372 E Netdiag : action = start
04-20 20:12:31.331748   346   372 E Netdiag : log size= 400
04-20 20:12:31.331817   346   372 D Netdiag : Ignore SIGPIPE to avoid possible NE
04-20 20:12:31.331863   346   372 E Netdiag : Tcpdump STARTING
04-20 20:12:31.332979   346   372 D Netdiag : checkdir start NTLog_name:NTLog_2016_0420_201231 commandlistening
04-20 20:12:31.334030   964   979 D AppOps  : noteOperation: allowing code 59 uid 10007 package com.android.providers.media
04-20 20:12:31.334350   964   979 D AppOps  : noteOperation: allowing code 60 uid 10007 package com.android.providers.media
04-20 20:12:31.335076   964   979 D SettingsInterface:  from settings cache , name = sys_storage_threshold_percentage , value = null
04-20 20:12:31.335956   964   979 D SettingsInterface:  from settings cache , name = sys_storage_threshold_max_bytes , value = null
04-20 20:12:31.336267   231   287 D SurfaceFlinger: postEvent(20174, v/c=71950)
04-20 20:12:31.336439   346   372 D Netdiag :  At start time, stop reason=.
04-20 20:12:31.336523   346   372 D Netdiag : tcpdump service running pid=22584
04-20 20:12:31.336569   346   372 E Netdiag : FD_CLR fd=6,index i:0
04-20 20:12:31.336630   346   372 D Netdiag : Add listener on socket server whose id=5
04-20 20:12:31.336678   346   372 D Netdiag : Add listener on former received socket client, fd=6
04-20 20:12:31.336720   346   372 E Netdiag : commandlistening unlock exit
04-20 20:12:31.336732   231   289 D SurfaceFlinger: postEvent(231, v/c=57873)
04-20 20:12:31.336931 20174 20174 V DisplayEventReceiver: call nativeScheduleVsync mReceiverPtr = 548120459328
04-20 20:12:31.337136 22584 22584 D Netdiag :  At start time, stop reason=.
04-20 20:12:31.337227 22584 22584 D Netdiag : -->tcpdump(), Parameter only contains log size, value=400
04-20 20:12:31.337289 22584 22584 D Netdiag : tcpdump_data ....
04-20 20:12:31.337296   231  1738 D SurfaceFlinger: requestNextVsync(20174)
04-20 20:12:31.337324 20174 20174 V ViewRootImpl: ViewRoot performTraversals+ : mFirst = false, this = ViewRoot{f93aacc ,ident = 22}
04-20 20:12:31.337356 22584 22584 D Netdiag : property get :internal_sd
04-20 20:12:31.337409 22584 22584 D Netdiag : tcpdump_data(), getsd_result = 1, sd_path_config=internal_sd
04-20 20:12:31.337465 22584 22584 D Netdiag : get correct sdpath location is  /mnt/sdcard
04-20 20:12:31.338477 22584 22584 D Netdiag : location set as mStoragePath  /storage/emulated/0
04-20 20:12:31.338854 20174 20174 V ViewRootImpl: ViewRoot performTraversals and draw- : mResizeBuffer = null, mResizeAlpha = 0, this = ViewRoot{f93aacc ,ident = 22} frame#16 (cancelDraw = false)
04-20 20:12:31.341519   231   269 D SurfaceFlinger: requestNextVsync(231)
04-20 20:12:31.341946 20174 20194 I MTKLogger/LogConnection: <--send cmd done : [tcpdump_sdcard_start_400] to [netdiag]
04-20 20:12:31.345008 22584 22584 D Netdiag : check_dir mtklog has exist
04-20 20:12:31.346540 22584 22584 D Netdiag : check_dir netlog has exist
04-20 20:12:31.346600 22060 22580 D SQLiteQueryBuilder: Performing query: SELECT _id, _data, format, date_modified FROM files WHERE (_id>? AND _data=?) ORDER BY _id LIMIT 1000
04-20 20:12:31.346662 22584 22584 D Netdiag : checkdir NTLog_name:NTLog_2016_0420_201231 begin~~
04-20 20:12:31.349131 22060 22580 V SQLiteCursor: Cursor open object=671139
04-20 20:12:31.349131 22060 22580 V SQLiteCursor: java.lang.Throwable: stacktrace
04-20 20:12:31.349131 22060 22580 V SQLiteCursor: 	at android.database.sqlite.SQLiteCursor.<init>(SQLiteCursor.java:117)
04-20 20:12:31.349131 22060 22580 V SQLiteCursor: 	at android.database.sqlite.SQLiteDirectCursorDriver.query(SQLiteDirectCursorDriver.java:50)
04-20 20:12:31.349131 22060 22580 V SQLiteCursor: 	at android.database.sqlite.SQLiteDatabase.rawQueryWithFactory(SQLiteDatabase.java:1346)
04-20 20:12:31.349131 22060 22580 V SQLiteCursor: 	at android.database.sqlite.SQLiteQueryBuilder.query(SQLiteQueryBuilder.java:400)
04-20 20:12:31.349131 22060 22580 V SQLiteCursor: 	at android.database.sqlite.SQLiteQueryBuilder.query(SQLiteQueryBuilder.java:333)
04-20 20:12:31.349131 22060 22580 V SQLiteCursor: 	at com.android.providers.media.MediaProvider.query(MediaProvider.java:3070)
04-20 20:12:31.349131 22060 22580 V SQLiteCursor: 	at android.content.ContentProvider.query(ContentProvider.java:1070)
04-20 20:12:31.349131 22060 22580 V SQLiteCursor: 	at android.content.ContentProvider$Transport.query(ContentProvider.java:249)
04-20 20:12:31.349131 22060 22580 V SQLiteCursor: 	at android.media.MediaScanner.prescan(MediaScanner.java:1389)
04-20 20:12:31.349131 22060 22580 V SQLiteCursor: 	at android.media.MediaScanner.scanSingleFile(MediaScanner.java:1742)
04-20 20:12:31.349131 22060 22580 V SQLiteCursor: 	at com.android.providers.media.MediaScannerService.scanFile(MediaScannerService.java:272)
04-20 20:12:31.349131 22060 22580 V SQLiteCursor: 	at com.android.providers.media.MediaScannerService.handleScanSingleFile(MediaScannerService.java:353)
04-20 20:12:31.349131 22060 22580 V SQLiteCursor: 	at com.android.providers.media.MediaScannerService.-wrap2(MediaScannerService.java)
04-20 20:12:31.349131 22060 22580 V SQLiteCursor: 	at com.android.providers.media.MediaScannerService$ServiceHandler.handleMessage(MediaScannerService.java:316)
04-20 20:12:31.349131 22060 22580 V SQLiteCursor: 	at android.os.Handler.dispatchMessage(Handler.java:111)
04-20 20:12:31.349131 22060 22580 V SQLiteCursor: 	at android.os.Looper.loop(Looper.java:207)
04-20 20:12:31.349131 22060 22580 V SQLiteCursor: 	at com.android.providers.media.MediaScannerService.run(MediaScannerService.java:262)
04-20 20:12:31.349131 22060 22580 V SQLiteCursor: 	at java.lang.Thread.run(Thread.java:818)
04-20 20:12:31.350960 22584 22584 D Netdiag : persist mtklog system property success
04-20 20:12:31.351046 22584 22584 D Netdiag : Log was started, set log running flag to 1
04-20 20:12:31.351847 22584 22584 D Netdiag : run tcpdump command, write to connection to,'o'is ok,'w'is wrong
04-20 20:12:31.352146   231   289 D SurfaceFlinger: postEvent(231, v/c=57874)
04-20 20:12:31.352184 22584 22584 D Netdiag : checkdir NTLog_name:/storage/emulated/0/mtklog/netlog/NTLog_2016_0420_201231/tcpdump_NTLog_2016_0420_201231_start.cap.tmp begin~~, log size:80
04-20 20:12:31.352290   231   287 D SurfaceFlinger: postEvent(20174, v/c=71951)
04-20 20:12:31.352808 20174 20195 V MTKLogger/LogConnection: Response from native byte size=2
04-20 20:12:31.352902 22060 22580 I CursorWindowStats: Created a new Cursor. # Open Cursors=1 (# cursors opened by this proc=1)
04-20 20:12:31.352927 20174 20174 V DisplayEventReceiver: call nativeScheduleVsync mReceiverPtr = 548120459328
04-20 20:12:31.353004 20174 20195 I MTKLogger/NetworkLog: -->dealWithResponse(), resp=to
04-20 20:12:31.353086 20174 20195 D MTKLogger/NetworkLog: Response from native type=33, failReason=
04-20 20:12:31.353242 20174 20174 V ViewRootImpl: ViewRoot performTraversals+ : mFirst = false, this = ViewRoot{f93aacc ,ident = 22}
04-20 20:12:31.353278   231   313 D SurfaceFlinger: requestNextVsync(20174)
04-20 20:12:31.354034 22060 22580 V SQLiteStatements: /data/user/0/com.android.providers.media/databases/external.db: "SELECT _id, _data, format, date_modified FROM files WHERE (_id>'-9223372036854775808' AND _data='/storage/emulated/0/mtklog/mdlog1/MDLog1_2016_0420_195155/BPLGUInfoCustomAppSrcP_MT6735_S00_MOLY_LR9_W1444_MD_LWTG_MP_V79_P9_1_lwg_n.tmp') ORDER BY _id LIMIT 1000"
04-20 20:12:31.354093 20174 20194 I MTKLogger/NetworkLog: Handle receive message, what=33
04-20 20:12:31.354240 20174 20194 I MTKLogger/NetworkLog: Resp type: 1, failReason string: []
04-20 20:12:31.354333 20174 20194 I MTKLogger/NetworkLog: -->notifyServiceStatus(), status=1,  reason=[]
04-20 20:12:31.354666 22060 22580 V SQLiteTime: /data/user/0/com.android.providers.media/databases/external.db: "SELECT _id, _data, format, date_modified FROM files WHERE (_id>? AND _data=?) ORDER BY _id LIMIT 1000" took 1.000 ms
04-20 20:12:31.354965 20174 20174 V ViewRootImpl: ViewRoot performTraversals and draw- : mResizeBuffer = null, mResizeAlpha = 0, this = ViewRoot{f93aacc ,ident = 22} frame#17 (cancelDraw = false)
04-20 20:12:31.355622 22060 22580 D SQLiteCursor: received count(*) from native_fill_window: 0
04-20 20:12:31.355813 22060 22580 V SQLiteCursor: Cursor close object=671139
04-20 20:12:31.356132 22584 22584 D Netdiag : system tcpdump_cmd:tcpdump -i any -s 0 -c 88888 -w /storage/emulated/0/mtklog/netlog/NTLog_2016_0420_201231/tcpdump_NTLog_2016_0420_201231_start.cap.tmp 2>&1 
04-20 20:12:31.356279 22584 22584 E Netdiag : Directly call tcpdump in system begin, uid=2000, errno=0, retry_num=0
04-20 20:12:31.356332 22584 22584 D Netdiag : -->my_system(), cmd=tcpdump -i any -s 0 -c 88888 -w /storage/emulated/0/mtklog/netlog/NTLog_2016_0420_201231/tcpdump_NTLog_2016_0420_201231_start.cap.tmp 2>&1
04-20 20:12:31.357652 22584 22585 D Netdiag : -->monitor_storage(), root path=/storage/emulated/0, log folder=/storage/emulated/0/mtklog/netlog/NTLog_2016_0420_201231
04-20 20:12:31.358315   231  1738 D SurfaceFlinger: requestNextVsync(231)
04-20 20:12:31.364733 22060 22580 D SQLiteQueryBuilder: Performing query: SELECT _id FROM images
04-20 20:12:31.366632 22060 22580 V SQLiteCursor: Cursor open object=37099680
04-20 20:12:31.366632 22060 22580 V SQLiteCursor: java.lang.Throwable: stacktrace
04-20 20:12:31.366632 22060 22580 V SQLiteCursor: 	at android.database.sqlite.SQLiteCursor.<init>(SQLiteCursor.java:117)
04-20 20:12:31.366632 22060 22580 V SQLiteCursor: 	at android.database.sqlite.SQLiteDirectCursorDriver.query(SQLiteDirectCursorDriver.java:50)
04-20 20:12:31.366632 22060 22580 V SQLiteCursor: 	at android.database.sqlite.SQLiteDatabase.rawQueryWithFactory(SQLiteDatabase.java:1346)
04-20 20:12:31.366632 22060 22580 V SQLiteCursor: 	at android.database.sqlite.SQLiteQueryBuilder.query(SQLiteQueryBuilder.java:400)
04-20 20:12:31.366632 22060 22580 V SQLiteCursor: 	at android.database.sqlite.SQLiteQueryBuilder.query(SQLiteQueryBuilder.java:333)
04-20 20:12:31.366632 22060 22580 V SQLiteCursor: 	at com.android.providers.media.MediaProvider.query(MediaProvider.java:3070)
04-20 20:12:31.366632 22060 22580 V SQLiteCursor: 	at android.content.ContentProvider.query(ContentProvider.java:1070)
04-20 20:12:31.366632 22060 22580 V SQLiteCursor: 	at android.content.ContentProvider$Transport.query(ContentProvider.java:249)
04-20 20:12:31.366632 22060 22580 V SQLiteCursor: 	at android.media.MediaScanner.prescan(MediaScanner.java:1473)
04-20 20:12:31.366632 22060 22580 V SQLiteCursor: 	at android.media.MediaScanner.scanSingleFile(MediaScanner.java:1742)
04-20 20:12:31.366632 22060 22580 V SQLiteCursor: 	at com.android.providers.media.MediaScannerService.scanFile(MediaScannerService.java:272)
04-20 20:12:31.366632 22060 22580 V SQLiteCursor: 	at com.android.providers.media.MediaScannerService.handleScanSingleFile(MediaScannerService.java:353)
04-20 20:12:31.366632 22060 22580 V SQLiteCursor: 	at com.android.providers.media.MediaScannerService.-wrap2(MediaScannerService.java)
04-20 20:12:31.366632 22060 22580 V SQLiteCursor: 	at com.android.providers.media.MediaScannerService$ServiceHandler.handleMessage(MediaScannerService.java:316)
04-20 20:12:31.366632 22060 22580 V SQLiteCursor: 	at android.os.Handler.dispatchMessage(Handler.java:111)
04-20 20:12:31.366632 22060 22580 V SQLiteCursor: 	at android.os.Looper.loop(Looper.java:207)
04-20 20:12:31.366632 22060 22580 V SQLiteCursor: 	at com.android.providers.media.MediaScannerService.run(MediaScannerService.java:262)
04-20 20:12:31.366632 22060 22580 V SQLiteCursor: 	at java.lang.Thread.run(Thread.java:818)
04-20 20:12:31.368412   231   289 D SurfaceFlinger: postEvent(231, v/c=57875)
04-20 20:12:31.368418   231   287 D SurfaceFlinger: postEvent(20174, v/c=71952)
04-20 20:12:31.369143 20174 20174 V DisplayEventReceiver: call nativeScheduleVsync mReceiverPtr = 548120459328
04-20 20:12:31.369551 20174 20174 V ViewRootImpl: ViewRoot performTraversals+ : mFirst = false, this = ViewRoot{f93aacc ,ident = 22}
04-20 20:12:31.369567   231   267 D SurfaceFlinger: requestNextVsync(20174)
04-20 20:12:31.370784 20174 20174 V ViewRootImpl: ViewRoot performTraversals and draw- : mResizeBuffer = null, mResizeAlpha = 0, this = ViewRoot{f93aacc ,ident = 22} frame#18 (cancelDraw = false)
04-20 20:12:31.374753   231   313 D SurfaceFlinger: requestNextVsync(231)
04-20 20:12:31.377547 22060 22580 I CursorWindowStats: Created a new Cursor. # Open Cursors=1 (# cursors opened by this proc=1)
04-20 20:12:31.378444 22060 22580 V SQLiteStatements: /data/user/0/com.android.providers.media/databases/external.db: "SELECT _id FROM images"
04-20 20:12:31.378875 22060 22580 V SQLiteTime: /data/user/0/com.android.providers.media/databases/external.db: "SELECT _id FROM images" took 0.000 ms
04-20 20:12:31.379432 22060 22580 D SQLiteCursor: received count(*) from native_fill_window: 0
04-20 20:12:31.379609 22060 22580 V SQLiteCursor: Cursor close object=37099680
04-20 20:12:31.384646   231   289 D SurfaceFlinger: postEvent(231, v/c=57876)
04-20 20:12:31.384647   231   287 D SurfaceFlinger: postEvent(20174, v/c=71953)
04-20 20:12:31.385455 20174 20174 V DisplayEventReceiver: call nativeScheduleVsync mReceiverPtr = 548120459328
04-20 20:12:31.385844 20174 20174 V ViewRootImpl: ViewRoot performTraversals+ : mFirst = false, this = ViewRoot{f93aacc ,ident = 22}
04-20 20:12:31.386102 22060 22580 D SQLiteQueryBuilder: Performing query: SELECT _id FROM video
04-20 20:12:31.386563   231  1039 D SurfaceFlinger: requestNextVsync(20174)
04-20 20:12:31.386935 20174 20174 V ViewRootImpl: ViewRoot performTraversals and draw- : mResizeBuffer = null, mResizeAlpha = 0, this = ViewRoot{f93aacc ,ident = 22} frame#19 (cancelDraw = false)
04-20 20:12:31.389485 22060 22580 V SQLiteCursor: Cursor open object=139029593
04-20 20:12:31.389485 22060 22580 V SQLiteCursor: java.lang.Throwable: stacktrace
04-20 20:12:31.389485 22060 22580 V SQLiteCursor: 	at android.database.sqlite.SQLiteCursor.<init>(SQLiteCursor.java:117)
04-20 20:12:31.389485 22060 22580 V SQLiteCursor: 	at android.database.sqlite.SQLiteDirectCursorDriver.query(SQLiteDirectCursorDriver.java:50)
04-20 20:12:31.389485 22060 22580 V SQLiteCursor: 	at android.database.sqlite.SQLiteDatabase.rawQueryWithFactory(SQLiteDatabase.java:1346)
04-20 20:12:31.389485 22060 22580 V SQLiteCursor: 	at android.database.sqlite.SQLiteQueryBuilder.query(SQLiteQueryBuilder.java:400)
04-20 20:12:31.389485 22060 22580 V SQLiteCursor: 	at android.database.sqlite.SQLiteQueryBuilder.query(SQLiteQueryBuilder.java:333)
04-20 20:12:31.389485 22060 22580 V SQLiteCursor: 	at com.android.providers.media.MediaProvider.query(MediaProvider.java:3070)
04-20 20:12:31.389485 22060 22580 V SQLiteCursor: 	at android.content.ContentProvider.query(ContentProvider.java:1070)
04-20 20:12:31.389485 22060 22580 V SQLiteCursor: 	at android.content.ContentProvider$Transport.query(ContentProvider.java:249)
04-20 20:12:31.389485 22060 22580 V SQLiteCursor: 	at android.media.MediaScanner.prescan(MediaScanner.java:1481)
04-20 20:12:31.389485 22060 22580 V SQLiteCursor: 	at android.media.MediaScanner.scanSingleFile(MediaScanner.java:1742)
04-20 20:12:31.389485 22060 22580 V SQLiteCursor: 	at com.android.providers.media.MediaScannerService.scanFile(MediaScannerService.java:272)
04-20 20:12:31.389485 22060 22580 V SQLiteCursor: 	at com.android.providers.media.MediaScannerService.handleScanSingleFile(MediaScannerService.java:353)
04-20 20:12:31.389485 22060 22580 V SQLiteCursor: 	at com.android.providers.media.MediaScannerService.-wrap2(MediaScannerService.java)
04-20 20:12:31.389485 22060 22580 V SQLiteCursor: 	at com.android.providers.media.MediaScannerService$ServiceHandler.handleMessage(MediaScannerService.java:316)
04-20 20:12:31.389485 22060 22580 V SQLiteCursor: 	at android.os.Handler.dispatchMessage(Handler.java:111)
04-20 20:12:31.389485 22060 22580 V SQLiteCursor: 	at android.os.Looper.loop(Looper.java:207)
04-20 20:12:31.389485 22060 22580 V SQLiteCursor: 	at com.android.providers.media.MediaScannerService.run(MediaScannerService.java:262)
04-20 20:12:31.389485 22060 22580 V SQLiteCursor: 	at java.lang.Thread.run(Thread.java:818)
04-20 20:12:31.393029   231   269 D SurfaceFlinger: requestNextVsync(231)
04-20 20:12:31.395844 22060 22580 I CursorWindowStats: Created a new Cursor. # Open Cursors=1 (# cursors opened by this proc=1)
04-20 20:12:31.396372 22060 22580 V SQLiteStatements: /data/user/0/com.android.providers.media/databases/external.db: "SELECT _id FROM video"
04-20 20:12:31.396915 22060 22580 V SQLiteTime: /data/user/0/com.android.providers.media/databases/external.db: "SELECT _id FROM video" took 0.000 ms
04-20 20:12:31.397232 22060 22580 D SQLiteCursor: received count(*) from native_fill_window: 0
04-20 20:12:31.397373 22060 22580 V SQLiteCursor: Cursor close object=139029593
04-20 20:12:31.397993 20174 20194 D MTKLogger/LogInstance: -->updateStatusBar(), logType=4, titleRes=2131296257, enable=true
04-20 20:12:31.398213 20174 20194 W MTKLogger/LogInstance: Too frequent status bar update request, slow down.
04-20 20:12:31.400898   231   289 D SurfaceFlinger: postEvent(231, v/c=57877)
04-20 20:12:31.400957   231   287 D SurfaceFlinger: postEvent(20174, v/c=71954)
04-20 20:12:31.402108 20174 20174 V DisplayEventReceiver: call nativeScheduleVsync mReceiverPtr = 548120459328
04-20 20:12:31.402534   231   267 D SurfaceFlinger: requestNextVsync(20174)
04-20 20:12:31.402534 20174 20174 V ViewRootImpl: ViewRoot performTraversals+ : mFirst = false, this = ViewRoot{f93aacc ,ident = 22}
04-20 20:12:31.404011   345 22575 I MobileLogD/dupm: dump /proc/cmdline
04-20 20:12:31.404693 20174 20174 V ViewRootImpl: ViewRoot performTraversals and draw- : mResizeBuffer = null, mResizeAlpha = 0, this = ViewRoot{f93aacc ,ident = 22} frame#20 (cancelDraw = false)
04-20 20:12:31.405838 20174 22588 D MTKLogger/MTKLoggerService:  mNativeStateHandler receive message, what=1, arg1=4, arg2=1
04-20 20:12:31.406059 20174 22588 D MTKLogger/MTKLoggerService: -->handleLogStateChangeMsg(), mCachedStartStopCmd = 21
04-20 20:12:31.406155 20174 22588 D MTKLogger/MTKLoggerService:  MSG_LOG_STATE_CHANGED, logType=4, result=1, reason=[]
04-20 20:12:31.406217 20174 22588 D MTKLogger/MTKLoggerService: Still waiting start/stop command response, mark it as finished.
04-20 20:12:31.407948 22060 22580 D SQLiteQueryBuilder: Performing query: SELECT _id FROM audio
04-20 20:12:31.411836   231  1039 D SurfaceFlinger: requestNextVsync(231)
04-20 20:12:31.412939 22060 22580 V SQLiteCursor: Cursor open object=203190302
04-20 20:12:31.412939 22060 22580 V SQLiteCursor: java.lang.Throwable: stacktrace
04-20 20:12:31.412939 22060 22580 V SQLiteCursor: 	at android.database.sqlite.SQLiteCursor.<init>(SQLiteCursor.java:117)
04-20 20:12:31.412939 22060 22580 V SQLiteCursor: 	at android.database.sqlite.SQLiteDirectCursorDriver.query(SQLiteDirectCursorDriver.java:50)
04-20 20:12:31.412939 22060 22580 V SQLiteCursor: 	at android.database.sqlite.SQLiteDatabase.rawQueryWithFactory(SQLiteDatabase.java:1346)
04-20 20:12:31.412939 22060 22580 V SQLiteCursor: 	at android.database.sqlite.SQLiteQueryBuilder.query(SQLiteQueryBuilder.java:400)
04-20 20:12:31.412939 22060 22580 V SQLiteCursor: 	at android.database.sqlite.SQLiteQueryBuilder.query(SQLiteQueryBuilder.java:333)
04-20 20:12:31.412939 22060 22580 V SQLiteCursor: 	at com.android.providers.media.MediaProvider.query(MediaProvider.java:3070)
04-20 20:12:31.412939 22060 22580 V SQLiteCursor: 	at android.content.ContentProvider.query(ContentProvider.java:1070)
04-20 20:12:31.412939 22060 22580 V SQLiteCursor: 	at android.content.ContentProvider$Transport.query(ContentProvider.java:249)
04-20 20:12:31.412939 22060 22580 V SQLiteCursor: 	at android.media.MediaScanner.prescan(MediaScanner.java:1489)
04-20 20:12:31.412939 22060 22580 V SQLiteCursor: 	at android.media.MediaScanner.scanSingleFile(MediaScanner.java:1742)
04-20 20:12:31.412939 22060 22580 V SQLiteCursor: 	at com.android.providers.media.MediaScannerService.scanFile(MediaScannerService.java:272)
04-20 20:12:31.412939 22060 22580 V SQLiteCursor: 	at com.android.providers.media.MediaScannerService.handleScanSingleFile(MediaScannerService.java:353)
04-20 20:12:31.412939 22060 22580 V SQLiteCursor: 	at com.android.providers.media.MediaScannerService.-wrap2(MediaScannerService.java)
04-20 20:12:31.412939 22060 22580 V SQLiteCursor: 	at com.android.providers.media.MediaScannerService$ServiceHandler.handleMessage(MediaScannerService.java:316)
04-20 20:12:31.412939 22060 22580 V SQLiteCursor: 	at android.os.Handler.dispatchMessage(Handler.java:111)
04-20 20:12:31.412939 22060 22580 V SQLiteCursor: 	at android.os.Looper.loop(Looper.java:207)
04-20 20:12:31.412939 22060 22580 V SQLiteCursor: 	at com.android.providers.media.MediaScannerService.run(MediaScannerService.java:262)
04-20 20:12:31.412939 22060 22580 V SQLiteCursor: 	at java.lang.Thread.run(Thread.java:818)
04-20 20:12:31.416720 22060 22580 I CursorWindowStats: Created a new Cursor. # Open Cursors=1 (# cursors opened by this proc=1)
04-20 20:12:31.417163   231   289 D SurfaceFlinger: postEvent(231, v/c=57878)
04-20 20:12:31.417174   231   287 D SurfaceFlinger: postEvent(20174, v/c=71955)
04-20 20:12:31.417334 22060 22580 V SQLiteStatements: /data/user/0/com.android.providers.media/databases/external.db: "SELECT _id FROM audio"
04-20 20:12:31.417913 20174 20174 V DisplayEventReceiver: call nativeScheduleVsync mReceiverPtr = 548120459328
04-20 20:12:31.418355   231   269 D SurfaceFlinger: requestNextVsync(20174)
04-20 20:12:31.418588 20174 20174 V ViewRootImpl: ViewRoot performTraversals+ : mFirst = false, this = ViewRoot{f93aacc ,ident = 22}
04-20 20:12:31.419703 20174 20174 V ViewRootImpl: ViewRoot performTraversals and draw- : mResizeBuffer = null, mResizeAlpha = 0, this = ViewRoot{f93aacc ,ident = 22} frame#21 (cancelDraw = false)
04-20 20:12:31.420256 22060 22580 V SQLiteTime: /data/user/0/com.android.providers.media/databases/external.db: "SELECT _id FROM audio" took 3.000 ms
04-20 20:12:31.420666 22060 22580 D SQLiteCursor: received count(*) from native_fill_window: 0
04-20 20:12:31.420808 22060 22580 V SQLiteCursor: Cursor close object=203190302
04-20 20:12:31.425803   231   313 D SurfaceFlinger: requestNextVsync(231)
04-20 20:12:31.427128 22060 22580 V MediaScanner: prescan<<< imageCount=0,videoCount=0, audioCount=0, lastId=-9223372036854775808,isEmpty=true
04-20 20:12:31.429242 22060 22580 E MediaScanner: scanSingleFile: Not exist path=/storage/emulated/0/mtklog/mdlog1/MDLog1_2016_0420_195155/BPLGUInfoCustomAppSrcP_MT6735_S00_MOLY_LR9_W1444_MD_LWTG_MP_V79_P9_1_lwg_n.tmp
04-20 20:12:31.430484 20174 20633 V MediaScannerConnection: Scanning file /storage/emulated/0/mtklog/mdlog1/MDLog1_2016_0420_195155/MDLog1_2016_0420_195155.muxz.tmp
04-20 20:12:31.433373   231   289 D SurfaceFlinger: postEvent(231, v/c=57879)
04-20 20:12:31.433666   231   287 D SurfaceFlinger: postEvent(20174, v/c=71956)
04-20 20:12:31.433983 22060 22073 D MediaScannerService: IMediaScannerService.scanFile: /storage/emulated/0/mtklog/mdlog1/MDLog1_2016_0420_195155/MDLog1_2016_0420_195155.muxz.tmp mimeType: null
04-20 20:12:31.437114   964  2089 D IPCThreadState: [DN #5] BR_DEAD_BINDER cookie 0x7f979821e0
04-20 20:12:31.437579 22060 22060 D MediaScannerService: onDestroy
04-20 20:12:31.437882 20174 20174 V DisplayEventReceiver: call nativeScheduleVsync mReceiverPtr = 548120459328
04-20 20:12:31.438142   964  1162 D IPCThreadState: [DN #5] BR_DEAD_BINDER cookie 0x7f9517c680
04-20 20:12:31.438327 20174 20174 V ViewRootImpl: ViewRoot performTraversals+ : mFirst = false, this = ViewRoot{f93aacc ,ident = 22}
04-20 20:12:31.439006   231  1039 D SurfaceFlinger: requestNextVsync(20174)
04-20 20:12:31.439428 20174 20174 V ViewRootImpl: ViewRoot performTraversals and draw- : mResizeBuffer = null, mResizeAlpha = 0, this = ViewRoot{f93aacc ,ident = 22} frame#22 (cancelDraw = false)
04-20 20:12:31.448716   231  1738 D SurfaceFlinger: requestNextVsync(231)
04-20 20:12:31.449935   231   289 D SurfaceFlinger: postEvent(231, v/c=57880)
04-20 20:12:31.449999   231   287 D SurfaceFlinger: postEvent(20174, v/c=71957)
04-20 20:12:31.456766  1654  1654 D Launcher3: Launcher, onTrimMemory: level = 60
04-20 20:12:31.457581 20174 20174 V DisplayEventReceiver: call nativeScheduleVsync mReceiverPtr = 548120459328
04-20 20:12:31.458174   231   267 D SurfaceFlinger: requestNextVsync(20174)
04-20 20:12:31.458641 20174 20174 V ViewRootImpl: ViewRoot performTraversals+ : mFirst = false, this = ViewRoot{f93aacc ,ident = 22}
04-20 20:12:31.461456 22060 22060 D MediaScannerService: onCreate: CpuCoreNum = 4, isLowRamDevice = false
04-20 20:12:31.462051 20174 20174 V ViewRootImpl: ViewRoot performTraversals and draw- : mResizeBuffer = null, mResizeAlpha = 0, this = ViewRoot{f93aacc ,ident = 22} frame#23 (cancelDraw = false)
04-20 20:12:31.465956   231   287 D SurfaceFlinger: postEvent(20174, v/c=71958)
04-20 20:12:31.467371 20174 20174 V DisplayEventReceiver: call nativeScheduleVsync mReceiverPtr = 548120459328
04-20 20:12:31.467437   345 22572 I MobileLogD/new: logd_sock: 19
04-20 20:12:31.467791   231  1039 D SurfaceFlinger: requestNextVsync(20174)
04-20 20:12:31.467825 20174 20174 V ViewRootImpl: ViewRoot performTraversals+ : mFirst = false, this = ViewRoot{f93aacc ,ident = 22}
04-20 20:12:31.467853   964   976 D AppOps  : noteOperation: allowing code 59 uid 10007 package com.android.providers.media
04-20 20:12:31.468177   964   976 D AppOps  : noteOperation: allowing code 60 uid 10007 package com.android.providers.media
04-20 20:12:31.469608   345 22591 I MobileLogD/new: write thread 22591
04-20 20:12:31.470412   231   269 D SurfaceFlinger: requestNextVsync(231)
04-20 20:12:31.470415   964   976 D SettingsInterface:  from settings cache , name = sys_storage_threshold_percentage , value = null
04-20 20:12:31.472117   345 22572 I MobileLogD/bootmode: init debug
04-20 20:12:31.472278   964   976 D StrictMode: handleViolation; policy=6815751
04-20 20:12:31.473054   964   976 D SettingsInterface:  from settings cache , name = sys_storage_threshold_max_bytes , value = null
04-20 20:12:31.474398   964   976 D StrictMode: wrote violations to response parcel; num=1
04-20 20:12:31.474933   345 22572 I MobileLogD/config: thread 22572 comes
04-20 20:12:31.475646 20174 20174 V ViewRootImpl: ViewRoot performTraversals and draw- : mResizeBuffer = null, mResizeAlpha = 0, this = ViewRoot{f93aacc ,ident = 22} frame#24 (cancelDraw = false)
04-20 20:12:31.476965   345 22572 I MobileLogD/config: thread 22572 ends
04-20 20:12:31.477049   345 22572 D MobileLogD/lib: write deep_start,1 to client 8 
04-20 20:12:31.477377 20174 20198 V MTKLogger/LogConnection: Response from native byte size=12
04-20 20:12:31.477769 20174 20198 I MTKLogger/MobileLog: -->dealWithResponse(), resp=deep_start,1
04-20 20:12:31.478251   345 22572 D MobileLogD/lib: write to client over
04-20 20:12:31.478621 20174 20196 I MTKLogger/MobileLog: Handle receive message, what=25
04-20 20:12:31.478777 20174 20196 D MTKLogger/MobileLog: Got an update event, new state = 1, reason=null, oldState=0
04-20 20:12:31.478880 20174 20196 I MTKLogger/MobileLog: -->notifyServiceStatus(), status=1,  reason=[]
04-20 20:12:31.478945   345 22590 I MobileLogD/new: read thread 22590
04-20 20:12:31.479246 22060 22060 D StrictMode: strict mode violation stacks read from binder call.  i=0
04-20 20:12:31.481813   231   289 D SurfaceFlinger: postEvent(231, v/c=57882)
04-20 20:12:31.482789   231   287 D SurfaceFlinger: postEvent(20174, v/c=71959)
04-20 20:12:31.483896 20174 20174 V DisplayEventReceiver: call nativeScheduleVsync mReceiverPtr = 548120459328
04-20 20:12:31.484495 20174 20174 V ViewRootImpl: ViewRoot performTraversals+ : mFirst = false, this = ViewRoot{f93aacc ,ident = 22}
04-20 20:12:31.485280   231   267 D SurfaceFlinger: requestNextVsync(20174)
04-20 20:12:31.486976 22060 22592 I art     : Starting a blocking GC Explicit
04-20 20:12:31.488513   231   313 D SurfaceFlinger: requestNextVsync(231)
04-20 20:12:31.489832 20174 20174 V ViewRootImpl: ViewRoot performTraversals and draw- : mResizeBuffer = null, mResizeAlpha = 0, this = ViewRoot{f93aacc ,ident = 22} frame#25 (cancelDraw = false)
04-20 20:12:31.494135   231   269 D SurfaceFlinger: requestNextVsync(231)
04-20 20:12:31.496272 22060 22060 D MediaScannerService: onCreate : mIsThreadPoolEnable = true
04-20 20:12:31.498306   231   289 D SurfaceFlinger: postEvent(231, v/c=57883)
04-20 20:12:31.498776   231   287 D SurfaceFlinger: postEvent(20174, v/c=71960)
04-20 20:12:31.498965 22060 22060 D StrictMode: handleViolation; policy=2621447
04-20 20:12:31.499430 20174 20174 V DisplayEventReceiver: call nativeScheduleVsync mReceiverPtr = 548120459328
04-20 20:12:31.499866 20174 20174 V ViewRootImpl: ViewRoot performTraversals+ : mFirst = false, this = ViewRoot{f93aacc ,ident = 22}
04-20 20:12:31.499908   231   231 D SurfaceFlinger: requestNextVsync(231)
04-20 20:12:31.500042   231   231 D SurfaceFlinger: requestNextVsync(231)
04-20 20:12:31.500189   231  1738 D SurfaceFlinger: requestNextVsync(20174)
04-20 20:12:31.501609 20174 20174 V ViewRootImpl: ViewRoot performTraversals and draw- : mResizeBuffer = null, mResizeAlpha = 0, this = ViewRoot{f93aacc ,ident = 22} frame#26 (cancelDraw = false)
04-20 20:12:31.506942 20174 20196 D MTKLogger/LogInstance: -->updateStatusBar(), logType=1, titleRes=2131296258, enable=true
04-20 20:12:31.507178 20174 20196 W MTKLogger/LogInstance: Too frequent status bar update request, slow down.
04-20 20:12:31.512101   231   269 D SurfaceFlinger: requestNextVsync(231)
04-20 20:12:31.513969 20174 22593 D MTKLogger/MTKLoggerService:  mNativeStateHandler receive message, what=1, arg1=1, arg2=1
04-20 20:12:31.514131 20174 22593 D MTKLogger/MTKLoggerService: -->handleLogStateChangeMsg(), mCachedStartStopCmd = 17
04-20 20:12:31.514218 20174 22593 D MTKLogger/MTKLoggerService:  MSG_LOG_STATE_CHANGED, logType=1, result=1, reason=[]
04-20 20:12:31.514279 20174 22593 D MTKLogger/MTKLoggerService: Still waiting start/stop command response, mark it as finished.
04-20 20:12:31.514761   231   289 D SurfaceFlinger: postEvent(231, v/c=57884)
04-20 20:12:31.515105   231   287 D SurfaceFlinger: postEvent(20174, v/c=71961)
04-20 20:12:31.515927   231   231 D SurfaceFlinger: requestNextVsync(231)
04-20 20:12:31.516110   231   231 D SurfaceFlinger: requestNextVsync(231)
04-20 20:12:31.516331 20174 20174 V DisplayEventReceiver: call nativeScheduleVsync mReceiverPtr = 548120459328
04-20 20:12:31.516710 20174 20174 V ViewRootImpl: ViewRoot performTraversals+ : mFirst = false, this = ViewRoot{f93aacc ,ident = 22}
04-20 20:12:31.519226   231  1738 D SurfaceFlinger: requestNextVsync(20174)
04-20 20:12:31.520091 20174 20174 V ViewRootImpl: ViewRoot performTraversals and draw- : mResizeBuffer = null, mResizeAlpha = 0, this = ViewRoot{f93aacc ,ident = 22} frame#27 (cancelDraw = false)
04-20 20:12:31.528776   231  1039 D SurfaceFlinger: requestNextVsync(231)
04-20 20:12:31.531079   231   289 D SurfaceFlinger: postEvent(231, v/c=57885)
04-20 20:12:31.531692   231   287 D SurfaceFlinger: postEvent(20174, v/c=71962)
04-20 20:12:31.531054   345 22575 I MobileLogD/dupm: dump /system/data/misc/ProjectConfig.mk
04-20 20:12:31.532381 20174 20174 V DisplayEventReceiver: call nativeScheduleVsync mReceiverPtr = 548120459328
04-20 20:12:31.532770 20174 20174 V ViewRootImpl: ViewRoot performTraversals+ : mFirst = false, this = ViewRoot{f93aacc ,ident = 22}
04-20 20:12:31.532868   231   231 D SurfaceFlinger: requestNextVsync(231)
04-20 20:12:31.533012   231   231 D SurfaceFlinger: requestNextVsync(231)
04-20 20:12:31.533596   231   267 D SurfaceFlinger: requestNextVsync(20174)
04-20 20:12:31.534417 20174 20174 V ViewRootImpl: ViewRoot performTraversals and draw- : mResizeBuffer = null, mResizeAlpha = 0, this = ViewRoot{f93aacc ,ident = 22} frame#28 (cancelDraw = false)
04-20 20:12:31.535003 22587 22587 D tcpdump : tcpdump: 
04-20 20:12:31.535103 22587 22587 D tcpdump : listening on any, link-type LINUX_SLL (Linux cooked), capture size 65535 bytes
04-20 20:12:31.540657   231  1039 D SurfaceFlinger: requestNextVsync(231)
04-20 20:12:31.547320   231   289 D SurfaceFlinger: postEvent(231, v/c=57886)
04-20 20:12:31.547319   231   287 D SurfaceFlinger: postEvent(20174, v/c=71963)
04-20 20:12:31.548111 20174 20174 V DisplayEventReceiver: call nativeScheduleVsync mReceiverPtr = 548120459328
04-20 20:12:31.548484 20174 20174 V ViewRootImpl: ViewRoot performTraversals+ : mFirst = false, this = ViewRoot{f93aacc ,ident = 22}
04-20 20:12:31.548471   231   231 D SurfaceFlinger: requestNextVsync(231)
04-20 20:12:31.548570   231   313 D SurfaceFlinger: requestNextVsync(20174)
04-20 20:12:31.548655   231   231 D SurfaceFlinger: requestNextVsync(231)
04-20 20:12:31.549946 20174 20174 V ViewRootImpl: ViewRoot performTraversals and draw- : mResizeBuffer = null, mResizeAlpha = 0, this = ViewRoot{f93aacc ,ident = 22} frame#29 (cancelDraw = false)
04-20 20:12:31.553872   231  1039 D SurfaceFlinger: requestNextVsync(231)
04-20 20:12:31.557602 22060 22592 I art     : Explicit concurrent mark sweep GC freed 2032(318KB) AllocSpace objects, 0(0B) LOS objects, 36% free, 893KB/1405KB, paused 880us total 70.022ms
04-20 20:12:31.558734 22060 22069 I StagefrightMediaScanner: StagefrightMediaScanner destructor
04-20 20:12:31.563681   231   289 D SurfaceFlinger: postEvent(231, v/c=57887)
04-20 20:12:31.563829   231   287 D SurfaceFlinger: postEvent(20174, v/c=71964)
04-20 20:12:31.564527 20174 20174 V DisplayEventReceiver: call nativeScheduleVsync mReceiverPtr = 548120459328
04-20 20:12:31.564724   231   231 D SurfaceFlinger: requestNextVsync(231)
04-20 20:12:31.564851   231   313 D SurfaceFlinger: requestNextVsync(20174)
04-20 20:12:31.564866   231   231 D SurfaceFlinger: requestNextVsync(231)
04-20 20:12:31.564976 20174 20174 V ViewRootImpl: ViewRoot performTraversals+ : mFirst = false, this = ViewRoot{f93aacc ,ident = 22}
04-20 20:12:31.566278 20174 20174 V ViewRootImpl: ViewRoot performTraversals and draw- : mResizeBuffer = null, mResizeAlpha = 0, this = ViewRoot{f93aacc ,ident = 22} frame#30 (cancelDraw = false)
04-20 20:12:31.567944 22060 22592 V MediaScannerService: service handle finish created
04-20 20:12:31.572037   231  1738 D SurfaceFlinger: requestNextVsync(231)
04-20 20:12:31.579939   231   287 D SurfaceFlinger: postEvent(20174, v/c=71965)
04-20 20:12:31.580087   231   289 D SurfaceFlinger: postEvent(231, v/c=57888)
04-20 20:12:31.580668 20174 20174 V DisplayEventReceiver: call nativeScheduleVsync mReceiverPtr = 548120459328
04-20 20:12:31.581089   231   231 D SurfaceFlinger: requestNextVsync(231)
04-20 20:12:31.581062 20174 20174 V ViewRootImpl: ViewRoot performTraversals+ : mFirst = false, this = ViewRoot{f93aacc ,ident = 22}
04-20 20:12:31.581054   231  1039 D SurfaceFlinger: requestNextVsync(20174)
04-20 20:12:31.581284   231   231 D SurfaceFlinger: requestNextVsync(231)
04-20 20:12:31.583082 20174 20174 V ViewRootImpl: ViewRoot performTraversals and draw- : mResizeBuffer = null, mResizeAlpha = 0, this = ViewRoot{f93aacc ,ident = 22} frame#31 (cancelDraw = false)
04-20 20:12:31.586660   231   269 D SurfaceFlinger: requestNextVsync(231)
04-20 20:12:31.594901   964  1670 D IPCThreadState: [DN #5] BR_DEAD_BINDER cookie 0x7f95d4dce0
04-20 20:12:31.594923   964  1844 D IPCThreadState: [DN #5] BR_DEAD_BINDER cookie 0x7f9517b820
04-20 20:12:31.595086   964  1162 D IPCThreadState: [DN #5] BR_DEAD_BINDER cookie 0x7f97d87140
04-20 20:12:31.596194   231   287 D SurfaceFlinger: postEvent(20174, v/c=71966)
04-20 20:12:31.596340   231   289 D SurfaceFlinger: postEvent(231, v/c=57889)
04-20 20:12:31.596899 20174 20174 V DisplayEventReceiver: call nativeScheduleVsync mReceiverPtr = 548120459328
04-20 20:12:31.597244   231  1738 D SurfaceFlinger: requestNextVsync(20174)
04-20 20:12:31.597237 20174 20174 V ViewRootImpl: ViewRoot performTraversals+ : mFirst = false, this = ViewRoot{f93aacc ,ident = 22}
04-20 20:12:31.598487   231   231 D SurfaceFlinger: requestNextVsync(231)
04-20 20:12:31.598639   231   231 D SurfaceFlinger: requestNextVsync(231)
04-20 20:12:31.603234 20174 20174 V ViewRootImpl: ViewRoot performTraversals and draw- : mResizeBuffer = null, mResizeAlpha = 0, this = ViewRoot{f93aacc ,ident = 22} frame#32 (cancelDraw = false)
04-20 20:12:31.611420   231   267 D SurfaceFlinger: requestNextVsync(231)
04-20 20:12:31.613053   231   287 D SurfaceFlinger: postEvent(20174, v/c=71967)
04-20 20:12:31.613183   231   289 D SurfaceFlinger: postEvent(231, v/c=57890)
04-20 20:12:31.613889 20174 20174 V DisplayEventReceiver: call nativeScheduleVsync mReceiverPtr = 548120459328
04-20 20:12:31.614295 20174 20174 V ViewRootImpl: ViewRoot performTraversals+ : mFirst = false, this = ViewRoot{f93aacc ,ident = 22}
04-20 20:12:31.614318   231   231 D SurfaceFlinger: requestNextVsync(231)
04-20 20:12:31.614360   231  1738 D SurfaceFlinger: requestNextVsync(20174)
04-20 20:12:31.614453   231   231 D SurfaceFlinger: requestNextVsync(231)
04-20 20:12:31.617333   231   231 I SurfaceFlinger: [Built-in Screen (type:0)] fps:45.757477,dur:1005.30,max:221.81,min:10.89
04-20 20:12:31.618874 22434 22434 I BackgroundMemoryTrimmer: Trimming objects from memory, since app is in the background.
04-20 20:12:31.620143 20174 20174 V ViewRootImpl: ViewRoot performTraversals and draw- : mResizeBuffer = null, mResizeAlpha = 0, this = ViewRoot{f93aacc ,ident = 22} frame#33 (cancelDraw = false)
04-20 20:12:31.625375   231   267 D SurfaceFlinger: requestNextVsync(231)
04-20 20:12:31.626335   964  1663 D AppOps  : noteOperation: allowing code 59 uid 10007 package com.android.providers.media
04-20 20:12:31.626670   964  1663 D AppOps  : noteOperation: allowing code 60 uid 10007 package com.android.providers.media
04-20 20:12:31.627483   964  1663 D SettingsInterface:  from settings cache , name = sys_storage_threshold_percentage , value = null
04-20 20:12:31.628934   231   287 D SurfaceFlinger: postEvent(20174, v/c=71968)
04-20 20:12:31.629089   964  1663 D StrictMode: handleViolation; policy=6815751
04-20 20:12:31.629532   231   289 D SurfaceFlinger: postEvent(231, v/c=57891)
04-20 20:12:31.629573 20174 20174 V DisplayEventReceiver: call nativeScheduleVsync mReceiverPtr = 548120459328
04-20 20:12:31.629918   231  1738 D SurfaceFlinger: requestNextVsync(20174)
04-20 20:12:31.629943 20174 20174 V ViewRootImpl: ViewRoot performTraversals+ : mFirst = false, this = ViewRoot{f93aacc ,ident = 22}
04-20 20:12:31.630665   231   231 D SurfaceFlinger: requestNextVsync(231)
04-20 20:12:31.630806   231   231 D SurfaceFlinger: requestNextVsync(231)
04-20 20:12:31.632034   964  1663 D SettingsInterface:  from settings cache , name = sys_storage_threshold_max_bytes , value = null
04-20 20:12:31.632582   964  1663 D StrictMode: wrote violations to response parcel; num=1
04-20 20:12:31.633677 20174 20174 V ViewRootImpl: ViewRoot performTraversals and draw- : mResizeBuffer = null, mResizeAlpha = 0, this = ViewRoot{f93aacc ,ident = 22} frame#34 (cancelDraw = false)
04-20 20:12:31.635648 22060 22060 D StrictMode: strict mode violation stacks read from binder call.  i=0
04-20 20:12:31.639085 22060 22592 V MediaScannerService: handleMessage: what = 11, startId = 1, arguments = Bundle[{mimetype=null, filepath=/storage/emulated/0/mtklog/mdlog1/MDLog1_2016_0420_195155/MDLog1_2016_0420_195155.muxz.tmp, listener=android.os.BinderProxy@cd7be1b}]
04-20 20:12:31.640528   231   313 D SurfaceFlinger: requestNextVsync(231)
04-20 20:12:31.641516 22060 22060 D StrictMode: handleViolation; policy=2621447
04-20 20:12:31.645069   231   287 D SurfaceFlinger: postEvent(20174, v/c=71969)
04-20 20:12:31.645264   231   289 D SurfaceFlinger: postEvent(231, v/c=57892)
04-20 20:12:31.645944 20174 20174 V DisplayEventReceiver: call nativeScheduleVsync mReceiverPtr = 548120459328
04-20 20:12:31.646352   231   267 D SurfaceFlinger: requestNextVsync(20174)
04-20 20:12:31.646688   231   231 D SurfaceFlinger: requestNextVsync(231)
04-20 20:12:31.646849   231   231 D SurfaceFlinger: requestNextVsync(231)
04-20 20:12:31.647005 20174 20174 V ViewRootImpl: ViewRoot performTraversals+ : mFirst = false, this = ViewRoot{f93aacc ,ident = 22}
04-20 20:12:31.648959 20174 20174 V ViewRootImpl: ViewRoot performTraversals and draw- : mResizeBuffer = null, mResizeAlpha = 0, this = ViewRoot{f93aacc ,ident = 22} frame#35 (cancelDraw = false)
04-20 20:12:31.652162   231  1039 D SurfaceFlinger: requestNextVsync(231)
04-20 20:12:31.655074 22060 22592 V MediaProvider: insertInternal>>>: uri=content://media/, match=300, initValues=name=external
04-20 20:12:31.658666   964   979 D AppOps  : noteOperation: allowing code 59 uid 10007 package com.android.providers.media
04-20 20:12:31.658994   964   979 D AppOps  : noteOperation: allowing code 60 uid 10007 package com.android.providers.media
04-20 20:12:31.659749   964   979 D SettingsInterface:  from settings cache , name = sys_storage_threshold_percentage , value = null
04-20 20:12:31.660434   964   979 D SettingsInterface:  from settings cache , name = sys_storage_threshold_max_bytes , value = null
04-20 20:12:31.661369   231   287 D SurfaceFlinger: postEvent(20174, v/c=71970)
04-20 20:12:31.661547   231   289 D SurfaceFlinger: postEvent(231, v/c=57893)
04-20 20:12:31.662319 20174 20174 V DisplayEventReceiver: call nativeScheduleVsync mReceiverPtr = 548120459328
04-20 20:12:31.662477   231   231 D SurfaceFlinger: requestNextVsync(231)
04-20 20:12:31.662604   231   231 D SurfaceFlinger: requestNextVsync(231)
04-20 20:12:31.662719 20174 20174 V ViewRootImpl: ViewRoot performTraversals+ : mFirst = false, this = ViewRoot{f93aacc ,ident = 22}
04-20 20:12:31.663371   231   313 D SurfaceFlinger: requestNextVsync(20174)
04-20 20:12:31.664879 20174 20174 V ViewRootImpl: ViewRoot performTraversals and draw- : mResizeBuffer = null, mResizeAlpha = 0, this = ViewRoot{f93aacc ,ident = 22} frame#36 (cancelDraw = false)
04-20 20:12:31.668025   231   269 D SurfaceFlinger: requestNextVsync(231)
04-20 20:12:31.671344   345 22575 I MobileLogD/dupm: dump /proc/last_kmsg
04-20 20:12:31.672224   964   975 D AppOps  : noteOperation: allowing code 59 uid 10007 package com.android.providers.media
04-20 20:12:31.672684   964   975 D AppOps  : noteOperation: allowing code 60 uid 10007 package com.android.providers.media
04-20 20:12:31.673994   964   975 D SettingsInterface:  from settings cache , name = sys_storage_threshold_percentage , value = null
04-20 20:12:31.674873   964   975 D SettingsInterface:  from settings cache , name = sys_storage_threshold_max_bytes , value = null
04-20 20:12:31.675840 22060 22592 V MediaProvider: attachVolume>>> volume=external
04-20 20:12:31.677667   231   287 D SurfaceFlinger: postEvent(20174, v/c=71971)
04-20 20:12:31.677822   231   289 D SurfaceFlinger: postEvent(231, v/c=57894)
04-20 20:12:31.678013   964  1652 D AppOps  : noteOperation: allowing code 59 uid 10007 package com.android.providers.media
04-20 20:12:31.678341   964  1652 D AppOps  : noteOperation: allowing code 60 uid 10007 package com.android.providers.media
04-20 20:12:31.678777   231   231 D SurfaceFlinger: requestNextVsync(231)
04-20 20:12:31.678904   231   231 D SurfaceFlinger: requestNextVsync(231)
04-20 20:12:31.679094   964  1652 D SettingsInterface:  from settings cache , name = sys_storage_threshold_percentage , value = null
04-20 20:12:31.679868 20174 20174 V DisplayEventReceiver: call nativeScheduleVsync mReceiverPtr = 548120459328
04-20 20:12:31.680277 20174 20174 V ViewRootImpl: ViewRoot performTraversals+ : mFirst = false, this = ViewRoot{f93aacc ,ident = 22}
04-20 20:12:31.680790   231  1039 D SurfaceFlinger: requestNextVsync(20174)
04-20 20:12:31.682015   964  1652 D SettingsInterface:  from settings cache , name = sys_storage_threshold_max_bytes , value = null
04-20 20:12:31.682623 20174 20174 V ViewRootImpl: ViewRoot performTraversals and draw- : mResizeBuffer = null, mResizeAlpha = 0, this = ViewRoot{f93aacc ,ident = 22} frame#37 (cancelDraw = false)
04-20 20:12:31.690620   231  1738 D SurfaceFlinger: requestNextVsync(231)
04-20 20:12:31.691704   964  8871 D AppOps  : noteOperation: allowing code 59 uid 10007 package com.android.providers.media
