04-20 20:07:12.134622 16627 16640 I RILC-MTK: RIL_CMD2_PROXY_4 sleep
04-20 20:07:12.134694 16627 16637 I RILC-MTK: RIL_CMD2_PROXY_3 wakeup
04-20 20:07:12.134743 16627 16637 I RILC-MTK: RIL_CMD2_PROXY_3 sleep
04-20 20:07:12.134813 16627 16638 I RILC-MTK: RIL_CMD2_PROXY_2 wakeup
04-20 20:07:12.134866 16627 16638 I RILC-MTK: RIL_CMD2_PROXY_2 sleep
04-20 20:07:12.134933 16627 16636 I RILC-MTK: RIL_URC2_PROXY wakeup
04-20 20:07:12.134982 16627 16636 I RILC-MTK: RIL_URC2_PROXY sleep
04-20 20:07:12.135054 16627 16634 I RILC-MTK: RIL_CMD_PROXY_4 wakeup
04-20 20:07:12.135104 16627 16634 I RILC-MTK: RIL_CMD_PROXY_4 sleep
04-20 20:07:12.135175 16627 16630 I RILC-MTK: RIL_URC_PROXY wakeup
04-20 20:07:12.135226 16627 16630 I RILC-MTK: RIL_URC_PROXY sleep
04-20 20:07:12.135309 16627 16635 I RILC-MTK: RIL_ATCI_PROXY wakeup
04-20 20:07:12.135360 16627 16635 I RILC-MTK: RIL_ATCI_PROXY sleep
04-20 20:07:12.135431 16627 16639 I RILC-MTK: RIL_CMD2_PROXY_1 wakeup
04-20 20:07:12.135480 16627 16639 I RILC-MTK: RIL_CMD2_PROXY_1 sleep
04-20 20:07:12.135552 16627 16641 I RILC-MTK: RIL_ATCI2_PROXY wakeup
04-20 20:07:12.135602 16627 16641 I RILC-MTK: RIL_ATCI2_PROXY sleep
04-20 20:07:12.135672 16627 16632 I RILC-MTK: RIL_CMD_PROXY_2 wakeup
04-20 20:07:12.135722 16627 16632 I RILC-MTK: RIL_CMD_PROXY_2 sleep
04-20 20:07:12.135793 16627 16631 I RILC-MTK: RIL_CMD_PROXY_3 wakeup
04-20 20:07:12.135843 16627 16631 I RILC-MTK: RIL_CMD_PROXY_3 sleep
04-20 20:07:12.135913 16627 16633 I RILC-MTK: RIL_CMD_PROXY_1 wakeup
04-20 20:07:12.135968 16627 16633 D RILC-MTK: proxy id:3, proxyName: RIL_CMD_PROXY_1
04-20 20:07:12.136025 16627 16633 D RILC-MTK: QUERY_MODEM_THERMAL pRI=0x7f9c88c480 p=0x7f9c896b60 execute on RIL_CMD_PROXY_1 using channel 3
04-20 20:07:12.136083 16627 16633 D RILC    : callOnRequest for new vendor ril
04-20 20:07:12.136139 16627 16633 D RIL     : onRequest: QUERY_MODEM_THERMAL, datalen = 8
04-20 20:07:12.136190 16627 16633 D RIL     : radioState:10
04-20 20:07:12.136250 16627 16633 D RIL     : requestQueryThermal Enter,-1
04-20 20:07:12.136312 16627 16633 D AT      : getRILChannelCtx subsystem:1, rid:0 channelOffset:0
04-20 20:07:12.136368 16627 16633 D AT      : AT send on RIL_CMD_READER_3, tid:548080612416
04-20 20:07:12.136419 16627 16633 D AT      : AT> AT+ETHERMAL
04-20 20:07:12.136468 16627 16633 I AT      : AT write start
04-20 20:07:12.138210 16517 16618 D RILMUXD : [gsm0710muxd] 3614:poll_thread(): poll_thread select found
04-20 20:07:12.138295 16517 16618 D RILMUXD : [gsm0710muxd] 1045:pseudo_device_read(): Enter, LackofAtciChannel=0
04-20 20:07:12.138370 16517 16618 D RILMUXD : [gsm0710muxd] 657:write_frame(): Sending frame to channel 5
04-20 20:07:12.138528 16517 16618 D RILMUXD : [gsm0710muxd] 766:write_frame(): Write a frame on channel 5 with length 12
04-20 20:07:12.145972 16517 16611 D RILMUXD : [gsm0710muxd] 1643:gsm0710_base_buffer_get_frame(): Get a complete frame. ch:5, ctrl:239, len:44
04-20 20:07:12.146060 16517 16611 D RILMUXD : [gsm0710muxd] 2383:extract_frames(): Writing 44 byte frame received on channel 5 to /dev/pts/9
04-20 20:07:12.146302 16517 16611 D RILMUXD : [gsm0710muxd] 2403:extract_frames(): write() returned. Written 44/44 bytes of frame to /dev/pts/9
04-20 20:07:12.146366 16517 16611 D RILMUXD : [gsm0710muxd] 2408:extract_frames(): fsync() failed (-1, 22 - Invalid argument)
04-20 20:07:12.146436 16517 16611 D RILMUXD : [gsm0710muxd] 1643:gsm0710_base_buffer_get_frame(): Get a complete frame. ch:5, ctrl:239, len:6
04-20 20:07:12.146497 16517 16611 D RILMUXD : [gsm0710muxd] 2383:extract_frames(): Writing 6 byte frame received on channel 5 to /dev/pts/9
04-20 20:07:12.146567 16517 16611 D RILMUXD : [gsm0710muxd] 2403:extract_frames(): write() returned. Written 6/6 bytes of frame to /dev/pts/9
04-20 20:07:12.146629 16517 16611 D RILMUXD : [gsm0710muxd] 2408:extract_frames(): fsync() failed (-1, 22 - Invalid argument)
04-20 20:07:12.146768 16627 16648 I AT      : AT read end: 50
04-20 20:07:12.146828 16627 16648 D AT      : AT< +ETHERMAL: 2, 32767, -127, -1, 32767, 18
04-20 20:07:12.146882 16627 16648 D AT      : RIL_CMD_READER_3 Enter processLine:+ETHERMAL: 2, 32767, -127, -1, 32767, 18
04-20 20:07:12.146937 16627 16648 D AT      : AT< OK
04-20 20:07:12.146987 16627 16648 D AT      : RIL_CMD_READER_3 Enter processLine:OK
04-20 20:07:12.147070 16627 16648 I AT      : AT read start
04-20 20:07:12.147162 16627 16633 D AT      : response received on RIL_CMD_READER_3, tid:548080612416
04-20 20:07:12.147215 16627 16633 D RIL     : requestQueryThermal success
04-20 20:07:12.147269 16627 16633 D RILC    : RequestComplete, RIL_SOCKET_1
04-20 20:07:12.147325 16627 16633 D RILC    : [THERMAL] local request for THERMAL returned 
04-20 20:07:12.147389 16627 16633 D RILC    : [THERMAL] s_THERMAL_fd is valid strResult is  2, 32767, -127, -1, 32767, 18
04-20 20:07:12.147493 16627 16633 D RILC-MTK: proxyLoop free  pRI=0x7f9c88c480 p=0x7f9c896b60 
04-20 20:07:12.147555 16627 16633 D RILC-MTK: proxyLoop free  pRequest=0x7f9c892400
04-20 20:07:12.147609 16627 16633 I RILC-MTK: RIL_CMD_PROXY_1 sleep
04-20 20:07:16.981740 16517 16517 D RILMUXD : [gsm0710muxd] 3897:main(): Frames received/dropped: 5095/0
04-20 20:07:21.981997 16517 16517 D RILMUXD : [gsm0710muxd] 3897:main(): Frames received/dropped: 5095/0
04-20 20:07:22.150506 16627 16642 I RILC    : NUMBER:1
04-20 20:07:22.150582 16627 16642 I RILC    : arg len:14
04-20 20:07:22.150649 16627 16642 I RILC    : ARGS[0]:THERMAL,0,-1
04-20 20:07:22.150790 16627 16642 D RILC    : C[locl]> QUERY_MODEM_THERMAL
04-20 20:07:22.150873 16627 16642 D RILC-MTK: QUERY_MODEM_THERMAL pRI=0x7f9c88c4b0 p=0x7f9c896c40 dispatched to RIL_CMD_PROXY_1
04-20 20:07:22.151172 16627 16640 I RILC-MTK: RIL_CMD2_PROXY_4 wakeup
04-20 20:07:22.151225 16627 16640 I RILC-MTK: RIL_CMD2_PROXY_4 sleep
04-20 20:07:22.151300 16627 16637 I RILC-MTK: RIL_CMD2_PROXY_3 wakeup
04-20 20:07:22.151351 16627 16637 I RILC-MTK: RIL_CMD2_PROXY_3 sleep
04-20 20:07:22.151424 16627 16638 I RILC-MTK: RIL_CMD2_PROXY_2 wakeup
04-20 20:07:22.151475 16627 16638 I RILC-MTK: RIL_CMD2_PROXY_2 sleep
04-20 20:07:22.151542 16627 16636 I RILC-MTK: RIL_URC2_PROXY wakeup
04-20 20:07:22.151591 16627 16636 I RILC-MTK: RIL_URC2_PROXY sleep
04-20 20:07:22.151660 16627 16634 I RILC-MTK: RIL_CMD_PROXY_4 wakeup
04-20 20:07:22.151710 16627 16634 I RILC-MTK: RIL_CMD_PROXY_4 sleep
04-20 20:07:22.151779 16627 16630 I RILC-MTK: RIL_URC_PROXY wakeup
04-20 20:07:22.151829 16627 16630 I RILC-MTK: RIL_URC_PROXY sleep
04-20 20:07:22.151902 16627 16635 I RILC-MTK: RIL_ATCI_PROXY wakeup
04-20 20:07:22.151953 16627 16635 I RILC-MTK: RIL_ATCI_PROXY sleep
04-20 20:07:22.152023 16627 16639 I RILC-MTK: RIL_CMD2_PROXY_1 wakeup
04-20 20:07:22.152073 16627 16639 I RILC-MTK: RIL_CMD2_PROXY_1 sleep
04-20 20:07:22.152145 16627 16641 I RILC-MTK: RIL_ATCI2_PROXY wakeup
04-20 20:07:22.152195 16627 16641 I RILC-MTK: RIL_ATCI2_PROXY sleep
04-20 20:07:22.152264 16627 16632 I RILC-MTK: RIL_CMD_PROXY_2 wakeup
04-20 20:07:22.152314 16627 16632 I RILC-MTK: RIL_CMD_PROXY_2 sleep
04-20 20:07:22.152384 16627 16631 I RILC-MTK: RIL_CMD_PROXY_3 wakeup
04-20 20:07:22.152434 16627 16631 I RILC-MTK: RIL_CMD_PROXY_3 sleep
04-20 20:07:22.152514 16627 16633 I RILC-MTK: RIL_CMD_PROXY_1 wakeup
04-20 20:07:22.152568 16627 16633 D RILC-MTK: proxy id:3, proxyName: RIL_CMD_PROXY_1
04-20 20:07:22.152624 16627 16633 D RILC-MTK: QUERY_MODEM_THERMAL pRI=0x7f9c88c4b0 p=0x7f9c896c40 execute on RIL_CMD_PROXY_1 using channel 3
04-20 20:07:22.152680 16627 16633 D RILC    : callOnRequest for new vendor ril
04-20 20:07:22.152737 16627 16633 D RIL     : onRequest: QUERY_MODEM_THERMAL, datalen = 8
04-20 20:07:22.152787 16627 16633 D RIL     : radioState:10
04-20 20:07:22.152847 16627 16633 D RIL     : requestQueryThermal Enter,-1
04-20 20:07:22.152910 16627 16633 D AT      : getRILChannelCtx subsystem:1, rid:0 channelOffset:0
04-20 20:07:22.152966 16627 16633 D AT      : AT send on RIL_CMD_READER_3, tid:548080612416
04-20 20:07:22.153017 16627 16633 D AT      : AT> AT+ETHERMAL
04-20 20:07:22.153065 16627 16633 I AT      : AT write start
04-20 20:07:22.155030 16517 16618 D RILMUXD : [gsm0710muxd] 3614:poll_thread(): poll_thread select found
04-20 20:07:22.155117 16517 16618 D RILMUXD : [gsm0710muxd] 1045:pseudo_device_read(): Enter, LackofAtciChannel=0
04-20 20:07:22.155192 16517 16618 D RILMUXD : [gsm0710muxd] 657:write_frame(): Sending frame to channel 5
04-20 20:07:22.155346 16517 16618 D RILMUXD : [gsm0710muxd] 766:write_frame(): Write a frame on channel 5 with length 12
04-20 20:07:22.162824 16517 16611 D RILMUXD : [gsm0710muxd] 1643:gsm0710_base_buffer_get_frame(): Get a complete frame. ch:5, ctrl:239, len:44
04-20 20:07:22.163101 16517 16611 D RILMUXD : [gsm0710muxd] 2383:extract_frames(): Writing 44 byte frame received on channel 5 to /dev/pts/9
04-20 20:07:22.163201 16517 16611 D RILMUXD : [gsm0710muxd] 2403:extract_frames(): write() returned. Written 44/44 bytes of frame to /dev/pts/9
04-20 20:07:22.163264 16517 16611 D RILMUXD : [gsm0710muxd] 2408:extract_frames(): fsync() failed (-1, 22 - Invalid argument)
04-20 20:07:22.163331 16517 16611 D RILMUXD : [gsm0710muxd] 1643:gsm0710_base_buffer_get_frame(): Get a complete frame. ch:5, ctrl:239, len:6
04-20 20:07:22.163392 16517 16611 D RILMUXD : [gsm0710muxd] 2383:extract_frames(): Writing 6 byte frame received on channel 5 to /dev/pts/9
04-20 20:07:22.163730 16627 16648 I AT      : AT read end: 44
04-20 20:07:22.163792 16627 16648 D AT      : AT< +ETHERMAL: 2, 32767, -127, -1, 32767, 18
04-20 20:07:22.163847 16627 16648 D AT      : RIL_CMD_READER_3 Enter processLine:+ETHERMAL: 2, 32767, -127, -1, 32767, 18
04-20 20:07:22.163903 16627 16648 I AT      : AT read start
04-20 20:07:22.164043 16517 16611 D RILMUXD : [gsm0710muxd] 2403:extract_frames(): write() returned. Written 6/6 bytes of frame to /dev/pts/9
04-20 20:07:22.164106 16517 16611 D RILMUXD : [gsm0710muxd] 2408:extract_frames(): fsync() failed (-1, 22 - Invalid argument)
04-20 20:07:22.164225 16627 16648 I AT      : AT read end: 6
04-20 20:07:22.164277 16627 16648 D AT      : AT< OK
04-20 20:07:22.164328 16627 16648 D AT      : RIL_CMD_READER_3 Enter processLine:OK
04-20 20:07:22.164401 16627 16648 I AT      : AT read start
04-20 20:07:22.164492 16627 16633 D AT      : response received on RIL_CMD_READER_3, tid:548080612416
04-20 20:07:22.164545 16627 16633 D RIL     : requestQueryThermal success
04-20 20:07:22.164601 16627 16633 D RILC    : RequestComplete, RIL_SOCKET_1
04-20 20:07:22.164656 16627 16633 D RILC    : [THERMAL] local request for THERMAL returned 
04-20 20:07:22.164720 16627 16633 D RILC    : [THERMAL] s_THERMAL_fd is valid strResult is  2, 32767, -127, -1, 32767, 18
04-20 20:07:22.164828 16627 16633 D RILC-MTK: proxyLoop free  pRI=0x7f9c88c4b0 p=0x7f9c896c40 
04-20 20:07:22.164891 16627 16633 D RILC-MTK: proxyLoop free  pRequest=0x7f9c892200
04-20 20:07:22.164942 16627 16633 I RILC-MTK: RIL_CMD_PROXY_1 sleep
04-20 20:07:26.982251 16517 16517 D RILMUXD : [gsm0710muxd] 3897:main(): Frames received/dropped: 5097/0
04-20 20:07:28.090564  1576  1576 D FdManager: [GDCT][phoneId0]onReceive: action=android.intent.action.BATTERY_CHANGED
04-20 20:07:28.101973  1576  1576 D FdManager: [GDCT][phoneId1]onReceive: action=android.intent.action.BATTERY_CHANGED
04-20 20:07:31.982506 16517 16517 D RILMUXD : [gsm0710muxd] 3897:main(): Frames received/dropped: 5097/0
04-20 20:07:32.172209 16627 16642 I RILC    : NUMBER:1
04-20 20:07:32.172286 16627 16642 I RILC    : arg len:14
04-20 20:07:32.172354 16627 16642 I RILC    : ARGS[0]:THERMAL,0,-1
04-20 20:07:32.172493 16627 16642 D RILC    : C[locl]> QUERY_MODEM_THERMAL
04-20 20:07:32.172577 16627 16642 D RILC-MTK: QUERY_MODEM_THERMAL pRI=0x7f9c88c4e0 p=0x7f9c896690 dispatched to RIL_CMD_PROXY_1
04-20 20:07:32.173173 16627 16640 I RILC-MTK: RIL_CMD2_PROXY_4 wakeup
04-20 20:07:32.173242 16627 16640 I RILC-MTK: RIL_CMD2_PROXY_4 sleep
04-20 20:07:32.173317 16627 16637 I RILC-MTK: RIL_CMD2_PROXY_3 wakeup
04-20 20:07:32.173366 16627 16637 I RILC-MTK: RIL_CMD2_PROXY_3 sleep
04-20 20:07:32.173547 16627 16638 I RILC-MTK: RIL_CMD2_PROXY_2 wakeup
04-20 20:07:32.173600 16627 16638 I RILC-MTK: RIL_CMD2_PROXY_2 sleep
04-20 20:07:32.173677 16627 16636 I RILC-MTK: RIL_URC2_PROXY wakeup
04-20 20:07:32.173726 16627 16636 I RILC-MTK: RIL_URC2_PROXY sleep
04-20 20:07:32.173800 16627 16634 I RILC-MTK: RIL_CMD_PROXY_4 wakeup
04-20 20:07:32.173850 16627 16634 I RILC-MTK: RIL_CMD_PROXY_4 sleep
04-20 20:07:32.173922 16627 16630 I RILC-MTK: RIL_URC_PROXY wakeup
04-20 20:07:32.173974 16627 16630 I RILC-MTK: RIL_URC_PROXY sleep
04-20 20:07:32.174045 16627 16635 I RILC-MTK: RIL_ATCI_PROXY wakeup
04-20 20:07:32.174095 16627 16635 I RILC-MTK: RIL_ATCI_PROXY sleep
04-20 20:07:32.174170 16627 16639 I RILC-MTK: RIL_CMD2_PROXY_1 wakeup
04-20 20:07:32.174222 16627 16639 I RILC-MTK: RIL_CMD2_PROXY_1 sleep
04-20 20:07:32.174292 16627 16641 I RILC-MTK: RIL_ATCI2_PROXY wakeup
04-20 20:07:32.174343 16627 16641 I RILC-MTK: RIL_ATCI2_PROXY sleep
04-20 20:07:32.174413 16627 16632 I RILC-MTK: RIL_CMD_PROXY_2 wakeup
04-20 20:07:32.174463 16627 16632 I RILC-MTK: RIL_CMD_PROXY_2 sleep
04-20 20:07:32.174534 16627 16631 I RILC-MTK: RIL_CMD_PROXY_3 wakeup
04-20 20:07:32.174587 16627 16631 I RILC-MTK: RIL_CMD_PROXY_3 sleep
04-20 20:07:32.174663 16627 16633 I RILC-MTK: RIL_CMD_PROXY_1 wakeup
04-20 20:07:32.174717 16627 16633 D RILC-MTK: proxy id:3, proxyName: RIL_CMD_PROXY_1
04-20 20:07:32.174773 16627 16633 D RILC-MTK: QUERY_MODEM_THERMAL pRI=0x7f9c88c4e0 p=0x7f9c896690 execute on RIL_CMD_PROXY_1 using channel 3
04-20 20:07:32.174831 16627 16633 D RILC    : callOnRequest for new vendor ril
04-20 20:07:32.174886 16627 16633 D RIL     : onRequest: QUERY_MODEM_THERMAL, datalen = 8
04-20 20:07:32.174936 16627 16633 D RIL     : radioState:10
04-20 20:07:32.174997 16627 16633 D RIL     : requestQueryThermal Enter,-1
04-20 20:07:32.175062 16627 16633 D AT      : getRILChannelCtx subsystem:1, rid:0 channelOffset:0
04-20 20:07:32.175115 16627 16633 D AT      : AT send on RIL_CMD_READER_3, tid:548080612416
04-20 20:07:32.175164 16627 16633 D AT      : AT> AT+ETHERMAL
04-20 20:07:32.175215 16627 16633 I AT      : AT write start
04-20 20:07:32.175460 16517 16618 D RILMUXD : [gsm0710muxd] 3614:poll_thread(): poll_thread select found
04-20 20:07:32.175531 16517 16618 D RILMUXD : [gsm0710muxd] 1045:pseudo_device_read(): Enter, LackofAtciChannel=0
04-20 20:07:32.175603 16517 16618 D RILMUXD : [gsm0710muxd] 657:write_frame(): Sending frame to channel 5
04-20 20:07:32.175754 16517 16618 D RILMUXD : [gsm0710muxd] 766:write_frame(): Write a frame on channel 5 with length 12
04-20 20:07:32.183260 16517 16611 D RILMUXD : [gsm0710muxd] 1643:gsm0710_base_buffer_get_frame(): Get a complete frame. ch:5, ctrl:239, len:44
04-20 20:07:32.183713 16517 16611 D RILMUXD : [gsm0710muxd] 2383:extract_frames(): Writing 44 byte frame received on channel 5 to /dev/pts/9
04-20 20:07:32.183814 16517 16611 D RILMUXD : [gsm0710muxd] 2403:extract_frames(): write() returned. Written 44/44 bytes of frame to /dev/pts/9
04-20 20:07:32.183877 16517 16611 D RILMUXD : [gsm0710muxd] 2408:extract_frames(): fsync() failed (-1, 22 - Invalid argument)
04-20 20:07:32.183946 16517 16611 D RILMUXD : [gsm0710muxd] 1643:gsm0710_base_buffer_get_frame(): Get a complete frame. ch:5, ctrl:239, len:6
04-20 20:07:32.184011 16517 16611 D RILMUXD : [gsm0710muxd] 2383:extract_frames(): Writing 6 byte frame received on channel 5 to /dev/pts/9
04-20 20:07:32.184082 16517 16611 D RILMUXD : [gsm0710muxd] 2403:extract_frames(): write() returned. Written 6/6 bytes of frame to /dev/pts/9
04-20 20:07:32.184143 16517 16611 D RILMUXD : [gsm0710muxd] 2408:extract_frames(): fsync() failed (-1, 22 - Invalid argument)
04-20 20:07:32.184282 16627 16648 I AT      : AT read end: 50
04-20 20:07:32.184339 16627 16648 D AT      : AT< +ETHERMAL: 2, 32767, -127, -1, 32767, 18
04-20 20:07:32.184395 16627 16648 D AT      : RIL_CMD_READER_3 Enter processLine:+ETHERMAL: 2, 32767, -127, -1, 32767, 18
04-20 20:07:32.184450 16627 16648 D AT      : AT< OK
04-20 20:07:32.184500 16627 16648 D AT      : RIL_CMD_READER_3 Enter processLine:OK
04-20 20:07:32.184576 16627 16648 I AT      : AT read start
04-20 20:07:32.184672 16627 16633 D AT      : response received on RIL_CMD_READER_3, tid:548080612416
04-20 20:07:32.184727 16627 16633 D RIL     : requestQueryThermal success
04-20 20:07:32.184781 16627 16633 D RILC    : RequestComplete, RIL_SOCKET_1
04-20 20:07:32.184839 16627 16633 D RILC    : [THERMAL] local request for THERMAL returned 
04-20 20:07:32.184904 16627 16633 D RILC    : [THERMAL] s_THERMAL_fd is valid strResult is  2, 32767, -127, -1, 32767, 18
04-20 20:07:32.185011 16627 16633 D RILC-MTK: proxyLoop free  pRI=0x7f9c88c4e0 p=0x7f9c896690 
04-20 20:07:32.185075 16627 16633 D RILC-MTK: proxyLoop free  pRequest=0x7f9c892480
04-20 20:07:32.185125 16627 16633 I RILC-MTK: RIL_CMD_PROXY_1 sleep
04-20 20:07:36.982761 16517 16517 D RILMUXD : [gsm0710muxd] 3897:main(): Frames received/dropped: 5099/0
04-20 20:07:41.983017 16517 16517 D RILMUXD : [gsm0710muxd] 3897:main(): Frames received/dropped: 5099/0
04-20 20:07:42.192400 16627 16642 I RILC    : NUMBER:1
04-20 20:07:42.192478 16627 16642 I RILC    : arg len:14
04-20 20:07:42.192547 16627 16642 I RILC    : ARGS[0]:THERMAL,0,-1
04-20 20:07:42.192692 16627 16642 D RILC    : C[locl]> QUERY_MODEM_THERMAL
04-20 20:07:42.192772 16627 16642 D RILC-MTK: QUERY_MODEM_THERMAL pRI=0x7f9c88c420 p=0x7f9c896bd0 dispatched to RIL_CMD_PROXY_1
04-20 20:07:42.193374 16627 16640 I RILC-MTK: RIL_CMD2_PROXY_4 wakeup
04-20 20:07:42.193668 16627 16640 I RILC-MTK: RIL_CMD2_PROXY_4 sleep
04-20 20:07:42.193750 16627 16637 I RILC-MTK: RIL_CMD2_PROXY_3 wakeup
04-20 20:07:42.193800 16627 16637 I RILC-MTK: RIL_CMD2_PROXY_3 sleep
04-20 20:07:42.193873 16627 16638 I RILC-MTK: RIL_CMD2_PROXY_2 wakeup
04-20 20:07:42.193923 16627 16638 I RILC-MTK: RIL_CMD2_PROXY_2 sleep
04-20 20:07:42.193997 16627 16636 I RILC-MTK: RIL_URC2_PROXY wakeup
04-20 20:07:42.194048 16627 16636 I RILC-MTK: RIL_URC2_PROXY sleep
04-20 20:07:42.194124 16627 16634 I RILC-MTK: RIL_CMD_PROXY_4 wakeup
04-20 20:07:42.194173 16627 16634 I RILC-MTK: RIL_CMD_PROXY_4 sleep
04-20 20:07:42.194247 16627 16630 I RILC-MTK: RIL_URC_PROXY wakeup
04-20 20:07:42.194298 16627 16630 I RILC-MTK: RIL_URC_PROXY sleep
04-20 20:07:42.194369 16627 16635 I RILC-MTK: RIL_ATCI_PROXY wakeup
04-20 20:07:42.194418 16627 16635 I RILC-MTK: RIL_ATCI_PROXY sleep
04-20 20:07:42.194491 16627 16639 I RILC-MTK: RIL_CMD2_PROXY_1 wakeup
04-20 20:07:42.194542 16627 16639 I RILC-MTK: RIL_CMD2_PROXY_1 sleep
04-20 20:07:42.194613 16627 16641 I RILC-MTK: RIL_ATCI2_PROXY wakeup
04-20 20:07:42.194662 16627 16641 I RILC-MTK: RIL_ATCI2_PROXY sleep
04-20 20:07:42.194734 16627 16632 I RILC-MTK: RIL_CMD_PROXY_2 wakeup
04-20 20:07:42.194785 16627 16632 I RILC-MTK: RIL_CMD_PROXY_2 sleep
04-20 20:07:42.194856 16627 16631 I RILC-MTK: RIL_CMD_PROXY_3 wakeup
04-20 20:07:42.194905 16627 16631 I RILC-MTK: RIL_CMD_PROXY_3 sleep
04-20 20:07:42.194978 16627 16633 I RILC-MTK: RIL_CMD_PROXY_1 wakeup
04-20 20:07:42.195031 16627 16633 D RILC-MTK: proxy id:3, proxyName: RIL_CMD_PROXY_1
04-20 20:07:42.195087 16627 16633 D RILC-MTK: QUERY_MODEM_THERMAL pRI=0x7f9c88c420 p=0x7f9c896bd0 execute on RIL_CMD_PROXY_1 using channel 3
04-20 20:07:42.195147 16627 16633 D RILC    : callOnRequest for new vendor ril
04-20 20:07:42.195201 16627 16633 D RIL     : onRequest: QUERY_MODEM_THERMAL, datalen = 8
04-20 20:07:42.195251 16627 16633 D RIL     : radioState:10
04-20 20:07:42.195314 16627 16633 D RIL     : requestQueryThermal Enter,-1
04-20 20:07:42.195376 16627 16633 D AT      : getRILChannelCtx subsystem:1, rid:0 channelOffset:0
04-20 20:07:42.195430 16627 16633 D AT      : AT send on RIL_CMD_READER_3, tid:548080612416
04-20 20:07:42.195480 16627 16633 D AT      : AT> AT+ETHERMAL
04-20 20:07:42.195530 16627 16633 I AT      : AT write start
04-20 20:07:42.195777 16517 16618 D RILMUXD : [gsm0710muxd] 3614:poll_thread(): poll_thread select found
04-20 20:07:42.195848 16517 16618 D RILMUXD : [gsm0710muxd] 1045:pseudo_device_read(): Enter, LackofAtciChannel=0
04-20 20:07:42.195920 16517 16618 D RILMUXD : [gsm0710muxd] 657:write_frame(): Sending frame to channel 5
04-20 20:07:42.196071 16517 16618 D RILMUXD : [gsm0710muxd] 766:write_frame(): Write a frame on channel 5 with length 12
04-20 20:07:42.203876 16517 16611 D RILMUXD : [gsm0710muxd] 1643:gsm0710_base_buffer_get_frame(): Get a complete frame. ch:5, ctrl:239, len:44
04-20 20:07:42.203970 16517 16611 D RILMUXD : [gsm0710muxd] 2383:extract_frames(): Writing 44 byte frame received on channel 5 to /dev/pts/9
04-20 20:07:42.204066 16517 16611 D RILMUXD : [gsm0710muxd] 2403:extract_frames(): write() returned. Written 44/44 bytes of frame to /dev/pts/9
04-20 20:07:42.204131 16517 16611 D RILMUXD : [gsm0710muxd] 2408:extract_frames(): fsync() failed (-1, 22 - Invalid argument)
04-20 20:07:42.204198 16517 16611 D RILMUXD : [gsm0710muxd] 1643:gsm0710_base_buffer_get_frame(): Get a complete frame. ch:5, ctrl:239, len:6
04-20 20:07:42.204259 16517 16611 D RILMUXD : [gsm0710muxd] 2383:extract_frames(): Writing 6 byte frame received on channel 5 to /dev/pts/9
04-20 20:07:42.204331 16517 16611 D RILMUXD : [gsm0710muxd] 2403:extract_frames(): write() returned. Written 6/6 bytes of frame to /dev/pts/9
04-20 20:07:42.204389 16517 16611 D RILMUXD : [gsm0710muxd] 2408:extract_frames(): fsync() failed (-1, 22 - Invalid argument)
04-20 20:07:42.204557 16627 16648 I AT      : AT read end: 50
04-20 20:07:42.204617 16627 16648 D AT      : AT< +ETHERMAL: 2, 32767, -127, -1, 32767, 18
04-20 20:07:42.204670 16627 16648 D AT      : RIL_CMD_READER_3 Enter processLine:+ETHERMAL: 2, 32767, -127, -1, 32767, 18
04-20 20:07:42.204729 16627 16648 D AT      : AT< OK
04-20 20:07:42.204783 16627 16648 D AT      : RIL_CMD_READER_3 Enter processLine:OK
04-20 20:07:42.204863 16627 16648 I AT      : AT read start
04-20 20:07:42.204956 16627 16633 D AT      : response received on RIL_CMD_READER_3, tid:548080612416
04-20 20:07:42.205010 16627 16633 D RIL     : requestQueryThermal success
04-20 20:07:42.205064 16627 16633 D RILC    : RequestComplete, RIL_SOCKET_1
04-20 20:07:42.205118 16627 16633 D RILC    : [THERMAL] local request for THERMAL returned 
04-20 20:07:42.205183 16627 16633 D RILC    : [THERMAL] s_THERMAL_fd is valid strResult is  2, 32767, -127, -1, 32767, 18
04-20 20:07:42.205285 16627 16633 D RILC-MTK: proxyLoop free  pRI=0x7f9c88c420 p=0x7f9c896bd0 
04-20 20:07:42.205348 16627 16633 D RILC-MTK: proxyLoop free  pRequest=0x7f9c8921e0
04-20 20:07:42.205401 16627 16633 I RILC-MTK: RIL_CMD_PROXY_1 sleep
04-20 20:07:46.983271 16517 16517 D RILMUXD : [gsm0710muxd] 3897:main(): Frames received/dropped: 5101/0
04-20 20:07:51.983531 16517 16517 D RILMUXD : [gsm0710muxd] 3897:main(): Frames received/dropped: 5101/0
04-20 20:07:52.212856 16627 16642 I RILC    : NUMBER:1
04-20 20:07:52.212933 16627 16642 I RILC    : arg len:14
04-20 20:07:52.213001 16627 16642 I RILC    : ARGS[0]:THERMAL,0,-1
04-20 20:07:52.213143 16627 16642 D RILC    : C[locl]> QUERY_MODEM_THERMAL
04-20 20:07:52.213223 16627 16642 D RILC-MTK: QUERY_MODEM_THERMAL pRI=0x7f9c88c480 p=0x7f9c896d20 dispatched to RIL_CMD_PROXY_1
04-20 20:07:52.213935 16627 16640 I RILC-MTK: RIL_CMD2_PROXY_4 wakeup
04-20 20:07:52.214002 16627 16640 I RILC-MTK: RIL_CMD2_PROXY_4 sleep
04-20 20:07:52.214072 16627 16637 I RILC-MTK: RIL_CMD2_PROXY_3 wakeup
04-20 20:07:52.214121 16627 16637 I RILC-MTK: RIL_CMD2_PROXY_3 sleep
04-20 20:07:52.214198 16627 16638 I RILC-MTK: RIL_CMD2_PROXY_2 wakeup
04-20 20:07:52.214249 16627 16638 I RILC-MTK: RIL_CMD2_PROXY_2 sleep
04-20 20:07:52.214320 16627 16636 I RILC-MTK: RIL_URC2_PROXY wakeup
04-20 20:07:52.214372 16627 16636 I RILC-MTK: RIL_URC2_PROXY sleep
04-20 20:07:52.214444 16627 16634 I RILC-MTK: RIL_CMD_PROXY_4 wakeup
04-20 20:07:52.214495 16627 16634 I RILC-MTK: RIL_CMD_PROXY_4 sleep
04-20 20:07:52.214566 16627 16630 I RILC-MTK: RIL_URC_PROXY wakeup
04-20 20:07:52.214618 16627 16630 I RILC-MTK: RIL_URC_PROXY sleep
04-20 20:07:52.214694 16627 16635 I RILC-MTK: RIL_ATCI_PROXY wakeup
04-20 20:07:52.214744 16627 16635 I RILC-MTK: RIL_ATCI_PROXY sleep
04-20 20:07:52.214815 16627 16639 I RILC-MTK: RIL_CMD2_PROXY_1 wakeup
04-20 20:07:52.214867 16627 16639 I RILC-MTK: RIL_CMD2_PROXY_1 sleep
04-20 20:07:52.214942 16627 16641 I RILC-MTK: RIL_ATCI2_PROXY wakeup
04-20 20:07:52.214995 16627 16641 I RILC-MTK: RIL_ATCI2_PROXY sleep
04-20 20:07:52.215067 16627 16632 I RILC-MTK: RIL_CMD_PROXY_2 wakeup
04-20 20:07:52.215117 16627 16632 I RILC-MTK: RIL_CMD_PROXY_2 sleep
04-20 20:07:52.215188 16627 16631 I RILC-MTK: RIL_CMD_PROXY_3 wakeup
04-20 20:07:52.215238 16627 16631 I RILC-MTK: RIL_CMD_PROXY_3 sleep
04-20 20:07:52.215313 16627 16633 I RILC-MTK: RIL_CMD_PROXY_1 wakeup
04-20 20:07:52.215369 16627 16633 D RILC-MTK: proxy id:3, proxyName: RIL_CMD_PROXY_1
04-20 20:07:52.215426 16627 16633 D RILC-MTK: QUERY_MODEM_THERMAL pRI=0x7f9c88c480 p=0x7f9c896d20 execute on RIL_CMD_PROXY_1 using channel 3
04-20 20:07:52.215485 16627 16633 D RILC    : callOnRequest for new vendor ril
04-20 20:07:52.215540 16627 16633 D RIL     : onRequest: QUERY_MODEM_THERMAL, datalen = 8
04-20 20:07:52.215589 16627 16633 D RIL     : radioState:10
04-20 20:07:52.215651 16627 16633 D RIL     : requestQueryThermal Enter,-1
04-20 20:07:52.215713 16627 16633 D AT      : getRILChannelCtx subsystem:1, rid:0 channelOffset:0
04-20 20:07:52.215766 16627 16633 D AT      : AT send on RIL_CMD_READER_3, tid:548080612416
04-20 20:07:52.215817 16627 16633 D AT      : AT> AT+ETHERMAL
04-20 20:07:52.215865 16627 16633 I AT      : AT write start
04-20 20:07:52.219321 16517 16618 D RILMUXD : [gsm0710muxd] 3614:poll_thread(): poll_thread select found
04-20 20:07:52.219424 16517 16618 D RILMUXD : [gsm0710muxd] 1045:pseudo_device_read(): Enter, LackofAtciChannel=0
04-20 20:07:52.219499 16517 16618 D RILMUXD : [gsm0710muxd] 657:write_frame(): Sending frame to channel 5
04-20 20:07:52.219656 16517 16618 D RILMUXD : [gsm0710muxd] 766:write_frame(): Write a frame on channel 5 with length 12
04-20 20:07:52.227140 16517 16611 D RILMUXD : [gsm0710muxd] 1643:gsm0710_base_buffer_get_frame(): Get a complete frame. ch:5, ctrl:239, len:44
04-20 20:07:52.227371 16517 16611 D RILMUXD : [gsm0710muxd] 2383:extract_frames(): Writing 44 byte frame received on channel 5 to /dev/pts/9
04-20 20:07:52.227606 16517 16611 D RILMUXD : [gsm0710muxd] 2403:extract_frames(): write() returned. Written 44/44 bytes of frame to /dev/pts/9
04-20 20:07:52.227673 16517 16611 D RILMUXD : [gsm0710muxd] 2408:extract_frames(): fsync() failed (-1, 22 - Invalid argument)
04-20 20:07:52.227741 16517 16611 D RILMUXD : [gsm0710muxd] 1643:gsm0710_base_buffer_get_frame(): Get a complete frame. ch:5, ctrl:239, len:6
04-20 20:07:52.227802 16517 16611 D RILMUXD : [gsm0710muxd] 2383:extract_frames(): Writing 6 byte frame received on channel 5 to /dev/pts/9
04-20 20:07:52.227870 16517 16611 D RILMUXD : [gsm0710muxd] 2403:extract_frames(): write() returned. Written 6/6 bytes of frame to /dev/pts/9
04-20 20:07:52.227932 16517 16611 D RILMUXD : [gsm0710muxd] 2408:extract_frames(): fsync() failed (-1, 22 - Invalid argument)
04-20 20:07:52.228079 16627 16648 I AT      : AT read end: 50
04-20 20:07:52.228140 16627 16648 D AT      : AT< +ETHERMAL: 2, 32767, -127, -1, 32767, 18
04-20 20:07:52.228194 16627 16648 D AT      : RIL_CMD_READER_3 Enter processLine:+ETHERMAL: 2, 32767, -127, -1, 32767, 18
04-20 20:07:52.228254 16627 16648 D AT      : AT< OK
04-20 20:07:52.228305 16627 16648 D AT      : RIL_CMD_READER_3 Enter processLine:OK
04-20 20:07:52.228389 16627 16648 I AT      : AT read start
04-20 20:07:52.228483 16627 16633 D AT      : response received on RIL_CMD_READER_3, tid:548080612416
04-20 20:07:52.228537 16627 16633 D RIL     : requestQueryThermal success
04-20 20:07:52.228593 16627 16633 D RILC    : RequestComplete, RIL_SOCKET_1
04-20 20:07:52.228647 16627 16633 D RILC    : [THERMAL] local request for THERMAL returned 
04-20 20:07:52.228710 16627 16633 D RILC    : [THERMAL] s_THERMAL_fd is valid strResult is  2, 32767, -127, -1, 32767, 18
04-20 20:07:52.228819 16627 16633 D RILC-MTK: proxyLoop free  pRI=0x7f9c88c480 p=0x7f9c896d20 
04-20 20:07:52.228880 16627 16633 D RILC-MTK: proxyLoop free  pRequest=0x7f9c892500
04-20 20:07:52.228929 16627 16633 I RILC-MTK: RIL_CMD_PROXY_1 sleep
04-20 20:07:56.983775 16517 16517 D RILMUXD : [gsm0710muxd] 3897:main(): Frames received/dropped: 5103/0
04-20 20:07:57.810874   964   981 D TelephonyRegistry: listen: E pkg=android events=0x0 notifyNow=true subId=2147483647 myUserId=0 callerUserId=0
04-20 20:07:57.810968   964   981 D TelephonyRegistry: listen: Unregister
04-20 20:07:57.811267   964   981 D TelephonyRegistry: remove: binder=android.telephony.PhoneStateListener$1@d65d065r.callingPackageandroidr.callbackandroid.telephony.PhoneStateListener$1@d65d065
04-20 20:07:59.201751   964   981 D TelephonyRegistry: listen: E pkg=android events=0x1 notifyNow=true subId=2147483647 myUserId=0 callerUserId=0
04-20 20:07:59.201946   964   981 D TelephonyRegistry: listen: add new record
04-20 20:07:59.204573  1576  2110 D SubscriptionController: [getPhoneId] asked for default subId=-1
04-20 20:07:59.204921  1576  2110 D SubscriptionController: [getPhoneId]- invalid subId = -1 return = -1
04-20 20:07:59.206095   964   981 D TelephonyRegistry: listen:  Register r={callingPackage=android binder=android.telephony.PhoneStateListener$1@c6d4540 callback=android.telephony.PhoneStateListener$1@c6d4540 onSubscriptionsChangedListenererCallback=null callerUserId=0 subId=2147483647 phoneId=-1 events=1 canReadPhoneState=false} r.subId=2147483647 phoneId=-1
04-20 20:07:59.206281   964   981 D TelephonyRegistry: listen: logSSC.length=5 next=3
04-20 20:07:59.208552   964   981 D TelephonyRegistry: notifyServiceStateForSubscriber Time 20160420T171405Asia/Shanghai(3,110,28800,0,1461143645) mSubId -2 mPhoneId 0  mState 1 1 voice home data home null null null null null null  Unknown Unknown CSS not supported -1 -1 RoamInd=-1 DefRoamInd=-1 EmergOnly=true Ril Voice Regist state: 10 Ril Data Regist state: 0 mProprietaryDataRadioTechnology: 0 VoiceRejectCause: -1 DataRejectCause: -1 mCdmaNetWorkMode: 0 IsDataRoamingFromRegistration=false
04-20 20:07:59.210714   964   981 D TelephonyRegistry: notifyServiceStateForSubscriber Time 20160420T171405Asia/Shanghai(3,110,28800,0,1461143645) mSubId -2 mPhoneId 0  mState 1 1 voice home data home null null null null null null  Unknown Unknown CSS not supported -1 -1 RoamInd=-1 DefRoamInd=-1 EmergOnly=true Ril Voice Regist state: 10 Ril Data Regist state: 0 mProprietaryDataRadioTechnology: 0 VoiceRejectCause: -1 DataRejectCause: -1 mCdmaNetWorkMode: 0 IsDataRoamingFromRegistration=false
04-20 20:07:59.212860   964   981 D TelephonyRegistry: notifyServiceStateForSubscriber Time 20160420T171405Asia/Shanghai(3,110,28800,0,1461143645) mSubId -3 mPhoneId 1  mState 3 3 voice home data home null null null null null null  Unknown Unknown CSS not supported -1 -1 RoamInd=-1 DefRoamInd=-1 EmergOnly=false Ril Voice Regist state: 0 Ril Data Regist state: 0 mProprietaryDataRadioTechnology: 0 VoiceRejectCause: -1 DataRejectCause: -1 mCdmaNetWorkMode: 0 IsDataRoamingFromRegistration=false
04-20 20:07:59.215193   964   981 D TelephonyRegistry: notifyServiceStateForSubscriber Time 20160420T171405Asia/Shanghai(3,110,28800,0,1461143645) mSubId -2 mPhoneId 0  mState 1 1 voice home data home null null null null null null  Unknown Unknown CSS not supported -1 -1 RoamInd=-1 DefRoamInd=-1 EmergOnly=true Ril Voice Regist state: 10 Ril Data Regist state: 0 mProprietaryDataRadioTechnology: 0 VoiceRejectCause: -1 DataRejectCause: -1 mCdmaNetWorkMode: 0 IsDataRoamingFromRegistration=false
04-20 20:07:59.217395   964   981 D TelephonyRegistry: notifyServiceStateForSubscriber Time 20160420T171405Asia/Shanghai(3,110,28800,0,1461143645) mSubId -3 mPhoneId 1  mState 3 3 voice home data home null null null null null null  Unknown Unknown CSS not supported -1 -1 RoamInd=-1 DefRoamInd=-1 EmergOnly=false Ril Voice Regist state: 0 Ril Data Regist state: 0 mProprietaryDataRadioTechnology: 0 VoiceRejectCause: -1 DataRejectCause: -1 mCdmaNetWorkMode: 0 IsDataRoamingFromRegistration=false
04-20 20:07:59.217556   964   981 D TelephonyRegistry: listen: ----------------
04-20 20:07:59.217721   964   981 D TelephonyRegistry: validatePhoneId: false
04-20 20:07:59.220832   964   981 D TelephonyManager: getTelephonyProperty prop value= 1,1
04-20 20:07:59.223328   964   981 D SubscriptionManager: [getPhoneId]- return dummy value, subId = -1
04-20 20:07:59.224224   964   981 D TelephonyManager: getTelephonyProperty prop value= 
04-20 20:07:59.227961   964   981 D SubscriptionManager: [getPhoneId]- return dummy value, subId = -1
04-20 20:07:59.228120   964   981 D TelephonyManager: getTelephonyProperty prop value= ,
04-20 20:07:59.498213 22227 22227 D SubscriptionManager: [getPhoneId]- return dummy value, subId = -1
04-20 20:07:59.498504 22227 22227 D TelephonyManager: getTelephonyProperty prop value= false,false
04-20 20:08:01.984054 16517 16517 D RILMUXD : [gsm0710muxd] 3897:main(): Frames received/dropped: 5103/0
04-20 20:08:02.234817 16627 16642 I RILC    : NUMBER:1
04-20 20:08:02.234991 16627 16642 I RILC    : arg len:14
04-20 20:08:02.235066 16627 16642 I RILC    : ARGS[0]:THERMAL,0,-1
04-20 20:08:02.235242 16627 16642 D RILC    : C[locl]> QUERY_MODEM_THERMAL
04-20 20:08:02.235357 16627 16642 D RILC-MTK: QUERY_MODEM_THERMAL pRI=0x7f9c88c510 p=0x7f9c896e00 dispatched to RIL_CMD_PROXY_1
04-20 20:08:02.235705 16627 16633 I RILC-MTK: RIL_CMD_PROXY_1 wakeup
04-20 20:08:02.235732 16627 16637 I RILC-MTK: RIL_CMD2_PROXY_3 wakeup
04-20 20:08:02.235780 16627 16633 D RILC-MTK: proxy id:3, proxyName: RIL_CMD_PROXY_1
04-20 20:08:02.235785 16627 16637 I RILC-MTK: RIL_CMD2_PROXY_3 sleep
04-20 20:08:02.235851 16627 16633 D RILC-MTK: QUERY_MODEM_THERMAL pRI=0x7f9c88c510 p=0x7f9c896e00 execute on RIL_CMD_PROXY_1 using channel 3
04-20 20:08:02.235923 16627 16633 D RILC    : callOnRequest for new vendor ril
04-20 20:08:02.235989 16627 16633 D RIL     : onRequest: QUERY_MODEM_THERMAL, datalen = 8
04-20 20:08:02.236068 16627 16633 D RIL     : radioState:10
04-20 20:08:02.236134 16627 16633 D RIL     : requestQueryThermal Enter,-1
04-20 20:08:02.236197 16627 16633 D AT      : getRILChannelCtx subsystem:1, rid:0 channelOffset:0
04-20 20:08:02.236253 16627 16633 D AT      : AT send on RIL_CMD_READER_3, tid:548080612416
04-20 20:08:02.236305 16627 16633 D AT      : AT> AT+ETHERMAL
04-20 20:08:02.236354 16627 16633 I AT      : AT write start
04-20 20:08:02.236509 16627 16640 I RILC-MTK: RIL_CMD2_PROXY_4 wakeup
04-20 20:08:02.236560 16627 16640 I RILC-MTK: RIL_CMD2_PROXY_4 sleep
04-20 20:08:02.236571 16627 16638 I RILC-MTK: RIL_CMD2_PROXY_2 wakeup
04-20 20:08:02.236779 16517 16618 D RILMUXD : [gsm0710muxd] 3614:poll_thread(): poll_thread select found
04-20 20:08:02.236852 16517 16618 D RILMUXD : [gsm0710muxd] 1045:pseudo_device_read(): Enter, LackofAtciChannel=0
04-20 20:08:02.236923 16517 16618 D RILMUXD : [gsm0710muxd] 657:write_frame(): Sending frame to channel 5
04-20 20:08:02.237076 16517 16618 D RILMUXD : [gsm0710muxd] 766:write_frame(): Write a frame on channel 5 with length 12
04-20 20:08:02.237179 16627 16634 I RILC-MTK: RIL_CMD_PROXY_4 wakeup
04-20 20:08:02.237231 16627 16634 I RILC-MTK: RIL_CMD_PROXY_4 sleep
04-20 20:08:02.237333 16627 16630 I RILC-MTK: RIL_URC_PROXY wakeup
04-20 20:08:02.237384 16627 16630 I RILC-MTK: RIL_URC_PROXY sleep
04-20 20:08:02.237475 16627 16635 I RILC-MTK: RIL_ATCI_PROXY wakeup
04-20 20:08:02.237523 16627 16635 I RILC-MTK: RIL_ATCI_PROXY sleep
04-20 20:08:02.237619 16627 16641 I RILC-MTK: RIL_ATCI2_PROXY wakeup
04-20 20:08:02.237669 16627 16641 I RILC-MTK: RIL_ATCI2_PROXY sleep
04-20 20:08:02.237757 16627 16632 I RILC-MTK: RIL_CMD_PROXY_2 wakeup
04-20 20:08:02.237806 16627 16632 I RILC-MTK: RIL_CMD_PROXY_2 sleep
04-20 20:08:02.237891 16627 16631 I RILC-MTK: RIL_CMD_PROXY_3 wakeup
04-20 20:08:02.237941 16627 16631 I RILC-MTK: RIL_CMD_PROXY_3 sleep
04-20 20:08:02.238212 16627 16639 I RILC-MTK: RIL_CMD2_PROXY_1 wakeup
04-20 20:08:02.238243 16627 16638 I RILC-MTK: RIL_CMD2_PROXY_2 sleep
04-20 20:08:02.238352 16627 16636 I RILC-MTK: RIL_URC2_PROXY wakeup
04-20 20:08:02.238407 16627 16639 I RILC-MTK: RIL_CMD2_PROXY_1 sleep
04-20 20:08:02.238516 16627 16636 I RILC-MTK: RIL_URC2_PROXY sleep
04-20 20:08:02.244707 16517 16611 D RILMUXD : [gsm0710muxd] 1643:gsm0710_base_buffer_get_frame(): Get a complete frame. ch:5, ctrl:239, len:44
04-20 20:08:02.244851 16517 16611 D RILMUXD : [gsm0710muxd] 2383:extract_frames(): Writing 44 byte frame received on channel 5 to /dev/pts/9
04-20 20:08:02.244977 16517 16611 D RILMUXD : [gsm0710muxd] 2403:extract_frames(): write() returned. Written 44/44 bytes of frame to /dev/pts/9
04-20 20:08:02.245042 16517 16611 D RILMUXD : [gsm0710muxd] 2408:extract_frames(): fsync() failed (-1, 22 - Invalid argument)
04-20 20:08:02.245206 16627 16648 I AT      : AT read end: 44
04-20 20:08:02.245278 16627 16648 D AT      : AT< +ETHERMAL: 2, 32767, -127, -1, 32767, 18
04-20 20:08:02.245333 16627 16648 D AT      : RIL_CMD_READER_3 Enter processLine:+ETHERMAL: 2, 32767, -127, -1, 32767, 18
04-20 20:08:02.245395 16627 16648 I AT      : AT read start
04-20 20:08:02.245714 16517 16611 D RILMUXD : [gsm0710muxd] 1643:gsm0710_base_buffer_get_frame(): Get a complete frame. ch:5, ctrl:239, len:3
04-20 20:08:02.245780 16517 16611 D RILMUXD : [gsm0710muxd] 2383:extract_frames(): Writing 3 byte frame received on channel 5 to /dev/pts/9
04-20 20:08:02.245877 16517 16611 D RILMUXD : [gsm0710muxd] 2403:extract_frames(): write() returned. Written 3/3 bytes of frame to /dev/pts/9
04-20 20:08:02.245941 16517 16611 D RILMUXD : [gsm0710muxd] 2408:extract_frames(): fsync() failed (-1, 22 - Invalid argument)
04-20 20:08:02.246005 16517 16611 D RILMUXD : [gsm0710muxd] 1643:gsm0710_base_buffer_get_frame(): Get a complete frame. ch:5, ctrl:239, len:3
04-20 20:08:02.246068 16517 16611 D RILMUXD : [gsm0710muxd] 2383:extract_frames(): Writing 3 byte frame received on channel 5 to /dev/pts/9
04-20 20:08:02.246139 16517 16611 D RILMUXD : [gsm0710muxd] 2403:extract_frames(): write() returned. Written 3/3 bytes of frame to /dev/pts/9
04-20 20:08:02.246198 16517 16611 D RILMUXD : [gsm0710muxd] 2408:extract_frames(): fsync() failed (-1, 22 - Invalid argument)
04-20 20:08:02.246320 16627 16648 I AT      : AT read end: 6
04-20 20:08:02.246371 16627 16648 D AT      : AT< OK
04-20 20:08:02.246423 16627 16648 D AT      : RIL_CMD_READER_3 Enter processLine:OK
04-20 20:08:02.246495 16627 16648 I AT      : AT read start
04-20 20:08:02.246569 16627 16633 D AT      : response received on RIL_CMD_READER_3, tid:548080612416
04-20 20:08:02.246629 16627 16633 D RIL     : requestQueryThermal success
04-20 20:08:02.246688 16627 16633 D RILC    : RequestComplete, RIL_SOCKET_1
04-20 20:08:02.246742 16627 16633 D RILC    : [THERMAL] local request for THERMAL returned 
04-20 20:08:02.246817 16627 16633 D RILC    : [THERMAL] s_THERMAL_fd is valid strResult is  2, 32767, -127, -1, 32767, 18
04-20 20:08:02.246937 16627 16633 D RILC-MTK: proxyLoop free  pRI=0x7f9c88c510 p=0x7f9c896e00 
04-20 20:08:02.247010 16627 16633 D RILC-MTK: proxyLoop free  pRequest=0x7f9c8922c0
04-20 20:08:02.247062 16627 16633 I RILC-MTK: RIL_CMD_PROXY_1 sleep
04-20 20:08:06.984383 16517 16517 D RILMUXD : [gsm0710muxd] 3897:main(): Frames received/dropped: 5106/0
04-20 20:08:11.984633 16517 16517 D RILMUXD : [gsm0710muxd] 3897:main(): Frames received/dropped: 5106/0
04-20 20:08:12.254716 16627 16642 I RILC    : NUMBER:1
04-20 20:08:12.254792 16627 16642 I RILC    : arg len:14
04-20 20:08:12.254860 16627 16642 I RILC    : ARGS[0]:THERMAL,0,-1
04-20 20:08:12.255002 16627 16642 D RILC    : C[locl]> QUERY_MODEM_THERMAL
04-20 20:08:12.255085 16627 16642 D RILC-MTK: QUERY_MODEM_THERMAL pRI=0x7f9c88c690 p=0x7f9c896230 dispatched to RIL_CMD_PROXY_1
04-20 20:08:12.255401 16627 16637 I RILC-MTK: RIL_CMD2_PROXY_3 wakeup
04-20 20:08:12.255455 16627 16637 I RILC-MTK: RIL_CMD2_PROXY_3 sleep
04-20 20:08:12.255531 16627 16640 I RILC-MTK: RIL_CMD2_PROXY_4 wakeup
04-20 20:08:12.255581 16627 16640 I RILC-MTK: RIL_CMD2_PROXY_4 sleep
04-20 20:08:12.255648 16627 16634 I RILC-MTK: RIL_CMD_PROXY_4 wakeup
04-20 20:08:12.255697 16627 16634 I RILC-MTK: RIL_CMD_PROXY_4 sleep
04-20 20:08:12.255772 16627 16630 I RILC-MTK: RIL_URC_PROXY wakeup
04-20 20:08:12.255823 16627 16630 I RILC-MTK: RIL_URC_PROXY sleep
04-20 20:08:12.255899 16627 16635 I RILC-MTK: RIL_ATCI_PROXY wakeup
04-20 20:08:12.255948 16627 16635 I RILC-MTK: RIL_ATCI_PROXY sleep
04-20 20:08:12.256016 16627 16641 I RILC-MTK: RIL_ATCI2_PROXY wakeup
04-20 20:08:12.256066 16627 16641 I RILC-MTK: RIL_ATCI2_PROXY sleep
04-20 20:08:12.256145 16627 16632 I RILC-MTK: RIL_CMD_PROXY_2 wakeup
04-20 20:08:12.256195 16627 16632 I RILC-MTK: RIL_CMD_PROXY_2 sleep
04-20 20:08:12.256265 16627 16631 I RILC-MTK: RIL_CMD_PROXY_3 wakeup
04-20 20:08:12.256314 16627 16631 I RILC-MTK: RIL_CMD_PROXY_3 sleep
04-20 20:08:12.256388 16627 16638 I RILC-MTK: RIL_CMD2_PROXY_2 wakeup
04-20 20:08:12.256438 16627 16638 I RILC-MTK: RIL_CMD2_PROXY_2 sleep
04-20 20:08:12.256508 16627 16639 I RILC-MTK: RIL_CMD2_PROXY_1 wakeup
04-20 20:08:12.256558 16627 16639 I RILC-MTK: RIL_CMD2_PROXY_1 sleep
04-20 20:08:12.256627 16627 16636 I RILC-MTK: RIL_URC2_PROXY wakeup
04-20 20:08:12.256679 16627 16636 I RILC-MTK: RIL_URC2_PROXY sleep
04-20 20:08:12.256748 16627 16633 I RILC-MTK: RIL_CMD_PROXY_1 wakeup
04-20 20:08:12.256802 16627 16633 D RILC-MTK: proxy id:3, proxyName: RIL_CMD_PROXY_1
04-20 20:08:12.256860 16627 16633 D RILC-MTK: QUERY_MODEM_THERMAL pRI=0x7f9c88c690 p=0x7f9c896230 execute on RIL_CMD_PROXY_1 using channel 3
04-20 20:08:12.256918 16627 16633 D RILC    : callOnRequest for new vendor ril
04-20 20:08:12.256972 16627 16633 D RIL     : onRequest: QUERY_MODEM_THERMAL, datalen = 8
04-20 20:08:12.257021 16627 16633 D RIL     : radioState:10
04-20 20:08:12.257080 16627 16633 D RIL     : requestQueryThermal Enter,-1
04-20 20:08:12.257143 16627 16633 D AT      : getRILChannelCtx subsystem:1, rid:0 channelOffset:0
04-20 20:08:12.257197 16627 16633 D AT      : AT send on RIL_CMD_READER_3, tid:548080612416
04-20 20:08:12.257249 16627 16633 D AT      : AT> AT+ETHERMAL
04-20 20:08:12.257299 16627 16633 I AT      : AT write start
04-20 20:08:12.259078 16517 16618 D RILMUXD : [gsm0710muxd] 3614:poll_thread(): poll_thread select found
04-20 20:08:12.259164 16517 16618 D RILMUXD : [gsm0710muxd] 1045:pseudo_device_read(): Enter, LackofAtciChannel=0
04-20 20:08:12.259239 16517 16618 D RILMUXD : [gsm0710muxd] 657:write_frame(): Sending frame to channel 5
04-20 20:08:12.259389 16517 16618 D RILMUXD : [gsm0710muxd] 766:write_frame(): Write a frame on channel 5 with length 12
04-20 20:08:12.266927 16517 16611 D RILMUXD : [gsm0710muxd] 1643:gsm0710_base_buffer_get_frame(): Get a complete frame. ch:5, ctrl:239, len:44
04-20 20:08:12.267020 16517 16611 D RILMUXD : [gsm0710muxd] 2383:extract_frames(): Writing 44 byte frame received on channel 5 to /dev/pts/9
04-20 20:08:12.267265 16517 16611 D RILMUXD : [gsm0710muxd] 2403:extract_frames(): write() returned. Written 44/44 bytes of frame to /dev/pts/9
04-20 20:08:12.267329 16517 16611 D RILMUXD : [gsm0710muxd] 2408:extract_frames(): fsync() failed (-1, 22 - Invalid argument)
04-20 20:08:12.267400 16517 16611 D RILMUXD : [gsm0710muxd] 1643:gsm0710_base_buffer_get_frame(): Get a complete frame. ch:5, ctrl:239, len:6
04-20 20:08:12.267463 16517 16611 D RILMUXD : [gsm0710muxd] 2383:extract_frames(): Writing 6 byte frame received on channel 5 to /dev/pts/9
04-20 20:08:12.267533 16517 16611 D RILMUXD : [gsm0710muxd] 2403:extract_frames(): write() returned. Written 6/6 bytes of frame to /dev/pts/9
04-20 20:08:12.267592 16517 16611 D RILMUXD : [gsm0710muxd] 2408:extract_frames(): fsync() failed (-1, 22 - Invalid argument)
04-20 20:08:12.267732 16627 16648 I AT      : AT read end: 50
04-20 20:08:12.267792 16627 16648 D AT      : AT< +ETHERMAL: 2, 32767, -127, -1, 32767, 18
04-20 20:08:12.267845 16627 16648 D AT      : RIL_CMD_READER_3 Enter processLine:+ETHERMAL: 2, 32767, -127, -1, 32767, 18
04-20 20:08:12.267900 16627 16648 D AT      : AT< OK
04-20 20:08:12.267951 16627 16648 D AT      : RIL_CMD_READER_3 Enter processLine:OK
04-20 20:08:12.268025 16627 16648 I AT      : AT read start
04-20 20:08:12.268122 16627 16633 D AT      : response received on RIL_CMD_READER_3, tid:548080612416
04-20 20:08:12.268178 16627 16633 D RIL     : requestQueryThermal success
04-20 20:08:12.268231 16627 16633 D RILC    : RequestComplete, RIL_SOCKET_1
04-20 20:08:12.268285 16627 16633 D RILC    : [THERMAL] local request for THERMAL returned 
04-20 20:08:12.268350 16627 16633 D RILC    : [THERMAL] s_THERMAL_fd is valid strResult is  2, 32767, -127, -1, 32767, 18
04-20 20:08:12.268457 16627 16633 D RILC-MTK: proxyLoop free  pRI=0x7f9c88c690 p=0x7f9c896230 
04-20 20:08:12.268521 16627 16633 D RILC-MTK: proxyLoop free  pRequest=0x7f9c892400
04-20 20:08:12.268575 16627 16633 I RILC-MTK: RIL_CMD_PROXY_1 sleep
04-20 20:08:16.984886 16517 16517 D RILMUXD : [gsm0710muxd] 3897:main(): Frames received/dropped: 5108/0
04-20 20:08:18.095550  1576  1576 D FdManager: [GDCT][phoneId0]onReceive: action=android.intent.action.BATTERY_CHANGED
04-20 20:08:18.098018  1576  1576 D FdManager: [GDCT][phoneId1]onReceive: action=android.intent.action.BATTERY_CHANGED
04-20 20:08:21.985139 16517 16517 D RILMUXD : [gsm0710muxd] 3897:main(): Frames received/dropped: 5108/0
04-20 20:08:22.276037 16627 16642 I RILC    : NUMBER:1
04-20 20:08:22.276114 16627 16642 I RILC    : arg len:14
04-20 20:08:22.276183 16627 16642 I RILC    : ARGS[0]:THERMAL,0,-1
04-20 20:08:22.276331 16627 16642 D RILC    : C[locl]> QUERY_MODEM_THERMAL
04-20 20:08:22.276411 16627 16642 D RILC-MTK: QUERY_MODEM_THERMAL pRI=0x7f9c88c420 p=0x7f9c896380 dispatched to RIL_CMD_PROXY_1
04-20 20:08:22.276718 16627 16637 I RILC-MTK: RIL_CMD2_PROXY_3 wakeup
04-20 20:08:22.276771 16627 16637 I RILC-MTK: RIL_CMD2_PROXY_3 sleep
04-20 20:08:22.276841 16627 16640 I RILC-MTK: RIL_CMD2_PROXY_4 wakeup
04-20 20:08:22.276891 16627 16640 I RILC-MTK: RIL_CMD2_PROXY_4 sleep
04-20 20:08:22.276968 16627 16634 I RILC-MTK: RIL_CMD_PROXY_4 wakeup
04-20 20:08:22.277019 16627 16634 I RILC-MTK: RIL_CMD_PROXY_4 sleep
04-20 20:08:22.277084 16627 16630 I RILC-MTK: RIL_URC_PROXY wakeup
04-20 20:08:22.277134 16627 16630 I RILC-MTK: RIL_URC_PROXY sleep
04-20 20:08:22.277203 16627 16635 I RILC-MTK: RIL_ATCI_PROXY wakeup
04-20 20:08:22.277252 16627 16635 I RILC-MTK: RIL_ATCI_PROXY sleep
04-20 20:08:22.277327 16627 16641 I RILC-MTK: RIL_ATCI2_PROXY wakeup
04-20 20:08:22.277376 16627 16641 I RILC-MTK: RIL_ATCI2_PROXY sleep
04-20 20:08:22.277449 16627 16632 I RILC-MTK: RIL_CMD_PROXY_2 wakeup
04-20 20:08:22.277499 16627 16632 I RILC-MTK: RIL_CMD_PROXY_2 sleep
04-20 20:08:22.277573 16627 16631 I RILC-MTK: RIL_CMD_PROXY_3 wakeup
04-20 20:08:22.277622 16627 16631 I RILC-MTK: RIL_CMD_PROXY_3 sleep
04-20 20:08:22.277695 16627 16638 I RILC-MTK: RIL_CMD2_PROXY_2 wakeup
04-20 20:08:22.277744 16627 16638 I RILC-MTK: RIL_CMD2_PROXY_2 sleep
04-20 20:08:22.277818 16627 16639 I RILC-MTK: RIL_CMD2_PROXY_1 wakeup
04-20 20:08:22.277870 16627 16639 I RILC-MTK: RIL_CMD2_PROXY_1 sleep
04-20 20:08:22.277942 16627 16636 I RILC-MTK: RIL_URC2_PROXY wakeup
04-20 20:08:22.277990 16627 16636 I RILC-MTK: RIL_URC2_PROXY sleep
04-20 20:08:22.278062 16627 16633 I RILC-MTK: RIL_CMD_PROXY_1 wakeup
04-20 20:08:22.278117 16627 16633 D RILC-MTK: proxy id:3, proxyName: RIL_CMD_PROXY_1
04-20 20:08:22.278173 16627 16633 D RILC-MTK: QUERY_MODEM_THERMAL pRI=0x7f9c88c420 p=0x7f9c896380 execute on RIL_CMD_PROXY_1 using channel 3
04-20 20:08:22.278231 16627 16633 D RILC    : callOnRequest for new vendor ril
04-20 20:08:22.278287 16627 16633 D RIL     : onRequest: QUERY_MODEM_THERMAL, datalen = 8
04-20 20:08:22.278337 16627 16633 D RIL     : radioState:10
04-20 20:08:22.278397 16627 16633 D RIL     : requestQueryThermal Enter,-1
04-20 20:08:22.278460 16627 16633 D AT      : getRILChannelCtx subsystem:1, rid:0 channelOffset:0
04-20 20:08:22.278515 16627 16633 D AT      : AT send on RIL_CMD_READER_3, tid:548080612416
04-20 20:08:22.278565 16627 16633 D AT      : AT> AT+ETHERMAL
04-20 20:08:22.278616 16627 16633 I AT      : AT write start
04-20 20:08:22.280336 16517 16618 D RILMUXD : [gsm0710muxd] 3614:poll_thread(): poll_thread select found
04-20 20:08:22.280425 16517 16618 D RILMUXD : [gsm0710muxd] 1045:pseudo_device_read(): Enter, LackofAtciChannel=0
04-20 20:08:22.280498 16517 16618 D RILMUXD : [gsm0710muxd] 657:write_frame(): Sending frame to channel 5
04-20 20:08:22.280656 16517 16618 D RILMUXD : [gsm0710muxd] 766:write_frame(): Write a frame on channel 5 with length 12
04-20 20:08:22.288138 16517 16611 D RILMUXD : [gsm0710muxd] 1643:gsm0710_base_buffer_get_frame(): Get a complete frame. ch:5, ctrl:239, len:44
04-20 20:08:22.288382 16517 16611 D RILMUXD : [gsm0710muxd] 2383:extract_frames(): Writing 44 byte frame received on channel 5 to /dev/pts/9
04-20 20:08:22.288481 16517 16611 D RILMUXD : [gsm0710muxd] 2403:extract_frames(): write() returned. Written 44/44 bytes of frame to /dev/pts/9
04-20 20:08:22.288671 16517 16611 D RILMUXD : [gsm0710muxd] 2408:extract_frames(): fsync() failed (-1, 22 - Invalid argument)
04-20 20:08:22.288742 16517 16611 D RILMUXD : [gsm0710muxd] 1643:gsm0710_base_buffer_get_frame(): Get a complete frame. ch:5, ctrl:239, len:6
04-20 20:08:22.288804 16517 16611 D RILMUXD : [gsm0710muxd] 2383:extract_frames(): Writing 6 byte frame received on channel 5 to /dev/pts/9
04-20 20:08:22.288874 16517 16611 D RILMUXD : [gsm0710muxd] 2403:extract_frames(): write() returned. Written 6/6 bytes of frame to /dev/pts/9
04-20 20:08:22.288935 16517 16611 D RILMUXD : [gsm0710muxd] 2408:extract_frames(): fsync() failed (-1, 22 - Invalid argument)
