04-20 20:11:49.471575  1576  1576 D DCT     : [1]overall state is {mApnType=xcap mState=IDLE mWaitingApns={null} mWaitingApnsPermanentFailureCountDown=0 mApnSetting={null} mReason=radioTurnedOff mDataEnabled=false mDependencyMet=true}, {mApnType=cmmail mState=IDLE mWaitingApns={null} mWaitingApnsPermanentFailureCountDown=0 mApnSetting={null} mReason=radioTurnedOff mDataEnabled=false mDependencyMet=true}, {mApnType=rcs mState=IDLE mWaitingApns={null} mWaitingApnsPermanentFailureCountDown=0 mApnSetting={null} mReason=radioTurnedOff mDataEnabled=false mDependencyMet=true}, {mApnType=fota mState=IDLE mWaitingApns={null} mWaitingApnsPermanentFailureCountDown=0 mApnSetting={null} mReason=radioTurnedOff mDataEnabled=false mDependencyMet=true}, {mApnType=wap mState=IDLE mWaitingApns={null} mWaitingApnsPermanentFailureCountDown=0 mApnSetting={null} mReason=radioTurnedOff mDataEnabled=false mDependencyMet=true}, {mApnType=supl mState=IDLE mWaitingApns={null} mWaitingApnsPermanentFailureCountDown=0 mApnSetting={null} mReason=radioTurnedOff mDataEnabled=false mDependencyMet=true}, {mApnType=dm mState=IDLE mWaitingApns={null} mWaitingApnsPermanentFailureCountDown=0 mApnSetting={null} mReason=radioTurnedOff mDataEnabled=false mDependencyMet=true}, {mApnType=emergency mState=IDLE mWaitingApns={null} mWaitingApnsPermanentFailureCountDown=0 mApnSetting={null} mReason=radioTurnedOff mDataEnabled=false mDependencyMet=true}, {mApnType=hipri mState=IDLE mWaitingApns={null} mWaitingApnsPermanentFailureCountDown=0 mApnSetting={null} mReason=radioTurnedOff mDataEnabled=false mDependencyMet=true}, {mApnType=ims mState=IDLE mWaitingApns={null} mWaitingApnsPermanentFailureCountDown=0 mApnSetting={null} mReason=radioTurnedOff mDataEnabled=false mDependencyMet=true}, {mApnType=default mState=IDLE mWaitingApns={null} mWaitingApnsPermanentFailureCountDown=0 mApnSetting={null} mReason=radioTurnedOff mDataEnabled=false mDependencyMet=true}, {mApnType=mms mState=IDLE mWaitingApns={null} mWaitingApnsPermanentFailureCountDown=0 mApnSetting={null} mReason=radioTurnedOff mDataEnabled=false mDependencyMet=true}, {mApnType=cbs mState=IDLE mWaitingApns={null} mWaitingApnsPermanentFailureCountDown=0 mApnSetting={null} mReason=radioTurnedOff mDataEnabled=false mDependencyMet=true}, {mApnType=ia mState=IDLE mWaitingApns={null} mWaitingApnsPermanentFailureCountDown=0 mApnSetting={null} mReason=radioTurnedOff mDataEnabled=false mDependencyMet=true}, {mApnType=dun mState=IDLE mWaitingApns={null} mWaitingApnsPermanentFailureCountDown=0 mApnSetting={null} mReason=radioTurnedOff mDataEnabled=false mDependencyMet=true}, {mApnType=net mState=IDLE mWaitingApns={null} mWaitingApnsPermanentFailureCountDown=0 mApnSetting={null} mReason=radioTurnedOff mDataEnabled=false mDependencyMet=true}, 
04-20 20:11:49.471686  1576  1576 D DCT     : [1]overall state is IDLE
04-20 20:11:49.471803  1576  1576 D SubscriptionController: [getSubId]- sSlotIdxToSubId.size == 0, return DummySubIds slotIdx=1
04-20 20:11:49.471879  1576  1576 D SubscriptionController: getDummySubIds: slotIdx=1 return 2 DummySubIds with each subId=-3
04-20 20:11:49.472686   964  1162 D SubscriptionManager: [getPhoneId]- return dummy value, subId = -3
04-20 20:11:49.472875   964  1162 D TelephonyRegistry: validatePhoneId: true
04-20 20:11:49.473116   964  1162 D TelephonyRegistry: handleRemoveListLocked: mRemoveList.size()=0
04-20 20:11:49.476463  1576  1576 D FdManager: [GDCT][phoneId1]onReceive: action=android.intent.action.SCREEN_ON
04-20 20:11:49.476605  1576  1576 D FdManager: [GDCT][phoneId1]fdMdEnableMode=1, 3gSimID=0, when switching to SCREEN_ON
04-20 20:11:50.083258 16627 16642 D RILC    : s_last_wake_timeout_info: 0x7f9a9c39c0 
04-20 20:11:50.083378 16627 16642 D RILC    : userTimerCallback free  p_info: 0x7f9a9c3180
04-20 20:11:50.083534 16627 16642 D RILC    : userTimerCallback free  p_info->event: 0x7f9a9c3190
04-20 20:11:50.088088 16627 16642 D RILC    : s_last_wake_timeout_info: 0x7f9a9c39c0 
04-20 20:11:50.088168 16627 16642 D RILC    : userTimerCallback free  p_info: 0x7f9a9c33c0
04-20 20:11:50.088235 16627 16642 D RILC    : userTimerCallback free  p_info->event: 0x7f9a9c33d0
04-20 20:11:50.101047 16627 16642 D RILC    : s_last_wake_timeout_info: 0x7f9a9c39c0 
04-20 20:11:50.101134 16627 16642 D RILC    : userTimerCallback free  p_info: 0x7f9a9c3360
04-20 20:11:50.101203 16627 16642 D RILC    : userTimerCallback free  p_info->event: 0x7f9a9c3370
04-20 20:11:50.116436 16627 16642 D RILC    : s_last_wake_timeout_info: 0x7f9a9c39c0 
04-20 20:11:50.116529 16627 16642 D RILC    : userTimerCallback free  p_info: 0x7f9a9c3420
04-20 20:11:50.116597 16627 16642 D RILC    : userTimerCallback free  p_info->event: 0x7f9a9c3430
04-20 20:11:50.131639 16627 16642 D         : IMS: wakeTimeoutCallback and releaseWakeLock()
04-20 20:11:50.131726 16627 16642 D         : IMS_s_last_wake_timeout_info: 0x7f9a9c3960 
04-20 20:11:50.131793 16627 16642 D         : IMS_userTimerCallback free  p_info: 0x7f9a9c3480
04-20 20:11:50.131860 16627 16642 D         : IMS_userTimerCallback free  p_info->event: 0x7f9a9c3490
04-20 20:11:50.132240 16627 16642 D RILC    : s_last_wake_timeout_info: 0x7f9a9c39c0 
04-20 20:11:50.132320 16627 16642 D RILC    : userTimerCallback free  p_info: 0x7f9a9c34e0
04-20 20:11:50.132388 16627 16642 D RILC    : userTimerCallback free  p_info->event: 0x7f9a9c34f0
04-20 20:11:50.148524 16627 16642 D RILC    : s_last_wake_timeout_info: 0x7f9a9c39c0 
04-20 20:11:50.148617 16627 16642 D RILC    : userTimerCallback free  p_info: 0x7f9a9c3a20
04-20 20:11:50.148684 16627 16642 D RILC    : userTimerCallback free  p_info->event: 0x7f9a9c3a30
04-20 20:11:50.152314 16627 16642 D RILC    : s_last_wake_timeout_info: 0x7f9a9c39c0 
04-20 20:11:50.152395 16627 16642 D RILC    : userTimerCallback free  p_info: 0x7f9a9c3840
04-20 20:11:50.152463 16627 16642 D RILC    : userTimerCallback free  p_info->event: 0x7f9a9c3850
04-20 20:11:50.162369 16627 16642 D RILC    : s_last_wake_timeout_info: 0x7f9a9c39c0 
04-20 20:11:50.162456 16627 16642 D RILC    : userTimerCallback free  p_info: 0x7f9a9c38a0
04-20 20:11:50.162525 16627 16642 D RILC    : userTimerCallback free  p_info->event: 0x7f9a9c38b0
04-20 20:11:50.163093 16627 16642 D RILC    : s_last_wake_timeout_info: 0x7f9a9c39c0 
04-20 20:11:50.163172 16627 16642 D RILC    : userTimerCallback free  p_info: 0x7f9a9c3900
04-20 20:11:50.163242 16627 16642 D RILC    : userTimerCallback free  p_info->event: 0x7f9a9c3910
04-20 20:11:50.163337 16627 16642 D         : IMS: wakeTimeoutCallback and releaseWakeLock()
04-20 20:11:50.163577 16627 16642 D         : IMS_s_last_wake_timeout_info: 0x7f9a9c3960 reset to NULL
04-20 20:11:50.163728 16627 16642 D         : IMS_userTimerCallback free  p_info: 0x7f9a9c3960
04-20 20:11:50.163845 16627 16642 D         : IMS_userTimerCallback free  p_info->event: 0x7f9a9c3970
04-20 20:11:50.164142 16627 16642 D RILC    : s_last_wake_timeout_info: 0x7f9a9c39c0 reset to NULL
04-20 20:11:50.164393 16627 16642 D RILC    : userTimerCallback free  p_info: 0x7f9a9c39c0
04-20 20:11:50.164589 16627 16642 D RILC    : userTimerCallback free  p_info->event: 0x7f9a9c39d0
04-20 20:11:51.995786 16517 16517 D RILMUXD : [gsm0710muxd] 3897:main(): Frames received/dropped: 5187/0
04-20 20:11:52.689741 16627 16642 I RILC    : NUMBER:1
04-20 20:11:52.689896 16627 16642 I RILC    : arg len:14
04-20 20:11:52.690056 16627 16642 I RILC    : ARGS[0]:THERMAL,0,-1
04-20 20:11:52.690224 16627 16642 D RILC    : C[locl]> QUERY_MODEM_THERMAL
04-20 20:11:52.690308 16627 16642 D RILC-MTK: QUERY_MODEM_THERMAL pRI=0x7f9c88c660 p=0x7f9c896a10 dispatched to RIL_CMD_PROXY_1
04-20 20:11:52.690549 16627 16630 I RILC-MTK: RIL_URC_PROXY wakeup
04-20 20:11:52.690595 16627 16636 I RILC-MTK: RIL_URC2_PROXY wakeup
04-20 20:11:52.690607 16627 16630 I RILC-MTK: RIL_URC_PROXY sleep
04-20 20:11:52.690672 16627 16633 I RILC-MTK: RIL_CMD_PROXY_1 wakeup
04-20 20:11:52.690747 16627 16633 D RILC-MTK: proxy id:3, proxyName: RIL_CMD_PROXY_1
04-20 20:11:52.690747 16627 16640 I RILC-MTK: RIL_CMD2_PROXY_4 wakeup
04-20 20:11:52.690781 16627 16631 I RILC-MTK: RIL_CMD_PROXY_3 wakeup
04-20 20:11:52.690831 16627 16640 I RILC-MTK: RIL_CMD2_PROXY_4 sleep
04-20 20:11:52.690931 16627 16638 I RILC-MTK: RIL_CMD2_PROXY_2 wakeup
04-20 20:11:52.690936 16627 16633 D RILC-MTK: QUERY_MODEM_THERMAL pRI=0x7f9c88c660 p=0x7f9c896a10 execute on RIL_CMD_PROXY_1 using channel 3
04-20 20:11:52.690958 16627 16631 I RILC-MTK: RIL_CMD_PROXY_3 sleep
04-20 20:11:52.691051 16627 16634 I RILC-MTK: RIL_CMD_PROXY_4 wakeup
04-20 20:11:52.691064 16627 16636 I RILC-MTK: RIL_URC2_PROXY sleep
04-20 20:11:52.691182 16627 16639 I RILC-MTK: RIL_CMD2_PROXY_1 wakeup
04-20 20:11:52.691225 16627 16633 D RILC    : callOnRequest for new vendor ril
04-20 20:11:52.691241 16627 16639 I RILC-MTK: RIL_CMD2_PROXY_1 sleep
04-20 20:11:52.691288 16627 16633 D RIL     : onRequest: QUERY_MODEM_THERMAL, datalen = 8
04-20 20:11:52.691321 16627 16635 I RILC-MTK: RIL_ATCI_PROXY wakeup
04-20 20:11:52.691346 16627 16633 D RIL     : radioState:10
04-20 20:11:52.691377 16627 16635 I RILC-MTK: RIL_ATCI_PROXY sleep
04-20 20:11:52.691413 16627 16633 D RIL     : requestQueryThermal Enter,-1
04-20 20:11:52.691457 16627 16641 I RILC-MTK: RIL_ATCI2_PROXY wakeup
04-20 20:11:52.691485 16627 16633 D AT      : getRILChannelCtx subsystem:1, rid:0 channelOffset:0
04-20 20:11:52.691514 16627 16641 I RILC-MTK: RIL_ATCI2_PROXY sleep
04-20 20:11:52.691544 16627 16633 D AT      : AT send on RIL_CMD_READER_3, tid:548080612416
04-20 20:11:52.691601 16627 16633 D AT      : AT> AT+ETHERMAL
04-20 20:11:52.691614 16627 16637 I RILC-MTK: RIL_CMD2_PROXY_3 wakeup
04-20 20:11:52.691654 16627 16633 I AT      : AT write start
04-20 20:11:52.691671 16627 16637 I RILC-MTK: RIL_CMD2_PROXY_3 sleep
04-20 20:11:52.691896 16517 16618 D RILMUXD : [gsm0710muxd] 3614:poll_thread(): poll_thread select found
04-20 20:11:52.691999 16517 16618 D RILMUXD : [gsm0710muxd] 1045:pseudo_device_read(): Enter, LackofAtciChannel=0
04-20 20:11:52.692074 16517 16618 D RILMUXD : [gsm0710muxd] 657:write_frame(): Sending frame to channel 5
04-20 20:11:52.692076 16627 16632 I RILC-MTK: RIL_CMD_PROXY_2 wakeup
04-20 20:11:52.692157 16627 16632 I RILC-MTK: RIL_CMD_PROXY_2 sleep
04-20 20:11:52.692240 16627 16634 I RILC-MTK: RIL_CMD_PROXY_4 sleep
04-20 20:11:52.692330 16627 16638 I RILC-MTK: RIL_CMD2_PROXY_2 sleep
04-20 20:11:52.692771 16517 16618 D RILMUXD : [gsm0710muxd] 766:write_frame(): Write a frame on channel 5 with length 12
04-20 20:11:52.700513 16517 16611 D RILMUXD : [gsm0710muxd] 1643:gsm0710_base_buffer_get_frame(): Get a complete frame. ch:5, ctrl:239, len:44
04-20 20:11:52.700623 16517 16611 D RILMUXD : [gsm0710muxd] 2383:extract_frames(): Writing 44 byte frame received on channel 5 to /dev/pts/9
04-20 20:11:52.700732 16517 16611 D RILMUXD : [gsm0710muxd] 2403:extract_frames(): write() returned. Written 44/44 bytes of frame to /dev/pts/9
04-20 20:11:52.700800 16517 16611 D RILMUXD : [gsm0710muxd] 2408:extract_frames(): fsync() failed (-1, 22 - Invalid argument)
04-20 20:11:52.700916 16517 16611 D RILMUXD : [gsm0710muxd] 1643:gsm0710_base_buffer_get_frame(): Get a complete frame. ch:5, ctrl:239, len:6
04-20 20:11:52.700980 16517 16611 D RILMUXD : [gsm0710muxd] 2383:extract_frames(): Writing 6 byte frame received on channel 5 to /dev/pts/9
04-20 20:11:52.701100 16517 16611 D RILMUXD : [gsm0710muxd] 2403:extract_frames(): write() returned. Written 6/6 bytes of frame to /dev/pts/9
04-20 20:11:52.701160 16517 16611 D RILMUXD : [gsm0710muxd] 2408:extract_frames(): fsync() failed (-1, 22 - Invalid argument)
04-20 20:11:52.701380 16627 16648 I AT      : AT read end: 50
04-20 20:11:52.701447 16627 16648 D AT      : AT< +ETHERMAL: 2, 32767, -127, -1, 32767, 18
04-20 20:11:52.701501 16627 16648 D AT      : RIL_CMD_READER_3 Enter processLine:+ETHERMAL: 2, 32767, -127, -1, 32767, 18
04-20 20:11:52.701556 16627 16648 D AT      : AT< OK
04-20 20:11:52.701606 16627 16648 D AT      : RIL_CMD_READER_3 Enter processLine:OK
04-20 20:11:52.701679 16627 16648 I AT      : AT read start
04-20 20:11:52.701742 16627 16633 D AT      : response received on RIL_CMD_READER_3, tid:548080612416
04-20 20:11:52.701801 16627 16633 D RIL     : requestQueryThermal success
04-20 20:11:52.701858 16627 16633 D RILC    : RequestComplete, RIL_SOCKET_1
04-20 20:11:52.701913 16627 16633 D RILC    : [THERMAL] local request for THERMAL returned 
04-20 20:11:52.701978 16627 16633 D RILC    : [THERMAL] s_THERMAL_fd is valid strResult is  2, 32767, -127, -1, 32767, 18
04-20 20:11:52.702087 16627 16633 D RILC-MTK: proxyLoop free  pRI=0x7f9c88c660 p=0x7f9c896a10 
04-20 20:11:52.702155 16627 16633 D RILC-MTK: proxyLoop free  pRequest=0x7f9c892520
04-20 20:11:52.702332 16627 16633 I RILC-MTK: RIL_CMD_PROXY_1 sleep
04-20 20:11:53.681151 16517 16611 D RILMUXD : [gsm0710muxd] 1643:gsm0710_base_buffer_get_frame(): Get a complete frame. ch:2, ctrl:239, len:39
04-20 20:11:53.681278 16517 16611 D RILMUXD : [gsm0710muxd] 2383:extract_frames(): Writing 39 byte frame received on channel 2 to /dev/pts/6
04-20 20:11:53.681403 16517 16611 D RILMUXD : [gsm0710muxd] 2403:extract_frames(): write() returned. Written 39/39 bytes of frame to /dev/pts/6
04-20 20:11:53.681482 16517 16611 D RILMUXD : [gsm0710muxd] 2408:extract_frames(): fsync() failed (-1, 22 - Invalid argument)
04-20 20:11:53.681744 16627 16645 I AT      : AT read end: 39
04-20 20:11:53.681834 16627 16645 D AT      : AT< +ECSQ: 47,36,1,-294,-25,1,1,2,32767
04-20 20:11:53.681905 16627 16645 D AT      : RIL_URC_READER Enter processLine:+ECSQ: 47,36,1,-294,-25,1,1,2,32767
04-20 20:11:53.682041 16627 16645 D RILC    : [MAL_AT] data sent to rild-mal-at is '+ECSQ: 47,36,1,-294,-25,1,1,2,32767'
04-20 20:11:53.682192 16627 16645 D RILC    : internalRequestTimedCallback malloc p_info: 0x7f9a9c3060
04-20 20:11:53.682277 16627 16645 D RILC    : internalRequestTimedCallback malloc p_info->event: 0x7f9a9c3070
04-20 20:11:53.682522 16627 16645 D RIL     : Nw URC:+ECSQ: 47,36,1,-294,-25,1,1,2,32767
04-20 20:11:53.682629 16627 16645 D RIL     : convert3GRssiValue baseband=503 ,isFdd3G=1,isTdd3G=0 ,RSCP_in_qdbm=-294 ,EcN0_in_qdbm=-25
04-20 20:11:53.682713 16627 16645 D RILC    : callForRilVersion new vendor RIL, version: 10
04-20 20:11:53.682789 16627 16645 I RILC    : RIL_SOCKET_1 UNSOLICITED: UNSOL_SIGNAL_STRENGTH length:72
04-20 20:11:53.682854 16627 16645 E RILC    : Send Response to rild-mal
04-20 20:11:53.683182 16627 16645 E RILC    : Send Response to RIL_SOCKET_1
04-20 20:11:53.683359 16627 16645 I AT      : AT read start
04-20 20:11:53.686127  1576  1576 D GsmSST  : [GsmSST0] handle EVENT_SIGNAL_STRENGTH_UPDATE
04-20 20:11:53.686336  1576  1576 D GsmSST  : [GsmSST0] onSignalStrengthResult():  LastSignalStrength=SignalStrength: 14 34 -120 -160 -2 0 -1 99 2147483647 -2147483647 2147483647 2147483647 2147483647 gsm|lte 1 -308 -29
04-20 20:11:53.686457  1576  1576 D GsmSST  : [GsmSST0] onSignalStrengthResult():new mSignalStrength=SignalStrength: 14 36 -120 -160 -2 0 -1 99 2147483647 -2147483647 2147483647 2147483647 2147483647 gsm|lte 1 -296 -25
04-20 20:11:53.686741  1576  1576 W SignalStrength: SignalStrength get plugin
04-20 20:11:53.686930  1576  1576 I use-Rlog/RLOG-GSM: getLTELevel - rsrp:2147483647 snr:2147483647 rsrpIconLevel:-1 snrIconLevel:-1
04-20 20:11:53.687024  1576  1576 I use-Rlog/RLOG-GSM: getLTELevel - rssi:99 rssiIconLevel:0
04-20 20:11:53.687097  1576  1576 W SignalStrength: SignalStrength get plugin
04-20 20:11:53.687181  1576  1576 I use-Rlog/RLOG-GSM:  asu: 14 gsmRscp: -74 out level: 4
04-20 20:11:53.687344  1576  1576 D GsmSST  : [GsmSST0] notifySignalStrength: mSignalStrength.getLevel=4
04-20 20:11:53.687478  1576  1576 D SubscriptionController: [getSubId]- sSlotIdxToSubId.size == 0, return DummySubIds slotIdx=0
04-20 20:11:53.687583  1576  1576 D SubscriptionController: getDummySubIds: slotIdx=0 return 2 DummySubIds with each subId=-2
04-20 20:11:53.687842  1576  1576 D DefaultPhoneNotifier: notifySignalStrength: mRegistry=com.android.internal.telephony.ITelephonyRegistry$Stub$Proxy@20f1708 ss=SignalStrength: 14 36 -120 -160 -2 0 -1 99 2147483647 -2147483647 2147483647 2147483647 2147483647 gsm|lte 1 -296 -25 sender=Handler (com.android.internal.telephony.gsm.GSMPhone) {e4ac408}
04-20 20:11:53.689517   964  1582 D TelephonyRegistry: notifySignalStrengthForSubscriber: subId=-2 signalStrength=SignalStrength: 14 36 -120 -160 -2 0 -1 99 2147483647 -2147483647 2147483647 2147483647 2147483647 gsm|lte 1 -296 -25
04-20 20:11:53.689761   964  1582 D TelephonyRegistry: notifySignalStrengthForSubscriber: logSSC.length=5 next=3
04-20 20:11:53.692430   964  1582 D TelephonyRegistry: notifyServiceStateForSubscriber Time 20160420T171405Asia/Shanghai(3,110,28800,0,1461143645) mSubId -2 mPhoneId 0  mState 1 1 voice home data home null null null null null null  Unknown Unknown CSS not supported -1 -1 RoamInd=-1 DefRoamInd=-1 EmergOnly=true Ril Voice Regist state: 10 Ril Data Regist state: 0 mProprietaryDataRadioTechnology: 0 VoiceRejectCause: -1 DataRejectCause: -1 mCdmaNetWorkMode: 0 IsDataRoamingFromRegistration=false
04-20 20:11:53.695233   964  1582 D TelephonyRegistry: notifyServiceStateForSubscriber Time 20160420T171405Asia/Shanghai(3,110,28800,0,1461143645) mSubId -2 mPhoneId 0  mState 1 1 voice home data home null null null null null null  Unknown Unknown CSS not supported -1 -1 RoamInd=-1 DefRoamInd=-1 EmergOnly=true Ril Voice Regist state: 10 Ril Data Regist state: 0 mProprietaryDataRadioTechnology: 0 VoiceRejectCause: -1 DataRejectCause: -1 mCdmaNetWorkMode: 0 IsDataRoamingFromRegistration=false
04-20 20:11:53.697790   964  1582 D TelephonyRegistry: notifyServiceStateForSubscriber Time 20160420T171405Asia/Shanghai(3,110,28800,0,1461143645) mSubId -3 mPhoneId 1  mState 3 3 voice home data home null null null null null null  Unknown Unknown CSS not supported -1 -1 RoamInd=-1 DefRoamInd=-1 EmergOnly=false Ril Voice Regist state: 0 Ril Data Regist state: 0 mProprietaryDataRadioTechnology: 0 VoiceRejectCause: -1 DataRejectCause: -1 mCdmaNetWorkMode: 0 IsDataRoamingFromRegistration=false
04-20 20:11:53.700262   964  1582 D TelephonyRegistry: notifyServiceStateForSubscriber Time 20160420T171405Asia/Shanghai(3,110,28800,0,1461143645) mSubId -2 mPhoneId 0  mState 1 1 voice home data home null null null null null null  Unknown Unknown CSS not supported -1 -1 RoamInd=-1 DefRoamInd=-1 EmergOnly=true Ril Voice Regist state: 10 Ril Data Regist state: 0 mProprietaryDataRadioTechnology: 0 VoiceRejectCause: -1 DataRejectCause: -1 mCdmaNetWorkMode: 0 IsDataRoamingFromRegistration=false
04-20 20:11:53.703029   964  1582 D TelephonyRegistry: notifyServiceStateForSubscriber Time 20160420T171405Asia/Shanghai(3,110,28800,0,1461143645) mSubId -3 mPhoneId 1  mState 3 3 voice home data home null null null null null null  Unknown Unknown CSS not supported -1 -1 RoamInd=-1 DefRoamInd=-1 EmergOnly=false Ril Voice Regist state: 0 Ril Data Regist state: 0 mProprietaryDataRadioTechnology: 0 VoiceRejectCause: -1 DataRejectCause: -1 mCdmaNetWorkMode: 0 IsDataRoamingFromRegistration=false
04-20 20:11:53.703191   964  1582 D TelephonyRegistry: notifySignalStrengthForSubscriber: ----------------
04-20 20:11:53.703743   964  1582 D SubscriptionManager: [getPhoneId]- return dummy value, subId = -2
04-20 20:11:53.703931   964  1582 D TelephonyRegistry: validatePhoneId: true
04-20 20:11:53.704072   964  1582 D TelephonyRegistry: notifySignalStrengthForSubscriber: valid phoneId=0
04-20 20:11:53.705881  1576  1576 D SubscriptionController: [getPhoneId] asked for default subId=-1
04-20 20:11:53.706248  1576  1576 D SubscriptionController: [getPhoneId]- invalid subId = -1 return = -1
04-20 20:11:53.706910   964  1582 D SubscriptionManager: [getPhoneId]- return dummy value, subId = -2
04-20 20:11:53.707058   964  1582 D TelephonyRegistry: idMatch: rlt=false
04-20 20:11:53.707348   964  1582 D TelephonyRegistry: handleRemoveListLocked: mRemoveList.size()=0
04-20 20:11:53.707713   964  1582 W SignalStrength: SignalStrength get plugin
04-20 20:11:53.708083   964  1582 I use-Rlog/RLOG-GSM: getLTELevel - rsrp:2147483647 snr:2147483647 rsrpIconLevel:-1 snrIconLevel:-1
04-20 20:11:53.708246   964  1582 I use-Rlog/RLOG-GSM: getLTELevel - rssi:99 rssiIconLevel:0
04-20 20:11:53.708345   964  1582 W SignalStrength: SignalStrength get plugin
04-20 20:11:53.708530   964  1582 I use-Rlog/RLOG-GSM:  asu: 14 gsmRscp: -74 out level: 4
04-20 20:11:53.709284   964  1582 D SubscriptionManager: [getPhoneId]- return dummy value, subId = -2
04-20 20:11:53.710478  1576  1576 D SubscriptionController: [getSubId]- sSlotIdxToSubId.size == 0, return DummySubIds slotIdx=0
04-20 20:11:53.710617  1576  1576 D SubscriptionController: getDummySubIds: slotIdx=0 return 2 DummySubIds with each subId=-2
04-20 20:11:53.713287  1576  1576 D GsmSST  : [GsmSST0] handleMessage msg done
04-20 20:11:54.369419  1102  1754 D SubscriptionManager: [getPhoneId]- return dummy value, subId = -1
04-20 20:11:54.369649  1102  1754 D TelephonyManager: getTelephonyProperty prop value= 
04-20 20:11:54.419809  1576  2110 D GSMPhone: [GSMPhone] getServiceState : getState() : 1 getDataRegState() : 1
04-20 20:11:54.420537  1576  2110 D DCT     : [0]fetchDunApn: config_tether_apndata dunSetting=null
04-20 20:11:54.420610  1576  2110 D DCT     : [0]hasMatchedTetherApnSetting: APN=null
04-20 20:11:54.683760 16627 16642 D RILC    : s_last_wake_timeout_info: 0x7f9a9c3060 reset to NULL
04-20 20:11:54.683904 16627 16642 D RILC    : userTimerCallback free  p_info: 0x7f9a9c3060
04-20 20:11:54.683986 16627 16642 D RILC    : userTimerCallback free  p_info->event: 0x7f9a9c3070
04-20 20:11:56.996178 16517 16517 D RILMUXD : [gsm0710muxd] 3897:main(): Frames received/dropped: 5190/0
04-20 20:11:58.090220  1576  1576 D FdManager: [GDCT][phoneId0]onReceive: action=android.intent.action.BATTERY_CHANGED
04-20 20:11:58.121846  1576  1576 D FdManager: [GDCT][phoneId1]onReceive: action=android.intent.action.BATTERY_CHANGED
04-20 20:11:58.802487 16517 16611 D RILMUXD : [gsm0710muxd] 1643:gsm0710_base_buffer_get_frame(): Get a complete frame. ch:2, ctrl:239, len:39
04-20 20:11:58.802604 16517 16611 D RILMUXD : [gsm0710muxd] 2383:extract_frames(): Writing 39 byte frame received on channel 2 to /dev/pts/6
04-20 20:11:58.802730 16517 16611 D RILMUXD : [gsm0710muxd] 2403:extract_frames(): write() returned. Written 39/39 bytes of frame to /dev/pts/6
04-20 20:11:58.802807 16517 16611 D RILMUXD : [gsm0710muxd] 2408:extract_frames(): fsync() failed (-1, 22 - Invalid argument)
04-20 20:11:58.803149 16627 16645 I AT      : AT read end: 39
04-20 20:11:58.803224 16627 16645 D AT      : AT< +ECSQ: 47,36,1,-296,-25,1,1,2,32767
04-20 20:11:58.803290 16627 16645 D AT      : RIL_URC_READER Enter processLine:+ECSQ: 47,36,1,-296,-25,1,1,2,32767
04-20 20:11:58.803557 16627 16645 D RILC    : [MAL_AT] data sent to rild-mal-at is '+ECSQ: 47,36,1,-296,-25,1,1,2,32767'
04-20 20:11:58.803724 16627 16645 D RILC    : internalRequestTimedCallback malloc p_info: 0x7f9a9c30c0
04-20 20:11:58.803811 16627 16645 D RILC    : internalRequestTimedCallback malloc p_info->event: 0x7f9a9c30d0
04-20 20:11:58.803925 16627 16645 D RIL     : Nw URC:+ECSQ: 47,36,1,-296,-25,1,1,2,32767
04-20 20:11:58.804039 16627 16645 D RIL     : convert3GRssiValue baseband=503 ,isFdd3G=1,isTdd3G=0 ,RSCP_in_qdbm=-296 ,EcN0_in_qdbm=-25
04-20 20:11:58.804134 16627 16645 D RILC    : callForRilVersion new vendor RIL, version: 10
04-20 20:11:58.804214 16627 16645 I RILC    : RIL_SOCKET_1 UNSOLICITED: UNSOL_SIGNAL_STRENGTH length:72
04-20 20:11:58.804281 16627 16645 E RILC    : Send Response to rild-mal
04-20 20:11:58.804623 16627 16645 E RILC    : Send Response to RIL_SOCKET_1
04-20 20:11:58.804772 16627 16645 I AT      : AT read start
04-20 20:11:58.806732  1576  1576 D GsmSST  : [GsmSST0] handle EVENT_SIGNAL_STRENGTH_UPDATE
04-20 20:11:58.806970  1576  1576 D GsmSST  : [GsmSST0] onSignalStrengthResult():  LastSignalStrength=SignalStrength: 14 36 -120 -160 -2 0 -1 99 2147483647 -2147483647 2147483647 2147483647 2147483647 gsm|lte 1 -296 -25
04-20 20:11:58.807109  1576  1576 D GsmSST  : [GsmSST0] onSignalStrengthResult():new mSignalStrength=SignalStrength: 14 36 -120 -160 -2 0 -1 99 2147483647 -2147483647 2147483647 2147483647 2147483647 gsm|lte 1 -296 -25
04-20 20:11:58.807274  1576  1576 D GsmSST  : [GsmSST0] handleMessage msg done
04-20 20:11:59.805068 16627 16642 D RILC    : s_last_wake_timeout_info: 0x7f9a9c30c0 reset to NULL
04-20 20:11:59.805162 16627 16642 D RILC    : userTimerCallback free  p_info: 0x7f9a9c30c0
04-20 20:11:59.805217 16627 16642 D RILC    : userTimerCallback free  p_info->event: 0x7f9a9c30d0
04-20 20:12:01.996584 16517 16517 D RILMUXD : [gsm0710muxd] 3897:main(): Frames received/dropped: 5191/0
04-20 20:12:02.710000 16627 16642 I RILC    : NUMBER:1
04-20 20:12:02.710072 16627 16642 I RILC    : arg len:14
04-20 20:12:02.710136 16627 16642 I RILC    : ARGS[0]:THERMAL,0,-1
04-20 20:12:02.710278 16627 16642 D RILC    : C[locl]> QUERY_MODEM_THERMAL
04-20 20:12:02.710364 16627 16642 D RILC-MTK: QUERY_MODEM_THERMAL pRI=0x7f9c88c690 p=0x7f9c896af0 dispatched to RIL_CMD_PROXY_1
04-20 20:12:02.710592 16627 16630 I RILC-MTK: RIL_URC_PROXY wakeup
04-20 20:12:02.710600 16627 16640 I RILC-MTK: RIL_CMD2_PROXY_4 wakeup
04-20 20:12:02.710678 16627 16640 I RILC-MTK: RIL_CMD2_PROXY_4 sleep
04-20 20:12:02.710779 16627 16630 I RILC-MTK: RIL_URC_PROXY sleep
04-20 20:12:02.710844 16627 16634 I RILC-MTK: RIL_CMD_PROXY_4 wakeup
04-20 20:12:02.710890 16627 16634 I RILC-MTK: RIL_CMD_PROXY_4 sleep
04-20 20:12:02.710994 16627 16638 I RILC-MTK: RIL_CMD2_PROXY_2 wakeup
04-20 20:12:02.711038 16627 16638 I RILC-MTK: RIL_CMD2_PROXY_2 sleep
04-20 20:12:02.711148 16627 16633 I RILC-MTK: RIL_CMD_PROXY_1 wakeup
04-20 20:12:02.711197 16627 16633 D RILC-MTK: proxy id:3, proxyName: RIL_CMD_PROXY_1
04-20 20:12:02.711246 16627 16633 D RILC-MTK: QUERY_MODEM_THERMAL pRI=0x7f9c88c690 p=0x7f9c896af0 execute on RIL_CMD_PROXY_1 using channel 3
04-20 20:12:02.711300 16627 16633 D RILC    : callOnRequest for new vendor ril
04-20 20:12:02.711347 16627 16633 D RIL     : onRequest: QUERY_MODEM_THERMAL, datalen = 8
04-20 20:12:02.711390 16627 16633 D RIL     : radioState:10
04-20 20:12:02.711445 16627 16633 D RIL     : requestQueryThermal Enter,-1
04-20 20:12:02.711501 16627 16633 D AT      : getRILChannelCtx subsystem:1, rid:0 channelOffset:0
04-20 20:12:02.711570 16627 16633 D AT      : AT send on RIL_CMD_READER_3, tid:548080612416
04-20 20:12:02.711573 16627 16639 I RILC-MTK: RIL_CMD2_PROXY_1 wakeup
04-20 20:12:02.711605 16627 16636 I RILC-MTK: RIL_URC2_PROXY wakeup
04-20 20:12:02.711625 16627 16633 D AT      : AT> AT+ETHERMAL
04-20 20:12:02.711658 16627 16636 I RILC-MTK: RIL_URC2_PROXY sleep
04-20 20:12:02.711672 16627 16633 I AT      : AT write start
04-20 20:12:02.711868 16627 16632 I RILC-MTK: RIL_CMD_PROXY_2 wakeup
04-20 20:12:02.711946 16627 16632 I RILC-MTK: RIL_CMD_PROXY_2 sleep
04-20 20:12:02.712019 16627 16637 I RILC-MTK: RIL_CMD2_PROXY_3 wakeup
04-20 20:12:02.712037 16517 16618 D RILMUXD : [gsm0710muxd] 3614:poll_thread(): poll_thread select found
04-20 20:12:02.712068 16627 16637 I RILC-MTK: RIL_CMD2_PROXY_3 sleep
04-20 20:12:02.712107 16517 16618 D RILMUXD : [gsm0710muxd] 1045:pseudo_device_read(): Enter, LackofAtciChannel=0
04-20 20:12:02.712161 16627 16641 I RILC-MTK: RIL_ATCI2_PROXY wakeup
04-20 20:12:02.712198 16517 16618 D RILMUXD : [gsm0710muxd] 657:write_frame(): Sending frame to channel 5
04-20 20:12:02.712211 16627 16641 I RILC-MTK: RIL_ATCI2_PROXY sleep
04-20 20:12:02.712288 16627 16635 I RILC-MTK: RIL_ATCI_PROXY wakeup
04-20 20:12:02.712334 16517 16618 D RILMUXD : [gsm0710muxd] 766:write_frame(): Write a frame on channel 5 with length 12
04-20 20:12:02.712338 16627 16635 I RILC-MTK: RIL_ATCI_PROXY sleep
04-20 20:12:02.712469 16627 16639 I RILC-MTK: RIL_CMD2_PROXY_1 sleep
04-20 20:12:02.712538 16627 16631 I RILC-MTK: RIL_CMD_PROXY_3 wakeup
04-20 20:12:02.712582 16627 16631 I RILC-MTK: RIL_CMD_PROXY_3 sleep
04-20 20:12:02.719838 16517 16611 D RILMUXD : [gsm0710muxd] 1643:gsm0710_base_buffer_get_frame(): Get a complete frame. ch:5, ctrl:239, len:44
04-20 20:12:02.720048 16517 16611 D RILMUXD : [gsm0710muxd] 2383:extract_frames(): Writing 44 byte frame received on channel 5 to /dev/pts/9
04-20 20:12:02.720145 16517 16611 D RILMUXD : [gsm0710muxd] 2403:extract_frames(): write() returned. Written 44/44 bytes of frame to /dev/pts/9
04-20 20:12:02.720201 16517 16611 D RILMUXD : [gsm0710muxd] 2408:extract_frames(): fsync() failed (-1, 22 - Invalid argument)
04-20 20:12:02.720340 16517 16611 D RILMUXD : [gsm0710muxd] 1643:gsm0710_base_buffer_get_frame(): Get a complete frame. ch:5, ctrl:239, len:6
04-20 20:12:02.720397 16517 16611 D RILMUXD : [gsm0710muxd] 2383:extract_frames(): Writing 6 byte frame received on channel 5 to /dev/pts/9
04-20 20:12:02.720462 16517 16611 D RILMUXD : [gsm0710muxd] 2403:extract_frames(): write() returned. Written 6/6 bytes of frame to /dev/pts/9
04-20 20:12:02.720515 16517 16611 D RILMUXD : [gsm0710muxd] 2408:extract_frames(): fsync() failed (-1, 22 - Invalid argument)
04-20 20:12:02.722030 16627 16648 I AT      : AT read end: 50
04-20 20:12:02.722093 16627 16648 D AT      : AT< +ETHERMAL: 2, 32767, -127, -1, 32767, 18
04-20 20:12:02.722141 16627 16648 D AT      : RIL_CMD_READER_3 Enter processLine:+ETHERMAL: 2, 32767, -127, -1, 32767, 18
04-20 20:12:02.722195 16627 16648 D AT      : AT< OK
04-20 20:12:02.722242 16627 16648 D AT      : RIL_CMD_READER_3 Enter processLine:OK
04-20 20:12:02.722309 16627 16648 I AT      : AT read start
04-20 20:12:02.723044 16627 16633 D AT      : response received on RIL_CMD_READER_3, tid:548080612416
04-20 20:12:02.723115 16627 16633 D RIL     : requestQueryThermal success
04-20 20:12:02.723166 16627 16633 D RILC    : RequestComplete, RIL_SOCKET_1
04-20 20:12:02.723215 16627 16633 D RILC    : [THERMAL] local request for THERMAL returned 
04-20 20:12:02.723277 16627 16633 D RILC    : [THERMAL] s_THERMAL_fd is valid strResult is  2, 32767, -127, -1, 32767, 18
04-20 20:12:02.723384 16627 16633 D RILC-MTK: proxyLoop free  pRI=0x7f9c88c690 p=0x7f9c896af0 
04-20 20:12:02.723985 16627 16633 D RILC-MTK: proxyLoop free  pRequest=0x7f9c8922c0
04-20 20:12:02.724036 16627 16633 I RILC-MTK: RIL_CMD_PROXY_1 sleep
04-20 20:12:03.465355  1576 16787 D SubscriptionManager: [getPhoneId]- return dummy value, subId = -1
04-20 20:12:03.475515  1576  1918 D GSMPhone: [GSMPhone] getDeviceId: 353919025680130
04-20 20:12:03.923880 16517 16611 D RILMUXD : [gsm0710muxd] 1643:gsm0710_base_buffer_get_frame(): Get a complete frame. ch:2, ctrl:239, len:39
04-20 20:12:03.923993 16517 16611 D RILMUXD : [gsm0710muxd] 2383:extract_frames(): Writing 39 byte frame received on channel 2 to /dev/pts/6
04-20 20:12:03.924081 16517 16611 D RILMUXD : [gsm0710muxd] 2403:extract_frames(): write() returned. Written 39/39 bytes of frame to /dev/pts/6
04-20 20:12:03.924134 16517 16611 D RILMUXD : [gsm0710muxd] 2408:extract_frames(): fsync() failed (-1, 22 - Invalid argument)
04-20 20:12:03.924517 16627 16645 I AT      : AT read end: 39
04-20 20:12:03.924586 16627 16645 D AT      : AT< +ECSQ: 47,35,1,-295,-27,1,1,2,32767
04-20 20:12:03.924631 16627 16645 D AT      : RIL_URC_READER Enter processLine:+ECSQ: 47,35,1,-295,-27,1,1,2,32767
04-20 20:12:03.924734 16627 16645 D RILC    : [MAL_AT] data sent to rild-mal-at is '+ECSQ: 47,35,1,-295,-27,1,1,2,32767'
04-20 20:12:03.924858 16627 16645 D RILC    : internalRequestTimedCallback malloc p_info: 0x7f9a9c3180
04-20 20:12:03.924906 16627 16645 D RILC    : internalRequestTimedCallback malloc p_info->event: 0x7f9a9c3190
04-20 20:12:03.924993 16627 16645 D RIL     : Nw URC:+ECSQ: 47,35,1,-295,-27,1,1,2,32767
04-20 20:12:03.925063 16627 16645 D RIL     : convert3GRssiValue baseband=503 ,isFdd3G=1,isTdd3G=0 ,RSCP_in_qdbm=-295 ,EcN0_in_qdbm=-27
04-20 20:12:03.925120 16627 16645 D RILC    : callForRilVersion new vendor RIL, version: 10
04-20 20:12:03.925171 16627 16645 I RILC    : RIL_SOCKET_1 UNSOLICITED: UNSOL_SIGNAL_STRENGTH length:72
04-20 20:12:03.925218 16627 16645 E RILC    : Send Response to rild-mal
04-20 20:12:03.925310 16627 16645 E RILC    : Send Response to RIL_SOCKET_1
04-20 20:12:03.925404 16627 16645 I AT      : AT read start
04-20 20:12:03.926004  1576  1576 D GsmSST  : [GsmSST0] handle EVENT_SIGNAL_STRENGTH_UPDATE
04-20 20:12:03.926167  1576  1576 D GsmSST  : [GsmSST0] onSignalStrengthResult():  LastSignalStrength=SignalStrength: 14 36 -120 -160 -2 0 -1 99 2147483647 -2147483647 2147483647 2147483647 2147483647 gsm|lte 1 -296 -25
04-20 20:12:03.926247  1576  1576 D GsmSST  : [GsmSST0] onSignalStrengthResult():new mSignalStrength=SignalStrength: 14 35 -120 -160 -2 0 -1 99 2147483647 -2147483647 2147483647 2147483647 2147483647 gsm|lte 1 -296 -27
04-20 20:12:03.926379  1576  1576 W SignalStrength: SignalStrength get plugin
04-20 20:12:03.926455  1576  1576 I use-Rlog/RLOG-GSM: getLTELevel - rsrp:2147483647 snr:2147483647 rsrpIconLevel:-1 snrIconLevel:-1
04-20 20:12:03.926513  1576  1576 I use-Rlog/RLOG-GSM: getLTELevel - rssi:99 rssiIconLevel:0
04-20 20:12:03.926562  1576  1576 W SignalStrength: SignalStrength get plugin
04-20 20:12:03.926619  1576  1576 I use-Rlog/RLOG-GSM:  asu: 14 gsmRscp: -74 out level: 4
04-20 20:12:03.926675  1576  1576 D GsmSST  : [GsmSST0] notifySignalStrength: mSignalStrength.getLevel=4
04-20 20:12:03.928229  1576  1576 D SubscriptionController: [getSubId]- sSlotIdxToSubId.size == 0, return DummySubIds slotIdx=0
04-20 20:12:03.928318  1576  1576 D SubscriptionController: getDummySubIds: slotIdx=0 return 2 DummySubIds with each subId=-2
04-20 20:12:03.928462  1576  1576 D DefaultPhoneNotifier: notifySignalStrength: mRegistry=com.android.internal.telephony.ITelephonyRegistry$Stub$Proxy@20f1708 ss=SignalStrength: 14 35 -120 -160 -2 0 -1 99 2147483647 -2147483647 2147483647 2147483647 2147483647 gsm|lte 1 -296 -27 sender=Handler (com.android.internal.telephony.gsm.GSMPhone) {e4ac408}
04-20 20:12:03.929666   964   976 D TelephonyRegistry: notifySignalStrengthForSubscriber: subId=-2 signalStrength=SignalStrength: 14 35 -120 -160 -2 0 -1 99 2147483647 -2147483647 2147483647 2147483647 2147483647 gsm|lte 1 -296 -27
04-20 20:12:03.929856   964   976 D TelephonyRegistry: notifySignalStrengthForSubscriber: logSSC.length=5 next=3
04-20 20:12:03.931921   964   976 D TelephonyRegistry: notifyServiceStateForSubscriber Time 20160420T171405Asia/Shanghai(3,110,28800,0,1461143645) mSubId -2 mPhoneId 0  mState 1 1 voice home data home null null null null null null  Unknown Unknown CSS not supported -1 -1 RoamInd=-1 DefRoamInd=-1 EmergOnly=true Ril Voice Regist state: 10 Ril Data Regist state: 0 mProprietaryDataRadioTechnology: 0 VoiceRejectCause: -1 DataRejectCause: -1 mCdmaNetWorkMode: 0 IsDataRoamingFromRegistration=false
04-20 20:12:03.933996   964   976 D TelephonyRegistry: notifyServiceStateForSubscriber Time 20160420T171405Asia/Shanghai(3,110,28800,0,1461143645) mSubId -2 mPhoneId 0  mState 1 1 voice home data home null null null null null null  Unknown Unknown CSS not supported -1 -1 RoamInd=-1 DefRoamInd=-1 EmergOnly=true Ril Voice Regist state: 10 Ril Data Regist state: 0 mProprietaryDataRadioTechnology: 0 VoiceRejectCause: -1 DataRejectCause: -1 mCdmaNetWorkMode: 0 IsDataRoamingFromRegistration=false
04-20 20:12:03.935874   964   976 D TelephonyRegistry: notifyServiceStateForSubscriber Time 20160420T171405Asia/Shanghai(3,110,28800,0,1461143645) mSubId -3 mPhoneId 1  mState 3 3 voice home data home null null null null null null  Unknown Unknown CSS not supported -1 -1 RoamInd=-1 DefRoamInd=-1 EmergOnly=false Ril Voice Regist state: 0 Ril Data Regist state: 0 mProprietaryDataRadioTechnology: 0 VoiceRejectCause: -1 DataRejectCause: -1 mCdmaNetWorkMode: 0 IsDataRoamingFromRegistration=false
04-20 20:12:03.937658   964   976 D TelephonyRegistry: notifyServiceStateForSubscriber Time 20160420T171405Asia/Shanghai(3,110,28800,0,1461143645) mSubId -2 mPhoneId 0  mState 1 1 voice home data home null null null null null null  Unknown Unknown CSS not supported -1 -1 RoamInd=-1 DefRoamInd=-1 EmergOnly=true Ril Voice Regist state: 10 Ril Data Regist state: 0 mProprietaryDataRadioTechnology: 0 VoiceRejectCause: -1 DataRejectCause: -1 mCdmaNetWorkMode: 0 IsDataRoamingFromRegistration=false
04-20 20:12:03.939390   964   976 D TelephonyRegistry: notifyServiceStateForSubscriber Time 20160420T171405Asia/Shanghai(3,110,28800,0,1461143645) mSubId -3 mPhoneId 1  mState 3 3 voice home data home null null null null null null  Unknown Unknown CSS not supported -1 -1 RoamInd=-1 DefRoamInd=-1 EmergOnly=false Ril Voice Regist state: 0 Ril Data Regist state: 0 mProprietaryDataRadioTechnology: 0 VoiceRejectCause: -1 DataRejectCause: -1 mCdmaNetWorkMode: 0 IsDataRoamingFromRegistration=false
04-20 20:12:03.939522   964   976 D TelephonyRegistry: notifySignalStrengthForSubscriber: ----------------
04-20 20:12:03.939813   964   976 D SubscriptionManager: [getPhoneId]- return dummy value, subId = -2
04-20 20:12:03.939931   964   976 D TelephonyRegistry: validatePhoneId: true
04-20 20:12:03.940018   964   976 D TelephonyRegistry: notifySignalStrengthForSubscriber: valid phoneId=0
04-20 20:12:03.941474  1576  1576 D SubscriptionController: [getPhoneId] asked for default subId=-1
04-20 20:12:03.941775  1576  1576 D SubscriptionController: [getPhoneId]- invalid subId = -1 return = -1
04-20 20:12:03.942372   964   976 D SubscriptionManager: [getPhoneId]- return dummy value, subId = -2
04-20 20:12:03.942509   964   976 D TelephonyRegistry: idMatch: rlt=false
04-20 20:12:03.942704   964   976 D TelephonyRegistry: handleRemoveListLocked: mRemoveList.size()=0
04-20 20:12:03.942989   964   976 W SignalStrength: SignalStrength get plugin
04-20 20:12:03.943235   964   976 I use-Rlog/RLOG-GSM: getLTELevel - rsrp:2147483647 snr:2147483647 rsrpIconLevel:-1 snrIconLevel:-1
04-20 20:12:03.943335   964   976 I use-Rlog/RLOG-GSM: getLTELevel - rssi:99 rssiIconLevel:0
04-20 20:12:03.943396   964   976 W SignalStrength: SignalStrength get plugin
04-20 20:12:03.944026   964   976 I use-Rlog/RLOG-GSM:  asu: 14 gsmRscp: -74 out level: 4
04-20 20:12:03.944578   964   976 D SubscriptionManager: [getPhoneId]- return dummy value, subId = -2
04-20 20:12:03.945672  1576  1576 D SubscriptionController: [getSubId]- sSlotIdxToSubId.size == 0, return DummySubIds slotIdx=0
04-20 20:12:03.945810  1576  1576 D SubscriptionController: getDummySubIds: slotIdx=0 return 2 DummySubIds with each subId=-2
04-20 20:12:03.948132  1576  1576 D GsmSST  : [GsmSST0] handleMessage msg done
04-20 20:12:04.926268 16627 16642 D RILC    : s_last_wake_timeout_info: 0x7f9a9c3180 reset to NULL
04-20 20:12:04.926385 16627 16642 D RILC    : userTimerCallback free  p_info: 0x7f9a9c3180
04-20 20:12:04.926434 16627 16642 D RILC    : userTimerCallback free  p_info->event: 0x7f9a9c3190
04-20 20:12:06.996830 16517 16517 D RILMUXD : [gsm0710muxd] 3897:main(): Frames received/dropped: 5194/0
04-20 20:12:08.090932  1576  1576 D FdManager: [GDCT][phoneId0]onReceive: action=android.intent.action.BATTERY_CHANGED
04-20 20:12:08.100087  1576  1576 D FdManager: [GDCT][phoneId1]onReceive: action=android.intent.action.BATTERY_CHANGED
04-20 20:12:09.045146 16517 16611 D RILMUXD : [gsm0710muxd] 1643:gsm0710_base_buffer_get_frame(): Get a complete frame. ch:2, ctrl:239, len:39
04-20 20:12:09.045268 16517 16611 D RILMUXD : [gsm0710muxd] 2383:extract_frames(): Writing 39 byte frame received on channel 2 to /dev/pts/6
04-20 20:12:09.045353 16517 16611 D RILMUXD : [gsm0710muxd] 2403:extract_frames(): write() returned. Written 39/39 bytes of frame to /dev/pts/6
04-20 20:12:09.045406 16517 16611 D RILMUXD : [gsm0710muxd] 2408:extract_frames(): fsync() failed (-1, 22 - Invalid argument)
04-20 20:12:09.045931 16627 16645 I AT      : AT read end: 39
04-20 20:12:09.046010 16627 16645 D AT      : AT< +ECSQ: 47,37,1,-293,-24,1,1,2,32767
04-20 20:12:09.046064 16627 16645 D AT      : RIL_URC_READER Enter processLine:+ECSQ: 47,37,1,-293,-24,1,1,2,32767
04-20 20:12:09.046170 16627 16645 D RILC    : [MAL_AT] data sent to rild-mal-at is '+ECSQ: 47,37,1,-293,-24,1,1,2,32767'
04-20 20:12:09.046284 16627 16645 D RILC    : internalRequestTimedCallback malloc p_info: 0x7f9a9c3360
04-20 20:12:09.046333 16627 16645 D RILC    : internalRequestTimedCallback malloc p_info->event: 0x7f9a9c3370
04-20 20:12:09.046424 16627 16645 D RIL     : Nw URC:+ECSQ: 47,37,1,-293,-24,1,1,2,32767
04-20 20:12:09.046490 16627 16645 D RIL     : convert3GRssiValue baseband=503 ,isFdd3G=1,isTdd3G=0 ,RSCP_in_qdbm=-293 ,EcN0_in_qdbm=-24
04-20 20:12:09.046548 16627 16645 D RILC    : callForRilVersion new vendor RIL, version: 10
04-20 20:12:09.046596 16627 16645 I RILC    : RIL_SOCKET_1 UNSOLICITED: UNSOL_SIGNAL_STRENGTH length:72
04-20 20:12:09.046638 16627 16645 E RILC    : Send Response to rild-mal
04-20 20:12:09.046730 16627 16645 E RILC    : Send Response to RIL_SOCKET_1
04-20 20:12:09.046821 16627 16645 I AT      : AT read start
04-20 20:12:09.048120  1576  1576 D GsmSST  : [GsmSST0] handle EVENT_SIGNAL_STRENGTH_UPDATE
04-20 20:12:09.048281  1576  1576 D GsmSST  : [GsmSST0] onSignalStrengthResult():  LastSignalStrength=SignalStrength: 14 35 -120 -160 -2 0 -1 99 2147483647 -2147483647 2147483647 2147483647 2147483647 gsm|lte 1 -296 -27
04-20 20:12:09.048363  1576  1576 D GsmSST  : [GsmSST0] onSignalStrengthResult():new mSignalStrength=SignalStrength: 14 37 -120 -160 -2 0 -1 99 2147483647 -2147483647 2147483647 2147483647 2147483647 gsm|lte 1 -296 -24
04-20 20:12:09.048553  1576  1576 W SignalStrength: SignalStrength get plugin
04-20 20:12:09.048638  1576  1576 I use-Rlog/RLOG-GSM: getLTELevel - rsrp:2147483647 snr:2147483647 rsrpIconLevel:-1 snrIconLevel:-1
04-20 20:12:09.048695  1576  1576 I use-Rlog/RLOG-GSM: getLTELevel - rssi:99 rssiIconLevel:0
04-20 20:12:09.048744  1576  1576 W SignalStrength: SignalStrength get plugin
04-20 20:12:09.048802  1576  1576 I use-Rlog/RLOG-GSM:  asu: 14 gsmRscp: -74 out level: 4
04-20 20:12:09.048859  1576  1576 D GsmSST  : [GsmSST0] notifySignalStrength: mSignalStrength.getLevel=4
04-20 20:12:09.048958  1576  1576 D SubscriptionController: [getSubId]- sSlotIdxToSubId.size == 0, return DummySubIds slotIdx=0
04-20 20:12:09.049027  1576  1576 D SubscriptionController: getDummySubIds: slotIdx=0 return 2 DummySubIds with each subId=-2
04-20 20:12:09.049190  1576  1576 D DefaultPhoneNotifier: notifySignalStrength: mRegistry=com.android.internal.telephony.ITelephonyRegistry$Stub$Proxy@20f1708 ss=SignalStrength: 14 37 -120 -160 -2 0 -1 99 2147483647 -2147483647 2147483647 2147483647 2147483647 gsm|lte 1 -296 -24 sender=Handler (com.android.internal.telephony.gsm.GSMPhone) {e4ac408}
04-20 20:12:09.050293   964  1663 D TelephonyRegistry: notifySignalStrengthForSubscriber: subId=-2 signalStrength=SignalStrength: 14 37 -120 -160 -2 0 -1 99 2147483647 -2147483647 2147483647 2147483647 2147483647 gsm|lte 1 -296 -24
04-20 20:12:09.050481   964  1663 D TelephonyRegistry: notifySignalStrengthForSubscriber: logSSC.length=5 next=3
04-20 20:12:09.052188   964  1663 D TelephonyRegistry: notifyServiceStateForSubscriber Time 20160420T171405Asia/Shanghai(3,110,28800,0,1461143645) mSubId -2 mPhoneId 0  mState 1 1 voice home data home null null null null null null  Unknown Unknown CSS not supported -1 -1 RoamInd=-1 DefRoamInd=-1 EmergOnly=true Ril Voice Regist state: 10 Ril Data Regist state: 0 mProprietaryDataRadioTechnology: 0 VoiceRejectCause: -1 DataRejectCause: -1 mCdmaNetWorkMode: 0 IsDataRoamingFromRegistration=false
04-20 20:12:09.054342   964  1663 D TelephonyRegistry: notifyServiceStateForSubscriber Time 20160420T171405Asia/Shanghai(3,110,28800,0,1461143645) mSubId -2 mPhoneId 0  mState 1 1 voice home data home null null null null null null  Unknown Unknown CSS not supported -1 -1 RoamInd=-1 DefRoamInd=-1 EmergOnly=true Ril Voice Regist state: 10 Ril Data Regist state: 0 mProprietaryDataRadioTechnology: 0 VoiceRejectCause: -1 DataRejectCause: -1 mCdmaNetWorkMode: 0 IsDataRoamingFromRegistration=false
04-20 20:12:09.056084   964  1663 D TelephonyRegistry: notifyServiceStateForSubscriber Time 20160420T171405Asia/Shanghai(3,110,28800,0,1461143645) mSubId -3 mPhoneId 1  mState 3 3 voice home data home null null null null null null  Unknown Unknown CSS not supported -1 -1 RoamInd=-1 DefRoamInd=-1 EmergOnly=false Ril Voice Regist state: 0 Ril Data Regist state: 0 mProprietaryDataRadioTechnology: 0 VoiceRejectCause: -1 DataRejectCause: -1 mCdmaNetWorkMode: 0 IsDataRoamingFromRegistration=false
04-20 20:12:09.058192   964  1663 D TelephonyRegistry: notifyServiceStateForSubscriber Time 20160420T171405Asia/Shanghai(3,110,28800,0,1461143645) mSubId -2 mPhoneId 0  mState 1 1 voice home data home null null null null null null  Unknown Unknown CSS not supported -1 -1 RoamInd=-1 DefRoamInd=-1 EmergOnly=true Ril Voice Regist state: 10 Ril Data Regist state: 0 mProprietaryDataRadioTechnology: 0 VoiceRejectCause: -1 DataRejectCause: -1 mCdmaNetWorkMode: 0 IsDataRoamingFromRegistration=false
04-20 20:12:09.059950   964  1663 D TelephonyRegistry: notifyServiceStateForSubscriber Time 20160420T171405Asia/Shanghai(3,110,28800,0,1461143645) mSubId -3 mPhoneId 1  mState 3 3 voice home data home null null null null null null  Unknown Unknown CSS not supported -1 -1 RoamInd=-1 DefRoamInd=-1 EmergOnly=false Ril Voice Regist state: 0 Ril Data Regist state: 0 mProprietaryDataRadioTechnology: 0 VoiceRejectCause: -1 DataRejectCause: -1 mCdmaNetWorkMode: 0 IsDataRoamingFromRegistration=false
04-20 20:12:09.060072   964  1663 D TelephonyRegistry: notifySignalStrengthForSubscriber: ----------------
04-20 20:12:09.060361   964  1663 D SubscriptionManager: [getPhoneId]- return dummy value, subId = -2
04-20 20:12:09.060486   964  1663 D TelephonyRegistry: validatePhoneId: true
04-20 20:12:09.060572   964  1663 D TelephonyRegistry: notifySignalStrengthForSubscriber: valid phoneId=0
04-20 20:12:09.062123  1576  1576 D SubscriptionController: [getPhoneId] asked for default subId=-1
04-20 20:12:09.062428  1576  1576 D SubscriptionController: [getPhoneId]- invalid subId = -1 return = -1
04-20 20:12:09.063027   964  1663 D SubscriptionManager: [getPhoneId]- return dummy value, subId = -2
04-20 20:12:09.063128   964  1663 D TelephonyRegistry: idMatch: rlt=false
04-20 20:12:09.063310   964  1663 D TelephonyRegistry: handleRemoveListLocked: mRemoveList.size()=0
04-20 20:12:09.063816   964  1663 W SignalStrength: SignalStrength get plugin
04-20 20:12:09.064086   964  1663 I use-Rlog/RLOG-GSM: getLTELevel - rsrp:2147483647 snr:2147483647 rsrpIconLevel:-1 snrIconLevel:-1
04-20 20:12:09.064211   964  1663 I use-Rlog/RLOG-GSM: getLTELevel - rssi:99 rssiIconLevel:0
04-20 20:12:09.064273   964  1663 W SignalStrength: SignalStrength get plugin
04-20 20:12:09.064384   964  1663 I use-Rlog/RLOG-GSM:  asu: 14 gsmRscp: -74 out level: 4
04-20 20:12:09.065120   964  1663 D SubscriptionManager: [getPhoneId]- return dummy value, subId = -2
04-20 20:12:09.066083  1576  1576 D SubscriptionController: [getSubId]- sSlotIdxToSubId.size == 0, return DummySubIds slotIdx=0
04-20 20:12:09.066192  1576  1576 D SubscriptionController: getDummySubIds: slotIdx=0 return 2 DummySubIds with each subId=-2
04-20 20:12:09.068339  1576  1576 D GsmSST  : [GsmSST0] handleMessage msg done
04-20 20:12:10.047531 16627 16642 D RILC    : s_last_wake_timeout_info: 0x7f9a9c3360 reset to NULL
04-20 20:12:10.047622 16627 16642 D RILC    : userTimerCallback free  p_info: 0x7f9a9c3360
04-20 20:12:10.047668 16627 16642 D RILC    : userTimerCallback free  p_info->event: 0x7f9a9c3370
04-20 20:12:11.997060 16517 16517 D RILMUXD : [gsm0710muxd] 3897:main(): Frames received/dropped: 5195/0
04-20 20:12:12.727431 16627 16642 I RILC    : NUMBER:1
04-20 20:12:12.727537 16627 16642 I RILC    : arg len:14
04-20 20:12:12.727595 16627 16642 I RILC    : ARGS[0]:THERMAL,0,-1
04-20 20:12:12.727725 16627 16642 D RILC    : C[locl]> QUERY_MODEM_THERMAL
04-20 20:12:12.727792 16627 16642 D RILC-MTK: QUERY_MODEM_THERMAL pRI=0x7f9c88c810 p=0x7f9c8971f0 dispatched to RIL_CMD_PROXY_1
04-20 20:12:12.728053 16627 16630 I RILC-MTK: RIL_URC_PROXY wakeup
04-20 20:12:12.728073 16627 16640 I RILC-MTK: RIL_CMD2_PROXY_4 wakeup
04-20 20:12:12.728100 16627 16630 I RILC-MTK: RIL_URC_PROXY sleep
04-20 20:12:12.728154 16627 16632 I RILC-MTK: RIL_CMD_PROXY_2 wakeup
04-20 20:12:12.728186 16627 16638 I RILC-MTK: RIL_CMD2_PROXY_2 wakeup
04-20 20:12:12.728217 16627 16632 I RILC-MTK: RIL_CMD_PROXY_2 sleep
04-20 20:12:12.728291 16627 16637 I RILC-MTK: RIL_CMD2_PROXY_3 wakeup
04-20 20:12:12.728332 16627 16637 I RILC-MTK: RIL_CMD2_PROXY_3 sleep
04-20 20:12:12.728398 16627 16641 I RILC-MTK: RIL_ATCI2_PROXY wakeup
04-20 20:12:12.728439 16627 16641 I RILC-MTK: RIL_ATCI2_PROXY sleep
04-20 20:12:12.728497 16627 16635 I RILC-MTK: RIL_ATCI_PROXY wakeup
04-20 20:12:12.728539 16627 16635 I RILC-MTK: RIL_ATCI_PROXY sleep
04-20 20:12:12.728599 16627 16639 I RILC-MTK: RIL_CMD2_PROXY_1 wakeup
04-20 20:12:12.728640 16627 16639 I RILC-MTK: RIL_CMD2_PROXY_1 sleep
04-20 20:12:12.728697 16627 16631 I RILC-MTK: RIL_CMD_PROXY_3 wakeup
04-20 20:12:12.728738 16627 16631 I RILC-MTK: RIL_CMD_PROXY_3 sleep
04-20 20:12:12.728797 16627 16633 I RILC-MTK: RIL_CMD_PROXY_1 wakeup
04-20 20:12:12.728842 16627 16633 D RILC-MTK: proxy id:3, proxyName: RIL_CMD_PROXY_1
04-20 20:12:12.728890 16627 16633 D RILC-MTK: QUERY_MODEM_THERMAL pRI=0x7f9c88c810 p=0x7f9c8971f0 execute on RIL_CMD_PROXY_1 using channel 3
04-20 20:12:12.728939 16627 16633 D RILC    : callOnRequest for new vendor ril
04-20 20:12:12.728983 16627 16633 D RIL     : onRequest: QUERY_MODEM_THERMAL, datalen = 8
04-20 20:12:12.729024 16627 16633 D RIL     : radioState:10
04-20 20:12:12.729077 16627 16633 D RIL     : requestQueryThermal Enter,-1
04-20 20:12:12.729129 16627 16633 D AT      : getRILChannelCtx subsystem:1, rid:0 channelOffset:0
