04-20 20:12:12.729173 16627 16633 D AT      : AT send on RIL_CMD_READER_3, tid:548080612416
04-20 20:12:12.729214 16627 16633 D AT      : AT> AT+ETHERMAL
04-20 20:12:12.729254 16627 16633 I AT      : AT write start
04-20 20:12:12.729381 16627 16636 I RILC-MTK: RIL_URC2_PROXY wakeup
04-20 20:12:12.729421 16627 16638 I RILC-MTK: RIL_CMD2_PROXY_2 sleep
04-20 20:12:12.729508 16627 16634 I RILC-MTK: RIL_CMD_PROXY_4 wakeup
04-20 20:12:12.729548 16627 16634 I RILC-MTK: RIL_CMD_PROXY_4 sleep
04-20 20:12:12.730685 16627 16636 I RILC-MTK: RIL_URC2_PROXY sleep
04-20 20:12:12.730780 16627 16640 I RILC-MTK: RIL_CMD2_PROXY_4 sleep
04-20 20:12:12.730975 16517 16618 D RILMUXD : [gsm0710muxd] 3614:poll_thread(): poll_thread select found
04-20 20:12:12.731047 16517 16618 D RILMUXD : [gsm0710muxd] 1045:pseudo_device_read(): Enter, LackofAtciChannel=0
04-20 20:12:12.731112 16517 16618 D RILMUXD : [gsm0710muxd] 657:write_frame(): Sending frame to channel 5
04-20 20:12:12.731216 16517 16618 D RILMUXD : [gsm0710muxd] 766:write_frame(): Write a frame on channel 5 with length 12
04-20 20:12:12.738722 16517 16611 D RILMUXD : [gsm0710muxd] 1643:gsm0710_base_buffer_get_frame(): Get a complete frame. ch:5, ctrl:239, len:44
04-20 20:12:12.738917 16517 16611 D RILMUXD : [gsm0710muxd] 2383:extract_frames(): Writing 44 byte frame received on channel 5 to /dev/pts/9
04-20 20:12:12.739004 16517 16611 D RILMUXD : [gsm0710muxd] 2403:extract_frames(): write() returned. Written 44/44 bytes of frame to /dev/pts/9
04-20 20:12:12.739055 16517 16611 D RILMUXD : [gsm0710muxd] 2408:extract_frames(): fsync() failed (-1, 22 - Invalid argument)
04-20 20:12:12.739111 16517 16611 D RILMUXD : [gsm0710muxd] 1643:gsm0710_base_buffer_get_frame(): Get a complete frame. ch:5, ctrl:239, len:6
04-20 20:12:12.739160 16517 16611 D RILMUXD : [gsm0710muxd] 2383:extract_frames(): Writing 6 byte frame received on channel 5 to /dev/pts/9
04-20 20:12:12.739215 16517 16611 D RILMUXD : [gsm0710muxd] 2403:extract_frames(): write() returned. Written 6/6 bytes of frame to /dev/pts/9
04-20 20:12:12.739263 16517 16611 D RILMUXD : [gsm0710muxd] 2408:extract_frames(): fsync() failed (-1, 22 - Invalid argument)
04-20 20:12:12.739398 16627 16648 I AT      : AT read end: 50
04-20 20:12:12.739448 16627 16648 D AT      : AT< +ETHERMAL: 2, 32767, -127, -1, 32767, 18
04-20 20:12:12.739492 16627 16648 D AT      : RIL_CMD_READER_3 Enter processLine:+ETHERMAL: 2, 32767, -127, -1, 32767, 18
04-20 20:12:12.739539 16627 16648 D AT      : AT< OK
04-20 20:12:12.739578 16627 16648 D AT      : RIL_CMD_READER_3 Enter processLine:OK
04-20 20:12:12.739644 16627 16648 I AT      : AT read start
04-20 20:12:12.739727 16627 16633 D AT      : response received on RIL_CMD_READER_3, tid:548080612416
04-20 20:12:12.739904 16627 16633 D RIL     : requestQueryThermal success
04-20 20:12:12.739951 16627 16633 D RILC    : RequestComplete, RIL_SOCKET_1
04-20 20:12:12.739996 16627 16633 D RILC    : [THERMAL] local request for THERMAL returned 
04-20 20:12:12.740049 16627 16633 D RILC    : [THERMAL] s_THERMAL_fd is valid strResult is  2, 32767, -127, -1, 32767, 18
04-20 20:12:12.740144 16627 16633 D RILC-MTK: proxyLoop free  pRI=0x7f9c88c810 p=0x7f9c8971f0 
04-20 20:12:12.740197 16627 16633 D RILC-MTK: proxyLoop free  pRequest=0x7f9c892400
04-20 20:12:12.740240 16627 16633 I RILC-MTK: RIL_CMD_PROXY_1 sleep
04-20 20:12:14.166491 16517 16611 D RILMUXD : [gsm0710muxd] 1643:gsm0710_base_buffer_get_frame(): Get a complete frame. ch:2, ctrl:239, len:39
04-20 20:12:14.166599 16517 16611 D RILMUXD : [gsm0710muxd] 2383:extract_frames(): Writing 39 byte frame received on channel 2 to /dev/pts/6
04-20 20:12:14.166686 16517 16611 D RILMUXD : [gsm0710muxd] 2403:extract_frames(): write() returned. Written 39/39 bytes of frame to /dev/pts/6
04-20 20:12:14.166738 16517 16611 D RILMUXD : [gsm0710muxd] 2408:extract_frames(): fsync() failed (-1, 22 - Invalid argument)
04-20 20:12:14.167100 16627 16645 I AT      : AT read end: 39
04-20 20:12:14.167167 16627 16645 D AT      : AT< +ECSQ: 47,37,1,-293,-23,1,1,2,32767
04-20 20:12:14.167213 16627 16645 D AT      : RIL_URC_READER Enter processLine:+ECSQ: 47,37,1,-293,-23,1,1,2,32767
04-20 20:12:14.167315 16627 16645 D RILC    : [MAL_AT] data sent to rild-mal-at is '+ECSQ: 47,37,1,-293,-23,1,1,2,32767'
04-20 20:12:14.167424 16627 16645 D RILC    : internalRequestTimedCallback malloc p_info: 0x7f9a9c33c0
04-20 20:12:14.167473 16627 16645 D RILC    : internalRequestTimedCallback malloc p_info->event: 0x7f9a9c33d0
04-20 20:12:14.167551 16627 16645 D RIL     : Nw URC:+ECSQ: 47,37,1,-293,-23,1,1,2,32767
04-20 20:12:14.167615 16627 16645 D RIL     : convert3GRssiValue baseband=503 ,isFdd3G=1,isTdd3G=0 ,RSCP_in_qdbm=-293 ,EcN0_in_qdbm=-23
04-20 20:12:14.167672 16627 16645 D RILC    : callForRilVersion new vendor RIL, version: 10
04-20 20:12:14.167718 16627 16645 I RILC    : RIL_SOCKET_1 UNSOLICITED: UNSOL_SIGNAL_STRENGTH length:72
04-20 20:12:14.167760 16627 16645 E RILC    : Send Response to rild-mal
04-20 20:12:14.167848 16627 16645 E RILC    : Send Response to RIL_SOCKET_1
04-20 20:12:14.167937 16627 16645 I AT      : AT read start
04-20 20:12:14.168734  1576  1576 D GsmSST  : [GsmSST0] handle EVENT_SIGNAL_STRENGTH_UPDATE
04-20 20:12:14.169480  1576  1576 D GsmSST  : [GsmSST0] onSignalStrengthResult():  LastSignalStrength=SignalStrength: 14 37 -120 -160 -2 0 -1 99 2147483647 -2147483647 2147483647 2147483647 2147483647 gsm|lte 1 -296 -24
04-20 20:12:14.169566  1576  1576 D GsmSST  : [GsmSST0] onSignalStrengthResult():new mSignalStrength=SignalStrength: 14 37 -120 -160 -2 0 -1 99 2147483647 -2147483647 2147483647 2147483647 2147483647 gsm|lte 1 -296 -23
04-20 20:12:14.169623  1576  1576 D GsmSST  : [GsmSST0] handleMessage msg done
04-20 20:12:14.944286  1576  1576 E SmsApplication: com.mediatek.apst.target does not have system signature
04-20 20:12:15.019773  1576  1576 E SmsApplication: com.mediatek.backuprestore does not have system signature
04-20 20:12:15.031473  1576  1576 E SmsApplication: com.mediatek.rcs.messageservice does not have system signature
04-20 20:12:15.032424  1576  1576 E SmsApplication: com.mediatek.esntrack does not have system signature
04-20 20:12:15.168672 16627 16642 D RILC    : s_last_wake_timeout_info: 0x7f9a9c33c0 reset to NULL
04-20 20:12:15.168830 16627 16642 D RILC    : userTimerCallback free  p_info: 0x7f9a9c33c0
04-20 20:12:15.168878 16627 16642 D RILC    : userTimerCallback free  p_info->event: 0x7f9a9c33d0
04-20 20:12:15.810340  1576  1576 E SmsApplication: com.mediatek.apst.target does not have system signature
04-20 20:12:15.821544  1576  1576 E SmsApplication: com.mediatek.backuprestore does not have system signature
04-20 20:12:15.822525  1576  1576 E SmsApplication: com.mediatek.rcs.messageservice does not have system signature
04-20 20:12:15.823564  1576  1576 E SmsApplication: com.mediatek.esntrack does not have system signature
04-20 20:12:15.909225  1576  1576 E SmsApplication: com.mediatek.apst.target does not have system signature
04-20 20:12:15.921248  1576  1576 E SmsApplication: com.mediatek.backuprestore does not have system signature
04-20 20:12:15.922299  1576  1576 E SmsApplication: com.mediatek.rcs.messageservice does not have system signature
04-20 20:12:15.923335  1576  1576 E SmsApplication: com.mediatek.esntrack does not have system signature
04-20 20:12:16.997316 16517 16517 D RILMUXD : [gsm0710muxd] 3897:main(): Frames received/dropped: 5198/0
04-20 20:12:18.069396  1576  1576 D FdManager: [GDCT][phoneId0]onReceive: action=android.intent.action.BATTERY_CHANGED
04-20 20:12:18.072291  1576  1576 D FdManager: [GDCT][phoneId1]onReceive: action=android.intent.action.BATTERY_CHANGED
04-20 20:12:19.287139 16517 16611 D RILMUXD : [gsm0710muxd] 1643:gsm0710_base_buffer_get_frame(): Get a complete frame. ch:2, ctrl:239, len:39
04-20 20:12:19.287239 16517 16611 D RILMUXD : [gsm0710muxd] 2383:extract_frames(): Writing 39 byte frame received on channel 2 to /dev/pts/6
04-20 20:12:19.287332 16517 16611 D RILMUXD : [gsm0710muxd] 2403:extract_frames(): write() returned. Written 39/39 bytes of frame to /dev/pts/6
04-20 20:12:19.287383 16517 16611 D RILMUXD : [gsm0710muxd] 2408:extract_frames(): fsync() failed (-1, 22 - Invalid argument)
04-20 20:12:19.287545 16627 16645 I AT      : AT read end: 39
04-20 20:12:19.287600 16627 16645 D AT      : AT< +ECSQ: 47,37,1,-295,-24,1,1,2,32767
04-20 20:12:19.287644 16627 16645 D AT      : RIL_URC_READER Enter processLine:+ECSQ: 47,37,1,-295,-24,1,1,2,32767
04-20 20:12:19.287742 16627 16645 D RILC    : [MAL_AT] data sent to rild-mal-at is '+ECSQ: 47,37,1,-295,-24,1,1,2,32767'
04-20 20:12:19.287881 16627 16645 D RILC    : internalRequestTimedCallback malloc p_info: 0x7f9a9c3420
04-20 20:12:19.287968 16627 16645 D RILC    : internalRequestTimedCallback malloc p_info->event: 0x7f9a9c3430
04-20 20:12:19.288084 16627 16645 D RIL     : Nw URC:+ECSQ: 47,37,1,-295,-24,1,1,2,32767
04-20 20:12:19.288162 16627 16645 D RIL     : convert3GRssiValue baseband=503 ,isFdd3G=1,isTdd3G=0 ,RSCP_in_qdbm=-295 ,EcN0_in_qdbm=-24
04-20 20:12:19.288220 16627 16645 D RILC    : callForRilVersion new vendor RIL, version: 10
04-20 20:12:19.288267 16627 16645 I RILC    : RIL_SOCKET_1 UNSOLICITED: UNSOL_SIGNAL_STRENGTH length:72
04-20 20:12:19.288312 16627 16645 E RILC    : Send Response to rild-mal
04-20 20:12:19.288397 16627 16645 E RILC    : Send Response to RIL_SOCKET_1
04-20 20:12:19.288505 16627 16645 I AT      : AT read start
04-20 20:12:19.289511  1576  1576 D GsmSST  : [GsmSST0] handle EVENT_SIGNAL_STRENGTH_UPDATE
04-20 20:12:19.289664  1576  1576 D GsmSST  : [GsmSST0] onSignalStrengthResult():  LastSignalStrength=SignalStrength: 14 37 -120 -160 -2 0 -1 99 2147483647 -2147483647 2147483647 2147483647 2147483647 gsm|lte 1 -296 -24
04-20 20:12:19.290332  1576  1576 D GsmSST  : [GsmSST0] onSignalStrengthResult():new mSignalStrength=SignalStrength: 14 37 -120 -160 -2 0 -1 99 2147483647 -2147483647 2147483647 2147483647 2147483647 gsm|lte 1 -296 -24
04-20 20:12:19.290396  1576  1576 D GsmSST  : [GsmSST0] handleMessage msg done
04-20 20:12:20.289158 16627 16642 D RILC    : s_last_wake_timeout_info: 0x7f9a9c3420 reset to NULL
04-20 20:12:20.289252 16627 16642 D RILC    : userTimerCallback free  p_info: 0x7f9a9c3420
04-20 20:12:20.289299 16627 16642 D RILC    : userTimerCallback free  p_info->event: 0x7f9a9c3430
04-20 20:12:21.997586 16517 16517 D RILMUXD : [gsm0710muxd] 3897:main(): Frames received/dropped: 5199/0
04-20 20:12:22.748797 16627 16642 I RILC    : NUMBER:1
04-20 20:12:22.749621 16627 16642 I RILC    : arg len:14
04-20 20:12:22.750318 16627 16642 I RILC    : ARGS[0]:THERMAL,0,-1
04-20 20:12:22.750908 16627 16642 D RILC    : C[locl]> QUERY_MODEM_THERMAL
04-20 20:12:22.751143 16627 16642 D RILC-MTK: QUERY_MODEM_THERMAL pRI=0x7f9c88c960 p=0x7f9c896230 dispatched to RIL_CMD_PROXY_1
04-20 20:12:22.753716 16627 16630 I RILC-MTK: RIL_URC_PROXY wakeup
04-20 20:12:22.753947 16627 16630 I RILC-MTK: RIL_URC_PROXY sleep
04-20 20:12:22.754463 16627 16632 I RILC-MTK: RIL_CMD_PROXY_2 wakeup
04-20 20:12:22.754635 16627 16632 I RILC-MTK: RIL_CMD_PROXY_2 sleep
04-20 20:12:22.754919 16627 16637 I RILC-MTK: RIL_CMD2_PROXY_3 wakeup
04-20 20:12:22.755089 16627 16637 I RILC-MTK: RIL_CMD2_PROXY_3 sleep
04-20 20:12:22.755370 16627 16641 I RILC-MTK: RIL_ATCI2_PROXY wakeup
04-20 20:12:22.755537 16627 16641 I RILC-MTK: RIL_ATCI2_PROXY sleep
04-20 20:12:22.755835 16627 16635 I RILC-MTK: RIL_ATCI_PROXY wakeup
04-20 20:12:22.756002 16627 16635 I RILC-MTK: RIL_ATCI_PROXY sleep
04-20 20:12:22.756269 16627 16639 I RILC-MTK: RIL_CMD2_PROXY_1 wakeup
04-20 20:12:22.756437 16627 16639 I RILC-MTK: RIL_CMD2_PROXY_1 sleep
04-20 20:12:22.756717 16627 16631 I RILC-MTK: RIL_CMD_PROXY_3 wakeup
04-20 20:12:22.756887 16627 16631 I RILC-MTK: RIL_CMD_PROXY_3 sleep
04-20 20:12:22.757173 16627 16638 I RILC-MTK: RIL_CMD2_PROXY_2 wakeup
04-20 20:12:22.757340 16627 16638 I RILC-MTK: RIL_CMD2_PROXY_2 sleep
04-20 20:12:22.757617 16627 16634 I RILC-MTK: RIL_CMD_PROXY_4 wakeup
04-20 20:12:22.757785 16627 16634 I RILC-MTK: RIL_CMD_PROXY_4 sleep
04-20 20:12:22.758080 16627 16636 I RILC-MTK: RIL_URC2_PROXY wakeup
04-20 20:12:22.758246 16627 16636 I RILC-MTK: RIL_URC2_PROXY sleep
04-20 20:12:22.758532 16627 16640 I RILC-MTK: RIL_CMD2_PROXY_4 wakeup
04-20 20:12:22.759272 16627 16633 I RILC-MTK: RIL_CMD_PROXY_1 wakeup
04-20 20:12:22.759457 16627 16633 D RILC-MTK: proxy id:3, proxyName: RIL_CMD_PROXY_1
04-20 20:12:22.759650 16627 16633 D RILC-MTK: QUERY_MODEM_THERMAL pRI=0x7f9c88c960 p=0x7f9c896230 execute on RIL_CMD_PROXY_1 using channel 3
04-20 20:12:22.759834 16627 16633 D RILC    : callOnRequest for new vendor ril
04-20 20:12:22.760010 16627 16633 D RIL     : onRequest: QUERY_MODEM_THERMAL, datalen = 8
04-20 20:12:22.760172 16627 16633 D RIL     : radioState:10
04-20 20:12:22.760481 16627 16633 D RIL     : requestQueryThermal Enter,-1
04-20 20:12:22.760690 16627 16633 D AT      : getRILChannelCtx subsystem:1, rid:0 channelOffset:0
04-20 20:12:22.760863 16627 16633 D AT      : AT send on RIL_CMD_READER_3, tid:548080612416
04-20 20:12:22.761024 16627 16633 D AT      : AT> AT+ETHERMAL
04-20 20:12:22.761185 16627 16633 I AT      : AT write start
04-20 20:12:22.764452 16517 16618 D RILMUXD : [gsm0710muxd] 3614:poll_thread(): poll_thread select found
04-20 20:12:22.764516 16517 16618 D RILMUXD : [gsm0710muxd] 1045:pseudo_device_read(): Enter, LackofAtciChannel=0
04-20 20:12:22.764578 16517 16618 D RILMUXD : [gsm0710muxd] 657:write_frame(): Sending frame to channel 5
04-20 20:12:22.764698 16517 16618 D RILMUXD : [gsm0710muxd] 766:write_frame(): Write a frame on channel 5 with length 12
04-20 20:12:22.764796 16627 16640 I RILC-MTK: RIL_CMD2_PROXY_4 sleep
04-20 20:12:22.772179 16517 16611 D RILMUXD : [gsm0710muxd] 1643:gsm0710_base_buffer_get_frame(): Get a complete frame. ch:5, ctrl:239, len:44
04-20 20:12:22.772253 16517 16611 D RILMUXD : [gsm0710muxd] 2383:extract_frames(): Writing 44 byte frame received on channel 5 to /dev/pts/9
04-20 20:12:22.772469 16517 16611 D RILMUXD : [gsm0710muxd] 2403:extract_frames(): write() returned. Written 44/44 bytes of frame to /dev/pts/9
04-20 20:12:22.772523 16517 16611 D RILMUXD : [gsm0710muxd] 2408:extract_frames(): fsync() failed (-1, 22 - Invalid argument)
04-20 20:12:22.772577 16517 16611 D RILMUXD : [gsm0710muxd] 1643:gsm0710_base_buffer_get_frame(): Get a complete frame. ch:5, ctrl:239, len:6
04-20 20:12:22.772630 16517 16611 D RILMUXD : [gsm0710muxd] 2383:extract_frames(): Writing 6 byte frame received on channel 5 to /dev/pts/9
04-20 20:12:22.772687 16517 16611 D RILMUXD : [gsm0710muxd] 2403:extract_frames(): write() returned. Written 6/6 bytes of frame to /dev/pts/9
04-20 20:12:22.772736 16517 16611 D RILMUXD : [gsm0710muxd] 2408:extract_frames(): fsync() failed (-1, 22 - Invalid argument)
04-20 20:12:22.772857 16627 16648 I AT      : AT read end: 50
04-20 20:12:22.772906 16627 16648 D AT      : AT< +ETHERMAL: 2, 32767, -127, -1, 32767, 18
04-20 20:12:22.772953 16627 16648 D AT      : RIL_CMD_READER_3 Enter processLine:+ETHERMAL: 2, 32767, -127, -1, 32767, 18
04-20 20:12:22.773004 16627 16648 D AT      : AT< OK
04-20 20:12:22.773046 16627 16648 D AT      : RIL_CMD_READER_3 Enter processLine:OK
04-20 20:12:22.773108 16627 16648 I AT      : AT read start
04-20 20:12:22.773900 16627 16633 D AT      : response received on RIL_CMD_READER_3, tid:548080612416
04-20 20:12:22.773960 16627 16633 D RIL     : requestQueryThermal success
04-20 20:12:22.774007 16627 16633 D RILC    : RequestComplete, RIL_SOCKET_1
04-20 20:12:22.774052 16627 16633 D RILC    : [THERMAL] local request for THERMAL returned 
04-20 20:12:22.774107 16627 16633 D RILC    : [THERMAL] s_THERMAL_fd is valid strResult is  2, 32767, -127, -1, 32767, 18
04-20 20:12:22.774193 16627 16633 D RILC-MTK: proxyLoop free  pRI=0x7f9c88c960 p=0x7f9c896230 
04-20 20:12:22.774245 16627 16633 D RILC-MTK: proxyLoop free  pRequest=0x7f9c892200
04-20 20:12:22.774292 16627 16633 I RILC-MTK: RIL_CMD_PROXY_1 sleep
04-20 20:12:24.399183 16517 16611 D RILMUXD : [gsm0710muxd] 1643:gsm0710_base_buffer_get_frame(): Get a complete frame. ch:2, ctrl:239, len:39
04-20 20:12:24.399304 16517 16611 D RILMUXD : [gsm0710muxd] 2383:extract_frames(): Writing 39 byte frame received on channel 2 to /dev/pts/6
04-20 20:12:24.399397 16517 16611 D RILMUXD : [gsm0710muxd] 2403:extract_frames(): write() returned. Written 39/39 bytes of frame to /dev/pts/6
04-20 20:12:24.399450 16517 16611 D RILMUXD : [gsm0710muxd] 2408:extract_frames(): fsync() failed (-1, 22 - Invalid argument)
04-20 20:12:24.399618 16627 16645 I AT      : AT read end: 39
04-20 20:12:24.399705 16627 16645 D AT      : AT< +ECSQ: 46,37,1,-298,-24,1,1,2,32767
04-20 20:12:24.399753 16627 16645 D AT      : RIL_URC_READER Enter processLine:+ECSQ: 46,37,1,-298,-24,1,1,2,32767
04-20 20:12:24.399869 16627 16645 D RILC    : [MAL_AT] data sent to rild-mal-at is '+ECSQ: 46,37,1,-298,-24,1,1,2,32767'
04-20 20:12:24.399972 16627 16645 D RILC    : internalRequestTimedCallback malloc p_info: 0x7f9a9c3480
04-20 20:12:24.400026 16627 16645 D RILC    : internalRequestTimedCallback malloc p_info->event: 0x7f9a9c3490
04-20 20:12:24.400111 16627 16645 D RIL     : Nw URC:+ECSQ: 46,37,1,-298,-24,1,1,2,32767
04-20 20:12:24.400177 16627 16645 D RIL     : convert3GRssiValue baseband=503 ,isFdd3G=1,isTdd3G=0 ,RSCP_in_qdbm=-298 ,EcN0_in_qdbm=-24
04-20 20:12:24.400304 16627 16645 D RILC    : callForRilVersion new vendor RIL, version: 10
04-20 20:12:24.400389 16627 16645 I RILC    : RIL_SOCKET_1 UNSOLICITED: UNSOL_SIGNAL_STRENGTH length:72
04-20 20:12:24.400433 16627 16645 E RILC    : Send Response to rild-mal
04-20 20:12:24.400522 16627 16645 E RILC    : Send Response to RIL_SOCKET_1
04-20 20:12:24.400998 16627 16645 I AT      : AT read start
04-20 20:12:24.402199  1576  1576 D GsmSST  : [GsmSST0] handle EVENT_SIGNAL_STRENGTH_UPDATE
04-20 20:12:24.402395  1576  1576 D GsmSST  : [GsmSST0] onSignalStrengthResult():  LastSignalStrength=SignalStrength: 14 37 -120 -160 -2 0 -1 99 2147483647 -2147483647 2147483647 2147483647 2147483647 gsm|lte 1 -296 -24
04-20 20:12:24.402493  1576  1576 D GsmSST  : [GsmSST0] onSignalStrengthResult():new mSignalStrength=SignalStrength: 14 37 -120 -160 -2 0 -1 99 2147483647 -2147483647 2147483647 2147483647 2147483647 gsm|lte 1 -300 -24
04-20 20:12:24.402756  1576  1576 W SignalStrength: SignalStrength get plugin
04-20 20:12:24.402910  1576  1576 I use-Rlog/RLOG-GSM: getLTELevel - rsrp:2147483647 snr:2147483647 rsrpIconLevel:-1 snrIconLevel:-1
04-20 20:12:24.402982  1576  1576 I use-Rlog/RLOG-GSM: getLTELevel - rssi:99 rssiIconLevel:0
04-20 20:12:24.403033  1576  1576 W SignalStrength: SignalStrength get plugin
04-20 20:12:24.403114  1576  1576 I use-Rlog/RLOG-GSM:  asu: 14 gsmRscp: -75 out level: 4
04-20 20:12:24.403182  1576  1576 D GsmSST  : [GsmSST0] notifySignalStrength: mSignalStrength.getLevel=4
04-20 20:12:24.403309  1576  1576 D SubscriptionController: [getSubId]- sSlotIdxToSubId.size == 0, return DummySubIds slotIdx=0
04-20 20:12:24.403387  1576  1576 D SubscriptionController: getDummySubIds: slotIdx=0 return 2 DummySubIds with each subId=-2
04-20 20:12:24.403752  1576  1576 D DefaultPhoneNotifier: notifySignalStrength: mRegistry=com.android.internal.telephony.ITelephonyRegistry$Stub$Proxy@20f1708 ss=SignalStrength: 14 37 -120 -160 -2 0 -1 99 2147483647 -2147483647 2147483647 2147483647 2147483647 gsm|lte 1 -300 -24 sender=Handler (com.android.internal.telephony.gsm.GSMPhone) {e4ac408}
04-20 20:12:24.404990   964  1663 D TelephonyRegistry: notifySignalStrengthForSubscriber: subId=-2 signalStrength=SignalStrength: 14 37 -120 -160 -2 0 -1 99 2147483647 -2147483647 2147483647 2147483647 2147483647 gsm|lte 1 -300 -24
04-20 20:12:24.405192   964  1663 D TelephonyRegistry: notifySignalStrengthForSubscriber: logSSC.length=5 next=3
04-20 20:12:24.407008   964  1663 D TelephonyRegistry: notifyServiceStateForSubscriber Time 20160420T171405Asia/Shanghai(3,110,28800,0,1461143645) mSubId -2 mPhoneId 0  mState 1 1 voice home data home null null null null null null  Unknown Unknown CSS not supported -1 -1 RoamInd=-1 DefRoamInd=-1 EmergOnly=true Ril Voice Regist state: 10 Ril Data Regist state: 0 mProprietaryDataRadioTechnology: 0 VoiceRejectCause: -1 DataRejectCause: -1 mCdmaNetWorkMode: 0 IsDataRoamingFromRegistration=false
04-20 20:12:24.408853   964  1663 D TelephonyRegistry: notifyServiceStateForSubscriber Time 20160420T171405Asia/Shanghai(3,110,28800,0,1461143645) mSubId -2 mPhoneId 0  mState 1 1 voice home data home null null null null null null  Unknown Unknown CSS not supported -1 -1 RoamInd=-1 DefRoamInd=-1 EmergOnly=true Ril Voice Regist state: 10 Ril Data Regist state: 0 mProprietaryDataRadioTechnology: 0 VoiceRejectCause: -1 DataRejectCause: -1 mCdmaNetWorkMode: 0 IsDataRoamingFromRegistration=false
04-20 20:12:24.410683   964  1663 D TelephonyRegistry: notifyServiceStateForSubscriber Time 20160420T171405Asia/Shanghai(3,110,28800,0,1461143645) mSubId -3 mPhoneId 1  mState 3 3 voice home data home null null null null null null  Unknown Unknown CSS not supported -1 -1 RoamInd=-1 DefRoamInd=-1 EmergOnly=false Ril Voice Regist state: 0 Ril Data Regist state: 0 mProprietaryDataRadioTechnology: 0 VoiceRejectCause: -1 DataRejectCause: -1 mCdmaNetWorkMode: 0 IsDataRoamingFromRegistration=false
04-20 20:12:24.412500   964  1663 D TelephonyRegistry: notifyServiceStateForSubscriber Time 20160420T171405Asia/Shanghai(3,110,28800,0,1461143645) mSubId -2 mPhoneId 0  mState 1 1 voice home data home null null null null null null  Unknown Unknown CSS not supported -1 -1 RoamInd=-1 DefRoamInd=-1 EmergOnly=true Ril Voice Regist state: 10 Ril Data Regist state: 0 mProprietaryDataRadioTechnology: 0 VoiceRejectCause: -1 DataRejectCause: -1 mCdmaNetWorkMode: 0 IsDataRoamingFromRegistration=false
04-20 20:12:24.414384   964  1663 D TelephonyRegistry: notifyServiceStateForSubscriber Time 20160420T171405Asia/Shanghai(3,110,28800,0,1461143645) mSubId -3 mPhoneId 1  mState 3 3 voice home data home null null null null null null  Unknown Unknown CSS not supported -1 -1 RoamInd=-1 DefRoamInd=-1 EmergOnly=false Ril Voice Regist state: 0 Ril Data Regist state: 0 mProprietaryDataRadioTechnology: 0 VoiceRejectCause: -1 DataRejectCause: -1 mCdmaNetWorkMode: 0 IsDataRoamingFromRegistration=false
04-20 20:12:24.414525   964  1663 D TelephonyRegistry: notifySignalStrengthForSubscriber: ----------------
04-20 20:12:24.414794   964  1663 D SubscriptionManager: [getPhoneId]- return dummy value, subId = -2
04-20 20:12:24.414914   964  1663 D TelephonyRegistry: validatePhoneId: true
04-20 20:12:24.415004   964  1663 D TelephonyRegistry: notifySignalStrengthForSubscriber: valid phoneId=0
04-20 20:12:24.416412  1576  1576 D SubscriptionController: [getPhoneId] asked for default subId=-1
04-20 20:12:24.416728  1576  1576 D SubscriptionController: [getPhoneId]- invalid subId = -1 return = -1
04-20 20:12:24.417238   964  1663 D SubscriptionManager: [getPhoneId]- return dummy value, subId = -2
04-20 20:12:24.417345   964  1663 D TelephonyRegistry: idMatch: rlt=false
04-20 20:12:24.417569   964  1663 D TelephonyRegistry: handleRemoveListLocked: mRemoveList.size()=0
04-20 20:12:24.417850   964  1663 W SignalStrength: SignalStrength get plugin
04-20 20:12:24.418142   964  1663 I use-Rlog/RLOG-GSM: getLTELevel - rsrp:2147483647 snr:2147483647 rsrpIconLevel:-1 snrIconLevel:-1
04-20 20:12:24.418255   964  1663 I use-Rlog/RLOG-GSM: getLTELevel - rssi:99 rssiIconLevel:0
04-20 20:12:24.418324   964  1663 W SignalStrength: SignalStrength get plugin
04-20 20:12:24.418449   964  1663 I use-Rlog/RLOG-GSM:  asu: 14 gsmRscp: -75 out level: 4
04-20 20:12:24.418987   964  1663 D SubscriptionManager: [getPhoneId]- return dummy value, subId = -2
04-20 20:12:24.419852  1576  1576 D SubscriptionController: [getSubId]- sSlotIdxToSubId.size == 0, return DummySubIds slotIdx=0
04-20 20:12:24.419954  1576  1576 D SubscriptionController: getDummySubIds: slotIdx=0 return 2 DummySubIds with each subId=-2
04-20 20:12:24.421733  1576  1576 D GsmSST  : [GsmSST0] handleMessage msg done
04-20 20:12:25.401434 16627 16642 D RILC    : s_last_wake_timeout_info: 0x7f9a9c3480 reset to NULL
04-20 20:12:25.401548 16627 16642 D RILC    : userTimerCallback free  p_info: 0x7f9a9c3480
04-20 20:12:25.401605 16627 16642 D RILC    : userTimerCallback free  p_info->event: 0x7f9a9c3490
04-20 20:12:26.997905 16517 16517 D RILMUXD : [gsm0710muxd] 3897:main(): Frames received/dropped: 5202/0
04-20 20:12:28.072279  1576  1576 D FdManager: [GDCT][phoneId0]onReceive: action=android.intent.action.BATTERY_CHANGED
04-20 20:12:28.074667  1576  1576 D FdManager: [GDCT][phoneId1]onReceive: action=android.intent.action.BATTERY_CHANGED
04-20 20:12:29.520646 16517 16611 D RILMUXD : [gsm0710muxd] 1643:gsm0710_base_buffer_get_frame(): Get a complete frame. ch:2, ctrl:239, len:39
04-20 20:12:29.520828 16517 16611 D RILMUXD : [gsm0710muxd] 2383:extract_frames(): Writing 39 byte frame received on channel 2 to /dev/pts/6
04-20 20:12:29.520996 16517 16611 D RILMUXD : [gsm0710muxd] 2403:extract_frames(): write() returned. Written 39/39 bytes of frame to /dev/pts/6
04-20 20:12:29.521102 16517 16611 D RILMUXD : [gsm0710muxd] 2408:extract_frames(): fsync() failed (-1, 22 - Invalid argument)
04-20 20:12:29.521358 16627 16645 I AT      : AT read end: 39
04-20 20:12:29.521458 16627 16645 D AT      : AT< +ECSQ: 45,36,1,-301,-25,1,1,2,32767
04-20 20:12:29.521547 16627 16645 D AT      : RIL_URC_READER Enter processLine:+ECSQ: 45,36,1,-301,-25,1,1,2,32767
04-20 20:12:29.521719 16627 16645 D RILC    : [MAL_AT] data sent to rild-mal-at is '+ECSQ: 45,36,1,-301,-25,1,1,2,32767'
04-20 20:12:29.521991 16627 16645 D RILC    : internalRequestTimedCallback malloc p_info: 0x7f9a9c34e0
04-20 20:12:29.522089 16627 16645 D RILC    : internalRequestTimedCallback malloc p_info->event: 0x7f9a9c34f0
04-20 20:12:29.522806 16627 16645 D RIL     : Nw URC:+ECSQ: 45,36,1,-301,-25,1,1,2,32767
04-20 20:12:29.523049 16627 16645 D RIL     : convert3GRssiValue baseband=503 ,isFdd3G=1,isTdd3G=0 ,RSCP_in_qdbm=-301 ,EcN0_in_qdbm=-25
04-20 20:12:29.523163 16627 16645 D RILC    : callForRilVersion new vendor RIL, version: 10
04-20 20:12:29.523376 16627 16645 I RILC    : RIL_SOCKET_1 UNSOLICITED: UNSOL_SIGNAL_STRENGTH length:72
04-20 20:12:29.523650 16627 16645 E RILC    : Send Response to rild-mal
04-20 20:12:29.525147 16627 16645 E RILC    : Send Response to RIL_SOCKET_1
04-20 20:12:29.525884 16627 16645 I AT      : AT read start
04-20 20:12:29.527003  1576  1576 D GsmSST  : [GsmSST0] handle EVENT_SIGNAL_STRENGTH_UPDATE
04-20 20:12:29.527256  1576  1576 D GsmSST  : [GsmSST0] onSignalStrengthResult():  LastSignalStrength=SignalStrength: 14 37 -120 -160 -2 0 -1 99 2147483647 -2147483647 2147483647 2147483647 2147483647 gsm|lte 1 -300 -24
04-20 20:12:29.527438  1576  1576 D GsmSST  : [GsmSST0] onSignalStrengthResult():new mSignalStrength=SignalStrength: 14 36 -120 -160 -2 0 -1 99 2147483647 -2147483647 2147483647 2147483647 2147483647 gsm|lte 1 -304 -25
04-20 20:12:29.527725  1576  1576 W SignalStrength: SignalStrength get plugin
04-20 20:12:29.527876  1576  1576 I use-Rlog/RLOG-GSM: getLTELevel - rsrp:2147483647 snr:2147483647 rsrpIconLevel:-1 snrIconLevel:-1
04-20 20:12:29.527997  1576  1576 I use-Rlog/RLOG-GSM: getLTELevel - rssi:99 rssiIconLevel:0
04-20 20:12:29.528143  1576  1576 W SignalStrength: SignalStrength get plugin
04-20 20:12:29.528262  1576  1576 I use-Rlog/RLOG-GSM:  asu: 14 gsmRscp: -76 out level: 4
04-20 20:12:29.528380  1576  1576 D GsmSST  : [GsmSST0] notifySignalStrength: mSignalStrength.getLevel=4
04-20 20:12:29.528706  1576  1576 D SubscriptionController: [getSubId]- sSlotIdxToSubId.size == 0, return DummySubIds slotIdx=0
04-20 20:12:29.528851  1576  1576 D SubscriptionController: getDummySubIds: slotIdx=0 return 2 DummySubIds with each subId=-2
04-20 20:12:29.529098  1576  1576 D DefaultPhoneNotifier: notifySignalStrength: mRegistry=com.android.internal.telephony.ITelephonyRegistry$Stub$Proxy@20f1708 ss=SignalStrength: 14 36 -120 -160 -2 0 -1 99 2147483647 -2147483647 2147483647 2147483647 2147483647 gsm|lte 1 -304 -25 sender=Handler (com.android.internal.telephony.gsm.GSMPhone) {e4ac408}
04-20 20:12:29.532177   964  2089 D TelephonyRegistry: notifySignalStrengthForSubscriber: subId=-2 signalStrength=SignalStrength: 14 36 -120 -160 -2 0 -1 99 2147483647 -2147483647 2147483647 2147483647 2147483647 gsm|lte 1 -304 -25
04-20 20:12:29.532441   964  2089 D TelephonyRegistry: notifySignalStrengthForSubscriber: logSSC.length=5 next=3
04-20 20:12:29.538823   964  2089 D TelephonyRegistry: notifyServiceStateForSubscriber Time 20160420T171405Asia/Shanghai(3,110,28800,0,1461143645) mSubId -2 mPhoneId 0  mState 1 1 voice home data home null null null null null null  Unknown Unknown CSS not supported -1 -1 RoamInd=-1 DefRoamInd=-1 EmergOnly=true Ril Voice Regist state: 10 Ril Data Regist state: 0 mProprietaryDataRadioTechnology: 0 VoiceRejectCause: -1 DataRejectCause: -1 mCdmaNetWorkMode: 0 IsDataRoamingFromRegistration=false
04-20 20:12:29.549806   964  2089 D TelephonyRegistry: notifyServiceStateForSubscriber Time 20160420T171405Asia/Shanghai(3,110,28800,0,1461143645) mSubId -2 mPhoneId 0  mState 1 1 voice home data home null null null null null null  Unknown Unknown CSS not supported -1 -1 RoamInd=-1 DefRoamInd=-1 EmergOnly=true Ril Voice Regist state: 10 Ril Data Regist state: 0 mProprietaryDataRadioTechnology: 0 VoiceRejectCause: -1 DataRejectCause: -1 mCdmaNetWorkMode: 0 IsDataRoamingFromRegistration=false
04-20 20:12:29.554076   964  2089 D TelephonyRegistry: notifyServiceStateForSubscriber Time 20160420T171405Asia/Shanghai(3,110,28800,0,1461143645) mSubId -3 mPhoneId 1  mState 3 3 voice home data home null null null null null null  Unknown Unknown CSS not supported -1 -1 RoamInd=-1 DefRoamInd=-1 EmergOnly=false Ril Voice Regist state: 0 Ril Data Regist state: 0 mProprietaryDataRadioTechnology: 0 VoiceRejectCause: -1 DataRejectCause: -1 mCdmaNetWorkMode: 0 IsDataRoamingFromRegistration=false
04-20 20:12:29.556598   964  2089 D TelephonyRegistry: notifyServiceStateForSubscriber Time 20160420T171405Asia/Shanghai(3,110,28800,0,1461143645) mSubId -2 mPhoneId 0  mState 1 1 voice home data home null null null null null null  Unknown Unknown CSS not supported -1 -1 RoamInd=-1 DefRoamInd=-1 EmergOnly=true Ril Voice Regist state: 10 Ril Data Regist state: 0 mProprietaryDataRadioTechnology: 0 VoiceRejectCause: -1 DataRejectCause: -1 mCdmaNetWorkMode: 0 IsDataRoamingFromRegistration=false
04-20 20:12:29.558749   964  2089 D TelephonyRegistry: notifyServiceStateForSubscriber Time 20160420T171405Asia/Shanghai(3,110,28800,0,1461143645) mSubId -3 mPhoneId 1  mState 3 3 voice home data home null null null null null null  Unknown Unknown CSS not supported -1 -1 RoamInd=-1 DefRoamInd=-1 EmergOnly=false Ril Voice Regist state: 0 Ril Data Regist state: 0 mProprietaryDataRadioTechnology: 0 VoiceRejectCause: -1 DataRejectCause: -1 mCdmaNetWorkMode: 0 IsDataRoamingFromRegistration=false
04-20 20:12:29.558890   964  2089 D TelephonyRegistry: notifySignalStrengthForSubscriber: ----------------
04-20 20:12:29.559214   964  2089 D SubscriptionManager: [getPhoneId]- return dummy value, subId = -2
04-20 20:12:29.559354   964  2089 D TelephonyRegistry: validatePhoneId: true
04-20 20:12:29.559465   964  2089 D TelephonyRegistry: notifySignalStrengthForSubscriber: valid phoneId=0
04-20 20:12:29.562026  1576  1576 D SubscriptionController: [getPhoneId] asked for default subId=-1
04-20 20:12:29.562353  1576  1576 D SubscriptionController: [getPhoneId]- invalid subId = -1 return = -1
04-20 20:12:29.563212   964  2089 D SubscriptionManager: [getPhoneId]- return dummy value, subId = -2
04-20 20:12:29.563374   964  2089 D TelephonyRegistry: idMatch: rlt=false
04-20 20:12:29.564011   964  2089 D TelephonyRegistry: handleRemoveListLocked: mRemoveList.size()=0
04-20 20:12:29.564367   964  2089 W SignalStrength: SignalStrength get plugin
04-20 20:12:29.564714   964  2089 I use-Rlog/RLOG-GSM: getLTELevel - rsrp:2147483647 snr:2147483647 rsrpIconLevel:-1 snrIconLevel:-1
04-20 20:12:29.564841   964  2089 I use-Rlog/RLOG-GSM: getLTELevel - rssi:99 rssiIconLevel:0
04-20 20:12:29.564918   964  2089 W SignalStrength: SignalStrength get plugin
04-20 20:12:29.565060   964  2089 I use-Rlog/RLOG-GSM:  asu: 14 gsmRscp: -76 out level: 4
04-20 20:12:29.565709   964  2089 D SubscriptionManager: [getPhoneId]- return dummy value, subId = -2
04-20 20:12:29.567533  1576  1576 D SubscriptionController: [getSubId]- sSlotIdxToSubId.size == 0, return DummySubIds slotIdx=0
04-20 20:12:29.567674  1576  1576 D SubscriptionController: getDummySubIds: slotIdx=0 return 2 DummySubIds with each subId=-2
04-20 20:12:29.570627  1576  1576 D GsmSST  : [GsmSST0] handleMessage msg done
04-20 20:12:30.523658 16627 16642 D RILC    : s_last_wake_timeout_info: 0x7f9a9c34e0 reset to NULL
04-20 20:12:30.523753 16627 16642 D RILC    : userTimerCallback free  p_info: 0x7f9a9c34e0
04-20 20:12:30.523799 16627 16642 D RILC    : userTimerCallback free  p_info->event: 0x7f9a9c34f0
04-20 20:12:31.998173 16517 16517 D RILMUXD : [gsm0710muxd] 3897:main(): Frames received/dropped: 5203/0
04-20 20:12:32.781948 16627 16642 I RILC    : NUMBER:1
04-20 20:12:32.782019 16627 16642 I RILC    : arg len:14
04-20 20:12:32.782085 16627 16642 I RILC    : ARGS[0]:THERMAL,0,-1
04-20 20:12:32.782215 16627 16642 D RILC    : C[locl]> QUERY_MODEM_THERMAL
04-20 20:12:32.782294 16627 16642 D RILC-MTK: QUERY_MODEM_THERMAL pRI=0x7f9c88c780 p=0x7f9c896380 dispatched to RIL_CMD_PROXY_1
04-20 20:12:32.782540 16627 16640 I RILC-MTK: RIL_CMD2_PROXY_4 wakeup
04-20 20:12:32.782636 16627 16637 I RILC-MTK: RIL_CMD2_PROXY_3 wakeup
04-20 20:12:32.782703 16627 16630 I RILC-MTK: RIL_URC_PROXY wakeup
04-20 20:12:32.782584 16627 16632 I RILC-MTK: RIL_CMD_PROXY_2 wakeup
04-20 20:12:32.782694 16627 16640 I RILC-MTK: RIL_CMD2_PROXY_4 sleep
04-20 20:12:32.782997 16627 16637 I RILC-MTK: RIL_CMD2_PROXY_3 sleep
04-20 20:12:32.783134 16627 16641 I RILC-MTK: RIL_ATCI2_PROXY wakeup
04-20 20:12:32.783172 16627 16635 I RILC-MTK: RIL_ATCI_PROXY wakeup
04-20 20:12:32.783232 16627 16641 I RILC-MTK: RIL_ATCI2_PROXY sleep
04-20 20:12:32.783330 16627 16630 I RILC-MTK: RIL_URC_PROXY sleep
04-20 20:12:32.783598 16627 16638 I RILC-MTK: RIL_CMD2_PROXY_2 wakeup
04-20 20:12:32.783649 16627 16638 I RILC-MTK: RIL_CMD2_PROXY_2 sleep
04-20 20:12:32.783727 16627 16634 I RILC-MTK: RIL_CMD_PROXY_4 wakeup
04-20 20:12:32.783821 16627 16634 I RILC-MTK: RIL_CMD_PROXY_4 sleep
04-20 20:12:32.783898 16627 16636 I RILC-MTK: RIL_URC2_PROXY wakeup
04-20 20:12:32.783988 16627 16636 I RILC-MTK: RIL_URC2_PROXY sleep
04-20 20:12:32.784053 16627 16633 I RILC-MTK: RIL_CMD_PROXY_1 wakeup
04-20 20:12:32.783494 16627 16631 I RILC-MTK: RIL_CMD_PROXY_3 wakeup
04-20 20:12:32.784083 16627 16632 I RILC-MTK: RIL_CMD_PROXY_2 sleep
04-20 20:12:32.784171 16627 16635 I RILC-MTK: RIL_ATCI_PROXY sleep
04-20 20:12:32.784323 16627 16639 I RILC-MTK: RIL_CMD2_PROXY_1 wakeup
04-20 20:12:32.784365 16627 16633 D RILC-MTK: proxy id:3, proxyName: RIL_CMD_PROXY_1
04-20 20:12:32.784441 16627 16633 D RILC-MTK: QUERY_MODEM_THERMAL pRI=0x7f9c88c780 p=0x7f9c896380 execute on RIL_CMD_PROXY_1 using channel 3
04-20 20:12:32.784366 16627 16639 I RILC-MTK: RIL_CMD2_PROXY_1 sleep
04-20 20:12:32.784614 16627 16633 D RILC    : callOnRequest for new vendor ril
04-20 20:12:32.784629 16627 16631 I RILC-MTK: RIL_CMD_PROXY_3 sleep
04-20 20:12:32.784664 16627 16633 D RIL     : onRequest: QUERY_MODEM_THERMAL, datalen = 8
04-20 20:12:32.784705 16627 16633 D RIL     : radioState:10
04-20 20:12:32.784755 16627 16633 D RIL     : requestQueryThermal Enter,-1
04-20 20:12:32.784810 16627 16633 D AT      : getRILChannelCtx subsystem:1, rid:0 channelOffset:0
04-20 20:12:32.784860 16627 16633 D AT      : AT send on RIL_CMD_READER_3, tid:548080612416
04-20 20:12:32.784902 16627 16633 D AT      : AT> AT+ETHERMAL
04-20 20:12:32.784942 16627 16633 I AT      : AT write start
04-20 20:12:32.785185 16517 16618 D RILMUXD : [gsm0710muxd] 3614:poll_thread(): poll_thread select found
04-20 20:12:32.785258 16517 16618 D RILMUXD : [gsm0710muxd] 1045:pseudo_device_read(): Enter, LackofAtciChannel=0
04-20 20:12:32.785325 16517 16618 D RILMUXD : [gsm0710muxd] 657:write_frame(): Sending frame to channel 5
04-20 20:12:32.785455 16517 16618 D RILMUXD : [gsm0710muxd] 766:write_frame(): Write a frame on channel 5 with length 12
04-20 20:12:32.793224 16517 16611 D RILMUXD : [gsm0710muxd] 1643:gsm0710_base_buffer_get_frame(): Get a complete frame. ch:5, ctrl:239, len:44
04-20 20:12:32.793338 16517 16611 D RILMUXD : [gsm0710muxd] 2383:extract_frames(): Writing 44 byte frame received on channel 5 to /dev/pts/9
04-20 20:12:32.793575 16517 16611 D RILMUXD : [gsm0710muxd] 2403:extract_frames(): write() returned. Written 44/44 bytes of frame to /dev/pts/9
04-20 20:12:32.793642 16517 16611 D RILMUXD : [gsm0710muxd] 2408:extract_frames(): fsync() failed (-1, 22 - Invalid argument)
04-20 20:12:32.793704 16517 16611 D RILMUXD : [gsm0710muxd] 1643:gsm0710_base_buffer_get_frame(): Get a complete frame. ch:5, ctrl:239, len:6
04-20 20:12:32.793811 16517 16611 D RILMUXD : [gsm0710muxd] 2383:extract_frames(): Writing 6 byte frame received on channel 5 to /dev/pts/9
04-20 20:12:32.793875 16517 16611 D RILMUXD : [gsm0710muxd] 2403:extract_frames(): write() returned. Written 6/6 bytes of frame to /dev/pts/9
04-20 20:12:32.793926 16517 16611 D RILMUXD : [gsm0710muxd] 2408:extract_frames(): fsync() failed (-1, 22 - Invalid argument)
04-20 20:12:32.794128 16627 16648 I AT      : AT read end: 50
04-20 20:12:32.794190 16627 16648 D AT      : AT< +ETHERMAL: 2, 32767, -127, -1, 32767, 18
04-20 20:12:32.794237 16627 16648 D AT      : RIL_CMD_READER_3 Enter processLine:+ETHERMAL: 2, 32767, -127, -1, 32767, 18
04-20 20:12:32.794287 16627 16648 D AT      : AT< OK
04-20 20:12:32.794330 16627 16648 D AT      : RIL_CMD_READER_3 Enter processLine:OK
04-20 20:12:32.794389 16627 16648 I AT      : AT read start
04-20 20:12:32.794444 16627 16633 D AT      : response received on RIL_CMD_READER_3, tid:548080612416
04-20 20:12:32.794494 16627 16633 D RIL     : requestQueryThermal success
04-20 20:12:32.794540 16627 16633 D RILC    : RequestComplete, RIL_SOCKET_1
04-20 20:12:32.794584 16627 16633 D RILC    : [THERMAL] local request for THERMAL returned 
04-20 20:12:32.794636 16627 16633 D RILC    : [THERMAL] s_THERMAL_fd is valid strResult is  2, 32767, -127, -1, 32767, 18
04-20 20:12:32.794721 16627 16633 D RILC-MTK: proxyLoop free  pRI=0x7f9c88c780 p=0x7f9c896380 
04-20 20:12:32.794785 16627 16633 D RILC-MTK: proxyLoop free  pRequest=0x7f9c892480
04-20 20:12:32.794826 16627 16633 I RILC-MTK: RIL_CMD_PROXY_1 sleep
04-20 20:12:34.641842 16517 16611 D RILMUXD : [gsm0710muxd] 1643:gsm0710_base_buffer_get_frame(): Get a complete frame. ch:2, ctrl:239, len:39
04-20 20:12:34.641990 16517 16611 D RILMUXD : [gsm0710muxd] 2383:extract_frames(): Writing 39 byte frame received on channel 2 to /dev/pts/6
04-20 20:12:34.642101 16517 16611 D RILMUXD : [gsm0710muxd] 2403:extract_frames(): write() returned. Written 39/39 bytes of frame to /dev/pts/6
04-20 20:12:34.642159 16517 16611 D RILMUXD : [gsm0710muxd] 2408:extract_frames(): fsync() failed (-1, 22 - Invalid argument)
04-20 20:12:34.642382 16627 16645 I AT      : AT read end: 39
04-20 20:12:34.642460 16627 16645 D AT      : AT< +ECSQ: 45,36,1,-302,-25,1,1,2,32767
04-20 20:12:34.642525 16627 16645 D AT      : RIL_URC_READER Enter processLine:+ECSQ: 45,36,1,-302,-25,1,1,2,32767
04-20 20:12:34.642673 16627 16645 D RILC    : [MAL_AT] data sent to rild-mal-at is '+ECSQ: 45,36,1,-302,-25,1,1,2,32767'
04-20 20:12:34.642794 16627 16645 D RILC    : internalRequestTimedCallback malloc p_info: 0x7f9a9c3060
04-20 20:12:34.642849 16627 16645 D RILC    : internalRequestTimedCallback malloc p_info->event: 0x7f9a9c3070
04-20 20:12:34.642967 16627 16645 D RIL     : Nw URC:+ECSQ: 45,36,1,-302,-25,1,1,2,32767
04-20 20:12:34.643049 16627 16645 D RIL     : convert3GRssiValue baseband=503 ,isFdd3G=1,isTdd3G=0 ,RSCP_in_qdbm=-302 ,EcN0_in_qdbm=-25
04-20 20:12:34.643113 16627 16645 D RILC    : callForRilVersion new vendor RIL, version: 10
04-20 20:12:34.643226 16627 16645 I RILC    : RIL_SOCKET_1 UNSOLICITED: UNSOL_SIGNAL_STRENGTH length:72
04-20 20:12:34.643272 16627 16645 E RILC    : Send Response to rild-mal
04-20 20:12:34.643382 16627 16645 E RILC    : Send Response to RIL_SOCKET_1
04-20 20:12:34.644332 16627 16645 I AT      : AT read start
04-20 20:12:34.644952  1576  1576 D GsmSST  : [GsmSST0] handle EVENT_SIGNAL_STRENGTH_UPDATE
04-20 20:12:34.645269  1576  1576 D GsmSST  : [GsmSST0] onSignalStrengthResult():  LastSignalStrength=SignalStrength: 14 36 -120 -160 -2 0 -1 99 2147483647 -2147483647 2147483647 2147483647 2147483647 gsm|lte 1 -304 -25
04-20 20:12:34.645434  1576  1576 D GsmSST  : [GsmSST0] onSignalStrengthResult():new mSignalStrength=SignalStrength: 14 36 -120 -160 -2 0 -1 99 2147483647 -2147483647 2147483647 2147483647 2147483647 gsm|lte 1 -304 -25
04-20 20:12:34.645506  1576  1576 D GsmSST  : [GsmSST0] handleMessage msg done
04-20 20:12:34.768850  1576  1608 D SubscriptionManager: [getPhoneId]- return dummy value, subId = -1
04-20 20:12:34.778258  1576  2107 D GSMPhone: [GSMPhone] getDeviceId: 353919025680130
04-20 20:12:35.643727 16627 16642 D RILC    : s_last_wake_timeout_info: 0x7f9a9c3060 reset to NULL
04-20 20:12:35.643805 16627 16642 D RILC    : userTimerCallback free  p_info: 0x7f9a9c3060
04-20 20:12:35.643852 16627 16642 D RILC    : userTimerCallback free  p_info->event: 0x7f9a9c3070
04-20 20:12:36.999643 16517 16517 D RILMUXD : [gsm0710muxd] 3897:main(): Frames received/dropped: 5206/0
04-20 20:12:38.064864  1576  1576 D FdManager: [GDCT][phoneId0]onReceive: action=android.intent.action.BATTERY_CHANGED
04-20 20:12:38.069860  1576  1576 D FdManager: [GDCT][phoneId1]onReceive: action=android.intent.action.BATTERY_CHANGED
04-20 20:12:39.762625 16517 16611 D RILMUXD : [gsm0710muxd] 1643:gsm0710_base_buffer_get_frame(): Get a complete frame. ch:2, ctrl:239, len:39
04-20 20:12:39.762766 16517 16611 D RILMUXD : [gsm0710muxd] 2383:extract_frames(): Writing 39 byte frame received on channel 2 to /dev/pts/6
04-20 20:12:39.762865 16517 16611 D RILMUXD : [gsm0710muxd] 2403:extract_frames(): write() returned. Written 39/39 bytes of frame to /dev/pts/6
04-20 20:12:39.762917 16517 16611 D RILMUXD : [gsm0710muxd] 2408:extract_frames(): fsync() failed (-1, 22 - Invalid argument)
04-20 20:12:39.763096 16627 16645 I AT      : AT read end: 39
04-20 20:12:39.763242 16627 16645 D AT      : AT< +ECSQ: 44,36,1,-305,-26,1,1,2,32767
04-20 20:12:39.763289 16627 16645 D AT      : RIL_URC_READER Enter processLine:+ECSQ: 44,36,1,-305,-26,1,1,2,32767
04-20 20:12:39.763406 16627 16645 D RILC    : [MAL_AT] data sent to rild-mal-at is '+ECSQ: 44,36,1,-305,-26,1,1,2,32767'
04-20 20:12:39.763626 16627 16645 D RILC    : internalRequestTimedCallback malloc p_info: 0x7f9a9c30c0
04-20 20:12:39.763689 16627 16645 D RILC    : internalRequestTimedCallback malloc p_info->event: 0x7f9a9c30d0
04-20 20:12:39.763783 16627 16645 D RIL     : Nw URC:+ECSQ: 44,36,1,-305,-26,1,1,2,32767
04-20 20:12:39.763866 16627 16645 D RIL     : convert3GRssiValue baseband=503 ,isFdd3G=1,isTdd3G=0 ,RSCP_in_qdbm=-305 ,EcN0_in_qdbm=-26
04-20 20:12:39.763927 16627 16645 D RILC    : callForRilVersion new vendor RIL, version: 10
04-20 20:12:39.763977 16627 16645 I RILC    : RIL_SOCKET_1 UNSOLICITED: UNSOL_SIGNAL_STRENGTH length:72
04-20 20:12:39.764020 16627 16645 E RILC    : Send Response to rild-mal
04-20 20:12:39.764112 16627 16645 E RILC    : Send Response to RIL_SOCKET_1
04-20 20:12:39.764211 16627 16645 I AT      : AT read start
04-20 20:12:39.765691  1576  1576 D GsmSST  : [GsmSST0] handle EVENT_SIGNAL_STRENGTH_UPDATE
04-20 20:12:39.765857  1576  1576 D GsmSST  : [GsmSST0] onSignalStrengthResult():  LastSignalStrength=SignalStrength: 14 36 -120 -160 -2 0 -1 99 2147483647 -2147483647 2147483647 2147483647 2147483647 gsm|lte 1 -304 -25
04-20 20:12:39.765956  1576  1576 D GsmSST  : [GsmSST0] onSignalStrengthResult():new mSignalStrength=SignalStrength: 14 36 -120 -160 -2 0 -1 99 2147483647 -2147483647 2147483647 2147483647 2147483647 gsm|lte 1 -308 -26
04-20 20:12:39.766183  1576  1576 W SignalStrength: SignalStrength get plugin
04-20 20:12:39.766353  1576  1576 I use-Rlog/RLOG-GSM: getLTELevel - rsrp:2147483647 snr:2147483647 rsrpIconLevel:-1 snrIconLevel:-1
04-20 20:12:39.766413  1576  1576 I use-Rlog/RLOG-GSM: getLTELevel - rssi:99 rssiIconLevel:0
04-20 20:12:39.766463  1576  1576 W SignalStrength: SignalStrength get plugin
04-20 20:12:39.766522  1576  1576 I use-Rlog/RLOG-GSM:  asu: 14 gsmRscp: -77 out level: 4
04-20 20:12:39.766583  1576  1576 D GsmSST  : [GsmSST0] notifySignalStrength: mSignalStrength.getLevel=4
04-20 20:12:39.766688  1576  1576 D SubscriptionController: [getSubId]- sSlotIdxToSubId.size == 0, return DummySubIds slotIdx=0
04-20 20:12:39.766763  1576  1576 D SubscriptionController: getDummySubIds: slotIdx=0 return 2 DummySubIds with each subId=-2
04-20 20:12:39.766954  1576  1576 D DefaultPhoneNotifier: notifySignalStrength: mRegistry=com.android.internal.telephony.ITelephonyRegistry$Stub$Proxy@20f1708 ss=SignalStrength: 14 36 -120 -160 -2 0 -1 99 2147483647 -2147483647 2147483647 2147483647 2147483647 gsm|lte 1 -308 -26 sender=Handler (com.android.internal.telephony.gsm.GSMPhone) {e4ac408}
04-20 20:12:39.768111   964  2088 D TelephonyRegistry: notifySignalStrengthForSubscriber: subId=-2 signalStrength=SignalStrength: 14 36 -120 -160 -2 0 -1 99 2147483647 -2147483647 2147483647 2147483647 2147483647 gsm|lte 1 -308 -26
04-20 20:12:39.768271   964  2088 D TelephonyRegistry: notifySignalStrengthForSubscriber: logSSC.length=5 next=3
04-20 20:12:39.770146   964  2088 D TelephonyRegistry: notifyServiceStateForSubscriber Time 20160420T171405Asia/Shanghai(3,110,28800,0,1461143645) mSubId -2 mPhoneId 0  mState 1 1 voice home data home null null null null null null  Unknown Unknown CSS not supported -1 -1 RoamInd=-1 DefRoamInd=-1 EmergOnly=true Ril Voice Regist state: 10 Ril Data Regist state: 0 mProprietaryDataRadioTechnology: 0 VoiceRejectCause: -1 DataRejectCause: -1 mCdmaNetWorkMode: 0 IsDataRoamingFromRegistration=false
04-20 20:12:39.771965   964  2088 D TelephonyRegistry: notifyServiceStateForSubscriber Time 20160420T171405Asia/Shanghai(3,110,28800,0,1461143645) mSubId -2 mPhoneId 0  mState 1 1 voice home data home null null null null null null  Unknown Unknown CSS not supported -1 -1 RoamInd=-1 DefRoamInd=-1 EmergOnly=true Ril Voice Regist state: 10 Ril Data Regist state: 0 mProprietaryDataRadioTechnology: 0 VoiceRejectCause: -1 DataRejectCause: -1 mCdmaNetWorkMode: 0 IsDataRoamingFromRegistration=false
04-20 20:12:39.773968   964  2088 D TelephonyRegistry: notifyServiceStateForSubscriber Time 20160420T171405Asia/Shanghai(3,110,28800,0,1461143645) mSubId -3 mPhoneId 1  mState 3 3 voice home data home null null null null null null  Unknown Unknown CSS not supported -1 -1 RoamInd=-1 DefRoamInd=-1 EmergOnly=false Ril Voice Regist state: 0 Ril Data Regist state: 0 mProprietaryDataRadioTechnology: 0 VoiceRejectCause: -1 DataRejectCause: -1 mCdmaNetWorkMode: 0 IsDataRoamingFromRegistration=false
04-20 20:12:39.775830   964  2088 D TelephonyRegistry: notifyServiceStateForSubscriber Time 20160420T171405Asia/Shanghai(3,110,28800,0,1461143645) mSubId -2 mPhoneId 0  mState 1 1 voice home data home null null null null null null  Unknown Unknown CSS not supported -1 -1 RoamInd=-1 DefRoamInd=-1 EmergOnly=true Ril Voice Regist state: 10 Ril Data Regist state: 0 mProprietaryDataRadioTechnology: 0 VoiceRejectCause: -1 DataRejectCause: -1 mCdmaNetWorkMode: 0 IsDataRoamingFromRegistration=false
04-20 20:12:39.777772   964  2088 D TelephonyRegistry: notifyServiceStateForSubscriber Time 20160420T171405Asia/Shanghai(3,110,28800,0,1461143645) mSubId -3 mPhoneId 1  mState 3 3 voice home data home null null null null null null  Unknown Unknown CSS not supported -1 -1 RoamInd=-1 DefRoamInd=-1 EmergOnly=false Ril Voice Regist state: 0 Ril Data Regist state: 0 mProprietaryDataRadioTechnology: 0 VoiceRejectCause: -1 DataRejectCause: -1 mCdmaNetWorkMode: 0 IsDataRoamingFromRegistration=false
04-20 20:12:39.777934   964  2088 D TelephonyRegistry: notifySignalStrengthForSubscriber: ----------------
04-20 20:12:39.778219   964  2088 D SubscriptionManager: [getPhoneId]- return dummy value, subId = -2
04-20 20:12:39.778367   964  2088 D TelephonyRegistry: validatePhoneId: true
04-20 20:12:39.778488   964  2088 D TelephonyRegistry: notifySignalStrengthForSubscriber: valid phoneId=0
04-20 20:12:39.780199  1576  1576 D SubscriptionController: [getPhoneId] asked for default subId=-1
04-20 20:12:39.780645  1576  1576 D SubscriptionController: [getPhoneId]- invalid subId = -1 return = -1
04-20 20:12:39.781322   964  2088 D SubscriptionManager: [getPhoneId]- return dummy value, subId = -2
04-20 20:12:39.781631   964  2088 D TelephonyRegistry: idMatch: rlt=false
04-20 20:12:39.781888   964  2088 D TelephonyRegistry: handleRemoveListLocked: mRemoveList.size()=0
04-20 20:12:39.782195   964  2088 W SignalStrength: SignalStrength get plugin
04-20 20:12:39.782471   964  2088 I use-Rlog/RLOG-GSM: getLTELevel - rsrp:2147483647 snr:2147483647 rsrpIconLevel:-1 snrIconLevel:-1
04-20 20:12:39.782588   964  2088 I use-Rlog/RLOG-GSM: getLTELevel - rssi:99 rssiIconLevel:0
04-20 20:12:39.782648   964  2088 W SignalStrength: SignalStrength get plugin
04-20 20:12:39.782759   964  2088 I use-Rlog/RLOG-GSM:  asu: 14 gsmRscp: -77 out level: 4
04-20 20:12:39.783301   964  2088 D SubscriptionManager: [getPhoneId]- return dummy value, subId = -2
04-20 20:12:39.784541  1576  1576 D SubscriptionController: [getSubId]- sSlotIdxToSubId.size == 0, return DummySubIds slotIdx=0
04-20 20:12:39.784682  1576  1576 D SubscriptionController: getDummySubIds: slotIdx=0 return 2 DummySubIds with each subId=-2
