04-20 20:11:49.152221 16517 16623 D RILMUXD : [gsm0710muxd] 766:write_frame(): Write a frame on channel 8 with length 11
04-20 20:11:49.152630  1576  1815 V RILJ    : [UNSL]< UNSOL_RESPONSE_VOICE_NETWORK_STATE_CHANGED {0, 0, fffffff, 0, 0} [SUB1]
04-20 20:11:49.151405 16517 16611 D RILMUXD : [gsm0710muxd] 2408:extract_frames(): fsync() failed (-1, 22 - Invalid argument)
04-20 20:11:49.155631 16517 16611 D RILMUXD : [gsm0710muxd] 1643:gsm0710_base_buffer_get_frame(): Get a complete frame. ch:3, ctrl:239, len:6
04-20 20:11:49.155706 16517 16611 D RILMUXD : [gsm0710muxd] 2383:extract_frames(): Writing 6 byte frame received on channel 3 to /dev/pts/7
04-20 20:11:49.155824 16517 16611 D RILMUXD : [gsm0710muxd] 2403:extract_frames(): write() returned. Written 6/6 bytes of frame to /dev/pts/7
04-20 20:11:49.155929 16517 16611 D RILMUXD : [gsm0710muxd] 2408:extract_frames(): fsync() failed (-1, 22 - Invalid argument)
04-20 20:11:49.156130 16627 16646 I AT      : AT read end: 6
04-20 20:11:49.156223 16627 16646 D AT      : AT< OK
04-20 20:11:49.156282 16627 16646 D AT      : RIL_CMD_READER_1 Enter processLine:OK
04-20 20:11:49.156614 16627 16646 I AT      : AT read start
04-20 20:11:49.158497 16627 16631 D AT      : response received on RIL_CMD_READER_1, tid:548082693184
04-20 20:11:49.158607 16627 16631 D AT      : AT send on RIL_CMD_READER_1, tid:548082693184
04-20 20:11:49.158677 16627 16631 D AT      : AT> AT+CEREG=3
04-20 20:11:49.158731 16627 16631 I AT      : AT write start
04-20 20:11:49.158916  1576  1576 D RILJ    : [9161]> QUERY_NETWORK_SELECTION_MODE [SUB0]
04-20 20:11:49.159507 16627 16642 D RILC    : SOCKET RIL_SOCKET_1 REQUEST: VOICE_REGISTRATION_STATE length:8
04-20 20:11:49.159622 16627 16642 I RILC-MTK: create request 20: pRequest=0x7f9c892400, pRI=0x7f9c88c8d0, p=0x7f9c8964d0, pUCI=0x0
04-20 20:11:49.159688 16627 16642 D RILC-MTK: 1:OPERATOR pRI=0x7f9c88c690 p=0x7f9c896230 is queued in RIL_CMD_PROXY_3
04-20 20:11:49.159747 16627 16642 D RILC-MTK: 2:DATA_REGISTRATION_STATE pRI=0x7f9c88c810 p=0x7f9c896380 is queued in RIL_CMD_PROXY_3
04-20 20:11:49.159811 16627 16642 D RILC-MTK: **** the last executed cmd for RIL_CMD_PROXY_3 is SCREEN_STATE ****
04-20 20:11:49.159875 16627 16642 D RILC-MTK: Request pRI=0x7f9c88c8d0 to RIL_CMD_PROXY_3 is busy. total:3 requests pending
04-20 20:11:49.160594 16517 16615 D RILMUXD : [gsm0710muxd] 3614:poll_thread(): poll_thread select found
04-20 20:11:49.160690 16517 16615 D RILMUXD : [gsm0710muxd] 1045:pseudo_device_read(): Enter, LackofAtciChannel=0
04-20 20:11:49.160769 16517 16615 D RILMUXD : [gsm0710muxd] 657:write_frame(): Sending frame to channel 3
04-20 20:11:49.160892 16517 16615 D RILMUXD : [gsm0710muxd] 766:write_frame(): Write a frame on channel 3 with length 11
04-20 20:11:49.160901 16517 16611 D RILMUXD : [gsm0710muxd] 1643:gsm0710_base_buffer_get_frame(): Get a complete frame. ch:7, ctrl:239, len:14
04-20 20:11:49.160979 16517 16611 D RILMUXD : [gsm0710muxd] 2383:extract_frames(): Writing 14 byte frame received on channel 7 to /dev/pts/12
04-20 20:11:49.161345 16517 16611 D RILMUXD : [gsm0710muxd] 2403:extract_frames(): write() returned. Written 14/14 bytes of frame to /dev/pts/12
04-20 20:11:49.161414 16517 16611 D RILMUXD : [gsm0710muxd] 2408:extract_frames(): fsync() failed (-1, 22 - Invalid argument)
04-20 20:11:49.161684 16627 16651 I AT      : AT read end: 14
04-20 20:11:49.161723 16517 16611 D RILMUXD : [gsm0710muxd] 1643:gsm0710_base_buffer_get_frame(): Get a complete frame. ch:8, ctrl:239, len:6
04-20 20:11:49.161751 16627 16651 D AT      : AT< +CIREGU: 0
04-20 20:11:49.161790 16517 16611 D RILMUXD : [gsm0710muxd] 2383:extract_frames(): Writing 6 byte frame received on channel 8 to /dev/pts/13
04-20 20:11:49.161808 16627 16651 D AT      : RIL_URC2_READER Enter processLine:+CIREGU: 0
04-20 20:11:49.161889 16517 16611 D RILMUXD : [gsm0710muxd] 2403:extract_frames(): write() returned. Written 6/6 bytes of frame to /dev/pts/13
04-20 20:11:49.161940 16627 16651 D RILC    : s_last_wake_timeout_info: 0x7f9a9c3840, cancel
04-20 20:11:49.162040 16627 16651 D RILC    : internalRequestTimedCallback malloc p_info: 0x7f9a9c38a0
04-20 20:11:49.162131 16627 16651 D RILC    : internalRequestTimedCallback malloc p_info->event: 0x7f9a9c38b0
04-20 20:11:49.162239 16627 16651 D RIL     : Nw URC:+CIREGU: 0
04-20 20:11:49.162305 16627 16651 D RIL     : CIREG URC:+CIREGU: 0
04-20 20:11:49.162411 16627 16651 D RIL     : onImsRegistrationInfo:+CIREGU: 0
04-20 20:11:49.162484 16627 16651 D RIL     : onImsRegistrationInfo reg_info = 0, ext_info = 0, RIL_SOCKET_ID = 1
04-20 20:11:49.162589 16627 16651 I RILC    : RIL_SOCKET_2 UNSOLICITED: RIL_UNSOL_IMS_REGISTRATION_INFO length:24
04-20 20:11:49.162648 16627 16651 E RILC    : Send Response to RIL_SOCKET_2
04-20 20:11:49.162771 16627 16651 D RILC    : s_last_wake_timeout_info: 0x7f9a9c38a0, cancel
04-20 20:11:49.162832 16627 16651 D RILC    : internalRequestTimedCallback malloc p_info: 0x7f9a9c3900
04-20 20:11:49.162897 16627 16651 D RILC    : internalRequestTimedCallback malloc p_info->event: 0x7f9a9c3910
04-20 20:11:49.162990 16627 16651 D RIL     : IMS: dispatch IMS registration info to IMS phone
04-20 20:11:49.163080 16627 16651 E         : Send Response to rild-ims
04-20 20:11:49.163257 16627 16651 I RILC    : RIL_SOCKET_2 UNSOLICITED: RESPONSE_IMS_NETWORK_STATE_CHANGED length:8
04-20 20:11:49.163318 16627 16651 E RILC    : Send Response to RIL_SOCKET_2
04-20 20:11:49.163546 16627 16651 D RILC    : s_last_wake_timeout_info: 0x7f9a9c3900, cancel
04-20 20:11:49.163616 16627 16651 D RILC    : internalRequestTimedCallback malloc p_info: 0x7f9a9c39c0
04-20 20:11:49.163680 16627 16651 D RILC    : internalRequestTimedCallback malloc p_info->event: 0x7f9a9c39d0
04-20 20:11:49.163778 16627 16651 I AT      : AT read start
04-20 20:11:49.163791  1602  1741 I IMS_RILA:  IMS processResponse()
04-20 20:11:49.163810 16627 16652 I AT      : AT read end: 6
04-20 20:11:49.163890  1602  1741 I IMS_RILA:  IMS processUnsolicited !!
04-20 20:11:49.164047  1602  1741 D IMS_RILA: [UNSL]< RIL_UNSOL_IMS_REGISTRATION_INFO
04-20 20:11:49.164224  1576  1815 D RILJ    : responseInts numInts=3 [SUB1]
04-20 20:11:49.164316  1576  1815 D RILJ    : responseInts response[0]=0 [SUB1]
04-20 20:11:49.164400  1576  1815 D RILJ    : responseInts response[1]=0 [SUB1]
04-20 20:11:49.164474  1576  1815 D RILJ    : responseInts response[2]=1 [SUB1]
04-20 20:11:49.163875 16627 16652 D AT      : AT< OK
04-20 20:11:49.164857 16627 16652 D AT      : RIL_CMD2_READER_1 Enter processLine:OK
04-20 20:11:49.164948 16627 16652 I AT      : AT read start
04-20 20:11:49.165060  1602  1602 D ImsService: receive EVENT_IMS_REGISTRATION_INFO
04-20 20:11:49.165167 16627 16637 D AT      : response received on RIL_CMD2_READER_1, tid:548076450880
04-20 20:11:49.165192  1602  1602 D ImsService: IMS: drop IMS reg info, socketId = 1 mActivePhoneId = 0
04-20 20:11:49.165253 16627 16637 D AT      : AT send on RIL_CMD2_READER_1, tid:548076450880
04-20 20:11:49.165312 16627 16637 D AT      : AT> AT+CGREG=3
04-20 20:11:49.165365 16627 16637 I AT      : AT write start
04-20 20:11:49.161951 16517 16611 D RILMUXD : [gsm0710muxd] 2408:extract_frames(): fsync() failed (-1, 22 - Invalid argument)
04-20 20:11:49.164583  1576  1815 D RILJ    : [UNSL]< RIL_UNSOL_IMS_REGISTRATION_INFO [SUB1]
04-20 20:11:49.165692 16517 16611 D RILMUXD : [gsm0710muxd] 1643:gsm0710_base_buffer_get_frame(): Get a complete frame. ch:3, ctrl:239, len:6
04-20 20:11:49.165761 16517 16611 D RILMUXD : [gsm0710muxd] 2383:extract_frames(): Writing 6 byte frame received on channel 3 to /dev/pts/7
04-20 20:11:49.165863 16517 16611 D RILMUXD : [gsm0710muxd] 2403:extract_frames(): write() returned. Written 6/6 bytes of frame to /dev/pts/7
04-20 20:11:49.165925 16517 16611 D RILMUXD : [gsm0710muxd] 2408:extract_frames(): fsync() failed (-1, 22 - Invalid argument)
04-20 20:11:49.166107  1576  1815 D RILJ    : [UNSL]< UNSOL_RESPONSE_IMS_NETWORK_STATE_CHANGED [SUB1]
04-20 20:11:49.166347 16517 16623 D RILMUXD : [gsm0710muxd] 3614:poll_thread(): poll_thread select found
04-20 20:11:49.166420 16517 16623 D RILMUXD : [gsm0710muxd] 1045:pseudo_device_read(): Enter, LackofAtciChannel=0
04-20 20:11:49.166496 16517 16623 D RILMUXD : [gsm0710muxd] 657:write_frame(): Sending frame to channel 8
04-20 20:11:49.166613 16517 16623 D RILMUXD : [gsm0710muxd] 766:write_frame(): Write a frame on channel 8 with length 11
04-20 20:11:49.166774 16627 16646 I AT      : AT read end: 6
04-20 20:11:49.166833 16627 16646 D AT      : AT< OK
04-20 20:11:49.166886 16627 16646 D AT      : RIL_CMD_READER_1 Enter processLine:OK
04-20 20:11:49.166961 16627 16646 I AT      : AT read start
04-20 20:11:49.167916 16627 16631 D AT      : response received on RIL_CMD_READER_1, tid:548082693184
04-20 20:11:49.167992 16627 16631 D RILC    : RequestComplete, RIL_SOCKET_1
04-20 20:11:49.168057 16627 16631 E RILC    : Send Response to RIL_SOCKET_1
04-20 20:11:49.168205 16627 16631 D RILC-MTK: proxyLoop free  pRI=0x7f9c88c480 p=0x7f9c896d20 
04-20 20:11:49.168262 16627 16631 D RILC-MTK: proxyLoop free  pRequest=0x7f9c892500
04-20 20:11:49.168316 16627 16631 D RILC-MTK: proxy id:1, proxyName: RIL_CMD_PROXY_3
04-20 20:11:49.168371 16627 16631 D RILC-MTK: OPERATOR pRI=0x7f9c88c690 p=0x7f9c896230 execute on RIL_CMD_PROXY_3 using channel 1
04-20 20:11:49.168425 16627 16631 D RILC    : callOnRequest for new vendor ril
04-20 20:11:49.168476 16627 16631 D RIL     : onRequest: OPERATOR, datalen = 0
04-20 20:11:49.168524 16627 16631 D RIL     : radioState:10
04-20 20:11:49.168588 16627 16631 D AT      : AT send on RIL_CMD_READER_1, tid:548082693184
04-20 20:11:49.168638 16627 16631 D AT      : AT> AT+COPS?
04-20 20:11:49.168684 16627 16631 I AT      : AT write start
04-20 20:11:49.169056  1576  1807 D RILJ    : [9156]< SCREEN_STATE  [SUB0]
04-20 20:11:49.169345 16517 16615 D RILMUXD : [gsm0710muxd] 3614:poll_thread(): poll_thread select found
04-20 20:11:49.169425 16517 16615 D RILMUXD : [gsm0710muxd] 1045:pseudo_device_read(): Enter, LackofAtciChannel=0
04-20 20:11:49.169498 16517 16615 D RILMUXD : [gsm0710muxd] 657:write_frame(): Sending frame to channel 3
04-20 20:11:49.169617 16517 16615 D RILMUXD : [gsm0710muxd] 766:write_frame(): Write a frame on channel 3 with length 9
04-20 20:11:49.174240 16517 16611 D RILMUXD : [gsm0710muxd] 1643:gsm0710_base_buffer_get_frame(): Get a complete frame. ch:8, ctrl:239, len:6
04-20 20:11:49.174340 16517 16611 D RILMUXD : [gsm0710muxd] 2383:extract_frames(): Writing 6 byte frame received on channel 8 to /dev/pts/13
04-20 20:11:49.174496 16517 16611 D RILMUXD : [gsm0710muxd] 2403:extract_frames(): write() returned. Written 6/6 bytes of frame to /dev/pts/13
04-20 20:11:49.174559 16517 16611 D RILMUXD : [gsm0710muxd] 2408:extract_frames(): fsync() failed (-1, 22 - Invalid argument)
04-20 20:11:49.175529 16627 16652 I AT      : AT read end: 6
04-20 20:11:49.175594 16627 16652 D AT      : AT< OK
04-20 20:11:49.175651 16627 16652 D AT      : RIL_CMD2_READER_1 Enter processLine:OK
04-20 20:11:49.175728 16627 16652 I AT      : AT read start
04-20 20:11:49.175794 16627 16637 D AT      : response received on RIL_CMD2_READER_1, tid:548076450880
04-20 20:11:49.175863 16627 16637 D AT      : AT send on RIL_CMD2_READER_1, tid:548076450880
04-20 20:11:49.175915 16627 16637 D AT      : AT> AT+ECSQ=1
04-20 20:11:49.175963 16627 16637 I AT      : AT write start
04-20 20:11:49.176622 16517 16623 D RILMUXD : [gsm0710muxd] 3614:poll_thread(): poll_thread select found
04-20 20:11:49.176704 16517 16623 D RILMUXD : [gsm0710muxd] 1045:pseudo_device_read(): Enter, LackofAtciChannel=0
04-20 20:11:49.176783 16517 16623 D RILMUXD : [gsm0710muxd] 657:write_frame(): Sending frame to channel 8
04-20 20:11:49.176910 16517 16623 D RILMUXD : [gsm0710muxd] 766:write_frame(): Write a frame on channel 8 with length 10
04-20 20:11:49.176933 16517 16611 D RILMUXD : [gsm0710muxd] 1643:gsm0710_base_buffer_get_frame(): Get a complete frame. ch:3, ctrl:239, len:12
04-20 20:11:49.177010 16517 16611 D RILMUXD : [gsm0710muxd] 2383:extract_frames(): Writing 12 byte frame received on channel 3 to /dev/pts/7
04-20 20:11:49.177122 16517 16611 D RILMUXD : [gsm0710muxd] 2403:extract_frames(): write() returned. Written 12/12 bytes of frame to /dev/pts/7
04-20 20:11:49.177192 16517 16611 D RILMUXD : [gsm0710muxd] 2408:extract_frames(): fsync() failed (-1, 22 - Invalid argument)
04-20 20:11:49.177269 16517 16611 D RILMUXD : [gsm0710muxd] 1643:gsm0710_base_buffer_get_frame(): Get a complete frame. ch:3, ctrl:239, len:6
04-20 20:11:49.177334 16517 16611 D RILMUXD : [gsm0710muxd] 2383:extract_frames(): Writing 6 byte frame received on channel 3 to /dev/pts/7
04-20 20:11:49.177414 16517 16611 D RILMUXD : [gsm0710muxd] 2403:extract_frames(): write() returned. Written 6/6 bytes of frame to /dev/pts/7
04-20 20:11:49.177477 16517 16611 D RILMUXD : [gsm0710muxd] 2408:extract_frames(): fsync() failed (-1, 22 - Invalid argument)
04-20 20:11:49.177702 16627 16646 I AT      : AT read end: 18
04-20 20:11:49.177766 16627 16646 D AT      : AT< +COPS: 0
04-20 20:11:49.177821 16627 16646 D AT      : RIL_CMD_READER_1 Enter processLine:+COPS: 0
04-20 20:11:49.177879 16627 16646 D AT      : AT< OK
04-20 20:11:49.177927 16627 16646 D AT      : RIL_CMD_READER_1 Enter processLine:OK
04-20 20:11:49.178002 16627 16646 I AT      : AT read start
04-20 20:11:49.178874 16627 16631 D AT      : response received on RIL_CMD_READER_1, tid:548082693184
04-20 20:11:49.178986 16627 16631 D AT      : AT send on RIL_CMD_READER_1, tid:548082693184
04-20 20:11:49.179041 16627 16631 D AT      : AT> AT+EOPS?
04-20 20:11:49.179091 16627 16631 I AT      : AT write start
04-20 20:11:49.179378 16517 16615 D RILMUXD : [gsm0710muxd] 3614:poll_thread(): poll_thread select found
04-20 20:11:49.179464 16517 16615 D RILMUXD : [gsm0710muxd] 1045:pseudo_device_read(): Enter, LackofAtciChannel=0
04-20 20:11:49.179540 16517 16615 D RILMUXD : [gsm0710muxd] 657:write_frame(): Sending frame to channel 3
04-20 20:11:49.179660 16517 16615 D RILMUXD : [gsm0710muxd] 766:write_frame(): Write a frame on channel 3 with length 9
04-20 20:11:49.184813 16517 16611 D RILMUXD : [gsm0710muxd] 1643:gsm0710_base_buffer_get_frame(): Get a complete frame. ch:8, ctrl:239, len:6
04-20 20:11:49.185011 16517 16611 D RILMUXD : [gsm0710muxd] 2383:extract_frames(): Writing 6 byte frame received on channel 8 to /dev/pts/13
04-20 20:11:49.185126 16517 16611 D RILMUXD : [gsm0710muxd] 2403:extract_frames(): write() returned. Written 6/6 bytes of frame to /dev/pts/13
04-20 20:11:49.185193 16517 16611 D RILMUXD : [gsm0710muxd] 2408:extract_frames(): fsync() failed (-1, 22 - Invalid argument)
04-20 20:11:49.185397 16627 16652 I AT      : AT read end: 6
04-20 20:11:49.185411 16517 16611 D RILMUXD : [gsm0710muxd] 1643:gsm0710_base_buffer_get_frame(): Get a complete frame. ch:3, ctrl:239, len:24
04-20 20:11:49.185509 16627 16652 D AT      : AT< OK
04-20 20:11:49.185543 16517 16611 D RILMUXD : [gsm0710muxd] 2383:extract_frames(): Writing 24 byte frame received on channel 3 to /dev/pts/7
04-20 20:11:49.185566 16627 16652 D AT      : RIL_CMD2_READER_1 Enter processLine:OK
04-20 20:11:49.185636 16517 16611 D RILMUXD : [gsm0710muxd] 2403:extract_frames(): write() returned. Written 24/24 bytes of frame to /dev/pts/7
04-20 20:11:49.185647 16627 16652 I AT      : AT read start
04-20 20:11:49.185699 16517 16611 D RILMUXD : [gsm0710muxd] 2408:extract_frames(): fsync() failed (-1, 22 - Invalid argument)
04-20 20:11:49.185714 16627 16637 D AT      : response received on RIL_CMD2_READER_1, tid:548076450880
04-20 20:11:49.185881 16627 16646 I AT      : AT read end: 24
04-20 20:11:49.185925 16627 16637 D AT      : AT send on RIL_CMD2_READER_1, tid:548076450880
04-20 20:11:49.185935 16627 16646 D AT      : AT< +EOPS: 0,2,"46001",0
04-20 20:11:49.185958 16517 16611 D RILMUXD : [gsm0710muxd] 1643:gsm0710_base_buffer_get_frame(): Get a complete frame. ch:3, ctrl:239, len:6
04-20 20:11:49.186016 16627 16637 D AT      : AT> AT+ECSQ
04-20 20:11:49.186035 16517 16611 D RILMUXD : [gsm0710muxd] 2383:extract_frames(): Writing 6 byte frame received on channel 3 to /dev/pts/7
04-20 20:11:49.186044 16627 16646 D AT      : RIL_CMD_READER_1 Enter processLine:+EOPS: 0,2,"46001",0
04-20 20:11:49.186065 16627 16637 I AT      : AT write start
04-20 20:11:49.186140 16627 16646 I AT      : AT read start
04-20 20:11:49.186185 16517 16611 D RILMUXD : [gsm0710muxd] 2403:extract_frames(): write() returned. Written 6/6 bytes of frame to /dev/pts/7
04-20 20:11:49.186247 16517 16611 D RILMUXD : [gsm0710muxd] 2408:extract_frames(): fsync() failed (-1, 22 - Invalid argument)
04-20 20:11:49.186288 16517 16623 D RILMUXD : [gsm0710muxd] 3614:poll_thread(): poll_thread select found
04-20 20:11:49.186368 16517 16623 D RILMUXD : [gsm0710muxd] 1045:pseudo_device_read(): Enter, LackofAtciChannel=0
04-20 20:11:49.186438 16517 16623 D RILMUXD : [gsm0710muxd] 657:write_frame(): Sending frame to channel 8
04-20 20:11:49.186560 16517 16623 D RILMUXD : [gsm0710muxd] 766:write_frame(): Write a frame on channel 8 with length 8
04-20 20:11:49.186665 16627 16646 I AT      : AT read end: 6
04-20 20:11:49.186721 16627 16646 D AT      : AT< OK
04-20 20:11:49.186777 16627 16646 D AT      : RIL_CMD_READER_1 Enter processLine:OK
04-20 20:11:49.186860 16627 16646 I AT      : AT read start
04-20 20:11:49.186943 16627 16631 D AT      : response received on RIL_CMD_READER_1, tid:548082693184
04-20 20:11:49.187013 16627 16631 D RIL     : EOPS Get operator code 46001
04-20 20:11:49.187070 16627 16631 D RILC    : RequestComplete, RIL_SOCKET_1
04-20 20:11:49.187150 16627 16631 E RILC    : Send Response to RIL_SOCKET_1
04-20 20:11:49.187290 16627 16631 D RILC-MTK: proxyLoop free  pRI=0x7f9c88c690 p=0x7f9c896230 
04-20 20:11:49.187349 16627 16631 D RILC-MTK: proxyLoop free  pRequest=0x7f9c8922c0
04-20 20:11:49.187405 16627 16631 D RILC-MTK: proxy id:1, proxyName: RIL_CMD_PROXY_3
04-20 20:11:49.187467 16627 16631 D RILC-MTK: DATA_REGISTRATION_STATE pRI=0x7f9c88c810 p=0x7f9c896380 execute on RIL_CMD_PROXY_3 using channel 1
04-20 20:11:49.187522 16627 16631 D RILC    : callOnRequest for new vendor ril
04-20 20:11:49.187576 16627 16631 D RIL     : onRequest: DATA_REGISTRATION_STATE, datalen = 0
04-20 20:11:49.187625 16627 16631 D RIL     : radioState:10
04-20 20:11:49.187694 16627 16631 D AT      : AT send on RIL_CMD_READER_1, tid:548082693184
04-20 20:11:49.187748 16627 16631 D AT      : AT> AT+CGREG?
04-20 20:11:49.187798 16627 16631 I AT      : AT write start
04-20 20:11:49.188077 16517 16615 D RILMUXD : [gsm0710muxd] 3614:poll_thread(): poll_thread select found
04-20 20:11:49.188124 16517 16611 D RILMUXD : [gsm0710muxd] 1643:gsm0710_base_buffer_get_frame(): Get a complete frame. ch:8, ctrl:239, len:36
04-20 20:11:49.188154 16517 16615 D RILMUXD : [gsm0710muxd] 1045:pseudo_device_read(): Enter, LackofAtciChannel=0
04-20 20:11:49.188191 16517 16611 D RILMUXD : [gsm0710muxd] 2383:extract_frames(): Writing 36 byte frame received on channel 8 to /dev/pts/13
04-20 20:11:49.188227 16517 16615 D RILMUXD : [gsm0710muxd] 657:write_frame(): Sending frame to channel 3
04-20 20:11:49.188285 16517 16611 D RILMUXD : [gsm0710muxd] 2403:extract_frames(): write() returned. Written 36/36 bytes of frame to /dev/pts/13
04-20 20:11:49.188337 16517 16615 D RILMUXD : [gsm0710muxd] 766:write_frame(): Write a frame on channel 3 with length 10
04-20 20:11:49.188352 16517 16611 D RILMUXD : [gsm0710muxd] 2408:extract_frames(): fsync() failed (-1, 22 - Invalid argument)
04-20 20:11:49.188421 16517 16611 D RILMUXD : [gsm0710muxd] 1643:gsm0710_base_buffer_get_frame(): Get a complete frame. ch:8, ctrl:239, len:6
04-20 20:11:49.188482 16517 16611 D RILMUXD : [gsm0710muxd] 2383:extract_frames(): Writing 6 byte frame received on channel 8 to /dev/pts/13
04-20 20:11:49.188554 16517 16611 D RILMUXD : [gsm0710muxd] 2403:extract_frames(): write() returned. Written 6/6 bytes of frame to /dev/pts/13
04-20 20:11:49.188613 16517 16611 D RILMUXD : [gsm0710muxd] 2408:extract_frames(): fsync() failed (-1, 22 - Invalid argument)
04-20 20:11:49.188821 16627 16652 I AT      : AT read end: 42
04-20 20:11:49.188903 16627 16652 D AT      : AT< +ECSQ: 255,255,1,1,1,1,1,0,32767
04-20 20:11:49.188959 16627 16652 D AT      : RIL_CMD2_READER_1 Enter processLine:+ECSQ: 255,255,1,1,1,1,1,0,32767
04-20 20:11:49.189016 16627 16652 D AT      : AT< OK
04-20 20:11:49.189068 16627 16652 D AT      : RIL_CMD2_READER_1 Enter processLine:OK
04-20 20:11:49.189271 16627 16652 I AT      : AT read start
04-20 20:11:49.189317 16627 16637 D AT      : response received on RIL_CMD2_READER_1, tid:548076450880
04-20 20:11:49.189392 16627 16637 E RIL     : Recevice an invalid value from modem for <rxlevel>
04-20 20:11:49.189458 16627 16637 E RIL     : updateSignalStrength ERROR: -1
04-20 20:11:49.189514 16627 16637 D AT      : AT send on RIL_CMD2_READER_1, tid:548076450880
04-20 20:11:49.189569 16627 16637 D AT      : AT> AT+PSBEARER=1
04-20 20:11:49.189618 16627 16637 I AT      : AT write start
04-20 20:11:49.189993 16517 16623 D RILMUXD : [gsm0710muxd] 3614:poll_thread(): poll_thread select found
04-20 20:11:49.190001 16517 16611 D RILMUXD : [gsm0710muxd] 1643:gsm0710_base_buffer_get_frame(): Get a complete frame. ch:3, ctrl:239, len:44
04-20 20:11:49.190083 16517 16623 D RILMUXD : [gsm0710muxd] 1045:pseudo_device_read(): Enter, LackofAtciChannel=0
04-20 20:11:49.190086 16517 16611 D RILMUXD : [gsm0710muxd] 2383:extract_frames(): Writing 44 byte frame received on channel 3 to /dev/pts/7
04-20 20:11:49.190198 16517 16623 D RILMUXD : [gsm0710muxd] 657:write_frame(): Sending frame to channel 8
04-20 20:11:49.190259 16517 16611 D RILMUXD : [gsm0710muxd] 2403:extract_frames(): write() returned. Written 44/44 bytes of frame to /dev/pts/7
04-20 20:11:49.190306 16517 16623 D RILMUXD : [gsm0710muxd] 766:write_frame(): Write a frame on channel 8 with length 14
04-20 20:11:49.190323 16517 16611 D RILMUXD : [gsm0710muxd] 2408:extract_frames(): fsync() failed (-1, 22 - Invalid argument)
04-20 20:11:49.190393 16517 16611 D RILMUXD : [gsm0710muxd] 1643:gsm0710_base_buffer_get_frame(): Get a complete frame. ch:3, ctrl:239, len:6
04-20 20:11:49.190455 16517 16611 D RILMUXD : [gsm0710muxd] 2383:extract_frames(): Writing 6 byte frame received on channel 3 to /dev/pts/7
04-20 20:11:49.190527 16517 16611 D RILMUXD : [gsm0710muxd] 2403:extract_frames(): write() returned. Written 6/6 bytes of frame to /dev/pts/7
04-20 20:11:49.190587 16517 16611 D RILMUXD : [gsm0710muxd] 2408:extract_frames(): fsync() failed (-1, 22 - Invalid argument)
04-20 20:11:49.190760 16627 16646 I AT      : AT read end: 50
04-20 20:11:49.190822 16627 16646 D AT      : AT< +CGREG: 3,0,"A536","0DA03B07",2,"02",0,0
04-20 20:11:49.190875 16627 16646 D AT      : RIL_CMD_READER_1 Enter processLine:+CGREG: 3,0,"A536","0DA03B07",2,"02",0,0
04-20 20:11:49.190937 16627 16646 D AT      : AT< OK
04-20 20:11:49.190987 16627 16646 D AT      : RIL_CMD_READER_1 Enter processLine:OK
04-20 20:11:49.191058 16627 16646 I AT      : AT read start
04-20 20:11:49.191137 16627 16631 D AT      : response received on RIL_CMD_READER_1, tid:548082693184
04-20 20:11:49.191214 16627 16631 D RIL     : convertRegState() uiRegState=0 , uiRet=0 
04-20 20:11:49.191267 16627 16631 D RIL     : dontChangeCgregFormat=0
04-20 20:11:49.191316 16627 16631 E RIL     : it is short CREG CGREG
04-20 20:11:49.191410 16627 16631 E RIL     : rid: 0
04-20 20:11:49.191465 16627 16631 D RIL     : RestrictedStateChanged: 22
04-20 20:11:49.191531 16627 16631 D RIL     : isSimInserted(): rid: 0, sim_inserted_status: 0
04-20 20:11:49.191585 16627 16631 D RIL     : isSimInserted(): pivotSim = 1 ,0
04-20 20:11:49.191637 16627 16631 D RIL     : isSimInserted(): simInserted = 0
04-20 20:11:49.191691 16627 16631 D RILC    : RequestComplete, RIL_SOCKET_1
04-20 20:11:49.191769 16627 16631 E RILC    : Send Response to RIL_SOCKET_1
04-20 20:11:49.191898 16627 16631 D RILC-MTK: proxyLoop free  pRI=0x7f9c88c810 p=0x7f9c896380 
04-20 20:11:49.191954 16627 16631 D RILC-MTK: proxyLoop free  pRequest=0x7f9c892300
04-20 20:11:49.192009 16627 16631 D RILC-MTK: proxy id:1, proxyName: RIL_CMD_PROXY_3
04-20 20:11:49.192068 16627 16631 D RILC-MTK: VOICE_REGISTRATION_STATE pRI=0x7f9c88c8d0 p=0x7f9c8964d0 execute on RIL_CMD_PROXY_3 using channel 1
04-20 20:11:49.192122 16627 16631 D RILC    : callOnRequest for new vendor ril
04-20 20:11:49.192178 16627 16631 D RIL     : onRequest: VOICE_REGISTRATION_STATE, datalen = 0
04-20 20:11:49.192227 16627 16631 D RIL     : radioState:10
04-20 20:11:49.192291 16627 16631 D AT      : AT send on RIL_CMD_READER_1, tid:548082693184
04-20 20:11:49.192343 16627 16631 D AT      : AT> AT+CREG?
04-20 20:11:49.192393 16627 16631 I AT      : AT write start
04-20 20:11:49.192708 16517 16615 D RILMUXD : [gsm0710muxd] 3614:poll_thread(): poll_thread select found
04-20 20:11:49.192731 16517 16611 D RILMUXD : [gsm0710muxd] 1643:gsm0710_base_buffer_get_frame(): Get a complete frame. ch:8, ctrl:239, len:6
04-20 20:11:49.192803 16517 16615 D RILMUXD : [gsm0710muxd] 1045:pseudo_device_read(): Enter, LackofAtciChannel=0
04-20 20:11:49.192807 16517 16611 D RILMUXD : [gsm0710muxd] 2383:extract_frames(): Writing 6 byte frame received on channel 8 to /dev/pts/13
04-20 20:11:49.192956 16517 16615 D RILMUXD : [gsm0710muxd] 657:write_frame(): Sending frame to channel 3
04-20 20:11:49.193073 16517 16611 D RILMUXD : [gsm0710muxd] 2403:extract_frames(): write() returned. Written 6/6 bytes of frame to /dev/pts/13
04-20 20:11:49.193107 16517 16615 D RILMUXD : [gsm0710muxd] 766:write_frame(): Write a frame on channel 3 with length 9
04-20 20:11:49.193140 16517 16611 D RILMUXD : [gsm0710muxd] 2408:extract_frames(): fsync() failed (-1, 22 - Invalid argument)
04-20 20:11:49.193211 16627 16652 I AT      : AT read end: 6
04-20 20:11:49.193266 16627 16652 D AT      : AT< OK
04-20 20:11:49.193320 16627 16652 D AT      : RIL_CMD2_READER_1 Enter processLine:OK
04-20 20:11:49.193399 16627 16652 I AT      : AT read start
04-20 20:11:49.193765 16627 16637 D AT      : response received on RIL_CMD2_READER_1, tid:548076450880
04-20 20:11:49.193852 16627 16637 D AT      : AT send on RIL_CMD2_READER_1, tid:548076450880
04-20 20:11:49.193904 16627 16637 D AT      : AT> AT+CEREG=3
04-20 20:11:49.193952 16627 16637 I AT      : AT write start
04-20 20:11:49.194657 16517 16611 D RILMUXD : [gsm0710muxd] 1643:gsm0710_base_buffer_get_frame(): Get a complete frame. ch:3, ctrl:239, len:38
04-20 20:11:49.194755 16517 16611 D RILMUXD : [gsm0710muxd] 2383:extract_frames(): Writing 38 byte frame received on channel 3 to /dev/pts/7
04-20 20:11:49.194927 16517 16611 D RILMUXD : [gsm0710muxd] 2403:extract_frames(): write() returned. Written 38/38 bytes of frame to /dev/pts/7
04-20 20:11:49.194994 16517 16611 D RILMUXD : [gsm0710muxd] 2408:extract_frames(): fsync() failed (-1, 22 - Invalid argument)
04-20 20:11:49.195095 16517 16623 D RILMUXD : [gsm0710muxd] 3614:poll_thread(): poll_thread select found
04-20 20:11:49.195160 16517 16623 D RILMUXD : [gsm0710muxd] 1045:pseudo_device_read(): Enter, LackofAtciChannel=0
04-20 20:11:49.195258 16517 16623 D RILMUXD : [gsm0710muxd] 657:write_frame(): Sending frame to channel 8
04-20 20:11:49.195367 16517 16611 D RILMUXD : [gsm0710muxd] 1643:gsm0710_base_buffer_get_frame(): Get a complete frame. ch:3, ctrl:239, len:6
04-20 20:11:49.195369 16517 16623 D RILMUXD : [gsm0710muxd] 766:write_frame(): Write a frame on channel 8 with length 11
04-20 20:11:49.195441 16517 16611 D RILMUXD : [gsm0710muxd] 2383:extract_frames(): Writing 6 byte frame received on channel 3 to /dev/pts/7
04-20 20:11:49.195444 16627 16646 I AT      : AT read end: 38
04-20 20:11:49.195509 16627 16646 D AT      : AT< +CREG: 3,0,"A536","0DA03B07",2,0,0
04-20 20:11:49.195568 16627 16646 D AT      : RIL_CMD_READER_1 Enter processLine:+CREG: 3,0,"A536","0DA03B07",2,0,0
04-20 20:11:49.195631 16627 16646 I AT      : AT read start
04-20 20:11:49.195859 16517 16611 D RILMUXD : [gsm0710muxd] 2403:extract_frames(): write() returned. Written 6/6 bytes of frame to /dev/pts/7
04-20 20:11:49.195924 16517 16611 D RILMUXD : [gsm0710muxd] 2408:extract_frames(): fsync() failed (-1, 22 - Invalid argument)
04-20 20:11:49.196082 16627 16646 I AT      : AT read end: 6
04-20 20:11:49.196142 16627 16646 D AT      : AT< OK
04-20 20:11:49.196198 16627 16646 D AT      : RIL_CMD_READER_1 Enter processLine:OK
04-20 20:11:49.196271 16627 16646 I AT      : AT read start
04-20 20:11:49.196344 16627 16631 D AT      : response received on RIL_CMD_READER_1, tid:548082693184
04-20 20:11:49.196419 16627 16631 D RIL     : convertRegState() uiRegState=0 , uiRet=0 
04-20 20:11:49.196470 16627 16631 D RIL     : dontChangeFormat=0
04-20 20:11:49.196547 16627 16631 E RIL     : it is short CREG CGREG
04-20 20:11:49.196609 16627 16631 E RIL     : rid: 0
04-20 20:11:49.196659 16627 16631 D RIL     : RestrictedStateChanged: 22
04-20 20:11:49.196714 16627 16631 D RIL     : isSimInserted(): rid: 0, sim_inserted_status: 0
04-20 20:11:49.196764 16627 16631 D RIL     : isSimInserted(): pivotSim = 1 ,0
04-20 20:11:49.196817 16627 16631 D RIL     : isSimInserted(): simInserted = 0
04-20 20:11:49.196871 16627 16631 D RIL     : convertToRilRegState() uiRegState=0 , uiRet=10 
04-20 20:11:49.196929 16627 16631 D RILC    : RequestComplete, RIL_SOCKET_1
04-20 20:11:49.197000 16627 16631 E RILC    : Send Response to RIL_SOCKET_1
04-20 20:11:49.197232 16627 16631 D RILC-MTK: proxyLoop free  pRI=0x7f9c88c8d0 p=0x7f9c8964d0 
04-20 20:11:49.197288 16627 16631 D RILC-MTK: proxyLoop free  pRequest=0x7f9c892400
04-20 20:11:49.197338 16627 16631 I RILC-MTK: RIL_CMD_PROXY_3 sleep
04-20 20:11:49.197456 16517 16611 D RILMUXD : [gsm0710muxd] 1643:gsm0710_base_buffer_get_frame(): Get a complete frame. ch:8, ctrl:239, len:6
04-20 20:11:49.197549 16517 16611 D RILMUXD : [gsm0710muxd] 2383:extract_frames(): Writing 6 byte frame received on channel 8 to /dev/pts/13
04-20 20:11:49.197653 16517 16611 D RILMUXD : [gsm0710muxd] 2403:extract_frames(): write() returned. Written 6/6 bytes of frame to /dev/pts/13
04-20 20:11:49.197714 16517 16611 D RILMUXD : [gsm0710muxd] 2408:extract_frames(): fsync() failed (-1, 22 - Invalid argument)
04-20 20:11:49.197917 16627 16652 I AT      : AT read end: 6
04-20 20:11:49.197977 16627 16652 D AT      : AT< OK
04-20 20:11:49.198032 16627 16652 D AT      : RIL_CMD2_READER_1 Enter processLine:OK
04-20 20:11:49.198114 16627 16652 I AT      : AT read start
04-20 20:11:49.198322 16627 16637 D AT      : response received on RIL_CMD2_READER_1, tid:548076450880
04-20 20:11:49.198387 16627 16637 D RILC    : RequestComplete, RIL_SOCKET_2
04-20 20:11:49.198447 16627 16637 E RILC    : Send Response to RIL_SOCKET_2
04-20 20:11:49.198578 16627 16637 D RILC-MTK: proxyLoop free  pRI=0x7f9c88c510 p=0x7f9c896e00 
04-20 20:11:49.198641 16627 16637 D RILC-MTK: proxyLoop free  pRequest=0x7f9c892560
04-20 20:11:49.198691 16627 16637 I RILC-MTK: RIL_CMD2_PROXY_3 sleep
04-20 20:11:49.198969  1576  1815 D RILJ    : [9157]< SCREEN_STATE  [SUB1]
04-20 20:11:49.216596  1576  1576 D GsmSST  : [GsmSST0] handleMessage msg done
04-20 20:11:49.216902  1576  1576 D GsmSST  : [GsmSST0] handle EVENT_IMS_REGISTRATION_INFO
04-20 20:11:49.217008  1576  1576 D GsmSST  : [GsmSST0] ImsRegistrationInfoResult [0, 0]
04-20 20:11:49.217087  1576  1807 D RILJ    : [9158]< OPERATOR {46001} [SUB0]
04-20 20:11:49.217315 16627 16642 D RILC    : SOCKET RIL_SOCKET_1 REQUEST: QUERY_NETWORK_SELECTION_MODE length:8
04-20 20:11:49.217815  1576  1576 D GsmSST  : [GsmSST0] handleMessage msg done
04-20 20:11:49.218078  1576  1576 D GsmSST  : [GsmSST0] EVENT_IMS_CAPABILITY_CHANGED
04-20 20:11:49.218212  1576  1576 D GsmSST  : [GsmSST0] No matched EONS and No CPHS ONS
04-20 20:11:49.218540  1576  1576 D GsmSST  : [GsmSST0] updateSpnDisplay mVoiceCapable=true mEmergencyOnly=true mCi.getRadioState().isOn()=true getVoiceRegState()=1 getDataRegState()1
04-20 20:11:49.218625  1576  1576 D GsmSST  : [GsmSST0] updateSpnDisplay show mEmergencyOnly
04-20 20:11:49.218709 16627 16642 I RILC-MTK: create request 45: pRequest=0x7f9c8925c0, pRI=0x7f9c88c9f0, p=0x7f9c896cb0, pUCI=0x0
04-20 20:11:49.218776 16627 16642 D RILC-MTK: QUERY_NETWORK_SELECTION_MODE pRI=0x7f9c88c9f0 p=0x7f9c896cb0 dispatched to RIL_CMD_PROXY_3
04-20 20:11:49.219104 16627 16641 I RILC-MTK: RIL_ATCI2_PROXY wakeup
04-20 20:11:49.219179 16627 16641 I RILC-MTK: RIL_ATCI2_PROXY sleep
04-20 20:11:49.219271 16627 16634 I RILC-MTK: RIL_CMD_PROXY_4 wakeup
04-20 20:11:49.219312 16627 16638 I RILC-MTK: RIL_CMD2_PROXY_2 wakeup
04-20 20:11:49.219328 16627 16634 I RILC-MTK: RIL_CMD_PROXY_4 sleep
04-20 20:11:49.219468 16627 16633 I RILC-MTK: RIL_CMD_PROXY_1 wakeup
04-20 20:11:49.219531 16627 16633 I RILC-MTK: RIL_CMD_PROXY_1 sleep
04-20 20:11:49.219629 16627 16640 I RILC-MTK: RIL_CMD2_PROXY_4 wakeup
04-20 20:11:49.219686 16627 16640 I RILC-MTK: RIL_CMD2_PROXY_4 sleep
04-20 20:11:49.219809 16627 16630 I RILC-MTK: RIL_URC_PROXY wakeup
04-20 20:11:49.219841 16627 16638 I RILC-MTK: RIL_CMD2_PROXY_2 sleep
04-20 20:11:49.219901 16627 16639 I RILC-MTK: RIL_CMD2_PROXY_1 wakeup
04-20 20:11:49.220011 16627 16639 I RILC-MTK: RIL_CMD2_PROXY_1 sleep
04-20 20:11:49.220064  1576  1807 D RILJ    : [9159]< DATA_REGISTRATION_STATE {0, -1, -1, 0} [SUB0]
04-20 20:11:49.220086  1576  1576 D SubscriptionController: [getSubId]- sSlotIdxToSubId.size == 0, return DummySubIds slotIdx=0
04-20 20:11:49.220092 16627 16636 I RILC-MTK: RIL_URC2_PROXY wakeup
04-20 20:11:49.220152 16627 16636 I RILC-MTK: RIL_URC2_PROXY sleep
04-20 20:11:49.220184  1576  1576 D SubscriptionController: getDummySubIds: slotIdx=0 return 2 DummySubIds with each subId=-2
04-20 20:11:49.220231 16627 16635 I RILC-MTK: RIL_ATCI_PROXY wakeup
04-20 20:11:49.220301  1576  1576 D GsmSST  : [GsmSST0] updateAllOpertorInfo with realPlmn:null
04-20 20:11:49.220342  1576  1807 D RILJ    : [9160]< VOICE_REGISTRATION_STATE {10, -1, -1, 0} [SUB0]
04-20 20:11:49.221388  1576  1576 D GsmSST  : [GsmSST0] handleMessage msg done
04-20 20:11:49.221786  1576  1576 D RILJ    : [9162]> RIL_REQUEST_IMS_REGISTRATION_STATE [SUB0]
04-20 20:11:49.219412 16627 16632 I RILC-MTK: RIL_CMD_PROXY_2 wakeup
04-20 20:11:49.220286 16627 16635 I RILC-MTK: RIL_ATCI_PROXY sleep
04-20 20:11:49.224198 16627 16631 I RILC-MTK: RIL_CMD_PROXY_3 wakeup
04-20 20:11:49.224261 16627 16631 D RILC-MTK: proxy id:1, proxyName: RIL_CMD_PROXY_3
04-20 20:11:49.224330 16627 16637 I RILC-MTK: RIL_CMD2_PROXY_3 wakeup
04-20 20:11:49.224379 16627 16631 D RILC-MTK: QUERY_NETWORK_SELECTION_MODE pRI=0x7f9c88c9f0 p=0x7f9c896cb0 execute on RIL_CMD_PROXY_3 using channel 1
04-20 20:11:49.224437 16627 16631 D RILC    : callOnRequest for new vendor ril
04-20 20:11:49.224498 16627 16631 D RIL     : onRequest: QUERY_NETWORK_SELECTION_MODE, datalen = 0
04-20 20:11:49.224554 16627 16631 D RIL     : radioState:10
04-20 20:11:49.224619 16627 16631 D AT      : AT send on RIL_CMD_READER_1, tid:548082693184
04-20 20:11:49.224675 16627 16631 D AT      : AT> AT+COPS?
04-20 20:11:49.224729 16627 16631 I AT      : AT write start
04-20 20:11:49.224927 16627 16630 I RILC-MTK: RIL_URC_PROXY sleep
04-20 20:11:49.225078 16627 16632 I RILC-MTK: RIL_CMD_PROXY_2 sleep
04-20 20:11:49.225233 16517 16615 D RILMUXD : [gsm0710muxd] 3614:poll_thread(): poll_thread select found
04-20 20:11:49.225345 16517 16615 D RILMUXD : [gsm0710muxd] 1045:pseudo_device_read(): Enter, LackofAtciChannel=0
04-20 20:11:49.225432 16517 16615 D RILMUXD : [gsm0710muxd] 657:write_frame(): Sending frame to channel 3
04-20 20:11:49.225590 16517 16615 D RILMUXD : [gsm0710muxd] 766:write_frame(): Write a frame on channel 3 with length 9
04-20 20:11:49.226163 16627 16637 I RILC-MTK: RIL_CMD2_PROXY_3 sleep
04-20 20:11:49.226395 16627 16642 D RILC    : SOCKET RIL_SOCKET_1 REQUEST: IMS_REGISTRATION_STATE length:8
04-20 20:11:49.226482 16627 16642 I RILC-MTK: create request 112: pRequest=0x7f9c892280, pRI=0x7f9c88ca20, p=0x7f9c8963f0, pUCI=0x0
04-20 20:11:49.226544 16627 16642 D RILC-MTK: IMS_REGISTRATION_STATE pRI=0x7f9c88ca20 p=0x7f9c8963f0 dispatched to RIL_CMD_PROXY_3
04-20 20:11:49.226778 16627 16640 I RILC-MTK: RIL_CMD2_PROXY_4 wakeup
04-20 20:11:49.226825 16627 16636 I RILC-MTK: RIL_URC2_PROXY wakeup
04-20 20:11:49.226844 16627 16640 I RILC-MTK: RIL_CMD2_PROXY_4 sleep
04-20 20:11:49.226909 16627 16635 I RILC-MTK: RIL_ATCI_PROXY wakeup
04-20 20:11:49.226938 16627 16633 I RILC-MTK: RIL_CMD_PROXY_1 wakeup
04-20 20:11:49.226963 16627 16635 I RILC-MTK: RIL_ATCI_PROXY sleep
04-20 20:11:49.227046 16627 16638 I RILC-MTK: RIL_CMD2_PROXY_2 wakeup
04-20 20:11:49.227076 16627 16634 I RILC-MTK: RIL_CMD_PROXY_4 wakeup
04-20 20:11:49.227101 16627 16638 I RILC-MTK: RIL_CMD2_PROXY_2 sleep
04-20 20:11:49.227228 16627 16632 I RILC-MTK: RIL_CMD_PROXY_2 wakeup
04-20 20:11:49.227285 16627 16632 I RILC-MTK: RIL_CMD_PROXY_2 sleep
04-20 20:11:49.227354 16627 16633 I RILC-MTK: RIL_CMD_PROXY_1 sleep
04-20 20:11:49.227459 16627 16636 I RILC-MTK: RIL_URC2_PROXY sleep
04-20 20:11:49.227559 16627 16634 I RILC-MTK: RIL_CMD_PROXY_4 sleep
04-20 20:11:49.227668 16627 16641 I RILC-MTK: RIL_ATCI2_PROXY wakeup
04-20 20:11:49.227724 16627 16641 I RILC-MTK: RIL_ATCI2_PROXY sleep
04-20 20:11:49.227796 16627 16637 I RILC-MTK: RIL_CMD2_PROXY_3 wakeup
04-20 20:11:49.227850 16627 16637 I RILC-MTK: RIL_CMD2_PROXY_3 sleep
04-20 20:11:49.225355  1576  1576 D GsmSST  : [GsmSST0] handleMessage msg done
04-20 20:11:49.226789 16627 16639 I RILC-MTK: RIL_CMD2_PROXY_1 wakeup
04-20 20:11:49.227052 16627 16630 I RILC-MTK: RIL_URC_PROXY wakeup
04-20 20:11:49.229564  1576  1576 D RILJ    : [9163]> RIL_REQUEST_IMS_REGISTRATION_STATE [SUB0]
04-20 20:11:49.232210 16627 16639 I RILC-MTK: RIL_CMD2_PROXY_1 sleep
04-20 20:11:49.232357 16627 16630 I RILC-MTK: RIL_URC_PROXY sleep
04-20 20:11:49.233210 16517 16611 D RILMUXD : [gsm0710muxd] 1643:gsm0710_base_buffer_get_frame(): Get a complete frame. ch:3, ctrl:239, len:12
04-20 20:11:49.233789 16517 16611 D RILMUXD : [gsm0710muxd] 2383:extract_frames(): Writing 12 byte frame received on channel 3 to /dev/pts/7
04-20 20:11:49.233965 16517 16611 D RILMUXD : [gsm0710muxd] 2403:extract_frames(): write() returned. Written 12/12 bytes of frame to /dev/pts/7
04-20 20:11:49.234028 16517 16611 D RILMUXD : [gsm0710muxd] 2408:extract_frames(): fsync() failed (-1, 22 - Invalid argument)
04-20 20:11:49.234102 16517 16611 D RILMUXD : [gsm0710muxd] 1643:gsm0710_base_buffer_get_frame(): Get a complete frame. ch:3, ctrl:239, len:6
04-20 20:11:49.234191 16517 16611 D RILMUXD : [gsm0710muxd] 2383:extract_frames(): Writing 6 byte frame received on channel 3 to /dev/pts/7
04-20 20:11:49.234261 16517 16611 D RILMUXD : [gsm0710muxd] 2403:extract_frames(): write() returned. Written 6/6 bytes of frame to /dev/pts/7
04-20 20:11:49.234321 16517 16611 D RILMUXD : [gsm0710muxd] 2408:extract_frames(): fsync() failed (-1, 22 - Invalid argument)
04-20 20:11:49.235361 16627 16646 I AT      : AT read end: 18
04-20 20:11:49.235426 16627 16646 D AT      : AT< +COPS: 0
04-20 20:11:49.235484 16627 16646 D AT      : RIL_CMD_READER_1 Enter processLine:+COPS: 0
04-20 20:11:49.235545 16627 16646 D AT      : AT< OK
04-20 20:11:49.235595 16627 16646 D AT      : RIL_CMD_READER_1 Enter processLine:OK
04-20 20:11:49.235714 16627 16646 I AT      : AT read start
04-20 20:11:49.235771 16627 16631 D AT      : response received on RIL_CMD_READER_1, tid:548082693184
04-20 20:11:49.235844 16627 16631 D RILC    : RequestComplete, RIL_SOCKET_1
04-20 20:11:49.235911 16627 16631 E RILC    : Send Response to RIL_SOCKET_1
04-20 20:11:49.236039 16627 16631 D RILC-MTK: proxyLoop free  pRI=0x7f9c88c9f0 p=0x7f9c896cb0 
04-20 20:11:49.236095 16627 16631 D RILC-MTK: proxyLoop free  pRequest=0x7f9c8925c0
04-20 20:11:49.236154 16627 16631 D RILC-MTK: proxy id:1, proxyName: RIL_CMD_PROXY_3
04-20 20:11:49.236168  1576  1576 D GsmSST  : [GsmSST0] handle EVENT_SIGNAL_STRENGTH_UPDATE
04-20 20:11:49.236212 16627 16631 D RILC-MTK: IMS_REGISTRATION_STATE pRI=0x7f9c88ca20 p=0x7f9c8963f0 execute on RIL_CMD_PROXY_3 using channel 1
04-20 20:11:49.236267 16627 16631 D RILC    : callOnRequest for new vendor ril
04-20 20:11:49.236321 16627 16631 D RIL     : onRequest: IMS_REGISTRATION_STATE, datalen = 0
04-20 20:11:49.236346  1576  1576 D GsmSST  : [GsmSST0] onSignalStrengthResult():  LastSignalStrength=SignalStrength: 14 31 -120 -160 -2 0 -1 99 2147483647 -2147483647 2147483647 2147483647 2147483647 gsm|lte 1 -320 -35
04-20 20:11:49.236370 16627 16631 D RIL     : radioState:10
04-20 20:11:49.236427 16627 16631 D AT      : AT send on RIL_CMD_READER_1, tid:548082693184
04-20 20:11:49.236427  1576  1807 D RILJ    : responseInts numInts=1 [SUB0]
04-20 20:11:49.236449  1576  1576 D GsmSST  : [GsmSST0] onSignalStrengthResult():new mSignalStrength=SignalStrength: 14 34 -120 -160 -2 0 -1 99 2147483647 -2147483647 2147483647 2147483647 2147483647 gsm|lte 1 -308 -29
04-20 20:11:49.236492 16627 16631 D AT      : AT> AT+CIREG?
04-20 20:11:49.236551 16627 16631 I AT      : AT write start
04-20 20:11:49.236572 16627 16642 D RILC    : SOCKET RIL_SOCKET_1 REQUEST: IMS_REGISTRATION_STATE length:8
04-20 20:11:49.236651 16627 16642 I RILC-MTK: create request 112: pRequest=0x7f9c892580, pRI=0x7f9c88c330, p=0x7f9c896540, pUCI=0x0
04-20 20:11:49.236686  1576  1576 W SignalStrength: SignalStrength get plugin
04-20 20:11:49.236712 16627 16642 D RILC-MTK: IMS_REGISTRATION_STATE pRI=0x7f9c88c330 p=0x7f9c896540 dispatched to RIL_CMD_PROXY_3
04-20 20:11:49.236787  1576  1576 I use-Rlog/RLOG-GSM: getLTELevel - rsrp:2147483647 snr:2147483647 rsrpIconLevel:-1 snrIconLevel:-1
04-20 20:11:49.236955  1576  1576 I use-Rlog/RLOG-GSM: getLTELevel - rssi:99 rssiIconLevel:0
04-20 20:11:49.237002 16627 16639 I RILC-MTK: RIL_CMD2_PROXY_1 wakeup
04-20 20:11:49.237022  1576  1576 W SignalStrength: SignalStrength get plugin
04-20 20:11:49.237051 16627 16641 I RILC-MTK: RIL_ATCI2_PROXY wakeup
04-20 20:11:49.237066 16627 16639 I RILC-MTK: RIL_CMD2_PROXY_1 sleep
04-20 20:11:49.237128 16627 16636 I RILC-MTK: RIL_URC2_PROXY wakeup
04-20 20:11:49.237166 16627 16635 I RILC-MTK: RIL_ATCI_PROXY wakeup
04-20 20:11:49.237184 16627 16636 I RILC-MTK: RIL_URC2_PROXY sleep
04-20 20:11:49.237195 16627 16640 I RILC-MTK: RIL_CMD2_PROXY_4 wakeup
04-20 20:11:49.237278 16517 16615 D RILMUXD : [gsm0710muxd] 3614:poll_thread(): poll_thread select found
04-20 20:11:49.237357 16517 16615 D RILMUXD : [gsm0710muxd] 1045:pseudo_device_read(): Enter, LackofAtciChannel=0
04-20 20:11:49.237438 16517 16615 D RILMUXD : [gsm0710muxd] 657:write_frame(): Sending frame to channel 3
04-20 20:11:49.237565 16517 16615 D RILMUXD : [gsm0710muxd] 766:write_frame(): Write a frame on channel 3 with length 10
04-20 20:11:49.237820  1576  1807 D RILJ    : responseInts response[0]=0 [SUB0]
04-20 20:11:49.237832  1576  1576 I use-Rlog/RLOG-GSM:  asu: 14 gsmRscp: -77 out level: 4
04-20 20:11:49.237942  1576  1576 D GsmSST  : [GsmSST0] notifySignalStrength: mSignalStrength.getLevel=4
04-20 20:11:49.237950  1576  1807 D RILJ    : [9161]< QUERY_NETWORK_SELECTION_MODE {0} [SUB0]
04-20 20:11:49.238274 16627 16641 I RILC-MTK: RIL_ATCI2_PROXY sleep
04-20 20:11:49.238317  1576  1576 D SubscriptionController: [getSubId]- sSlotIdxToSubId.size == 0, return DummySubIds slotIdx=0
04-20 20:11:49.238437  1576  1576 D SubscriptionController: getDummySubIds: slotIdx=0 return 2 DummySubIds with each subId=-2
04-20 20:11:49.238674  1576  1576 D DefaultPhoneNotifier: notifySignalStrength: mRegistry=com.android.internal.telephony.ITelephonyRegistry$Stub$Proxy@20f1708 ss=SignalStrength: 14 34 -120 -160 -2 0 -1 99 2147483647 -2147483647 2147483647 2147483647 2147483647 gsm|lte 1 -308 -29 sender=Handler (com.android.internal.telephony.gsm.GSMPhone) {e4ac408}
04-20 20:11:49.240062   964  1844 D TelephonyRegistry: notifySignalStrengthForSubscriber: subId=-2 signalStrength=SignalStrength: 14 34 -120 -160 -2 0 -1 99 2147483647 -2147483647 2147483647 2147483647 2147483647 gsm|lte 1 -308 -29
04-20 20:11:49.240243   964  1844 D TelephonyRegistry: notifySignalStrengthForSubscriber: logSSC.length=5 next=3
04-20 20:11:49.242555   964  1844 D TelephonyRegistry: notifyServiceStateForSubscriber Time 20160420T171405Asia/Shanghai(3,110,28800,0,1461143645) mSubId -2 mPhoneId 0  mState 1 1 voice home data home null null null null null null  Unknown Unknown CSS not supported -1 -1 RoamInd=-1 DefRoamInd=-1 EmergOnly=true Ril Voice Regist state: 10 Ril Data Regist state: 0 mProprietaryDataRadioTechnology: 0 VoiceRejectCause: -1 DataRejectCause: -1 mCdmaNetWorkMode: 0 IsDataRoamingFromRegistration=false
04-20 20:11:49.243186 16627 16633 I RILC-MTK: RIL_CMD_PROXY_1 wakeup
04-20 20:11:49.243232 16627 16634 I RILC-MTK: RIL_CMD_PROXY_4 wakeup
04-20 20:11:49.243254 16627 16633 I RILC-MTK: RIL_CMD_PROXY_1 sleep
04-20 20:11:49.243371 16627 16630 I RILC-MTK: RIL_URC_PROXY wakeup
04-20 20:11:49.243405 16627 16640 I RILC-MTK: RIL_CMD2_PROXY_4 sleep
04-20 20:11:49.245599 16627 16638 I RILC-MTK: RIL_CMD2_PROXY_2 wakeup
04-20 20:11:49.245774 16627 16632 I RILC-MTK: RIL_CMD_PROXY_2 wakeup
04-20 20:11:49.245789 16627 16638 I RILC-MTK: RIL_CMD2_PROXY_2 sleep
04-20 20:11:49.245890 16627 16632 I RILC-MTK: RIL_CMD_PROXY_2 sleep
04-20 20:11:49.246771 16627 16637 I RILC-MTK: RIL_CMD2_PROXY_3 wakeup
04-20 20:11:49.246861 16627 16635 I RILC-MTK: RIL_ATCI_PROXY sleep
04-20 20:11:49.246959 16627 16634 I RILC-MTK: RIL_CMD_PROXY_4 sleep
04-20 20:11:49.247068 16627 16630 I RILC-MTK: RIL_URC_PROXY sleep
04-20 20:11:49.247203 16627 16637 I RILC-MTK: RIL_CMD2_PROXY_3 sleep
04-20 20:11:49.250210   964  1844 D TelephonyRegistry: notifyServiceStateForSubscriber Time 20160420T171405Asia/Shanghai(3,110,28800,0,1461143645) mSubId -2 mPhoneId 0  mState 1 1 voice home data home null null null null null null  Unknown Unknown CSS not supported -1 -1 RoamInd=-1 DefRoamInd=-1 EmergOnly=true Ril Voice Regist state: 10 Ril Data Regist state: 0 mProprietaryDataRadioTechnology: 0 VoiceRejectCause: -1 DataRejectCause: -1 mCdmaNetWorkMode: 0 IsDataRoamingFromRegistration=false
04-20 20:11:49.250228 16517 16611 D RILMUXD : [gsm0710muxd] 1643:gsm0710_base_buffer_get_frame(): Get a complete frame. ch:3, ctrl:239, len:17
04-20 20:11:49.250364 16517 16611 D RILMUXD : [gsm0710muxd] 2383:extract_frames(): Writing 17 byte frame received on channel 3 to /dev/pts/7
04-20 20:11:49.250460 16517 16611 D RILMUXD : [gsm0710muxd] 2403:extract_frames(): write() returned. Written 17/17 bytes of frame to /dev/pts/7
04-20 20:11:49.250517 16517 16611 D RILMUXD : [gsm0710muxd] 2408:extract_frames(): fsync() failed (-1, 22 - Invalid argument)
04-20 20:11:49.250583 16517 16611 D RILMUXD : [gsm0710muxd] 1643:gsm0710_base_buffer_get_frame(): Get a complete frame. ch:3, ctrl:239, len:6
04-20 20:11:49.250637 16517 16611 D RILMUXD : [gsm0710muxd] 2383:extract_frames(): Writing 6 byte frame received on channel 3 to /dev/pts/7
04-20 20:11:49.250727 16517 16611 D RILMUXD : [gsm0710muxd] 2403:extract_frames(): write() returned. Written 6/6 bytes of frame to /dev/pts/7
04-20 20:11:49.250780 16517 16611 D RILMUXD : [gsm0710muxd] 2408:extract_frames(): fsync() failed (-1, 22 - Invalid argument)
04-20 20:11:49.251144 16627 16646 I AT      : AT read end: 23
04-20 20:11:49.251283 16627 16646 D AT      : AT< +CIREG: 2,0,0
04-20 20:11:49.251810 16627 16646 D AT      : RIL_CMD_READER_1 Enter processLine:+CIREG: 2,0,0
04-20 20:11:49.251864 16627 16646 D AT      : AT< OK
04-20 20:11:49.251907 16627 16646 D AT      : RIL_CMD_READER_1 Enter processLine:OK
04-20 20:11:49.251967 16627 16646 I AT      : AT read start
04-20 20:11:49.252028 16627 16631 D AT      : response received on RIL_CMD_READER_1, tid:548082693184
04-20 20:11:49.252086 16627 16631 D RILC    : RequestComplete, RIL_SOCKET_1
04-20 20:11:49.252144 16627 16631 E RILC    : Send Response to RIL_SOCKET_1
04-20 20:11:49.252255 16627 16631 D RILC-MTK: proxyLoop free  pRI=0x7f9c88ca20 p=0x7f9c8963f0 
04-20 20:11:49.252300 16627 16631 D RILC-MTK: proxyLoop free  pRequest=0x7f9c892280
04-20 20:11:49.252346 16627 16631 D RILC-MTK: proxy id:1, proxyName: RIL_CMD_PROXY_3
04-20 20:11:49.252392 16627 16631 D RILC-MTK: IMS_REGISTRATION_STATE pRI=0x7f9c88c330 p=0x7f9c896540 execute on RIL_CMD_PROXY_3 using channel 1
04-20 20:11:49.252555 16627 16631 D RILC    : callOnRequest for new vendor ril
04-20 20:11:49.252600 16627 16631 D RIL     : onRequest: IMS_REGISTRATION_STATE, datalen = 0
04-20 20:11:49.252641 16627 16631 D RIL     : radioState:10
04-20 20:11:49.252691 16627 16631 D AT      : AT send on RIL_CMD_READER_1, tid:548082693184
04-20 20:11:49.252736 16627 16631 D AT      : AT> AT+CIREG?
04-20 20:11:49.252776 16627 16631 I AT      : AT write start
04-20 20:11:49.252799  1576  1807 D RILJ    : responseInts numInts=2 [SUB0]
04-20 20:11:49.252878  1576  1807 D RILJ    : responseInts response[0]=0 [SUB0]
04-20 20:11:49.252942  1576  1807 D RILJ    : responseInts response[1]=1 [SUB0]
04-20 20:11:49.253048  1576  1807 D RILJ    : [9162]< RIL_REQUEST_IMS_REGISTRATION_STATE {0, 1} [SUB0]
04-20 20:11:49.253690 16517 16615 D RILMUXD : [gsm0710muxd] 3614:poll_thread(): poll_thread select found
04-20 20:11:49.253786 16517 16615 D RILMUXD : [gsm0710muxd] 1045:pseudo_device_read(): Enter, LackofAtciChannel=0
04-20 20:11:49.253879 16517 16615 D RILMUXD : [gsm0710muxd] 657:write_frame(): Sending frame to channel 3
04-20 20:11:49.254102 16517 16615 D RILMUXD : [gsm0710muxd] 766:write_frame(): Write a frame on channel 3 with length 10
04-20 20:11:49.254494   964  1844 D TelephonyRegistry: notifyServiceStateForSubscriber Time 20160420T171405Asia/Shanghai(3,110,28800,0,1461143645) mSubId -3 mPhoneId 1  mState 3 3 voice home data home null null null null null null  Unknown Unknown CSS not supported -1 -1 RoamInd=-1 DefRoamInd=-1 EmergOnly=false Ril Voice Regist state: 0 Ril Data Regist state: 0 mProprietaryDataRadioTechnology: 0 VoiceRejectCause: -1 DataRejectCause: -1 mCdmaNetWorkMode: 0 IsDataRoamingFromRegistration=false
