04-20 20:12:28.061954   964   982 D BroadcastQueue: BroadcastRecord{fb371db u-1 android.intent.action.BATTERY_CHANGED}, #3 BroadcastFilter{ab74444 u0 ReceiverList{f940157 964 system/1000/u0 local:8f60ad6}}
04-20 20:12:28.062307   964   982 D BroadcastQueue: BDC-Delivering broadcast: Intent { act=android.intent.action.BATTERY_CHANGED flg=0x60000010 (has extras) }, queue=background, ordered=false, filter=BroadcastFilter{ab74444 u0 ReceiverList{f940157 964 system/1000/u0 local:8f60ad6}}, receiver=null
04-20 20:12:28.062489   964   964 D ActivityThread: BDC-Calling onReceive: intent=Intent { act=android.intent.action.BATTERY_CHANGED flg=0x60000010 (has extras) }, ordered=true, receiver=com.android.server.DeviceIdleController$1@7d2b68b, IIntentReceiver=2d84368
04-20 20:12:28.062674   964   982 D BroadcastQueue: BroadcastRecord{fb371db u-1 android.intent.action.BATTERY_CHANGED}, #4 BroadcastFilter{ef7156b u0 ReceiverList{8ef52ba 1102 com.android.systemui/10022/u0 remote:83e07e5}}
04-20 20:12:28.063016   964   982 D BroadcastQueue: BDC-Delivering broadcast: Intent { act=android.intent.action.BATTERY_CHANGED flg=0x60000010 (has extras) }, queue=background, ordered=false, filter=BroadcastFilter{ef7156b u0 ReceiverList{8ef52ba 1102 com.android.systemui/10022/u0 remote:83e07e5}}, receiver=null
04-20 20:12:28.063276   964   964 D ActivityThread: BDC-Calling onReceive: intent=Intent { act=android.intent.action.BATTERY_CHANGED flg=0x60000010 (has extras) }, ordered=true, receiver=com.android.server.wifi.WifiServiceImpl$1@a225ef1, IIntentReceiver=8f60ad6
04-20 20:12:28.063568   964   964 D WifiService: onReceive, action:android.intent.action.BATTERY_CHANGED
04-20 20:12:28.064412   964  1043 D WifiController: ApStaDisabledState{ when=0 what=155652 arg1=2 target=com.android.internal.util.StateMachine$SmHandler }
04-20 20:12:28.064727   964  1043 D WifiController: DefaultState{ when=-1ms what=155652 arg1=2 target=com.android.internal.util.StateMachine$SmHandler }
04-20 20:12:28.064864   964  1043 D WifiController: battery changed pluggedType: 2
04-20 20:12:28.065299   964   982 D BroadcastQueue: BroadcastRecord{fb371db u-1 android.intent.action.BATTERY_CHANGED}, #5 BroadcastFilter{ac4a1ce u0 ReceiverList{e7196c9 1102 com.android.systemui/10022/u0 remote:9f3a6d0}}
04-20 20:12:28.065721   964   982 D BroadcastQueue: BDC-Delivering broadcast: Intent { act=android.intent.action.BATTERY_CHANGED flg=0x60000010 (has extras) }, queue=background, ordered=false, filter=BroadcastFilter{ac4a1ce u0 ReceiverList{e7196c9 1102 com.android.systemui/10022/u0 remote:9f3a6d0}}, receiver=null
04-20 20:12:28.066630   964   982 D BroadcastQueue: BroadcastRecord{fb371db u-1 android.intent.action.BATTERY_CHANGED}, #6 BroadcastFilter{dd9c3c5 u0 ReceiverList{974ba3c 1102 com.android.systemui/10022/u0 remote:bd6342f}}
04-20 20:12:28.067000   964   982 D BroadcastQueue: BDC-Delivering broadcast: Intent { act=android.intent.action.BATTERY_CHANGED flg=0x60000010 (has extras) }, queue=background, ordered=false, filter=BroadcastFilter{dd9c3c5 u0 ReceiverList{974ba3c 1102 com.android.systemui/10022/u0 remote:bd6342f}}, receiver=null
04-20 20:12:28.067849   964   982 D BroadcastQueue: BroadcastRecord{fb371db u-1 android.intent.action.BATTERY_CHANGED}, #7 BroadcastFilter{c44a0a8 u0 ReceiverList{c6d40cb 1102 com.android.systemui/10022/u0 remote:abf8f9a}}
04-20 20:12:28.068199   964   982 D BroadcastQueue: BDC-Delivering broadcast: Intent { act=android.intent.action.BATTERY_CHANGED flg=0x60000010 (has extras) }, queue=background, ordered=false, filter=BroadcastFilter{c44a0a8 u0 ReceiverList{c6d40cb 1102 com.android.systemui/10022/u0 remote:abf8f9a}}, receiver=null
04-20 20:12:28.069023   964   982 D BroadcastQueue: BroadcastRecord{fb371db u-1 android.intent.action.BATTERY_CHANGED}, #8 BroadcastFilter{563b902 u0 ReceiverList{6167a4d 1102 com.android.systemui/10022/u0 remote:d3f95e4}}
04-20 20:12:28.069435   964   982 D BroadcastQueue: BDC-Delivering broadcast: Intent { act=android.intent.action.BATTERY_CHANGED flg=0x60000010 (has extras) }, queue=background, ordered=false, filter=BroadcastFilter{563b902 u0 ReceiverList{6167a4d 1102 com.android.systemui/10022/u0 remote:d3f95e4}}, receiver=null
04-20 20:12:28.070335   964   982 D BroadcastQueue: BroadcastRecord{fb371db u-1 android.intent.action.BATTERY_CHANGED}, #9 BroadcastFilter{a9e8f1 u0 ReceiverList{c7ec898 1576 com.android.phone/1001/u0 remote:278527b}}
04-20 20:12:28.070714   964   982 D BroadcastQueue: BDC-Delivering broadcast: Intent { act=android.intent.action.BATTERY_CHANGED flg=0x60000010 (has extras) }, queue=background, ordered=false, filter=BroadcastFilter{a9e8f1 u0 ReceiverList{c7ec898 1576 com.android.phone/1001/u0 remote:278527b}}, receiver=null
04-20 20:12:28.071516   964   982 D BroadcastQueue: BroadcastRecord{fb371db u-1 android.intent.action.BATTERY_CHANGED}, #10 BroadcastFilter{64ab3d1 u0 ReceiverList{b0a72f8 1102 com.android.systemui/10022/u0 remote:458aa5b}}
04-20 20:12:28.071913   964   982 D BroadcastQueue: BDC-Delivering broadcast: Intent { act=android.intent.action.BATTERY_CHANGED flg=0x60000010 (has extras) }, queue=background, ordered=false, filter=BroadcastFilter{64ab3d1 u0 ReceiverList{b0a72f8 1102 com.android.systemui/10022/u0 remote:458aa5b}}, receiver=null
04-20 20:12:28.072151  1576  1576 D ActivityThread: BDC-Calling onReceive: intent=Intent { act=android.intent.action.BATTERY_CHANGED flg=0x60000010 (has extras) }, ordered=true, receiver=com.mediatek.internal.telephony.dataconnection.FdManager$1@8cc18b4, IIntentReceiver=2112613
04-20 20:12:28.072751   964   982 D BroadcastQueue: BroadcastRecord{fb371db u-1 android.intent.action.BATTERY_CHANGED}, #11 BroadcastFilter{78acad1 u0 ReceiverList{d7085f8 1576 com.android.phone/1001/u0 remote:50f295b}}
04-20 20:12:28.073137   964   982 D BroadcastQueue: BDC-Delivering broadcast: Intent { act=android.intent.action.BATTERY_CHANGED flg=0x60000010 (has extras) }, queue=background, ordered=false, filter=BroadcastFilter{78acad1 u0 ReceiverList{d7085f8 1576 com.android.phone/1001/u0 remote:50f295b}}, receiver=null
04-20 20:12:28.074332   964   982 D BroadcastQueue: BroadcastRecord{fb371db u-1 android.intent.action.BATTERY_CHANGED}, #12 BroadcastFilter{ac55590 u0 ReceiverList{6ed9853 1529 com.google.android.gms.persistent/10010/u0 remote:103f042}}
04-20 20:12:28.074543  1576  1576 D ActivityThread: BDC-Calling onReceive: intent=Intent { act=android.intent.action.BATTERY_CHANGED flg=0x60000010 (has extras) }, ordered=true, receiver=com.mediatek.internal.telephony.dataconnection.FdManager$1@b5bbe58, IIntentReceiver=b17c009
04-20 20:12:28.074757   964   982 D BroadcastQueue: BDC-Delivering broadcast: Intent { act=android.intent.action.BATTERY_CHANGED flg=0x60000010 (has extras) }, queue=background, ordered=false, filter=BroadcastFilter{ac55590 u0 ReceiverList{6ed9853 1529 com.google.android.gms.persistent/10010/u0 remote:103f042}}, receiver=null
04-20 20:12:28.075817   964   982 D BroadcastQueue: BroadcastRecord{fb371db u-1 android.intent.action.BATTERY_CHANGED}, #13 BroadcastFilter{b595e4b u0 ReceiverList{e7bb31a 1529 com.google.android.gms.persistent/10010/u0 remote:a782dc5}}
04-20 20:12:28.076016  1529  1855 D ActivityThread: BDC-Calling onReceive: intent=Intent { act=android.intent.action.BATTERY_CHANGED flg=0x60000010 (has extras) }, ordered=true, receiver=com.google.android.location.fused.as@6e8aacd, IIntentReceiver=237902c
04-20 20:12:28.076233   964   982 D BroadcastQueue: BDC-Delivering broadcast: Intent { act=android.intent.action.BATTERY_CHANGED flg=0x60000010 (has extras) }, queue=background, ordered=false, filter=BroadcastFilter{b595e4b u0 ReceiverList{e7bb31a 1529 com.google.android.gms.persistent/10010/u0 remote:a782dc5}}, receiver=null
04-20 20:12:28.077006   964   982 D BroadcastQueue: BroadcastRecord{fb371db u-1 android.intent.action.BATTERY_CHANGED}, #14 BroadcastFilter{76452a5 u0 ReceiverList{e26b89c 16455 com.android.bluetooth/1002/u0 remote:df1b00f}}
04-20 20:12:28.077338  1529  1529 D ActivityThread: BDC-Calling onReceive: intent=Intent { act=android.intent.action.BATTERY_CHANGED flg=0x60000010 (has extras) }, ordered=true, receiver=com.google.android.location.os.real.z@29bb4, IIntentReceiver=6803b52
04-20 20:12:28.077380   964   982 D BroadcastQueue: BDC-Delivering broadcast: Intent { act=android.intent.action.BATTERY_CHANGED flg=0x60000010 (has extras) }, queue=background, ordered=false, filter=BroadcastFilter{76452a5 u0 ReceiverList{e26b89c 16455 com.android.bluetooth/1002/u0 remote:df1b00f}}, receiver=null
04-20 20:12:28.078221   964   982 D BroadcastQueue: BroadcastRecord{fb371db u-1 android.intent.action.BATTERY_CHANGED}, #15 BroadcastFilter{90fbc82 u0 ReceiverList{7aa5bcd 22060 android.process.media/10007/u0 remote:2180d64}}
04-20 20:12:28.078621   964   982 D BroadcastQueue: BDC-Delivering broadcast: Intent { act=android.intent.action.BATTERY_CHANGED flg=0x60000010 (has extras) }, queue=background, ordered=false, filter=BroadcastFilter{90fbc82 u0 ReceiverList{7aa5bcd 22060 android.process.media/10007/u0 remote:2180d64}}, receiver=null
04-20 20:12:28.078835 16455 16455 D ActivityThread: BDC-Calling onReceive: intent=Intent { act=android.intent.action.BATTERY_CHANGED flg=0x60000010 (has extras) }, ordered=true, receiver=com.android.bluetooth.hfp.HeadsetService$1@96ffdb5, IIntentReceiver=4c8674d
04-20 20:12:28.079591   964   982 D BroadcastQueue: Non-ordered [background] BroadcastRecord{fb371db u-1 android.intent.action.BATTERY_CHANGED}, 16 receivers, Total: 20, Waiting: 0, Processing: 20
04-20 20:12:28.080261 22060 22060 D ActivityThread: BDC-Calling onReceive: intent=Intent { act=android.intent.action.BATTERY_CHANGED flg=0x60000010 (has extras) }, ordered=true, receiver=android.mtp.MtpDatabase$1@f883691, IIntentReceiver=6e8aacd
04-20 20:12:28.089866  1102  1102 D ActivityThread: BDC-Calling onReceive: intent=Intent { act=android.intent.action.BATTERY_CHANGED flg=0x60000010 (has extras) }, ordered=true, receiver=com.android.keyguard.KeyguardUpdateMonitor$3@16e0f53, IIntentReceiver=6cc051e
04-20 20:12:28.090561  1102  1102 D ActivityThread: BDC-Calling onReceive: intent=Intent { act=android.intent.action.BATTERY_CHANGED flg=0x60000010 (has extras) }, ordered=true, receiver=com.android.systemui.power.PowerUI$Receiver@37c7907, IIntentReceiver=f3db51f
04-20 20:12:28.090821  1102  1102 D PowerUI : buckets   .....20 .. 15 .. 5
04-20 20:12:28.090902  1102  1102 D PowerUI : level          99 --> 99
04-20 20:12:28.090963  1102  1102 D PowerUI : status         2 --> 2
04-20 20:12:28.091017  1102  1102 D PowerUI : plugType       2 --> 2
04-20 20:12:28.091076  1102  1102 D PowerUI : invalidCharger 0 --> 0
04-20 20:12:28.091125  1102  1102 D PowerUI : bucket         1 --> 1
04-20 20:12:28.091188  1102  1102 D PowerUI : plugged        true --> true
04-20 20:12:28.091344  1102  1102 D PowerUI.Notification: dismissing low battery warning: level=99
04-20 20:12:28.091421  1102  1102 D PowerUI.Notification: updateNotification mWarning=false mPlaySound=false mSaver=false mInvalidCharger=false
04-20 20:12:28.092842  1102  1102 D ActivityThread: BDC-Calling onReceive: intent=Intent { act=android.intent.action.BATTERY_CHANGED flg=0x60000010 (has extras) }, ordered=true, receiver=com.android.systemui.statusbar.policy.BatteryController@15f932f, IIntentReceiver=7a8d970
04-20 20:12:28.093244  1102  1102 D ActivityThread: BDC-Calling onReceive: intent=Intent { act=android.intent.action.BATTERY_CHANGED flg=0x60000010 (has extras) }, ordered=true, receiver=com.android.systemui.BatteryMeterView$BatteryTracker@5fc7f81, IIntentReceiver=42408b
04-20 20:12:28.093993  1102  1102 D ActivityThread: BDC-Calling onReceive: intent=Intent { act=android.intent.action.BATTERY_CHANGED flg=0x60000010 (has extras) }, ordered=true, receiver=com.android.systemui.BatteryMeterView$BatteryTracker@29487ac, IIntentReceiver=a22aa75
04-20 20:12:28.094557  1102  1102 D ActivityThread: BDC-Calling onReceive: intent=Intent { act=android.intent.action.BATTERY_CHANGED flg=0x60000010 (has extras) }, ordered=true, receiver=com.android.systemui.BatteryMeterView$BatteryTracker@8634af1, IIntentReceiver=7caa5f3
04-20 20:12:28.160870   964  1670 V ActivityManager: >>> EXECUTING destroy of ServiceRecord{bca6ede u0 com.android.providers.media/.MediaScannerService} in app ProcessRecord{166e651 22060:android.process.media/u0a7}
04-20 20:12:28.161950   964  2088 V ActivityManager: startService: Intent { cmp=com.android.providers.media/.MediaScannerService (has extras) } callerApp=ProcessRecord{166e651 22060:android.process.media/u0a7}
04-20 20:12:28.162262 22060 22060 D ActivityThread: SVC-Destroying service: com.android.providers.media.MediaScannerService@24850d9
04-20 20:12:28.163378   964  2088 V ActivityManager: >>> EXECUTING create of ServiceRecord{72d5024 u0 com.android.providers.media/.MediaScannerService} in app ProcessRecord{166e651 22060:android.process.media/u0a7}
04-20 20:12:28.165689   964  2088 V ActivityManager: AMS Creating service ServiceRecord{72d5024 u0 com.android.providers.media/.MediaScannerService}
04-20 20:12:28.166619   964  2088 V ActivityManager: Sending arguments to: ServiceRecord{72d5024 u0 com.android.providers.media/.MediaScannerService} android.content.Intent$FilterComparison@5e49f425 args=Intent { cmp=com.android.providers.media/.MediaScannerService (has extras) }
04-20 20:12:28.166793   964  2088 V ActivityManager: >>> EXECUTING start of ServiceRecord{72d5024 u0 com.android.providers.media/.MediaScannerService} in app ProcessRecord{166e651 22060:android.process.media/u0a7}
04-20 20:12:28.167366   964  2088 D ActivityManager: SVC-Sent arguments: ServiceRecord{72d5024 u0 com.android.providers.media/.MediaScannerService}, app=ProcessRecord{166e651 22060:android.process.media/u0a7}, args=Intent { cmp=com.android.providers.media/.MediaScannerService (has extras) }, flags=0
04-20 20:12:28.168665 22060 22060 D ActivityThread: SVC-STOP_SERVICE handled : 0 / android.os.BinderProxy@7bf20
04-20 20:12:28.168809   964   975 D ActivityManager: SVC-Executing service done: ServiceRecord{bca6ede u0 com.android.providers.media/.MediaScannerService}, type=2, startId=0, res=0
04-20 20:12:28.168980   964   975 V ActivityManager: <<< DONE EXECUTING ServiceRecord{bca6ede u0 com.android.providers.media/.MediaScannerService}: nesting=1, inDestroying=true, app=ProcessRecord{166e651 22060:android.process.media/u0a7}
04-20 20:12:28.169585 22060 22060 D ActivityThread: SVC-Creating service: CreateServiceData{token=android.os.BinderProxy@25e59e4 className=com.android.providers.media.MediaScannerService packageName=com.android.providers.media intent=null}
04-20 20:12:28.186688 22060 22060 D ActivityThread: SVC-CREATE_SERVICE handled : 0 / CreateServiceData{token=android.os.BinderProxy@25e59e4 className=com.android.providers.media.MediaScannerService packageName=com.android.providers.media intent=null}
04-20 20:12:28.186941   964  2089 D ActivityManager: SVC-Executing service done: ServiceRecord{72d5024 u0 com.android.providers.media/.MediaScannerService}, type=0, startId=0, res=0
04-20 20:12:28.187197   964  2089 V ActivityManager: <<< DONE EXECUTING ServiceRecord{72d5024 u0 com.android.providers.media/.MediaScannerService}: nesting=2, inDestroying=false, app=ProcessRecord{166e651 22060:android.process.media/u0a7}
04-20 20:12:28.187954 22060 22060 D ActivityThread: SVC-Calling onStartCommand: com.android.providers.media.MediaScannerService@be7ee4d, flags=0, startId=1
04-20 20:12:28.295663 22060 22060 D ActivityThread: SVC-SERVICE_ARGS handled : 0 / ServiceArgsData{token=android.os.BinderProxy@25e59e4 startId=1 args=Intent { cmp=com.android.providers.media/.MediaScannerService (has extras) }}
04-20 20:12:28.295801   964  8872 D ActivityManager: SVC-Executing service done: ServiceRecord{72d5024 u0 com.android.providers.media/.MediaScannerService}, type=1, startId=1, res=3
04-20 20:12:28.295995   964  8872 V ActivityManager: <<< DONE EXECUTING ServiceRecord{72d5024 u0 com.android.providers.media/.MediaScannerService}: nesting=1, inDestroying=false, app=ProcessRecord{166e651 22060:android.process.media/u0a7}
04-20 20:12:28.396107   964  1670 V ActivityManager: >>> EXECUTING destroy of ServiceRecord{72d5024 u0 com.android.providers.media/.MediaScannerService} in app ProcessRecord{166e651 22060:android.process.media/u0a7}
04-20 20:12:28.397308   964  2088 V ActivityManager: startService: Intent { cmp=com.android.providers.media/.MediaScannerService (has extras) } callerApp=ProcessRecord{166e651 22060:android.process.media/u0a7}
04-20 20:12:28.397390 22060 22060 D ActivityThread: SVC-Destroying service: com.android.providers.media.MediaScannerService@be7ee4d
04-20 20:12:28.398707   964  2088 V ActivityManager: >>> EXECUTING create of ServiceRecord{4014a90 u0 com.android.providers.media/.MediaScannerService} in app ProcessRecord{166e651 22060:android.process.media/u0a7}
04-20 20:12:28.400865   964  2088 V ActivityManager: AMS Creating service ServiceRecord{4014a90 u0 com.android.providers.media/.MediaScannerService}
04-20 20:12:28.401783   964  2088 V ActivityManager: Sending arguments to: ServiceRecord{4014a90 u0 com.android.providers.media/.MediaScannerService} android.content.Intent$FilterComparison@5e49f425 args=Intent { cmp=com.android.providers.media/.MediaScannerService (has extras) }
04-20 20:12:28.401966   964  2088 V ActivityManager: >>> EXECUTING start of ServiceRecord{4014a90 u0 com.android.providers.media/.MediaScannerService} in app ProcessRecord{166e651 22060:android.process.media/u0a7}
04-20 20:12:28.402551   964  2088 D ActivityManager: SVC-Sent arguments: ServiceRecord{4014a90 u0 com.android.providers.media/.MediaScannerService}, app=ProcessRecord{166e651 22060:android.process.media/u0a7}, args=Intent { cmp=com.android.providers.media/.MediaScannerService (has extras) }, flags=0
04-20 20:12:28.403838 22060 22060 D ActivityThread: SVC-STOP_SERVICE handled : 0 / android.os.BinderProxy@25e59e4
04-20 20:12:28.404079   964   975 D ActivityManager: SVC-Executing service done: ServiceRecord{72d5024 u0 com.android.providers.media/.MediaScannerService}, type=2, startId=0, res=0
04-20 20:12:28.404268   964   975 V ActivityManager: <<< DONE EXECUTING ServiceRecord{72d5024 u0 com.android.providers.media/.MediaScannerService}: nesting=1, inDestroying=true, app=ProcessRecord{166e651 22060:android.process.media/u0a7}
04-20 20:12:28.404588 22060 22060 D ActivityThread: SVC-Creating service: CreateServiceData{token=android.os.BinderProxy@ce5448b className=com.android.providers.media.MediaScannerService packageName=com.android.providers.media intent=null}
04-20 20:12:28.420768 22060 22060 D ActivityThread: SVC-CREATE_SERVICE handled : 0 / CreateServiceData{token=android.os.BinderProxy@ce5448b className=com.android.providers.media.MediaScannerService packageName=com.android.providers.media intent=null}
04-20 20:12:28.421410   964  2089 D ActivityManager: SVC-Executing service done: ServiceRecord{4014a90 u0 com.android.providers.media/.MediaScannerService}, type=0, startId=0, res=0
04-20 20:12:28.421606   964  2089 V ActivityManager: <<< DONE EXECUTING ServiceRecord{4014a90 u0 com.android.providers.media/.MediaScannerService}: nesting=2, inDestroying=false, app=ProcessRecord{166e651 22060:android.process.media/u0a7}
04-20 20:12:28.422363 22060 22060 D ActivityThread: SVC-Calling onStartCommand: com.android.providers.media.MediaScannerService@702b968, flags=0, startId=1
04-20 20:12:28.530662 22060 22060 D ActivityThread: SVC-SERVICE_ARGS handled : 0 / ServiceArgsData{token=android.os.BinderProxy@ce5448b startId=1 args=Intent { cmp=com.android.providers.media/.MediaScannerService (has extras) }}
04-20 20:12:28.530938   964  1582 D ActivityManager: SVC-Executing service done: ServiceRecord{4014a90 u0 com.android.providers.media/.MediaScannerService}, type=1, startId=1, res=3
04-20 20:12:28.531114   964  1582 V ActivityManager: <<< DONE EXECUTING ServiceRecord{4014a90 u0 com.android.providers.media/.MediaScannerService}: nesting=1, inDestroying=false, app=ProcessRecord{166e651 22060:android.process.media/u0a7}
04-20 20:12:28.635950   964  2088 V ActivityManager: >>> EXECUTING destroy of ServiceRecord{4014a90 u0 com.android.providers.media/.MediaScannerService} in app ProcessRecord{166e651 22060:android.process.media/u0a7}
04-20 20:12:28.637637   964   975 V ActivityManager: startService: Intent { cmp=com.android.providers.media/.MediaScannerService (has extras) } callerApp=ProcessRecord{166e651 22060:android.process.media/u0a7}
04-20 20:12:28.638994   964   975 V ActivityManager: >>> EXECUTING create of ServiceRecord{dd87fbc u0 com.android.providers.media/.MediaScannerService} in app ProcessRecord{166e651 22060:android.process.media/u0a7}
04-20 20:12:28.640936   964   975 V ActivityManager: AMS Creating service ServiceRecord{dd87fbc u0 com.android.providers.media/.MediaScannerService}
04-20 20:12:28.641815   964   975 V ActivityManager: Sending arguments to: ServiceRecord{dd87fbc u0 com.android.providers.media/.MediaScannerService} android.content.Intent$FilterComparison@5e49f425 args=Intent { cmp=com.android.providers.media/.MediaScannerService (has extras) }
04-20 20:12:28.641998   964   975 V ActivityManager: >>> EXECUTING start of ServiceRecord{dd87fbc u0 com.android.providers.media/.MediaScannerService} in app ProcessRecord{166e651 22060:android.process.media/u0a7}
04-20 20:12:28.642567   964   975 D ActivityManager: SVC-Sent arguments: ServiceRecord{dd87fbc u0 com.android.providers.media/.MediaScannerService}, app=ProcessRecord{166e651 22060:android.process.media/u0a7}, args=Intent { cmp=com.android.providers.media/.MediaScannerService (has extras) }, flags=0
04-20 20:12:28.643253 22060 22060 D ActivityThread: SVC-Destroying service: com.android.providers.media.MediaScannerService@702b968
04-20 20:12:28.645867 22060 22060 D ActivityThread: SVC-STOP_SERVICE handled : 0 / android.os.BinderProxy@ce5448b
04-20 20:12:28.646002   964  1927 D ActivityManager: SVC-Executing service done: ServiceRecord{4014a90 u0 com.android.providers.media/.MediaScannerService}, type=2, startId=0, res=0
04-20 20:12:28.646162   964  1927 V ActivityManager: <<< DONE EXECUTING ServiceRecord{4014a90 u0 com.android.providers.media/.MediaScannerService}: nesting=1, inDestroying=true, app=ProcessRecord{166e651 22060:android.process.media/u0a7}
04-20 20:12:28.646563 22060 22060 D ActivityThread: SVC-Creating service: CreateServiceData{token=android.os.BinderProxy@c3dffe className=com.android.providers.media.MediaScannerService packageName=com.android.providers.media intent=null}
04-20 20:12:28.661261   964   979 D ActivityManager: SVC-Executing service done: ServiceRecord{dd87fbc u0 com.android.providers.media/.MediaScannerService}, type=0, startId=0, res=0
04-20 20:12:28.661436   964   979 V ActivityManager: <<< DONE EXECUTING ServiceRecord{dd87fbc u0 com.android.providers.media/.MediaScannerService}: nesting=2, inDestroying=false, app=ProcessRecord{166e651 22060:android.process.media/u0a7}
04-20 20:12:28.661826 22060 22060 D ActivityThread: SVC-CREATE_SERVICE handled : 0 / CreateServiceData{token=android.os.BinderProxy@c3dffe className=com.android.providers.media.MediaScannerService packageName=com.android.providers.media intent=null}
04-20 20:12:28.662662 22060 22060 D ActivityThread: SVC-Calling onStartCommand: com.android.providers.media.MediaScannerService@e19f35f, flags=0, startId=1
04-20 20:12:28.770418 22060 22060 D ActivityThread: SVC-SERVICE_ARGS handled : 0 / ServiceArgsData{token=android.os.BinderProxy@c3dffe startId=1 args=Intent { cmp=com.android.providers.media/.MediaScannerService (has extras) }}
04-20 20:12:28.770567   964  8872 D ActivityManager: SVC-Executing service done: ServiceRecord{dd87fbc u0 com.android.providers.media/.MediaScannerService}, type=1, startId=1, res=3
04-20 20:12:28.770733   964  8872 V ActivityManager: <<< DONE EXECUTING ServiceRecord{dd87fbc u0 com.android.providers.media/.MediaScannerService}: nesting=1, inDestroying=false, app=ProcessRecord{166e651 22060:android.process.media/u0a7}
04-20 20:12:28.880264   964  1843 V ActivityManager: >>> EXECUTING destroy of ServiceRecord{dd87fbc u0 com.android.providers.media/.MediaScannerService} in app ProcessRecord{166e651 22060:android.process.media/u0a7}
04-20 20:12:28.882671 22060 22060 D ActivityThread: SVC-Destroying service: com.android.providers.media.MediaScannerService@e19f35f
04-20 20:12:28.882683   964  1927 V ActivityManager: startService: Intent { cmp=com.android.providers.media/.MediaScannerService (has extras) } callerApp=ProcessRecord{166e651 22060:android.process.media/u0a7}
04-20 20:12:28.884686   964  1927 V ActivityManager: >>> EXECUTING create of ServiceRecord{f8bdba8 u0 com.android.providers.media/.MediaScannerService} in app ProcessRecord{166e651 22060:android.process.media/u0a7}
04-20 20:12:28.887270   964  1927 V ActivityManager: AMS Creating service ServiceRecord{f8bdba8 u0 com.android.providers.media/.MediaScannerService}
04-20 20:12:28.888620   964  1927 V ActivityManager: Sending arguments to: ServiceRecord{f8bdba8 u0 com.android.providers.media/.MediaScannerService} android.content.Intent$FilterComparison@5e49f425 args=Intent { cmp=com.android.providers.media/.MediaScannerService (has extras) }
04-20 20:12:28.888847   964  1927 V ActivityManager: >>> EXECUTING start of ServiceRecord{f8bdba8 u0 com.android.providers.media/.MediaScannerService} in app ProcessRecord{166e651 22060:android.process.media/u0a7}
04-20 20:12:28.889540   964  1927 D ActivityManager: SVC-Sent arguments: ServiceRecord{f8bdba8 u0 com.android.providers.media/.MediaScannerService}, app=ProcessRecord{166e651 22060:android.process.media/u0a7}, args=Intent { cmp=com.android.providers.media/.MediaScannerService (has extras) }, flags=0
04-20 20:12:28.891500   964  2089 D ActivityManager: SVC-Executing service done: ServiceRecord{dd87fbc u0 com.android.providers.media/.MediaScannerService}, type=2, startId=0, res=0
04-20 20:12:28.891741   964  2089 V ActivityManager: <<< DONE EXECUTING ServiceRecord{dd87fbc u0 com.android.providers.media/.MediaScannerService}: nesting=1, inDestroying=true, app=ProcessRecord{166e651 22060:android.process.media/u0a7}
04-20 20:12:28.892482 22060 22060 D ActivityThread: SVC-STOP_SERVICE handled : 0 / android.os.BinderProxy@c3dffe
04-20 20:12:28.893281 22060 22060 D ActivityThread: SVC-Creating service: CreateServiceData{token=android.os.BinderProxy@37e972d className=com.android.providers.media.MediaScannerService packageName=com.android.providers.media intent=null}
04-20 20:12:28.908700 22060 22060 D ActivityThread: SVC-CREATE_SERVICE handled : 0 / CreateServiceData{token=android.os.BinderProxy@37e972d className=com.android.providers.media.MediaScannerService packageName=com.android.providers.media intent=null}
04-20 20:12:28.908894   964  1663 D ActivityManager: SVC-Executing service done: ServiceRecord{f8bdba8 u0 com.android.providers.media/.MediaScannerService}, type=0, startId=0, res=0
04-20 20:12:28.909068   964  1663 V ActivityManager: <<< DONE EXECUTING ServiceRecord{f8bdba8 u0 com.android.providers.media/.MediaScannerService}: nesting=2, inDestroying=false, app=ProcessRecord{166e651 22060:android.process.media/u0a7}
04-20 20:12:28.909628 22060 22060 D ActivityThread: SVC-Calling onStartCommand: com.android.providers.media.MediaScannerService@8c44462, flags=0, startId=1
04-20 20:12:29.017846   964  1582 D ActivityManager: SVC-Executing service done: ServiceRecord{f8bdba8 u0 com.android.providers.media/.MediaScannerService}, type=1, startId=1, res=3
04-20 20:12:29.018112   964  1582 V ActivityManager: <<< DONE EXECUTING ServiceRecord{f8bdba8 u0 com.android.providers.media/.MediaScannerService}: nesting=1, inDestroying=false, app=ProcessRecord{166e651 22060:android.process.media/u0a7}
04-20 20:12:29.019336 22060 22060 D ActivityThread: SVC-SERVICE_ARGS handled : 0 / ServiceArgsData{token=android.os.BinderProxy@37e972d startId=1 args=Intent { cmp=com.android.providers.media/.MediaScannerService (has extras) }}
04-20 20:12:29.126069   964  1927 V ActivityManager: >>> EXECUTING destroy of ServiceRecord{f8bdba8 u0 com.android.providers.media/.MediaScannerService} in app ProcessRecord{166e651 22060:android.process.media/u0a7}
04-20 20:12:29.127463   964   976 V ActivityManager: startService: Intent { cmp=com.android.providers.media/.MediaScannerService (has extras) } callerApp=ProcessRecord{166e651 22060:android.process.media/u0a7}
04-20 20:12:29.128057 22060 22060 D ActivityThread: SVC-Destroying service: com.android.providers.media.MediaScannerService@8c44462
04-20 20:12:29.128859   964   976 V ActivityManager: >>> EXECUTING create of ServiceRecord{6970a54 u0 com.android.providers.media/.MediaScannerService} in app ProcessRecord{166e651 22060:android.process.media/u0a7}
04-20 20:12:29.130919   964   976 V ActivityManager: AMS Creating service ServiceRecord{6970a54 u0 com.android.providers.media/.MediaScannerService}
04-20 20:12:29.131879   964   976 V ActivityManager: Sending arguments to: ServiceRecord{6970a54 u0 com.android.providers.media/.MediaScannerService} android.content.Intent$FilterComparison@5e49f425 args=Intent { cmp=com.android.providers.media/.MediaScannerService (has extras) }
04-20 20:12:29.132208   964   976 V ActivityManager: >>> EXECUTING start of ServiceRecord{6970a54 u0 com.android.providers.media/.MediaScannerService} in app ProcessRecord{166e651 22060:android.process.media/u0a7}
04-20 20:12:29.133042   964   976 D ActivityManager: SVC-Sent arguments: ServiceRecord{6970a54 u0 com.android.providers.media/.MediaScannerService}, app=ProcessRecord{166e651 22060:android.process.media/u0a7}, args=Intent { cmp=com.android.providers.media/.MediaScannerService (has extras) }, flags=0
04-20 20:12:29.134698 22060 22060 D ActivityThread: SVC-STOP_SERVICE handled : 0 / android.os.BinderProxy@37e972d
04-20 20:12:29.134921   964  1652 D ActivityManager: SVC-Executing service done: ServiceRecord{f8bdba8 u0 com.android.providers.media/.MediaScannerService}, type=2, startId=0, res=0
04-20 20:12:29.135090   964  1652 V ActivityManager: <<< DONE EXECUTING ServiceRecord{f8bdba8 u0 com.android.providers.media/.MediaScannerService}: nesting=1, inDestroying=true, app=ProcessRecord{166e651 22060:android.process.media/u0a7}
04-20 20:12:29.135407 22060 22060 D ActivityThread: SVC-Creating service: CreateServiceData{token=android.os.BinderProxy@bb70bc8 className=com.android.providers.media.MediaScannerService packageName=com.android.providers.media intent=null}
04-20 20:12:29.149158   964  8872 D ActivityManager: SVC-Executing service done: ServiceRecord{6970a54 u0 com.android.providers.media/.MediaScannerService}, type=0, startId=0, res=0
04-20 20:12:29.149436   964  8872 V ActivityManager: <<< DONE EXECUTING ServiceRecord{6970a54 u0 com.android.providers.media/.MediaScannerService}: nesting=2, inDestroying=false, app=ProcessRecord{166e651 22060:android.process.media/u0a7}
04-20 20:12:29.151264 22060 22060 D ActivityThread: SVC-CREATE_SERVICE handled : 0 / CreateServiceData{token=android.os.BinderProxy@bb70bc8 className=com.android.providers.media.MediaScannerService packageName=com.android.providers.media intent=null}
04-20 20:12:29.152431 22060 22060 D ActivityThread: SVC-Calling onStartCommand: com.android.providers.media.MediaScannerService@7372461, flags=0, startId=1
04-20 20:12:29.278995   964  1162 D ActivityManager: SVC-Executing service done: ServiceRecord{6970a54 u0 com.android.providers.media/.MediaScannerService}, type=1, startId=1, res=3
04-20 20:12:29.279817   964  1162 V ActivityManager: <<< DONE EXECUTING ServiceRecord{6970a54 u0 com.android.providers.media/.MediaScannerService}: nesting=1, inDestroying=false, app=ProcessRecord{166e651 22060:android.process.media/u0a7}
04-20 20:12:29.282850 22060 22060 D ActivityThread: SVC-SERVICE_ARGS handled : 0 / ServiceArgsData{token=android.os.BinderProxy@bb70bc8 startId=1 args=Intent { cmp=com.android.providers.media/.MediaScannerService (has extras) }}
04-20 20:12:29.536006   964  1927 V ActivityManager: >>> EXECUTING destroy of ServiceRecord{6970a54 u0 com.android.providers.media/.MediaScannerService} in app ProcessRecord{166e651 22060:android.process.media/u0a7}
04-20 20:12:29.539367   964  1652 V ActivityManager: startService: Intent { cmp=com.android.providers.media/.MediaScannerService (has extras) } callerApp=ProcessRecord{166e651 22060:android.process.media/u0a7}
04-20 20:12:29.539811 22060 22060 D ActivityThread: SVC-Destroying service: com.android.providers.media.MediaScannerService@7372461
04-20 20:12:29.541409   964  1652 V ActivityManager: >>> EXECUTING create of ServiceRecord{a8477c0 u0 com.android.providers.media/.MediaScannerService} in app ProcessRecord{166e651 22060:android.process.media/u0a7}
04-20 20:12:29.544886   964  1652 V ActivityManager: AMS Creating service ServiceRecord{a8477c0 u0 com.android.providers.media/.MediaScannerService}
04-20 20:12:29.546172   964  1652 V ActivityManager: Sending arguments to: ServiceRecord{a8477c0 u0 com.android.providers.media/.MediaScannerService} android.content.Intent$FilterComparison@5e49f425 args=Intent { cmp=com.android.providers.media/.MediaScannerService (has extras) }
04-20 20:12:29.546442   964  1652 V ActivityManager: >>> EXECUTING start of ServiceRecord{a8477c0 u0 com.android.providers.media/.MediaScannerService} in app ProcessRecord{166e651 22060:android.process.media/u0a7}
04-20 20:12:29.547270   964  1652 D ActivityManager: SVC-Sent arguments: ServiceRecord{a8477c0 u0 com.android.providers.media/.MediaScannerService}, app=ProcessRecord{166e651 22060:android.process.media/u0a7}, args=Intent { cmp=com.android.providers.media/.MediaScannerService (has extras) }, flags=0
04-20 20:12:29.549324   964  1663 D ActivityManager: SVC-Executing service done: ServiceRecord{6970a54 u0 com.android.providers.media/.MediaScannerService}, type=2, startId=0, res=0
04-20 20:12:29.549622   964  1663 V ActivityManager: <<< DONE EXECUTING ServiceRecord{6970a54 u0 com.android.providers.media/.MediaScannerService}: nesting=1, inDestroying=true, app=ProcessRecord{166e651 22060:android.process.media/u0a7}
04-20 20:12:29.550700 22060 22060 D ActivityThread: SVC-STOP_SERVICE handled : 0 / android.os.BinderProxy@bb70bc8
04-20 20:12:29.551734 22060 22060 D ActivityThread: SVC-Creating service: CreateServiceData{token=android.os.BinderProxy@6548d3f className=com.android.providers.media.MediaScannerService packageName=com.android.providers.media intent=null}
04-20 20:12:29.568644   964  2089 V ActivityManager: Broadcast sticky: Intent { act=android.intent.action.SIG_STR flg=0x20000010 (has extras) } ordered=false userid=-1 callerApp=ProcessRecord{7b8ebd8 964:system/1000}
04-20 20:12:29.578154   964  1844 D ActivityManager: SVC-Executing service done: ServiceRecord{a8477c0 u0 com.android.providers.media/.MediaScannerService}, type=0, startId=0, res=0
04-20 20:12:29.578339   964  1844 V ActivityManager: <<< DONE EXECUTING ServiceRecord{a8477c0 u0 com.android.providers.media/.MediaScannerService}: nesting=2, inDestroying=false, app=ProcessRecord{166e651 22060:android.process.media/u0a7}
04-20 20:12:29.578759 22060 22060 D ActivityThread: SVC-CREATE_SERVICE handled : 0 / CreateServiceData{token=android.os.BinderProxy@6548d3f className=com.android.providers.media.MediaScannerService packageName=com.android.providers.media intent=null}
04-20 20:12:29.579597 22060 22060 D ActivityThread: SVC-Calling onStartCommand: com.android.providers.media.MediaScannerService@2c3860c, flags=0, startId=1
04-20 20:12:29.698466   964  1582 D ActivityManager: SVC-Executing service done: ServiceRecord{a8477c0 u0 com.android.providers.media/.MediaScannerService}, type=1, startId=1, res=3
04-20 20:12:29.699275   964  1582 V ActivityManager: <<< DONE EXECUTING ServiceRecord{a8477c0 u0 com.android.providers.media/.MediaScannerService}: nesting=1, inDestroying=false, app=ProcessRecord{166e651 22060:android.process.media/u0a7}
04-20 20:12:29.703744 22060 22060 D ActivityThread: SVC-SERVICE_ARGS handled : 0 / ServiceArgsData{token=android.os.BinderProxy@6548d3f startId=1 args=Intent { cmp=com.android.providers.media/.MediaScannerService (has extras) }}
04-20 20:12:29.851789   964  8872 V ActivityManager: >>> EXECUTING destroy of ServiceRecord{a8477c0 u0 com.android.providers.media/.MediaScannerService} in app ProcessRecord{166e651 22060:android.process.media/u0a7}
04-20 20:12:29.854977   964  2089 V ActivityManager: startService: Intent { cmp=com.android.providers.media/.MediaScannerService (has extras) } callerApp=ProcessRecord{166e651 22060:android.process.media/u0a7}
04-20 20:12:29.855481 22060 22060 D ActivityThread: SVC-Destroying service: com.android.providers.media.MediaScannerService@2c3860c
04-20 20:12:29.856413   964  2089 V ActivityManager: >>> EXECUTING create of ServiceRecord{f194fec u0 com.android.providers.media/.MediaScannerService} in app ProcessRecord{166e651 22060:android.process.media/u0a7}
04-20 20:12:29.858443   964  2089 V ActivityManager: AMS Creating service ServiceRecord{f194fec u0 com.android.providers.media/.MediaScannerService}
04-20 20:12:29.859321   964  2089 V ActivityManager: Sending arguments to: ServiceRecord{f194fec u0 com.android.providers.media/.MediaScannerService} android.content.Intent$FilterComparison@5e49f425 args=Intent { cmp=com.android.providers.media/.MediaScannerService (has extras) }
04-20 20:12:29.859507   964  2089 V ActivityManager: >>> EXECUTING start of ServiceRecord{f194fec u0 com.android.providers.media/.MediaScannerService} in app ProcessRecord{166e651 22060:android.process.media/u0a7}
04-20 20:12:29.860209   964  2089 D ActivityManager: SVC-Sent arguments: ServiceRecord{f194fec u0 com.android.providers.media/.MediaScannerService}, app=ProcessRecord{166e651 22060:android.process.media/u0a7}, args=Intent { cmp=com.android.providers.media/.MediaScannerService (has extras) }, flags=0
04-20 20:12:29.861919 22060 22060 D ActivityThread: SVC-STOP_SERVICE handled : 0 / android.os.BinderProxy@6548d3f
04-20 20:12:29.862063   964  1670 D ActivityManager: SVC-Executing service done: ServiceRecord{a8477c0 u0 com.android.providers.media/.MediaScannerService}, type=2, startId=0, res=0
04-20 20:12:29.862225   964  1670 V ActivityManager: <<< DONE EXECUTING ServiceRecord{a8477c0 u0 com.android.providers.media/.MediaScannerService}: nesting=1, inDestroying=true, app=ProcessRecord{166e651 22060:android.process.media/u0a7}
04-20 20:12:29.862617 22060 22060 D ActivityThread: SVC-Creating service: CreateServiceData{token=android.os.BinderProxy@4059bc2 className=com.android.providers.media.MediaScannerService packageName=com.android.providers.media intent=null}
04-20 20:12:29.877152   964  1843 D ActivityManager: SVC-Executing service done: ServiceRecord{f194fec u0 com.android.providers.media/.MediaScannerService}, type=0, startId=0, res=0
04-20 20:12:29.877321   964  1843 V ActivityManager: <<< DONE EXECUTING ServiceRecord{f194fec u0 com.android.providers.media/.MediaScannerService}: nesting=2, inDestroying=false, app=ProcessRecord{166e651 22060:android.process.media/u0a7}
04-20 20:12:29.877707 22060 22060 D ActivityThread: SVC-CREATE_SERVICE handled : 0 / CreateServiceData{token=android.os.BinderProxy@4059bc2 className=com.android.providers.media.MediaScannerService packageName=com.android.providers.media intent=null}
04-20 20:12:29.878494 22060 22060 D ActivityThread: SVC-Calling onStartCommand: com.android.providers.media.MediaScannerService@5e49dd3, flags=0, startId=1
04-20 20:12:29.986381   964  1582 D ActivityManager: SVC-Executing service done: ServiceRecord{f194fec u0 com.android.providers.media/.MediaScannerService}, type=1, startId=1, res=3
04-20 20:12:29.986628   964  1582 V ActivityManager: <<< DONE EXECUTING ServiceRecord{f194fec u0 com.android.providers.media/.MediaScannerService}: nesting=1, inDestroying=false, app=ProcessRecord{166e651 22060:android.process.media/u0a7}
04-20 20:12:29.987647 22060 22060 D ActivityThread: SVC-SERVICE_ARGS handled : 0 / ServiceArgsData{token=android.os.BinderProxy@4059bc2 startId=1 args=Intent { cmp=com.android.providers.media/.MediaScannerService (has extras) }}
04-20 20:12:30.085798   964  8872 V ActivityManager: >>> EXECUTING destroy of ServiceRecord{f194fec u0 com.android.providers.media/.MediaScannerService} in app ProcessRecord{166e651 22060:android.process.media/u0a7}
04-20 20:12:30.087273 22060 22060 D ActivityThread: SVC-Destroying service: com.android.providers.media.MediaScannerService@5e49dd3
04-20 20:12:30.088876   964   979 V ActivityManager: startService: Intent { cmp=com.android.providers.media/.MediaScannerService (has extras) } callerApp=ProcessRecord{166e651 22060:android.process.media/u0a7}
04-20 20:12:30.090353   964   979 V ActivityManager: >>> EXECUTING create of ServiceRecord{d417ed8 u0 com.android.providers.media/.MediaScannerService} in app ProcessRecord{166e651 22060:android.process.media/u0a7}
04-20 20:12:30.092840   964   979 V ActivityManager: AMS Creating service ServiceRecord{d417ed8 u0 com.android.providers.media/.MediaScannerService}
04-20 20:12:30.094001   964   979 V ActivityManager: Sending arguments to: ServiceRecord{d417ed8 u0 com.android.providers.media/.MediaScannerService} android.content.Intent$FilterComparison@5e49f425 args=Intent { cmp=com.android.providers.media/.MediaScannerService (has extras) }
04-20 20:12:30.094206   964   979 V ActivityManager: >>> EXECUTING start of ServiceRecord{d417ed8 u0 com.android.providers.media/.MediaScannerService} in app ProcessRecord{166e651 22060:android.process.media/u0a7}
04-20 20:12:30.094824   964   979 D ActivityManager: SVC-Sent arguments: ServiceRecord{d417ed8 u0 com.android.providers.media/.MediaScannerService}, app=ProcessRecord{166e651 22060:android.process.media/u0a7}, args=Intent { cmp=com.android.providers.media/.MediaScannerService (has extras) }, flags=0
04-20 20:12:30.096799   964  2089 D ActivityManager: SVC-Executing service done: ServiceRecord{f194fec u0 com.android.providers.media/.MediaScannerService}, type=2, startId=0, res=0
04-20 20:12:30.097033   964  2089 V ActivityManager: <<< DONE EXECUTING ServiceRecord{f194fec u0 com.android.providers.media/.MediaScannerService}: nesting=1, inDestroying=true, app=ProcessRecord{166e651 22060:android.process.media/u0a7}
04-20 20:12:30.097948 22060 22060 D ActivityThread: SVC-STOP_SERVICE handled : 0 / android.os.BinderProxy@4059bc2
04-20 20:12:30.098678 22060 22060 D ActivityThread: SVC-Creating service: CreateServiceData{token=android.os.BinderProxy@a3a6741 className=com.android.providers.media.MediaScannerService packageName=com.android.providers.media intent=null}
04-20 20:12:30.114361 22060 22060 D ActivityThread: SVC-CREATE_SERVICE handled : 0 / CreateServiceData{token=android.os.BinderProxy@a3a6741 className=com.android.providers.media.MediaScannerService packageName=com.android.providers.media intent=null}
04-20 20:12:30.114547   964  1843 D ActivityManager: SVC-Executing service done: ServiceRecord{d417ed8 u0 com.android.providers.media/.MediaScannerService}, type=0, startId=0, res=0
04-20 20:12:30.114721   964  1843 V ActivityManager: <<< DONE EXECUTING ServiceRecord{d417ed8 u0 com.android.providers.media/.MediaScannerService}: nesting=2, inDestroying=false, app=ProcessRecord{166e651 22060:android.process.media/u0a7}
04-20 20:12:30.115224 22060 22060 D ActivityThread: SVC-Calling onStartCommand: com.android.providers.media.MediaScannerService@399f4e6, flags=0, startId=1
04-20 20:12:30.223124 22060 22060 D ActivityThread: SVC-SERVICE_ARGS handled : 0 / ServiceArgsData{token=android.os.BinderProxy@a3a6741 startId=1 args=Intent { cmp=com.android.providers.media/.MediaScannerService (has extras) }}
04-20 20:12:30.223333   964  1582 D ActivityManager: SVC-Executing service done: ServiceRecord{d417ed8 u0 com.android.providers.media/.MediaScannerService}, type=1, startId=1, res=3
04-20 20:12:30.223618   964  1582 V ActivityManager: <<< DONE EXECUTING ServiceRecord{d417ed8 u0 com.android.providers.media/.MediaScannerService}: nesting=1, inDestroying=false, app=ProcessRecord{166e651 22060:android.process.media/u0a7}
04-20 20:12:30.458652   964  8872 V ActivityManager: >>> EXECUTING destroy of ServiceRecord{d417ed8 u0 com.android.providers.media/.MediaScannerService} in app ProcessRecord{166e651 22060:android.process.media/u0a7}
04-20 20:12:30.461384   964   979 V ActivityManager: startService: Intent { cmp=com.android.providers.media/.MediaScannerService (has extras) } callerApp=ProcessRecord{166e651 22060:android.process.media/u0a7}
04-20 20:12:30.461943 22060 22060 D ActivityThread: SVC-Destroying service: com.android.providers.media.MediaScannerService@399f4e6
04-20 20:12:30.464904   964   979 V ActivityManager: >>> EXECUTING create of ServiceRecord{ebbb084 u0 com.android.providers.media/.MediaScannerService} in app ProcessRecord{166e651 22060:android.process.media/u0a7}
04-20 20:12:30.469294   964   979 V ActivityManager: AMS Creating service ServiceRecord{ebbb084 u0 com.android.providers.media/.MediaScannerService}
04-20 20:12:30.470983   964   979 V ActivityManager: Sending arguments to: ServiceRecord{ebbb084 u0 com.android.providers.media/.MediaScannerService} android.content.Intent$FilterComparison@5e49f425 args=Intent { cmp=com.android.providers.media/.MediaScannerService (has extras) }
04-20 20:12:30.471373   964   979 V ActivityManager: >>> EXECUTING start of ServiceRecord{ebbb084 u0 com.android.providers.media/.MediaScannerService} in app ProcessRecord{166e651 22060:android.process.media/u0a7}
04-20 20:12:30.472448   964   979 D ActivityManager: SVC-Sent arguments: ServiceRecord{ebbb084 u0 com.android.providers.media/.MediaScannerService}, app=ProcessRecord{166e651 22060:android.process.media/u0a7}, args=Intent { cmp=com.android.providers.media/.MediaScannerService (has extras) }, flags=0
04-20 20:12:30.476023   964  2089 D ActivityManager: SVC-Executing service done: ServiceRecord{d417ed8 u0 com.android.providers.media/.MediaScannerService}, type=2, startId=0, res=0
04-20 20:12:30.476326   964  2089 V ActivityManager: <<< DONE EXECUTING ServiceRecord{d417ed8 u0 com.android.providers.media/.MediaScannerService}: nesting=1, inDestroying=true, app=ProcessRecord{166e651 22060:android.process.media/u0a7}
04-20 20:12:30.476403 22060 22060 D ActivityThread: SVC-STOP_SERVICE handled : 0 / android.os.BinderProxy@a3a6741
04-20 20:12:30.477383 22060 22060 D ActivityThread: SVC-Creating service: CreateServiceData{token=android.os.BinderProxy@952fa6c className=com.android.providers.media.MediaScannerService packageName=com.android.providers.media intent=null}
04-20 20:12:30.496971 22060 22060 D ActivityThread: SVC-CREATE_SERVICE handled : 0 / CreateServiceData{token=android.os.BinderProxy@952fa6c className=com.android.providers.media.MediaScannerService packageName=com.android.providers.media intent=null}
04-20 20:12:30.497195   964  1843 D ActivityManager: SVC-Executing service done: ServiceRecord{ebbb084 u0 com.android.providers.media/.MediaScannerService}, type=0, startId=0, res=0
04-20 20:12:30.497438   964  1843 V ActivityManager: <<< DONE EXECUTING ServiceRecord{ebbb084 u0 com.android.providers.media/.MediaScannerService}: nesting=2, inDestroying=false, app=ProcessRecord{166e651 22060:android.process.media/u0a7}
04-20 20:12:30.498350 22060 22060 D ActivityThread: SVC-Calling onStartCommand: com.android.providers.media.MediaScannerService@c29b835, flags=0, startId=1
04-20 20:12:30.557395   964  1006 D PowerManagerService: userActivityFromNative
04-20 20:12:30.557612   964  1006 D PowerManagerService: userActivityNoUpdateLocked: eventTime=34474332, event=2, flags=0x0, uid=1000
04-20 20:12:30.557796   964  1006 D PowerManagerNotifier: onUserActivity: event=2, uid=1000
04-20 20:12:30.558208   964  1006 D PowerManagerService: updateUserActivitySummaryLocked: mWakefulness=Awake, mUserActivitySummary=0x1, nextTimeout=34527332 (in 52998 ms)
04-20 20:12:30.558622   964  1006 D DisplayPowerController: requestPowerState: policy=BRIGHT, useProximitySensor=false, screenBrightness=102, screenAutoBrightnessAdjustment=0.0, brightnessSetByUser=true, useAutoBrightness=false, blockScreenOn=false, lowPowerMode=false, boostScreenBrightness=false, dozeScreenBrightness=-1, dozeScreenState=UNKNOWN, waitForNegativeProximity=false
04-20 20:12:30.558703   964  1006 I PowerManagerService: setBrightness mButtonLight 0.
04-20 20:12:30.558883   964  1006 D PowerManagerService: updateDisplayPowerStateLocked: mDisplayReady=true, policy=3, mWakefulness=1, mWakeLockSummary=0x0, mUserActivitySummary=0x1, mBootCompleted=true, mScreenBrightnessBoostInProgress=false
04-20 20:12:30.607338 22060 22060 D ActivityThread: SVC-SERVICE_ARGS handled : 0 / ServiceArgsData{token=android.os.BinderProxy@952fa6c startId=1 args=Intent { cmp=com.android.providers.media/.MediaScannerService (has extras) }}
04-20 20:12:30.607490   964  8871 D ActivityManager: SVC-Executing service done: ServiceRecord{ebbb084 u0 com.android.providers.media/.MediaScannerService}, type=1, startId=1, res=3
04-20 20:12:30.607664   964  8871 V ActivityManager: <<< DONE EXECUTING ServiceRecord{ebbb084 u0 com.android.providers.media/.MediaScannerService}: nesting=1, inDestroying=false, app=ProcessRecord{166e651 22060:android.process.media/u0a7}
04-20 20:12:30.721048   964  8872 V ActivityManager: >>> EXECUTING destroy of ServiceRecord{ebbb084 u0 com.android.providers.media/.MediaScannerService} in app ProcessRecord{166e651 22060:android.process.media/u0a7}
04-20 20:12:30.723852   964  1652 V ActivityManager: startService: Intent { cmp=com.android.providers.media/.MediaScannerService (has extras) } callerApp=ProcessRecord{166e651 22060:android.process.media/u0a7}
04-20 20:12:30.725255   964  1652 V ActivityManager: >>> EXECUTING create of ServiceRecord{88550f0 u0 com.android.providers.media/.MediaScannerService} in app ProcessRecord{166e651 22060:android.process.media/u0a7}
