04-20 20:12:26.452939   964  1844 D WindowManager: addWindowToListInOrderLocked: win=Window{a8106e8 u0 } Callers=com.android.server.wm.WindowManagerService.addWindow:2771 com.android.server.wm.Session.addToDisplay:171 android.view.IWindowSession$Stub.onTransact:124 com.android.server.wm.Session.onTransact:133 
04-20 20:12:26.453171   964  1844 V WindowManager: not Base app: Adding window Window{a8106e8 u0 } at 5 of 10
04-20 20:12:26.453397   964  1844 V WindowManager: Looking for focus: 9 = Window{fa8f8e8 u0 StatusBar}, flags=-2122055608, canReceive=false
04-20 20:12:26.453716   964  1844 V WindowManager: findFocusedWindow: Found new focus @ 5 = Window{a8106e8 u0 }
04-20 20:12:26.454333   964  1844 V WindowManager: Changing focus from Window{f04ebef u0 com.mediatek.mtklogger/com.mediatek.mtklogger.LogFolderListActivity} to Window{a8106e8 u0 } Callers=com.android.server.wm.WindowManagerService.addWindow:2811 com.android.server.wm.Session.addToDisplay:171 android.view.IWindowSession$Stub.onTransact:124 com.android.server.wm.Session.onTransact:133 
04-20 20:12:26.454618   964  1844 D WindowManager: Input focus has changed to Window{a8106e8 u0 }
04-20 20:12:26.456241   964   987 I WindowManager: Focus moving from Window{f04ebef u0 com.mediatek.mtklogger/com.mediatek.mtklogger.LogFolderListActivity} to Window{a8106e8 u0 }
04-20 20:12:26.456363   964   987 I WindowManager: Gaining focus: Window{a8106e8 u0 }
04-20 20:12:26.478190   964   975 V WindowManager: Looking for focus: 9 = Window{fa8f8e8 u0 StatusBar}, flags=-2122055608, canReceive=false
04-20 20:12:26.478439   964   975 V WindowManager: findFocusedWindow: Found new focus @ 5 = Window{a8106e8 u0 }
04-20 20:12:26.501769   964   979 I WindowStateAnimator:   CREATE SURFACE Surface(name=) IN SESSION android.view.SurfaceSession@396630d: pid=20174 format=-2 flags=0x4 / WindowStateAnimator{49869e7 }
04-20 20:12:26.502673   964   979 V WindowManager: Looking for focus: 9 = Window{fa8f8e8 u0 StatusBar}, flags=-2122055608, canReceive=false
04-20 20:12:26.502907   964   979 V WindowManager: findFocusedWindow: Found new focus @ 5 = Window{a8106e8 u0 }
04-20 20:12:26.552151   964   976 V WindowStateAnimator: finishDrawingLocked: mDrawState=COMMIT_DRAW_PENDING WindowStateAnimator{49869e7 } in Surface(name=)
04-20 20:12:26.567838   964   987 I WindowManager: Losing delayed focus: Window{f04ebef u0 com.mediatek.mtklogger/com.mediatek.mtklogger.LogFolderListActivity EXITING}
04-20 20:12:26.982602   964  1843 V WindowManager: Remove Window{a8106e8 u0 } client=5e580b, surface=Surface(name=) Callers=com.android.server.wm.WindowManagerService.removeWindow:2900 com.android.server.wm.Session.remove:190 android.view.IWindowSession$Stub.onTransact:242 com.android.server.wm.Session.onTransact:133 
04-20 20:12:26.985148   964  1843 V WindowManager: Looking for focus: 8 = Window{fa8f8e8 u0 StatusBar}, flags=-2122055608, canReceive=false
04-20 20:12:26.985437   964  1843 V WindowManager: findFocusedWindow: Found new focus @ 3 = Window{b70b21b u0 com.mediatek.mtklogger/com.mediatek.mtklogger.LogFolderListActivity}
04-20 20:12:26.986486   964  1843 V WindowManager: Changing focus from Window{a8106e8 u0  EXITING} to Window{b70b21b u0 com.mediatek.mtklogger/com.mediatek.mtklogger.LogFolderListActivity} Callers=com.android.server.wm.WindowManagerService.removeWindowLocked:2973 com.android.server.wm.WindowManagerService.removeWindow:2900 com.android.server.wm.Session.remove:190 android.view.IWindowSession$Stub.onTransact:242 
04-20 20:12:26.986959   964  1843 D WindowManager: Input focus has changed to Window{b70b21b u0 com.mediatek.mtklogger/com.mediatek.mtklogger.LogFolderListActivity}
04-20 20:12:26.992326   964   987 I WindowManager: Focus moving from Window{a8106e8 u0  EXITING} to Window{b70b21b u0 com.mediatek.mtklogger/com.mediatek.mtklogger.LogFolderListActivity}
04-20 20:12:26.992506   964   987 I WindowManager: Gaining focus: Window{b70b21b u0 com.mediatek.mtklogger/com.mediatek.mtklogger.LogFolderListActivity}
04-20 20:12:26.992822   964   987 I WindowManager: Losing focus: Window{a8106e8 u0  EXITING}
04-20 20:12:26.996872   964  1652 D ActivityManager: ACT-Finishing activity token=Token{6f5c2cc ActivityRecord{2aac4ff u0 com.mediatek.mtklogger/.LogFolderListActivity t102}}, result=0, data=null
04-20 20:12:26.997562   964  1652 D ActivityManager: ACT-AM_FINISH_ACTIVITY ActivityRecord{2aac4ff u0 com.mediatek.mtklogger/.LogFolderListActivity t102 f} task:TaskRecord{3814bf7 #102 A=com.mediatek.mtklogger U=0 sz=2} app-request
04-20 20:12:27.000174   964  1652 V WindowManager: Looking for focus: 8 = Window{fa8f8e8 u0 StatusBar}, flags=-2122055608, canReceive=false
04-20 20:12:27.000398   964  1652 V WindowManager: findFocusedWindow: Found new focus @ 3 = Window{b70b21b u0 com.mediatek.mtklogger/com.mediatek.mtklogger.LogFolderListActivity}
04-20 20:12:27.004794   964  1652 V WindowManager: Set focused app to: AppWindowToken{82e41e8 token=Token{b3cca64 ActivityRecord{6b55bf6 u0 com.mediatek.mtklogger/.MainActivity t102}}} old focus=AppWindowToken{dc64915 token=Token{6f5c2cc ActivityRecord{2aac4ff u0 com.mediatek.mtklogger/.LogFolderListActivity t102}}} moveFocusNow=true
04-20 20:12:27.006307   964  1652 V WindowManager: Looking for focus: 8 = Window{fa8f8e8 u0 StatusBar}, flags=-2122055608, canReceive=false
04-20 20:12:27.006608   964  1652 V WindowManager: findFocusedWindow: Found new focus @ 3 = Window{b70b21b u0 com.mediatek.mtklogger/com.mediatek.mtklogger.LogFolderListActivity}
04-20 20:12:27.008716   964  1652 V WindowManager: setAppVisibility(Token{6f5c2cc ActivityRecord{2aac4ff u0 com.mediatek.mtklogger/.LogFolderListActivity t102 f}}, visible=false): mNextAppTransition=TRANSIT_ACTIVITY_CLOSE hidden=false hiddenRequested=false Callers=com.android.server.am.ActivityStack.finishActivityLocked:3438 com.android.server.am.ActivityStack.requestFinishActivityLocked:3266 com.android.server.am.ActivityManagerService.finishActivity:4556 android.app.ActivityManagerNative.onTransact:356 com.android.server.am.ActivityManagerService.onTransact:2621 android.os.Binder.execTransact:458 
04-20 20:12:27.009611   964  1652 D ActivityManager: ACT-AM_PAUSE_ACTIVITY ActivityRecord{2aac4ff u0 com.mediatek.mtklogger/.LogFolderListActivity t102 f}
04-20 20:12:27.011288   964  1652 D PowerManagerService: acquireWakeLockInternal: lock=193877478, flags=0x1, tag="*launch*", ws=WorkSource{10056}, uid=1000, pid=964
04-20 20:12:27.011546   964  1652 D PowerManagerService: updateWakeLockSummaryLocked: mWakefulness=Awake, mWakeLockSummary=0x1
04-20 20:12:27.012130   964  1652 D PowerManagerService: updateUserActivitySummaryLocked: mWakefulness=Awake, mUserActivitySummary=0x1, nextTimeout=34523084 (in 52296 ms)
04-20 20:12:27.012554   964  1652 D DisplayPowerController: requestPowerState: policy=BRIGHT, useProximitySensor=false, screenBrightness=102, screenAutoBrightnessAdjustment=0.0, brightnessSetByUser=true, useAutoBrightness=false, blockScreenOn=false, lowPowerMode=false, boostScreenBrightness=false, dozeScreenBrightness=-1, dozeScreenState=UNKNOWN, waitForNegativeProximity=false
04-20 20:12:27.012656   964  1652 I PowerManagerService: setBrightness mButtonLight 0.
04-20 20:12:27.012878   964  1652 D PowerManagerService: updateDisplayPowerStateLocked: mDisplayReady=true, policy=3, mWakefulness=1, mWakeLockSummary=0x1, mUserActivitySummary=0x1, mBootCompleted=true, mScreenBrightnessBoostInProgress=false
04-20 20:12:27.013302   964  1652 D PowerManagerService: Acquiring suspend blocker "PowerManagerService.WakeLocks".
04-20 20:12:27.014880   964  1652 D PowerManagerNotifier: onWakeLockAcquired: flags=1, tag="*launch*", packageName=android, ownerUid=1000, ownerPid=964, workSource=WorkSource{10056}
04-20 20:12:27.036122   964  1844 V InputMethodManagerService: windowGainedFocus: android.os.BinderProxy@ee4206a controlFlags=#1 softInputMode=#10 windowFlags=#1810100
04-20 20:12:27.036760   964  1844 W InputMethodManagerService: Window already focused, ignoring focus gain of: com.android.internal.view.IInputMethodClient$Stub$Proxy@4d3a994 attribute=null, token = android.os.BinderProxy@2efb42a
04-20 20:12:27.038602 20174 20174 D ActivityThread: ACT-AM_ON_PAUSE_CALLED ActivityRecord{9434b82 token=android.os.BinderProxy@b34f293 {com.mediatek.mtklogger/com.mediatek.mtklogger.LogFolderListActivity}}
04-20 20:12:27.040160   964  1663 D ActivityManager: ACT-paused: token=Token{6f5c2cc ActivityRecord{2aac4ff u0 com.mediatek.mtklogger/.LogFolderListActivity t102 f}}, timeout=false
04-20 20:12:27.041903   964  1663 V WindowManager: setAppVisibility(Token{6f5c2cc ActivityRecord{2aac4ff u0 com.mediatek.mtklogger/.LogFolderListActivity t102 f}}, visible=false): mNextAppTransition=TRANSIT_ACTIVITY_CLOSE hidden=false hiddenRequested=true Callers=com.android.server.am.ActivityStack.resumeTopActivityInnerLocked:2139 com.android.server.am.ActivityStack.resumeTopActivityLocked:1816 com.android.server.am.ActivityStackSupervisor.resumeTopActivitiesLocked:3097 com.android.server.am.ActivityStack.completePauseLocked:1195 com.android.server.am.ActivityStack.activityPausedLocked:1061 com.android.server.am.ActivityManagerService.activityPaused:7208 
04-20 20:12:27.043083   964  1663 V WindowManager: setAppVisibility(Token{b3cca64 ActivityRecord{6b55bf6 u0 com.mediatek.mtklogger/.MainActivity t102}}, visible=true): mNextAppTransition=TRANSIT_ACTIVITY_CLOSE hidden=true hiddenRequested=true Callers=com.android.server.am.ActivityStack.resumeTopActivityInnerLocked:2195 com.android.server.am.ActivityStack.resumeTopActivityLocked:1816 com.android.server.am.ActivityStackSupervisor.resumeTopActivitiesLocked:3097 com.android.server.am.ActivityStack.completePauseLocked:1195 com.android.server.am.ActivityStack.activityPausedLocked:1061 com.android.server.am.ActivityManagerService.activityPaused:7208 
04-20 20:12:27.049660   964  1663 D ActivityManager: ACT-AM_RESUME_ACTIVITY ActivityRecord{6b55bf6 u0 com.mediatek.mtklogger/.MainActivity t102} task:102
04-20 20:12:27.055556   964  1663 D ActivityManager: Delay resumeKeyDispatchingLocked() to avoid deadlock.
04-20 20:12:27.057148 20174 20174 D ActivityThread: ACT-PAUSE_ACTIVITY_FINISHING handled : 0 / android.os.BinderProxy@b34f293
04-20 20:12:27.062136 20174 20174 V ActivityThread: Performing resume of ActivityRecord{2ebd066 token=android.os.BinderProxy@ccaffa7 {com.mediatek.mtklogger/com.mediatek.mtklogger.MainActivity}}
04-20 20:12:27.072723   964  1747 V ActivityManager: bindService: Intent { act=android.media.IMediaScannerService cmp=com.android.providers.media/.MediaScannerService } type=null conn=android.os.BinderProxy@de2972c flags=0x1 callerApp=ProcessRecord{e490ca9 20174:com.mediatek.mtklogger/u0a56}
04-20 20:12:27.074640   964  1747 V ActivityManager: >>> EXECUTING create of ServiceRecord{6948f8a u0 com.android.providers.media/.MediaScannerService} in app ProcessRecord{166e651 22060:android.process.media/u0a7}
04-20 20:12:27.075152 20174 20174 D ActivityThread: ACT-AM_ON_RESUME_CALLED ActivityRecord{2ebd066 token=android.os.BinderProxy@ccaffa7 {com.mediatek.mtklogger/com.mediatek.mtklogger.MainActivity}}
04-20 20:12:27.075339 20174 20174 V ActivityThread: Resume ActivityRecord{2ebd066 token=android.os.BinderProxy@ccaffa7 {com.mediatek.mtklogger/com.mediatek.mtklogger.MainActivity}} started activity: false, hideForNow: false, finished: false
04-20 20:12:27.075485 20174 20174 V ActivityThread: Resuming ActivityRecord{2ebd066 token=android.os.BinderProxy@ccaffa7 {com.mediatek.mtklogger/com.mediatek.mtklogger.MainActivity}} with isForward=false
04-20 20:12:27.082345 20174 20174 V ActivityThread: Scheduling idle handler for ActivityRecord{2ebd066 token=android.os.BinderProxy@ccaffa7 {com.mediatek.mtklogger/com.mediatek.mtklogger.MainActivity}}
04-20 20:12:27.082731   964  1747 V ActivityManager: AMS Creating service ServiceRecord{6948f8a u0 com.android.providers.media/.MediaScannerService}
04-20 20:12:27.085844 22060 22060 D ActivityThread: SVC-Creating service: CreateServiceData{token=android.os.BinderProxy@caa739a className=com.android.providers.media.MediaScannerService packageName=com.android.providers.media intent=null}
04-20 20:12:27.087873   964  1747 V ActivityManager: >>> EXECUTING bind of ServiceRecord{6948f8a u0 com.android.providers.media/.MediaScannerService} in app ProcessRecord{166e651 22060:android.process.media/u0a7}
04-20 20:12:27.090103   964  1747 D ActivityManager: SVC-Binding service: ServiceRecord{6948f8a u0 com.android.providers.media/.MediaScannerService}, app=ProcessRecord{166e651 22060:android.process.media/u0a7}, activity=null
04-20 20:12:27.091533 20174 20174 D ActivityThread: ACT-RESUME_ACTIVITY handled : 0 / android.os.BinderProxy@ccaffa7
04-20 20:12:27.095971   964  8872 I WindowManager: Relayout Window{5a411d7 u0 com.mediatek.mtklogger/com.mediatek.mtklogger.MainActivity}: oldVis=8 newVis=0
04-20 20:12:27.099425   964  8872 I WindowStateAnimator:   CREATE SURFACE Surface(name=com.mediatek.mtklogger/com.mediatek.mtklogger.MainActivity) IN SESSION android.view.SurfaceSession@396630d: pid=20174 format=-1 flags=0x404 / WindowStateAnimator{7954ac4 com.mediatek.mtklogger/com.mediatek.mtklogger.MainActivity}
04-20 20:12:27.101309   964  8872 V WindowManager: Looking for focus: 8 = Window{fa8f8e8 u0 StatusBar}, flags=-2122055608, canReceive=false
04-20 20:12:27.101714   964  8872 V WindowManager: findFocusedWindow: Found new focus @ 2 = Window{5a411d7 u0 com.mediatek.mtklogger/com.mediatek.mtklogger.MainActivity}
04-20 20:12:27.102699   964  8872 V WindowManager: Changing focus from Window{b70b21b u0 com.mediatek.mtklogger/com.mediatek.mtklogger.LogFolderListActivity} to Window{5a411d7 u0 com.mediatek.mtklogger/com.mediatek.mtklogger.MainActivity} Callers=com.android.server.wm.WindowManagerService.relayoutWindow:3588 com.android.server.wm.Session.relayout:201 android.view.IWindowSession$Stub.onTransact:284 com.android.server.wm.Session.onTransact:133 
04-20 20:12:27.103280   964  8872 D WindowManager: Input focus has changed to Window{5a411d7 u0 com.mediatek.mtklogger/com.mediatek.mtklogger.MainActivity}
04-20 20:12:27.108472 22060 22060 D ActivityThread: SVC-CREATE_SERVICE handled : 0 / CreateServiceData{token=android.os.BinderProxy@caa739a className=com.android.providers.media.MediaScannerService packageName=com.android.providers.media intent=null}
04-20 20:12:27.108682   964  1844 D ActivityManager: SVC-Executing service done: ServiceRecord{6948f8a u0 com.android.providers.media/.MediaScannerService}, type=0, startId=0, res=0
04-20 20:12:27.108860   964  1844 V ActivityManager: <<< DONE EXECUTING ServiceRecord{6948f8a u0 com.android.providers.media/.MediaScannerService}: nesting=2, inDestroying=false, app=ProcessRecord{166e651 22060:android.process.media/u0a7}
04-20 20:12:27.110054 22060 22060 V ActivityThread: handleBindService s=com.android.providers.media.MediaScannerService@6e854cb rebind=false
04-20 20:12:27.111708   964   987 I WindowManager: Focus moving from Window{b70b21b u0 com.mediatek.mtklogger/com.mediatek.mtklogger.LogFolderListActivity} to Window{5a411d7 u0 com.mediatek.mtklogger/com.mediatek.mtklogger.MainActivity}
04-20 20:12:27.111902   964   987 I WindowManager: Gaining focus: Window{5a411d7 u0 com.mediatek.mtklogger/com.mediatek.mtklogger.MainActivity}
04-20 20:12:27.114150   964  1663 V ActivityManager: <<< DONE EXECUTING ServiceRecord{6948f8a u0 com.android.providers.media/.MediaScannerService}: nesting=1, inDestroying=false, app=ProcessRecord{166e651 22060:android.process.media/u0a7}
04-20 20:12:27.117059 22060 22060 D ActivityThread: SVC-BIND_SERVICE handled : 0 / BindServiceData{token=android.os.BinderProxy@caa739a intent=Intent { act=android.media.IMediaScannerService cmp=com.android.providers.media/.MediaScannerService }}
04-20 20:12:27.166295   964  1582 V InputMethodManagerService: windowGainedFocus: android.os.BinderProxy@ee4206a controlFlags=#104 softInputMode=#20 windowFlags=#1810100
04-20 20:12:27.170816   964  1843 V ActivityManager: startService: Intent { cmp=com.android.providers.media/.MediaScannerService (has extras) } callerApp=ProcessRecord{166e651 22060:android.process.media/u0a7}
04-20 20:12:27.171697   964  1843 V ActivityManager: Sending arguments to: ServiceRecord{6948f8a u0 com.android.providers.media/.MediaScannerService} android.content.Intent$FilterComparison@3bd44ba0 args=Intent { cmp=com.android.providers.media/.MediaScannerService (has extras) }
04-20 20:12:27.171887   964  1843 V ActivityManager: >>> EXECUTING start of ServiceRecord{6948f8a u0 com.android.providers.media/.MediaScannerService} in app ProcessRecord{166e651 22060:android.process.media/u0a7}
04-20 20:12:27.173324   964  1843 D ActivityManager: SVC-Sent arguments: ServiceRecord{6948f8a u0 com.android.providers.media/.MediaScannerService}, app=ProcessRecord{166e651 22060:android.process.media/u0a7}, args=Intent { cmp=com.android.providers.media/.MediaScannerService (has extras) }, flags=0
04-20 20:12:27.174532 22060 22060 D ActivityThread: SVC-Calling onStartCommand: com.android.providers.media.MediaScannerService@6e854cb, flags=0, startId=1
04-20 20:12:27.185796   964  1162 D ActivityManager: SVC-Executing service done: ServiceRecord{6948f8a u0 com.android.providers.media/.MediaScannerService}, type=1, startId=1, res=3
04-20 20:12:27.185958 22060 22060 D ActivityThread: SVC-SERVICE_ARGS handled : 0 / ServiceArgsData{token=android.os.BinderProxy@caa739a startId=1 args=Intent { cmp=com.android.providers.media/.MediaScannerService (has extras) }}
04-20 20:12:27.186068   964  1162 V ActivityManager: <<< DONE EXECUTING ServiceRecord{6948f8a u0 com.android.providers.media/.MediaScannerService}: nesting=1, inDestroying=false, app=ProcessRecord{166e651 22060:android.process.media/u0a7}
04-20 20:12:27.215293   964  2089 V WindowStateAnimator: finishDrawingLocked: mDrawState=COMMIT_DRAW_PENDING WindowStateAnimator{7954ac4 com.mediatek.mtklogger/com.mediatek.mtklogger.MainActivity} in Surface(name=com.mediatek.mtklogger/com.mediatek.mtklogger.MainActivity)
04-20 20:12:27.220532   964   987 V WindowManager: **** GOOD TO GO
04-20 20:12:27.227187   964  1927 D PowerManagerService: releaseWakeLockInternal: lock=193877478 [*launch*], flags=0x0, total_time=216ms
04-20 20:12:27.227594   964  1927 D PowerManagerNotifier: onWakeLockReleased: flags=1, tag="*launch*", packageName=android, ownerUid=1000, ownerPid=964, workSource=WorkSource{10056}
04-20 20:12:27.228742   964  1927 D PowerManagerService: updateWakeLockSummaryLocked: mWakefulness=Awake, mWakeLockSummary=0x0
04-20 20:12:27.229458   964  1927 D PowerManagerService: updateUserActivitySummaryLocked: mWakefulness=Awake, mUserActivitySummary=0x1, nextTimeout=34523084 (in 52079 ms)
04-20 20:12:27.230272   964  1927 D DisplayPowerController: requestPowerState: policy=BRIGHT, useProximitySensor=false, screenBrightness=102, screenAutoBrightnessAdjustment=0.0, brightnessSetByUser=true, useAutoBrightness=false, blockScreenOn=false, lowPowerMode=false, boostScreenBrightness=false, dozeScreenBrightness=-1, dozeScreenState=UNKNOWN, waitForNegativeProximity=false
04-20 20:12:27.230508   964  1927 I PowerManagerService: setBrightness mButtonLight 0.
04-20 20:12:27.230879   964  1927 D PowerManagerService: updateDisplayPowerStateLocked: mDisplayReady=true, policy=3, mWakefulness=1, mWakeLockSummary=0x0, mUserActivitySummary=0x1, mBootCompleted=true, mScreenBrightnessBoostInProgress=false
04-20 20:12:27.231128   964  1927 D PowerManagerService: Releasing suspend blocker "PowerManagerService.WakeLocks".
04-20 20:12:27.234476   964   987 V WindowManager: Looking for focus: 8 = Window{fa8f8e8 u0 StatusBar}, flags=-2122055608, canReceive=false
04-20 20:12:27.234681   964   987 V WindowManager: findFocusedWindow: Found new focus @ 2 = Window{5a411d7 u0 com.mediatek.mtklogger/com.mediatek.mtklogger.MainActivity}
04-20 20:12:27.235343   964   987 D WindowManager: notifyActivityDrawnForKeyguard: waiting=false Callers=com.android.server.wm.WindowManagerService.handleAppTransitionReadyLocked:10079 com.android.server.wm.WindowManagerService.performLayoutAndPlaceSurfacesLockedInner:10699 com.android.server.wm.WindowManagerService.performLayoutAndPlaceSurfacesLockedLoop:9443 com.android.server.wm.WindowManagerService.performLayoutAndPlaceSurfacesLocked:9390 com.android.server.wm.WindowManagerService.-wrap8:-1 
04-20 20:12:27.238055   964  8872 V AlarmManager: APP set(PendingIntent{20d4665: PendingIntentRecord{237ef3a com.google.android.gms startService}}) : type=0 triggerAtTime=1461154357236 win=-1 tElapsed=58294120 maxElapsed=58294120 interval=0 flags=0x0
04-20 20:12:27.240492   964  8872 D AlarmManager:  whichBatch = -1
04-20 20:12:27.242422   964  2088 V ActivityManager: startService: Intent { cmp=com.google.android.gms/com.google.android.libraries.social.mediamonitor.MediaMonitorIntentService (has extras) } callerApp=ProcessRecord{b33576a 22343:com.google.android.gms/u0a10}
04-20 20:12:27.244731   964  2088 V ActivityManager: >>> EXECUTING create of ServiceRecord{d90b7eb u0 com.google.android.gms/com.google.android.libraries.social.mediamonitor.MediaMonitorIntentService} in app ProcessRecord{b33576a 22343:com.google.android.gms/u0a10}
04-20 20:12:27.250338   964  2088 V ActivityManager: AMS Creating service ServiceRecord{d90b7eb u0 com.google.android.gms/com.google.android.libraries.social.mediamonitor.MediaMonitorIntentService}
04-20 20:12:27.251421   964  2088 V ActivityManager: Sending arguments to: ServiceRecord{d90b7eb u0 com.google.android.gms/com.google.android.libraries.social.mediamonitor.MediaMonitorIntentService} android.content.Intent$FilterComparison@8a88b3b6 args=Intent { cmp=com.google.android.gms/com.google.android.libraries.social.mediamonitor.MediaMonitorIntentService (has extras) }
04-20 20:12:27.251598   964  2088 V ActivityManager: >>> EXECUTING start of ServiceRecord{d90b7eb u0 com.google.android.gms/com.google.android.libraries.social.mediamonitor.MediaMonitorIntentService} in app ProcessRecord{b33576a 22343:com.google.android.gms/u0a10}
04-20 20:12:27.252279   964  2088 D ActivityManager: SVC-Sent arguments: ServiceRecord{d90b7eb u0 com.google.android.gms/com.google.android.libraries.social.mediamonitor.MediaMonitorIntentService}, app=ProcessRecord{b33576a 22343:com.google.android.gms/u0a10}, args=Intent { cmp=com.google.android.gms/com.google.android.libraries.social.mediamonitor.MediaMonitorIntentService (has extras) }, flags=0
04-20 20:12:27.253951 22343 22343 D ActivityThread: SVC-Creating service: CreateServiceData{token=android.os.BinderProxy@d8661f9 className=com.google.android.libraries.social.mediamonitor.MediaMonitorIntentService packageName=com.google.android.gms intent=null}
04-20 20:12:27.254160   964   987 I WindowManager: Losing delayed focus: Window{b70b21b u0 com.mediatek.mtklogger/com.mediatek.mtklogger.LogFolderListActivity}
04-20 20:12:27.254760   964   976 D PowerManagerService: acquireWakeLockInternal: lock=157948232, flags=0x1, tag="wake:com.google.android.gms/com.google.android.libraries.social.mediamonitor.MediaMonitorIntentService", ws=null, uid=10010, pid=22343
04-20 20:12:27.255569   964   976 D PowerManagerService: updateWakeLockSummaryLocked: mWakefulness=Awake, mWakeLockSummary=0x1
04-20 20:12:27.255916   964   976 D PowerManagerService: updateUserActivitySummaryLocked: mWakefulness=Awake, mUserActivitySummary=0x1, nextTimeout=34523084 (in 52052 ms)
04-20 20:12:27.256339   964   976 D DisplayPowerController: requestPowerState: policy=BRIGHT, useProximitySensor=false, screenBrightness=102, screenAutoBrightnessAdjustment=0.0, brightnessSetByUser=true, useAutoBrightness=false, blockScreenOn=false, lowPowerMode=false, boostScreenBrightness=false, dozeScreenBrightness=-1, dozeScreenState=UNKNOWN, waitForNegativeProximity=false
04-20 20:12:27.256449   964   976 I PowerManagerService: setBrightness mButtonLight 0.
04-20 20:12:27.256647   964   976 D PowerManagerService: updateDisplayPowerStateLocked: mDisplayReady=true, policy=3, mWakefulness=1, mWakeLockSummary=0x1, mUserActivitySummary=0x1, mBootCompleted=true, mScreenBrightnessBoostInProgress=false
04-20 20:12:27.256841   964   976 D PowerManagerService: Acquiring suspend blocker "PowerManagerService.WakeLocks".
04-20 20:12:27.257103   964   976 D PowerManagerNotifier: onWakeLockAcquired: flags=1, tag="wake:com.google.android.gms/com.google.android.libraries.social.mediamonitor.MediaMonitorIntentService", packageName=com.google.android.gms, ownerUid=10010, ownerPid=22343, workSource=null
04-20 20:12:27.270613   964  1844 V WindowManager: Looking for focus: 8 = Window{fa8f8e8 u0 StatusBar}, flags=-2122055608, canReceive=false
04-20 20:12:27.270885   964  1844 V WindowManager: findFocusedWindow: Found new focus @ 2 = Window{5a411d7 u0 com.mediatek.mtklogger/com.mediatek.mtklogger.MainActivity}
04-20 20:12:27.319134 22343 22343 D ActivityThread: SVC-CREATE_SERVICE handled : 0 / CreateServiceData{token=android.os.BinderProxy@d8661f9 className=com.google.android.libraries.social.mediamonitor.MediaMonitorIntentService packageName=com.google.android.gms intent=null}
04-20 20:12:27.319250   964  2088 D ActivityManager: SVC-Executing service done: ServiceRecord{d90b7eb u0 com.google.android.gms/com.google.android.libraries.social.mediamonitor.MediaMonitorIntentService}, type=0, startId=0, res=0
04-20 20:12:27.319411   964  2088 V ActivityManager: <<< DONE EXECUTING ServiceRecord{d90b7eb u0 com.google.android.gms/com.google.android.libraries.social.mediamonitor.MediaMonitorIntentService}: nesting=2, inDestroying=false, app=ProcessRecord{b33576a 22343:com.google.android.gms/u0a10}
04-20 20:12:27.319652 22343 22343 D ActivityThread: SVC-Calling onStartCommand: com.google.android.libraries.social.mediamonitor.MediaMonitorIntentService@87c0f9f, flags=0, startId=1
04-20 20:12:27.320338 22343 22343 D ActivityThread: SVC-SERVICE_ARGS handled : 0 / ServiceArgsData{token=android.os.BinderProxy@d8661f9 startId=1 args=Intent { cmp=com.google.android.gms/com.google.android.libraries.social.mediamonitor.MediaMonitorIntentService (has extras) }}
04-20 20:12:27.320762   964   979 D ActivityManager: SVC-Executing service done: ServiceRecord{d90b7eb u0 com.google.android.gms/com.google.android.libraries.social.mediamonitor.MediaMonitorIntentService}, type=1, startId=1, res=2
04-20 20:12:27.320985   964   979 V ActivityManager: <<< DONE EXECUTING ServiceRecord{d90b7eb u0 com.google.android.gms/com.google.android.libraries.social.mediamonitor.MediaMonitorIntentService}: nesting=1, inDestroying=false, app=ProcessRecord{b33576a 22343:com.google.android.gms/u0a10}
04-20 20:12:27.359308   964  8871 V ActivityManager: startService: Intent { cmp=com.android.providers.media/.MediaScannerService (has extras) } callerApp=ProcessRecord{166e651 22060:android.process.media/u0a7}
04-20 20:12:27.360602   964  8871 V ActivityManager: Sending arguments to: ServiceRecord{6948f8a u0 com.android.providers.media/.MediaScannerService} android.content.Intent$FilterComparison@3bd44ba0 args=Intent { cmp=com.android.providers.media/.MediaScannerService (has extras) }
04-20 20:12:27.360793   964  8871 V ActivityManager: >>> EXECUTING start of ServiceRecord{6948f8a u0 com.android.providers.media/.MediaScannerService} in app ProcessRecord{166e651 22060:android.process.media/u0a7}
04-20 20:12:27.361931   964  8871 D ActivityManager: SVC-Sent arguments: ServiceRecord{6948f8a u0 com.android.providers.media/.MediaScannerService}, app=ProcessRecord{166e651 22060:android.process.media/u0a7}, args=Intent { cmp=com.android.providers.media/.MediaScannerService (has extras) }, flags=0
04-20 20:12:27.362684 22060 22060 D ActivityThread: SVC-Calling onStartCommand: com.android.providers.media.MediaScannerService@6e854cb, flags=0, startId=2
04-20 20:12:27.371221   964  8872 D ActivityManager: SVC-Executing service done: ServiceRecord{6948f8a u0 com.android.providers.media/.MediaScannerService}, type=1, startId=2, res=3
04-20 20:12:27.371739   964  8872 V ActivityManager: <<< DONE EXECUTING ServiceRecord{6948f8a u0 com.android.providers.media/.MediaScannerService}: nesting=1, inDestroying=false, app=ProcessRecord{166e651 22060:android.process.media/u0a7}
04-20 20:12:27.376231 22060 22060 D ActivityThread: SVC-SERVICE_ARGS handled : 0 / ServiceArgsData{token=android.os.BinderProxy@caa739a startId=2 args=Intent { cmp=com.android.providers.media/.MediaScannerService (has extras) }}
04-20 20:12:27.425614   964  1663 D ActivityManager: getContentProviderImpl: from caller=android.app.ApplicationThreadProxy@b90e3e1 (pid=22343, userId=0) to get content provider media cpr=ContentProviderRecord{e820eb5 u0 com.android.providers.media/.MediaProvider}
04-20 20:12:27.428173 22343 22551 D ActivityThread: holder:android.app.IActivityManager$ContentProviderHolder@3153e16, holder.provider:android.content.ContentProviderProxy@3fa5397
04-20 20:12:27.524566   964   987 D ActivityManager: ACT-windowsVisible(): ActivityRecord{6b55bf6 u0 com.mediatek.mtklogger/.MainActivity t102}
04-20 20:12:27.524922   964   987 D ActivityManager: ACT-IDLE_NOW_MSG from windowsVisible() for idle: ActivityRecord{6b55bf6 u0 com.mediatek.mtklogger/.MainActivity t102}
04-20 20:12:27.526624   964   982 D ActivityManager: ACT-Removing activity from finish-imm: token=ActivityRecord{2aac4ff u0 com.mediatek.mtklogger/.LogFolderListActivity t102 f}, app=com.mediatek.mtklogger
04-20 20:12:27.530044   964   987 V WindowManager: Looking for focus: 7 = Window{fa8f8e8 u0 StatusBar}, flags=-2122055608, canReceive=false
04-20 20:12:27.530333   964   987 V WindowManager: findFocusedWindow: Found new focus @ 2 = Window{5a411d7 u0 com.mediatek.mtklogger/com.mediatek.mtklogger.MainActivity}
04-20 20:12:27.547056   964  8872 V ActivityManager: startService: Intent { cmp=com.android.providers.media/.MediaScannerService (has extras) } callerApp=ProcessRecord{166e651 22060:android.process.media/u0a7}
04-20 20:12:27.548036   964  1582 V WindowManager: Looking for focus: 6 = Window{fa8f8e8 u0 StatusBar}, flags=-2122055608, canReceive=false
04-20 20:12:27.548290   964  1582 V WindowManager: findFocusedWindow: Found new focus @ 2 = Window{5a411d7 u0 com.mediatek.mtklogger/com.mediatek.mtklogger.MainActivity}
04-20 20:12:27.548692   964  8872 V ActivityManager: Sending arguments to: ServiceRecord{6948f8a u0 com.android.providers.media/.MediaScannerService} android.content.Intent$FilterComparison@3bd44ba0 args=Intent { cmp=com.android.providers.media/.MediaScannerService (has extras) }
04-20 20:12:27.548856   964  8872 V ActivityManager: >>> EXECUTING start of ServiceRecord{6948f8a u0 com.android.providers.media/.MediaScannerService} in app ProcessRecord{166e651 22060:android.process.media/u0a7}
04-20 20:12:27.550073   964  8872 D ActivityManager: SVC-Sent arguments: ServiceRecord{6948f8a u0 com.android.providers.media/.MediaScannerService}, app=ProcessRecord{166e651 22060:android.process.media/u0a7}, args=Intent { cmp=com.android.providers.media/.MediaScannerService (has extras) }, flags=0
04-20 20:12:27.551488 20174 20174 D ActivityThread: ACT-DESTROY_ACTIVITY handled : 1 / android.os.BinderProxy@b34f293
04-20 20:12:27.552731 22060 22060 D ActivityThread: SVC-Calling onStartCommand: com.android.providers.media.MediaScannerService@6e854cb, flags=0, startId=3
04-20 20:12:27.552902 20174 20174 E ActivityThread: Activity com.mediatek.mtklogger.LogFolderListActivity has leaked ServiceConnection android.media.MediaScannerConnection@2e94640 that was originally bound here
04-20 20:12:27.552902 20174 20174 E ActivityThread: android.app.ServiceConnectionLeaked: Activity com.mediatek.mtklogger.LogFolderListActivity has leaked ServiceConnection android.media.MediaScannerConnection@2e94640 that was originally bound here
04-20 20:12:27.552902 20174 20174 E ActivityThread: 	at android.app.LoadedApk$ServiceDispatcher.<init>(LoadedApk.java:1133)
04-20 20:12:27.552902 20174 20174 E ActivityThread: 	at android.app.LoadedApk.getServiceDispatcher(LoadedApk.java:1027)
04-20 20:12:27.552902 20174 20174 E ActivityThread: 	at android.app.ContextImpl.bindServiceCommon(ContextImpl.java:1308)
04-20 20:12:27.552902 20174 20174 E ActivityThread: 	at android.app.ContextImpl.bindService(ContextImpl.java:1291)
04-20 20:12:27.552902 20174 20174 E ActivityThread: 	at android.content.ContextWrapper.bindService(ContextWrapper.java:604)
04-20 20:12:27.552902 20174 20174 E ActivityThread: 	at android.media.MediaScannerConnection.connect(MediaScannerConnection.java:125)
04-20 20:12:27.552902 20174 20174 E ActivityThread: 	at android.media.MediaScannerConnection.scanFile(MediaScannerConnection.java:244)
04-20 20:12:27.552902 20174 20174 E ActivityThread: 	at com.mediatek.mtklogger.utils.Utils.updateLogFilesInMediaProviderSync(Utils.java:1693)
04-20 20:12:27.552902 20174 20174 E ActivityThread: 	at com.mediatek.mtklogger.utils.Utils.updateLogFilesInMediaProviderSync(Utils.java:1662)
04-20 20:12:27.552902 20174 20174 E ActivityThread: 	at com.mediatek.mtklogger.utils.Utils.-wrap0(Utils.java)
04-20 20:12:27.552902 20174 20174 E ActivityThread: 	at com.mediatek.mtklogger.utils.Utils$1.run(Utils.java:1629)
04-20 20:12:27.557072   964  2088 D ActivityManager: SVC-Unbinding service: ServiceRecord{6948f8a u0 com.android.providers.media/.MediaScannerService}, app=ProcessRecord{166e651 22060:android.process.media/u0a7}
04-20 20:12:27.557379   964  2088 V ActivityManager: >>> EXECUTING unbind of ServiceRecord{6948f8a u0 com.android.providers.media/.MediaScannerService} in app ProcessRecord{166e651 22060:android.process.media/u0a7}
04-20 20:12:27.559772   964   975 D ActivityManager: getContentProviderImpl: from caller=android.app.ApplicationThreadProxy@325c506 (pid=22343, userId=0) to get content provider media cpr=ContentProviderRecord{e820eb5 u0 com.android.providers.media/.MediaProvider}
04-20 20:12:27.562215 22060 22060 D ActivityThread: SVC-SERVICE_ARGS handled : 0 / ServiceArgsData{token=android.os.BinderProxy@caa739a startId=3 args=Intent { cmp=com.android.providers.media/.MediaScannerService (has extras) }}
04-20 20:12:27.564213 22060 22060 D ActivityThread: SVC-UNBIND_SERVICE handled : 0 / BindServiceData{token=android.os.BinderProxy@caa739a intent=Intent { act=android.media.IMediaScannerService cmp=com.android.providers.media/.MediaScannerService }}
04-20 20:12:27.565691 22343 22551 D ActivityThread: holder:android.app.IActivityManager$ContentProviderHolder@18e1e8f, holder.provider:android.content.ContentProviderProxy@86cc51c
04-20 20:12:27.566737   964  2089 D ActivityManager: SVC-Executing service done: ServiceRecord{6948f8a u0 com.android.providers.media/.MediaScannerService}, type=1, startId=3, res=3
04-20 20:12:27.566986   964  2089 V ActivityManager: <<< DONE EXECUTING ServiceRecord{6948f8a u0 com.android.providers.media/.MediaScannerService}: nesting=2, inDestroying=false, app=ProcessRecord{166e651 22060:android.process.media/u0a7}
04-20 20:12:27.567785   964  2089 D ActivityManager: SVC-Executing service done: ServiceRecord{6948f8a u0 com.android.providers.media/.MediaScannerService}, type=0, startId=0, res=0
04-20 20:12:27.568021   964  2089 V ActivityManager: <<< DONE EXECUTING ServiceRecord{6948f8a u0 com.android.providers.media/.MediaScannerService}: nesting=1, inDestroying=false, app=ProcessRecord{166e651 22060:android.process.media/u0a7}
04-20 20:12:27.628184   964  1652 D ActivityManager: getContentProviderImpl: from caller=android.app.ApplicationThreadProxy@1c0e7c7 (pid=22343, userId=0) to get content provider media cpr=ContentProviderRecord{e820eb5 u0 com.android.providers.media/.MediaProvider}
04-20 20:12:27.630053 22343 22551 D ActivityThread: holder:android.app.IActivityManager$ContentProviderHolder@20f1708, holder.provider:android.content.ContentProviderProxy@1a16ea1
04-20 20:12:27.649577   964  1843 D ActivityManager: getContentProviderImpl: from caller=android.app.ApplicationThreadProxy@ab81f4 (pid=22343, userId=0) to get content provider media cpr=ContentProviderRecord{e820eb5 u0 com.android.providers.media/.MediaProvider}
04-20 20:12:27.652213 22343 22551 D ActivityThread: holder:android.app.IActivityManager$ContentProviderHolder@f815087, holder.provider:android.content.ContentProviderProxy@29bb4
04-20 20:12:27.671129   964  2089 D ActivityManager: getContentProviderImpl: from caller=android.app.ApplicationThreadProxy@156dd1d (pid=22343, userId=0) to get content provider media cpr=ContentProviderRecord{e820eb5 u0 com.android.providers.media/.MediaProvider}
04-20 20:12:27.672624 22343 22551 D ActivityThread: holder:android.app.IActivityManager$ContentProviderHolder@6803b52, holder.provider:android.content.ContentProviderProxy@a186e23
04-20 20:12:27.675405   964  8871 V ActivityManager: >>> EXECUTING destroy of ServiceRecord{6948f8a u0 com.android.providers.media/.MediaScannerService} in app ProcessRecord{166e651 22060:android.process.media/u0a7}
04-20 20:12:27.676800   964  1663 V ActivityManager: startService: Intent { cmp=com.android.providers.media/.MediaScannerService (has extras) } callerApp=ProcessRecord{166e651 22060:android.process.media/u0a7}
04-20 20:12:27.678305   964  1663 V ActivityManager: >>> EXECUTING create of ServiceRecord{ac92b92 u0 com.android.providers.media/.MediaScannerService} in app ProcessRecord{166e651 22060:android.process.media/u0a7}
04-20 20:12:27.679609 22060 22060 D ActivityThread: SVC-Destroying service: com.android.providers.media.MediaScannerService@6e854cb
04-20 20:12:27.680664   964  1663 V ActivityManager: AMS Creating service ServiceRecord{ac92b92 u0 com.android.providers.media/.MediaScannerService}
04-20 20:12:27.681785   964  1663 V ActivityManager: Sending arguments to: ServiceRecord{ac92b92 u0 com.android.providers.media/.MediaScannerService} android.content.Intent$FilterComparison@5e49f425 args=Intent { cmp=com.android.providers.media/.MediaScannerService (has extras) }
04-20 20:12:27.681997   964  1663 V ActivityManager: >>> EXECUTING start of ServiceRecord{ac92b92 u0 com.android.providers.media/.MediaScannerService} in app ProcessRecord{166e651 22060:android.process.media/u0a7}
04-20 20:12:27.682675   964  1663 D ActivityManager: SVC-Sent arguments: ServiceRecord{ac92b92 u0 com.android.providers.media/.MediaScannerService}, app=ProcessRecord{166e651 22060:android.process.media/u0a7}, args=Intent { cmp=com.android.providers.media/.MediaScannerService (has extras) }, flags=0
04-20 20:12:27.684096 22060 22060 D ActivityThread: SVC-STOP_SERVICE handled : 0 / android.os.BinderProxy@caa739a
04-20 20:12:27.684271   964  1670 D ActivityManager: SVC-Executing service done: ServiceRecord{6948f8a u0 com.android.providers.media/.MediaScannerService}, type=2, startId=0, res=0
04-20 20:12:27.684463   964  1670 V ActivityManager: <<< DONE EXECUTING ServiceRecord{6948f8a u0 com.android.providers.media/.MediaScannerService}: nesting=1, inDestroying=true, app=ProcessRecord{166e651 22060:android.process.media/u0a7}
04-20 20:12:27.684837 22060 22060 D ActivityThread: SVC-Creating service: CreateServiceData{token=android.os.BinderProxy@a06a525 className=com.android.providers.media.MediaScannerService packageName=com.android.providers.media intent=null}
04-20 20:12:27.699423 22060 22060 D ActivityThread: SVC-CREATE_SERVICE handled : 0 / CreateServiceData{token=android.os.BinderProxy@a06a525 className=com.android.providers.media.MediaScannerService packageName=com.android.providers.media intent=null}
04-20 20:12:27.699656   964  1844 D ActivityManager: SVC-Executing service done: ServiceRecord{ac92b92 u0 com.android.providers.media/.MediaScannerService}, type=0, startId=0, res=0
04-20 20:12:27.699824   964  1844 V ActivityManager: <<< DONE EXECUTING ServiceRecord{ac92b92 u0 com.android.providers.media/.MediaScannerService}: nesting=2, inDestroying=false, app=ProcessRecord{166e651 22060:android.process.media/u0a7}
04-20 20:12:27.700433 22060 22060 D ActivityThread: SVC-Calling onStartCommand: com.android.providers.media.MediaScannerService@ac3c6fa, flags=0, startId=1
04-20 20:12:27.701533   964  1663 D PowerManagerService: releaseWakeLockInternal: lock=157948232 [wake:com.google.android.gms/com.google.android.libraries.social.mediamonitor.MediaMonitorIntentService], flags=0x0, total_time=446ms
04-20 20:12:27.701957   964  1663 D PowerManagerNotifier: onWakeLockReleased: flags=1, tag="wake:com.google.android.gms/com.google.android.libraries.social.mediamonitor.MediaMonitorIntentService", packageName=com.google.android.gms, ownerUid=10010, ownerPid=22343, workSource=null
04-20 20:12:27.702605   964  1663 D PowerManagerService: updateWakeLockSummaryLocked: mWakefulness=Awake, mWakeLockSummary=0x0
04-20 20:12:27.702901   964  1663 D PowerManagerService: updateUserActivitySummaryLocked: mWakefulness=Awake, mUserActivitySummary=0x1, nextTimeout=34523084 (in 51605 ms)
04-20 20:12:27.703323   964  1663 D DisplayPowerController: requestPowerState: policy=BRIGHT, useProximitySensor=false, screenBrightness=102, screenAutoBrightnessAdjustment=0.0, brightnessSetByUser=true, useAutoBrightness=false, blockScreenOn=false, lowPowerMode=false, boostScreenBrightness=false, dozeScreenBrightness=-1, dozeScreenState=UNKNOWN, waitForNegativeProximity=false
04-20 20:12:27.703412   964  1663 I PowerManagerService: setBrightness mButtonLight 0.
04-20 20:12:27.703788   964  1663 D PowerManagerService: updateDisplayPowerStateLocked: mDisplayReady=true, policy=3, mWakefulness=1, mWakeLockSummary=0x0, mUserActivitySummary=0x1, mBootCompleted=true, mScreenBrightnessBoostInProgress=false
04-20 20:12:27.703967   964  1663 D PowerManagerService: Releasing suspend blocker "PowerManagerService.WakeLocks".
04-20 20:12:27.705743   964  1747 V ActivityManager: >>> EXECUTING destroy of ServiceRecord{d90b7eb u0 com.google.android.gms/com.google.android.libraries.social.mediamonitor.MediaMonitorIntentService} in app ProcessRecord{b33576a 22343:com.google.android.gms/u0a10}
04-20 20:12:27.707125 22343 22343 D ActivityThread: SVC-Destroying service: com.google.android.libraries.social.mediamonitor.MediaMonitorIntentService@87c0f9f
04-20 20:12:27.707706 22343 22343 D ActivityThread: SVC-STOP_SERVICE handled : 0 / android.os.BinderProxy@d8661f9
04-20 20:12:27.707920   964  1670 D ActivityManager: SVC-Executing service done: ServiceRecord{d90b7eb u0 com.google.android.gms/com.google.android.libraries.social.mediamonitor.MediaMonitorIntentService}, type=2, startId=0, res=0
04-20 20:12:27.708100   964  1670 V ActivityManager: <<< DONE EXECUTING ServiceRecord{d90b7eb u0 com.google.android.gms/com.google.android.libraries.social.mediamonitor.MediaMonitorIntentService}: nesting=1, inDestroying=true, app=ProcessRecord{b33576a 22343:com.google.android.gms/u0a10}
04-20 20:12:27.808290 22060 22060 D ActivityThread: SVC-SERVICE_ARGS handled : 0 / ServiceArgsData{token=android.os.BinderProxy@a06a525 startId=1 args=Intent { cmp=com.android.providers.media/.MediaScannerService (has extras) }}
04-20 20:12:27.808518   964  1927 D ActivityManager: SVC-Executing service done: ServiceRecord{ac92b92 u0 com.android.providers.media/.MediaScannerService}, type=1, startId=1, res=3
04-20 20:12:27.808732   964  1927 V ActivityManager: <<< DONE EXECUTING ServiceRecord{ac92b92 u0 com.android.providers.media/.MediaScannerService}: nesting=1, inDestroying=false, app=ProcessRecord{166e651 22060:android.process.media/u0a7}
04-20 20:12:27.904469   964  8872 V ActivityManager: >>> EXECUTING destroy of ServiceRecord{ac92b92 u0 com.android.providers.media/.MediaScannerService} in app ProcessRecord{166e651 22060:android.process.media/u0a7}
04-20 20:12:27.905944   964  1652 V ActivityManager: startService: Intent { cmp=com.android.providers.media/.MediaScannerService (has extras) } callerApp=ProcessRecord{166e651 22060:android.process.media/u0a7}
04-20 20:12:27.906160 22060 22060 D ActivityThread: SVC-Destroying service: com.android.providers.media.MediaScannerService@ac3c6fa
04-20 20:12:27.907628   964  1652 V ActivityManager: >>> EXECUTING create of ServiceRecord{bca6ede u0 com.android.providers.media/.MediaScannerService} in app ProcessRecord{166e651 22060:android.process.media/u0a7}
04-20 20:12:27.910111   964  1652 V ActivityManager: AMS Creating service ServiceRecord{bca6ede u0 com.android.providers.media/.MediaScannerService}
04-20 20:12:27.911173   964  1652 V ActivityManager: Sending arguments to: ServiceRecord{bca6ede u0 com.android.providers.media/.MediaScannerService} android.content.Intent$FilterComparison@5e49f425 args=Intent { cmp=com.android.providers.media/.MediaScannerService (has extras) }
04-20 20:12:27.911381   964  1652 V ActivityManager: >>> EXECUTING start of ServiceRecord{bca6ede u0 com.android.providers.media/.MediaScannerService} in app ProcessRecord{166e651 22060:android.process.media/u0a7}
04-20 20:12:27.912066   964  1652 D ActivityManager: SVC-Sent arguments: ServiceRecord{bca6ede u0 com.android.providers.media/.MediaScannerService}, app=ProcessRecord{166e651 22060:android.process.media/u0a7}, args=Intent { cmp=com.android.providers.media/.MediaScannerService (has extras) }, flags=0
04-20 20:12:27.913400 22060 22060 D ActivityThread: SVC-STOP_SERVICE handled : 0 / android.os.BinderProxy@a06a525
04-20 20:12:27.913840   964  8871 D ActivityManager: SVC-Executing service done: ServiceRecord{ac92b92 u0 com.android.providers.media/.MediaScannerService}, type=2, startId=0, res=0
04-20 20:12:27.914091   964  8871 V ActivityManager: <<< DONE EXECUTING ServiceRecord{ac92b92 u0 com.android.providers.media/.MediaScannerService}: nesting=1, inDestroying=true, app=ProcessRecord{166e651 22060:android.process.media/u0a7}
04-20 20:12:27.914481 22060 22060 D ActivityThread: SVC-Creating service: CreateServiceData{token=android.os.BinderProxy@7bf20 className=com.android.providers.media.MediaScannerService packageName=com.android.providers.media intent=null}
04-20 20:12:27.930058 22060 22060 D ActivityThread: SVC-CREATE_SERVICE handled : 0 / CreateServiceData{token=android.os.BinderProxy@7bf20 className=com.android.providers.media.MediaScannerService packageName=com.android.providers.media intent=null}
04-20 20:12:27.930295   964  1747 D ActivityManager: SVC-Executing service done: ServiceRecord{bca6ede u0 com.android.providers.media/.MediaScannerService}, type=0, startId=0, res=0
04-20 20:12:27.930491   964  1747 V ActivityManager: <<< DONE EXECUTING ServiceRecord{bca6ede u0 com.android.providers.media/.MediaScannerService}: nesting=2, inDestroying=false, app=ProcessRecord{166e651 22060:android.process.media/u0a7}
04-20 20:12:27.931371 22060 22060 D ActivityThread: SVC-Calling onStartCommand: com.android.providers.media.MediaScannerService@24850d9, flags=0, startId=1
04-20 20:12:28.039225 22060 22060 D ActivityThread: SVC-SERVICE_ARGS handled : 0 / ServiceArgsData{token=android.os.BinderProxy@7bf20 startId=1 args=Intent { cmp=com.android.providers.media/.MediaScannerService (has extras) }}
04-20 20:12:28.039346   964  1162 D ActivityManager: SVC-Executing service done: ServiceRecord{bca6ede u0 com.android.providers.media/.MediaScannerService}, type=1, startId=1, res=3
04-20 20:12:28.039540   964  1162 V ActivityManager: <<< DONE EXECUTING ServiceRecord{bca6ede u0 com.android.providers.media/.MediaScannerService}: nesting=1, inDestroying=false, app=ProcessRecord{166e651 22060:android.process.media/u0a7}
04-20 20:12:28.056492   964   964 V ActivityManager: Broadcast sticky: Intent { act=android.intent.action.BATTERY_CHANGED flg=0x60000010 (has extras) } ordered=false userid=-1 callerApp=null
04-20 20:12:28.059208   964   982 V BroadcastQueue: Processing parallel broadcast [background] BroadcastRecord{fb371db u-1 android.intent.action.BATTERY_CHANGED}, 16 receivers
04-20 20:12:28.059598   964   982 D BroadcastQueue: BroadcastRecord{fb371db u-1 android.intent.action.BATTERY_CHANGED}, #0 BroadcastFilter{9dc89ef u0 ReceiverList{2cf76ce 964 system/1000/u0 local:93e9fc9}}
04-20 20:12:28.059958   964   982 D BroadcastQueue: BDC-Delivering broadcast: Intent { act=android.intent.action.BATTERY_CHANGED flg=0x60000010 (has extras) }, queue=background, ordered=false, filter=BroadcastFilter{9dc89ef u0 ReceiverList{2cf76ce 964 system/1000/u0 local:93e9fc9}}, receiver=null
04-20 20:12:28.060418   964   982 D BroadcastQueue: BroadcastRecord{fb371db u-1 android.intent.action.BATTERY_CHANGED}, #1 BroadcastFilter{9cc0862 u0 ReceiverList{7aeb2d 964 system/1000/u0 local:c5dbe44}}
04-20 20:12:28.060638   964   990 D ActivityThread: BDC-Calling onReceive: intent=Intent { act=android.intent.action.BATTERY_CHANGED flg=0x60000010 (has extras) }, ordered=true, receiver=com.android.server.power.PowerManagerService$BatteryReceiver@51b33d0, IIntentReceiver=93e9fc9
04-20 20:12:28.060819   964   982 D BroadcastQueue: BDC-Delivering broadcast: Intent { act=android.intent.action.BATTERY_CHANGED flg=0x60000010 (has extras) }, queue=background, ordered=false, filter=BroadcastFilter{9cc0862 u0 ReceiverList{7aeb2d 964 system/1000/u0 local:c5dbe44}}, receiver=null
04-20 20:12:28.060918   964   990 D PowerManagerService: updateIsPoweredLocked: wasPowered=true, mIsPowered=true, oldPlugType=2, mPlugType=2, mBatteryLevel=99
04-20 20:12:28.061250   964   982 D BroadcastQueue: BroadcastRecord{fb371db u-1 android.intent.action.BATTERY_CHANGED}, #2 BroadcastFilter{eec4c26 u0 ReceiverList{50e9381 964 system/1000/u0 local:2d84368}}
04-20 20:12:28.061586   964   982 D BroadcastQueue: BDC-Delivering broadcast: Intent { act=android.intent.action.BATTERY_CHANGED flg=0x60000010 (has extras) }, queue=background, ordered=false, filter=BroadcastFilter{eec4c26 u0 ReceiverList{50e9381 964 system/1000/u0 local:2d84368}}, receiver=null
04-20 20:12:28.061766   964   964 D ActivityThread: BDC-Calling onReceive: intent=Intent { act=android.intent.action.BATTERY_CHANGED flg=0x60000010 (has extras) }, ordered=true, receiver=com.android.server.UiModeManagerService$3@2402357, IIntentReceiver=c5dbe44
