04-20 20:12:33.396112  1654  1654 D ActivityThread: ACT-RESUME_ACTIVITY handled : 0 / android.os.BinderProxy@ab17fdb
04-20 20:12:33.399401   964   975 I WindowManager: Relayout Window{378ec2d u0 com.android.launcher3/com.android.launcher3.Launcher}: oldVis=4 newVis=0
04-20 20:12:33.409853   964   975 I WindowStateAnimator:   CREATE SURFACE Surface(name=com.android.launcher3/com.android.launcher3.Launcher) IN SESSION android.view.SurfaceSession@d67d7b8: pid=1654 format=-2 flags=0x4 / WindowStateAnimator{da51e29 com.android.launcher3/com.android.launcher3.Launcher}
04-20 20:12:33.411492   964   975 V WindowManager: Looking for focus: 6 = Window{fa8f8e8 u0 StatusBar}, flags=-2122055608, canReceive=false
04-20 20:12:33.411782   964   975 V WindowManager: findFocusedWindow: Found new focus @ 2 = Window{378ec2d u0 com.android.launcher3/com.android.launcher3.Launcher}
04-20 20:12:33.412533   964   975 V WindowManager: Changing focus from null to Window{378ec2d u0 com.android.launcher3/com.android.launcher3.Launcher} Callers=com.android.server.wm.WindowManagerService.relayoutWindow:3588 com.android.server.wm.Session.relayout:201 android.view.IWindowSession$Stub.onTransact:284 com.android.server.wm.Session.onTransact:133 
04-20 20:12:33.413613   964   975 D WindowManager: Input focus has changed to Window{378ec2d u0 com.android.launcher3/com.android.launcher3.Launcher}
04-20 20:12:33.425559   964   987 I WindowManager: Focus moving from null to Window{378ec2d u0 com.android.launcher3/com.android.launcher3.Launcher}
04-20 20:12:33.425693   964   987 I WindowManager: Gaining focus: Window{378ec2d u0 com.android.launcher3/com.android.launcher3.Launcher}
04-20 20:12:33.455699   964  1927 V ActivityManager: >>> EXECUTING destroy of ServiceRecord{47cf913 u0 com.android.providers.media/.MediaScannerService} in app ProcessRecord{166e651 22060:android.process.media/u0a7}
04-20 20:12:33.457904   964  1844 V ActivityManager: startService: Intent { cmp=com.android.providers.media/.MediaScannerService (has extras) } callerApp=ProcessRecord{166e651 22060:android.process.media/u0a7}
04-20 20:12:33.458639 22060 22060 D ActivityThread: SVC-Destroying service: com.android.providers.media.MediaScannerService@6c49aad
04-20 20:12:33.459523   964  1844 V ActivityManager: >>> EXECUTING create of ServiceRecord{5d97068 u0 com.android.providers.media/.MediaScannerService} in app ProcessRecord{166e651 22060:android.process.media/u0a7}
04-20 20:12:33.471396   964  1670 V InputMethodManagerService: windowGainedFocus: android.os.BinderProxy@4a17dac controlFlags=#104 softInputMode=#20 windowFlags=#81910100
04-20 20:12:33.475939   964  1844 V ActivityManager: AMS Creating service ServiceRecord{5d97068 u0 com.android.providers.media/.MediaScannerService}
04-20 20:12:33.476975   964  1844 V ActivityManager: Sending arguments to: ServiceRecord{5d97068 u0 com.android.providers.media/.MediaScannerService} android.content.Intent$FilterComparison@5e49f425 args=Intent { cmp=com.android.providers.media/.MediaScannerService (has extras) }
04-20 20:12:33.477199   964  1844 V ActivityManager: >>> EXECUTING start of ServiceRecord{5d97068 u0 com.android.providers.media/.MediaScannerService} in app ProcessRecord{166e651 22060:android.process.media/u0a7}
04-20 20:12:33.477849   964  1844 D ActivityManager: SVC-Sent arguments: ServiceRecord{5d97068 u0 com.android.providers.media/.MediaScannerService}, app=ProcessRecord{166e651 22060:android.process.media/u0a7}, args=Intent { cmp=com.android.providers.media/.MediaScannerService (has extras) }, flags=0
04-20 20:12:33.479711   964  1162 D ActivityManager: SVC-Executing service done: ServiceRecord{47cf913 u0 com.android.providers.media/.MediaScannerService}, type=2, startId=0, res=0
04-20 20:12:33.479957   964  1162 V ActivityManager: <<< DONE EXECUTING ServiceRecord{47cf913 u0 com.android.providers.media/.MediaScannerService}: nesting=1, inDestroying=true, app=ProcessRecord{166e651 22060:android.process.media/u0a7}
04-20 20:12:33.481819 22060 22060 D ActivityThread: SVC-STOP_SERVICE handled : 0 / android.os.BinderProxy@f0a7bc4
04-20 20:12:33.484236 22060 22060 D ActivityThread: SVC-Creating service: CreateServiceData{token=android.os.BinderProxy@c6db3c7 className=com.android.providers.media.MediaScannerService packageName=com.android.providers.media intent=null}
04-20 20:12:33.511512 22060 22060 D ActivityThread: SVC-CREATE_SERVICE handled : 0 / CreateServiceData{token=android.os.BinderProxy@c6db3c7 className=com.android.providers.media.MediaScannerService packageName=com.android.providers.media intent=null}
04-20 20:12:33.512064   964  1843 D ActivityManager: SVC-Executing service done: ServiceRecord{5d97068 u0 com.android.providers.media/.MediaScannerService}, type=0, startId=0, res=0
04-20 20:12:33.512226   964  1843 V ActivityManager: <<< DONE EXECUTING ServiceRecord{5d97068 u0 com.android.providers.media/.MediaScannerService}: nesting=2, inDestroying=false, app=ProcessRecord{166e651 22060:android.process.media/u0a7}
04-20 20:12:33.512438 22060 22060 D ActivityThread: SVC-Calling onStartCommand: com.android.providers.media.MediaScannerService@a665df4, flags=0, startId=1
04-20 20:12:33.542262   964  8872 V WindowManager: Looking for focus: 6 = Window{fa8f8e8 u0 StatusBar}, flags=-2122055608, canReceive=false
04-20 20:12:33.543402   964  8872 V WindowManager: findFocusedWindow: Found new focus @ 2 = Window{378ec2d u0 com.android.launcher3/com.android.launcher3.Launcher}
04-20 20:12:33.558046 20174 20174 D ActivityThread: ACT-DESTROY_ACTIVITY handled : 1 / android.os.BinderProxy@ccaffa7
04-20 20:12:33.602061   964  1670 V WindowStateAnimator: finishDrawingLocked: mDrawState=COMMIT_DRAW_PENDING WindowStateAnimator{da51e29 com.android.launcher3/com.android.launcher3.Launcher} in Surface(name=com.android.launcher3/com.android.launcher3.Launcher)
04-20 20:12:33.610059   964   987 V WindowManager: **** GOOD TO GO
04-20 20:12:33.624753   964   987 V WindowManager: Looking for focus: 6 = Window{fa8f8e8 u0 StatusBar}, flags=-2122055608, canReceive=false
04-20 20:12:33.624993   964   987 V WindowManager: findFocusedWindow: Found new focus @ 2 = Window{378ec2d u0 com.android.launcher3/com.android.launcher3.Launcher}
04-20 20:12:33.625797   964   987 D WindowManager: notifyActivityDrawnForKeyguard: waiting=false Callers=com.android.server.wm.WindowManagerService.handleAppTransitionReadyLocked:10079 com.android.server.wm.WindowManagerService.performLayoutAndPlaceSurfacesLockedInner:10699 com.android.server.wm.WindowManagerService.performLayoutAndPlaceSurfacesLockedLoop:9443 com.android.server.wm.WindowManagerService.performLayoutAndPlaceSurfacesLocked:9390 com.android.server.wm.WindowManagerService.-wrap8:-1 
04-20 20:12:33.651567   964  2088 D PowerManagerService: releaseWakeLockInternal: lock=193877478 [*launch*], flags=0x0, total_time=335ms
04-20 20:12:33.656344   964  2088 D PowerManagerNotifier: onWakeLockReleased: flags=1, tag="*launch*", packageName=android, ownerUid=1000, ownerPid=964, workSource=WorkSource{10014}
04-20 20:12:33.656797   964  2088 D PowerManagerService: updateWakeLockSummaryLocked: mWakefulness=Awake, mWakeLockSummary=0x0
04-20 20:12:33.661916   964  2088 D PowerManagerService: updateUserActivitySummaryLocked: mWakefulness=Awake, mUserActivitySummary=0x9, nextTimeout=34484827 (in 7389 ms)
04-20 20:12:33.662483   964  2088 D DisplayPowerController: requestPowerState: policy=BRIGHT, useProximitySensor=false, screenBrightness=102, screenAutoBrightnessAdjustment=0.0, brightnessSetByUser=true, useAutoBrightness=false, blockScreenOn=false, lowPowerMode=false, boostScreenBrightness=false, dozeScreenBrightness=-1, dozeScreenState=UNKNOWN, waitForNegativeProximity=false
04-20 20:12:33.662742   964  2088 I PowerManagerService: setBrightness mButtonLight, screenBrightness=102
04-20 20:12:33.662957   964  2088 D PowerManagerService: updateDisplayPowerStateLocked: mDisplayReady=true, policy=3, mWakefulness=1, mWakeLockSummary=0x0, mUserActivitySummary=0x9, mBootCompleted=true, mScreenBrightnessBoostInProgress=false
04-20 20:12:33.663194   964  2088 D PowerManagerService: Releasing suspend blocker "PowerManagerService.WakeLocks".
04-20 20:12:33.701713   964  1006 D PowerManagerService: userActivityFromNative
04-20 20:12:33.702250   964  1006 D PowerManagerService: userActivityNoUpdateLocked: eventTime=34477474, event=2, flags=0x0, uid=1000
04-20 20:12:33.702533   964  1006 D PowerManagerNotifier: onUserActivity: event=2, uid=1000
04-20 20:12:33.703048   964  1006 D PowerManagerService: updateUserActivitySummaryLocked: mWakefulness=Awake, mUserActivitySummary=0x9, nextTimeout=34484827 (in 7348 ms)
04-20 20:12:33.703661   964  1006 D DisplayPowerController: requestPowerState: policy=BRIGHT, useProximitySensor=false, screenBrightness=102, screenAutoBrightnessAdjustment=0.0, brightnessSetByUser=true, useAutoBrightness=false, blockScreenOn=false, lowPowerMode=false, boostScreenBrightness=false, dozeScreenBrightness=-1, dozeScreenState=UNKNOWN, waitForNegativeProximity=false
04-20 20:12:33.703871   964  1006 I PowerManagerService: setBrightness mButtonLight, screenBrightness=102
04-20 20:12:33.704076   964  1006 D PowerManagerService: updateDisplayPowerStateLocked: mDisplayReady=true, policy=3, mWakefulness=1, mWakeLockSummary=0x0, mUserActivitySummary=0x9, mBootCompleted=true, mScreenBrightnessBoostInProgress=false
04-20 20:12:33.714509   964  8872 D ActivityManager: SVC-Executing service done: ServiceRecord{5d97068 u0 com.android.providers.media/.MediaScannerService}, type=1, startId=1, res=3
04-20 20:12:33.714798   964  8872 V ActivityManager: <<< DONE EXECUTING ServiceRecord{5d97068 u0 com.android.providers.media/.MediaScannerService}: nesting=1, inDestroying=false, app=ProcessRecord{166e651 22060:android.process.media/u0a7}
04-20 20:12:33.715314 22060 22060 D ActivityThread: SVC-SERVICE_ARGS handled : 0 / ServiceArgsData{token=android.os.BinderProxy@c6db3c7 startId=1 args=Intent { cmp=com.android.providers.media/.MediaScannerService (has extras) }}
04-20 20:12:33.742172   964  8871 V SettingsProvider: packageValueForCallResult, name = haptic_feedback_enabled, value : 1
04-20 20:12:33.744541   964  8871 D PowerManagerService: acquireWakeLockInternal: lock=221862968, flags=0x1, tag="*vibrator*", ws=WorkSource{1000}, uid=1000, pid=964
04-20 20:12:33.744755   964  8871 D PowerManagerService: updateWakeLockSummaryLocked: mWakefulness=Awake, mWakeLockSummary=0x1
04-20 20:12:33.745139   964  8871 D PowerManagerService: updateUserActivitySummaryLocked: mWakefulness=Awake, mUserActivitySummary=0x9, nextTimeout=34484827 (in 7306 ms)
04-20 20:12:33.745570   964  8871 D DisplayPowerController: requestPowerState: policy=BRIGHT, useProximitySensor=false, screenBrightness=102, screenAutoBrightnessAdjustment=0.0, brightnessSetByUser=true, useAutoBrightness=false, blockScreenOn=false, lowPowerMode=false, boostScreenBrightness=false, dozeScreenBrightness=-1, dozeScreenState=UNKNOWN, waitForNegativeProximity=false
04-20 20:12:33.745756   964  8871 I PowerManagerService: setBrightness mButtonLight, screenBrightness=102
04-20 20:12:33.745964   964  8871 D PowerManagerService: updateDisplayPowerStateLocked: mDisplayReady=true, policy=3, mWakefulness=1, mWakeLockSummary=0x1, mUserActivitySummary=0x9, mBootCompleted=true, mScreenBrightnessBoostInProgress=false
04-20 20:12:33.746179   964  8871 D PowerManagerService: Acquiring suspend blocker "PowerManagerService.WakeLocks".
04-20 20:12:33.746478   964  8871 D PowerManagerNotifier: onWakeLockAcquired: flags=1, tag="*vibrator*", packageName=android, ownerUid=1000, ownerPid=964, workSource=WorkSource{1000}
04-20 20:12:33.752552   964  1006 D PowerManagerService: userActivityFromNative
04-20 20:12:33.753090   964  1006 D PowerManagerService: userActivityNoUpdateLocked: eventTime=34477508, event=1, flags=0x0, uid=1000
04-20 20:12:33.753314   964  1006 D PowerManagerNotifier: onUserActivity: event=1, uid=1000
04-20 20:12:33.754467   964  1006 D PowerManagerService: updateUserActivitySummaryLocked: mWakefulness=Awake, mUserActivitySummary=0x9, nextTimeout=34485508 (in 7978 ms)
04-20 20:12:33.756966   964  1006 D DisplayPowerController: requestPowerState: policy=BRIGHT, useProximitySensor=false, screenBrightness=102, screenAutoBrightnessAdjustment=0.0, brightnessSetByUser=true, useAutoBrightness=false, blockScreenOn=false, lowPowerMode=false, boostScreenBrightness=false, dozeScreenBrightness=-1, dozeScreenState=UNKNOWN, waitForNegativeProximity=false
04-20 20:12:33.757236   964  1006 I PowerManagerService: setBrightness mButtonLight, screenBrightness=102
04-20 20:12:33.757704   964  1006 D PowerManagerService: updateDisplayPowerStateLocked: mDisplayReady=true, policy=3, mWakefulness=1, mWakeLockSummary=0x1, mUserActivitySummary=0x9, mBootCompleted=true, mScreenBrightnessBoostInProgress=false
04-20 20:12:33.818475   964 22609 D PowerManagerService: releaseWakeLockInternal: lock=221862968 [*vibrator*], flags=0x0, total_time=73ms
04-20 20:12:33.819178   964 22609 D PowerManagerNotifier: onWakeLockReleased: flags=1, tag="*vibrator*", packageName=android, ownerUid=1000, ownerPid=964, workSource=WorkSource{1000}
04-20 20:12:33.819637   964 22609 D PowerManagerService: updateWakeLockSummaryLocked: mWakefulness=Awake, mWakeLockSummary=0x0
04-20 20:12:33.819997   964 22609 D PowerManagerService: updateUserActivitySummaryLocked: mWakefulness=Awake, mUserActivitySummary=0x9, nextTimeout=34485508 (in 7912 ms)
04-20 20:12:33.820796   964 22609 D DisplayPowerController: requestPowerState: policy=BRIGHT, useProximitySensor=false, screenBrightness=102, screenAutoBrightnessAdjustment=0.0, brightnessSetByUser=true, useAutoBrightness=false, blockScreenOn=false, lowPowerMode=false, boostScreenBrightness=false, dozeScreenBrightness=-1, dozeScreenState=UNKNOWN, waitForNegativeProximity=false
04-20 20:12:33.821109   964 22609 I PowerManagerService: setBrightness mButtonLight, screenBrightness=102
04-20 20:12:33.821400   964 22609 D PowerManagerService: updateDisplayPowerStateLocked: mDisplayReady=true, policy=3, mWakefulness=1, mWakeLockSummary=0x0, mUserActivitySummary=0x9, mBootCompleted=true, mScreenBrightnessBoostInProgress=false
04-20 20:12:33.821608   964 22609 D PowerManagerService: Releasing suspend blocker "PowerManagerService.WakeLocks".
04-20 20:12:33.824442   964  1844 D DisplayManagerService: Display listener for pid 22292 died.
04-20 20:12:33.830858   964  1844 I ActivityManager: Process com.android.vending (pid 22292) has died
04-20 20:12:33.832586   964  1844 D ActivityManager: SVC-handleAppDiedLocked: app = ProcessRecord{322266f 22292:com.android.vending/u0a18}, app.pid = 22292
04-20 20:12:33.833268   964  1844 D ActivityManager: removeDyingProviderLocked: cpr=ContentProviderRecord{5e00975 u0 com.android.vending/com.google.android.finsky.providers.RecentSuggestionsProvider} always=false inLaunching=false
04-20 20:12:33.834093   964  1844 D ActivityManager: SVC-mBroadcastQueues: com.android.server.am.BroadcastQueue@849ef70
04-20 20:12:33.834365   964  1844 D ActivityManager: SVC-mBroadcastQueues: com.android.server.am.BroadcastQueue@f0f42e9
04-20 20:12:33.856149   964  1001 D AlarmManager: set alarm to RTC 58294120
04-20 20:12:33.856383   964  1001 V AlarmManager: openLteGateSuccess = false
04-20 20:12:33.857239   964  1001 V AlarmManager: socktUnblockingTimeElapsed(ms): 276358 < mMinimumPeriod_BlockSocket: 300000
04-20 20:12:33.857643   964  1001 D AlarmManager: wakeup alarm = Alarm{8c3dd0a type 0 when 1461154353855 com.android.vending}; package = com.android.vendingneedGrouping = false
04-20 20:12:33.876790   964   987 D ActivityManager: ACT-windowsVisible(): ActivityRecord{6401458 u0 com.android.launcher3/.Launcher t31}
04-20 20:12:33.890297   964  1001 I ActivityManager: [Background Service Priority Adjustment] Set callerFg as false for service.getFlags():260
04-20 20:12:33.951163   964  1001 I ActivityManager: Start proc 22610:com.android.vending/u0a18 for service com.android.vending/com.google.android.finsky.services.ContentSyncService
04-20 20:12:33.951881   964  1001 I ActivityManager: [Background Service Priority Adjustment] Process.setProcessGroup to Process.THREAD_GROUP_BG_NONINTERACTIVE, app.pid: 22610
04-20 20:12:33.952421   964  1001 V AlarmManager: sending alarm Alarm{8c3dd0a type 0 when 1461154353855 com.android.vending} success
04-20 20:12:33.952614   964   964 D AlarmManager: onSendFinished begin
04-20 20:12:33.953363   964  1001 D PowerManagerService: acquireWakeLockInternal: lock=47640520, flags=0x1, tag="*alarm*", ws=WorkSource{10018}, uid=1000, pid=964
04-20 20:12:33.957563   964  1001 D PowerManagerService: updateWakeLockSummaryLocked: mWakefulness=Awake, mWakeLockSummary=0x1
04-20 20:12:33.958000   964  1001 D PowerManagerService: updateUserActivitySummaryLocked: mWakefulness=Awake, mUserActivitySummary=0x9, nextTimeout=34485508 (in 7774 ms)
04-20 20:12:33.958470   964  1001 D DisplayPowerController: requestPowerState: policy=BRIGHT, useProximitySensor=false, screenBrightness=102, screenAutoBrightnessAdjustment=0.0, brightnessSetByUser=true, useAutoBrightness=false, blockScreenOn=false, lowPowerMode=false, boostScreenBrightness=false, dozeScreenBrightness=-1, dozeScreenState=UNKNOWN, waitForNegativeProximity=false
04-20 20:12:33.958636   964  1001 I PowerManagerService: setBrightness mButtonLight, screenBrightness=102
04-20 20:12:33.958834   964  1001 D PowerManagerService: updateDisplayPowerStateLocked: mDisplayReady=true, policy=3, mWakefulness=1, mWakeLockSummary=0x1, mUserActivitySummary=0x9, mBootCompleted=true, mScreenBrightnessBoostInProgress=false
04-20 20:12:33.959037   964  1001 D PowerManagerService: Acquiring suspend blocker "PowerManagerService.WakeLocks".
04-20 20:12:33.959449   964  1001 D PowerManagerNotifier: onWakeLockAcquired: flags=1, tag="*alarm*", packageName=android, ownerUid=1000, ownerPid=964, workSource=WorkSource{10018}
04-20 20:12:33.964082   964   983 V NetworkStats: setKernelCounterSet uid=10018 set=1
04-20 20:12:33.964561   964   964 D PowerManagerService: releaseWakeLockInternal: lock=47640520 [*alarm*], flags=0x0, total_time=7ms
04-20 20:12:33.964841   964   964 D PowerManagerNotifier: onWakeLockReleased: flags=1, tag="*alarm*", packageName=android, ownerUid=1000, ownerPid=964, workSource=WorkSource{10018}
04-20 20:12:33.965152   964   964 D PowerManagerService: updateWakeLockSummaryLocked: mWakefulness=Awake, mWakeLockSummary=0x0
04-20 20:12:33.965550   964   964 D PowerManagerService: updateUserActivitySummaryLocked: mWakefulness=Awake, mUserActivitySummary=0x9, nextTimeout=34485508 (in 7766 ms)
04-20 20:12:33.965980   964   964 D DisplayPowerController: requestPowerState: policy=BRIGHT, useProximitySensor=false, screenBrightness=102, screenAutoBrightnessAdjustment=0.0, brightnessSetByUser=true, useAutoBrightness=false, blockScreenOn=false, lowPowerMode=false, boostScreenBrightness=false, dozeScreenBrightness=-1, dozeScreenState=UNKNOWN, waitForNegativeProximity=false
04-20 20:12:33.966160   964   964 I PowerManagerService: setBrightness mButtonLight, screenBrightness=102
04-20 20:12:33.966368   964   964 D PowerManagerService: updateDisplayPowerStateLocked: mDisplayReady=true, policy=3, mWakefulness=1, mWakeLockSummary=0x0, mUserActivitySummary=0x9, mBootCompleted=true, mScreenBrightnessBoostInProgress=false
04-20 20:12:33.966575   964   964 D PowerManagerService: Releasing suspend blocker "PowerManagerService.WakeLocks".
04-20 20:12:34.028968   964   975 V ActivityManager: >>> EXECUTING destroy of ServiceRecord{5d97068 u0 com.android.providers.media/.MediaScannerService} in app ProcessRecord{166e651 22060:android.process.media/u0a7}
04-20 20:12:34.030091   964   976 V ActivityManager: startService: Intent { cmp=com.android.providers.media/.MediaScannerService (has extras) } callerApp=ProcessRecord{166e651 22060:android.process.media/u0a7}
04-20 20:12:34.030438 22060 22060 D ActivityThread: SVC-Destroying service: com.android.providers.media.MediaScannerService@a665df4
04-20 20:12:34.031797   964   976 V ActivityManager: >>> EXECUTING create of ServiceRecord{37dc398 u0 com.android.providers.media/.MediaScannerService} in app ProcessRecord{166e651 22060:android.process.media/u0a7}
04-20 20:12:34.034631   964   976 V ActivityManager: AMS Creating service ServiceRecord{37dc398 u0 com.android.providers.media/.MediaScannerService}
04-20 20:12:34.035826   964   976 V ActivityManager: Sending arguments to: ServiceRecord{37dc398 u0 com.android.providers.media/.MediaScannerService} android.content.Intent$FilterComparison@5e49f425 args=Intent { cmp=com.android.providers.media/.MediaScannerService (has extras) }
04-20 20:12:34.035987   964   976 V ActivityManager: >>> EXECUTING start of ServiceRecord{37dc398 u0 com.android.providers.media/.MediaScannerService} in app ProcessRecord{166e651 22060:android.process.media/u0a7}
04-20 20:12:34.037375   964   976 D ActivityManager: SVC-Sent arguments: ServiceRecord{37dc398 u0 com.android.providers.media/.MediaScannerService}, app=ProcessRecord{166e651 22060:android.process.media/u0a7}, args=Intent { cmp=com.android.providers.media/.MediaScannerService (has extras) }, flags=0
04-20 20:12:34.039736   964   983 V NetworkStats: setKernelCounterSet uid=10018 set=0
04-20 20:12:34.045742   964  8872 D ActivityManager: SVC-Executing service done: ServiceRecord{5d97068 u0 com.android.providers.media/.MediaScannerService}, type=2, startId=0, res=0
04-20 20:12:34.045961   964  8872 V ActivityManager: <<< DONE EXECUTING ServiceRecord{5d97068 u0 com.android.providers.media/.MediaScannerService}: nesting=1, inDestroying=true, app=ProcessRecord{166e651 22060:android.process.media/u0a7}
04-20 20:12:34.046994 22060 22060 D ActivityThread: SVC-STOP_SERVICE handled : 0 / android.os.BinderProxy@c6db3c7
04-20 20:12:34.048173 22060 22060 D ActivityThread: SVC-Creating service: CreateServiceData{token=android.os.BinderProxy@256bed5 className=com.android.providers.media.MediaScannerService packageName=com.android.providers.media intent=null}
04-20 20:12:34.066303   964   987 V WindowManager: Looking for focus: 5 = Window{fa8f8e8 u0 StatusBar}, flags=-2122055608, canReceive=false
04-20 20:12:34.066531   964   987 V WindowManager: findFocusedWindow: Found new focus @ 1 = Window{378ec2d u0 com.android.launcher3/com.android.launcher3.Launcher}
04-20 20:12:34.084605 22060 22060 D ActivityThread: SVC-CREATE_SERVICE handled : 0 / CreateServiceData{token=android.os.BinderProxy@256bed5 className=com.android.providers.media.MediaScannerService packageName=com.android.providers.media intent=null}
04-20 20:12:34.085304   964  1747 D ActivityManager: SVC-Executing service done: ServiceRecord{37dc398 u0 com.android.providers.media/.MediaScannerService}, type=0, startId=0, res=0
04-20 20:12:34.085645 22060 22060 D ActivityThread: SVC-Calling onStartCommand: com.android.providers.media.MediaScannerService@ad256ea, flags=0, startId=1
04-20 20:12:34.086448   964  1747 V ActivityManager: <<< DONE EXECUTING ServiceRecord{37dc398 u0 com.android.providers.media/.MediaScannerService}: nesting=2, inDestroying=false, app=ProcessRecord{166e651 22060:android.process.media/u0a7}
04-20 20:12:34.210121   964  1663 D ActivityManager: SVC-Executing service done: ServiceRecord{37dc398 u0 com.android.providers.media/.MediaScannerService}, type=1, startId=1, res=3
04-20 20:12:34.210190 22060 22060 D ActivityThread: SVC-SERVICE_ARGS handled : 0 / ServiceArgsData{token=android.os.BinderProxy@256bed5 startId=1 args=Intent { cmp=com.android.providers.media/.MediaScannerService (has extras) }}
04-20 20:12:34.210446   964  1663 V ActivityManager: <<< DONE EXECUTING ServiceRecord{37dc398 u0 com.android.providers.media/.MediaScannerService}: nesting=1, inDestroying=false, app=ProcessRecord{166e651 22060:android.process.media/u0a7}
04-20 20:12:34.214628   964  8871 D ActivityManager: ACT-attachApplication pid 22610 to thread android.app.ApplicationThreadProxy@b578144
04-20 20:12:34.218878   964  8871 V ActivityManager: >>> EXECUTING create of ServiceRecord{c3cf22d u0 com.android.vending/com.google.android.finsky.services.ContentSyncService} in app ProcessRecord{38b0362 22610:com.android.vending/u0a18}
04-20 20:12:34.227739   964  8871 V ActivityManager: AMS Creating service ServiceRecord{c3cf22d u0 com.android.vending/com.google.android.finsky.services.ContentSyncService}
04-20 20:12:34.228899   964  8871 V ActivityManager: Sending arguments to: ServiceRecord{c3cf22d u0 com.android.vending/com.google.android.finsky.services.ContentSyncService} android.content.Intent$FilterComparison@9ec3d211 args=Intent { flg=0x104 cmp=com.android.vending/com.google.android.finsky.services.ContentSyncService (has extras) }
04-20 20:12:34.229146   964  8871 V ActivityManager: >>> EXECUTING start of ServiceRecord{c3cf22d u0 com.android.vending/com.google.android.finsky.services.ContentSyncService} in app ProcessRecord{38b0362 22610:com.android.vending/u0a18}
04-20 20:12:34.229807   964  8871 D ActivityManager: SVC-Sent arguments: ServiceRecord{c3cf22d u0 com.android.vending/com.google.android.finsky.services.ContentSyncService}, app=ProcessRecord{38b0362 22610:com.android.vending/u0a18}, args=Intent { flg=0x104 cmp=com.android.vending/com.google.android.finsky.services.ContentSyncService (has extras) }, flags=0
04-20 20:12:34.394071   964  2089 V ActivityManager: >>> EXECUTING destroy of ServiceRecord{37dc398 u0 com.android.providers.media/.MediaScannerService} in app ProcessRecord{166e651 22060:android.process.media/u0a7}
04-20 20:12:34.397010 22060 22060 D ActivityThread: SVC-Destroying service: com.android.providers.media.MediaScannerService@ad256ea
04-20 20:12:34.397780   964  1844 V ActivityManager: startService: Intent { cmp=com.android.providers.media/.MediaScannerService (has extras) } callerApp=ProcessRecord{166e651 22060:android.process.media/u0a7}
04-20 20:12:34.399599   964  1844 V ActivityManager: >>> EXECUTING create of ServiceRecord{d047cf3 u0 com.android.providers.media/.MediaScannerService} in app ProcessRecord{166e651 22060:android.process.media/u0a7}
04-20 20:12:34.404069   964  1844 V ActivityManager: AMS Creating service ServiceRecord{d047cf3 u0 com.android.providers.media/.MediaScannerService}
04-20 20:12:34.405257   964  1844 V ActivityManager: Sending arguments to: ServiceRecord{d047cf3 u0 com.android.providers.media/.MediaScannerService} android.content.Intent$FilterComparison@5e49f425 args=Intent { cmp=com.android.providers.media/.MediaScannerService (has extras) }
04-20 20:12:34.405504   964  1844 V ActivityManager: >>> EXECUTING start of ServiceRecord{d047cf3 u0 com.android.providers.media/.MediaScannerService} in app ProcessRecord{166e651 22060:android.process.media/u0a7}
04-20 20:12:34.405775 22610 22610 D ActivityThread: installProvider: context.getPackageName()=com.android.vending
04-20 20:12:34.406761   964  1844 D ActivityManager: SVC-Sent arguments: ServiceRecord{d047cf3 u0 com.android.providers.media/.MediaScannerService}, app=ProcessRecord{166e651 22060:android.process.media/u0a7}, args=Intent { cmp=com.android.providers.media/.MediaScannerService (has extras) }, flags=0
04-20 20:12:34.411075   964  2088 D ActivityManager: SVC-Executing service done: ServiceRecord{37dc398 u0 com.android.providers.media/.MediaScannerService}, type=2, startId=0, res=0
04-20 20:12:34.411655   964  2088 V ActivityManager: <<< DONE EXECUTING ServiceRecord{37dc398 u0 com.android.providers.media/.MediaScannerService}: nesting=1, inDestroying=true, app=ProcessRecord{166e651 22060:android.process.media/u0a7}
04-20 20:12:34.412455 22060 22060 D ActivityThread: SVC-STOP_SERVICE handled : 0 / android.os.BinderProxy@256bed5
04-20 20:12:34.413288 22060 22060 D ActivityThread: SVC-Creating service: CreateServiceData{token=android.os.BinderProxy@5a4cd53 className=com.android.providers.media.MediaScannerService packageName=com.android.providers.media intent=null}
04-20 20:12:34.421657   964  1843 D ActivityManager: publishContentProviders: from caller=android.app.ApplicationThreadProxy@fed6db0 (pid=22610)
04-20 20:12:34.453643 22060 22060 D ActivityThread: SVC-CREATE_SERVICE handled : 0 / CreateServiceData{token=android.os.BinderProxy@5a4cd53 className=com.android.providers.media.MediaScannerService packageName=com.android.providers.media intent=null}
04-20 20:12:34.453722   964  1162 D ActivityManager: SVC-Executing service done: ServiceRecord{d047cf3 u0 com.android.providers.media/.MediaScannerService}, type=0, startId=0, res=0
04-20 20:12:34.453939   964  1162 V ActivityManager: <<< DONE EXECUTING ServiceRecord{d047cf3 u0 com.android.providers.media/.MediaScannerService}: nesting=2, inDestroying=false, app=ProcessRecord{166e651 22060:android.process.media/u0a7}
04-20 20:12:34.456838 22060 22060 D ActivityThread: SVC-Calling onStartCommand: com.android.providers.media.MediaScannerService@eece690, flags=0, startId=1
04-20 20:12:34.463690   964   975 D ActivityManager: getContentProviderImpl: from caller=android.app.ApplicationThreadProxy@b3b4dc (pid=22610, userId=0) to get content provider com.google.android.gsf.gservices cpr=ContentProviderRecord{66c1f44 u0 com.google.android.gsf/.gservices.GservicesProvider}
04-20 20:12:34.464430   964   975 D ActivityManager: getContentProviderImpl: updateLruProcessLocked cpr.proc=ProcessRecord{28382d 2236:com.google.process.gapps/u0a10}
04-20 20:12:34.469054 22610 22610 D ActivityThread: holder:android.app.IActivityManager$ContentProviderHolder@29c8763, holder.provider:android.content.ContentProviderProxy@777ff60
04-20 20:12:34.567457 22060 22060 D ActivityThread: SVC-SERVICE_ARGS handled : 0 / ServiceArgsData{token=android.os.BinderProxy@5a4cd53 startId=1 args=Intent { cmp=com.android.providers.media/.MediaScannerService (has extras) }}
04-20 20:12:34.567765   964  1652 D ActivityManager: SVC-Executing service done: ServiceRecord{d047cf3 u0 com.android.providers.media/.MediaScannerService}, type=1, startId=1, res=3
04-20 20:12:34.568038   964  1652 V ActivityManager: <<< DONE EXECUTING ServiceRecord{d047cf3 u0 com.android.providers.media/.MediaScannerService}: nesting=1, inDestroying=false, app=ProcessRecord{166e651 22060:android.process.media/u0a7}
04-20 20:12:34.584569   964  1670 D ActivityManager: getContentProviderImpl: from caller=android.app.ApplicationThreadProxy@bc739e5 (pid=22610, userId=0) to get content provider settings cpr=ContentProviderRecord{3099187 u0 com.android.providers.settings/.SettingsProvider}
04-20 20:12:34.584917   964  1670 D ActivityManager: getContentProviderImpl: updateLruProcessLocked cpr.proc=ProcessRecord{7b8ebd8 964:system/1000}
04-20 20:12:34.586564 22610 22610 D ActivityThread: holder:android.app.IActivityManager$ContentProviderHolder@94db18c, holder.provider:android.content.ContentProviderProxy@7570d5
04-20 20:12:34.587725   964  8872 V SettingsProvider: packageValueForCallResult, name = android_id, value : d38bddedffe8f629
04-20 20:12:34.674614   964  1670 D CSLegacyTypeTracker: getNetworkForType type 0
04-20 20:12:34.675425   964  1670 D CSLegacyTypeTracker: getNetworkForType type 1
04-20 20:12:34.676489   964  1670 D CSLegacyTypeTracker: getNetworkForType type 2
04-20 20:12:34.677282   964  1670 D CSLegacyTypeTracker: getNetworkForType type 3
04-20 20:12:34.677640   964  1670 D CSLegacyTypeTracker: getNetworkForType type 4
04-20 20:12:34.677984   964  1670 D CSLegacyTypeTracker: getNetworkForType type 5
04-20 20:12:34.678355   964  1670 D CSLegacyTypeTracker: getNetworkForType type 7
04-20 20:12:34.678741   964  1670 D CSLegacyTypeTracker: getNetworkForType type 10
04-20 20:12:34.678993   964  1670 D CSLegacyTypeTracker: getNetworkForType type 11
04-20 20:12:34.679354   964  1670 D CSLegacyTypeTracker: getNetworkForType type 12
04-20 20:12:34.679874   964  1670 D CSLegacyTypeTracker: getNetworkForType type 14
04-20 20:12:34.680200   964  1670 D CSLegacyTypeTracker: getNetworkForType type 15
04-20 20:12:34.680546   964  1670 D CSLegacyTypeTracker: getNetworkForType type 17
04-20 20:12:34.681730   964  1670 D CSLegacyTypeTracker: getNetworkForType type 34
04-20 20:12:34.682063   964  1670 D CSLegacyTypeTracker: getNetworkForType type 35
04-20 20:12:34.682316   964  1670 D CSLegacyTypeTracker: getNetworkForType type 36
04-20 20:12:34.682542   964  1670 D CSLegacyTypeTracker: getNetworkForType type 37
04-20 20:12:34.682765   964  1670 D CSLegacyTypeTracker: getNetworkForType type 38
04-20 20:12:34.683057   964  1670 D CSLegacyTypeTracker: getNetworkForType type 40
04-20 20:12:34.683287   964  1670 D CSLegacyTypeTracker: getNetworkForType type 41
04-20 20:12:34.684121   964  1670 D CSLegacyTypeTracker: getNetworkForType type 49
04-20 20:12:34.696773   964   979 V ActivityManager: >>> EXECUTING destroy of ServiceRecord{d047cf3 u0 com.android.providers.media/.MediaScannerService} in app ProcessRecord{166e651 22060:android.process.media/u0a7}
04-20 20:12:34.699024 22060 22060 D ActivityThread: SVC-Destroying service: com.android.providers.media.MediaScannerService@eece690
04-20 20:12:34.699443   964  1927 V ActivityManager: startService: Intent { cmp=com.android.providers.media/.MediaScannerService (has extras) } callerApp=ProcessRecord{166e651 22060:android.process.media/u0a7}
04-20 20:12:34.701025   964  1927 V ActivityManager: >>> EXECUTING create of ServiceRecord{3959cba u0 com.android.providers.media/.MediaScannerService} in app ProcessRecord{166e651 22060:android.process.media/u0a7}
04-20 20:12:34.704738   964  1927 V ActivityManager: AMS Creating service ServiceRecord{3959cba u0 com.android.providers.media/.MediaScannerService}
04-20 20:12:34.708156   964  1927 V ActivityManager: Sending arguments to: ServiceRecord{3959cba u0 com.android.providers.media/.MediaScannerService} android.content.Intent$FilterComparison@5e49f425 args=Intent { cmp=com.android.providers.media/.MediaScannerService (has extras) }
04-20 20:12:34.708330   964  1927 V ActivityManager: >>> EXECUTING start of ServiceRecord{3959cba u0 com.android.providers.media/.MediaScannerService} in app ProcessRecord{166e651 22060:android.process.media/u0a7}
04-20 20:12:34.709116   964  1927 D ActivityManager: SVC-Sent arguments: ServiceRecord{3959cba u0 com.android.providers.media/.MediaScannerService}, app=ProcessRecord{166e651 22060:android.process.media/u0a7}, args=Intent { cmp=com.android.providers.media/.MediaScannerService (has extras) }, flags=0
04-20 20:12:34.711434 22060 22060 D ActivityThread: SVC-STOP_SERVICE handled : 0 / android.os.BinderProxy@5a4cd53
04-20 20:12:34.711663   964  2088 D ActivityManager: SVC-Executing service done: ServiceRecord{d047cf3 u0 com.android.providers.media/.MediaScannerService}, type=2, startId=0, res=0
04-20 20:12:34.711971   964  2088 V ActivityManager: <<< DONE EXECUTING ServiceRecord{d047cf3 u0 com.android.providers.media/.MediaScannerService}: nesting=1, inDestroying=true, app=ProcessRecord{166e651 22060:android.process.media/u0a7}
04-20 20:12:34.712289 22060 22060 D ActivityThread: SVC-Creating service: CreateServiceData{token=android.os.BinderProxy@b84d2c1 className=com.android.providers.media.MediaScannerService packageName=com.android.providers.media intent=null}
04-20 20:12:34.731412 22060 22060 D ActivityThread: SVC-CREATE_SERVICE handled : 0 / CreateServiceData{token=android.os.BinderProxy@b84d2c1 className=com.android.providers.media.MediaScannerService packageName=com.android.providers.media intent=null}
04-20 20:12:34.731569   964   975 D ActivityManager: SVC-Executing service done: ServiceRecord{3959cba u0 com.android.providers.media/.MediaScannerService}, type=0, startId=0, res=0
04-20 20:12:34.731741   964   975 V ActivityManager: <<< DONE EXECUTING ServiceRecord{3959cba u0 com.android.providers.media/.MediaScannerService}: nesting=2, inDestroying=false, app=ProcessRecord{166e651 22060:android.process.media/u0a7}
04-20 20:12:34.732279 22060 22060 D ActivityThread: SVC-Calling onStartCommand: com.android.providers.media.MediaScannerService@20aba66, flags=0, startId=1
04-20 20:12:34.841172 22060 22060 D ActivityThread: SVC-SERVICE_ARGS handled : 0 / ServiceArgsData{token=android.os.BinderProxy@b84d2c1 startId=1 args=Intent { cmp=com.android.providers.media/.MediaScannerService (has extras) }}
04-20 20:12:34.841340   964  1162 D ActivityManager: SVC-Executing service done: ServiceRecord{3959cba u0 com.android.providers.media/.MediaScannerService}, type=1, startId=1, res=3
04-20 20:12:34.841690   964  1162 V ActivityManager: <<< DONE EXECUTING ServiceRecord{3959cba u0 com.android.providers.media/.MediaScannerService}: nesting=1, inDestroying=false, app=ProcessRecord{166e651 22060:android.process.media/u0a7}
04-20 20:12:34.845963   964  1006 D PowerManagerService: userActivityFromNative
04-20 20:12:34.846230   964  1006 D PowerManagerService: userActivityNoUpdateLocked: eventTime=34478620, event=2, flags=0x0, uid=1000
04-20 20:12:34.846496   964  1006 D PowerManagerNotifier: onUserActivity: event=2, uid=1000
04-20 20:12:34.847128   964  1006 D PowerManagerService: updateUserActivitySummaryLocked: mWakefulness=Awake, mUserActivitySummary=0x9, nextTimeout=34485508 (in 6885 ms)
04-20 20:12:34.849171   964  1006 D DisplayPowerController: requestPowerState: policy=BRIGHT, useProximitySensor=false, screenBrightness=102, screenAutoBrightnessAdjustment=0.0, brightnessSetByUser=true, useAutoBrightness=false, blockScreenOn=false, lowPowerMode=false, boostScreenBrightness=false, dozeScreenBrightness=-1, dozeScreenState=UNKNOWN, waitForNegativeProximity=false
04-20 20:12:34.849410   964  1006 I PowerManagerService: setBrightness mButtonLight, screenBrightness=102
04-20 20:12:34.849646   964  1006 D PowerManagerService: updateDisplayPowerStateLocked: mDisplayReady=true, policy=3, mWakefulness=1, mWakeLockSummary=0x0, mUserActivitySummary=0x9, mBootCompleted=true, mScreenBrightnessBoostInProgress=false
04-20 20:12:34.853826   964  8872 V SettingsProvider: packageValueForCallResult, name = haptic_feedback_enabled, value : 1
04-20 20:12:34.855782   964  8872 D PowerManagerService: acquireWakeLockInternal: lock=221862968, flags=0x1, tag="*vibrator*", ws=WorkSource{10014}, uid=1000, pid=964
04-20 20:12:34.856606   964  8872 D PowerManagerService: updateWakeLockSummaryLocked: mWakefulness=Awake, mWakeLockSummary=0x1
04-20 20:12:34.857050   964  8872 D PowerManagerService: updateUserActivitySummaryLocked: mWakefulness=Awake, mUserActivitySummary=0x9, nextTimeout=34485508 (in 6875 ms)
04-20 20:12:34.857466   964  8872 D DisplayPowerController: requestPowerState: policy=BRIGHT, useProximitySensor=false, screenBrightness=102, screenAutoBrightnessAdjustment=0.0, brightnessSetByUser=true, useAutoBrightness=false, blockScreenOn=false, lowPowerMode=false, boostScreenBrightness=false, dozeScreenBrightness=-1, dozeScreenState=UNKNOWN, waitForNegativeProximity=false
04-20 20:12:34.857671   964  8872 I PowerManagerService: setBrightness mButtonLight, screenBrightness=102
04-20 20:12:34.857884   964  8872 D PowerManagerService: updateDisplayPowerStateLocked: mDisplayReady=true, policy=3, mWakefulness=1, mWakeLockSummary=0x1, mUserActivitySummary=0x9, mBootCompleted=true, mScreenBrightnessBoostInProgress=false
04-20 20:12:34.858117   964  8872 D PowerManagerService: Acquiring suspend blocker "PowerManagerService.WakeLocks".
04-20 20:12:34.858439   964  8872 D PowerManagerNotifier: onWakeLockAcquired: flags=1, tag="*vibrator*", packageName=android, ownerUid=1000, ownerPid=964, workSource=WorkSource{10014}
04-20 20:12:34.922275   964 22636 D PowerManagerService: releaseWakeLockInternal: lock=221862968 [*vibrator*], flags=0x0, total_time=66ms
04-20 20:12:34.922673   964 22636 D PowerManagerNotifier: onWakeLockReleased: flags=1, tag="*vibrator*", packageName=android, ownerUid=1000, ownerPid=964, workSource=WorkSource{10014}
04-20 20:12:34.923090   964 22636 D PowerManagerService: updateWakeLockSummaryLocked: mWakefulness=Awake, mWakeLockSummary=0x0
04-20 20:12:34.923739   964 22636 D PowerManagerService: updateUserActivitySummaryLocked: mWakefulness=Awake, mUserActivitySummary=0x9, nextTimeout=34485508 (in 6809 ms)
04-20 20:12:34.924247   964 22636 D DisplayPowerController: requestPowerState: policy=BRIGHT, useProximitySensor=false, screenBrightness=102, screenAutoBrightnessAdjustment=0.0, brightnessSetByUser=true, useAutoBrightness=false, blockScreenOn=false, lowPowerMode=false, boostScreenBrightness=false, dozeScreenBrightness=-1, dozeScreenState=UNKNOWN, waitForNegativeProximity=false
04-20 20:12:34.924449   964 22636 I PowerManagerService: setBrightness mButtonLight, screenBrightness=102
04-20 20:12:34.924695   964 22636 D PowerManagerService: updateDisplayPowerStateLocked: mDisplayReady=true, policy=3, mWakefulness=1, mWakeLockSummary=0x0, mUserActivitySummary=0x9, mBootCompleted=true, mScreenBrightnessBoostInProgress=false
04-20 20:12:34.924930   964 22636 D PowerManagerService: Releasing suspend blocker "PowerManagerService.WakeLocks".
04-20 20:12:34.934670   964  8871 D WifiService: getWifiServiceMessenger, pid:22610, uid:10018
04-20 20:12:34.966390   964  1652 V ActivityManager: >>> EXECUTING destroy of ServiceRecord{3959cba u0 com.android.providers.media/.MediaScannerService} in app ProcessRecord{166e651 22060:android.process.media/u0a7}
04-20 20:12:34.969328   964  1843 V ActivityManager: startService: Intent { cmp=com.android.providers.media/.MediaScannerService (has extras) } callerApp=ProcessRecord{166e651 22060:android.process.media/u0a7}
04-20 20:12:34.969856 22060 22060 D ActivityThread: SVC-Destroying service: com.android.providers.media.MediaScannerService@20aba66
04-20 20:12:34.971165   964  1843 V ActivityManager: >>> EXECUTING create of ServiceRecord{470ca86 u0 com.android.providers.media/.MediaScannerService} in app ProcessRecord{166e651 22060:android.process.media/u0a7}
04-20 20:12:34.974435   964  1843 V ActivityManager: AMS Creating service ServiceRecord{470ca86 u0 com.android.providers.media/.MediaScannerService}
04-20 20:12:34.976681   964  1843 V ActivityManager: Sending arguments to: ServiceRecord{470ca86 u0 com.android.providers.media/.MediaScannerService} android.content.Intent$FilterComparison@5e49f425 args=Intent { cmp=com.android.providers.media/.MediaScannerService (has extras) }
04-20 20:12:34.976886   964  1843 V ActivityManager: >>> EXECUTING start of ServiceRecord{470ca86 u0 com.android.providers.media/.MediaScannerService} in app ProcessRecord{166e651 22060:android.process.media/u0a7}
04-20 20:12:34.977491   964  1843 D ActivityManager: SVC-Sent arguments: ServiceRecord{470ca86 u0 com.android.providers.media/.MediaScannerService}, app=ProcessRecord{166e651 22060:android.process.media/u0a7}, args=Intent { cmp=com.android.providers.media/.MediaScannerService (has extras) }, flags=0
04-20 20:12:34.979104   964  1670 D ActivityManager: SVC-Executing service done: ServiceRecord{3959cba u0 com.android.providers.media/.MediaScannerService}, type=2, startId=0, res=0
04-20 20:12:34.979409   964  1670 V ActivityManager: <<< DONE EXECUTING ServiceRecord{3959cba u0 com.android.providers.media/.MediaScannerService}: nesting=1, inDestroying=true, app=ProcessRecord{166e651 22060:android.process.media/u0a7}
04-20 20:12:34.981833 22060 22060 D ActivityThread: SVC-STOP_SERVICE handled : 0 / android.os.BinderProxy@b84d2c1
04-20 20:12:34.982621 22060 22060 D ActivityThread: SVC-Creating service: CreateServiceData{token=android.os.BinderProxy@c6e1e9f className=com.android.providers.media.MediaScannerService packageName=com.android.providers.media intent=null}
04-20 20:12:35.004171   964  1843 D CSLegacyTypeTracker: getNetworkForType type 0
04-20 20:12:35.004541   964  1843 D CSLegacyTypeTracker: getNetworkForType type 1
04-20 20:12:35.004545   964  8872 D ActivityManager: SVC-Executing service done: ServiceRecord{470ca86 u0 com.android.providers.media/.MediaScannerService}, type=0, startId=0, res=0
04-20 20:12:35.004941   964  8872 V ActivityManager: <<< DONE EXECUTING ServiceRecord{470ca86 u0 com.android.providers.media/.MediaScannerService}: nesting=2, inDestroying=false, app=ProcessRecord{166e651 22060:android.process.media/u0a7}
04-20 20:12:35.004253 22060 22060 D ActivityThread: SVC-CREATE_SERVICE handled : 0 / CreateServiceData{token=android.os.BinderProxy@c6e1e9f className=com.android.providers.media.MediaScannerService packageName=com.android.providers.media intent=null}
04-20 20:12:35.005915 22060 22060 D ActivityThread: SVC-Calling onStartCommand: com.android.providers.media.MediaScannerService@631abec, flags=0, startId=1
04-20 20:12:35.006793   964  1843 D CSLegacyTypeTracker: getNetworkForType type 2
04-20 20:12:35.007124   964  1843 D CSLegacyTypeTracker: getNetworkForType type 3
04-20 20:12:35.007444   964  1843 D CSLegacyTypeTracker: getNetworkForType type 4
04-20 20:12:35.007691   964  1843 D CSLegacyTypeTracker: getNetworkForType type 5
04-20 20:12:35.008053   964  1843 D CSLegacyTypeTracker: getNetworkForType type 7
04-20 20:12:35.008410   964  1843 D CSLegacyTypeTracker: getNetworkForType type 10
04-20 20:12:35.008667   964  1843 D CSLegacyTypeTracker: getNetworkForType type 11
04-20 20:12:35.009320   964  1843 D CSLegacyTypeTracker: getNetworkForType type 12
04-20 20:12:35.009698   964  1843 D CSLegacyTypeTracker: getNetworkForType type 14
04-20 20:12:35.009992   964  1843 D CSLegacyTypeTracker: getNetworkForType type 15
04-20 20:12:35.010322   964  1843 D CSLegacyTypeTracker: getNetworkForType type 17
04-20 20:12:35.011584   964  1843 D CSLegacyTypeTracker: getNetworkForType type 34
04-20 20:12:35.011986   964  1843 D CSLegacyTypeTracker: getNetworkForType type 35
04-20 20:12:35.012340   964  1843 D CSLegacyTypeTracker: getNetworkForType type 36
04-20 20:12:35.012680   964  1843 D CSLegacyTypeTracker: getNetworkForType type 37
04-20 20:12:35.013022   964  1843 D CSLegacyTypeTracker: getNetworkForType type 38
04-20 20:12:35.013512   964  1843 D CSLegacyTypeTracker: getNetworkForType type 40
04-20 20:12:35.013888   964  1843 D CSLegacyTypeTracker: getNetworkForType type 41
04-20 20:12:35.014641   964  1843 D CSLegacyTypeTracker: getNetworkForType type 49
04-20 20:12:35.115641 22060 22060 D ActivityThread: SVC-SERVICE_ARGS handled : 0 / ServiceArgsData{token=android.os.BinderProxy@c6e1e9f startId=1 args=Intent { cmp=com.android.providers.media/.MediaScannerService (has extras) }}
04-20 20:12:35.115728   964  1927 D ActivityManager: SVC-Executing service done: ServiceRecord{470ca86 u0 com.android.providers.media/.MediaScannerService}, type=1, startId=1, res=3
04-20 20:12:35.115933   964  1927 V ActivityManager: <<< DONE EXECUTING ServiceRecord{470ca86 u0 com.android.providers.media/.MediaScannerService}: nesting=1, inDestroying=false, app=ProcessRecord{166e651 22060:android.process.media/u0a7}
04-20 20:12:35.252638   964  1747 V ActivityManager: >>> EXECUTING destroy of ServiceRecord{470ca86 u0 com.android.providers.media/.MediaScannerService} in app ProcessRecord{166e651 22060:android.process.media/u0a7}
04-20 20:12:35.254720   964  8871 V ActivityManager: startService: Intent { cmp=com.android.providers.media/.MediaScannerService (has extras) } callerApp=ProcessRecord{166e651 22060:android.process.media/u0a7}
04-20 20:12:35.255138 22060 22060 D ActivityThread: SVC-Destroying service: com.android.providers.media.MediaScannerService@631abec
04-20 20:12:35.256591   964  8871 V ActivityManager: >>> EXECUTING create of ServiceRecord{648c999 u0 com.android.providers.media/.MediaScannerService} in app ProcessRecord{166e651 22060:android.process.media/u0a7}
04-20 20:12:35.258980   964  8871 V ActivityManager: AMS Creating service ServiceRecord{648c999 u0 com.android.providers.media/.MediaScannerService}
04-20 20:12:35.259971   964  8871 V ActivityManager: Sending arguments to: ServiceRecord{648c999 u0 com.android.providers.media/.MediaScannerService} android.content.Intent$FilterComparison@5e49f425 args=Intent { cmp=com.android.providers.media/.MediaScannerService (has extras) }
04-20 20:12:35.260178   964  8871 V ActivityManager: >>> EXECUTING start of ServiceRecord{648c999 u0 com.android.providers.media/.MediaScannerService} in app ProcessRecord{166e651 22060:android.process.media/u0a7}
04-20 20:12:35.260780   964  8871 D ActivityManager: SVC-Sent arguments: ServiceRecord{648c999 u0 com.android.providers.media/.MediaScannerService}, app=ProcessRecord{166e651 22060:android.process.media/u0a7}, args=Intent { cmp=com.android.providers.media/.MediaScannerService (has extras) }, flags=0
04-20 20:12:35.261281   964  1843 V ActivityManager: bindService: Intent { act=com.google.android.gms.car.service.START pkg=com.google.android.gms } type=null conn=android.os.BinderProxy@fc0a45e flags=0x81 callerApp=ProcessRecord{38b0362 22610:com.android.vending/u0a18}
04-20 20:12:35.321648   964  1843 I ActivityManager: Start proc 22647:com.google.android.gms:car/u0a10 for service com.google.android.gms/.car.CarService
04-20 20:12:35.322514   964  1843 I ActivityManager: [Background Service Priority Adjustment] Process.setProcessGroup to Process.THREAD_GROUP_BG_NONINTERACTIVE, app.pid: 22647
04-20 20:12:35.322826   964  1843 D ActivityManager: SVC-Binding service: ServiceRecord{c3c0d0c u0 com.google.android.gms/.car.CarService}, app=null, activity=null
04-20 20:12:35.324883 22060 22060 D ActivityThread: SVC-STOP_SERVICE handled : 0 / android.os.BinderProxy@c6e1e9f
04-20 20:12:35.324884   964  2089 D ActivityManager: SVC-Executing service done: ServiceRecord{470ca86 u0 com.android.providers.media/.MediaScannerService}, type=2, startId=0, res=0
04-20 20:12:35.325174   964  2089 V ActivityManager: <<< DONE EXECUTING ServiceRecord{470ca86 u0 com.android.providers.media/.MediaScannerService}: nesting=1, inDestroying=true, app=ProcessRecord{166e651 22060:android.process.media/u0a7}
04-20 20:12:35.325698 22060 22060 D ActivityThread: SVC-Creating service: CreateServiceData{token=android.os.BinderProxy@16b3c6d className=com.android.providers.media.MediaScannerService packageName=com.android.providers.media intent=null}
