04-20 20:12:20.262623   964  1927 D DisplayPowerController: requestPowerState: policy=BRIGHT, useProximitySensor=false, screenBrightness=102, screenAutoBrightnessAdjustment=0.0, brightnessSetByUser=true, useAutoBrightness=false, blockScreenOn=false, lowPowerMode=false, boostScreenBrightness=false, dozeScreenBrightness=-1, dozeScreenState=UNKNOWN, waitForNegativeProximity=false
04-20 20:12:20.262719   964  1927 I PowerManagerService: setBrightness mButtonLight 0.
04-20 20:12:20.262899   964  1927 D PowerManagerService: updateDisplayPowerStateLocked: mDisplayReady=true, policy=3, mWakefulness=1, mWakeLockSummary=0x1, mUserActivitySummary=0x1, mBootCompleted=true, mScreenBrightnessBoostInProgress=false
04-20 20:12:20.263119   964  1927 D PowerManagerService: Acquiring suspend blocker "PowerManagerService.WakeLocks".
04-20 20:12:20.263583   964  1927 D PowerManagerNotifier: onWakeLockAcquired: flags=1, tag="Icing", packageName=com.google.android.gms, ownerUid=10010, ownerPid=22343, workSource=WorkSource{10010 com.google.android.gms}
04-20 20:12:20.317683   964   976 V ActivityManager: bindService: Intent { act=com.google.android.gms.icing.LIGHTWEIGHT_INDEX_SERVICE pkg=com.google.android.gms } type=null conn=android.os.BinderProxy@ccc5c07 flags=0x81 callerApp=ProcessRecord{b33576a 22343:com.google.android.gms/u0a10}
04-20 20:12:20.335191   964   976 V ActivityManager: >>> EXECUTING create of ServiceRecord{d780b5d u0 com.google.android.gms/.icing.service.LightweightIndexService} in app ProcessRecord{28382d 2236:com.google.process.gapps/u0a10}
04-20 20:12:20.337991   964   976 V ActivityManager: AMS Creating service ServiceRecord{d780b5d u0 com.google.android.gms/.icing.service.LightweightIndexService}
04-20 20:12:20.338730   964   976 V ActivityManager: >>> EXECUTING bind of ServiceRecord{d780b5d u0 com.google.android.gms/.icing.service.LightweightIndexService} in app ProcessRecord{28382d 2236:com.google.process.gapps/u0a10}
04-20 20:12:20.339504  2236  2236 D ActivityThread: SVC-Creating service: CreateServiceData{token=android.os.BinderProxy@c6ad624 className=com.google.android.gms.icing.service.LightweightIndexService packageName=com.google.android.gms intent=null}
04-20 20:12:20.339736   964   976 D ActivityManager: SVC-Binding service: ServiceRecord{d780b5d u0 com.google.android.gms/.icing.service.LightweightIndexService}, app=ProcessRecord{28382d 2236:com.google.process.gapps/u0a10}, activity=null
04-20 20:12:20.340056  2236  2236 D ActivityThread: SVC-CREATE_SERVICE handled : 0 / CreateServiceData{token=android.os.BinderProxy@c6ad624 className=com.google.android.gms.icing.service.LightweightIndexService packageName=com.google.android.gms intent=null}
04-20 20:12:20.340349  2236  2236 V ActivityThread: handleBindService s=com.google.android.gms.icing.service.LightweightIndexService@a94558d rebind=false
04-20 20:12:20.340446   964  1582 D ActivityManager: SVC-Executing service done: ServiceRecord{d780b5d u0 com.google.android.gms/.icing.service.LightweightIndexService}, type=0, startId=0, res=0
04-20 20:12:20.340611   964  1582 V ActivityManager: <<< DONE EXECUTING ServiceRecord{d780b5d u0 com.google.android.gms/.icing.service.LightweightIndexService}: nesting=2, inDestroying=false, app=ProcessRecord{28382d 2236:com.google.process.gapps/u0a10}
04-20 20:12:20.341820   964  1582 V ActivityManager: <<< DONE EXECUTING ServiceRecord{d780b5d u0 com.google.android.gms/.icing.service.LightweightIndexService}: nesting=1, inDestroying=false, app=ProcessRecord{28382d 2236:com.google.process.gapps/u0a10}
04-20 20:12:20.343141  2236  2236 D ActivityThread: SVC-BIND_SERVICE handled : 0 / BindServiceData{token=android.os.BinderProxy@c6ad624 intent=Intent { act=com.google.android.gms.icing.LIGHTWEIGHT_INDEX_SERVICE pkg=com.google.android.gms }}
04-20 20:12:20.355153   964  1670 V ActivityManager: startService: Intent { act=com.google.android.gms.icing.LIGHTWEIGHT_WORKER_SERVICE pkg=com.google.android.gms } callerApp=ProcessRecord{28382d 2236:com.google.process.gapps/u0a10}
04-20 20:12:20.372752   964  1670 V ActivityManager: >>> EXECUTING create of ServiceRecord{6815cd2 u0 com.google.android.gms/.icing.service.LightweightIndexService$LightweightWorkerService} in app ProcessRecord{28382d 2236:com.google.process.gapps/u0a10}
04-20 20:12:20.375778   964  1670 V ActivityManager: AMS Creating service ServiceRecord{6815cd2 u0 com.google.android.gms/.icing.service.LightweightIndexService$LightweightWorkerService}
04-20 20:12:20.376690   964  1670 V ActivityManager: Sending arguments to: ServiceRecord{6815cd2 u0 com.google.android.gms/.icing.service.LightweightIndexService$LightweightWorkerService} android.content.Intent$FilterComparison@be3cba59 args=Intent { act=com.google.android.gms.icing.LIGHTWEIGHT_WORKER_SERVICE pkg=com.google.android.gms }
04-20 20:12:20.377056   964  1670 V ActivityManager: >>> EXECUTING start of ServiceRecord{6815cd2 u0 com.google.android.gms/.icing.service.LightweightIndexService$LightweightWorkerService} in app ProcessRecord{28382d 2236:com.google.process.gapps/u0a10}
04-20 20:12:20.377543  2236  2236 D ActivityThread: SVC-Creating service: CreateServiceData{token=android.os.BinderProxy@b479342 className=com.google.android.gms.icing.service.LightweightIndexService$LightweightWorkerService packageName=com.google.android.gms intent=null}
04-20 20:12:20.377559   964  1670 D ActivityManager: SVC-Sent arguments: ServiceRecord{6815cd2 u0 com.google.android.gms/.icing.service.LightweightIndexService$LightweightWorkerService}, app=ProcessRecord{28382d 2236:com.google.process.gapps/u0a10}, args=Intent { act=com.google.android.gms.icing.LIGHTWEIGHT_WORKER_SERVICE pkg=com.google.android.gms }, flags=0
04-20 20:12:20.378116  2236  2236 D ActivityThread: SVC-CREATE_SERVICE handled : 0 / CreateServiceData{token=android.os.BinderProxy@b479342 className=com.google.android.gms.icing.service.LightweightIndexService$LightweightWorkerService packageName=com.google.android.gms intent=null}
04-20 20:12:20.378278   964  1843 D ActivityManager: SVC-Executing service done: ServiceRecord{6815cd2 u0 com.google.android.gms/.icing.service.LightweightIndexService$LightweightWorkerService}, type=0, startId=0, res=0
04-20 20:12:20.378442  2236  2236 D ActivityThread: SVC-Calling onStartCommand: com.google.android.gms.icing.service.LightweightIndexService$LightweightWorkerService@363ff53, flags=0, startId=1
04-20 20:12:20.378486   964  1843 V ActivityManager: <<< DONE EXECUTING ServiceRecord{6815cd2 u0 com.google.android.gms/.icing.service.LightweightIndexService$LightweightWorkerService}: nesting=2, inDestroying=false, app=ProcessRecord{28382d 2236:com.google.process.gapps/u0a10}
04-20 20:12:20.379749   964  1927 D ActivityManager: SVC-Executing service done: ServiceRecord{6815cd2 u0 com.google.android.gms/.icing.service.LightweightIndexService$LightweightWorkerService}, type=1, startId=1, res=2
04-20 20:12:20.379860  2236  2236 D ActivityThread: SVC-SERVICE_ARGS handled : 0 / ServiceArgsData{token=android.os.BinderProxy@b479342 startId=1 args=Intent { act=com.google.android.gms.icing.LIGHTWEIGHT_WORKER_SERVICE pkg=com.google.android.gms }}
04-20 20:12:20.380003   964  1927 V ActivityManager: <<< DONE EXECUTING ServiceRecord{6815cd2 u0 com.google.android.gms/.icing.service.LightweightIndexService$LightweightWorkerService}: nesting=1, inDestroying=false, app=ProcessRecord{28382d 2236:com.google.process.gapps/u0a10}
04-20 20:12:20.401922   964  1844 V ActivityManager: >>> EXECUTING destroy of ServiceRecord{5f8f228 u0 com.google.android.googlequicksearchbox/com.google.android.search.core.icingsync.UpdateIcingCorporaService} in app ProcessRecord{6592814 22434:com.google.android.googlequicksearchbox:search/u0a23}
04-20 20:12:20.403307 22434 22434 D ActivityThread: SVC-Destroying service: com.google.android.search.core.icingsync.UpdateIcingCorporaService@7a6a624
04-20 20:12:20.404021 22434 22434 D ActivityThread: SVC-STOP_SERVICE handled : 0 / android.os.BinderProxy@3be3eb7
04-20 20:12:20.404149   964  8872 D ActivityManager: SVC-Executing service done: ServiceRecord{5f8f228 u0 com.google.android.googlequicksearchbox/com.google.android.search.core.icingsync.UpdateIcingCorporaService}, type=2, startId=0, res=0
04-20 20:12:20.404324   964  8872 V ActivityManager: <<< DONE EXECUTING ServiceRecord{5f8f228 u0 com.google.android.googlequicksearchbox/com.google.android.search.core.icingsync.UpdateIcingCorporaService}: nesting=1, inDestroying=true, app=ProcessRecord{6592814 22434:com.google.android.googlequicksearchbox:search/u0a23}
04-20 20:12:20.882117   964  1663 V ActivityManager: >>> EXECUTING destroy of ServiceRecord{6815cd2 u0 com.google.android.gms/.icing.service.LightweightIndexService$LightweightWorkerService} in app ProcessRecord{28382d 2236:com.google.process.gapps/u0a10}
04-20 20:12:20.885217  2236  2236 D ActivityThread: SVC-Destroying service: com.google.android.gms.icing.service.LightweightIndexService$LightweightWorkerService@363ff53
04-20 20:12:20.886848  2236  2236 D ActivityThread: SVC-STOP_SERVICE handled : 0 / android.os.BinderProxy@b479342
04-20 20:12:20.888764   964   979 D ActivityManager: SVC-Executing service done: ServiceRecord{6815cd2 u0 com.google.android.gms/.icing.service.LightweightIndexService$LightweightWorkerService}, type=2, startId=0, res=0
04-20 20:12:20.890105   964   979 V ActivityManager: <<< DONE EXECUTING ServiceRecord{6815cd2 u0 com.google.android.gms/.icing.service.LightweightIndexService$LightweightWorkerService}: nesting=1, inDestroying=true, app=ProcessRecord{28382d 2236:com.google.process.gapps/u0a10}
04-20 20:12:21.443067   964  2089 D ActivityManager: getContentProviderImpl: from caller=android.app.ApplicationThreadProxy@bc8b1a3 (pid=22343, userId=0) to get content provider com.google.android.googlequicksearchbox.icing cpr=ContentProviderRecord{1a57ca0 u0 com.google.android.googlequicksearchbox/com.google.android.search.core.icingsync.InternalIcingCorporaProvider}
04-20 20:12:21.448156 22343 22450 D ActivityThread: holder:android.app.IActivityManager$ContentProviderHolder@ac424a8, holder.provider:android.content.ContentProviderProxy@a9efbc1
04-20 20:12:21.617383   964   976 D ActivityManager: getContentProviderImpl: from caller=android.app.ApplicationThreadProxy@af4741e (pid=22343, userId=0) to get content provider com.google.android.googlequicksearchbox.icing cpr=ContentProviderRecord{1a57ca0 u0 com.google.android.googlequicksearchbox/com.google.android.search.core.icingsync.InternalIcingCorporaProvider}
04-20 20:12:21.622509 22343 22450 D ActivityThread: holder:android.app.IActivityManager$ContentProviderHolder@78ae354, holder.provider:android.content.ContentProviderProxy@e5e92fd
04-20 20:12:21.687047   964  8871 V ActivityManager: Broadcast: Intent { act=com.google.android.gms.icing.IME_NOTIFICATION flg=0x10 pkg=com.google.android.inputmethod.latin.dogfood (has extras) } ordered=false userid=0 callerApp=ProcessRecord{b33576a 22343:com.google.android.gms/u0a10}
04-20 20:12:21.689380   964  1663 V ActivityManager: Broadcast: Intent { act=com.google.android.gms.icing.IME_NOTIFICATION flg=0x10 pkg=com.google.android.apps.inputmethod.zhuyin (has extras) } ordered=false userid=0 callerApp=ProcessRecord{b33576a 22343:com.google.android.gms/u0a10}
04-20 20:12:21.691574   964   979 V ActivityManager: Broadcast: Intent { act=com.google.android.gms.icing.IME_NOTIFICATION flg=0x10 pkg=com.google.android.apps.inputmethod.cantonese (has extras) } ordered=false userid=0 callerApp=ProcessRecord{b33576a 22343:com.google.android.gms/u0a10}
04-20 20:12:21.693997   964  2089 V ActivityManager: Broadcast: Intent { act=com.google.android.gms.icing.IME_NOTIFICATION flg=0x10 pkg=com.android.inputmethod.latin (has extras) } ordered=false userid=0 callerApp=ProcessRecord{b33576a 22343:com.google.android.gms/u0a10}
04-20 20:12:21.696704   964  1162 V ActivityManager: Broadcast: Intent { act=com.google.android.gms.icing.IME_NOTIFICATION flg=0x10 pkg=com.google.android.inputmethod.pinyin (has extras) } ordered=false userid=0 callerApp=ProcessRecord{b33576a 22343:com.google.android.gms/u0a10}
04-20 20:12:21.698837   964   976 V ActivityManager: Broadcast: Intent { act=com.google.android.gms.icing.IME_NOTIFICATION flg=0x10 pkg=com.google.android.apps.inputmethod.hindi (has extras) } ordered=false userid=0 callerApp=ProcessRecord{b33576a 22343:com.google.android.gms/u0a10}
04-20 20:12:21.700960   964   975 V ActivityManager: Broadcast: Intent { act=com.google.android.gms.icing.IME_NOTIFICATION flg=0x10 pkg=com.google.android.inputmethod.latin (has extras) } ordered=false userid=0 callerApp=ProcessRecord{b33576a 22343:com.google.android.gms/u0a10}
04-20 20:12:21.703253   964  1747 V ActivityManager: Broadcast: Intent { act=com.google.android.gms.icing.IME_NOTIFICATION flg=0x10 pkg=com.google.android.inputmethod.japanese (has extras) } ordered=false userid=0 callerApp=ProcessRecord{b33576a 22343:com.google.android.gms/u0a10}
04-20 20:12:21.705495   964  1582 V ActivityManager: Broadcast: Intent { act=com.google.android.gms.icing.IME_NOTIFICATION flg=0x10 pkg=com.google.android.inputmethod.korean (has extras) } ordered=false userid=0 callerApp=ProcessRecord{b33576a 22343:com.google.android.gms/u0a10}
04-20 20:12:21.715317   964  1652 D PowerManagerService: releaseWakeLockInternal: lock=213954212 [Icing], flags=0x0, total_time=1453ms
04-20 20:12:21.715676   964  1652 D PowerManagerNotifier: onWakeLockReleased: flags=1, tag="Icing", packageName=com.google.android.gms, ownerUid=10010, ownerPid=22343, workSource=WorkSource{10010 com.google.android.gms}
04-20 20:12:21.715964   964  1652 D PowerManagerService: updateWakeLockSummaryLocked: mWakefulness=Awake, mWakeLockSummary=0x0
04-20 20:12:21.716234   964  1652 D PowerManagerService: updateUserActivitySummaryLocked: mWakefulness=Awake, mUserActivitySummary=0x1, nextTimeout=34490733 (in 25241 ms)
04-20 20:12:21.716553   964  1652 D DisplayPowerController: requestPowerState: policy=BRIGHT, useProximitySensor=false, screenBrightness=102, screenAutoBrightnessAdjustment=0.0, brightnessSetByUser=true, useAutoBrightness=false, blockScreenOn=false, lowPowerMode=false, boostScreenBrightness=false, dozeScreenBrightness=-1, dozeScreenState=UNKNOWN, waitForNegativeProximity=false
04-20 20:12:21.716634   964  1652 I PowerManagerService: setBrightness mButtonLight 0.
04-20 20:12:21.716819   964  1652 D PowerManagerService: updateDisplayPowerStateLocked: mDisplayReady=true, policy=3, mWakefulness=1, mWakeLockSummary=0x0, mUserActivitySummary=0x1, mBootCompleted=true, mScreenBrightnessBoostInProgress=false
04-20 20:12:21.716979   964  1652 D PowerManagerService: Releasing suspend blocker "PowerManagerService.WakeLocks".
04-20 20:12:21.718952   964  2088 D ActivityManager: SVC-Stopping service: ServiceRecord{defae21 u0 com.google.android.gms/.icing.service.IndexWorkerService}, app=ProcessRecord{b33576a 22343:com.google.android.gms/u0a10}
04-20 20:12:21.719324   964  2088 V ActivityManager: >>> EXECUTING destroy of ServiceRecord{defae21 u0 com.google.android.gms/.icing.service.IndexWorkerService} in app ProcessRecord{b33576a 22343:com.google.android.gms/u0a10}
04-20 20:12:21.720739 22343 22343 D ActivityThread: SVC-Destroying service: com.google.android.gms.icing.service.IndexWorkerService@81e6d78
04-20 20:12:21.721728 22343 22343 D ActivityThread: SVC-STOP_SERVICE handled : 0 / android.os.BinderProxy@aadfedb
04-20 20:12:21.721918   964  1844 D ActivityManager: SVC-Executing service done: ServiceRecord{defae21 u0 com.google.android.gms/.icing.service.IndexWorkerService}, type=2, startId=0, res=0
04-20 20:12:21.722081   964  1844 V ActivityManager: <<< DONE EXECUTING ServiceRecord{defae21 u0 com.google.android.gms/.icing.service.IndexWorkerService}: nesting=1, inDestroying=true, app=ProcessRecord{b33576a 22343:com.google.android.gms/u0a10}
04-20 20:12:23.132390   964  1006 D PowerManagerService: userActivityFromNative
04-20 20:12:23.145146   964  1006 D PowerManagerService: userActivityNoUpdateLocked: eventTime=34466903, event=2, flags=0x0, uid=1000
04-20 20:12:23.145358   964  1006 D PowerManagerNotifier: onUserActivity: event=2, uid=1000
04-20 20:12:23.145924   964  1006 D PowerManagerService: updateUserActivitySummaryLocked: mWakefulness=Awake, mUserActivitySummary=0x1, nextTimeout=34519903 (in 52981 ms)
04-20 20:12:23.147638   964  1006 D DisplayPowerController: requestPowerState: policy=BRIGHT, useProximitySensor=false, screenBrightness=102, screenAutoBrightnessAdjustment=0.0, brightnessSetByUser=true, useAutoBrightness=false, blockScreenOn=false, lowPowerMode=false, boostScreenBrightness=false, dozeScreenBrightness=-1, dozeScreenState=UNKNOWN, waitForNegativeProximity=false
04-20 20:12:23.147753   964  1006 I PowerManagerService: setBrightness mButtonLight 0.
04-20 20:12:23.148017   964  1006 D PowerManagerService: updateDisplayPowerStateLocked: mDisplayReady=true, policy=3, mWakefulness=1, mWakeLockSummary=0x0, mUserActivitySummary=0x1, mBootCompleted=true, mScreenBrightnessBoostInProgress=false
04-20 20:12:23.156764   964   976 D ActivityManager: SVC-Unbinding service: ServiceRecord{178420a u0 com.google.android.gms/.playlog.service.PlayLogBrokerService}, app=ProcessRecord{28382d 2236:com.google.process.gapps/u0a10}
04-20 20:12:23.157188   964   976 V ActivityManager: >>> EXECUTING unbind of ServiceRecord{178420a u0 com.google.android.gms/.playlog.service.PlayLogBrokerService} in app ProcessRecord{28382d 2236:com.google.process.gapps/u0a10}
04-20 20:12:23.159061   964   976 V ActivityManager: >>> EXECUTING destroy of ServiceRecord{178420a u0 com.google.android.gms/.playlog.service.PlayLogBrokerService} in app ProcessRecord{28382d 2236:com.google.process.gapps/u0a10}
04-20 20:12:23.159606  2236  2236 D ActivityThread: SVC-UNBIND_SERVICE handled : 0 / BindServiceData{token=android.os.BinderProxy@19d6b1d intent=Intent { act=com.google.android.gms.playlog.service.START pkg=com.google.android.gms }}
04-20 20:12:23.159871   964   975 D ActivityManager: SVC-Executing service done: ServiceRecord{178420a u0 com.google.android.gms/.playlog.service.PlayLogBrokerService}, type=0, startId=0, res=0
04-20 20:12:23.160734  2236  2236 D ActivityThread: SVC-Destroying service: com.google.android.gms.playlog.service.PlayLogBrokerService@c17a192
04-20 20:12:23.161187  2236  2236 D ActivityThread: SVC-STOP_SERVICE handled : 0 / android.os.BinderProxy@19d6b1d
04-20 20:12:23.161277   964   975 V ActivityManager: <<< DONE EXECUTING ServiceRecord{178420a u0 com.google.android.gms/.playlog.service.PlayLogBrokerService}: nesting=2, inDestroying=true, app=ProcessRecord{28382d 2236:com.google.process.gapps/u0a10}
04-20 20:12:23.161862   964   975 D ActivityManager: SVC-Executing service done: ServiceRecord{178420a u0 com.google.android.gms/.playlog.service.PlayLogBrokerService}, type=2, startId=0, res=0
04-20 20:12:23.162188   964   975 V ActivityManager: <<< DONE EXECUTING ServiceRecord{178420a u0 com.google.android.gms/.playlog.service.PlayLogBrokerService}: nesting=1, inDestroying=true, app=ProcessRecord{28382d 2236:com.google.process.gapps/u0a10}
04-20 20:12:23.271982   964  1843 I ActivityManager: START u0 {cmp=com.mediatek.mtklogger/.LogFolderListActivity (has extras)} from uid 10056 from pid 20174 on display 0
04-20 20:12:23.272866   964  1843 I ActivityManager: ACT-launchFlags(original): 0x0, launchMode:0, startFlags: 0, doResume:true
04-20 20:12:23.274206   964  1843 V WindowManager: Looking for focus: 6 = Window{fa8f8e8 u0 StatusBar}, flags=-2122055608, canReceive=false
04-20 20:12:23.274485   964  1843 V WindowManager: findFocusedWindow: Found new focus @ 2 = Window{5a411d7 u0 com.mediatek.mtklogger/com.mediatek.mtklogger.MainActivity}
04-20 20:12:23.280447   964  1843 D ActivityManager: ACT-AM_CREATE_ACTIVITY ActivityRecord{2aac4ff u0 com.mediatek.mtklogger/.LogFolderListActivity t102}TaskRecord{3814bf7 #102 A=com.mediatek.mtklogger U=0 sz=1}
04-20 20:12:23.282253   964  1843 D ActivityManager: ACT-AM_PAUSE_ACTIVITY ActivityRecord{6b55bf6 u0 com.mediatek.mtklogger/.MainActivity t102}
04-20 20:12:23.284606   964  1843 D PowerManagerService: acquireWakeLockInternal: lock=193877478, flags=0x1, tag="*launch*", ws=WorkSource{10056}, uid=1000, pid=964
04-20 20:12:23.284937   964  1843 D PowerManagerService: updateWakeLockSummaryLocked: mWakefulness=Awake, mWakeLockSummary=0x1
04-20 20:12:23.285214   964  1843 D PowerManagerService: updateUserActivitySummaryLocked: mWakefulness=Awake, mUserActivitySummary=0x1, nextTimeout=34519903 (in 52842 ms)
04-20 20:12:23.285631   964  1843 D DisplayPowerController: requestPowerState: policy=BRIGHT, useProximitySensor=false, screenBrightness=102, screenAutoBrightnessAdjustment=0.0, brightnessSetByUser=true, useAutoBrightness=false, blockScreenOn=false, lowPowerMode=false, boostScreenBrightness=false, dozeScreenBrightness=-1, dozeScreenState=UNKNOWN, waitForNegativeProximity=false
04-20 20:12:23.285713   964  1843 I PowerManagerService: setBrightness mButtonLight 0.
04-20 20:12:23.285895   964  1843 D PowerManagerService: updateDisplayPowerStateLocked: mDisplayReady=true, policy=3, mWakefulness=1, mWakeLockSummary=0x1, mUserActivitySummary=0x1, mBootCompleted=true, mScreenBrightnessBoostInProgress=false
04-20 20:12:23.286051   964  1843 D PowerManagerService: Acquiring suspend blocker "PowerManagerService.WakeLocks".
04-20 20:12:23.286382   964  1843 D PowerManagerNotifier: onWakeLockAcquired: flags=1, tag="*launch*", packageName=android, ownerUid=1000, ownerPid=964, workSource=WorkSource{10056}
04-20 20:12:23.288417   964  1843 V WindowManager: Looking for focus: 6 = Window{fa8f8e8 u0 StatusBar}, flags=-2122055608, canReceive=false
04-20 20:12:23.288590   964  1843 V WindowManager: findFocusedWindow: Found new focus @ 2 = Window{5a411d7 u0 com.mediatek.mtklogger/com.mediatek.mtklogger.MainActivity}
04-20 20:12:23.291667   964  1843 V WindowManager: Set focused app to: AppWindowToken{dc64915 token=Token{6f5c2cc ActivityRecord{2aac4ff u0 com.mediatek.mtklogger/.LogFolderListActivity t102}}} old focus=AppWindowToken{82e41e8 token=Token{b3cca64 ActivityRecord{6b55bf6 u0 com.mediatek.mtklogger/.MainActivity t102}}} moveFocusNow=true
04-20 20:12:23.292918   964  1843 V WindowManager: Looking for focus: 6 = Window{fa8f8e8 u0 StatusBar}, flags=-2122055608, canReceive=false
04-20 20:12:23.293115   964  1843 V WindowManager: findFocusedWindow: Reached focused app=AppWindowToken{dc64915 token=Token{6f5c2cc ActivityRecord{2aac4ff u0 com.mediatek.mtklogger/.LogFolderListActivity t102}}}
04-20 20:12:23.293946   964  1843 V WindowManager: Changing focus from Window{5a411d7 u0 com.mediatek.mtklogger/com.mediatek.mtklogger.MainActivity} to null Callers=com.android.server.wm.WindowManagerService.setFocusedApp:4469 com.android.server.am.ActivityManagerService.setFocusedActivityLocked:2823 com.android.server.am.ActivityStackSupervisor.startActivityUncheckedLocked:2815 com.android.server.am.ActivityStackSupervisor.startActivityLocked:1821 
04-20 20:12:23.294221   964  1843 D WindowManager: Input focus has changed to null
04-20 20:12:23.296774   964   987 I WindowManager: Focus moving from Window{5a411d7 u0 com.mediatek.mtklogger/com.mediatek.mtklogger.MainActivity} to null
04-20 20:12:23.296919   964   987 I WindowManager: Losing focus: Window{5a411d7 u0 com.mediatek.mtklogger/com.mediatek.mtklogger.MainActivity}
04-20 20:12:23.300157 20174 20174 D ActivityThread: ACT-AM_ON_PAUSE_CALLED ActivityRecord{2ebd066 token=android.os.BinderProxy@ccaffa7 {com.mediatek.mtklogger/com.mediatek.mtklogger.MainActivity}}
04-20 20:12:23.300906   964  2088 D ActivityManager: ACT-paused: token=Token{b3cca64 ActivityRecord{6b55bf6 u0 com.mediatek.mtklogger/.MainActivity t102}}, timeout=false
04-20 20:12:23.301104   964  2088 D ActivityManager: ACT-IDLE_NOW_MSG from completePauseLocked for mStoppingActivities.size() > 3
04-20 20:12:23.302764   964  2088 V WindowManager: setAppVisibility(Token{6f5c2cc ActivityRecord{2aac4ff u0 com.mediatek.mtklogger/.LogFolderListActivity t102}}, visible=true): mNextAppTransition=TRANSIT_ACTIVITY_OPEN hidden=true hiddenRequested=true Callers=com.android.server.am.ActivityStackSupervisor.realStartActivityLocked:1293 com.android.server.am.ActivityStackSupervisor.startSpecificActivityLocked:1507 com.android.server.am.ActivityStack.resumeTopActivityInnerLocked:2393 com.android.server.am.ActivityStack.resumeTopActivityLocked:1816 com.android.server.am.ActivityStackSupervisor.resumeTopActivitiesLocked:3097 com.android.server.am.ActivityStack.completePauseLocked:1195 
04-20 20:12:23.304888   964  2088 V WindowManager: setAppVisibility(Token{b3cca64 ActivityRecord{6b55bf6 u0 com.mediatek.mtklogger/.MainActivity t102}}, visible=false): mNextAppTransition=TRANSIT_ACTIVITY_OPEN hidden=false hiddenRequested=false Callers=com.android.server.am.ActivityStack.setVisible:1295 com.android.server.am.ActivityStack.ensureActivitiesVisibleLocked:1654 com.android.server.am.ActivityStackSupervisor.ensureActivitiesVisibleLocked:3722 com.android.server.am.ActivityManagerService.updateConfigurationLocked:18749 com.android.server.am.ActivityStackSupervisor.realStartActivityLocked:1309 com.android.server.am.ActivityStackSupervisor.startSpecificActivityLocked:1507 
04-20 20:12:23.307908   964  2088 D ActivityManager: ACT-AM_RESTART_ACTIVITY ActivityRecord{2aac4ff u0 com.mediatek.mtklogger/.LogFolderListActivity t102} Task:102
04-20 20:12:23.313792   964  2088 D ActivityManager: Delay resumeKeyDispatchingLocked() to avoid deadlock.
04-20 20:12:23.315409 20174 20174 D ActivityThread: ACT-PAUSE_ACTIVITY handled : 1 / android.os.BinderProxy@ccaffa7
04-20 20:12:23.317673 20174 20174 V ActivityThread: Handling launch of ActivityRecord{9434b82 token=android.os.BinderProxy@b34f293 {com.mediatek.mtklogger/com.mediatek.mtklogger.LogFolderListActivity}} startsNotResumed=false
04-20 20:12:23.319563 20174 20174 V ActivityThread: ActivityRecord{9434b82 token=android.os.BinderProxy@b34f293 {com.mediatek.mtklogger/com.mediatek.mtklogger.LogFolderListActivity}}: app=com.mediatek.mtklogger.MyApplication@8d8aaf9, appName=com.mediatek.mtklogger, pkg=com.mediatek.mtklogger, comp={com.mediatek.mtklogger/com.mediatek.mtklogger.LogFolderListActivity}, dir=/system/app/MTKLogger/MTKLogger.apk
04-20 20:12:23.394726 20174 20174 V ActivityThread: Performing resume of ActivityRecord{9434b82 token=android.os.BinderProxy@b34f293 {com.mediatek.mtklogger/com.mediatek.mtklogger.LogFolderListActivity}}
04-20 20:12:23.395308 20174 20174 D ActivityThread: ACT-AM_ON_RESUME_CALLED ActivityRecord{9434b82 token=android.os.BinderProxy@b34f293 {com.mediatek.mtklogger/com.mediatek.mtklogger.LogFolderListActivity}}
04-20 20:12:23.395454 20174 20174 V ActivityThread: Resume ActivityRecord{9434b82 token=android.os.BinderProxy@b34f293 {com.mediatek.mtklogger/com.mediatek.mtklogger.LogFolderListActivity}} started activity: false, hideForNow: false, finished: false
04-20 20:12:23.403304   964   975 D WindowManager: addWindowToListInOrderLocked: win=Window{b70b21b u0 com.mediatek.mtklogger/com.mediatek.mtklogger.LogFolderListActivity} Callers=com.android.server.wm.WindowManagerService.addWindow:2771 com.android.server.wm.Session.addToDisplay:171 android.view.IWindowSession$Stub.onTransact:124 com.android.server.wm.Session.onTransact:133 
04-20 20:12:23.406078 20174 20174 V ActivityThread: Resuming ActivityRecord{9434b82 token=android.os.BinderProxy@b34f293 {com.mediatek.mtklogger/com.mediatek.mtklogger.LogFolderListActivity}} with isForward=true
04-20 20:12:23.406548 20174 20174 V ActivityThread: Scheduling idle handler for ActivityRecord{9434b82 token=android.os.BinderProxy@b34f293 {com.mediatek.mtklogger/com.mediatek.mtklogger.LogFolderListActivity}}
04-20 20:12:23.407447 20174 20174 D ActivityThread: ACT-LAUNCH_ACTIVITY handled : 0 / ActivityRecord{9434b82 token=android.os.BinderProxy@b34f293 {com.mediatek.mtklogger/com.mediatek.mtklogger.LogFolderListActivity}}
04-20 20:12:23.470613   964  1670 D WindowManager: addWindowToListInOrderLocked: win=Window{b4f6191 u0 com.mediatek.mtklogger/com.mediatek.mtklogger.LogFolderListActivity} Callers=com.android.server.wm.WindowManagerService.addWindow:2771 com.android.server.wm.Session.addToDisplay:171 android.view.IWindowSession$Stub.onTransact:124 com.android.server.wm.Session.onTransact:133 
04-20 20:12:23.470842   964  1670 V WindowManager: not Base app: Adding window Window{b4f6191 u0 com.mediatek.mtklogger/com.mediatek.mtklogger.LogFolderListActivity} at 4 of 9
04-20 20:12:23.471072   964  1670 V WindowManager: Looking for focus: 8 = Window{fa8f8e8 u0 StatusBar}, flags=-2122055608, canReceive=false
04-20 20:12:23.471253   964  1670 V WindowManager: findFocusedWindow: Found new focus @ 4 = Window{b4f6191 u0 com.mediatek.mtklogger/com.mediatek.mtklogger.LogFolderListActivity}
04-20 20:12:23.471825   964  1670 V WindowManager: Changing focus from null to Window{b4f6191 u0 com.mediatek.mtklogger/com.mediatek.mtklogger.LogFolderListActivity} Callers=com.android.server.wm.WindowManagerService.addWindow:2811 com.android.server.wm.Session.addToDisplay:171 android.view.IWindowSession$Stub.onTransact:124 com.android.server.wm.Session.onTransact:133 
04-20 20:12:23.472125   964  1670 D WindowManager: Input focus has changed to Window{b4f6191 u0 com.mediatek.mtklogger/com.mediatek.mtklogger.LogFolderListActivity}
04-20 20:12:23.473966   964   987 I WindowManager: Focus moving from null to Window{b4f6191 u0 com.mediatek.mtklogger/com.mediatek.mtklogger.LogFolderListActivity}
04-20 20:12:23.474465   964   987 I WindowManager: Gaining focus: Window{b4f6191 u0 com.mediatek.mtklogger/com.mediatek.mtklogger.LogFolderListActivity}
04-20 20:12:23.478679   964  1843 V WindowManager: Remove Window{b4f6191 u0 com.mediatek.mtklogger/com.mediatek.mtklogger.LogFolderListActivity} client=1223fb8, surface=null Callers=com.android.server.wm.WindowManagerService.removeWindow:2900 com.android.server.wm.Session.remove:190 android.view.IWindowSession$Stub.onTransact:242 com.android.server.wm.Session.onTransact:133 
04-20 20:12:23.483905   964  1843 V WindowManager: Looking for focus: 7 = Window{fa8f8e8 u0 StatusBar}, flags=-2122055608, canReceive=false
04-20 20:12:23.484029   964  1843 V WindowManager: findFocusedWindow: No focusable windows.
04-20 20:12:23.484634   964  1843 V WindowManager: Changing focus from Window{b4f6191 u0 com.mediatek.mtklogger/com.mediatek.mtklogger.LogFolderListActivity} to null Callers=com.android.server.wm.WindowManagerService.removeWindowLocked:2993 com.android.server.wm.WindowManagerService.removeWindow:2900 com.android.server.wm.Session.remove:190 android.view.IWindowSession$Stub.onTransact:242 
04-20 20:12:23.484742   964  1843 D WindowManager: Input focus has changed to null
04-20 20:12:23.487793   964   987 I WindowManager: Focus moving from Window{b4f6191 u0 com.mediatek.mtklogger/com.mediatek.mtklogger.LogFolderListActivity} to null
04-20 20:12:23.487927   964   987 I WindowManager: Losing focus: Window{b4f6191 u0 com.mediatek.mtklogger/com.mediatek.mtklogger.LogFolderListActivity}
04-20 20:12:23.496004   964  1652 I WindowManager: Relayout Window{b70b21b u0 com.mediatek.mtklogger/com.mediatek.mtklogger.LogFolderListActivity}: oldVis=4 newVis=0
04-20 20:12:23.499419   964  1652 I WindowStateAnimator:   CREATE SURFACE Surface(name=com.mediatek.mtklogger/com.mediatek.mtklogger.LogFolderListActivity) IN SESSION android.view.SurfaceSession@396630d: pid=20174 format=-1 flags=0x404 / WindowStateAnimator{5979f64 com.mediatek.mtklogger/com.mediatek.mtklogger.LogFolderListActivity}
04-20 20:12:23.500572   964  1652 V WindowManager: Looking for focus: 7 = Window{fa8f8e8 u0 StatusBar}, flags=-2122055608, canReceive=false
04-20 20:12:23.500819   964  1652 V WindowManager: findFocusedWindow: Found new focus @ 3 = Window{b70b21b u0 com.mediatek.mtklogger/com.mediatek.mtklogger.LogFolderListActivity}
04-20 20:12:23.501431   964  1652 V WindowManager: Changing focus from null to Window{b70b21b u0 com.mediatek.mtklogger/com.mediatek.mtklogger.LogFolderListActivity} Callers=com.android.server.wm.WindowManagerService.relayoutWindow:3588 com.android.server.wm.Session.relayout:201 android.view.IWindowSession$Stub.onTransact:284 com.android.server.wm.Session.onTransact:133 
04-20 20:12:23.501635   964  1652 D WindowManager: Input focus has changed to Window{b70b21b u0 com.mediatek.mtklogger/com.mediatek.mtklogger.LogFolderListActivity}
04-20 20:12:23.514062   964   987 I WindowManager: Focus moving from null to Window{b70b21b u0 com.mediatek.mtklogger/com.mediatek.mtklogger.LogFolderListActivity}
04-20 20:12:23.514194   964   987 I WindowManager: Gaining focus: Window{b70b21b u0 com.mediatek.mtklogger/com.mediatek.mtklogger.LogFolderListActivity}
04-20 20:12:23.615167   964   979 D DisplayManagerService: Display listener for pid 22369 died.
04-20 20:12:23.622503   964  1162 I ActivityManager: Process com.google.android.gms.wearable (pid 22369) has died
04-20 20:12:23.622839   964  1162 D ActivityManager: SVC-handleAppDiedLocked: app = ProcessRecord{f7a6ff 22369:com.google.android.gms.wearable/u0a10}, app.pid = 22369
04-20 20:12:23.623259   964  1162 D ActivityManager: SVC-mBroadcastQueues: com.android.server.am.BroadcastQueue@849ef70
04-20 20:12:23.623628   964  1162 D ActivityManager: SVC-mBroadcastQueues: com.android.server.am.BroadcastQueue@f0f42e9
04-20 20:12:23.671360   964  1843 V WindowStateAnimator: finishDrawingLocked: mDrawState=COMMIT_DRAW_PENDING WindowStateAnimator{5979f64 com.mediatek.mtklogger/com.mediatek.mtklogger.LogFolderListActivity} in Surface(name=com.mediatek.mtklogger/com.mediatek.mtklogger.LogFolderListActivity)
04-20 20:12:23.674702   964   987 V WindowManager: **** GOOD TO GO
04-20 20:12:23.677303   964  2088 V InputMethodManagerService: windowGainedFocus: android.os.BinderProxy@ee4206a controlFlags=#105 softInputMode=#110 windowFlags=#1810100
04-20 20:12:23.679495   964  1844 D ActivityManager: SVC-Unbinding service: ServiceRecord{36f8e5a u0 com.google.android.gms/.config.ConfigService}, app=ProcessRecord{28382d 2236:com.google.process.gapps/u0a10}
04-20 20:12:23.679822   964  1844 V ActivityManager: >>> EXECUTING unbind of ServiceRecord{36f8e5a u0 com.google.android.gms/.config.ConfigService} in app ProcessRecord{28382d 2236:com.google.process.gapps/u0a10}
04-20 20:12:23.682486   964  1844 V ActivityManager: >>> EXECUTING destroy of ServiceRecord{36f8e5a u0 com.google.android.gms/.config.ConfigService} in app ProcessRecord{28382d 2236:com.google.process.gapps/u0a10}
04-20 20:12:23.684260   964   987 V WindowManager: Looking for focus: 7 = Window{fa8f8e8 u0 StatusBar}, flags=-2122055608, canReceive=false
04-20 20:12:23.684542   964   987 V WindowManager: findFocusedWindow: Found new focus @ 3 = Window{b70b21b u0 com.mediatek.mtklogger/com.mediatek.mtklogger.LogFolderListActivity}
04-20 20:12:23.684860  2236  2236 D ActivityThread: SVC-UNBIND_SERVICE handled : 0 / BindServiceData{token=android.os.BinderProxy@a85bf48 intent=Intent { act=com.google.android.gms.config.START pkg=com.google.android.gms }}
04-20 20:12:23.685021   964  8871 D ActivityManager: SVC-Executing service done: ServiceRecord{36f8e5a u0 com.google.android.gms/.config.ConfigService}, type=0, startId=0, res=0
04-20 20:12:23.685210   964  8871 V ActivityManager: <<< DONE EXECUTING ServiceRecord{36f8e5a u0 com.google.android.gms/.config.ConfigService}: nesting=2, inDestroying=true, app=ProcessRecord{28382d 2236:com.google.process.gapps/u0a10}
04-20 20:12:23.685301   964   987 D WindowManager: notifyActivityDrawnForKeyguard: waiting=false Callers=com.android.server.wm.WindowManagerService.handleAppTransitionReadyLocked:10079 com.android.server.wm.WindowManagerService.performLayoutAndPlaceSurfacesLockedInner:10699 com.android.server.wm.WindowManagerService.performLayoutAndPlaceSurfacesLockedLoop:9443 com.android.server.wm.WindowManagerService.performLayoutAndPlaceSurfacesLocked:9390 com.android.server.wm.WindowManagerService.-wrap8:-1 
04-20 20:12:23.685600  2236  2236 D ActivityThread: SVC-Destroying service: com.google.android.gms.config.ConfigService@4ea91e1
04-20 20:12:23.687601  2236  2236 D ActivityThread: SVC-STOP_SERVICE handled : 0 / android.os.BinderProxy@a85bf48
04-20 20:12:23.688322   964   975 D ActivityManager: SVC-Executing service done: ServiceRecord{36f8e5a u0 com.google.android.gms/.config.ConfigService}, type=2, startId=0, res=0
04-20 20:12:23.688533   964   975 V ActivityManager: <<< DONE EXECUTING ServiceRecord{36f8e5a u0 com.google.android.gms/.config.ConfigService}: nesting=1, inDestroying=true, app=ProcessRecord{28382d 2236:com.google.process.gapps/u0a10}
04-20 20:12:23.759112   964  2089 V WindowManager: Looking for focus: 7 = Window{fa8f8e8 u0 StatusBar}, flags=-2122055608, canReceive=false
04-20 20:12:23.759507   964  2089 V WindowManager: findFocusedWindow: Found new focus @ 3 = Window{b70b21b u0 com.mediatek.mtklogger/com.mediatek.mtklogger.LogFolderListActivity}
04-20 20:12:23.769248   964  1747 D PowerManagerService: releaseWakeLockInternal: lock=193877478 [*launch*], flags=0x0, total_time=484ms
04-20 20:12:23.769629   964  1747 D PowerManagerNotifier: onWakeLockReleased: flags=1, tag="*launch*", packageName=android, ownerUid=1000, ownerPid=964, workSource=WorkSource{10056}
04-20 20:12:23.769952   964  1747 D PowerManagerService: updateWakeLockSummaryLocked: mWakefulness=Awake, mWakeLockSummary=0x0
04-20 20:12:23.770238   964  1747 D PowerManagerService: updateUserActivitySummaryLocked: mWakefulness=Awake, mUserActivitySummary=0x1, nextTimeout=34519903 (in 52357 ms)
04-20 20:12:23.770657   964  1747 D DisplayPowerController: requestPowerState: policy=BRIGHT, useProximitySensor=false, screenBrightness=102, screenAutoBrightnessAdjustment=0.0, brightnessSetByUser=true, useAutoBrightness=false, blockScreenOn=false, lowPowerMode=false, boostScreenBrightness=false, dozeScreenBrightness=-1, dozeScreenState=UNKNOWN, waitForNegativeProximity=false
04-20 20:12:23.770746   964  1747 I PowerManagerService: setBrightness mButtonLight 0.
04-20 20:12:23.770978   964  1747 D PowerManagerService: updateDisplayPowerStateLocked: mDisplayReady=true, policy=3, mWakefulness=1, mWakeLockSummary=0x0, mUserActivitySummary=0x1, mBootCompleted=true, mScreenBrightnessBoostInProgress=false
04-20 20:12:23.771142   964  1747 D PowerManagerService: Releasing suspend blocker "PowerManagerService.WakeLocks".
04-20 20:12:24.054633   964   987 D ActivityManager: ACT-windowsVisible(): ActivityRecord{2aac4ff u0 com.mediatek.mtklogger/.LogFolderListActivity t102}
04-20 20:12:24.054881   964   987 D ActivityManager: ACT-IDLE_NOW_MSG from windowsVisible() for idle: ActivityRecord{2aac4ff u0 com.mediatek.mtklogger/.LogFolderListActivity t102}
04-20 20:12:24.056831   964   987 V WindowManager: Looking for focus: 7 = Window{fa8f8e8 u0 StatusBar}, flags=-2122055608, canReceive=false
04-20 20:12:24.057040   964   987 V WindowManager: findFocusedWindow: Found new focus @ 3 = Window{b70b21b u0 com.mediatek.mtklogger/com.mediatek.mtklogger.LogFolderListActivity}
04-20 20:12:24.063729   964   982 V WindowManager: setAppVisibility(Token{b3cca64 ActivityRecord{6b55bf6 u0 com.mediatek.mtklogger/.MainActivity t102}}, visible=false): mNextAppTransition=TRANSIT_UNSET hidden=true hiddenRequested=true Callers=com.android.server.am.ActivityStack.stopActivityLocked:3202 com.android.server.am.ActivityStackSupervisor.activityIdleInternalLocked:2958 com.android.server.am.ActivityStackSupervisor$ActivityStackSupervisorHandler.activityIdleInternal:4477 com.android.server.am.ActivityStackSupervisor$ActivityStackSupervisorHandler.handleMessage:4500 android.os.Handler.dispatchMessage:111 android.os.Looper.loop:207 
04-20 20:12:24.066676 20174 20174 V ActivityThread: Finishing stop of ActivityRecord{2ebd066 token=android.os.BinderProxy@ccaffa7 {com.mediatek.mtklogger/com.mediatek.mtklogger.MainActivity}}: show=false win=com.android.internal.policy.PhoneWindow@783e634
04-20 20:12:24.071086 20174 20174 D ActivityThread: ACT-STOP_ACTIVITY_HIDE handled : 0 / android.os.BinderProxy@ccaffa7
04-20 20:12:24.420613   964  1663 V ActivityManager: Broadcast sticky: Intent { act=android.intent.action.SIG_STR flg=0x20000010 (has extras) } ordered=false userid=-1 callerApp=ProcessRecord{7b8ebd8 964:system/1000}
04-20 20:12:24.913126   964  1006 D PowerManagerService: userActivityFromNative
04-20 20:12:24.920634   964  1006 D PowerManagerService: userActivityNoUpdateLocked: eventTime=34468686, event=2, flags=0x0, uid=1000
04-20 20:12:24.920975   964  1006 D PowerManagerNotifier: onUserActivity: event=2, uid=1000
04-20 20:12:24.923179   964  1006 D PowerManagerService: updateUserActivitySummaryLocked: mWakefulness=Awake, mUserActivitySummary=0x1, nextTimeout=34521686 (in 52988 ms)
04-20 20:12:24.925559   964  1006 D DisplayPowerController: requestPowerState: policy=BRIGHT, useProximitySensor=false, screenBrightness=102, screenAutoBrightnessAdjustment=0.0, brightnessSetByUser=true, useAutoBrightness=false, blockScreenOn=false, lowPowerMode=false, boostScreenBrightness=false, dozeScreenBrightness=-1, dozeScreenState=UNKNOWN, waitForNegativeProximity=false
04-20 20:12:24.925704   964  1006 I PowerManagerService: setBrightness mButtonLight 0.
04-20 20:12:24.925980   964  1006 D PowerManagerService: updateDisplayPowerStateLocked: mDisplayReady=true, policy=3, mWakefulness=1, mWakeLockSummary=0x0, mUserActivitySummary=0x1, mBootCompleted=true, mScreenBrightnessBoostInProgress=false
04-20 20:12:25.293347   964   979 D WindowManager: addWindowToListInOrderLocked: win=Window{f04ebef u0 com.mediatek.mtklogger/com.mediatek.mtklogger.LogFolderListActivity} Callers=com.android.server.wm.WindowManagerService.addWindow:2771 com.android.server.wm.Session.addToDisplay:171 android.view.IWindowSession$Stub.onTransact:124 com.android.server.wm.Session.onTransact:133 
04-20 20:12:25.293668   964   979 V WindowManager: not Base app: Adding window Window{f04ebef u0 com.mediatek.mtklogger/com.mediatek.mtklogger.LogFolderListActivity} at 4 of 9
04-20 20:12:25.293900   964   979 V WindowManager: Looking for focus: 8 = Window{fa8f8e8 u0 StatusBar}, flags=-2122055608, canReceive=false
04-20 20:12:25.294090   964   979 V WindowManager: findFocusedWindow: Found new focus @ 4 = Window{f04ebef u0 com.mediatek.mtklogger/com.mediatek.mtklogger.LogFolderListActivity}
04-20 20:12:25.294701   964   979 V WindowManager: Changing focus from Window{b70b21b u0 com.mediatek.mtklogger/com.mediatek.mtklogger.LogFolderListActivity} to Window{f04ebef u0 com.mediatek.mtklogger/com.mediatek.mtklogger.LogFolderListActivity} Callers=com.android.server.wm.WindowManagerService.addWindow:2811 com.android.server.wm.Session.addToDisplay:171 android.view.IWindowSession$Stub.onTransact:124 com.android.server.wm.Session.onTransact:133 
04-20 20:12:25.295151   964   979 D WindowManager: Input focus has changed to Window{f04ebef u0 com.mediatek.mtklogger/com.mediatek.mtklogger.LogFolderListActivity}
04-20 20:12:25.296792   964   987 I WindowManager: Focus moving from Window{b70b21b u0 com.mediatek.mtklogger/com.mediatek.mtklogger.LogFolderListActivity} to Window{f04ebef u0 com.mediatek.mtklogger/com.mediatek.mtklogger.LogFolderListActivity}
04-20 20:12:25.296994   964   987 I WindowManager: Gaining focus: Window{f04ebef u0 com.mediatek.mtklogger/com.mediatek.mtklogger.LogFolderListActivity}
04-20 20:12:25.317242   964  1670 I WindowStateAnimator:   CREATE SURFACE Surface(name=com.mediatek.mtklogger/com.mediatek.mtklogger.LogFolderListActivity) IN SESSION android.view.SurfaceSession@396630d: pid=20174 format=-2 flags=0x4 / WindowStateAnimator{ed576fc com.mediatek.mtklogger/com.mediatek.mtklogger.LogFolderListActivity}
04-20 20:12:25.318082   964  1670 V WindowManager: Looking for focus: 8 = Window{fa8f8e8 u0 StatusBar}, flags=-2122055608, canReceive=false
04-20 20:12:25.318306   964  1670 V WindowManager: findFocusedWindow: Found new focus @ 4 = Window{f04ebef u0 com.mediatek.mtklogger/com.mediatek.mtklogger.LogFolderListActivity}
04-20 20:12:25.387700   964  1927 V WindowStateAnimator: finishDrawingLocked: mDrawState=COMMIT_DRAW_PENDING WindowStateAnimator{ed576fc com.mediatek.mtklogger/com.mediatek.mtklogger.LogFolderListActivity} in Surface(name=com.mediatek.mtklogger/com.mediatek.mtklogger.LogFolderListActivity)
04-20 20:12:25.388103   964  1844 D ActivityManager: SVC-Unbinding service: ServiceRecord{d780b5d u0 com.google.android.gms/.icing.service.LightweightIndexService}, app=ProcessRecord{28382d 2236:com.google.process.gapps/u0a10}
04-20 20:12:25.388476   964  1844 V ActivityManager: >>> EXECUTING unbind of ServiceRecord{d780b5d u0 com.google.android.gms/.icing.service.LightweightIndexService} in app ProcessRecord{28382d 2236:com.google.process.gapps/u0a10}
04-20 20:12:25.390235   964  1844 V ActivityManager: >>> EXECUTING destroy of ServiceRecord{d780b5d u0 com.google.android.gms/.icing.service.LightweightIndexService} in app ProcessRecord{28382d 2236:com.google.process.gapps/u0a10}
04-20 20:12:25.391852  2236  2236 D ActivityThread: SVC-UNBIND_SERVICE handled : 0 / BindServiceData{token=android.os.BinderProxy@c6ad624 intent=Intent { act=com.google.android.gms.icing.LIGHTWEIGHT_INDEX_SERVICE pkg=com.google.android.gms }}
04-20 20:12:25.391883   964  8871 D ActivityManager: SVC-Executing service done: ServiceRecord{d780b5d u0 com.google.android.gms/.icing.service.LightweightIndexService}, type=0, startId=0, res=0
04-20 20:12:25.392263  2236  2236 D ActivityThread: SVC-Destroying service: com.google.android.gms.icing.service.LightweightIndexService@a94558d
04-20 20:12:25.393790   964  8871 V ActivityManager: <<< DONE EXECUTING ServiceRecord{d780b5d u0 com.google.android.gms/.icing.service.LightweightIndexService}: nesting=2, inDestroying=true, app=ProcessRecord{28382d 2236:com.google.process.gapps/u0a10}
04-20 20:12:25.394833  2236  2236 D ActivityThread: SVC-STOP_SERVICE handled : 0 / android.os.BinderProxy@c6ad624
04-20 20:12:25.395073   964  8872 D ActivityManager: SVC-Executing service done: ServiceRecord{d780b5d u0 com.google.android.gms/.icing.service.LightweightIndexService}, type=2, startId=0, res=0
04-20 20:12:25.395276   964  8872 V ActivityManager: <<< DONE EXECUTING ServiceRecord{d780b5d u0 com.google.android.gms/.icing.service.LightweightIndexService}: nesting=1, inDestroying=true, app=ProcessRecord{28382d 2236:com.google.process.gapps/u0a10}
04-20 20:12:25.404538   964  2088 D ActivityManager: SVC-Unbinding service: ServiceRecord{4b8a488 u0 com.google.android.gms/.icing.service.IndexService}, app=ProcessRecord{b33576a 22343:com.google.android.gms/u0a10}
04-20 20:12:25.404921   964  2088 V ActivityManager: >>> EXECUTING unbind of ServiceRecord{4b8a488 u0 com.google.android.gms/.icing.service.IndexService} in app ProcessRecord{b33576a 22343:com.google.android.gms/u0a10}
04-20 20:12:25.416248   964  2088 V ActivityManager: >>> EXECUTING destroy of ServiceRecord{4b8a488 u0 com.google.android.gms/.icing.service.IndexService} in app ProcessRecord{b33576a 22343:com.google.android.gms/u0a10}
04-20 20:12:25.417591   964   987 I WindowManager: Losing delayed focus: Window{b70b21b u0 com.mediatek.mtklogger/com.mediatek.mtklogger.LogFolderListActivity}
04-20 20:12:25.419673 22343 22343 D ActivityThread: SVC-UNBIND_SERVICE handled : 0 / BindServiceData{token=android.os.BinderProxy@556948c intent=Intent { act=com.google.android.gms.icing.INDEX_SERVICE pkg=com.google.android.gms }}
04-20 20:12:25.420106 22343 22343 D ActivityThread: SVC-Destroying service: com.google.android.gms.icing.service.IndexService@76817d5
04-20 20:12:25.421088   964  2089 D ActivityManager: SVC-Executing service done: ServiceRecord{4b8a488 u0 com.google.android.gms/.icing.service.IndexService}, type=0, startId=0, res=0
04-20 20:12:25.421309   964  2089 V ActivityManager: <<< DONE EXECUTING ServiceRecord{4b8a488 u0 com.google.android.gms/.icing.service.IndexService}: nesting=2, inDestroying=true, app=ProcessRecord{b33576a 22343:com.google.android.gms/u0a10}
04-20 20:12:25.422830 22343 22343 D ActivityThread: SVC-STOP_SERVICE handled : 0 / android.os.BinderProxy@556948c
04-20 20:12:25.422977   964   976 D ActivityManager: SVC-Executing service done: ServiceRecord{4b8a488 u0 com.google.android.gms/.icing.service.IndexService}, type=2, startId=0, res=0
04-20 20:12:25.423145   964   976 V ActivityManager: <<< DONE EXECUTING ServiceRecord{4b8a488 u0 com.google.android.gms/.icing.service.IndexService}: nesting=1, inDestroying=true, app=ProcessRecord{b33576a 22343:com.google.android.gms/u0a10}
04-20 20:12:26.311540   964  1006 D PowerManagerService: userActivityFromNative
04-20 20:12:26.311940   964  1006 D PowerManagerService: userActivityNoUpdateLocked: eventTime=34470084, event=2, flags=0x0, uid=1000
04-20 20:12:26.312217   964  1006 D PowerManagerNotifier: onUserActivity: event=2, uid=1000
04-20 20:12:26.313779   964  1006 D PowerManagerService: updateUserActivitySummaryLocked: mWakefulness=Awake, mUserActivitySummary=0x1, nextTimeout=34523084 (in 52995 ms)
04-20 20:12:26.314405   964  1006 D DisplayPowerController: requestPowerState: policy=BRIGHT, useProximitySensor=false, screenBrightness=102, screenAutoBrightnessAdjustment=0.0, brightnessSetByUser=true, useAutoBrightness=false, blockScreenOn=false, lowPowerMode=false, boostScreenBrightness=false, dozeScreenBrightness=-1, dozeScreenState=UNKNOWN, waitForNegativeProximity=false
04-20 20:12:26.314556   964  1006 I PowerManagerService: setBrightness mButtonLight 0.
04-20 20:12:26.314860   964  1006 D PowerManagerService: updateDisplayPowerStateLocked: mDisplayReady=true, policy=3, mWakefulness=1, mWakeLockSummary=0x0, mUserActivitySummary=0x1, mBootCompleted=true, mScreenBrightnessBoostInProgress=false
